 bncs_cc02

 Timestamp is 56ddfefb (Mon Mar 07 22:21:47 2016)

 Preferred load address is 10000000

 Start         Length     Name                   Class
 0001:00000000 000058c4H .text                   CODE
 0001:000058c4 000004aaH .text$x                 CODE
 0002:00000000 00000790H .idata$5                DATA
 0002:00000790 00004174H .rdata                  DATA
 0002:00004908 00000598H .xdata$x                DATA
 0002:00004ea0 0000008cH .idata$2                DATA
 0002:00004f2c 00000014H .idata$3                DATA
 0002:00004f40 00000790H .idata$4                DATA
 0002:000056d0 0000440eH .idata$6                DATA
 0002:00009ae0 00000825H .edata                  DATA
 0003:00000000 00000004H .CRT$XCA                DATA
 0003:00000004 0000000cH .CRT$XCU                DATA
 0003:00000010 00000004H .CRT$XCZ                DATA
 0003:00000014 00000004H .CRT$XIA                DATA
 0003:00000018 00000004H .CRT$XIZ                DATA
 0003:00000020 000ec830H .data                   DATA
 0003:000ec850 000000c0H .bss                    DATA
 0004:00000000 00000058H .rsrc$01                DATA
 0004:00000060 00000498H .rsrc$02                DATA

  Address         Publics by Value              Rva+Base     Lib:Object

 0001:00000000       ??0bncs_cc02_editImpl@@QAE@PAVQWidget@@PBD_NI@Z 10001000 f   bncs_cc02_editimpl.obj
 0001:0000005e       ?metaObject@bncs_cc02_editImpl@@UBEPAVQMetaObject@@XZ 1000105e f i bncs_cc02_editimpl.obj
 0001:00000063       ??_Ebncs_cc02_editImpl@@UAEPAXI@Z 10001063 f i bncs_cc02_editimpl.obj
 0001:00000063       ??_Gbncs_cc02_editImpl@@UAEPAXI@Z 10001063 f i bncs_cc02_editimpl.obj
 0001:0000007f       ??1bncs_cc02_editImpl@@UAE@XZ 1000107f f   bncs_cc02_editimpl.obj
 0001:00000091       ?doHelp@bncs_cc02_editImpl@@AAEXXZ 10001091 f   bncs_cc02_editimpl.obj
 0001:0000024c       ??_Ebncs_cc02_editImpl@@WCI@AEPAXI@Z 1000124c f i bncs_cc02_editimpl.obj
 0001:00000254       ?metaObject@bncs_cc02_qt@@UBEPAVQMetaObject@@XZ 10001254 f i bncs_cc02_qt.obj
 0001:00000259       ?qObject@bncs_cc02_qt@@QAEPAVQObject@@XZ 10001259 f i bncs_cc02_qt.obj
 0001:0000025c       ??0bncs_cc02_qt@@QAE@ABV0@@Z 1000125c f i bncs_cc02_qt.obj
 0001:000002d8       ??4bncs_cc02_qt@@QAEAAV0@ABV0@@Z 100012d8 f i bncs_cc02_qt.obj
 0001:00000328       ??_Fbncs_cc02_qt@@QAEXXZ   10001328 f i bncs_cc02_qt.obj
 0001:00000332       ??_Ebncs_cc02_qt@@UAEPAXI@Z 10001332 f i bncs_cc02_qt.obj
 0001:00000380       ??0signalConnection@@QAE@ABVQString@@0000@Z 10001380 f i bncs_cc02_qt.obj
 0001:00000412       ??0signalConnection@@QAE@ABV0@@Z 10001412 f i bncs_cc02_qt.obj
 0001:00000478       ??4signalConnection@@QAEAAV0@ABV0@@Z 10001478 f i bncs_cc02_qt.obj
 0001:000004b6       ??1signalConnection@@QAE@XZ 100014b6 f i bncs_cc02_qt.obj
 0001:00000517       ??0signalConnectionRefList@@QAE@XZ 10001517 f i bncs_cc02_qt.obj
 0001:0000052a       ??0signalConnectionRefList@@QAE@ABV0@@Z 1000152a f i bncs_cc02_qt.obj
 0001:00000543       ??1signalConnectionRefList@@UAE@XZ 10001543 f i bncs_cc02_qt.obj
 0001:00000592       ??4signalConnectionRefList@@QAEAAV0@ABV0@@Z 10001592 f i bncs_cc02_qt.obj
 0001:0000059f       ??_EsignalConnectionRefList@@UAEPAXI@Z 1000159f f i bncs_cc02_qt.obj
 0001:000005ea       ??0signalConnectionRefListIt@@QAE@ABVsignalConnectionRefList@@@Z 100015ea f i bncs_cc02_qt.obj
 0001:000005fd       ??4signalConnectionRefListIt@@QAEAAV0@ABV0@@Z 100015fd f i bncs_cc02_qt.obj
 0001:00000610       ??0signalConnectionRefListIt@@QAE@ABV0@@Z 10001610 f i bncs_cc02_qt.obj
 0001:00000623       ??1signalConnectionRefListIt@@QAE@XZ 10001623 f i bncs_cc02_qt.obj
 0001:00000629       ??0bncs_cc02_qt@@QAE@PAVQWidget@@PBD@Z 10001629 f   bncs_cc02_qt.obj
 0001:00000709       ??_GQPixmap@@UAEPAXI@Z     10001709 f i bncs_cc02_qt.obj
 0001:00000709       ??_EQPixmap@@UAEPAXI@Z     10001709 f i bncs_cc02_qt.obj
 0001:00000726       ??1bncs_cc02_qt@@UAE@XZ    10001726 f   bncs_cc02_qt.obj
 0001:00000789       ?paintEvent@bncs_cc02_qt@@MAEXPAVQPaintEvent@@@Z 10001789 f   bncs_cc02_qt.obj
 0001:00000801       ?resizeEvent@bncs_cc02_qt@@MAEXPAVQResizeEvent@@@Z 10001801 f   bncs_cc02_qt.obj
 0001:0000081e       ?setCaption@bncs_cc02_qt@@UAEXABVQString@@@Z 1000181e f   bncs_cc02_qt.obj
 0001:000009ca       ?edit@bncs_cc02_qt@@QAEXPA_N0@Z 100019ca f   bncs_cc02_qt.obj
 0001:00000d53       ?defaultvalues@bncs_cc02_qt@@AAEXXZ 10001d53 f   bncs_cc02_qt.obj
 0001:00000d90       ?setTextBlock@bncs_cc02_qt@@AAEXHPBD@Z 10001d90 f   bncs_cc02_qt.obj
 0001:00000dd5       ??1?$QPtrList@VsignalConnection@@@@UAE@XZ 10001dd5 f i bncs_cc02_qt.obj
 0001:00000e0f       ?count@?$QPtrList@VsignalConnection@@@@UBEIXZ 10001e0f f i bncs_cc02_qt.obj
 0001:00000e13       ?clear@?$QPtrList@VsignalConnection@@@@UAEXXZ 10001e13 f i bncs_cc02_qt.obj
 0001:00000e19       ??_E?$QPtrList@VsignalConnection@@@@UAEPAXI@Z 10001e19 f i bncs_cc02_qt.obj
 0001:00000e19       ??_G?$QPtrList@VsignalConnection@@@@UAEPAXI@Z 10001e19 f i bncs_cc02_qt.obj
 0001:00000e35       ?deleteItem@?$QPtrList@VsignalConnection@@@@EAEXPAX@Z 10001e35 f i bncs_cc02_qt.obj
 0001:00000e56       ??_Ebncs_cc02_qt@@WCI@AEPAXI@Z 10001e56 f i bncs_cc02_qt.obj
 0001:00000e5e       ?keys@BNCSWidgetPlugin@@UBE?AVQStringList@@XZ 10001e5e f   plugin.obj
 0001:00000edb       ?create@BNCSWidgetPlugin@@UAEPAVQWidget@@ABVQString@@PAV2@PBD@Z 10001edb f   plugin.obj
 0001:00000f2f       ?group@BNCSWidgetPlugin@@UBE?AVQString@@ABV2@@Z 10001f2f f   plugin.obj
 0001:00000f71       ?iconSet@BNCSWidgetPlugin@@UBE?AVQIconSet@@ABVQString@@@Z 10001f71 f   plugin.obj
 0001:00000fdd       ?includeFile@BNCSWidgetPlugin@@UBE?AVQString@@ABV2@@Z 10001fdd f   plugin.obj
 0001:0000101f       ?toolTip@BNCSWidgetPlugin@@UBE?AVQString@@ABV2@@Z 1000201f f   plugin.obj
 0001:00001061       ?whatsThis@BNCSWidgetPlugin@@UBE?AVQString@@ABV2@@Z 10002061 f   plugin.obj
 0001:000010a3       ?isContainer@BNCSWidgetPlugin@@UBE_NABVQString@@@Z 100020a3 f   plugin.obj
 0001:000010a8       _qt_ucm_query_verification_data 100020a8 f   plugin.obj
 0001:000010ae       _ucm_instantiate           100020ae f   plugin.obj
 0001:000010d9       ??_EBNCSWidgetPlugin@@UAEPAXI@Z 100020d9 f i plugin.obj
 0001:000010d9       ??_GBNCSWidgetPlugin@@UAEPAXI@Z 100020d9 f i plugin.obj
 0001:000010f5       ??1BNCSWidgetPlugin@@UAE@XZ 100020f5 f i plugin.obj
 0001:000010fb       ?derefAndDelete@?$QValueListPrivate@VQString@@@@QAEXXZ 100020fb f i plugin.obj
 0001:0000110b       ??0bncs_cc02_edit@@QAE@PAVQWidget@@PBD_NI@Z 1000210b f   bncs_cc02_edit.obj
 0001:00001a01       ?metaObject@bncs_cc02_edit@@UBEPAVQMetaObject@@XZ 10002a01 f i bncs_cc02_edit.obj
 0001:00001a06       ??_GQSpacerItem@@UAEPAXI@Z 10002a06 f i bncs_cc02_edit.obj
 0001:00001a06       ??_EQSpacerItem@@UAEPAXI@Z 10002a06 f i bncs_cc02_edit.obj
 0001:00001a23       ??_Ebncs_cc02_edit@@UAEPAXI@Z 10002a23 f i bncs_cc02_edit.obj
 0001:00001a23       ??_Gbncs_cc02_edit@@UAEPAXI@Z 10002a23 f i bncs_cc02_edit.obj
 0001:00001a3f       ??_GQVBoxLayout@@UAEPAXI@Z 10002a3f f i bncs_cc02_edit.obj
 0001:00001a3f       ??_EQVBoxLayout@@UAEPAXI@Z 10002a3f f i bncs_cc02_edit.obj
 0001:00001a5c       ??_EQHBoxLayout@@UAEPAXI@Z 10002a5c f i bncs_cc02_edit.obj
 0001:00001a5c       ??_GQHBoxLayout@@UAEPAXI@Z 10002a5c f i bncs_cc02_edit.obj
 0001:00001a79       ??_GQLabel@@UAEPAXI@Z      10002a79 f i bncs_cc02_edit.obj
 0001:00001a79       ??_EQLabel@@UAEPAXI@Z      10002a79 f i bncs_cc02_edit.obj
 0001:00001a96       ??_EQLineEdit@@UAEPAXI@Z   10002a96 f i bncs_cc02_edit.obj
 0001:00001a96       ??_GQLineEdit@@UAEPAXI@Z   10002a96 f i bncs_cc02_edit.obj
 0001:00001ab3       ??_EQFrame@@UAEPAXI@Z      10002ab3 f i bncs_cc02_edit.obj
 0001:00001ab3       ??_GQFrame@@UAEPAXI@Z      10002ab3 f i bncs_cc02_edit.obj
 0001:00001ad0       ??_EQPushButton@@UAEPAXI@Z 10002ad0 f i bncs_cc02_edit.obj
 0001:00001ad0       ??_GQPushButton@@UAEPAXI@Z 10002ad0 f i bncs_cc02_edit.obj
 0001:00001aed       ??1bncs_cc02_edit@@UAE@XZ  10002aed f   bncs_cc02_edit.obj
 0001:00001b34       ?languageChange@bncs_cc02_edit@@MAEXXZ 10002b34 f   bncs_cc02_edit.obj
 0001:00001d08       ??_EQPushButton@@WCI@AEPAXI@Z 10002d08 f i bncs_cc02_edit.obj
 0001:00001d10       ??_EQVBoxLayout@@WCI@AEPAXI@Z 10002d10 f i bncs_cc02_edit.obj
 0001:00001d18       ??_EQHBoxLayout@@WCI@AEPAXI@Z 10002d18 f i bncs_cc02_edit.obj
 0001:00001d20       ??_EQLabel@@WCI@AEPAXI@Z   10002d20 f i bncs_cc02_edit.obj
 0001:00001d28       ??_EQLineEdit@@WCI@AEPAXI@Z 10002d28 f i bncs_cc02_edit.obj
 0001:00001d30       ??_EQFrame@@WCI@AEPAXI@Z   10002d30 f i bncs_cc02_edit.obj
 0001:00001d38       ??_Ebncs_cc02_edit@@WCI@AEPAXI@Z 10002d38 f i bncs_cc02_edit.obj
 0001:00001d40       ?className@bncs_cc02_edit@@UBEPBDXZ 10002d40 f   moc_bncs_cc02_edit.obj
 0001:00001d7d       ?tr@bncs_cc02_edit@@SA?AVQString@@PBD0@Z 10002d7d f   moc_bncs_cc02_edit.obj
 0001:00001dbe       ?staticMetaObject@bncs_cc02_edit@@SAPAVQMetaObject@@XZ 10002dbe f   moc_bncs_cc02_edit.obj
 0001:00001e0a       ?qt_cast@bncs_cc02_edit@@UAEPAXPBD@Z 10002e0a f   moc_bncs_cc02_edit.obj
 0001:00001e46       ?qt_invoke@bncs_cc02_edit@@UAE_NHPAUQUObject@@@Z 10002e46 f   moc_bncs_cc02_edit.obj
 0001:00001e79       ?qt_emit@bncs_cc02_edit@@UAE_NHPAUQUObject@@@Z 10002e79 f   moc_bncs_cc02_edit.obj
 0001:00001e8a       ?qt_property@bncs_cc02_edit@@UAE_NHHPAVQVariant@@@Z 10002e8a f   moc_bncs_cc02_edit.obj
 0001:00001e9f       ?className@bncs_cc02_editImpl@@UBEPBDXZ 10002e9f f   moc_bncs_cc02_editimpl.obj
 0001:00001edc       ?staticMetaObject@bncs_cc02_editImpl@@SAPAVQMetaObject@@XZ 10002edc f   moc_bncs_cc02_editimpl.obj
 0001:00001f27       ?qt_cast@bncs_cc02_editImpl@@UAEPAXPBD@Z 10002f27 f   moc_bncs_cc02_editimpl.obj
 0001:00001f62       ?qt_invoke@bncs_cc02_editImpl@@UAE_NHPAUQUObject@@@Z 10002f62 f   moc_bncs_cc02_editimpl.obj
 0001:00001f91       ?qt_emit@bncs_cc02_editImpl@@UAE_NHPAUQUObject@@@Z 10002f91 f   moc_bncs_cc02_editimpl.obj
 0001:00001fa1       ?qt_property@bncs_cc02_editImpl@@UAE_NHHPAVQVariant@@@Z 10002fa1 f   moc_bncs_cc02_editimpl.obj
 0001:00001fb5       ?className@bncs_cc02_qt@@UBEPBDXZ 10002fb5 f   moc_bncs_cc02_qt.obj
 0001:00001ff2       ?tr@bncs_cc02_qt@@SA?AVQString@@PBD0@Z 10002ff2 f   moc_bncs_cc02_qt.obj
 0001:00002033       ?trUtf8@bncs_cc02_qt@@SA?AVQString@@PBD0@Z 10003033 f   moc_bncs_cc02_qt.obj
 0001:00002074       ?staticMetaObject@bncs_cc02_qt@@SAPAVQMetaObject@@XZ 10003074 f   moc_bncs_cc02_qt.obj
 0001:0000213f       ?qt_cast@bncs_cc02_qt@@UAEPAXPBD@Z 1000313f f   moc_bncs_cc02_qt.obj
 0001:0000217b       ?notify@bncs_cc02_qt@@IAEXAAVQString@@@Z 1000317b f   moc_bncs_cc02_qt.obj
 0001:0000221c       ?qt_invoke@bncs_cc02_qt@@UAE_NHPAUQUObject@@@Z 1000321c f   moc_bncs_cc02_qt.obj
 0001:00002256       ?qt_emit@bncs_cc02_qt@@UAE_NHPAUQUObject@@@Z 10003256 f   moc_bncs_cc02_qt.obj
 0001:0000228d       ?qt_property@bncs_cc02_qt@@UAE_NHHPAVQVariant@@@Z 1000328d f   moc_bncs_cc02_qt.obj
 0001:000022a2       ?qt_static_property@bncs_cc02_qt@@SA_NPAVQObject@@HHPAVQVariant@@@Z 100032a2 f   moc_bncs_cc02_qt.obj
 0001:000022a5       _DllMain@12                100032a5 f   BNCS_CC02.obj
 0001:000022ee       ?Initialise@@YAHPAUHINSTANCE__@@@Z 100032ee f   BNCS_CC02.obj
 0001:0000238c       ?Shutdown@@YAXPAX@Z        1000338c f   BNCS_CC02.obj
 0001:0000239e       _BBC_CC_WndFn@16           1000339e f   BNCS_CC02.obj
 0001:000023ed       _CCcomps_Message@16        100033ed f   CC_COMPS.OBJ
 0001:000028aa       _CCcomps_DrawAll           100038aa f   CC_COMPS.OBJ
 0001:0000299a       _CCcomps_DrawBackground    1000399a f   CC_COMPS.OBJ
 0001:00002a05       _CCcomps_DrawClock         10003a05 f   CC_COMPS.OBJ
 0001:00002fea       _CCcomps_DrawHand          10003fea f   CC_COMPS.OBJ
 0001:0000321c       _CCcomps_SetPreset         1000421c f   CC_COMPS.OBJ
 0001:00003356       _CCcomps_DrawPreset        10004356 f   CC_COMPS.OBJ
 0001:000034cb       _CCcomps_DrawTitle         100044cb f   CC_COMPS.OBJ
 0001:000036a9       _CCcomps_DrawText          100046a9 f   CC_COMPS.OBJ
 0001:0000374e       _CCcomps_LabelSave         1000474e f   CC_COMPS.OBJ
 0001:00003791       _CCcomps_LabelLoad         10004791 f   CC_COMPS.OBJ
 0001:000037d4       _CSSufu_DecodeEscapeSeq    100047d4 f   CC_SUFU.OBJ
 0001:00003935       _CCSufu_GetColourRef       10004935 f   Cc_sufu_common.obj
 0001:000039e7       _CCSufu_SetTextColour      100049e7 f   Cc_sufu_common.obj
 0001:00003ab2       _CCSufu_SetBkColour        10004ab2 f   Cc_sufu_common.obj
 0001:00003b7d       _CSSufu_ESValid            10004b7d f   Cc_sufu_common.obj
 0001:00003ba5       _CCvtclk_Message@16        10004ba5 f   CC_VTCLK.OBJ
 0001:00003f0d       _CCvtclk_DrawAll           10004f0d f   CC_VTCLK.OBJ
 0001:00003ff0       _CCvtclk_DrawBackground    10004ff0 f   CC_VTCLK.OBJ
 0001:0000405b       _CCvtclk_DrawClock         1000505b f   CC_VTCLK.OBJ
 0001:00004532       _CCvtclk_DrawHand          10005532 f   CC_VTCLK.OBJ
 0001:0000474a       _CCvtclk_DrawTitle         1000574a f   CC_VTCLK.OBJ
 0001:00004a0d       _CCvtclk_DrawText          10005a0d f   CC_VTCLK.OBJ
 0001:00004ab4       _CCcomps_PaintText         10005ab4 f   CC_VTCLK.OBJ
 0001:00004ab4       _CCvtclk_PaintText         10005ab4 f   CC_VTCLK.OBJ
 0001:00004b35       _CCvtclk_LabelSave         10005b35 f   CC_VTCLK.OBJ
 0001:00004b78       _CCvtclk_LabelLoad         10005b78 f   CC_VTCLK.OBJ
 0001:00004bbb       _HtmlHelpA@16              10005bbb f   htmlhelp:init.obj
 0001:00004cb4       ?isDesignTime@dCW@@SA_NXZ  10005cb4 f   dcw:dcw.dll
 0001:00004cc0       ??0decodeCaptionString@@QAE@PBD@Z 10005cc0 f   decodecaptionstring:decodecaptionstring.obj
 0001:00004df0       ??1decodeCaptionString@@QAE@XZ 10005df0 f   decodecaptionstring:decodecaptionstring.obj
 0001:00004e10       ?fontInf@QPaintDevice@@MBEHPAVQFont@@H@Z 10005e10 f   qt-mt323:qt-mt323.dll
 0001:00004e16       ?fontMet@QPaintDevice@@MBEHPAVQFont@@HPBDH@Z 10005e16 f   qt-mt323:qt-mt323.dll
 0001:00004e1c       ?metric@QWidget@@MBEHH@Z   10005e1c f   qt-mt323:qt-mt323.dll
 0001:00004e22       ?cmd@QPaintDevice@@MAE_NHPAVQPainter@@PATQPDevCmdParam@@@Z 10005e22 f   qt-mt323:qt-mt323.dll
 0001:00004e28       ?handle@QPaintDevice@@UBEPAUHDC__@@XZ 10005e28 f   qt-mt323:qt-mt323.dll
 0001:00004e2e       ?resolution@QPaintDevice@@UBEHXZ 10005e2e f   qt-mt323:qt-mt323.dll
 0001:00004e34       ?setResolution@QPaintDevice@@UAEXH@Z 10005e34 f   qt-mt323:qt-mt323.dll
 0001:00004e3a       ?reject@QDialog@@MAEXXZ    10005e3a f   qt-mt323:qt-mt323.dll
 0001:00004e40       ?accept@QDialog@@MAEXXZ    10005e40 f   qt-mt323:qt-mt323.dll
 0001:00004e46       ?done@QDialog@@MAEXH@Z     10005e46 f   qt-mt323:qt-mt323.dll
 0001:00004e4c       ?setMicroFocusHint@QWidget@@MAEXHHHH_NPAVQFont@@@Z 10005e4c f   qt-mt323:qt-mt323.dll
 0001:00004e52       ?setKeyCompression@QWidget@@MAEX_N@Z 10005e52 f   qt-mt323:qt-mt323.dll
 0001:00004e58       ?focusNextPrevChild@QWidget@@MAE_N_N@Z 10005e58 f   qt-mt323:qt-mt323.dll
 0001:00004e5e       ?setWFlags@QWidget@@MAEXI@Z 10005e5e f   qt-mt323:qt-mt323.dll
 0001:00004e64       ?setWState@QWidget@@MAEXI@Z 10005e64 f   qt-mt323:qt-mt323.dll
 0001:00004e6a       ?destroy@QWidget@@MAEX_N0@Z 10005e6a f   qt-mt323:qt-mt323.dll
 0001:00004e70       ?create@QWidget@@MAEXPAUHWND__@@_N1@Z 10005e70 f   qt-mt323:qt-mt323.dll
 0001:00004e76       ?windowActivationChange@QWidget@@MAEX_N@Z 10005e76 f   qt-mt323:qt-mt323.dll
 0001:00004e7c       ?fontChange@QWidget@@MAEXABVQFont@@@Z 10005e7c f   qt-mt323:qt-mt323.dll
 0001:00004e82       ?paletteChange@QWidget@@MAEXABVQPalette@@@Z 10005e82 f   qt-mt323:qt-mt323.dll
 0001:00004e88       ?enabledChange@QWidget@@MAEX_N@Z 10005e88 f   qt-mt323:qt-mt323.dll
 0001:00004e8e       ?styleChange@QWidget@@MAEXAAVQStyle@@@Z 10005e8e f   qt-mt323:qt-mt323.dll
 0001:00004e94       ?updateMask@QWidget@@MAEXXZ 10005e94 f   qt-mt323:qt-mt323.dll
 0001:00004e9a       ?winEvent@QWidget@@MAE_NPAUtagMSG@@@Z 10005e9a f   qt-mt323:qt-mt323.dll
 0001:00004ea0       ?hideEvent@QWidget@@MAEXPAVQHideEvent@@@Z 10005ea0 f   qt-mt323:qt-mt323.dll
 0001:00004ea6       ?showEvent@QWidget@@MAEXPAVQShowEvent@@@Z 10005ea6 f   qt-mt323:qt-mt323.dll
 0001:00004eac       ?dropEvent@QWidget@@MAEXPAVQDropEvent@@@Z 10005eac f   qt-mt323:qt-mt323.dll
 0001:00004eb2       ?dragLeaveEvent@QWidget@@MAEXPAVQDragLeaveEvent@@@Z 10005eb2 f   qt-mt323:qt-mt323.dll
 0001:00004eb8       ?dragMoveEvent@QWidget@@MAEXPAVQDragMoveEvent@@@Z 10005eb8 f   qt-mt323:qt-mt323.dll
 0001:00004ebe       ?dragEnterEvent@QWidget@@MAEXPAVQDragEnterEvent@@@Z 10005ebe f   qt-mt323:qt-mt323.dll
 0001:00004ec4       ?tabletEvent@QWidget@@MAEXPAVQTabletEvent@@@Z 10005ec4 f   qt-mt323:qt-mt323.dll
 0001:00004eca       ?imEndEvent@QWidget@@MAEXPAVQIMEvent@@@Z 10005eca f   qt-mt323:qt-mt323.dll
 0001:00004ed0       ?imComposeEvent@QWidget@@MAEXPAVQIMEvent@@@Z 10005ed0 f   qt-mt323:qt-mt323.dll
 0001:00004ed6       ?imStartEvent@QWidget@@MAEXPAVQIMEvent@@@Z 10005ed6 f   qt-mt323:qt-mt323.dll
 0001:00004edc       ?contextMenuEvent@QDialog@@MAEXPAVQContextMenuEvent@@@Z 10005edc f   qt-mt323:qt-mt323.dll
 0001:00004ee2       ?closeEvent@QDialog@@MAEXPAVQCloseEvent@@@Z 10005ee2 f   qt-mt323:qt-mt323.dll
 0001:00004ee8       ?resizeEvent@QDialog@@MAEXPAVQResizeEvent@@@Z 10005ee8 f   qt-mt323:qt-mt323.dll
 0001:00004eee       ?moveEvent@QWidget@@MAEXPAVQMoveEvent@@@Z 10005eee f   qt-mt323:qt-mt323.dll
 0001:00004ef4       ?paintEvent@QWidget@@MAEXPAVQPaintEvent@@@Z 10005ef4 f   qt-mt323:qt-mt323.dll
 0001:00004efa       ?leaveEvent@QWidget@@MAEXPAVQEvent@@@Z 10005efa f   qt-mt323:qt-mt323.dll
 0001:00004f00       ?enterEvent@QWidget@@MAEXPAVQEvent@@@Z 10005f00 f   qt-mt323:qt-mt323.dll
 0001:00004f06       ?focusOutEvent@QWidget@@MAEXPAVQFocusEvent@@@Z 10005f06 f   qt-mt323:qt-mt323.dll
 0001:00004f0c       ?focusInEvent@QWidget@@MAEXPAVQFocusEvent@@@Z 10005f0c f   qt-mt323:qt-mt323.dll
 0001:00004f12       ?keyReleaseEvent@QWidget@@MAEXPAVQKeyEvent@@@Z 10005f12 f   qt-mt323:qt-mt323.dll
 0001:00004f18       ?keyPressEvent@QDialog@@MAEXPAVQKeyEvent@@@Z 10005f18 f   qt-mt323:qt-mt323.dll
 0001:00004f1e       ?wheelEvent@QWidget@@MAEXPAVQWheelEvent@@@Z 10005f1e f   qt-mt323:qt-mt323.dll
 0001:00004f24       ?mouseMoveEvent@QWidget@@MAEXPAVQMouseEvent@@@Z 10005f24 f   qt-mt323:qt-mt323.dll
 0001:00004f2a       ?mouseDoubleClickEvent@QWidget@@MAEXPAVQMouseEvent@@@Z 10005f2a f   qt-mt323:qt-mt323.dll
 0001:00004f30       ?mouseReleaseEvent@QWidget@@MAEXPAVQMouseEvent@@@Z 10005f30 f   qt-mt323:qt-mt323.dll
 0001:00004f36       ?mousePressEvent@QWidget@@MAEXPAVQMouseEvent@@@Z 10005f36 f   qt-mt323:qt-mt323.dll
 0001:00004f3c       ?customWhatsThis@QWidget@@UBE_NXZ 10005f3c f   qt-mt323:qt-mt323.dll
 0001:00004f42       ?setBackgroundOrigin@QWidget@@UAEXW4BackgroundOrigin@1@@Z 10005f42 f   qt-mt323:qt-mt323.dll
 0001:00004f48       ?setAutoMask@QWidget@@UAEX_N@Z 10005f48 f   qt-mt323:qt-mt323.dll
 0001:00004f4e       ?setAcceptDrops@QWidget@@UAEX_N@Z 10005f4e f   qt-mt323:qt-mt323.dll
 0001:00004f54       ?reparent@QWidget@@UAEXPAV1@IABVQPoint@@_N@Z 10005f54 f   qt-mt323:qt-mt323.dll
 0001:00004f5a       ?adjustSize@QWidget@@UAEXXZ 10005f5a f   qt-mt323:qt-mt323.dll
 0001:00004f60       ?heightForWidth@QWidget@@UBEHH@Z 10005f60 f   qt-mt323:qt-mt323.dll
 0001:00004f66       ?setSizePolicy@QWidget@@UAEXVQSizePolicy@@@Z 10005f66 f   qt-mt323:qt-mt323.dll
 0001:00004f6c       ?sizePolicy@QWidget@@UBE?AVQSizePolicy@@XZ 10005f6c f   qt-mt323:qt-mt323.dll
 0001:00004f72       ?minimumSizeHint@QDialog@@UBE?AVQSize@@XZ 10005f72 f   qt-mt323:qt-mt323.dll
 0001:00004f78       ?sizeHint@QDialog@@UBE?AVQSize@@XZ 10005f78 f   qt-mt323:qt-mt323.dll
 0001:00004f7e       ?setGeometry@QDialog@@UAEXHHHH@Z 10005f7e f   qt-mt323:qt-mt323.dll
 0001:00004f84       ?setGeometry@QDialog@@UAEXABVQRect@@@Z 10005f84 f   qt-mt323:qt-mt323.dll
 0001:00004f8a       ?resize@QDialog@@UAEXHH@Z  10005f8a f   qt-mt323:qt-mt323.dll
 0001:00004f90       ?move@QDialog@@UAEXHH@Z    10005f90 f   qt-mt323:qt-mt323.dll
 0001:00004f96       ?close@QWidget@@UAE_N_N@Z  10005f96 f   qt-mt323:qt-mt323.dll
 0001:00004f9c       ?polish@QWidget@@UAEXXZ    10005f9c f   qt-mt323:qt-mt323.dll
 0001:00004fa2       ?showNormal@QWidget@@UAEXXZ 10005fa2 f   qt-mt323:qt-mt323.dll
 0001:00004fa8       ?showMaximized@QWidget@@UAEXXZ 10005fa8 f   qt-mt323:qt-mt323.dll
 0001:00004fae       ?showMinimized@QWidget@@UAEXXZ 10005fae f   qt-mt323:qt-mt323.dll
 0001:00004fb4       ?hide@QDialog@@UAEXXZ      10005fb4 f   qt-mt323:qt-mt323.dll
 0001:00004fba       ?show@QDialog@@UAEXXZ      10005fba f   qt-mt323:qt-mt323.dll
 0001:00004fc0       ?setUpdatesEnabled@QWidget@@UAEX_N@Z 10005fc0 f   qt-mt323:qt-mt323.dll
 0001:00004fc6       ?setFocusProxy@QWidget@@UAEXPAV1@@Z 10005fc6 f   qt-mt323:qt-mt323.dll
 0001:00004fcc       ?setFocusPolicy@QWidget@@UAEXW4FocusPolicy@1@@Z 10005fcc f   qt-mt323:qt-mt323.dll
 0001:00004fd2       ?setActiveWindow@QWidget@@UAEXXZ 10005fd2 f   qt-mt323:qt-mt323.dll
 0001:00004fd8       ?setFocus@QWidget@@UAEXXZ  10005fd8 f   qt-mt323:qt-mt323.dll
 0001:00004fde       ?setMouseTracking@QWidget@@UAEX_N@Z 10005fde f   qt-mt323:qt-mt323.dll
 0001:00004fe4       ?setIconText@QWidget@@UAEXABVQString@@@Z 10005fe4 f   qt-mt323:qt-mt323.dll
 0001:00004fea       ?setIcon@QWidget@@UAEXABVQPixmap@@@Z 10005fea f   qt-mt323:qt-mt323.dll
 0001:00004ff0       ?setCaption@QWidget@@UAEXABVQString@@@Z 10005ff0 f   qt-mt323:qt-mt323.dll
 0001:00004ff6       ?setBackgroundPixmap@QWidget@@UAEXABVQPixmap@@@Z 10005ff6 f   qt-mt323:qt-mt323.dll
 0001:00004ffc       ?setBackgroundColor@QWidget@@UAEXABVQColor@@@Z 10005ffc f   qt-mt323:qt-mt323.dll
 0001:00005002       ?setMask@QWidget@@UAEXABVQBitmap@@@Z 10006002 f   qt-mt323:qt-mt323.dll
 0001:00005008       ?setMask@QWidget@@UAEXABVQRegion@@@Z 10006008 f   qt-mt323:qt-mt323.dll
 0001:0000500e       ?unsetCursor@QWidget@@UAEXXZ 1000600e f   qt-mt323:qt-mt323.dll
 0001:00005014       ?setCursor@QWidget@@UAEXABVQCursor@@@Z 10006014 f   qt-mt323:qt-mt323.dll
 0001:0000501a       ?setFont@QWidget@@UAEXABVQFont@@@Z 1000601a f   qt-mt323:qt-mt323.dll
 0001:00005020       ?setPaletteBackgroundPixmap@QWidget@@UAEXABVQPixmap@@@Z 10006020 f   qt-mt323:qt-mt323.dll
 0001:00005026       ?setPaletteBackgroundColor@QWidget@@UAEXABVQColor@@@Z 10006026 f   qt-mt323:qt-mt323.dll
 0001:0000502c       ?setPalette@QWidget@@UAEXABVQPalette@@@Z 1000602c f   qt-mt323:qt-mt323.dll
 0001:00005032       ?setErasePixmap@QWidget@@UAEXABVQPixmap@@@Z 10006032 f   qt-mt323:qt-mt323.dll
 0001:00005038       ?setEraseColor@QWidget@@UAEXABVQColor@@@Z 10006038 f   qt-mt323:qt-mt323.dll
 0001:0000503e       ?setBackgroundMode@QWidget@@UAEXW4BackgroundMode@Qt@@@Z 1000603e f   qt-mt323:qt-mt323.dll
 0001:00005044       ?setSizeIncrement@QWidget@@UAEXHH@Z 10006044 f   qt-mt323:qt-mt323.dll
 0001:0000504a       ?setMaximumSize@QWidget@@UAEXHH@Z 1000604a f   qt-mt323:qt-mt323.dll
 0001:00005050       ?setMinimumSize@QWidget@@UAEXHH@Z 10006050 f   qt-mt323:qt-mt323.dll
 0001:00005056       ?setEnabled@QWidget@@UAEX_N@Z 10006056 f   qt-mt323:qt-mt323.dll
 0001:0000505c       ?checkConnectArgs@QObject@@MAE_NPBDPBV1@0@Z 1000605c f   qt-mt323:qt-mt323.dll
 0001:00005062       ?disconnectNotify@QObject@@MAEXPBD@Z 10006062 f   qt-mt323:qt-mt323.dll
 0001:00005068       ?connectNotify@QObject@@MAEXPBD@Z 10006068 f   qt-mt323:qt-mt323.dll
 0001:0000506e       ?customEvent@QObject@@MAEXPAVQCustomEvent@@@Z 1000606e f   qt-mt323:qt-mt323.dll
 0001:00005074       ?childEvent@QObject@@MAEXPAVQChildEvent@@@Z 10006074 f   qt-mt323:qt-mt323.dll
 0001:0000507a       ?timerEvent@QObject@@MAEXPAVQTimerEvent@@@Z 1000607a f   qt-mt323:qt-mt323.dll
 0001:00005080       ?property@QObject@@UBE?AVQVariant@@PBD@Z 10006080 f   qt-mt323:qt-mt323.dll
 0001:00005086       ?setProperty@QObject@@UAE_NPBDABVQVariant@@@Z 10006086 f   qt-mt323:qt-mt323.dll
 0001:0000508c       ?removeChild@QObject@@UAEXPAV1@@Z 1000608c f   qt-mt323:qt-mt323.dll
 0001:00005092       ?insertChild@QObject@@UAEXPAV1@@Z 10006092 f   qt-mt323:qt-mt323.dll
 0001:00005098       ?setName@QWidget@@UAEXPBD@Z 10006098 f   qt-mt323:qt-mt323.dll
 0001:0000509e       ?eventFilter@QDialog@@MAE_NPAVQObject@@PAVQEvent@@@Z 1000609e f   qt-mt323:qt-mt323.dll
 0001:000050a4       ?event@QWidget@@MAE_NPAVQEvent@@@Z 100060a4 f   qt-mt323:qt-mt323.dll
 0001:000050aa       ?contextMenuEvent@QWidget@@MAEXPAVQContextMenuEvent@@@Z 100060aa f   qt-mt323:qt-mt323.dll
 0001:000050b0       ?closeEvent@QWidget@@MAEXPAVQCloseEvent@@@Z 100060b0 f   qt-mt323:qt-mt323.dll
 0001:000050b6       ?keyPressEvent@QWidget@@MAEXPAVQKeyEvent@@@Z 100060b6 f   qt-mt323:qt-mt323.dll
 0001:000050bc       ?minimumSizeHint@QWidget@@UBE?AVQSize@@XZ 100060bc f   qt-mt323:qt-mt323.dll
 0001:000050c2       ?sizeHint@QWidget@@UBE?AVQSize@@XZ 100060c2 f   qt-mt323:qt-mt323.dll
 0001:000050c8       ?setGeometry@QWidget@@UAEXHHHH@Z 100060c8 f   qt-mt323:qt-mt323.dll
 0001:000050ce       ?setGeometry@QWidget@@UAEXABVQRect@@@Z 100060ce f   qt-mt323:qt-mt323.dll
 0001:000050d4       ?resize@QWidget@@UAEXHH@Z  100060d4 f   qt-mt323:qt-mt323.dll
 0001:000050da       ?move@QWidget@@UAEXHH@Z    100060da f   qt-mt323:qt-mt323.dll
 0001:000050e0       ?hide@QWidget@@UAEXXZ      100060e0 f   qt-mt323:qt-mt323.dll
 0001:000050e6       ?show@QWidget@@UAEXXZ      100060e6 f   qt-mt323:qt-mt323.dll
 0001:000050ec       ?eventFilter@QObject@@UAE_NPAV1@PAVQEvent@@@Z 100060ec f   qt-mt323:qt-mt323.dll
 0001:000050f2       ?compareItems@QGList@@MAEHPAX0@Z 100060f2 f   qt-mt323:qt-mt323.dll
 0001:000050f8       ?write@QGList@@MBEAAVQDataStream@@AAV2@PAX@Z 100060f8 f   qt-mt323:qt-mt323.dll
 0001:000050fe       ?read@QGList@@MAEAAVQDataStream@@AAV2@AAPAX@Z 100060fe f   qt-mt323:qt-mt323.dll
 0001:00005104       ?newItem@QPtrCollection@@MAEPAXPAX@Z 10006104 f   qt-mt323:qt-mt323.dll
 0001:0000510a       ?detach@QPixmap@@UAEXXZ    1000610a f   qt-mt323:qt-mt323.dll
 0001:00005110       ?metric@QPixmap@@MBEHH@Z   10006110 f   qt-mt323:qt-mt323.dll
 0001:00005116       ?setName@QObject@@UAEXPBD@Z 10006116 f   qt-mt323:qt-mt323.dll
 0001:0000511c       ?event@QObject@@UAE_NPAVQEvent@@@Z 1000611c f   qt-mt323:qt-mt323.dll
 0001:00005122       ?qt_property@QWidgetPlugin@@UAE_NHHPAVQVariant@@@Z 10006122 f   qt-mt323:qt-mt323.dll
 0001:00005128       ?qt_emit@QWidgetPlugin@@UAE_NHPAUQUObject@@@Z 10006128 f   qt-mt323:qt-mt323.dll
 0001:0000512e       ?qt_invoke@QWidgetPlugin@@UAE_NHPAUQUObject@@@Z 1000612e f   qt-mt323:qt-mt323.dll
 0001:00005134       ?qt_cast@QWidgetPlugin@@UAEPAXPBD@Z 10006134 f   qt-mt323:qt-mt323.dll
 0001:0000513a       ?className@QWidgetPlugin@@UBEPBDXZ 1000613a f   qt-mt323:qt-mt323.dll
 0001:00005140       ?metaObject@QWidgetPlugin@@UBEPAVQMetaObject@@XZ 10006140 f   qt-mt323:qt-mt323.dll
 0001:00005146       ?drawContents@QFrame@@MAEXPAVQPainter@@@Z 10006146 f   qt-mt323:qt-mt323.dll
 0001:0000514c       ?resizeEvent@QFrame@@MAEXPAVQResizeEvent@@@Z 1000614c f   qt-mt323:qt-mt323.dll
 0001:00005152       ?sizeHint@QFrame@@UBE?AVQSize@@XZ 10006152 f   qt-mt323:qt-mt323.dll
 0001:00005158       ?qt_property@QFrame@@UAE_NHHPAVQVariant@@@Z 10006158 f   qt-mt323:qt-mt323.dll
 0001:0000515e       ?qt_emit@QFrame@@UAE_NHPAUQUObject@@@Z 1000615e f   qt-mt323:qt-mt323.dll
 0001:00005164       ?qt_invoke@QFrame@@UAE_NHPAUQUObject@@@Z 10006164 f   qt-mt323:qt-mt323.dll
 0001:0000516a       ?qt_cast@QFrame@@UAEPAXPBD@Z 1000616a f   qt-mt323:qt-mt323.dll
 0001:00005170       ?className@QFrame@@UBEPBDXZ 10006170 f   qt-mt323:qt-mt323.dll
 0001:00005176       ?metaObject@QFrame@@UBEPAVQMetaObject@@XZ 10006176 f   qt-mt323:qt-mt323.dll
 0001:0000517c       ?createPopupMenu@QLineEdit@@MAEPAVQPopupMenu@@XZ 1000617c f   qt-mt323:qt-mt323.dll
 0001:00005182       ?setDragEnabled@QLineEdit@@UAEX_N@Z 10006182 f   qt-mt323:qt-mt323.dll
 0001:00005188       ?paste@QLineEdit@@UAEXXZ   10006188 f   qt-mt323:qt-mt323.dll
 0001:0000518e       ?copy@QLineEdit@@UBEXXZ    1000618e f   qt-mt323:qt-mt323.dll
 0001:00005194       ?cut@QLineEdit@@UAEXXZ     10006194 f   qt-mt323:qt-mt323.dll
 0001:0000519a       ?setAlignment@QLineEdit@@UAEXH@Z 1000619a f   qt-mt323:qt-mt323.dll
 0001:000051a0       ?setCursorPosition@QLineEdit@@UAEXH@Z 100061a0 f   qt-mt323:qt-mt323.dll
 0001:000051a6       ?setSelection@QLineEdit@@UAEXHH@Z 100061a6 f   qt-mt323:qt-mt323.dll
 0001:000051ac       ?setValidator@QLineEdit@@UAEXPBVQValidator@@@Z 100061ac f   qt-mt323:qt-mt323.dll
 0001:000051b2       ?setReadOnly@QLineEdit@@UAEX_N@Z 100061b2 f   qt-mt323:qt-mt323.dll
 0001:000051b8       ?setEchoMode@QLineEdit@@UAEXW4EchoMode@1@@Z 100061b8 f   qt-mt323:qt-mt323.dll
 0001:000051be       ?setFrame@QLineEdit@@UAEX_N@Z 100061be f   qt-mt323:qt-mt323.dll
 0001:000051c4       ?setMaxLength@QLineEdit@@UAEXH@Z 100061c4 f   qt-mt323:qt-mt323.dll
 0001:000051ca       ?redo@QLineEdit@@UAEXXZ    100061ca f   qt-mt323:qt-mt323.dll
 0001:000051d0       ?undo@QLineEdit@@UAEXXZ    100061d0 f   qt-mt323:qt-mt323.dll
 0001:000051d6       ?clear@QLineEdit@@UAEXXZ   100061d6 f   qt-mt323:qt-mt323.dll
 0001:000051dc       ?insert@QLineEdit@@UAEXABVQString@@@Z 100061dc f   qt-mt323:qt-mt323.dll
 0001:000051e2       ?clearValidator@QLineEdit@@UAEXXZ 100061e2 f   qt-mt323:qt-mt323.dll
 0001:000051e8       ?deselect@QLineEdit@@UAEXXZ 100061e8 f   qt-mt323:qt-mt323.dll
 0001:000051ee       ?selectAll@QLineEdit@@UAEXXZ 100061ee f   qt-mt323:qt-mt323.dll
 0001:000051f4       ?setText@QLineEdit@@UAEXABVQString@@@Z 100061f4 f   qt-mt323:qt-mt323.dll
 0001:000051fa       ?drawContents@QLineEdit@@MAEXPAVQPainter@@@Z 100061fa f   qt-mt323:qt-mt323.dll
 0001:00005200       ?windowActivationChange@QLineEdit@@MAEX_N@Z 10006200 f   qt-mt323:qt-mt323.dll
 0001:00005206       ?dropEvent@QLineEdit@@MAEXPAVQDropEvent@@@Z 10006206 f   qt-mt323:qt-mt323.dll
 0001:0000520c       ?dragLeaveEvent@QLineEdit@@MAEXPAVQDragLeaveEvent@@@Z 1000620c f   qt-mt323:qt-mt323.dll
 0001:00005212       ?dragMoveEvent@QLineEdit@@MAEXPAVQDragMoveEvent@@@Z 10006212 f   qt-mt323:qt-mt323.dll
 0001:00005218       ?dragEnterEvent@QLineEdit@@MAEXPAVQDragEnterEvent@@@Z 10006218 f   qt-mt323:qt-mt323.dll
 0001:0000521e       ?imEndEvent@QLineEdit@@MAEXPAVQIMEvent@@@Z 1000621e f   qt-mt323:qt-mt323.dll
 0001:00005224       ?imComposeEvent@QLineEdit@@MAEXPAVQIMEvent@@@Z 10006224 f   qt-mt323:qt-mt323.dll
 0001:0000522a       ?imStartEvent@QLineEdit@@MAEXPAVQIMEvent@@@Z 1000622a f   qt-mt323:qt-mt323.dll
 0001:00005230       ?contextMenuEvent@QLineEdit@@MAEXPAVQContextMenuEvent@@@Z 10006230 f   qt-mt323:qt-mt323.dll
 0001:00005236       ?resizeEvent@QLineEdit@@MAEXPAVQResizeEvent@@@Z 10006236 f   qt-mt323:qt-mt323.dll
 0001:0000523c       ?focusOutEvent@QLineEdit@@MAEXPAVQFocusEvent@@@Z 1000623c f   qt-mt323:qt-mt323.dll
 0001:00005242       ?focusInEvent@QLineEdit@@MAEXPAVQFocusEvent@@@Z 10006242 f   qt-mt323:qt-mt323.dll
 0001:00005248       ?keyPressEvent@QLineEdit@@MAEXPAVQKeyEvent@@@Z 10006248 f   qt-mt323:qt-mt323.dll
 0001:0000524e       ?mouseMoveEvent@QLineEdit@@MAEXPAVQMouseEvent@@@Z 1000624e f   qt-mt323:qt-mt323.dll
 0001:00005254       ?mouseDoubleClickEvent@QLineEdit@@MAEXPAVQMouseEvent@@@Z 10006254 f   qt-mt323:qt-mt323.dll
 0001:0000525a       ?mouseReleaseEvent@QLineEdit@@MAEXPAVQMouseEvent@@@Z 1000625a f   qt-mt323:qt-mt323.dll
 0001:00005260       ?mousePressEvent@QLineEdit@@MAEXPAVQMouseEvent@@@Z 10006260 f   qt-mt323:qt-mt323.dll
 0001:00005266       ?minimumSizeHint@QLineEdit@@UBE?AVQSize@@XZ 10006266 f   qt-mt323:qt-mt323.dll
 0001:0000526c       ?sizeHint@QLineEdit@@UBE?AVQSize@@XZ 1000626c f   qt-mt323:qt-mt323.dll
 0001:00005272       ?setFont@QLineEdit@@UAEXABVQFont@@@Z 10006272 f   qt-mt323:qt-mt323.dll
 0001:00005278       ?setPalette@QLineEdit@@UAEXABVQPalette@@@Z 10006278 f   qt-mt323:qt-mt323.dll
 0001:0000527e       ?event@QLineEdit@@MAE_NPAVQEvent@@@Z 1000627e f   qt-mt323:qt-mt323.dll
 0001:00005284       ?qt_property@QLineEdit@@UAE_NHHPAVQVariant@@@Z 10006284 f   qt-mt323:qt-mt323.dll
 0001:0000528a       ?qt_emit@QLineEdit@@UAE_NHPAUQUObject@@@Z 1000628a f   qt-mt323:qt-mt323.dll
 0001:00005290       ?qt_invoke@QLineEdit@@UAE_NHPAUQUObject@@@Z 10006290 f   qt-mt323:qt-mt323.dll
 0001:00005296       ?qt_cast@QLineEdit@@UAEPAXPBD@Z 10006296 f   qt-mt323:qt-mt323.dll
 0001:0000529c       ?className@QLineEdit@@UBEPBDXZ 1000629c f   qt-mt323:qt-mt323.dll
 0001:000052a2       ?metaObject@QLineEdit@@UBEPAVQMetaObject@@XZ 100062a2 f   qt-mt323:qt-mt323.dll
 0001:000052a8       ?setNum@QLabel@@UAEXH@Z    100062a8 f   qt-mt323:qt-mt323.dll
 0001:000052ae       ?setNum@QLabel@@UAEXN@Z    100062ae f   qt-mt323:qt-mt323.dll
 0001:000052b4       ?setMovie@QLabel@@UAEXABVQMovie@@@Z 100062b4 f   qt-mt323:qt-mt323.dll
 0001:000052ba       ?setPicture@QLabel@@UAEXABVQPicture@@@Z 100062ba f   qt-mt323:qt-mt323.dll
 0001:000052c0       ?setPixmap@QLabel@@UAEXABVQPixmap@@@Z 100062c0 f   qt-mt323:qt-mt323.dll
 0001:000052c6       ?setText@QLabel@@UAEXABVQString@@@Z 100062c6 f   qt-mt323:qt-mt323.dll
 0001:000052cc       ?setBuddy@QLabel@@UAEXPAVQWidget@@@Z 100062cc f   qt-mt323:qt-mt323.dll
 0001:000052d2       ?setAutoResize@QLabel@@UAEX_N@Z 100062d2 f   qt-mt323:qt-mt323.dll
 0001:000052d8       ?setAlignment@QLabel@@UAEXH@Z 100062d8 f   qt-mt323:qt-mt323.dll
 0001:000052de       ?frameChanged@QFrame@@MAEXXZ 100062de f   qt-mt323:qt-mt323.dll
 0001:000052e4       ?drawContents@QLabel@@MAEXPAVQPainter@@@Z 100062e4 f   qt-mt323:qt-mt323.dll
 0001:000052ea       ?drawFrame@QFrame@@MAEXPAVQPainter@@@Z 100062ea f   qt-mt323:qt-mt323.dll
 0001:000052f0       ?setFrameRect@QFrame@@UAEXABVQRect@@@Z 100062f0 f   qt-mt323:qt-mt323.dll
 0001:000052f6       ?setMidLineWidth@QFrame@@UAEXH@Z 100062f6 f   qt-mt323:qt-mt323.dll
 0001:000052fc       ?setMargin@QFrame@@UAEXH@Z 100062fc f   qt-mt323:qt-mt323.dll
 0001:00005302       ?setLineWidth@QFrame@@UAEXH@Z 10006302 f   qt-mt323:qt-mt323.dll
 0001:00005308       ?setFrameStyle@QFrame@@UAEXH@Z 10006308 f   qt-mt323:qt-mt323.dll
 0001:0000530e       ?fontChange@QLabel@@MAEXABVQFont@@@Z 1000630e f   qt-mt323:qt-mt323.dll
 0001:00005314       ?styleChange@QFrame@@MAEXAAVQStyle@@@Z 10006314 f   qt-mt323:qt-mt323.dll
 0001:0000531a       ?resizeEvent@QLabel@@MAEXPAVQResizeEvent@@@Z 1000631a f   qt-mt323:qt-mt323.dll
 0001:00005320       ?paintEvent@QFrame@@MAEXPAVQPaintEvent@@@Z 10006320 f   qt-mt323:qt-mt323.dll
 0001:00005326       ?heightForWidth@QLabel@@UBEHH@Z 10006326 f   qt-mt323:qt-mt323.dll
 0001:0000532c       ?minimumSizeHint@QLabel@@UBE?AVQSize@@XZ 1000632c f   qt-mt323:qt-mt323.dll
 0001:00005332       ?sizeHint@QLabel@@UBE?AVQSize@@XZ 10006332 f   qt-mt323:qt-mt323.dll
 0001:00005338       ?setFont@QLabel@@UAEXABVQFont@@@Z 10006338 f   qt-mt323:qt-mt323.dll
 0001:0000533e       ?qt_property@QLabel@@UAE_NHHPAVQVariant@@@Z 1000633e f   qt-mt323:qt-mt323.dll
 0001:00005344       ?qt_emit@QLabel@@UAE_NHPAUQUObject@@@Z 10006344 f   qt-mt323:qt-mt323.dll
 0001:0000534a       ?qt_invoke@QLabel@@UAE_NHPAUQUObject@@@Z 1000634a f   qt-mt323:qt-mt323.dll
 0001:00005350       ?qt_cast@QLabel@@UAEPAXPBD@Z 10006350 f   qt-mt323:qt-mt323.dll
 0001:00005356       ?className@QLabel@@UBEPBDXZ 10006356 f   qt-mt323:qt-mt323.dll
 0001:0000535c       ?metaObject@QLabel@@UBEPAVQMetaObject@@XZ 1000635c f   qt-mt323:qt-mt323.dll
 0001:00005362       ?qt_property@QHBoxLayout@@UAE_NHHPAVQVariant@@@Z 10006362 f   qt-mt323:qt-mt323.dll
 0001:00005368       ?qt_emit@QHBoxLayout@@UAE_NHPAUQUObject@@@Z 10006368 f   qt-mt323:qt-mt323.dll
 0001:0000536e       ?qt_invoke@QHBoxLayout@@UAE_NHPAUQUObject@@@Z 1000636e f   qt-mt323:qt-mt323.dll
 0001:00005374       ?qt_cast@QHBoxLayout@@UAEPAXPBD@Z 10006374 f   qt-mt323:qt-mt323.dll
 0001:0000537a       ?className@QHBoxLayout@@UBEPBDXZ 1000637a f   qt-mt323:qt-mt323.dll
 0001:00005380       ?metaObject@QHBoxLayout@@UBEPAVQMetaObject@@XZ 10006380 f   qt-mt323:qt-mt323.dll
 0001:00005386       ?spacerItem@QLayoutItem@@UAEPAVQSpacerItem@@XZ 10006386 f   qt-mt323:qt-mt323.dll
 0001:0000538c       ?layout@QLayout@@UAEPAV1@XZ 1000638c f   qt-mt323:qt-mt323.dll
 0001:00005392       ?iterator@QBoxLayout@@UAE?AVQLayoutIterator@@XZ 10006392 f   qt-mt323:qt-mt323.dll
 0001:00005398       ?invalidate@QBoxLayout@@UAEXXZ 10006398 f   qt-mt323:qt-mt323.dll
 0001:0000539e       ?heightForWidth@QBoxLayout@@UBEHH@Z 1000639e f   qt-mt323:qt-mt323.dll
 0001:000053a4       ?hasHeightForWidth@QBoxLayout@@UBE_NXZ 100063a4 f   qt-mt323:qt-mt323.dll
 0001:000053aa       ?isEmpty@QLayout@@UBE_NXZ  100063aa f   qt-mt323:qt-mt323.dll
 0001:000053b0       ?geometry@QLayout@@UBE?AVQRect@@XZ 100063b0 f   qt-mt323:qt-mt323.dll
 0001:000053b6       ?setGeometry@QBoxLayout@@UAEXABVQRect@@@Z 100063b6 f   qt-mt323:qt-mt323.dll
 0001:000053bc       ?expanding@QBoxLayout@@UBE?AW4ExpandData@QSizePolicy@@XZ 100063bc f   qt-mt323:qt-mt323.dll
 0001:000053c2       ?maximumSize@QBoxLayout@@UBE?AVQSize@@XZ 100063c2 f   qt-mt323:qt-mt323.dll
 0001:000053c8       ?minimumSize@QBoxLayout@@UBE?AVQSize@@XZ 100063c8 f   qt-mt323:qt-mt323.dll
 0001:000053ce       ?sizeHint@QBoxLayout@@UBE?AVQSize@@XZ 100063ce f   qt-mt323:qt-mt323.dll
 0001:000053d4       ?addItem@QBoxLayout@@UAEXPAVQLayoutItem@@@Z 100063d4 f   qt-mt323:qt-mt323.dll
 0001:000053da       ?setAutoAdd@QLayout@@UAEX_N@Z 100063da f   qt-mt323:qt-mt323.dll
 0001:000053e0       ?setMenuBar@QLayout@@UAEXPAVQMenuBar@@@Z 100063e0 f   qt-mt323:qt-mt323.dll
 0001:000053e6       ?setSpacing@QLayout@@UAEXH@Z 100063e6 f   qt-mt323:qt-mt323.dll
 0001:000053ec       ?setMargin@QLayout@@UAEXH@Z 100063ec f   qt-mt323:qt-mt323.dll
 0001:000053f2       ?childEvent@QLayout@@MAEXPAVQChildEvent@@@Z 100063f2 f   qt-mt323:qt-mt323.dll
 0001:000053f8       ?eventFilter@QLayout@@MAE_NPAVQObject@@PAVQEvent@@@Z 100063f8 f   qt-mt323:qt-mt323.dll
 0001:000053fe       ?qt_property@QVBoxLayout@@UAE_NHHPAVQVariant@@@Z 100063fe f   qt-mt323:qt-mt323.dll
 0001:00005404       ?qt_emit@QVBoxLayout@@UAE_NHPAUQUObject@@@Z 10006404 f   qt-mt323:qt-mt323.dll
 0001:0000540a       ?qt_invoke@QVBoxLayout@@UAE_NHPAUQUObject@@@Z 1000640a f   qt-mt323:qt-mt323.dll
 0001:00005410       ?qt_cast@QVBoxLayout@@UAEPAXPBD@Z 10006410 f   qt-mt323:qt-mt323.dll
 0001:00005416       ?className@QVBoxLayout@@UBEPBDXZ 10006416 f   qt-mt323:qt-mt323.dll
 0001:0000541c       ?metaObject@QVBoxLayout@@UBEPAVQMetaObject@@XZ 1000641c f   qt-mt323:qt-mt323.dll
 0001:00005422       ?setAlignment@QLayoutItem@@UAEXH@Z 10006422 f   qt-mt323:qt-mt323.dll
 0001:00005428       ?spacerItem@QSpacerItem@@UAEPAV1@XZ 10006428 f   qt-mt323:qt-mt323.dll
 0001:0000542e       ?layout@QLayoutItem@@UAEPAVQLayout@@XZ 1000642e f   qt-mt323:qt-mt323.dll
 0001:00005434       ?iterator@QLayoutItem@@UAE?AVQLayoutIterator@@XZ 10006434 f   qt-mt323:qt-mt323.dll
 0001:0000543a       ?widget@QLayoutItem@@UAEPAVQWidget@@XZ 1000643a f   qt-mt323:qt-mt323.dll
 0001:00005440       ?invalidate@QLayoutItem@@UAEXXZ 10006440 f   qt-mt323:qt-mt323.dll
 0001:00005446       ?heightForWidth@QLayoutItem@@UBEHH@Z 10006446 f   qt-mt323:qt-mt323.dll
 0001:0000544c       ?hasHeightForWidth@QLayoutItem@@UBE_NXZ 1000644c f   qt-mt323:qt-mt323.dll
 0001:00005452       ?isEmpty@QSpacerItem@@UBE_NXZ 10006452 f   qt-mt323:qt-mt323.dll
 0001:00005458       ?geometry@QSpacerItem@@UBE?AVQRect@@XZ 10006458 f   qt-mt323:qt-mt323.dll
 0001:0000545e       ?setGeometry@QSpacerItem@@UAEXABVQRect@@@Z 1000645e f   qt-mt323:qt-mt323.dll
 0001:00005464       ?expanding@QSpacerItem@@UBE?AW4ExpandData@QSizePolicy@@XZ 10006464 f   qt-mt323:qt-mt323.dll
 0001:0000546a       ?maximumSize@QSpacerItem@@UBE?AVQSize@@XZ 1000646a f   qt-mt323:qt-mt323.dll
 0001:00005470       ?minimumSize@QSpacerItem@@UBE?AVQSize@@XZ 10006470 f   qt-mt323:qt-mt323.dll
 0001:00005476       ?sizeHint@QSpacerItem@@UBE?AVQSize@@XZ 10006476 f   qt-mt323:qt-mt323.dll
 0001:0000547c       ?setOn@QPushButton@@UAEX_N@Z 1000647c f   qt-mt323:qt-mt323.dll
 0001:00005482       ?setIsMenuButton@QPushButton@@UAEX_N@Z 10006482 f   qt-mt323:qt-mt323.dll
 0001:00005488       ?setDefault@QPushButton@@UAEX_N@Z 10006488 f   qt-mt323:qt-mt323.dll
 0001:0000548e       ?setAutoDefault@QPushButton@@UAEX_N@Z 1000648e f   qt-mt323:qt-mt323.dll
 0001:00005494       ?setGroup@QButton@@EAEXPAVQButtonGroup@@@Z 10006494 f   qt-mt323:qt-mt323.dll
 0001:0000549a       ?drawButtonLabel@QPushButton@@MAEXPAVQPainter@@@Z 1000649a f   qt-mt323:qt-mt323.dll
 0001:000054a0       ?drawButton@QPushButton@@MAEXPAVQPainter@@@Z 100064a0 f   qt-mt323:qt-mt323.dll
 0001:000054a6       ?hitButton@QButton@@MBE_NABVQPoint@@@Z 100064a6 f   qt-mt323:qt-mt323.dll
 0001:000054ac       ?setState@QButton@@MAEXW4ToggleState@1@@Z 100064ac f   qt-mt323:qt-mt323.dll
 0001:000054b2       ?setToggleType@QButton@@MAEXW4ToggleType@1@@Z 100064b2 f   qt-mt323:qt-mt323.dll
 0001:000054b8       ?setAutoRepeat@QButton@@UAEX_N@Z 100064b8 f   qt-mt323:qt-mt323.dll
 0001:000054be       ?setDown@QButton@@UAEX_N@Z 100064be f   qt-mt323:qt-mt323.dll
 0001:000054c4       ?setAccel@QButton@@UAEXABVQKeySequence@@@Z 100064c4 f   qt-mt323:qt-mt323.dll
 0001:000054ca       ?setPixmap@QButton@@UAEXABVQPixmap@@@Z 100064ca f   qt-mt323:qt-mt323.dll
 0001:000054d0       ?setText@QButton@@UAEXABVQString@@@Z 100064d0 f   qt-mt323:qt-mt323.dll
 0001:000054d6       ?enabledChange@QButton@@MAEX_N@Z 100064d6 f   qt-mt323:qt-mt323.dll
 0001:000054dc       ?updateMask@QPushButton@@MAEXXZ 100064dc f   qt-mt323:qt-mt323.dll
 0001:000054e2       ?resizeEvent@QPushButton@@MAEXPAVQResizeEvent@@@Z 100064e2 f   qt-mt323:qt-mt323.dll
 0001:000054e8       ?paintEvent@QButton@@MAEXPAVQPaintEvent@@@Z 100064e8 f   qt-mt323:qt-mt323.dll
 0001:000054ee       ?focusOutEvent@QPushButton@@MAEXPAVQFocusEvent@@@Z 100064ee f   qt-mt323:qt-mt323.dll
 0001:000054f4       ?focusInEvent@QPushButton@@MAEXPAVQFocusEvent@@@Z 100064f4 f   qt-mt323:qt-mt323.dll
 0001:000054fa       ?keyReleaseEvent@QButton@@MAEXPAVQKeyEvent@@@Z 100064fa f   qt-mt323:qt-mt323.dll
 0001:00005500       ?keyPressEvent@QButton@@MAEXPAVQKeyEvent@@@Z 10006500 f   qt-mt323:qt-mt323.dll
 0001:00005506       ?mouseMoveEvent@QButton@@MAEXPAVQMouseEvent@@@Z 10006506 f   qt-mt323:qt-mt323.dll
 0001:0000550c       ?mouseReleaseEvent@QButton@@MAEXPAVQMouseEvent@@@Z 1000650c f   qt-mt323:qt-mt323.dll
 0001:00005512       ?mousePressEvent@QButton@@MAEXPAVQMouseEvent@@@Z 10006512 f   qt-mt323:qt-mt323.dll
 0001:00005518       ?sizeHint@QPushButton@@UBE?AVQSize@@XZ 10006518 f   qt-mt323:qt-mt323.dll
 0001:0000551e       ?setGeometry@QPushButton@@UAEXHHHH@Z 1000651e f   qt-mt323:qt-mt323.dll
 0001:00005524       ?setGeometry@QPushButton@@UAEXABVQRect@@@Z 10006524 f   qt-mt323:qt-mt323.dll
 0001:0000552a       ?resize@QPushButton@@UAEXHH@Z 1000652a f   qt-mt323:qt-mt323.dll
 0001:00005530       ?move@QPushButton@@UAEXHH@Z 10006530 f   qt-mt323:qt-mt323.dll
 0001:00005536       ?qt_property@QPushButton@@UAE_NHHPAVQVariant@@@Z 10006536 f   qt-mt323:qt-mt323.dll
 0001:0000553c       ?qt_emit@QPushButton@@UAE_NHPAUQUObject@@@Z 1000653c f   qt-mt323:qt-mt323.dll
 0001:00005542       ?qt_invoke@QPushButton@@UAE_NHPAUQUObject@@@Z 10006542 f   qt-mt323:qt-mt323.dll
 0001:00005548       ?qt_cast@QPushButton@@UAEPAXPBD@Z 10006548 f   qt-mt323:qt-mt323.dll
 0001:0000554e       ?className@QPushButton@@UBEPBDXZ 1000654e f   qt-mt323:qt-mt323.dll
 0001:00005554       ?metaObject@QPushButton@@UBEPAVQMetaObject@@XZ 10006554 f   qt-mt323:qt-mt323.dll
 0001:0000555a       ___CxxFrameHandler         1000655a f   MSVCRT:MSVCRT.dll
 0001:00005560       __EH_prolog                10006560 f   MSVCRT:ehprolog.obj
 0001:00005580       ??3@YAXPAX@Z               10006580 f   MSVCRT:MSVCRT.dll
 0001:00005586       ??_M@YGXPAXIHP6EX0@Z@Z     10006586 f   MSVCRT:ehvecdtr.obj
 0001:00005606       ?__ArrayUnwind@@YGXPAXIHP6EX0@Z@Z 10006606 f   MSVCRT:ehvecdtr.obj
 0001:0000567a       ??2@YAPAXI@Z               1000667a f   MSVCRT:MSVCRT.dll
 0001:00005680       ??_L@YGXPAXIHP6EX0@Z1@Z    10006680 f   MSVCRT:ehvecctr.obj
 0001:00005702       _strcmp                    10006702 f   MSVCRT:MSVCRT.dll
 0001:00005708       __onexit                   10006708 f   MSVCRT:atonexit.obj
 0001:00005734       _atexit                    10006734 f   MSVCRT:atonexit.obj
 0001:00005746       _cos                       10006746 f   MSVCRT:MSVCRT.dll
 0001:0000574c       _sin                       1000674c f   MSVCRT:MSVCRT.dll
 0001:00005752       __ftol                     10006752 f   MSVCRT:MSVCRT.dll
 0001:00005758       _atan                      10006758 f   MSVCRT:MSVCRT.dll
 0001:0000575e       _strlen                    1000675e f   MSVCRT:MSVCRT.dll
 0001:00005764       __CRT_INIT@12              10006764 f   MSVCRT:crtdll.obj
 0001:0000580f       __DllMainCRTStartup@12     1000680f f   MSVCRT:crtdll.obj
 0001:000058ac       __except_handler3          100068ac f   MSVCRT:MSVCRT.dll
 0001:000058b2       ?terminate@@YAXXZ          100068b2 f   MSVCRT:MSVCRT.dll
 0001:000058b8       ___dllonexit               100068b8 f   MSVCRT:MSVCRT.dll
 0001:000058be       __initterm                 100068be f   MSVCRT:MSVCRT.dll
 0002:00000000       __imp__RegQueryValueExA@24 10007000     advapi32:ADVAPI32.dll
 0002:00000004       __imp__RegOpenKeyExA@20    10007004     advapi32:ADVAPI32.dll
 0002:00000008       __imp__RegCloseKey@4       10007008     advapi32:ADVAPI32.dll
 0002:0000000c       \177ADVAPI32_NULL_THUNK_DATA 1000700c     advapi32:ADVAPI32.dll
 0002:00000010       __imp__SetTextColor@8      10007010     gdi32:GDI32.dll
 0002:00000014       __imp__SetBkColor@8        10007014     gdi32:GDI32.dll
 0002:00000018       __imp__Arc@36              10007018     gdi32:GDI32.dll
 0002:0000001c       __imp__DeleteObject@4      1000701c     gdi32:GDI32.dll
 0002:00000020       __imp__Rectangle@20        10007020     gdi32:GDI32.dll
 0002:00000024       __imp__SelectObject@8      10007024     gdi32:GDI32.dll
 0002:00000028       __imp__CreateSolidBrush@4  10007028     gdi32:GDI32.dll
 0002:0000002c       __imp__LineTo@12           1000702c     gdi32:GDI32.dll
 0002:00000030       __imp__MoveToEx@16         10007030     gdi32:GDI32.dll
 0002:00000034       __imp__Ellipse@20          10007034     gdi32:GDI32.dll
 0002:00000038       __imp__CreatePen@12        10007038     gdi32:GDI32.dll
 0002:0000003c       __imp__SetROP2@8           1000703c     gdi32:GDI32.dll
 0002:00000040       __imp__GetTextExtentPoint32A@16 10007040     gdi32:GDI32.dll
 0002:00000044       __imp__SetTextAlign@8      10007044     gdi32:GDI32.dll
 0002:00000048       __imp__TextOutA@20         10007048     gdi32:GDI32.dll
 0002:0000004c       __imp__SetBkMode@8         1000704c     gdi32:GDI32.dll
 0002:00000050       __imp__CreateFontIndirectA@4 10007050     gdi32:GDI32.dll
 0002:00000054       \177GDI32_NULL_THUNK_DATA  10007054     gdi32:GDI32.dll
 0002:00000058       __imp__LoadLibraryA@4      10007058     kernel32:KERNEL32.dll
 0002:0000005c       __imp__GetProcAddress@8    1000705c     kernel32:KERNEL32.dll
 0002:00000060       __imp__lstrlenA@4          10007060     kernel32:KERNEL32.dll
 0002:00000064       __imp__lstrcpynA@12        10007064     kernel32:KERNEL32.dll
 0002:00000068       __imp__GlobalAlloc@8       10007068     kernel32:KERNEL32.dll
 0002:0000006c       __imp__GlobalLock@4        1000706c     kernel32:KERNEL32.dll
 0002:00000070       __imp__GlobalUnlock@4      10007070     kernel32:KERNEL32.dll
 0002:00000074       __imp__GlobalFree@4        10007074     kernel32:KERNEL32.dll
 0002:00000078       \177KERNEL32_NULL_THUNK_DATA 10007078     kernel32:KERNEL32.dll
 0002:0000007c       __imp____CxxFrameHandler   1000707c     MSVCRT:MSVCRT.dll
 0002:00000080       __imp_??3@YAXPAX@Z         10007080     MSVCRT:MSVCRT.dll
 0002:00000084       __imp__getenv              10007084     MSVCRT:MSVCRT.dll
 0002:00000088       __imp_??2@YAPAXI@Z         10007088     MSVCRT:MSVCRT.dll
 0002:0000008c       __imp__atoi                1000708c     MSVCRT:MSVCRT.dll
 0002:00000090       __imp__strcmp              10007090     MSVCRT:MSVCRT.dll
 0002:00000094       __imp__sprintf             10007094     MSVCRT:MSVCRT.dll
 0002:00000098       __imp__exit                10007098     MSVCRT:MSVCRT.dll
 0002:0000009c       __imp__calloc              1000709c     MSVCRT:MSVCRT.dll
 0002:000000a0       __imp__cos                 100070a0     MSVCRT:MSVCRT.dll
 0002:000000a4       __imp__sin                 100070a4     MSVCRT:MSVCRT.dll
 0002:000000a8       __imp___ftol               100070a8     MSVCRT:MSVCRT.dll
 0002:000000ac       __imp__atan                100070ac     MSVCRT:MSVCRT.dll
 0002:000000b0       __imp__strlen              100070b0     MSVCRT:MSVCRT.dll
 0002:000000b4       __imp___adjust_fdiv        100070b4     MSVCRT:MSVCRT.dll
 0002:000000b8       __imp__malloc              100070b8     MSVCRT:MSVCRT.dll
 0002:000000bc       __imp___initterm           100070bc     MSVCRT:MSVCRT.dll
 0002:000000c0       __imp__free                100070c0     MSVCRT:MSVCRT.dll
 0002:000000c4       __imp___onexit             100070c4     MSVCRT:MSVCRT.dll
 0002:000000c8       __imp____dllonexit         100070c8     MSVCRT:MSVCRT.dll
 0002:000000cc       __imp_?terminate@@YAXXZ    100070cc     MSVCRT:MSVCRT.dll
 0002:000000d0       __imp___except_handler3    100070d0     MSVCRT:MSVCRT.dll
 0002:000000d4       __imp__strncpy             100070d4     MSVCRT:MSVCRT.dll
 0002:000000d8       \177MSVCRT_NULL_THUNK_DATA 100070d8     MSVCRT:MSVCRT.dll
 0002:000000dc       __imp__GetParent@4         100070dc     user32:USER32.dll
 0002:000000e0       __imp__SendMessageA@16     100070e0     user32:USER32.dll
 0002:000000e4       __imp__GetWindowLongA@8    100070e4     user32:USER32.dll
 0002:000000e8       __imp__UnregisterClassA@8  100070e8     user32:USER32.dll
 0002:000000ec       __imp__LoadCursorA@8       100070ec     user32:USER32.dll
 0002:000000f0       __imp__RegisterClassA@4    100070f0     user32:USER32.dll
 0002:000000f4       __imp__SetWindowTextA@8    100070f4     user32:USER32.dll
 0002:000000f8       __imp__SetWindowPos@28     100070f8     user32:USER32.dll
 0002:000000fc       __imp__CreateWindowExA@48  100070fc     user32:USER32.dll
 0002:00000100       __imp__ShowWindow@8        10007100     user32:USER32.dll
 0002:00000104       __imp__MessageBoxA@16      10007104     user32:USER32.dll
 0002:00000108       __imp__ReleaseCapture@0    10007108     user32:USER32.dll
 0002:0000010c       __imp__ReleaseDC@8         1000710c     user32:USER32.dll
 0002:00000110       __imp__DefWindowProcA@16   10007110     user32:USER32.dll
 0002:00000114       __imp__GetDC@4             10007114     user32:USER32.dll
 0002:00000118       __imp__SetWindowLongA@12   10007118     user32:USER32.dll
 0002:0000011c       __imp__EndPaint@8          1000711c     user32:USER32.dll
 0002:00000120       __imp__BeginPaint@8        10007120     user32:USER32.dll
 0002:00000124       __imp__InvalidateRect@12   10007124     user32:USER32.dll
 0002:00000128       __imp__SetCapture@4        10007128     user32:USER32.dll
 0002:0000012c       \177USER32_NULL_THUNK_DATA 1000712c     user32:USER32.dll
 0002:00000130       __imp_?isDesignTime@dCW@@SA_NXZ 10007130     dcw:dcw.dll
 0002:00000134       \177dcw_NULL_THUNK_DATA    10007134     dcw:dcw.dll
 0002:00000138       __imp_?setPalette@QWidget@@UAEXABVQPalette@@@Z 10007138     qt-mt323:qt-mt323.dll
 0002:0000013c       __imp_?setErasePixmap@QWidget@@UAEXABVQPixmap@@@Z 1000713c     qt-mt323:qt-mt323.dll
 0002:00000140       __imp_?setEraseColor@QWidget@@UAEXABVQColor@@@Z 10007140     qt-mt323:qt-mt323.dll
 0002:00000144       __imp_?setBackgroundMode@QWidget@@UAEXW4BackgroundMode@Qt@@@Z 10007144     qt-mt323:qt-mt323.dll
 0002:00000148       __imp_?setSizeIncrement@QWidget@@UAEXHH@Z 10007148     qt-mt323:qt-mt323.dll
 0002:0000014c       __imp_?setMaximumSize@QWidget@@UAEXHH@Z 1000714c     qt-mt323:qt-mt323.dll
 0002:00000150       __imp_?setMinimumSize@QWidget@@UAEXHH@Z 10007150     qt-mt323:qt-mt323.dll
 0002:00000154       __imp_?setEnabled@QWidget@@UAEX_N@Z 10007154     qt-mt323:qt-mt323.dll
 0002:00000158       __imp_?checkConnectArgs@QObject@@MAE_NPBDPBV1@0@Z 10007158     qt-mt323:qt-mt323.dll
 0002:0000015c       __imp_?disconnectNotify@QObject@@MAEXPBD@Z 1000715c     qt-mt323:qt-mt323.dll
 0002:00000160       __imp_?connectNotify@QObject@@MAEXPBD@Z 10007160     qt-mt323:qt-mt323.dll
 0002:00000164       __imp_?customEvent@QObject@@MAEXPAVQCustomEvent@@@Z 10007164     qt-mt323:qt-mt323.dll
 0002:00000168       __imp_?childEvent@QObject@@MAEXPAVQChildEvent@@@Z 10007168     qt-mt323:qt-mt323.dll
 0002:0000016c       __imp_?timerEvent@QObject@@MAEXPAVQTimerEvent@@@Z 1000716c     qt-mt323:qt-mt323.dll
 0002:00000170       __imp_?property@QObject@@UBE?AVQVariant@@PBD@Z 10007170     qt-mt323:qt-mt323.dll
 0002:00000174       __imp_?setProperty@QObject@@UAE_NPBDABVQVariant@@@Z 10007174     qt-mt323:qt-mt323.dll
 0002:00000178       __imp_?removeChild@QObject@@UAEXPAV1@@Z 10007178     qt-mt323:qt-mt323.dll
 0002:0000017c       __imp_?insertChild@QObject@@UAEXPAV1@@Z 1000717c     qt-mt323:qt-mt323.dll
 0002:00000180       __imp_?setName@QWidget@@UAEXPBD@Z 10007180     qt-mt323:qt-mt323.dll
 0002:00000184       __imp_?eventFilter@QDialog@@MAE_NPAVQObject@@PAVQEvent@@@Z 10007184     qt-mt323:qt-mt323.dll
 0002:00000188       __imp_?event@QWidget@@MAE_NPAVQEvent@@@Z 10007188     qt-mt323:qt-mt323.dll
 0002:0000018c       __imp_?connect@QObject@@SA_NPBV1@PBD01@Z 1000718c     qt-mt323:qt-mt323.dll
 0002:00000190       __imp_??H@YA?BVQString@@ABV0@0@Z 10007190     qt-mt323:qt-mt323.dll
 0002:00000194       __imp_??H@YA?BVQString@@PBDABV0@@Z 10007194     qt-mt323:qt-mt323.dll
 0002:00000198       __imp_?ascii@QString@@QBEPBDXZ 10007198     qt-mt323:qt-mt323.dll
 0002:0000019c       __imp_?main_widget@QApplication@@0PAVQWidget@@A 1000719c     qt-mt323:qt-mt323.dll
 0002:000001a0       __imp_??1QString@@QAE@XZ   100071a0     qt-mt323:qt-mt323.dll
 0002:000001a4       __imp_?arg@QString@@QBE?AV1@ABV1@H@Z 100071a4     qt-mt323:qt-mt323.dll
 0002:000001a8       __imp_??0QString@@QAE@PBD@Z 100071a8     qt-mt323:qt-mt323.dll
 0002:000001ac       __imp_?contextMenuEvent@QWidget@@MAEXPAVQContextMenuEvent@@@Z 100071ac     qt-mt323:qt-mt323.dll
 0002:000001b0       __imp_?closeEvent@QWidget@@MAEXPAVQCloseEvent@@@Z 100071b0     qt-mt323:qt-mt323.dll
 0002:000001b4       __imp_?keyPressEvent@QWidget@@MAEXPAVQKeyEvent@@@Z 100071b4     qt-mt323:qt-mt323.dll
 0002:000001b8       __imp_?minimumSizeHint@QWidget@@UBE?AVQSize@@XZ 100071b8     qt-mt323:qt-mt323.dll
 0002:000001bc       __imp_?sizeHint@QWidget@@UBE?AVQSize@@XZ 100071bc     qt-mt323:qt-mt323.dll
 0002:000001c0       __imp_?setGeometry@QWidget@@UAEXHHHH@Z 100071c0     qt-mt323:qt-mt323.dll
 0002:000001c4       __imp_?setGeometry@QWidget@@UAEXABVQRect@@@Z 100071c4     qt-mt323:qt-mt323.dll
 0002:000001c8       __imp_?resize@QWidget@@UAEXHH@Z 100071c8     qt-mt323:qt-mt323.dll
 0002:000001cc       __imp_?move@QWidget@@UAEXHH@Z 100071cc     qt-mt323:qt-mt323.dll
 0002:000001d0       __imp_?hide@QWidget@@UAEXXZ 100071d0     qt-mt323:qt-mt323.dll
 0002:000001d4       __imp_?show@QWidget@@UAEXXZ 100071d4     qt-mt323:qt-mt323.dll
 0002:000001d8       __imp_?eventFilter@QObject@@UAE_NPAV1@PAVQEvent@@@Z 100071d8     qt-mt323:qt-mt323.dll
 0002:000001dc       __imp_??1QWidget@@UAE@XZ   100071dc     qt-mt323:qt-mt323.dll
 0002:000001e0       __imp_??0QString@@QAE@ABV0@@Z 100071e0     qt-mt323:qt-mt323.dll
 0002:000001e4       __imp_??0QWidget@@QAE@ABV0@@Z 100071e4     qt-mt323:qt-mt323.dll
 0002:000001e8       __imp_??4QString@@QAEAAV0@ABV0@@Z 100071e8     qt-mt323:qt-mt323.dll
 0002:000001ec       __imp_??4QWidget@@QAEAAV0@ABV0@@Z 100071ec     qt-mt323:qt-mt323.dll
 0002:000001f0       __imp_??0QString@@QAE@XZ   100071f0     qt-mt323:qt-mt323.dll
 0002:000001f4       __imp_?compareItems@QGList@@MAEHPAX0@Z 100071f4     qt-mt323:qt-mt323.dll
 0002:000001f8       __imp_?write@QGList@@MBEAAVQDataStream@@AAV2@PAX@Z 100071f8     qt-mt323:qt-mt323.dll
 0002:000001fc       __imp_?read@QGList@@MAEAAVQDataStream@@AAV2@AAPAX@Z 100071fc     qt-mt323:qt-mt323.dll
 0002:00000200       __imp_?newItem@QPtrCollection@@MAEPAXPAX@Z 10007200     qt-mt323:qt-mt323.dll
 0002:00000204       __imp_??0QGList@@IAE@XZ    10007204     qt-mt323:qt-mt323.dll
 0002:00000208       __imp_??0QGList@@IAE@ABV0@@Z 10007208     qt-mt323:qt-mt323.dll
 0002:0000020c       __imp_??1QGList@@MAE@XZ    1000720c     qt-mt323:qt-mt323.dll
 0002:00000210       __imp_?clear@QGList@@MAEXXZ 10007210     qt-mt323:qt-mt323.dll
 0002:00000214       __imp_??4QGList@@IAEAAV0@ABV0@@Z 10007214     qt-mt323:qt-mt323.dll
 0002:00000218       __imp_??0QGListIterator@@IAE@ABVQGList@@@Z 10007218     qt-mt323:qt-mt323.dll
 0002:0000021c       __imp_??4QGListIterator@@IAEAAV0@ABV0@@Z 1000721c     qt-mt323:qt-mt323.dll
 0002:00000220       __imp_??0QGListIterator@@IAE@ABV0@@Z 10007220     qt-mt323:qt-mt323.dll
 0002:00000224       __imp_??1QGListIterator@@IAE@XZ 10007224     qt-mt323:qt-mt323.dll
 0002:00000228       __imp_?detach@QPixmap@@UAEXXZ 10007228     qt-mt323:qt-mt323.dll
 0002:0000022c       __imp_?metric@QPixmap@@MBEHH@Z 1000722c     qt-mt323:qt-mt323.dll
 0002:00000230       __imp_??0QPixmap@@QAE@QAPBD@Z 10007230     qt-mt323:qt-mt323.dll
 0002:00000234       __imp_??0QWidget@@QAE@PAV0@PBDI@Z 10007234     qt-mt323:qt-mt323.dll
 0002:00000238       __imp_??1QPixmap@@UAE@XZ   10007238     qt-mt323:qt-mt323.dll
 0002:0000023c       __imp_??1QPainter@@QAE@XZ  1000723c     qt-mt323:qt-mt323.dll
 0002:00000240       __imp_?drawPixmap@QPainter@@QAEXABVQRect@@ABVQPixmap@@@Z 10007240     qt-mt323:qt-mt323.dll
 0002:00000244       __imp_?rect@QWidget@@QBE?AVQRect@@XZ 10007244     qt-mt323:qt-mt323.dll
 0002:00000248       __imp_??0QPainter@@QAE@PBVQPaintDevice@@_N@Z 10007248     qt-mt323:qt-mt323.dll
 0002:0000024c       __imp_??4QString@@QAEAAV0@PBD@Z 1000724c     qt-mt323:qt-mt323.dll
 0002:00000250       __imp_?update@QWidget@@QAEXXZ 10007250     qt-mt323:qt-mt323.dll
 0002:00000254       __imp_??YQString@@QAEAAV0@ABV0@@Z 10007254     qt-mt323:qt-mt323.dll
 0002:00000258       __imp_?arg@QString@@QBE?AV1@HHH@Z 10007258     qt-mt323:qt-mt323.dll
 0002:0000025c       __imp_?text@QLineEdit@@QBE?AVQString@@XZ 1000725c     qt-mt323:qt-mt323.dll
 0002:00000260       __imp_?exec@QDialog@@QAEHXZ 10007260     qt-mt323:qt-mt323.dll
 0002:00000264       __imp_?name@QObject@@QBEPBDXZ 10007264     qt-mt323:qt-mt323.dll
 0002:00000268       __imp_??1QStringList@@QAE@XZ 10007268     qt-mt323:qt-mt323.dll
 0002:0000026c       __imp_?append@?$QValueList@VQString@@@@QAE?AV?$QValueListIterator@VQString@@@@ABVQString@@@Z 1000726c     qt-mt323:qt-mt323.dll
 0002:00000270       __imp_??0?$QValueList@VQString@@@@QAE@XZ 10007270     qt-mt323:qt-mt323.dll
 0002:00000274       __imp_??8@YA_NABVQString@@PBD@Z 10007274     qt-mt323:qt-mt323.dll
 0002:00000278       __imp_?null@QString@@2V1@A 10007278     qt-mt323:qt-mt323.dll
 0002:0000027c       __imp_??0QIconSet@@QAE@XZ  1000727c     qt-mt323:qt-mt323.dll
 0002:00000280       __imp_??0QIconSet@@QAE@ABVQPixmap@@W4Size@0@@Z 10007280     qt-mt323:qt-mt323.dll
 0002:00000284       __imp_?setName@QObject@@UAEXPBD@Z 10007284     qt-mt323:qt-mt323.dll
 0002:00000288       __imp_?event@QObject@@UAE_NPAVQEvent@@@Z 10007288     qt-mt323:qt-mt323.dll
 0002:0000028c       __imp_?qt_property@QWidgetPlugin@@UAE_NHHPAVQVariant@@@Z 1000728c     qt-mt323:qt-mt323.dll
 0002:00000290       __imp_?qt_emit@QWidgetPlugin@@UAE_NHPAUQUObject@@@Z 10007290     qt-mt323:qt-mt323.dll
 0002:00000294       __imp_?qt_invoke@QWidgetPlugin@@UAE_NHPAUQUObject@@@Z 10007294     qt-mt323:qt-mt323.dll
 0002:00000298       __imp_?qt_cast@QWidgetPlugin@@UAEPAXPBD@Z 10007298     qt-mt323:qt-mt323.dll
 0002:0000029c       __imp_?className@QWidgetPlugin@@UBEPBDXZ 1000729c     qt-mt323:qt-mt323.dll
 0002:000002a0       __imp_?metaObject@QWidgetPlugin@@UBEPAVQMetaObject@@XZ 100072a0     qt-mt323:qt-mt323.dll
 0002:000002a4       __imp_?iface@QGPlugin@@QAEPAUQUnknownInterface@@XZ 100072a4     qt-mt323:qt-mt323.dll
 0002:000002a8       __imp_??0QWidgetPlugin@@QAE@XZ 100072a8     qt-mt323:qt-mt323.dll
 0002:000002ac       __imp_??1QWidgetPlugin@@UAE@XZ 100072ac     qt-mt323:qt-mt323.dll
 0002:000002b0       __imp_?drawContents@QFrame@@MAEXPAVQPainter@@@Z 100072b0     qt-mt323:qt-mt323.dll
 0002:000002b4       __imp_?resizeEvent@QFrame@@MAEXPAVQResizeEvent@@@Z 100072b4     qt-mt323:qt-mt323.dll
 0002:000002b8       __imp_?sizeHint@QFrame@@UBE?AVQSize@@XZ 100072b8     qt-mt323:qt-mt323.dll
 0002:000002bc       __imp_?qt_property@QFrame@@UAE_NHHPAVQVariant@@@Z 100072bc     qt-mt323:qt-mt323.dll
 0002:000002c0       __imp_?qt_emit@QFrame@@UAE_NHPAUQUObject@@@Z 100072c0     qt-mt323:qt-mt323.dll
 0002:000002c4       __imp_?qt_invoke@QFrame@@UAE_NHPAUQUObject@@@Z 100072c4     qt-mt323:qt-mt323.dll
 0002:000002c8       __imp_?qt_cast@QFrame@@UAEPAXPBD@Z 100072c8     qt-mt323:qt-mt323.dll
 0002:000002cc       __imp_?className@QFrame@@UBEPBDXZ 100072cc     qt-mt323:qt-mt323.dll
 0002:000002d0       __imp_?metaObject@QFrame@@UBEPAVQMetaObject@@XZ 100072d0     qt-mt323:qt-mt323.dll
 0002:000002d4       __imp_?createPopupMenu@QLineEdit@@MAEPAVQPopupMenu@@XZ 100072d4     qt-mt323:qt-mt323.dll
 0002:000002d8       __imp_?setDragEnabled@QLineEdit@@UAEX_N@Z 100072d8     qt-mt323:qt-mt323.dll
 0002:000002dc       __imp_?paste@QLineEdit@@UAEXXZ 100072dc     qt-mt323:qt-mt323.dll
 0002:000002e0       __imp_?copy@QLineEdit@@UBEXXZ 100072e0     qt-mt323:qt-mt323.dll
 0002:000002e4       __imp_?cut@QLineEdit@@UAEXXZ 100072e4     qt-mt323:qt-mt323.dll
 0002:000002e8       __imp_?setAlignment@QLineEdit@@UAEXH@Z 100072e8     qt-mt323:qt-mt323.dll
 0002:000002ec       __imp_?setCursorPosition@QLineEdit@@UAEXH@Z 100072ec     qt-mt323:qt-mt323.dll
 0002:000002f0       __imp_?setSelection@QLineEdit@@UAEXHH@Z 100072f0     qt-mt323:qt-mt323.dll
 0002:000002f4       __imp_?setValidator@QLineEdit@@UAEXPBVQValidator@@@Z 100072f4     qt-mt323:qt-mt323.dll
 0002:000002f8       __imp_?setReadOnly@QLineEdit@@UAEX_N@Z 100072f8     qt-mt323:qt-mt323.dll
 0002:000002fc       __imp_?setEchoMode@QLineEdit@@UAEXW4EchoMode@1@@Z 100072fc     qt-mt323:qt-mt323.dll
 0002:00000300       __imp_?setFrame@QLineEdit@@UAEX_N@Z 10007300     qt-mt323:qt-mt323.dll
 0002:00000304       __imp_?setMaxLength@QLineEdit@@UAEXH@Z 10007304     qt-mt323:qt-mt323.dll
 0002:00000308       __imp_?redo@QLineEdit@@UAEXXZ 10007308     qt-mt323:qt-mt323.dll
 0002:0000030c       __imp_?undo@QLineEdit@@UAEXXZ 1000730c     qt-mt323:qt-mt323.dll
 0002:00000310       __imp_?clear@QLineEdit@@UAEXXZ 10007310     qt-mt323:qt-mt323.dll
 0002:00000314       __imp_?insert@QLineEdit@@UAEXABVQString@@@Z 10007314     qt-mt323:qt-mt323.dll
 0002:00000318       __imp_?clearValidator@QLineEdit@@UAEXXZ 10007318     qt-mt323:qt-mt323.dll
 0002:0000031c       __imp_?deselect@QLineEdit@@UAEXXZ 1000731c     qt-mt323:qt-mt323.dll
 0002:00000320       __imp_?selectAll@QLineEdit@@UAEXXZ 10007320     qt-mt323:qt-mt323.dll
 0002:00000324       __imp_?setText@QLineEdit@@UAEXABVQString@@@Z 10007324     qt-mt323:qt-mt323.dll
 0002:00000328       __imp_?drawContents@QLineEdit@@MAEXPAVQPainter@@@Z 10007328     qt-mt323:qt-mt323.dll
 0002:0000032c       __imp_?windowActivationChange@QLineEdit@@MAEX_N@Z 1000732c     qt-mt323:qt-mt323.dll
 0002:00000330       __imp_?dropEvent@QLineEdit@@MAEXPAVQDropEvent@@@Z 10007330     qt-mt323:qt-mt323.dll
 0002:00000334       __imp_?dragLeaveEvent@QLineEdit@@MAEXPAVQDragLeaveEvent@@@Z 10007334     qt-mt323:qt-mt323.dll
 0002:00000338       __imp_?dragMoveEvent@QLineEdit@@MAEXPAVQDragMoveEvent@@@Z 10007338     qt-mt323:qt-mt323.dll
 0002:0000033c       __imp_?dragEnterEvent@QLineEdit@@MAEXPAVQDragEnterEvent@@@Z 1000733c     qt-mt323:qt-mt323.dll
 0002:00000340       __imp_?imEndEvent@QLineEdit@@MAEXPAVQIMEvent@@@Z 10007340     qt-mt323:qt-mt323.dll
 0002:00000344       __imp_?imComposeEvent@QLineEdit@@MAEXPAVQIMEvent@@@Z 10007344     qt-mt323:qt-mt323.dll
 0002:00000348       __imp_?imStartEvent@QLineEdit@@MAEXPAVQIMEvent@@@Z 10007348     qt-mt323:qt-mt323.dll
 0002:0000034c       __imp_?contextMenuEvent@QLineEdit@@MAEXPAVQContextMenuEvent@@@Z 1000734c     qt-mt323:qt-mt323.dll
 0002:00000350       __imp_?resizeEvent@QLineEdit@@MAEXPAVQResizeEvent@@@Z 10007350     qt-mt323:qt-mt323.dll
 0002:00000354       __imp_?focusOutEvent@QLineEdit@@MAEXPAVQFocusEvent@@@Z 10007354     qt-mt323:qt-mt323.dll
 0002:00000358       __imp_?focusInEvent@QLineEdit@@MAEXPAVQFocusEvent@@@Z 10007358     qt-mt323:qt-mt323.dll
 0002:0000035c       __imp_?keyPressEvent@QLineEdit@@MAEXPAVQKeyEvent@@@Z 1000735c     qt-mt323:qt-mt323.dll
 0002:00000360       __imp_?mouseMoveEvent@QLineEdit@@MAEXPAVQMouseEvent@@@Z 10007360     qt-mt323:qt-mt323.dll
 0002:00000364       __imp_?mouseDoubleClickEvent@QLineEdit@@MAEXPAVQMouseEvent@@@Z 10007364     qt-mt323:qt-mt323.dll
 0002:00000368       __imp_?mouseReleaseEvent@QLineEdit@@MAEXPAVQMouseEvent@@@Z 10007368     qt-mt323:qt-mt323.dll
 0002:0000036c       __imp_?mousePressEvent@QLineEdit@@MAEXPAVQMouseEvent@@@Z 1000736c     qt-mt323:qt-mt323.dll
 0002:00000370       __imp_?minimumSizeHint@QLineEdit@@UBE?AVQSize@@XZ 10007370     qt-mt323:qt-mt323.dll
 0002:00000374       __imp_?sizeHint@QLineEdit@@UBE?AVQSize@@XZ 10007374     qt-mt323:qt-mt323.dll
 0002:00000378       __imp_?setFont@QLineEdit@@UAEXABVQFont@@@Z 10007378     qt-mt323:qt-mt323.dll
 0002:0000037c       __imp_?setPalette@QLineEdit@@UAEXABVQPalette@@@Z 1000737c     qt-mt323:qt-mt323.dll
 0002:00000380       __imp_?event@QLineEdit@@MAE_NPAVQEvent@@@Z 10007380     qt-mt323:qt-mt323.dll
 0002:00000384       __imp_?qt_property@QLineEdit@@UAE_NHHPAVQVariant@@@Z 10007384     qt-mt323:qt-mt323.dll
 0002:00000388       __imp_?qt_emit@QLineEdit@@UAE_NHPAUQUObject@@@Z 10007388     qt-mt323:qt-mt323.dll
 0002:0000038c       __imp_?qt_invoke@QLineEdit@@UAE_NHPAUQUObject@@@Z 1000738c     qt-mt323:qt-mt323.dll
 0002:00000390       __imp_?qt_cast@QLineEdit@@UAEPAXPBD@Z 10007390     qt-mt323:qt-mt323.dll
 0002:00000394       __imp_?className@QLineEdit@@UBEPBDXZ 10007394     qt-mt323:qt-mt323.dll
 0002:00000398       __imp_?metaObject@QLineEdit@@UBEPAVQMetaObject@@XZ 10007398     qt-mt323:qt-mt323.dll
 0002:0000039c       __imp_?setNum@QLabel@@UAEXH@Z 1000739c     qt-mt323:qt-mt323.dll
 0002:000003a0       __imp_?setNum@QLabel@@UAEXN@Z 100073a0     qt-mt323:qt-mt323.dll
 0002:000003a4       __imp_?setMovie@QLabel@@UAEXABVQMovie@@@Z 100073a4     qt-mt323:qt-mt323.dll
 0002:000003a8       __imp_?setPicture@QLabel@@UAEXABVQPicture@@@Z 100073a8     qt-mt323:qt-mt323.dll
 0002:000003ac       __imp_?setPixmap@QLabel@@UAEXABVQPixmap@@@Z 100073ac     qt-mt323:qt-mt323.dll
 0002:000003b0       __imp_?setText@QLabel@@UAEXABVQString@@@Z 100073b0     qt-mt323:qt-mt323.dll
 0002:000003b4       __imp_?setBuddy@QLabel@@UAEXPAVQWidget@@@Z 100073b4     qt-mt323:qt-mt323.dll
 0002:000003b8       __imp_?setAutoResize@QLabel@@UAEX_N@Z 100073b8     qt-mt323:qt-mt323.dll
 0002:000003bc       __imp_?setAlignment@QLabel@@UAEXH@Z 100073bc     qt-mt323:qt-mt323.dll
 0002:000003c0       __imp_?frameChanged@QFrame@@MAEXXZ 100073c0     qt-mt323:qt-mt323.dll
 0002:000003c4       __imp_?drawContents@QLabel@@MAEXPAVQPainter@@@Z 100073c4     qt-mt323:qt-mt323.dll
 0002:000003c8       __imp_?drawFrame@QFrame@@MAEXPAVQPainter@@@Z 100073c8     qt-mt323:qt-mt323.dll
 0002:000003cc       __imp_?setFrameRect@QFrame@@UAEXABVQRect@@@Z 100073cc     qt-mt323:qt-mt323.dll
 0002:000003d0       __imp_?setMidLineWidth@QFrame@@UAEXH@Z 100073d0     qt-mt323:qt-mt323.dll
 0002:000003d4       __imp_?setPaletteBackgroundColor@QWidget@@UAEXABVQColor@@@Z 100073d4     qt-mt323:qt-mt323.dll
 0002:000003d8       __imp_?setLineWidth@QFrame@@UAEXH@Z 100073d8     qt-mt323:qt-mt323.dll
 0002:000003dc       __imp_?setFrameStyle@QFrame@@UAEXH@Z 100073dc     qt-mt323:qt-mt323.dll
 0002:000003e0       __imp_?fontChange@QLabel@@MAEXABVQFont@@@Z 100073e0     qt-mt323:qt-mt323.dll
 0002:000003e4       __imp_?styleChange@QFrame@@MAEXAAVQStyle@@@Z 100073e4     qt-mt323:qt-mt323.dll
 0002:000003e8       __imp_?resizeEvent@QLabel@@MAEXPAVQResizeEvent@@@Z 100073e8     qt-mt323:qt-mt323.dll
 0002:000003ec       __imp_?paintEvent@QFrame@@MAEXPAVQPaintEvent@@@Z 100073ec     qt-mt323:qt-mt323.dll
 0002:000003f0       __imp_?heightForWidth@QLabel@@UBEHH@Z 100073f0     qt-mt323:qt-mt323.dll
 0002:000003f4       __imp_?minimumSizeHint@QLabel@@UBE?AVQSize@@XZ 100073f4     qt-mt323:qt-mt323.dll
 0002:000003f8       __imp_?sizeHint@QLabel@@UBE?AVQSize@@XZ 100073f8     qt-mt323:qt-mt323.dll
 0002:000003fc       __imp_?setFont@QLabel@@UAEXABVQFont@@@Z 100073fc     qt-mt323:qt-mt323.dll
 0002:00000400       __imp_?qt_property@QLabel@@UAE_NHHPAVQVariant@@@Z 10007400     qt-mt323:qt-mt323.dll
 0002:00000404       __imp_?qt_emit@QLabel@@UAE_NHPAUQUObject@@@Z 10007404     qt-mt323:qt-mt323.dll
 0002:00000408       __imp_?qt_invoke@QLabel@@UAE_NHPAUQUObject@@@Z 10007408     qt-mt323:qt-mt323.dll
 0002:0000040c       __imp_?qt_cast@QLabel@@UAEPAXPBD@Z 1000740c     qt-mt323:qt-mt323.dll
 0002:00000410       __imp_?className@QLabel@@UBEPBDXZ 10007410     qt-mt323:qt-mt323.dll
 0002:00000414       __imp_?metaObject@QLabel@@UBEPAVQMetaObject@@XZ 10007414     qt-mt323:qt-mt323.dll
 0002:00000418       __imp_?qt_property@QHBoxLayout@@UAE_NHHPAVQVariant@@@Z 10007418     qt-mt323:qt-mt323.dll
 0002:0000041c       __imp_?qt_emit@QHBoxLayout@@UAE_NHPAUQUObject@@@Z 1000741c     qt-mt323:qt-mt323.dll
 0002:00000420       __imp_?qt_invoke@QHBoxLayout@@UAE_NHPAUQUObject@@@Z 10007420     qt-mt323:qt-mt323.dll
 0002:00000424       __imp_?qt_cast@QHBoxLayout@@UAEPAXPBD@Z 10007424     qt-mt323:qt-mt323.dll
 0002:00000428       __imp_?className@QHBoxLayout@@UBEPBDXZ 10007428     qt-mt323:qt-mt323.dll
 0002:0000042c       __imp_?metaObject@QHBoxLayout@@UBEPAVQMetaObject@@XZ 1000742c     qt-mt323:qt-mt323.dll
 0002:00000430       __imp_?spacerItem@QLayoutItem@@UAEPAVQSpacerItem@@XZ 10007430     qt-mt323:qt-mt323.dll
 0002:00000434       __imp_?layout@QLayout@@UAEPAV1@XZ 10007434     qt-mt323:qt-mt323.dll
 0002:00000438       __imp_?iterator@QBoxLayout@@UAE?AVQLayoutIterator@@XZ 10007438     qt-mt323:qt-mt323.dll
 0002:0000043c       __imp_?invalidate@QBoxLayout@@UAEXXZ 1000743c     qt-mt323:qt-mt323.dll
 0002:00000440       __imp_?heightForWidth@QBoxLayout@@UBEHH@Z 10007440     qt-mt323:qt-mt323.dll
 0002:00000444       __imp_?hasHeightForWidth@QBoxLayout@@UBE_NXZ 10007444     qt-mt323:qt-mt323.dll
 0002:00000448       __imp_?isEmpty@QLayout@@UBE_NXZ 10007448     qt-mt323:qt-mt323.dll
 0002:0000044c       __imp_?geometry@QLayout@@UBE?AVQRect@@XZ 1000744c     qt-mt323:qt-mt323.dll
 0002:00000450       __imp_?setGeometry@QBoxLayout@@UAEXABVQRect@@@Z 10007450     qt-mt323:qt-mt323.dll
 0002:00000454       __imp_?expanding@QBoxLayout@@UBE?AW4ExpandData@QSizePolicy@@XZ 10007454     qt-mt323:qt-mt323.dll
 0002:00000458       __imp_?maximumSize@QBoxLayout@@UBE?AVQSize@@XZ 10007458     qt-mt323:qt-mt323.dll
 0002:0000045c       __imp_?minimumSize@QBoxLayout@@UBE?AVQSize@@XZ 1000745c     qt-mt323:qt-mt323.dll
 0002:00000460       __imp_?sizeHint@QBoxLayout@@UBE?AVQSize@@XZ 10007460     qt-mt323:qt-mt323.dll
 0002:00000464       __imp_?addItem@QBoxLayout@@UAEXPAVQLayoutItem@@@Z 10007464     qt-mt323:qt-mt323.dll
 0002:00000468       __imp_?setAutoAdd@QLayout@@UAEX_N@Z 10007468     qt-mt323:qt-mt323.dll
 0002:0000046c       __imp_?setMenuBar@QLayout@@UAEXPAVQMenuBar@@@Z 1000746c     qt-mt323:qt-mt323.dll
 0002:00000470       __imp_?setSpacing@QLayout@@UAEXH@Z 10007470     qt-mt323:qt-mt323.dll
 0002:00000474       __imp_?setMargin@QLayout@@UAEXH@Z 10007474     qt-mt323:qt-mt323.dll
 0002:00000478       __imp_?childEvent@QLayout@@MAEXPAVQChildEvent@@@Z 10007478     qt-mt323:qt-mt323.dll
 0002:0000047c       __imp_?eventFilter@QLayout@@MAE_NPAVQObject@@PAVQEvent@@@Z 1000747c     qt-mt323:qt-mt323.dll
 0002:00000480       __imp_?qt_property@QVBoxLayout@@UAE_NHHPAVQVariant@@@Z 10007480     qt-mt323:qt-mt323.dll
 0002:00000484       __imp_?qt_emit@QVBoxLayout@@UAE_NHPAUQUObject@@@Z 10007484     qt-mt323:qt-mt323.dll
 0002:00000488       __imp_?qt_invoke@QVBoxLayout@@UAE_NHPAUQUObject@@@Z 10007488     qt-mt323:qt-mt323.dll
 0002:0000048c       __imp_?qt_cast@QVBoxLayout@@UAEPAXPBD@Z 1000748c     qt-mt323:qt-mt323.dll
 0002:00000490       __imp_?className@QVBoxLayout@@UBEPBDXZ 10007490     qt-mt323:qt-mt323.dll
 0002:00000494       __imp_?metaObject@QVBoxLayout@@UBEPAVQMetaObject@@XZ 10007494     qt-mt323:qt-mt323.dll
 0002:00000498       __imp_?setAlignment@QLayoutItem@@UAEXH@Z 10007498     qt-mt323:qt-mt323.dll
 0002:0000049c       __imp_?spacerItem@QSpacerItem@@UAEPAV1@XZ 1000749c     qt-mt323:qt-mt323.dll
 0002:000004a0       __imp_?layout@QLayoutItem@@UAEPAVQLayout@@XZ 100074a0     qt-mt323:qt-mt323.dll
 0002:000004a4       __imp_?iterator@QLayoutItem@@UAE?AVQLayoutIterator@@XZ 100074a4     qt-mt323:qt-mt323.dll
 0002:000004a8       __imp_?widget@QLayoutItem@@UAEPAVQWidget@@XZ 100074a8     qt-mt323:qt-mt323.dll
 0002:000004ac       __imp_?invalidate@QLayoutItem@@UAEXXZ 100074ac     qt-mt323:qt-mt323.dll
 0002:000004b0       __imp_?heightForWidth@QLayoutItem@@UBEHH@Z 100074b0     qt-mt323:qt-mt323.dll
 0002:000004b4       __imp_?hasHeightForWidth@QLayoutItem@@UBE_NXZ 100074b4     qt-mt323:qt-mt323.dll
 0002:000004b8       __imp_?isEmpty@QSpacerItem@@UBE_NXZ 100074b8     qt-mt323:qt-mt323.dll
 0002:000004bc       __imp_?geometry@QSpacerItem@@UBE?AVQRect@@XZ 100074bc     qt-mt323:qt-mt323.dll
 0002:000004c0       __imp_?setGeometry@QSpacerItem@@UAEXABVQRect@@@Z 100074c0     qt-mt323:qt-mt323.dll
 0002:000004c4       __imp_?expanding@QSpacerItem@@UBE?AW4ExpandData@QSizePolicy@@XZ 100074c4     qt-mt323:qt-mt323.dll
 0002:000004c8       __imp_?maximumSize@QSpacerItem@@UBE?AVQSize@@XZ 100074c8     qt-mt323:qt-mt323.dll
 0002:000004cc       __imp_?minimumSize@QSpacerItem@@UBE?AVQSize@@XZ 100074cc     qt-mt323:qt-mt323.dll
 0002:000004d0       __imp_?sizeHint@QSpacerItem@@UBE?AVQSize@@XZ 100074d0     qt-mt323:qt-mt323.dll
 0002:000004d4       __imp_?setOn@QPushButton@@UAEX_N@Z 100074d4     qt-mt323:qt-mt323.dll
 0002:000004d8       __imp_?setIsMenuButton@QPushButton@@UAEX_N@Z 100074d8     qt-mt323:qt-mt323.dll
 0002:000004dc       __imp_?setDefault@QPushButton@@UAEX_N@Z 100074dc     qt-mt323:qt-mt323.dll
 0002:000004e0       __imp_?setAutoDefault@QPushButton@@UAEX_N@Z 100074e0     qt-mt323:qt-mt323.dll
 0002:000004e4       __imp_?setGroup@QButton@@EAEXPAVQButtonGroup@@@Z 100074e4     qt-mt323:qt-mt323.dll
 0002:000004e8       __imp_?drawButtonLabel@QPushButton@@MAEXPAVQPainter@@@Z 100074e8     qt-mt323:qt-mt323.dll
 0002:000004ec       __imp_?drawButton@QPushButton@@MAEXPAVQPainter@@@Z 100074ec     qt-mt323:qt-mt323.dll
 0002:000004f0       __imp_?hitButton@QButton@@MBE_NABVQPoint@@@Z 100074f0     qt-mt323:qt-mt323.dll
 0002:000004f4       __imp_?setState@QButton@@MAEXW4ToggleState@1@@Z 100074f4     qt-mt323:qt-mt323.dll
 0002:000004f8       __imp_?setToggleType@QButton@@MAEXW4ToggleType@1@@Z 100074f8     qt-mt323:qt-mt323.dll
 0002:000004fc       __imp_?setAutoRepeat@QButton@@UAEX_N@Z 100074fc     qt-mt323:qt-mt323.dll
 0002:00000500       __imp_?setDown@QButton@@UAEX_N@Z 10007500     qt-mt323:qt-mt323.dll
 0002:00000504       __imp_?setAccel@QButton@@UAEXABVQKeySequence@@@Z 10007504     qt-mt323:qt-mt323.dll
 0002:00000508       __imp_?setPixmap@QButton@@UAEXABVQPixmap@@@Z 10007508     qt-mt323:qt-mt323.dll
 0002:0000050c       __imp_?setText@QButton@@UAEXABVQString@@@Z 1000750c     qt-mt323:qt-mt323.dll
 0002:00000510       __imp_?enabledChange@QButton@@MAEX_N@Z 10007510     qt-mt323:qt-mt323.dll
 0002:00000514       __imp_?updateMask@QPushButton@@MAEXXZ 10007514     qt-mt323:qt-mt323.dll
 0002:00000518       __imp_?resizeEvent@QPushButton@@MAEXPAVQResizeEvent@@@Z 10007518     qt-mt323:qt-mt323.dll
 0002:0000051c       __imp_?paintEvent@QButton@@MAEXPAVQPaintEvent@@@Z 1000751c     qt-mt323:qt-mt323.dll
 0002:00000520       __imp_?focusOutEvent@QPushButton@@MAEXPAVQFocusEvent@@@Z 10007520     qt-mt323:qt-mt323.dll
 0002:00000524       __imp_?focusInEvent@QPushButton@@MAEXPAVQFocusEvent@@@Z 10007524     qt-mt323:qt-mt323.dll
 0002:00000528       __imp_?keyReleaseEvent@QButton@@MAEXPAVQKeyEvent@@@Z 10007528     qt-mt323:qt-mt323.dll
 0002:0000052c       __imp_?keyPressEvent@QButton@@MAEXPAVQKeyEvent@@@Z 1000752c     qt-mt323:qt-mt323.dll
 0002:00000530       __imp_?mouseMoveEvent@QButton@@MAEXPAVQMouseEvent@@@Z 10007530     qt-mt323:qt-mt323.dll
 0002:00000534       __imp_?mouseReleaseEvent@QButton@@MAEXPAVQMouseEvent@@@Z 10007534     qt-mt323:qt-mt323.dll
 0002:00000538       __imp_?mousePressEvent@QButton@@MAEXPAVQMouseEvent@@@Z 10007538     qt-mt323:qt-mt323.dll
 0002:0000053c       __imp_?sizeHint@QPushButton@@UBE?AVQSize@@XZ 1000753c     qt-mt323:qt-mt323.dll
 0002:00000540       __imp_?setGeometry@QPushButton@@UAEXHHHH@Z 10007540     qt-mt323:qt-mt323.dll
 0002:00000544       __imp_?setGeometry@QPushButton@@UAEXABVQRect@@@Z 10007544     qt-mt323:qt-mt323.dll
 0002:00000548       __imp_?resize@QPushButton@@UAEXHH@Z 10007548     qt-mt323:qt-mt323.dll
 0002:0000054c       __imp_?move@QPushButton@@UAEXHH@Z 1000754c     qt-mt323:qt-mt323.dll
 0002:00000550       __imp_?qt_property@QPushButton@@UAE_NHHPAVQVariant@@@Z 10007550     qt-mt323:qt-mt323.dll
 0002:00000554       __imp_?qt_emit@QPushButton@@UAE_NHPAUQUObject@@@Z 10007554     qt-mt323:qt-mt323.dll
 0002:00000558       __imp_?qt_invoke@QPushButton@@UAE_NHPAUQUObject@@@Z 10007558     qt-mt323:qt-mt323.dll
 0002:0000055c       __imp_?qt_cast@QPushButton@@UAEPAXPBD@Z 1000755c     qt-mt323:qt-mt323.dll
 0002:00000560       __imp_?className@QPushButton@@UBEPBDXZ 10007560     qt-mt323:qt-mt323.dll
 0002:00000564       __imp_?metaObject@QPushButton@@UBEPAVQMetaObject@@XZ 10007564     qt-mt323:qt-mt323.dll
 0002:00000568       __imp_??1QDialog@@UAE@XZ   10007568     qt-mt323:qt-mt323.dll
 0002:0000056c       __imp_?setTabOrder@QWidget@@SAXPAV1@0@Z 1000756c     qt-mt323:qt-mt323.dll
 0002:00000570       __imp_?resize@QDialog@@QAEXABVQSize@@@Z 10007570     qt-mt323:qt-mt323.dll
 0002:00000574       __imp_??0QPushButton@@QAE@PAVQWidget@@PBD@Z 10007574     qt-mt323:qt-mt323.dll
 0002:00000578       __imp_??0QFrame@@QAE@PAVQWidget@@PBDI@Z 10007578     qt-mt323:qt-mt323.dll
 0002:0000057c       __imp_?addLayout@QBoxLayout@@QAEXPAVQLayout@@H@Z 1000757c     qt-mt323:qt-mt323.dll
 0002:00000580       __imp_??0QLineEdit@@QAE@PAVQWidget@@PBD@Z 10007580     qt-mt323:qt-mt323.dll
 0002:00000584       __imp_?addWidget@QBoxLayout@@QAEXPAVQWidget@@HH@Z 10007584     qt-mt323:qt-mt323.dll
 0002:00000588       __imp_??0QLabel@@QAE@PAVQWidget@@PBDI@Z 10007588     qt-mt323:qt-mt323.dll
 0002:0000058c       __imp_??0QHBoxLayout@@QAE@PAVQWidget@@HHPBD@Z 1000758c     qt-mt323:qt-mt323.dll
 0002:00000590       __imp_??0QVBoxLayout@@QAE@PAVQWidget@@HHPBD@Z 10007590     qt-mt323:qt-mt323.dll
 0002:00000594       __imp_?setSizeGripEnabled@QDialog@@QAEX_N@Z 10007594     qt-mt323:qt-mt323.dll
 0002:00000598       __imp_??0QDialog@@QAE@PAVQWidget@@PBD_NI@Z 10007598     qt-mt323:qt-mt323.dll
 0002:0000059c       __imp_??1QSpacerItem@@UAE@XZ 1000759c     qt-mt323:qt-mt323.dll
 0002:000005a0       __imp_??1QVBoxLayout@@UAE@XZ 100075a0     qt-mt323:qt-mt323.dll
 0002:000005a4       __imp_??1QHBoxLayout@@UAE@XZ 100075a4     qt-mt323:qt-mt323.dll
 0002:000005a8       __imp_??1QLabel@@UAE@XZ    100075a8     qt-mt323:qt-mt323.dll
 0002:000005ac       __imp_??1QLineEdit@@UAE@XZ 100075ac     qt-mt323:qt-mt323.dll
 0002:000005b0       __imp_??1QFrame@@UAE@XZ    100075b0     qt-mt323:qt-mt323.dll
 0002:000005b4       __imp_??1QPushButton@@UAE@XZ 100075b4     qt-mt323:qt-mt323.dll
 0002:000005b8       __imp_??1QKeySequence@@QAE@XZ 100075b8     qt-mt323:qt-mt323.dll
[...]
 0003:000ebc00       ??_C@_07CCNO@WM_CHAR?$AA@  100fdc00     Cc_sufu_common.obj
 0003:000ebc08       ??_C@_08KJLI@WM_KEYUP?$AA@ 100fdc08     Cc_sufu_common.obj
 0003:000ebc14       ??_C@_0L@LOJG@WM_KEYDOWN?$AA@ 100fdc14     Cc_sufu_common.obj
 0003:000ebc20       ??_C@_08MEGL@WM_INPUT?$AA@ 100fdc20     Cc_sufu_common.obj
 0003:000ebc2c       ??_C@_0O@NLMA@BM_SETIMAGE32?$AA@ 100fdc2c     Cc_sufu_common.obj
 0003:000ebc3c       ??_C@_0O@BION@BM_GETIMAGE32?$AA@ 100fdc3c     Cc_sufu_common.obj
 0003:000ebc4c       ??_C@_0L@ILCN@BM_CLICK32?$AA@ 100fdc4c     Cc_sufu_common.obj
 0003:000ebc58       ??_C@_0O@DPKG@BM_SETSTYLE32?$AA@ 100fdc58     Cc_sufu_common.obj
 0003:000ebc68       ??_C@_0O@EDGI@BM_SETSTATE32?$AA@ 100fdc68     Cc_sufu_common.obj
 0003:000ebc78       ??_C@_0O@IAEF@BM_GETSTATE32?$AA@ 100fdc78     Cc_sufu_common.obj
 0003:000ebc88       ??_C@_0O@FIHJ@BM_SETCHECK32?$AA@ 100fdc88     Cc_sufu_common.obj
 0003:000ebc98       ??_C@_0O@JLFE@BM_GETCHECK32?$AA@ 100fdc98     Cc_sufu_common.obj
 0003:000ebca8       ??_C@_0BE@CDFP@SBM_GETSCROLLINFO32?$AA@ 100fdca8     Cc_sufu_common.obj
 0003:000ebcbc       ??_C@_0BE@DNL@SBM_SETSCROLLINFO32?$AA@ 100fdcbc     Cc_sufu_common.obj
 0003:000ebcd0       ??_C@_0BF@FOFA@SBM_SETRANGEREDRAW32?$AA@ 100fdcd0     Cc_sufu_common.obj
 0003:000ebce8       ??_C@_0BE@HAED@SBM_ENABLE_ARROWS32?$AA@ 100fdce8     Cc_sufu_common.obj
 0003:000ebcfc       ??_C@_0P@JNEL@SBM_GETRANGE32?$AA@ 100fdcfc     Cc_sufu_common.obj
 0003:000ebd0c       ??_C@_0P@FOGG@SBM_SETRANGE32?$AA@ 100fdd0c     Cc_sufu_common.obj
 0003:000ebd1c       ??_C@_0N@OAAH@SBM_GETPOS32?$AA@ 100fdd1c     Cc_sufu_common.obj
 0003:000ebd2c       ??_C@_0N@ECFE@SBM_SETPOS32?$AA@ 100fdd2c     Cc_sufu_common.obj
 0003:000ebd3c       ??_C@_09CCHI@EM_MSGMAX?$AA@ 100fdd3c     Cc_sufu_common.obj
 0003:000ebd48       ??_C@_0BA@DICJ@EM_GETIMESTATUS?$AA@ 100fdd48     Cc_sufu_common.obj
 0003:000ebd58       ??_C@_0BA@FBCL@EM_SETIMESTATUS?$AA@ 100fdd58     Cc_sufu_common.obj
 0003:000ebd68       ??_C@_0BB@NJBF@EM_CHARFROMPOS32?$AA@ 100fdd68     Cc_sufu_common.obj
 0003:000ebd7c       ??_C@_0BB@CMHC@EM_POSFROMCHAR32?$AA@ 100fdd7c     Cc_sufu_common.obj
 0003:000ebd90       ??_C@_0BC@EEAM@EM_GETLIMITTEXT32?$AA@ 100fdd90     Cc_sufu_common.obj
 0003:000ebda4       ??_C@_0BA@GEMI@EM_GETMARGINS32?$AA@ 100fdda4     Cc_sufu_common.obj
 0003:000ebdb4       ??_C@_0BA@NMK@EM_SETMARGINS32?$AA@ 100fddb4     Cc_sufu_common.obj
 0003:000ebdc4       ??_C@_0BF@GMNA@EM_GETPASSWORDCHAR32?$AA@ 100fddc4     Cc_sufu_common.obj
 0003:000ebddc       ??_C@_0BG@DDFA@EM_GETWORDBREAKPROC32?$AA@ 100fdddc     Cc_sufu_common.obj
 0003:000ebdf4       ??_C@_0BG@DLMC@EM_SETWORDBREAKPROC32?$AA@ 100fddf4     Cc_sufu_common.obj
 0003:000ebe0c       ??_C@_0BB@DKEM@EM_SETREADONLY32?$AA@ 100fde0c     Cc_sufu_common.obj
 0003:000ebe20       ??_C@_0BJ@FEEI@EM_GETFIRSTVISIBLELINE32?$AA@ 100fde20     Cc_sufu_common.obj
 0003:000ebe3c       ??_C@_0BF@PCGH@EM_EMPTYUNDOBUFFER32?$AA@ 100fde3c     Cc_sufu_common.obj
 0003:000ebe54       ??_C@_0BF@POEL@EM_SETPASSWORDCHAR32?$AA@ 100fde54     Cc_sufu_common.obj
 0003:000ebe6c       ??_C@_0BB@NMIH@EM_SETTABSTOPS32?$AA@ 100fde6c     Cc_sufu_common.obj
 0003:000ebe80       ??_C@_0BA@KODP@EM_SETWORDBREAK?$AA@ 100fde80     Cc_sufu_common.obj
 0003:000ebe90       ??_C@_0BC@DCPL@EM_LINEFROMCHAR32?$AA@ 100fde90     Cc_sufu_common.obj
 0003:000ebea4       ??_C@_0O@BHEF@EM_FMTLINES32?$AA@ 100fdea4     Cc_sufu_common.obj
 0003:000ebeb4       ??_C@_09PDNC@EM_UNDO32?$AA@ 100fdeb4     Cc_sufu_common.obj
 0003:000ebec0       ??_C@_0N@BCFF@EM_CANUNDO32?$AA@ 100fdec0     Cc_sufu_common.obj
 0003:000ebed0       ??_C@_0P@HIHL@EM_LIMITTEXT32?$AA@ 100fded0     Cc_sufu_common.obj
 0003:000ebee0       ??_C@_0BH@LGEK@EM_SETFONTEM_GETLINE32?$AA@ 100fdee0     Cc_sufu_common.obj
 0003:000ebef8       ??_C@_0BA@HIAD@EM_REPLACESEL32?$AA@ 100fdef8     Cc_sufu_common.obj
 0003:000ebf08       ??_C@_0BA@EOOG@EM_LINELENGTH32?$AA@ 100fdf08     Cc_sufu_common.obj
 0003:000ebf18       ??_C@_0O@DIGN@EM_GETTHUMB32?$AA@ 100fdf18     Cc_sufu_common.obj
 0003:000ebf28       ??_C@_0P@FMMB@EM_GETHANDLE32?$AA@ 100fdf28     Cc_sufu_common.obj
 0003:000ebf38       ??_C@_0P@FOAC@EM_SETHANDLE32?$AA@ 100fdf38     Cc_sufu_common.obj
 0003:000ebf48       ??_C@_0P@DNHL@EM_LINEINDEX32?$AA@ 100fdf48     Cc_sufu_common.obj
 0003:000ebf58       ??_C@_0BC@ICND@EM_GETLINECOUNT32?$AA@ 100fdf58     Cc_sufu_common.obj
 0003:000ebf6c       ??_C@_0P@JLCM@EM_SETMODIFY32?$AA@ 100fdf6c     Cc_sufu_common.obj
 0003:000ebf7c       ??_C@_0P@JJOP@EM_GETMODIFY32?$AA@ 100fdf7c     Cc_sufu_common.obj
 0003:000ebf8c       ??_C@_0BB@PNPP@EM_SCROLLCARET32?$AA@ 100fdf8c     Cc_sufu_common.obj
 0003:000ebfa0       ??_C@_0BA@FIN@EM_LINESCROLL32?$AA@ 100fdfa0     Cc_sufu_common.obj
 0003:000ebfb0       ??_C@_0M@FMLP@EM_SCROLL32?$AA@ 100fdfb0     Cc_sufu_common.obj
 0003:000ebfbc       ??_C@_0P@KKGC@EM_SETRECTNP32?$AA@ 100fdfbc     Cc_sufu_common.obj
 0003:000ebfcc       ??_C@_0N@GCMO@EM_SETRECT32?$AA@ 100fdfcc     Cc_sufu_common.obj
 0003:000ebfdc       ??_C@_0N@EPGM@EM_GETRECT32?$AA@ 100fdfdc     Cc_sufu_common.obj
 0003:000ebfec       ??_C@_0M@EKCK@EM_SETSEL32?$AA@ 100fdfec     Cc_sufu_common.obj
 0003:000ebff8       ??_C@_0M@OIHJ@EM_GETSEL32?$AA@ 100fdff8     Cc_sufu_common.obj
 0003:000ec004       ??_C@_0BC@DCKA@WM_NCUAHDRAWFRAME?$AA@ 100fe004     Cc_sufu_common.obj
 0003:000ec018       ??_C@_0BE@OLDA@WM_NCUAHDRAWCAPTION?$AA@ 100fe018     Cc_sufu_common.obj
 0003:000ec02c       ??_C@_0BD@HIN@WM_NCXBUTTONDBLCLK?$AA@ 100fe02c     Cc_sufu_common.obj
 0003:000ec040       ??_C@_0P@GDCF@WM_NCXBUTTONUP?$AA@ 100fe040     Cc_sufu_common.obj
 0003:000ec050       ??_C@_0BB@MHFD@WM_NCXBUTTONDOWN?$AA@ 100fe050     Cc_sufu_common.obj
 0003:000ec064       ??_C@_0BD@FIJ@WM_NCMBUTTONDBLCLK?$AA@ 100fe064     Cc_sufu_common.obj
 0003:000ec078       ??_C@_0P@IMMP@WM_NCMBUTTONUP?$AA@ 100fe078     Cc_sufu_common.obj
 0003:000ec088       ??_C@_0BB@CPBP@WM_NCMBUTTONDOWN?$AA@ 100fe088     Cc_sufu_common.obj
 0003:000ec09c       ??_C@_0BD@CODJ@WM_NCRBUTTONDBLCLK?$AA@ 100fe09c     Cc_sufu_common.obj
 0003:000ec0b0       ??_C@_0P@PFPE@WM_NCRBUTTONUP?$AA@ 100fe0b0     Cc_sufu_common.obj
 0003:000ec0c0       ??_C@_0BB@EGDC@WM_NCRBUTTONDOWN?$AA@ 100fe0c0     Cc_sufu_common.obj
 0003:000ec0d4       ??_C@_0BD@FEOE@WM_NCLBUTTONDBLCLK?$AA@ 100fe0d4     Cc_sufu_common.obj
 0003:000ec0e8       ??_C@_0P@EOIH@WM_NCLBUTTONUP?$AA@ 100fe0e8     Cc_sufu_common.obj
 0003:000ec0f8       ??_C@_0BB@MFJA@WM_NCLBUTTONDOWN?$AA@ 100fe0f8     Cc_sufu_common.obj
 0003:000ec10c       ??_C@_0P@GFMJ@WM_NCMOUSEMOVE?$AA@ 100fe10c     Cc_sufu_common.obj
 0003:000ec11c       ??_C@_0BE@NPED@WM_LPKDRAWSWITCHWND?$AA@ 100fe11c     Cc_sufu_common.obj
 0003:000ec130       ??_C@_0BB@LMM@WM_KLUDGEMINRECT?$AA@ 100fe130     Cc_sufu_common.obj
 0003:000ec144       ??_C@_0M@OLHM@WM_SYNCTASK?$AA@ 100fe144     Cc_sufu_common.obj
 0003:000ec150       ??_C@_0N@KMGA@WM_SYNCPAINT?$AA@ 100fe150     Cc_sufu_common.obj
 0003:000ec160       ??_C@_0O@HBJG@WM_GETDLGCODE?$AA@ 100fe160     Cc_sufu_common.obj
 0003:000ec170       ??_C@_0O@OLMF@WM_NCACTIVATE?$AA@ 100fe170     Cc_sufu_common.obj
 0003:000ec180       ??_C@_0L@MLEG@WM_NCPAINT?$AA@ 100fe180     Cc_sufu_common.obj
 0003:000ec18c       ??_C@_0N@ENIL@WM_NCHITTEST?$AA@ 100fe18c     Cc_sufu_common.obj
 0003:000ec19c       ??_C@_0O@HCNE@WM_NCCALCSIZE?$AA@ 100fe19c     Cc_sufu_common.obj
 0003:000ec1ac       ??_C@_0N@FGCE@WM_NCDESTROY?$AA@ 100fe1ac     Cc_sufu_common.obj
 0003:000ec1bc       ??_C@_0M@PGBE@WM_NCCREATE?$AA@ 100fe1bc     Cc_sufu_common.obj
 0003:000ec1c8       ??_C@_0L@JPGD@WM_SETICON?$AA@ 100fe1c8     Cc_sufu_common.obj
 0003:000ec1d4       ??_C@_0L@MMGP@WM_GETICON?$AA@ 100fe1d4     Cc_sufu_common.obj
 0003:000ec1e0       ??_C@_0BB@DEEK@WM_DISPLAYCHANGE?$AA@ 100fe1e0     Cc_sufu_common.obj
 0003:000ec1f4       ??_C@_0BA@OFOA@WM_STYLECHANGED?$AA@ 100fe1f4     Cc_sufu_common.obj
 0003:000ec204       ??_C@_0BB@DICO@WM_STYLECHANGING?$AA@ 100fe204     Cc_sufu_common.obj
 0003:000ec218       ??_C@_0P@HHPE@WM_CONTEXTMENU?$AA@ 100fe218     Cc_sufu_common.obj
 0003:000ec228       ??_C@_0BB@LHCJ@WM_SETCURSORINFO?$AA@ 100fe228     Cc_sufu_common.obj
 0003:000ec23c       ??_C@_0BC@IGOL@WM_TASKNOTVISIBLE?$AA@ 100fe23c     Cc_sufu_common.obj
 0003:000ec250       ??_C@_0P@EIHH@WM_TASKVISIBLE?$AA@ 100fe250     Cc_sufu_common.obj
 0003:000ec260       ??_C@_0BB@NDC@WM_TASKUICHANGED?$AA@ 100fe260     Cc_sufu_common.obj
 0003:000ec274       ??_C@_0BB@FICP@WM_TASKDESTROYED?$AA@ 100fe274     Cc_sufu_common.obj
 0003:000ec288       ??_C@_0P@FAGD@WM_TASKCREATED?$AA@ 100fe288     Cc_sufu_common.obj
 0003:000ec298       ??_C@_0BD@LDKB@WM_TASKDEACTIVATED?$AA@ 100fe298     Cc_sufu_common.obj
 0003:000ec2ac       ??_C@_0BB@CBHL@WM_TASKACTIVATED?$AA@ 100fe2ac     Cc_sufu_common.obj
 0003:000ec2c0       ??_C@_0BK@FMMG@WM_MEASUREITEM_CLIENTDATA?$AA@ 100fe2c0     Cc_sufu_common.obj
 0003:000ec2dc       ??_C@_0BA@FAMF@WM_FINALDESTROY?$AA@ 100fe2dc     Cc_sufu_common.obj
 0003:000ec2ec       ??_C@_0BA@GMNP@WM_NOTIFYFORMAT?$AA@ 100fe2ec     Cc_sufu_common.obj
 0003:000ec2fc       ??_C@_0P@CAGE@WM_USERCHANGED?$AA@ 100fe2fc     Cc_sufu_common.obj
 0003:000ec30c       ??_C@_07EBDL@WM_HELP?$AA@  100fe30c     Cc_sufu_common.obj
 0003:000ec314       ??_C@_08MGHH@WM_TCARD?$AA@ 100fe314     Cc_sufu_common.obj
 0003:000ec320       ??_C@_0BD@DEHG@WM_INPUTLANGCHANGE?$AA@ 100fe320     Cc_sufu_common.obj
 0003:000ec334       ??_C@_0BK@DLLH@WM_INPUTLANGCHANGEREQUEST?$AA@ 100fe334     Cc_sufu_common.obj
 0003:000ec350       ??_C@_0BB@PNOL@WM_ACCESS_WINDOW?$AA@ 100fe350     Cc_sufu_common.obj
 0003:000ec364       ??_C@_09GCP@WM_NOTIFY?$AA@ 100fe364     Cc_sufu_common.obj
 0003:000ec370       ??_C@_08KFFJ@WM_KEYF1?$AA@ 100fe370     Cc_sufu_common.obj
 0003:000ec37c       ??_C@_0P@HHLP@WM_LOGONNOTIFY?$AA@ 100fe37c     Cc_sufu_common.obj
 0003:000ec38c       ??_C@_0BB@DFAL@WM_CANCELJOURNAL?$AA@ 100fe38c     Cc_sufu_common.obj
 0003:000ec3a0       ??_C@_0M@JLKG@WM_COPYDATA?$AA@ 100fe3a0     Cc_sufu_common.obj
 0003:000ec3ac       ??_C@_0BC@GNOK@WM_COPYGLOBALDATA?$AA@ 100fe3ac     Cc_sufu_common.obj
 0003:000ec3c0       ??_C@_08GJNJ@WM_POWER?$AA@ 100fe3c0     Cc_sufu_common.obj
 0003:000ec3cc       ??_C@_0BE@MHJM@WM_WINDOWPOSCHANGED?$AA@ 100fe3cc     Cc_sufu_common.obj
 0003:000ec3e0       ??_C@_0BF@LNAM@WM_WINDOWPOSCHANGING?$AA@ 100fe3e0     Cc_sufu_common.obj
 0003:000ec3f8       ??_C@_0BF@EMOL@WM_MEDIASTATUSCHANGE?$AA@ 100fe3f8     Cc_sufu_common.obj
 0003:000ec410       ??_C@_0O@BKIG@WM_COMMNOTIFY?$AA@ 100fe410     Cc_sufu_common.obj
 0003:000ec420       ??_C@_0BI@CD@WM_OTHERWINDOWDESTROYED?$AA@ 100fe420     Cc_sufu_common.obj
 0003:000ec438       ??_C@_0BG@KBMC@WM_OTHERWINDOWCREATED?$AA@ 100fe438     Cc_sufu_common.obj
 0003:000ec450       ??_C@_0O@GAIC@WM_COMPACTING?$AA@ 100fe450     Cc_sufu_common.obj
 0003:000ec460       ??_C@_0L@CFMH@WM_TESTING?$AA@ 100fe460     Cc_sufu_common.obj
 0003:000ec46c       ??_C@_0O@OJDE@WM_CALCSCROLL?$AA@ 100fe46c     Cc_sufu_common.obj
 0003:000ec47c       ??_C@_0N@HPHK@WM_GETOBJECT?$AA@ 100fe47c     Cc_sufu_common.obj
 0003:000ec48c       ??_C@_0O@LJGI@WM_DDEMLEVENT?$AA@ 100fe48c     Cc_sufu_common.obj
 0003:000ec49c       ??_C@_0BC@FANI@WM_CLIENTSHUTDOWN?$AA@ 100fe49c     Cc_sufu_common.obj
 0003:000ec4b0       ??_C@_0O@LFA@WM_FULLSCREEN?$AA@ 100fe4b0     Cc_sufu_common.obj
 0003:000ec4c0       ??_C@_0P@BKKG@WM_COMPAREITEM?$AA@ 100fe4c0     Cc_sufu_common.obj
 0003:000ec4d0       ??_C@_0L@GNOB@WM_WINHELP?$AA@ 100fe4d0     Cc_sufu_common.obj
 0003:000ec4dc       ??_C@_0BB@IMIB@WM_QUERYDRAGICON?$AA@ 100fe4dc     Cc_sufu_common.obj
 0003:000ec4f0       ??_C@_0BB@NBGL@WM_QUERYPARKICON?$AA@ 100fe4f0     Cc_sufu_common.obj
 0003:000ec504       ??_C@_0BA@HIN@WM_ISACTIVEICON?$AA@ 100fe504     Cc_sufu_common.obj
 0003:000ec514       ??_C@_0BB@CAHD@WM_FILESYSCHANGE?$AA@ 100fe514     Cc_sufu_common.obj
 0003:000ec528       ??_C@_0N@EJJD@WM_GETHOTKEY?$AA@ 100fe528     Cc_sufu_common.obj
 0003:000ec538       ??_C@_0N@GEDB@WM_SETHOTKEY?$AA@ 100fe538     Cc_sufu_common.obj
 0003:000ec548       ??_C@_0L@HKOC@WM_GETFONT?$AA@ 100fe548     Cc_sufu_common.obj
 0003:000ec554       ??_C@_0L@CJOO@WM_SETFONT?$AA@ 100fe554     Cc_sufu_common.obj
 0003:000ec560       ??_C@_0O@OAAH@WM_CHARTOITEM?$AA@ 100fe560     Cc_sufu_common.obj
 0003:000ec570       ??_C@_0O@MNJJ@WM_VKEYTOITEM?$AA@ 100fe570     Cc_sufu_common.obj
 0003:000ec580       ??_C@_0O@NOFD@WM_DELETEITEM?$AA@ 100fe580     Cc_sufu_common.obj
 0003:000ec590       ??_C@_0P@MAHA@WM_MEASUREITEM?$AA@ 100fe590     Cc_sufu_common.obj
 0003:000ec5a0       ??_C@_0M@EHEH@WM_DRAWITEM?$AA@ 100fe5a0     Cc_sufu_common.obj
 0003:000ec5ac       ??_C@_0BB@MJAK@WM_SPOOLERSTATUS?$AA@ 100fe5ac     Cc_sufu_common.obj
 0003:000ec5c0       ??_C@_0BA@CANH@WM_ALTTABACTIVE?$AA@ 100fe5c0     Cc_sufu_common.obj
 0003:000ec5d0       ??_C@_0O@JNLH@WM_NEXTDLGCTL?$AA@ 100fe5d0     Cc_sufu_common.obj
 0003:000ec5e0       ??_C@_0BC@KHMF@WM_ICONERASEBKGND?$AA@ 100fe5e0     Cc_sufu_common.obj
 0003:000ec5f4       ??_C@_0N@KODN@WM_PAINTICON?$AA@ 100fe5f4     Cc_sufu_common.obj
 0003:000ec604       ??_C@_09FDOC@WM_LOGOFF?$AA@ 100fe604     Cc_sufu_common.obj
 0003:000ec610       ??_C@_0BB@INDA@WM_GETMINMAXINFO?$AA@ 100fe610     Cc_sufu_common.obj
 0003:000ec624       ??_C@_0N@IJHA@WM_QUEUESYNC?$AA@ 100fe624     Cc_sufu_common.obj
 0003:000ec634       ??_C@_0BB@GLME@WM_CHILDACTIVATE?$AA@ 100fe634     Cc_sufu_common.obj
 0003:000ec648       ??_C@_0BB@LPNO@WM_MOUSEACTIVATE?$AA@ 100fe648     Cc_sufu_common.obj
 0003:000ec65c       ??_C@_0N@GJNG@WM_SETCURSOR?$AA@ 100fe65c     Cc_sufu_common.obj
 0003:000ec66c       ??_C@_0O@PBAP@WM_CANCELMODE?$AA@ 100fe66c     Cc_sufu_common.obj
 0003:000ec67c       ??_C@_0O@KEEP@WM_TIMECHANGE?$AA@ 100fe67c     Cc_sufu_common.obj
 0003:000ec68c       ??_C@_0O@NFOD@WM_FONTCHANGE?$AA@ 100fe68c     Cc_sufu_common.obj
 0003:000ec69c       ??_C@_0P@MIOO@WM_ACTIVATEAPP?$AA@ 100fe69c     Cc_sufu_common.obj
 0003:000ec6ac       ??_C@_0BB@JHBE@WM_DEVMODECHANGE?$AA@ 100fe6ac     Cc_sufu_common.obj
 0003:000ec6c0       ??_C@_0BA@OBFL@WM_WININICHANGE?$AA@ 100fe6c0     Cc_sufu_common.obj
 0003:000ec6d0       ??_C@_0M@OKAN@WM_CTLCOLOR?$AA@ 100fe6d0     Cc_sufu_common.obj
 0003:000ec6dc       ??_C@_0O@OMHP@WM_SHOWWINDOW?$AA@ 100fe6dc     Cc_sufu_common.obj
 0003:000ec6ec       ??_C@_0P@JMBD@WM_SYSTEMERROR?$AA@ 100fe6ec     Cc_sufu_common.obj
 0003:000ec6fc       ??_C@_0O@LOEN@WM_ENDSESSION?$AA@ 100fe6fc     Cc_sufu_common.obj
 0003:000ec70c       ??_C@_0BC@FPLF@WM_SYSCOLORCHANGE?$AA@ 100fe70c     Cc_sufu_common.obj
 0003:000ec720       ??_C@_0O@FPAF@WM_ERASEBKGND?$AA@ 100fe720     Cc_sufu_common.obj
 0003:000ec730       ??_C@_0N@BAHI@WM_QUERYOPEN?$AA@ 100fe730     Cc_sufu_common.obj
 0003:000ec740       ??_C@_07NMOO@WM_QUIT?$AA@  100fe740     Cc_sufu_common.obj
 0003:000ec748       ??_C@_0BD@PEGN@WM_QUERYENDSESSION?$AA@ 100fe748     Cc_sufu_common.obj
 0003:000ec75c       ??_C@_08LEAJ@WM_CLOSE?$AA@ 100fe75c     Cc_sufu_common.obj
 0003:000ec768       ??_C@_08LANE@WM_PAINT?$AA@ 100fe768     Cc_sufu_common.obj
 0003:000ec774       ??_C@_0BB@HNCD@WM_GETTEXTLENGTH?$AA@ 100fe774     Cc_sufu_common.obj
 0003:000ec788       ??_C@_0L@EMKJ@WM_GETTEXT?$AA@ 100fe788     Cc_sufu_common.obj
 0003:000ec794       ??_C@_0L@BPKF@WM_SETTEXT?$AA@ 100fe794     Cc_sufu_common.obj
 0003:000ec7a0       ??_C@_0N@LOJK@WM_SETREDRAW?$AA@ 100fe7a0     Cc_sufu_common.obj
 0003:000ec7b0       ??_C@_09PJML@WM_ENABLE?$AA@ 100fe7b0     Cc_sufu_common.obj
 0003:000ec7bc       ??_C@_0O@BILD@WM_SETVISIBLE?$AA@ 100fe7bc     Cc_sufu_common.obj
 0003:000ec7cc       ??_C@_0N@LCIJ@WM_KILLFOCUS?$AA@ 100fe7cc     Cc_sufu_common.obj
 0003:000ec7dc       ??_C@_0M@OHD@WM_SETFOCUS?$AA@ 100fe7dc     Cc_sufu_common.obj
 0003:000ec7e8       ??_C@_0M@CEAM@WM_ACTIVATE?$AA@ 100fe7e8     Cc_sufu_common.obj
 0003:000ec7f4       ??_C@_07DNHO@WM_SIZE?$AA@  100fe7f4     Cc_sufu_common.obj
 0003:000ec7fc       ??_C@_0M@PLAI@WM_SIZEWAIT?$AA@ 100fe7fc     Cc_sufu_common.obj
 0003:000ec808       ??_C@_07JOKK@WM_MOVE?$AA@  100fe808     Cc_sufu_common.obj
 0003:000ec810       ??_C@_0L@JPGJ@WM_DESTROY?$AA@ 100fe810     Cc_sufu_common.obj
 0003:000ec81c       ??_C@_09LLGP@WM_CREATE?$AA@ 100fe81c     Cc_sufu_common.obj
 0003:000ec828       ??_C@_07OICJ@WM_NULL?$AA@  100fe828     Cc_sufu_common.obj
 0003:000ec830       ??_C@_07NAGK@Title?56?$AA@ 100fe830     CC_VTCLK.OBJ
 0003:000ec838       ??_C@_07CPND@Title?55?$AA@ 100fe838     CC_VTCLK.OBJ
 0003:000ec840       ??_C@_02BOAK@45?$AA@       100fe840     CC_VTCLK.OBJ
 0003:000ec844       ??_C@_02HPJE@30?$AA@       100fe844     CC_VTCLK.OBJ
 0003:000ec848       ??_C@_02FCAK@15?$AA@       100fe848     CC_VTCLK.OBJ
 0003:000ec84c       ??_C@_02ONBL@0?5?$AA@      100fe84c     CC_VTCLK.OBJ
 0003:000ec850       ??_C@_00A@?$AA@            100fe850     bncs_cc02_qt.obj
 0003:000ec858       ?metaObj@bncs_cc02_edit@@0PAVQMetaObject@@A 100fe858     moc_bncs_cc02_edit.obj
 0003:000ec860       ?metaObj@bncs_cc02_editImpl@@0PAVQMetaObject@@A 100fe860     moc_bncs_cc02_editimpl.obj
 0003:000ec870       ?metaObj@bncs_cc02_qt@@0PAVQMetaObject@@A 100fe870     moc_bncs_cc02_qt.obj
 0003:000ec888       _hWndMain                  100fe888     BNCS_CC02.obj
 0003:000ec88c       _hLibData                  100fe88c     BNCS_CC02.obj
 0003:000ec890       _hLibInstance              100fe890     BNCS_CC02.obj
 0003:000ec898       _lf                        100fe898     BNCS_CC02.obj
 0003:000ec8e4       ?pHtmlHelpW@@3P6GPAUHWND__@@PAU1@PBGIK@ZA 100fe8e4     htmlhelp:init.obj
 0003:000ec8e8       ?pHtmlHelpA@@3P6GPAUHWND__@@PAU1@PBDIK@ZA 100fe8e8     htmlhelp:init.obj
 0003:000ec8f0       _hCapture                  100fe8f0     <common>
 0003:000ec8f4       _iLastpresetY              100fe8f4     <common>
 0003:000ec8f8       _iLastpresetX              100fe8f8     <common>
 0003:000ec8fc       _iCapture                  100fe8fc     <common>
 0003:000ec900       __adjust_fdiv              100fe900     <common>
 0003:000ec904       __pRawDllMain              100fe904     <common>
 0003:000ec908       ___onexitend               100fe908     <common>
 0003:000ec90c       ___onexitbegin             100fe90c     <common>

 entry point at        0001:0000580f

 Static symbols

 0001:00003ec4       _GetMemLongValue           10004ec4 f   CC_VTCLK.OBJ
 0001:00002861       _SetMemLongValue           10003861 f   CC_COMPS.OBJ
 0001:00003ec4       _GetMemLongValue           10004ec4 f   CC_VTCLK.OBJ
 0001:00002861       _SetMemLongValue           10003861 f   CC_COMPS.OBJ
 0001:00003ec4       _GetMemLongValue           10004ec4 f   CC_VTCLK.OBJ
 0001:00002861       _SetMemLongValue           10003861 f   CC_COMPS.OBJ
 0001:00001fbb       _$E106                     10002fbb f   moc_bncs_cc02_qt.obj
 0001:00001fc5       _$E103                     10002fc5 f   moc_bncs_cc02_qt.obj
 0001:00001fdb       _$E105                     10002fdb f   moc_bncs_cc02_qt.obj
 0001:00001fe7       _$E104                     10002fe7 f   moc_bncs_cc02_qt.obj
 0001:00001ea5       _$E102                     10002ea5 f   moc_bncs_cc02_editimpl.obj
 0001:00001eaf       _$E99                      10002eaf f   moc_bncs_cc02_editimpl.obj
 0001:00001ec5       _$E101                     10002ec5 f   moc_bncs_cc02_editimpl.obj
 0001:00001ed1       _$E100                     10002ed1 f   moc_bncs_cc02_editimpl.obj
 0001:00001d46       _$E101                     10002d46 f   moc_bncs_cc02_edit.obj
 0001:00001d50       _$E98                      10002d50 f   moc_bncs_cc02_edit.obj
 0001:00001d66       _$E100                     10002d66 f   moc_bncs_cc02_edit.obj
 0001:00001d72       _$E99                      10002d72 f   moc_bncs_cc02_edit.obj
 0001:00004c54       ?GetRegisteredLocation@@YGHPAD@Z 10005c54 f   htmlhelp:init.obj
 0001:00005664       ?ArrayUnwindFilter@@YAHPAU_EXCEPTION_POINTERS@@@Z 10006664 f   MSVCRT:ehvecdtr.obj

 129 bytes saved through ICF

