 bncs_log

 Timestamp is 56ddff29 (Mon Mar 07 22:22:33 2016)

 Preferred load address is 10000000

 Start         Length     Name                   Class
 0001:00000000 00034dc8H .text                   CODE
 0001:00034dd0 0000584fH .text$x                 CODE
 0002:00000000 00001538H .idata$5                DATA
 0002:00001538 00004064H .rdata                  DATA
 0002:000055a0 00000044H .rdata$r                DATA
 0002:000055e8 00004dd0H .xdata$x                DATA
 0002:0000a3b8 000000c8H .idata$2                DATA
 0002:0000a480 00000014H .idata$3                DATA
 0002:0000a494 00001538H .idata$4                DATA
 0002:0000b9cc 0000d76aH .idata$6                DATA
 0002:00019140 00000ae2H .edata                  DATA
 0003:00000000 00000004H .CRT$XCA                DATA
 0003:00000004 00000040H .CRT$XCU                DATA
 0003:00000044 00000004H .CRT$XCZ                DATA
 0003:00000048 00000004H .CRT$XIA                DATA
 0003:0000004c 00000004H .CRT$XIZ                DATA
 0003:00000050 00004208H .data                   DATA
 0003:00004258 00000188H .bss                    DATA
 0004:00000000 00000058H .rsrc$01                DATA
 0004:00000060 000004a0H .rsrc$02                DATA

  Address         Publics by Value              Rva+Base     Lib:Object

 0001:00000000       ??0bncs_data_form@@QAE@PAVQWidget@@PBD@Z 10001000 f   bncs_data_form.obj
 0001:00000610       ?metaObject@bncs_data_form@@UBEPAVQMetaObject@@XZ 10001610 f i bncs_data_form.obj
 0001:00000620       ??_Ebncs_data_form@@UAEPAXI@Z 10001620 f i bncs_data_form.obj
 0001:00000620       ??_Gbncs_data_form@@UAEPAXI@Z 10001620 f i bncs_data_form.obj
 0001:00000640       ??_GQTimer@@UAEPAXI@Z      10001640 f i bncs_data_form.obj
 0001:00000640       ??_EQTimer@@UAEPAXI@Z      10001640 f i bncs_data_form.obj
 0001:00000660       ??_EQHBoxLayout@@UAEPAXI@Z 10001660 f i bncs_data_form.obj
 0001:00000660       ??_GQHBoxLayout@@UAEPAXI@Z 10001660 f i bncs_data_form.obj
 0001:00000680       ??_GQPushButton@@UAEPAXI@Z 10001680 f i bncs_data_form.obj
 0001:00000680       ??_EQPushButton@@UAEPAXI@Z 10001680 f i bncs_data_form.obj
 0001:000006a0       ?polish@bncs_data_form@@UAEXXZ 100016a0 f   bncs_data_form.obj
 0001:00000770       ??1bncs_data_form@@UAE@XZ  10001770 f   bncs_data_form.obj
 0001:00000960       ??0FormWidget@@QAE@PAVQWidget@@0PBD@Z 10001960 f   bncs_data_form.obj
 0001:000009a0       ?metaObject@FormWidget@@UBEPAVQMetaObject@@XZ 100019a0 f i bncs_data_form.obj
 0001:000009b0       ??_GFormWidget@@UAEPAXI@Z  100019b0 f i bncs_data_form.obj
 0001:000009b0       ??_EFormWidget@@UAEPAXI@Z  100019b0 f i bncs_data_form.obj
 0001:000009d0       ??1FormWidget@@UAE@XZ      100019d0 f   bncs_data_form.obj
 0001:000009f0       ?setContent@FormWidget@@QAEXABVQString@@@Z 100019f0 f   bncs_data_form.obj
 0001:00000a70       ?getContent@FormWidget@@QBE?AVQString@@XZ 10001a70 f   bncs_data_form.obj
 0001:00000bb0       ?setCaption@bncs_data_form@@UAEXABVQString@@@Z 10001bb0 f   bncs_data_form.obj
 0001:000020d0       ?edit@bncs_data_form@@QAEXPA_N0@Z 100030d0 f   bncs_data_form.obj
 0001:00002b30       ??_GQListViewItem@@UAEPAXI@Z 10003b30 f i bncs_data_form.obj
 0001:00002b30       ??_EQListViewItem@@UAEPAXI@Z 10003b30 f i bncs_data_form.obj
 0001:00002b50       ?defaultvalues@bncs_data_form@@AAEXXZ 10003b50 f   bncs_data_form.obj
 0001:00002bd0       ?applyChanges@bncs_data_form@@QAEXXZ 10003bd0 f   bncs_data_form.obj
 0001:00002c00       ?updateConfig@bncs_data_form@@QAEXXZ 10003c00 f   bncs_data_form.obj
 0001:00002e70       ??_EQSqlForm@@UAEPAXI@Z    10003e70 f i bncs_data_form.obj
 0001:00002e70       ??_GQSqlForm@@UAEPAXI@Z    10003e70 f i bncs_data_form.obj
 0001:00002e90       ?connectDb@bncs_data_form@@QAEXXZ 10003e90 f   bncs_data_form.obj
 0001:00002ef0       ?clearSlaveFields@bncs_data_form@@AAEXXZ 10003ef0 f   bncs_data_form.obj
 0001:00002f20       ?loadData@bncs_data_form@@AAEXXZ 10003f20 f   bncs_data_form.obj
 0001:00003150       ??_EQSqlCursor@@UAEPAXI@Z  10004150 f i bncs_data_form.obj
 0001:00003150       ??_GQSqlCursor@@UAEPAXI@Z  10004150 f i bncs_data_form.obj
 0001:00003170       ?key@?$QMapIterator@VQString@@V1@@@QBEABVQString@@XZ 10004170 f i bncs_data_form.obj
 0001:00003180       ?data@?$QMapIterator@VQString@@V1@@@QAEAAVQString@@XZ 10004180 f i bncs_data_form.obj
 0001:00003190       ??1?$QMap@PAVFormWidget@@VQString@@@@QAE@XZ 10004190 f i bncs_data_form.obj
 0001:00003230       ?begin@?$QMapPrivate@VQString@@V1@@@QAE?AV?$QMapIterator@VQString@@V1@@@XZ 10004230 f i bncs_data_form.obj
 0001:00003230       ?begin@?$QMapPrivate@VQString@@Vstyleentry@@@@QAE?AV?$QMapIterator@VQString@@Vstyleentry@@@@XZ 10004230 f i bncs_data_form.obj
 0001:00003230       ?begin@?$QMapPrivate@HPAVbncs_log_queue@@@@QAE?AV?$QMapIterator@HPAVbncs_log_queue@@@@XZ 10004230 f i bncs_data_form.obj
 0001:00003230       ?begin@?$QMapPrivate@HPAVbncs_log@@@@QAE?AV?$QMapIterator@HPAVbncs_log@@@@XZ 10004230 f i bncs_data_form.obj
 0001:00003240       ??1?$QMapNode@VQString@@V1@@@QAE@XZ 10004240 f i bncs_data_form.obj
 0001:000032c0       ??1?$QMapNode@PAVFormWidget@@VQString@@@@QAE@XZ 100042c0 f i bncs_data_form.obj
 0001:000032e0       ?inc@?$QMapIterator@PAVFormWidget@@VQString@@@@AAEHXZ 100042e0 f i bncs_data_form.obj
 0001:000032e0       ?inc@?$QMapConstIterator@VQString@@Vstyleentry@@@@AAEHXZ 100042e0 f i bncs_data_form.obj
 0001:000032e0       ?inc@?$QMapIterator@VQString@@V1@@@AAEHXZ 100042e0 f i bncs_data_form.obj
 0001:00003320       ?detachInternal@?$QMap@PAVFormWidget@@VQString@@@@AAEXXZ 10004320 f i bncs_data_form.obj
 0001:000034f0       ?clear@?$QMapPrivate@VQString@@V1@@@QAEXXZ 100044f0 f i bncs_data_form.obj
 0001:00003560       ?clear@?$QMapPrivate@PAVFormWidget@@VQString@@@@QAEXXZ 10004560 f i bncs_data_form.obj
 0001:000035d0       ?clear@?$QMapPrivate@VQString@@V1@@@QAEXPAU?$QMapNode@VQString@@V1@@@@Z 100045d0 f i bncs_data_form.obj
 0001:00003610       ?clear@?$QMapPrivate@PAVFormWidget@@VQString@@@@QAEXPAU?$QMapNode@PAVFormWidget@@VQString@@@@@Z 10004610 f i bncs_data_form.obj
 0001:00003650       ?insertSingle@?$QMapPrivate@PAVFormWidget@@VQString@@@@QAE?AV?$QMapIterator@PAVFormWidget@@VQString@@@@ABQAVFormWidget@@@Z 10004650 f i bncs_data_form.obj
 0001:00003710       ?copy@?$QMapPrivate@PAVFormWidget@@VQString@@@@QAEPAU?$QMapNode@PAVFormWidget@@VQString@@@@PAU2@@Z 10004710 f i bncs_data_form.obj
 0001:000037f0       ?insert@?$QMapPrivate@PAVFormWidget@@VQString@@@@QAE?AV?$QMapIterator@PAVFormWidget@@VQString@@@@PAUQMapNodeBase@@0ABQAVFormWidget@@@Z 100047f0 f i bncs_data_form.obj
 0001:000038e0       ??_EQHBoxLayout@@WCI@AEPAXI@Z 100048e0 f i bncs_data_form.obj
 0001:000038f0       ??_Ebncs_data_form@@WCI@AEPAXI@Z 100048f0 f i bncs_data_form.obj
 0001:00003900       ??_EQSqlCursor@@W7AEPAXI@Z 10004900 f i bncs_data_form.obj
 0001:00003910       ?value@QSqlCursor@@W7BE?AVQVariant@@H@Z 10004910 f i bncs_data_form.obj
 0001:00003920       ??_EFormWidget@@WCI@AEPAXI@Z 10004920 f i bncs_data_form.obj
 0001:00003930       ??_EQPushButton@@WCI@AEPAXI@Z 10004930 f i bncs_data_form.obj
 0001:00003940       ??0bncs_data_form_edit@@QAE@PAVQWidget@@PBD_NI@Z 10004940 f   bncs_data_form_editimpl.obj
 0001:00003ac0       ?metaObject@bncs_data_form_edit@@UBEPAVQMetaObject@@XZ 10004ac0 f i bncs_data_form_editimpl.obj
 0001:00003ad0       ??_Gbncs_data_form_edit@@UAEPAXI@Z 10004ad0 f i bncs_data_form_editimpl.obj
 0001:00003ad0       ??_Ebncs_data_form_edit@@UAEPAXI@Z 10004ad0 f i bncs_data_form_editimpl.obj
 0001:00003af0       ??1bncs_data_form_edit@@UAE@XZ 10004af0 f   bncs_data_form_editimpl.obj
 0001:00003bb0       ?addField@bncs_data_form_edit@@QAEXXZ 10004bb0 f   bncs_data_form_editimpl.obj
 0001:00003d00       ?getFields@bncs_data_form_edit@@QAEXXZ 10004d00 f   bncs_data_form_editimpl.obj
 0001:00003f10       ?addFields@bncs_data_form_edit@@QAEXXZ 10004f10 f   bncs_data_form_editimpl.obj
 0001:000042a0       ?delField@bncs_data_form_edit@@QAEXXZ 100052a0 f   bncs_data_form_editimpl.obj
 0001:000042c0       ?itemSelected@bncs_data_form_edit@@QAEXPAVQListViewItem@@ABVQPoint@@H@Z 100052c0 f   bncs_data_form_editimpl.obj
 0001:00004300       ?help@bncs_data_form_edit@@QAEXXZ 10005300 f   bncs_data_form_editimpl.obj
 0001:00004320       ??_Ebncs_data_form_edit@@WCI@AEPAXI@Z 10005320 f i bncs_data_form_editimpl.obj
 0001:00004330       ??0bncs_data_Table@@QAE@PAVQWidget@@PBD@Z 10005330 f   bncs_data_Table.obj
 0001:000044b0       ?metaObject@bncs_data_Table@@UBEPAVQMetaObject@@XZ 100054b0 f i bncs_data_Table.obj
 0001:000044c0       ??_Gbncs_data_Table@@UAEPAXI@Z 100054c0 f i bncs_data_Table.obj
 0001:000044c0       ??_Ebncs_data_Table@@UAEPAXI@Z 100054c0 f i bncs_data_Table.obj
 0001:000044e0       ??1bncs_data_Table@@UAE@XZ 100054e0 f   bncs_data_Table.obj
 0001:000045c0       ?setCaption@bncs_data_Table@@UAEXABVQString@@@Z 100055c0 f   bncs_data_Table.obj
 0001:00005460       ?edit@bncs_data_Table@@QAEXPA_N0@Z 10006460 f   bncs_data_Table.obj
 0001:00005ac0       ?defaultvalues@bncs_data_Table@@AAEXXZ 10006ac0 f   bncs_data_Table.obj
 0001:00005b40       ?applyChanges@bncs_data_Table@@QAEXXZ 10006b40 f   bncs_data_Table.obj
 0001:00005b70       ?updateData@bncs_data_Table@@QAEXXZ 10006b70 f   bncs_data_Table.obj
 0001:00005d50       ?ReloadLog@bncs_data_Table@@QAEXXZ 10006d50 f   bncs_data_Table.obj
 0001:00005da0       ?requestMenu@bncs_data_Table@@QAEXHHABVQPoint@@@Z 10006da0 f   bncs_data_Table.obj
 0001:00005db0       ??_Ebncs_data_Table@@WCI@AEPAXI@Z 10006db0 f i bncs_data_Table.obj
 0001:00005dc0       ??0bncs_data_table_edit@@QAE@PAVQWidget@@PBD_NI@Z 10006dc0 f   bncs_data_table_editimpl.obj
 0001:00005e40       ?metaObject@bncs_data_table_edit@@UBEPAVQMetaObject@@XZ 10006e40 f i bncs_data_table_editimpl.obj
 0001:00005e50       ??_Ebncs_data_table_edit@@UAEPAXI@Z 10006e50 f i bncs_data_table_editimpl.obj
 0001:00005e50       ??_Gbncs_data_table_edit@@UAEPAXI@Z 10006e50 f i bncs_data_table_editimpl.obj
 0001:00005e70       ??1bncs_data_table_edit@@UAE@XZ 10006e70 f   bncs_data_table_editimpl.obj
 0001:00005e90       ?help@bncs_data_table_edit@@QAEXXZ 10006e90 f   bncs_data_table_editimpl.obj
 0001:00005eb0       ??_Ebncs_data_table_edit@@WCI@AEPAXI@Z 10006eb0 f i bncs_data_table_editimpl.obj
 0001:00005ec0       ?OnRevertive@bncs_log@@CAXPAVbncs_queued_revertive@@_NH@Z 10006ec0 f   bncs_log.obj
 0001:00005fb0       ??_GLogDrawEvent@@UAEPAXI@Z 10006fb0 f i bncs_log.obj
 0001:00005fb0       ??_ELogDrawEvent@@UAEPAXI@Z 10006fb0 f i bncs_log.obj
 0001:00005fd0       ??1LogDrawEvent@@UAE@XZ    10006fd0 f i bncs_log.obj
 0001:00005fe0       ??0bncs_log@@QAE@PAVQWidget@@PBDI@Z 10006fe0 f   bncs_log.obj
 0001:00006520       ?metaObject@bncs_log@@UBEPAVQMetaObject@@XZ 10007520 f i bncs_log.obj
 0001:00006530       ??_Ebncs_log@@UAEPAXI@Z    10007530 f i bncs_log.obj
 0001:00006530       ??_Gbncs_log@@UAEPAXI@Z    10007530 f i bncs_log.obj
 0001:00006550       ??1?$set@PAVlogLbi@@U?$less@PAVlogLbi@@@std@@V?$allocator@PAVlogLbi@@@3@@std@@QAE@XZ 10007550 f i bncs_log.obj
 0001:00006640       ??1bncs_log@@UAE@XZ        10007640 f   bncs_log.obj
 0001:000068c0       ?edit@bncs_log@@QAEXPA_N0@Z 100078c0 f   bncs_log.obj
 0001:0000a030       ?setCaption@bncs_log@@UAEXABVQString@@@Z 1000b030 f   bncs_log.obj
 0001:0000f5f0       ?getProcessId@logLbi@@QAE?AVQString@@XZ 100105f0 f i bncs_log.obj
 0001:0000f620       ?getGroup@logLbi@@QAE?AVQString@@XZ 10010620 f i bncs_log.obj
 0001:0000f650       ?getDevice@logLbi@@QAE?AVQString@@XZ 10010650 f i bncs_log.obj
 0001:0000f680       ?updateData@bncs_log@@QAEXXZ 10010680 f   bncs_log.obj
 0001:00010370       ?drawTable@bncs_log@@AAEXXZ 10011370 f   bncs_log.obj
 0001:000106e0       ?cccInfoRevertive@bncs_log@@EAEXHHABV?$basic_string@DU?$char_traits@D@std@@V?$allocator@D@2@@std@@@Z 100116e0 f   bncs_log.obj
 0001:000107e0       ?ListRevertive@bncs_log@@AAEXHHABV?$basic_string@DU?$char_traits@D@std@@V?$allocator@D@2@@std@@_N@Z 100117e0 f   bncs_log.obj
 0001:00010fc0       ?itemClicked@bncs_log@@QAEXPAVQListViewItem@@@Z 10011fc0 f   bncs_log.obj
 0001:000110e0       ?StartScroll@bncs_log@@QAEXXZ 100120e0 f   bncs_log.obj
 0001:00011150       ?applyChanges@bncs_log@@QAEXXZ 10012150 f   bncs_log.obj
 0001:00011220       ?ReloadLog@bncs_log@@QAEXXZ 10012220 f   bncs_log.obj
 0001:00011b60       ?selectionChanged@bncs_log@@QAEXPAVQListViewItem@@@Z 10012b60 f   bncs_log.obj
 0001:00011e80       ?setDefault@bncs_log@@AAEXXZ 10012e80 f   bncs_log.obj
 0001:00012090       ?getLogData@bncs_log@@QAEXXZ 10013090 f   bncs_log.obj
 0001:00012870       ?setColumnWidth@bncs_log@@AAEXVQString@@H@Z 10013870 f   bncs_log.obj
 0001:000129c0       ?getAllWidths@bncs_log@@AAE?AVQString@@XZ 100139c0 f   bncs_log.obj
 0001:00013070       ?printAll@bncs_log@@AAEXXZ 10014070 f   bncs_log.obj
 0001:00013120       ?printLogs@bncs_log@@AAE_NPAV?$QPtrList@VlogLbi@@@@@Z 10014120 f   bncs_log.obj
 0001:00013800       ?printLimit@bncs_log@@AAEXVQString@@@Z 10014800 f   bncs_log.obj
 0001:00013a70       ?keyPressEvent@bncs_log@@MAEXPAVQKeyEvent@@@Z 10014a70 f   bncs_log.obj
 0001:00013af0       ?GetInstance@bncs_log_manager@@SAPAV1@XZ 10014af0 f   bncs_log.obj
 0001:00013b60       ??0bncs_log_manager@@AAE@XZ 10014b60 f   bncs_log.obj
 0001:00013cb0       ??1bncs_log_manager@@AAE@XZ 10014cb0 f   bncs_log.obj
 0001:00013d30       ?Destroy@bncs_log_manager@@SAXXZ 10014d30 f   bncs_log.obj
 0001:00013d60       ?Register@bncs_log_manager@@QAEHPAVbncs_log@@@Z 10014d60 f   bncs_log.obj
 0001:00013e50       ?Unregister@bncs_log_manager@@QAE_NH@Z 10014e50 f   bncs_log.obj
 0001:00013eb0       ?GetLog@bncs_log_manager@@QAEPAVbncs_log@@H@Z 10014eb0 f   bncs_log.obj
 0001:00013f20       ?Count@bncs_queue_manager@@QAEHXZ 10014f20 f   bncs_log.obj
 0001:00013f20       ?Count@bncs_log_manager@@QAEHXZ 10014f20 f   bncs_log.obj
 0001:00013f30       ?customEvent@bncs_log@@EAEXPAVQCustomEvent@@@Z 10014f30 f   bncs_log.obj
 0001:00014080       ?messageLine@bncs_log@@UAEXABVQString@@@Z 10015080 f   bncs_log.obj
 0001:00014110       ??_GMessageEvent@@UAEPAXI@Z 10015110 f i bncs_log.obj
 0001:00014110       ??_EMessageEvent@@UAEPAXI@Z 10015110 f i bncs_log.obj
 0001:00014130       ??1MessageEvent@@UAE@XZ    10015130 f i bncs_log.obj
 0001:000141a0       ??0?$QMap@VQString@@Vstyleentry@@@@QAE@XZ 100151a0 f i bncs_log.obj
 0001:000142e0       ??0?$QMap@VQString@@Vstyleentry@@@@QAE@ABV0@@Z 100152e0 f i bncs_log.obj
 0001:000142f0       ??1?$QMap@VQString@@Vstyleentry@@@@QAE@XZ 100152f0 f i bncs_log.obj
 0001:00014390       ?begin@?$QMap@VQString@@Vstyleentry@@@@QAE?AV?$QMapIterator@VQString@@Vstyleentry@@@@XZ 10015390 f i bncs_log.obj
 0001:000143c0       ?end@?$QMap@VQString@@Vstyleentry@@@@QAE?AV?$QMapIterator@VQString@@Vstyleentry@@@@XZ 100153c0 f i bncs_log.obj
 0001:000143e0       ?begin@?$QMap@VQString@@Vstyleentry@@@@QBE?AV?$QMapConstIterator@VQString@@Vstyleentry@@@@XZ 100153e0 f i bncs_log.obj
 0001:000143e0       ?constBegin@?$QMap@VQString@@Vstyleentry@@@@QBE?AV?$QMapConstIterator@VQString@@Vstyleentry@@@@XZ 100153e0 f i bncs_log.obj
 0001:000143f0       ?end@?$QMap@VQString@@Vstyleentry@@@@QBE?AV?$QMapConstIterator@VQString@@Vstyleentry@@@@XZ 100153f0 f i bncs_log.obj
 0001:000143f0       ?constEnd@?$QMap@VQString@@Vstyleentry@@@@QBE?AV?$QMapConstIterator@VQString@@Vstyleentry@@@@XZ 100153f0 f i bncs_log.obj
 0001:00014400       ?replace@?$QMap@VQString@@Vstyleentry@@@@QAE?AV?$QMapIterator@VQString@@Vstyleentry@@@@ABVQString@@ABVstyleentry@@@Z 10015400 f i bncs_log.obj
 0001:00014580       ?count@?$QMap@VQString@@Vstyleentry@@@@QBEIXZ 10015580 f i bncs_log.obj
 0001:00014580       ?size@?$QMap@VQString@@Vstyleentry@@@@QBEIXZ 10015580 f i bncs_log.obj
 0001:00014590       ?empty@?$QMap@VQString@@Vstyleentry@@@@QBE_NXZ 10015590 f i bncs_log.obj
 0001:00014590       ?isEmpty@?$QMap@VQString@@Vstyleentry@@@@QBE_NXZ 10015590 f i bncs_log.obj
 0001:000145a0       ?remove@?$QMap@VQString@@Vstyleentry@@@@QAEXV?$QMapIterator@VQString@@Vstyleentry@@@@@Z 100155a0 f i bncs_log.obj
 0001:000145a0       ?erase@?$QMap@VQString@@Vstyleentry@@@@QAEXV?$QMapIterator@VQString@@Vstyleentry@@@@@Z 100155a0 f i bncs_log.obj
 0001:000145d0       ?find@?$QMap@VQString@@Vstyleentry@@@@QAE?AV?$QMapIterator@VQString@@Vstyleentry@@@@ABVQString@@@Z 100155d0 f i bncs_log.obj
 0001:00014650       ?find@?$QMap@VQString@@Vstyleentry@@@@QBE?AV?$QMapConstIterator@VQString@@Vstyleentry@@@@ABVQString@@@Z 10015650 f i bncs_log.obj
 0001:000146c0       ??A?$QMap@VQString@@Vstyleentry@@@@QBEABVstyleentry@@ABVQString@@@Z 100156c0 f i bncs_log.obj
 0001:00014730       ?contains@?$QMap@VQString@@Vstyleentry@@@@QBE_NABVQString@@@Z 10015730 f i bncs_log.obj
 0001:000147a0       ?keys@?$QMap@VQString@@Vstyleentry@@@@QBE?AV?$QValueList@VQString@@@@XZ 100157a0 f i bncs_log.obj
 0001:000148c0       ?values@?$QMap@VQString@@Vstyleentry@@@@QBE?AV?$QValueList@Vstyleentry@@@@XZ 100158c0 f i bncs_log.obj
 0001:000149e0       ?detach@?$QMap@VQString@@Vstyleentry@@@@IAEXXZ 100159e0 f i bncs_log.obj
 0001:000149f0       ??1?$_Tree@PAVlogLbi@@PAV1@U_Kfn@?$set@PAVlogLbi@@U?$less@PAVlogLbi@@@std@@V?$allocator@PAVlogLbi@@@3@@std@@U?$less@PAVlogLbi@@@4@V?$allocator@PAVlogLbi@@@4@@std@@QAE@XZ 100159f0 f i bncs_log.obj
 0001:00014ad0       ??1?$QMap@HPAVbncs_log@@@@QAE@XZ 10015ad0 f i bncs_log.obj
 0001:00014b50       ?remove@?$QMap@HPAVbncs_log@@@@QAEXV?$QMapIterator@HPAVbncs_log@@@@@Z 10015b50 f i bncs_log.obj
 0001:00014b80       ??1?$QPtrList@VlogLbi@@@@UAE@XZ 10015b80 f i bncs_log.obj
 0001:00014be0       ?clear@?$QPtrList@Vbncs_queued_revertive@@@@UAEXXZ 10015be0 f i bncs_log.obj
 0001:00014be0       ?clear@?$QPtrList@VlogLbi@@@@UAEXXZ 10015be0 f i bncs_log.obj
 0001:00014bf0       ??_E?$QPtrList@VlogLbi@@@@UAEPAXI@Z 10015bf0 f i bncs_log.obj
 0001:00014bf0       ??_G?$QPtrList@VlogLbi@@@@UAEPAXI@Z 10015bf0 f i bncs_log.obj
 0001:00014c10       ?begin@?$_Tree@PAVlogLbi@@PAV1@U_Kfn@?$set@PAVlogLbi@@U?$less@PAVlogLbi@@@std@@V?$allocator@PAVlogLbi@@@3@@std@@U?$less@PAVlogLbi@@@4@V?$allocator@PAVlogLbi@@@4@@std@@QAE?AViterator@12@XZ 10015c10 f i bncs_log.obj
 0001:00014c20       ?insert@?$_Tree@PAVlogLbi@@PAV1@U_Kfn@?$set@PAVlogLbi@@U?$less@PAVlogLbi@@@std@@V?$allocator@PAVlogLbi@@@3@@std@@U?$less@PAVlogLbi@@@4@V?$allocator@PAVlogLbi@@@4@@std@@QAE?AU?$pair@Viterator@?$_Tree@PAVlogLbi@@PAV1@U_Kfn@?$set@PAVlogLbi@@U?$less@PAVlogLbi@@@std@@V?$allocator@PAVlogLbi@@@3@@std@@U?$less@PAVlogLbi@@@4@V?$allocator@PAVlogLbi@@@4@@std@@_N@2@ABQAVlogLbi@@@Z 10015c20 f i bncs_log.obj
 0001:00014e60       ?erase@?$_Tree@PAVlogLbi@@PAV1@U_Kfn@?$set@PAVlogLbi@@U?$less@PAVlogLbi@@@std@@V?$allocator@PAVlogLbi@@@3@@std@@U?$less@PAVlogLbi@@@4@V?$allocator@PAVlogLbi@@@4@@std@@QAE?AViterator@12@V312@@Z 10015e60 f i bncs_log.obj
 0001:00015260       ??0?$pair@Viterator@?$_Tree@PAVlogLbi@@PAV1@U_Kfn@?$set@PAVlogLbi@@U?$less@PAVlogLbi@@@std@@V?$allocator@PAVlogLbi@@@3@@std@@U?$less@PAVlogLbi@@@4@V?$allocator@PAVlogLbi@@@4@@std@@_N@std@@QAE@ABViterator@?$_Tree@PAVlogLbi@@PAV1@U_Kfn@?$set@PAVlogLbi@@U?$less@PAVlogLbi@@@std@@V?$allocator@PAVlogLbi@@@3@@std@@U?$less@PAVlogLbi@@@4@V?$allocator@PAVlogLbi@@@4@@1@AB_N@Z 10016260 f i bncs_log.obj
 0001:00015280       ?derefAndDelete@?$QValueListPrivate@VQString@@@@QAEXXZ 10016280 f i bncs_log.obj
 0001:000152a0       ?remove@?$QMapPrivate@VQString@@Vstyleentry@@@@QAEXV?$QMapIterator@VQString@@Vstyleentry@@@@@Z 100162a0 f i bncs_log.obj
 0001:000152e0       ??1?$QValueList@Vstyleentry@@@@QAE@XZ 100162e0 f i bncs_log.obj
 0001:00015300       ?remove@?$QMapPrivate@HPAVbncs_log_queue@@@@QAEXV?$QMapIterator@HPAVbncs_log_queue@@@@@Z 10016300 f i bncs_log.obj
 0001:00015300       ?remove@?$QMapPrivate@HPAVbncs_log@@@@QAEXV?$QMapIterator@HPAVbncs_log@@@@@Z 10016300 f i bncs_log.obj
 0001:00015330       ??1?$QMapNode@VQString@@Vstyleentry@@@@QAE@XZ 10016330 f i bncs_log.obj
 0001:000153f0       ?lower_bound@?$_Tree@PAVlogLbi@@PAV1@U_Kfn@?$set@PAVlogLbi@@U?$less@PAVlogLbi@@@std@@V?$allocator@PAVlogLbi@@@3@@std@@U?$less@PAVlogLbi@@@4@V?$allocator@PAVlogLbi@@@4@@std@@QAE?AViterator@12@ABQAVlogLbi@@@Z 100163f0 f i bncs_log.obj
 0001:00015430       ?_Erase@?$_Tree@PAVlogLbi@@PAV1@U_Kfn@?$set@PAVlogLbi@@U?$less@PAVlogLbi@@@std@@V?$allocator@PAVlogLbi@@@3@@std@@U?$less@PAVlogLbi@@@4@V?$allocator@PAVlogLbi@@@4@@std@@IAEXPAU_Node@12@@Z 10016430 f i bncs_log.obj
 0001:00015470       ?_Insert@?$_Tree@PAVlogLbi@@PAV1@U_Kfn@?$set@PAVlogLbi@@U?$less@PAVlogLbi@@@std@@V?$allocator@PAVlogLbi@@@3@@std@@U?$less@PAVlogLbi@@@4@V?$allocator@PAVlogLbi@@@4@@std@@IAE?AViterator@12@PAU_Node@12@0ABQAVlogLbi@@@Z 10016470 f i bncs_log.obj
 0001:000156e0       ?_Lrotate@?$_Tree@PAVlogLbi@@PAV1@U_Kfn@?$set@PAVlogLbi@@U?$less@PAVlogLbi@@@std@@V?$allocator@PAVlogLbi@@@3@@std@@U?$less@PAVlogLbi@@@4@V?$allocator@PAVlogLbi@@@4@@std@@IAEXPAU_Node@12@@Z 100166e0 f i bncs_log.obj
 0001:00015740       ?_Rrotate@?$_Tree@PAVlogLbi@@PAV1@U_Kfn@?$set@PAVlogLbi@@U?$less@PAVlogLbi@@@std@@V?$allocator@PAVlogLbi@@@3@@std@@U?$less@PAVlogLbi@@@4@V?$allocator@PAVlogLbi@@@4@@std@@IAEXPAU_Node@12@@Z 10016740 f i bncs_log.obj
 0001:000157a0       ?end@?$QValueList@Vstyleentry@@@@QAE?AV?$QValueListIterator@Vstyleentry@@@@XZ 100167a0 f i bncs_log.obj
 0001:000157d0       ?_Lbound@?$_Tree@PAVlogLbi@@PAV1@U_Kfn@?$set@PAVlogLbi@@U?$less@PAVlogLbi@@@std@@V?$allocator@PAVlogLbi@@@3@@std@@U?$less@PAVlogLbi@@@4@V?$allocator@PAVlogLbi@@@4@@std@@IBEPAU_Node@12@ABQAVlogLbi@@@Z 100167d0 f i bncs_log.obj
 0001:00015800       ?_Buynode@?$_Tree@PAVlogLbi@@PAV1@U_Kfn@?$set@PAVlogLbi@@U?$less@PAVlogLbi@@@std@@V?$allocator@PAVlogLbi@@@3@@std@@U?$less@PAVlogLbi@@@4@V?$allocator@PAVlogLbi@@@4@@std@@IAEPAU_Node@12@PAU312@W4_Redbl@12@@Z 10016800 f i bncs_log.obj
 0001:00015820       ?_Dec@const_iterator@?$_Tree@PAVlogLbi@@PAV1@U_Kfn@?$set@PAVlogLbi@@U?$less@PAVlogLbi@@@std@@V?$allocator@PAVlogLbi@@@3@@std@@U?$less@PAVlogLbi@@@4@V?$allocator@PAVlogLbi@@@4@@std@@QAEXXZ 10016820 f i bncs_log.obj
 0001:00015880       ?_Inc@const_iterator@?$_Tree@PAVlogLbi@@PAV1@U_Kfn@?$set@PAVlogLbi@@U?$less@PAVlogLbi@@@std@@V?$allocator@PAVlogLbi@@@3@@std@@U?$less@PAVlogLbi@@@4@V?$allocator@PAVlogLbi@@@4@@std@@QAEXXZ 10016880 f i bncs_log.obj
 0001:000158d0       ??4?$QMap@VQString@@Vstyleentry@@@@QAEAAV0@ABV0@@Z 100168d0 f i bncs_log.obj
 0001:00015990       ?insert@?$QMap@VQString@@Vstyleentry@@@@QAE?AV?$QMapIterator@VQString@@Vstyleentry@@@@ABVQString@@ABVstyleentry@@_N@Z 10016990 f i bncs_log.obj
 0001:00015ad0       ?insert@?$QMap@VQString@@Vstyleentry@@@@QAE?AU?$QPair@V?$QMapIterator@VQString@@Vstyleentry@@@@_N@@ABU?$QPair@$$CBVQString@@Vstyleentry@@@@@Z 10016ad0 f i bncs_log.obj
 0001:00015bf0       ?count@?$QMap@VQString@@Vstyleentry@@@@QBEIABVQString@@@Z 10016bf0 f i bncs_log.obj
 0001:00015ca0       ??A?$QMap@VQString@@Vstyleentry@@@@QAEAAVstyleentry@@ABVQString@@@Z 10016ca0 f i bncs_log.obj
 0001:00015e80       ?clear@?$QMap@VQString@@Vstyleentry@@@@QAEXXZ 10016e80 f i bncs_log.obj
 0001:00016030       ?erase@?$QMap@VQString@@Vstyleentry@@@@QAEXABVQString@@@Z 10017030 f i bncs_log.obj
 0001:00016030       ?remove@?$QMap@VQString@@Vstyleentry@@@@QAEXABVQString@@@Z 10017030 f i bncs_log.obj
 0001:000160c0       ?detachInternal@?$QMap@VQString@@Vstyleentry@@@@AAEXXZ 100170c0 f i bncs_log.obj
 0001:000162a0       ?detachInternal@?$QMap@HPAVbncs_log@@@@AAEXXZ 100172a0 f i bncs_log.obj
 0001:00016400       ?deleteItem@?$QPtrList@VlogLbi@@@@EAEXPAX@Z 10017400 f i bncs_log.obj
 0001:00016420       ??0?$QValueListPrivate@VQString@@@@QAE@XZ 10017420 f i bncs_log.obj
 0001:000164c0       ??_E?$QValueListNode@VQString@@@@UAEPAXI@Z 100174c0 f i bncs_log.obj
 0001:000164c0       ??_G?$QValueListNode@VQString@@@@UAEPAXI@Z 100174c0 f i bncs_log.obj
 0001:000164e0       ??1?$QValueListNode@VQString@@@@UAE@XZ 100174e0 f i bncs_log.obj
 0001:00016510       ?insert@?$QValueListPrivate@VQString@@@@QAE?AV?$QValueListIterator@VQString@@@@V2@ABVQString@@@Z 10017510 f i bncs_log.obj
 0001:00016590       ?at@?$QValueListPrivate@VQString@@@@QBEPAV?$QValueListNode@VQString@@@@I@Z 10017590 f i bncs_log.obj
 0001:000165d0       ?detachInternal@?$QValueList@Vstyleentry@@@@AAEXXZ 100175d0 f i bncs_log.obj
 0001:000166e0       ?find@?$QMapPrivate@HPAVbncs_log_queue@@@@QBE?AV?$QMapConstIterator@HPAVbncs_log_queue@@@@ABH@Z 100176e0 f i bncs_log.obj
 0001:000166e0       ?find@?$QMapPrivate@HPAVbncs_log@@@@QBE?AV?$QMapConstIterator@HPAVbncs_log@@@@ABH@Z 100176e0 f i bncs_log.obj
 0001:00016730       ??0?$QValueListPrivate@Vstyleentry@@@@QAE@XZ 10017730 f i bncs_log.obj
 0001:00016870       ?insert@?$QValueListPrivate@Vstyleentry@@@@QAE?AV?$QValueListIterator@Vstyleentry@@@@V2@ABVstyleentry@@@Z 10017870 f i bncs_log.obj
 0001:00016930       ?_Construct@std@@YAXPAPAVlogLbi@@ABQAV2@@Z 10017930 f i bncs_log.obj
 0001:00016950       ??_E?$QValueListPrivate@VQString@@@@UAEPAXI@Z 10017950 f i bncs_log.obj
 0001:00016950       ??_G?$QValueListPrivate@VQString@@@@UAEPAXI@Z 10017950 f i bncs_log.obj
 0001:000169a0       ??_E?$QValueListPrivate@Vstyleentry@@@@UAEPAXI@Z 100179a0 f i bncs_log.obj
 0001:000169a0       ??_G?$QValueListPrivate@Vstyleentry@@@@UAEPAXI@Z 100179a0 f i bncs_log.obj
 0001:000169f0       ??_G?$QValueListNode@Vstyleentry@@@@UAEPAXI@Z 100179f0 f i bncs_log.obj
 0001:000169f0       ??_E?$QValueListNode@Vstyleentry@@@@UAEPAXI@Z 100179f0 f i bncs_log.obj
 0001:00016a10       ??1?$QValueListNode@Vstyleentry@@@@UAE@XZ 10017a10 f i bncs_log.obj
 0001:00016ab0       ??0?$QValueListPrivate@VQString@@@@QAE@ABV0@@Z 10017ab0 f i bncs_log.obj
 0001:00016b90       ??0?$QMapPrivate@VQString@@Vstyleentry@@@@QAE@PBV0@@Z 10017b90 f i bncs_log.obj
 0001:00016d60       ?clear@?$QMapPrivate@VQString@@Vstyleentry@@@@QAEXPAU?$QMapNode@VQString@@Vstyleentry@@@@@Z 10017d60 f i bncs_log.obj
 0001:00016da0       ?insertSingle@?$QMapPrivate@VQString@@Vstyleentry@@@@QAE?AV?$QMapIterator@VQString@@Vstyleentry@@@@ABVQString@@@Z 10017da0 f i bncs_log.obj
 0001:00016e80       ?clear@?$QMapPrivate@HPAVbncs_log@@@@QAEXPAU?$QMapNode@HPAVbncs_log@@@@@Z 10017e80 f i bncs_log.obj
 0001:00016eb0       ??0?$QValueListPrivate@Vstyleentry@@@@QAE@ABV0@@Z 10017eb0 f i bncs_log.obj
 0001:00016fa0       ??0?$QValueListIterator@Vstyleentry@@@@QAE@ABV0@@Z 10017fa0 f i bncs_log.obj
 0001:00016fb0       ?copy@?$QMapPrivate@VQString@@Vstyleentry@@@@QAEPAU?$QMapNode@VQString@@Vstyleentry@@@@PAU2@@Z 10017fb0 f i bncs_log.obj
 0001:00017150       ?insert@?$QMapPrivate@VQString@@Vstyleentry@@@@QAE?AV?$QMapIterator@VQString@@Vstyleentry@@@@PAUQMapNodeBase@@0ABVQString@@@Z 10018150 f i bncs_log.obj
 0001:000172a0       ?copy@?$QMapPrivate@HPAVbncs_log@@@@QAEPAU?$QMapNode@HPAVbncs_log@@@@PAU2@@Z 100182a0 f i bncs_log.obj
 0001:00017330       ?dec@?$QMapIterator@HPAVbncs_log_queue@@@@AAEHXZ 10018330 f i bncs_log.obj
 0001:00017330       ?dec@?$QMapIterator@VQString@@Vstyleentry@@@@AAEHXZ 10018330 f i bncs_log.obj
 0001:00017330       ?dec@?$QMapIterator@HPAVbncs_log@@@@AAEHXZ 10018330 f i bncs_log.obj
 0001:00017380       ??0?$QMapNode@VQString@@Vstyleentry@@@@QAE@ABU0@@Z 10018380 f i bncs_log.obj
 0001:000174b0       ??_Ebncs_log@@WCI@AEPAXI@Z 100184b0 f i bncs_log.obj
 0001:000174c0       ??0bncs_log_edit@@QAE@PAVQWidget@@PBD_NI@Z 100184c0 f   bncs_log_editimpl.obj
 0001:000178f0       ?metaObject@bncs_log_edit@@UBEPAVQMetaObject@@XZ 100188f0 f i bncs_log_editimpl.obj
 0001:00017900       ??_Gbncs_log_edit@@UAEPAXI@Z 10018900 f i bncs_log_editimpl.obj
 0001:00017900       ??_Ebncs_log_edit@@UAEPAXI@Z 10018900 f i bncs_log_editimpl.obj
 0001:00017920       ??1bncs_log_edit@@UAE@XZ   10018920 f   bncs_log_editimpl.obj
 0001:00017940       ?dbDriverChanged@bncs_log_edit@@QAEXABVQString@@@Z 10018940 f   bncs_log_editimpl.obj
 0001:00017a10       ?dbDriver_reserveChanged@bncs_log_edit@@QAEXABVQString@@@Z 10018a10 f   bncs_log_editimpl.obj
 0001:00017ae0       ?help@bncs_log_edit@@QAEXXZ 10018ae0 f   bncs_log_editimpl.obj
 0001:00017b00       ?dateTimeGroupClicked@bncs_log_edit@@QAEXH@Z 10018b00 f   bncs_log_editimpl.obj
 0001:00017d00       ?setDateTimeEdit@bncs_log_edit@@QAEXPAVlogFilter@@@Z 10018d00 f   bncs_log_editimpl.obj
 0001:00017f10       ?valueChangedDateBetweenStart@bncs_log_edit@@QAEXABVQDate@@@Z 10018f10 f   bncs_log_editimpl.obj
 0001:00017f10       ?valueChangedDateBefore@bncs_log_edit@@QAEXABVQDate@@@Z 10018f10 f   bncs_log_editimpl.obj
 0001:00017f10       ?valueChangedDateAfter@bncs_log_edit@@QAEXABVQDate@@@Z 10018f10 f   bncs_log_editimpl.obj
 0001:00017f20       ?valueChangedDateBetweenEnd@bncs_log_edit@@QAEXABVQDate@@@Z 10018f20 f   bncs_log_editimpl.obj
 0001:00017f30       ?valueChangedDateTimeBetweenStart@bncs_log_edit@@QAEXABVQDateTime@@@Z 10018f30 f   bncs_log_editimpl.obj
 0001:00017f30       ?valueChangedDateTimeBefore@bncs_log_edit@@QAEXABVQDateTime@@@Z 10018f30 f   bncs_log_editimpl.obj
 0001:00017f30       ?valueChangedDateTimeAfter@bncs_log_edit@@QAEXABVQDateTime@@@Z 10018f30 f   bncs_log_editimpl.obj
 0001:00017f50       ?valueChangedDateTimeBetweenEnd@bncs_log_edit@@QAEXABVQDateTime@@@Z 10018f50 f   bncs_log_editimpl.obj
 0001:00017f70       ?valueChangedSpinDaysBack@bncs_log_edit@@QAEXH@Z 10018f70 f   bncs_log_editimpl.obj
 0001:00017f80       ??_Ebncs_log_edit@@WCI@AEPAXI@Z 10018f80 f i bncs_log_editimpl.obj
 0001:00017f90       ??0bncs_log_getData@@QAE@VQString@@PAVdbConnection@@HPAVbncs_log@@_N@Z 10018f90 f   bncs_log_getData.obj
 0001:000180b0       ??_Ebncs_log_getData@@UAEPAXI@Z 100190b0 f i bncs_log_getData.obj
 0001:000180b0       ??_Gbncs_log_getData@@UAEPAXI@Z 100190b0 f i bncs_log_getData.obj
 0001:000180d0       ??1bncs_log_getData@@UAE@XZ 100190d0 f   bncs_log_getData.obj
 0001:00018190       ?stop@bncs_log_getData@@QAEXXZ 10019190 f   bncs_log_getData.obj
 0001:000181a0       ?restart@bncs_log_getData@@QAEXXZ 100191a0 f   bncs_log_getData.obj
 0001:000181b0       ?run@bncs_log_getData@@UAEXXZ 100191b0 f   bncs_log_getData.obj
 0001:00018510       ??_GQSqlQuery@@UAEPAXI@Z   10019510 f i bncs_log_getData.obj
 0001:00018510       ??_EQSqlQuery@@UAEPAXI@Z   10019510 f i bncs_log_getData.obj
 0001:00018530       ?newQuery@bncs_log_getData@@QAEXVQString@@@Z 10019530 f   bncs_log_getData.obj
 0001:000185f0       ?readEntries@bncs_log_getData@@QAEHXZ 100195f0 f   bncs_log_getData.obj
 0001:00018680       ?GlobalSendDebug@@YAXPBD@Z 10019680 f   bncs_log_queue.obj
 0001:000186c0       ??0bncs_log_queue@@QAE@H@Z 100196c0 f   bncs_log_queue.obj
 0001:00018750       ??1bncs_log_queue@@QAE@XZ  10019750 f   bncs_log_queue.obj
 0001:00018830       ?GetLog@bncs_queue_manager@@QAEPAVbncs_log_queue@@H@Z 10019830 f   bncs_log_queue.obj
 0001:000188a0       ?TransferRevertives@bncs_log_queue@@AAEIXZ 100198a0 f   bncs_log_queue.obj
 0001:00018920       ?Add@bncs_log_queue@@QAEXPAVbncs_queued_revertive@@@Z 10019920 f   bncs_log_queue.obj
 0001:00018960       ?GetNextRevertive@bncs_log_queue@@AAEPAVbncs_queued_revertive@@XZ 10019960 f   bncs_log_queue.obj
 0001:000189c0       ?ThreadActive@bncs_queue_manager@@QAE_NXZ 100199c0 f   bncs_log_queue.obj
 0001:000189d0       ?AttachEventHandler@bncs_log_queue@@QAEXP6AXPAVbncs_queued_revertive@@_NH@Z@Z 100199d0 f   bncs_log_queue.obj
 0001:000189e0       ?FireEvent@bncs_log_queue@@AAEXI@Z 100199e0 f   bncs_log_queue.obj
 0001:00018a80       ??0bncs_queued_revertive@@QAE@HHABV?$basic_string@DU?$char_traits@D@std@@V?$allocator@D@2@@std@@@Z 10019a80 f   bncs_log_queue.obj
 0001:00018c10       ?GetDevice@bncs_queued_revertive@@QAEHXZ 10019c10 f   bncs_log_queue.obj
 0001:00018c10       ?where@structured_exception@@QBEPBXXZ 10019c10 f   bncs_log_queue.obj
 0001:00018c20       ?what@structured_exception@@QBEIXZ 10019c20 f   bncs_log_queue.obj
 0001:00018c20       ?GetIndex@bncs_queued_revertive@@QAEHXZ 10019c20 f   bncs_log_queue.obj
 0001:00018c30       ?GetValue@bncs_queued_revertive@@QAEPAV?$basic_string@DU?$char_traits@D@std@@V?$allocator@D@2@@std@@XZ 10019c30 f   bncs_log_queue.obj
 0001:00018c40       ?GetInstance@bncs_queue_manager@@SAPAV1@XZ 10019c40 f   bncs_log_queue.obj
 0001:00018cb0       ??0bncs_queue_manager@@AAE@XZ 10019cb0 f   bncs_log_queue.obj
 0001:00018e30       ??1bncs_queue_manager@@AAE@XZ 10019e30 f   bncs_log_queue.obj
 0001:00018f00       ?Destroy@bncs_queue_manager@@SAXXZ 10019f00 f   bncs_log_queue.obj
 0001:00018f30       ?SendDebug@bncs_log_queue@@AAEXPBD@Z 10019f30 f   bncs_log_queue.obj
 0001:00018f30       ?SendDebug@bncs_queue_manager@@AAEXPBD@Z 10019f30 f   bncs_log_queue.obj
 0001:00018f40       ?Register@bncs_queue_manager@@QAEHPAVbncs_log_queue@@@Z 10019f40 f   bncs_log_queue.obj
 0001:00019030       ?Unregister@bncs_queue_manager@@QAE_NH@Z 1001a030 f   bncs_log_queue.obj
 0001:00019090       ?StartThread@bncs_queue_manager@@QAE_NXZ 1001a090 f   bncs_log_queue.obj
 0001:000190e0       ?StopThread@bncs_queue_manager@@AAEXXZ 1001a0e0 f   bncs_log_queue.obj
 0001:00019140       ?EnterCriticalSection@bncs_queue_manager@@QAEXXZ 1001a140 f   bncs_log_queue.obj
 0001:00019150       ?LeaveCriticalSection@bncs_queue_manager@@QAEXXZ 1001a150 f   bncs_log_queue.obj
 0001:00019160       ?TransferRevertives@bncs_log_queue@@QAEIHI@Z 1001a160 f   bncs_log_queue.obj
 0001:000191d0       ?ThreadProc@bncs_queue_manager@@CGKPAX@Z 1001a1d0 f   bncs_log_queue.obj
 0001:00019240       ?SignalDataArrived@bncs_queue_manager@@QAEXXZ 1001a240 f   bncs_log_queue.obj
 0001:00019250       ??1?$QPtrList@Vbncs_queued_revertive@@@@UAE@XZ 1001a250 f i bncs_log_queue.obj
 0001:000192b0       ?count@?$QPtrList@VlogLbi@@@@UBEIXZ 1001a2b0 f i bncs_log_queue.obj
 0001:000192b0       ?count@?$QPtrList@Vbncs_queued_revertive@@@@UBEIXZ 1001a2b0 f i bncs_log_queue.obj
 0001:000192c0       ??1?$QMap@HPAVbncs_log_queue@@@@QAE@XZ 1001a2c0 f i bncs_log_queue.obj
 0001:00019340       ?remove@?$QMap@HPAVbncs_log_queue@@@@QAEXV?$QMapIterator@HPAVbncs_log_queue@@@@@Z 1001a340 f i bncs_log_queue.obj
 0001:00019370       ??_G?$QPtrList@Vbncs_queued_revertive@@@@UAEPAXI@Z 1001a370 f i bncs_log_queue.obj
 0001:00019370       ??_E?$QPtrList@Vbncs_queued_revertive@@@@UAEPAXI@Z 1001a370 f i bncs_log_queue.obj
 0001:00019390       ?deleteItem@?$QPtrList@Vbncs_queued_revertive@@@@EAEXPAX@Z 1001a390 f i bncs_log_queue.obj
 0001:000193c0       ?detachInternal@?$QMap@HPAVbncs_log_queue@@@@AAEXXZ 1001a3c0 f i bncs_log_queue.obj
 0001:00019520       ??1bncs_queued_revertive@@QAE@XZ 1001a520 f i bncs_log_queue.obj
 0001:00019560       ?clear@?$QMapPrivate@HPAVbncs_log_queue@@@@QAEXPAU?$QMapNode@HPAVbncs_log_queue@@@@@Z 1001a560 f i bncs_log_queue.obj
 0001:00019590       ?copy@?$QMapPrivate@HPAVbncs_log_queue@@@@QAEPAU?$QMapNode@HPAVbncs_log_queue@@@@PAU2@@Z 1001a590 f i bncs_log_queue.obj
 0001:00019620       ?insert@?$QMapPrivate@HPAVbncs_log_queue@@@@QAE?AV?$QMapIterator@HPAVbncs_log_queue@@@@PAUQMapNodeBase@@0ABH@Z 1001a620 f i bncs_log_queue.obj
 0001:00019620       ?insert@?$QMapPrivate@HPAVbncs_log@@@@QAE?AV?$QMapIterator@HPAVbncs_log@@@@PAUQMapNodeBase@@0ABH@Z 1001a620 f i bncs_log_queue.obj
 0001:000196c0       ??0decodeCaptionString@@QAE@ABVQString@@@Z 1001a6c0 f   decodeCaptionString.obj
 0001:00019810       ??1decodeCaptionString@@QAE@XZ 1001a810 f   decodeCaptionString.obj
 0001:00019830       ??0structured_exception@@QAE@ABU_EXCEPTION_POINTERS@@@Z 1001a830 f   except.obj
 0001:00019850       ?install@structured_exception@@SAXXZ 1001a850 f   except.obj
 0001:00019890       ?Log@@YAXPADZZ             1001a890 f   except.obj
 0001:00019ab0       ?doHelp@@YAXVQString@@@Z   1001aab0 f   help.obj
 0001:00019ef0       ??0logFilter@@QAE@XZ       1001aef0 f   logFilter.obj
 0001:0001a0b0       ?compareLess@CompareDatesTimesExclusive@logFilter@@EBE_NABVQDate@@0@Z 1001b0b0 f i logFilter.obj
 0001:0001a0d0       ?compareMore@CompareDatesTimesExclusive@logFilter@@EBE_NABVQDate@@0@Z 1001b0d0 f i logFilter.obj
 0001:0001a0f0       ?compareLess@CompareDatesTimesExclusive@logFilter@@EBE_NABVQDateTime@@0@Z 1001b0f0 f i logFilter.obj
 0001:0001a110       ?compareMore@CompareDatesTimesExclusive@logFilter@@EBE_NABVQDateTime@@0@Z 1001b110 f i logFilter.obj
 0001:0001a130       ?getCompareLess@CompareDatesTimesExclusive@logFilter@@EBE?AVQString@@XZ 1001b130 f i logFilter.obj
 0001:0001a160       ?getCompareMore@CompareDatesTimesExclusive@logFilter@@EBE?AVQString@@XZ 1001b160 f i logFilter.obj
 0001:0001a190       ?isInclusive@CompareDatesTimesExclusive@logFilter@@EBE_NXZ 1001b190 f i logFilter.obj
 0001:0001a1a0       ??_ECompareDatesTimesExclusive@logFilter@@EAEPAXI@Z 1001b1a0 f i logFilter.obj
 0001:0001a1a0       ??_ECompareDatesTimesInclusive@logFilter@@EAEPAXI@Z 1001b1a0 f i logFilter.obj
 0001:0001a1a0       ??_GCompareDatesTimesInclusive@logFilter@@EAEPAXI@Z 1001b1a0 f i logFilter.obj
 0001:0001a1a0       ??_GCompareDatesTimesExclusive@logFilter@@EAEPAXI@Z 1001b1a0 f i logFilter.obj
 0001:0001a1c0       ??1CompareDatesTimesExclusive@logFilter@@EAE@XZ 1001b1c0 f i logFilter.obj
 0001:0001a1c0       ??1CompareDatesTimesInclusive@logFilter@@EAE@XZ 1001b1c0 f i logFilter.obj
 0001:0001a1d0       ??_EICompareDatesTimes@logFilter@@UAEPAXI@Z 1001b1d0 f i logFilter.obj
 0001:0001a1d0       ??_GICompareDatesTimes@logFilter@@UAEPAXI@Z 1001b1d0 f i logFilter.obj
 0001:0001a1f0       ??_GlogFilter@@UAEPAXI@Z   1001b1f0 f i logFilter.obj
 0001:0001a1f0       ??_ElogFilter@@UAEPAXI@Z   1001b1f0 f i logFilter.obj
 0001:0001a210       ??1logFilter@@UAE@XZ       1001b210 f   logFilter.obj
 0001:0001a2d0       ?setFilter@logFilter@@QAE_NABVQString@@@Z 1001b2d0 f   logFilter.obj
 0001:0001ade0       ?ClearFilter@logFilter@@QAEXXZ 1001bde0 f   logFilter.obj
 0001:0001b050       ?setList@logFilter@@ABE_NQAVQStringList@@QBVdecodeCaptionString@@@Z 1001c050 f   logFilter.obj
 0001:0001b420       ?showDevices@logFilter@@QBE?AVQString@@XZ 1001c420 f   logFilter.obj
 0001:0001b4c0       ?showGroups@logFilter@@QBE?AVQString@@XZ 1001c4c0 f   logFilter.obj
 0001:0001b560       ?showProcesses@logFilter@@QBE?AVQString@@XZ 1001c560 f   logFilter.obj
 0001:0001b600       ?showText@logFilter@@QBE?AVQString@@XZ 1001c600 f   logFilter.obj
 0001:0001b6a0       ?stripWhiteSpace@logFilter@@ABEXQAVQStringList@@@Z 1001c6a0 f   logFilter.obj
 0001:0001b7b0       ?sqlStringList@logFilter@@ABEXABVQStringList@@ABVQString@@1_NAAV3@@Z 1001c7b0 f   logFilter.obj
 0001:0001b9e0       ?sqlStatement@logFilter@@QBE?AVQString@@ABV2@_N@Z 1001c9e0 f   logFilter.obj
 0001:0001bec0       ?FilterUpdate@logFilter@@QBE_NABVQDateTime@@HHABVQString@@111@Z 1001cec0 f   logFilter.obj
 0001:0001c080       ?setState@logFilter@@AAE_NABVQString@@_N@Z 1001d080 f   logFilter.obj
 0001:0001c1e0       ?sqlState@logFilter@@ABE?AVQString@@ABV2@_N@Z 1001d1e0 f   logFilter.obj
 0001:0001c9f0       ?setLevel@logFilter@@AAE_NABVQString@@_N@Z 1001d9f0 f   logFilter.obj
 0001:0001cae0       ?sqlLevel@logFilter@@ABE?AVQString@@ABV2@_N@Z 1001dae0 f   logFilter.obj
 0001:0001ce90       ?setDateTime@logFilter@@AAE_NABVQString@@0@Z 1001de90 f   logFilter.obj
 0001:0001d740       ?compareLess@CompareDatesTimesInclusive@logFilter@@EBE_NABVQDate@@0@Z 1001e740 f i logFilter.obj
 0001:0001d760       ?compareMore@CompareDatesTimesInclusive@logFilter@@EBE_NABVQDate@@0@Z 1001e760 f i logFilter.obj
 0001:0001d780       ?compareLess@CompareDatesTimesInclusive@logFilter@@EBE_NABVQDateTime@@0@Z 1001e780 f i logFilter.obj
 0001:0001d7a0       ?compareMore@CompareDatesTimesInclusive@logFilter@@EBE_NABVQDateTime@@0@Z 1001e7a0 f i logFilter.obj
 0001:0001d7c0       ?getCompareLess@CompareDatesTimesInclusive@logFilter@@EBE?AVQString@@XZ 1001e7c0 f i logFilter.obj
 0001:0001d7f0       ?getCompareMore@CompareDatesTimesInclusive@logFilter@@EBE?AVQString@@XZ 1001e7f0 f i logFilter.obj
 0001:0001d820       ?isInclusive@CompareDatesTimesInclusive@logFilter@@EBE_NXZ 1001e820 f i logFilter.obj
 0001:0001d830       ?sqlDateTime@logFilter@@ABE?AVQString@@ABV2@_N@Z 1001e830 f   logFilter.obj
 0001:0001e410       ?checkList@logFilter@@ABE_NQBVQStringList@@ABVQString@@@Z 1001f410 f   logFilter.obj
 0001:0001e670       ?setCaptionReturnAll@logFilter@@QAEXAAVQString@@@Z 1001f670 f   logFilter.obj
 0001:0001fdc0       ?setCaptionReturn@logFilter@@QAEXPBDAAVQString@@@Z 10020dc0 f   logFilter.obj
 0001:000201e0       ?setCaptionReturnState@logFilter@@ABE_NPBDAAVQString@@@Z 100211e0 f   logFilter.obj
 0001:00020920       ?setCaptionReturnLevel@logFilter@@ABE_NPBDAAVQString@@@Z 10021920 f   logFilter.obj
 0001:00020e00       ?setCaptionReturnDateTime@logFilter@@ABE_NPBDAAVQString@@@Z 10021e00 f   logFilter.obj
 0001:00021960       ?updateDateTimeTest@logFilter@@ABE_NABVQDateTime@@@Z 10022960 f   logFilter.obj
 0001:00022230       ?find@?$QValueListPrivate@VQString@@@@QBEPAV?$QValueListNode@VQString@@@@PAV2@ABVQString@@@Z 10023230 f i logFilter.obj
 0001:00022270       ??0?$QValueListNode@VQString@@@@QAE@XZ 10023270 f i logFilter.obj
 0001:000222a0       ?clear@?$QValueListPrivate@VQString@@@@QAEXXZ 100232a0 f i logFilter.obj
 0001:000223d0       ??0logLbi@@QAE@PAVQListView@@VQDateTime@@HHHVQString@@222_N@Z 100233d0 f   logLbi.obj
 0001:000225e0       ??_ElogLbi@@UAEPAXI@Z      100235e0 f i logLbi.obj
 0001:000225e0       ??_GlogLbi@@UAEPAXI@Z      100235e0 f i logLbi.obj
 0001:00022600       ??1logLbi@@UAE@XZ          10023600 f i logLbi.obj
 0001:000226e0       ?setValues@logLbi@@QAEXVQDateTime@@HHHVQString@@111@Z 100236e0 f   logLbi.obj
 0001:00022d20       ?paintCell@logLbi@@UAEXPAVQPainter@@ABVQColorGroup@@HHH@Z 10023d20 f   logLbi.obj
 0001:00022ff0       ?compare@logLbi@@MBEHPAVQListViewItem@@H_N@Z 10023ff0 f   logLbi.obj
 0001:000231c0       ?paintFocus@logLbi@@UAEXPAVQPainter@@ABVQColorGroup@@ABVQRect@@@Z 100241c0 f   logLbi.obj
 0001:000231d0       ?getLogItem@logLbi@@QAE?AVQString@@XZ 100241d0 f   logLbi.obj
 0001:00023530       ?setLogText@logLbi@@QAEXVQString@@@Z 10024530 f   logLbi.obj
 0001:000235b0       ?setup@logLbi@@UAEXXZ      100245b0 f   logLbi.obj
 0001:00023660       ?loadLocations@logLbi@@AAEXXZ 10024660 f   logLbi.obj
 0001:00023c60       ?getText@logLbi@@QAE?AVQString@@H@Z 10024c60 f   logLbi.obj
 0001:00024180       ?setShowMsec@logLbi@@SAX_N@Z 10025180 f   logLbi.obj
 0001:00024190       ?setColour@logLbi@@SAXPAVlogLbiColour@@@Z 10025190 f   logLbi.obj
 0001:000241a0       ?SetMinHeight@logLbi@@SAXH@Z 100251a0 f   logLbi.obj
 0001:000241b0       ?find@?$QMapPrivate@VQString@@V1@@@QBE?AV?$QMapConstIterator@VQString@@V1@@@ABVQString@@@Z 100251b0 f i logLbi.obj
 0001:00024220       ??0logLbiColour@@QAE@XZ    10025220 f   logLbiColour.obj
 0001:00024340       ??_ElogLbiColour@@UAEPAXI@Z 10025340 f i logLbiColour.obj
 0001:00024340       ??_GlogLbiColour@@UAEPAXI@Z 10025340 f i logLbiColour.obj
 0001:00024360       ??1logLbiColour@@UAE@XZ    10025360 f   logLbiColour.obj
 0001:00024370       ?setDefaultColours@logLbiColour@@QAEXXZ 10025370 f   logLbiColour.obj
 0001:00024600       ?setColours@logLbiColour@@QAE_NVQString@@@Z 10025600 f   logLbiColour.obj
 0001:00025520       ?getBackgroundColour@logLbiColour@@QAE?AVQColor@@HH@Z 10026520 f   logLbiColour.obj
 0001:00025690       ?getTextColour@logLbiColour@@QAE?AVQColor@@HH@Z 10026690 f   logLbiColour.obj
 0001:00025800       ??0CustomWidgetPlugin@@QAE@XZ 10026800 f   plugin.obj
 0001:00025820       ??_ECustomWidgetPlugin@@UAEPAXI@Z 10026820 f i plugin.obj
 0001:00025820       ??_GCustomWidgetPlugin@@UAEPAXI@Z 10026820 f i plugin.obj
 0001:00025840       ??1CustomWidgetPlugin@@UAE@XZ 10026840 f i plugin.obj
 0001:00025850       ?keys@CustomWidgetPlugin@@UBE?AVQStringList@@XZ 10026850 f   plugin.obj
 0001:00025a30       ?create@CustomWidgetPlugin@@UAEPAVQWidget@@ABVQString@@PAV2@PBD@Z 10026a30 f   plugin.obj
 0001:00025b60       ?group@CustomWidgetPlugin@@UBE?AVQString@@ABV2@@Z 10026b60 f   plugin.obj
 0001:00025be0       ?iconSet@CustomWidgetPlugin@@UBE?AVQIconSet@@ABVQString@@@Z 10026be0 f   plugin.obj
 0001:00025c60       ?includeFile@CustomWidgetPlugin@@UBE?AVQString@@ABV2@@Z 10026c60 f   plugin.obj
 0001:00025d10       ?toolTip@CustomWidgetPlugin@@UBE?AVQString@@ABV2@@Z 10026d10 f   plugin.obj
 0001:00025dc0       ?whatsThis@CustomWidgetPlugin@@UBE?AVQString@@ABV2@@Z 10026dc0 f   plugin.obj
 0001:00025e70       ?isContainer@CustomWidgetPlugin@@UBE_NABVQString@@@Z 10026e70 f   plugin.obj
 0001:00025e80       _qt_ucm_query_verification_data 10026e80 f   plugin.obj
 0001:00025e90       _ucm_instantiate           10026e90 f   plugin.obj
 0001:00025ec0       ??0bncs_data_form_editBase@@QAE@PAVQWidget@@PBD_NI@Z 10026ec0 f   bncs_data_form_edit.obj
 0001:000278d0       ?metaObject@bncs_data_form_editBase@@UBEPAVQMetaObject@@XZ 100288d0 f i bncs_data_form_edit.obj
 0001:000278e0       ??_EQSpacerItem@@UAEPAXI@Z 100288e0 f i bncs_data_form_edit.obj
 0001:000278e0       ??_GQSpacerItem@@UAEPAXI@Z 100288e0 f i bncs_data_form_edit.obj
 0001:00027900       ??_Gbncs_data_form_editBase@@UAEPAXI@Z 10028900 f i bncs_data_form_edit.obj
 0001:00027900       ??_Ebncs_data_form_editBase@@UAEPAXI@Z 10028900 f i bncs_data_form_edit.obj
 0001:00027920       ??_EQVBoxLayout@@UAEPAXI@Z 10028920 f i bncs_data_form_edit.obj
 0001:00027920       ??_GQVBoxLayout@@UAEPAXI@Z 10028920 f i bncs_data_form_edit.obj
 0001:00027940       ??_GQTabWidget@@UAEPAXI@Z  10028940 f i bncs_data_form_edit.obj
 0001:00027940       ??_EQTabWidget@@UAEPAXI@Z  10028940 f i bncs_data_form_edit.obj
 0001:00027960       ??_GQWidget@@UAEPAXI@Z     10028960 f i bncs_data_form_edit.obj
 0001:00027960       ??_EQWidget@@UAEPAXI@Z     10028960 f i bncs_data_form_edit.obj
 0001:00027980       ??_EQGroupBox@@UAEPAXI@Z   10028980 f i bncs_data_form_edit.obj
 0001:00027980       ??_GQGroupBox@@UAEPAXI@Z   10028980 f i bncs_data_form_edit.obj
 0001:000279a0       ??_EQGridLayout@@UAEPAXI@Z 100289a0 f i bncs_data_form_edit.obj
 0001:000279a0       ??_GQGridLayout@@UAEPAXI@Z 100289a0 f i bncs_data_form_edit.obj
 0001:000279c0       ??_EQLineEdit@@UAEPAXI@Z   100289c0 f i bncs_data_form_edit.obj
 0001:000279c0       ??_GQLineEdit@@UAEPAXI@Z   100289c0 f i bncs_data_form_edit.obj
 0001:000279e0       ??_EQLabel@@UAEPAXI@Z      100289e0 f i bncs_data_form_edit.obj
 0001:000279e0       ??_GQLabel@@UAEPAXI@Z      100289e0 f i bncs_data_form_edit.obj
 0001:00027a00       ??_EQComboBox@@UAEPAXI@Z   10028a00 f i bncs_data_form_edit.obj
 0001:00027a00       ??_GQComboBox@@UAEPAXI@Z   10028a00 f i bncs_data_form_edit.obj
 0001:00027a20       ??_GQListView@@UAEPAXI@Z   10028a20 f i bncs_data_form_edit.obj
 0001:00027a20       ??_EQListView@@UAEPAXI@Z   10028a20 f i bncs_data_form_edit.obj
 0001:00027a40       ??1bncs_data_form_editBase@@UAE@XZ 10028a40 f   bncs_data_form_edit.obj
 0001:00027a60       ?languageChange@bncs_data_form_editBase@@MAEXXZ 10028a60 f   bncs_data_form_edit.obj
 0001:000284b0       ??_EQVBoxLayout@@WCI@AEPAXI@Z 100294b0 f i bncs_data_form_edit.obj
 0001:000284c0       ??_EQGridLayout@@WCI@AEPAXI@Z 100294c0 f i bncs_data_form_edit.obj
 0001:000284d0       ??_EQTabWidget@@WCI@AEPAXI@Z 100294d0 f i bncs_data_form_edit.obj
 0001:000284e0       ??_EQGroupBox@@WCI@AEPAXI@Z 100294e0 f i bncs_data_form_edit.obj
 0001:000284f0       ??_EQLineEdit@@WCI@AEPAXI@Z 100294f0 f i bncs_data_form_edit.obj
 0001:00028500       ??_EQLabel@@WCI@AEPAXI@Z   10029500 f i bncs_data_form_edit.obj
 0001:00028510       ??_EQComboBox@@WCI@AEPAXI@Z 10029510 f i bncs_data_form_edit.obj
 0001:00028520       ??_EQListView@@WCI@AEPAXI@Z 10029520 f i bncs_data_form_edit.obj
 0001:00028530       ??_Ebncs_data_form_editBase@@WCI@AEPAXI@Z 10029530 f i bncs_data_form_edit.obj
 0001:00028540       ??_EQWidget@@WCI@AEPAXI@Z  10029540 f i bncs_data_form_edit.obj
 0001:00028550       ??0bncs_data_table_editBase@@QAE@PAVQWidget@@PBD_NI@Z 10029550 f   bncs_data_table_edit.obj
 0001:00029260       ?metaObject@bncs_data_table_editBase@@UBEPAVQMetaObject@@XZ 1002a260 f i bncs_data_table_edit.obj
 0001:00029270       ??_Ebncs_data_table_editBase@@UAEPAXI@Z 1002a270 f i bncs_data_table_edit.obj
 0001:00029270       ??_Gbncs_data_table_editBase@@UAEPAXI@Z 1002a270 f i bncs_data_table_edit.obj
 0001:00029290       ??_GQCheckBox@@UAEPAXI@Z   1002a290 f i bncs_data_table_edit.obj
 0001:00029290       ??_EQCheckBox@@UAEPAXI@Z   1002a290 f i bncs_data_table_edit.obj
 0001:000292b0       ??1bncs_data_table_editBase@@UAE@XZ 1002a2b0 f   bncs_data_table_edit.obj
 0001:000292d0       ?languageChange@bncs_data_table_editBase@@MAEXXZ 1002a2d0 f   bncs_data_table_edit.obj
 0001:00029780       ??_EQCheckBox@@WCI@AEPAXI@Z 1002a780 f i bncs_data_table_edit.obj
 0001:00029790       ??_Ebncs_data_table_editBase@@WCI@AEPAXI@Z 1002a790 f i bncs_data_table_edit.obj
 0001:000297a0       ??0bncs_log_editBase@@QAE@PAVQWidget@@PBD_NI@Z 1002a7a0 f   bncs_log_edit.obj
 0001:0002e990       ?metaObject@bncs_log_editBase@@UBEPAVQMetaObject@@XZ 1002f990 f i bncs_log_edit.obj
 0001:0002e9a0       ??_Ebncs_log_editBase@@UAEPAXI@Z 1002f9a0 f i bncs_log_edit.obj
 0001:0002e9a0       ??_Gbncs_log_editBase@@UAEPAXI@Z 1002f9a0 f i bncs_log_edit.obj
 0001:0002e9c0       ??_GQButtonGroup@@UAEPAXI@Z 1002f9c0 f i bncs_log_edit.obj
 0001:0002e9c0       ??_EQButtonGroup@@UAEPAXI@Z 1002f9c0 f i bncs_log_edit.obj
 0001:0002e9e0       ??_EQSpinBox@@UAEPAXI@Z    1002f9e0 f i bncs_log_edit.obj
 0001:0002e9e0       ??_GQSpinBox@@UAEPAXI@Z    1002f9e0 f i bncs_log_edit.obj
 0001:0002ea00       ??_GQRadioButton@@UAEPAXI@Z 1002fa00 f i bncs_log_edit.obj
 0001:0002ea00       ??_EQRadioButton@@UAEPAXI@Z 1002fa00 f i bncs_log_edit.obj
 0001:0002ea20       ??_EQDateEdit@@UAEPAXI@Z   1002fa20 f i bncs_log_edit.obj
 0001:0002ea20       ??_GQDateEdit@@UAEPAXI@Z   1002fa20 f i bncs_log_edit.obj
 0001:0002ea40       ??_GQDateTimeEdit@@UAEPAXI@Z 1002fa40 f i bncs_log_edit.obj
 0001:0002ea40       ??_EQDateTimeEdit@@UAEPAXI@Z 1002fa40 f i bncs_log_edit.obj
 0001:0002ea60       ??1bncs_log_editBase@@UAE@XZ 1002fa60 f   bncs_log_edit.obj
 0001:0002ea80       ?languageChange@bncs_log_editBase@@MAEXXZ 1002fa80 f   bncs_log_edit.obj
 0001:000309b0       ??_EQButtonGroup@@WCI@AEPAXI@Z 100319b0 f i bncs_log_edit.obj
 0001:000309c0       ??_EQSpinBox@@WCI@AEPAXI@Z 100319c0 f i bncs_log_edit.obj
 0001:000309d0       ??_EQSpinBox@@WGM@AEPAXI@Z 100319d0 f i bncs_log_edit.obj
 0001:000309e0       ??_EQRadioButton@@WCI@AEPAXI@Z 100319e0 f i bncs_log_edit.obj
 0001:000309f0       ??_EQDateEdit@@WCI@AEPAXI@Z 100319f0 f i bncs_log_edit.obj
 0001:00030a00       ??_EQDateTimeEdit@@WCI@AEPAXI@Z 10031a00 f i bncs_log_edit.obj
 0001:00030a10       ??_Ebncs_log_editBase@@WCI@AEPAXI@Z 10031a10 f i bncs_log_edit.obj
 0001:00030a20       ?className@FormWidget@@UBEPBDXZ 10031a20 f   moc_bncs_data_form.obj
 0001:00030a80       ?staticMetaObject@FormWidget@@SAPAVQMetaObject@@XZ 10031a80 f   moc_bncs_data_form.obj
 0001:00030ad0       ?qt_cast@FormWidget@@UAEPAXPBD@Z 10031ad0 f   moc_bncs_data_form.obj
 0001:00030b40       ?qt_invoke@FormWidget@@UAE_NHPAUQUObject@@@Z 10031b40 f   moc_bncs_data_form.obj
 0001:00030b60       ?qt_emit@FormWidget@@UAE_NHPAUQUObject@@@Z 10031b60 f   moc_bncs_data_form.obj
 0001:00030b80       ?qt_property@FormWidget@@UAE_NHHPAVQVariant@@@Z 10031b80 f   moc_bncs_data_form.obj
 0001:00030cc0       ?className@bncs_data_form@@UBEPBDXZ 10031cc0 f   moc_bncs_data_form.obj
 0001:00030d20       ?staticMetaObject@bncs_data_form@@SAPAVQMetaObject@@XZ 10031d20 f   moc_bncs_data_form.obj
 0001:00030dd0       ?qt_cast@bncs_data_form@@UAEPAXPBD@Z 10031dd0 f   moc_bncs_data_form.obj
 0001:00030e40       ?qt_invoke@bncs_data_form@@UAE_NHPAUQUObject@@@Z 10031e40 f   moc_bncs_data_form.obj
 0001:00030ee0       ?qt_emit@bncs_data_form@@UAE_NHPAUQUObject@@@Z 10031ee0 f   moc_bncs_data_form.obj
 0001:00030f00       ?qt_property@bncs_data_form@@UAE_NHHPAVQVariant@@@Z 10031f00 f   moc_bncs_data_form.obj
 0001:00030f20       ?className@bncs_data_form_editBase@@UBEPBDXZ 10031f20 f   moc_bncs_data_form_edit.obj
 0001:00030f80       ?tr@bncs_data_form_editBase@@SA?AVQString@@PBD0@Z 10031f80 f   moc_bncs_data_form_edit.obj
 0001:00030fd0       ?trUtf8@bncs_data_form_editBase@@SA?AVQString@@PBD0@Z 10031fd0 f   moc_bncs_data_form_edit.obj
 0001:00031020       ?staticMetaObject@bncs_data_form_editBase@@SAPAVQMetaObject@@XZ 10032020 f   moc_bncs_data_form_edit.obj
 0001:00031070       ?qt_cast@bncs_data_form_editBase@@UAEPAXPBD@Z 10032070 f   moc_bncs_data_form_edit.obj
 0001:000310e0       ?qt_invoke@bncs_data_form_editBase@@UAE_NHPAUQUObject@@@Z 100320e0 f   moc_bncs_data_form_edit.obj
 0001:00031120       ?className@bncs_data_form_edit@@UBEPBDXZ 10032120 f   moc_bncs_data_form_editimpl.obj
 0001:00031180       ?staticMetaObject@bncs_data_form_edit@@SAPAVQMetaObject@@XZ 10032180 f   moc_bncs_data_form_editimpl.obj
 0001:00031260       ?qt_cast@bncs_data_form_edit@@UAEPAXPBD@Z 10032260 f   moc_bncs_data_form_editimpl.obj
 0001:000312d0       ?qt_invoke@bncs_data_form_edit@@UAE_NHPAUQUObject@@@Z 100322d0 f   moc_bncs_data_form_editimpl.obj
 0001:00031390       ?qt_emit@bncs_data_form_edit@@UAE_NHPAUQUObject@@@Z 10032390 f   moc_bncs_data_form_editimpl.obj
 0001:00031390       ?qt_emit@bncs_data_table_edit@@UAE_NHPAUQUObject@@@Z 10032390 f   moc_bncs_data_form_editimpl.obj
 0001:00031390       ?qt_emit@bncs_log_edit@@UAE_NHPAUQUObject@@@Z 10032390 f   moc_bncs_data_form_editimpl.obj
 0001:000313b0       ?className@bncs_data_Table@@UBEPBDXZ 100323b0 f   moc_bncs_data_Table.obj
 0001:00031410       ?staticMetaObject@bncs_data_Table@@SAPAVQMetaObject@@XZ 10032410 f   moc_bncs_data_Table.obj
 0001:00031530       ?qt_cast@bncs_data_Table@@UAEPAXPBD@Z 10032530 f   moc_bncs_data_Table.obj
 0001:000315a0       ?qt_invoke@bncs_data_Table@@UAE_NHPAUQUObject@@@Z 100325a0 f   moc_bncs_data_Table.obj
 0001:00031650       ?qt_emit@bncs_data_Table@@UAE_NHPAUQUObject@@@Z 10032650 f   moc_bncs_data_Table.obj
 0001:00031670       ?qt_property@bncs_data_Table@@UAE_NHHPAVQVariant@@@Z 10032670 f   moc_bncs_data_Table.obj
 0001:00031690       ?className@bncs_data_table_editBase@@UBEPBDXZ 10032690 f   moc_bncs_data_table_edit.obj
 0001:000316f0       ?tr@bncs_data_table_editBase@@SA?AVQString@@PBD0@Z 100326f0 f   moc_bncs_data_table_edit.obj
 0001:00031740       ?trUtf8@bncs_data_table_editBase@@SA?AVQString@@PBD0@Z 10032740 f   moc_bncs_data_table_edit.obj
 0001:00031790       ?staticMetaObject@bncs_data_table_editBase@@SAPAVQMetaObject@@XZ 10032790 f   moc_bncs_data_table_edit.obj
 0001:000317e0       ?qt_cast@bncs_data_table_editBase@@UAEPAXPBD@Z 100327e0 f   moc_bncs_data_table_edit.obj
 0001:00031850       ?qt_invoke@bncs_data_table_editBase@@UAE_NHPAUQUObject@@@Z 10032850 f   moc_bncs_data_table_edit.obj
 0001:00031890       ?qt_emit@bncs_log_editBase@@UAE_NHPAUQUObject@@@Z 10032890 f   moc_bncs_data_table_edit.obj
 0001:00031890       ?qt_emit@bncs_data_form_editBase@@UAE_NHPAUQUObject@@@Z 10032890 f   moc_bncs_data_table_edit.obj
 0001:00031890       ?qt_emit@bncs_data_table_editBase@@UAE_NHPAUQUObject@@@Z 10032890 f   moc_bncs_data_table_edit.obj
 0001:000318b0       ?qt_property@bncs_data_table_editBase@@UAE_NHHPAVQVariant@@@Z 100328b0 f   moc_bncs_data_table_edit.obj
 0001:000318b0       ?qt_property@bncs_log_editBase@@UAE_NHHPAVQVariant@@@Z 100328b0 f   moc_bncs_data_table_edit.obj
 0001:000318b0       ?qt_property@bncs_data_form_editBase@@UAE_NHHPAVQVariant@@@Z 100328b0 f   moc_bncs_data_table_edit.obj
 0001:000318d0       ?className@bncs_data_table_edit@@UBEPBDXZ 100328d0 f   moc_bncs_data_table_editimpl.obj
 0001:00031930       ?staticMetaObject@bncs_data_table_edit@@SAPAVQMetaObject@@XZ 10032930 f   moc_bncs_data_table_editimpl.obj
 0001:00031980       ?qt_cast@bncs_data_table_edit@@UAEPAXPBD@Z 10032980 f   moc_bncs_data_table_editimpl.obj
 0001:000319f0       ?qt_invoke@bncs_data_table_edit@@UAE_NHPAUQUObject@@@Z 100329f0 f   moc_bncs_data_table_editimpl.obj
 0001:00031a30       ?qt_property@bncs_data_form_edit@@UAE_NHHPAVQVariant@@@Z 10032a30 f   moc_bncs_data_table_editimpl.obj
 0001:00031a30       ?qt_property@bncs_log_edit@@UAE_NHHPAVQVariant@@@Z 10032a30 f   moc_bncs_data_table_editimpl.obj
 0001:00031a30       ?qt_property@bncs_data_table_edit@@UAE_NHHPAVQVariant@@@Z 10032a30 f   moc_bncs_data_table_editimpl.obj
 0001:00031a50       ?className@bncs_log@@UBEPBDXZ 10032a50 f   moc_bncs_log.obj
 0001:00031ab0       ?staticMetaObject@bncs_log@@SAPAVQMetaObject@@XZ 10032ab0 f   moc_bncs_log.obj
 0001:00031be0       ?qt_cast@bncs_log@@UAEPAXPBD@Z 10032be0 f   moc_bncs_log.obj
 0001:00031d10       ?notify@bncs_log@@IAEXAAVQString@@@Z 10032d10 f   moc_bncs_log.obj
 0001:00031de0       ?qt_invoke@bncs_log@@UAE_NHPAUQUObject@@@Z 10032de0 f   moc_bncs_log.obj
 0001:00031ed0       ?qt_emit@bncs_log@@UAE_NHPAUQUObject@@@Z 10032ed0 f   moc_bncs_log.obj
 0001:00031f10       ?qt_property@bncs_log@@UAE_NHHPAVQVariant@@@Z 10032f10 f   moc_bncs_log.obj
 0001:00031f30       ?className@bncs_log_editBase@@UBEPBDXZ 10032f30 f   moc_bncs_log_edit.obj
 0001:00031f90       ?tr@bncs_log_editBase@@SA?AVQString@@PBD0@Z 10032f90 f   moc_bncs_log_edit.obj
 0001:00031fe0       ?trUtf8@bncs_log_editBase@@SA?AVQString@@PBD0@Z 10032fe0 f   moc_bncs_log_edit.obj
 0001:00032030       ?staticMetaObject@bncs_log_editBase@@SAPAVQMetaObject@@XZ 10033030 f   moc_bncs_log_edit.obj
 0001:00032080       ?qt_cast@bncs_log_editBase@@UAEPAXPBD@Z 10033080 f   moc_bncs_log_edit.obj
 0001:000320f0       ?qt_invoke@bncs_log_editBase@@UAE_NHPAUQUObject@@@Z 100330f0 f   moc_bncs_log_edit.obj
 0001:00032130       ?className@bncs_log_edit@@UBEPBDXZ 10033130 f   moc_bncs_log_editimpl.obj
 0001:00032190       ?staticMetaObject@bncs_log_edit@@SAPAVQMetaObject@@XZ 10033190 f   moc_bncs_log_editimpl.obj
 0001:00032390       ?qt_cast@bncs_log_edit@@UAEPAXPBD@Z 10033390 f   moc_bncs_log_editimpl.obj
 0001:00032400       ?qt_invoke@bncs_log_edit@@UAE_NHPAUQUObject@@@Z 10033400 f   moc_bncs_log_editimpl.obj
 0001:00032590       ??0dbConnection@@QAE@_NVQString@@QAVIDatabaseMessage@@@Z 10033590 f   dbConnection.obj
 0001:00032840       ??_EdbConnection@@UAEPAXI@Z 10033840 f i dbConnection.obj
 0001:00032840       ??_GdbConnection@@UAEPAXI@Z 10033840 f i dbConnection.obj
 0001:00032860       ??1ConnectionParams@dbConnection@@QAE@XZ 10033860 f i dbConnection.obj
 0001:00032930       ??_GQSemaphore@@UAEPAXI@Z  10033930 f i dbConnection.obj
 0001:00032930       ??_EQSemaphore@@UAEPAXI@Z  10033930 f i dbConnection.obj
 0001:00032950       ??1dbConnection@@UAE@XZ    10033950 f   dbConnection.obj
 0001:00032b00       ?lock@dbConnection@@QAEXXZ 10033b00 f   dbConnection.obj
 0001:00032b10       ?unlock@dbConnection@@QAEXXZ 10033b10 f   dbConnection.obj
 0001:00032b20       ?run@dbConnection@@UAEXXZ  10033b20 f   dbConnection.obj
 0001:00032c80       ?doOpen@dbConnection@@AAE_NABUConnectionParams@1@@Z 10033c80 f   dbConnection.obj
 0001:00033160       ?getDbase@dbConnection@@QAEPAVQSqlDatabase@@XZ 10034160 f   dbConnection.obj
 0001:00033190       ?lastError@dbConnection@@QAE?AVQString@@XZ 10034190 f   dbConnection.obj
 0001:000333d0       ?getCurrentDatabase@dbConnection@@QBE?AVQString@@XZ 100343d0 f   dbConnection.obj
 0001:00033400       ?getCurrentHost@dbConnection@@QBE?AVQString@@XZ 10034400 f   dbConnection.obj
 0001:00033430       _HtmlHelpA@16              10034430 f   htmlhelp:init.obj
 0001:00033528       ?setOn@QPushButton@@UAEX_N@Z 10034528 f   qt-mt323:qt-mt323.dll
 0001:0003352e       ?setIsMenuButton@QPushButton@@UAEX_N@Z 1003452e f   qt-mt323:qt-mt323.dll
 0001:00033534       ?setDefault@QPushButton@@UAEX_N@Z 10034534 f   qt-mt323:qt-mt323.dll
 0001:0003353a       ?setAutoDefault@QPushButton@@UAEX_N@Z 1003453a f   qt-mt323:qt-mt323.dll
 0001:00033540       ?setGroup@QButton@@EAEXPAVQButtonGroup@@@Z 10034540 f   qt-mt323:qt-mt323.dll
 0001:00033546       ?drawButtonLabel@QPushButton@@MAEXPAVQPainter@@@Z 10034546 f   qt-mt323:qt-mt323.dll
 0001:0003354c       ?drawButton@QPushButton@@MAEXPAVQPainter@@@Z 1003454c f   qt-mt323:qt-mt323.dll
 0001:00033552       ?hitButton@QButton@@MBE_NABVQPoint@@@Z 10034552 f   qt-mt323:qt-mt323.dll
 0001:00033558       ?setState@QButton@@MAEXW4ToggleState@1@@Z 10034558 f   qt-mt323:qt-mt323.dll
 0001:0003355e       ?setToggleType@QButton@@MAEXW4ToggleType@1@@Z 1003455e f   qt-mt323:qt-mt323.dll
 0001:00033564       ?setAutoRepeat@QButton@@UAEX_N@Z 10034564 f   qt-mt323:qt-mt323.dll
 0001:0003356a       ?setDown@QButton@@UAEX_N@Z 1003456a f   qt-mt323:qt-mt323.dll
 0001:00033570       ?setAccel@QButton@@UAEXABVQKeySequence@@@Z 10034570 f   qt-mt323:qt-mt323.dll
 0001:00033576       ?setPixmap@QButton@@UAEXABVQPixmap@@@Z 10034576 f   qt-mt323:qt-mt323.dll
 0001:0003357c       ?setText@QButton@@UAEXABVQString@@@Z 1003457c f   qt-mt323:qt-mt323.dll
 0001:00033582       ?enabledChange@QButton@@MAEX_N@Z 10034582 f   qt-mt323:qt-mt323.dll
 0001:00033588       ?updateMask@QPushButton@@MAEXXZ 10034588 f   qt-mt323:qt-mt323.dll
 0001:0003358e       ?resizeEvent@QPushButton@@MAEXPAVQResizeEvent@@@Z 1003458e f   qt-mt323:qt-mt323.dll
 0001:00033594       ?paintEvent@QButton@@MAEXPAVQPaintEvent@@@Z 10034594 f   qt-mt323:qt-mt323.dll
 0001:0003359a       ?focusOutEvent@QPushButton@@MAEXPAVQFocusEvent@@@Z 1003459a f   qt-mt323:qt-mt323.dll
 0001:000335a0       ?focusInEvent@QPushButton@@MAEXPAVQFocusEvent@@@Z 100345a0 f   qt-mt323:qt-mt323.dll
 0001:000335a6       ?keyReleaseEvent@QButton@@MAEXPAVQKeyEvent@@@Z 100345a6 f   qt-mt323:qt-mt323.dll
 0001:000335ac       ?keyPressEvent@QButton@@MAEXPAVQKeyEvent@@@Z 100345ac f   qt-mt323:qt-mt323.dll
 0001:000335b2       ?mouseMoveEvent@QButton@@MAEXPAVQMouseEvent@@@Z 100345b2 f   qt-mt323:qt-mt323.dll
 0001:000335b8       ?mouseReleaseEvent@QButton@@MAEXPAVQMouseEvent@@@Z 100345b8 f   qt-mt323:qt-mt323.dll
 0001:000335be       ?mousePressEvent@QButton@@MAEXPAVQMouseEvent@@@Z 100345be f   qt-mt323:qt-mt323.dll
 0001:000335c4       ?sizeHint@QPushButton@@UBE?AVQSize@@XZ 100345c4 f   qt-mt323:qt-mt323.dll
 0001:000335ca       ?setGeometry@QPushButton@@UAEXHHHH@Z 100345ca f   qt-mt323:qt-mt323.dll
 0001:000335d0       ?setGeometry@QPushButton@@UAEXABVQRect@@@Z 100345d0 f   qt-mt323:qt-mt323.dll
 0001:000335d6       ?resize@QPushButton@@UAEXHH@Z 100345d6 f   qt-mt323:qt-mt323.dll
 0001:000335dc       ?move@QPushButton@@UAEXHH@Z 100345dc f   qt-mt323:qt-mt323.dll
 0001:000335e2       ?polish@QWidget@@UAEXXZ    100345e2 f   qt-mt323:qt-mt323.dll
 0001:000335e8       ?setCaption@QWidget@@UAEXABVQString@@@Z 100345e8 f   qt-mt323:qt-mt323.dll
 0001:000335ee       ?qt_property@QPushButton@@UAE_NHHPAVQVariant@@@Z 100345ee f   qt-mt323:qt-mt323.dll
 0001:000335f4       ?qt_emit@QPushButton@@UAE_NHPAUQUObject@@@Z 100345f4 f   qt-mt323:qt-mt323.dll
 0001:000335fa       ?qt_invoke@QPushButton@@UAE_NHPAUQUObject@@@Z 100345fa f   qt-mt323:qt-mt323.dll
 0001:00033600       ?qt_cast@QPushButton@@UAEPAXPBD@Z 10034600 f   qt-mt323:qt-mt323.dll
 0001:00033606       ?className@QPushButton@@UBEPBDXZ 10034606 f   qt-mt323:qt-mt323.dll
 0001:0003360c       ?metaObject@QPushButton@@UBEPAVQMetaObject@@XZ 1003460c f   qt-mt323:qt-mt323.dll
 0001:00033612       ?event@QTimer@@MAE_NPAVQEvent@@@Z 10034612 f   qt-mt323:qt-mt323.dll
 0001:00033618       ?qt_property@QTimer@@UAE_NHHPAVQVariant@@@Z 10034618 f   qt-mt323:qt-mt323.dll
 0001:0003361e       ?qt_emit@QTimer@@UAE_NHPAUQUObject@@@Z 1003461e f   qt-mt323:qt-mt323.dll
 0001:00033624       ?qt_invoke@QTimer@@UAE_NHPAUQUObject@@@Z 10034624 f   qt-mt323:qt-mt323.dll
 0001:0003362a       ?qt_cast@QTimer@@UAEPAXPBD@Z 1003462a f   qt-mt323:qt-mt323.dll
 0001:00033630       ?className@QTimer@@UBEPBDXZ 10034630 f   qt-mt323:qt-mt323.dll
 0001:00033636       ?metaObject@QTimer@@UBEPAVQMetaObject@@XZ 10034636 f   qt-mt323:qt-mt323.dll
 0001:0003363c       ?fontInf@QPaintDevice@@MBEHPAVQFont@@H@Z 1003463c f   qt-mt323:qt-mt323.dll
 0001:00033642       ?fontMet@QPaintDevice@@MBEHPAVQFont@@HPBDH@Z 10034642 f   qt-mt323:qt-mt323.dll
 0001:00033648       ?metric@QWidget@@MBEHH@Z   10034648 f   qt-mt323:qt-mt323.dll
 0001:0003364e       ?cmd@QPaintDevice@@MAE_NHPAVQPainter@@PATQPDevCmdParam@@@Z 1003464e f   qt-mt323:qt-mt323.dll
 0001:00033654       ?handle@QPaintDevice@@UBEPAUHDC__@@XZ 10034654 f   qt-mt323:qt-mt323.dll
 0001:0003365a       ?resolution@QPaintDevice@@UBEHXZ 1003465a f   qt-mt323:qt-mt323.dll
 0001:00033660       ?setResolution@QPaintDevice@@UAEXH@Z 10034660 f   qt-mt323:qt-mt323.dll
 0001:00033666       ?handleError@QDataBrowser@@MAEXABVQSqlError@@@Z 10034666 f   qt-mt323:qt-mt323.dll
 0001:0003366c       ?confirmCancel@QDataBrowser@@MAE?AW4Confirm@QSql@@W4Op@3@@Z 1003466c f   qt-mt323:qt-mt323.dll
 0001:00033672       ?confirmEdit@QDataBrowser@@MAE?AW4Confirm@QSql@@W4Op@3@@Z 10034672 f   qt-mt323:qt-mt323.dll
 0001:00033678       ?currentEdited@QDataBrowser@@MAE_NXZ 10034678 f   qt-mt323:qt-mt323.dll
 0001:0003367e       ?deleteCurrent@QDataBrowser@@MAE_NXZ 1003467e f   qt-mt323:qt-mt323.dll
 0001:00033684       ?updateCurrent@QDataBrowser@@MAE_NXZ 10034684 f   qt-mt323:qt-mt323.dll
 0001:0003368a       ?insertCurrent@QDataBrowser@@MAE_NXZ 1003468a f   qt-mt323:qt-mt323.dll
 0001:00033690       ?clearValues@QDataBrowser@@UAEXXZ 10034690 f   qt-mt323:qt-mt323.dll
 0001:00033696       ?writeFields@QDataBrowser@@UAEXXZ 10034696 f   qt-mt323:qt-mt323.dll
 0001:0003369c       ?readFields@QDataBrowser@@UAEXXZ 1003469c f   qt-mt323:qt-mt323.dll
 0001:000336a2       ?prev@QDataBrowser@@UAEXXZ 100346a2 f   qt-mt323:qt-mt323.dll
 0001:000336a8       ?next@QDataBrowser@@UAEXXZ 100346a8 f   qt-mt323:qt-mt323.dll
 0001:000336ae       ?last@QDataBrowser@@UAEXXZ 100346ae f   qt-mt323:qt-mt323.dll
 0001:000336b4       ?first@QDataBrowser@@UAEXXZ 100346b4 f   qt-mt323:qt-mt323.dll
 0001:000336ba       ?del@QDataBrowser@@UAEXXZ  100346ba f   qt-mt323:qt-mt323.dll
 0001:000336c0       ?update@QDataBrowser@@UAEXXZ 100346c0 f   qt-mt323:qt-mt323.dll
 0001:000336c6       ?insert@QDataBrowser@@UAEXXZ 100346c6 f   qt-mt323:qt-mt323.dll
 0001:000336cc       ?refresh@QDataBrowser@@UAEXXZ 100346cc f   qt-mt323:qt-mt323.dll
 0001:000336d2       ?seek@QDataBrowser@@UAE_NH_N@Z 100346d2 f   qt-mt323:qt-mt323.dll
 0001:000336d8       ?setAutoEdit@QDataBrowser@@UAEX_N@Z 100346d8 f   qt-mt323:qt-mt323.dll
 0001:000336de       ?setReadOnly@QDataBrowser@@UAEX_N@Z 100346de f   qt-mt323:qt-mt323.dll
 0001:000336e4       ?setConfirmCancels@QDataBrowser@@UAEX_N@Z 100346e4 f   qt-mt323:qt-mt323.dll
 0001:000336ea       ?setConfirmDelete@QDataBrowser@@UAEX_N@Z 100346ea f   qt-mt323:qt-mt323.dll
 0001:000336f0       ?setConfirmUpdate@QDataBrowser@@UAEX_N@Z 100346f0 f   qt-mt323:qt-mt323.dll
 0001:000336f6       ?setConfirmInsert@QDataBrowser@@UAEX_N@Z 100346f6 f   qt-mt323:qt-mt323.dll
 0001:000336fc       ?setConfirmEdits@QDataBrowser@@UAEX_N@Z 100346fc f   qt-mt323:qt-mt323.dll
 0001:00033702       ?setForm@QDataBrowser@@UAEXPAVQSqlForm@@@Z 10034702 f   qt-mt323:qt-mt323.dll
 0001:00033708       ?setSqlCursor@QDataBrowser@@UAEXPAVQSqlCursor@@_N@Z 10034708 f   qt-mt323:qt-mt323.dll
 0001:0003370e       ?setMicroFocusHint@QWidget@@MAEXHHHH_NPAVQFont@@@Z 1003470e f   qt-mt323:qt-mt323.dll
 0001:00033714       ?setKeyCompression@QWidget@@MAEX_N@Z 10034714 f   qt-mt323:qt-mt323.dll
 0001:0003371a       ?focusNextPrevChild@QWidget@@MAE_N_N@Z 1003471a f   qt-mt323:qt-mt323.dll
 0001:00033720       ?setWFlags@QWidget@@MAEXI@Z 10034720 f   qt-mt323:qt-mt323.dll
 0001:00033726       ?setWState@QWidget@@MAEXI@Z 10034726 f   qt-mt323:qt-mt323.dll
 0001:0003372c       ?destroy@QWidget@@MAEX_N0@Z 1003472c f   qt-mt323:qt-mt323.dll
 0001:00033732       ?create@QWidget@@MAEXPAUHWND__@@_N1@Z 10034732 f   qt-mt323:qt-mt323.dll
 0001:00033738       ?windowActivationChange@QWidget@@MAEX_N@Z 10034738 f   qt-mt323:qt-mt323.dll
 0001:0003373e       ?fontChange@QWidget@@MAEXABVQFont@@@Z 1003473e f   qt-mt323:qt-mt323.dll
 0001:00033744       ?paletteChange@QWidget@@MAEXABVQPalette@@@Z 10034744 f   qt-mt323:qt-mt323.dll
 0001:0003374a       ?enabledChange@QWidget@@MAEX_N@Z 1003474a f   qt-mt323:qt-mt323.dll
 0001:00033750       ?styleChange@QWidget@@MAEXAAVQStyle@@@Z 10034750 f   qt-mt323:qt-mt323.dll
 0001:00033756       ?updateMask@QWidget@@MAEXXZ 10034756 f   qt-mt323:qt-mt323.dll
 0001:0003375c       ?winEvent@QWidget@@MAE_NPAUtagMSG@@@Z 1003475c f   qt-mt323:qt-mt323.dll
 0001:00033762       ?hideEvent@QWidget@@MAEXPAVQHideEvent@@@Z 10034762 f   qt-mt323:qt-mt323.dll
 0001:00033768       ?showEvent@QWidget@@MAEXPAVQShowEvent@@@Z 10034768 f   qt-mt323:qt-mt323.dll
 0001:0003376e       ?dropEvent@QWidget@@MAEXPAVQDropEvent@@@Z 1003476e f   qt-mt323:qt-mt323.dll
 0001:00033774       ?dragLeaveEvent@QWidget@@MAEXPAVQDragLeaveEvent@@@Z 10034774 f   qt-mt323:qt-mt323.dll
 0001:0003377a       ?dragMoveEvent@QWidget@@MAEXPAVQDragMoveEvent@@@Z 1003477a f   qt-mt323:qt-mt323.dll
 0001:00033780       ?dragEnterEvent@QWidget@@MAEXPAVQDragEnterEvent@@@Z 10034780 f   qt-mt323:qt-mt323.dll
 0001:00033786       ?tabletEvent@QWidget@@MAEXPAVQTabletEvent@@@Z 10034786 f   qt-mt323:qt-mt323.dll
 0001:0003378c       ?imEndEvent@QWidget@@MAEXPAVQIMEvent@@@Z 1003478c f   qt-mt323:qt-mt323.dll
 0001:00033792       ?imComposeEvent@QWidget@@MAEXPAVQIMEvent@@@Z 10034792 f   qt-mt323:qt-mt323.dll
 0001:00033798       ?imStartEvent@QWidget@@MAEXPAVQIMEvent@@@Z 10034798 f   qt-mt323:qt-mt323.dll
 0001:0003379e       ?contextMenuEvent@QWidget@@MAEXPAVQContextMenuEvent@@@Z 1003479e f   qt-mt323:qt-mt323.dll
 0001:000337a4       ?closeEvent@QWidget@@MAEXPAVQCloseEvent@@@Z 100347a4 f   qt-mt323:qt-mt323.dll
 0001:000337aa       ?resizeEvent@QWidget@@MAEXPAVQResizeEvent@@@Z 100347aa f   qt-mt323:qt-mt323.dll
 0001:000337b0       ?moveEvent@QWidget@@MAEXPAVQMoveEvent@@@Z 100347b0 f   qt-mt323:qt-mt323.dll
 0001:000337b6       ?paintEvent@QWidget@@MAEXPAVQPaintEvent@@@Z 100347b6 f   qt-mt323:qt-mt323.dll
 0001:000337bc       ?leaveEvent@QWidget@@MAEXPAVQEvent@@@Z 100347bc f   qt-mt323:qt-mt323.dll
 0001:000337c2       ?enterEvent@QWidget@@MAEXPAVQEvent@@@Z 100347c2 f   qt-mt323:qt-mt323.dll
 0001:000337c8       ?focusOutEvent@QWidget@@MAEXPAVQFocusEvent@@@Z 100347c8 f   qt-mt323:qt-mt323.dll
 0001:000337ce       ?focusInEvent@QWidget@@MAEXPAVQFocusEvent@@@Z 100347ce f   qt-mt323:qt-mt323.dll
 0001:000337d4       ?keyReleaseEvent@QWidget@@MAEXPAVQKeyEvent@@@Z 100347d4 f   qt-mt323:qt-mt323.dll
 0001:000337da       ?keyPressEvent@QWidget@@MAEXPAVQKeyEvent@@@Z 100347da f   qt-mt323:qt-mt323.dll
 0001:000337e0       ?wheelEvent@QWidget@@MAEXPAVQWheelEvent@@@Z 100347e0 f   qt-mt323:qt-mt323.dll
 0001:000337e6       ?mouseMoveEvent@QWidget@@MAEXPAVQMouseEvent@@@Z 100347e6 f   qt-mt323:qt-mt323.dll
 0001:000337ec       ?mouseDoubleClickEvent@QWidget@@MAEXPAVQMouseEvent@@@Z 100347ec f   qt-mt323:qt-mt323.dll
 0001:000337f2       ?mouseReleaseEvent@QWidget@@MAEXPAVQMouseEvent@@@Z 100347f2 f   qt-mt323:qt-mt323.dll
 0001:000337f8       ?mousePressEvent@QWidget@@MAEXPAVQMouseEvent@@@Z 100347f8 f   qt-mt323:qt-mt323.dll
 0001:000337fe       ?customWhatsThis@QWidget@@UBE_NXZ 100347fe f   qt-mt323:qt-mt323.dll
 0001:00033804       ?setBackgroundOrigin@QWidget@@UAEXW4BackgroundOrigin@1@@Z 10034804 f   qt-mt323:qt-mt323.dll
 0001:0003380a       ?setAutoMask@QWidget@@UAEX_N@Z 1003480a f   qt-mt323:qt-mt323.dll
 0001:00033810       ?setAcceptDrops@QWidget@@UAEX_N@Z 10034810 f   qt-mt323:qt-mt323.dll
 0001:00033816       ?reparent@QWidget@@UAEXPAV1@IABVQPoint@@_N@Z 10034816 f   qt-mt323:qt-mt323.dll
 0001:0003381c       ?adjustSize@QWidget@@UAEXXZ 1003481c f   qt-mt323:qt-mt323.dll
 0001:00033822       ?heightForWidth@QWidget@@UBEHH@Z 10034822 f   qt-mt323:qt-mt323.dll
 0001:00033828       ?setSizePolicy@QWidget@@UAEXVQSizePolicy@@@Z 10034828 f   qt-mt323:qt-mt323.dll
 0001:0003382e       ?sizePolicy@QWidget@@UBE?AVQSizePolicy@@XZ 1003482e f   qt-mt323:qt-mt323.dll
 0001:00033834       ?minimumSizeHint@QWidget@@UBE?AVQSize@@XZ 10034834 f   qt-mt323:qt-mt323.dll
 0001:0003383a       ?sizeHint@QWidget@@UBE?AVQSize@@XZ 1003483a f   qt-mt323:qt-mt323.dll
 0001:00033840       ?setGeometry@QWidget@@UAEXHHHH@Z 10034840 f   qt-mt323:qt-mt323.dll
 0001:00033846       ?setGeometry@QWidget@@UAEXABVQRect@@@Z 10034846 f   qt-mt323:qt-mt323.dll
 0001:0003384c       ?resize@QWidget@@UAEXHH@Z  1003484c f   qt-mt323:qt-mt323.dll
 0001:00033852       ?move@QWidget@@UAEXHH@Z    10034852 f   qt-mt323:qt-mt323.dll
 0001:00033858       ?close@QWidget@@UAE_N_N@Z  10034858 f   qt-mt323:qt-mt323.dll
 0001:0003385e       ?showNormal@QWidget@@UAEXXZ 1003485e f   qt-mt323:qt-mt323.dll
 0001:00033864       ?showMaximized@QWidget@@UAEXXZ 10034864 f   qt-mt323:qt-mt323.dll
 0001:0003386a       ?showMinimized@QWidget@@UAEXXZ 1003486a f   qt-mt323:qt-mt323.dll
 0001:00033870       ?hide@QWidget@@UAEXXZ      10034870 f   qt-mt323:qt-mt323.dll
 0001:00033876       ?show@QWidget@@UAEXXZ      10034876 f   qt-mt323:qt-mt323.dll
 0001:0003387c       ?setUpdatesEnabled@QWidget@@UAEX_N@Z 1003487c f   qt-mt323:qt-mt323.dll
 0001:00033882       ?setFocusProxy@QWidget@@UAEXPAV1@@Z 10034882 f   qt-mt323:qt-mt323.dll
 0001:00033888       ?setFocusPolicy@QWidget@@UAEXW4FocusPolicy@1@@Z 10034888 f   qt-mt323:qt-mt323.dll
 0001:0003388e       ?setActiveWindow@QWidget@@UAEXXZ 1003488e f   qt-mt323:qt-mt323.dll
 0001:00033894       ?setFocus@QWidget@@UAEXXZ  10034894 f   qt-mt323:qt-mt323.dll
 0001:0003389a       ?setMouseTracking@QWidget@@UAEX_N@Z 1003489a f   qt-mt323:qt-mt323.dll
 0001:000338a0       ?setIconText@QWidget@@UAEXABVQString@@@Z 100348a0 f   qt-mt323:qt-mt323.dll
 0001:000338a6       ?setIcon@QWidget@@UAEXABVQPixmap@@@Z 100348a6 f   qt-mt323:qt-mt323.dll
 0001:000338ac       ?setBackgroundPixmap@QWidget@@UAEXABVQPixmap@@@Z 100348ac f   qt-mt323:qt-mt323.dll
 0001:000338b2       ?setBackgroundColor@QWidget@@UAEXABVQColor@@@Z 100348b2 f   qt-mt323:qt-mt323.dll
 0001:000338b8       ?setMask@QWidget@@UAEXABVQBitmap@@@Z 100348b8 f   qt-mt323:qt-mt323.dll
 0001:000338be       ?setMask@QWidget@@UAEXABVQRegion@@@Z 100348be f   qt-mt323:qt-mt323.dll
 0001:000338c4       ?unsetCursor@QWidget@@UAEXXZ 100348c4 f   qt-mt323:qt-mt323.dll
 0001:000338ca       ?setCursor@QWidget@@UAEXABVQCursor@@@Z 100348ca f   qt-mt323:qt-mt323.dll
 0001:000338d0       ?setFont@QWidget@@UAEXABVQFont@@@Z 100348d0 f   qt-mt323:qt-mt323.dll
 0001:000338d6       ?setPaletteBackgroundPixmap@QWidget@@UAEXABVQPixmap@@@Z 100348d6 f   qt-mt323:qt-mt323.dll
 0001:000338dc       ?setPaletteBackgroundColor@QWidget@@UAEXABVQColor@@@Z 100348dc f   qt-mt323:qt-mt323.dll
 0001:000338e2       ?setPalette@QWidget@@UAEXABVQPalette@@@Z 100348e2 f   qt-mt323:qt-mt323.dll
 0001:000338e8       ?setErasePixmap@QWidget@@UAEXABVQPixmap@@@Z 100348e8 f   qt-mt323:qt-mt323.dll
 0001:000338ee       ?setEraseColor@QWidget@@UAEXABVQColor@@@Z 100348ee f   qt-mt323:qt-mt323.dll
 0001:000338f4       ?setBackgroundMode@QWidget@@UAEXW4BackgroundMode@Qt@@@Z 100348f4 f   qt-mt323:qt-mt323.dll
 0001:000338fa       ?setSizeIncrement@QWidget@@UAEXHH@Z 100348fa f   qt-mt323:qt-mt323.dll
 0001:00033900       ?setMaximumSize@QWidget@@UAEXHH@Z 10034900 f   qt-mt323:qt-mt323.dll
 0001:00033906       ?setMinimumSize@QWidget@@UAEXHH@Z 10034906 f   qt-mt323:qt-mt323.dll
 0001:0003390c       ?setEnabled@QWidget@@UAEX_N@Z 1003490c f   qt-mt323:qt-mt323.dll
 0001:00033912       ?childEvent@QObject@@MAEXPAVQChildEvent@@@Z 10034912 f   qt-mt323:qt-mt323.dll
 0001:00033918       ?setName@QWidget@@UAEXPBD@Z 10034918 f   qt-mt323:qt-mt323.dll
 0001:0003391e       ?eventFilter@QObject@@UAE_NPAV1@PAVQEvent@@@Z 1003491e f   qt-mt323:qt-mt323.dll
 0001:00033924       ?event@QWidget@@MAE_NPAVQEvent@@@Z 10034924 f   qt-mt323:qt-mt323.dll
 0001:0003392a       ?setAlignment@QLayoutItem@@UAEXH@Z 1003492a f   qt-mt323:qt-mt323.dll
 0001:00033930       ?spacerItem@QLayoutItem@@UAEPAVQSpacerItem@@XZ 10034930 f   qt-mt323:qt-mt323.dll
 0001:00033936       ?layout@QLayout@@UAEPAV1@XZ 10034936 f   qt-mt323:qt-mt323.dll
 0001:0003393c       ?iterator@QBoxLayout@@UAE?AVQLayoutIterator@@XZ 1003493c f   qt-mt323:qt-mt323.dll
 0001:00033942       ?widget@QLayoutItem@@UAEPAVQWidget@@XZ 10034942 f   qt-mt323:qt-mt323.dll
 0001:00033948       ?invalidate@QBoxLayout@@UAEXXZ 10034948 f   qt-mt323:qt-mt323.dll
 0001:0003394e       ?heightForWidth@QBoxLayout@@UBEHH@Z 1003494e f   qt-mt323:qt-mt323.dll
 0001:00033954       ?hasHeightForWidth@QBoxLayout@@UBE_NXZ 10034954 f   qt-mt323:qt-mt323.dll
 0001:0003395a       ?isEmpty@QLayout@@UBE_NXZ  1003495a f   qt-mt323:qt-mt323.dll
 0001:00033960       ?geometry@QLayout@@UBE?AVQRect@@XZ 10034960 f   qt-mt323:qt-mt323.dll
 0001:00033966       ?setGeometry@QBoxLayout@@UAEXABVQRect@@@Z 10034966 f   qt-mt323:qt-mt323.dll
 0001:0003396c       ?expanding@QBoxLayout@@UBE?AW4ExpandData@QSizePolicy@@XZ 1003496c f   qt-mt323:qt-mt323.dll
 0001:00033972       ?maximumSize@QBoxLayout@@UBE?AVQSize@@XZ 10034972 f   qt-mt323:qt-mt323.dll
 0001:00033978       ?minimumSize@QBoxLayout@@UBE?AVQSize@@XZ 10034978 f   qt-mt323:qt-mt323.dll
 0001:0003397e       ?sizeHint@QBoxLayout@@UBE?AVQSize@@XZ 1003497e f   qt-mt323:qt-mt323.dll
 0001:00033984       ?addItem@QBoxLayout@@UAEXPAVQLayoutItem@@@Z 10034984 f   qt-mt323:qt-mt323.dll
 0001:0003398a       ?setAutoAdd@QLayout@@UAEX_N@Z 1003498a f   qt-mt323:qt-mt323.dll
 0001:00033990       ?setMenuBar@QLayout@@UAEXPAVQMenuBar@@@Z 10034990 f   qt-mt323:qt-mt323.dll
 0001:00033996       ?setSpacing@QLayout@@UAEXH@Z 10034996 f   qt-mt323:qt-mt323.dll
 0001:0003399c       ?setMargin@QLayout@@UAEXH@Z 1003499c f   qt-mt323:qt-mt323.dll
 0001:000339a2       ?checkConnectArgs@QObject@@MAE_NPBDPBV1@0@Z 100349a2 f   qt-mt323:qt-mt323.dll
 0001:000339a8       ?disconnectNotify@QObject@@MAEXPBD@Z 100349a8 f   qt-mt323:qt-mt323.dll
 0001:000339ae       ?connectNotify@QObject@@MAEXPBD@Z 100349ae f   qt-mt323:qt-mt323.dll
 0001:000339b4       ?customEvent@QObject@@MAEXPAVQCustomEvent@@@Z 100349b4 f   qt-mt323:qt-mt323.dll
 0001:000339ba       ?childEvent@QLayout@@MAEXPAVQChildEvent@@@Z 100349ba f   qt-mt323:qt-mt323.dll
 0001:000339c0       ?timerEvent@QObject@@MAEXPAVQTimerEvent@@@Z 100349c0 f   qt-mt323:qt-mt323.dll
 0001:000339c6       ?property@QObject@@UBE?AVQVariant@@PBD@Z 100349c6 f   qt-mt323:qt-mt323.dll
 0001:000339cc       ?setProperty@QObject@@UAE_NPBDABVQVariant@@@Z 100349cc f   qt-mt323:qt-mt323.dll
 0001:000339d2       ?removeChild@QObject@@UAEXPAV1@@Z 100349d2 f   qt-mt323:qt-mt323.dll
 0001:000339d8       ?insertChild@QObject@@UAEXPAV1@@Z 100349d8 f   qt-mt323:qt-mt323.dll
 0001:000339de       ?setName@QObject@@UAEXPBD@Z 100349de f   qt-mt323:qt-mt323.dll
 0001:000339e4       ?eventFilter@QLayout@@MAE_NPAVQObject@@PAVQEvent@@@Z 100349e4 f   qt-mt323:qt-mt323.dll
 0001:000339ea       ?event@QObject@@UAE_NPAVQEvent@@@Z 100349ea f   qt-mt323:qt-mt323.dll
 0001:000339f0       ?qt_property@QHBoxLayout@@UAE_NHHPAVQVariant@@@Z 100349f0 f   qt-mt323:qt-mt323.dll
 0001:000339f6       ?qt_emit@QHBoxLayout@@UAE_NHPAUQUObject@@@Z 100349f6 f   qt-mt323:qt-mt323.dll
 0001:000339fc       ?qt_invoke@QHBoxLayout@@UAE_NHPAUQUObject@@@Z 100349fc f   qt-mt323:qt-mt323.dll
 0001:00033a02       ?qt_cast@QHBoxLayout@@UAEPAXPBD@Z 10034a02 f   qt-mt323:qt-mt323.dll
 0001:00033a08       ?className@QHBoxLayout@@UBEPBDXZ 10034a08 f   qt-mt323:qt-mt323.dll
 0001:00033a0e       ?metaObject@QHBoxLayout@@UBEPAVQMetaObject@@XZ 10034a0e f   qt-mt323:qt-mt323.dll
 0001:00033a14       ?cancelRename@QListViewItem@@MAEXH@Z 10034a14 f   qt-mt323:qt-mt323.dll
 0001:00033a1a       ?okRename@QListViewItem@@MAEXH@Z 10034a1a f   qt-mt323:qt-mt323.dll
 0001:00033a20       ?dragLeft@QListViewItem@@MAEXXZ 10034a20 f   qt-mt323:qt-mt323.dll
 0001:00033a26       ?dragEntered@QListViewItem@@MAEXXZ 10034a26 f   qt-mt323:qt-mt323.dll
 0001:00033a2c       ?dropped@QListViewItem@@MAEXPAVQDropEvent@@@Z 10034a2c f   qt-mt323:qt-mt323.dll
 0001:00033a32       ?activate@QListViewItem@@MAEXXZ 10034a32 f   qt-mt323:qt-mt323.dll
 0001:00033a38       ?setHeight@QListViewItem@@MAEXH@Z 10034a38 f   qt-mt323:qt-mt323.dll
 0001:00033a3e       ?enforceSortOrder@QListViewItem@@MBEXXZ 10034a3e f   qt-mt323:qt-mt323.dll
 0001:00033a44       ?setMultiLinesEnabled@QListViewItem@@UAEX_N@Z 10034a44 f   qt-mt323:qt-mt323.dll
[...]
 0003:00003800       ??_C@_08FCGO@Order?5By?$AA@ 10059800     bncs_log_edit.obj
 0003:0000380c       ??_C@_0BF@FGEF@Show?5Single?5Instance?$AA@ 1005980c     bncs_log_edit.obj
 0003:00003824       ??_C@_07MENJ@Entries?$AA@  10059824     bncs_log_edit.obj
 0003:0000382c       ??_C@_0BK@LNEI@Location?6?$CIfrom?5Instances?$CJ?$AA@ 1005982c     bncs_log_edit.obj
 0003:00003848       ??_C@_04JJNL@Show?$AA@     10059848     bncs_log_edit.obj
 0003:00003850       ??_C@_05PJLH@Width?$AA@    10059850     bncs_log_edit.obj
 0003:00003858       ??_C@_08PLEH@mSeconds?$AA@ 10059858     bncs_log_edit.obj
 0003:00003864       ??_C@_0N@BDBD@Date?5?$CG?$CG?5Time?$AA@ 10059864     bncs_log_edit.obj
 0003:00003874       ??_C@_06GMMB@Fields?$AA@   10059874     bncs_log_edit.obj
 0003:0000387c       ??_C@_0L@KBLC@Log?5Driver?$AA@ 1005987c     bncs_log_edit.obj
 0003:00003888       ??_C@_0M@DNDM@BNCS?5Driver?$AA@ 10059888     bncs_log_edit.obj
 0003:00003894       ??_C@_06LIAH@Enable?$AA@   10059894     bncs_log_edit.obj
 0003:0000389c       ??_C@_0M@CCLB@Device?5Form?$AA@ 1005989c     bncs_log_edit.obj
 0003:000038a8       ??_C@_0BJ@GHH@Colledia?b?$IE?$KC?5Log?5Control?5?$AA@ 100598a8     bncs_log_edit.obj
 0003:000038c4       ??_C@_0BC@MFHG@edit?$CIbool?$CK?0bool?$CK?$CJ?$AA@ 100598c4     moc_bncs_data_form.obj
 0003:000038d8       ??_C@_0P@PPGJ@applyChanges?$CI?$CJ?$AA@ 100598d8     moc_bncs_data_form.obj
 0003:000038e8       ??_C@_0P@HFFC@updateConfig?$CI?$CJ?$AA@ 100598e8     moc_bncs_data_form.obj
 0003:000038f8       ??_C@_0M@MPJP@connectDb?$CI?$CJ?$AA@ 100598f8     moc_bncs_data_form.obj
 0003:00003904       ??_C@_08JCGJ@polish?$CI?$CJ?$AA@ 10059904     moc_bncs_data_form.obj
 0003:00003910       ??_C@_07CIPD@dummy?$CI?$CJ?$AA@ 10059910     moc_bncs_data_form.obj
 0003:00003918       ??_C@_04OJPN@edit?$AA@     10059918     moc_bncs_data_form.obj
 0003:00003940       ??_C@_0N@KLAC@applyChanges?$AA@ 10059940     moc_bncs_data_form.obj
 0003:00003950       ??_C@_0N@BMPJ@updateConfig?$AA@ 10059950     moc_bncs_data_form.obj
 0003:00003960       ??_C@_09ICON@connectDb?$AA@ 10059960     moc_bncs_data_form.obj
 0003:0000396c       ??_C@_06CDNL@polish?$AA@   1005996c     moc_bncs_data_form.obj
 0003:00003974       ??_C@_05PNMN@dummy?$AA@    10059974     moc_bncs_data_form.obj
 0003:0000397c       ??_C@_07JKHF@QString?$AA@  1005997c     moc_bncs_data_form.obj
 0003:00003984       ??_C@_0BK@PJPI@suppressInsertEventFilter?$AA@ 10059984     moc_bncs_data_form.obj
 0003:000039a0       ??_C@_01PMFO@?$BC?$AA@     100599a0     moc_bncs_data_form.obj
 0003:000039a4       ??_C@_0BB@MOGM@languageChange?$CI?$CJ?$AA@ 100599a4     moc_bncs_data_form_edit.obj
 0003:000039b8       ??_C@_0P@COD@languageChange?$AA@ 100599b8     moc_bncs_data_form_edit.obj
 0003:000039c8       ??_C@_06DHIB@help?$CI?$CJ?$AA@ 100599c8     moc_bncs_data_form_editimpl.obj
 0003:000039d0       ??_C@_0L@PCPO@addField?$CI?$CJ?$AA@ 100599d0     moc_bncs_data_form_editimpl.obj
 0003:000039dc       ??_C@_0M@JLLJ@getFields?$CI?$CJ?$AA@ 100599dc     moc_bncs_data_form_editimpl.obj
 0003:000039e8       ??_C@_0M@EPNJ@addFields?$CI?$CJ?$AA@ 100599e8     moc_bncs_data_form_editimpl.obj
 0003:000039f4       ??_C@_0L@MBAJ@delField?$CI?$CJ?$AA@ 100599f4     moc_bncs_data_form_editimpl.obj
 0003:00003a00       ??_C@_0CP@HBBF@itemSelected?$CIQListViewItem?$CK?0cons@ 10059a00     moc_bncs_data_form_editimpl.obj
 0003:00003a30       ??_C@_04MHDN@help?$AA@     10059a30     moc_bncs_data_form_editimpl.obj
 0003:00003a38       ??_C@_08CJJG@addField?$AA@ 10059a38     moc_bncs_data_form_editimpl.obj
 0003:00003a44       ??_C@_09LKAE@getFields?$AA@ 10059a44     moc_bncs_data_form_editimpl.obj
 0003:00003a50       ??_C@_09JGMA@addFields?$AA@ 10059a50     moc_bncs_data_form_editimpl.obj
 0003:00003a5c       ??_C@_08MCJG@delField?$AA@ 10059a5c     moc_bncs_data_form_editimpl.obj
 0003:00003a68       ??_C@_0N@GGKH@itemSelected?$AA@ 10059a68     moc_bncs_data_form_editimpl.obj
 0003:00003aa8       ??_C@_03HEDO@lvi?$AA@      10059aa8     moc_bncs_data_form_editimpl.obj
 0003:00003aac       ??_C@_0BE@BHOI@bncs_data_form_edit?$AA@ 10059aac     moc_bncs_data_form_editimpl.obj
 0003:00003ac0       ??_C@_04CAKG@iCol?$AA@     10059ac0     moc_bncs_data_form_editimpl.obj
 0003:00003ac8       ??_C@_01KLMK@?$AO?$AA@     10059ac8     moc_bncs_data_form_editimpl.obj
 0003:00003acc       ??_C@_03KPEF@pnt?$AA@      10059acc     moc_bncs_data_form_editimpl.obj
 0003:00003ad0       ??_C@_0O@GBOH@QListViewItem?$AA@ 10059ad0     moc_bncs_data_form_editimpl.obj
 0003:00003ae0       ??_C@_0CD@NGPH@requestMenu?$CIint?0int?0const?5QPoint@ 10059ae0     moc_bncs_data_Table.obj
 0003:00003b04       ??_C@_0N@MBN@updateData?$CI?$CJ?$AA@ 10059b04     moc_bncs_data_Table.obj
 0003:00003b14       ??_C@_0M@NBLH@ReloadLog?$CI?$CJ?$AA@ 10059b14     moc_bncs_data_Table.obj
 0003:00003b70       ??_C@_0M@EKAA@requestMenu?$AA@ 10059b70     moc_bncs_data_Table.obj
 0003:00003b7c       ??_C@_04FBKL@iRow?$AA@     10059b7c     moc_bncs_data_Table.obj
 0003:00003b84       ??_C@_0L@HHBK@updateData?$AA@ 10059b84     moc_bncs_data_Table.obj
 0003:00003b90       ??_C@_09OGJD@ReloadLog?$AA@ 10059b90     moc_bncs_data_Table.obj
 0003:00003b9c       ??_C@_03OMAK@pos?$AA@      10059b9c     moc_bncs_data_Table.obj
 0003:00003ba0       ??_C@_0BF@HILI@bncs_data_table_edit?$AA@ 10059ba0     moc_bncs_data_table_editimpl.obj
 0003:00003bb8       ??_C@_0BB@KFHP@notify?$CIQString?$CG?$CJ?$AA@ 10059bb8     moc_bncs_log.obj
 0003:00003bcc       ??_C@_0BM@EONO@itemClicked?$CIQListViewItem?$CK?$CJ?$AA@ 10059bcc     moc_bncs_log.obj
 0003:00003be8       ??_C@_0O@BDMI@StartScroll?$CI?$CJ?$AA@ 10059be8     moc_bncs_log.obj
 0003:00003bf8       ??_C@_0CB@MEDO@selectionChanged?$CIQListViewItem?$CK?$CJ@ 10059bf8     moc_bncs_log.obj
 0003:00003c1c       ??_C@_0N@MLOB@getLogData?$CI?$CJ?$AA@ 10059c1c     moc_bncs_log.obj
 0003:00003c70       ??_C@_0M@LDBO@itemClicked?$AA@ 10059c70     moc_bncs_log.obj
 0003:00003c7c       ??_C@_04MPOO@item?$AA@     10059c7c     moc_bncs_log.obj
 0003:00003c84       ??_C@_0M@COGB@StartScroll?$AA@ 10059c84     moc_bncs_log.obj
 0003:00003c90       ??_C@_0BB@OKHK@selectionChanged?$AA@ 10059c90     moc_bncs_log.obj
 0003:00003ca4       ??_C@_0L@MCMK@getLogData?$AA@ 10059ca4     moc_bncs_log.obj
 0003:00003cb0       ??_C@_06NKOF@filter?$AA@   10059cb0     moc_bncs_log.obj
 0003:00003cb8       ??_C@_0BB@LOBN@IDatabaseMessage?$AA@ 10059cb8     moc_bncs_log.obj
 0003:00003ccc       ??_C@_0BC@EPMA@IccClientCallback?$AA@ 10059ccc     moc_bncs_log.obj
 0003:00003ce0       ??_C@_0BO@MODA@valueChangedSpinDaysBack?$CIint?$CJ?$AA@ 10059ce0     moc_bncs_log_editimpl.obj
 0003:00003d00       ??_C@_0DB@IEFE@valueChangedDateTimeBetweenEnd?$CIc@ 10059d00     moc_bncs_log_editimpl.obj
 0003:00003d34       ??_C@_0DD@DCJN@valueChangedDateTimeBetweenStart@ 10059d34     moc_bncs_log_editimpl.obj
 0003:00003d68       ??_C@_0CM@CDBL@valueChangedDateTimeAfter?$CIconst?5@ 10059d68     moc_bncs_log_editimpl.obj
 0003:00003d94       ??_C@_0CN@IGM@valueChangedDateTimeBefore?$CIconst@ 10059d94     moc_bncs_log_editimpl.obj
 0003:00003dc4       ??_C@_0CJ@MHCA@valueChangedDateBetweenEnd?$CIconst@ 10059dc4     moc_bncs_log_editimpl.obj
 0003:00003df0       ??_C@_0CL@LGFJ@valueChangedDateBetweenStart?$CIcon@ 10059df0     moc_bncs_log_editimpl.obj
 0003:00003e1c       ??_C@_0CE@LAFL@valueChangedDateAfter?$CIconst?5QDat@ 10059e1c     moc_bncs_log_editimpl.obj
 0003:00003e40       ??_C@_0CF@FIFN@valueChangedDateBefore?$CIconst?5QDa@ 10059e40     moc_bncs_log_editimpl.obj
 0003:00003e68       ??_C@_0BK@GBAC@dateTimeGroupClicked?$CIint?$CJ?$AA@ 10059e68     moc_bncs_log_editimpl.obj
 0003:00003e84       ??_C@_0CI@BPN@dbDriver_reserveChanged?$CIconst?5QS@ 10059e84     moc_bncs_log_editimpl.obj
 0003:00003eac       ??_C@_0CA@HIDH@dbDriverChanged?$CIconst?5QString?$CG?$CJ?$AA@ 10059eac     moc_bncs_log_editimpl.obj
 0003:00003ecc       ??_C@_0BJ@GKNI@valueChangedSpinDaysBack?$AA@ 10059ecc     moc_bncs_log_editimpl.obj
 0003:00003ee8       ??_C@_0BP@PNM@valueChangedDateTimeBetweenEnd?$AA@ 10059ee8     moc_bncs_log_editimpl.obj
 0003:00003f08       ??_C@_0CB@OFCL@valueChangedDateTimeBetweenStart@ 10059f08     moc_bncs_log_editimpl.obj
 0003:00003f2c       ??_C@_0BK@IPKG@valueChangedDateTimeAfter?$AA@ 10059f2c     moc_bncs_log_editimpl.obj
 0003:00003f48       ??_C@_0BL@NJPG@valueChangedDateTimeBefore?$AA@ 10059f48     moc_bncs_log_editimpl.obj
 0003:00003f64       ??_C@_0BL@OIF@valueChangedDateBetweenEnd?$AA@ 10059f64     moc_bncs_log_editimpl.obj
 0003:00003f80       ??_C@_0BN@DEIN@valueChangedDateBetweenStart?$AA@ 10059f80     moc_bncs_log_editimpl.obj
 0003:00003fa0       ??_C@_0BG@GDLP@valueChangedDateAfter?$AA@ 10059fa0     moc_bncs_log_editimpl.obj
 0003:00003fb8       ??_C@_0BH@HNBK@valueChangedDateBefore?$AA@ 10059fb8     moc_bncs_log_editimpl.obj
 0003:00003fd0       ??_C@_0BF@FMJI@dateTimeGroupClicked?$AA@ 10059fd0     moc_bncs_log_editimpl.obj
 0003:00004018       ??_C@_03FBPL@iId?$AA@      1005a018     moc_bncs_log_editimpl.obj
 0003:0000401c       ??_C@_0BI@CJMH@dbDriver_reserveChanged?$AA@ 1005a01c     moc_bncs_log_editimpl.obj
 0003:00004034       ??_C@_0BA@PGAI@dbDriverChanged?$AA@ 1005a034     moc_bncs_log_editimpl.obj
 0003:00004044       ??_C@_07FPLO@sDriver?$AA@  1005a044     moc_bncs_log_editimpl.obj
 0003:0000404c       ??_C@_0O@EALF@bncs_log_edit?$AA@ 1005a04c     moc_bncs_log_editimpl.obj
 0003:0000405c       ??_C@_01FHJE@?$BM?$AA@     1005a05c     moc_bncs_log_editimpl.obj
 0003:00004060       ??_C@_01KIOG@?$BK?$AA@     1005a060     moc_bncs_log_editimpl.obj
 0003:00004064       ??_C@_0CK@BOKD@dbConnection?3?3dbConnection?$CI?$CJ?5cre@ 1005a064     dbConnection.obj
 0003:00004090       ??_C@_0DA@IANI@dbConnection?3?3run?$CI?$CJ?5thrown?5excep@ 1005a090     dbConnection.obj
 0003:000040c0       ??_C@_0CO@JPLA@dbConnection?3?3run?$CI?$CJ?5?9?5Switch?5to?5@ 1005a0c0     dbConnection.obj
 0003:000040f0       ??_C@_0DB@PPIK@dbConnection?3?3run?$CI?$CJ?5?9?5Switch?5to?5@ 1005a0f0     dbConnection.obj
 0003:00004124       ??_C@_0CK@POHB@dbConnection?3?3run?$CI?$CJ?5database_res@ 1005a124     dbConnection.obj
 0003:00004150       ??_C@_09OIIB@?0?5error?5?8?$AA@ 1005a150     dbConnection.obj
 0003:0000415c       ??_C@_0DD@ONBH@dbConnection?3?3run?$CI?$CJ?5?9?5Connection@ 1005a15c     dbConnection.obj
 0003:00004190       ??_C@_09BDLI@?5to?5start?$AA@ 1005a190     dbConnection.obj
 0003:0000419c       ??_C@_0CL@JCAN@dbConnection?3?3run?$CI?$CJ?5?9?5Can?8t?5find@ 1005a19c     dbConnection.obj
 0003:000041c8       ??_C@_0BA@FCII@SQL?5other?5error?$AA@ 1005a1c8     dbConnection.obj
 0003:000041d8       ??_C@_0BG@IHCD@SQL?5Transaction?5error?$AA@ 1005a1d8     dbConnection.obj
 0003:000041f0       ??_C@_0BH@FFGM@SQL?5Statement?5error?5?9?5?$AA@ 1005a1f0     dbConnection.obj
 0003:00004208       ??_C@_0BF@DHPJ@SQL?5Connection?5error?$AA@ 1005a208     dbConnection.obj
 0003:00004220       ??_C@_0N@HCAA@No?5SQL?5error?$AA@ 1005a220     dbConnection.obj
 0003:00004230       ??_C@_0O@NKPL@Unknown?5Error?$AA@ 1005a230     dbConnection.obj
 0003:00004240       ??_R0?AVtype_info@@@8      1005a240     MSVCRT:ti_inst.obj
 0003:0000425c       ??_C@_00A@?$AA@            1005a25c     bncs_data_form.obj
 0003:00004260       ?gotShowTooltipSetting@bncs_log@@0_NA 1005a260     bncs_log.obj
 0003:00004261       ?show_tooltip@bncs_log@@0_NA 1005a261     bncs_log.obj
 0003:00004264       ?sm_pLogManager@bncs_log_manager@@0PAV1@A 1005a264     bncs_log.obj
 0003:00004268       ?_Nilrefs@?$_Tree@PAVlogLbi@@PAV1@U_Kfn@?$set@PAVlogLbi@@U?$less@PAVlogLbi@@@std@@V?$allocator@PAVlogLbi@@@3@@std@@U?$less@PAVlogLbi@@@4@V?$allocator@PAVlogLbi@@@4@@std@@1IA 1005a268     bncs_log.obj
 0003:0000426c       ?_Nil@?$_Tree@PAVlogLbi@@PAV1@U_Kfn@?$set@PAVlogLbi@@U?$less@PAVlogLbi@@@std@@V?$allocator@PAVlogLbi@@@3@@std@@U?$less@PAVlogLbi@@@4@V?$allocator@PAVlogLbi@@@4@@std@@1PAU_Node@12@A 1005a26c     bncs_log.obj
 0003:00004274       ?sm_pBncs_queue_manager@bncs_queue_manager@@0PAV1@A 1005a274     bncs_log_queue.obj
 0003:00004278       ?sm_sDateTimeFormat@logFilter@@0VQString@@B 1005a278     logFilter.obj
 0003:0000427c       ?sm_sDateFormat@logFilter@@0VQString@@B 1005a27c     logFilter.obj
 0003:00004280       ?sm_sDateTimeFormatMs@logFilter@@0VQString@@B 1005a280     logFilter.obj
 0003:00004288       ?mapLoc@logLbi@@0V?$QMap@VQString@@V1@@@A 1005a288     logLbi.obj
 0003:00004290       ?sm_iIndex@logLbi@@0HA     1005a290     logLbi.obj
 0003:00004294       ?sm_pColour@logLbi@@0PAVlogLbiColour@@A 1005a294     logLbi.obj
 0003:00004298       ?sm_iMinHeight@logLbi@@0HA 1005a298     logLbi.obj
 0003:0000429c       ?sm_bShowMsec@logLbi@@0_NA 1005a29c     logLbi.obj
 0003:000042ac       ?metaObj@FormWidget@@0PAVQMetaObject@@A 1005a2ac     moc_bncs_data_form.obj
 0003:000042b0       ?metaObj@bncs_data_form@@0PAVQMetaObject@@A 1005a2b0     moc_bncs_data_form.obj
 0003:000042b8       ?metaObj@bncs_data_form_editBase@@0PAVQMetaObject@@A 1005a2b8     moc_bncs_data_form_edit.obj
 0003:000042c4       ?metaObj@bncs_data_form_edit@@0PAVQMetaObject@@A 1005a2c4     moc_bncs_data_form_editimpl.obj
 0003:000042d0       ?metaObj@bncs_data_Table@@0PAVQMetaObject@@A 1005a2d0     moc_bncs_data_Table.obj
 0003:000042d8       ?metaObj@bncs_data_table_editBase@@0PAVQMetaObject@@A 1005a2d8     moc_bncs_data_table_edit.obj
 0003:000042e0       ?metaObj@bncs_data_table_edit@@0PAVQMetaObject@@A 1005a2e0     moc_bncs_data_table_editimpl.obj
 0003:000042f0       ?metaObj@bncs_log@@0PAVQMetaObject@@A 1005a2f0     moc_bncs_log.obj
 0003:0000430c       ?metaObj@bncs_log_editBase@@0PAVQMetaObject@@A 1005a30c     moc_bncs_log_edit.obj
 0003:00004318       ?metaObj@bncs_log_edit@@0PAVQMetaObject@@A 1005a318     moc_bncs_log_editimpl.obj
 0003:000043b0       ?iCount@dbConnection@@0HA  1005a3b0     dbConnection.obj
 0003:000043c4       ?pHtmlHelpW@@3P6GPAUHWND__@@PAU1@PBGIK@ZA 1005a3c4     htmlhelp:init.obj
 0003:000043c8       ?pHtmlHelpA@@3P6GPAUHWND__@@PAU1@PBDIK@ZA 1005a3c8     htmlhelp:init.obj
 0003:000043d0       __adjust_fdiv              1005a3d0     <common>
 0003:000043d4       __pRawDllMain              1005a3d4     <common>
 0003:000043d8       ___onexitend               1005a3d8     <common>
 0003:000043dc       ___onexitbegin             1005a3dc     <common>

 entry point at        0001:00034ced

 Static symbols

 0001:00032140       _$E116                     10033140 f   moc_bncs_log_editimpl.obj
 0001:00032150       _$E113                     10033150 f   moc_bncs_log_editimpl.obj
 0001:00032170       _$E115                     10033170 f   moc_bncs_log_editimpl.obj
 0001:00032180       _$E114                     10033180 f   moc_bncs_log_editimpl.obj
 0001:00031f40       _$E100                     10032f40 f   moc_bncs_log_edit.obj
 0001:00031f50       _$E97                      10032f50 f   moc_bncs_log_edit.obj
 0001:00031f70       _$E99                      10032f70 f   moc_bncs_log_edit.obj
 0001:00031f80       _$E98                      10032f80 f   moc_bncs_log_edit.obj
 0001:00031a60       _$E133                     10032a60 f   moc_bncs_log.obj
 0001:00031a70       _$E130                     10032a70 f   moc_bncs_log.obj
 0001:00031a90       _$E132                     10032a90 f   moc_bncs_log.obj
 0001:00031aa0       _$E131                     10032aa0 f   moc_bncs_log.obj
 0001:000318e0       _$E101                     100328e0 f   moc_bncs_data_table_editimpl.obj
 0001:000318f0       _$E98                      100328f0 f   moc_bncs_data_table_editimpl.obj
 0001:00031910       _$E100                     10032910 f   moc_bncs_data_table_editimpl.obj
 0001:00031920       _$E99                      10032920 f   moc_bncs_data_table_editimpl.obj
 0001:000316a0       _$E100                     100326a0 f   moc_bncs_data_table_edit.obj
 0001:000316b0       _$E97                      100326b0 f   moc_bncs_data_table_edit.obj
 0001:000316d0       _$E99                      100326d0 f   moc_bncs_data_table_edit.obj
 0001:000316e0       _$E98                      100326e0 f   moc_bncs_data_table_edit.obj
 0001:000313c0       _$E115                     100323c0 f   moc_bncs_data_Table.obj
 0001:000313d0       _$E112                     100323d0 f   moc_bncs_data_Table.obj
 0001:000313f0       _$E114                     100323f0 f   moc_bncs_data_Table.obj
 0001:00031400       _$E113                     10032400 f   moc_bncs_data_Table.obj
 0001:00031130       _$E101                     10032130 f   moc_bncs_data_form_editimpl.obj
 0001:00031140       _$E98                      10032140 f   moc_bncs_data_form_editimpl.obj
 0001:00031160       _$E100                     10032160 f   moc_bncs_data_form_editimpl.obj
 0001:00031170       _$E99                      10032170 f   moc_bncs_data_form_editimpl.obj
 0001:00030f30       _$E100                     10031f30 f   moc_bncs_data_form_edit.obj
 0001:00030f40       _$E97                      10031f40 f   moc_bncs_data_form_edit.obj
 0001:00030f60       _$E99                      10031f60 f   moc_bncs_data_form_edit.obj
 0001:00030f70       _$E98                      10031f70 f   moc_bncs_data_form_edit.obj
 0001:00030a30       _$E105                     10031a30 f   moc_bncs_data_form.obj
 0001:00030a40       _$E102                     10031a40 f   moc_bncs_data_form.obj
 0001:00030a60       _$E104                     10031a60 f   moc_bncs_data_form.obj
 0001:00030a70       _$E103                     10031a70 f   moc_bncs_data_form.obj
 0001:00030cd0       _$E110                     10031cd0 f   moc_bncs_data_form.obj
 0001:00030ce0       _$E107                     10031ce0 f   moc_bncs_data_form.obj
 0001:00030d00       _$E109                     10031d00 f   moc_bncs_data_form.obj
 0001:00030d10       _$E108                     10031d10 f   moc_bncs_data_form.obj
 0001:000222e0       _$E76                      100232e0 f   logLbi.obj
 0001:000222f0       _$E72                      100232f0 f   logLbi.obj
 0001:00022300       _$E75                      10023300 f   logLbi.obj
 0001:00022310       _$E73                      10023310 f   logLbi.obj
 0001:00019d70       _$E89                      1001ad70 f   logFilter.obj
 0001:00019d80       _$E85                      1001ad80 f   logFilter.obj
 0001:00019da0       _$E88                      1001ada0 f   logFilter.obj
 0001:00019db0       _$E86                      1001adb0 f   logFilter.obj
 0001:00019df0       _$E94                      1001adf0 f   logFilter.obj
 0001:00019e00       _$E91                      1001ae00 f   logFilter.obj
 0001:00019e20       _$E93                      1001ae20 f   logFilter.obj
 0001:00019e30       _$E92                      1001ae30 f   logFilter.obj
 0001:00019e70       _$E99                      1001ae70 f   logFilter.obj
 0001:00019e80       _$E96                      1001ae80 f   logFilter.obj
 0001:00019ea0       _$E98                      1001aea0 f   logFilter.obj
 0001:00019eb0       _$E97                      1001aeb0 f   logFilter.obj
 0001:00019860       ?my_translator@@YAXIPAU_EXCEPTION_POINTERS@@@Z 1001a860 f   except.obj
 0001:00018600       _$E36                      10019600 f   bncs_log_queue.obj
 0001:00018610       _$E33                      10019610 f   bncs_log_queue.obj
 0001:00018620       _$E35                      10019620 f   bncs_log_queue.obj
 0001:00018630       _$E34                      10019630 f   bncs_log_queue.obj
 0001:00018640       _$E42                      10019640 f   bncs_log_queue.obj
 0001:00018650       _$E39                      10019650 f   bncs_log_queue.obj
 0001:00018660       _$E41                      10019660 f   bncs_log_queue.obj
 0001:00018670       _$E40                      10019670 f   bncs_log_queue.obj
 0001:000334c9       ?GetRegisteredLocation@@YGHPAD@Z 100344c9 f   htmlhelp:init.obj
 0001:00034b6c       ?ArrayUnwindFilter@@YAHPAU_EXCEPTION_POINTERS@@@Z 10035b6c f   MSVCRT:ehvecdtr.obj

 1408 bytes saved through ICF

