 bncs_cc02

 Timestamp is 5e9dba58 (Mon Apr 20 16:06:00 2020)

 Preferred load address is 10000000

 Start         Length     Name                   Class
 0001:00000000 000000f8H .text                   CODE
 0001:000000f8 00000063H .text$di                CODE
 0001:00000160 000064daH .text$mn                CODE
 0001:0000663a 000005c7H .text$x                 CODE
 0001:00006c01 00000021H .text$yd                CODE
 0002:00000000 00000864H .idata$5                DATA
 0002:00000864 00000004H .CRT$XCA                DATA
 0002:00000868 0000000cH .CRT$XCU                DATA
 0002:00000874 00000004H .CRT$XCZ                DATA
 0002:00000878 00000004H .CRT$XIA                DATA
 0002:0000087c 00000004H .CRT$XIAA               DATA
 0002:00000880 00000004H .CRT$XIC                DATA
 0002:00000884 00000004H .CRT$XIZ                DATA
 0002:00000890 000f1f58H .rdata                  DATA
 0002:000f27e8 00000944H .rdata$r                DATA
 0002:000f312c 00000004H .rtc$IAA                DATA
 0002:000f3130 00000004H .rtc$IZZ                DATA
 0002:000f3134 00000004H .rtc$TAA                DATA
 0002:000f3138 00000004H .rtc$TZZ                DATA
 0002:000f3140 0000069cH .xdata$x                DATA
 0002:000f37e0 00001c51H .edata                  DATA
 0002:000f5434 0000008cH .idata$2                DATA
 0002:000f54c0 00000014H .idata$3                DATA
 0002:000f54d4 00000864H .idata$4                DATA
 0002:000f5d38 000049e8H .idata$6                DATA
 0003:00000000 00000e04H .data                   DATA
 0003:00000e04 0000030cH .data$r                 DATA
 0003:00001110 000003e4H .bss                    DATA
 0004:00000000 000000a0H .rsrc$01                DATA
 0004:000000a0 00000570H .rsrc$02                DATA

  Address         Publics by Value              Rva+Base       Lib:Object

 0000:00000000       __except_list              00000000     <absolute>
 0000:00000000       ___guard_fids_count        00000000     <absolute>
 0000:00000000       ___safe_se_handler_table   00000000     <absolute>
 0000:00000000       ___guard_flags             00000000     <absolute>
 0000:00000000       ___safe_se_handler_count   00000000     <absolute>
 0000:00000000       ___guard_fids_table        00000000     <absolute>
 0000:00009876       __ldused                   00009876     <absolute>
 0000:00009876       __fltused                  00009876     <absolute>
 0000:00000000       ___ImageBase               10000000     <linker-defined>
 0001:00000000       _HtmlHelpA@16              10001000 f   htmlhelp:init.obj
 0001:00000160       ?Initialise@@YAHPAUHINSTANCE__@@@Z 10001160 f   BNCS_CC02.obj
 0001:00000203       ?Shutdown@@YAXPAX@Z        10001203 f   BNCS_CC02.obj
 0001:00000215       _BBC_CC_WndFn@16           10001215 f   BNCS_CC02.obj
 0001:00000264       _DllMain@12                10001264 f   BNCS_CC02.obj
 0001:000002ae       _CCcomps_DrawAll           100012ae f   CC_COMPS.obj
 0001:000003b4       _CCcomps_DrawBackground    100013b4 f   CC_COMPS.obj
 0001:000003b4       _CCvtclk_DrawBackground    100013b4 f   CC_VTCLK.obj
 0001:00000420       _CCcomps_DrawClock         10001420 f   CC_COMPS.obj
 0001:00000b0d       _CCcomps_DrawHand          10001b0d f   CC_COMPS.obj
 0001:00000da4       _CCcomps_DrawPreset        10001da4 f   CC_COMPS.obj
 0001:00000f7d       _CCcomps_DrawText          10001f7d f   CC_COMPS.obj
 0001:00001056       _CCcomps_DrawTitle         10002056 f   CC_COMPS.obj
 0001:0000127e       _CCcomps_LabelLoad         1000227e f   CC_COMPS.obj
 0001:0000127e       _CCvtclk_LabelLoad         1000227e f   CC_VTCLK.obj
 0001:000012bf       _CCcomps_Message@16        100022bf f   CC_COMPS.obj
 0001:00001727       _CCcomps_PaintText         10002727 f   CC_COMPS.obj
 0001:00001727       _CCvtclk_PaintText         10002727 f   CC_VTCLK.obj
 0001:000017d9       _CCcomps_SetPreset         100027d9 f   CC_COMPS.obj
 0001:0000194e       _CSSufu_DecodeEscapeSeq    1000294e f   CC_SUFU.obj
 0001:00001b5d       _CCvtclk_DrawAll           10002b5d f   CC_VTCLK.obj
 0001:00001c56       _CCvtclk_DrawClock         10002c56 f   CC_VTCLK.obj
 0001:00002209       _CCvtclk_DrawHand          10003209 f   CC_VTCLK.obj
 0001:00002493       _CCvtclk_DrawText          10003493 f   CC_VTCLK.obj
 0001:00002560       _CCvtclk_DrawTitle         10003560 f   CC_VTCLK.obj
 0001:0000283b       _CCcomps_LabelSave         1000383b f   CC_COMPS.obj
 0001:0000283b       _CCvtclk_LabelSave         1000383b f   CC_VTCLK.obj
 0001:0000287c       _CCvtclk_Message@16        1000387c f   CC_VTCLK.obj
 0001:00002b89       _CCSufu_GetColourRef       10003b89 f   Cc_sufu_common.obj
 0001:00002c49       _CCSufu_SetBkColour        10003c49 f   Cc_sufu_common.obj
 0001:00002d15       _CCSufu_SetTextColour      10003d15 f   Cc_sufu_common.obj
 0001:00002de1       _CSSufu_ESValid            10003de1 f   Cc_sufu_common.obj
 0001:00002e08       ??0bncs_cc02_edit@@QAE@PAVQWidget@@PBD_NI@Z 10003e08 f   bncs_cc02_edit.obj
 0001:00003687       ??1bncs_cc02_edit@@UAE@XZ  10004687 f   bncs_cc02_edit.obj
 0001:000036c7       ??_EQFrame@@WCI@AEPAXI@Z   100046c7 f i bncs_cc02_edit.obj
 0001:000036cf       ??_EQHBoxLayout@@WCI@AEPAXI@Z 100046cf f i bncs_cc02_edit.obj
 0001:000036d7       ??_EQLabel@@WCI@AEPAXI@Z   100046d7 f i bncs_cc02_edit.obj
 0001:000036df       ??_EQLineEdit@@WCI@AEPAXI@Z 100046df f i bncs_cc02_edit.obj
 0001:000036e7       ??_EQPushButton@@WCI@AEPAXI@Z 100046e7 f i bncs_cc02_edit.obj
 0001:000036ef       ??_EQVBoxLayout@@WCI@AEPAXI@Z 100046ef f i bncs_cc02_edit.obj
 0001:000036f7       ??_Ebncs_cc02_edit@@WCI@AEPAXI@Z 100046f7 f i bncs_cc02_edit.obj
 0001:000036ff       ??_EQFrame@@UAEPAXI@Z      100046ff f i bncs_cc02_edit.obj
 0001:000036ff       ??_GQFrame@@UAEPAXI@Z      100046ff f i bncs_cc02_edit.obj
 0001:0000371f       ??_EQHBoxLayout@@UAEPAXI@Z 1000471f f i bncs_cc02_edit.obj
 0001:0000371f       ??_GQHBoxLayout@@UAEPAXI@Z 1000471f f i bncs_cc02_edit.obj
 0001:0000373f       ??_GQLabel@@UAEPAXI@Z      1000473f f i bncs_cc02_edit.obj
 0001:0000373f       ??_EQLabel@@UAEPAXI@Z      1000473f f i bncs_cc02_edit.obj
 0001:0000375f       ??_EQLineEdit@@UAEPAXI@Z   1000475f f i bncs_cc02_edit.obj
 0001:0000375f       ??_GQLineEdit@@UAEPAXI@Z   1000475f f i bncs_cc02_edit.obj
 0001:0000377f       ??_GQPushButton@@UAEPAXI@Z 1000477f f i bncs_cc02_edit.obj
 0001:0000377f       ??_EQPushButton@@UAEPAXI@Z 1000477f f i bncs_cc02_edit.obj
 0001:0000379f       ??_EQSpacerItem@@UAEPAXI@Z 1000479f f i bncs_cc02_edit.obj
 0001:0000379f       ??_GQSpacerItem@@UAEPAXI@Z 1000479f f i bncs_cc02_edit.obj
 0001:000037bf       ??_GQVBoxLayout@@UAEPAXI@Z 100047bf f i bncs_cc02_edit.obj
 0001:000037bf       ??_EQVBoxLayout@@UAEPAXI@Z 100047bf f i bncs_cc02_edit.obj
 0001:000037df       ??_Gbncs_cc02_edit@@UAEPAXI@Z 100047df f i bncs_cc02_edit.obj
 0001:000037df       ??_Ebncs_cc02_edit@@UAEPAXI@Z 100047df f i bncs_cc02_edit.obj
 0001:000037fe       ?languageChange@bncs_cc02_edit@@MAEXXZ 100047fe f   bncs_cc02_edit.obj
 0001:000039c3       ?metaObject@bncs_cc02_edit@@UBEPAVQMetaObject@@XZ 100049c3 f i bncs_cc02_edit.obj
 0001:000039c8       ??0bncs_cc02_editImpl@@QAE@PAVQWidget@@PBD_NI@Z 100049c8 f   bncs_cc02_editimpl.obj
 0001:00003a1f       ??1bncs_cc02_editImpl@@UAE@XZ 10004a1f f   bncs_cc02_editimpl.obj
 0001:00003a31       ??_Ebncs_cc02_editImpl@@WCI@AEPAXI@Z 10004a31 f i bncs_cc02_editimpl.obj
 0001:00003a39       ??_Gbncs_cc02_editImpl@@UAEPAXI@Z 10004a39 f i bncs_cc02_editimpl.obj
 0001:00003a39       ??_Ebncs_cc02_editImpl@@UAEPAXI@Z 10004a39 f i bncs_cc02_editimpl.obj
 0001:00003a58       ?doHelp@bncs_cc02_editImpl@@AAEXXZ 10004a58 f   bncs_cc02_editimpl.obj
 0001:00003c03       ?metaObject@bncs_cc02_editImpl@@UBEPAVQMetaObject@@XZ 10004c03 f i bncs_cc02_editimpl.obj
 0001:00003c08       ??0?$QPtrList@VsignalConnection@@@@QAE@ABV0@@Z 10004c08 f i bncs_cc02_qt.obj
 0001:00003c24       ??0?$QPtrList@VsignalConnection@@@@QAE@XZ 10004c24 f i bncs_cc02_qt.obj
 0001:00003c37       ??0?$QPtrListIterator@VsignalConnection@@@@QAE@ABV0@@Z 10004c37 f i bncs_cc02_qt.obj
 0001:00003c37       ??0signalConnectionRefListIt@@QAE@ABV0@@Z 10004c37 f i bncs_cc02_qt.obj
 0001:00003c4d       ??0signalConnectionRefListIt@@QAE@ABVsignalConnectionRefList@@@Z 10004c4d f i bncs_cc02_qt.obj
 0001:00003c4d       ??0?$QPtrListIterator@VsignalConnection@@@@QAE@ABV?$QPtrList@VsignalConnection@@@@@Z 10004c4d f i bncs_cc02_qt.obj
 0001:00003c63       ??0bncs_cc02_qt@@QAE@ABV0@@Z 10004c63 f i bncs_cc02_qt.obj
 0001:00003cc8       ??0bncs_cc02_qt@@QAE@PAVQWidget@@PBD@Z 10004cc8 f   bncs_cc02_qt.obj
 0001:00003d9e       ??0signalConnection@@QAE@ABV0@@Z 10004d9e f i bncs_cc02_qt.obj
 0001:00003df9       ??0signalConnection@@QAE@ABVQString@@0000@Z 10004df9 f i bncs_cc02_qt.obj
 0001:00003e88       ??0signalConnectionRefList@@QAE@ABV0@@Z 10004e88 f i bncs_cc02_qt.obj
 0001:00003ea4       ??0signalConnectionRefList@@QAE@XZ 10004ea4 f i bncs_cc02_qt.obj
 0001:00003eb7       ??1?$QPtrList@VsignalConnection@@@@UAE@XZ 10004eb7 f i bncs_cc02_qt.obj
 0001:00003eea       ??1bncs_cc02_qt@@UAE@XZ    10004eea f   bncs_cc02_qt.obj
 0001:00003f46       ??1signalConnection@@QAE@XZ 10004f46 f i bncs_cc02_qt.obj
 0001:00003fa0       ??1signalConnectionRefList@@UAE@XZ 10004fa0 f i bncs_cc02_qt.obj
 0001:00003fd2       ??1signalConnectionRefListIt@@QAE@XZ 10004fd2 f i bncs_cc02_qt.obj
 0001:00003fd2       ??1?$QPtrListIterator@VsignalConnection@@@@QAE@XZ 10004fd2 f i bncs_cc02_qt.obj
 0001:00003fd8       ??4?$QPtrList@VsignalConnection@@@@QAEAAV0@ABV0@@Z 10004fd8 f i bncs_cc02_qt.obj
 0001:00003fd8       ??4signalConnectionRefList@@QAEAAV0@ABV0@@Z 10004fd8 f i bncs_cc02_qt.obj
 0001:00003fe2       ??4signalConnectionRefListIt@@QAEAAV0@ABV0@@Z 10004fe2 f i bncs_cc02_qt.obj
 0001:00003fe2       ??4?$QPtrListIterator@VsignalConnection@@@@QAEAAV0@ABV0@@Z 10004fe2 f i bncs_cc02_qt.obj
 0001:00003ff8       ??4bncs_cc02_qt@@QAEAAV0@ABV0@@Z 10004ff8 f i bncs_cc02_qt.obj
 0001:0000404c       ??4signalConnection@@QAEAAV0@ABV0@@Z 1000504c f i bncs_cc02_qt.obj
 0001:0000408d       ??8?$QPtrList@VsignalConnection@@@@QBE_NABV0@@Z 1000508d f i bncs_cc02_qt.obj
 0001:00004097       ??9?$QPtrList@VsignalConnection@@@@QBE_NABV0@@Z 10005097 f i bncs_cc02_qt.obj
 0001:000040b0       ??E?$QPtrListIterator@VsignalConnection@@@@QAEPAVsignalConnection@@XZ 100050b0 f i bncs_cc02_qt.obj
 0001:000040b6       ??F?$QPtrListIterator@VsignalConnection@@@@QAEPAVsignalConnection@@XZ 100050b6 f i bncs_cc02_qt.obj
 0001:000040bc       ??R?$QPtrListIterator@VsignalConnection@@@@QAEPAVsignalConnection@@XZ 100050bc f i bncs_cc02_qt.obj
 0001:000040c2       ??Y?$QPtrListIterator@VsignalConnection@@@@QAEPAVsignalConnection@@I@Z 100050c2 f i bncs_cc02_qt.obj
 0001:000040cc       ??Z?$QPtrListIterator@VsignalConnection@@@@QAEPAVsignalConnection@@I@Z 100050cc f i bncs_cc02_qt.obj
 0001:000040d6       ??_E?$QPtrList@VsignalConnection@@@@UAEPAXI@Z 100050d6 f i bncs_cc02_qt.obj
 0001:00004120       ??_Ebncs_cc02_qt@@UAEPAXI@Z 10005120 f i bncs_cc02_qt.obj
 0001:0000416d       ??_Ebncs_cc02_qt@@WCI@AEPAXI@Z 1000516d f i bncs_cc02_qt.obj
 0001:00004175       ??_EsignalConnectionRefList@@UAEPAXI@Z 10005175 f i bncs_cc02_qt.obj
 0001:000041bf       ??_Fbncs_cc02_qt@@QAEXXZ   100051bf f i bncs_cc02_qt.obj
 0001:000041c9       ??_EQPixmap@@UAEPAXI@Z     100051c9 f i bncs_cc02_qt.obj
 0001:000041c9       ??_GQPixmap@@UAEPAXI@Z     100051c9 f i bncs_cc02_qt.obj
 0001:000041e9       ?append@?$QPtrList@VsignalConnection@@@@QAEXPBVsignalConnection@@@Z 100051e9 f i bncs_cc02_qt.obj
 0001:000041f3       ?at@?$QPtrList@VsignalConnection@@@@QAEPAVsignalConnection@@I@Z 100051f3 f i bncs_cc02_qt.obj
 0001:0000420d       ?at@?$QPtrList@VsignalConnection@@@@QBEHXZ 1000520d f i bncs_cc02_qt.obj
 0001:00004211       ?atFirst@?$QPtrListIterator@VsignalConnection@@@@QBE_NXZ 10005211 f i bncs_cc02_qt.obj
 0001:0000421f       ?atLast@?$QPtrListIterator@VsignalConnection@@@@QBE_NXZ 1000521f f i bncs_cc02_qt.obj
 0001:0000422d       ?begin@?$QPtrList@VsignalConnection@@@@QAE?AV?$QPtrListStdIterator@VsignalConnection@@@@XZ 1000522d f i bncs_cc02_qt.obj
 0001:0000422d       ?constBegin@?$QPtrList@VsignalConnection@@@@QBE?AV?$QPtrListStdIterator@VsignalConnection@@@@XZ 1000522d f i bncs_cc02_qt.obj
 0001:0000422d       ?begin@?$QPtrList@VsignalConnection@@@@QBE?AV?$QPtrListStdIterator@VsignalConnection@@@@XZ 1000522d f i bncs_cc02_qt.obj
 0001:0000423c       ?clear@?$QPtrList@VsignalConnection@@@@UAEXXZ 1000523c f i bncs_cc02_qt.obj
 0001:00004242       ?contains@?$QPtrList@VsignalConnection@@@@QBEIPBVsignalConnection@@@Z 10005242 f i bncs_cc02_qt.obj
 0001:0000424c       ?containsRef@?$QPtrList@VsignalConnection@@@@QBEIPBVsignalConnection@@@Z 1000524c f i bncs_cc02_qt.obj
 0001:00004256       ?count@?$QPtrList@VsignalConnection@@@@UBEIXZ 10005256 f i bncs_cc02_qt.obj
 0001:0000425a       ?count@?$QPtrListIterator@VsignalConnection@@@@QBEIXZ 1000525a f i bncs_cc02_qt.obj
 0001:00004260       ?current@?$QPtrList@VsignalConnection@@@@QBEPAVsignalConnection@@XZ 10005260 f i bncs_cc02_qt.obj
 0001:0000426d       ??D?$QPtrListIterator@VsignalConnection@@@@QAEPAVsignalConnection@@XZ 1000526d f i bncs_cc02_qt.obj
 0001:0000426d       ??B?$QPtrListIterator@VsignalConnection@@@@QBEPAVsignalConnection@@XZ 1000526d f i bncs_cc02_qt.obj
 0001:0000426d       ?current@?$QPtrListIterator@VsignalConnection@@@@QBEPAVsignalConnection@@XZ 1000526d f i bncs_cc02_qt.obj
 0001:0000427a       ?currentNode@?$QPtrList@VsignalConnection@@@@QBEPAVQLNode@@XZ 1000527a f i bncs_cc02_qt.obj
 0001:0000427e       ?defaultvalues@bncs_cc02_qt@@AAEXXZ 1000527e f   bncs_cc02_qt.obj
 0001:000042bc       ?deleteItem@?$QPtrList@VsignalConnection@@@@EAEXPAX@Z 100052bc f i bncs_cc02_qt.obj
 0001:000042e0       ?edit@bncs_cc02_qt@@QAEXPA_N0@Z 100052e0 f   bncs_cc02_qt.obj
 0001:00004658       ?end@?$QPtrList@VsignalConnection@@@@QBE?AV?$QPtrListStdIterator@VsignalConnection@@@@XZ 10005658 f i bncs_cc02_qt.obj
 0001:00004658       ?constEnd@?$QPtrList@VsignalConnection@@@@QBE?AV?$QPtrListStdIterator@VsignalConnection@@@@XZ 10005658 f i bncs_cc02_qt.obj
 0001:00004658       ?end@?$QPtrList@VsignalConnection@@@@QAE?AV?$QPtrListStdIterator@VsignalConnection@@@@XZ 10005658 f i bncs_cc02_qt.obj
 0001:00004665       ?erase@?$QPtrList@VsignalConnection@@@@QAE?AV?$QPtrListStdIterator@VsignalConnection@@@@V2@@Z 10005665 f i bncs_cc02_qt.obj
 0001:0000467c       ?find@?$QPtrList@VsignalConnection@@@@QAEHPBVsignalConnection@@@Z 1000567c f i bncs_cc02_qt.obj
 0001:0000468e       ?findNext@?$QPtrList@VsignalConnection@@@@QAEHPBVsignalConnection@@@Z 1000568e f i bncs_cc02_qt.obj
 0001:000046a0       ?findNextRef@?$QPtrList@VsignalConnection@@@@QAEHPBVsignalConnection@@@Z 100056a0 f i bncs_cc02_qt.obj
 0001:000046b2       ?findRef@?$QPtrList@VsignalConnection@@@@QAEHPBVsignalConnection@@@Z 100056b2 f i bncs_cc02_qt.obj
 0001:000046c4       ?first@?$QPtrList@VsignalConnection@@@@QAEPAVsignalConnection@@XZ 100056c4 f i bncs_cc02_qt.obj
 0001:000046ca       ?getFirst@?$QPtrList@VsignalConnection@@@@QBEPAVsignalConnection@@XZ 100056ca f i bncs_cc02_qt.obj
 0001:000046d7       ?getLast@?$QPtrList@VsignalConnection@@@@QBEPAVsignalConnection@@XZ 100056d7 f i bncs_cc02_qt.obj
 0001:000046e4       ?inSort@?$QPtrList@VsignalConnection@@@@QAEXPBVsignalConnection@@@Z 100056e4 f i bncs_cc02_qt.obj
 0001:000046ee       ?insert@?$QPtrList@VsignalConnection@@@@QAE_NIPBVsignalConnection@@@Z 100056ee f i bncs_cc02_qt.obj
 0001:000046f8       ?isEmpty@?$QPtrList@VsignalConnection@@@@QBE_NXZ 100056f8 f i bncs_cc02_qt.obj
 0001:00004701       ?isEmpty@?$QPtrListIterator@VsignalConnection@@@@QBE_NXZ 10005701 f i bncs_cc02_qt.obj
 0001:0000470d       ?last@?$QPtrList@VsignalConnection@@@@QAEPAVsignalConnection@@XZ 1000570d f i bncs_cc02_qt.obj
 0001:00004713       ?metaObject@bncs_cc02_qt@@UBEPAVQMetaObject@@XZ 10005713 f i bncs_cc02_qt.obj
 0001:00004718       ?next@?$QPtrList@VsignalConnection@@@@QAEPAVsignalConnection@@XZ 10005718 f i bncs_cc02_qt.obj
 0001:0000471e       ?paintEvent@bncs_cc02_qt@@MAEXPAVQPaintEvent@@@Z 1000571e f   bncs_cc02_qt.obj
 0001:00004785       ?prepend@?$QPtrList@VsignalConnection@@@@QAEXPBVsignalConnection@@@Z 10005785 f i bncs_cc02_qt.obj
 0001:00004797       ?prev@?$QPtrList@VsignalConnection@@@@QAEPAVsignalConnection@@XZ 10005797 f i bncs_cc02_qt.obj
 0001:0000479d       ?qObject@bncs_cc02_qt@@QAEPAVQObject@@XZ 1000579d f i bncs_cc02_qt.obj
 0001:000047a0       ?remove@?$QPtrList@VsignalConnection@@@@QAE_NI@Z 100057a0 f i bncs_cc02_qt.obj
 0001:000047aa       ?remove@?$QPtrList@VsignalConnection@@@@QAE_NPBVsignalConnection@@@Z 100057aa f i bncs_cc02_qt.obj
 0001:000047b4       ?remove@?$QPtrList@VsignalConnection@@@@QAE_NXZ 100057b4 f i bncs_cc02_qt.obj
 0001:000047bd       ?removeFirst@?$QPtrList@VsignalConnection@@@@QAE_NXZ 100057bd f i bncs_cc02_qt.obj
 0001:000047d2       ?removeLast@?$QPtrList@VsignalConnection@@@@QAE_NXZ 100057d2 f i bncs_cc02_qt.obj
 0001:000047e7       ?removeNode@?$QPtrList@VsignalConnection@@@@QAEXPAVQLNode@@@Z 100057e7 f i bncs_cc02_qt.obj
 0001:000047f1       ?removeRef@?$QPtrList@VsignalConnection@@@@QAE_NPBVsignalConnection@@@Z 100057f1 f i bncs_cc02_qt.obj
 0001:000047fb       ?replace@?$QPtrList@VsignalConnection@@@@QAE_NIPBVsignalConnection@@@Z 100057fb f i bncs_cc02_qt.obj
 0001:00004805       ?resizeEvent@bncs_cc02_qt@@MAEXPAVQResizeEvent@@@Z 10005805 f   bncs_cc02_qt.obj
 0001:00004825       ?setCaption@bncs_cc02_qt@@UAEXABVQString@@@Z 10005825 f   bncs_cc02_qt.obj
 0001:000049c5       ?setTextBlock@bncs_cc02_qt@@AAEXHPBD@Z 100059c5 f   bncs_cc02_qt.obj
 0001:00004a23       ?sort@?$QPtrList@VsignalConnection@@@@QAEXXZ 10005a23 f i bncs_cc02_qt.obj
 0001:00004a29       ?take@?$QPtrList@VsignalConnection@@@@QAEPAVsignalConnection@@I@Z 10005a29 f i bncs_cc02_qt.obj
 0001:00004a33       ?take@?$QPtrList@VsignalConnection@@@@QAEPAVsignalConnection@@XZ 10005a33 f i bncs_cc02_qt.obj
 0001:00004a39       ?takeNode@?$QPtrList@VsignalConnection@@@@QAEPAVsignalConnection@@PAVQLNode@@@Z 10005a39 f i bncs_cc02_qt.obj
 0001:00004a43       ?toFirst@?$QPtrListIterator@VsignalConnection@@@@QAEPAVsignalConnection@@XZ 10005a43 f i bncs_cc02_qt.obj
 0001:00004a49       ?toLast@?$QPtrListIterator@VsignalConnection@@@@QAEPAVsignalConnection@@XZ 10005a49 f i bncs_cc02_qt.obj
 0001:00004a4f       ?toVector@?$QPtrList@VsignalConnection@@@@QBEXPAVQGVector@@@Z 10005a4f f i bncs_cc02_qt.obj
 0001:00004a59       ?className@bncs_cc02_edit@@UBEPBDXZ 10005a59 f   moc_bncs_cc02_edit.obj
 0001:00004a5f       ?qt_cast@bncs_cc02_edit@@UAEPAXPBD@Z 10005a5f f   moc_bncs_cc02_edit.obj
 0001:00004a8d       ?qt_emit@bncs_cc02_edit@@UAE_NHPAUQUObject@@@Z 10005a8d f   moc_bncs_cc02_edit.obj
 0001:00004a97       ?qt_invoke@bncs_cc02_edit@@UAE_NHPAUQUObject@@@Z 10005a97 f   moc_bncs_cc02_edit.obj
 0001:00004ac9       ?qt_property@bncs_cc02_edit@@UAE_NHHPAVQVariant@@@Z 10005ac9 f   moc_bncs_cc02_edit.obj
 0001:00004ad3       ?staticMetaObject@bncs_cc02_edit@@SAPAVQMetaObject@@XZ 10005ad3 f   moc_bncs_cc02_edit.obj
 0001:00004b1d       ?tr@bncs_cc02_edit@@SA?AVQString@@PBD0@Z 10005b1d f   moc_bncs_cc02_edit.obj
 0001:00004b60       ?className@bncs_cc02_editImpl@@UBEPBDXZ 10005b60 f   moc_bncs_cc02_editimpl.obj
 0001:00004b66       ?qt_cast@bncs_cc02_editImpl@@UAEPAXPBD@Z 10005b66 f   moc_bncs_cc02_editimpl.obj
 0001:00004b93       ?qt_emit@bncs_cc02_editImpl@@UAE_NHPAUQUObject@@@Z 10005b93 f   moc_bncs_cc02_editimpl.obj
 0001:00004b9c       ?qt_invoke@bncs_cc02_editImpl@@UAE_NHPAUQUObject@@@Z 10005b9c f   moc_bncs_cc02_editimpl.obj
 0001:00004bca       ?qt_property@bncs_cc02_editImpl@@UAE_NHHPAVQVariant@@@Z 10005bca f   moc_bncs_cc02_editimpl.obj
 0001:00004bd3       ?staticMetaObject@bncs_cc02_editImpl@@SAPAVQMetaObject@@XZ 10005bd3 f   moc_bncs_cc02_editimpl.obj
 0001:00004c1c       ?className@bncs_cc02_qt@@UBEPBDXZ 10005c1c f   moc_bncs_cc02_qt.obj
 0001:00004c22       ?notify@bncs_cc02_qt@@IAEXAAVQString@@@Z 10005c22 f   moc_bncs_cc02_qt.obj
 0001:00004cb8       ?qt_cast@bncs_cc02_qt@@UAEPAXPBD@Z 10005cb8 f   moc_bncs_cc02_qt.obj
 0001:00004ce6       ?qt_emit@bncs_cc02_qt@@UAE_NHPAUQUObject@@@Z 10005ce6 f   moc_bncs_cc02_qt.obj
 0001:00004d1b       ?qt_invoke@bncs_cc02_qt@@UAE_NHPAUQUObject@@@Z 10005d1b f   moc_bncs_cc02_qt.obj
 0001:00004d53       ?qt_property@bncs_cc02_qt@@UAE_NHHPAVQVariant@@@Z 10005d53 f   moc_bncs_cc02_qt.obj
 0001:00004d5d       ?qt_static_property@bncs_cc02_qt@@SA_NPAVQObject@@HHPAVQVariant@@@Z 10005d5d f   moc_bncs_cc02_qt.obj
 0001:00004d60       ?staticMetaObject@bncs_cc02_qt@@SAPAVQMetaObject@@XZ 10005d60 f   moc_bncs_cc02_qt.obj
 0001:00004e2c       ?tr@bncs_cc02_qt@@SA?AVQString@@PBD0@Z 10005e2c f   moc_bncs_cc02_qt.obj
 0001:00004e6f       ?trUtf8@bncs_cc02_qt@@SA?AVQString@@PBD0@Z 10005e6f f   moc_bncs_cc02_qt.obj
 0001:00004eb2       ??_GBNCSWidgetPlugin@@UAEPAXI@Z 10005eb2 f i plugin.obj
 0001:00004eb2       ??_EBNCSWidgetPlugin@@UAEPAXI@Z 10005eb2 f i plugin.obj
 0001:00004ed2       ?create@BNCSWidgetPlugin@@UAEPAVQWidget@@ABVQString@@PAV2@PBD@Z 10005ed2 f   plugin.obj
 0001:00004f22       ?group@BNCSWidgetPlugin@@UBE?AVQString@@ABV2@@Z 10005f22 f   plugin.obj
 0001:00004f63       ?iconSet@BNCSWidgetPlugin@@UBE?AVQIconSet@@ABVQString@@@Z 10005f63 f   plugin.obj
 0001:00004fc8       ?includeFile@BNCSWidgetPlugin@@UBE?AVQString@@ABV2@@Z 10005fc8 f   plugin.obj
 0001:00005009       ?isContainer@BNCSWidgetPlugin@@UBE_NABVQString@@@Z 10006009 f   plugin.obj
 0001:0000500e       ?keys@BNCSWidgetPlugin@@UBE?AVQStringList@@XZ 1000600e f   plugin.obj
 0001:00005069       ?toolTip@BNCSWidgetPlugin@@UBE?AVQString@@ABV2@@Z 10006069 f   plugin.obj
 0001:000050aa       ?whatsThis@BNCSWidgetPlugin@@UBE?AVQString@@ABV2@@Z 100060aa f   plugin.obj
 0001:000050eb       _qt_ucm_query_verification_data 100060eb f   plugin.obj
 0001:000050f1       _ucm_instantiate           100060f1 f   plugin.obj
 0001:0000511c       ?isDesignTime@dCW@@SA_NXZ  1000611c f   dcw:dcw.dll
 0001:00005130       ??0decodeCaptionString@@QAE@PBD@Z 10006130 f   decodecaptionstring:decodecaptionstring.obj
 0001:00005150       ??1decodeCaptionString@@QAE@XZ 10006150 f   decodecaptionstring:decodecaptionstring.obj
 0001:00005170       ?split@decodeCaptionString@@AAEXPBD@Z 10006170 f i decodecaptionstring:decodecaptionstring.obj
 0001:0000536a       ?setName@QWidget@@UAEXPBD@Z 1000636a f   qt-mt323:qt-mt323.dll
 0001:00005370       ?minimumSizeHint@QDialog@@UBE?AVQSize@@XZ 10006370 f   qt-mt323:qt-mt323.dll
 0001:00005376       ?accept@QDialog@@MAEXXZ    10006376 f   qt-mt323:qt-mt323.dll
 0001:0000537c       ?addItem@QBoxLayout@@UAEXPAVQLayoutItem@@@Z 1000637c f   qt-mt323:qt-mt323.dll
 0001:00005382       ?adjustSize@QWidget@@UAEXXZ 10006382 f   qt-mt323:qt-mt323.dll
 0001:00005388       ?checkConnectArgs@QObject@@MAE_NPBDPBV1@0@Z 10006388 f   qt-mt323:qt-mt323.dll
 0001:0000538e       ?childEvent@QLayout@@MAEXPAVQChildEvent@@@Z 1000638e f   qt-mt323:qt-mt323.dll
 0001:00005394       ?childEvent@QObject@@MAEXPAVQChildEvent@@@Z 10006394 f   qt-mt323:qt-mt323.dll
 0001:0000539a       ?className@QFrame@@UBEPBDXZ 1000639a f   qt-mt323:qt-mt323.dll
 0001:000053a0       ?className@QHBoxLayout@@UBEPBDXZ 100063a0 f   qt-mt323:qt-mt323.dll
 0001:000053a6       ?className@QLabel@@UBEPBDXZ 100063a6 f   qt-mt323:qt-mt323.dll
 0001:000053ac       ?className@QLineEdit@@UBEPBDXZ 100063ac f   qt-mt323:qt-mt323.dll
 0001:000053b2       ?className@QPushButton@@UBEPBDXZ 100063b2 f   qt-mt323:qt-mt323.dll
 0001:000053b8       ?className@QVBoxLayout@@UBEPBDXZ 100063b8 f   qt-mt323:qt-mt323.dll
 0001:000053be       ?clear@QLineEdit@@UAEXXZ   100063be f   qt-mt323:qt-mt323.dll
 0001:000053c4       ?clearValidator@QLineEdit@@UAEXXZ 100063c4 f   qt-mt323:qt-mt323.dll
 0001:000053ca       ?close@QWidget@@UAE_N_N@Z  100063ca f   qt-mt323:qt-mt323.dll
 0001:000053d0       ?closeEvent@QDialog@@MAEXPAVQCloseEvent@@@Z 100063d0 f   qt-mt323:qt-mt323.dll
 0001:000053d6       ?closeEvent@QWidget@@MAEXPAVQCloseEvent@@@Z 100063d6 f   qt-mt323:qt-mt323.dll
 0001:000053dc       ?cmd@QPaintDevice@@MAE_NHPAVQPainter@@PATQPDevCmdParam@@@Z 100063dc f   qt-mt323:qt-mt323.dll
 0001:000053e2       ?connectNotify@QObject@@MAEXPBD@Z 100063e2 f   qt-mt323:qt-mt323.dll
 0001:000053e8       ?contextMenuEvent@QDialog@@MAEXPAVQContextMenuEvent@@@Z 100063e8 f   qt-mt323:qt-mt323.dll
 0001:000053ee       ?contextMenuEvent@QLineEdit@@MAEXPAVQContextMenuEvent@@@Z 100063ee f   qt-mt323:qt-mt323.dll
 0001:000053f4       ?contextMenuEvent@QWidget@@MAEXPAVQContextMenuEvent@@@Z 100063f4 f   qt-mt323:qt-mt323.dll
 0001:000053fa       ?copy@QLineEdit@@UBEXXZ    100063fa f   qt-mt323:qt-mt323.dll
 0001:00005400       ?create@QWidget@@MAEXPAUHWND__@@_N1@Z 10006400 f   qt-mt323:qt-mt323.dll
 0001:00005406       ?createPopupMenu@QLineEdit@@MAEPAVQPopupMenu@@XZ 10006406 f   qt-mt323:qt-mt323.dll
 0001:0000540c       ?customEvent@QObject@@MAEXPAVQCustomEvent@@@Z 1000640c f   qt-mt323:qt-mt323.dll
 0001:00005412       ?customWhatsThis@QWidget@@UBE_NXZ 10006412 f   qt-mt323:qt-mt323.dll
 0001:00005418       ?cut@QLineEdit@@UAEXXZ     10006418 f   qt-mt323:qt-mt323.dll
 0001:0000541e       ?deselect@QLineEdit@@UAEXXZ 1000641e f   qt-mt323:qt-mt323.dll
 0001:00005424       ?destroy@QWidget@@MAEX_N0@Z 10006424 f   qt-mt323:qt-mt323.dll
 0001:0000542a       ?disconnectNotify@QObject@@MAEXPBD@Z 1000642a f   qt-mt323:qt-mt323.dll
 0001:00005430       ?done@QDialog@@MAEXH@Z     10006430 f   qt-mt323:qt-mt323.dll
 0001:00005436       ?dragEnterEvent@QLineEdit@@MAEXPAVQDragEnterEvent@@@Z 10006436 f   qt-mt323:qt-mt323.dll
 0001:0000543c       ?dragEnterEvent@QWidget@@MAEXPAVQDragEnterEvent@@@Z 1000643c f   qt-mt323:qt-mt323.dll
 0001:00005442       ?dragLeaveEvent@QLineEdit@@MAEXPAVQDragLeaveEvent@@@Z 10006442 f   qt-mt323:qt-mt323.dll
 0001:00005448       ?dragLeaveEvent@QWidget@@MAEXPAVQDragLeaveEvent@@@Z 10006448 f   qt-mt323:qt-mt323.dll
 0001:0000544e       ?dragMoveEvent@QLineEdit@@MAEXPAVQDragMoveEvent@@@Z 1000644e f   qt-mt323:qt-mt323.dll
 0001:00005454       ?dragMoveEvent@QWidget@@MAEXPAVQDragMoveEvent@@@Z 10006454 f   qt-mt323:qt-mt323.dll
 0001:0000545a       ?drawButton@QPushButton@@MAEXPAVQPainter@@@Z 1000645a f   qt-mt323:qt-mt323.dll
 0001:00005460       ?drawButtonLabel@QPushButton@@MAEXPAVQPainter@@@Z 10006460 f   qt-mt323:qt-mt323.dll
 0001:00005466       ?drawContents@QFrame@@MAEXPAVQPainter@@@Z 10006466 f   qt-mt323:qt-mt323.dll
 0001:0000546c       ?drawContents@QLabel@@MAEXPAVQPainter@@@Z 1000646c f   qt-mt323:qt-mt323.dll
 0001:00005472       ?drawContents@QLineEdit@@MAEXPAVQPainter@@@Z 10006472 f   qt-mt323:qt-mt323.dll
 0001:00005478       ?drawFrame@QFrame@@MAEXPAVQPainter@@@Z 10006478 f   qt-mt323:qt-mt323.dll
 0001:0000547e       ?dropEvent@QLineEdit@@MAEXPAVQDropEvent@@@Z 1000647e f   qt-mt323:qt-mt323.dll
 0001:00005484       ?dropEvent@QWidget@@MAEXPAVQDropEvent@@@Z 10006484 f   qt-mt323:qt-mt323.dll
 0001:0000548a       ?enabledChange@QButton@@MAEX_N@Z 1000648a f   qt-mt323:qt-mt323.dll
 0001:00005490       ?enabledChange@QWidget@@MAEX_N@Z 10006490 f   qt-mt323:qt-mt323.dll
 0001:00005496       ?enterEvent@QWidget@@MAEXPAVQEvent@@@Z 10006496 f   qt-mt323:qt-mt323.dll
 0001:0000549c       ?event@QLineEdit@@MAE_NPAVQEvent@@@Z 1000649c f   qt-mt323:qt-mt323.dll
 0001:000054a2       ?event@QObject@@UAE_NPAVQEvent@@@Z 100064a2 f   qt-mt323:qt-mt323.dll
 0001:000054a8       ?event@QWidget@@MAE_NPAVQEvent@@@Z 100064a8 f   qt-mt323:qt-mt323.dll
 0001:000054ae       ?eventFilter@QDialog@@MAE_NPAVQObject@@PAVQEvent@@@Z 100064ae f   qt-mt323:qt-mt323.dll
 0001:000054b4       ?eventFilter@QLayout@@MAE_NPAVQObject@@PAVQEvent@@@Z 100064b4 f   qt-mt323:qt-mt323.dll
 0001:000054ba       ?eventFilter@QObject@@UAE_NPAV1@PAVQEvent@@@Z 100064ba f   qt-mt323:qt-mt323.dll
 0001:000054c0       ?expanding@QBoxLayout@@UBE?AW4ExpandData@QSizePolicy@@XZ 100064c0 f   qt-mt323:qt-mt323.dll
 0001:000054c6       ?expanding@QSpacerItem@@UBE?AW4ExpandData@QSizePolicy@@XZ 100064c6 f   qt-mt323:qt-mt323.dll
 0001:000054cc       ?focusInEvent@QLineEdit@@MAEXPAVQFocusEvent@@@Z 100064cc f   qt-mt323:qt-mt323.dll
 0001:000054d2       ?focusInEvent@QPushButton@@MAEXPAVQFocusEvent@@@Z 100064d2 f   qt-mt323:qt-mt323.dll
 0001:000054d8       ?focusInEvent@QWidget@@MAEXPAVQFocusEvent@@@Z 100064d8 f   qt-mt323:qt-mt323.dll
 0001:000054de       ?focusNextPrevChild@QWidget@@MAE_N_N@Z 100064de f   qt-mt323:qt-mt323.dll
 0001:000054e4       ?focusOutEvent@QLineEdit@@MAEXPAVQFocusEvent@@@Z 100064e4 f   qt-mt323:qt-mt323.dll
 0001:000054ea       ?focusOutEvent@QPushButton@@MAEXPAVQFocusEvent@@@Z 100064ea f   qt-mt323:qt-mt323.dll
 0001:000054f0       ?focusOutEvent@QWidget@@MAEXPAVQFocusEvent@@@Z 100064f0 f   qt-mt323:qt-mt323.dll
 0001:000054f6       ?fontChange@QLabel@@MAEXABVQFont@@@Z 100064f6 f   qt-mt323:qt-mt323.dll
 0001:000054fc       ?fontChange@QWidget@@MAEXABVQFont@@@Z 100064fc f   qt-mt323:qt-mt323.dll
 0001:00005502       ?fontInf@QPaintDevice@@MBEHPAVQFont@@H@Z 10006502 f   qt-mt323:qt-mt323.dll
 0001:00005508       ?fontMet@QPaintDevice@@MBEHPAVQFont@@HPBDH@Z 10006508 f   qt-mt323:qt-mt323.dll
 0001:0000550e       ?frameChanged@QFrame@@MAEXXZ 1000650e f   qt-mt323:qt-mt323.dll
 0001:00005514       ?geometry@QLayout@@UBE?AVQRect@@XZ 10006514 f   qt-mt323:qt-mt323.dll
 0001:0000551a       ?geometry@QSpacerItem@@UBE?AVQRect@@XZ 1000651a f   qt-mt323:qt-mt323.dll
 0001:00005520       ?handle@QPaintDevice@@UBEPAUHDC__@@XZ 10006520 f   qt-mt323:qt-mt323.dll
 0001:00005526       ?hasHeightForWidth@QBoxLayout@@UBE_NXZ 10006526 f   qt-mt323:qt-mt323.dll
 0001:0000552c       ?hasHeightForWidth@QLayoutItem@@UBE_NXZ 1000652c f   qt-mt323:qt-mt323.dll
 0001:00005532       ?heightForWidth@QBoxLayout@@UBEHH@Z 10006532 f   qt-mt323:qt-mt323.dll
 0001:00005538       ?heightForWidth@QLabel@@UBEHH@Z 10006538 f   qt-mt323:qt-mt323.dll
 0001:0000553e       ?heightForWidth@QLayoutItem@@UBEHH@Z 1000653e f   qt-mt323:qt-mt323.dll
 0001:00005544       ?heightForWidth@QWidget@@UBEHH@Z 10006544 f   qt-mt323:qt-mt323.dll
 0001:0000554a       ?hide@QDialog@@UAEXXZ      1000654a f   qt-mt323:qt-mt323.dll
 0001:00005550       ?hide@QWidget@@UAEXXZ      10006550 f   qt-mt323:qt-mt323.dll
 0001:00005556       ?hideEvent@QWidget@@MAEXPAVQHideEvent@@@Z 10006556 f   qt-mt323:qt-mt323.dll
 0001:0000555c       ?hitButton@QButton@@MBE_NABVQPoint@@@Z 1000655c f   qt-mt323:qt-mt323.dll
 0001:00005562       ?imComposeEvent@QLineEdit@@MAEXPAVQIMEvent@@@Z 10006562 f   qt-mt323:qt-mt323.dll
 0001:00005568       ?imComposeEvent@QWidget@@MAEXPAVQIMEvent@@@Z 10006568 f   qt-mt323:qt-mt323.dll
 0001:0000556e       ?imEndEvent@QLineEdit@@MAEXPAVQIMEvent@@@Z 1000656e f   qt-mt323:qt-mt323.dll
 0001:00005574       ?imEndEvent@QWidget@@MAEXPAVQIMEvent@@@Z 10006574 f   qt-mt323:qt-mt323.dll
 0001:0000557a       ?imStartEvent@QLineEdit@@MAEXPAVQIMEvent@@@Z 1000657a f   qt-mt323:qt-mt323.dll
 0001:00005580       ?imStartEvent@QWidget@@MAEXPAVQIMEvent@@@Z 10006580 f   qt-mt323:qt-mt323.dll
 0001:00005586       ?insert@QLineEdit@@UAEXABVQString@@@Z 10006586 f   qt-mt323:qt-mt323.dll
 0001:0000558c       ?insertChild@QObject@@UAEXPAV1@@Z 1000658c f   qt-mt323:qt-mt323.dll
 0001:00005592       ?invalidate@QBoxLayout@@UAEXXZ 10006592 f   qt-mt323:qt-mt323.dll
 0001:00005598       ?invalidate@QLayoutItem@@UAEXXZ 10006598 f   qt-mt323:qt-mt323.dll
 0001:0000559e       ?isEmpty@QLayout@@UBE_NXZ  1000659e f   qt-mt323:qt-mt323.dll
 0001:000055a4       ?isEmpty@QSpacerItem@@UBE_NXZ 100065a4 f   qt-mt323:qt-mt323.dll
 0001:000055aa       ?iterator@QBoxLayout@@UAE?AVQLayoutIterator@@XZ 100065aa f   qt-mt323:qt-mt323.dll
 0001:000055b0       ?iterator@QLayoutItem@@UAE?AVQLayoutIterator@@XZ 100065b0 f   qt-mt323:qt-mt323.dll
 0001:000055b6       ?keyPressEvent@QButton@@MAEXPAVQKeyEvent@@@Z 100065b6 f   qt-mt323:qt-mt323.dll
 0001:000055bc       ?keyPressEvent@QDialog@@MAEXPAVQKeyEvent@@@Z 100065bc f   qt-mt323:qt-mt323.dll
 0001:000055c2       ?keyPressEvent@QLineEdit@@MAEXPAVQKeyEvent@@@Z 100065c2 f   qt-mt323:qt-mt323.dll
 0001:000055c8       ?keyPressEvent@QWidget@@MAEXPAVQKeyEvent@@@Z 100065c8 f   qt-mt323:qt-mt323.dll
 0001:000055ce       ?keyReleaseEvent@QButton@@MAEXPAVQKeyEvent@@@Z 100065ce f   qt-mt323:qt-mt323.dll
 0001:000055d4       ?keyReleaseEvent@QWidget@@MAEXPAVQKeyEvent@@@Z 100065d4 f   qt-mt323:qt-mt323.dll
 0001:000055da       ?layout@QLayout@@UAEPAV1@XZ 100065da f   qt-mt323:qt-mt323.dll
 0001:000055e0       ?layout@QLayoutItem@@UAEPAVQLayout@@XZ 100065e0 f   qt-mt323:qt-mt323.dll
 0001:000055e6       ?leaveEvent@QWidget@@MAEXPAVQEvent@@@Z 100065e6 f   qt-mt323:qt-mt323.dll
 0001:000055ec       ?maximumSize@QBoxLayout@@UBE?AVQSize@@XZ 100065ec f   qt-mt323:qt-mt323.dll
 0001:000055f2       ?maximumSize@QSpacerItem@@UBE?AVQSize@@XZ 100065f2 f   qt-mt323:qt-mt323.dll
 0001:000055f8       ?metaObject@QFrame@@UBEPAVQMetaObject@@XZ 100065f8 f   qt-mt323:qt-mt323.dll
 0001:000055fe       ?metaObject@QHBoxLayout@@UBEPAVQMetaObject@@XZ 100065fe f   qt-mt323:qt-mt323.dll
 0001:00005604       ?metaObject@QLabel@@UBEPAVQMetaObject@@XZ 10006604 f   qt-mt323:qt-mt323.dll
 0001:0000560a       ?metaObject@QLineEdit@@UBEPAVQMetaObject@@XZ 1000660a f   qt-mt323:qt-mt323.dll
 0001:00005610       ?metaObject@QPushButton@@UBEPAVQMetaObject@@XZ 10006610 f   qt-mt323:qt-mt323.dll
 0001:00005616       ?metaObject@QVBoxLayout@@UBEPAVQMetaObject@@XZ 10006616 f   qt-mt323:qt-mt323.dll
 0001:0000561c       ?metric@QWidget@@MBEHH@Z   1000661c f   qt-mt323:qt-mt323.dll
 0001:00005622       ?minimumSize@QBoxLayout@@UBE?AVQSize@@XZ 10006622 f   qt-mt323:qt-mt323.dll
 0001:00005628       ?minimumSize@QSpacerItem@@UBE?AVQSize@@XZ 10006628 f   qt-mt323:qt-mt323.dll
 0001:0000562e       ?minimumSizeHint@QLabel@@UBE?AVQSize@@XZ 1000662e f   qt-mt323:qt-mt323.dll
 0001:00005634       ?minimumSizeHint@QLineEdit@@UBE?AVQSize@@XZ 10006634 f   qt-mt323:qt-mt323.dll
 0001:0000563a       ?minimumSizeHint@QWidget@@UBE?AVQSize@@XZ 1000663a f   qt-mt323:qt-mt323.dll
 0001:00005640       ?mouseDoubleClickEvent@QLineEdit@@MAEXPAVQMouseEvent@@@Z 10006640 f   qt-mt323:qt-mt323.dll
 0001:00005646       ?mouseDoubleClickEvent@QWidget@@MAEXPAVQMouseEvent@@@Z 10006646 f   qt-mt323:qt-mt323.dll
 0001:0000564c       ?mouseMoveEvent@QButton@@MAEXPAVQMouseEvent@@@Z 1000664c f   qt-mt323:qt-mt323.dll
 0001:00005652       ?mouseMoveEvent@QLineEdit@@MAEXPAVQMouseEvent@@@Z 10006652 f   qt-mt323:qt-mt323.dll
 0001:00005658       ?mouseMoveEvent@QWidget@@MAEXPAVQMouseEvent@@@Z 10006658 f   qt-mt323:qt-mt323.dll
 0001:0000565e       ?mousePressEvent@QButton@@MAEXPAVQMouseEvent@@@Z 1000665e f   qt-mt323:qt-mt323.dll
 0001:00005664       ?mousePressEvent@QLineEdit@@MAEXPAVQMouseEvent@@@Z 10006664 f   qt-mt323:qt-mt323.dll
 0001:0000566a       ?mousePressEvent@QWidget@@MAEXPAVQMouseEvent@@@Z 1000666a f   qt-mt323:qt-mt323.dll
 0001:00005670       ?mouseReleaseEvent@QButton@@MAEXPAVQMouseEvent@@@Z 10006670 f   qt-mt323:qt-mt323.dll
 0001:00005676       ?mouseReleaseEvent@QLineEdit@@MAEXPAVQMouseEvent@@@Z 10006676 f   qt-mt323:qt-mt323.dll
 0001:0000567c       ?mouseReleaseEvent@QWidget@@MAEXPAVQMouseEvent@@@Z 1000667c f   qt-mt323:qt-mt323.dll
 0001:00005682       ?move@QDialog@@UAEXHH@Z    10006682 f   qt-mt323:qt-mt323.dll
 0001:00005688       ?move@QPushButton@@UAEXHH@Z 10006688 f   qt-mt323:qt-mt323.dll
 0001:0000568e       ?move@QWidget@@UAEXHH@Z    1000668e f   qt-mt323:qt-mt323.dll
 0001:00005694       ?moveEvent@QWidget@@MAEXPAVQMoveEvent@@@Z 10006694 f   qt-mt323:qt-mt323.dll
 0001:0000569a       ?paintEvent@QButton@@MAEXPAVQPaintEvent@@@Z 1000669a f   qt-mt323:qt-mt323.dll
 0001:000056a0       ?paintEvent@QFrame@@MAEXPAVQPaintEvent@@@Z 100066a0 f   qt-mt323:qt-mt323.dll
 0001:000056a6       ?paintEvent@QWidget@@MAEXPAVQPaintEvent@@@Z 100066a6 f   qt-mt323:qt-mt323.dll
 0001:000056ac       ?paletteChange@QWidget@@MAEXABVQPalette@@@Z 100066ac f   qt-mt323:qt-mt323.dll
 0001:000056b2       ?paste@QLineEdit@@UAEXXZ   100066b2 f   qt-mt323:qt-mt323.dll
 0001:000056b8       ?polish@QWidget@@UAEXXZ    100066b8 f   qt-mt323:qt-mt323.dll
 0001:000056be       ?property@QObject@@UBE?AVQVariant@@PBD@Z 100066be f   qt-mt323:qt-mt323.dll
 0001:000056c4       ?qt_cast@QFrame@@UAEPAXPBD@Z 100066c4 f   qt-mt323:qt-mt323.dll
 0001:000056ca       ?qt_cast@QHBoxLayout@@UAEPAXPBD@Z 100066ca f   qt-mt323:qt-mt323.dll
 0001:000056d0       ?qt_cast@QLabel@@UAEPAXPBD@Z 100066d0 f   qt-mt323:qt-mt323.dll
 0001:000056d6       ?qt_cast@QLineEdit@@UAEPAXPBD@Z 100066d6 f   qt-mt323:qt-mt323.dll
 0001:000056dc       ?qt_cast@QPushButton@@UAEPAXPBD@Z 100066dc f   qt-mt323:qt-mt323.dll
 0001:000056e2       ?qt_cast@QVBoxLayout@@UAEPAXPBD@Z 100066e2 f   qt-mt323:qt-mt323.dll
 0001:000056e8       ?qt_emit@QFrame@@UAE_NHPAUQUObject@@@Z 100066e8 f   qt-mt323:qt-mt323.dll
 0001:000056ee       ?qt_emit@QHBoxLayout@@UAE_NHPAUQUObject@@@Z 100066ee f   qt-mt323:qt-mt323.dll
 0001:000056f4       ?qt_emit@QLabel@@UAE_NHPAUQUObject@@@Z 100066f4 f   qt-mt323:qt-mt323.dll
 0001:000056fa       ?qt_emit@QLineEdit@@UAE_NHPAUQUObject@@@Z 100066fa f   qt-mt323:qt-mt323.dll
 0001:00005700       ?qt_emit@QPushButton@@UAE_NHPAUQUObject@@@Z 10006700 f   qt-mt323:qt-mt323.dll
 0001:00005706       ?qt_emit@QVBoxLayout@@UAE_NHPAUQUObject@@@Z 10006706 f   qt-mt323:qt-mt323.dll
 0001:0000570c       ?qt_invoke@QFrame@@UAE_NHPAUQUObject@@@Z 1000670c f   qt-mt323:qt-mt323.dll
 0001:00005712       ?qt_invoke@QHBoxLayout@@UAE_NHPAUQUObject@@@Z 10006712 f   qt-mt323:qt-mt323.dll
 0001:00005718       ?qt_invoke@QLabel@@UAE_NHPAUQUObject@@@Z 10006718 f   qt-mt323:qt-mt323.dll
 0001:0000571e       ?qt_invoke@QLineEdit@@UAE_NHPAUQUObject@@@Z 1000671e f   qt-mt323:qt-mt323.dll
 0001:00005724       ?qt_invoke@QPushButton@@UAE_NHPAUQUObject@@@Z 10006724 f   qt-mt323:qt-mt323.dll
 0001:0000572a       ?qt_invoke@QVBoxLayout@@UAE_NHPAUQUObject@@@Z 1000672a f   qt-mt323:qt-mt323.dll
 0001:00005730       ?qt_property@QFrame@@UAE_NHHPAVQVariant@@@Z 10006730 f   qt-mt323:qt-mt323.dll
 0001:00005736       ?qt_property@QHBoxLayout@@UAE_NHHPAVQVariant@@@Z 10006736 f   qt-mt323:qt-mt323.dll
 0001:0000573c       ?qt_property@QLabel@@UAE_NHHPAVQVariant@@@Z 1000673c f   qt-mt323:qt-mt323.dll
 0001:00005742       ?qt_property@QLineEdit@@UAE_NHHPAVQVariant@@@Z 10006742 f   qt-mt323:qt-mt323.dll
 0001:00005748       ?qt_property@QPushButton@@UAE_NHHPAVQVariant@@@Z 10006748 f   qt-mt323:qt-mt323.dll
 0001:0000574e       ?qt_property@QVBoxLayout@@UAE_NHHPAVQVariant@@@Z 1000674e f   qt-mt323:qt-mt323.dll
 0001:00005754       ?redo@QLineEdit@@UAEXXZ    10006754 f   qt-mt323:qt-mt323.dll
 0001:0000575a       ?reject@QDialog@@MAEXXZ    1000675a f   qt-mt323:qt-mt323.dll
 0001:00005760       ?removeChild@QObject@@UAEXPAV1@@Z 10006760 f   qt-mt323:qt-mt323.dll
 0001:00005766       ?reparent@QWidget@@UAEXPAV1@IABVQPoint@@_N@Z 10006766 f   qt-mt323:qt-mt323.dll
 0001:0000576c       ?resize@QDialog@@UAEXHH@Z  1000676c f   qt-mt323:qt-mt323.dll
 0001:00005772       ?resize@QPushButton@@UAEXHH@Z 10006772 f   qt-mt323:qt-mt323.dll
 0001:00005778       ?resize@QWidget@@UAEXHH@Z  10006778 f   qt-mt323:qt-mt323.dll
 0001:0000577e       ?resizeEvent@QDialog@@MAEXPAVQResizeEvent@@@Z 1000677e f   qt-mt323:qt-mt323.dll
 0001:00005784       ?resizeEvent@QFrame@@MAEXPAVQResizeEvent@@@Z 10006784 f   qt-mt323:qt-mt323.dll
 0001:0000578a       ?resizeEvent@QLabel@@MAEXPAVQResizeEvent@@@Z 1000678a f   qt-mt323:qt-mt323.dll
 0001:00005790       ?resizeEvent@QLineEdit@@MAEXPAVQResizeEvent@@@Z 10006790 f   qt-mt323:qt-mt323.dll
 0001:00005796       ?resizeEvent@QPushButton@@MAEXPAVQResizeEvent@@@Z 10006796 f   qt-mt323:qt-mt323.dll
 0001:0000579c       ?resolution@QPaintDevice@@UBEHXZ 1000679c f   qt-mt323:qt-mt323.dll
 0001:000057a2       ?selectAll@QLineEdit@@UAEXXZ 100067a2 f   qt-mt323:qt-mt323.dll
 0001:000057a8       ?setAccel@QButton@@UAEXABVQKeySequence@@@Z 100067a8 f   qt-mt323:qt-mt323.dll
 0001:000057ae       ?setAcceptDrops@QWidget@@UAEX_N@Z 100067ae f   qt-mt323:qt-mt323.dll
 0001:000057b4       ?setActiveWindow@QWidget@@UAEXXZ 100067b4 f   qt-mt323:qt-mt323.dll
 0001:000057ba       ?setAlignment@QLabel@@UAEXH@Z 100067ba f   qt-mt323:qt-mt323.dll
 0001:000057c0       ?setAlignment@QLayoutItem@@UAEXH@Z 100067c0 f   qt-mt323:qt-mt323.dll
 0001:000057c6       ?setAlignment@QLineEdit@@UAEXH@Z 100067c6 f   qt-mt323:qt-mt323.dll
 0001:000057cc       ?setAutoAdd@QLayout@@UAEX_N@Z 100067cc f   qt-mt323:qt-mt323.dll
 0001:000057d2       ?setAutoDefault@QPushButton@@UAEX_N@Z 100067d2 f   qt-mt323:qt-mt323.dll
 0001:000057d8       ?setAutoMask@QWidget@@UAEX_N@Z 100067d8 f   qt-mt323:qt-mt323.dll
 0001:000057de       ?setAutoRepeat@QButton@@UAEX_N@Z 100067de f   qt-mt323:qt-mt323.dll
 0001:000057e4       ?setAutoResize@QLabel@@UAEX_N@Z 100067e4 f   qt-mt323:qt-mt323.dll
 0001:000057ea       ?setBackgroundColor@QWidget@@UAEXABVQColor@@@Z 100067ea f   qt-mt323:qt-mt323.dll
 0001:000057f0       ?setBackgroundMode@QWidget@@UAEXW4BackgroundMode@Qt@@@Z 100067f0 f   qt-mt323:qt-mt323.dll
 0001:000057f6       ?setBackgroundOrigin@QWidget@@UAEXW4BackgroundOrigin@1@@Z 100067f6 f   qt-mt323:qt-mt323.dll
 0001:000057fc       ?setBackgroundPixmap@QWidget@@UAEXABVQPixmap@@@Z 100067fc f   qt-mt323:qt-mt323.dll
 0001:00005802       ?setBuddy@QLabel@@UAEXPAVQWidget@@@Z 10006802 f   qt-mt323:qt-mt323.dll
 0001:00005808       ?setCaption@QWidget@@UAEXABVQString@@@Z 10006808 f   qt-mt323:qt-mt323.dll
 0001:0000580e       ?setCursor@QWidget@@UAEXABVQCursor@@@Z 1000680e f   qt-mt323:qt-mt323.dll
 0001:00005814       ?setCursorPosition@QLineEdit@@UAEXH@Z 10006814 f   qt-mt323:qt-mt323.dll
 0001:0000581a       ?setDefault@QPushButton@@UAEX_N@Z 1000681a f   qt-mt323:qt-mt323.dll
 0001:00005820       ?setDown@QButton@@UAEX_N@Z 10006820 f   qt-mt323:qt-mt323.dll
 0001:00005826       ?setDragEnabled@QLineEdit@@UAEX_N@Z 10006826 f   qt-mt323:qt-mt323.dll
 0001:0000582c       ?setEchoMode@QLineEdit@@UAEXW4EchoMode@1@@Z 1000682c f   qt-mt323:qt-mt323.dll
 0001:00005832       ?setEnabled@QWidget@@UAEX_N@Z 10006832 f   qt-mt323:qt-mt323.dll
 0001:00005838       ?setEraseColor@QWidget@@UAEXABVQColor@@@Z 10006838 f   qt-mt323:qt-mt323.dll
 0001:0000583e       ?setErasePixmap@QWidget@@UAEXABVQPixmap@@@Z 1000683e f   qt-mt323:qt-mt323.dll
 0001:00005844       ?setFocus@QWidget@@UAEXXZ  10006844 f   qt-mt323:qt-mt323.dll
 0001:0000584a       ?setFocusPolicy@QWidget@@UAEXW4FocusPolicy@1@@Z 1000684a f   qt-mt323:qt-mt323.dll
 0001:00005850       ?setFocusProxy@QWidget@@UAEXPAV1@@Z 10006850 f   qt-mt323:qt-mt323.dll
 0001:00005856       ?setFont@QLabel@@UAEXABVQFont@@@Z 10006856 f   qt-mt323:qt-mt323.dll
 0001:0000585c       ?setFont@QLineEdit@@UAEXABVQFont@@@Z 1000685c f   qt-mt323:qt-mt323.dll
 0001:00005862       ?setFont@QWidget@@UAEXABVQFont@@@Z 10006862 f   qt-mt323:qt-mt323.dll
 0001:00005868       ?setFrame@QLineEdit@@UAEX_N@Z 10006868 f   qt-mt323:qt-mt323.dll
 0001:0000586e       ?setFrameRect@QFrame@@UAEXABVQRect@@@Z 1000686e f   qt-mt323:qt-mt323.dll
 0001:00005874       ?setFrameStyle@QFrame@@UAEXH@Z 10006874 f   qt-mt323:qt-mt323.dll
 0001:0000587a       ?setGeometry@QBoxLayout@@UAEXABVQRect@@@Z 1000687a f   qt-mt323:qt-mt323.dll
 0001:00005880       ?setGeometry@QDialog@@UAEXABVQRect@@@Z 10006880 f   qt-mt323:qt-mt323.dll
 0001:00005886       ?setGeometry@QDialog@@UAEXHHHH@Z 10006886 f   qt-mt323:qt-mt323.dll
 0001:0000588c       ?setGeometry@QPushButton@@UAEXABVQRect@@@Z 1000688c f   qt-mt323:qt-mt323.dll
 0001:00005892       ?setGeometry@QPushButton@@UAEXHHHH@Z 10006892 f   qt-mt323:qt-mt323.dll
 0001:00005898       ?setGeometry@QSpacerItem@@UAEXABVQRect@@@Z 10006898 f   qt-mt323:qt-mt323.dll
 0001:0000589e       ?setGeometry@QWidget@@UAEXABVQRect@@@Z 1000689e f   qt-mt323:qt-mt323.dll
 0001:000058a4       ?setGeometry@QWidget@@UAEXHHHH@Z 100068a4 f   qt-mt323:qt-mt323.dll
 0001:000058aa       ?setGroup@QButton@@EAEXPAVQButtonGroup@@@Z 100068aa f   qt-mt323:qt-mt323.dll
 0001:000058b0       ?setIcon@QWidget@@UAEXABVQPixmap@@@Z 100068b0 f   qt-mt323:qt-mt323.dll
 0001:000058b6       ?setIconText@QWidget@@UAEXABVQString@@@Z 100068b6 f   qt-mt323:qt-mt323.dll
 0001:000058bc       ?setIsMenuButton@QPushButton@@UAEX_N@Z 100068bc f   qt-mt323:qt-mt323.dll
 0001:000058c2       ?setKeyCompression@QWidget@@MAEX_N@Z 100068c2 f   qt-mt323:qt-mt323.dll
 0001:000058c8       ?setLineWidth@QFrame@@UAEXH@Z 100068c8 f   qt-mt323:qt-mt323.dll
 0001:000058ce       ?setMargin@QFrame@@UAEXH@Z 100068ce f   qt-mt323:qt-mt323.dll
 0001:000058d4       ?setMargin@QLayout@@UAEXH@Z 100068d4 f   qt-mt323:qt-mt323.dll
 0001:000058da       ?setMask@QWidget@@UAEXABVQBitmap@@@Z 100068da f   qt-mt323:qt-mt323.dll
 0001:000058e0       ?setMask@QWidget@@UAEXABVQRegion@@@Z 100068e0 f   qt-mt323:qt-mt323.dll
 0001:000058e6       ?setMaxLength@QLineEdit@@UAEXH@Z 100068e6 f   qt-mt323:qt-mt323.dll
 0001:000058ec       ?setMaximumSize@QWidget@@UAEXHH@Z 100068ec f   qt-mt323:qt-mt323.dll
 0001:000058f2       ?setMenuBar@QLayout@@UAEXPAVQMenuBar@@@Z 100068f2 f   qt-mt323:qt-mt323.dll
 0001:000058f8       ?setMicroFocusHint@QWidget@@MAEXHHHH_NPAVQFont@@@Z 100068f8 f   qt-mt323:qt-mt323.dll
 0001:000058fe       ?setMidLineWidth@QFrame@@UAEXH@Z 100068fe f   qt-mt323:qt-mt323.dll
 0001:00005904       ?setMinimumSize@QWidget@@UAEXHH@Z 10006904 f   qt-mt323:qt-mt323.dll
 0001:0000590a       ?setMouseTracking@QWidget@@UAEX_N@Z 1000690a f   qt-mt323:qt-mt323.dll
 0001:00005910       ?setMovie@QLabel@@UAEXABVQMovie@@@Z 10006910 f   qt-mt323:qt-mt323.dll
 0001:00005916       ?setName@QObject@@UAEXPBD@Z 10006916 f   qt-mt323:qt-mt323.dll
 0001:0000591c       ?setNum@QLabel@@UAEXH@Z    1000691c f   qt-mt323:qt-mt323.dll
 0001:00005922       ?setNum@QLabel@@UAEXN@Z    10006922 f   qt-mt323:qt-mt323.dll
 0001:00005928       ?setOn@QPushButton@@UAEX_N@Z 10006928 f   qt-mt323:qt-mt323.dll
 0001:0000592e       ?setPalette@QLineEdit@@UAEXABVQPalette@@@Z 1000692e f   qt-mt323:qt-mt323.dll
 0001:00005934       ?setPalette@QWidget@@UAEXABVQPalette@@@Z 10006934 f   qt-mt323:qt-mt323.dll
 0001:0000593a       ?setPaletteBackgroundColor@QWidget@@UAEXABVQColor@@@Z 1000693a f   qt-mt323:qt-mt323.dll
 0001:00005940       ?setPaletteBackgroundPixmap@QWidget@@UAEXABVQPixmap@@@Z 10006940 f   qt-mt323:qt-mt323.dll
 0001:00005946       ?setPicture@QLabel@@UAEXABVQPicture@@@Z 10006946 f   qt-mt323:qt-mt323.dll
 0001:0000594c       ?setPixmap@QButton@@UAEXABVQPixmap@@@Z 1000694c f   qt-mt323:qt-mt323.dll
 0001:00005952       ?setPixmap@QLabel@@UAEXABVQPixmap@@@Z 10006952 f   qt-mt323:qt-mt323.dll
 0001:00005958       ?setProperty@QObject@@UAE_NPBDABVQVariant@@@Z 10006958 f   qt-mt323:qt-mt323.dll
 0001:0000595e       ?setReadOnly@QLineEdit@@UAEX_N@Z 1000695e f   qt-mt323:qt-mt323.dll
 0001:00005964       ?setResolution@QPaintDevice@@UAEXH@Z 10006964 f   qt-mt323:qt-mt323.dll
 0001:0000596a       ?setSelection@QLineEdit@@UAEXHH@Z 1000696a f   qt-mt323:qt-mt323.dll
 0001:00005970       ?setSizeIncrement@QWidget@@UAEXHH@Z 10006970 f   qt-mt323:qt-mt323.dll
 0001:00005976       ?setSizePolicy@QWidget@@UAEXVQSizePolicy@@@Z 10006976 f   qt-mt323:qt-mt323.dll
 0001:0000597c       ?setSpacing@QLayout@@UAEXH@Z 1000697c f   qt-mt323:qt-mt323.dll
 0001:00005982       ?setState@QButton@@MAEXW4ToggleState@1@@Z 10006982 f   qt-mt323:qt-mt323.dll
 0001:00005988       ?setText@QButton@@UAEXABVQString@@@Z 10006988 f   qt-mt323:qt-mt323.dll
 0001:0000598e       ?setText@QLabel@@UAEXABVQString@@@Z 1000698e f   qt-mt323:qt-mt323.dll
 0001:00005994       ?setText@QLineEdit@@UAEXABVQString@@@Z 10006994 f   qt-mt323:qt-mt323.dll
 0001:0000599a       ?setToggleType@QButton@@MAEXW4ToggleType@1@@Z 1000699a f   qt-mt323:qt-mt323.dll
 0001:000059a0       ?setUpdatesEnabled@QWidget@@UAEX_N@Z 100069a0 f   qt-mt323:qt-mt323.dll
 0001:000059a6       ?setValidator@QLineEdit@@UAEXPBVQValidator@@@Z 100069a6 f   qt-mt323:qt-mt323.dll
 0001:000059ac       ?setWFlags@QWidget@@MAEXI@Z 100069ac f   qt-mt323:qt-mt323.dll
 0001:000059b2       ?setWState@QWidget@@MAEXI@Z 100069b2 f   qt-mt323:qt-mt323.dll
 0001:000059b8       ?show@QDialog@@UAEXXZ      100069b8 f   qt-mt323:qt-mt323.dll
 0001:000059be       ?show@QWidget@@UAEXXZ      100069be f   qt-mt323:qt-mt323.dll
 0001:000059c4       ?showEvent@QWidget@@MAEXPAVQShowEvent@@@Z 100069c4 f   qt-mt323:qt-mt323.dll
 0001:000059ca       ?showMaximized@QWidget@@UAEXXZ 100069ca f   qt-mt323:qt-mt323.dll
 0001:000059d0       ?showMinimized@QWidget@@UAEXXZ 100069d0 f   qt-mt323:qt-mt323.dll
 0001:000059d6       ?showNormal@QWidget@@UAEXXZ 100069d6 f   qt-mt323:qt-mt323.dll
 0001:000059dc       ?sizeHint@QBoxLayout@@UBE?AVQSize@@XZ 100069dc f   qt-mt323:qt-mt323.dll
 0001:000059e2       ?sizeHint@QDialog@@UBE?AVQSize@@XZ 100069e2 f   qt-mt323:qt-mt323.dll
 0001:000059e8       ?sizeHint@QFrame@@UBE?AVQSize@@XZ 100069e8 f   qt-mt323:qt-mt323.dll
 0001:000059ee       ?sizeHint@QLabel@@UBE?AVQSize@@XZ 100069ee f   qt-mt323:qt-mt323.dll
 0001:000059f4       ?sizeHint@QLineEdit@@UBE?AVQSize@@XZ 100069f4 f   qt-mt323:qt-mt323.dll
 0001:000059fa       ?sizeHint@QPushButton@@UBE?AVQSize@@XZ 100069fa f   qt-mt323:qt-mt323.dll
 0001:00005a00       ?sizeHint@QSpacerItem@@UBE?AVQSize@@XZ 10006a00 f   qt-mt323:qt-mt323.dll
 0001:00005a06       ?sizePolicy@QWidget@@UBE?AVQSizePolicy@@XZ 10006a06 f   qt-mt323:qt-mt323.dll
 0001:00005a0c       ?spacerItem@QLayoutItem@@UAEPAVQSpacerItem@@XZ 10006a0c f   qt-mt323:qt-mt323.dll
 0001:00005a12       ?spacerItem@QSpacerItem@@UAEPAV1@XZ 10006a12 f   qt-mt323:qt-mt323.dll
 0001:00005a18       ?styleChange@QFrame@@MAEXAAVQStyle@@@Z 10006a18 f   qt-mt323:qt-mt323.dll
 0001:00005a1e       ?styleChange@QWidget@@MAEXAAVQStyle@@@Z 10006a1e f   qt-mt323:qt-mt323.dll
 0001:00005a24       ?tabletEvent@QWidget@@MAEXPAVQTabletEvent@@@Z 10006a24 f   qt-mt323:qt-mt323.dll
 0001:00005a2a       ?timerEvent@QObject@@MAEXPAVQTimerEvent@@@Z 10006a2a f   qt-mt323:qt-mt323.dll
 0001:00005a30       ?undo@QLineEdit@@UAEXXZ    10006a30 f   qt-mt323:qt-mt323.dll
 0001:00005a36       ?unsetCursor@QWidget@@UAEXXZ 10006a36 f   qt-mt323:qt-mt323.dll
 0001:00005a3c       ?updateMask@QPushButton@@MAEXXZ 10006a3c f   qt-mt323:qt-mt323.dll
 0001:00005a42       ?updateMask@QWidget@@MAEXXZ 10006a42 f   qt-mt323:qt-mt323.dll
 0001:00005a48       ?wheelEvent@QWidget@@MAEXPAVQWheelEvent@@@Z 10006a48 f   qt-mt323:qt-mt323.dll
 0001:00005a4e       ?widget@QLayoutItem@@UAEPAVQWidget@@XZ 10006a4e f   qt-mt323:qt-mt323.dll
 0001:00005a54       ?winEvent@QWidget@@MAE_NPAUtagMSG@@@Z 10006a54 f   qt-mt323:qt-mt323.dll
 0001:00005a5a       ?windowActivationChange@QLineEdit@@MAEX_N@Z 10006a5a f   qt-mt323:qt-mt323.dll
 0001:00005a60       ?windowActivationChange@QWidget@@MAEX_N@Z 10006a60 f   qt-mt323:qt-mt323.dll
 0001:00005a66       ?compareItems@QGList@@MAEHPAX0@Z 10006a66 f   qt-mt323:qt-mt323.dll
 0001:00005a6c       ?detach@QPixmap@@UAEXXZ    10006a6c f   qt-mt323:qt-mt323.dll
 0001:00005a72       ?metric@QPixmap@@MBEHH@Z   10006a72 f   qt-mt323:qt-mt323.dll
 0001:00005a78       ?newItem@QPtrCollection@@MAEPAXPAX@Z 10006a78 f   qt-mt323:qt-mt323.dll
 0001:00005a7e       ?read@QGList@@MAEAAVQDataStream@@AAV2@AAPAX@Z 10006a7e f   qt-mt323:qt-mt323.dll
 0001:00005a84       ?sizeHint@QWidget@@UBE?AVQSize@@XZ 10006a84 f   qt-mt323:qt-mt323.dll
 0001:00005a8a       ?write@QGList@@MBEAAVQDataStream@@AAV2@PAX@Z 10006a8a f   qt-mt323:qt-mt323.dll
 0001:00005a90       ?className@QWidgetPlugin@@UBEPBDXZ 10006a90 f   qt-mt323:qt-mt323.dll
 0001:00005a96       ?metaObject@QWidgetPlugin@@UBEPAVQMetaObject@@XZ 10006a96 f   qt-mt323:qt-mt323.dll
 0001:00005a9c       ?qt_cast@QWidgetPlugin@@UAEPAXPBD@Z 10006a9c f   qt-mt323:qt-mt323.dll
 0001:00005aa2       ?qt_emit@QWidgetPlugin@@UAE_NHPAUQUObject@@@Z 10006aa2 f   qt-mt323:qt-mt323.dll
 0001:00005aa8       ?qt_invoke@QWidgetPlugin@@UAE_NHPAUQUObject@@@Z 10006aa8 f   qt-mt323:qt-mt323.dll
 0001:00005aae       ?qt_property@QWidgetPlugin@@UAE_NHHPAVQVariant@@@Z 10006aae f   qt-mt323:qt-mt323.dll
 0001:00005ab4       _strlen                    10006ab4 f   MSVCRT:MSVCR120.dll
 0001:00005aba       _atan                      10006aba f   MSVCRT:MSVCR120.dll
 0001:00005ac0       _cos                       10006ac0 f   MSVCRT:MSVCR120.dll
 0001:00005ac6       _sin                       10006ac6 f   MSVCRT:MSVCR120.dll
 0001:00005acc       @__security_check_cookie@4 10006acc f   MSVCRT:secchk.obj
 0001:00005ae0       ??2@YAPAXI@Z               10006ae0 f   MSVCRT:MSVCR120.dll
 0001:00005ae6       ??3@YAXPAX@Z               10006ae6 f   MSVCRT:MSVCR120.dll
 0001:00005aec       __EH_epilog3               10006aec f   MSVCRT:ehprolg3.obj
 0001:00005b00       __EH_epilog3_GS            10006b00 f   MSVCRT:ehprolg3.obj
 0001:00005b0f       __EH_prolog3               10006b0f f   MSVCRT:ehprolg3.obj
 0001:00005b42       __EH_prolog3_GS            10006b42 f   MSVCRT:ehprolg3.obj
 0001:00005b78       ___CxxFrameHandler3        10006b78 f   MSVCRT:MSVCR120.dll
 0001:00005b7e       ??_Etype_info@@UAEPAXI@Z   10006b7e f i MSVCRT:ti_inst.obj
 0001:00005bc8       ??_L@YGXPAXIHP6EX0@Z1@Z    10006bc8 f   MSVCRT:ehvecctr.obj
 0001:00005c2a       ??__C@YGXPAX0IHP6EX00@ZP6EX0@Z@Z 10006c2a f   MSVCRT:ehvccctr.obj
 0001:00005c92       ??_M@YGXPAXIHP6EX0@Z@Z     10006c92 f   MSVCRT:ehvecdtr.obj
 0001:00005d01       ?__ArrayUnwind@@YGXPAXIHP6EX0@Z@Z 10006d01 f   MSVCRT:ehvecdtr.obj
 0001:00005d60       _strcmp                    10006d60 f   MSVCRT:MSVCR120.dll
 0001:00005d66       ??_V@YAXPAX@Z              10006d66 f   MSVCRT:MSVCR120.dll
 0001:00005d6c       ___atonexitinit            10006d6c f   MSVCRT:atonexit.obj
 0001:00005da8       __onexit                   10006da8 f   MSVCRT:atonexit.obj
 0001:00005e51       _atexit                    10006e51 f   MSVCRT:atonexit.obj
 0001:00005eb2       __CRT_INIT@12              10006eb2 f   MSVCRT:crtdll.obj
 0001:000060a9       __DllMainCRTStartup@12     100070a9 f   MSVCRT:crtdll.obj
 0001:000061ff       ___raise_securityfailure   100071ff f   MSVCRT:gs_report.obj
 0001:0000623c       ___report_gsfailure        1000723c f   MSVCRT:gs_report.obj
 0001:00006338       ??1type_info@@UAE@XZ       10007338 f   MSVCRT:MSVCR120.dll
 0001:00006340       __SEH_prolog4              10007340 f   MSVCRT:sehprolg4.obj
 0001:00006385       __SEH_epilog4              10007385 f   MSVCRT:sehprolg4.obj
 0001:00006399       __except_handler4          10007399 f   MSVCRT:chandler4gs.obj
 0001:000063bc       ?terminate@@YAXXZ          100073bc f   MSVCRT:MSVCR120.dll
 0001:000063c2       __lock                     100073c2 f   MSVCRT:MSVCR120.dll
 0001:000063c8       __unlock                   100073c8 f   MSVCRT:MSVCR120.dll
 0001:000063ce       ___dllonexit               100073ce f   MSVCRT:MSVCR120.dll
 0001:000063d4       ___CppXcptFilter           100073d4 f   MSVCRT:MSVCR120.dll
 0001:000063da       __amsg_exit                100073da f   MSVCRT:MSVCR120.dll
 0001:000063e0       __FindPESection            100073e0 f   MSVCRT:pesect.obj
 0001:00006430       __IsNonwritableInCurrentImage 10007430 f   MSVCRT:pesect.obj
 0001:000064f0       __ValidateImageBase        100074f0 f   MSVCRT:pesect.obj
 0001:00006521       ___security_init_cookie    10007521 f   MSVCRT:gs_support.obj
 0001:000065bd       __RTC_Initialize           100075bd f   MSVCRT:initsect.obj
 0001:000065dd       __RTC_Terminate            100075dd f   MSVCRT:initsect.obj
 0001:000065fe       __initterm                 100075fe f   MSVCRT:MSVCR120.dll
 0001:00006604       __initterm_e               10007604 f   MSVCRT:MSVCR120.dll
 0001:0000660a       ___clean_type_info_names   1000760a f   MSVCRT:tncleanup.obj
 0001:00006616       __crt_debugger_hook        10007616 f   MSVCRT:MSVCR120.dll
 0001:0000661c       ___crtUnhandledException   1000761c f   MSVCRT:MSVCR120.dll
 0001:00006622       ___crtTerminateProcess     10007622 f   MSVCRT:MSVCR120.dll
 0001:00006628       __except_handler4_common   10007628 f   MSVCRT:MSVCR120.dll
 0001:0000662e       ___clean_type_info_names_internal 1000762e f   MSVCRT:MSVCR120.dll
 0001:00006634       _IsProcessorFeaturePresent@4 10007634 f   kernel32:KERNEL32.dll
 0002:00000000       __imp__RegOpenKeyExA@20    10008000     advapi32:ADVAPI32.dll
 0002:00000004       __imp__RegQueryValueExA@24 10008004     advapi32:ADVAPI32.dll
 0002:00000008       __imp__RegCloseKey@4       10008008     advapi32:ADVAPI32.dll
 0002:0000000c       \177ADVAPI32_NULL_THUNK_DATA 1000800c     advapi32:ADVAPI32.dll
 0002:00000010       __imp__SetTextColor@8      10008010     gdi32:GDI32.dll
 0002:00000014       __imp__SetBkColor@8        10008014     gdi32:GDI32.dll
 0002:00000018       __imp__Arc@36              10008018     gdi32:GDI32.dll
 0002:0000001c       __imp__TextOutA@20         1000801c     gdi32:GDI32.dll
 0002:00000020       __imp__MoveToEx@16         10008020     gdi32:GDI32.dll
 0002:00000024       __imp__SetTextAlign@8      10008024     gdi32:GDI32.dll
 0002:00000028       __imp__SetROP2@8           10008028     gdi32:GDI32.dll
 0002:0000002c       __imp__SetBkMode@8         1000802c     gdi32:GDI32.dll
 0002:00000030       __imp__SelectObject@8      10008030     gdi32:GDI32.dll
 0002:00000034       __imp__Rectangle@20        10008034     gdi32:GDI32.dll
 0002:00000038       __imp__CreateFontIndirectA@4 10008038     gdi32:GDI32.dll
 0002:0000003c       __imp__CreatePen@12        1000803c     gdi32:GDI32.dll
 0002:00000040       __imp__CreateSolidBrush@4  10008040     gdi32:GDI32.dll
 0002:00000044       __imp__DeleteObject@4      10008044     gdi32:GDI32.dll
 0002:00000048       __imp__Ellipse@20          10008048     gdi32:GDI32.dll
 0002:0000004c       __imp__GetTextExtentPoint32A@16 1000804c     gdi32:GDI32.dll
 0002:00000050       __imp__LineTo@12           10008050     gdi32:GDI32.dll
 0002:00000054       \177GDI32_NULL_THUNK_DATA  10008054     gdi32:GDI32.dll
 0002:00000058       __imp__LoadLibraryA@4      10008058     kernel32:KERNEL32.dll
 0002:0000005c       __imp__GetProcAddress@8    1000805c     kernel32:KERNEL32.dll
 0002:00000060       __imp__lstrlenA@4          10008060     kernel32:KERNEL32.dll
 0002:00000064       __imp__lstrcpynA@12        10008064     kernel32:KERNEL32.dll
 0002:00000068       __imp__GlobalFree@4        10008068     kernel32:KERNEL32.dll
 0002:0000006c       __imp__GlobalUnlock@4      1000806c     kernel32:KERNEL32.dll
 0002:00000070       __imp__EncodePointer@4     10008070     kernel32:KERNEL32.dll
 0002:00000074       __imp__GetSystemTimeAsFileTime@4 10008074     kernel32:KERNEL32.dll
 0002:00000078       __imp__DecodePointer@4     10008078     kernel32:KERNEL32.dll
 0002:0000007c       __imp__IsDebuggerPresent@0 1000807c     kernel32:KERNEL32.dll
 0002:00000080       __imp__IsProcessorFeaturePresent@4 10008080     kernel32:KERNEL32.dll
 0002:00000084       __imp__QueryPerformanceCounter@4 10008084     kernel32:KERNEL32.dll
 0002:00000088       __imp__GetCurrentProcessId@0 10008088     kernel32:KERNEL32.dll
 0002:0000008c       __imp__GetCurrentThreadId@0 1000808c     kernel32:KERNEL32.dll
 0002:00000090       __imp__GlobalLock@4        10008090     kernel32:KERNEL32.dll
 0002:00000094       __imp__GlobalAlloc@8       10008094     kernel32:KERNEL32.dll
 0002:00000098       \177KERNEL32_NULL_THUNK_DATA 10008098     kernel32:KERNEL32.dll
 0002:0000009c       __imp__strlen              1000809c     MSVCRT:MSVCR120.dll
 0002:000000a0       __imp__atoi                100080a0     MSVCRT:MSVCR120.dll
 0002:000000a4       __imp__calloc              100080a4     MSVCRT:MSVCR120.dll
 0002:000000a8       __imp__sprintf             100080a8     MSVCRT:MSVCR120.dll
 0002:000000ac       __imp__atan                100080ac     MSVCRT:MSVCR120.dll
 0002:000000b0       __imp__cos                 100080b0     MSVCRT:MSVCR120.dll
 0002:000000b4       __imp__sin                 100080b4     MSVCRT:MSVCR120.dll
 0002:000000b8       __imp_??2@YAPAXI@Z         100080b8     MSVCRT:MSVCR120.dll
 0002:000000bc       __imp_??3@YAXPAX@Z         100080bc     MSVCRT:MSVCR120.dll
 0002:000000c0       __imp____CxxFrameHandler3  100080c0     MSVCRT:MSVCR120.dll
 0002:000000c4       __imp__getenv              100080c4     MSVCRT:MSVCR120.dll
 0002:000000c8       __imp__strcmp              100080c8     MSVCRT:MSVCR120.dll
 0002:000000cc       __imp_??_V@YAXPAX@Z        100080cc     MSVCRT:MSVCR120.dll
 0002:000000d0       __imp__strncpy             100080d0     MSVCRT:MSVCR120.dll
 0002:000000d4       __imp_??1type_info@@UAE@XZ 100080d4     MSVCRT:MSVCR120.dll
 0002:000000d8       __imp_?terminate@@YAXXZ    100080d8     MSVCRT:MSVCR120.dll
 0002:000000dc       __imp___lock               100080dc     MSVCRT:MSVCR120.dll
 0002:000000e0       __imp___unlock             100080e0     MSVCRT:MSVCR120.dll
 0002:000000e4       __imp___calloc_crt         100080e4     MSVCRT:MSVCR120.dll
 0002:000000e8       __imp____dllonexit         100080e8     MSVCRT:MSVCR120.dll
 0002:000000ec       __imp___onexit             100080ec     MSVCRT:MSVCR120.dll
 0002:000000f0       __imp____CppXcptFilter     100080f0     MSVCRT:MSVCR120.dll
 0002:000000f4       __imp____clean_type_info_names_internal 100080f4     MSVCRT:MSVCR120.dll
 0002:000000f8       __imp___except_handler4_common 100080f8     MSVCRT:MSVCR120.dll
 0002:000000fc       __imp____crtTerminateProcess 100080fc     MSVCRT:MSVCR120.dll
 0002:00000100       __imp____crtUnhandledException 10008100     MSVCRT:MSVCR120.dll
 0002:00000104       __imp__exit                10008104     MSVCRT:MSVCR120.dll
 0002:00000108       __imp___crt_debugger_hook  10008108     MSVCRT:MSVCR120.dll
 0002:0000010c       __imp___initterm_e         1000810c     MSVCRT:MSVCR120.dll
 0002:00000110       __imp___initterm           10008110     MSVCRT:MSVCR120.dll
 0002:00000114       __imp___malloc_crt         10008114     MSVCRT:MSVCR120.dll
 0002:00000118       __imp__free                10008118     MSVCRT:MSVCR120.dll
 0002:0000011c       __imp___amsg_exit          1000811c     MSVCRT:MSVCR120.dll
 0002:00000120       \177MSVCR120_NULL_THUNK_DATA 10008120     MSVCRT:MSVCR120.dll
 0002:00000124       __imp__ReleaseDC@8         10008124     user32:USER32.dll
 0002:00000128       __imp__GetDC@4             10008128     user32:USER32.dll
 0002:0000012c       __imp__ReleaseCapture@0    1000812c     user32:USER32.dll
 0002:00000130       __imp__SetCapture@4        10008130     user32:USER32.dll
 0002:00000134       __imp__DefWindowProcA@16   10008134     user32:USER32.dll
 0002:00000138       __imp__SendMessageA@16     10008138     user32:USER32.dll
 0002:0000013c       __imp__LoadCursorA@8       1000813c     user32:USER32.dll
 0002:00000140       __imp__GetWindowLongA@8    10008140     user32:USER32.dll
 0002:00000144       __imp__MessageBoxA@16      10008144     user32:USER32.dll
 0002:00000148       __imp__UnregisterClassA@8  10008148     user32:USER32.dll
 0002:0000014c       __imp__RegisterClassA@4    1000814c     user32:USER32.dll
 0002:00000150       __imp__BeginPaint@8        10008150     user32:USER32.dll
 0002:00000154       __imp__EndPaint@8          10008154     user32:USER32.dll
 0002:00000158       __imp__SetWindowLongA@12   10008158     user32:USER32.dll
 0002:0000015c       __imp__GetParent@4         1000815c     user32:USER32.dll
 0002:00000160       __imp__InvalidateRect@12   10008160     user32:USER32.dll
 0002:00000164       __imp__ShowWindow@8        10008164     user32:USER32.dll
 0002:00000168       __imp__SetWindowPos@28     10008168     user32:USER32.dll
 0002:0000016c       __imp__SetWindowTextA@8    1000816c     user32:USER32.dll
 0002:00000170       __imp__CreateWindowExA@48  10008170     user32:USER32.dll
 0002:00000174       \177USER32_NULL_THUNK_DATA 10008174     user32:USER32.dll
 0002:00000178       __imp_?isDesignTime@dCW@@SA_NXZ 10008178     dcw:dcw.dll
 0002:0000017c       \177dcw_NULL_THUNK_DATA    1000817c     dcw:dcw.dll
 0002:00000180       __imp_?hide@QDialog@@UAEXXZ 10008180     qt-mt323:qt-mt323.dll
 0002:00000184       __imp_?hide@QWidget@@UAEXXZ 10008184     qt-mt323:qt-mt323.dll
 0002:00000188       __imp_?hideEvent@QWidget@@MAEXPAVQHideEvent@@@Z 10008188     qt-mt323:qt-mt323.dll
 0002:0000018c       __imp_?hitButton@QButton@@MBE_NABVQPoint@@@Z 1000818c     qt-mt323:qt-mt323.dll
 0002:00000190       __imp_?imComposeEvent@QLineEdit@@MAEXPAVQIMEvent@@@Z 10008190     qt-mt323:qt-mt323.dll
 0002:00000194       __imp_?imComposeEvent@QWidget@@MAEXPAVQIMEvent@@@Z 10008194     qt-mt323:qt-mt323.dll
 0002:00000198       __imp_?imEndEvent@QLineEdit@@MAEXPAVQIMEvent@@@Z 10008198     qt-mt323:qt-mt323.dll
 0002:0000019c       __imp_?imEndEvent@QWidget@@MAEXPAVQIMEvent@@@Z 1000819c     qt-mt323:qt-mt323.dll
 0002:000001a0       __imp_?imStartEvent@QLineEdit@@MAEXPAVQIMEvent@@@Z 100081a0     qt-mt323:qt-mt323.dll
 0002:000001a4       __imp_?imStartEvent@QWidget@@MAEXPAVQIMEvent@@@Z 100081a4     qt-mt323:qt-mt323.dll
 0002:000001a8       __imp_?insert@QLineEdit@@UAEXABVQString@@@Z 100081a8     qt-mt323:qt-mt323.dll
 0002:000001ac       __imp_?insertChild@QObject@@UAEXPAV1@@Z 100081ac     qt-mt323:qt-mt323.dll
 0002:000001b0       __imp_?invalidate@QBoxLayout@@UAEXXZ 100081b0     qt-mt323:qt-mt323.dll
 0002:000001b4       __imp_?invalidate@QLayoutItem@@UAEXXZ 100081b4     qt-mt323:qt-mt323.dll
 0002:000001b8       __imp_?isEmpty@QLayout@@UBE_NXZ 100081b8     qt-mt323:qt-mt323.dll
 0002:000001bc       __imp_?isEmpty@QSpacerItem@@UBE_NXZ 100081bc     qt-mt323:qt-mt323.dll
 0002:000001c0       __imp_?iterator@QBoxLayout@@UAE?AVQLayoutIterator@@XZ 100081c0     qt-mt323:qt-mt323.dll
 0002:000001c4       __imp_?iterator@QLayoutItem@@UAE?AVQLayoutIterator@@XZ 100081c4     qt-mt323:qt-mt323.dll
 0002:000001c8       __imp_?keyPressEvent@QButton@@MAEXPAVQKeyEvent@@@Z 100081c8     qt-mt323:qt-mt323.dll
 0002:000001cc       __imp_?keyPressEvent@QDialog@@MAEXPAVQKeyEvent@@@Z 100081cc     qt-mt323:qt-mt323.dll
 0002:000001d0       __imp_?keyPressEvent@QLineEdit@@MAEXPAVQKeyEvent@@@Z 100081d0     qt-mt323:qt-mt323.dll
 0002:000001d4       __imp_?keyPressEvent@QWidget@@MAEXPAVQKeyEvent@@@Z 100081d4     qt-mt323:qt-mt323.dll
 0002:000001d8       __imp_?keyReleaseEvent@QButton@@MAEXPAVQKeyEvent@@@Z 100081d8     qt-mt323:qt-mt323.dll
 0002:000001dc       __imp_?keyReleaseEvent@QWidget@@MAEXPAVQKeyEvent@@@Z 100081dc     qt-mt323:qt-mt323.dll
 0002:000001e0       __imp_?layout@QLayout@@UAEPAV1@XZ 100081e0     qt-mt323:qt-mt323.dll
 0002:000001e4       __imp_?layout@QLayoutItem@@UAEPAVQLayout@@XZ 100081e4     qt-mt323:qt-mt323.dll
 0002:000001e8       __imp_?leaveEvent@QWidget@@MAEXPAVQEvent@@@Z 100081e8     qt-mt323:qt-mt323.dll
 0002:000001ec       __imp_?maximumSize@QBoxLayout@@UBE?AVQSize@@XZ 100081ec     qt-mt323:qt-mt323.dll
 0002:000001f0       __imp_?maximumSize@QSpacerItem@@UBE?AVQSize@@XZ 100081f0     qt-mt323:qt-mt323.dll
 0002:000001f4       __imp_?metaObject@QFrame@@UBEPAVQMetaObject@@XZ 100081f4     qt-mt323:qt-mt323.dll
 0002:000001f8       __imp_?metaObject@QHBoxLayout@@UBEPAVQMetaObject@@XZ 100081f8     qt-mt323:qt-mt323.dll
 0002:000001fc       __imp_?metaObject@QLabel@@UBEPAVQMetaObject@@XZ 100081fc     qt-mt323:qt-mt323.dll
 0002:00000200       __imp_?metaObject@QLineEdit@@UBEPAVQMetaObject@@XZ 10008200     qt-mt323:qt-mt323.dll
 0002:00000204       __imp_?metaObject@QPushButton@@UBEPAVQMetaObject@@XZ 10008204     qt-mt323:qt-mt323.dll
 0002:00000208       __imp_?metaObject@QVBoxLayout@@UBEPAVQMetaObject@@XZ 10008208     qt-mt323:qt-mt323.dll
 0002:0000020c       __imp_?metric@QWidget@@MBEHH@Z 1000820c     qt-mt323:qt-mt323.dll
 0002:00000210       __imp_?minimumSize@QBoxLayout@@UBE?AVQSize@@XZ 10008210     qt-mt323:qt-mt323.dll
 0002:00000214       __imp_?minimumSize@QSpacerItem@@UBE?AVQSize@@XZ 10008214     qt-mt323:qt-mt323.dll
 0002:00000218       __imp_?minimumSizeHint@QLabel@@UBE?AVQSize@@XZ 10008218     qt-mt323:qt-mt323.dll
 0002:0000021c       __imp_?minimumSizeHint@QLineEdit@@UBE?AVQSize@@XZ 1000821c     qt-mt323:qt-mt323.dll
 0002:00000220       __imp_?minimumSizeHint@QWidget@@UBE?AVQSize@@XZ 10008220     qt-mt323:qt-mt323.dll
 0002:00000224       __imp_?mouseDoubleClickEvent@QLineEdit@@MAEXPAVQMouseEvent@@@Z 10008224     qt-mt323:qt-mt323.dll
 0002:00000228       __imp_?mouseDoubleClickEvent@QWidget@@MAEXPAVQMouseEvent@@@Z 10008228     qt-mt323:qt-mt323.dll
 0002:0000022c       __imp_?mouseMoveEvent@QButton@@MAEXPAVQMouseEvent@@@Z 1000822c     qt-mt323:qt-mt323.dll
 0002:00000230       __imp_?mouseMoveEvent@QLineEdit@@MAEXPAVQMouseEvent@@@Z 10008230     qt-mt323:qt-mt323.dll
 0002:00000234       __imp_?mouseMoveEvent@QWidget@@MAEXPAVQMouseEvent@@@Z 10008234     qt-mt323:qt-mt323.dll
 0002:00000238       __imp_?mousePressEvent@QButton@@MAEXPAVQMouseEvent@@@Z 10008238     qt-mt323:qt-mt323.dll
 0002:0000023c       __imp_?mousePressEvent@QLineEdit@@MAEXPAVQMouseEvent@@@Z 1000823c     qt-mt323:qt-mt323.dll
 0002:00000240       __imp_?mousePressEvent@QWidget@@MAEXPAVQMouseEvent@@@Z 10008240     qt-mt323:qt-mt323.dll
 0002:00000244       __imp_?mouseReleaseEvent@QButton@@MAEXPAVQMouseEvent@@@Z 10008244     qt-mt323:qt-mt323.dll
 0002:00000248       __imp_?mouseReleaseEvent@QLineEdit@@MAEXPAVQMouseEvent@@@Z 10008248     qt-mt323:qt-mt323.dll
 0002:0000024c       __imp_?mouseReleaseEvent@QWidget@@MAEXPAVQMouseEvent@@@Z 1000824c     qt-mt323:qt-mt323.dll
 0002:00000250       __imp_?move@QDialog@@UAEXHH@Z 10008250     qt-mt323:qt-mt323.dll
 0002:00000254       __imp_?move@QPushButton@@UAEXHH@Z 10008254     qt-mt323:qt-mt323.dll
 0002:00000258       __imp_?move@QWidget@@UAEXHH@Z 10008258     qt-mt323:qt-mt323.dll
 0002:0000025c       __imp_?moveEvent@QWidget@@MAEXPAVQMoveEvent@@@Z 1000825c     qt-mt323:qt-mt323.dll
 0002:00000260       __imp_?paintEvent@QButton@@MAEXPAVQPaintEvent@@@Z 10008260     qt-mt323:qt-mt323.dll
 0002:00000264       __imp_?paintEvent@QFrame@@MAEXPAVQPaintEvent@@@Z 10008264     qt-mt323:qt-mt323.dll
 0002:00000268       __imp_?paintEvent@QWidget@@MAEXPAVQPaintEvent@@@Z 10008268     qt-mt323:qt-mt323.dll
 0002:0000026c       __imp_?paletteChange@QWidget@@MAEXABVQPalette@@@Z 1000826c     qt-mt323:qt-mt323.dll
 0002:00000270       __imp_?paste@QLineEdit@@UAEXXZ 10008270     qt-mt323:qt-mt323.dll
 0002:00000274       __imp_?polish@QWidget@@UAEXXZ 10008274     qt-mt323:qt-mt323.dll
 0002:00000278       __imp_?property@QObject@@UBE?AVQVariant@@PBD@Z 10008278     qt-mt323:qt-mt323.dll
 0002:0000027c       __imp_?qt_cast@QFrame@@UAEPAXPBD@Z 1000827c     qt-mt323:qt-mt323.dll
 0002:00000280       __imp_?qt_cast@QHBoxLayout@@UAEPAXPBD@Z 10008280     qt-mt323:qt-mt323.dll
 0002:00000284       __imp_?qt_cast@QLabel@@UAEPAXPBD@Z 10008284     qt-mt323:qt-mt323.dll
 0002:00000288       __imp_?qt_cast@QLineEdit@@UAEPAXPBD@Z 10008288     qt-mt323:qt-mt323.dll
 0002:0000028c       __imp_?qt_cast@QPushButton@@UAEPAXPBD@Z 1000828c     qt-mt323:qt-mt323.dll
 0002:00000290       __imp_?qt_cast@QVBoxLayout@@UAEPAXPBD@Z 10008290     qt-mt323:qt-mt323.dll
 0002:00000294       __imp_?qt_emit@QFrame@@UAE_NHPAUQUObject@@@Z 10008294     qt-mt323:qt-mt323.dll
 0002:00000298       __imp_?qt_emit@QHBoxLayout@@UAE_NHPAUQUObject@@@Z 10008298     qt-mt323:qt-mt323.dll
 0002:0000029c       __imp_?qt_emit@QLabel@@UAE_NHPAUQUObject@@@Z 1000829c     qt-mt323:qt-mt323.dll
 0002:000002a0       __imp_?qt_emit@QLineEdit@@UAE_NHPAUQUObject@@@Z 100082a0     qt-mt323:qt-mt323.dll
 0002:000002a4       __imp_?qt_emit@QPushButton@@UAE_NHPAUQUObject@@@Z 100082a4     qt-mt323:qt-mt323.dll
 0002:000002a8       __imp_?qt_emit@QVBoxLayout@@UAE_NHPAUQUObject@@@Z 100082a8     qt-mt323:qt-mt323.dll
 0002:000002ac       __imp_?qt_invoke@QFrame@@UAE_NHPAUQUObject@@@Z 100082ac     qt-mt323:qt-mt323.dll
 0002:000002b0       __imp_?qt_invoke@QHBoxLayout@@UAE_NHPAUQUObject@@@Z 100082b0     qt-mt323:qt-mt323.dll
 0002:000002b4       __imp_?qt_invoke@QLabel@@UAE_NHPAUQUObject@@@Z 100082b4     qt-mt323:qt-mt323.dll
 0002:000002b8       __imp_?qt_invoke@QLineEdit@@UAE_NHPAUQUObject@@@Z 100082b8     qt-mt323:qt-mt323.dll
 0002:000002bc       __imp_?qt_invoke@QPushButton@@UAE_NHPAUQUObject@@@Z 100082bc     qt-mt323:qt-mt323.dll
 0002:000002c0       __imp_?qt_invoke@QVBoxLayout@@UAE_NHPAUQUObject@@@Z 100082c0     qt-mt323:qt-mt323.dll
 0002:000002c4       __imp_?qt_property@QFrame@@UAE_NHHPAVQVariant@@@Z 100082c4     qt-mt323:qt-mt323.dll
 0002:000002c8       __imp_?qt_property@QHBoxLayout@@UAE_NHHPAVQVariant@@@Z 100082c8     qt-mt323:qt-mt323.dll
 0002:000002cc       __imp_?qt_property@QLabel@@UAE_NHHPAVQVariant@@@Z 100082cc     qt-mt323:qt-mt323.dll
 0002:000002d0       __imp_?qt_property@QLineEdit@@UAE_NHHPAVQVariant@@@Z 100082d0     qt-mt323:qt-mt323.dll
 0002:000002d4       __imp_?qt_property@QPushButton@@UAE_NHHPAVQVariant@@@Z 100082d4     qt-mt323:qt-mt323.dll
 0002:000002d8       __imp_?qt_property@QVBoxLayout@@UAE_NHHPAVQVariant@@@Z 100082d8     qt-mt323:qt-mt323.dll
 0002:000002dc       __imp_?redo@QLineEdit@@UAEXXZ 100082dc     qt-mt323:qt-mt323.dll
 0002:000002e0       __imp_?reject@QDialog@@MAEXXZ 100082e0     qt-mt323:qt-mt323.dll
 0002:000002e4       __imp_?removeChild@QObject@@UAEXPAV1@@Z 100082e4     qt-mt323:qt-mt323.dll
 0002:000002e8       __imp_?reparent@QWidget@@UAEXPAV1@IABVQPoint@@_N@Z 100082e8     qt-mt323:qt-mt323.dll
 0002:000002ec       __imp_?resize@QDialog@@UAEXHH@Z 100082ec     qt-mt323:qt-mt323.dll
 0002:000002f0       __imp_?resize@QPushButton@@UAEXHH@Z 100082f0     qt-mt323:qt-mt323.dll
 0002:000002f4       __imp_?resize@QWidget@@UAEXHH@Z 100082f4     qt-mt323:qt-mt323.dll
 0002:000002f8       __imp_?resizeEvent@QDialog@@MAEXPAVQResizeEvent@@@Z 100082f8     qt-mt323:qt-mt323.dll
 0002:000002fc       __imp_?resizeEvent@QFrame@@MAEXPAVQResizeEvent@@@Z 100082fc     qt-mt323:qt-mt323.dll
 0002:00000300       __imp_?resizeEvent@QLabel@@MAEXPAVQResizeEvent@@@Z 10008300     qt-mt323:qt-mt323.dll
 0002:00000304       __imp_?resizeEvent@QLineEdit@@MAEXPAVQResizeEvent@@@Z 10008304     qt-mt323:qt-mt323.dll
 0002:00000308       __imp_?resizeEvent@QPushButton@@MAEXPAVQResizeEvent@@@Z 10008308     qt-mt323:qt-mt323.dll
 0002:0000030c       __imp_?resolution@QPaintDevice@@UBEHXZ 1000830c     qt-mt323:qt-mt323.dll
 0002:00000310       __imp_?selectAll@QLineEdit@@UAEXXZ 10008310     qt-mt323:qt-mt323.dll
 0002:00000314       __imp_?setAccel@QButton@@UAEXABVQKeySequence@@@Z 10008314     qt-mt323:qt-mt323.dll
 0002:00000318       __imp_?setAcceptDrops@QWidget@@UAEX_N@Z 10008318     qt-mt323:qt-mt323.dll
 0002:0000031c       __imp_?setActiveWindow@QWidget@@UAEXXZ 1000831c     qt-mt323:qt-mt323.dll
 0002:00000320       __imp_?setAlignment@QLabel@@UAEXH@Z 10008320     qt-mt323:qt-mt323.dll
 0002:00000324       __imp_?setAlignment@QLayoutItem@@UAEXH@Z 10008324     qt-mt323:qt-mt323.dll
 0002:00000328       __imp_?setAlignment@QLineEdit@@UAEXH@Z 10008328     qt-mt323:qt-mt323.dll
 0002:0000032c       __imp_?setAutoAdd@QLayout@@UAEX_N@Z 1000832c     qt-mt323:qt-mt323.dll
 0002:00000330       __imp_?setAutoDefault@QPushButton@@UAEX_N@Z 10008330     qt-mt323:qt-mt323.dll
 0002:00000334       __imp_?setAutoMask@QWidget@@UAEX_N@Z 10008334     qt-mt323:qt-mt323.dll
 0002:00000338       __imp_?setAutoRepeat@QButton@@UAEX_N@Z 10008338     qt-mt323:qt-mt323.dll
 0002:0000033c       __imp_?setAutoResize@QLabel@@UAEX_N@Z 1000833c     qt-mt323:qt-mt323.dll
 0002:00000340       __imp_?setBackgroundColor@QWidget@@UAEXABVQColor@@@Z 10008340     qt-mt323:qt-mt323.dll
 0002:00000344       __imp_?setBackgroundMode@QWidget@@UAEXW4BackgroundMode@Qt@@@Z 10008344     qt-mt323:qt-mt323.dll
 0002:00000348       __imp_?setBackgroundOrigin@QWidget@@UAEXW4BackgroundOrigin@1@@Z 10008348     qt-mt323:qt-mt323.dll
 0002:0000034c       __imp_?setBackgroundPixmap@QWidget@@UAEXABVQPixmap@@@Z 1000834c     qt-mt323:qt-mt323.dll
 0002:00000350       __imp_?setBuddy@QLabel@@UAEXPAVQWidget@@@Z 10008350     qt-mt323:qt-mt323.dll
 0002:00000354       __imp_?setCaption@QWidget@@UAEXABVQString@@@Z 10008354     qt-mt323:qt-mt323.dll
 0002:00000358       __imp_?setCursor@QWidget@@UAEXABVQCursor@@@Z 10008358     qt-mt323:qt-mt323.dll
 0002:0000035c       __imp_?setCursorPosition@QLineEdit@@UAEXH@Z 1000835c     qt-mt323:qt-mt323.dll
 0002:00000360       __imp_?setDefault@QPushButton@@UAEX_N@Z 10008360     qt-mt323:qt-mt323.dll
 0002:00000364       __imp_?setDown@QButton@@UAEX_N@Z 10008364     qt-mt323:qt-mt323.dll
 0002:00000368       __imp_?setDragEnabled@QLineEdit@@UAEX_N@Z 10008368     qt-mt323:qt-mt323.dll
 0002:0000036c       __imp_?setEchoMode@QLineEdit@@UAEXW4EchoMode@1@@Z 1000836c     qt-mt323:qt-mt323.dll
 0002:00000370       __imp_?setEnabled@QWidget@@UAEX_N@Z 10008370     qt-mt323:qt-mt323.dll
 0002:00000374       __imp_?setEraseColor@QWidget@@UAEXABVQColor@@@Z 10008374     qt-mt323:qt-mt323.dll
 0002:00000378       __imp_?setErasePixmap@QWidget@@UAEXABVQPixmap@@@Z 10008378     qt-mt323:qt-mt323.dll
 0002:0000037c       __imp_?setFocus@QWidget@@UAEXXZ 1000837c     qt-mt323:qt-mt323.dll
 0002:00000380       __imp_?setFocusPolicy@QWidget@@UAEXW4FocusPolicy@1@@Z 10008380     qt-mt323:qt-mt323.dll
 0002:00000384       __imp_?setFocusProxy@QWidget@@UAEXPAV1@@Z 10008384     qt-mt323:qt-mt323.dll
 0002:00000388       __imp_?setFont@QLabel@@UAEXABVQFont@@@Z 10008388     qt-mt323:qt-mt323.dll
 0002:0000038c       __imp_?setFont@QLineEdit@@UAEXABVQFont@@@Z 1000838c     qt-mt323:qt-mt323.dll
 0002:00000390       __imp_?setFont@QWidget@@UAEXABVQFont@@@Z 10008390     qt-mt323:qt-mt323.dll
 0002:00000394       __imp_?setFrame@QLineEdit@@UAEX_N@Z 10008394     qt-mt323:qt-mt323.dll
 0002:00000398       __imp_?setFrameRect@QFrame@@UAEXABVQRect@@@Z 10008398     qt-mt323:qt-mt323.dll
 0002:0000039c       __imp_?setFrameStyle@QFrame@@UAEXH@Z 1000839c     qt-mt323:qt-mt323.dll
 0002:000003a0       __imp_?setGeometry@QBoxLayout@@UAEXABVQRect@@@Z 100083a0     qt-mt323:qt-mt323.dll
 0002:000003a4       __imp_?setGeometry@QDialog@@UAEXABVQRect@@@Z 100083a4     qt-mt323:qt-mt323.dll
 0002:000003a8       __imp_?setGeometry@QDialog@@UAEXHHHH@Z 100083a8     qt-mt323:qt-mt323.dll
 0002:000003ac       __imp_?setGeometry@QPushButton@@UAEXABVQRect@@@Z 100083ac     qt-mt323:qt-mt323.dll
 0002:000003b0       __imp_?setGeometry@QPushButton@@UAEXHHHH@Z 100083b0     qt-mt323:qt-mt323.dll
 0002:000003b4       __imp_?setGeometry@QSpacerItem@@UAEXABVQRect@@@Z 100083b4     qt-mt323:qt-mt323.dll
 0002:000003b8       __imp_?setGeometry@QWidget@@UAEXABVQRect@@@Z 100083b8     qt-mt323:qt-mt323.dll
 0002:000003bc       __imp_?setGeometry@QWidget@@UAEXHHHH@Z 100083bc     qt-mt323:qt-mt323.dll
 0002:000003c0       __imp_?setGroup@QButton@@EAEXPAVQButtonGroup@@@Z 100083c0     qt-mt323:qt-mt323.dll
 0002:000003c4       __imp_?setIcon@QWidget@@UAEXABVQPixmap@@@Z 100083c4     qt-mt323:qt-mt323.dll
 0002:000003c8       __imp_?setIconText@QWidget@@UAEXABVQString@@@Z 100083c8     qt-mt323:qt-mt323.dll
 0002:000003cc       __imp_?setIsMenuButton@QPushButton@@UAEX_N@Z 100083cc     qt-mt323:qt-mt323.dll
 0002:000003d0       __imp_?setKeyCompression@QWidget@@MAEX_N@Z 100083d0     qt-mt323:qt-mt323.dll
 0002:000003d4       __imp_?setLineWidth@QFrame@@UAEXH@Z 100083d4     qt-mt323:qt-mt323.dll
 0002:000003d8       __imp_?setMargin@QFrame@@UAEXH@Z 100083d8     qt-mt323:qt-mt323.dll
 0002:000003dc       __imp_?setMargin@QLayout@@UAEXH@Z 100083dc     qt-mt323:qt-mt323.dll
 0002:000003e0       __imp_?setMask@QWidget@@UAEXABVQBitmap@@@Z 100083e0     qt-mt323:qt-mt323.dll
 0002:000003e4       __imp_?setMask@QWidget@@UAEXABVQRegion@@@Z 100083e4     qt-mt323:qt-mt323.dll
 0002:000003e8       __imp_?setMaxLength@QLineEdit@@UAEXH@Z 100083e8     qt-mt323:qt-mt323.dll
 0002:000003ec       __imp_?setMaximumSize@QWidget@@UAEXHH@Z 100083ec     qt-mt323:qt-mt323.dll
 0002:000003f0       __imp_?setMenuBar@QLayout@@UAEXPAVQMenuBar@@@Z 100083f0     qt-mt323:qt-mt323.dll
 0002:000003f4       __imp_?setMicroFocusHint@QWidget@@MAEXHHHH_NPAVQFont@@@Z 100083f4     qt-mt323:qt-mt323.dll
[...]
 0001:00006af4       __unwindfunclet$?setCaption@bncs_cc02_qt@@UAEXABVQString@@@Z$0 10007af4 f   bncs_cc02_qt.obj
 0001:00006aff       __unwindfunclet$?setCaption@bncs_cc02_qt@@UAEXABVQString@@@Z$1 10007aff f   bncs_cc02_qt.obj
 0001:00006b08       __unwindfunclet$?setCaption@bncs_cc02_qt@@UAEXABVQString@@@Z$2 10007b08 f   bncs_cc02_qt.obj
 0001:00006b11       __unwindfunclet$?setCaption@bncs_cc02_qt@@UAEXABVQString@@@Z$3 10007b11 f   bncs_cc02_qt.obj
 0001:00006b1a       __unwindfunclet$?setCaption@bncs_cc02_qt@@UAEXABVQString@@@Z$4 10007b1a f   bncs_cc02_qt.obj
 0001:00006b23       __ehhandler$?setCaption@bncs_cc02_qt@@UAEXABVQString@@@Z 10007b23 f   bncs_cc02_qt.obj
 0001:00006b41       __unwindfunclet$?notify@bncs_cc02_qt@@IAEXAAVQString@@@Z$0 10007b41 f   moc_bncs_cc02_qt.obj
 0001:00006b55       __ehhandler$?notify@bncs_cc02_qt@@IAEXAAVQString@@@Z 10007b55 f   moc_bncs_cc02_qt.obj
 0001:00006b7a       __unwindfunclet$?create@BNCSWidgetPlugin@@UAEPAVQWidget@@ABVQString@@PAV2@PBD@Z$0 10007b7a f   plugin.obj
 0001:00006b84       __ehhandler$?create@BNCSWidgetPlugin@@UAEPAVQWidget@@ABVQString@@PAV2@PBD@Z 10007b84 f   plugin.obj
 0001:00006b9f       __unwindfunclet$?iconSet@BNCSWidgetPlugin@@UBE?AVQIconSet@@ABVQString@@@Z$0 10007b9f f   plugin.obj
 0001:00006ba8       __ehhandler$?iconSet@BNCSWidgetPlugin@@UBE?AVQIconSet@@ABVQString@@@Z 10007ba8 f   plugin.obj
 0001:00006bc3       __unwindfunclet$?keys@BNCSWidgetPlugin@@UBE?AVQStringList@@XZ$0 10007bc3 f   plugin.obj
 0001:00006bdd       __unwindfunclet$?keys@BNCSWidgetPlugin@@UBE?AVQStringList@@XZ$1 10007bdd f   plugin.obj
 0001:00006be6       __ehhandler$?keys@BNCSWidgetPlugin@@UBE?AVQStringList@@XZ 10007be6 f   plugin.obj
 0001:00006c01       ??__FcleanUp_bncs_cc02_edit@@YAXXZ 10007c01 f   moc_bncs_cc02_edit.obj
 0001:00006c0c       ??__FcleanUp_bncs_cc02_editImpl@@YAXXZ 10007c0c f   moc_bncs_cc02_editimpl.obj
 0001:00006c17       ??__FcleanUp_bncs_cc02_qt@@YAXXZ 10007c17 f   moc_bncs_cc02_qt.obj
 0002:00000868       _cleanUp_bncs_cc02_edit$initializer$ 10008868     moc_bncs_cc02_edit.obj
 0002:0000086c       _cleanUp_bncs_cc02_editImpl$initializer$ 1000886c     moc_bncs_cc02_editimpl.obj
 0002:00000870       _cleanUp_bncs_cc02_qt$initializer$ 10008870     moc_bncs_cc02_qt.obj
 0002:0000087c       _pcinit                    1000887c     MSVCRT:crtdll.obj
 0002:00000880       _pinit                     10008880     MSVCRT:atonexit.obj
 0002:000028a8       _MessageTypeNames          1000a8a8     Cc_sufu_common.obj
 0002:0002e5d0       _image0_data               100365d0     bncs_cc02_edit.obj
 0002:000f23b4       ?slot_0@?3??staticMetaObject@bncs_cc02_edit@@SAPAVQMetaObject@@XZ@4UQUMethod@@B 100fa3b4     moc_bncs_cc02_edit.obj
 0002:000f23d0       ?slot_tbl@?3??staticMetaObject@bncs_cc02_edit@@SAPAVQMetaObject@@XZ@4QBUQMetaData@@B 100fa3d0     moc_bncs_cc02_edit.obj
 0002:000f2404       ?slot_0@?3??staticMetaObject@bncs_cc02_editImpl@@SAPAVQMetaObject@@XZ@4UQUMethod@@B 100fa404     moc_bncs_cc02_editimpl.obj
 0002:000f2418       ?slot_tbl@?3??staticMetaObject@bncs_cc02_editImpl@@SAPAVQMetaObject@@XZ@4QBUQMetaData@@B 100fa418     moc_bncs_cc02_editimpl.obj
 0002:000f2468       ?slot_0@?3??staticMetaObject@bncs_cc02_qt@@SAPAVQMetaObject@@XZ@4UQUMethod@@B 100fa468     moc_bncs_cc02_qt.obj
 0002:000f247c       ?slot_tbl@?3??staticMetaObject@bncs_cc02_qt@@SAPAVQMetaObject@@XZ@4QBUQMetaData@@B 100fa47c     moc_bncs_cc02_qt.obj
 0002:000f249c       ?signal_0@?3??staticMetaObject@bncs_cc02_qt@@SAPAVQMetaObject@@XZ@4UQUMethod@@B 100fa49c     moc_bncs_cc02_qt.obj
 0002:000f24b0       ?signal_tbl@?3??staticMetaObject@bncs_cc02_qt@@SAPAVQMetaObject@@XZ@4QBUQMetaData@@B 100fa4b0     moc_bncs_cc02_qt.obj
 0002:000f2738       _txtHHCtrl$S28268          100fa738     htmlhelp:init.obj
 0002:000f2748       _txtInProc$S28269          100fa748     htmlhelp:init.obj
 0002:000f2794       _GS_ExceptionPointers      100fa794     MSVCRT:gs_report.obj
 0002:000f3140       __ehfuncinfo$??0bncs_cc02_edit@@QAE@PAVQWidget@@PBD_NI@Z 100fb140     bncs_cc02_edit.obj
 0002:000f3164       __unwindtable$??0bncs_cc02_edit@@QAE@PAVQWidget@@PBD_NI@Z 100fb164     bncs_cc02_edit.obj
 0002:000f3214       __unwindtable$??1bncs_cc02_edit@@UAE@XZ 100fb214     bncs_cc02_edit.obj
 0002:000f321c       __ehfuncinfo$??1bncs_cc02_edit@@UAE@XZ 100fb21c     bncs_cc02_edit.obj
 0002:000f3240       __ehfuncinfo$?languageChange@bncs_cc02_edit@@MAEXXZ 100fb240     bncs_cc02_edit.obj
 0002:000f3264       __unwindtable$?languageChange@bncs_cc02_edit@@MAEXXZ 100fb264     bncs_cc02_edit.obj
 0002:000f32ac       __unwindtable$??0bncs_cc02_editImpl@@QAE@PAVQWidget@@PBD_NI@Z 100fb2ac     bncs_cc02_editimpl.obj
 0002:000f32b4       __ehfuncinfo$??0bncs_cc02_editImpl@@QAE@PAVQWidget@@PBD_NI@Z 100fb2b4     bncs_cc02_editimpl.obj
 0002:000f32d8       __ehfuncinfo$?doHelp@bncs_cc02_editImpl@@AAEXXZ 100fb2d8     bncs_cc02_editimpl.obj
 0002:000f32fc       __unwindtable$?doHelp@bncs_cc02_editImpl@@AAEXXZ 100fb2fc     bncs_cc02_editimpl.obj
 0002:000f3374       __unwindtable$??0bncs_cc02_qt@@QAE@PAVQWidget@@PBD@Z 100fb374     bncs_cc02_qt.obj
 0002:000f338c       __ehfuncinfo$??0bncs_cc02_qt@@QAE@PAVQWidget@@PBD@Z 100fb38c     bncs_cc02_qt.obj
 0002:000f33b0       __unwindtable$??1bncs_cc02_qt@@UAE@XZ 100fb3b0     bncs_cc02_qt.obj
 0002:000f33c0       __ehfuncinfo$??1bncs_cc02_qt@@UAE@XZ 100fb3c0     bncs_cc02_qt.obj
 0002:000f33e4       __ehfuncinfo$?setCaption@bncs_cc02_qt@@UAEXABVQString@@@Z 100fb3e4     bncs_cc02_qt.obj
 0002:000f3408       __unwindtable$?setCaption@bncs_cc02_qt@@UAEXABVQString@@@Z 100fb408     bncs_cc02_qt.obj
 0002:000f3430       __unwindtable$?paintEvent@bncs_cc02_qt@@MAEXPAVQPaintEvent@@@Z 100fb430     bncs_cc02_qt.obj
 0002:000f3438       __ehfuncinfo$?paintEvent@bncs_cc02_qt@@MAEXPAVQPaintEvent@@@Z 100fb438     bncs_cc02_qt.obj
 0002:000f345c       __ehfuncinfo$?edit@bncs_cc02_qt@@QAEXPA_N0@Z 100fb45c     bncs_cc02_qt.obj
 0002:000f3480       __unwindtable$?edit@bncs_cc02_qt@@QAEXPA_N0@Z 100fb480     bncs_cc02_qt.obj
 0002:000f3528       __unwindtable$??0bncs_cc02_qt@@QAE@ABV0@@Z 100fb528     bncs_cc02_qt.obj
 0002:000f3530       __ehfuncinfo$??0bncs_cc02_qt@@QAE@ABV0@@Z 100fb530     bncs_cc02_qt.obj
 0002:000f3554       __ehfuncinfo$??0signalConnection@@QAE@ABVQString@@0000@Z 100fb554     bncs_cc02_qt.obj
 0002:000f3578       __unwindtable$??0signalConnection@@QAE@ABVQString@@0000@Z 100fb578     bncs_cc02_qt.obj
 0002:000f35a0       __unwindtable$??0signalConnection@@QAE@ABV0@@Z 100fb5a0     bncs_cc02_qt.obj
 0002:000f35a0       __unwindtable$??1signalConnection@@QAE@XZ 100fb5a0     bncs_cc02_qt.obj
 0002:000f35c0       __ehfuncinfo$??0signalConnection@@QAE@ABV0@@Z 100fb5c0     bncs_cc02_qt.obj
 0002:000f35c0       __ehfuncinfo$??1signalConnection@@QAE@XZ 100fb5c0     bncs_cc02_qt.obj
 0002:000f35e4       __unwindtable$??1?$QPtrList@VsignalConnection@@@@UAE@XZ 100fb5e4     bncs_cc02_qt.obj
 0002:000f35ec       __ehfuncinfo$??1?$QPtrList@VsignalConnection@@@@UAE@XZ 100fb5ec     bncs_cc02_qt.obj
 0002:000f3610       __unwindtable$??1signalConnectionRefList@@UAE@XZ 100fb610     bncs_cc02_qt.obj
 0002:000f3618       __ehfuncinfo$??1signalConnectionRefList@@UAE@XZ 100fb618     bncs_cc02_qt.obj
 0002:000f363c       __unwindtable$?notify@bncs_cc02_qt@@IAEXAAVQString@@@Z 100fb63c     moc_bncs_cc02_qt.obj
 0002:000f3644       __ehfuncinfo$?notify@bncs_cc02_qt@@IAEXAAVQString@@@Z 100fb644     moc_bncs_cc02_qt.obj
 0002:000f3668       __unwindtable$?keys@BNCSWidgetPlugin@@UBE?AVQStringList@@XZ 100fb668     plugin.obj
 0002:000f3678       __ehfuncinfo$?keys@BNCSWidgetPlugin@@UBE?AVQStringList@@XZ 100fb678     plugin.obj
 0002:000f369c       __unwindtable$?create@BNCSWidgetPlugin@@UAEPAVQWidget@@ABVQString@@PAV2@PBD@Z 100fb69c     plugin.obj
 0002:000f36a4       __ehfuncinfo$?create@BNCSWidgetPlugin@@UAEPAVQWidget@@ABVQString@@PAV2@PBD@Z 100fb6a4     plugin.obj
 0002:000f36c8       __unwindtable$?iconSet@BNCSWidgetPlugin@@UBE?AVQIconSet@@ABVQString@@@Z 100fb6c8     plugin.obj
 0002:000f36d0       __ehfuncinfo$?iconSet@BNCSWidgetPlugin@@UBE?AVQIconSet@@ABVQString@@@Z 100fb6d0     plugin.obj
 0002:000f36f8       __sehtable$??_L@YGXPAXIHP6EX0@Z1@Z 100fb6f8     MSVCRT:ehvecctr.obj
 0002:000f3718       __sehtable$??__C@YGXPAX0IHP6EX00@ZP6EX0@Z@Z 100fb718     MSVCRT:ehvccctr.obj
 0002:000f3738       __sehtable$??_M@YGXPAXIHP6EX0@Z@Z 100fb738     MSVCRT:ehvecdtr.obj
 0002:000f3758       __sehtable$?__ArrayUnwind@@YGXPAXIHP6EX0@Z@Z 100fb758     MSVCRT:ehvecdtr.obj
 0002:000f3778       __sehtable$__onexit        100fb778     MSVCRT:atonexit.obj
 0002:000f3798       __sehtable$___DllMainCRTStartup 100fb798     MSVCRT:crtdll.obj
 0002:000f37c0       __sehtable$__IsNonwritableInCurrentImage 100fb7c0     MSVCRT:pesect.obj
 0002:000f37e0       .edata                     100fb7e0     bncs_cc02.exp
 0002:000f3808       rgpv                       100fb808     bncs_cc02.exp
 0002:000f39c0       rgszName                   100fb9c0     bncs_cc02.exp
 0002:000f3b78       rgwOrd                     100fbb78     bncs_cc02.exp
 0002:000f3c54       szName                     100fbc54     bncs_cc02.exp
 0002:000f3c62       $N00001                    100fbc62     bncs_cc02.exp
 0002:000f3c91       $N00002                    100fbc91     bncs_cc02.exp
 0002:000f3cbb       $N00003                    100fbcbb     bncs_cc02.exp
 0002:000f3cf2       $N00004                    100fbcf2     bncs_cc02.exp
 0002:000f3d47       $N00005                    100fbd47     bncs_cc02.exp
 0002:000f3d64       $N00006                    100fbd64     bncs_cc02.exp
 0002:000f3d8b       $N00007                    100fbd8b     bncs_cc02.exp
 0002:000f3dac       $N00008                    100fbdac     bncs_cc02.exp
 0002:000f3dd8       $N00009                    100fbdd8     bncs_cc02.exp
 0002:000f3e00       $N00010                    100fbe00     bncs_cc02.exp
 0002:000f3e23       $N00011                    100fbe23     bncs_cc02.exp
 0002:000f3e4d       $N00012                    100fbe4d     bncs_cc02.exp
 0002:000f3e8e       $N00013                    100fbe8e     bncs_cc02.exp
 0002:000f3eb8       $N00014                    100fbeb8     bncs_cc02.exp
 0002:000f3eea       $N00015                    100fbeea     bncs_cc02.exp
 0002:000f3f02       $N00016                    100fbf02     bncs_cc02.exp
 0002:000f3f1e       $N00017                    100fbf1e     bncs_cc02.exp
 0002:000f3f41       $N00018                    100fbf41     bncs_cc02.exp
 0002:000f3f66       $N00019                    100fbf66     bncs_cc02.exp
 0002:000f3f99       $N00020                    100fbf99     bncs_cc02.exp
 0002:000f3fd4       $N00021                    100fbfd4     bncs_cc02.exp
 0002:000f3ff5       $N00022                    100fbff5     bncs_cc02.exp
 0002:000f401a       $N00023                    100fc01a     bncs_cc02.exp
 0002:000f4046       $N00024                    100fc046     bncs_cc02.exp
 0002:000f4074       $N00025                    100fc074     bncs_cc02.exp
 0002:000f40a4       $N00026                    100fc0a4     bncs_cc02.exp
 0002:000f40d4       $N00027                    100fc0d4     bncs_cc02.exp
 0002:000f411a       $N00028                    100fc11a     bncs_cc02.exp
 0002:000f4160       $N00029                    100fc160     bncs_cc02.exp
 0002:000f41a6       $N00030                    100fc1a6     bncs_cc02.exp
 0002:000f41ec       $N00031                    100fc1ec     bncs_cc02.exp
 0002:000f4232       $N00032                    100fc232     bncs_cc02.exp
 0002:000f4279       $N00033                    100fc279     bncs_cc02.exp
 0002:000f42c0       $N00034                    100fc2c0     bncs_cc02.exp
 0002:000f42e8       $N00035                    100fc2e8     bncs_cc02.exp
 0002:000f4307       $N00036                    100fc307     bncs_cc02.exp
 0002:000f432b       $N00037                    100fc32b     bncs_cc02.exp
 0002:000f434c       $N00038                    100fc34c     bncs_cc02.exp
 0002:000f4365       $N00039                    100fc365     bncs_cc02.exp
 0002:000f43a9       $N00040                    100fc3a9     bncs_cc02.exp
 0002:000f43e9       $N00041                    100fc3e9     bncs_cc02.exp
 0002:000f4414       $N00042                    100fc414     bncs_cc02.exp
 0002:000f444d       $N00043                    100fc44d     bncs_cc02.exp
 0002:000f4485       $N00044                    100fc485     bncs_cc02.exp
 0002:000f44e0       $N00045                    100fc4e0     bncs_cc02.exp
 0002:000f453b       $N00046                    100fc53b     bncs_cc02.exp
 0002:000f455d       $N00047                    100fc55d     bncs_cc02.exp
 0002:000f458b       $N00048                    100fc58b     bncs_cc02.exp
 0002:000f45eb       $N00049                    100fc5eb     bncs_cc02.exp
 0002:000f4649       $N00050                    100fc649     bncs_cc02.exp
 0002:000f468f       $N00051                    100fc68f     bncs_cc02.exp
 0002:000f46d8       $N00052                    100fc6d8     bncs_cc02.exp
 0002:000f4706       $N00053                    100fc706     bncs_cc02.exp
 0002:000f473c       $N00054                    100fc73c     bncs_cc02.exp
 0002:000f4780       $N00055                    100fc780     bncs_cc02.exp
 0002:000f47cc       $N00056                    100fc7cc     bncs_cc02.exp
 0002:000f480a       $N00057                    100fc80a     bncs_cc02.exp
 0002:000f482e       $N00058                    100fc82e     bncs_cc02.exp
 0002:000f4864       $N00059                    100fc864     bncs_cc02.exp
 0002:000f4884       $N00060                    100fc884     bncs_cc02.exp
 0002:000f48dd       $N00061                    100fc8dd     bncs_cc02.exp
 0002:000f4936       $N00062                    100fc936     bncs_cc02.exp
 0002:000f4994       $N00063                    100fc994     bncs_cc02.exp
 0002:000f49d6       $N00064                    100fc9d6     bncs_cc02.exp
 0002:000f4a1c       $N00065                    100fca1c     bncs_cc02.exp
 0002:000f4a65       $N00066                    100fca65     bncs_cc02.exp
 0002:000f4aaa       $N00067                    100fcaaa     bncs_cc02.exp
 0002:000f4aec       $N00068                    100fcaec     bncs_cc02.exp
 0002:000f4b31       $N00069                    100fcb31     bncs_cc02.exp
 0002:000f4b75       $N00070                    100fcb75     bncs_cc02.exp
 0002:000f4bb9       $N00071                    100fcbb9     bncs_cc02.exp
 0002:000f4bff       $N00072                    100fcbff     bncs_cc02.exp
 0002:000f4c30       $N00073                    100fcc30     bncs_cc02.exp
 0002:000f4c69       $N00074                    100fcc69     bncs_cc02.exp
 0002:000f4caa       $N00075                    100fccaa     bncs_cc02.exp
 0002:000f4cd4       $N00076                    100fccd4     bncs_cc02.exp
 0002:000f4d04       $N00077                    100fcd04     bncs_cc02.exp
 0002:000f4d45       $N00078                    100fcd45     bncs_cc02.exp
 0002:000f4d6e       $N00079                    100fcd6e     bncs_cc02.exp
 0002:000f4d9f       $N00080                    100fcd9f     bncs_cc02.exp
 0002:000f4de4       $N00081                    100fcde4     bncs_cc02.exp
 0002:000f4e25       $N00082                    100fce25     bncs_cc02.exp
 0002:000f4e4e       $N00083                    100fce4e     bncs_cc02.exp
 0002:000f4e71       $N00084                    100fce71     bncs_cc02.exp
 0002:000f4e9e       $N00085                    100fce9e     bncs_cc02.exp
 0002:000f4ecd       $N00086                    100fcecd     bncs_cc02.exp
 0002:000f4eff       $N00087                    100fceff     bncs_cc02.exp
 0002:000f4f43       $N00088                    100fcf43     bncs_cc02.exp
 0002:000f4f74       $N00089                    100fcf74     bncs_cc02.exp
 0002:000f4fb9       $N00090                    100fcfb9     bncs_cc02.exp
 0002:000f4fe9       $N00091                    100fcfe9     bncs_cc02.exp
 0002:000f501e       $N00092                    100fd01e     bncs_cc02.exp
 0002:000f5052       $N00093                    100fd052     bncs_cc02.exp
 0002:000f5090       $N00094                    100fd090     bncs_cc02.exp
 0002:000f50d8       $N00095                    100fd0d8     bncs_cc02.exp
 0002:000f511f       $N00096                    100fd11f     bncs_cc02.exp
 0002:000f5152       $N00097                    100fd152     bncs_cc02.exp
 0002:000f517f       $N00098                    100fd17f     bncs_cc02.exp
 0002:000f51a6       $N00099                    100fd1a6     bncs_cc02.exp
 0002:000f51d3       $N00100                    100fd1d3     bncs_cc02.exp
 0002:000f5208       $N00101                    100fd208     bncs_cc02.exp
 0002:000f524a       $N00102                    100fd24a     bncs_cc02.exp
 0002:000f528b       $N00103                    100fd28b     bncs_cc02.exp
 0002:000f52db       $N00104                    100fd2db     bncs_cc02.exp
 0002:000f5327       $N00105                    100fd327     bncs_cc02.exp
 0002:000f5372       $N00106                    100fd372     bncs_cc02.exp
 0002:000f53b0       $N00107                    100fd3b0     bncs_cc02.exp
 0002:000f53d7       $N00108                    100fd3d7     bncs_cc02.exp
 0002:000f5402       $N00109                    100fd402     bncs_cc02.exp
 0002:000f5421       $N00110                    100fd421     bncs_cc02.exp
 0002:000f5d54       .idata$6                   100fdd54     dcw:dcw.dll
 0002:000fa176       .idata$6                   10102176     qt-mt323:qt-mt323.dll
 0002:000fa1f8       .idata$6                   101021f8     kernel32:KERNEL32.dll
 0002:000fa33c       .idata$6                   1010233c     user32:USER32.dll
 0002:000fa438       .idata$6                   10102438     gdi32:GDI32.dll
 0002:000fa474       .idata$6                   10102474     advapi32:ADVAPI32.dll
 0002:000fa528       .idata$6                   10102528     MSVCRT:MSVCR120.dll
 0003:00000000       _bncs_cc02                 10103000     bncs_cc02_qt.obj
 0003:00000d60       ?param_slot_0@?3??staticMetaObject@bncs_cc02_qt@@SAPAVQMetaObject@@XZ@4QBUQUParameter@@B 10103d60     moc_bncs_cc02_qt.obj
 0003:00000d80       _bncs_cc02_pixmap          10103d80     plugin.obj
 0003:00000dec       _qt_ucm_verification_data  10103dec     plugin.obj
 0003:00001158       _allocator_arg             10104158     bncs_cc02_qt.obj
 0003:00001159       _piecewise_construct       10104159     bncs_cc02_qt.obj
 0003:00001160       _cleanUp_bncs_cc02_edit    10104160     moc_bncs_cc02_edit.obj
 0003:00001168       _cleanUp_bncs_cc02_editImpl 10104168     moc_bncs_cc02_editimpl.obj
 0003:00001170       _cleanUp_bncs_cc02_qt      10104170     moc_bncs_cc02_qt.obj
 0003:00001174       ?$S2@?3??staticMetaObject@bncs_cc02_qt@@SAPAVQMetaObject@@XZ@4IA 10104174     moc_bncs_cc02_qt.obj
 0003:00001178       ?param_signal_0@?3??staticMetaObject@bncs_cc02_qt@@SAPAVQMetaObject@@XZ@4QBUQUParameter@@B 10104178     moc_bncs_cc02_qt.obj
 0003:00001188       _?g_fTriedAndFailed@?1??HtmlHelpW@@9@16@4HA$S28322 10104188     htmlhelp:init.obj
 0003:0000118c       _?g_hmodHHCtrl@?1??HtmlHelpA@@9@16@4PAUHINSTANCE__@@A$S28294 1010418c     htmlhelp:init.obj
 0003:00001190       _?g_hmodHHCtrl@?1??HtmlHelpW@@9@16@4PAUHINSTANCE__@@A$S28320 10104190     htmlhelp:init.obj
 0003:00001194       _?g_fTriedAndFailed@?1??HtmlHelpA@@9@16@4HA$S28296 10104194     htmlhelp:init.obj
 0003:000011a0       ___proc_attached           101041a0     MSVCRT:crtdll.obj
 0003:000011a8       _GS_ExceptionRecord        101041a8     MSVCRT:gs_report.obj
 0003:000011f8       _GS_ContextRecord          101041f8     MSVCRT:gs_report.obj
 0003:000014c4       _DebuggerWasPresent        101044c4     MSVCRT:gs_report.obj
 0004:000000a0       $R000000                   101050a0     Script1.res
 0004:00000490       $R0003F0                   10105490     Script1.res
