 alm_bncs_acq

 Timestamp is 56de0044 (Mon Mar 07 22:27:16 2016)

 Preferred load address is 10000000

 Start         Length     Name                   Class
 0001:00000000 00012dacH .text                   CODE
 0001:00012db0 000012e0H .text$x                 CODE
 0002:00000000 00000388H .idata$5                DATA
 0002:00000388 00000334H .rdata                  DATA
 0002:000006c0 0000064cH .rdata$r                DATA
 0002:00000d10 00001920H .xdata$x                DATA
 0002:00002630 0000008cH .idata$2                DATA
 0002:000026bc 00000014H .idata$3                DATA
 0002:000026d0 00000388H .idata$4                DATA
 0002:00002a58 00001abaH .idata$6                DATA
 0002:00004520 00000052H .edata                  DATA
 0003:00000000 00000004H .CRT$XCA                DATA
 0003:00000004 0000003cH .CRT$XCU                DATA
 0003:00000040 00000004H .CRT$XCZ                DATA
 0003:00000044 00000004H .CRT$XIA                DATA
 0003:00000048 00000004H .CRT$XIZ                DATA
 0003:00000050 00002760H .data                   DATA
 0003:000027b0 00000194H .bss                    DATA
 0004:00000000 00000058H .rsrc$01                DATA
 0004:00000060 000004c0H .rsrc$02                DATA

  Address         Publics by Value              Rva+Base     Lib:Object

 0001:00000080       ??0bncs_input@@QAE@PAUIDebug@@PAD@Z 10001080 f   bncs_input.obj
 0001:00000390       ?getTxCount@alarms_base@@UAEJXZ 10001390 f i bncs_input.obj
 0001:000003a0       ?getRxCount@alarms_base@@UAEJXZ 100013a0 f i bncs_input.obj
 0001:000003b0       ??1alarms_input_base@@UAE@XZ 100013b0 f i bncs_input.obj
 0001:000003c0       ??_Ealarms_base@@UAEPAXI@Z 100013c0 f i bncs_input.obj
 0001:000003c0       ??_Galarms_base@@UAEPAXI@Z 100013c0 f i bncs_input.obj
 0001:000003e0       ??_Ealarms_input_base@@UAEPAXI@Z 100013e0 f i bncs_input.obj
 0001:000003e0       ??_Galarms_input_base@@UAEPAXI@Z 100013e0 f i bncs_input.obj
 0001:00000400       ??_Gbncs_input@@UAEPAXI@Z  10001400 f i bncs_input.obj
 0001:00000400       ??_Ebncs_input@@UAEPAXI@Z  10001400 f i bncs_input.obj
 0001:00000420       ??1?$map@HPAVBncsStore@@U?$less@H@std@@V?$allocator@PAVBncsStore@@@3@@std@@QAE@XZ 10001420 f i bncs_input.obj
 0001:00000510       ??1?$map@HPAVHoldoff@@U?$less@H@std@@V?$allocator@PAVHoldoff@@@3@@std@@QAE@XZ 10001510 f i bncs_input.obj
 0001:00000600       ??1?$map@HPAVCPulseStretch@@U?$less@H@std@@V?$allocator@PAVCPulseStretch@@@3@@std@@QAE@XZ 10001600 f i bncs_input.obj
 0001:000006f0       ?AppendLog@bncs_input@@QAEXVQString@@@Z 100016f0 f   bncs_input.obj
 0001:00000760       ?CSIRegister@bncs_input@@AAE_NXZ 10001760 f   bncs_input.obj
 0001:000007f0       ??1bncs_input@@UAE@XZ      100017f0 f   bncs_input.obj
 0001:00000d10       ?getTxCount@bncs_input@@UAEJXZ 10001d10 f   bncs_input.obj
 0001:00000d20       ?getRxCount@bncs_input@@UAEJXZ 10001d20 f   bncs_input.obj
 0001:00000d30       ?getData@bncs_input@@UAE_NPAPAHPAH@Z 10001d30 f   bncs_input.obj
 0001:00000e30       ?getStatusOk@bncs_input@@UAE_NXZ 10001e30 f   bncs_input.obj
 0001:00000e40       ?getStartupProgress@bncs_input@@UAEXAAH0@Z 10001e40 f   bncs_input.obj
 0001:00000e60       ?aboutToClose@bncs_input@@UAEXXZ 10001e60 f   bncs_input.obj
 0001:00000e70       ?getConfigFileDate@bncs_input@@UAE?AVQDateTime@@XZ 10001e70 f   bncs_input.obj
 0001:00000e80       ?getClassName@bncs_input@@UAEPBDXZ 10001e80 f   bncs_input.obj
 0001:00000e90       ?setDebugMode@bncs_input@@UAE_N_N@Z 10001e90 f   bncs_input.obj
 0001:00000ea0       ?getDebugMode@bncs_input@@UAE_NXZ 10001ea0 f   bncs_input.obj
 0001:00000eb0       ?setLogMode@bncs_input@@UAEHH@Z 10001eb0 f   bncs_input.obj
 0001:00000ec0       ?getLogMode@bncs_input@@UAEHXZ 10001ec0 f   bncs_input.obj
 0001:00000ed0       ?init@bncs_input@@UAE_NABVQString@@0HW4EAlarmTestMode@alarms_input_base@@_NQAUIAlarmEvent@@@Z 10001ed0 f   bncs_input.obj
 0001:00001a00       ??8@YA_NVQChar@@D@Z        10002a00 f i bncs_input.obj
 0001:00001a20       ??1?$map@VQString@@V1@U?$less@VQString@@@std@@V?$allocator@VQString@@@3@@std@@QAE@XZ 10002a20 f i bncs_input.obj
 0001:00001b20       ??1?$pair@VQString@@V1@@std@@QAE@XZ 10002b20 f i bncs_input.obj
 0001:00001ba0       ??1?$pair@$$CBVQString@@V1@@std@@QAE@XZ 10002ba0 f i bncs_input.obj
 0001:00001c20       ?AddOneInput@bncs_input@@AAEXAAV?$map@VQString@@V1@U?$less@VQString@@@std@@V?$allocator@VQString@@@3@@std@@AAVQRegExp@@ABVQString@@@Z 10002c20 f   bncs_input.obj
 0001:00001e10       ?ProcRevertive@bncs_input@@AAEXH@Z 10002e10 f   bncs_input.obj
 0001:000023a0       ?SetHoldoff@bncs_input@@AAEXHPAVBncsStore@@H@Z 100033a0 f   bncs_input.obj
 0001:00002580       ?SetPulseStretch@bncs_input@@AAEXHPAVBncsStore@@H@Z 10003580 f   bncs_input.obj
 0001:000029c0       ?SetChatter@bncs_input@@AAEXPAVBncsStore@@@Z 100039c0 f   bncs_input.obj
 0001:000029e0       ?SetNormal@bncs_input@@AAEXPAVBncsStore@@H@Z 100039e0 f   bncs_input.obj
 0001:00002a00       ?CheckStatus@bncs_input@@QAEXXZ 10003a00 f   bncs_input.obj
 0001:00002c50       ?procPulseStretch@bncs_input@@QAEXXZ 10003c50 f   bncs_input.obj
 0001:00002f70       ?procHoldoffs@bncs_input@@QAEXXZ 10003f70 f   bncs_input.obj
 0001:00003210       ?recycleChatBins@bncs_input@@QAEXXZ 10004210 f   bncs_input.obj
 0001:00003350       ?timerEvent@bncs_input@@UAEXPAVQTimerEvent@@@Z 10004350 f   bncs_input.obj
 0001:000033e0       ?notify@bncs_input@@EAEJPAVcPanel@@PBD@Z 100043e0 f   bncs_input.obj
 0001:00003840       ?MapPrint@bncs_input@@QAEXXZ 10004840 f   bncs_input.obj
 0001:00003910       ?Debug@bncs_input@@QAAXPADZZ 10004910 f   bncs_input.obj
 0001:00003a60       ?registerInputs@bncs_input@@AAE_NXZ 10004a60 f   bncs_input.obj
 0001:00003df0       ?setAlarmTestMode@bncs_input@@UAEXW4EAlarmTestMode@alarms_input_base@@_N@Z 10004df0 f   bncs_input.obj
 0001:00003e30       ?startGreening@bncs_input@@AAEXXZ 10004e30 f   bncs_input.obj
 0001:00003ff0       ?startRedding@bncs_input@@AAEXXZ 10004ff0 f   bncs_input.obj
 0001:000041b0       ?stopColouring@bncs_input@@AAEXXZ 100051b0 f   bncs_input.obj
 0001:00004430       ?sendColouringCommand@bncs_input@@AAEXPAVBncsStore@@ABVQString@@1@Z 10005430 f   bncs_input.obj
 0001:00004850       ?sendGreeningCommandIfActive@bncs_input@@AAEXHPAVBncsStore@@ABVQString@@@Z 10005850 f   bncs_input.obj
 0001:00004ad0       ?sendReddingCommandIfActive@bncs_input@@AAEXHPAVBncsStore@@ABVQString@@@Z 10005ad0 f   bncs_input.obj
 0001:00004d50       ?regtally@bncs_input@@QAEXHH@Z 10005d50 f   bncs_input.obj
 0001:00004d70       ?changeEvent@bncs_input@@QAEXXZ 10005d70 f   bncs_input.obj
 0001:00004d80       ?restartPoll@bncs_input@@UAEXXZ 10005d80 f   bncs_input.obj
 0001:00004e20       ?nextPollNow@bncs_input@@UAEXXZ 10005e20 f   bncs_input.obj
 0001:00004ec0       ??_G?$QMemArray@H@@UAEPAXI@Z 10005ec0 f i bncs_input.obj
 0001:00004ee0       ??_G?$QMemArray@_N@@UAEPAXI@Z 10005ee0 f i bncs_input.obj
 0001:00004f00       ??_G?$QMemArray@D@@UAEPAXI@Z 10005f00 f i bncs_input.obj
 0001:00004f20       ??_G?$QPtrList@D@@UAEPAXI@Z 10005f20 f i bncs_input.obj
 0001:00004f40       ??_G?$QMemArray@VQPoint@@@@UAEPAXI@Z 10005f40 f i bncs_input.obj
 0001:00004f60       ??_G?$QPtrList@VQObject@@@@UAEPAXI@Z 10005f60 f i bncs_input.obj
 0001:00004f80       ?begin@?$_Tree@HU?$pair@$$CBHPAVBncsStore@@@std@@U_Kfn@?$map@HPAVBncsStore@@U?$less@H@std@@V?$allocator@PAVBncsStore@@@3@@2@U?$less@H@2@V?$allocator@PAVBncsStore@@@2@@std@@QAE?AViterator@12@XZ 10005f80 f i bncs_input.obj
 0001:00004f90       ?erase@?$_Tree@HU?$pair@$$CBHPAVBncsStore@@@std@@U_Kfn@?$map@HPAVBncsStore@@U?$less@H@std@@V?$allocator@PAVBncsStore@@@3@@2@U?$less@H@2@V?$allocator@PAVBncsStore@@@2@@std@@QAE?AViterator@12@V312@0@Z 10005f90 f i bncs_input.obj
 0001:00005060       ?begin@?$_Tree@HU?$pair@$$CBHPAVHoldoff@@@std@@U_Kfn@?$map@HPAVHoldoff@@U?$less@H@std@@V?$allocator@PAVHoldoff@@@3@@2@U?$less@H@2@V?$allocator@PAVHoldoff@@@2@@std@@QAE?AViterator@12@XZ 10006060 f i bncs_input.obj
 0001:00005070       ?insert@?$_Tree@HU?$pair@$$CBHPAVHoldoff@@@std@@U_Kfn@?$map@HPAVHoldoff@@U?$less@H@std@@V?$allocator@PAVHoldoff@@@3@@2@U?$less@H@2@V?$allocator@PAVHoldoff@@@2@@std@@QAE?AU?$pair@Viterator@?$_Tree@HU?$pair@$$CBHPAVHoldoff@@@std@@U_Kfn@?$map@HPAVHoldoff@@U?$less@H@std@@V?$allocator@PAVHoldoff@@@3@@2@U?$less@H@2@V?$allocator@PAVHoldoff@@@2@@std@@_N@2@ABU?$pair@$$CBHPAVHoldoff@@@2@@Z 10006070 f i bncs_input.obj
 0001:000052b0       ?erase@?$_Tree@HU?$pair@$$CBHPAVHoldoff@@@std@@U_Kfn@?$map@HPAVHoldoff@@U?$less@H@std@@V?$allocator@PAVHoldoff@@@3@@2@U?$less@H@2@V?$allocator@PAVHoldoff@@@2@@std@@QAE?AViterator@12@V312@@Z 100062b0 f i bncs_input.obj
 0001:000056b0       ?erase@?$_Tree@HU?$pair@$$CBHPAVHoldoff@@@std@@U_Kfn@?$map@HPAVHoldoff@@U?$less@H@std@@V?$allocator@PAVHoldoff@@@3@@2@U?$less@H@2@V?$allocator@PAVHoldoff@@@2@@std@@QAE?AViterator@12@V312@0@Z 100066b0 f i bncs_input.obj
 0001:00005780       ?find@?$_Tree@HU?$pair@$$CBHPAVHoldoff@@@std@@U_Kfn@?$map@HPAVHoldoff@@U?$less@H@std@@V?$allocator@PAVHoldoff@@@3@@2@U?$less@H@2@V?$allocator@PAVHoldoff@@@2@@std@@QAE?AViterator@12@ABH@Z 10006780 f i bncs_input.obj
 0001:000057f0       ?begin@?$_Tree@HU?$pair@$$CBHPAVCPulseStretch@@@std@@U_Kfn@?$map@HPAVCPulseStretch@@U?$less@H@std@@V?$allocator@PAVCPulseStretch@@@3@@2@U?$less@H@2@V?$allocator@PAVCPulseStretch@@@2@@std@@QAE?AViterator@12@XZ 100067f0 f i bncs_input.obj
 0001:00005800       ?insert@?$_Tree@HU?$pair@$$CBHPAVCPulseStretch@@@std@@U_Kfn@?$map@HPAVCPulseStretch@@U?$less@H@std@@V?$allocator@PAVCPulseStretch@@@3@@2@U?$less@H@2@V?$allocator@PAVCPulseStretch@@@2@@std@@QAE?AU?$pair@Viterator@?$_Tree@HU?$pair@$$CBHPAVCPulseStretch@@@std@@U_Kfn@?$map@HPAVCPulseStretch@@U?$less@H@std@@V?$allocator@PAVCPulseStretch@@@3@@2@U?$less@H@2@V?$allocator@PAVCPulseStretch@@@2@@std@@_N@2@ABU?$pair@$$CBHPAVCPulseStretch@@@2@@Z 10006800 f i bncs_input.obj
 0001:00005a40       ?erase@?$_Tree@HU?$pair@$$CBHPAVCPulseStretch@@@std@@U_Kfn@?$map@HPAVCPulseStretch@@U?$less@H@std@@V?$allocator@PAVCPulseStretch@@@3@@2@U?$less@H@2@V?$allocator@PAVCPulseStretch@@@2@@std@@QAE?AViterator@12@V312@@Z 10006a40 f i bncs_input.obj
 0001:00005e40       ?erase@?$_Tree@HU?$pair@$$CBHPAVCPulseStretch@@@std@@U_Kfn@?$map@HPAVCPulseStretch@@U?$less@H@std@@V?$allocator@PAVCPulseStretch@@@3@@2@U?$less@H@2@V?$allocator@PAVCPulseStretch@@@2@@std@@QAE?AViterator@12@V312@0@Z 10006e40 f i bncs_input.obj
 0001:00005f10       ?find@?$_Tree@HU?$pair@$$CBHPAVCPulseStretch@@@std@@U_Kfn@?$map@HPAVCPulseStretch@@U?$less@H@std@@V?$allocator@PAVCPulseStretch@@@3@@2@U?$less@H@2@V?$allocator@PAVCPulseStretch@@@2@@std@@QAE?AViterator@12@ABH@Z 10006f10 f i bncs_input.obj
 0001:00005f80       ?_Inc@const_iterator@?$_Tree@HU?$pair@$$CBHPAVCPulseStretch@@@std@@U_Kfn@?$map@HPAVCPulseStretch@@U?$less@H@std@@V?$allocator@PAVCPulseStretch@@@3@@2@U?$less@H@2@V?$allocator@PAVCPulseStretch@@@2@@std@@QAEXXZ 10006f80 f i bncs_input.obj
 0001:00005fd0       ?begin@?$_Tree@VQString@@U?$pair@$$CBVQString@@V1@@std@@U_Kfn@?$map@VQString@@V1@U?$less@VQString@@@std@@V?$allocator@VQString@@@3@@3@U?$less@VQString@@@3@V?$allocator@VQString@@@3@@std@@QAE?AViterator@12@XZ 10006fd0 f i bncs_input.obj
 0001:00005fe0       ?insert@?$_Tree@VQString@@U?$pair@$$CBVQString@@V1@@std@@U_Kfn@?$map@VQString@@V1@U?$less@VQString@@@std@@V?$allocator@VQString@@@3@@3@U?$less@VQString@@@3@V?$allocator@VQString@@@3@@std@@QAE?AU?$pair@Viterator@?$_Tree@VQString@@U?$pair@$$CBVQString@@V1@@std@@U_Kfn@?$map@VQString@@V1@U?$less@VQString@@@std@@V?$allocator@VQString@@@3@@3@U?$less@VQString@@@3@V?$allocator@VQString@@@3@@std@@_N@2@ABU?$pair@$$CBVQString@@V1@@2@@Z 10006fe0 f i bncs_input.obj
 0001:00006230       ?erase@?$_Tree@VQString@@U?$pair@$$CBVQString@@V1@@std@@U_Kfn@?$map@VQString@@V1@U?$less@VQString@@@std@@V?$allocator@VQString@@@3@@3@U?$less@VQString@@@3@V?$allocator@VQString@@@3@@std@@QAE?AViterator@12@V312@0@Z 10007230 f i bncs_input.obj
 0001:00006310       ??0?$pair@Viterator@?$_Tree@HU?$pair@$$CBHPAVBncsStore@@@std@@U_Kfn@?$map@HPAVBncsStore@@U?$less@H@std@@V?$allocator@PAVBncsStore@@@3@@2@U?$less@H@2@V?$allocator@PAVBncsStore@@@2@@std@@_N@std@@QAE@ABViterator@?$_Tree@HU?$pair@$$CBHPAVBncsStore@@@std@@U_Kfn@?$map@HPAVBncsStore@@U?$less@H@std@@V?$allocator@PAVBncsStore@@@3@@2@U?$less@H@2@V?$allocator@PAVBncsStore@@@2@@1@AB_N@Z 10007310 f i bncs_input.obj
 0001:00006330       ??_G?$QValueListNode@VQString@@@@UAEPAXI@Z 10007330 f i bncs_input.obj
 0001:00006330       ??_E?$QValueListNode@VQString@@@@UAEPAXI@Z 10007330 f i bncs_input.obj
 0001:00006350       ??1?$QValueListNode@VQString@@@@UAE@XZ 10007350 f i bncs_input.obj
 0001:00006380       ?erase@?$_Tree@HU?$pair@$$CBHPAVBncsStore@@@std@@U_Kfn@?$map@HPAVBncsStore@@U?$less@H@std@@V?$allocator@PAVBncsStore@@@3@@2@U?$less@H@2@V?$allocator@PAVBncsStore@@@2@@std@@QAE?AViterator@12@V312@@Z 10007380 f i bncs_input.obj
 0001:00006780       ?_Erase@?$_Tree@HU?$pair@$$CBHPAVBncsStore@@@std@@U_Kfn@?$map@HPAVBncsStore@@U?$less@H@std@@V?$allocator@PAVBncsStore@@@3@@2@U?$less@H@2@V?$allocator@PAVBncsStore@@@2@@std@@IAEXPAU_Node@12@@Z 10007780 f i bncs_input.obj
 0001:000067c0       ?_Init@?$_Tree@HU?$pair@$$CBHPAVBncsStore@@@std@@U_Kfn@?$map@HPAVBncsStore@@U?$less@H@std@@V?$allocator@PAVBncsStore@@@3@@2@U?$less@H@2@V?$allocator@PAVBncsStore@@@2@@std@@IAEXXZ 100077c0 f i bncs_input.obj
 0001:00006860       ?_Insert@?$_Tree@HU?$pair@$$CBHPAVBncsStore@@@std@@U_Kfn@?$map@HPAVBncsStore@@U?$less@H@std@@V?$allocator@PAVBncsStore@@@3@@2@U?$less@H@2@V?$allocator@PAVBncsStore@@@2@@std@@IAE?AViterator@12@PAU_Node@12@0ABU?$pair@$$CBHPAVBncsStore@@@2@@Z 10007860 f i bncs_input.obj
 0001:00006ad0       ?_Dec@const_iterator@?$_Tree@HU?$pair@$$CBHPAVBncsStore@@@std@@U_Kfn@?$map@HPAVBncsStore@@U?$less@H@std@@V?$allocator@PAVBncsStore@@@3@@2@U?$less@H@2@V?$allocator@PAVBncsStore@@@2@@std@@QAEXXZ 10007ad0 f i bncs_input.obj
 0001:00006b30       ?_Inc@const_iterator@?$_Tree@HU?$pair@$$CBHPAVBncsStore@@@std@@U_Kfn@?$map@HPAVBncsStore@@U?$less@H@std@@V?$allocator@PAVBncsStore@@@3@@2@U?$less@H@2@V?$allocator@PAVBncsStore@@@2@@std@@QAEXXZ 10007b30 f i bncs_input.obj
 0001:00006b80       ?lower_bound@?$_Tree@HU?$pair@$$CBHPAVHoldoff@@@std@@U_Kfn@?$map@HPAVHoldoff@@U?$less@H@std@@V?$allocator@PAVHoldoff@@@3@@2@U?$less@H@2@V?$allocator@PAVHoldoff@@@2@@std@@QAE?AViterator@12@ABH@Z 10007b80 f i bncs_input.obj
 0001:00006bc0       ?_Erase@?$_Tree@HU?$pair@$$CBHPAVHoldoff@@@std@@U_Kfn@?$map@HPAVHoldoff@@U?$less@H@std@@V?$allocator@PAVHoldoff@@@3@@2@U?$less@H@2@V?$allocator@PAVHoldoff@@@2@@std@@IAEXPAU_Node@12@@Z 10007bc0 f i bncs_input.obj
 0001:00006c00       ?_Init@?$_Tree@HU?$pair@$$CBHPAVHoldoff@@@std@@U_Kfn@?$map@HPAVHoldoff@@U?$less@H@std@@V?$allocator@PAVHoldoff@@@3@@2@U?$less@H@2@V?$allocator@PAVHoldoff@@@2@@std@@IAEXXZ 10007c00 f i bncs_input.obj
 0001:00006ca0       ?_Insert@?$_Tree@HU?$pair@$$CBHPAVHoldoff@@@std@@U_Kfn@?$map@HPAVHoldoff@@U?$less@H@std@@V?$allocator@PAVHoldoff@@@3@@2@U?$less@H@2@V?$allocator@PAVHoldoff@@@2@@std@@IAE?AViterator@12@PAU_Node@12@0ABU?$pair@$$CBHPAVHoldoff@@@2@@Z 10007ca0 f i bncs_input.obj
 0001:00006f10       ?_Lrotate@?$_Tree@HU?$pair@$$CBHPAVHoldoff@@@std@@U_Kfn@?$map@HPAVHoldoff@@U?$less@H@std@@V?$allocator@PAVHoldoff@@@3@@2@U?$less@H@2@V?$allocator@PAVHoldoff@@@2@@std@@IAEXPAU_Node@12@@Z 10007f10 f i bncs_input.obj
 0001:00006f70       ?_Min@?$_Tree@HU?$pair@$$CBHPAVHoldoff@@@std@@U_Kfn@?$map@HPAVHoldoff@@U?$less@H@std@@V?$allocator@PAVHoldoff@@@3@@2@U?$less@H@2@V?$allocator@PAVHoldoff@@@2@@std@@KAPAU_Node@12@PAU312@@Z 10007f70 f i bncs_input.obj
 0001:00006f90       ?_Rrotate@?$_Tree@HU?$pair@$$CBHPAVHoldoff@@@std@@U_Kfn@?$map@HPAVHoldoff@@U?$less@H@std@@V?$allocator@PAVHoldoff@@@3@@2@U?$less@H@2@V?$allocator@PAVHoldoff@@@2@@std@@IAEXPAU_Node@12@@Z 10007f90 f i bncs_input.obj
 0001:00006ff0       ?_Inc@const_iterator@?$_Tree@HU?$pair@$$CBHPAVHoldoff@@@std@@U_Kfn@?$map@HPAVHoldoff@@U?$less@H@std@@V?$allocator@PAVHoldoff@@@3@@2@U?$less@H@2@V?$allocator@PAVHoldoff@@@2@@std@@QAEXXZ 10007ff0 f i bncs_input.obj
 0001:00007040       ?_Erase@?$_Tree@HU?$pair@$$CBHPAVCPulseStretch@@@std@@U_Kfn@?$map@HPAVCPulseStretch@@U?$less@H@std@@V?$allocator@PAVCPulseStretch@@@3@@2@U?$less@H@2@V?$allocator@PAVCPulseStretch@@@2@@std@@IAEXPAU_Node@12@@Z 10008040 f i bncs_input.obj
 0001:00007080       ?_Init@?$_Tree@HU?$pair@$$CBHPAVCPulseStretch@@@std@@U_Kfn@?$map@HPAVCPulseStretch@@U?$less@H@std@@V?$allocator@PAVCPulseStretch@@@3@@2@U?$less@H@2@V?$allocator@PAVCPulseStretch@@@2@@std@@IAEXXZ 10008080 f i bncs_input.obj
 0001:00007120       ?_Insert@?$_Tree@HU?$pair@$$CBHPAVCPulseStretch@@@std@@U_Kfn@?$map@HPAVCPulseStretch@@U?$less@H@std@@V?$allocator@PAVCPulseStretch@@@3@@2@U?$less@H@2@V?$allocator@PAVCPulseStretch@@@2@@std@@IAE?AViterator@12@PAU_Node@12@0ABU?$pair@$$CBHPAVCPulseStretch@@@2@@Z 10008120 f i bncs_input.obj
 0001:00007390       ?_Lrotate@?$_Tree@HU?$pair@$$CBHPAVCPulseStretch@@@std@@U_Kfn@?$map@HPAVCPulseStretch@@U?$less@H@std@@V?$allocator@PAVCPulseStretch@@@3@@2@U?$less@H@2@V?$allocator@PAVCPulseStretch@@@2@@std@@IAEXPAU_Node@12@@Z 10008390 f i bncs_input.obj
 0001:000073f0       ?_Min@?$_Tree@HU?$pair@$$CBHPAVCPulseStretch@@@std@@U_Kfn@?$map@HPAVCPulseStretch@@U?$less@H@std@@V?$allocator@PAVCPulseStretch@@@3@@2@U?$less@H@2@V?$allocator@PAVCPulseStretch@@@2@@std@@KAPAU_Node@12@PAU312@@Z 100083f0 f i bncs_input.obj
 0001:00007410       ?_Rrotate@?$_Tree@HU?$pair@$$CBHPAVCPulseStretch@@@std@@U_Kfn@?$map@HPAVCPulseStretch@@U?$less@H@std@@V?$allocator@PAVCPulseStretch@@@3@@2@U?$less@H@2@V?$allocator@PAVCPulseStretch@@@2@@std@@IAEXPAU_Node@12@@Z 10008410 f i bncs_input.obj
 0001:00007470       ?erase@?$_Tree@VQString@@U?$pair@$$CBVQString@@V1@@std@@U_Kfn@?$map@VQString@@V1@U?$less@VQString@@@std@@V?$allocator@VQString@@@3@@3@U?$less@VQString@@@3@V?$allocator@VQString@@@3@@std@@QAE?AViterator@12@V312@@Z 10008470 f i bncs_input.obj
 0001:000078e0       ?_Erase@?$_Tree@VQString@@U?$pair@$$CBVQString@@V1@@std@@U_Kfn@?$map@VQString@@V1@U?$less@VQString@@@std@@V?$allocator@VQString@@@3@@3@U?$less@VQString@@@3@V?$allocator@VQString@@@3@@std@@IAEXPAU_Node@12@@Z 100088e0 f i bncs_input.obj
 0001:00007930       ?_Init@?$_Tree@VQString@@U?$pair@$$CBVQString@@V1@@std@@U_Kfn@?$map@VQString@@V1@U?$less@VQString@@@std@@V?$allocator@VQString@@@3@@3@U?$less@VQString@@@3@V?$allocator@VQString@@@3@@std@@IAEXXZ 10008930 f i bncs_input.obj
 0001:000079d0       ?_Insert@?$_Tree@VQString@@U?$pair@$$CBVQString@@V1@@std@@U_Kfn@?$map@VQString@@V1@U?$less@VQString@@@std@@V?$allocator@VQString@@@3@@3@U?$less@VQString@@@3@V?$allocator@VQString@@@3@@std@@IAE?AViterator@12@PAU_Node@12@0ABU?$pair@$$CBVQString@@V1@@2@@Z 100089d0 f i bncs_input.obj
 0001:00007c40       ?_Lbound@?$_Tree@HU?$pair@$$CBHPAVBncsStore@@@std@@U_Kfn@?$map@HPAVBncsStore@@U?$less@H@std@@V?$allocator@PAVBncsStore@@@3@@2@U?$less@H@2@V?$allocator@PAVBncsStore@@@2@@std@@IBEPAU_Node@12@ABH@Z 10008c40 f i bncs_input.obj
 0001:00007c70       ?_Max@?$_Tree@HU?$pair@$$CBHPAVBncsStore@@@std@@U_Kfn@?$map@HPAVBncsStore@@U?$less@H@std@@V?$allocator@PAVBncsStore@@@3@@2@U?$less@H@2@V?$allocator@PAVBncsStore@@@2@@std@@KAPAU_Node@12@PAU312@@Z 10008c70 f i bncs_input.obj
 0001:00007c90       ?_Min@?$_Tree@HU?$pair@$$CBHPAVBncsStore@@@std@@U_Kfn@?$map@HPAVBncsStore@@U?$less@H@std@@V?$allocator@PAVBncsStore@@@3@@2@U?$less@H@2@V?$allocator@PAVBncsStore@@@2@@std@@KAPAU_Node@12@PAU312@@Z 10008c90 f i bncs_input.obj
 0001:00007cb0       ?_Buynode@?$_Tree@HU?$pair@$$CBHPAVHoldoff@@@std@@U_Kfn@?$map@HPAVHoldoff@@U?$less@H@std@@V?$allocator@PAVHoldoff@@@3@@2@U?$less@H@2@V?$allocator@PAVHoldoff@@@2@@std@@IAEPAU_Node@12@PAU312@W4_Redbl@12@@Z 10008cb0 f i bncs_input.obj
 0001:00007cd0       ?_Dec@const_iterator@?$_Tree@HU?$pair@$$CBHPAVHoldoff@@@std@@U_Kfn@?$map@HPAVHoldoff@@U?$less@H@std@@V?$allocator@PAVHoldoff@@@3@@2@U?$less@H@2@V?$allocator@PAVHoldoff@@@2@@std@@QAEXXZ 10008cd0 f i bncs_input.obj
 0001:00007d30       ?_Lbound@?$_Tree@HU?$pair@$$CBHPAVCPulseStretch@@@std@@U_Kfn@?$map@HPAVCPulseStretch@@U?$less@H@std@@V?$allocator@PAVCPulseStretch@@@3@@2@U?$less@H@2@V?$allocator@PAVCPulseStretch@@@2@@std@@IBEPAU_Node@12@ABH@Z 10008d30 f i bncs_input.obj
 0001:00007d60       ?_Buynode@?$_Tree@HU?$pair@$$CBHPAVCPulseStretch@@@std@@U_Kfn@?$map@HPAVCPulseStretch@@U?$less@H@std@@V?$allocator@PAVCPulseStretch@@@3@@2@U?$less@H@2@V?$allocator@PAVCPulseStretch@@@2@@std@@IAEPAU_Node@12@PAU312@W4_Redbl@12@@Z 10008d60 f i bncs_input.obj
 0001:00007d80       ?_Dec@const_iterator@?$_Tree@HU?$pair@$$CBHPAVCPulseStretch@@@std@@U_Kfn@?$map@HPAVCPulseStretch@@U?$less@H@std@@V?$allocator@PAVCPulseStretch@@@3@@2@U?$less@H@2@V?$allocator@PAVCPulseStretch@@@2@@std@@QAEXXZ 10008d80 f i bncs_input.obj
 0001:00007de0       ?_Lrotate@?$_Tree@VQString@@U?$pair@$$CBVQString@@V1@@std@@U_Kfn@?$map@VQString@@V1@U?$less@VQString@@@std@@V?$allocator@VQString@@@3@@3@U?$less@VQString@@@3@V?$allocator@VQString@@@3@@std@@IAEXPAU_Node@12@@Z 10008de0 f i bncs_input.obj
 0001:00007e40       ?_Min@?$_Tree@VQString@@U?$pair@$$CBVQString@@V1@@std@@U_Kfn@?$map@VQString@@V1@U?$less@VQString@@@std@@V?$allocator@VQString@@@3@@3@U?$less@VQString@@@3@V?$allocator@VQString@@@3@@std@@KAPAU_Node@12@PAU312@@Z 10008e40 f i bncs_input.obj
 0001:00007e60       ?_Rrotate@?$_Tree@VQString@@U?$pair@$$CBVQString@@V1@@std@@U_Kfn@?$map@VQString@@V1@U?$less@VQString@@@std@@V?$allocator@VQString@@@3@@3@U?$less@VQString@@@3@V?$allocator@VQString@@@3@@std@@IAEXPAU_Node@12@@Z 10008e60 f i bncs_input.obj
 0001:00007ec0       ?_Buynode@?$_Tree@VQString@@U?$pair@$$CBVQString@@V1@@std@@U_Kfn@?$map@VQString@@V1@U?$less@VQString@@@std@@V?$allocator@VQString@@@3@@3@U?$less@VQString@@@3@V?$allocator@VQString@@@3@@std@@IAEPAU_Node@12@PAU312@W4_Redbl@12@@Z 10008ec0 f i bncs_input.obj
 0001:00007ee0       ?_Dec@const_iterator@?$_Tree@VQString@@U?$pair@$$CBVQString@@V1@@std@@U_Kfn@?$map@VQString@@V1@U?$less@VQString@@@std@@V?$allocator@VQString@@@3@@3@U?$less@VQString@@@3@V?$allocator@VQString@@@3@@std@@QAEXXZ 10008ee0 f i bncs_input.obj
 0001:00007f40       ?_Inc@const_iterator@?$_Tree@VQString@@U?$pair@$$CBVQString@@V1@@std@@U_Kfn@?$map@VQString@@V1@U?$less@VQString@@@std@@V?$allocator@VQString@@@3@@3@U?$less@VQString@@@3@V?$allocator@VQString@@@3@@std@@QAEXXZ 10008f40 f i bncs_input.obj
 0001:00007f90       ?make_pair@std@@YA?AU?$pair@VQString@@V1@@1@ABVQString@@0@Z 10008f90 f i bncs_input.obj
 0001:00007ff0       ?insert@?$QValueListPrivate@VQString@@@@QAE?AV?$QValueListIterator@VQString@@@@V2@ABVQString@@@Z 10008ff0 f i bncs_input.obj
 0001:00008070       ?remove@?$QValueListPrivate@VQString@@@@QAEIABVQString@@@Z 10009070 f i bncs_input.obj
 0001:000080c0       ?remove@?$QValueListPrivate@VQString@@@@QAE?AV?$QValueListIterator@VQString@@@@V2@@Z 100090c0 f i bncs_input.obj
 0001:00008120       ?at@?$QValueListPrivate@VQString@@@@QBEPAV?$QValueListNode@VQString@@@@I@Z 10009120 f i bncs_input.obj
 0001:00008160       ?_Construct@std@@YAXPAU?$pair@$$CBHPAVBncsStore@@@1@ABU21@@Z 10009160 f i bncs_input.obj
 0001:00008180       ?_Construct@std@@YAXPAU?$pair@$$CBHPAVHoldoff@@@1@ABU21@@Z 10009180 f i bncs_input.obj
 0001:000081a0       ?_Construct@std@@YAXPAU?$pair@$$CBHPAVCPulseStretch@@@1@ABU21@@Z 100091a0 f i bncs_input.obj
 0001:000081c0       ?_Construct@std@@YAXPAU?$pair@$$CBVQString@@V1@@1@ABU21@@Z 100091c0 f i bncs_input.obj
 0001:00008220       ??3@YAXPAX0@Z              10009220 f i bncs_input.obj
 0001:00008230       ??_E?$QValueListPrivate@VQString@@@@UAEPAXI@Z 10009230 f i bncs_input.obj
 0001:00008230       ??_G?$QValueListPrivate@VQString@@@@UAEPAXI@Z 10009230 f i bncs_input.obj
 0001:00008280       ??_G?$pair@$$CBVQString@@V1@@std@@QAEPAXI@Z 10009280 f i bncs_input.obj
 0001:000082a0       ??_Ebncs_input@@W3AEPAXI@Z 100092a0 f i bncs_input.obj
 0001:000082b0       ??_Ebncs_input@@WHI@AEPAXI@Z 100092b0 f i bncs_input.obj
 0001:00008340       ??0BncsStore@@QAE@AAV?$map@VQString@@V1@U?$less@VQString@@@std@@V?$allocator@VQString@@@3@@std@@PAVbncs_input@@PAUIDebug@@ABVQString@@@Z 10009340 f   BncsStore.obj
 0001:00008590       ??_GBncsStore@@UAEPAXI@Z   10009590 f i BncsStore.obj
 0001:00008590       ??_EBncsStore@@UAEPAXI@Z   10009590 f i BncsStore.obj
 0001:000085b0       ??1BncsStore@@UAE@XZ       100095b0 f   BncsStore.obj
 0001:000086c0       ?Debug@BncsStore@@AAAXPADZZ 100096c0 f   BncsStore.obj
 0001:00008740       ?LoadSettings@BncsStore@@AAE_NABV?$map@VQString@@V1@U?$less@VQString@@@std@@V?$allocator@VQString@@@3@@std@@@Z 10009740 f   BncsStore.obj
 0001:00009700       ?LoadDiscreteAlarmStates@BncsStore@@AAE_NABV?$map@VQString@@V1@U?$less@VQString@@@std@@V?$allocator@VQString@@@3@@std@@@Z 1000a700 f   BncsStore.obj
 0001:00009980       ?LoadAnalogueAlarmStates@BncsStore@@AAE_NABV?$map@VQString@@V1@U?$less@VQString@@@std@@V?$allocator@VQString@@@3@@std@@@Z 1000a980 f   BncsStore.obj
 0001:00009f80       ?FindEntry@BncsStore@@AAE_NABV?$map@VQString@@V1@U?$less@VQString@@@std@@V?$allocator@VQString@@@3@@std@@ABVQString@@AAV4@@Z 1000af80 f   BncsStore.obj
 0001:0000a060       ?GetTrueState@BncsStore@@QAEHABVQString@@@Z 1000b060 f   BncsStore.obj
 0001:0000a2a0       ?GetChatterState@BncsStore@@QAEHH@Z 1000b2a0 f   BncsStore.obj
 0001:0000a2f0       ?getChatsum@BncsStore@@AAEHXZ 1000b2f0 f   BncsStore.obj
 0001:0000a310       ?RecycleChatBin@BncsStore@@QAE_NXZ 1000b310 f   BncsStore.obj
 0001:0000a3d0       ?Show@BncsStore@@QAEXH@Z   1000b3d0 f   BncsStore.obj
 0001:0000a4a0       ?UpdateOutput@BncsStore@@QAEXPAH@Z 1000b4a0 f   BncsStore.obj
 0001:0000a510       ?getAnOKState@BncsStore@@QAE?AVQString@@XZ 1000b510 f   BncsStore.obj
 0001:0000acb0       ?getAFailState@BncsStore@@QAE?AVQString@@XZ 1000bcb0 f   BncsStore.obj
 0001:0000b420       ?getName@BncsStore@@QBE?AVQString@@XZ 1000c420 f   BncsStore.obj
 0001:0000b450       ?checkChange@BncsStore@@QAEXAA_N@Z 1000c450 f   BncsStore.obj
 0001:0000b480       ?derefAndDelete@?$QValueListPrivate@VQString@@@@QAEXXZ 1000c480 f i BncsStore.obj
 0001:0000b4a0       ?_Lbound@?$_Tree@VQString@@U?$pair@$$CBVQString@@V1@@std@@U_Kfn@?$map@VQString@@V1@U?$less@VQString@@@std@@V?$allocator@VQString@@@3@@3@U?$less@VQString@@@3@V?$allocator@VQString@@@3@@std@@IBEPAU_Node@12@ABVQString@@@Z 1000c4a0 f i BncsStore.obj
 0001:0000b4f0       ?find@?$QValueListPrivate@VQString@@@@QBEPAV?$QValueListNode@VQString@@@@PAV2@ABVQString@@@Z 1000c4f0 f i BncsStore.obj
 0001:0000b530       ??0?$QValueListPrivate@VQString@@@@QAE@ABV0@@Z 1000c530 f i BncsStore.obj
 0001:0000b690       ??0cBNCSPoll@@QAE@PAVbncs_input@@@Z 1000c690 f   cBNCSPoll.obj
 0001:0000b810       ??_GcBNCSPoll@@UAEPAXI@Z   1000c810 f i cBNCSPoll.obj
 0001:0000b810       ??_EcBNCSPoll@@UAEPAXI@Z   1000c810 f i cBNCSPoll.obj
 0001:0000b830       ?start@cBNCSPoll@@QAEXXZ   1000c830 f   cBNCSPoll.obj
 0001:0000b8f0       ??1cBNCSPoll@@UAE@XZ       1000c8f0 f   cBNCSPoll.obj
 0001:0000bb20       ??1?$map@HPAVcPollStore@@U?$less@H@std@@V?$allocator@PAVcPollStore@@@3@@std@@QAE@XZ 1000cb20 f i cBNCSPoll.obj
 0001:0000bc10       ?Debug@cBNCSPoll@@AAAXPADZZ 1000cc10 f   cBNCSPoll.obj
 0001:0000bc90       ?addToPollList@cBNCSPoll@@QAE_NDHH@Z 1000cc90 f   cBNCSPoll.obj
 0001:0000bf40       ?CSIRegister@cBNCSPoll@@AAE_NXZ 1000cf40 f   cBNCSPoll.obj
 0001:0000bfa0       ?notify@cBNCSPoll@@EAEJPAVcPanel@@PBD@Z 1000cfa0 f   cBNCSPoll.obj
 0001:0000c1d0       ?timerEvent@cBNCSPoll@@EAEXPAVQTimerEvent@@@Z 1000d1d0 f   cBNCSPoll.obj
 0001:0000c2b0       ?PrintStoreMap@cBNCSPoll@@AAEXXZ 1000d2b0 f   cBNCSPoll.obj
 0001:0000c350       ?getFirstDeviceAndRange@cBNCSPoll@@AAEHH@Z 1000d350 f   cBNCSPoll.obj
 0001:0000c3f0       ?getFirstValidRange@cBNCSPoll@@AAE_NAAHAAUstRange@@AAD@Z 1000d3f0 f   cBNCSPoll.obj
 0001:0000c490       ?getNextRange@cBNCSPoll@@AAEHXZ 1000d490 f   cBNCSPoll.obj
 0001:0000cb40       ?pollCurrentDeviceRange@cBNCSPoll@@AAEXXZ 1000db40 f   cBNCSPoll.obj
 0001:0000cc50       ?createInitialMissedLists@cBNCSPoll@@AAEXXZ 1000dc50 f   cBNCSPoll.obj
 0001:0000cd30       ?calculateRanges@cBNCSPoll@@AAE_NXZ 1000dd30 f   cBNCSPoll.obj
 0001:0000ce10       ?checkRangeCompleted@cBNCSPoll@@AAE_NHABUstRange@@@Z 1000de10 f   cBNCSPoll.obj
 0001:0000ce80       ?addToMissedList@cBNCSPoll@@QAE_NDHH@Z 1000de80 f   cBNCSPoll.obj
 0001:0000d050       ?restartPoll@cBNCSPoll@@QAEXXZ 1000e050 f   cBNCSPoll.obj
 0001:0000d0a0       ?nextPollNow@cBNCSPoll@@QAEXXZ 1000e0a0 f   cBNCSPoll.obj
 0001:0000d0f0       ?getPollProgress@cBNCSPoll@@QAEXAAH0AA_N@Z 1000e0f0 f   cBNCSPoll.obj
 0001:0000d210       ?begin@?$_Tree@HU?$pair@$$CBHPAVcPollStore@@@std@@U_Kfn@?$map@HPAVcPollStore@@U?$less@H@std@@V?$allocator@PAVcPollStore@@@3@@2@U?$less@H@2@V?$allocator@PAVcPollStore@@@2@@std@@QAE?AViterator@12@XZ 1000e210 f i cBNCSPoll.obj
 0001:0000d220       ?erase@?$_Tree@HU?$pair@$$CBHPAVcPollStore@@@std@@U_Kfn@?$map@HPAVcPollStore@@U?$less@H@std@@V?$allocator@PAVcPollStore@@@3@@2@U?$less@H@2@V?$allocator@PAVcPollStore@@@2@@std@@QAE?AViterator@12@V312@0@Z 1000e220 f i cBNCSPoll.obj
 0001:0000d2f0       ?_Inc@const_iterator@?$_Tree@HU?$pair@$$CBHPAVcPollStore@@@std@@U_Kfn@?$map@HPAVcPollStore@@U?$less@H@std@@V?$allocator@PAVcPollStore@@@3@@2@U?$less@H@2@V?$allocator@PAVcPollStore@@@2@@std@@QAEXXZ 1000e2f0 f i cBNCSPoll.obj
 0001:0000d340       ??0?$pair@Viterator@?$_Tree@HU?$pair@$$CBHPAVcPollStore@@@std@@U_Kfn@?$map@HPAVcPollStore@@U?$less@H@std@@V?$allocator@PAVcPollStore@@@3@@2@U?$less@H@2@V?$allocator@PAVcPollStore@@@2@@std@@_N@std@@QAE@ABViterator@?$_Tree@HU?$pair@$$CBHPAVcPollStore@@@std@@U_Kfn@?$map@HPAVcPollStore@@U?$less@H@std@@V?$allocator@PAVcPollStore@@@3@@2@U?$less@H@2@V?$allocator@PAVcPollStore@@@2@@1@AB_N@Z 1000e340 f i cBNCSPoll.obj
 0001:0000d360       ?erase@?$_Tree@HU?$pair@$$CBHPAVcPollStore@@@std@@U_Kfn@?$map@HPAVcPollStore@@U?$less@H@std@@V?$allocator@PAVcPollStore@@@3@@2@U?$less@H@2@V?$allocator@PAVcPollStore@@@2@@std@@QAE?AViterator@12@V312@@Z 1000e360 f i cBNCSPoll.obj
 0001:0000d760       ?lower_bound@?$_Tree@HU?$pair@$$CBHPAVcPollStore@@@std@@U_Kfn@?$map@HPAVcPollStore@@U?$less@H@std@@V?$allocator@PAVcPollStore@@@3@@2@U?$less@H@2@V?$allocator@PAVcPollStore@@@2@@std@@QAE?AViterator@12@ABH@Z 1000e760 f i cBNCSPoll.obj
 0001:0000d7a0       ?_Erase@?$_Tree@HU?$pair@$$CBHPAVcPollStore@@@std@@U_Kfn@?$map@HPAVcPollStore@@U?$less@H@std@@V?$allocator@PAVcPollStore@@@3@@2@U?$less@H@2@V?$allocator@PAVcPollStore@@@2@@std@@IAEXPAU_Node@12@@Z 1000e7a0 f i cBNCSPoll.obj
 0001:0000d7e0       ?_Insert@?$_Tree@HU?$pair@$$CBHPAVcPollStore@@@std@@U_Kfn@?$map@HPAVcPollStore@@U?$less@H@std@@V?$allocator@PAVcPollStore@@@3@@2@U?$less@H@2@V?$allocator@PAVcPollStore@@@2@@std@@IAE?AViterator@12@PAU_Node@12@0ABU?$pair@$$CBHPAVcPollStore@@@2@@Z 1000e7e0 f i cBNCSPoll.obj
 0001:0000da50       ?_Min@?$_Tree@HU?$pair@$$CBHPAVcPollStore@@@std@@U_Kfn@?$map@HPAVcPollStore@@U?$less@H@std@@V?$allocator@PAVcPollStore@@@3@@2@U?$less@H@2@V?$allocator@PAVcPollStore@@@2@@std@@KAPAU_Node@12@PAU312@@Z 1000ea50 f i cBNCSPoll.obj
 0001:0000da70       ?_Lbound@?$_Tree@HU?$pair@$$CBHPAVcPollStore@@@std@@U_Kfn@?$map@HPAVcPollStore@@U?$less@H@std@@V?$allocator@PAVcPollStore@@@3@@2@U?$less@H@2@V?$allocator@PAVcPollStore@@@2@@std@@IBEPAU_Node@12@ABH@Z 1000ea70 f i cBNCSPoll.obj
 0001:0000daa0       ?_Dec@const_iterator@?$_Tree@HU?$pair@$$CBHPAVcPollStore@@@std@@U_Kfn@?$map@HPAVcPollStore@@U?$less@H@std@@V?$allocator@PAVcPollStore@@@3@@2@U?$less@H@2@V?$allocator@PAVcPollStore@@@2@@std@@QAEXXZ 1000eaa0 f i cBNCSPoll.obj
 0001:0000db00       ?_Construct@std@@YAXPAU?$pair@$$CBHPAVcPollStore@@@1@ABU21@@Z 1000eb00 f i cBNCSPoll.obj
 0001:0000db20       ??_EcBNCSPoll@@WHE@AEPAXI@Z 1000eb20 f i cBNCSPoll.obj
 0001:0000dc30       ?setLocalConfig@cDocument@@SAX_NABVQString@@@Z 1000ec30 f   cDocument.obj
 0001:0000dc50       ??0cDocument@@QAE@PAUIDebug@@ABVQString@@@Z 1000ec50 f   cDocument.obj
 0001:0000dda0       ??_EcDocument@@UAEPAXI@Z   1000eda0 f i cDocument.obj
 0001:0000dda0       ??_GcDocument@@UAEPAXI@Z   1000eda0 f i cDocument.obj
 0001:0000ddc0       ??1cDocument@@UAE@XZ       1000edc0 f   cDocument.obj
 0001:0000dea0       ?Debug@cDocument@@AAAXPADZZ 1000eea0 f   cDocument.obj
 0001:0000df80       ?readDomDoc@cDocument@@AAE_NABVQString@@AAVQDomDocument@@@Z 1000ef80 f   cDocument.obj
 0001:0000e040       ?loadInstances@cDocument@@AAE_NABVQString@@@Z 1000f040 f   cDocument.obj
 0001:0000eae0       ??_GQDomElement@@UAEPAXI@Z 1000fae0 f i cDocument.obj
 0001:0000eae0       ??_EQDomElement@@UAEPAXI@Z 1000fae0 f i cDocument.obj
 0001:0000eb00       ?getDeviceAndSlot@cDocument@@QAE_NPAH0PADABVQString@@2@Z 1000fb00 f   cDocument.obj
 0001:0000edf0       ?loadDeviceFile@cDocument@@AAEPAVQDomElement@@ABVQString@@@Z 1000fdf0 f   cDocument.obj
 0001:0000efa0       ?doInstanceSearch@cDocument@@QAE_NABVQString@@PAH1PAV2@@Z 1000ffa0 f   cDocument.obj
 0001:0000f0a0       ?getComplex@cDocument@@AAE?AVQString@@ABV2@@Z 100100a0 f   cDocument.obj
 0001:0000f0f0       ?doDeviceTypeSearch@cDocument@@AAE_NABVQString@@0PAHPAD@Z 100100f0 f   cDocument.obj
 0001:0000f630       ?doComplexSearch@cDocument@@AAE_NABVQString@@00PAV2@1@Z 10010630 f   cDocument.obj
 0001:0000fdd0       ?loadComplexFile@cDocument@@AAEPAVQDomElement@@ABVQString@@@Z 10010dd0 f   cDocument.obj
 0001:0000fef0       ??1?$QDict@VQDomElement@@@@UAE@XZ 10010ef0 f i cDocument.obj
 0001:0000ff50       ?count@?$QDict@VQDomElement@@@@UBEIXZ 10010f50 f i cDocument.obj
 0001:0000ff60       ?clear@?$QDict@VQDomElement@@@@UAEXXZ 10010f60 f i cDocument.obj
 0001:0000ff70       ??1?$QDict@VcInstanceInfo@@@@UAE@XZ 10010f70 f i cDocument.obj
 0001:0000ffd0       ?count@?$QDict@VcInstanceInfo@@@@UBEIXZ 10010fd0 f i cDocument.obj
 0001:0000ffe0       ?clear@?$QDict@VcInstanceInfo@@@@UAEXXZ 10010fe0 f i cDocument.obj
 0001:0000fff0       ??_E?$QDict@VQDomElement@@@@UAEPAXI@Z 10010ff0 f i cDocument.obj
 0001:0000fff0       ??_G?$QDict@VQDomElement@@@@UAEPAXI@Z 10010ff0 f i cDocument.obj
 0001:00010010       ??_E?$QDict@VcInstanceInfo@@@@UAEPAXI@Z 10011010 f i cDocument.obj
 0001:00010010       ??_G?$QDict@VcInstanceInfo@@@@UAEPAXI@Z 10011010 f i cDocument.obj
 0001:00010030       ?deleteItem@?$QDict@VQDomElement@@@@EAEXPAX@Z 10011030 f i cDocument.obj
 0001:00010050       ?deleteItem@?$QDict@VcInstanceInfo@@@@EAEXPAX@Z 10011050 f i cDocument.obj
 0001:00010070       ??0cInstanceInfo@@QAE@XZ   10011070 f   cInstanceInfo.obj
 0001:000100f0       ??_GcInstanceInfo@@UAEPAXI@Z 100110f0 f i cInstanceInfo.obj
 0001:000100f0       ??_EcInstanceInfo@@UAEPAXI@Z 100110f0 f i cInstanceInfo.obj
 0001:00010110       ??1cInstanceInfo@@UAE@XZ   10011110 f   cInstanceInfo.obj
 0001:00010210       ??1cPollStore@@UAE@XZ      10011210 f   cPollStore.obj
 0001:00010300       ??_EcPollStore@@UAEPAXI@Z  10011300 f i cPollStore.obj
 0001:00010300       ??_GcPollStore@@UAEPAXI@Z  10011300 f i cPollStore.obj
 0001:00010320       ??0cPollStore@@QAE@QAVbncs_input@@DHH@Z 10011320 f   cPollStore.obj
 0001:00010420       ?Debug@cPollStore@@AAAXPADZZ 10011420 f   cPollStore.obj
 0001:000104a0       ?Print@cPollStore@@QAEXH@Z 100114a0 f   cPollStore.obj
 0001:000104d0       ?addRawSlot@cPollStore@@QAEXH@Z 100114d0 f   cPollStore.obj
 0001:00010520       ?addMissedSlot@cPollStore@@QAEXH@Z 10011520 f   cPollStore.obj
 0001:00010570       ?removeSlotFromMissedList@cPollStore@@QAE_NH@Z 10011570 f   cPollStore.obj
 0001:000105c0       ?getFirstRange@cPollStore@@QAE_NAAUstRange@@AAD@Z 100115c0 f   cPollStore.obj
 0001:00010600       ?getFirstValidRange@cPollStore@@QAE_NAAHAADAAUstRange@@@Z 10011600 f   cPollStore.obj
 0001:00010660       ?findCurrentRange@cPollStore@@AAEXABUstRange@@AAVconst_iterator@?$list@PAUstRange@@V?$allocator@PAUstRange@@@std@@@std@@@Z 10011660 f   cPollStore.obj
 0001:000106a0       ?moreRangesOnThisDevice@cPollStore@@QAE_NABUstRange@@AAU2@@Z 100116a0 f   cPollStore.obj
 0001:000106f0       ?copyRawToMissed@cPollStore@@QAEXXZ 100116f0 f   cPollStore.obj
 0001:000107d0       ?calculateRange@cPollStore@@QAEXAA_N@Z 100117d0 f   cPollStore.obj
 0001:00010b00       ?checkRangeCompleted@cPollStore@@QAE_NABUstRange@@@Z 10011b00 f   cPollStore.obj
 0001:00010b40       ?getRange@cPollStore@@QAE_NAAUstRange@@AAD@Z 10011b40 f   cPollStore.obj
 0001:00010b80       ?getPollProgress@cPollStore@@QAEXAAH0AA_N@Z 10011b80 f   cPollStore.obj
 0001:00010ba0       ?getDevice@cPollStore@@QAEXAAHAAD@Z 10011ba0 f   cPollStore.obj
 0001:00010bc0       ??1?$list@PAUstRange@@V?$allocator@PAUstRange@@@std@@@std@@QAE@XZ 10011bc0 f i cPollStore.obj
 0001:00010c10       ??0?$list@HV?$allocator@H@std@@@std@@QAE@ABV?$allocator@H@1@@Z 10011c10 f i cPollStore.obj
 0001:00010c40       ??1?$list@HV?$allocator@H@std@@@std@@QAE@XZ 10011c40 f i cPollStore.obj
 0001:00010c90       ?begin@?$list@HV?$allocator@H@std@@@std@@QAE?AViterator@12@XZ 10011c90 f i cPollStore.obj
 0001:00010ca0       ?erase@?$list@HV?$allocator@H@std@@@std@@QAE?AViterator@12@V312@@Z 10011ca0 f i cPollStore.obj
 0001:00010ce0       ?sort@?$list@HV?$allocator@H@std@@@std@@QAEXXZ 10011ce0 f i cPollStore.obj
 0001:00010fb0       ??_F?$list@HV?$allocator@H@std@@@std@@QAEXXZ 10011fb0 f i cPollStore.obj
 0001:00010fe0       ?insert@?$list@PAUstRange@@V?$allocator@PAUstRange@@@std@@@std@@QAE?AViterator@12@V312@ABQAUstRange@@@Z 10011fe0 f i cPollStore.obj
 0001:00011040       ?erase@?$list@PAUstRange@@V?$allocator@PAUstRange@@@std@@@std@@QAE?AViterator@12@V312@0@Z 10012040 f i cPollStore.obj
 0001:00011090       ?erase@?$list@HV?$allocator@H@std@@@std@@QAE?AViterator@12@V312@0@Z 10012090 f i cPollStore.obj
 0001:000110e0       ?swap@?$list@HV?$allocator@H@std@@@std@@QAEXAAV12@@Z 100120e0 f i cPollStore.obj
 0001:00011110       ?splice@?$list@HV?$allocator@H@std@@@std@@QAEXViterator@12@AAV12@0@Z 10012110 f i cPollStore.obj
 0001:00011170       ?merge@?$list@HV?$allocator@H@std@@@std@@QAEXAAV12@@Z 10012170 f i cPollStore.obj
 0001:00011240       ?erase@?$list@PAUstRange@@V?$allocator@PAUstRange@@@std@@@std@@QAE?AViterator@12@V312@@Z 10012240 f i cPollStore.obj
 0001:00011280       ?_Splice@?$list@HV?$allocator@H@std@@@std@@IAEXViterator@12@AAV12@00@Z 10012280 f i cPollStore.obj
 0001:00011340       ??0structured_exception@@QAE@ABU_EXCEPTION_POINTERS@@@Z 10012340 f   except.obj
 0001:00011360       ?install@structured_exception@@SAXXZ 10012360 f   except.obj
 0001:000113a0       ?what@structured_exception@@QBEIXZ 100123a0 f   except.obj
 0001:000113b0       ?where@structured_exception@@QBEPBXXZ 100123b0 f   except.obj
 0001:000113c0       ??0Holdoff@@QAE@XZ         100123c0 f   Holdoff.obj
 0001:000113e0       ??_GHoldoff@@UAEPAXI@Z     100123e0 f i Holdoff.obj
 0001:000113e0       ??_EHoldoff@@UAEPAXI@Z     100123e0 f i Holdoff.obj
 0001:00011400       ??1Holdoff@@UAE@XZ         10012400 f   Holdoff.obj
 0001:00011490       _DllMain@12                10012490 f   newbncs_acq.obj
 0001:000114c0       _createNewInput            100124c0 f   newbncs_acq.obj
 0001:000114f0       ??0CPollRange@@QAE@XZ      100124f0 f   PollRange.obj
 0001:00011510       ??_GCPollRange@@UAEPAXI@Z  10012510 f i PollRange.obj
 0001:00011510       ??_ECPollRange@@UAEPAXI@Z  10012510 f i PollRange.obj
 0001:00011530       ??1CPollRange@@UAE@XZ      10012530 f   PollRange.obj
 0001:00011540       ??0CPulseStretch@@QAE@XZ   10012540 f   PulseStretch.obj
 0001:00011560       ??_GCPulseStretch@@UAEPAXI@Z 10012560 f i PulseStretch.obj
 0001:00011560       ??_ECPulseStretch@@UAEPAXI@Z 10012560 f i PulseStretch.obj
 0001:00011580       ??1CPulseStretch@@UAE@XZ   10012580 f   PulseStretch.obj
 0001:00011590       ?checkConnectArgs@QObject@@MAE_NPBDPBV1@0@Z 10012590 f   qt-mt323:qt-mt323.dll
 0001:00011596       ?disconnectNotify@QObject@@MAEXPBD@Z 10012596 f   qt-mt323:qt-mt323.dll
 0001:0001159c       ?connectNotify@QObject@@MAEXPBD@Z 1001259c f   qt-mt323:qt-mt323.dll
 0001:000115a2       ?customEvent@QObject@@MAEXPAVQCustomEvent@@@Z 100125a2 f   qt-mt323:qt-mt323.dll
 0001:000115a8       ?childEvent@QObject@@MAEXPAVQChildEvent@@@Z 100125a8 f   qt-mt323:qt-mt323.dll
 0001:000115ae       ?property@QObject@@UBE?AVQVariant@@PBD@Z 100125ae f   qt-mt323:qt-mt323.dll
 0001:000115b4       ?setProperty@QObject@@UAE_NPBDABVQVariant@@@Z 100125b4 f   qt-mt323:qt-mt323.dll
 0001:000115ba       ?removeChild@QObject@@UAEXPAV1@@Z 100125ba f   qt-mt323:qt-mt323.dll
 0001:000115c0       ?insertChild@QObject@@UAEXPAV1@@Z 100125c0 f   qt-mt323:qt-mt323.dll
 0001:000115c6       ?setName@QObject@@UAEXPBD@Z 100125c6 f   qt-mt323:qt-mt323.dll
 0001:000115cc       ?eventFilter@QObject@@UAE_NPAV1@PAVQEvent@@@Z 100125cc f   qt-mt323:qt-mt323.dll
 0001:000115d2       ?event@QObject@@UAE_NPAVQEvent@@@Z 100125d2 f   qt-mt323:qt-mt323.dll
 0001:000115d8       ?qt_property@QObject@@UAE_NHHPAVQVariant@@@Z 100125d8 f   qt-mt323:qt-mt323.dll
 0001:000115de       ?qt_emit@QObject@@UAE_NHPAUQUObject@@@Z 100125de f   qt-mt323:qt-mt323.dll
 0001:000115e4       ?qt_invoke@QObject@@UAE_NHPAUQUObject@@@Z 100125e4 f   qt-mt323:qt-mt323.dll
 0001:000115ea       ?qt_cast@QObject@@UAEPAXPBD@Z 100125ea f   qt-mt323:qt-mt323.dll
 0001:000115f0       ?className@QObject@@UBEPBDXZ 100125f0 f   qt-mt323:qt-mt323.dll
 0001:000115f6       ?metaObject@QObject@@UBEPAVQMetaObject@@XZ 100125f6 f   qt-mt323:qt-mt323.dll
 0001:000115fc       ??1QStringList@@QAE@XZ     100125fc f   qt-mt323:qt-mt323.dll
 0001:00011602       ??1QString@@QAE@XZ         10012602 f   qt-mt323:qt-mt323.dll
 0001:00011608       ??1QObject@@UAE@XZ         10012608 f   qt-mt323:qt-mt323.dll
 0001:0001160e       ?latin1@QString@@QBEPBDXZ  1001260e f   qt-mt323:qt-mt323.dll
 0001:00011614       ??0QString@@QAE@PBD@Z      10012614 f   qt-mt323:qt-mt323.dll
 0001:0001161a       ?makeSharedNull@QString@@CAPAUQStringData@@XZ 1001261a f   qt-mt323:qt-mt323.dll
 0001:00011620       ??0QObject@@QAE@PAV0@PBD@Z 10012620 f   qt-mt323:qt-mt323.dll
 0001:00011626       ?deleteSelf@QStringData@@QAEXXZ 10012626 f   qt-mt323:qt-mt323.dll
 0001:0001162c       ?killTimer@QObject@@QAEXH@Z 1001262c f   qt-mt323:qt-mt323.dll
 0001:00011632       ?startTimer@QObject@@QAEHH@Z 10012632 f   qt-mt323:qt-mt323.dll
 0001:00011638       ??1QRegExp@@QAE@XZ         10012638 f   qt-mt323:qt-mt323.dll
 0001:0001163e       ??1QTextStream@@UAE@XZ     1001263e f   qt-mt323:qt-mt323.dll
 0001:00011644       ?close@QFile@@UAEXXZ       10012644 f   qt-mt323:qt-mt323.dll
 0001:0001164a       ??0QString@@QAE@ABV0@@Z    1001264a f   qt-mt323:qt-mt323.dll
 0001:00011650       ?detachInternal@?$QValueList@VQString@@@@AAEXXZ 10012650 f   qt-mt323:qt-mt323.dll
 0001:00011656       ?split@QStringList@@SA?AV1@ABVQString@@0_N@Z 10012656 f   qt-mt323:qt-mt323.dll
 0001:0001165c       ?cap@QRegExp@@QAE?AVQString@@H@Z 1001265c f   qt-mt323:qt-mt323.dll
 0001:00011662       ?search@QRegExp@@QBEHABVQString@@H@Z 10012662 f   qt-mt323:qt-mt323.dll
 0001:00011668       ??BQCharRef@@QBE?AVQChar@@XZ 10012668 f   qt-mt323:qt-mt323.dll
 0001:0001166e       ??AQString@@QAE?AVQCharRef@@H@Z 1001266e f   qt-mt323:qt-mt323.dll
 0001:00011674       ?readLine@QTextStream@@QAE?AVQString@@XZ 10012674 f   qt-mt323:qt-mt323.dll
 0001:0001167a       ??0QTextStream@@QAE@PAVQIODevice@@@Z 1001267a f   qt-mt323:qt-mt323.dll
 0001:00011680       ??0QRegExp@@QAE@ABVQString@@_N1@Z 10012680 f   qt-mt323:qt-mt323.dll
 0001:00011686       ?open@QFile@@UAE_NH@Z      10012686 f   qt-mt323:qt-mt323.dll
 0001:0001168c       ??1QFileInfo@@QAE@XZ       1001268c f   qt-mt323:qt-mt323.dll
 0001:00011692       ??1QDir@@UAE@XZ            10012692 f   qt-mt323:qt-mt323.dll
 0001:00011698       ??1QFile@@UAE@XZ           10012698 f   qt-mt323:qt-mt323.dll
 0001:0001169e       ?exists@QFile@@QBE_NXZ     1001269e f   qt-mt323:qt-mt323.dll
 0001:000116a4       ?debug@@YAXPBDZZ           100126a4 f   qt-mt323:qt-mt323.dll
 0001:000116aa       ??0QFile@@QAE@ABVQString@@@Z 100126aa f   qt-mt323:qt-mt323.dll
 0001:000116b0       ?dirName@QDir@@UBE?AVQString@@XZ 100126b0 f   qt-mt323:qt-mt323.dll
 0001:000116b6       ??0QDir@@QAE@ABVQString@@0HH@Z 100126b6 f   qt-mt323:qt-mt323.dll
 0001:000116bc       ??YQString@@QAEAAV0@PBD@Z  100126bc f   qt-mt323:qt-mt323.dll
 0001:000116c2       ?dirPath@QFileInfo@@QBE?AVQString@@_N@Z 100126c2 f   qt-mt323:qt-mt323.dll
 0001:000116c8       ??0QFileInfo@@QAE@ABVQString@@@Z 100126c8 f   qt-mt323:qt-mt323.dll
 0001:000116ce       ??H@YA?BVQString@@ABV0@PBD@Z 100126ce f   qt-mt323:qt-mt323.dll
 0001:000116d4       ?mid@QString@@QBE?AV1@II@Z 100126d4 f   qt-mt323:qt-mt323.dll
 0001:000116da       ?right@QString@@QBE?AV1@I@Z 100126da f   qt-mt323:qt-mt323.dll
 0001:000116e0       ??4QString@@QAEAAV0@ABV0@@Z 100126e0 f   qt-mt323:qt-mt323.dll
 0001:000116e6       ?toInt@QString@@QBEHPA_NH@Z 100126e6 f   qt-mt323:qt-mt323.dll
 0001:000116ec       ??8@YA_NABVQString@@PBD@Z  100126ec f   qt-mt323:qt-mt323.dll
 0001:000116f2       ?section@QString@@QBE?AV1@DHHH@Z 100126f2 f   qt-mt323:qt-mt323.dll
 0001:000116f8       ??4QString@@QAEAAV0@PBD@Z  100126f8 f   qt-mt323:qt-mt323.dll
 0001:000116fe       ?start@QTime@@QAEXXZ       100126fe f   qt-mt323:qt-mt323.dll
 0001:00011704       ?toString@QTime@@QBE?AVQString@@ABV2@@Z 10012704 f   qt-mt323:qt-mt323.dll
 0001:0001170a       ?addMSecs@QTime@@QBE?AV1@H@Z 1001270a f   qt-mt323:qt-mt323.dll
 0001:00011710       ?addSecs@QTime@@QBE?AV1@H@Z 10012710 f   qt-mt323:qt-mt323.dll
 0001:00011716       ?currentTime@QTime@@SA?AV1@XZ 10012716 f   qt-mt323:qt-mt323.dll
 0001:0001171c       ?elapsed@QTime@@QBEHXZ     1001271c f   qt-mt323:qt-mt323.dll
 0001:00011722       ?arg@QString@@QBE?AV1@IHH@Z 10012722 f   qt-mt323:qt-mt323.dll
 0001:00011728       ?arg@QString@@QBE?AV1@HHH@Z 10012728 f   qt-mt323:qt-mt323.dll
 0001:0001172e       ?arg@QString@@QBE?AV1@ABV1@H@Z 1001272e f   qt-mt323:qt-mt323.dll
 0001:00011734       ?qDebug@@YAXPBDZZ          10012734 f   qt-mt323:qt-mt323.dll
 0001:0001173a       ?ascii@QString@@QBEPBDXZ   1001273a f   qt-mt323:qt-mt323.dll
 0001:00011740       ??H@YA?BVQString@@PBDABV0@@Z 10012740 f   qt-mt323:qt-mt323.dll
 0001:00011746       ?end@?$QValueList@VQString@@@@QAE?AV?$QValueListIterator@VQString@@@@XZ 10012746 f   qt-mt323:qt-mt323.dll
 0001:0001174c       ?arg@QString@@QBE?AV1@DH@Z 1001274c f   qt-mt323:qt-mt323.dll
 0001:00011752       ??1?$QMemArray@H@@UAE@XZ   10012752 f   qt-mt323:qt-mt323.dll
 0001:00011758       ??1?$QMemArray@_N@@UAE@XZ  10012758 f   qt-mt323:qt-mt323.dll
 0001:0001175e       ??1?$QMemArray@D@@UAE@XZ   1001275e f   qt-mt323:qt-mt323.dll
 0001:00011764       ??1?$QPtrList@D@@UAE@XZ    10012764 f   qt-mt323:qt-mt323.dll
 0001:0001176a       ??1?$QMemArray@VQPoint@@@@UAE@XZ 1001276a f   qt-mt323:qt-mt323.dll
 0001:00011770       ??1?$QPtrList@VQObject@@@@UAE@XZ 10012770 f   qt-mt323:qt-mt323.dll
 0001:00011776       ??M@YA_NABVQString@@0@Z    10012776 f   qt-mt323:qt-mt323.dll
 0001:0001177c       ??8@YA_NABVQString@@0@Z    1001277c f   qt-mt323:qt-mt323.dll
 0001:00011782       ?qWarning@@YAXPBDZZ        10012782 f   qt-mt323:qt-mt323.dll
 0001:00011788       ??0QString@@QAE@XZ         10012788 f   qt-mt323:qt-mt323.dll
 0001:0001178e       ?left@QString@@QBE?AV1@I@Z 1001278e f   qt-mt323:qt-mt323.dll
 0001:00011794       ?toDouble@QString@@QBENPA_N@Z 10012794 f   qt-mt323:qt-mt323.dll
 0001:0001179a       ?split@QStringList@@SA?AV1@ABVQChar@@ABVQString@@_N@Z 1001279a f   qt-mt323:qt-mt323.dll
 0001:000117a0       ?remove@QString@@QAEAAV1@VQChar@@@Z 100127a0 f   qt-mt323:qt-mt323.dll
 0001:000117a6       ?find@QString@@QBEHVQChar@@H_N@Z 100127a6 f   qt-mt323:qt-mt323.dll
 0001:000117ac       ??0QChar@@QAE@D@Z          100127ac f   qt-mt323:qt-mt323.dll
 0001:000117b2       ?arg@QString@@QBE?AV1@NHDH@Z 100127b2 f   qt-mt323:qt-mt323.dll
 0001:000117b8       ??0?$QValueListIterator@VQString@@@@QAE@ABV0@@Z 100127b8 f   qt-mt323:qt-mt323.dll
 0001:000117be       ?write@QGDict@@MBEAAVQDataStream@@AAV2@PAX@Z 100127be f   qt-mt323:qt-mt323.dll
 0001:000117c4       ?read@QGDict@@MAEAAVQDataStream@@AAV2@AAPAX@Z 100127c4 f   qt-mt323:qt-mt323.dll
 0001:000117ca       ?newItem@QPtrCollection@@MAEPAXPAX@Z 100127ca f   qt-mt323:qt-mt323.dll
 0001:000117d0       ??YQString@@QAEAAV0@ABV0@@Z 100127d0 f   qt-mt323:qt-mt323.dll
 0001:000117d6       ??0QGDict@@IAE@IW4KeyType@0@_N1@Z 100127d6 f   qt-mt323:qt-mt323.dll
 0001:000117dc       ??1QGDict@@MAE@XZ          100127dc f   qt-mt323:qt-mt323.dll
 0001:000117e2       ?clear@QGDict@@MAEXXZ      100127e2 f   qt-mt323:qt-mt323.dll
 0001:000117e8       ?setContent@QDomDocument@@QAE_NPAVQIODevice@@PAVQString@@PAH2@Z 100127e8 f   qt-mt323:qt-mt323.dll
 0001:000117ee       ?elementsByTagNameNS@QDomElement@@UBE?AVQDomNodeList@@ABVQString@@0@Z 100127ee f   qt-mt323:qt-mt323.dll
 0001:000117f4       ?elementsByTagName@QDomElement@@UBE?AVQDomNodeList@@ABVQString@@@Z 100127f4 f   qt-mt323:qt-mt323.dll
 0001:000117fa       ?isComment@QDomNode@@UBE_NXZ 100127fa f   qt-mt323:qt-mt323.dll
 0001:00011800       ?isCharacterData@QDomNode@@UBE_NXZ 10012800 f   qt-mt323:qt-mt323.dll
 0001:00011806       ?isProcessingInstruction@QDomNode@@UBE_NXZ 10012806 f   qt-mt323:qt-mt323.dll
 0001:0001180c       ?isNotation@QDomNode@@UBE_NXZ 1001280c f   qt-mt323:qt-mt323.dll
 0001:00011812       ?isEntity@QDomNode@@UBE_NXZ 10012812 f   qt-mt323:qt-mt323.dll
 0001:00011818       ?isText@QDomNode@@UBE_NXZ  10012818 f   qt-mt323:qt-mt323.dll
 0001:0001181e       ?isEntityReference@QDomNode@@UBE_NXZ 1001281e f   qt-mt323:qt-mt323.dll
 0001:00011824       ?isElement@QDomElement@@UBE_NXZ 10012824 f   qt-mt323:qt-mt323.dll
 0001:0001182a       ?isDocumentType@QDomNode@@UBE_NXZ 1001282a f   qt-mt323:qt-mt323.dll
 0001:00011830       ?isDocument@QDomNode@@UBE_NXZ 10012830 f   qt-mt323:qt-mt323.dll
 0001:00011836       ?isDocumentFragment@QDomNode@@UBE_NXZ 10012836 f   qt-mt323:qt-mt323.dll
 0001:0001183c       ?isCDATASection@QDomNode@@UBE_NXZ 1001283c f   qt-mt323:qt-mt323.dll
 0001:00011842       ?isAttr@QDomNode@@UBE_NXZ  10012842 f   qt-mt323:qt-mt323.dll
 0001:00011848       ?setPrefix@QDomNode@@UAEXABVQString@@@Z 10012848 f   qt-mt323:qt-mt323.dll
 0001:0001184e       ?prefix@QDomNode@@UBE?AVQString@@XZ 1001284e f   qt-mt323:qt-mt323.dll
 0001:00011854       ?setNodeValue@QDomNode@@UAEXABVQString@@@Z 10012854 f   qt-mt323:qt-mt323.dll
 0001:0001185a       ?nodeValue@QDomNode@@UBE?AVQString@@XZ 1001285a f   qt-mt323:qt-mt323.dll
 0001:00011860       ?hasAttributes@QDomNode@@UBE_NXZ 10012860 f   qt-mt323:qt-mt323.dll
 0001:00011866       ?localName@QDomNode@@UBE?AVQString@@XZ 10012866 f   qt-mt323:qt-mt323.dll
 0001:0001186c       ?namespaceURI@QDomNode@@UBE?AVQString@@XZ 1001286c f   qt-mt323:qt-mt323.dll
 0001:00011872       ?ownerDocument@QDomNode@@UBE?AVQDomDocument@@XZ 10012872 f   qt-mt323:qt-mt323.dll
 0001:00011878       ?attributes@QDomElement@@UBE?AVQDomNamedNodeMap@@XZ 10012878 f   qt-mt323:qt-mt323.dll
 0001:0001187e       ?nextSibling@QDomNode@@UBE?AV1@XZ 1001287e f   qt-mt323:qt-mt323.dll
 0001:00011884       ?previousSibling@QDomNode@@UBE?AV1@XZ 10012884 f   qt-mt323:qt-mt323.dll
 0001:0001188a       ?lastChild@QDomNode@@UBE?AV1@XZ 1001288a f   qt-mt323:qt-mt323.dll
 0001:00011890       ?firstChild@QDomNode@@UBE?AV1@XZ 10012890 f   qt-mt323:qt-mt323.dll
 0001:00011896       ?childNodes@QDomNode@@UBE?AVQDomNodeList@@XZ 10012896 f   qt-mt323:qt-mt323.dll
 0001:0001189c       ?parentNode@QDomNode@@UBE?AV1@XZ 1001289c f   qt-mt323:qt-mt323.dll
 0001:000118a2       ?nodeType@QDomElement@@UBE?AW4NodeType@QDomNode@@XZ 100128a2 f   qt-mt323:qt-mt323.dll
 0001:000118a8       ?nodeName@QDomNode@@UBE?AVQString@@XZ 100128a8 f   qt-mt323:qt-mt323.dll
 0001:000118ae       ?isSupported@QDomNode@@UBE_NABVQString@@0@Z 100128ae f   qt-mt323:qt-mt323.dll
 0001:000118b4       ?normalize@QDomNode@@UAEXXZ 100128b4 f   qt-mt323:qt-mt323.dll
 0001:000118ba       ?cloneNode@QDomNode@@UBE?AV1@_N@Z 100128ba f   qt-mt323:qt-mt323.dll
 0001:000118c0       ?hasChildNodes@QDomNode@@UBE_NXZ 100128c0 f   qt-mt323:qt-mt323.dll
 0001:000118c6       ?appendChild@QDomNode@@UAE?AV1@ABV1@@Z 100128c6 f   qt-mt323:qt-mt323.dll
 0001:000118cc       ?removeChild@QDomNode@@UAE?AV1@ABV1@@Z 100128cc f   qt-mt323:qt-mt323.dll
 0001:000118d2       ?replaceChild@QDomNode@@UAE?AV1@ABV1@0@Z 100128d2 f   qt-mt323:qt-mt323.dll
 0001:000118d8       ?insertAfter@QDomNode@@UAE?AV1@ABV1@0@Z 100128d8 f   qt-mt323:qt-mt323.dll
 0001:000118de       ?insertBefore@QDomNode@@UAE?AV1@ABV1@0@Z 100128de f   qt-mt323:qt-mt323.dll
 0001:000118e4       ??1QDomNode@@UAE@XZ        100128e4 f   qt-mt323:qt-mt323.dll
 0001:000118ea       ??4QDomNode@@QAEAAV0@ABV0@@Z 100128ea f   qt-mt323:qt-mt323.dll
 0001:000118f0       ?look_string@QGDict@@QAEPAXABVQString@@PAXH@Z 100128f0 f   qt-mt323:qt-mt323.dll
 0001:000118f6       ?section@QString@@QBE?AV1@PBDHHH@Z 100128f6 f   qt-mt323:qt-mt323.dll
 0001:000118fc       ?startsWith@QString@@QBE_NABV1@@Z 100128fc f   qt-mt323:qt-mt323.dll
 0001:00011902       ??1QDomElement@@UAE@XZ     10012902 f   qt-mt323:qt-mt323.dll
 0001:00011908       ?attribute@QDomElement@@QBE?AVQString@@ABV2@0@Z 10012908 f   qt-mt323:qt-mt323.dll
 0001:0001190e       ?toElement@QDomNode@@QAE?AVQDomElement@@XZ 1001290e f   qt-mt323:qt-mt323.dll
 0001:00011914       ?isNull@QDomNode@@QBE_NXZ  10012914 f   qt-mt323:qt-mt323.dll
 0001:0001191a       ??1QDomDocument@@UAE@XZ    1001291a f   qt-mt323:qt-mt323.dll
 0001:00011920       ??9@YA_NABVQString@@PBD@Z  10012920 f   qt-mt323:qt-mt323.dll
 0001:00011926       ?tagName@QDomElement@@QBE?AVQString@@XZ 10012926 f   qt-mt323:qt-mt323.dll
 0001:0001192c       ?documentElement@QDomDocument@@QBE?AVQDomElement@@XZ 1001292c f   qt-mt323:qt-mt323.dll
 0001:00011932       ??0?$QValueList@VQString@@@@QAE@XZ 10012932 f   qt-mt323:qt-mt323.dll
 0001:00011938       ??0QDomDocument@@QAE@XZ    10012938 f   qt-mt323:qt-mt323.dll
 0001:0001193e       ??9@YA_NABVQString@@0@Z    1001293e f   qt-mt323:qt-mt323.dll
 0001:00011944       ?upper@QString@@QBE?AV1@XZ 10012944 f   qt-mt323:qt-mt323.dll
 0001:0001194a       ??H@YA?BVQString@@ABV0@0@Z 1001294a f   qt-mt323:qt-mt323.dll
 0001:00011950       ??0cPanel@@QAE@XZ          10012950 f   panel:panelif.obj
 0001:000119b0       ??_GcPanel@@UAEPAXI@Z      100129b0 f i panel:panelif.obj
 0001:000119b0       ??_EcPanel@@UAEPAXI@Z      100129b0 f i panel:panelif.obj
 0001:000119d0       ?connect@cPanel@@QAEIPBD@Z 100129d0 f   panel:panelif.obj
 0001:00011b10       ??1cPanel@@UAE@XZ          10012b10 f   panel:panelif.obj
 0001:00011b60       ?showError@cPanel@@AAEXKQBD@Z 10012b60 f   panel:panelif.obj
 0001:00011be0       ?getstate@cPanel@@QAEIXZ   10012be0 f   panel:panelif.obj
 0001:00011bf0       ?setstate@cPanel@@QAEII@Z  10012bf0 f   panel:panelif.obj
 0001:00011c00       ?incrx@cPanel@@AAEXXZ      10012c00 f   panel:panelif.obj
 0001:00011c10       ?setcounters@cPanel@@QAEXPAK0@Z 10012c10 f   panel:panelif.obj
 0001:00011c30       ?tokenize@cPanel@@AAEIXZ   10012c30 f   panel:panelif.obj
 0001:00011d10       ?setcachestate@cPanel@@QAEXI@Z 10012d10 f   panel:panelif.obj
 0001:00011d30       ?getcachestate@cPanel@@QAEIXZ 10012d30 f   panel:panelif.obj
 0001:00011d50       ?cachetest@cPanel@@QAEHIII@Z 10012d50 f   panel:panelif.obj
 0001:00011d90       ?cacheflush@cPanel@@QAEXI@Z 10012d90 f   panel:panelif.obj
 0001:00011db0       ?getdbname@cPanel@@QAEXGGGPADH@Z 10012db0 f   panel:panelif.obj
 0001:00011df0       ?getdbindex@cPanel@@QAEHGGPBD@Z 10012df0 f   panel:panelif.obj
 0001:00011e40       ?setdbname@cPanel@@QAEXGGGPBDH@Z 10012e40 f   panel:panelif.obj
 0001:00011ee0       ?regtallyrange@cPanel@@QAEJIIIH@Z 10012ee0 f   panel:panelif.obj
 0001:00011f40       ?unregtallyrange@cPanel@@QAEJIII@Z 10012f40 f   panel:panelif.obj
 0001:00011fd0       ?txrtrcmd@cPanel@@QAEJPBDH@Z 10012fd0 f   panel:panelif.obj
 0001:000120b0       ?txinfocmd@cPanel@@QAEJPBDH@Z 100130b0 f   panel:panelif.obj
 0001:00012170       ?txgpicmd@cPanel@@QAEJPBDH@Z 10013170 f   panel:panelif.obj
 0001:00012220       ?getparamcount@cPanel@@QAEIXZ 10013220 f   panel:panelif.obj
 0001:00012230       ?getparam@cPanel@@QAEPADI@Z 10013230 f   panel:panelif.obj
 0001:00012240       ?ClientWndProcInt@cPanel@@EAGJPAUHWND__@@IIJ@Z 10013240 f   panel:panelif.obj
 0001:00012690       ?ClientWndProc@cPanel@@CGJPAUHWND__@@IIJ@Z 10013690 f   panel:panelif.obj
 0001:000126f0       ?getcachedata@cPanel@@QAEHIIPADI@Z 100136f0 f   panel:panelif.obj
 0001:00012760       ?getcacheindex@cPanel@@QAEHIIIPBD@Z 10013760 f   panel:panelif.obj
 0001:000127d0       ?txnetcmd@cPanel@@QAEJPBD@Z 100137d0 f   panel:panelif.obj
 0001:00012840       _BNCS32TxMessage           10013840 f   bncsif32:BNCSIF32.dll
 0001:00012846       _BNCS32RxMessage           10013846 f   bncsif32:BNCSIF32.dll
 0001:00012850       ??0asyncPost@@QAE@IJH@Z    10013850 f   asyncpost:asyncPost.obj
 0001:000128a0       ??_EasyncPost@@UAEPAXI@Z   100138a0 f i asyncpost:asyncPost.obj
 0001:000128a0       ??_GasyncPost@@UAEPAXI@Z   100138a0 f i asyncpost:asyncPost.obj
 0001:000128c0       ??1asyncPost@@UAE@XZ       100138c0 f   asyncpost:asyncPost.obj
 0001:000128e0       ?lParam@asyncPost@@QAEJXZ  100138e0 f   asyncpost:asyncPost.obj
 0001:000128f0       ?wParam@asyncPost@@QAEIXZ  100138f0 f   asyncpost:asyncPost.obj
 0001:00012900       ??0Init@ios_base@std@@QAE@XZ 10013900 f   msvcprt:MSVCP60.dll
 0001:00012906       ??1Init@ios_base@std@@QAE@XZ 10013906 f   msvcprt:MSVCP60.dll
 0001:0001290c       ??0_Winit@std@@QAE@XZ      1001390c f   msvcprt:MSVCP60.dll
 0001:00012912       ??1_Winit@std@@QAE@XZ      10013912 f   msvcprt:MSVCP60.dll
 0001:00012918       ??3@YAXPAX@Z               10013918 f   msvcprt:delop_s.obj
 0001:00012924       ??1_Lockit@std@@QAE@XZ     10013924 f   msvcprt:MSVCP60.dll
 0001:0001292a       ??0_Lockit@std@@QAE@XZ     1001392a f   msvcprt:MSVCP60.dll
 0001:00012930       __onexit                   10013930 f   MSVCRT:atonexit.obj
 0001:0001295c       _atexit                    1001395c f   MSVCRT:atonexit.obj
 0001:0001296e       __purecall                 1001396e f   MSVCRT:MSVCRT.dll
 0001:00012974       ??0type_info@@AAE@ABV0@@Z  10013974 f   MSVCRT:ti_inst.obj
 0001:0001297f       ??_Gtype_info@@UAEPAXI@Z   1001397f f i MSVCRT:ti_inst.obj
 0001:0001297f       ??_Etype_info@@UAEPAXI@Z   1001397f f i MSVCRT:ti_inst.obj
 0001:0001299b       ??4type_info@@AAEAAV0@ABV0@@Z 1001399b f   MSVCRT:ti_inst.obj
 0001:000129a0       _clock                     100139a0 f   MSVCRT:MSVCRT.dll
 0001:000129a6       _time                      100139a6 f   MSVCRT:MSVCRT.dll
 0001:000129ac       ??2@YAPAXI@Z               100139ac f   MSVCRT:MSVCRT.dll
 0001:000129b2       ___CxxFrameHandler         100139b2 f   MSVCRT:MSVCRT.dll
 0001:000129c0       __CxxThrowException@8      100139c0 f   MSVCRT:MSVCRT.dll
 0001:000129c6       _sprintf                   100139c6 f   MSVCRT:MSVCRT.dll
 0001:000129cc       _atoi                      100139cc f   MSVCRT:MSVCRT.dll
 0001:000129d2       _vsprintf                  100139d2 f   MSVCRT:MSVCRT.dll
 0001:000129e0       __alloca_probe             100139e0 f   MSVCRT:chkstk.obj
 0001:000129e0       __chkstk                   100139e0 f   MSVCRT:chkstk.obj
 0001:00012a10       _atof                      10013a10 f   MSVCRT:MSVCRT.dll
 0001:00012a16       ??_M@YGXPAXIHP6EX0@Z@Z     10013a16 f   MSVCRT:ehvecdtr.obj
 0001:00012a96       ?__ArrayUnwind@@YGXPAXIHP6EX0@Z@Z 10013a96 f   MSVCRT:ehvecdtr.obj
 0001:00012b0a       ??_L@YGXPAXIHP6EX0@Z1@Z    10013b0a f   MSVCRT:ehvecctr.obj
 0001:00012b8c       ?_set_se_translator@@YAP6AXIPAU_EXCEPTION_POINTERS@@@ZP6AXI0@Z@Z 10013b8c f   MSVCRT:MSVCRT.dll
 0001:00012b92       __CRT_INIT@12              10013b92 f   MSVCRT:crtdll.obj
 0001:00012c3d       __DllMainCRTStartup@12     10013c3d f   MSVCRT:crtdll.obj
 0001:00012cda       _getenv                    10013cda f   MSVCRT:MSVCRT.dll
 0001:00012ce0       _free                      10013ce0 f   MSVCRT:MSVCRT.dll
 0001:00012ce6       ___dllonexit               10013ce6 f   MSVCRT:MSVCRT.dll
 0001:00012cec       ??1type_info@@UAE@XZ       10013cec f   MSVCRT:MSVCRT.dll
 0001:00012cf2       __except_handler3          10013cf2 f   MSVCRT:MSVCRT.dll
 0001:00012cf8       ?terminate@@YAXXZ          10013cf8 f   MSVCRT:MSVCRT.dll
 0001:00012cfe       __initterm                 10013cfe f   MSVCRT:MSVCRT.dll
 0001:00012d04       _malloc                    10013d04 f   MSVCRT:MSVCRT.dll
 0001:00012d0a       _CreateMutexA@12           10013d0a f   kernel32:KERNEL32.dll
 0001:00012d10       _CloseHandle@4             10013d10 f   kernel32:KERNEL32.dll
 0001:00012d16       _ReleaseMutex@4            10013d16 f   kernel32:KERNEL32.dll
 0001:00012d1c       _WaitForSingleObject@8     10013d1c f   kernel32:KERNEL32.dll
 0001:00012d22       _GetModuleFileNameA@12     10013d22 f   kernel32:KERNEL32.dll
 0001:00012d28       _GetPrivateProfileIntA@16  10013d28 f   kernel32:KERNEL32.dll
 0001:00012d2e       _GetLastError@0            10013d2e f   kernel32:KERNEL32.dll
 0001:00012d34       _lstrcpynA@12              10013d34 f   kernel32:KERNEL32.dll
 0001:00012d3a       _LocalFree@4               10013d3a f   kernel32:KERNEL32.dll
 0001:00012d40       _OutputDebugStringA@4      10013d40 f   kernel32:KERNEL32.dll
 0001:00012d46       _FormatMessageA@28         10013d46 f   kernel32:KERNEL32.dll
 0001:00012d4c       _lstrlenA@4                10013d4c f   kernel32:KERNEL32.dll
 0001:00012d52       _lstrcatA@8                10013d52 f   kernel32:KERNEL32.dll
 0001:00012d58       _lstrcpyA@8                10013d58 f   kernel32:KERNEL32.dll
 0001:00012d5e       _lstrcmpA@8                10013d5e f   kernel32:KERNEL32.dll
 0001:00012d64       _CreateWindowExA@48        10013d64 f   user32:USER32.dll
 0001:00012d6a       _RegisterClassA@4          10013d6a f   user32:USER32.dll
 0001:00012d70       _DestroyWindow@4           10013d70 f   user32:USER32.dll
 0001:00012d76       _IsWindow@4                10013d76 f   user32:USER32.dll
 0001:00012d7c       _SendMessageA@16           10013d7c f   user32:USER32.dll
 0001:00012d82       _wsprintfA                 10013d82 f   user32:USER32.dll
 0001:00012d88       _DefWindowProcA@16         10013d88 f   user32:USER32.dll
 0001:00012d8e       _PostMessageA@16           10013d8e f   user32:USER32.dll
 0001:00012d94       _FindWindowA@8             10013d94 f   user32:USER32.dll
 0001:00012d9a       _SetWindowLongA@12         10013d9a f   user32:USER32.dll
 0001:00012da0       _GetWindowLongA@8          10013da0 f   user32:USER32.dll
 0001:00012da6       _GetStockObject@4          10013da6 f   gdi32:GDI32.dll
 0002:00000000       __imp__BNCS32RxMessage     10016000     bncsif32:BNCSIF32.dll
 0002:00000004       __imp__BNCS32TxMessage     10016004     bncsif32:BNCSIF32.dll
 0002:00000008       \177BNCSIF32_NULL_THUNK_DATA 10016008     bncsif32:BNCSIF32.dll
 0002:0000000c       __imp__GetStockObject@4    1001600c     gdi32:GDI32.dll
 0002:00000010       \177GDI32_NULL_THUNK_DATA  10016010     gdi32:GDI32.dll
 0002:00000014       __imp__lstrcpyA@8          10016014     kernel32:KERNEL32.dll
 0002:00000018       __imp__CloseHandle@4       10016018     kernel32:KERNEL32.dll
 0002:0000001c       __imp__ReleaseMutex@4      1001601c     kernel32:KERNEL32.dll
 0002:00000020       __imp__WaitForSingleObject@8 10016020     kernel32:KERNEL32.dll
 0002:00000024       __imp__GetModuleFileNameA@12 10016024     kernel32:KERNEL32.dll
 0002:00000028       __imp__GetPrivateProfileIntA@16 10016028     kernel32:KERNEL32.dll
 0002:0000002c       __imp__GetLastError@0      1001602c     kernel32:KERNEL32.dll
 0002:00000030       __imp__lstrcpynA@12        10016030     kernel32:KERNEL32.dll
 0002:00000034       __imp__LocalFree@4         10016034     kernel32:KERNEL32.dll
 0002:00000038       __imp__OutputDebugStringA@4 10016038     kernel32:KERNEL32.dll
 0002:0000003c       __imp__FormatMessageA@28   1001603c     kernel32:KERNEL32.dll
 0002:00000040       __imp__lstrcmpA@8          10016040     kernel32:KERNEL32.dll
 0002:00000044       __imp__CreateMutexA@12     10016044     kernel32:KERNEL32.dll
 0002:00000048       __imp__lstrcatA@8          10016048     kernel32:KERNEL32.dll
 0002:0000004c       __imp__lstrlenA@4          1001604c     kernel32:KERNEL32.dll
 0002:00000050       \177KERNEL32_NULL_THUNK_DATA 10016050     kernel32:KERNEL32.dll
 0002:00000054       __imp_??0_Lockit@std@@QAE@XZ 10016054     msvcprt:MSVCP60.dll
 0002:00000058       __imp_??1Init@ios_base@std@@QAE@XZ 10016058     msvcprt:MSVCP60.dll
 0002:0000005c       __imp_??0_Winit@std@@QAE@XZ 1001605c     msvcprt:MSVCP60.dll
 0002:00000060       __imp_??1_Winit@std@@QAE@XZ 10016060     msvcprt:MSVCP60.dll
 0002:00000064       __imp_??0Init@ios_base@std@@QAE@XZ 10016064     msvcprt:MSVCP60.dll
 0002:00000068       __imp_??1_Lockit@std@@QAE@XZ 10016068     msvcprt:MSVCP60.dll
 0002:0000006c       \177MSVCP60_NULL_THUNK_DATA 1001606c     msvcprt:MSVCP60.dll
 0002:00000070       __imp__clock               10016070     MSVCRT:MSVCRT.dll
 0002:00000074       __imp__time                10016074     MSVCRT:MSVCRT.dll
 0002:00000078       __imp_??2@YAPAXI@Z         10016078     MSVCRT:MSVCRT.dll
 0002:0000007c       __imp___purecall           1001607c     MSVCRT:MSVCRT.dll
 0002:00000080       __imp___adjust_fdiv        10016080     MSVCRT:MSVCRT.dll
 0002:00000084       __imp__malloc              10016084     MSVCRT:MSVCRT.dll
 0002:00000088       __imp___initterm           10016088     MSVCRT:MSVCRT.dll
 0002:0000008c       __imp_?terminate@@YAXXZ    1001608c     MSVCRT:MSVCRT.dll
 0002:00000090       __imp___except_handler3    10016090     MSVCRT:MSVCRT.dll
 0002:00000094       __imp_??1type_info@@UAE@XZ 10016094     MSVCRT:MSVCRT.dll
 0002:00000098       __imp___onexit             10016098     MSVCRT:MSVCRT.dll
 0002:0000009c       __imp____dllonexit         1001609c     MSVCRT:MSVCRT.dll
 0002:000000a0       __imp__free                100160a0     MSVCRT:MSVCRT.dll
 0002:000000a4       __imp__getenv              100160a4     MSVCRT:MSVCRT.dll
 0002:000000a8       __imp_?_set_se_translator@@YAP6AXIPAU_EXCEPTION_POINTERS@@@ZP6AXI0@Z@Z 100160a8     MSVCRT:MSVCRT.dll
 0002:000000ac       __imp__atof                100160ac     MSVCRT:MSVCRT.dll
 0002:000000b0       __imp__vsprintf            100160b0     MSVCRT:MSVCRT.dll
 0002:000000b4       __imp__atoi                100160b4     MSVCRT:MSVCRT.dll
 0002:000000b8       __imp__sprintf             100160b8     MSVCRT:MSVCRT.dll
 0002:000000bc       __imp___CxxThrowException@8 100160bc     MSVCRT:MSVCRT.dll
 0002:000000c0       __imp____CxxFrameHandler   100160c0     MSVCRT:MSVCRT.dll
 0002:000000c4       \177MSVCRT_NULL_THUNK_DATA 100160c4     MSVCRT:MSVCRT.dll
 0002:000000c8       __imp__CreateWindowExA@48  100160c8     user32:USER32.dll
 0002:000000cc       __imp__RegisterClassA@4    100160cc     user32:USER32.dll
 0002:000000d0       __imp__DestroyWindow@4     100160d0     user32:USER32.dll
 0002:000000d4       __imp__IsWindow@4          100160d4     user32:USER32.dll
 0002:000000d8       __imp__SendMessageA@16     100160d8     user32:USER32.dll
 0002:000000dc       __imp__wsprintfA           100160dc     user32:USER32.dll
 0002:000000e0       __imp__DefWindowProcA@16   100160e0     user32:USER32.dll
 0002:000000e4       __imp__PostMessageA@16     100160e4     user32:USER32.dll
 0002:000000e8       __imp__FindWindowA@8       100160e8     user32:USER32.dll
 0002:000000ec       __imp__SetWindowLongA@12   100160ec     user32:USER32.dll
 0002:000000f0       __imp__GetWindowLongA@8    100160f0     user32:USER32.dll
 0002:000000f4       \177USER32_NULL_THUNK_DATA 100160f4     user32:USER32.dll
 0002:000000f8       __imp_??4QString@@QAEAAV0@PBD@Z 100160f8     qt-mt323:qt-mt323.dll
 0002:000000fc       __imp_?start@QTime@@QAEXXZ 100160fc     qt-mt323:qt-mt323.dll
 0002:00000100       __imp_?toString@QTime@@QBE?AVQString@@ABV2@@Z 10016100     qt-mt323:qt-mt323.dll
 0002:00000104       __imp_?addMSecs@QTime@@QBE?AV1@H@Z 10016104     qt-mt323:qt-mt323.dll
 0002:00000108       __imp_?addSecs@QTime@@QBE?AV1@H@Z 10016108     qt-mt323:qt-mt323.dll
 0002:0000010c       __imp_?currentTime@QTime@@SA?AV1@XZ 1001610c     qt-mt323:qt-mt323.dll
 0002:00000110       __imp_?elapsed@QTime@@QBEHXZ 10016110     qt-mt323:qt-mt323.dll
 0002:00000114       __imp_?arg@QString@@QBE?AV1@IHH@Z 10016114     qt-mt323:qt-mt323.dll
 0002:00000118       __imp_?arg@QString@@QBE?AV1@HHH@Z 10016118     qt-mt323:qt-mt323.dll
 0002:0000011c       __imp_?arg@QString@@QBE?AV1@ABV1@H@Z 1001611c     qt-mt323:qt-mt323.dll
 0002:00000120       __imp_?qDebug@@YAXPBDZZ    10016120     qt-mt323:qt-mt323.dll
 0002:00000124       __imp_?ascii@QString@@QBEPBDXZ 10016124     qt-mt323:qt-mt323.dll
 0002:00000128       __imp_??H@YA?BVQString@@PBDABV0@@Z 10016128     qt-mt323:qt-mt323.dll
 0002:0000012c       __imp_?end@?$QValueList@VQString@@@@QAE?AV?$QValueListIterator@VQString@@@@XZ 1001612c     qt-mt323:qt-mt323.dll
 0002:00000130       __imp_?arg@QString@@QBE?AV1@DH@Z 10016130     qt-mt323:qt-mt323.dll
 0002:00000134       __imp_??1?$QMemArray@H@@UAE@XZ 10016134     qt-mt323:qt-mt323.dll
 0002:00000138       __imp_??1?$QMemArray@_N@@UAE@XZ 10016138     qt-mt323:qt-mt323.dll
 0002:0000013c       __imp_??1?$QMemArray@D@@UAE@XZ 1001613c     qt-mt323:qt-mt323.dll
 0002:00000140       __imp_??1?$QPtrList@D@@UAE@XZ 10016140     qt-mt323:qt-mt323.dll
 0002:00000144       __imp_??1?$QMemArray@VQPoint@@@@UAE@XZ 10016144     qt-mt323:qt-mt323.dll
 0002:00000148       __imp_??1?$QPtrList@VQObject@@@@UAE@XZ 10016148     qt-mt323:qt-mt323.dll
 0002:0000014c       __imp_??M@YA_NABVQString@@0@Z 1001614c     qt-mt323:qt-mt323.dll
 0002:00000150       __imp_??8@YA_NABVQString@@0@Z 10016150     qt-mt323:qt-mt323.dll
 0002:00000154       __imp_?qWarning@@YAXPBDZZ  10016154     qt-mt323:qt-mt323.dll
 0002:00000158       __imp_??0QString@@QAE@XZ   10016158     qt-mt323:qt-mt323.dll
 0002:0000015c       __imp_?left@QString@@QBE?AV1@I@Z 1001615c     qt-mt323:qt-mt323.dll
 0002:00000160       __imp_?toDouble@QString@@QBENPA_N@Z 10016160     qt-mt323:qt-mt323.dll
 0002:00000164       __imp_?null@QChar@@2V1@A   10016164     qt-mt323:qt-mt323.dll
 0002:00000168       __imp_?split@QStringList@@SA?AV1@ABVQChar@@ABVQString@@_N@Z 10016168     qt-mt323:qt-mt323.dll
 0002:0000016c       __imp_?remove@QString@@QAEAAV1@VQChar@@@Z 1001616c     qt-mt323:qt-mt323.dll
 0002:00000170       __imp_?find@QString@@QBEHVQChar@@H_N@Z 10016170     qt-mt323:qt-mt323.dll
 0002:00000174       __imp_??0QChar@@QAE@D@Z    10016174     qt-mt323:qt-mt323.dll
 0002:00000178       __imp_?arg@QString@@QBE?AV1@NHDH@Z 10016178     qt-mt323:qt-mt323.dll
 0002:0000017c       __imp_??0?$QValueListIterator@VQString@@@@QAE@ABV0@@Z 1001617c     qt-mt323:qt-mt323.dll
 0002:00000180       __imp_?write@QGDict@@MBEAAVQDataStream@@AAV2@PAX@Z 10016180     qt-mt323:qt-mt323.dll
 0002:00000184       __imp_?read@QGDict@@MAEAAVQDataStream@@AAV2@AAPAX@Z 10016184     qt-mt323:qt-mt323.dll
 0002:00000188       __imp_?newItem@QPtrCollection@@MAEPAXPAX@Z 10016188     qt-mt323:qt-mt323.dll
 0002:0000018c       __imp_??YQString@@QAEAAV0@ABV0@@Z 1001618c     qt-mt323:qt-mt323.dll
 0002:00000190       __imp_??0QGDict@@IAE@IW4KeyType@0@_N1@Z 10016190     qt-mt323:qt-mt323.dll
 0002:00000194       __imp_??1QGDict@@MAE@XZ    10016194     qt-mt323:qt-mt323.dll
 0002:00000198       __imp_?clear@QGDict@@MAEXXZ 10016198     qt-mt323:qt-mt323.dll
 0002:0000019c       __imp_?setContent@QDomDocument@@QAE_NPAVQIODevice@@PAVQString@@PAH2@Z 1001619c     qt-mt323:qt-mt323.dll
 0002:000001a0       __imp_?elementsByTagNameNS@QDomElement@@UBE?AVQDomNodeList@@ABVQString@@0@Z 100161a0     qt-mt323:qt-mt323.dll
 0002:000001a4       __imp_?elementsByTagName@QDomElement@@UBE?AVQDomNodeList@@ABVQString@@@Z 100161a4     qt-mt323:qt-mt323.dll
 0002:000001a8       __imp_?isComment@QDomNode@@UBE_NXZ 100161a8     qt-mt323:qt-mt323.dll
 0002:000001ac       __imp_?isCharacterData@QDomNode@@UBE_NXZ 100161ac     qt-mt323:qt-mt323.dll
 0002:000001b0       __imp_?isProcessingInstruction@QDomNode@@UBE_NXZ 100161b0     qt-mt323:qt-mt323.dll
 0002:000001b4       __imp_?isNotation@QDomNode@@UBE_NXZ 100161b4     qt-mt323:qt-mt323.dll
 0002:000001b8       __imp_?isEntity@QDomNode@@UBE_NXZ 100161b8     qt-mt323:qt-mt323.dll
 0002:000001bc       __imp_?isText@QDomNode@@UBE_NXZ 100161bc     qt-mt323:qt-mt323.dll
 0002:000001c0       __imp_?childEvent@QObject@@MAEXPAVQChildEvent@@@Z 100161c0     qt-mt323:qt-mt323.dll
 0002:000001c4       __imp_?isElement@QDomElement@@UBE_NXZ 100161c4     qt-mt323:qt-mt323.dll
 0002:000001c8       __imp_?section@QString@@QBE?AV1@DHHH@Z 100161c8     qt-mt323:qt-mt323.dll
 0002:000001cc       __imp_?isDocument@QDomNode@@UBE_NXZ 100161cc     qt-mt323:qt-mt323.dll
 0002:000001d0       __imp_?isDocumentFragment@QDomNode@@UBE_NXZ 100161d0     qt-mt323:qt-mt323.dll
 0002:000001d4       __imp_?isCDATASection@QDomNode@@UBE_NXZ 100161d4     qt-mt323:qt-mt323.dll
 0002:000001d8       __imp_?isAttr@QDomNode@@UBE_NXZ 100161d8     qt-mt323:qt-mt323.dll
 0002:000001dc       __imp_?setPrefix@QDomNode@@UAEXABVQString@@@Z 100161dc     qt-mt323:qt-mt323.dll
 0002:000001e0       __imp_?prefix@QDomNode@@UBE?AVQString@@XZ 100161e0     qt-mt323:qt-mt323.dll
 0002:000001e4       __imp_?setNodeValue@QDomNode@@UAEXABVQString@@@Z 100161e4     qt-mt323:qt-mt323.dll
 0002:000001e8       __imp_?nodeValue@QDomNode@@UBE?AVQString@@XZ 100161e8     qt-mt323:qt-mt323.dll
 0002:000001ec       __imp_?hasAttributes@QDomNode@@UBE_NXZ 100161ec     qt-mt323:qt-mt323.dll
 0002:000001f0       __imp_?localName@QDomNode@@UBE?AVQString@@XZ 100161f0     qt-mt323:qt-mt323.dll
 0002:000001f4       __imp_?namespaceURI@QDomNode@@UBE?AVQString@@XZ 100161f4     qt-mt323:qt-mt323.dll
 0002:000001f8       __imp_?ownerDocument@QDomNode@@UBE?AVQDomDocument@@XZ 100161f8     qt-mt323:qt-mt323.dll
 0002:000001fc       __imp_?attributes@QDomElement@@UBE?AVQDomNamedNodeMap@@XZ 100161fc     qt-mt323:qt-mt323.dll
 0002:00000200       __imp_?nextSibling@QDomNode@@UBE?AV1@XZ 10016200     qt-mt323:qt-mt323.dll
 0002:00000204       __imp_?previousSibling@QDomNode@@UBE?AV1@XZ 10016204     qt-mt323:qt-mt323.dll
 0002:00000208       __imp_?lastChild@QDomNode@@UBE?AV1@XZ 10016208     qt-mt323:qt-mt323.dll
 0002:0000020c       __imp_?firstChild@QDomNode@@UBE?AV1@XZ 1001620c     qt-mt323:qt-mt323.dll
 0002:00000210       __imp_?childNodes@QDomNode@@UBE?AVQDomNodeList@@XZ 10016210     qt-mt323:qt-mt323.dll
 0002:00000214       __imp_?parentNode@QDomNode@@UBE?AV1@XZ 10016214     qt-mt323:qt-mt323.dll
 0002:00000218       __imp_?nodeType@QDomElement@@UBE?AW4NodeType@QDomNode@@XZ 10016218     qt-mt323:qt-mt323.dll
 0002:0000021c       __imp_?nodeName@QDomNode@@UBE?AVQString@@XZ 1001621c     qt-mt323:qt-mt323.dll
 0002:00000220       __imp_?isSupported@QDomNode@@UBE_NABVQString@@0@Z 10016220     qt-mt323:qt-mt323.dll
 0002:00000224       __imp_?normalize@QDomNode@@UAEXXZ 10016224     qt-mt323:qt-mt323.dll
 0002:00000228       __imp_?cloneNode@QDomNode@@UBE?AV1@_N@Z 10016228     qt-mt323:qt-mt323.dll
 0002:0000022c       __imp_?hasChildNodes@QDomNode@@UBE_NXZ 1001622c     qt-mt323:qt-mt323.dll
 0002:00000230       __imp_?appendChild@QDomNode@@UAE?AV1@ABV1@@Z 10016230     qt-mt323:qt-mt323.dll
 0002:00000234       __imp_?removeChild@QDomNode@@UAE?AV1@ABV1@@Z 10016234     qt-mt323:qt-mt323.dll
 0002:00000238       __imp_?replaceChild@QDomNode@@UAE?AV1@ABV1@0@Z 10016238     qt-mt323:qt-mt323.dll
 0002:0000023c       __imp_?insertAfter@QDomNode@@UAE?AV1@ABV1@0@Z 1001623c     qt-mt323:qt-mt323.dll
 0002:00000240       __imp_?insertBefore@QDomNode@@UAE?AV1@ABV1@0@Z 10016240     qt-mt323:qt-mt323.dll
 0002:00000244       __imp_??1QDomNode@@UAE@XZ  10016244     qt-mt323:qt-mt323.dll
 0002:00000248       __imp_??4QDomNode@@QAEAAV0@ABV0@@Z 10016248     qt-mt323:qt-mt323.dll
 0002:0000024c       __imp_?look_string@QGDict@@QAEPAXABVQString@@PAXH@Z 1001624c     qt-mt323:qt-mt323.dll
 0002:00000250       __imp_?section@QString@@QBE?AV1@PBDHHH@Z 10016250     qt-mt323:qt-mt323.dll
 0002:00000254       __imp_?startsWith@QString@@QBE_NABV1@@Z 10016254     qt-mt323:qt-mt323.dll
 0002:00000258       __imp_??1QDomElement@@UAE@XZ 10016258     qt-mt323:qt-mt323.dll
 0002:0000025c       __imp_?attribute@QDomElement@@QBE?AVQString@@ABV2@0@Z 1001625c     qt-mt323:qt-mt323.dll
 0002:00000260       __imp_?toElement@QDomNode@@QAE?AVQDomElement@@XZ 10016260     qt-mt323:qt-mt323.dll
 0002:00000264       __imp_?isNull@QDomNode@@QBE_NXZ 10016264     qt-mt323:qt-mt323.dll
 0002:00000268       __imp_??1QDomDocument@@UAE@XZ 10016268     qt-mt323:qt-mt323.dll
 0002:0000026c       __imp_??9@YA_NABVQString@@PBD@Z 1001626c     qt-mt323:qt-mt323.dll
 0002:00000270       __imp_?tagName@QDomElement@@QBE?AVQString@@XZ 10016270     qt-mt323:qt-mt323.dll
 0002:00000274       __imp_?documentElement@QDomDocument@@QBE?AVQDomElement@@XZ 10016274     qt-mt323:qt-mt323.dll
 0002:00000278       __imp_??0?$QValueList@VQString@@@@QAE@XZ 10016278     qt-mt323:qt-mt323.dll
 0002:0000027c       __imp_??0QDomDocument@@QAE@XZ 1001627c     qt-mt323:qt-mt323.dll
 0002:00000280       __imp_??9@YA_NABVQString@@0@Z 10016280     qt-mt323:qt-mt323.dll
 0002:00000284       __imp_?upper@QString@@QBE?AV1@XZ 10016284     qt-mt323:qt-mt323.dll
 0002:00000288       __imp_??H@YA?BVQString@@ABV0@0@Z 10016288     qt-mt323:qt-mt323.dll
 0002:0000028c       __imp_?customEvent@QObject@@MAEXPAVQCustomEvent@@@Z 1001628c     qt-mt323:qt-mt323.dll
 0002:00000290       __imp_?connectNotify@QObject@@MAEXPBD@Z 10016290     qt-mt323:qt-mt323.dll
 0002:00000294       __imp_?disconnectNotify@QObject@@MAEXPBD@Z 10016294     qt-mt323:qt-mt323.dll
 0002:00000298       __imp_??8@YA_NABVQString@@PBD@Z 10016298     qt-mt323:qt-mt323.dll
 0002:0000029c       __imp_?toInt@QString@@QBEHPA_NH@Z 1001629c     qt-mt323:qt-mt323.dll
 0002:000002a0       __imp_??4QString@@QAEAAV0@ABV0@@Z 100162a0     qt-mt323:qt-mt323.dll
 0002:000002a4       __imp_?right@QString@@QBE?AV1@I@Z 100162a4     qt-mt323:qt-mt323.dll
 0002:000002a8       __imp_?mid@QString@@QBE?AV1@II@Z 100162a8     qt-mt323:qt-mt323.dll
 0002:000002ac       __imp_??H@YA?BVQString@@ABV0@PBD@Z 100162ac     qt-mt323:qt-mt323.dll
 0002:000002b0       __imp_??0QFileInfo@@QAE@ABVQString@@@Z 100162b0     qt-mt323:qt-mt323.dll
 0002:000002b4       __imp_?dirPath@QFileInfo@@QBE?AVQString@@_N@Z 100162b4     qt-mt323:qt-mt323.dll
 0002:000002b8       __imp_??YQString@@QAEAAV0@PBD@Z 100162b8     qt-mt323:qt-mt323.dll
 0002:000002bc       __imp_?null@QString@@2V1@A 100162bc     qt-mt323:qt-mt323.dll
 0002:000002c0       __imp_??0QDir@@QAE@ABVQString@@0HH@Z 100162c0     qt-mt323:qt-mt323.dll
 0002:000002c4       __imp_?dirName@QDir@@UBE?AVQString@@XZ 100162c4     qt-mt323:qt-mt323.dll
 0002:000002c8       __imp_??0QFile@@QAE@ABVQString@@@Z 100162c8     qt-mt323:qt-mt323.dll
 0002:000002cc       __imp_?debug@@YAXPBDZZ     100162cc     qt-mt323:qt-mt323.dll
 0002:000002d0       __imp_?exists@QFile@@QBE_NXZ 100162d0     qt-mt323:qt-mt323.dll
 0002:000002d4       __imp_??1QFile@@UAE@XZ     100162d4     qt-mt323:qt-mt323.dll
 0002:000002d8       __imp_??1QDir@@UAE@XZ      100162d8     qt-mt323:qt-mt323.dll
 0002:000002dc       __imp_??1QFileInfo@@QAE@XZ 100162dc     qt-mt323:qt-mt323.dll
 0002:000002e0       __imp_?open@QFile@@UAE_NH@Z 100162e0     qt-mt323:qt-mt323.dll
 0002:000002e4       __imp_??0QRegExp@@QAE@ABVQString@@_N1@Z 100162e4     qt-mt323:qt-mt323.dll
 0002:000002e8       __imp_??0QTextStream@@QAE@PAVQIODevice@@@Z 100162e8     qt-mt323:qt-mt323.dll
 0002:000002ec       __imp_?readLine@QTextStream@@QAE?AVQString@@XZ 100162ec     qt-mt323:qt-mt323.dll
 0002:000002f0       __imp_??AQString@@QAE?AVQCharRef@@H@Z 100162f0     qt-mt323:qt-mt323.dll
 0002:000002f4       __imp_??BQCharRef@@QBE?AVQChar@@XZ 100162f4     qt-mt323:qt-mt323.dll
 0002:000002f8       __imp_?search@QRegExp@@QBEHABVQString@@H@Z 100162f8     qt-mt323:qt-mt323.dll
 0002:000002fc       __imp_?cap@QRegExp@@QAE?AVQString@@H@Z 100162fc     qt-mt323:qt-mt323.dll
 0002:00000300       __imp_?split@QStringList@@SA?AV1@ABVQString@@0_N@Z 10016300     qt-mt323:qt-mt323.dll
[...]
   448 0001:00007909   450 0001:00007930   451 0001:00007945   452 0001:0000795b
   453 0001:00007963   455 0001:00007969   456 0001:00007975   457 0001:0000798c
   458 0001:00007990   459 0001:00007999   460 0001:000079b2   462 0001:000079d0
   464 0001:000079e1   465 0001:00007a0c   467 0001:00007a0f   475 0001:00007a3d
   476 0001:00007a40   477 0001:00007a48   468 0001:00007a4d   469 0001:00007a4f
   470 0001:00007a56   471 0001:00007a59   472 0001:00007a5f   473 0001:00007a65
   479 0001:00007a67   480 0001:00007a83   481 0001:00007a90   482 0001:00007a93
   483 0001:00007a98   484 0001:00007aa0   485 0001:00007aa3   486 0001:00007aac
   487 0001:00007ab2   488 0001:00007ab7   489 0001:00007abc   490 0001:00007abe
   491 0001:00007af9   492 0001:00007b03   493 0001:00007b0c   494 0001:00007b3b
   493 0001:00007b40   494 0001:00007b4e   493 0001:00007b53   494 0001:00007b58
   496 0001:00007b5d   497 0001:00007b62   498 0001:00007b6a   499 0001:00007b6d
   500 0001:00007b76   501 0001:00007b7c   502 0001:00007b81   503 0001:00007b85
   504 0001:00007b87   505 0001:00007bc4   506 0001:00007bce   507 0001:00007bd7
   508 0001:00007c24   509 0001:00007c33   511 0001:00007c40   513 0001:00007c43
   514 0001:00007c51   515 0001:00007c5c   516 0001:00007c5f   517 0001:00007c61
   513 0001:00007c65   518 0001:00007c6a   538 0001:00007c70   539 0001:00007c81
   540 0001:00007c8a   542 0001:00007c90   543 0001:00007ca0   544 0001:00007ca8
   577 0001:00007cb0   579 0001:00007cb7   580 0001:00007cbb   581 0001:00007cc8
    92 0001:00007cd0    94 0001:00007ce2   101 0001:00007ce6    95 0001:00007ce9
    96 0001:00007cf5   101 0001:00007d08    99 0001:00007d09   100 0001:00007d12
   101 0001:00007d1d   511 0001:00007d30   513 0001:00007d33   514 0001:00007d41
   515 0001:00007d4c   516 0001:00007d4f   517 0001:00007d51   513 0001:00007d55
   518 0001:00007d5a   577 0001:00007d60   579 0001:00007d67   580 0001:00007d6b
   581 0001:00007d78    92 0001:00007d80    94 0001:00007d92   101 0001:00007d96
    95 0001:00007d99    96 0001:00007da5   101 0001:00007db8    99 0001:00007db9
   100 0001:00007dc2   101 0001:00007dcd   524 0001:00007de0   525 0001:00007de8
   526 0001:00007ded   527 0001:00007df7   528 0001:00007dfa   529 0001:00007e00
   530 0001:00007e08   535 0001:00007e0b   536 0001:00007e0d   531 0001:00007e14
   532 0001:00007e1b   535 0001:00007e1d   536 0001:00007e1f   534 0001:00007e26
   535 0001:00007e29   536 0001:00007e2b   542 0001:00007e40   543 0001:00007e50
   544 0001:00007e58   554 0001:00007e60   555 0001:00007e67   556 0001:00007e6c
   557 0001:00007e77   558 0001:00007e7a   559 0001:00007e80   560 0001:00007e88
   565 0001:00007e8b   566 0001:00007e8e   561 0001:00007e95   562 0001:00007e9d
   565 0001:00007ea0   566 0001:00007ea3   564 0001:00007eaa   565 0001:00007eac
   566 0001:00007eaf   577 0001:00007ec0   579 0001:00007ec7   580 0001:00007ecb
   581 0001:00007ed8    92 0001:00007ee0    94 0001:00007ef2   101 0001:00007ef6
    95 0001:00007ef9    96 0001:00007f05   101 0001:00007f18    99 0001:00007f19
   100 0001:00007f22   101 0001:00007f2d   103 0001:00007f40   104 0001:00007f50
   110 0001:00007f61   107 0001:00007f62   108 0001:00007f6c   109 0001:00007f78
   110 0001:00007f7f

Line numbers for .\Release\bncs_input.obj(C:\Qt\3.2.3\include\qstring.h) segment .text

   304 0001:00001a00   306 0001:00001a12

Line numbers for .\Release\bncs_input.obj(..\..\..\..\include\alarms_input_base.h) segment .text

    30 0001:000003b0

Line numbers for .\Release\bncs_input.obj(..\..\..\..\include\alarms_base.h) segment .text

    38 0001:00000390    40 0001:000003a0

Line numbers for .\Release\bncs_input.obj(w:\core_svn\Source\windows\lib\alarms\alm_bncs_acq\bncs_input.cpp) segment .text

    46 0001:00000080    48 0001:0000029f    49 0001:000002d0    50 0001:000002dd
    51 0001:00000303    52 0001:00000311    55 0001:00000317    56 0001:00000327
    58 0001:0000032d    59 0001:00000338    60 0001:00000343    61 0001:0000034e
    64 0001:00000359    65 0001:00000377    68 0001:000006f0    69 0001:00000705
    71 0001:00000717    73 0001:00000721    76 0001:00000760    79 0001:00000766
    82 0001:00000777    99 0001:0000078d   102 0001:0000079b   103 0001:0000079d
    85 0001:000007a2   103 0001:000007a4    89 0001:000007a9    90 0001:000007b4
    91 0001:000007cf   103 0001:000007d1    95 0001:000007d6   102 0001:000007e4
   103 0001:000007e6   106 0001:000007f0   107 0001:0000082b   110 0001:00000841
   113 0001:0000084e   114 0001:0000085e   115 0001:00000863   116 0001:0000086d
   117 0001:00000872   118 0001:0000087c   122 0001:00000881   123 0001:00000892
   125 0001:0000089c   128 0001:000008a6   130 0001:000008b6   131 0001:000008b9
   132 0001:000008bd   134 0001:000008da   137 0001:00000902   139 0001:0000090b
   140 0001:0000090d   143 0001:0000091b   144 0001:00000928   146 0001:0000092c
   149 0001:00000936   151 0001:00000946   152 0001:00000949   153 0001:0000094d
   155 0001:0000096a   158 0001:00000984   160 0001:0000098d   161 0001:0000098f
   164 0001:0000099d   165 0001:000009a8   167 0001:000009ae   170 0001:000009b6
   172 0001:000009c6   173 0001:000009c9   174 0001:000009cd   176 0001:000009ea
   178 0001:00000a04   180 0001:00000a0d   181 0001:00000a0f   183 0001:00000a1d
   184 0001:00000a2d   185 0001:00000a30   186 0001:00000a3a   187 0001:00000a3d
   188 0001:00000a47   189 0001:00000a4a   190 0001:00000a54   195 0001:00000a57
   198 0001:00000a62   199 0001:00000a64   200 0001:00000a74   201 0001:00000a7f
   204 0001:00000d10   207 0001:00000d16   210 0001:00000d20   213 0001:00000d26
   222 0001:00000d30   227 0001:00000d33   229 0001:00000d4f   230 0001:00000d5e
   234 0001:00000d66   258 0001:00000d73   234 0001:00000d9e   242 0001:00000dc9
   245 0001:00000dd5   251 0001:00000de2   253 0001:00000ded   262 0001:00000df2
   248 0001:00000df5   251 0001:00000e00   253 0001:00000e0d   262 0001:00000e12
   257 0001:00000e15   258 0001:00000e23   262 0001:00000e26   265 0001:00000e30
   267 0001:00000e36   270 0001:00000e40   274 0001:00000e4c   275 0001:00000e58
   278 0001:00000e60   282 0001:00000e70   285 0001:00000e7d   288 0001:00000e80
   291 0001:00000e85   294 0001:00000e90   297 0001:00000e9a   300 0001:00000ea0
   302 0001:00000ea6   305 0001:00000eb0   308 0001:00000eba   311 0001:00000ec0
   313 0001:00000ec6   321 0001:00000ed0   324 0001:00000eee   327 0001:00000ef5
   328 0001:00000f14   329 0001:00000f5f   331 0001:00000fab   334 0001:00000ffd
   336 0001:00001014   339 0001:0000101a   340 0001:0000102a   342 0001:00001040
   344 0001:00001052   345 0001:0000106d   346 0001:00001081   353 0001:00001095
   358 0001:000010a2   360 0001:000010a9   362 0001:000010b7   366 0001:000010d5
   367 0001:000010e6   370 0001:000010ea   373 0001:000010f4   375 0001:00001103
   376 0001:00001106   377 0001:0000110a   379 0001:00001125   382 0001:0000113e
   383 0001:0000114b   385 0001:0000114f   386 0001:00001151   388 0001:0000115f
   390 0001:00001169   393 0001:00001172   395 0001:00001186   396 0001:0000119d
   536 0001:00001218   400 0001:0000122b   402 0001:00001245   403 0001:00001256
   404 0001:00001261   406 0001:00001269   407 0001:00001283   410 0001:0000129f
   411 0001:000012fd   412 0001:00001339   415 0001:00001375   416 0001:00001397
   418 0001:000013b3   419 0001:000013cc   421 0001:0000140f   424 0001:0000143e
   427 0001:00001470   429 0001:0000147f   432 0001:00001484   436 0001:00001498
   437 0001:000014d5   439 0001:000014de   441 0001:000014f1   444 0001:000014f6
   446 0001:00001544   447 0001:00001656   448 0001:00001671   451 0001:000016a2
   453 0001:000016b6   456 0001:000016c2   458 0001:000016cf   459 0001:000016d5
   460 0001:0000170e   463 0001:00001717   465 0001:00001724   466 0001:000017e5
   467 0001:000017e7   473 0001:000017f5   475 0001:00001806   477 0001:00001818
   479 0001:00001822   482 0001:00001833   485 0001:0000183e   488 0001:00001849
   491 0001:00001850   494 0001:0000185b   497 0001:0000186c   499 0001:00001874
   501 0001:00001876   502 0001:00001881   504 0001:00001887   507 0001:00001890
   510 0001:00001892   511 0001:000018a0   514 0001:000018bb   533 0001:000018e1
   535 0001:00001903   536 0001:0000197c   518 0001:00001991   520 0001:000019b2
   521 0001:000019bc   522 0001:000019c9   526 0001:000019d2   528 0001:000019e0
   529 0001:000019ea   530 0001:000019f7   539 0001:00001c20   542 0001:00001c3b
   549 0001:00001c4c   551 0001:00001c5f   558 0001:00001c68   560 0001:00001ca3
   561 0001:00001cbe   563 0001:00001cd0   564 0001:00001dc5   567 0001:00001e10
   572 0001:00001e2e   577 0001:00001e5a   579 0001:00001e74   593 0001:00001e8b
   594 0001:00001ea3   597 0001:00001eb5   598 0001:00001ee6   600 0001:00001ef6
   602 0001:00001f3d   604 0001:00001f4d   606 0001:00001f54   614 0001:00001f59
   615 0001:00001f71   616 0001:00001f83   617 0001:00001fb4   619 0001:00001fc4
   620 0001:0000200b   623 0001:00002039   583 0001:0000203b   584 0001:00002053
   585 0001:00002065   587 0001:0000208d   629 0001:0000209d   630 0001:000020ac
   635 0001:000020b4   638 0001:000020db   639 0001:000020de   642 0001:000020ea
   647 0001:000020f8   649 0001:00002106   651 0001:0000211a   654 0001:0000211c
   655 0001:0000212e   658 0001:00002135   660 0001:00002138   663 0001:0000213a
   668 0001:00002141   670 0001:00002151   672 0001:00002156   677 0001:00002159
   679 0001:000021a2   680 0001:000021a9   685 0001:000021b4   689 0001:000021c2
   693 0001:000021d0   695 0001:000021d7   697 0001:000021e0   699 0001:000021e2
   691 0001:000021ee   693 0001:000021f9   687 0001:000021fb   702 0001:00002206
   703 0001:0000224d   635 0001:0000229a   710 0001:000022d6   713 0001:000022e3
   714 0001:000022e5   737 0001:000022f3   720 0001:0000232e   722 0001:0000234f
   723 0001:00002359   724 0001:00002366   728 0001:0000236f   730 0001:0000237d
   731 0001:00002387   732 0001:00002394   740 0001:000023a0   743 0001:000023bc
   744 0001:000023cb   746 0001:000023d5   748 0001:000023e4   749 0001:000023fb
   752 0001:0000240d   753 0001:0000242c   754 0001:0000243e   755 0001:00002444
   758 0001:00002447   762 0001:00002453   763 0001:00002470   793 0001:00002477
   797 0001:00002488   770 0001:00002499   773 0001:000024a1   774 0001:000024a5
   775 0001:000024af   776 0001:000024bc   777 0001:000024be   780 0001:000024c1
   781 0001:000024cd   782 0001:0000250a   789 0001:00002514   790 0001:00002521
   793 0001:0000252e   797 0001:0000253f   796 0001:00002550   797 0001:0000255b
   800 0001:00002580   803 0001:00002599   805 0001:000025a9   806 0001:000025bc
   808 0001:000025c6   812 0001:000025cf   813 0001:000025e4   815 0001:000025f6
   816 0001:00002615   819 0001:00002618   820 0001:00002639   821 0001:00002654
   823 0001:00002669   825 0001:00002690   827 0001:00002695   829 0001:000026e7
   830 0001:00002713   832 0001:00002718   834 0001:00002723   836 0001:00002726
   837 0001:00002736   838 0001:00002751   842 0001:00002766   844 0001:000027c2
   830 0001:000027e8   846 0001:000027ec   881 0001:000027fa   883 0001:00002807
   848 0001:0000280c   851 0001:00002814   852 0001:0000281a   854 0001:0000281d
   855 0001:00002855   875 0001:0000285f   881 0001:00002870   883 0001:0000287d
   861 0001:00002882   863 0001:0000288d   865 0001:00002890   866 0001:0000289e
   867 0001:000028b9   871 0001:000028d0   873 0001:0000292b   875 0001:00002956
   881 0001:00002964   883 0001:00002971   879 0001:00002973   881 0001:0000297e
   883 0001:0000298e   884 0001:00002990   886 0001:0000299e   889 0001:000029c0
   892 0001:000029c4   893 0001:000029d8   896 0001:000029e0   899 0001:000029ea
   900 0001:000029f8   951 0001:00002a00   960 0001:00002a20   961 0001:00002a46
   965 0001:00002a4e   966 0001:00002a5d   985 0001:00002a65   991 0001:00002a83
   995 0001:00002a8c   985 0001:00002a8d  1025 0001:00002ab3  1027 0001:00002ab7
  1028 0001:00002ac5  1029 0001:00002ae0  1030 0001:00002aec  1031 0001:00002b13
  1033 0001:00002b15  1034 0001:00002b25  1040 0001:00002b39  1041 0001:00002b52
  1043 0001:00002b56  1044 0001:00002b58  1046 0001:00002b66  1047 0001:00002b73
  1049 0001:00002b77  1050 0001:00002b79  1052 0001:00002b87  1054 0001:00002b91
  1079 0001:00002ba2  1059 0001:00002bb3  1061 0001:00002bd4  1062 0001:00002bde
  1064 0001:00002beb  1065 0001:00002bf2  1066 0001:00002bff  1070 0001:00002c08
  1072 0001:00002c16  1073 0001:00002c20  1075 0001:00002c2d  1076 0001:00002c34
  1077 0001:00002c41  1082 0001:00002c50  1093 0001:00002c6d  1094 0001:00002c96
  1098 0001:00002c9e  1099 0001:00002cad  1104 0001:00002cb5  1106 0001:00002cbb
  1107 0001:00002cc9  1109 0001:00002cd9  1111 0001:00002ce8  1112 0001:00002cf2
  1113 0001:00002cf5  1115 0001:00002d0b  1116 0001:00002d3b  1118 0001:00002d48
  1119 0001:00002d53  1134 0001:00002d7c  1119 0001:00002d85  1121 0001:00002d87
  1123 0001:00002d8c  1124 0001:00002d8f  1128 0001:00002d9c  1129 0001:00002da8
  1130 0001:00002dc3  1132 0001:00002dda  1134 0001:00002de1  1142 0001:00002e0b
  1143 0001:00002e21  1144 0001:00002e2d  1148 0001:00002e43  1149 0001:00002e48
  1152 0001:00002e72  1155 0001:00002e7f  1156 0001:00002e81  1158 0001:00002e8f
  1186 0001:00002e9c  1162 0001:00002ead  1186 0001:00002eb8  1166 0001:00002ecc
  1168 0001:00002eed  1169 0001:00002ef7  1171 0001:00002f04  1172 0001:00002f0b
  1173 0001:00002f18  1177 0001:00002f21  1179 0001:00002f2f  1180 0001:00002f39
  1182 0001:00002f46  1183 0001:00002f4d  1184 0001:00002f5a  1189 0001:00002f70
  1205 0001:00002f8d  1206 0001:00002fb6  1209 0001:00002fbe  1210 0001:00002fcd
  1214 0001:00002fd5  1218 0001:00002fe3  1220 0001:00002ff2  1289 0001:00002ffb
  1226 0001:0000300c  1228 0001:00003014  1230 0001:00003020  1235 0001:00003038
  1236 0001:0000306a  1237 0001:00003074  1238 0001:00003082  1240 0001:00003084
  1241 0001:00003087  1242 0001:0000308f  1245 0001:00003092  1249 0001:0000309e
  1250 0001:000030ab  1252 0001:000030be  1253 0001:000030c3  1254 0001:000030f4
  1255 0001:000030f9  1260 0001:00003106  1289 0001:00003113  1259 0001:00003124
  1260 0001:0000312f  1289 0001:0000313f  1264 0001:00003150  1289 0001:0000315b
  1269 0001:0000316f  1271 0001:00003190  1272 0001:0000319a  1274 0001:000031a7
  1275 0001:000031ae  1276 0001:000031bb  1280 0001:000031c4  1282 0001:000031d2
  1283 0001:000031dc  1285 0001:000031e9  1286 0001:000031f0  1287 0001:000031fd
  1297 0001:00003210  1305 0001:00003233  1306 0001:00003250  1309 0001:00003254
  1311 0001:0000325e  1314 0001:0000326a  1315 0001:00003272  1311 0001:00003287
  1315 0001:0000328a  1311 0001:0000329d  1317 0001:000032a0  1339 0001:000032ad
  1321 0001:000032be  1339 0001:000032c9  1325 0001:000032dd  1327 0001:000032fe
  1328 0001:00003308  1329 0001:00003315  1333 0001:0000331e  1335 0001:0000332c
  1336 0001:00003336  1337 0001:00003343  1342 0001:00003350  1347 0001:00003364
  1348 0001:0000336d  1365 0001:00003378  1350 0001:0000337b  1353 0001:00003385
  1355 0001:0000338e  1365 0001:000033a1  1357 0001:000033a4  1359 0001:000033ac
  1360 0001:000033b6  1361 0001:000033bd  1365 0001:000033c5  1364 0001:000033c8
  1365 0001:000033db  1368 0001:000033e0  1370 0001:00003406  1371 0001:0000340d
  1372 0001:0000342f  1377 0001:00003450  1406 0001:00003468  1407 0001:00003476
  1408 0001:00003490  1409 0001:00003497  1402 0001:0000349c  1403 0001:000034b1
  1377 0001:000034b6  1411 0001:000034c6  1412 0001:000034d7  1381 0001:000034dc
  1386 0001:0000358a  1388 0001:00003592  1390 0001:000035d4  1391 0001:000035da
  1392 0001:0000374d  1394 0001:00003758  1396 0001:0000375d  1397 0001:0000376b
  1394 0001:00003785  1426 0001:00003788  1427 0001:000037cf  1417 0001:000037e7
  1418 0001:00003818  1422 0001:00003821  1423 0001:00003835  1430 0001:00003840
  1435 0001:00003845  1437 0001:00003851  1456 0001:00003861  1442 0001:00003864
  1443 0001:00003874  1444 0001:0000387f  1447 0001:0000388a  1449 0001:00003898
  1450 0001:0000389e  1451 0001:000038a2  1453 0001:000038e6  1455 0001:000038f9
  1456 0001:0000390a  1485 0001:00003910  1486 0001:00003930  1494 0001:0000394f
  1497 0001:0000396a  1499 0001:000039cd  1503 0001:000039d7  1505 0001:000039e1
  1507 0001:000039ea  1509 0001:000039ec  1512 0001:00003a00  1515 0001:00003a09
  1517 0001:00003a13  1520 0001:00003a1d  1523 0001:00003a60  1524 0001:00003a7e
  1527 0001:00003a80  1528 0001:00003a93  1531 0001:00003a9b  1538 0001:00003aaf
  1540 0001:00003abc  1542 0001:00003ac1  1546 0001:00003ac6  1544 0001:00003acf
  1558 0001:00003ad5  1562 0001:00003aeb  1564 0001:00003af4  1567 0001:00003b0b
  1544 0001:00003b10  1546 0001:00003b15  1548 0001:00003b1a  1552 0001:00003b1c
  1553 0001:00003bab  1554 0001:00003be0  1569 0001:00003c19  1570 0001:00003c9e
  1571 0001:00003d24  1572 0001:00003d3d  1574 0001:00003d64  1577 0001:00003d8c
  1578 0001:00003d94  1579 0001:00003d9c  1585 0001:00003da9  1586 0001:00003dab
  1582 0001:00003dbe  1586 0001:00003dc9  1589 0001:00003df0  1603 0001:00003dfa
  1605 0001:00003e02  1615 0001:00003e07  1593 0001:00003e0a  1595 0001:00003e12
  1615 0001:00003e17  1599 0001:00003e1a  1615 0001:00003e1f  1620 0001:00003e30
  1621 0001:00003e49  1624 0001:00003e5e  1626 0001:00003e78  1628 0001:00003e7b
  1635 0001:00003e91  1637 0001:00003e9c  1640 0001:00003ea8  1642 0001:00003ec9
  1644 0001:00003ed5  1646 0001:00003ee7  1648 0001:00003ef8  1651 0001:00003efa
  1653 0001:00003f1c  1655 0001:00003f33  1631 0001:00003f87  1624 0001:00003fa9
  1658 0001:00003fd3  1663 0001:00003ff0  1664 0001:00004009  1667 0001:0000401e
  1669 0001:00004038  1671 0001:0000403b  1678 0001:00004051  1680 0001:0000405c
  1683 0001:00004068  1685 0001:00004089  1687 0001:00004095  1689 0001:000040a7
  1691 0001:000040b8  1694 0001:000040ba  1696 0001:000040dc  1698 0001:000040f3
  1674 0001:00004147  1667 0001:00004169  1701 0001:00004193  1708 0001:000041b0
  1709 0001:000041ce  1711 0001:000041dd  1713 0001:000041ee  1715 0001:000041f8
  1717 0001:00004247  1718 0001:0000425d  1719 0001:000042e9  1720 0001:00004304
  1715 0001:0000432a  1722 0001:00004336  1724 0001:00004377  1722 0001:0000438a
  1724 0001:00004415  1727 0001:00004430  1733 0001:0000444a  1734 0001:000045ab
  1736 0001:000045c4  1738 0001:000045de  1743 0001:00004604  1744 0001:00004641
  1740 0001:00004643  1741 0001:0000467b  1746 0001:0000467d  1749 0001:000046bc
  1752 0001:00004787  1757 0001:0000479a  1758 0001:000047b3  1754 0001:000047b5
  1755 0001:000047ce  1760 0001:000047d0  1763 0001:000047e9  1766 0001:00004850
  1769 0001:0000486c  1774 0001:0000489c  1776 0001:00004935  1780 0001:00004958
  1787 0001:00004970  1790 0001:0000497c  1792 0001:000049a7  1794 0001:000049b3
  1797 0001:000049c5  1799 0001:000049d6  1802 0001:000049d8  1804 0001:000049fa
  1806 0001:00004a11  1808 0001:00004a63  1810 0001:00004a70  1811 0001:00004a83
  1818 0001:00004a8d  1819 0001:00004ab9  1822 0001:00004ad0  1825 0001:00004af0
  1830 0001:00004b16  1832 0001:00004baf  1836 0001:00004bd7  1843 0001:00004bef
  1846 0001:00004bfb  1848 0001:00004c26  1850 0001:00004c32  1853 0001:00004c44
  1855 0001:00004c55  1858 0001:00004c57  1860 0001:00004c79  1862 0001:00004c90
  1864 0001:00004ce2  1866 0001:00004cef  1867 0001:00004d02  1874 0001:00004d0c
  1875 0001:00004d39  1884 0001:00004d50  1886 0001:00004d65  1889 0001:00004d70
  1892 0001:00004d7a  1894 0001:00004d7e  1903 0001:00004d80  1904 0001:00004d8e
  1906 0001:00004da4  1907 0001:00004db3  1909 0001:00004dd4  1910 0001:00004ddf
  1911 0001:00004e0a  1914 0001:00004e20  1915 0001:00004e2e  1917 0001:00004e44
  1918 0001:00004e53  1920 0001:00004e74  1921 0001:00004e7f  1922 0001:00004eaa

Line numbers for .\Release\bncs_input.obj(C:\Program Files\Microsoft Visual Studio\VC98\INCLUDE\iostream) segment .text

    16 0001:00000010    29 0001:00000050

 Exports

  ordinal    name

        1    _createNewInput
               exported name: createNewInput
