 alm_db_output

 Timestamp is 56de005e (Mon Mar 07 22:27:42 2016)

 Preferred load address is 10000000

 Start         Length     Name                   Class
 0001:00000000 0001feaeH .text                   CODE
 0001:0001feb0 00001dc2H .text$x                 CODE
 0002:00000000 000004c4H .idata$5                DATA
 0002:000004c8 000013a0H .rdata                  DATA
 0002:00001868 00000d6cH .rdata$r                DATA
 0002:000025d8 000021d8H .xdata$x                DATA
 0002:000047b0 00000064H .idata$2                DATA
 0002:00004814 00000014H .idata$3                DATA
 0002:00004828 000004c4H .idata$4                DATA
 0002:00004cec 000021d4H .idata$6                DATA
 0002:00006ec0 00000054H .edata                  DATA
 0003:00000000 00000004H .CRT$XCA                DATA
 0003:00000004 00000078H .CRT$XCU                DATA
 0003:0000007c 00000004H .CRT$XCZ                DATA
 0003:00000080 00000004H .CRT$XIA                DATA
 0003:00000084 0000000cH .CRT$XIC                DATA
 0003:00000090 00000004H .CRT$XIY                DATA
 0003:00000094 00000004H .CRT$XIZ                DATA
 0003:00000098 00000004H .CRT$XPA                DATA
 0003:0000009c 00000004H .CRT$XPX                DATA
 0003:000000a0 00000004H .CRT$XPZ                DATA
 0003:000000a4 00000004H .CRT$XTA                DATA
 0003:000000a8 00000004H .CRT$XTB                DATA
 0003:000000ac 00000004H .CRT$XTZ                DATA
 0003:000000b0 00005cecH .data                   DATA
 0003:00005da0 000020ecH .bss                    DATA
 0004:00000000 00000058H .rsrc$01                DATA
 0004:00000060 000004b8H .rsrc$02                DATA

  Address         Publics by Value              Rva+Base     Lib:Object

 0001:00000000       _DllMain@12                10001000 f   alm_db_output.obj
 0001:00000030       _createNewOutput           10001030 f   alm_db_output.obj
 0001:000000b0       ??_G?$QMemArray@H@@UAEPAXI@Z 100010b0 f i alm_db_output.obj
 0001:000000d0       ??_G?$QMemArray@_N@@UAEPAXI@Z 100010d0 f i alm_db_output.obj
 0001:000000f0       ??_G?$QMemArray@D@@UAEPAXI@Z 100010f0 f i alm_db_output.obj
 0001:00000110       ??_G?$QPtrList@D@@UAEPAXI@Z 10001110 f i alm_db_output.obj
 0001:000001b0       ??0alm_db_outputif@@QAE@PAUIDebug@@ABVQString@@@Z 100011b0 f   alm_db_output_if.obj
 0001:00000460       ?getTxCount@alarms_base@@UAEJXZ 10001460 f i alm_db_output_if.obj
 0001:00000470       ?getRxCount@alarms_base@@UAEJXZ 10001470 f i alm_db_output_if.obj
 0001:00000480       ??1alarms_output_base@@UAE@XZ 10001480 f i alm_db_output_if.obj
 0001:00000490       ??_Ealarms_base@@UAEPAXI@Z 10001490 f i alm_db_output_if.obj
 0001:00000490       ??_Galarms_base@@UAEPAXI@Z 10001490 f i alm_db_output_if.obj
 0001:000004b0       ?setIntialStates@alarms_output_base@@UAEXPBHH@Z 100014b0 f i alm_db_output_if.obj
 0001:000004c0       ??_Galarms_output_base@@UAEPAXI@Z 100014c0 f i alm_db_output_if.obj
 0001:000004c0       ??_Ealarms_output_base@@UAEPAXI@Z 100014c0 f i alm_db_output_if.obj
 0001:000004e0       ??_Galm_db_outputif@@UAEPAXI@Z 100014e0 f i alm_db_output_if.obj
 0001:000004e0       ??_Ealm_db_outputif@@UAEPAXI@Z 100014e0 f i alm_db_output_if.obj
 0001:00000500       ??1alm_db_outputif@@UAE@XZ 10001500 f   alm_db_output_if.obj
 0001:000007c0       ?AppendLog@alm_db_outputif@@AAEXABVQString@@@Z 100017c0 f   alm_db_output_if.obj
 0001:000007e0       ?init@alm_db_outputif@@UAE_NABVQString@@00ABVQStringList@@H_NQAUIAlarmEvent@@@Z 100017e0 f   alm_db_output_if.obj
 0001:00001450       ?addProcess@alm_db_outputif@@AAEXAAPAVcLogData@@ABVQStringList@@AA_N@Z 10002450 f   alm_db_output_if.obj
 0001:000015e0       ?DataChange@alm_db_outputif@@AAEXHH@Z 100025e0 f   alm_db_output_if.obj
 0001:00001650       ?Debug@alm_db_outputif@@AAAXPADZZ 10002650 f   alm_db_output_if.obj
 0001:000017e0       ?dataReady@alm_db_outputif@@UAE_NPAHH@Z 100027e0 f   alm_db_output_if.obj
 0001:00001950       ?getTxMode@alm_db_outputif@@UAE_NXZ 10002950 f   alm_db_output_if.obj
 0001:00001960       ?setTxMode@alm_db_outputif@@QAE_N_N0@Z 10002960 f   alm_db_output_if.obj
 0001:00001a60       ?setRxOnly@alm_db_outputif@@UAE_NXZ 10002a60 f   alm_db_output_if.obj
 0001:00001a70       ?setTxRx@alm_db_outputif@@UAE_NXZ 10002a70 f   alm_db_output_if.obj
 0001:00001a80       ?forceTxRx@alm_db_outputif@@UAE_NXZ 10002a80 f   alm_db_output_if.obj
 0001:00001a90       ?setOverrideList@alm_db_outputif@@UAEXQAV?$list@PAVCalarm_Process@@V?$allocator@PAVCalarm_Process@@@std@@@std@@QAVQSemaphore@@@Z 10002a90 f   alm_db_output_if.obj
 0001:00001ab0       ?LogEntry@alm_db_outputif@@AAEXHHABVQString@@000@Z 10002ab0 f   alm_db_output_if.obj
 0001:00001ed0       ?UpdateBncs@alm_db_outputif@@AAEXABVQString@@@Z 10002ed0 f   alm_db_output_if.obj
 0001:00001f30       ?notify@alm_db_outputif@@EAEJPAVcDriver@@PBD@Z 10002f30 f   alm_db_output_if.obj
 0001:00002140       ?DecodeBncsMsg@alm_db_outputif@@AAEXABVQString@@@Z 10003140 f   alm_db_output_if.obj
 0001:000023d0       ?UpdateDatabase@alm_db_outputif@@AAEXPAVcLogData@@H@Z 100033d0 f   alm_db_output_if.obj
 0001:000024f0       ?sendTestMessage@alm_db_outputif@@AAEXXZ 100034f0 f   alm_db_output_if.obj
 0001:000026c0       ?getTxCount@alm_db_outputif@@UAEJXZ 100036c0 f   alm_db_output_if.obj
 0001:000026f0       ?getStatusOk@alm_db_outputif@@UAE_NXZ 100036f0 f   alm_db_output_if.obj
 0001:000027f0       ?decodeSystem@alm_db_outputif@@AAEXABVQString@@@Z 100037f0 f   alm_db_output_if.obj
 0001:00002d90       ?addProcSetting@alm_db_outputif@@AAE_NPAVcLogData@@ABVQString@@@Z 10003d90 f   alm_db_output_if.obj
 0001:000030a0       ?setIntialStates@alm_db_outputif@@QAEXPAHH@Z 100040a0 f   alm_db_output_if.obj
 0001:00003110       ?loadInstanceData@alm_db_outputif@@AAEX_NABVQString@@1@Z 10004110 f   alm_db_output_if.obj
 0001:00003c80       ??_EQDomElement@@UAEPAXI@Z 10004c80 f i alm_db_output_if.obj
 0001:00003c80       ??_GQDomElement@@UAEPAXI@Z 10004c80 f i alm_db_output_if.obj
 0001:00003ca0       ?SetNetworkOutput@alm_db_outputif@@UAEX_N@Z 10004ca0 f   alm_db_output_if.obj
 0001:00003d80       ?aboutToClose@alm_db_outputif@@UAEXXZ 10004d80 f   alm_db_output_if.obj
 0001:00003d90       ?getConfigFileDate@alm_db_outputif@@UAE?AVQDateTime@@XZ 10004d90 f   alm_db_output_if.obj
 0001:00003db0       ?getClassName@alm_db_outputif@@UAEPBDXZ 10004db0 f   alm_db_output_if.obj
 0001:00003dc0       ?setDebugMode@alm_db_outputif@@UAE_N_N@Z 10004dc0 f   alm_db_output_if.obj
 0001:00003e00       ?getDebugMode@alm_db_outputif@@UAE_NXZ 10004e00 f   alm_db_output_if.obj
 0001:00003e10       ?setLogMode@alm_db_outputif@@UAEHH@Z 10004e10 f   alm_db_output_if.obj
 0001:00003e50       ?getLogMode@alm_db_outputif@@UAEHXZ 10004e50 f   alm_db_output_if.obj
 0001:00003e60       ?retryConnnection@alm_db_outputif@@UAEXXZ 10004e60 f   alm_db_output_if.obj
 0001:00003e90       ??1?$_Tree@HU?$pair@$$CBHPAVcLogData@@@std@@U_Kfn@?$map@HPAVcLogData@@U?$less@H@std@@V?$allocator@PAVcLogData@@@3@@2@U?$less@H@2@V?$allocator@PAVcLogData@@@2@@std@@QAE@XZ 10004e90 f i alm_db_output_if.obj
 0001:00003f70       ?count@?$QDict@UInstanceData@@@@UBEIXZ 10004f70 f i alm_db_output_if.obj
 0001:00003f80       ?clear@?$QDict@UInstanceData@@@@UAEXXZ 10004f80 f i alm_db_output_if.obj
 0001:00003f90       ??_G?$QMemArray@VQPoint@@@@UAEPAXI@Z 10004f90 f i alm_db_output_if.obj
 0001:00003fb0       ??_G?$QPtrList@VQObject@@@@UAEPAXI@Z 10004fb0 f i alm_db_output_if.obj
 0001:00003fd0       ??_G?$QPtrList@VQWidget@@@@UAEPAXI@Z 10004fd0 f i alm_db_output_if.obj
 0001:00003ff0       ??_E?$QDict@UInstanceData@@@@UAEPAXI@Z 10004ff0 f i alm_db_output_if.obj
 0001:00003ff0       ??_G?$QDict@UInstanceData@@@@UAEPAXI@Z 10004ff0 f i alm_db_output_if.obj
 0001:00004010       ??1?$QDict@UInstanceData@@@@UAE@XZ 10005010 f i alm_db_output_if.obj
 0001:00004070       ??0?$pair@Viterator@?$_Tree@HU?$pair@$$CBHPAVcLogData@@@std@@U_Kfn@?$map@HPAVcLogData@@U?$less@H@std@@V?$allocator@PAVcLogData@@@3@@2@U?$less@H@2@V?$allocator@PAVcLogData@@@2@@std@@_N@std@@QAE@ABViterator@?$_Tree@HU?$pair@$$CBHPAVcLogData@@@std@@U_Kfn@?$map@HPAVcLogData@@U?$less@H@std@@V?$allocator@PAVcLogData@@@3@@2@U?$less@H@2@V?$allocator@PAVcLogData@@@2@@1@AB_N@Z 10005070 f i alm_db_output_if.obj
 0001:00004090       ?derefAndDelete@?$QValueListPrivate@VQString@@@@QAEXXZ 10005090 f i alm_db_output_if.obj
 0001:000040b0       ??_E?$QValueListNode@VQString@@@@UAEPAXI@Z 100050b0 f i alm_db_output_if.obj
 0001:000040b0       ??_G?$QValueListNode@VQString@@@@UAEPAXI@Z 100050b0 f i alm_db_output_if.obj
 0001:000040d0       ??1?$QValueListNode@VQString@@@@UAE@XZ 100050d0 f i alm_db_output_if.obj
 0001:00004100       ?erase@?$_Tree@HU?$pair@$$CBHPAVcLogData@@@std@@U_Kfn@?$map@HPAVcLogData@@U?$less@H@std@@V?$allocator@PAVcLogData@@@3@@2@U?$less@H@2@V?$allocator@PAVcLogData@@@2@@std@@QAE?AViterator@12@V312@@Z 10005100 f i alm_db_output_if.obj
 0001:00004500       ?_Erase@?$_Tree@HU?$pair@$$CBHPAVcLogData@@@std@@U_Kfn@?$map@HPAVcLogData@@U?$less@H@std@@V?$allocator@PAVcLogData@@@3@@2@U?$less@H@2@V?$allocator@PAVcLogData@@@2@@std@@IAEXPAU_Node@12@@Z 10005500 f i alm_db_output_if.obj
 0001:00004540       ?_Insert@?$_Tree@HU?$pair@$$CBHPAVcLogData@@@std@@U_Kfn@?$map@HPAVcLogData@@U?$less@H@std@@V?$allocator@PAVcLogData@@@3@@2@U?$less@H@2@V?$allocator@PAVcLogData@@@2@@std@@IAE?AViterator@12@PAU_Node@12@0ABU?$pair@$$CBHPAVcLogData@@@2@@Z 10005540 f i alm_db_output_if.obj
 0001:000047b0       ?_Inc@const_iterator@?$_Tree@HU?$pair@$$CBHPAVcLogData@@@std@@U_Kfn@?$map@HPAVcLogData@@U?$less@H@std@@V?$allocator@PAVcLogData@@@3@@2@U?$less@H@2@V?$allocator@PAVcLogData@@@2@@std@@QAEXXZ 100057b0 f i alm_db_output_if.obj
 0001:00004800       ?_Lbound@?$_Tree@HU?$pair@$$CBHPAVcLogData@@@std@@U_Kfn@?$map@HPAVcLogData@@U?$less@H@std@@V?$allocator@PAVcLogData@@@3@@2@U?$less@H@2@V?$allocator@PAVcLogData@@@2@@std@@IBEPAU_Node@12@ABH@Z 10005800 f i alm_db_output_if.obj
 0001:00004830       ?_Min@?$_Tree@HU?$pair@$$CBHPAVcLogData@@@std@@U_Kfn@?$map@HPAVcLogData@@U?$less@H@std@@V?$allocator@PAVcLogData@@@3@@2@U?$less@H@2@V?$allocator@PAVcLogData@@@2@@std@@KAPAU_Node@12@PAU312@@Z 10005830 f i alm_db_output_if.obj
 0001:00004850       ?_Dec@const_iterator@?$_Tree@HU?$pair@$$CBHPAVcLogData@@@std@@U_Kfn@?$map@HPAVcLogData@@U?$less@H@std@@V?$allocator@PAVcLogData@@@3@@2@U?$less@H@2@V?$allocator@PAVcLogData@@@2@@std@@QAEXXZ 10005850 f i alm_db_output_if.obj
 0001:000048b0       ?deleteItem@?$QDict@UInstanceData@@@@EAEXPAX@Z 100058b0 f i alm_db_output_if.obj
 0001:000048e0       ?at@?$QValueListPrivate@VQString@@@@QBEPAV?$QValueListNode@VQString@@@@I@Z 100058e0 f i alm_db_output_if.obj
 0001:00004920       ?_Construct@std@@YAXPAU?$pair@$$CBHPAVcLogData@@@1@ABU21@@Z 10005920 f i alm_db_output_if.obj
 0001:00004940       ??_G?$QValueListPrivate@VQString@@@@UAEPAXI@Z 10005940 f i alm_db_output_if.obj
 0001:00004940       ??_E?$QValueListPrivate@VQString@@@@UAEPAXI@Z 10005940 f i alm_db_output_if.obj
 0001:00004990       ??1InstanceData@@QAE@XZ    10005990 f i alm_db_output_if.obj
 0001:00004b10       ?id@?$ctype@G@std@@$E      10005b10 f i alm_db_output_if.obj
 0001:00004b20       ??0Cio@@QAE@PAVIDiagnostics@@ABVQString@@1H_N@Z 10005b20 f   Cio.obj
 0001:00004bc0       ??_GCio@@UAEPAXI@Z         10005bc0 f i Cio.obj
 0001:00004bc0       ??_ECio@@UAEPAXI@Z         10005bc0 f i Cio.obj
 0001:00004be0       ?Debug@Cio@@AAAXPADZZ      10005be0 f   Cio.obj
 0001:00004c20       ??6Cio@@QAEXABVdbItem@@@Z  10005c20 f   Cio.obj
 0001:00004c30       ??5Cio@@QAEXAAVdbItem@@@Z  10005c30 f   Cio.obj
 0001:00004c40       ?isEmpty@Cio@@QBE_NXZ      10005c40 f   Cio.obj
 0001:00004c50       ?updateFileOffset@Cio@@QAEXXZ 10005c50 f   Cio.obj
 0001:00004c60       ?updateFileOffsetReadOnly@Cio@@QAEXXZ 10005c60 f   Cio.obj
 0001:00004c70       ?resetFileOffsetReadOnly@Cio@@QAEXXZ 10005c70 f   Cio.obj
 0001:00004c80       ?getSavedOffset@Cio@@QAEXAAH000@Z 10005c80 f   Cio.obj
 0001:00004ca0       ?emptyLogFiles@Cio@@QAE_NXZ 10005ca0 f   Cio.obj
 0001:00004cd0       ??1Cio@@UAE@XZ             10005cd0 f   Cio.obj
 0001:00004ce0       ?getOffset@Cio@@QBEHXZ     10005ce0 f   Cio.obj
 0001:00004cf0       ?getDetails@Cio@@QBEXAAVQString@@AAH111@Z 10005cf0 f   Cio.obj
 0001:00004d20       ??0FilePair@Cio@@QAE@PAVIDiagnostics@@ABVQString@@H_N@Z 10005d20 f   Cio.obj
 0001:00005000       ??_EFilePair@Cio@@UAEPAXI@Z 10006000 f i Cio.obj
 0001:00005000       ??_GFilePair@Cio@@UAEPAXI@Z 10006000 f i Cio.obj
 0001:00005020       ??1FilePair@Cio@@UAE@XZ    10006020 f   Cio.obj
 0001:000050f0       ?ok@FilePair@Cio@@QBE_NXZ  100060f0 f   Cio.obj
 0001:00005100       ?getOffset@FilePair@Cio@@QBEHXZ 10006100 f   Cio.obj
 0001:00005110       ?getDetails@FilePair@Cio@@QBEXAAVQString@@AAH111@Z 10006110 f   Cio.obj
 0001:00005160       ??6FilePair@Cio@@QAEXABVdbItem@@@Z 10006160 f   Cio.obj
 0001:000051f0       ??5FilePair@Cio@@QAEXAAVdbItem@@@Z 100061f0 f   Cio.obj
 0001:00005270       ?hasData@FilePair@Cio@@QBE_NXZ 10006270 f   Cio.obj
 0001:000052a0       ?updateFileOffset@FilePair@Cio@@QAEXXZ 100062a0 f   Cio.obj
 0001:00005360       ?updateFileOffsetReadOnly@FilePair@Cio@@QAEXXZ 10006360 f   Cio.obj
 0001:00005370       ?resetFileOffsetReadOnly@FilePair@Cio@@QAEXXZ 10006370 f   Cio.obj
 0001:00005380       ?getSavedOffset@FilePair@Cio@@QAEXAAH000@Z 10006380 f   Cio.obj
 0001:00005460       ?deleteFiles@FilePair@Cio@@QAEXXZ 10006460 f   Cio.obj
 0001:00005540       ?openFiles@FilePair@Cio@@QAE_N_N@Z 10006540 f   Cio.obj
 0001:000056f0       ??_EQFile@@UAEPAXI@Z       100066f0 f i Cio.obj
 0001:000056f0       ??_GQFile@@UAEPAXI@Z       100066f0 f i Cio.obj
 0001:00005710       ??0cLogData@@QAE@VQString@@@Z 10006710 f   cLogData.obj
 0001:00005810       ??_EcLogData@@UAEPAXI@Z    10006810 f i cLogData.obj
 0001:00005810       ??_GcLogData@@UAEPAXI@Z    10006810 f i cLogData.obj
 0001:00005830       ??1cLogData@@UAE@XZ        10006830 f   cLogData.obj
 0001:000058f0       ?setNamedItems@cLogData@@QAEXPAV?$QDict@UInstanceData@@@@@Z 100068f0 f   cLogData.obj
 0001:00005fa0       ?replaceNamedItem@cLogData@@AAEXABVQString@@0@Z 10006fa0 f   cLogData.obj
 0001:00006050       ??0db_interface@@QAE@PAUIDebug@@ABVQString@@1H1H@Z 10007050 f   db_interface.obj
 0001:00006450       ??_Edb_interface@@UAEPAXI@Z 10007450 f i db_interface.obj
 0001:00006450       ??_Gdb_interface@@UAEPAXI@Z 10007450 f i db_interface.obj
 0001:00006470       ??_EQSemaphore@@UAEPAXI@Z  10007470 f i db_interface.obj
 0001:00006470       ??_GQSemaphore@@UAEPAXI@Z  10007470 f i db_interface.obj
 0001:00006490       ??1db_interface@@UAE@XZ    10007490 f   db_interface.obj
 0001:00006f00       ?Stop@db_interface@@QAEXXZ 10007f00 f   db_interface.obj
 0001:00007070       ?run@db_interface@@EAEXXZ  10008070 f   db_interface.obj
 0001:00007620       ?TransferLogioToDb@DbConnect@@AAEXAAVQString@@@Z 10008620 f   db_interface.obj
 0001:00007810       ?TransferListToDb@db_interface@@AAEXAAVQString@@@Z 10008810 f   db_interface.obj
 0001:00007930       ?TransferListToLogio@db_interface@@AAEXAAVQString@@@Z 10008930 f   db_interface.obj
 0001:00007a20       ?startConnect@db_interface@@QAE_NXZ 10008a20 f   db_interface.obj
 0001:00007ba0       ?isOpen@db_interface@@QBE_NXZ 10008ba0 f   db_interface.obj
 0001:00007bb0       ?updateDatabase@db_interface@@QAE_NABVQDateTime@@HABVQString@@H111@Z 10008bb0 f   db_interface.obj
 0001:00007eb0       ?Debug@db_interface@@EAEXABVQString@@@Z 10008eb0 f   db_interface.obj
 0001:00007ff0       ?Debug@db_interface@@EAAXPADZZ 10008ff0 f   db_interface.obj
 0001:000081b0       ?getLastError@db_interface@@AAE?AVQString@@ABVQSqlError@@@Z 100091b0 f   db_interface.obj
 0001:00008330       ?logData@db_interface@@EAEXABVQString@@@Z 10009330 f   db_interface.obj
 0001:00008420       ?writeToDatabase@db_interface@@QAE_NPAVdbItem@@AAVQString@@@Z 10009420 f   db_interface.obj
 0001:00008510       ?checkBufferSize@db_interface@@AAE_NAAVQString@@@Z 10009510 f   db_interface.obj
 0001:00008790       ?setLogMode@db_interface@@QAEHH@Z 10009790 f   db_interface.obj
 0001:000087a0       ?getLogMode@db_interface@@QBEHXZ 100097a0 f   db_interface.obj
 0001:000087b0       ?getBufferFull@db_interface@@QBE_NXZ 100097b0 f   db_interface.obj
 0001:000087c0       ?setDebugMode@db_interface@@QAE_N_N@Z 100097c0 f   db_interface.obj
 0001:000087f0       ?getDebugMode@db_interface@@QBE_NXZ 100097f0 f   db_interface.obj
 0001:00008800       ?getDbTxCount@db_interface@@QBEKXZ 10009800 f   db_interface.obj
 0001:00008810       ??0DbConnect@@QAE@PAUIDebug@@ABVQString@@HQAVCio@@QAVdb_interface@@@Z 10009810 f   db_interface.obj
 0001:00008ad0       ??_EDbConnect@@UAEPAXI@Z   10009ad0 f i db_interface.obj
 0001:00008ad0       ??_GDbConnect@@UAEPAXI@Z   10009ad0 f i db_interface.obj
 0001:00008af0       ??1DbConnect@@UAE@XZ       10009af0 f   db_interface.obj
 0001:00009420       ?run@DbConnect@@EAEXXZ     1000a420 f   db_interface.obj
 0001:00009b70       ?stop@DbConnect@@QAEXXZ    1000ab70 f   db_interface.obj
 0001:00009cd0       ?Debug@DbConnect@@EAEXABVQString@@@Z 1000acd0 f   db_interface.obj
 0001:00009e00       ?Debug@DbConnect@@EAAXPADZZ 1000ae00 f   db_interface.obj
 0001:00009fb0       ?connect_db@DbConnect@@AAE_NXZ 1000afb0 f   db_interface.obj
 0001:0000a570       ?startConnect@DbConnect@@QAE_NXZ 1000b570 f   db_interface.obj
 0001:0000a810       ?getLastError@DbConnect@@AAE?AVQString@@ABVQSqlError@@@Z 1000b810 f   db_interface.obj
 0001:0000a990       ?logData@DbConnect@@EAEXABVQString@@@Z 1000b990 f   db_interface.obj
 0001:0000aa70       ?isOpen@DbConnect@@QBE_NXZ 1000ba70 f   db_interface.obj
 0001:0000aa80       ?connected@DbConnect@@QBE_NXZ 1000ba80 f   db_interface.obj
 0001:0000aaa0       ?setParams@DbConnect@@QAEXABVQString@@0000@Z 1000baa0 f   db_interface.obj
 0001:0000aaf0       ?getDb@DbConnect@@QBEPAVQSqlDatabase@@XZ 1000baf0 f   db_interface.obj
 0001:0000ab00       ?uploadInProgress@DbConnect@@QBE_NXZ 1000bb00 f   db_interface.obj
 0001:0000ab10       ?retryConnnection@DbConnect@@QAEXXZ 1000bb10 f   db_interface.obj
 0001:0000aba0       ?retryConnnection@db_interface@@QAEXXZ 1000bba0 f   db_interface.obj
 0001:0000abb0       ?setDebugMode@DbConnect@@QAE_N_N@Z 1000bbb0 f   db_interface.obj
 0001:0000abc0       ?getDebugMode@DbConnect@@QBE_NXZ 1000bbc0 f   db_interface.obj
 0001:0000abd0       ?count@?$QPtrList@VdbItem@@@@UBEIXZ 1000bbd0 f i db_interface.obj
 0001:0000abe0       ?clear@?$QPtrList@VdbItem@@@@UAEXXZ 1000bbe0 f i db_interface.obj
 0001:0000abf0       ??_G?$QPtrList@VdbItem@@@@UAEPAXI@Z 1000bbf0 f i db_interface.obj
 0001:0000abf0       ??_E?$QPtrList@VdbItem@@@@UAEPAXI@Z 1000bbf0 f i db_interface.obj
 0001:0000ac10       ??1?$QPtrList@VdbItem@@@@UAE@XZ 1000bc10 f i db_interface.obj
 0001:0000ac70       ?deleteItem@?$QPtrList@VdbItem@@@@EAEXPAX@Z 1000bc70 f i db_interface.obj
 0001:0000acc0       ??0dbItem@@QAE@QAVIDiagnostics@@@Z 1000bcc0 f   dbItem.obj
 0001:0000ad60       ??_EdbItem@@UAEPAXI@Z      1000bd60 f i dbItem.obj
 0001:0000ad60       ??_GdbItem@@UAEPAXI@Z      1000bd60 f i dbItem.obj
 0001:0000ad80       ??0dbItem@@QAE@HVQDateTime@@HVQString@@111QAVIDiagnostics@@@Z 1000bd80 f   dbItem.obj
 0001:0000af10       ??1dbItem@@UAE@XZ          1000bf10 f   dbItem.obj
 0001:0000aff0       ??6@YAAAVQDataStream@@AAV0@ABVdbItem@@@Z 1000bff0 f   dbItem.obj
 0001:0000b060       ?readString@dbItem@@AAE_NAAVQDataStream@@AAVQString@@HABV3@PAVIValidate@@@Z 1000c060 f   dbItem.obj
 0001:0000b190       ?readInteger@dbItem@@AAE_NAAVQDataStream@@AAHHABVQString@@@Z 1000c190 f   dbItem.obj
 0001:0000b250       ?showFailure@dbItem@@AAEXPAVQIODevice@@H@Z 1000c250 f   dbItem.obj
 0001:0000b290       ??5@YAAAVQDataStream@@AAV0@AAVdbItem@@@Z 1000c290 f   dbItem.obj
 0001:0000b6d0       ?writeToDatabase@dbItem@@QAE_NAAVQString@@ABV2@1PAVQSqlDatabase@@1AAKPAVIDiagnostics@@@Z 1000c6d0 f   dbItem.obj
 0001:0000cec0       ?get@dbItem@@QAEXAAVQString@@AAH101000@Z 1000dec0 f   dbItem.obj
 0001:0000cf20       ?setDebugBasic@dbItem@@SAX_N@Z 1000df20 f   dbItem.obj
 0001:0000cf30       ?setDebugValidate@dbItem@@SAX_N@Z 1000df30 f   dbItem.obj
 0001:0000cf40       ?validate@Validate_Date@@UAE_NHAAHAAVQDataStream@@QAVdbItem@@@Z 1000df40 f   dbItem.obj
 0001:0000d250       ??0structured_exception@@QAE@ABU_EXCEPTION_POINTERS@@@Z 1000e250 f   except.obj
 0001:0000d270       ?install@structured_exception@@SAXXZ 1000e270 f   except.obj
 0001:0000d2b0       ?what@structured_exception@@QBEIXZ 1000e2b0 f   except.obj
 0001:0000d2c0       ?where@structured_exception@@QBEPBXXZ 1000e2c0 f   except.obj
 0001:0000d300       ??0cDriver@@QAE@I@Z        1000e300 f   cdriver:extdrv.obj
 0001:0000d370       ?connectx@cDriver@@QAEII@Z 1000e370 f   cdriver:extdrv.obj
 0001:0000d400       ?connect@cDriver@@QAEIIPBDI@Z 1000e400 f   cdriver:extdrv.obj
 0001:0000d4f0       ??1cDriver@@QAE@XZ         1000e4f0 f   cdriver:extdrv.obj
 0001:0000d540       ?disconnect@cDriver@@QAEXXZ 1000e540 f   cdriver:extdrv.obj
 0001:0000d560       ?getstate@cDriver@@QAEIXZ  1000e560 f   cdriver:extdrv.obj
 0001:0000d570       ?setstate@cDriver@@QAEII@Z 1000e570 f   cdriver:extdrv.obj
 0001:0000d580       ?incrx@cDriver@@QAEXXZ     1000e580 f   cdriver:extdrv.obj
 0001:0000d590       ?setcounters@cDriver@@QAEXPAK0@Z 1000e590 f   cdriver:extdrv.obj
 0001:0000d5b0       ?txquerymsg@cDriver@@QAEJPADIH@Z 1000e5b0 f   cdriver:extdrv.obj
 0001:0000d610       ?txrevmsg@cDriver@@QAEJPADIH@Z 1000e610 f   cdriver:extdrv.obj
 0001:0000d670       ?setifmode@cDriver@@QAEJG@Z 1000e670 f   cdriver:extdrv.obj
 0001:0000d6a0       ?getifmode@cDriver@@QAEGXZ 1000e6a0 f   cdriver:extdrv.obj
 0001:0000d6c0       ?gettype@cDriver@@QAEIXZ   1000e6c0 f   cdriver:extdrv.obj
 0001:0000d6d0       ?getdbname@cDriver@@QAEXGGGPADH@Z 1000e6d0 f   cdriver:extdrv.obj
 0001:0000d710       ?getdbindex@cDriver@@QAEHGGPBD@Z 1000e710 f   cdriver:extdrv.obj
 0001:0000d760       ?tokenize@cDriver@@QAEIXZ  1000e760 f   cdriver:extdrv.obj
 0001:0000d880       ?DriverWndProc@cDriver@@CGJPAUHWND__@@IIJ@Z 1000e880 f   cdriver:extdrv.obj
 0001:0000dc50       ?getServerName@cDriver@@QAEPBDXZ 1000ec50 f   cdriver:extdrv.obj
 0001:0000dc60       ?txrevqueue@cDriver@@QAEJXZ 1000ec60 f   cdriver:extdrv.obj
 0001:0000dc90       _BNCS32TxMessage           1000ec90 f   bncsif32:BNCSIF32.dll
 0001:0000dc96       _BNCS32RxMessage           1000ec96 f   bncsif32:BNCSIF32.dll
 0001:0000dc9c       ?deleteSelf@QStringData@@QAEXXZ 1000ec9c f   qt-mt323:qt-mt323.dll
 0001:0000dca2       ??0QString@@QAE@PBD@Z      1000eca2 f   qt-mt323:qt-mt323.dll
 0001:0000dca8       ??1?$QMemArray@H@@UAE@XZ   1000eca8 f   qt-mt323:qt-mt323.dll
 0001:0000dcae       ??1?$QMemArray@_N@@UAE@XZ  1000ecae f   qt-mt323:qt-mt323.dll
 0001:0000dcb4       ??1?$QMemArray@D@@UAE@XZ   1000ecb4 f   qt-mt323:qt-mt323.dll
 0001:0000dcba       ??1?$QPtrList@D@@UAE@XZ    1000ecba f   qt-mt323:qt-mt323.dll
 0001:0000dcc0       ??1QStringList@@QAE@XZ     1000ecc0 f   qt-mt323:qt-mt323.dll
 0001:0000dcc6       ??1QString@@QAE@XZ         1000ecc6 f   qt-mt323:qt-mt323.dll
 0001:0000dccc       ?latin1@QString@@QBEPBDXZ  1000eccc f   qt-mt323:qt-mt323.dll
 0001:0000dcd2       ??4QString@@QAEAAV0@PBD@Z  1000ecd2 f   qt-mt323:qt-mt323.dll
 0001:0000dcd8       ??0QString@@QAE@XZ         1000ecd8 f   qt-mt323:qt-mt323.dll
 0001:0000dcde       ??0QString@@QAE@ABV0@@Z    1000ecde f   qt-mt323:qt-mt323.dll
 0001:0000dce4       ?makeSharedNull@QString@@CAPAUQStringData@@XZ 1000ece4 f   qt-mt323:qt-mt323.dll
 0001:0000dcea       ??H@YA?BVQString@@PBDABV0@@Z 1000ecea f   qt-mt323:qt-mt323.dll
 0001:0000dcf0       ?number@QString@@SA?AV1@IH@Z 1000ecf0 f   qt-mt323:qt-mt323.dll
 0001:0000dcf6       ??1QDir@@UAE@XZ            1000ecf6 f   qt-mt323:qt-mt323.dll
 0001:0000dcfc       ?msecsTo@QTime@@QBEHABV1@@Z 1000ecfc f   qt-mt323:qt-mt323.dll
 0001:0000dd02       ??1QTextStream@@UAE@XZ     1000ed02 f   qt-mt323:qt-mt323.dll
 0001:0000dd08       ??8@YA_NABVQString@@PBD@Z  1000ed08 f   qt-mt323:qt-mt323.dll
 0001:0000dd0e       ?remove@QString@@QAEAAV1@II@Z 1000ed0e f   qt-mt323:qt-mt323.dll
 0001:0000dd14       ??9@YA_NABVQString@@PBD@Z  1000ed14 f   qt-mt323:qt-mt323.dll
 0001:0000dd1a       ?endsWith@QString@@QBE_NABV1@@Z 1000ed1a f   qt-mt323:qt-mt323.dll
 0001:0000dd20       ?startsWith@QString@@QBE_NABV1@@Z 1000ed20 f   qt-mt323:qt-mt323.dll
 0001:0000dd26       ??4QString@@QAEAAV0@ABV0@@Z 1000ed26 f   qt-mt323:qt-mt323.dll
 0001:0000dd2c       ?readLine@QTextStream@@QAE?AVQString@@XZ 1000ed2c f   qt-mt323:qt-mt323.dll
 0001:0000dd32       ??0QTextStream@@QAE@PAVQIODevice@@@Z 1000ed32 f   qt-mt323:qt-mt323.dll
 0001:0000dd38       ?open@QFile@@UAE_NH@Z      1000ed38 f   qt-mt323:qt-mt323.dll
 0001:0000dd3e       ?currentTime@QTime@@SA?AV1@XZ 1000ed3e f   qt-mt323:qt-mt323.dll
 0001:0000dd44       ??H@YA?BVQString@@ABV0@PBD@Z 1000ed44 f   qt-mt323:qt-mt323.dll
 0001:0000dd4a       ?dirName@QDir@@UBE?AVQString@@XZ 1000ed4a f   qt-mt323:qt-mt323.dll
 0001:0000dd50       ??0QDir@@QAE@ABVQString@@0HH@Z 1000ed50 f   qt-mt323:qt-mt323.dll
 0001:0000dd56       ??YQString@@QAEAAV0@PBD@Z  1000ed56 f   qt-mt323:qt-mt323.dll
 0001:0000dd5c       ?dirPath@QFileInfo@@QBE?AVQString@@_N@Z 1000ed5c f   qt-mt323:qt-mt323.dll
 0001:0000dd62       ??1QFileInfo@@QAE@XZ       1000ed62 f   qt-mt323:qt-mt323.dll
 0001:0000dd68       ??1QFile@@UAE@XZ           1000ed68 f   qt-mt323:qt-mt323.dll
 0001:0000dd6e       ?isFile@QFileInfo@@QBE_NXZ 1000ed6e f   qt-mt323:qt-mt323.dll
 0001:0000dd74       ??0QFile@@QAE@ABVQString@@@Z 1000ed74 f   qt-mt323:qt-mt323.dll
 0001:0000dd7a       ??0QFileInfo@@QAE@ABVQString@@@Z 1000ed7a f   qt-mt323:qt-mt323.dll
 0001:0000dd80       ??8@YA_NABVQString@@0@Z    1000ed80 f   qt-mt323:qt-mt323.dll
 0001:0000dd86       ?qDebug@@YAXPBDZZ          1000ed86 f   qt-mt323:qt-mt323.dll
 0001:0000dd8c       ?ascii@QString@@QBEPBDXZ   1000ed8c f   qt-mt323:qt-mt323.dll
 0001:0000dd92       ??YQString@@QAEAAV0@ABV0@@Z 1000ed92 f   qt-mt323:qt-mt323.dll
 0001:0000dd98       ?msec@QTime@@QBEHXZ        1000ed98 f   qt-mt323:qt-mt323.dll
 0001:0000dd9e       ?toString@QDateTime@@QBE?AVQString@@ABV2@@Z 1000ed9e f   qt-mt323:qt-mt323.dll
 0001:0000dda4       ?number@QString@@SA?AV1@HH@Z 1000eda4 f   qt-mt323:qt-mt323.dll
 0001:0000ddaa       ?currentDateTime@QDateTime@@SA?AV1@XZ 1000edaa f   qt-mt323:qt-mt323.dll
 0001:0000ddb0       ?toInt@QString@@QBEHPA_NH@Z 1000edb0 f   qt-mt323:qt-mt323.dll
 0001:0000ddb6       ?detachInternal@?$QValueList@VQString@@@@AAEXXZ 1000edb6 f   qt-mt323:qt-mt323.dll
 0001:0000ddbc       ?split@QStringList@@SA?AV1@ABVQChar@@ABVQString@@_N@Z 1000edbc f   qt-mt323:qt-mt323.dll
 0001:0000ddc2       ?remove@QString@@QAEAAV1@VQChar@@@Z 1000edc2 f   qt-mt323:qt-mt323.dll
 0001:0000ddc8       ??0?$QValueList@VQString@@@@QAE@XZ 1000edc8 f   qt-mt323:qt-mt323.dll
 0001:0000ddce       ?drivers@QSqlDatabase@@SA?AVQStringList@@XZ 1000edce f   qt-mt323:qt-mt323.dll
 0001:0000ddd4       ?section@QString@@QBE?AV1@PBDHHH@Z 1000edd4 f   qt-mt323:qt-mt323.dll
 0001:0000ddda       ?contains@QString@@QBEHPBD_N@Z 1000edda f   qt-mt323:qt-mt323.dll
 0001:0000dde0       ?elementsByTagNameNS@QDomElement@@UBE?AVQDomNodeList@@ABVQString@@0@Z 1000ede0 f   qt-mt323:qt-mt323.dll
 0001:0000dde6       ?elementsByTagName@QDomElement@@UBE?AVQDomNodeList@@ABVQString@@@Z 1000ede6 f   qt-mt323:qt-mt323.dll
 0001:0000ddec       ?isComment@QDomNode@@UBE_NXZ 1000edec f   qt-mt323:qt-mt323.dll
 0001:0000ddf2       ?isCharacterData@QDomNode@@UBE_NXZ 1000edf2 f   qt-mt323:qt-mt323.dll
 0001:0000ddf8       ?isProcessingInstruction@QDomNode@@UBE_NXZ 1000edf8 f   qt-mt323:qt-mt323.dll
 0001:0000ddfe       ?isNotation@QDomNode@@UBE_NXZ 1000edfe f   qt-mt323:qt-mt323.dll
 0001:0000de04       ?isEntity@QDomNode@@UBE_NXZ 1000ee04 f   qt-mt323:qt-mt323.dll
 0001:0000de0a       ?isText@QDomNode@@UBE_NXZ  1000ee0a f   qt-mt323:qt-mt323.dll
 0001:0000de10       ?isEntityReference@QDomNode@@UBE_NXZ 1000ee10 f   qt-mt323:qt-mt323.dll
 0001:0000de16       ?isElement@QDomElement@@UBE_NXZ 1000ee16 f   qt-mt323:qt-mt323.dll
 0001:0000de1c       ?isDocumentType@QDomNode@@UBE_NXZ 1000ee1c f   qt-mt323:qt-mt323.dll
 0001:0000de22       ?isDocument@QDomNode@@UBE_NXZ 1000ee22 f   qt-mt323:qt-mt323.dll
 0001:0000de28       ?isDocumentFragment@QDomNode@@UBE_NXZ 1000ee28 f   qt-mt323:qt-mt323.dll
 0001:0000de2e       ?isCDATASection@QDomNode@@UBE_NXZ 1000ee2e f   qt-mt323:qt-mt323.dll
 0001:0000de34       ?isAttr@QDomNode@@UBE_NXZ  1000ee34 f   qt-mt323:qt-mt323.dll
 0001:0000de3a       ?setPrefix@QDomNode@@UAEXABVQString@@@Z 1000ee3a f   qt-mt323:qt-mt323.dll
 0001:0000de40       ?prefix@QDomNode@@UBE?AVQString@@XZ 1000ee40 f   qt-mt323:qt-mt323.dll
 0001:0000de46       ?setNodeValue@QDomNode@@UAEXABVQString@@@Z 1000ee46 f   qt-mt323:qt-mt323.dll
 0001:0000de4c       ?nodeValue@QDomNode@@UBE?AVQString@@XZ 1000ee4c f   qt-mt323:qt-mt323.dll
 0001:0000de52       ?hasAttributes@QDomNode@@UBE_NXZ 1000ee52 f   qt-mt323:qt-mt323.dll
 0001:0000de58       ?localName@QDomNode@@UBE?AVQString@@XZ 1000ee58 f   qt-mt323:qt-mt323.dll
 0001:0000de5e       ?namespaceURI@QDomNode@@UBE?AVQString@@XZ 1000ee5e f   qt-mt323:qt-mt323.dll
 0001:0000de64       ?ownerDocument@QDomNode@@UBE?AVQDomDocument@@XZ 1000ee64 f   qt-mt323:qt-mt323.dll
 0001:0000de6a       ?attributes@QDomElement@@UBE?AVQDomNamedNodeMap@@XZ 1000ee6a f   qt-mt323:qt-mt323.dll
 0001:0000de70       ?nextSibling@QDomNode@@UBE?AV1@XZ 1000ee70 f   qt-mt323:qt-mt323.dll
 0001:0000de76       ?previousSibling@QDomNode@@UBE?AV1@XZ 1000ee76 f   qt-mt323:qt-mt323.dll
 0001:0000de7c       ?lastChild@QDomNode@@UBE?AV1@XZ 1000ee7c f   qt-mt323:qt-mt323.dll
 0001:0000de82       ?firstChild@QDomNode@@UBE?AV1@XZ 1000ee82 f   qt-mt323:qt-mt323.dll
 0001:0000de88       ?childNodes@QDomNode@@UBE?AVQDomNodeList@@XZ 1000ee88 f   qt-mt323:qt-mt323.dll
 0001:0000de8e       ?parentNode@QDomNode@@UBE?AV1@XZ 1000ee8e f   qt-mt323:qt-mt323.dll
 0001:0000de94       ?nodeType@QDomElement@@UBE?AW4NodeType@QDomNode@@XZ 1000ee94 f   qt-mt323:qt-mt323.dll
 0001:0000de9a       ?nodeName@QDomNode@@UBE?AVQString@@XZ 1000ee9a f   qt-mt323:qt-mt323.dll
 0001:0000dea0       ?isSupported@QDomNode@@UBE_NABVQString@@0@Z 1000eea0 f   qt-mt323:qt-mt323.dll
 0001:0000dea6       ?normalize@QDomNode@@UAEXXZ 1000eea6 f   qt-mt323:qt-mt323.dll
 0001:0000deac       ?cloneNode@QDomNode@@UBE?AV1@_N@Z 1000eeac f   qt-mt323:qt-mt323.dll
 0001:0000deb2       ?hasChildNodes@QDomNode@@UBE_NXZ 1000eeb2 f   qt-mt323:qt-mt323.dll
 0001:0000deb8       ?appendChild@QDomNode@@UAE?AV1@ABV1@@Z 1000eeb8 f   qt-mt323:qt-mt323.dll
 0001:0000debe       ?removeChild@QDomNode@@UAE?AV1@ABV1@@Z 1000eebe f   qt-mt323:qt-mt323.dll
 0001:0000dec4       ?replaceChild@QDomNode@@UAE?AV1@ABV1@0@Z 1000eec4 f   qt-mt323:qt-mt323.dll
 0001:0000deca       ?insertAfter@QDomNode@@UAE?AV1@ABV1@0@Z 1000eeca f   qt-mt323:qt-mt323.dll
 0001:0000ded0       ?insertBefore@QDomNode@@UAE?AV1@ABV1@0@Z 1000eed0 f   qt-mt323:qt-mt323.dll
 0001:0000ded6       ?write@QGDict@@MBEAAVQDataStream@@AAV2@PAX@Z 1000eed6 f   qt-mt323:qt-mt323.dll
 0001:0000dedc       ?read@QGDict@@MAEAAVQDataStream@@AAV2@AAPAX@Z 1000eedc f   qt-mt323:qt-mt323.dll
 0001:0000dee2       ?newItem@QPtrCollection@@MAEPAXPAX@Z 1000eee2 f   qt-mt323:qt-mt323.dll
 0001:0000dee8       ??1QDomNode@@UAE@XZ        1000eee8 f   qt-mt323:qt-mt323.dll
 0001:0000deee       ??4QDomNode@@QAEAAV0@ABV0@@Z 1000eeee f   qt-mt323:qt-mt323.dll
 0001:0000def4       ?look_string@QGDict@@QAEPAXABVQString@@PAXH@Z 1000eef4 f   qt-mt323:qt-mt323.dll
 0001:0000defa       ?mid@QString@@QBE?AV1@II@Z 1000eefa f   qt-mt323:qt-mt323.dll
 0001:0000df00       ?left@QString@@QBE?AV1@I@Z 1000ef00 f   qt-mt323:qt-mt323.dll
 0001:0000df06       ?find@QString@@QBEHVQChar@@H_N@Z 1000ef06 f   qt-mt323:qt-mt323.dll
 0001:0000df0c       ??0QChar@@QAE@D@Z          1000ef0c f   qt-mt323:qt-mt323.dll
 0001:0000df12       ??1QDomElement@@UAE@XZ     1000ef12 f   qt-mt323:qt-mt323.dll
 0001:0000df18       ?toElement@QDomNode@@QAE?AVQDomElement@@XZ 1000ef18 f   qt-mt323:qt-mt323.dll
 0001:0000df1e       ?attribute@QDomElement@@QBE?AVQString@@ABV2@0@Z 1000ef1e f   qt-mt323:qt-mt323.dll
 0001:0000df24       ?isNull@QDomNode@@QBE_NXZ  1000ef24 f   qt-mt323:qt-mt323.dll
 0001:0000df2a       ??1QDomDocument@@UAE@XZ    1000ef2a f   qt-mt323:qt-mt323.dll
 0001:0000df30       ?tagName@QDomElement@@QBE?AVQString@@XZ 1000ef30 f   qt-mt323:qt-mt323.dll
 0001:0000df36       ?documentElement@QDomDocument@@QBE?AVQDomElement@@XZ 1000ef36 f   qt-mt323:qt-mt323.dll
 0001:0000df3c       ?close@QFile@@UAEXXZ       1000ef3c f   qt-mt323:qt-mt323.dll
 0001:0000df42       ?setContent@QDomDocument@@QAE_NPAVQIODevice@@PAVQString@@PAH2@Z 1000ef42 f   qt-mt323:qt-mt323.dll
 0001:0000df48       ??0QDomDocument@@QAE@XZ    1000ef48 f   qt-mt323:qt-mt323.dll
 0001:0000df4e       ??0QGDict@@IAE@IW4KeyType@0@_N1@Z 1000ef4e f   qt-mt323:qt-mt323.dll
 0001:0000df54       ?arg@QString@@QBE?AV1@HHH@Z 1000ef54 f   qt-mt323:qt-mt323.dll
 0001:0000df5a       ?clear@QGDict@@MAEXXZ      1000ef5a f   qt-mt323:qt-mt323.dll
 0001:0000df60       ??1?$QMemArray@VQPoint@@@@UAE@XZ 1000ef60 f   qt-mt323:qt-mt323.dll
 0001:0000df66       ??1?$QPtrList@VQObject@@@@UAE@XZ 1000ef66 f   qt-mt323:qt-mt323.dll
 0001:0000df6c       ??1?$QPtrList@VQWidget@@@@UAE@XZ 1000ef6c f   qt-mt323:qt-mt323.dll
 0001:0000df72       ??1QGDict@@MAE@XZ          1000ef72 f   qt-mt323:qt-mt323.dll
 0001:0000df78       ?qWarning@@YAXPBDZZ        1000ef78 f   qt-mt323:qt-mt323.dll
 0001:0000df7e       ??1QMutex@@UAE@XZ          1000ef7e f   qt-mt323:qt-mt323.dll
 0001:0000df84       ??1QDataStream@@UAE@XZ     1000ef84 f   qt-mt323:qt-mt323.dll
 0001:0000df8a       ??H@YA?BVQString@@ABV0@D@Z 1000ef8a f   qt-mt323:qt-mt323.dll
 0001:0000df90       ?arg@QString@@QBE?AV1@ABV1@H@Z 1000ef90 f   qt-mt323:qt-mt323.dll
 0001:0000df96       ?mkdir@QDir@@UBE_NABVQString@@_N@Z 1000ef96 f   qt-mt323:qt-mt323.dll
 0001:0000df9c       ?exists@QDir@@UBE_NXZ      1000ef9c f   qt-mt323:qt-mt323.dll
 0001:0000dfa2       ??0QMutex@@QAE@_N@Z        1000efa2 f   qt-mt323:qt-mt323.dll
 0001:0000dfa8       ??0QDataStream@@QAE@XZ     1000efa8 f   qt-mt323:qt-mt323.dll
 0001:0000dfae       ??1QMutexLocker@@QAE@XZ    1000efae f   qt-mt323:qt-mt323.dll
 0001:0000dfb4       ?unlock@QMutex@@QAEXXZ     1000efb4 f   qt-mt323:qt-mt323.dll
 0001:0000dfba       ?lock@QMutex@@QAEXXZ       1000efba f   qt-mt323:qt-mt323.dll
 0001:0000dfc0       ?exists@QFile@@QBE_NXZ     1000efc0 f   qt-mt323:qt-mt323.dll
 0001:0000dfc6       ?remove@QFile@@QAE_NXZ     1000efc6 f   qt-mt323:qt-mt323.dll
 0001:0000dfcc       ?ungetch@QFile@@UAEHH@Z    1000efcc f   qt-mt323:qt-mt323.dll
 0001:0000dfd2       ?putch@QFile@@UAEHH@Z      1000efd2 f   qt-mt323:qt-mt323.dll
 0001:0000dfd8       ?getch@QFile@@UAEHXZ       1000efd8 f   qt-mt323:qt-mt323.dll
 0001:0000dfde       ?readAll@QIODevice@@UAE?AV?$QMemArray@D@@XZ 1000efde f   qt-mt323:qt-mt323.dll
 0001:0000dfe4       ?readLine@QFile@@UAEJPADK@Z 1000efe4 f   qt-mt323:qt-mt323.dll
 0001:0000dfea       ?writeBlock@QFile@@UAEJPBDK@Z 1000efea f   qt-mt323:qt-mt323.dll
 0001:0000dff0       ?readBlock@QFile@@UAEJPADK@Z 1000eff0 f   qt-mt323:qt-mt323.dll
 0001:0000dff6       ?atEnd@QFile@@UBE_NXZ      1000eff6 f   qt-mt323:qt-mt323.dll
 0001:0000dffc       ?at@QFile@@UBEKXZ          1000effc f   qt-mt323:qt-mt323.dll
 0001:0000e002       ?at@QFile@@UAE_NK@Z        1000f002 f   qt-mt323:qt-mt323.dll
 0001:0000e008       ?size@QFile@@UBEKXZ        1000f008 f   qt-mt323:qt-mt323.dll
 0001:0000e00e       ?flush@QFile@@UAEXXZ       1000f00e f   qt-mt323:qt-mt323.dll
 0001:0000e014       ?setDevice@QDataStream@@QAEXPAVQIODevice@@@Z 1000f014 f   qt-mt323:qt-mt323.dll
 0001:0000e01a       ?replace@QString@@QAEAAV1@ABV1@0@Z 1000f01a f   qt-mt323:qt-mt323.dll
 0001:0000e020       ?compareItems@QGList@@MAEHPAX0@Z 1000f020 f   qt-mt323:qt-mt323.dll
 0001:0000e026       ?write@QGList@@MBEAAVQDataStream@@AAV2@PAX@Z 1000f026 f   qt-mt323:qt-mt323.dll
 0001:0000e02c       ?read@QGList@@MAEAAVQDataStream@@AAV2@AAPAX@Z 1000f02c f   qt-mt323:qt-mt323.dll
 0001:0000e032       ??1QWaitCondition@@UAE@XZ  1000f032 f   qt-mt323:qt-mt323.dll
 0001:0000e038       ??1QThread@@UAE@XZ         1000f038 f   qt-mt323:qt-mt323.dll
 0001:0000e03e       ??0QGList@@IAE@XZ          1000f03e f   qt-mt323:qt-mt323.dll
 0001:0000e044       ??0QSemaphore@@QAE@H@Z     1000f044 f   qt-mt323:qt-mt323.dll
 0001:0000e04a       ?finished@QThread@@QBE_NXZ 1000f04a f   qt-mt323:qt-mt323.dll
 0001:0000e050       ?running@QThread@@QBE_NXZ  1000f050 f   qt-mt323:qt-mt323.dll
 0001:0000e056       ??0QWaitCondition@@QAE@XZ  1000f056 f   qt-mt323:qt-mt323.dll
 0001:0000e05c       ??0QThread@@QAE@XZ         1000f05c f   qt-mt323:qt-mt323.dll
 0001:0000e062       ??1QSemaphore@@UAE@XZ      1000f062 f   qt-mt323:qt-mt323.dll
 0001:0000e068       ??FQSemaphore@@QAEHH@Z     1000f068 f   qt-mt323:qt-mt323.dll
 0001:0000e06e       ?remove@QGList@@IAE_NPAX@Z 1000f06e f   qt-mt323:qt-mt323.dll
 0001:0000e074       ?first@QGList@@IAEPAXXZ    1000f074 f   qt-mt323:qt-mt323.dll
 0001:0000e07a       ??EQSemaphore@@QAEHH@Z     1000f07a f   qt-mt323:qt-mt323.dll
 0001:0000e080       ?arg@QString@@QBE?AV1@IHH@Z 1000f080 f   qt-mt323:qt-mt323.dll
 0001:0000e086       ?terminate@QThread@@QAEXXZ 1000f086 f   qt-mt323:qt-mt323.dll
 0001:0000e08c       ?wait@QThread@@QAE_NK@Z    1000f08c f   qt-mt323:qt-mt323.dll
 0001:0000e092       ?wakeOne@QWaitCondition@@QAEXXZ 1000f092 f   qt-mt323:qt-mt323.dll
 0001:0000e098       ?available@QSemaphore@@QBEHXZ 1000f098 f   qt-mt323:qt-mt323.dll
 0001:0000e09e       ?wait@QWaitCondition@@QAE_NK@Z 1000f09e f   qt-mt323:qt-mt323.dll
 0001:0000e0a4       ?start@QThread@@QAEXXZ     1000f0a4 f   qt-mt323:qt-mt323.dll
 0001:0000e0aa       ??H@YA?BVQString@@ABV0@0@Z 1000f0aa f   qt-mt323:qt-mt323.dll
 0001:0000e0b0       ?append@QGList@@IAEXPAX@Z  1000f0b0 f   qt-mt323:qt-mt323.dll
 0001:0000e0b6       ?databaseText@QSqlError@@QBE?AVQString@@XZ 1000f0b6 f   qt-mt323:qt-mt323.dll
 0001:0000e0bc       ?driverText@QSqlError@@QBE?AVQString@@XZ 1000f0bc f   qt-mt323:qt-mt323.dll
 0001:0000e0c2       ?type@QSqlError@@QBEHXZ    1000f0c2 f   qt-mt323:qt-mt323.dll
 0001:0000e0c8       ?secsTo@QTime@@QBEHABV1@@Z 1000f0c8 f   qt-mt323:qt-mt323.dll
 0001:0000e0ce       ?isOpen@QSqlDatabase@@QBE_NXZ 1000f0ce f   qt-mt323:qt-mt323.dll
 0001:0000e0d4       ??1QSqlError@@UAE@XZ       1000f0d4 f   qt-mt323:qt-mt323.dll
 0001:0000e0da       ?lastError@QSqlDatabase@@QBE?AVQSqlError@@XZ 1000f0da f   qt-mt323:qt-mt323.dll
 0001:0000e0e0       ?open@QSqlDatabase@@QAE_NXZ 1000f0e0 f   qt-mt323:qt-mt323.dll
 0001:0000e0e6       ?addDatabase@QSqlDatabase@@SAPAV1@ABVQString@@0@Z 1000f0e6 f   qt-mt323:qt-mt323.dll
 0001:0000e0ec       ?libraryPaths@QApplication@@SA?AVQStringList@@XZ 1000f0ec f   qt-mt323:qt-mt323.dll
 0001:0000e0f2       ?clear@QGList@@MAEXXZ      1000f0f2 f   qt-mt323:qt-mt323.dll
 0001:0000e0f8       ??1QGList@@MAE@XZ          1000f0f8 f   qt-mt323:qt-mt323.dll
 0001:0000e0fe       ??6QDataStream@@QAEAAV0@H@Z 1000f0fe f   qt-mt323:qt-mt323.dll
 0001:0000e104       ??6@YAAAVQDataStream@@AAV0@ABVQString@@@Z 1000f104 f   qt-mt323:qt-mt323.dll
 0001:0000e10a       ??5@YAAAVQDataStream@@AAV0@AAVQString@@@Z 1000f10a f   qt-mt323:qt-mt323.dll
 0001:0000e110       ??5QDataStream@@QAEAAV0@AAH@Z 1000f110 f   qt-mt323:qt-mt323.dll
 0001:0000e116       ??1QSqlQuery@@UAE@XZ       1000f116 f   qt-mt323:qt-mt323.dll
 0001:0000e11c       ?close@QSqlDatabase@@QAEXXZ 1000f11c f   qt-mt323:qt-mt323.dll
 0001:0000e122       ?lastError@QSqlQuery@@QBE?AVQSqlError@@XZ 1000f122 f   qt-mt323:qt-mt323.dll
 0001:0000e128       ?exec@QSqlQuery@@UAE_NABVQString@@@Z 1000f128 f   qt-mt323:qt-mt323.dll
 0001:0000e12e       ?numRowsAffected@QSqlQuery@@QBEHXZ 1000f12e f   qt-mt323:qt-mt323.dll
 0001:0000e134       ??0QSqlQuery@@QAE@ABVQString@@PAVQSqlDatabase@@@Z 1000f134 f   qt-mt323:qt-mt323.dll
 0001:0000e13a       ??1QRegExp@@QAE@XZ         1000f13a f   qt-mt323:qt-mt323.dll
 0001:0000e140       ?search@QRegExp@@QBEHABVQString@@H@Z 1000f140 f   qt-mt323:qt-mt323.dll
 0001:0000e146       ??0QRegExp@@QAE@ABVQString@@_N1@Z 1000f146 f   qt-mt323:qt-mt323.dll
 0001:0000e14c       ??YQString@@QAEAAV0@VQChar@@@Z 1000f14c f   qt-mt323:qt-mt323.dll
 0001:0000e152       ?readRawBytes@QDataStream@@QAEAAV1@PADI@Z 1000f152 f   qt-mt323:qt-mt323.dll
 0001:0000e158       ??3@YAXPAX@Z               1000f158 f   libcpmt:delop.obj
 0001:0000e1ec       ??_D?$basic_istream@DU?$char_traits@D@std@@@std@@QAEXXZ 1000f1ec f i libcpmt:iostream.obj
 0001:0000e230       ??_D?$basic_ostream@DU?$char_traits@D@std@@@std@@QAEXXZ 1000f230 f i libcpmt:iostream.obj
 0001:0000e2d0       ??0Init@ios_base@std@@QAE@XZ 1000f2d0 f   libcpmt:iostream.obj
 0001:0000e44f       ??3@YAXPAX0@Z              1000f44f f i libcpmt:iostream.obj
 0001:0000e450       ??1Init@ios_base@std@@QAE@XZ 1000f450 f   libcpmt:iostream.obj
 0001:0000e493       ??0?$basic_ostream@DU?$char_traits@D@std@@@std@@QAE@PAV?$basic_streambuf@DU?$char_traits@D@std@@@1@_N1@Z 1000f493 f i libcpmt:iostream.obj
 0001:0000e4fd       ??0?$basic_ostream@DU?$char_traits@D@std@@@std@@QAE@W4_Uninitialized@1@@Z 1000f4fd f i libcpmt:iostream.obj
 0001:0000e55c       ?flush@?$basic_ostream@DU?$char_traits@D@std@@@std@@QAEAAV12@XZ 1000f55c f i libcpmt:iostream.obj
 0001:0000e5a6       ??1?$basic_ios@DU?$char_traits@D@std@@@std@@UAE@XZ 1000f5a6 f i libcpmt:iostream.obj
 0001:0000e5b1       ??0?$basic_istream@DU?$char_traits@D@std@@@std@@QAE@PAV?$basic_streambuf@DU?$char_traits@D@std@@@1@_N@Z 1000f5b1 f i libcpmt:iostream.obj
 0001:0000e619       ??0?$basic_istream@DU?$char_traits@D@std@@@std@@QAE@W4_Uninitialized@1@@Z 1000f619 f i libcpmt:iostream.obj
 0001:0000e678       ??0?$basic_filebuf@DU?$char_traits@D@std@@@std@@QAE@PAU_iobuf@@@Z 1000f678 f i libcpmt:iostream.obj
 0001:0000e6d8       ??0locale@std@@QAE@XZ      1000f6d8 f i libcpmt:iostream.obj
 0001:0000e706       ?_Incref@facet@locale@std@@QAEXXZ 1000f706 f i libcpmt:iostream.obj
 0001:0000e72c       ??1locale@std@@QAE@XZ      1000f72c f i libcpmt:iostream.obj
 0001:0000e744       ?_Decref@facet@locale@std@@QAEPAV123@XZ 1000f744 f i libcpmt:iostream.obj
 0001:0000e77d       ??1?$basic_streambuf@DU?$char_traits@D@std@@@std@@UAE@XZ 1000f77d f i libcpmt:iostream.obj
 0001:0000e78b       ?overflow@?$basic_streambuf@DU?$char_traits@D@std@@@std@@MAEHH@Z 1000f78b f i libcpmt:iostream.obj
 0001:0000e791       ?pbackfail@?$basic_streambuf@DU?$char_traits@D@std@@@std@@MAEHH@Z 1000f791 f i libcpmt:iostream.obj
 0001:0000e797       ?showmanyc@?$basic_streambuf@DU?$char_traits@D@std@@@std@@MAEHXZ 1000f797 f i libcpmt:iostream.obj
 0001:0000e79a       ?underflow@?$basic_streambuf@DU?$char_traits@D@std@@@std@@MAEHXZ 1000f79a f i libcpmt:iostream.obj
 0001:0000e79e       ?uflow@?$basic_streambuf@DU?$char_traits@D@std@@@std@@MAEHXZ 1000f79e f i libcpmt:iostream.obj
 0001:0000e7bb       ?xsgetn@?$basic_streambuf@DU?$char_traits@D@std@@@std@@MAEHPADH@Z 1000f7bb f i libcpmt:iostream.obj
 0001:0000e82f       ?xsputn@?$basic_streambuf@DU?$char_traits@D@std@@@std@@MAEHPBDH@Z 1000f82f f i libcpmt:iostream.obj
 0001:0000e8a5       ?seekoff@?$basic_streambuf@DU?$char_traits@D@std@@@std@@MAE?AV?$fpos@H@2@JW4seekdir@ios_base@2@H@Z 1000f8a5 f i libcpmt:iostream.obj
 0001:0000e8c9       ?seekpos@?$basic_streambuf@DU?$char_traits@D@std@@@std@@MAE?AV?$fpos@H@2@V32@H@Z 1000f8c9 f i libcpmt:iostream.obj
 0001:0000e8ed       ?setbuf@?$basic_streambuf@DU?$char_traits@D@std@@@std@@MAEPAV12@PADH@Z 1000f8ed f i libcpmt:iostream.obj
 0001:0000e8f2       ?sync@?$basic_streambuf@DU?$char_traits@D@std@@@std@@MAEHXZ 1000f8f2 f i libcpmt:iostream.obj
 0001:0000e8f5       ?imbue@?$basic_streambuf@DU?$char_traits@D@std@@@std@@MAEXABVlocale@2@@Z 1000f8f5 f i libcpmt:iostream.obj
 0001:0000e8f8       ??0?$basic_filebuf@DU?$char_traits@D@std@@@std@@QAE@W4_Uninitialized@1@@Z 1000f8f8 f i libcpmt:iostream.obj
 0001:0000e903       ??1?$basic_filebuf@DU?$char_traits@D@std@@@std@@UAE@XZ 1000f903 f i libcpmt:iostream.obj
 0001:0000e968       ?overflow@?$basic_filebuf@DU?$char_traits@D@std@@@std@@MAEHH@Z 1000f968 f i libcpmt:iostream.obj
 0001:0000ea9e       ?pbackfail@?$basic_filebuf@DU?$char_traits@D@std@@@std@@MAEHH@Z 1000fa9e f i libcpmt:iostream.obj
 0001:0000eb4b       ?underflow@?$basic_filebuf@DU?$char_traits@D@std@@@std@@MAEHXZ 1000fb4b f i libcpmt:iostream.obj
 0001:0000eb78       ?uflow@?$basic_filebuf@DU?$char_traits@D@std@@@std@@MAEHXZ 1000fb78 f i libcpmt:iostream.obj
 0001:0000ec8d       ?seekoff@?$basic_filebuf@DU?$char_traits@D@std@@@std@@MAE?AV?$fpos@H@2@JW4seekdir@ios_base@2@H@Z 1000fc8d f i libcpmt:iostream.obj
 0001:0000ecfc       ?seekpos@?$basic_filebuf@DU?$char_traits@D@std@@@std@@MAE?AV?$fpos@H@2@V32@H@Z 1000fcfc f i libcpmt:iostream.obj
 0001:0000edab       ?setbuf@?$basic_filebuf@DU?$char_traits@D@std@@@std@@MAEPAV?$basic_streambuf@DU?$char_traits@D@std@@@2@PADH@Z 1000fdab f i libcpmt:iostream.obj
 0001:0000edd6       ?sync@?$basic_filebuf@DU?$char_traits@D@std@@@std@@MAEHXZ 1000fdd6 f i libcpmt:iostream.obj
 0001:0000edef       ??_E?$basic_ostream@DU?$char_traits@D@std@@@std@@UAEPAXI@Z 1000fdef f i libcpmt:iostream.obj
 0001:0000edef       ??_G?$basic_ostream@DU?$char_traits@D@std@@@std@@UAEPAXI@Z 1000fdef f i libcpmt:iostream.obj
 0001:0000ee0e       ??_G?$basic_ios@DU?$char_traits@D@std@@@std@@UAEPAXI@Z 1000fe0e f i libcpmt:iostream.obj
 0001:0000ee0e       ??_E?$basic_ios@DU?$char_traits@D@std@@@std@@UAEPAXI@Z 1000fe0e f i libcpmt:iostream.obj
 0001:0000ee2a       ??_G?$basic_istream@DU?$char_traits@D@std@@@std@@UAEPAXI@Z 1000fe2a f i libcpmt:iostream.obj
 0001:0000ee2a       ??_E?$basic_istream@DU?$char_traits@D@std@@@std@@UAEPAXI@Z 1000fe2a f i libcpmt:iostream.obj
 0001:0000ee49       ??_E?$basic_streambuf@DU?$char_traits@D@std@@@std@@UAEPAXI@Z 1000fe49 f i libcpmt:iostream.obj
 0001:0000ee49       ??_G?$basic_streambuf@DU?$char_traits@D@std@@@std@@UAEPAXI@Z 1000fe49 f i libcpmt:iostream.obj
 0001:0000ee65       ??_E?$basic_filebuf@DU?$char_traits@D@std@@@std@@UAEPAXI@Z 1000fe65 f i libcpmt:iostream.obj
 0001:0000ee65       ??_G?$basic_filebuf@DU?$char_traits@D@std@@@std@@UAEPAXI@Z 1000fe65 f i libcpmt:iostream.obj
 0001:0000ee81       ?append@?$basic_string@DU?$char_traits@D@std@@V?$allocator@D@2@@std@@QAEAAV12@ID@Z 1000fe81 f i libcpmt:iostream.obj
 0001:0000eeda       ?erase@?$basic_string@DU?$char_traits@D@std@@V?$allocator@D@2@@std@@QAEAAV12@II@Z 1000feda f i libcpmt:iostream.obj
 0001:0000ef41       ?_Tidy@?$basic_string@DU?$char_traits@D@std@@V?$allocator@D@2@@std@@AAEX_N@Z 1000ff41 f i libcpmt:iostream.obj
 0001:0000ef7d       ?init@?$basic_ios@DU?$char_traits@D@std@@@std@@IAEXPAV?$basic_streambuf@DU?$char_traits@D@std@@@2@_N@Z 1000ff7d f i libcpmt:iostream.obj
 0001:0000efbd       ??0?$fpos@H@std@@QAE@J@Z   1000ffbd f i libcpmt:iostream.obj
 0001:0000eff7       ?_Gndec@?$basic_streambuf@DU?$char_traits@D@std@@@std@@IAEPADXZ 1000fff7 f i libcpmt:iostream.obj
 0001:0000f007       ?_Gninc@?$basic_streambuf@DU?$char_traits@D@std@@@std@@IAEPADXZ 10010007 f i libcpmt:iostream.obj
 0001:0000f017       ?_Pninc@?$basic_streambuf@DU?$char_traits@D@std@@@std@@IAEPADXZ 10010017 f i libcpmt:iostream.obj
 0001:0000f027       ?close@?$basic_filebuf@DU?$char_traits@D@std@@@std@@QAEPAV12@XZ 10010027 f i libcpmt:iostream.obj
 0001:0000f04e       ?_Init@?$basic_filebuf@DU?$char_traits@D@std@@@std@@IAEXPAU_iobuf@@W4_Initfl@12@@Z 1001004e f i libcpmt:iostream.obj
 0001:0000f0c6       ?_Freeze@?$basic_string@DU?$char_traits@D@std@@V?$allocator@D@2@@std@@AAEXXZ 100100c6 f i libcpmt:iostream.obj
 0001:0000f0f2       ?_Grow@?$basic_string@DU?$char_traits@D@std@@V?$allocator@D@2@@std@@AAE_NI_N@Z 100100f2 f i libcpmt:iostream.obj
 0001:0000f177       ?_Split@?$basic_string@DU?$char_traits@D@std@@V?$allocator@D@2@@std@@AAEXXZ 10010177 f i libcpmt:iostream.obj
 0001:0000f1a7       ?assign@?$basic_string@DU?$char_traits@D@std@@V?$allocator@D@2@@std@@QAEAAV12@PBDI@Z 100101a7 f i libcpmt:iostream.obj
 0001:0000f1dc       ?_Init@?$basic_streambuf@DU?$char_traits@D@std@@@std@@IAEXXZ 100101dc f i libcpmt:iostream.obj
 0001:0000f21e       ?_Copy@?$basic_string@DU?$char_traits@D@std@@V?$allocator@D@2@@std@@AAEXI@Z 1001021e f i libcpmt:iostream.obj
 0001:0000f2db       ?_Ungetc@std@@YA_NABDPAU_iobuf@@I@Z 100102db f i libcpmt:iostream.obj
 0001:0000f36a       ?id@?$collate@D@std@@$E    1001036a f i libcpmt:iostream.obj
 0001:0000f475       ??_D?$basic_istream@GU?$char_traits@G@std@@@std@@QAEXXZ 10010475 f i libcpmt:wiostrea.obj
 0001:0000f4b9       ??_D?$basic_ostream@GU?$char_traits@G@std@@@std@@QAEXXZ 100104b9 f i libcpmt:wiostrea.obj
 0001:0000f52c       ??0_Winit@std@@QAE@XZ      1001052c f   libcpmt:wiostrea.obj
 0001:0000f6ad       ??1_Winit@std@@QAE@XZ      100106ad f   libcpmt:wiostrea.obj
 0001:0000f6f0       ??0?$basic_ostream@GU?$char_traits@G@std@@@std@@QAE@PAV?$basic_streambuf@GU?$char_traits@G@std@@@1@_N1@Z 100106f0 f i libcpmt:wiostrea.obj
 0001:0000f75a       ??0?$basic_ostream@GU?$char_traits@G@std@@@std@@QAE@W4_Uninitialized@1@@Z 1001075a f i libcpmt:wiostrea.obj
 0001:0000f7b9       ?flush@?$basic_ostream@GU?$char_traits@G@std@@@std@@QAEAAV12@XZ 100107b9 f i libcpmt:wiostrea.obj
 0001:0000f803       ??1?$basic_ios@GU?$char_traits@G@std@@@std@@UAE@XZ 10010803 f i libcpmt:wiostrea.obj
 0001:0000f80e       ??0?$basic_istream@GU?$char_traits@G@std@@@std@@QAE@PAV?$basic_streambuf@GU?$char_traits@G@std@@@1@_N@Z 1001080e f i libcpmt:wiostrea.obj
 0001:0000f876       ??0?$basic_istream@GU?$char_traits@G@std@@@std@@QAE@W4_Uninitialized@1@@Z 10010876 f i libcpmt:wiostrea.obj
 0001:0000f8d5       ??0?$basic_filebuf@GU?$char_traits@G@std@@@std@@QAE@PAU_iobuf@@@Z 100108d5 f i libcpmt:wiostrea.obj
 0001:0000f935       ??1?$basic_streambuf@GU?$char_traits@G@std@@@std@@UAE@XZ 10010935 f i libcpmt:wiostrea.obj
 0001:0000f943       ?overflow@?$basic_streambuf@GU?$char_traits@G@std@@@std@@MAEGG@Z 10010943 f i libcpmt:wiostrea.obj
 0001:0000f94a       ?pbackfail@?$basic_streambuf@GU?$char_traits@G@std@@@std@@MAEGG@Z 1001094a f i libcpmt:wiostrea.obj
 0001:0000f951       ?showmanyc@?$basic_streambuf@GU?$char_traits@G@std@@@std@@MAEHXZ 10010951 f i libcpmt:wiostrea.obj
 0001:0000f954       ?underflow@?$basic_streambuf@GU?$char_traits@G@std@@@std@@MAEGXZ 10010954 f i libcpmt:wiostrea.obj
 0001:0000f959       ?uflow@?$basic_streambuf@GU?$char_traits@G@std@@@std@@MAEGXZ 10010959 f i libcpmt:wiostrea.obj
 0001:0000f97a       ?xsgetn@?$basic_streambuf@GU?$char_traits@G@std@@@std@@MAEHPAGH@Z 1001097a f i libcpmt:wiostrea.obj
 0001:0000fa01       ?xsputn@?$basic_streambuf@GU?$char_traits@G@std@@@std@@MAEHPBGH@Z 10010a01 f i libcpmt:wiostrea.obj
 0001:0000fa89       ?seekoff@?$basic_streambuf@GU?$char_traits@G@std@@@std@@MAE?AV?$fpos@H@2@JW4seekdir@ios_base@2@H@Z 10010a89 f i libcpmt:wiostrea.obj
 0001:0000faad       ?seekpos@?$basic_streambuf@GU?$char_traits@G@std@@@std@@MAE?AV?$fpos@H@2@V32@H@Z 10010aad f i libcpmt:wiostrea.obj
 0001:0000fad1       ?setbuf@?$basic_streambuf@GU?$char_traits@G@std@@@std@@MAEPAV12@PAGH@Z 10010ad1 f i libcpmt:wiostrea.obj
 0001:0000fad6       ?sync@?$basic_streambuf@GU?$char_traits@G@std@@@std@@MAEHXZ 10010ad6 f i libcpmt:wiostrea.obj
 0001:0000fad9       ?imbue@?$basic_streambuf@GU?$char_traits@G@std@@@std@@MAEXABVlocale@2@@Z 10010ad9 f i libcpmt:wiostrea.obj
 0001:0000fadc       ??0?$basic_filebuf@GU?$char_traits@G@std@@@std@@QAE@W4_Uninitialized@1@@Z 10010adc f i libcpmt:wiostrea.obj
 0001:0000fae7       ??1?$basic_filebuf@GU?$char_traits@G@std@@@std@@UAE@XZ 10010ae7 f i libcpmt:wiostrea.obj
 0001:0000fb4c       ?overflow@?$basic_filebuf@GU?$char_traits@G@std@@@std@@MAEGG@Z 10010b4c f i libcpmt:wiostrea.obj
 0001:0000fc94       ?pbackfail@?$basic_filebuf@GU?$char_traits@G@std@@@std@@MAEGG@Z 10010c94 f i libcpmt:wiostrea.obj
 0001:0000fd4b       ?underflow@?$basic_filebuf@GU?$char_traits@G@std@@@std@@MAEGXZ 10010d4b f i libcpmt:wiostrea.obj
 0001:0000fd79       ?uflow@?$basic_filebuf@GU?$char_traits@G@std@@@std@@MAEGXZ 10010d79 f i libcpmt:wiostrea.obj
 0001:0000fe97       ?seekoff@?$basic_filebuf@GU?$char_traits@G@std@@@std@@MAE?AV?$fpos@H@2@JW4seekdir@ios_base@2@H@Z 10010e97 f i libcpmt:wiostrea.obj
 0001:0000ff06       ?seekpos@?$basic_filebuf@GU?$char_traits@G@std@@@std@@MAE?AV?$fpos@H@2@V32@H@Z 10010f06 f i libcpmt:wiostrea.obj
 0001:0000ffb5       ?setbuf@?$basic_filebuf@GU?$char_traits@G@std@@@std@@MAEPAV?$basic_streambuf@GU?$char_traits@G@std@@@2@PAGH@Z 10010fb5 f i libcpmt:wiostrea.obj
 0001:0000ffe3       ?sync@?$basic_filebuf@GU?$char_traits@G@std@@@std@@MAEHXZ 10010fe3 f i libcpmt:wiostrea.obj
 0001:0000fffc       ??_G?$basic_ostream@GU?$char_traits@G@std@@@std@@UAEPAXI@Z 10010ffc f i libcpmt:wiostrea.obj
 0001:0000fffc       ??_E?$basic_ostream@GU?$char_traits@G@std@@@std@@UAEPAXI@Z 10010ffc f i libcpmt:wiostrea.obj
 0001:0001001b       ??_G?$basic_ios@GU?$char_traits@G@std@@@std@@UAEPAXI@Z 1001101b f i libcpmt:wiostrea.obj
 0001:0001001b       ??_E?$basic_ios@GU?$char_traits@G@std@@@std@@UAEPAXI@Z 1001101b f i libcpmt:wiostrea.obj
 0001:00010037       ??_G?$basic_istream@GU?$char_traits@G@std@@@std@@UAEPAXI@Z 10011037 f i libcpmt:wiostrea.obj
 0001:00010037       ??_E?$basic_istream@GU?$char_traits@G@std@@@std@@UAEPAXI@Z 10011037 f i libcpmt:wiostrea.obj
 0001:00010056       ??_E?$basic_streambuf@GU?$char_traits@G@std@@@std@@UAEPAXI@Z 10011056 f i libcpmt:wiostrea.obj
 0001:00010056       ??_G?$basic_streambuf@GU?$char_traits@G@std@@@std@@UAEPAXI@Z 10011056 f i libcpmt:wiostrea.obj
 0001:00010072       ??_G?$basic_filebuf@GU?$char_traits@G@std@@@std@@UAEPAXI@Z 10011072 f i libcpmt:wiostrea.obj
 0001:00010072       ??_E?$basic_filebuf@GU?$char_traits@G@std@@@std@@UAEPAXI@Z 10011072 f i libcpmt:wiostrea.obj
 0001:0001008e       ?init@?$basic_ios@GU?$char_traits@G@std@@@std@@IAEXPAV?$basic_streambuf@GU?$char_traits@G@std@@@2@_N@Z 1001108e f i libcpmt:wiostrea.obj
 0001:000100d8       ?gbump@?$basic_streambuf@GU?$char_traits@G@std@@@std@@IAEXH@Z 100110d8 f i libcpmt:wiostrea.obj
 0001:000100ec       ?_Gndec@?$basic_streambuf@GU?$char_traits@G@std@@@std@@IAEPAGXZ 100110ec f i libcpmt:wiostrea.obj
 0001:000100fd       ?_Gninc@?$basic_streambuf@GU?$char_traits@G@std@@@std@@IAEPAGXZ 100110fd f i libcpmt:wiostrea.obj
 0001:0001010d       ?pbump@?$basic_streambuf@GU?$char_traits@G@std@@@std@@IAEXH@Z 1001110d f i libcpmt:wiostrea.obj
 0001:00010121       ?_Pninc@?$basic_streambuf@GU?$char_traits@G@std@@@std@@IAEPAGXZ 10011121 f i libcpmt:wiostrea.obj
 0001:00010131       ?close@?$basic_filebuf@GU?$char_traits@G@std@@@std@@QAEPAV12@XZ 10011131 f i libcpmt:wiostrea.obj
 0001:00010158       ?_Init@?$basic_filebuf@GU?$char_traits@G@std@@@std@@IAEXPAU_iobuf@@W4_Initfl@12@@Z 10011158 f i libcpmt:wiostrea.obj
 0001:000101ae       ?_Init@?$basic_streambuf@GU?$char_traits@G@std@@@std@@IAEXXZ 100111ae f i libcpmt:wiostrea.obj
 0001:00010232       ??0_Lockit@std@@QAE@XZ     10011232 f   libcpmt:xlock.obj
 0001:000102ce       ??1_Lockit@std@@QAE@XZ     100112ce f   libcpmt:xlock.obj
 0001:000102e3       ?clear@ios_base@std@@QAEXH_N@Z 100112e3 f   libcpmt:ios.obj
 0001:0001037f       ??0runtime_error@std@@QAE@ABV?$basic_string@DU?$char_traits@D@std@@V?$allocator@D@2@@1@@Z 1001137f f i libcpmt:ios.obj
 0001:000103e3       ?what@runtime_error@std@@UBEPBDXZ 100113e3 f i libcpmt:ios.obj
 0001:000103f0       ?_Doraise@runtime_error@std@@MBEXXZ 100113f0 f i libcpmt:ios.obj
 0001:0001040d       ??1runtime_error@std@@UAE@XZ 1001140d f i libcpmt:ios.obj
 0001:0001044a       ??_Gruntime_error@std@@UAEPAXI@Z 1001144a f i libcpmt:ios.obj
 0001:0001044a       ??_Eruntime_error@std@@UAEPAXI@Z 1001144a f i libcpmt:ios.obj
 0001:00010466       ??0runtime_error@std@@QAE@ABV01@@Z 10011466 f i libcpmt:ios.obj
 0001:000104c3       ??1failure@ios_base@std@@UAE@XZ 100114c3 f i libcpmt:ios.obj
 0001:00010500       ?_Doraise@failure@ios_base@std@@MBEXXZ 10011500 f i libcpmt:ios.obj
 0001:0001051d       ??_Gfailure@ios_base@std@@UAEPAXI@Z 1001151d f i libcpmt:ios.obj
 0001:0001051d       ??_Efailure@ios_base@std@@UAEPAXI@Z 1001151d f i libcpmt:ios.obj
 0001:00010539       ??0failure@ios_base@std@@QAE@ABV012@@Z 10011539 f i libcpmt:ios.obj
 0001:00010551       ?copyfmt@ios_base@std@@QAEAAV12@ABV12@@Z 10011551 f   libcpmt:ios.obj
 0001:000105e2       ??4locale@std@@QAEAAV01@ABV01@@Z 100115e2 f i libcpmt:ios.obj
 0001:00010611       ?imbue@ios_base@std@@QAE?AVlocale@2@ABV32@@Z 10011611 f   libcpmt:ios.obj
 0001:00010670       ?register_callback@ios_base@std@@QAEXP6AXW4event@12@AAV12@H@ZH@Z 10011670 f   libcpmt:ios.obj
 0001:000106a6       ??1ios_base@std@@UAE@XZ    100116a6 f   libcpmt:ios.obj
 0001:000106f6       ??_Gios_base@std@@UAEPAXI@Z 100116f6 f i libcpmt:ios.obj
 0001:000106f6       ??_Eios_base@std@@UAEPAXI@Z 100116f6 f i libcpmt:ios.obj
 0001:00010712       ?_Callfns@ios_base@std@@AAEXW4event@12@@Z 10011712 f   libcpmt:ios.obj
 0001:00010734       ?_Findarr@ios_base@std@@AAEAAU_Iosarray@12@H@Z 10011734 f   libcpmt:ios.obj
 0001:00010805       ?_Addstd@ios_base@std@@IAEXXZ 10011805 f   libcpmt:ios.obj
 0001:00010853       ?_Init@ios_base@std@@IAEXXZ 10011853 f   libcpmt:ios.obj
 0001:0001088b       ?_Tidy@ios_base@std@@AAEXXZ 1001188b f   libcpmt:ios.obj
 0001:000108cd       ??1?$basic_string@DU?$char_traits@D@std@@V?$allocator@D@2@@std@@QAE@XZ 100118cd f i libcpmt:ios.obj
 0001:000108d5       ?assign@?$basic_string@DU?$char_traits@D@std@@V?$allocator@D@2@@std@@QAEAAV12@ABV12@II@Z 100118d5 f i libcpmt:ios.obj
 0001:000109c4       ?classic@locale@std@@SAABV12@XZ 100119c4 f   libcpmt:locale0.obj
 0001:000109e4       ?empty@locale@std@@SA?AV12@XZ 100119e4 f   libcpmt:locale0.obj
 0001:00010a2b       ?_Getfacet@locale@std@@QBEPBVfacet@12@I_N@Z 10011a2b f   libcpmt:locale0.obj
 0001:00010a81       ?_Iscloc@locale@std@@QBE_NXZ 10011a81 f   libcpmt:locale0.obj
 0001:00010abc       ??8locale@std@@QBE_NABV01@@Z 10011abc f   libcpmt:locale0.obj
 0001:00010b8b       ?name@locale@std@@QBE?AV?$basic_string@DU?$char_traits@D@std@@V?$allocator@D@2@@2@XZ 10011b8b f i libcpmt:locale0.obj
 0001:00010bc2       ?_Init@locale@std@@CAPAV_Locimp@12@XZ 10011bc2 f   libcpmt:locale0.obj
 0001:00010c8c       ?_Tidy@locale@std@@CAXXZ   10011c8c f   libcpmt:locale0.obj
 0001:00010cd6       ??0_Locimp@locale@std@@AAE@_N@Z 10011cd6 f   libcpmt:locale0.obj
 0001:00010d48       ??1facet@locale@std@@UAE@XZ 10011d48 f i libcpmt:locale0.obj
 0001:00010d4f       ??_Gfacet@locale@std@@UAEPAXI@Z 10011d4f f i libcpmt:locale0.obj
 0001:00010d4f       ??_Efacet@locale@std@@UAEPAXI@Z 10011d4f f i libcpmt:locale0.obj
 0001:00010d6c       ??_G_Locimp@locale@std@@UAEPAXI@Z 10011d6c f i libcpmt:locale0.obj
 0001:00010d6c       ??_E_Locimp@locale@std@@UAEPAXI@Z 10011d6c f i libcpmt:locale0.obj
 0001:00010d88       ??1_Locimp@locale@std@@UAE@XZ 10011d88 f   libcpmt:locale0.obj
 0001:00010e10       ?compare@?$basic_string@DU?$char_traits@D@std@@V?$allocator@D@2@@std@@QBEHABV12@@Z 10011e10 f i libcpmt:locale0.obj
 0001:00010e32       ?compare@?$basic_string@DU?$char_traits@D@std@@V?$allocator@D@2@@std@@QBEHIIPBDI@Z 10011e32 f i libcpmt:locale0.obj
 0001:00010ed7       ?_Xlen@std@@YAXXZ          10011ed7 f   libcpmt:string.obj
 0001:00010f31       ??0logic_error@std@@QAE@ABV?$basic_string@DU?$char_traits@D@std@@V?$allocator@D@2@@1@@Z 10011f31 f i libcpmt:string.obj
 0001:00010f95       ?what@logic_error@std@@UBEPBDXZ 10011f95 f i libcpmt:string.obj
 0001:00010fa2       ?_Doraise@logic_error@std@@MBEXXZ 10011fa2 f i libcpmt:string.obj
 0001:00010fbf       ??1logic_error@std@@UAE@XZ 10011fbf f i libcpmt:string.obj
 0001:00010ffc       ??_Glogic_error@std@@UAEPAXI@Z 10011ffc f i libcpmt:string.obj
 0001:00010ffc       ??_Elogic_error@std@@UAEPAXI@Z 10011ffc f i libcpmt:string.obj
 0001:00011018       ??0logic_error@std@@QAE@ABV01@@Z 10012018 f i libcpmt:string.obj
 0001:00011075       ??1length_error@std@@UAE@XZ 10012075 f i libcpmt:string.obj
 0001:000110b2       ?_Doraise@length_error@std@@MBEXXZ 100120b2 f i libcpmt:string.obj
 0001:000110cf       ??_Elength_error@std@@UAEPAXI@Z 100120cf f i libcpmt:string.obj
 0001:000110cf       ??_Glength_error@std@@UAEPAXI@Z 100120cf f i libcpmt:string.obj
 0001:000110eb       ??0length_error@std@@QAE@ABV01@@Z 100120eb f i libcpmt:string.obj
 0001:00011103       ?_Xran@std@@YAXXZ          10012103 f   libcpmt:string.obj
 0001:0001115d       ??1out_of_range@std@@UAE@XZ 1001215d f i libcpmt:string.obj
 0001:0001119a       ?_Doraise@out_of_range@std@@MBEXXZ 1001219a f i libcpmt:string.obj
 0001:000111b7       ??_Eout_of_range@std@@UAEPAXI@Z 100121b7 f i libcpmt:string.obj
 0001:000111b7       ??_Gout_of_range@std@@UAEPAXI@Z 100121b7 f i libcpmt:string.obj
 0001:000111d3       ??0out_of_range@std@@QAE@ABV01@@Z 100121d3 f i libcpmt:string.obj
 0001:0001122d       __Mbrtowc                  1001222d f   libcpmt:xmbtowc.obj
 0001:000113a3       _btowc                     100123a3 f   libcpmt:xmbtowc.obj
 0001:000113e4       _mbrlen                    100123e4 f   libcpmt:xmbtowc.obj
 0001:0001144f       _mbrtowc                   1001244f f   libcpmt:xmbtowc.obj
 0001:000114e0       _mbsrtowcs                 100124e0 f   libcpmt:xmbtowc.obj
 0001:000115d5       ?_Nomemory@std@@YAXXZ      100125d5 f   libcpmt:nomemory.obj
 0001:00011620       ??0bad_alloc@std@@QAE@PBD@Z 10012620 f i libcpmt:nomemory.obj
 0001:00011639       ??1bad_alloc@std@@UAE@XZ   10012639 f i libcpmt:nomemory.obj
 0001:00011644       ?_Doraise@bad_alloc@std@@MBEXXZ 10012644 f i libcpmt:nomemory.obj
 0001:00011661       ??_Gbad_alloc@std@@UAEPAXI@Z 10012661 f i libcpmt:nomemory.obj
 0001:00011661       ??_Ebad_alloc@std@@UAEPAXI@Z 10012661 f i libcpmt:nomemory.obj
 0001:0001167d       ??0bad_alloc@std@@QAE@ABV01@@Z 1001267d f i libcpmt:nomemory.obj
 0001:0001169f       ??2@YAPAXI@Z               1001269f f   LIBCMT:new.obj
 0001:000116ad       __onexit                   100126ad f   LIBCMT:onexit.obj
 0001:0001172b       _atexit                    1001272b f   LIBCMT:onexit.obj
 0001:0001173d       ___onexitinit              1001273d f   LIBCMT:onexit.obj
 0001:0001176c       __purecall                 1001276c f   LIBCMT:purevirt.obj
 0001:00011775       ??1type_info@@UAE@XZ       10012775 f   LIBCMT:typinfo.obj
 0001:0001179e       ??_Etype_info@@UAEPAXI@Z   1001279e f i LIBCMT:typinfo.obj
 0001:0001179e       ??_Gtype_info@@UAEPAXI@Z   1001279e f i LIBCMT:typinfo.obj
 0001:000117ba       ??8type_info@@QBEHABV0@@Z  100127ba f   LIBCMT:typinfo.obj
 0001:000117d5       ??9type_info@@QBEHABV0@@Z  100127d5 f   LIBCMT:typinfo.obj
 0001:000117f1       ?before@type_info@@QBEHABV1@@Z 100127f1 f   LIBCMT:typinfo.obj
 0001:00011810       ?raw_name@type_info@@QBEPBDXZ 10012810 f   LIBCMT:typinfo.obj
 0001:00011814       ??0type_info@@AAE@ABV0@@Z  10012814 f   LIBCMT:typinfo.obj
 0001:0001181f       ??4type_info@@AAEAAV0@ABV0@@Z 1001281f f   LIBCMT:typinfo.obj
 0001:00011824       ?_JumpToContinuation@@YGXPAXPAUEHRegistrationNode@@@Z 10012824 f   LIBCMT:trnsctrl.obj
 0001:00011858       ?_CallMemberFunction0@@YGXPAX0@Z 10012858 f   LIBCMT:trnsctrl.obj
 0001:0001185f       ?_CallMemberFunction1@@YGXPAX00@Z 1001285f f   LIBCMT:trnsctrl.obj
 0001:00011866       ?_CallMemberFunction2@@YGXPAX00H@Z 10012866 f   LIBCMT:trnsctrl.obj
 0001:0001186d       ?_UnwindNestedFrames@@YGXPAUEHRegistrationNode@@PAUEHExceptionRecord@@@Z 1001286d f   LIBCMT:trnsctrl.obj
 0001:000118bc       ___CxxFrameHandler         100128bc f   LIBCMT:trnsctrl.obj
 0001:000118f2       ___CxxLongjmpUnwind@4      100128f2 f   LIBCMT:trnsctrl.obj
 0001:0001190c       ?_CallCatchBlock2@@YAPAXPAUEHRegistrationNode@@PBU_s_FuncInfo@@PAXHK@Z 1001290c f   LIBCMT:trnsctrl.obj
 0001:00011985       ?_CallSETranslator@@YAHPAUEHExceptionRecord@@PAUEHRegistrationNode@@PAX2PBU_s_FuncInfo@@H1@Z 10012985 f   LIBCMT:trnsctrl.obj
 0001:00011ab0       ?_GetRangeOfTrysToCheck@@YAPBU_s_TryBlockMapEntry@@PBU_s_FuncInfo@@HHPAI1@Z 10012ab0 f   LIBCMT:trnsctrl.obj
 0001:00011b2c       __global_unwind2           10012b2c f   LIBCMT:exsup.obj
 0001:00011b6e       __local_unwind2            10012b6e f   LIBCMT:exsup.obj
 0001:00011bc6       __NLG_Return2              10012bc6 f   LIBCMT:exsup.obj
 0001:00011bd6       __abnormal_termination     10012bd6 f   LIBCMT:exsup.obj
 0001:00011bf9       __NLG_Notify1              10012bf9 f   LIBCMT:exsup.obj
 0001:00011c02       __NLG_Notify               10012c02 f   LIBCMT:exsup.obj
 0001:00011c15       __NLG_Dispatch             10012c15 f   LIBCMT:exsup.obj
 0001:00011c1a       _free                      10012c1a f   LIBCMT:free.obj
 0001:00011d03       __fpmath                   10012d03 f   LIBCMT:fpinit.obj
 0001:00011d1a       __fpclear                  10012d1a f   LIBCMT:fpinit.obj
 0001:00011d1b       __cfltcvt_init             10012d1b f   LIBCMT:fpinit.obj
 0001:00011d53       ___setfflag                10012d53 f   LIBCMT:fpinit.obj
 0001:00011d63       _vsprintf                  10012d63 f   LIBCMT:vsprintf.obj
 0001:00011db4       _malloc                    10012db4 f   LIBCMT:malloc.obj
 0001:00011dc6       __nh_malloc                10012dc6 f   LIBCMT:malloc.obj
 0001:00011df2       __heap_alloc               10012df2 f   LIBCMT:malloc.obj
 0001:00011eee       __CxxThrowException@8      10012eee f   LIBCMT:throw.obj
 0001:00011f28       _sprintf                   10012f28 f   LIBCMT:sprintf.obj
 0001:00011f7a       _atol                      10012f7a f   LIBCMT:atox.obj
 0001:00012005       _atoi                      10013005 f   LIBCMT:atox.obj
 0001:00012010       __atoi64                   10013010 f   LIBCMT:atox.obj
 0001:000120ca       ??_M@YGXPAXIHP6EX0@Z@Z     100130ca f   LIBCMT:ehvecdtr.obj
 0001:0001214a       ?__ArrayUnwind@@YGXPAXIHP6EX0@Z@Z 1001314a f   LIBCMT:ehvecdtr.obj
 0001:000121be       ??_L@YGXPAXIHP6EX0@Z1@Z    100131be f   LIBCMT:ehvecctr.obj
 0001:00012240       __chkstk                   10013240 f   LIBCMT:chkstk.obj
 0001:00012240       __alloca_probe             10013240 f   LIBCMT:chkstk.obj
 0001:0001226f       ?set_terminate@@YAP6AXXZP6AXXZ@Z 1001326f f   LIBCMT:user.obj
 0001:00012288       ?set_unexpected@@YAP6AXXZP6AXXZ@Z 10013288 f   LIBCMT:user.obj
 0001:000122a1       ?_set_se_translator@@YAP6AXIPAU_EXCEPTION_POINTERS@@@ZP6AXI0@Z@Z 100132a1 f   LIBCMT:user.obj
 0001:000122ba       ?__set_inconsistency@@YAP6AXXZP6AXXZ@Z 100132ba f   LIBCMT:user.obj
 0001:000122ca       __CRT_INIT@12              100132ca f   LIBCMT:dllcrt0.obj
 0001:000123a3       __DllMainCRTStartup@12     100133a3 f   LIBCMT:dllcrt0.obj
 0001:00012440       __amsg_exit                10013440 f   LIBCMT:dllcrt0.obj
 0001:00012473       ___initstdio               10013473 f   LIBCMT:_file.obj
 0001:0001251b       ___endstdio                1001351b f   LIBCMT:_file.obj
 0001:0001252f       __lock_file                1001352f f   LIBCMT:_file.obj
 0001:0001255e       __lock_file2               1001355e f   LIBCMT:_file.obj
 0001:00012581       __unlock_file              10013581 f   LIBCMT:_file.obj
 0001:000125b0       __unlock_file2             100135b0 f   LIBCMT:_file.obj
 0001:000125d4       __EH_prolog                100135d4 f   LIBCMT:ehprolog.obj
 0001:00012600       _memcpy                    10013600 f   LIBCMT:memcpy.obj
 0001:00012935       _fwrite                    10013935 f   LIBCMT:fwrite.obj
 0001:00012964       __fwrite_lk                10013964 f   LIBCMT:fwrite.obj
 0001:00012a6e       _fputc                     10013a6e f   LIBCMT:fputc.obj
 0001:00012aa9       _putc                      10013aa9 f   LIBCMT:fputc.obj
 0001:00012ab9       _ungetc                    10013ab9 f   LIBCMT:ungetc.obj
 0001:00012ae2       __ungetc_lk                10013ae2 f   LIBCMT:ungetc.obj
 0001:00012b50       _fgetc                     10013b50 f   LIBCMT:fgetc.obj
 0001:00012b81       _getc                      10013b81 f   LIBCMT:fgetc.obj
 0001:00012b8c       _fgetpos                   10013b8c f   LIBCMT:fgetpos.obj
 0001:00012bae       _fseek                     10013bae f   LIBCMT:fseek.obj
 0001:00012bda       __fseek_lk                 10013bda f   LIBCMT:fseek.obj
 0001:00012c67       _fsetpos                   10013c67 f   LIBCMT:fsetpos.obj
 0001:00012c7f       _setvbuf                   10013c7f f   LIBCMT:setvbuf.obj
 0001:00012d2e       _fflush                    10013d2e f   LIBCMT:fflush.obj
 0001:00012d5d       __fflush_lk                10013d5d f   LIBCMT:fflush.obj
 0001:00012d8b       __flush                    10013d8b f   LIBCMT:fflush.obj
 0001:00012de7       __flushall                 10013de7 f   LIBCMT:fflush.obj
 0001:00012ea0       _memset                    10013ea0 f   LIBCMT:memset.obj
 0001:00012f00       _memmove                   10013f00 f   LIBCMT:memmove.obj
 0001:00013235       _fclose                    10014235 f   LIBCMT:fclose.obj
 0001:00013266       __fclose_lk                10014266 f   LIBCMT:fclose.obj
 0001:000132c0       _strlen                    100142c0 f   LIBCMT:strlen.obj
 0001:0001333b       _fputwc                    1001433b f   LIBCMT:fputwc.obj
 0001:00013365       __putwc_lk                 10014365 f   LIBCMT:fputwc.obj
 0001:0001345e       _putwc                     1001445e f   LIBCMT:fputwc.obj
 0001:0001346e       _ungetwc                   1001446e f   LIBCMT:ungetwc.obj
 0001:00013498       __ungetwc_lk               10014498 f   LIBCMT:ungetwc.obj
 0001:00013585       _fgetwc                    10014585 f   LIBCMT:fgetwc.obj
 0001:000135a8       __getwc_lk                 100145a8 f   LIBCMT:fgetwc.obj
 0001:00013699       _getwc                     10014699 f   LIBCMT:fgetwc.obj
 0001:000136a4       ??0exception@@QAE@XZ       100146a4 f   LIBCMT:stdexcpt.obj
 0001:000136b5       ??_Gexception@@UAEPAXI@Z   100146b5 f i LIBCMT:stdexcpt.obj
 0001:000136b5       ??_Eexception@@UAEPAXI@Z   100146b5 f i LIBCMT:stdexcpt.obj
 0001:000136d1       ??0exception@@QAE@ABQBD@Z  100146d1 f   LIBCMT:stdexcpt.obj
 0001:0001370e       ??0exception@@QAE@ABV0@@Z  1001470e f   LIBCMT:stdexcpt.obj
 0001:00013758       ??4exception@@QAEAAV0@ABV0@@Z 10014758 f   LIBCMT:stdexcpt.obj
 0001:00013777       ??1exception@@UAE@XZ       10014777 f   LIBCMT:stdexcpt.obj
 0001:0001378d       ?what@exception@@UBEPBDXZ  1001478d f   LIBCMT:stdexcpt.obj
 0001:000137a0       _memcmp                    100147a0 f   LIBCMT:memcmp.obj
 0001:0001384c       __mtinitlocks              1001484c f   LIBCMT:mlock.obj
 0001:00013875       __mtdeletelocks            10014875 f   LIBCMT:mlock.obj
 0001:000138e1       __lock                     100148e1 f   LIBCMT:mlock.obj
 0001:00013942       __unlock                   10014942 f   LIBCMT:mlock.obj
 0001:00013957       __lockerr_exit             10014957 f   LIBCMT:mlock.obj
 0001:0001396f       _setlocale                 1001496f f   LIBCMT:setlocal.obj
 0001:00013d89       __expandlocale             10014d89 f   LIBCMT:setlocal.obj
 0001:00013ea1       ___init_dummy              10014ea1 f   LIBCMT:setlocal.obj
 0001:00013ea4       __strcats                  10014ea4 f   LIBCMT:setlocal.obj
 0001:00013ec9       ___lc_strtolc              10014ec9 f   LIBCMT:setlocal.obj
 0001:00013f95       ___lc_lctostr              10014f95 f   LIBCMT:setlocal.obj
 0001:00013fe8       __dosmaperr                10014fe8 f   LIBCMT:dosmap.obj
 0001:0001405b       __errno                    1001505b f   LIBCMT:dosmap.obj
 0001:00014064       ___doserrno                10015064 f   LIBCMT:dosmap.obj
 0001:0001406d       __cinit                    1001506d f   LIBCMT:crt0dat.obj
 0001:0001409a       _exit                      1001509a f   LIBCMT:crt0dat.obj
 0001:000140ab       __exit                     100150ab f   LIBCMT:crt0dat.obj
 0001:000140bc       __cexit                    100150bc f   LIBCMT:crt0dat.obj
 0001:000140cb       __c_exit                   100150cb f   LIBCMT:crt0dat.obj
 0001:0001417f       __lockexit                 1001517f f   LIBCMT:crt0dat.obj
 0001:00014188       __unlockexit               10015188 f   LIBCMT:crt0dat.obj
 0001:000141ab       _realloc                   100151ab f   LIBCMT:realloc.obj
 0001:000144da       __msize                    100154da f   LIBCMT:msize.obj
 0001:000145d0       _strcmp                    100155d0 f   LIBCMT:strcmp.obj
 0001:00014654       ___InternalCxxFrameHandler 10015654 f   LIBCMT:frame.obj
 0001:000149a9       ___FrameUnwindToState      100159a9 f   LIBCMT:frame.obj
 0001:00014de1       ?_DestructExceptionObject@@YAXPAUEHExceptionRecord@@E@Z 10015de1 f   LIBCMT:frame.obj
 0001:00014e70       __CallSettingFrame@12      10015e70 f   LIBCMT:lowhelpr.obj
 0001:00014e97       __NLG_Return               10015e97 f   LIBCMT:lowhelpr.obj
 0001:00014ebc       __mtinit                   10015ebc f   LIBCMT:tidtable.obj
 0001:00014f10       __mtterm                   10015f10 f   LIBCMT:tidtable.obj
 0001:00014f2e       __initptd                  10015f2e f   LIBCMT:tidtable.obj
 0001:00014f41       __getptd                   10015f41 f   LIBCMT:tidtable.obj
 0001:00014fa8       __freeptd                  10015fa8 f   LIBCMT:tidtable.obj
 0001:00015048       ___threadid                10016048 f   LIBCMT:tidtable.obj
 0001:0001504e       ___threadhandle            1001604e f   LIBCMT:tidtable.obj
 0001:00015054       ?terminate@@YAXXZ          10016054 f   LIBCMT:hooks.obj
 0001:000150b5       ?unexpected@@YAXXZ         100160b5 f   LIBCMT:hooks.obj
 0001:000150cd       ?_inconsistency@@YAXXZ     100160cd f   LIBCMT:hooks.obj
 0001:00015123       __GetLinkerVersion         10016123 f   LIBCMT:heapinit.obj
 0001:00015150       ___heap_select             10016150 f   LIBCMT:heapinit.obj
 0001:00015298       __heap_init                10016298 f   LIBCMT:heapinit.obj
 0001:000152f5       __heap_term                100162f5 f   LIBCMT:heapinit.obj
 0001:0001539d       __get_sbh_threshold        1001639d f   LIBCMT:sbheap.obj
 0001:000153bc       __set_sbh_threshold        100163bc f   LIBCMT:sbheap.obj
 0001:0001546f       ___sbh_heap_init           1001646f f   LIBCMT:sbheap.obj
 0001:000154b7       ___sbh_find_block          100164b7 f   LIBCMT:sbheap.obj
 0001:000154e2       ___sbh_free_block          100164e2 f   LIBCMT:sbheap.obj
 0001:0001580b       ___sbh_alloc_block         1001680b f   LIBCMT:sbheap.obj
 0001:00015b14       ___sbh_alloc_new_region    10016b14 f   LIBCMT:sbheap.obj
 0001:00015bc5       ___sbh_alloc_new_group     10016bc5 f   LIBCMT:sbheap.obj
 0001:00015cc0       ___sbh_resize_block        10016cc0 f   LIBCMT:sbheap.obj
 0001:00015fb6       ___sbh_heapmin             10016fb6 f   LIBCMT:sbheap.obj
 0001:00016087       ___sbh_heap_check          10017087 f   LIBCMT:sbheap.obj
 0001:000163b6       __get_old_sbh_threshold    100173b6 f   LIBCMT:sbheap.obj
 0001:000163bc       __set_old_sbh_threshold    100173bc f   LIBCMT:sbheap.obj
 0001:000163d8       ___old_sbh_new_region      100173d8 f   LIBCMT:sbheap.obj
 0001:0001651c       ___old_sbh_release_region  1001751c f   LIBCMT:sbheap.obj
 0001:00016572       ___old_sbh_decommit_pages  10017572 f   LIBCMT:sbheap.obj
 0001:00016634       ___old_sbh_find_block      10017634 f   LIBCMT:sbheap.obj
 0001:0001668b       ___old_sbh_free_block      1001768b f   LIBCMT:sbheap.obj
 0001:000166d0       ___old_sbh_alloc_block     100176d0 f   LIBCMT:sbheap.obj
 0001:000168d8       ___old_sbh_alloc_block_from_page 100178d8 f   LIBCMT:sbheap.obj
 0001:000169fc       ___old_sbh_resize_block    100179fc f   LIBCMT:sbheap.obj
 0001:00016aa5       ___old_sbh_heap_check      10017aa5 f   LIBCMT:sbheap.obj
 0001:00016c0c       __except_handler3          10017c0c f   LIBCMT:exsup3.obj
 0001:00016cc9       __seh_longjmp_unwind@4     10017cc9 f   LIBCMT:exsup3.obj
 0001:00016ce4       __setdefaultprecision      10017ce4 f   LIBCMT:fp8.obj
 0001:00016cf6       __ms_p5_test_fdiv          10017cf6 f   LIBCMT:testfdiv.obj
 0001:00016d34       __ms_p5_mp_test_fdiv       10017d34 f   LIBCMT:testfdiv.obj
 0001:00016d5d       __forcdecpt                10017d5d f   LIBCMT:cvt.obj
 0001:00016db7       __cropzeros                10017db7 f   LIBCMT:cvt.obj
 0001:00016e05       __positive                 10017e05 f   LIBCMT:cvt.obj
 0001:00016e1d       __fassign                  10017e1d f   LIBCMT:cvt.obj
 0001:00016e5b       __cftoe                    10017e5b f   LIBCMT:cvt.obj
 0001:00016f7e       __cftof                    10017f7e f   LIBCMT:cvt.obj
 0001:0001707a       __cftog                    1001807a f   LIBCMT:cvt.obj
 0001:0001710d       __cfltcvt                  1001810d f   LIBCMT:cvt.obj
 0001:00017183       __flsbuf                   10018183 f   LIBCMT:_flsbuf.obj
 0001:0001729b       __output                   1001829b f   LIBCMT:output.obj
 0001:00017b02       ?_set_new_handler@@YAP6AHI@ZP6AHI@Z@Z 10018b02 f   LIBCMT:handler.obj
 0001:00017b26       ?_query_new_handler@@YAP6AHI@ZXZ 10018b26 f   LIBCMT:handler.obj
 0001:00017b2c       __callnewh                 10018b2c f   LIBCMT:handler.obj
 0001:00017b47       ?__CxxUnhandledExceptionFilter@@YGJPAU_EXCEPTION_POINTERS@@@Z 10018b47 f   LIBCMT:unhandld.obj
 0001:00017b8d       ?__CxxSetUnhandledExceptionFilter@@YAXXZ 10018b8d f   LIBCMT:unhandld.obj
 0001:00017b9e       ?__CxxRestoreUnhandledExceptionFilter@@YAXXZ 10018b9e f   LIBCMT:unhandld.obj
 0001:00017bab       __isctype                  10018bab f   LIBCMT:isctype.obj
 0001:00017c20       __allmul                   10018c20 f   LIBCMT:llmul.obj
 0001:00017c54       __ioinit                   10018c54 f   LIBCMT:ioinit.obj
 0001:00017e10       __ioterm                   10018e10 f   LIBCMT:ioinit.obj
 0001:00017e64       __setenvp                  10018e64 f   LIBCMT:stdenvp.obj
 0001:00017f1d       __setargv                  10018f1d f   LIBCMT:stdargv.obj
 0001:0001816a       ___crtGetEnvironmentStringsA 1001916a f   LIBCMT:a_env.obj
 0001:0001829c       __FF_MSGBANNER             1001929c f   LIBCMT:crt0msg.obj
 0001:000182d5       __NMSG_WRITE               100192d5 f   LIBCMT:crt0msg.obj
 0001:00018428       __GET_RTERRMSG             10019428 f   LIBCMT:crt0msg.obj
 0001:00018459       _calloc                    10019459 f   LIBCMT:calloc.obj
 0001:00018596       __fcloseall                10019596 f   LIBCMT:closeall.obj
 0001:00018617       __write                    10019617 f   LIBCMT:write.obj
 0001:0001867c       __write_lk                 1001967c f   LIBCMT:write.obj
 0001:00018807       __getbuf                   10019807 f   LIBCMT:_getbuf.obj
 0001:0001884b       __filbuf                   1001984b f   LIBCMT:_filbuf.obj
 0001:00018927       __ftelli64                 10019927 f   LIBCMT:ftelli64.obj
 0001:0001894f       __ftelli64_lk              1001994f f   LIBCMT:ftelli64.obj
 0001:00018adf       __lseek                    10019adf f   LIBCMT:lseek.obj
 0001:00018b44       __lseek_lk                 10019b44 f   LIBCMT:lseek.obj
 0001:00018bb7       _ftell                     10019bb7 f   LIBCMT:ftell.obj
 0001:00018bd9       __ftell_lk                 10019bd9 f   LIBCMT:ftell.obj
 0001:00018d3a       __fseeki64                 10019d3a f   LIBCMT:fseeki64.obj
 0001:00018d69       __fseeki64_lk              10019d69 f   LIBCMT:fseeki64.obj
 0001:00018dfa       __freebuf                  10019dfa f   LIBCMT:_freebuf.obj
 0001:00018e25       __commit                   10019e25 f   LIBCMT:commit.obj
 0001:00018eb8       __close                    10019eb8 f   LIBCMT:close.obj
 0001:00018f15       __close_lk                 10019f15 f   LIBCMT:close.obj
 0001:00018f98       __flswbuf                  10019f98 f   LIBCMT:_flswbuf.obj
 0001:000190bf       _wctomb                    1001a0bf f   LIBCMT:wctomb.obj
 0001:00019118       __wctomb_lk                1001a118 f   LIBCMT:wctomb.obj
 0001:00019181       __filwbuf                  1001a181 f   LIBCMT:_filwbuf.obj
 0001:00019268       _mbtowc                    1001a268 f   LIBCMT:mbtowc.obj
[...]
 0001:0000d2d0       _$E30                      1000e2d0 f   except.obj
 0001:0000d2f0       _$E29                      1000e2f0 f   except.obj
 0001:00005fd0       _$E116                     10006fd0 f   db_interface.obj
 0001:00005fe0       _$E113                     10006fe0 f   db_interface.obj
 0001:00005ff0       _$E115                     10006ff0 f   db_interface.obj
 0001:00006000       _$E114                     10007000 f   db_interface.obj
 0001:00006010       _$E122                     10007010 f   db_interface.obj
 0001:00006020       _$E119                     10007020 f   db_interface.obj
 0001:00006030       _$E121                     10007030 f   db_interface.obj
 0001:00006040       _$E120                     10007040 f   db_interface.obj
 0001:0000ac90       _$E129                     1000bc90 f   db_interface.obj
 0001:0000acb0       _$E128                     1000bcb0 f   db_interface.obj
 0001:00000130       _$E120                     10001130 f   alm_db_output_if.obj
 0001:00000140       _$E117                     10001140 f   alm_db_output_if.obj
 0001:00000150       _$E119                     10001150 f   alm_db_output_if.obj
 0001:00000160       _$E118                     10001160 f   alm_db_output_if.obj
 0001:00000170       _$E126                     10001170 f   alm_db_output_if.obj
 0001:00000180       _$E123                     10001180 f   alm_db_output_if.obj
 0001:00000190       _$E125                     10001190 f   alm_db_output_if.obj
 0001:000001a0       _$E124                     100011a0 f   alm_db_output_if.obj
 0001:00004ae0       _$E135                     10005ae0 f   alm_db_output_if.obj
 0001:00004b00       _$E134                     10005b00 f   alm_db_output_if.obj
 0001:00011695       _$E2                       10012695 f   libcpmt:nomemory.obj
 0001:00011290       __Mbrtowc_lk               10012290 f   libcpmt:xmbtowc.obj
 0001:000111eb       _$E24                      100121eb f   libcpmt:string.obj
 0001:00011215       _$E20                      10012215 f   libcpmt:string.obj
 0001:00011221       _$E23                      10012221 f   libcpmt:string.obj
 0001:000109a3       _$E18                      100119a3 f   libcpmt:locale0.obj
 0001:000109ad       _$E15                      100119ad f   libcpmt:locale0.obj
 0001:000109ae       _$E17                      100119ae f   libcpmt:locale0.obj
 0001:000109ba       _$E16                      100119ba f   libcpmt:locale0.obj
 0001:00010e95       _$E29                      10011e95 f   libcpmt:locale0.obj
 0001:00010ebf       _$E25                      10011ebf f   libcpmt:locale0.obj
 0001:00010ecb       _$E28                      10011ecb f   libcpmt:locale0.obj
 0001:000102b0       ?_CleanUp@std@@YAXXZ       100112b0 f   libcpmt:xlock.obj
 0001:0000f36b       _$E18                      1001036b f   libcpmt:wiostrea.obj
 0001:0000f375       _$E15                      10010375 f   libcpmt:wiostrea.obj
 0001:0000f37f       _$E17                      1001037f f   libcpmt:wiostrea.obj
 0001:0000f38b       _$E16                      1001038b f   libcpmt:wiostrea.obj
 0001:0000f395       _$E24                      10010395 f   libcpmt:wiostrea.obj
 0001:0000f39f       _$E21                      1001039f f   libcpmt:wiostrea.obj
 0001:0000f3a9       _$E23                      100103a9 f   libcpmt:wiostrea.obj
 0001:0000f3b5       _$E22                      100103b5 f   libcpmt:wiostrea.obj
 0001:0000f3bf       _$E29                      100103bf f   libcpmt:wiostrea.obj
 0001:0000f3c9       _$E26                      100103c9 f   libcpmt:wiostrea.obj
 0001:0000f3d6       _$E28                      100103d6 f   libcpmt:wiostrea.obj
 0001:0000f3e2       _$E27                      100103e2 f   libcpmt:wiostrea.obj
 0001:0000f3ec       _$E34                      100103ec f   libcpmt:wiostrea.obj
 0001:0000f3f6       _$E31                      100103f6 f   libcpmt:wiostrea.obj
 0001:0000f403       _$E33                      10010403 f   libcpmt:wiostrea.obj
 0001:0000f40f       _$E32                      1001040f f   libcpmt:wiostrea.obj
 0001:0000f419       _$E39                      10010419 f   libcpmt:wiostrea.obj
 0001:0000f423       _$E36                      10010423 f   libcpmt:wiostrea.obj
 0001:0000f430       _$E38                      10010430 f   libcpmt:wiostrea.obj
 0001:0000f43c       _$E37                      1001043c f   libcpmt:wiostrea.obj
 0001:0000f446       _$E44                      10010446 f   libcpmt:wiostrea.obj
 0001:0000f450       _$E41                      10010450 f   libcpmt:wiostrea.obj
 0001:0000f45f       _$E43                      1001045f f   libcpmt:wiostrea.obj
 0001:0000f46b       _$E42                      1001046b f   libcpmt:wiostrea.obj
 0001:0000f48a       _$E49                      1001048a f   libcpmt:wiostrea.obj
 0001:0000f494       _$E46                      10010494 f   libcpmt:wiostrea.obj
 0001:0000f4a3       _$E48                      100104a3 f   libcpmt:wiostrea.obj
 0001:0000f4af       _$E47                      100104af f   libcpmt:wiostrea.obj
 0001:0000f4ce       _$E54                      100104ce f   libcpmt:wiostrea.obj
 0001:0000f4d8       _$E51                      100104d8 f   libcpmt:wiostrea.obj
 0001:0000f4e7       _$E53                      100104e7 f   libcpmt:wiostrea.obj
 0001:0000f4f3       _$E52                      100104f3 f   libcpmt:wiostrea.obj
 0001:0000f4fd       _$E59                      100104fd f   libcpmt:wiostrea.obj
 0001:0000f507       _$E56                      10010507 f   libcpmt:wiostrea.obj
 0001:0000f516       _$E58                      10010516 f   libcpmt:wiostrea.obj
 0001:0000f522       _$E57                      10010522 f   libcpmt:wiostrea.obj
 0001:000101f0       _$E70                      100111f0 f   libcpmt:wiostrea.obj
 0001:0001021a       _$E66                      1001121a f   libcpmt:wiostrea.obj
 0001:00010226       _$E69                      10011226 f   libcpmt:wiostrea.obj
 0001:0000e163       _$E18                      1000f163 f   libcpmt:iostream.obj
 0001:0000e16d       _$E15                      1000f16d f   libcpmt:iostream.obj
 0001:0000e17a       _$E17                      1000f17a f   libcpmt:iostream.obj
 0001:0000e186       _$E16                      1000f186 f   libcpmt:iostream.obj
 0001:0000e190       _$E23                      1000f190 f   libcpmt:iostream.obj
 0001:0000e19a       _$E20                      1000f19a f   libcpmt:iostream.obj
 0001:0000e1a7       _$E22                      1000f1a7 f   libcpmt:iostream.obj
 0001:0000e1b3       _$E21                      1000f1b3 f   libcpmt:iostream.obj
 0001:0000e1bd       _$E28                      1000f1bd f   libcpmt:iostream.obj
 0001:0000e1c7       _$E25                      1000f1c7 f   libcpmt:iostream.obj
 0001:0000e1d6       _$E27                      1000f1d6 f   libcpmt:iostream.obj
 0001:0000e1e2       _$E26                      1000f1e2 f   libcpmt:iostream.obj
 0001:0000e201       _$E33                      1000f201 f   libcpmt:iostream.obj
 0001:0000e20b       _$E30                      1000f20b f   libcpmt:iostream.obj
 0001:0000e21a       _$E32                      1000f21a f   libcpmt:iostream.obj
 0001:0000e226       _$E31                      1000f226 f   libcpmt:iostream.obj
 0001:0000e245       _$E38                      1000f245 f   libcpmt:iostream.obj
 0001:0000e24f       _$E35                      1000f24f f   libcpmt:iostream.obj
 0001:0000e25c       _$E37                      1000f25c f   libcpmt:iostream.obj
 0001:0000e268       _$E36                      1000f268 f   libcpmt:iostream.obj
 0001:0000e272       _$E43                      1000f272 f   libcpmt:iostream.obj
 0001:0000e27c       _$E40                      1000f27c f   libcpmt:iostream.obj
 0001:0000e28b       _$E42                      1000f28b f   libcpmt:iostream.obj
 0001:0000e297       _$E41                      1000f297 f   libcpmt:iostream.obj
 0001:0000e2a1       _$E48                      1000f2a1 f   libcpmt:iostream.obj
 0001:0000e2ab       _$E45                      1000f2ab f   libcpmt:iostream.obj
 0001:0000e2ba       _$E47                      1000f2ba f   libcpmt:iostream.obj
 0001:0000e2c6       _$E46                      1000f2c6 f   libcpmt:iostream.obj
 0001:0000f328       _$E60                      10010328 f   libcpmt:iostream.obj
 0001:0000f352       _$E56                      10010352 f   libcpmt:iostream.obj
 0001:0000f35e       _$E59                      1001035e f   libcpmt:iostream.obj
 0001:0001faf8       _findenv                   10020af8 f   LIBCMT:setenv.obj
 0001:0001fb50       _copy_environ              10020b50 f   LIBCMT:setenv.obj
 0001:0001f946       _strncnt                   10020946 f   LIBCMT:a_cmp.obj
 0001:0001eb1d       __tzset_lk                 1001fb1d f   LIBCMT:tzset.obj
 0001:0001edc5       __isindst_lk               1001fdc5 f   LIBCMT:tzset.obj
 0001:0001ef71       _cvtdate                   1001ff71 f   LIBCMT:tzset.obj
 0001:0001e16d       _strncnt                   1001f16d f   LIBCMT:a_map.obj
 0001:0001dbd3       _ctrlevent_capture@4       1001ebd3 f   LIBCMT:winsig.obj
 0001:0001ddb7       _siglookup                 1001edb7 f   LIBCMT:winsig.obj
 0001:0001d6fe       _xtoa                      1001e6fe f   LIBCMT:xtoa.obj
 0001:0001d7d0       _x64toa@20                 1001e7d0 f   LIBCMT:xtoa.obj
 0001:0001cbf2       __expandtime               1001dbf2 f   LIBCMT:strftime.obj
 0001:0001cfe1       __store_str                1001dfe1 f   LIBCMT:strftime.obj
 0001:0001d008       __store_num                1001e008 f   LIBCMT:strftime.obj
 0001:0001d077       __store_number             1001e077 f   LIBCMT:strftime.obj
 0001:0001d0c0       __store_winword            1001e0c0 f   LIBCMT:strftime.obj
 0001:0001bdeb       _getSystemCP               1001cdeb f   LIBCMT:mbctype.obj
 0001:0001be35       _CPtoLCID                  1001ce35 f   LIBCMT:mbctype.obj
 0001:0001be68       _setSBCS                   1001ce68 f   LIBCMT:mbctype.obj
 0001:0001be91       _setSBUpLow                1001ce91 f   LIBCMT:mbctype.obj
 0001:0001b12d       __abstract_cw              1001c12d f   LIBCMT:ieee87.obj
 0001:0001b1bf       __hw_cw                    1001c1bf f   LIBCMT:ieee87.obj
 0001:0001b248       __abstract_sw              1001c248 f   LIBCMT:ieee87.obj
 0001:0001ad17       _strtoxl                   1001bd17 f   LIBCMT:strtol.obj
 0001:0001acaf       _xcptlookup                1001bcaf f   LIBCMT:winxfltr.obj
 0001:0001a3f7       _TranslateName             1001b3f7 f   LIBCMT:getqloc.obj
 0001:0001a44f       _GetLcidFromLangCountry    1001b44f f   LIBCMT:getqloc.obj
 0001:0001a4d6       _LangCountryEnumProc@4     1001b4d6 f   LIBCMT:getqloc.obj
 0001:0001a6da       _GetLcidFromLanguage       1001b6da f   LIBCMT:getqloc.obj
 0001:0001a730       _LanguageEnumProc@4        1001b730 f   LIBCMT:getqloc.obj
 0001:0001a7ed       _GetLcidFromCountry        1001b7ed f   LIBCMT:getqloc.obj
 0001:0001a824       _CountryEnumProc@4         1001b824 f   LIBCMT:getqloc.obj
 0001:0001a8aa       _GetLcidFromDefault        1001b8aa f   LIBCMT:getqloc.obj
 0001:0001a8c4       _ProcessCodePage           1001b8c4 f   LIBCMT:getqloc.obj
 0001:0001a92a       _TestDefaultCountry        1001b92a f   LIBCMT:getqloc.obj
 0001:0001a949       _TestDefaultLanguage       1001b949 f   LIBCMT:getqloc.obj
 0001:0001a9ab       _IsThisWindowsNT           1001b9ab f   LIBCMT:getqloc.obj
 0001:0001a9e1       _crtGetLocaleInfoA@16      1001b9e1 f   LIBCMT:getqloc.obj
 0001:0001aac7       _LcidFromHexString         1001bac7 f   LIBCMT:getqloc.obj
 0001:0001ab00       _GetPrimaryLen             1001bb00 f   LIBCMT:getqloc.obj
 0001:00019cc6       __get_lc_lconv             1001acc6 f   LIBCMT:initmon.obj
 0001:00019de8       _fix_grouping              1001ade8 f   LIBCMT:initmon.obj
 0001:00019e1f       __free_lc_lconv            1001ae1f f   LIBCMT:initmon.obj
 0001:00019bc4       _fix_grouping              1001abc4 f   LIBCMT:initnum.obj
 0001:00019511       __get_lc_time              1001a511 f   LIBCMT:inittime.obj
 0001:0001985f       __free_lc_time             1001a85f f   LIBCMT:inittime.obj
 0001:00017fb6       _parse_cmdline             10018fb6 f   LIBCMT:stdargv.obj
 0001:00017a39       _write_char                10018a39 f   LIBCMT:output.obj
 0001:00017a6e       _write_multi_char          10018a6e f   LIBCMT:output.obj
 0001:00017a9f       _write_string              10018a9f f   LIBCMT:output.obj
 0001:00017ad7       _get_int_arg               10018ad7 f   LIBCMT:output.obj
 0001:00017ae4       _get_int64_arg             10018ae4 f   LIBCMT:output.obj
 0001:00017af4       _get_short_arg             10018af4 f   LIBCMT:output.obj
 0001:00016ebc       __cftoe2                   10017ebc f   LIBCMT:cvt.obj
 0001:00016fd3       __cftof2                   10017fd3 f   LIBCMT:cvt.obj
 0001:0001715e       __shift                    1001815e f   LIBCMT:cvt.obj
 0001:000146ef       ?FindHandler@@YAXPAUEHExceptionRecord@@PAUEHRegistrationNode@@PAU_CONTEXT@@PAXPBU_s_FuncInfo@@EH1@Z 100156ef f   LIBCMT:frame.obj
 0001:000148a2       ?FindHandlerForForeignException@@YAXPAUEHExceptionRecord@@PAUEHRegistrationNode@@PAU_CONTEXT@@PAXPBU_s_FuncInfo@@HH1@Z 100158a2 f   LIBCMT:frame.obj
 0001:0001494c       ?TypeMatch@@YAHPBU_s_HandlerType@@PBU_s_CatchableType@@PBU_s_ThrowInfo@@@Z 1001594c f   LIBCMT:frame.obj
 0001:00014a47       ?FrameUnwindFilter@@YAHPAU_EXCEPTION_POINTERS@@@Z 10015a47 f   LIBCMT:frame.obj
 0001:00014a5d       ?CatchIt@@YAXPAUEHExceptionRecord@@PAUEHRegistrationNode@@PAU_CONTEXT@@PAXPBU_s_FuncInfo@@PBU_s_HandlerType@@PBU_s_CatchableType@@PBU_s_TryBlockMapEntry@@H1E@Z 10015a5d f   LIBCMT:frame.obj
 0001:00014ad8       ?CallCatchBlock@@YAPAXPAUEHExceptionRecord@@PAUEHRegistrationNode@@PAU_CONTEXT@@PBU_s_FuncInfo@@PAXHK@Z 10015ad8 f   LIBCMT:frame.obj
 0001:00014bf3       ?ExFilterRethrow@@YAHPAU_EXCEPTION_POINTERS@@@Z 10015bf3 f   LIBCMT:frame.obj
 0001:00014c1d       ?BuildCatchObject@@YAXPAUEHExceptionRecord@@PAUEHRegistrationNode@@PBU_s_HandlerType@@PBU_s_CatchableType@@@Z 10015c1d f   LIBCMT:frame.obj
 0001:00014e48       ?AdjustPointer@@YAPAXPAXABUPMD@@@Z 10015e48 f   LIBCMT:frame.obj
 0001:000140da       _doexit                    100150da f   LIBCMT:crt0dat.obj
 0001:00014191       __initterm                 10015191 f   LIBCMT:crt0dat.obj
 0001:00013bb5       __setlocale_set_cat        10014bb5 f   LIBCMT:setlocal.obj
 0001:00013cd0       __setlocale_get_all        10014cd0 f   LIBCMT:setlocal.obj
 0001:00012f70       LeadUp1                    10013f70 f   LIBCMT:memmove.obj
 0001:00012f9c       LeadUp2                    10013f9c f   LIBCMT:memmove.obj
 0001:00012fc0       LeadUp3                    10013fc0 f   LIBCMT:memmove.obj
 0001:0001303f       UnwindUp0                  1001403f f   LIBCMT:memmove.obj
 0001:0001302c       UnwindUp1                  1001402c f   LIBCMT:memmove.obj
 0001:00013024       UnwindUp2                  10014024 f   LIBCMT:memmove.obj
 0001:0001301c       UnwindUp3                  1001401c f   LIBCMT:memmove.obj
 0001:00013014       UnwindUp4                  10014014 f   LIBCMT:memmove.obj
 0001:0001300c       UnwindUp5                  1001400c f   LIBCMT:memmove.obj
 0001:00013004       UnwindUp6                  10014004 f   LIBCMT:memmove.obj
 0001:00012ffc       UnwindUp7                  10013ffc f   LIBCMT:memmove.obj
 0001:00013058       TrailUp0                   10014058 f   LIBCMT:memmove.obj
 0001:00013060       TrailUp1                   10014060 f   LIBCMT:memmove.obj
 0001:0001306c       TrailUp2                   1001406c f   LIBCMT:memmove.obj
 0001:00013080       TrailUp3                   10014080 f   LIBCMT:memmove.obj
 0001:000130f8       LeadDown1                  100140f8 f   LIBCMT:memmove.obj
 0001:00013118       LeadDown2                  10014118 f   LIBCMT:memmove.obj
 0001:00013140       LeadDown3                  10014140 f   LIBCMT:memmove.obj
 0001:00013194       UnwindDown7                10014194 f   LIBCMT:memmove.obj
 0001:0001319c       UnwindDown6                1001419c f   LIBCMT:memmove.obj
 0001:000131a4       UnwindDown5                100141a4 f   LIBCMT:memmove.obj
 0001:000131ac       UnwindDown4                100141ac f   LIBCMT:memmove.obj
 0001:000131b4       UnwindDown3                100141b4 f   LIBCMT:memmove.obj
 0001:000131bc       UnwindDown2                100141bc f   LIBCMT:memmove.obj
 0001:000131c4       UnwindDown1                100141c4 f   LIBCMT:memmove.obj
 0001:000131d7       UnwindDown0                100141d7 f   LIBCMT:memmove.obj
 0001:000131f0       TrailDown0                 100141f0 f   LIBCMT:memmove.obj
 0001:000131f8       TrailDown1                 100141f8 f   LIBCMT:memmove.obj
 0001:00013208       TrailDown2                 10014208 f   LIBCMT:memmove.obj
 0001:0001321c       TrailDown3                 1001421c f   LIBCMT:memmove.obj
 0001:00012df0       _flsall                    10013df0 f   LIBCMT:fflush.obj
 0001:00012670       LeadUp1                    10013670 f   LIBCMT:memcpy.obj
 0001:0001269c       LeadUp2                    1001369c f   LIBCMT:memcpy.obj
 0001:000126c0       LeadUp3                    100136c0 f   LIBCMT:memcpy.obj
 0001:0001273f       UnwindUp0                  1001373f f   LIBCMT:memcpy.obj
 0001:0001272c       UnwindUp1                  1001372c f   LIBCMT:memcpy.obj
 0001:00012724       UnwindUp2                  10013724 f   LIBCMT:memcpy.obj
 0001:0001271c       UnwindUp3                  1001371c f   LIBCMT:memcpy.obj
 0001:00012714       UnwindUp4                  10013714 f   LIBCMT:memcpy.obj
 0001:0001270c       UnwindUp5                  1001370c f   LIBCMT:memcpy.obj
 0001:00012704       UnwindUp6                  10013704 f   LIBCMT:memcpy.obj
 0001:000126fc       UnwindUp7                  100136fc f   LIBCMT:memcpy.obj
 0001:00012758       TrailUp0                   10013758 f   LIBCMT:memcpy.obj
 0001:00012760       TrailUp1                   10013760 f   LIBCMT:memcpy.obj
 0001:0001276c       TrailUp2                   1001376c f   LIBCMT:memcpy.obj
 0001:00012780       TrailUp3                   10013780 f   LIBCMT:memcpy.obj
 0001:000127f8       LeadDown1                  100137f8 f   LIBCMT:memcpy.obj
 0001:00012818       LeadDown2                  10013818 f   LIBCMT:memcpy.obj
 0001:00012840       LeadDown3                  10013840 f   LIBCMT:memcpy.obj
 0001:00012894       UnwindDown7                10013894 f   LIBCMT:memcpy.obj
 0001:0001289c       UnwindDown6                1001389c f   LIBCMT:memcpy.obj
 0001:000128a4       UnwindDown5                100138a4 f   LIBCMT:memcpy.obj
 0001:000128ac       UnwindDown4                100138ac f   LIBCMT:memcpy.obj
 0001:000128b4       UnwindDown3                100138b4 f   LIBCMT:memcpy.obj
 0001:000128bc       UnwindDown2                100138bc f   LIBCMT:memcpy.obj
 0001:000128c4       UnwindDown1                100138c4 f   LIBCMT:memcpy.obj
 0001:000128d7       UnwindDown0                100138d7 f   LIBCMT:memcpy.obj
 0001:000128f0       TrailDown0                 100138f0 f   LIBCMT:memcpy.obj
 0001:000128f8       TrailDown1                 100138f8 f   LIBCMT:memcpy.obj
 0001:00012908       TrailDown2                 10013908 f   LIBCMT:memcpy.obj
 0001:0001291c       TrailDown3                 1001391c f   LIBCMT:memcpy.obj
 0001:000121a8       ?ArrayUnwindFilter@@YAHPAU_EXCEPTION_POINTERS@@@Z 100131a8 f   LIBCMT:ehvecdtr.obj
 0001:00011b44       _gu_return                 10012b44 f   LIBCMT:exsup.obj
 0001:00011b4c       __unwind_handler           10012b4c f   LIBCMT:exsup.obj
 0001:00011960       ?CatchGuardHandler@@YA?AW4_EXCEPTION_DISPOSITION@@PAUEHExceptionRecord@@PAUCatchGuardRN@@PAX2@Z 10012960 f   LIBCMT:trnsctrl.obj
 0001:00011a3b       ?TranslatorGuardHandler@@YA?AW4_EXCEPTION_DISPOSITION@@PAUEHExceptionRecord@@PAUTranslatorGuardRN@@PAX2@Z 10012a3b f   LIBCMT:trnsctrl.obj
