 bbcnb32

 Timestamp is 5e9db82e (Mon Apr 20 15:56:46 2020)

 Preferred load address is 10000000

 Start         Length     Name                   Class
 0001:00000000 0000004eH .text$di                CODE
 0001:00000050 00002540H .text$mn                CODE
 0001:00002590 0000006cH .text$x                 CODE
 0001:00002600 0000004aH .text$yd                CODE
 0002:00000000 00000104H .idata$5                DATA
 0002:00000104 00000004H .CRT$XCA                DATA
 0002:00000108 00000004H .CRT$XCU                DATA
 0002:0000010c 00000004H .CRT$XCZ                DATA
 0002:00000110 00000004H .CRT$XIA                DATA
 0002:00000114 00000004H .CRT$XIAA               DATA
 0002:00000118 00000004H .CRT$XIC                DATA
 0002:0000011c 00000004H .CRT$XIZ                DATA
 0002:00000120 000004c8H .rdata                  DATA
 0002:000005e8 000000d8H .rdata$r                DATA
 0002:000006c0 00000004H .rtc$IAA                DATA
 0002:000006c4 00000004H .rtc$IZZ                DATA
 0002:000006c8 00000004H .rtc$TAA                DATA
 0002:000006cc 00000004H .rtc$TZZ                DATA
 0002:000006d0 000000fcH .xdata$x                DATA
 0002:000007d0 00000334H .edata                  DATA
 0002:00000b04 00000064H .idata$2                DATA
 0002:00000b68 00000014H .idata$3                DATA
 0002:00000b7c 00000104H .idata$4                DATA
 0002:00000c80 00000438H .idata$6                DATA
 0003:00000000 00000084H .data                   DATA
 0003:00000084 00000050H .data$r                 DATA
 0003:000000d8 000003f4H .bss                    DATA
 0004:00000000 00000358H .rsrc$01                DATA
 0004:00000360 00001660H .rsrc$02                DATA

  Address         Publics by Value              Rva+Base       Lib:Object

 0000:00000000       ___guard_flags             00000000     <absolute>
 0000:00000000       __except_list              00000000     <absolute>
 0000:00000000       ___guard_fids_table        00000000     <absolute>
 0000:00000000       ___guard_fids_count        00000000     <absolute>
 0000:00000000       ___safe_se_handler_table   00000000     <absolute>
 0000:00000000       ___safe_se_handler_count   00000000     <absolute>
 0000:00009876       __fltused                  00009876     <absolute>
 0000:00009876       __ldused                   00009876     <absolute>
 0000:00000000       ___ImageBase               10000000     <linker-defined>
 0001:00000050       ??$destroy@U_Container_proxy@std@@@?$_Wrap_alloc@V?$allocator@U_Container_proxy@std@@@std@@@std@@QAEXPAU_Container_proxy@1@@Z 10001050 f i BBCNB32.obj
 0001:00000060       ??0?$_Wrap_alloc@V?$allocator@U_Container_proxy@std@@@std@@@std@@QAE@XZ 10001060 f i BBCNB32.obj
 0001:00000070       ??1?$_Deque_val@U?$_Deque_simple_types@VsizedBuffer@@@std@@@std@@QAE@XZ 10001070 f i BBCNB32.obj
 0001:00000070       ??3@YAXPAX0@Z              10001070 f i BBCNB32.obj
 0001:00000080       ?_Growmap@?$deque@VsizedBuffer@@V?$allocator@VsizedBuffer@@@std@@@std@@IAEXI@Z 10001080 f i BBCNB32.obj
 0001:00000200       ?_Tidy@?$deque@VsizedBuffer@@V?$allocator@VsizedBuffer@@@std@@@std@@IAEXXZ 10001200 f i BBCNB32.obj
 0001:00000280       ?begin@?$deque@VsizedBuffer@@V?$allocator@VsizedBuffer@@@std@@@std@@QAE?AV?$_Deque_iterator@V?$_Deque_val@U?$_Deque_simple_types@VsizedBuffer@@@std@@@std@@@2@XZ 10001280 f i BBCNB32.obj
 0001:000002a0       ?dgMsgQueueNextItem@@YA?AVsizedBuffer@@XZ 100012a0 f   BBCNB32.obj
 0001:00000380       ?dgMsgQueueSize@@YAHXZ     10001380 f   BBCNB32.obj
 0001:000003b0       ?push_back@?$deque@VsizedBuffer@@V?$allocator@VsizedBuffer@@@std@@@std@@QAEX$$QAVsizedBuffer@@@Z 100013b0 f i BBCNB32.obj
 0001:00000460       _DllMain@12                10001460 f   BBCNB32.obj
 0001:00000490       _NetCmdCode@8              10001490 f   BBCNB32.obj
 0001:00000530       _NetDebugMode@4            10001530 f   BBCNB32.obj
 0001:00000540       _NetODS                    10001540 f   BBCNB32.obj
 0001:00000590       _NetRetCode@8              10001590 f   BBCNB32.obj
 0001:00000670       _NetSetNameFilter@4        10001670 f   BBCNB32.obj
 0001:000006f0       _NetVersion@0              100016f0 f   BBCNB32.obj
 0001:00000700       _PostRoutine@4             10001700 f   BBCNB32.obj
 0001:000007c0       _PostRoutineNCBDGRECV@4    100017c0 f   BBCNB32.obj
 0001:000009d0       _bbcnb32Init               100019d0 f   BBCNB32.obj
 0001:000009f0       ??0bncs_disklog@@QAE@PBDW4filetype@0@000000@Z 100019f0 f   bncs_disklog.obj
 0001:00000a30       ??1bncs_disklog@@UAE@XZ    10001a30 f   bncs_disklog.obj
 0001:00000a40       ??_Gbncs_disklog@@UAEPAXI@Z 10001a40 f i bncs_disklog.obj
 0001:00000a40       ??_Ebncs_disklog@@UAEPAXI@Z 10001a40 f i bncs_disklog.obj
 0001:00000a70       ?cleanup@bncs_disklog@@AAEXXZ 10001a70 f   bncs_disklog.obj
 0001:00000a90       ?createDirectory@bncs_disklog@@AAEXPBD@Z 10001a90 f   bncs_disklog.obj
 0001:00000b90       ?initVars@bncs_disklog@@AAEXXZ 10001b90 f   bncs_disklog.obj
 0001:00000bb0       ?openLogFile@bncs_disklog@@AAEXPBDW4filetype@1@@Z 10001bb0 f   bncs_disklog.obj
 0001:00000de0       ?write@bncs_disklog@@QAEXPBD00000@Z 10001de0 f   bncs_disklog.obj
 0001:00001020       _NetAllocNcbAndBuf@4       10002020 f   NCBALLOC.obj
 0001:00001060       _NetNcbFree@4              10002060 f   NCBALLOC.obj
 0001:00001080       _NetAdaptorStatus@20       10002080 f   NCBCALLS.obj
 0001:000010f0       _NetAddGroupName@12        100020f0 f   NCBCALLS.obj
 0001:00001140       _NetAddName@12             10002140 f   NCBCALLS.obj
 0001:00001190       _NetCall@28                10002190 f   NCBCALLS.obj
 0001:00001200       _NetCancel@8               10002200 f   NCBCALLS.obj
 0001:00001240       _NetDeleteName@12          10002240 f   NCBCALLS.obj
 0001:00001290       _NetHangUp@8               10002290 f   NCBCALLS.obj
 0001:000012d0       _NetListen@28              100022d0 f   NCBCALLS.obj
 0001:00001340       _NetReceive@20             10002340 f   NCBCALLS.obj
 0001:000013a0       _NetReceiveAny@20          100023a0 f   NCBCALLS.obj
 0001:00001400       _NetReceiveBCDG@20         10002400 f   NCBCALLS.obj
 0001:00001460       _NetReceiveDG@20           10002460 f   NCBCALLS.obj
 0001:000014c0       _NetReset@12               100024c0 f   NCBCALLS.obj
 0001:00001510       _NetSend@24                10002510 f   NCBCALLS.obj
 0001:00001590       _NetSendBCDG@24            10002590 f   NCBCALLS.obj
 0001:00001610       _NetSendDG@28              10002610 f   NCBCALLS.obj
 0001:000016b0       _NetSessionStatus@20       100026b0 f   NCBCALLS.obj
 0001:00001720       _NetCopyName@8             10002720 f   NCBSUFU.obj
 0001:000017a0       _NetDumpSessionStatus@8    100027a0 f   NCBSUFU.obj
 0001:000019d0       ??0sizedBuffer@@QAE@$$QAV0@@Z 100029d0 f   sizedBuffer.obj
 0001:00001a10       ??0sizedBuffer@@QAE@ABV0@@Z 10002a10 f   sizedBuffer.obj
 0001:00001a30       ??0sizedBuffer@@QAE@PBEHH@Z 10002a30 f   sizedBuffer.obj
 0001:00001a90       ??1sizedBuffer@@UAE@XZ     10002a90 f   sizedBuffer.obj
 0001:00001ac0       ??_GsizedBuffer@@UAEPAXI@Z 10002ac0 f i sizedBuffer.obj
 0001:00001ac0       ??_EsizedBuffer@@UAEPAXI@Z 10002ac0 f i sizedBuffer.obj
 0001:00001af0       ?doCopy@sizedBuffer@@AAEXABV1@@Z 10002af0 f   sizedBuffer.obj
 0001:00001b56       _Netbios@4                 10002b56 f   netapi32:NETAPI32.dll
 0001:00001b5c       ??_U@YAPAXI@Z              10002b5c f   msvcprt:newaop_s.obj
 0001:00001b66       ??2@YAPAXI@Z               10002b66 f   MSVCRT:MSVCR120.dll
 0001:00001b6c       ??3@YAXPAX@Z               10002b6c f   MSVCRT:MSVCR120.dll
 0001:00001b72       ___atonexitinit            10002b72 f   MSVCRT:atonexit.obj
 0001:00001bae       __onexit                   10002bae f   MSVCRT:atonexit.obj
 0001:00001c57       _atexit                    10002c57 f   MSVCRT:atonexit.obj
 0001:00001c6c       ??_V@YAXPAX@Z              10002c6c f   MSVCRT:MSVCR120.dll
 0001:00001c72       @__security_check_cookie@4 10002c72 f   MSVCRT:secchk.obj
 0001:00001c82       ___CxxFrameHandler3        10002c82 f   MSVCRT:MSVCR120.dll
 0001:00001c88       _memcpy                    10002c88 f   MSVCRT:MSVCR120.dll
 0001:00001c90       ??_Etype_info@@UAEPAXI@Z   10002c90 f i MSVCRT:ti_inst.obj
 0001:00001cda       _memset                    10002cda f   MSVCRT:MSVCR120.dll
 0001:00001d2c       __CRT_INIT@12              10002d2c f   MSVCRT:crtdll.obj
 0001:00001f23       __DllMainCRTStartup@12     10002f23 f   MSVCRT:crtdll.obj
 0001:0000207a       __lock                     1000307a f   MSVCRT:MSVCR120.dll
 0001:00002080       __unlock                   10003080 f   MSVCRT:MSVCR120.dll
 0001:00002086       ___dllonexit               10003086 f   MSVCRT:MSVCR120.dll
 0001:00002090       __SEH_prolog4              10003090 f   MSVCRT:sehprolg4.obj
 0001:000020d5       __SEH_epilog4              100030d5 f   MSVCRT:sehprolg4.obj
 0001:000020e9       __except_handler4          100030e9 f   MSVCRT:chandler4gs.obj
 0001:0000210c       ___raise_securityfailure   1000310c f   MSVCRT:gs_report.obj
 0001:00002149       ___report_gsfailure        10003149 f   MSVCRT:gs_report.obj
 0001:00002244       ??_M@YGXPAXIHP6EX0@Z@Z     10003244 f   MSVCRT:ehvecdtr.obj
 0001:000022b3       ?__ArrayUnwind@@YGXPAXIHP6EX0@Z@Z 100032b3 f   MSVCRT:ehvecdtr.obj
 0001:00002312       ??1type_info@@UAE@XZ       10003312 f   MSVCRT:MSVCR120.dll
 0001:00002318       ___CppXcptFilter           10003318 f   MSVCRT:MSVCR120.dll
 0001:0000231e       __amsg_exit                1000331e f   MSVCRT:MSVCR120.dll
 0001:00002330       __FindPESection            10003330 f   MSVCRT:pesect.obj
 0001:00002380       __IsNonwritableInCurrentImage 10003380 f   MSVCRT:pesect.obj
 0001:00002440       __ValidateImageBase        10003440 f   MSVCRT:pesect.obj
 0001:00002471       ___security_init_cookie    10003471 f   MSVCRT:gs_support.obj
 0001:0000250d       __RTC_Initialize           1000350d f   MSVCRT:initsect.obj
 0001:0000252d       __RTC_Terminate            1000352d f   MSVCRT:initsect.obj
 0001:0000254e       __initterm                 1000354e f   MSVCRT:MSVCR120.dll
 0001:00002554       __initterm_e               10003554 f   MSVCRT:MSVCR120.dll
 0001:0000255a       ___clean_type_info_names   1000355a f   MSVCRT:tncleanup.obj
 0001:00002566       __except_handler4_common   10003566 f   MSVCRT:MSVCR120.dll
 0001:0000256c       __crt_debugger_hook        1000356c f   MSVCRT:MSVCR120.dll
 0001:00002572       ___crtUnhandledException   10003572 f   MSVCRT:MSVCR120.dll
 0001:00002578       ___crtTerminateProcess     10003578 f   MSVCRT:MSVCR120.dll
 0001:0000257e       ?terminate@@YAXXZ          1000357e f   MSVCRT:MSVCR120.dll
 0001:00002584       ___clean_type_info_names_internal 10003584 f   MSVCRT:MSVCR120.dll
 0001:0000258a       _IsProcessorFeaturePresent@4 1000358a f   kernel32:KERNEL32.dll
 0002:00000000       __imp__GetSystemTimeAsFileTime@4 10004000     kernel32:KERNEL32.dll
 0002:00000004       __imp__GetCurrentProcessId@0 10004004     kernel32:KERNEL32.dll
 0002:00000008       __imp__GetCurrentThread@0  10004008     kernel32:KERNEL32.dll
 0002:0000000c       __imp__GetCurrentThreadId@0 1000400c     kernel32:KERNEL32.dll
 0002:00000010       __imp__SetThreadPriority@8 10004010     kernel32:KERNEL32.dll
 0002:00000014       __imp__ReleaseMutex@4      10004014     kernel32:KERNEL32.dll
 0002:00000018       __imp__WaitForSingleObject@8 10004018     kernel32:KERNEL32.dll
 0002:0000001c       __imp__CloseHandle@4       1000401c     kernel32:KERNEL32.dll
 0002:00000020       __imp__CreateMutexA@12     10004020     kernel32:KERNEL32.dll
 0002:00000024       __imp__OutputDebugStringA@4 10004024     kernel32:KERNEL32.dll
 0002:00000028       __imp__IsBadReadPtr@8      10004028     kernel32:KERNEL32.dll
 0002:0000002c       __imp__GetLastError@0      1000402c     kernel32:KERNEL32.dll
 0002:00000030       __imp__WriteFile@20        10004030     kernel32:KERNEL32.dll
 0002:00000034       __imp__SetFilePointer@16   10004034     kernel32:KERNEL32.dll
 0002:00000038       __imp__GetSystemTime@4     10004038     kernel32:KERNEL32.dll
 0002:0000003c       __imp__GetLocalTime@4      1000403c     kernel32:KERNEL32.dll
 0002:00000040       __imp__CreateFileA@28      10004040     kernel32:KERNEL32.dll
 0002:00000044       __imp__QueryPerformanceCounter@4 10004044     kernel32:KERNEL32.dll
 0002:00000048       __imp__IsProcessorFeaturePresent@4 10004048     kernel32:KERNEL32.dll
 0002:0000004c       __imp__IsDebuggerPresent@0 1000404c     kernel32:KERNEL32.dll
 0002:00000050       __imp__EncodePointer@4     10004050     kernel32:KERNEL32.dll
 0002:00000054       __imp__DecodePointer@4     10004054     kernel32:KERNEL32.dll
 0002:00000058       \177KERNEL32_NULL_THUNK_DATA 10004058     kernel32:KERNEL32.dll
 0002:0000005c       __imp_?_Xbad_alloc@std@@YAXXZ 1000405c     msvcprt:MSVCP120.dll
 0002:00000060       __imp_?_Xlength_error@std@@YAXPBD@Z 10004060     msvcprt:MSVCP120.dll
 0002:00000064       \177MSVCP120_NULL_THUNK_DATA 10004064     msvcprt:MSVCP120.dll
 0002:00000068       __imp__memmove             10004068     MSVCRT:MSVCR120.dll
 0002:0000006c       __imp__sprintf             1000406c     MSVCRT:MSVCR120.dll
 0002:00000070       __imp_??_V@YAXPAX@Z        10004070     MSVCRT:MSVCR120.dll
 0002:00000074       __imp_??3@YAXPAX@Z         10004074     MSVCRT:MSVCR120.dll
 0002:00000078       __imp__memcpy              10004078     MSVCRT:MSVCR120.dll
 0002:0000007c       __imp__strncpy             1000407c     MSVCRT:MSVCR120.dll
 0002:00000080       __imp__strtok              10004080     MSVCRT:MSVCR120.dll
 0002:00000084       __imp__getenv              10004084     MSVCRT:MSVCR120.dll
 0002:00000088       __imp___localtime64        10004088     MSVCRT:MSVCR120.dll
 0002:0000008c       __imp___time64             1000408c     MSVCRT:MSVCR120.dll
 0002:00000090       __imp___mkdir              10004090     MSVCRT:MSVCR120.dll
 0002:00000094       __imp__calloc              10004094     MSVCRT:MSVCR120.dll
 0002:00000098       __imp__free                10004098     MSVCRT:MSVCR120.dll
 0002:0000009c       __imp__memset              1000409c     MSVCRT:MSVCR120.dll
 0002:000000a0       __imp_??2@YAPAXI@Z         100040a0     MSVCRT:MSVCR120.dll
 0002:000000a4       __imp___unlock             100040a4     MSVCRT:MSVCR120.dll
 0002:000000a8       __imp___calloc_crt         100040a8     MSVCRT:MSVCR120.dll
 0002:000000ac       __imp____dllonexit         100040ac     MSVCRT:MSVCR120.dll
 0002:000000b0       __imp___onexit             100040b0     MSVCRT:MSVCR120.dll
 0002:000000b4       __imp_??1type_info@@UAE@XZ 100040b4     MSVCRT:MSVCR120.dll
 0002:000000b8       __imp____CppXcptFilter     100040b8     MSVCRT:MSVCR120.dll
 0002:000000bc       __imp___amsg_exit          100040bc     MSVCRT:MSVCR120.dll
 0002:000000c0       __imp___malloc_crt         100040c0     MSVCRT:MSVCR120.dll
 0002:000000c4       __imp___initterm           100040c4     MSVCRT:MSVCR120.dll
 0002:000000c8       __imp___initterm_e         100040c8     MSVCRT:MSVCR120.dll
 0002:000000cc       __imp___except_handler4_common 100040cc     MSVCRT:MSVCR120.dll
 0002:000000d0       __imp___crt_debugger_hook  100040d0     MSVCRT:MSVCR120.dll
 0002:000000d4       __imp____crtUnhandledException 100040d4     MSVCRT:MSVCR120.dll
 0002:000000d8       __imp____crtTerminateProcess 100040d8     MSVCRT:MSVCR120.dll
 0002:000000dc       __imp_?terminate@@YAXXZ    100040dc     MSVCRT:MSVCR120.dll
 0002:000000e0       __imp____clean_type_info_names_internal 100040e0     MSVCRT:MSVCR120.dll
 0002:000000e4       __imp___lock               100040e4     MSVCRT:MSVCR120.dll
 0002:000000e8       __imp____CxxFrameHandler3  100040e8     MSVCRT:MSVCR120.dll
 0002:000000ec       \177MSVCR120_NULL_THUNK_DATA 100040ec     MSVCRT:MSVCR120.dll
 0002:000000f0       __imp__Netbios@4           100040f0     netapi32:NETAPI32.dll
 0002:000000f4       \177NETAPI32_NULL_THUNK_DATA 100040f4     netapi32:NETAPI32.dll
 0002:000000f8       __imp__PostMessageA@16     100040f8     user32:USER32.dll
 0002:000000fc       __imp__LoadStringA@16      100040fc     user32:USER32.dll
 0002:00000100       \177USER32_NULL_THUNK_DATA 10004100     user32:USER32.dll
 0002:00000104       ___xc_a                    10004104     MSVCRT:cinitexe.obj
 0002:0000010c       ___xc_z                    1000410c     MSVCRT:cinitexe.obj
 0002:00000110       ___xi_a                    10004110     MSVCRT:cinitexe.obj
 0002:0000011c       ___xi_z                    1000411c     MSVCRT:cinitexe.obj
 0002:00000120       ??_C@_0BN@LJJMEMDJ@Unknown?5NetBIOS?5command?5code?$AA@ 10004120     BBCNB32.obj
 0002:00000140       ??_C@_0BK@BDLIAFGF@?$CFs?5?9?5NetBIOS?50x?$CF02x?5?9?5?$CFs?6?$AA@ 10004140     BBCNB32.obj
 0002:0000015c       ??_C@_0BN@FJJFEPNG@Unlisted?5NetBIOS?5return?5code?$AA@ 1000415c     BBCNB32.obj
 0002:0000017c       ??_C@_0BG@JPPAHMJF@?$CFs?5?9?5NRC?50x?$CF02x?5?9?5?$CFs?6?$AA@ 1000417c     BBCNB32.obj
 0002:00000194       ??_C@_07OGCKFOHE@bbcnb32?$AA@ 10004194     BBCNB32.obj
 0002:0000019c       ??_C@_0DJ@OGGCNIBH@Ptr?5to?5NCB?$DN0x?$CF08lx?0?5Ptr?5to?5buffe@ 1000419c     BBCNB32.obj
 0002:000001d8       ??_C@_0CI@EEFGCAMN@Strlen?$DN?$CFd?0?5Str?$DN?$FL?$CFs?$FN?$DN?$CF02x?0?$CF02x?0?$CF0@ 100041d8     BBCNB32.obj
 0002:00000200       ??_C@_0BE@LIKEBNPF@ERROR?5?9?5Bad?5pointer?$AA@ 10004200     BBCNB32.obj
 0002:00000214       ??_C@_0BK@ELCEPGD@?$DMCS?$DO?9MSG?9NCBDGRECV?5failed?$AA@ 10004214     BBCNB32.obj
 0002:00000230       ??_C@_09MEFDJLKK@?$DMNet?$DO?9?$CFs?6?$AA@ 10004230     BBCNB32.obj
 0002:0000023c       ??_C@_0P@HPLBBLHJ@bbcnb32m_queue?$AA@ 1000423c     BBCNB32.obj
 0002:0000024c       ??_C@_0BC@KBDMBKEH@deque?$DMT?$DO?5too?5long?$AA@ 1000424c     BBCNB32.obj
 0002:00000260       __xmm@20202020202020202020202020202020 10004260     BBCNB32.obj
 0002:00000274       ??_7bncs_disklog@@6B@      10004274     bncs_disklog.obj
 0002:00000278       ??_C@_07JBEBLGDD@CC_ROOT?$AA@ 10004278     bncs_disklog.obj
 0002:00000280       ??_C@_09DDAHAMBK@CC_SYSTEM?$AA@ 10004280     bncs_disklog.obj
 0002:0000028c       ??_C@_0L@ILPMAFPO@?$CFs?2?$CFs?2logs?$AA@ 1000428c     bncs_disklog.obj
 0002:00000298       ??_C@_0M@EEBKEKAD@c?3?2bncslogs?$AA@ 10004298     bncs_disklog.obj
 0002:000002a4       ??_C@_0BG@DPKAAFIM@localtime?5has?5failed?6?$AA@ 100042a4     bncs_disklog.obj
 0002:000002bc       ??_C@_0N@GLHMENIG@?$CFs?2?$CFs?2?$CFs?4log?$AA@ 100042bc     bncs_disklog.obj
 0002:000002cc       ??_C@_0BH@EBDFGIGN@?$CFs?2?$CFs?2?$CF04d?$CF02d?$CF02d?4log?$AA@ 100042cc     bncs_disklog.obj
 0002:000002e4       ??_C@_0BM@MFEMPJOF@?$CFs?2?$CFs?2?$CF04d?$CF02d?$CF02d?9?$CF02d?4log?$AA@ 100042e4     bncs_disklog.obj
 0002:00000300       ??_C@_0CE@NIPIAOPO@bncs_disklog?3?5Can?8t?5open?5log?5fil@ 10004300     bncs_disklog.obj
 0002:00000324       ??_C@_01EEMJAFIK@?6?$AA@   10004324     bncs_disklog.obj
 0002:00000328       ??_C@_0CE@NLINMDII@?$CF02d?1?$CF02d?1?$CF04d?5?$CF02d?3?$CF02d?3?$CF02d?4?$CF0@ 10004328     bncs_disklog.obj
 0002:0000034c       ??_C@_02KEGNLNML@?0?5?$AA@ 1000434c     bncs_disklog.obj
 0002:00000350       ??_C@_02PCIJFNDE@?$AN?6?$AA@ 10004350     bncs_disklog.obj
 0002:00000354       ??_C@_01KICIPPFI@?2?$AA@   10004354     bncs_disklog.obj
 0002:00000358       ??_C@_0EF@JGCLPNJL@bbcnb32?3?5NetSendDG?5?9?5request?5to?5@ 10004358     NCBCALLS.obj
 0002:000003a0       ??_C@_0DP@MDDHKDMD@?9?9?9?9?9?9?9?9?9?9?9?9?9?9?9?9?9?9?9?9?9?9?9?9?9?9?9?9?9?9?9?9@ 100043a0     NCBSUFU.obj
 0002:000003e0       ??_C@_0CJ@BFEOEHPO@Session?5Information?5for?5?8?$CFs?8?5on?5@ 100043e0     NCBSUFU.obj
 0002:0000040c       ??_C@_0BL@LJFJGFND@?$CFd?5Sessions?5Table?5Entries?6?$AA@ 1000440c     NCBSUFU.obj
 0002:00000428       ??_C@_0DI@BDLDPDBP@?$CFd?5Receive?5Datagrams?5?$CG?5Broadcast@ 10004428     NCBSUFU.obj
 0002:00000460       ??_C@_0CI@DJKALEIG@?$CFd?5?8Recieve?5Any?8?5Datagrams?5outst@ 10004460     NCBSUFU.obj
 0002:00000488       ??_C@_0DO@PLNJFCHI@Idx?7LSN?7State?7?7Local?5Name?7?7Remot@ 10004488     NCBSUFU.obj
 0002:000004c8       ??_C@_06GIJDJODO@?$CFd?7?$CFd?7?$AA@ 100044c8     NCBSUFU.obj
 0002:000004d0       ??_C@_0BA@GAOIMEAH@LISTEN?5pending?5?$AA@ 100044d0     NCBSUFU.obj
 0002:000004e0       ??_C@_0BA@DAGNKLMO@CALL?5pending?5?5?5?$AA@ 100044e0     NCBSUFU.obj
 0002:000004f0       ??_C@_0BA@GALBDDCK@Active?5?5?5?5?5?5?5?5?5?$AA@ 100044f0     NCBSUFU.obj
 0002:00000500       ??_C@_0BA@FDENMABF@HANGUP?5pending?5?$AA@ 10004500     NCBSUFU.obj
 0002:00000510       ??_C@_0BA@HCOAFGGB@HANGUP?5complete?$AA@ 10004510     NCBSUFU.obj
 0002:00000520       ??_C@_0BA@PIFMFEON@Session?5aborted?$AA@ 10004520     NCBSUFU.obj
 0002:00000530       ??_C@_0BA@KNMKABMF@Unknown?5state?5?5?$AA@ 10004530     NCBSUFU.obj
 0002:00000540       ??_C@_0O@FIOCCNMM@?7?$CFs?7?$CFs?7?$CFd?7?$CFd?6?$AA@ 10004540     NCBSUFU.obj
 0002:00000550       ??_C@_0CN@DJKJALOP@?9?9?9?5No?5session?5table?5entries?5to?5@ 10004550     NCBSUFU.obj
 0002:00000584       ??_7sizedBuffer@@6B@       10004584     sizedBuffer.obj
 0002:0000058c       ??_7type_info@@6B@         1000458c     MSVCRT:ti_inst.obj
 0002:00000590       __pRawDllMain              10004590     MSVCRT:crtdll.obj
 0002:00000590       __pDefaultRawDllMain       10004590     MSVCRT:crtdll.obj
 0002:000005a0       __load_config_used         100045a0     MSVCRT:loadcfg.obj
 0002:000005e8       ??_R4bncs_disklog@@6B@     100045e8     bncs_disklog.obj
 0002:000005fc       ??_R3bncs_disklog@@8       100045fc     bncs_disklog.obj
 0002:0000060c       ??_R2bncs_disklog@@8       1000460c     bncs_disklog.obj
 0002:00000614       ??_R1A@?0A@EA@bncs_disklog@@8 10004614     bncs_disklog.obj
 0002:00000630       ??_R4sizedBuffer@@6B@      10004630     sizedBuffer.obj
 0002:00000644       ??_R3sizedBuffer@@8        10004644     sizedBuffer.obj
 0002:00000654       ??_R2sizedBuffer@@8        10004654     sizedBuffer.obj
 0002:0000065c       ??_R1A@?0A@EA@sizedBuffer@@8 1000465c     sizedBuffer.obj
 0002:00000678       ??_R4type_info@@6B@        10004678     MSVCRT:ti_inst.obj
 0002:0000068c       ??_R3type_info@@8          1000468c     MSVCRT:ti_inst.obj
 0002:0000069c       ??_R2type_info@@8          1000469c     MSVCRT:ti_inst.obj
 0002:000006a4       ??_R1A@?0A@EA@type_info@@8 100046a4     MSVCRT:ti_inst.obj
 0002:000006c0       ___rtc_iaa                 100046c0     MSVCRT:initsect.obj
 0002:000006c4       ___rtc_izz                 100046c4     MSVCRT:initsect.obj
 0002:000006c8       ___rtc_taa                 100046c8     MSVCRT:initsect.obj
 0002:000006cc       ___rtc_tzz                 100046cc     MSVCRT:initsect.obj
 0002:00000b04       __IMPORT_DESCRIPTOR_NETAPI32 10004b04     netapi32:NETAPI32.dll
 0002:00000b18       __IMPORT_DESCRIPTOR_KERNEL32 10004b18     kernel32:KERNEL32.dll
 0002:00000b2c       __IMPORT_DESCRIPTOR_USER32 10004b2c     user32:USER32.dll
 0002:00000b40       __IMPORT_DESCRIPTOR_MSVCP120 10004b40     msvcprt:MSVCP120.dll
 0002:00000b54       __IMPORT_DESCRIPTOR_MSVCR120 10004b54     MSVCRT:MSVCR120.dll
 0002:00000b68       __NULL_IMPORT_DESCRIPTOR   10004b68     netapi32:NETAPI32.dll
 0003:0000006c       ___security_cookie         1000606c     MSVCRT:gs_cookie.obj
 0003:00000070       ___security_cookie_complement 10006070     MSVCRT:gs_cookie.obj
 0003:00000080       ___native_dllmain_reason   10006080     MSVCRT:natstart.obj
 0003:00000084       ??_R0?AVbncs_disklog@@@8   10006084     bncs_disklog.obj
 0003:000000a0       ??_R0?AVsizedBuffer@@@8    100060a0     sizedBuffer.obj
 0003:000000bc       ??_R0?AVtype_info@@@8      100060bc     MSVCRT:ti_inst.obj
 0003:000000d8       ?hInstDLL@@3PAUHINSTANCE__@@A 100060d8     BBCNB32.obj
 0003:000000dc       ?bDebugModeDLL@@3HA        100060dc     BBCNB32.obj
 0003:000000e0       ?acNetDebug@@3PADA         100060e0     BBCNB32.obj
 0003:00000160       ?hMutex@@3PAXA             10006160     BBCNB32.obj
 0003:00000164       ?dgMsgQueue@@3V?$queue@VsizedBuffer@@V?$deque@VsizedBuffer@@V?$allocator@VsizedBuffer@@@std@@@std@@@std@@A 10006164     BBCNB32.obj
 0003:000004b0       ?__type_info_root_node@@3U__type_info_node@@A 100064b0     MSVCRT:tncleanup.obj
 0003:000004b8       ___native_startup_lock     100064b8     <common>
 0003:000004bc       ___native_startup_state    100064bc     <common>
 0003:000004c0       ___dyn_tls_init_callback   100064c0     <common>
 0003:000004c4       ___onexitend               100064c4     <common>
 0003:000004c8       ___onexitbegin             100064c8     <common>

 entry point at        0001:00001f23

 Static symbols

 0001:00000000       ??__EdgMsgQueue@@YAXXZ     10001000 f   BBCNB32.obj
 0001:00000998       $LN28                      10001998     BBCNB32.obj
 0001:000009a8       $LN21                      100019a8     BBCNB32.obj
 0001:000019b8       $LN28                      100029b8     NCBSUFU.obj
 0001:00001ce0       _pre_c_init                10002ce0 f   MSVCRT:crtdll.obj
 0001:00001f46       ___DllMainCRTStartup       10002f46 f   MSVCRT:crtdll.obj
 0001:00002090       $$000000                   10003090     MSVCRT:sehprolg4.obj
 0001:00002590       __unwindfunclet$?dgMsgQueueNextItem@@YA?AVsizedBuffer@@XZ$0 10003590 f   BBCNB32.obj
 0001:000025a9       __ehhandler$?dgMsgQueueNextItem@@YA?AVsizedBuffer@@XZ 100035a9 f   BBCNB32.obj
 0001:000025d0       __unwindfunclet$?push_back@?$deque@VsizedBuffer@@V?$allocator@VsizedBuffer@@@std@@@std@@QAEX$$QAVsizedBuffer@@@Z$0 100035d0 f   BBCNB32.obj
 0001:000025e1       __ehhandler$?push_back@?$deque@VsizedBuffer@@V?$allocator@VsizedBuffer@@@std@@@std@@QAEX$$QAVsizedBuffer@@@Z 100035e1 f   BBCNB32.obj
 0001:00002600       ??__FdgMsgQueue@@YAXXZ     10003600 f   BBCNB32.obj
 0002:00000108       _dgMsgQueue$initializer$   10004108     BBCNB32.obj
 0002:00000114       _pcinit                    10004114     MSVCRT:crtdll.obj
 0002:00000118       _pinit                     10004118     MSVCRT:atonexit.obj
 0002:00000594       _GS_ExceptionPointers      10004594     MSVCRT:gs_report.obj
 0002:000006d0       __unwindtable$?dgMsgQueueNextItem@@YA?AVsizedBuffer@@XZ 100046d0     BBCNB32.obj
 0002:000006d8       __ehfuncinfo$?dgMsgQueueNextItem@@YA?AVsizedBuffer@@XZ 100046d8     BBCNB32.obj
 0002:000006fc       __unwindtable$?push_back@?$deque@VsizedBuffer@@V?$allocator@VsizedBuffer@@@std@@@std@@QAEX$$QAVsizedBuffer@@@Z 100046fc     BBCNB32.obj
 0002:00000704       __ehfuncinfo$?push_back@?$deque@VsizedBuffer@@V?$allocator@VsizedBuffer@@@std@@@std@@QAEX$$QAVsizedBuffer@@@Z 10004704     BBCNB32.obj
 0002:00000728       __sehtable$__onexit        10004728     MSVCRT:atonexit.obj
 0002:00000748       __sehtable$___DllMainCRTStartup 10004748     MSVCRT:crtdll.obj
 0002:00000770       __sehtable$??_M@YGXPAXIHP6EX0@Z@Z 10004770     MSVCRT:ehvecdtr.obj
 0002:00000790       __sehtable$?__ArrayUnwind@@YGXPAXIHP6EX0@Z@Z 10004790     MSVCRT:ehvecdtr.obj
 0002:000007b0       __sehtable$__IsNonwritableInCurrentImage 100047b0     MSVCRT:pesect.obj
 0002:000007d0       .edata                     100047d0     bbcnb32.exp
 0002:000007f8       rgpv                       100047f8     bbcnb32.exp
 0002:00000868       rgszName                   10004868     bbcnb32.exp
 0002:000008d8       rgwOrd                     100048d8     bbcnb32.exp
 0002:00000910       szName                     10004910     bbcnb32.exp
 0002:0000091c       $N00001                    1000491c     bbcnb32.exp
 0002:00000946       $N00002                    10004946     bbcnb32.exp
 0002:0000095d       $N00003                    1000495d     bbcnb32.exp
 0002:00000972       $N00004                    10004972     bbcnb32.exp
 0002:00000986       $N00005                    10004986     bbcnb32.exp
 0002:00000995       $N00006                    10004995     bbcnb32.exp
 0002:000009aa       $N00007                    100049aa     bbcnb32.exp
 0002:000009b6       $N00008                    100049b6     bbcnb32.exp
 0002:000009c3       $N00009                    100049c3     bbcnb32.exp
 0002:000009d1       $N00010                    100049d1     bbcnb32.exp
 0002:000009e0       $N00011                    100049e0     bbcnb32.exp
 0002:000009f0       $N00012                    100049f0     bbcnb32.exp
 0002:00000a02       $N00013                    10004a02     bbcnb32.exp
 0002:00000a1a       $N00014                    10004a1a     bbcnb32.exp
 0002:00000a27       $N00015                    10004a27     bbcnb32.exp
 0002:00000a35       $N00016                    10004a35     bbcnb32.exp
 0002:00000a43       $N00017                    10004a43     bbcnb32.exp
 0002:00000a52       $N00018                    10004a52     bbcnb32.exp
 0002:00000a64       $N00019                    10004a64     bbcnb32.exp
 0002:00000a77       $N00020                    10004a77     bbcnb32.exp
 0002:00000a88       $N00021                    10004a88     bbcnb32.exp
 0002:00000a95       $N00022                    10004a95     bbcnb32.exp
 0002:00000aa3       $N00023                    10004aa3     bbcnb32.exp
 0002:00000aaf       $N00024                    10004aaf     bbcnb32.exp
 0002:00000abf       $N00025                    10004abf     bbcnb32.exp
 0002:00000acd       $N00026                    10004acd     bbcnb32.exp
 0002:00000ae2       $N00027                    10004ae2     bbcnb32.exp
 0002:00000af6       $N00028                    10004af6     bbcnb32.exp
 0002:00000c8a       .idata$6                   10004c8a     netapi32:NETAPI32.dll
 0002:00000d9c       .idata$6                   10004d9c     kernel32:KERNEL32.dll
 0002:00000dc8       .idata$6                   10004dc8     user32:USER32.dll
 0002:00000e0e       .idata$6                   10004e0e     msvcprt:MSVCP120.dll
 0002:00000ede       .idata$6                   10004ede     MSVCRT:MSVCR120.dll
 0003:00000000       _BNCS_DISKLOG_SIG          10006000     bncs_disklog.obj
 0003:00000178       _allocator_arg             10006178     BBCNB32.obj
 0003:00000179       _piecewise_construct       10006179     BBCNB32.obj
 0003:0000017c       _g_szNameFilter            1000617c     BBCNB32.obj
 0003:00000180       ?fThreadPrioritySet@?1??PostRoutineNCBDGRECV@@9@4@4_NA 10006180     BBCNB32.obj
 0003:00000181       _allocator_arg             10006181     NCBALLOC.obj
 0003:00000182       _piecewise_construct       10006182     NCBALLOC.obj
 0003:00000183       _allocator_arg             10006183     NCBCALLS.obj
 0003:00000184       _piecewise_construct       10006184     NCBCALLS.obj
 0003:00000185       _allocator_arg             10006185     NCBSUFU.obj
 0003:00000186       _piecewise_construct       10006186     NCBSUFU.obj
 0003:00000188       ___proc_attached           10006188     MSVCRT:crtdll.obj
 0003:00000190       _GS_ExceptionRecord        10006190     MSVCRT:gs_report.obj
 0003:000001e0       _GS_ContextRecord          100061e0     MSVCRT:gs_report.obj
 0003:000004ac       _DebuggerWasPresent        100064ac     MSVCRT:gs_report.obj
 0004:00000360       $R000000                   10007360     bbcnb32.res
 0004:00000730       $R0003D0                   10007730     bbcnb32.res
 0004:00000758       $R0003F8                   10007758     bbcnb32.res
 0004:00000888       $R000528                   10007888     bbcnb32.res
 0004:000009b0       $R000650                   100079b0     bbcnb32.res
 0004:00000b58       $R0007F8                   10007b58     bbcnb32.res
 0004:00000cd0       $R000970                   10007cd0     bbcnb32.res
 0004:00000d30       $R0009D0                   10007d30     bbcnb32.res
 0004:00000fa0       $R000C40                   10007fa0     bbcnb32.res
 0004:00001198       $R000E38                   10008198     bbcnb32.res
 0004:00001338       $R000FD8                   10008338     bbcnb32.res
 0004:00001608       $R0012A8                   10008608     bbcnb32.res
 0004:00001710       $R0013B0                   10008710     bbcnb32.res
 0004:00001768       $R001408                   10008768     bbcnb32.res
 0004:000017d0       $R001470                   100087d0     bbcnb32.res
 0004:00001840       $R0014E0                   10008840     bbcnb32.res

 Exports

  ordinal    name

        1    ?dgMsgQueueNextItem@@YA?AVsizedBuffer@@XZ (class sizedBuffer __cdecl dgMsgQueueNextItem(void))
        2    ?dgMsgQueueSize@@YAHXZ (int __cdecl dgMsgQueueSize(void))
        3    _NetAdaptorStatus@20
        4    _NetAddGroupName@12
        5    _NetAddName@12
        6    _NetAllocNcbAndBuf@4
        7    _NetCall@28
        8    _NetCancel@8
        9    _NetCmdCode@8
       10    _NetCopyName@8
       11    _NetDebugMode@4
       12    _NetDeleteName@12
       13    _NetDumpSessionStatus@8
       14    _NetHangUp@8
       15    _NetListen@28
       16    _NetNcbFree@4
       17    _NetReceive@20
       18    _NetReceiveAny@20
       19    _NetReceiveBCDG@20
       20    _NetReceiveDG@20
       21    _NetReset@12
       22    _NetRetCode@8
       23    _NetSend@24
       24    _NetSendBCDG@24
       25    _NetSendDG@28
       26    _NetSessionStatus@20
       27    _NetSetNameFilter@4
       28    _NetVersion@0
