 bncs_string

 Timestamp is 56ddfd39 (Mon Mar 07 22:14:17 2016)

 Preferred load address is 10000000

 Start         Length     Name                   Class
 0001:00000000 00004870H .text                   CODE
 0001:00004870 000004abH .text$x                 CODE
 0002:00000000 00000070H .idata$5                DATA
 0002:00000070 00000044H .rdata                  DATA
 0002:000000b8 00000598H .xdata$x                DATA
 0002:00000650 0000003cH .idata$2                DATA
 0002:0000068c 00000014H .idata$3                DATA
 0002:000006a0 00000070H .idata$4                DATA
 0002:00000710 0000022eH .idata$6                DATA
 0002:00000940 00001581H .edata                  DATA
 0003:00000000 00000004H .CRT$XCA                DATA
 0003:00000004 00000004H .CRT$XCU                DATA
 0003:00000008 00000004H .CRT$XCZ                DATA
 0003:0000000c 00000004H .CRT$XIA                DATA
 0003:00000010 00000004H .CRT$XIZ                DATA
 0003:00000020 00000010H .data                   DATA
 0003:00000030 0000003cH .bss                    DATA
 0004:00000000 00000058H .rsrc$01                DATA
 0004:00000060 000004a8H .rsrc$02                DATA

  Address         Publics by Value              Rva+Base     Lib:Object

 0001:00000000       ??0bncs_string@@QAE@ABV0@@Z 10001000 f   bncs_string.obj
 0001:00000070       ??_Ebncs_string@@UAEPAXI@Z 10001070 f i bncs_string.obj
 0001:000000d0       ??0bncs_string@@QAE@XZ     100010d0 f   bncs_string.obj
 0001:000000f0       ??0bncs_string@@QAE@PBD@Z  100010f0 f   bncs_string.obj
 0001:00000150       ??0bncs_string@@QAE@ABV?$basic_string@DU?$char_traits@D@std@@V?$allocator@D@2@@std@@@Z 10001150 f   bncs_string.obj
 0001:000001e0       ??Bbncs_string@@QBE?AV?$basic_string@DU?$char_traits@D@std@@V?$allocator@D@2@@std@@XZ 100011e0 f   bncs_string.obj
 0001:00000270       ??0bncs_string@@QAE@D@Z    10001270 f   bncs_string.obj
 0001:000002b0       ??0bncs_string@@QAE@HDIH@Z 100012b0 f   bncs_string.obj
 0001:000003b0       ??0bncs_string@@QAE@NHDI@Z 100013b0 f   bncs_string.obj
 0001:000004c0       ??1bncs_string@@UAE@XZ     100014c0 f   bncs_string.obj
 0001:000004f0       ??Abncs_string@@QBE?BDI@Z  100014f0 f   bncs_string.obj
 0001:00000510       ??Abncs_string@@QAEAADH@Z  10001510 f   bncs_string.obj
 0001:00000540       ??Bbncs_string@@QBEPBDXZ   10001540 f   bncs_string.obj
 0001:00000550       ??Bbncs_string@@QBEHXZ     10001550 f   bncs_string.obj
 0001:00000560       ??4bncs_string@@QAEAAV0@PBD@Z 10001560 f   bncs_string.obj
 0001:000005e0       ??4bncs_string@@QAEAAV0@ABV0@@Z 100015e0 f   bncs_string.obj
 0001:00000650       ??8@YA_NABVbncs_string@@H@Z 10001650 f   bncs_string.obj
 0001:000006d0       ??9@YA_NABVbncs_string@@H@Z 100016d0 f   bncs_string.obj
 0001:00000750       ??8@YA_NHABVbncs_string@@@Z 10001750 f   bncs_string.obj
 0001:000007d0       ??9@YA_NHABVbncs_string@@@Z 100017d0 f   bncs_string.obj
 0001:00000850       ??8@YA_NABVbncs_string@@0@Z 10001850 f   bncs_string.obj
 0001:000008d0       ??9@YA_NABVbncs_string@@0@Z 100018d0 f   bncs_string.obj
 0001:00000940       ??8@YA_NABVbncs_string@@PBD@Z 10001940 f   bncs_string.obj
 0001:000009d0       ??8@YA_NPBDABVbncs_string@@@Z 100019d0 f   bncs_string.obj
 0001:00000a60       ??H@YA?BVbncs_string@@ABV0@0@Z 10001a60 f   bncs_string.obj
 0001:00000ad0       ??H@YA?BVbncs_string@@ABV0@PBD@Z 10001ad0 f   bncs_string.obj
 0001:00000b70       ??H@YA?BVbncs_string@@PBDABV0@@Z 10001b70 f   bncs_string.obj
 0001:00000be0       ??H@YA?BVbncs_string@@ABV0@H@Z 10001be0 f   bncs_string.obj
 0001:00000c50       ??H@YA?BVbncs_string@@HABV0@@Z 10001c50 f   bncs_string.obj
 0001:00000cc0       ??Ybncs_string@@QAEAAV0@ABV0@@Z 10001cc0 f   bncs_string.obj
 0001:00000ce0       ?append@bncs_string@@QAEAAV1@HDHH@Z 10001ce0 f   bncs_string.obj
 0001:00000d50       ?append@bncs_string@@QAEAAV1@D@Z 10001d50 f   bncs_string.obj
 0001:00000db0       ?append@bncs_string@@QAEAAV1@ABV1@@Z 10001db0 f   bncs_string.obj
 0001:00000e80       ?dump@bncs_string@@QAEXXZ  10001e80 f   bncs_string.obj
 0001:00000ea0       ?toInt@bncs_string@@QBEHXZ 10001ea0 f   bncs_string.obj
 0001:00000ec0       ?firstInt@bncs_string@@QBEHXZ 10001ec0 f   bncs_string.obj
 0001:00000f10       ?toLong@bncs_string@@QBEJXZ 10001f10 f   bncs_string.obj
 0001:00000f30       ?toUInt@bncs_string@@QBEIH@Z 10001f30 f   bncs_string.obj
 0001:00000f30       ?toULong@bncs_string@@QBEKH@Z 10001f30 f   bncs_string.obj
 0001:00000f50       ?toDouble@bncs_string@@QBENXZ 10001f50 f   bncs_string.obj
 0001:00000f70       ?length@bncs_string@@QBEIXZ 10001f70 f   bncs_string.obj
 0001:00000f80       ?truncate@bncs_string@@QAEXI@Z 10001f80 f   bncs_string.obj
 0001:00000fa0       ?find@bncs_string@@QBEHDH_N@Z 10001fa0 f   bncs_string.obj
 0001:00001030       ?rfind@bncs_string@@QBEHDH_N@Z 10002030 f   bncs_string.obj
 0001:000010b0       ?find@bncs_string@@QBEHABV1@H_N@Z 100020b0 f   bncs_string.obj
 0001:000011f0       ?contains@bncs_string@@QBEHD_N@Z 100021f0 f   bncs_string.obj
 0001:00001270       ?startsWith@bncs_string@@QBE_NABV1@@Z 10002270 f   bncs_string.obj
 0001:000012c0       ?endsWith@bncs_string@@QBE_NABV1@@Z 100022c0 f   bncs_string.obj
 0001:00001330       ?left@bncs_string@@QBE?AV1@I@Z 10002330 f   bncs_string.obj
 0001:000013f0       ?right@bncs_string@@QBE?AV1@I@Z 100023f0 f   bncs_string.obj
 0001:000014a0       ?mid@bncs_string@@QBE?AV1@II@Z 100024a0 f   bncs_string.obj
 0001:00001570       ?lower@bncs_string@@QBE?AV1@XZ 10002570 f   bncs_string.obj
 0001:00001600       ?upper@bncs_string@@QBE?AV1@XZ 10002600 f   bncs_string.obj
 0001:00001690       ?stripWhiteSpace@bncs_string@@QBE?AV1@XZ 10002690 f   bncs_string.obj
 0001:00001770       ?iswhitespace@bncs_string@@ABE_ND@Z 10002770 f   bncs_string.obj
 0001:00001790       ?simplifyWhiteSpace@bncs_string@@QBE?AV1@XZ 10002790 f   bncs_string.obj
 0001:000018a0       ?arg@bncs_string@@QBE?AV1@ABV1@@Z 100028a0 f   bncs_string.obj
 0001:00001940       ?arg@bncs_string@@QBE?AV1@PBD@Z 10002940 f   bncs_string.obj
 0001:00001a00       ?arg@bncs_string@@QBE?AV1@HDIH@Z 10002a00 f   bncs_string.obj
 0001:00001ad0       ?arg@bncs_string@@QBE?AV1@J@Z 10002ad0 f   bncs_string.obj
 0001:00001b90       ?decrementPlaceholders@bncs_string@@AAEAAV1@XZ 10002b90 f   bncs_string.obj
 0001:00001bd0       ?replace@bncs_string@@QAEAAV1@ABV1@0@Z 10002bd0 f   bncs_string.obj
 0001:00001c20       ?replace@bncs_string@@QAEAAV1@DD@Z 10002c20 f   bncs_string.obj
 0001:00001c60       ?remove@bncs_string@@QAEAAV1@II@Z 10002c60 f   bncs_string.obj
 0001:00001cb0       ?insert@bncs_string@@QAEAAV1@IABV1@@Z 10002cb0 f   bncs_string.obj
 0001:00001dd0       ?cleanup@bncs_string@@QAEAAV1@_N@Z 10002dd0 f   bncs_string.obj
 0001:00001e40       ?split@bncs_string@@QBEHDAAV1@0@Z 10002e40 f   bncs_string.obj
 0001:00001ea0       ??M@YA_NABVbncs_string@@0@Z 10002ea0 f   bncs_string.obj
 0001:00001f00       ?justifyLeft@bncs_string@@QBE?AV1@HD@Z 10002f00 f   bncs_string.obj
 0001:00001fa0       ?justifyRight@bncs_string@@QBE?AV1@HD@Z 10002fa0 f   bncs_string.obj
 0001:00002050       ??9@YA_NABVbncs_string@@PBD@Z 10003050 f   bncs_string.obj
 0001:000020d0       ??9@YA_NPBDABVbncs_string@@@Z 100030d0 f   bncs_string.obj
 0001:00002150       ??6@YAAAV?$basic_ostream@DU?$char_traits@D@std@@@std@@AAV01@ABVbncs_string@@@Z 10003150 f   bncs_string.obj
 0001:00002170       ??4bncs_stringlistIterator@@QAEAAV0@ABV0@@Z 10003170 f i bncs_stringlist.obj
 0001:00002190       ??_Fbncs_stringlistIterator@@QAEXXZ 10003190 f i bncs_stringlist.obj
 0001:000021f0       ??0bncs_stringlistIterator@@QAE@PBVbncs_stringlist@@_N@Z 100031f0 f   bncs_stringlist.obj
 0001:00002230       ??Dbncs_stringlistIterator@@QBEAAVbncs_string@@XZ 10003230 f   bncs_stringlist.obj
 0001:00002230       ??Cbncs_stringlistIterator@@QBEPAVbncs_string@@XZ 10003230 f   bncs_stringlist.obj
 0001:00002280       ??8bncs_stringlistIterator@@QBE_NABV0@@Z 10003280 f   bncs_stringlist.obj
 0001:000022c0       ??9bncs_stringlistIterator@@QBE_NABV0@@Z 100032c0 f   bncs_stringlist.obj
 0001:00002300       ??Ebncs_stringlistIterator@@QAE?AV0@XZ 10003300 f   bncs_stringlist.obj
 0001:00002360       ??Ebncs_stringlistIterator@@QAE?BV0@H@Z 10003360 f   bncs_stringlist.obj
 0001:000023d0       ??Fbncs_stringlistIterator@@QAE?AV0@XZ 100033d0 f   bncs_stringlist.obj
 0001:00002420       ??0bncs_stringlist@@QAE@XZ 10003420 f   bncs_stringlist.obj
 0001:00002490       ??_Ebncs_stringlist@@UAEPAXI@Z 10003490 f i bncs_stringlist.obj
 0001:000024f0       ??1bncs_stringlist@@UAE@XZ 100034f0 f   bncs_stringlist.obj
 0001:00002580       ??0bncs_stringlist@@QAE@ABV0@@Z 10003580 f   bncs_stringlist.obj
 0001:000027d0       ??4bncs_stringlist@@QAEAAV0@ABV0@@Z 100037d0 f   bncs_stringlist.obj
 0001:000029e0       ??0bncs_stringlist@@QAE@ABVbncs_string@@D@Z 100039e0 f   bncs_stringlist.obj
 0001:00002a60       ?fromString@bncs_stringlist@@QAEAAV1@ABVbncs_string@@D@Z 10003a60 f   bncs_stringlist.obj
 0001:00002d20       ??Abncs_stringlist@@QAEAAVbncs_string@@H@Z 10003d20 f   bncs_stringlist.obj
 0001:00002da0       ?count@bncs_stringlist@@QBEHXZ 10003da0 f   bncs_stringlist.obj
 0001:00002dd0       ?toString@bncs_stringlist@@QAE?AVbncs_string@@D@Z 10003dd0 f   bncs_stringlist.obj
 0001:00002ec0       ?append@bncs_stringlist@@QAEAAV1@ABVbncs_string@@@Z 10003ec0 f   bncs_stringlist.obj
 0001:000030a0       ?prepend@bncs_stringlist@@QAEAAV1@ABVbncs_string@@@Z 100040a0 f   bncs_stringlist.obj
 0001:00003280       ?deleteItem@bncs_stringlist@@QAEAAV1@H@Z 10004280 f   bncs_stringlist.obj
 0001:00003310       ??Ybncs_stringlist@@QAEAAV0@ABVbncs_string@@@Z 10004310 f   bncs_stringlist.obj
 0001:00003310       ??Hbncs_stringlist@@QAEAAV0@ABVbncs_string@@@Z 10004310 f   bncs_stringlist.obj
 0001:00003310       ??6bncs_stringlist@@QAEAAV0@ABVbncs_string@@@Z 10004310 f   bncs_stringlist.obj
 0001:00003330       ??Hbncs_stringlist@@QAEAAV0@ABV0@@Z 10004330 f   bncs_stringlist.obj
 0001:00003330       ??Ybncs_stringlist@@QAEAAV0@ABV0@@Z 10004330 f   bncs_stringlist.obj
 0001:00003370       ??4bncs_stringlist@@QAEAAV0@ABVbncs_string@@@Z 10004370 f   bncs_stringlist.obj
 0001:00003390       ?begin@bncs_stringlist@@QAE?BVbncs_stringlistIterator@@XZ 10004390 f   bncs_stringlist.obj
 0001:00003390       ?begin@bncs_stringlist@@QBE?BVbncs_stringlistIterator@@XZ 10004390 f   bncs_stringlist.obj
 0001:000033b0       ?end@bncs_stringlist@@QBE?BVbncs_stringlistIterator@@XZ 100043b0 f   bncs_stringlist.obj
 0001:000033b0       ?end@bncs_stringlist@@QAE?BVbncs_stringlistIterator@@XZ 100043b0 f   bncs_stringlist.obj
 0001:000033d0       ?replaceItem@bncs_stringlist@@QAEAAV1@ABVbncs_string@@H@Z 100043d0 f   bncs_stringlist.obj
 0001:00003410       ?sort@bncs_stringlist@@QBE?AV1@_N@Z 10004410 f   bncs_stringlist.obj
 0001:00003720       ?valueCount@bncs_stringlist@@QAEHABVbncs_string@@_N@Z 10004720 f   bncs_stringlist.obj
 0001:00003820       ?find@bncs_stringlist@@QAEHABVbncs_string@@_N@Z 10004820 f   bncs_stringlist.obj
 0001:00003940       ??Bbncs_stringlist@@QAEPBDXZ 10004940 f   bncs_stringlist.obj
 0001:000039b0       ?getNamedParam@bncs_stringlist@@QAE?AVbncs_string@@ABV2@@Z 100049b0 f   bncs_stringlist.obj
 0001:00003a90       ?clear@bncs_stringlist@@QAEXXZ 10004a90 f   bncs_stringlist.obj
 0001:00003ae0       ?setCount@bncs_stringlist@@QAEXHABVbncs_string@@@Z 10004ae0 f   bncs_stringlist.obj
 0001:00003d70       ?size@?$vector@Vbncs_string@@V?$allocator@Vbncs_string@@@std@@@std@@QBEIXZ 10004d70 f i bncs_stringlist.obj
 0001:00003d90       ??1?$list@Vbncs_string@@V?$allocator@Vbncs_string@@@std@@@std@@QAE@XZ 10004d90 f i bncs_stringlist.obj
 0001:00003df0       ?begin@?$list@Vbncs_string@@V?$allocator@Vbncs_string@@@std@@@std@@QAE?AViterator@12@XZ 10004df0 f i bncs_stringlist.obj
 0001:00003e00       ??_F?$list@Vbncs_string@@V?$allocator@Vbncs_string@@@std@@@std@@QAEXXZ 10004e00 f i bncs_stringlist.obj
 0001:00003e30       ?insert@?$vector@Vbncs_string@@V?$allocator@Vbncs_string@@@std@@@std@@QAEXPAVbncs_string@@IABV3@@Z 10004e30 f i bncs_stringlist.obj
 0001:00004110       ?_Destroy@?$vector@Vbncs_string@@V?$allocator@Vbncs_string@@@std@@@std@@IAEXPAVbncs_string@@0@Z 10005110 f i bncs_stringlist.obj
 0001:00004140       ?insert@?$list@Vbncs_string@@V?$allocator@Vbncs_string@@@std@@@std@@QAE?AViterator@12@V312@ABVbncs_string@@@Z 10005140 f i bncs_stringlist.obj
 0001:000041a0       ?swap@?$list@Vbncs_string@@V?$allocator@Vbncs_string@@@std@@@std@@QAEXAAV12@@Z 100051a0 f i bncs_stringlist.obj
 0001:000041d0       ?splice@?$list@Vbncs_string@@V?$allocator@Vbncs_string@@@std@@@std@@QAEXViterator@12@AAV12@0@Z 100051d0 f i bncs_stringlist.obj
 0001:00004230       ?merge@?$list@Vbncs_string@@V?$allocator@Vbncs_string@@@std@@@std@@QAEXAAV12@@Z 10005230 f i bncs_stringlist.obj
 0001:00004310       ?_Buynode@?$list@Vbncs_string@@V?$allocator@Vbncs_string@@@std@@@std@@IAEPAU_Node@12@PAU312@0@Z 10005310 f i bncs_stringlist.obj
 0001:00004340       ?_Splice@?$list@Vbncs_string@@V?$allocator@Vbncs_string@@@std@@@std@@IAEXViterator@12@AAV12@00@Z 10005340 f i bncs_stringlist.obj
 0001:00004380       ?_Ucopy@?$vector@Vbncs_string@@V?$allocator@Vbncs_string@@@std@@@std@@IAEPAVbncs_string@@PBV3@0PAV3@@Z 10005380 f i bncs_stringlist.obj
 0001:000043c0       ?_Ufill@?$vector@Vbncs_string@@V?$allocator@Vbncs_string@@@std@@@std@@IAEXPAVbncs_string@@IABV3@@Z 100053c0 f i bncs_stringlist.obj
 0001:000043f0       ?erase@?$list@Vbncs_string@@V?$allocator@Vbncs_string@@@std@@@std@@QAE?AViterator@12@V312@@Z 100053f0 f i bncs_stringlist.obj
 0001:00004430       ??Eiterator@?$list@Vbncs_string@@V?$allocator@Vbncs_string@@@std@@@std@@QAE?AV012@H@Z 10005430 f i bncs_stringlist.obj
 0001:00004440       ?fill@std@@YAXPAVbncs_string@@0ABV2@@Z 10005440 f i bncs_stringlist.obj
 0001:00004470       ?copy_backward@std@@YAPAVbncs_string@@PAV2@00@Z 10005470 f i bncs_stringlist.obj
 0001:000044b0       ?_Construct@std@@YAXPAVbncs_string@@ABV2@@Z 100054b0 f i bncs_stringlist.obj
 0001:00004500       ??3@YAXPAX0@Z              10005500 f i bncs_stringlist.obj
 0001:00004510       ??3@YAXPAX@Z               10005510 f   msvcprt:delop_s.obj
 0001:0000451c       ??2@YAPAXI@Z               1000551c f   MSVCRT:MSVCRT.dll
 0001:00004522       ??_M@YGXPAXIHP6EX0@Z@Z     10005522 f   MSVCRT:ehvecdtr.obj
 0001:000045a2       ?__ArrayUnwind@@YGXPAXIHP6EX0@Z@Z 100055a2 f   MSVCRT:ehvecdtr.obj
 0001:00004620       ___CxxFrameHandler         10005620 f   MSVCRT:MSVCRT.dll
 0001:00004626       __onexit                   10005626 f   MSVCRT:atonexit.obj
 0001:00004652       _atexit                    10005652 f   MSVCRT:atonexit.obj
 0001:00004664       ??_L@YGXPAXIHP6EX0@Z1@Z    10005664 f   MSVCRT:ehvecctr.obj
 0001:000046e6       __CRT_INIT@12              100056e6 f   MSVCRT:crtdll.obj
 0001:00004791       __DllMainCRTStartup@12     10005791 f   MSVCRT:crtdll.obj
 0001:0000482e       _free                      1000582e f   MSVCRT:MSVCRT.dll
 0001:00004834       __except_handler3          10005834 f   MSVCRT:MSVCRT.dll
 0001:0000483a       ?terminate@@YAXXZ          1000583a f   MSVCRT:MSVCRT.dll
 0001:00004840       ___dllonexit               10005840 f   MSVCRT:MSVCRT.dll
 0001:00004846       __initterm                 10005846 f   MSVCRT:MSVCRT.dll
 0001:0000484c       _DllMain@12                1000584c f   MSVCRT:dllmain.obj
 0002:00000000       __imp__DisableThreadLibraryCalls@4 10006000     kernel32:KERNEL32.dll
 0002:00000004       \177KERNEL32_NULL_THUNK_DATA 10006004     kernel32:KERNEL32.dll
 0002:00000008       __imp_??6std@@YAAAV?$basic_ostream@DU?$char_traits@D@std@@@0@AAV10@PBD@Z 10006008     msvcprt:MSVCP60.dll
 0002:0000000c       __imp_?_Grow@?$basic_string@DU?$char_traits@D@std@@V?$allocator@D@2@@std@@AAE_NI_N@Z 1000600c     msvcprt:MSVCP60.dll
 0002:00000010       __imp_?_C@?1??_Nullstr@?$basic_string@DU?$char_traits@D@std@@V?$allocator@D@2@@std@@CAPBDXZ@4DB 10006010     msvcprt:MSVCP60.dll
 0002:00000014       \177MSVCP60_NULL_THUNK_DATA 10006014     msvcprt:MSVCP60.dll
 0002:00000018       __imp____CxxFrameHandler   10006018     MSVCRT:MSVCRT.dll
 0002:0000001c       __imp__printf              1000601c     MSVCRT:MSVCRT.dll
 0002:00000020       __imp__atoi                10006020     MSVCRT:MSVCRT.dll
 0002:00000024       __imp__isdigit             10006024     MSVCRT:MSVCRT.dll
 0002:00000028       __imp__atol                10006028     MSVCRT:MSVCRT.dll
 0002:0000002c       __imp__strtoul             1000602c     MSVCRT:MSVCRT.dll
 0002:00000030       __imp__strtod              10006030     MSVCRT:MSVCRT.dll
 0002:00000034       __imp___gcvt               10006034     MSVCRT:MSVCRT.dll
 0002:00000038       __imp__strncmp             10006038     MSVCRT:MSVCRT.dll
 0002:0000003c       __imp__tolower             1000603c     MSVCRT:MSVCRT.dll
 0002:00000040       __imp__free                10006040     MSVCRT:MSVCRT.dll
 0002:00000044       __imp___except_handler3    10006044     MSVCRT:MSVCRT.dll
 0002:00000048       __imp_?terminate@@YAXXZ    10006048     MSVCRT:MSVCRT.dll
 0002:0000004c       __imp____dllonexit         1000604c     MSVCRT:MSVCRT.dll
 0002:00000050       __imp___onexit             10006050     MSVCRT:MSVCRT.dll
 0002:00000054       __imp___initterm           10006054     MSVCRT:MSVCRT.dll
 0002:00000058       __imp__malloc              10006058     MSVCRT:MSVCRT.dll
 0002:0000005c       __imp___adjust_fdiv        1000605c     MSVCRT:MSVCRT.dll
 0002:00000060       __imp_??2@YAPAXI@Z         10006060     MSVCRT:MSVCRT.dll
 0002:00000064       __imp__toupper             10006064     MSVCRT:MSVCRT.dll
 0002:00000068       __imp__itoa                10006068     MSVCRT:MSVCRT.dll
 0002:00000068       __imp___itoa               10006068     MSVCRT:MSVCRT.dll
 0002:0000006c       \177MSVCRT_NULL_THUNK_DATA 1000606c     MSVCRT:MSVCRT.dll
 0002:00000070       ??_7bncs_string@@6B@       10006070     bncs_string.obj
 0002:00000078       __real@8@00000000000000000000 10006078     bncs_string.obj
 0002:00000080       ??_7bncs_stringlist@@6B@   10006080     bncs_stringlist.obj
 0002:00000650       __IMPORT_DESCRIPTOR_MSVCP60 10006650     msvcprt:MSVCP60.dll
 0002:00000664       __IMPORT_DESCRIPTOR_MSVCRT 10006664     MSVCRT:MSVCRT.dll
 0002:00000678       __IMPORT_DESCRIPTOR_KERNEL32 10006678     kernel32:KERNEL32.dll
 0002:0000068c       __NULL_IMPORT_DESCRIPTOR   1000668c     msvcprt:MSVCP60.dll
 0003:00000000       ___xc_a                    10008000     MSVCRT:cinitexe.obj
 0003:00000008       ___xc_z                    10008008     MSVCRT:cinitexe.obj
 0003:0000000c       ___xi_a                    1000800c     MSVCRT:cinitexe.obj
 0003:00000010       ___xi_z                    10008010     MSVCRT:cinitexe.obj
 0003:00000020       ??_C@_03HHKO@?$CFs?6?$AA@  10008020     bncs_string.obj
 0003:00000024       ??_C@_02MIFF@?$CF1?$AA@    10008024     bncs_string.obj
 0003:00000034       ??_C@_00A@?$AA@            10008034     bncs_string.obj
 0003:00000048       ?m_safeReturn@bncs_stringlistIterator@@0Vbncs_string@@A 10008048     bncs_stringlist.obj
 0003:0000005c       __adjust_fdiv              1000805c     <common>
 0003:00000060       __pRawDllMain              10008060     <common>
 0003:00000064       ___onexitend               10008064     <common>
 0003:00000068       ___onexitbegin             10008068     <common>

 entry point at        0001:00004791

 Static symbols

 0001:000021a0       _$E27                      100031a0 f   bncs_stringlist.obj
 0001:000021b0       _$E23                      100031b0 f   bncs_stringlist.obj
 0001:000021c0       _$E26                      100031c0 f   bncs_stringlist.obj
 0001:000021d0       _$E24                      100031d0 f   bncs_stringlist.obj
 0001:00002d90       _$E30                      10003d90 f   bncs_stringlist.obj
 0001:00004600       ?ArrayUnwindFilter@@YAHPAU_EXCEPTION_POINTERS@@@Z 10005600 f   MSVCRT:ehvecdtr.obj

 304 bytes saved through ICF

