 bncs_configdb

 Timestamp is 5e9db7cb (Mon Apr 20 15:55:07 2020)

 Preferred load address is 10000000

 Start         Length     Name                   Class
 0001:00000000 00032053H .textbss                DATA
 0002:00000000 00005304H .text$di                CODE
 0002:00005310 00058f0dH .text$mn                CODE
 0002:0005e220 0000bb88H .text$x                 CODE
 0002:00069db0 00001a34H .text$yd                CODE
 0003:00000000 00000104H .CRT$XCA                DATA
 0003:00000104 000001a9H .CRT$XCU                DATA
 0003:000002b0 00000104H .CRT$XCZ                DATA
 0003:000003b4 00000104H .CRT$XIA                DATA
 0003:000004b8 00000104H .CRT$XIAA               DATA
 0003:000005bc 00000104H .CRT$XIC                DATA
 0003:000006c0 00000104H .CRT$XIZ                DATA
 0003:000007d0 00003361H .rdata                  DATA
 0003:00003b34 00000173H .rdata$debug            DATA
 0003:00003ca8 00001178H .rdata$r                DATA
 0003:00004e20 00000104H .rtc$IAA                DATA
 0003:00004f24 00000143H .rtc$IMZ                DATA
 0003:00005068 00000104H .rtc$IZZ                DATA
 0003:0000516c 00000104H .rtc$TAA                DATA
 0003:00005270 00000143H .rtc$TMZ                DATA
 0003:000053b4 00000104H .rtc$TZZ                DATA
 0003:000054b8 00006eb3H .xdata$x                DATA
 0003:0000c370 0000b1ccH .edata                  DATA
 0004:00000000 000008e2H .data                   DATA
 0004:000008e8 00000c41H .data$r                 DATA
 0004:00001530 00000574H .bss                    DATA
 0005:00000000 00000604H .idata$5                DATA
 0005:00000604 00000078H .idata$2                DATA
 0005:0000067c 00000014H .idata$3                DATA
 0005:00000690 00000604H .idata$4                DATA
 0005:00000c94 00002737H .idata$6                DATA
 0006:00000000 00000216H .rsrc$01                DATA
 0006:00000220 0000086cH .rsrc$02                DATA

  Address         Publics by Value              Rva+Base       Lib:Object

 0000:00000000       ___safe_se_handler_table   00000000     <absolute>
 0000:00000000       ___guard_fids_table        00000000     <absolute>
 0000:00000000       ___safe_se_handler_count   00000000     <absolute>
 0000:00000000       ___guard_fids_count        00000000     <absolute>
 0000:00000000       __except_list              00000000     <absolute>
 0000:00000000       ___guard_flags             00000000     <absolute>
 0000:00009876       __fltused                  00009876     <absolute>
 0000:00009876       __ldused                   00009876     <absolute>
 0000:00000000       ___ImageBase               10000000     <linker-defined>
 0001:00000000       __enc$textbss$begin        10001000     <linker-defined>
 0001:00032053       __enc$textbss$end          10033053     <linker-defined>
 0002:00005310       ??0applicationsAccessor@@QAE@XZ 10039310 f   applicationsAccessor.obj
 0002:00005550       ??1applicationsAccessor@@UAE@XZ 10039550 f   applicationsAccessor.obj
 0002:00005650       ?setAttribute@applicationsAccessor@@AAE_NABVQString@@00@Z 10039650 f   applicationsAccessor.obj
 0002:00005980       ?attribute@applicationsAccessor@@AAE?AVQString@@ABV2@0@Z 10039980 f   applicationsAccessor.obj
 0002:00005de0       ?setDirty@applicationsAccessor@@AAEXXZ 10039de0 f   applicationsAccessor.obj
 0002:00005f40       ?lock@applicationsAccessor@@QAEXXZ 10039f40 f   applicationsAccessor.obj
 0002:00005f90       ?unlock@applicationsAccessor@@QAEXXZ 10039f90 f   applicationsAccessor.obj
 0002:00005fe0       ?version@applicationsAccessor@@QAENXZ 10039fe0 f   applicationsAccessor.obj
 0002:00006170       ?setVersion@applicationsAccessor@@QAEXN@Z 1003a170 f   applicationsAccessor.obj
 0002:00006340       ?type@applicationsAccessor@@QAE?AVQString@@ABV2@@Z 1003a340 f   applicationsAccessor.obj
 0002:00006410       ?caption@applicationsAccessor@@QAE?AVQString@@ABV2@@Z 1003a410 f   applicationsAccessor.obj
 0002:000064e0       ?title@applicationsAccessor@@QAE?AVQString@@ABV2@@Z 1003a4e0 f   applicationsAccessor.obj
 0002:000065b0       ?icon@applicationsAccessor@@QAE?AVQString@@ABV2@@Z 1003a5b0 f   applicationsAccessor.obj
 0002:00006680       ?setCaption@applicationsAccessor@@QAE_NABVQString@@0@Z 1003a680 f   applicationsAccessor.obj
 0002:00006760       ?setTitle@applicationsAccessor@@QAE_NABVQString@@0@Z 1003a760 f   applicationsAccessor.obj
 0002:00006840       ?setType@applicationsAccessor@@QAE_NABVQString@@0@Z 1003a840 f   applicationsAccessor.obj
 0002:00006920       ?setIcon@applicationsAccessor@@QAE_NABVQString@@0@Z 1003a920 f   applicationsAccessor.obj
 0002:00006a00       ?addItem@applicationsAccessor@@QAE_NABVQString@@0000@Z 1003aa00 f   applicationsAccessor.obj
 0002:00006d70       ?deleteItem@applicationsAccessor@@QAE_NABVQString@@@Z 1003ad70 f   applicationsAccessor.obj
 0002:000070c0       ?item@applicationsAccessor@@QAE_NABVQString@@AAV2@111@Z 1003b0c0 f   applicationsAccessor.obj
 0002:00007670       ?nextItem@applicationsAccessor@@QAE_NAAVQString@@0000@Z 1003b670 f   applicationsAccessor.obj
 0002:00007b30       ?rename@applicationsAccessor@@QAE_NABVQString@@V2@@Z 1003bb30 f   applicationsAccessor.obj
 0002:00007bf0       ?setCurrent@applicationsAccessor@@QAE_NABVQString@@@Z 1003bbf0 f   applicationsAccessor.obj
 0002:00007eb0       ?setFirst@applicationsAccessor@@QAE_NXZ 1003beb0 f   applicationsAccessor.obj
 0002:00007ff0       ?exists@applicationsAccessor@@QAE_NABVQString@@@Z 1003bff0 f   applicationsAccessor.obj
 0002:00008300       ?isDirty@applicationsAccessor@@QAE_NXZ 1003c300 f   applicationsAccessor.obj
 0002:000083c0       ?setUndo@applicationsAccessor@@QAEX_N@Z 1003c3c0 f   applicationsAccessor.obj
 0002:00009030       ??$_Allocate@D@std@@YAPADIPAD@Z 1003d030 f i applicationsAccessor.obj
 0002:000090c0       ??$_Allocate@U_Container_proxy@std@@@std@@YAPAU_Container_proxy@0@IPAU10@@Z 1003d0c0 f i applicationsAccessor.obj
 0002:00009160       ??$_Debug_pointer@D@std@@YAXPBDPB_WI@Z 1003d160 f i applicationsAccessor.obj
 0002:000091d0       ??$addressof@D@std@@YAPADAAD@Z 1003d1d0 f i applicationsAccessor.obj
 0002:00009210       ??$construct@PADAAPAD@?$_Wrap_alloc@V?$allocator@D@std@@@std@@QAEXPAPADAAPAD@Z 1003d210 f i applicationsAccessor.obj
 0002:00009280       ??$construct@PADAAPAD@?$allocator@D@std@@QAEXPAPADAAPAD@Z 1003d280 f i applicationsAccessor.obj
 0002:00009380       ??$construct@PADAAPAD@?$allocator_traits@V?$allocator@D@std@@@std@@SAXAAV?$allocator@D@1@PAPADAAPAD@Z 1003d380 f i applicationsAccessor.obj
 0002:000093e0       ??$construct@U_Container_proxy@std@@U12@@?$allocator@U_Container_proxy@std@@@std@@QAEXPAU_Container_proxy@1@$$QAU21@@Z 1003d3e0 f i applicationsAccessor.obj
 0002:000094f0       ??$destroy@PAD@?$_Wrap_alloc@V?$allocator@D@std@@@std@@QAEXPAPAD@Z 1003d4f0 f i applicationsAccessor.obj
 0002:00009550       ??$destroy@PAD@?$allocator@D@std@@QAEXPAPAD@Z 1003d550 f i applicationsAccessor.obj
 0002:00009590       ??$destroy@PAD@?$allocator_traits@V?$allocator@D@std@@@std@@SAXAAV?$allocator@D@1@PAPAD@Z 1003d590 f i applicationsAccessor.obj
 0002:000095e0       ??$destroy@U_Container_proxy@std@@@?$allocator@U_Container_proxy@std@@@std@@QAEXPAU_Container_proxy@1@@Z 1003d5e0 f i applicationsAccessor.obj
 0002:00009620       ??$forward@AAPAD@std@@YAAAPADAAPAD@Z 1003d620 f i applicationsAccessor.obj
 0002:00009660       ??$forward@U_Container_proxy@std@@@std@@YA$$QAU_Container_proxy@0@AAU10@@Z 1003d660 f i applicationsAccessor.obj
 0002:000096a0       ??0?$_String_alloc@$0A@U?$_String_base_types@DV?$allocator@D@std@@@std@@@std@@QAE@ABV?$allocator@D@1@@Z 1003d6a0 f i applicationsAccessor.obj
 0002:00009750       ??0?$_String_val@U?$_Simple_types@D@std@@@std@@QAE@XZ 1003d750 f i applicationsAccessor.obj
 0002:000097d0       ??0?$_Wrap_alloc@V?$allocator@D@std@@@std@@QAE@XZ 1003d7d0 f i applicationsAccessor.obj
 0002:00009830       ??0?$allocator@D@std@@QAE@XZ 1003d830 f i applicationsAccessor.obj
 0002:00009870       ??0?$allocator@U_Container_proxy@std@@@std@@QAE@XZ 1003d870 f i applicationsAccessor.obj
 0002:000098b0       ??0?$basic_string@DU?$char_traits@D@std@@V?$allocator@D@2@@std@@QAE@PBD@Z 1003d8b0 f i applicationsAccessor.obj
 0002:00009980       ??0_Container_proxy@std@@QAE@XZ 1003d980 f i applicationsAccessor.obj
 0002:000099d0       ??0_Generic_error_category@std@@QAE@XZ 1003d9d0 f i applicationsAccessor.obj
 0002:00009a30       ??0_Iostream_error_category@std@@QAE@XZ 1003da30 f i applicationsAccessor.obj
 0002:00009a90       ??0_System_error_category@std@@QAE@XZ 1003da90 f i applicationsAccessor.obj
 0002:00009af0       ??0applicationsAccessor@@QAE@ABV0@@Z 1003daf0 f i applicationsAccessor.obj
 0002:00009bc0       ??0error_category@std@@QAE@XZ 1003dbc0 f i applicationsAccessor.obj
 0002:00009c10       ??0error_condition@std@@QAE@HABVerror_category@1@@Z 1003dc10 f i applicationsAccessor.obj
 0002:00009c60       ??1?$_String_alloc@$0A@U?$_String_base_types@DV?$allocator@D@std@@@std@@@std@@QAE@XZ 1003dc60 f i applicationsAccessor.obj
 0002:00009cc0       ??1?$_String_val@U?$_Simple_types@D@std@@@std@@QAE@XZ 1003dcc0 f i applicationsAccessor.obj
 0002:00009d20       ??1_Generic_error_category@std@@UAE@XZ 1003dd20 f i applicationsAccessor.obj
 0002:00009d70       ??1_Iostream_error_category@std@@UAE@XZ 1003dd70 f i applicationsAccessor.obj
 0002:00009dc0       ??1_System_error_category@std@@UAE@XZ 1003ddc0 f i applicationsAccessor.obj
 0002:00009e10       ??1error_category@std@@UAE@XZ 1003de10 f i applicationsAccessor.obj
 0002:00009e50       ??2@YAPAXIPAX@Z            1003de50 f i applicationsAccessor.obj
 0002:00009e90       ??3@YAXPAX0@Z              1003de90 f i applicationsAccessor.obj
 0002:00009ec0       ??4applicationsAccessor@@QAEAAV0@ABV0@@Z 1003dec0 f i applicationsAccessor.obj
 0002:00009f80       ??8error_category@std@@QBE_NABV01@@Z 1003df80 f i applicationsAccessor.obj
 0002:00009ff0       ??8error_condition@std@@QBE_NABV01@@Z 1003dff0 f i applicationsAccessor.obj
 0002:0000a0a0       ??_EapplicationsAccessor@@UAEPAXI@Z 1003e0a0 f i applicationsAccessor.obj
 0002:0000a160       ??_GQDomNode@@UAEPAXI@Z    1003e160 f i applicationsAccessor.obj
 0002:0000a160       ??_EQDomNode@@UAEPAXI@Z    1003e160 f i applicationsAccessor.obj
 0002:0000a1e0       ??_G_Generic_error_category@std@@UAEPAXI@Z 1003e1e0 f i applicationsAccessor.obj
 0002:0000a1e0       ??_E_Generic_error_category@std@@UAEPAXI@Z 1003e1e0 f i applicationsAccessor.obj
 0002:0000a250       ??_G_Iostream_error_category@std@@UAEPAXI@Z 1003e250 f i applicationsAccessor.obj
 0002:0000a250       ??_E_Iostream_error_category@std@@UAEPAXI@Z 1003e250 f i applicationsAccessor.obj
 0002:0000a2c0       ??_G_System_error_category@std@@UAEPAXI@Z 1003e2c0 f i applicationsAccessor.obj
 0002:0000a2c0       ??_E_System_error_category@std@@UAEPAXI@Z 1003e2c0 f i applicationsAccessor.obj
 0002:0000a330       ??_GapplicationsAccessor@@UAEPAXI@Z 1003e330 f i applicationsAccessor.obj
 0002:0000a3a0       ??_Gerror_category@std@@UAEPAXI@Z 1003e3a0 f i applicationsAccessor.obj
 0002:0000a3a0       ??_Eerror_category@std@@UAEPAXI@Z 1003e3a0 f i applicationsAccessor.obj
 0002:0000a410       ?_Alloc_proxy@?$_String_alloc@$0A@U?$_String_base_types@DV?$allocator@D@std@@@std@@@std@@QAEXXZ 1003e410 f i applicationsAccessor.obj
 0002:0000a4e0       ?_Copy@?$basic_string@DU?$char_traits@D@std@@V?$allocator@D@2@@std@@QAEXII@Z 1003e4e0 f i applicationsAccessor.obj
 0002:0000a7a0       ?_Eos@?$basic_string@DU?$char_traits@D@std@@V?$allocator@D@2@@std@@QAEXI@Z 1003e7a0 f i applicationsAccessor.obj
 0002:0000a820       ?_Free_proxy@?$_String_alloc@$0A@U?$_String_base_types@DV?$allocator@D@std@@@std@@@std@@QAEXXZ 1003e820 f i applicationsAccessor.obj
 0002:0000a900       ?_Getal@?$_String_alloc@$0A@U?$_String_base_types@DV?$allocator@D@std@@@std@@@std@@QBE?AU?$_Wrap_alloc@V?$allocator@D@std@@@2@XZ 1003e900 f i applicationsAccessor.obj
 0002:0000a960       ?_Grow@?$basic_string@DU?$char_traits@D@std@@V?$allocator@D@2@@std@@QAE_NI_N@Z 1003e960 f i applicationsAccessor.obj
 0002:0000aa80       ?_Inside@?$basic_string@DU?$char_traits@D@std@@V?$allocator@D@2@@std@@QAE_NPBD@Z 1003ea80 f i applicationsAccessor.obj
 0002:0000ab00       ?_Myptr@?$_String_val@U?$_Simple_types@D@std@@@std@@QAEPADXZ 1003eb00 f i applicationsAccessor.obj
 0002:0000ab90       ?_Myptr@?$_String_val@U?$_Simple_types@D@std@@@std@@QBEPBDXZ 1003eb90 f i applicationsAccessor.obj
 0002:0000ac20       ?_Tidy@?$basic_string@DU?$char_traits@D@std@@V?$allocator@D@2@@std@@QAEX_NI@Z 1003ec20 f i applicationsAccessor.obj
 0002:0000ad30       ?_Xlen@?$basic_string@DU?$char_traits@D@std@@V?$allocator@D@2@@std@@QBEXXZ 1003ed30 f i applicationsAccessor.obj
 0002:0000ad90       ?_Xran@?$basic_string@DU?$char_traits@D@std@@V?$allocator@D@2@@std@@QBEXXZ 1003ed90 f i applicationsAccessor.obj
 0002:0000adf0       ?allocate@?$_Wrap_alloc@V?$allocator@D@std@@@std@@QAEPADI@Z 1003edf0 f i applicationsAccessor.obj
 0002:0000ae50       ?allocate@?$allocator@D@std@@QAEPADI@Z 1003ee50 f i applicationsAccessor.obj
 0002:0000aeb0       ?allocate@?$allocator@U_Container_proxy@std@@@std@@QAEPAU_Container_proxy@2@I@Z 1003eeb0 f i applicationsAccessor.obj
 0002:0000af10       ?assign@?$basic_string@DU?$char_traits@D@std@@V?$allocator@D@2@@std@@QAEAAV12@ABV12@II@Z 1003ef10 f i applicationsAccessor.obj
 0002:0000b020       ?assign@?$basic_string@DU?$char_traits@D@std@@V?$allocator@D@2@@std@@QAEAAV12@PBD@Z 1003f020 f i applicationsAccessor.obj
 0002:0000b0b0       ?assign@?$basic_string@DU?$char_traits@D@std@@V?$allocator@D@2@@std@@QAEAAV12@PBDI@Z 1003f0b0 f i applicationsAccessor.obj
 0002:0000b1b0       ?assign@?$char_traits@D@std@@SAXAADABD@Z 1003f1b0 f i applicationsAccessor.obj
 0002:0000b1f0       ?category@error_code@std@@QBEABVerror_category@2@XZ 1003f1f0 f i applicationsAccessor.obj
 0002:0000b230       ?category@error_condition@std@@QBEABVerror_category@2@XZ 1003f230 f i applicationsAccessor.obj
 0002:0000b270       ?copy@?$char_traits@D@std@@SAPADPADPBDI@Z 1003f270 f i applicationsAccessor.obj
 0002:0000b2f0       ?deallocate@?$_Wrap_alloc@V?$allocator@D@std@@@std@@QAEXPADI@Z 1003f2f0 f i applicationsAccessor.obj
 0002:0000b350       ?deallocate@?$allocator@D@std@@QAEXPADI@Z 1003f350 f i applicationsAccessor.obj
 0002:0000b3b0       ?deallocate@?$allocator@U_Container_proxy@std@@@std@@QAEXPAU_Container_proxy@2@I@Z 1003f3b0 f i applicationsAccessor.obj
 0002:0000b410       ?default_error_condition@_System_error_category@std@@UBE?AVerror_condition@2@H@Z 1003f410 f i applicationsAccessor.obj
 0002:0000b4c0       ?default_error_condition@error_category@std@@UBE?AVerror_condition@2@H@Z 1003f4c0 f i applicationsAccessor.obj
 0002:0000b520       ?equivalent@error_category@std@@UBE_NABVerror_code@2@H@Z 1003f520 f i applicationsAccessor.obj
 0002:0000b5c0       ?equivalent@error_category@std@@UBE_NHABVerror_condition@2@@Z 1003f5c0 f i applicationsAccessor.obj
 0002:0000b640       ?erase@?$basic_string@DU?$char_traits@D@std@@V?$allocator@D@2@@std@@QAEAAV12@I@Z 1003f640 f i applicationsAccessor.obj
 0002:0000b6c0       ?erase@?$basic_string@DU?$char_traits@D@std@@V?$allocator@D@2@@std@@QAEAAV12@II@Z 1003f6c0 f i applicationsAccessor.obj
 0002:0000b7a0       ?generic_category@std@@YAABVerror_category@1@XZ 1003f7a0 f i applicationsAccessor.obj
 0002:0000b7e0       ?length@?$char_traits@D@std@@SAIPBD@Z 1003f7e0 f i applicationsAccessor.obj
 0002:0000b860       ?load@applicationsAccessor@@SAPAV1@XZ 1003f860 f i applicationsAccessor.obj
 0002:0000b970       ?max_size@?$_Wrap_alloc@V?$allocator@D@std@@@std@@QBEIXZ 1003f970 f i applicationsAccessor.obj
 0002:0000b9d0       ?max_size@?$allocator@D@std@@QBEIXZ 1003f9d0 f i applicationsAccessor.obj
 0002:0000ba10       ?max_size@?$allocator_traits@V?$allocator@D@std@@@std@@SAIABV?$allocator@D@2@@Z 1003fa10 f i applicationsAccessor.obj
 0002:0000ba60       ?max_size@?$basic_string@DU?$char_traits@D@std@@V?$allocator@D@2@@std@@QBEIXZ 1003fa60 f i applicationsAccessor.obj
 0002:0000bb00       ?message@_Generic_error_category@std@@UBE?AV?$basic_string@DU?$char_traits@D@std@@V?$allocator@D@2@@2@H@Z 1003fb00 f i applicationsAccessor.obj
 0002:0000bbc0       ?message@_Iostream_error_category@std@@UBE?AV?$basic_string@DU?$char_traits@D@std@@V?$allocator@D@2@@2@H@Z 1003fbc0 f i applicationsAccessor.obj
 0002:0000bc80       ?message@_System_error_category@std@@UBE?AV?$basic_string@DU?$char_traits@D@std@@V?$allocator@D@2@@2@H@Z 1003fc80 f i applicationsAccessor.obj
 0002:0000bd40       ?metaObject@applicationsAccessor@@UBEPAVQMetaObject@@XZ 1003fd40 f i applicationsAccessor.obj
 0002:0000bd90       ?move@?$char_traits@D@std@@SAPADPADPBDI@Z 1003fd90 f i applicationsAccessor.obj
 0002:0000be20       ?name@_Generic_error_category@std@@UBEPBDXZ 1003fe20 f i applicationsAccessor.obj
 0002:0000be60       ?name@_Iostream_error_category@std@@UBEPBDXZ 1003fe60 f i applicationsAccessor.obj
 0002:0000bea0       ?name@_System_error_category@std@@UBEPBDXZ 1003fea0 f i applicationsAccessor.obj
 0002:0000bee0       ?qObject@applicationsAccessor@@QAEPAVQObject@@XZ 1003fee0 f i applicationsAccessor.obj
 0002:0000bf20       ?size@?$basic_string@DU?$char_traits@D@std@@V?$allocator@D@2@@std@@QBEIXZ 1003ff20 f i applicationsAccessor.obj
 0002:0000bf60       ?system_category@std@@YAABVerror_category@1@XZ 1003ff60 f i applicationsAccessor.obj
 0002:0000bfa0       ?unload@applicationsAccessor@@SA_NXZ 1003ffa0 f i applicationsAccessor.obj
 0002:0000c090       ?value@error_code@std@@QBEHXZ 10040090 f i applicationsAccessor.obj
 0002:0000c0d0       ?value@error_condition@std@@QBEHXZ 100400d0 f i applicationsAccessor.obj
 0002:0000c110       _hypot                     10040110 f i applicationsAccessor.obj
 0002:0000c190       ??0bncs_config@@QAE@ABVbncs_string@@@Z 10040190 f   bncs_config.obj
 0002:0000ca50       ??0bncs_config@@QAE@ABV0@@Z 10040a50 f   bncs_config.obj
 0002:0000cbf0       ??0bncs_config@@QAE@XZ     10040bf0 f   bncs_config.obj
 0002:0000cc40       ??4bncs_config@@QAEAAV0@ABV0@@Z 10040c40 f   bncs_config.obj
 0002:0000cde0       ??1bncs_config@@UAE@XZ     10040de0 f   bncs_config.obj
 0002:0000cee0       ?isValid@bncs_config@@QAE_NXZ 10040ee0 f   bncs_config.obj
 0002:0000cff0       ?isChildValid@bncs_config@@QAE_NXZ 10040ff0 f   bncs_config.obj
 0002:0000d100       ?nextChild@bncs_config@@QAE_NXZ 10041100 f   bncs_config.obj
 0002:0000d220       ?childAttr@bncs_config@@QAE?AVbncs_string@@ABV2@@Z 10041220 f   bncs_config.obj
 0002:0000d4b0       ?childTag@bncs_config@@QAE?AVbncs_string@@XZ 100414b0 f   bncs_config.obj
 0002:0000d700       ?attr@bncs_config@@QAE?AVbncs_string@@ABV2@@Z 10041700 f   bncs_config.obj
 0002:0000d990       ?tag@bncs_config@@QAE?AVbncs_string@@XZ 10041990 f   bncs_config.obj
 0002:0000dbe0       ?drillDown@bncs_config@@QAEXXZ 10041be0 f   bncs_config.obj
 0002:0000dce0       ?data@bncs_config@@QAE?AVbncs_string@@XZ 10041ce0 f   bncs_config.obj
 0002:0000df70       ?cachedDoc@bncs_config@@SAPAVQDomDocument@@ABVbncs_string@@@Z 10041f70 f   bncs_config.obj
 0002:0000e060       ?isDirty@bncs_config@@SA_NABVbncs_string@@@Z 10042060 f   bncs_config.obj
 0002:0000e150       ?changeSerial@bncs_config@@SAHABVbncs_string@@@Z 10042150 f   bncs_config.obj
 0002:0000e220       ?save@bncs_config@@SA_NXZ  10042220 f   bncs_config.obj
 0002:0000e6f0       ?incSerial@bncs_config@@SAHABVbncs_string@@@Z 100426f0 f   bncs_config.obj
 0002:0000e7e0       ?decSerial@bncs_config@@SAHABVbncs_string@@@Z 100427e0 f   bncs_config.obj
 0002:0000e8d0       ?setEnv@bncs_config@@SAXABVbncs_string@@@Z 100428d0 f   bncs_config.obj
 0002:0000e930       ?clearCache@bncs_config@@SAXXZ 10042930 f   bncs_config.obj
 0002:0000ea90       ?loadDoc@bncs_config@@CAPAVQDomDocument@@ABVbncs_string@@@Z 10042a90 f   bncs_config.obj
 0002:0000fc70       ??$?0AAV?$_Tree_iterator@V?$_Tree_val@U?$_Tree_simple_types@U?$pair@$$CBVQString@@PAVcachedData@@@std@@@std@@@std@@@std@@_NX@?$pair@V?$_Tree_iterator@V?$_Tree_val@U?$_Tree_simple_types@U?$pair@$$CBVQString@@PAVcachedData@@@std@@@std@@@std@@@std@@_N@std@@QAE@AAV?$_Tree_iterator@V?$_Tree_val@U?$_Tree_simple_types@U?$pair@$$CBVQString@@PAVcachedData@@@std@@@std@@@std@@@1@$$QA_N@Z 10043c70 f i bncs_config.obj
 0002:0000fd40       ??$?0ABVQString@@AAPAVcachedData@@X@?$pair@VQString@@PAVcachedData@@@std@@QAE@ABVQString@@AAPAVcachedData@@@Z 10043d40 f i bncs_config.obj
 0002:0000fe10       ??$?0U?$_Tree_node@U?$pair@$$CBVQString@@PAVcachedData@@@std@@PAX@std@@@?$allocator@U_Container_proxy@std@@@std@@QAE@ABV?$allocator@U?$_Tree_node@U?$pair@$$CBVQString@@PAVcachedData@@@std@@PAX@std@@@1@@Z 10043e10 f i bncs_config.obj
 0002:0000fe50       ??$?0U?$_Wrap_alloc@V?$allocator@U?$_Tree_node@U?$pair@$$CBVQString@@PAVcachedData@@@std@@PAX@std@@@std@@@std@@@?$_Wrap_alloc@V?$allocator@U_Container_proxy@std@@@std@@@std@@QAE@ABU?$_Wrap_alloc@V?$allocator@U?$_Tree_node@U?$pair@$$CBVQString@@PAVcachedData@@@std@@PAX@std@@@std@@@1@@Z 10043e50 f i bncs_config.obj
 0002:0000feb0       ??$?0V?$_Tree_iterator@V?$_Tree_val@U?$_Tree_simple_types@U?$pair@$$CBVQString@@PAVcachedData@@@std@@@std@@@std@@@std@@_NX@?$pair@V?$_Tree_iterator@V?$_Tree_val@U?$_Tree_simple_types@U?$pair@$$CBVQString@@PAVcachedData@@@std@@@std@@@std@@@std@@_N@std@@QAE@$$QAV?$_Tree_iterator@V?$_Tree_val@U?$_Tree_simple_types@U?$pair@$$CBVQString@@PAVcachedData@@@std@@@std@@@std@@@1@$$QA_N@Z 10043eb0 f i bncs_config.obj
 0002:0000ff80       ??$?0VQString@@PAVcachedData@@X@?$pair@$$CBVQString@@PAVcachedData@@@std@@QAE@$$QAU?$pair@VQString@@PAVcachedData@@@1@@Z 10043f80 f i bncs_config.obj
 0002:00010060       ??$_Allocate@U?$_Tree_node@U?$pair@$$CBVQString@@PAVcachedData@@@std@@PAX@std@@@std@@YAPAU?$_Tree_node@U?$pair@$$CBVQString@@PAVcachedData@@@std@@PAX@0@IPAU10@@Z 10044060 f i bncs_config.obj
 0002:000100f0       ??$_Buynode@U?$pair@VQString@@PAVcachedData@@@std@@@?$_Tree_buy@U?$pair@$$CBVQString@@PAVcachedData@@@std@@V?$allocator@U?$pair@$$CBVQString@@PAVcachedData@@@std@@@2@@std@@QAEPAU?$_Tree_node@U?$pair@$$CBVQString@@PAVcachedData@@@std@@PAX@1@$$QAU?$pair@VQString@@PAVcachedData@@@1@@Z 100440f0 f i bncs_config.obj
 0002:00010260       ??$_Buynode_if_nil@AAU?$pair@$$CBVQString@@PAVcachedData@@@std@@@?$_Tree@V?$_Tmap_traits@VQString@@PAVcachedData@@U?$less@VQString@@@std@@V?$allocator@U?$pair@$$CBVQString@@PAVcachedData@@@std@@@4@$0A@@std@@@std@@IAEPAU?$_Tree_node@U?$pair@$$CBVQString@@PAVcachedData@@@std@@PAX@1@PAU21@AAU?$pair@$$CBVQString@@PAVcachedData@@@1@@Z 10044260 f i bncs_config.obj
 0002:000102a0       ??$_Debug_lt_pred@U?$less@VQString@@@std@@ABVQString@@ABV3@@std@@YA_NU?$less@VQString@@@0@ABVQString@@1PB_WI@Z 100442a0 f i bncs_config.obj
 0002:00010380       ??$_Insert_at@AAU?$pair@$$CBVQString@@PAVcachedData@@@std@@PAU?$_Tree_node@U?$pair@$$CBVQString@@PAVcachedData@@@std@@PAX@2@@?$_Tree@V?$_Tmap_traits@VQString@@PAVcachedData@@U?$less@VQString@@@std@@V?$allocator@U?$pair@$$CBVQString@@PAVcachedData@@@std@@@4@$0A@@std@@@std@@IAE?AV?$_Tree_iterator@V?$_Tree_val@U?$_Tree_simple_types@U?$pair@$$CBVQString@@PAVcachedData@@@std@@@std@@@std@@@1@_NPAU?$_Tree_node@U?$pair@$$CBVQString@@PAVcachedData@@@std@@PAX@1@AAU?$pair@$$CBVQString@@PAVcachedData@@@1@1@Z 10044380 f i bncs_config.obj
 0002:00010910       ??$_Insert_nohint@AAU?$pair@$$CBVQString@@PAVcachedData@@@std@@PAU?$_Tree_node@U?$pair@$$CBVQString@@PAVcachedData@@@std@@PAX@2@@?$_Tree@V?$_Tmap_traits@VQString@@PAVcachedData@@U?$less@VQString@@@std@@V?$allocator@U?$pair@$$CBVQString@@PAVcachedData@@@std@@@4@$0A@@std@@@std@@IAE?AU?$pair@V?$_Tree_iterator@V?$_Tree_val@U?$_Tree_simple_types@U?$pair@$$CBVQString@@PAVcachedData@@@std@@@std@@@std@@@std@@_N@1@_NAAU?$pair@$$CBVQString@@PAVcachedData@@@1@PAU?$_Tree_node@U?$pair@$$CBVQString@@PAVcachedData@@@std@@PAX@1@@Z 10044910 f i bncs_config.obj
 0002:00011050       ??$_Kfn@$$CBVQString@@PAVcachedData@@@?$_Tmap_traits@VQString@@PAVcachedData@@U?$less@VQString@@@std@@V?$allocator@U?$pair@$$CBVQString@@PAVcachedData@@@std@@@4@$0A@@std@@SAABVQString@@ABU?$pair@$$CBVQString@@PAVcachedData@@@1@@Z 10045050 f i bncs_config.obj
 0002:00011090       ??$_Move@AAD@std@@YA$$QADAAD@Z 10045090 f i bncs_config.obj
 0002:000110d0       ??$addressof@PAU?$_Tree_node@U?$pair@$$CBVQString@@PAVcachedData@@@std@@PAX@std@@@std@@YAPAPAU?$_Tree_node@U?$pair@$$CBVQString@@PAVcachedData@@@std@@PAX@0@AAPAU10@@Z 100450d0 f i bncs_config.obj
 0002:00011110       ??$addressof@U?$pair@$$CBVQString@@PAVcachedData@@@std@@@std@@YAPAU?$pair@$$CBVQString@@PAVcachedData@@@0@AAU10@@Z 10045110 f i bncs_config.obj
 0002:00011150       ??$construct@PAU?$_Tree_node@U?$pair@$$CBVQString@@PAVcachedData@@@std@@PAX@std@@AAPAU12@@?$_Wrap_alloc@V?$allocator@U?$_Tree_node@U?$pair@$$CBVQString@@PAVcachedData@@@std@@PAX@std@@@std@@@std@@QAEXPAPAU?$_Tree_node@U?$pair@$$CBVQString@@PAVcachedData@@@std@@PAX@1@AAPAU21@@Z 10045150 f i bncs_config.obj
 0002:000111c0       ??$construct@PAU?$_Tree_node@U?$pair@$$CBVQString@@PAVcachedData@@@std@@PAX@std@@AAPAU12@@?$allocator@U?$_Tree_node@U?$pair@$$CBVQString@@PAVcachedData@@@std@@PAX@std@@@std@@QAEXPAPAU?$_Tree_node@U?$pair@$$CBVQString@@PAVcachedData@@@std@@PAX@1@AAPAU21@@Z 100451c0 f i bncs_config.obj
 0002:000112c0       ??$construct@PAU?$_Tree_node@U?$pair@$$CBVQString@@PAVcachedData@@@std@@PAX@std@@AAPAU12@@?$allocator_traits@V?$allocator@U?$_Tree_node@U?$pair@$$CBVQString@@PAVcachedData@@@std@@PAX@std@@@std@@@std@@SAXAAV?$allocator@U?$_Tree_node@U?$pair@$$CBVQString@@PAVcachedData@@@std@@PAX@std@@@1@PAPAU?$_Tree_node@U?$pair@$$CBVQString@@PAVcachedData@@@std@@PAX@1@AAPAU31@@Z 100452c0 f i bncs_config.obj
 0002:00011320       ??$construct@U?$pair@$$CBVQString@@PAVcachedData@@@std@@U?$pair@VQString@@PAVcachedData@@@2@@?$_Wrap_alloc@V?$allocator@U?$_Tree_node@U?$pair@$$CBVQString@@PAVcachedData@@@std@@PAX@std@@@std@@@std@@QAEXPAU?$pair@$$CBVQString@@PAVcachedData@@@1@$$QAU?$pair@VQString@@PAVcachedData@@@1@@Z 10045320 f i bncs_config.obj
 0002:00011390       ??$construct@U?$pair@$$CBVQString@@PAVcachedData@@@std@@U?$pair@VQString@@PAVcachedData@@@2@@?$allocator@U?$_Tree_node@U?$pair@$$CBVQString@@PAVcachedData@@@std@@PAX@std@@@std@@QAEXPAU?$pair@$$CBVQString@@PAVcachedData@@@1@$$QAU?$pair@VQString@@PAVcachedData@@@1@@Z 10045390 f i bncs_config.obj
 0002:00011490       ??$construct@U?$pair@$$CBVQString@@PAVcachedData@@@std@@U?$pair@VQString@@PAVcachedData@@@2@@?$allocator_traits@V?$allocator@U?$_Tree_node@U?$pair@$$CBVQString@@PAVcachedData@@@std@@PAX@std@@@std@@@std@@SAXAAV?$allocator@U?$_Tree_node@U?$pair@$$CBVQString@@PAVcachedData@@@std@@PAX@std@@@1@PAU?$pair@$$CBVQString@@PAVcachedData@@@1@$$QAU?$pair@VQString@@PAVcachedData@@@1@@Z 10045490 f i bncs_config.obj
 0002:000114f0       ??$construct@U_Container_proxy@std@@U12@@?$_Wrap_alloc@V?$allocator@U_Container_proxy@std@@@std@@@std@@QAEXPAU_Container_proxy@1@$$QAU21@@Z 100454f0 f i bncs_config.obj
 0002:00011560       ??$construct@U_Container_proxy@std@@U12@@?$allocator_traits@V?$allocator@U_Container_proxy@std@@@std@@@std@@SAXAAV?$allocator@U_Container_proxy@std@@@1@PAU_Container_proxy@1@$$QAU31@@Z 10045560 f i bncs_config.obj
 0002:000115c0       ??$destroy@PAU?$_Tree_node@U?$pair@$$CBVQString@@PAVcachedData@@@std@@PAX@std@@@?$_Wrap_alloc@V?$allocator@U?$_Tree_node@U?$pair@$$CBVQString@@PAVcachedData@@@std@@PAX@std@@@std@@@std@@QAEXPAPAU?$_Tree_node@U?$pair@$$CBVQString@@PAVcachedData@@@std@@PAX@1@@Z 100455c0 f i bncs_config.obj
 0002:00011620       ??$destroy@PAU?$_Tree_node@U?$pair@$$CBVQString@@PAVcachedData@@@std@@PAX@std@@@?$allocator@U?$_Tree_node@U?$pair@$$CBVQString@@PAVcachedData@@@std@@PAX@std@@@std@@QAEXPAPAU?$_Tree_node@U?$pair@$$CBVQString@@PAVcachedData@@@std@@PAX@1@@Z 10045620 f i bncs_config.obj
 0002:00011660       ??$destroy@PAU?$_Tree_node@U?$pair@$$CBVQString@@PAVcachedData@@@std@@PAX@std@@@?$allocator_traits@V?$allocator@U?$_Tree_node@U?$pair@$$CBVQString@@PAVcachedData@@@std@@PAX@std@@@std@@@std@@SAXAAV?$allocator@U?$_Tree_node@U?$pair@$$CBVQString@@PAVcachedData@@@std@@PAX@std@@@1@PAPAU?$_Tree_node@U?$pair@$$CBVQString@@PAVcachedData@@@std@@PAX@1@@Z 10045660 f i bncs_config.obj
 0002:000116b0       ??$destroy@U?$pair@$$CBVQString@@PAVcachedData@@@std@@@?$_Wrap_alloc@V?$allocator@U?$_Tree_node@U?$pair@$$CBVQString@@PAVcachedData@@@std@@PAX@std@@@std@@@std@@QAEXPAU?$pair@$$CBVQString@@PAVcachedData@@@1@@Z 100456b0 f i bncs_config.obj
 0002:00011710       ??$destroy@U?$pair@$$CBVQString@@PAVcachedData@@@std@@@?$allocator@U?$_Tree_node@U?$pair@$$CBVQString@@PAVcachedData@@@std@@PAX@std@@@std@@QAEXPAU?$pair@$$CBVQString@@PAVcachedData@@@1@@Z 10045710 f i bncs_config.obj
 0002:00011770       ??$destroy@U?$pair@$$CBVQString@@PAVcachedData@@@std@@@?$allocator_traits@V?$allocator@U?$_Tree_node@U?$pair@$$CBVQString@@PAVcachedData@@@std@@PAX@std@@@std@@@std@@SAXAAV?$allocator@U?$_Tree_node@U?$pair@$$CBVQString@@PAVcachedData@@@std@@PAX@std@@@1@PAU?$pair@$$CBVQString@@PAVcachedData@@@1@@Z 10045770 f i bncs_config.obj
 0002:000117c0       ??$destroy@U_Container_proxy@std@@@?$_Wrap_alloc@V?$allocator@U_Container_proxy@std@@@std@@@std@@QAEXPAU_Container_proxy@1@@Z 100457c0 f i bncs_config.obj
 0002:00011820       ??$destroy@U_Container_proxy@std@@@?$allocator_traits@V?$allocator@U_Container_proxy@std@@@std@@@std@@SAXAAV?$allocator@U_Container_proxy@std@@@1@PAU_Container_proxy@1@@Z 10045820 f i bncs_config.obj
 0002:00011870       ??$forward@AAPAU?$_Tree_node@U?$pair@$$CBVQString@@PAVcachedData@@@std@@PAX@std@@@std@@YAAAPAU?$_Tree_node@U?$pair@$$CBVQString@@PAVcachedData@@@std@@PAX@0@AAPAU10@@Z 10045870 f i bncs_config.obj
 0002:000118b0       ??$forward@AAPAVcachedData@@@std@@YAAAPAVcachedData@@AAPAV1@@Z 100458b0 f i bncs_config.obj
 0002:000118f0       ??$forward@AAU?$pair@$$CBVQString@@PAVcachedData@@@std@@@std@@YAAAU?$pair@$$CBVQString@@PAVcachedData@@@0@AAU10@@Z 100458f0 f i bncs_config.obj
 0002:00011930       ??$forward@AAV?$_Tree_iterator@V?$_Tree_val@U?$_Tree_simple_types@U?$pair@$$CBVQString@@PAVcachedData@@@std@@@std@@@std@@@std@@@std@@YAAAV?$_Tree_iterator@V?$_Tree_val@U?$_Tree_simple_types@U?$pair@$$CBVQString@@PAVcachedData@@@std@@@std@@@std@@@0@AAV10@@Z 10045930 f i bncs_config.obj
 0002:00011970       ??$forward@ABVQString@@@std@@YAABVQString@@ABV1@@Z 10045970 f i bncs_config.obj
 0002:000119b0       ??$forward@PAVcachedData@@@std@@YA$$QAPAVcachedData@@AAPAV1@@Z 100459b0 f i bncs_config.obj
 0002:000119f0       ??$forward@U?$pair@VQString@@PAVcachedData@@@std@@@std@@YA$$QAU?$pair@VQString@@PAVcachedData@@@0@AAU10@@Z 100459f0 f i bncs_config.obj
 0002:00011a30       ??$forward@V?$_Tree_iterator@V?$_Tree_val@U?$_Tree_simple_types@U?$pair@$$CBVQString@@PAVcachedData@@@std@@@std@@@std@@@std@@@std@@YA$$QAV?$_Tree_iterator@V?$_Tree_val@U?$_Tree_simple_types@U?$pair@$$CBVQString@@PAVcachedData@@@std@@@std@@@std@@@0@AAV10@@Z 10045a30 f i bncs_config.obj
 0002:00011a70       ??$forward@VQString@@@std@@YA$$QAVQString@@AAV1@@Z 10045a70 f i bncs_config.obj
 0002:00011ab0       ??$forward@_N@std@@YA$$QA_NAA_N@Z 10045ab0 f i bncs_config.obj
 0002:00011af0       ??$insert@U?$pair@VQString@@PAVcachedData@@@std@@@?$_Tree@V?$_Tmap_traits@VQString@@PAVcachedData@@U?$less@VQString@@@std@@V?$allocator@U?$pair@$$CBVQString@@PAVcachedData@@@std@@@4@$0A@@std@@@std@@QAE?AU?$pair@V?$_Tree_iterator@V?$_Tree_val@U?$_Tree_simple_types@U?$pair@$$CBVQString@@PAVcachedData@@@std@@@std@@@std@@@std@@_N@1@$$QAU?$pair@VQString@@PAVcachedData@@@1@@Z 10045af0 f i bncs_config.obj
 0002:00011ba0       ??$swap@D@std@@YAXAAD0@Z   10045ba0 f i bncs_config.obj
 0002:00011c60       ??0?$_Iterator012@Ubidirectional_iterator_tag@std@@U?$pair@$$CBVQString@@PAVcachedData@@@2@HPBU32@ABU32@U_Iterator_base12@2@@std@@QAE@ABU01@@Z 10045c60 f i bncs_config.obj
 0002:00011cc0       ??0?$_Iterator012@Ubidirectional_iterator_tag@std@@U?$pair@$$CBVQString@@PAVcachedData@@@2@HPBU32@ABU32@U_Iterator_base12@2@@std@@QAE@XZ 10045cc0 f i bncs_config.obj
 0002:00011d20       ??0?$_Tree@V?$_Tmap_traits@VQString@@PAVcachedData@@U?$less@VQString@@@std@@V?$allocator@U?$pair@$$CBVQString@@PAVcachedData@@@std@@@4@$0A@@std@@@std@@QAE@ABU?$less@VQString@@@1@ABV?$allocator@U?$pair@$$CBVQString@@PAVcachedData@@@std@@@1@@Z 10045d20 f i bncs_config.obj
 0002:00011d80       ??0?$_Tree_alloc@$0A@U?$_Tree_base_types@U?$pair@$$CBVQString@@PAVcachedData@@@std@@V?$allocator@U?$pair@$$CBVQString@@PAVcachedData@@@std@@@2@@std@@@std@@QAE@ABV?$allocator@U?$pair@$$CBVQString@@PAVcachedData@@@std@@@1@@Z 10045d80 f i bncs_config.obj
 0002:00011e80       ??0?$_Tree_buy@U?$pair@$$CBVQString@@PAVcachedData@@@std@@V?$allocator@U?$pair@$$CBVQString@@PAVcachedData@@@std@@@2@@std@@QAE@ABV?$allocator@U?$pair@$$CBVQString@@PAVcachedData@@@std@@@1@@Z 10045e80 f i bncs_config.obj
 0002:00011ee0       ??0?$_Tree_comp@$0A@V?$_Tmap_traits@VQString@@PAVcachedData@@U?$less@VQString@@@std@@V?$allocator@U?$pair@$$CBVQString@@PAVcachedData@@@std@@@4@$0A@@std@@@std@@QAE@ABU?$less@VQString@@@1@ABV?$allocator@U?$pair@$$CBVQString@@PAVcachedData@@@std@@@1@@Z 10045ee0 f i bncs_config.obj
 0002:00011f40       ??0?$_Tree_const_iterator@V?$_Tree_val@U?$_Tree_simple_types@U?$pair@$$CBVQString@@PAVcachedData@@@std@@@std@@@std@@@std@@QAE@ABV01@@Z 10045f40 f i bncs_config.obj
 0002:00011fa0       ??0?$_Tree_const_iterator@V?$_Tree_val@U?$_Tree_simple_types@U?$pair@$$CBVQString@@PAVcachedData@@@std@@@std@@@std@@@std@@QAE@PAU?$_Tree_node@U?$pair@$$CBVQString@@PAVcachedData@@@std@@PAX@1@PBV?$_Tree_val@U?$_Tree_simple_types@U?$pair@$$CBVQString@@PAVcachedData@@@std@@@std@@@1@@Z 10045fa0 f i bncs_config.obj
 0002:00012000       ??0?$_Tree_iterator@V?$_Tree_val@U?$_Tree_simple_types@U?$pair@$$CBVQString@@PAVcachedData@@@std@@@std@@@std@@@std@@QAE@ABV01@@Z 10046000 f i bncs_config.obj
 0002:00012060       ??0?$_Tree_iterator@V?$_Tree_val@U?$_Tree_simple_types@U?$pair@$$CBVQString@@PAVcachedData@@@std@@@std@@@std@@@std@@QAE@PAU?$_Tree_node@U?$pair@$$CBVQString@@PAVcachedData@@@std@@PAX@1@PBV?$_Tree_val@U?$_Tree_simple_types@U?$pair@$$CBVQString@@PAVcachedData@@@std@@@std@@@1@@Z 10046060 f i bncs_config.obj
 0002:000120c0       ??0?$_Tree_unchecked_const_iterator@V?$_Tree_val@U?$_Tree_simple_types@U?$pair@$$CBVQString@@PAVcachedData@@@std@@@std@@@std@@U_Iterator_base12@2@@std@@QAE@ABV01@@Z 100460c0 f i bncs_config.obj
 0002:00012130       ??0?$_Tree_unchecked_const_iterator@V?$_Tree_val@U?$_Tree_simple_types@U?$pair@$$CBVQString@@PAVcachedData@@@std@@@std@@@std@@U_Iterator_base12@2@@std@@QAE@PAU?$_Tree_node@U?$pair@$$CBVQString@@PAVcachedData@@@std@@PAX@1@PBV?$_Tree_val@U?$_Tree_simple_types@U?$pair@$$CBVQString@@PAVcachedData@@@std@@@std@@@1@@Z 10046130 f i bncs_config.obj
 0002:000121f0       ??0?$_Tree_val@U?$_Tree_simple_types@U?$pair@$$CBVQString@@PAVcachedData@@@std@@@std@@@std@@QAE@XZ 100461f0 f i bncs_config.obj
 0002:00012270       ??0?$_Wrap_alloc@V?$allocator@U?$_Tree_node@U?$pair@$$CBVQString@@PAVcachedData@@@std@@PAX@std@@@std@@@std@@QAE@XZ 10046270 f i bncs_config.obj
 0002:000122d0       ??0?$allocator@U?$_Tree_node@U?$pair@$$CBVQString@@PAVcachedData@@@std@@PAX@std@@@std@@QAE@XZ 100462d0 f i bncs_config.obj
 0002:00012310       ??0?$allocator@U?$pair@$$CBVQString@@PAVcachedData@@@std@@@std@@QAE@XZ 10046310 f i bncs_config.obj
 0002:00012350       ??0?$map@VQString@@PAVcachedData@@U?$less@VQString@@@std@@V?$allocator@U?$pair@$$CBVQString@@PAVcachedData@@@std@@@4@@std@@QAE@XZ 10046350 f i bncs_config.obj
 0002:000123c0       ??0_Ignore@std@@QAE@XZ     100463c0 f i bncs_config.obj
 0002:00012400       ??0_Iterator_base12@std@@QAE@ABU01@@Z 10046400 f i bncs_config.obj
 0002:00012480       ??0_Iterator_base12@std@@QAE@XZ 10046480 f i bncs_config.obj
 0002:000124d0       ??0cachedData@@QAE@XZ      100464d0 f i bncs_config.obj
 0002:00012510       ??0docCache@@QAE@XZ        10046510 f i bncs_config.obj
 0002:00012580       ??1?$_Iterator012@Ubidirectional_iterator_tag@std@@U?$pair@$$CBVQString@@PAVcachedData@@@2@HPBU32@ABU32@U_Iterator_base12@2@@std@@QAE@XZ 10046580 f i bncs_config.obj
 0002:000125d0       ??1?$_Tree@V?$_Tmap_traits@VQString@@PAVcachedData@@U?$less@VQString@@@std@@V?$allocator@U?$pair@$$CBVQString@@PAVcachedData@@@std@@@4@$0A@@std@@@std@@QAE@XZ 100465d0 f i bncs_config.obj
 0002:00012630       ??1?$_Tree_alloc@$0A@U?$_Tree_base_types@U?$pair@$$CBVQString@@PAVcachedData@@@std@@V?$allocator@U?$pair@$$CBVQString@@PAVcachedData@@@std@@@2@@std@@@std@@QAE@XZ 10046630 f i bncs_config.obj
 0002:000126a0       ??1?$_Tree_buy@U?$pair@$$CBVQString@@PAVcachedData@@@std@@V?$allocator@U?$pair@$$CBVQString@@PAVcachedData@@@std@@@2@@std@@QAE@XZ 100466a0 f i bncs_config.obj
 0002:000126f0       ??1?$_Tree_comp@$0A@V?$_Tmap_traits@VQString@@PAVcachedData@@U?$less@VQString@@@std@@V?$allocator@U?$pair@$$CBVQString@@PAVcachedData@@@std@@@4@$0A@@std@@@std@@QAE@XZ 100466f0 f i bncs_config.obj
 0002:00012740       ??1?$_Tree_const_iterator@V?$_Tree_val@U?$_Tree_simple_types@U?$pair@$$CBVQString@@PAVcachedData@@@std@@@std@@@std@@@std@@QAE@XZ 10046740 f i bncs_config.obj
 0002:00012790       ??1?$_Tree_iterator@V?$_Tree_val@U?$_Tree_simple_types@U?$pair@$$CBVQString@@PAVcachedData@@@std@@@std@@@std@@@std@@QAE@XZ 10046790 f i bncs_config.obj
 0002:000127e0       ??1?$_Tree_unchecked_const_iterator@V?$_Tree_val@U?$_Tree_simple_types@U?$pair@$$CBVQString@@PAVcachedData@@@std@@@std@@@std@@U_Iterator_base12@2@@std@@QAE@XZ 100467e0 f i bncs_config.obj
 0002:00012830       ??1?$_Tree_val@U?$_Tree_simple_types@U?$pair@$$CBVQString@@PAVcachedData@@@std@@@std@@@std@@QAE@XZ 10046830 f i bncs_config.obj
 0002:00012890       ??1?$map@VQString@@PAVcachedData@@U?$less@VQString@@@std@@V?$allocator@U?$pair@$$CBVQString@@PAVcachedData@@@std@@@4@@std@@QAE@XZ 10046890 f i bncs_config.obj
 0002:000128e0       ??1?$pair@$$CBVQString@@PAVcachedData@@@std@@QAE@XZ 100468e0 f i bncs_config.obj
 0002:00012940       ??1?$pair@V?$_Tree_iterator@V?$_Tree_val@U?$_Tree_simple_types@U?$pair@$$CBVQString@@PAVcachedData@@@std@@@std@@@std@@@std@@_N@std@@QAE@XZ 10046940 f i bncs_config.obj
 0002:00012990       ??1?$pair@VQString@@PAVcachedData@@@std@@QAE@XZ 10046990 f i bncs_config.obj
 0002:000129f0       ??1_Iterator_base12@std@@QAE@XZ 100469f0 f i bncs_config.obj
 0002:00012ab0       ??1cachedData@@QAE@XZ      10046ab0 f i bncs_config.obj
 0002:00012b60       ??1docCache@@UAE@XZ        10046b60 f i bncs_config.obj
 0002:00012d50       ??4_Iterator_base12@std@@QAEAAU01@ABU01@@Z 10046d50 f i bncs_config.obj
 0002:00012e90       ??8?$_Tree_const_iterator@V?$_Tree_val@U?$_Tree_simple_types@U?$pair@$$CBVQString@@PAVcachedData@@@std@@@std@@@std@@@std@@QBE_NABV01@@Z 10046e90 f i bncs_config.obj
 0002:00012ff0       ??9?$_Tree_const_iterator@V?$_Tree_val@U?$_Tree_simple_types@U?$pair@$$CBVQString@@PAVcachedData@@@std@@@std@@@std@@@std@@QBE_NABV01@@Z 10046ff0 f i bncs_config.obj
 0002:00013080       ??AdocCache@@QAEPAVcachedData@@ABVQString@@@Z 10047080 f i bncs_config.obj
 0002:00013220       ??C?$_Tree_iterator@V?$_Tree_val@U?$_Tree_simple_types@U?$pair@$$CBVQString@@PAVcachedData@@@std@@@std@@@std@@@std@@QBEPAU?$pair@$$CBVQString@@PAVcachedData@@@1@XZ 10047220 f i bncs_config.obj
 0002:00013280       ??D?$_Tree_const_iterator@V?$_Tree_val@U?$_Tree_simple_types@U?$pair@$$CBVQString@@PAVcachedData@@@std@@@std@@@std@@@std@@QBEABU?$pair@$$CBVQString@@PAVcachedData@@@1@XZ 10047280 f i bncs_config.obj
 0002:000133c0       ??D?$_Tree_iterator@V?$_Tree_val@U?$_Tree_simple_types@U?$pair@$$CBVQString@@PAVcachedData@@@std@@@std@@@std@@@std@@QBEAAU?$pair@$$CBVQString@@PAVcachedData@@@1@XZ 100473c0 f i bncs_config.obj
 0002:00013410       ??E?$_Tree_const_iterator@V?$_Tree_val@U?$_Tree_simple_types@U?$pair@$$CBVQString@@PAVcachedData@@@std@@@std@@@std@@@std@@QAE?AV01@H@Z 10047410 f i bncs_config.obj
 0002:00013530       ??E?$_Tree_const_iterator@V?$_Tree_val@U?$_Tree_simple_types@U?$pair@$$CBVQString@@PAVcachedData@@@std@@@std@@@std@@@std@@QAEAAV01@XZ 10047530 f i bncs_config.obj
 0002:00013670       ??E?$_Tree_iterator@V?$_Tree_val@U?$_Tree_simple_types@U?$pair@$$CBVQString@@PAVcachedData@@@std@@@std@@@std@@@std@@QAEAAV01@XZ 10047670 f i bncs_config.obj
 0002:000136d0       ??E?$_Tree_unchecked_const_iterator@V?$_Tree_val@U?$_Tree_simple_types@U?$pair@$$CBVQString@@PAVcachedData@@@std@@@std@@@std@@U_Iterator_base12@2@@std@@QAEAAV01@XZ 100476d0 f i bncs_config.obj
 0002:00013800       ??F?$_Tree_const_iterator@V?$_Tree_val@U?$_Tree_simple_types@U?$pair@$$CBVQString@@PAVcachedData@@@std@@@std@@@std@@@std@@QAEAAV01@XZ 10047800 f i bncs_config.obj
 0002:000139e0       ??F?$_Tree_iterator@V?$_Tree_val@U?$_Tree_simple_types@U?$pair@$$CBVQString@@PAVcachedData@@@std@@@std@@@std@@@std@@QAEAAV01@XZ 100479e0 f i bncs_config.obj
 0002:00013a40       ??F?$_Tree_unchecked_const_iterator@V?$_Tree_val@U?$_Tree_simple_types@U?$pair@$$CBVQString@@PAVcachedData@@@std@@@std@@@std@@U_Iterator_base12@2@@std@@QAEAAV01@XZ 10047a40 f i bncs_config.obj
 0002:00013ba0       ??R?$less@VQString@@@std@@QBE_NABVQString@@0@Z 10047ba0 f i bncs_config.obj
 0002:00013c10       ??_Ebncs_config@@UAEPAXI@Z 10047c10 f i bncs_config.obj
 0002:00013cd0       ??_G?$pair@$$CBVQString@@PAVcachedData@@@std@@QAEPAXI@Z 10047cd0 f i bncs_config.obj
 0002:00013d40       ??_EQDomDocument@@UAEPAXI@Z 10047d40 f i bncs_config.obj
 0002:00013d40       ??_GQDomDocument@@UAEPAXI@Z 10047d40 f i bncs_config.obj
 0002:00013dc0       ??_Gbncs_config@@UAEPAXI@Z 10047dc0 f i bncs_config.obj
 0002:00013e30       ??_GcachedData@@QAEPAXI@Z  10047e30 f i bncs_config.obj
 0002:00013ea0       ??_EdocCache@@UAEPAXI@Z    10047ea0 f i bncs_config.obj
 0002:00013ea0       ??_GdocCache@@UAEPAXI@Z    10047ea0 f i bncs_config.obj
 0002:00013f10       ?_Adopt@_Iterator_base12@std@@QAEXPBU_Container_base12@2@@Z 10047f10 f i bncs_config.obj
 0002:000140c0       ?_Alloc_proxy@?$_Tree_alloc@$0A@U?$_Tree_base_types@U?$pair@$$CBVQString@@PAVcachedData@@@std@@V?$allocator@U?$pair@$$CBVQString@@PAVcachedData@@@std@@@2@@std@@@std@@QAEXXZ 100480c0 f i bncs_config.obj
 0002:000141a0       ?_Buyheadnode@?$_Tree_alloc@$0A@U?$_Tree_base_types@U?$pair@$$CBVQString@@PAVcachedData@@@std@@V?$allocator@U?$pair@$$CBVQString@@PAVcachedData@@@std@@@2@@std@@@std@@QAEPAU?$_Tree_node@U?$pair@$$CBVQString@@PAVcachedData@@@std@@PAX@2@XZ 100481a0 f i bncs_config.obj
 0002:00014400       ?_Buynode0@?$_Tree_buy@U?$pair@$$CBVQString@@PAVcachedData@@@std@@V?$allocator@U?$pair@$$CBVQString@@PAVcachedData@@@std@@@2@@std@@QAEPAU?$_Tree_node@U?$pair@$$CBVQString@@PAVcachedData@@@std@@PAX@2@XZ 10048400 f i bncs_config.obj
 0002:00014610       ?_Clrcont@_Iterator_base12@std@@QAEXXZ 10048610 f i bncs_config.obj
 0002:00014650       ?_Color@?$_Tree_val@U?$_Tree_simple_types@U?$pair@$$CBVQString@@PAVcachedData@@@std@@@std@@@std@@SAAADPAU?$_Tree_node@U?$pair@$$CBVQString@@PAVcachedData@@@std@@PAX@2@@Z 10048650 f i bncs_config.obj
 0002:00014690       ?_Destroy_if_not_nil@?$_Tree@V?$_Tmap_traits@VQString@@PAVcachedData@@U?$less@VQString@@@std@@V?$allocator@U?$pair@$$CBVQString@@PAVcachedData@@@std@@@4@$0A@@std@@@std@@IAEXPAU?$_Tree_node@U?$pair@$$CBVQString@@PAVcachedData@@@std@@PAX@2@@Z 10048690 f i bncs_config.obj
 0002:00014740       ?_Erase@?$_Tree@V?$_Tmap_traits@VQString@@PAVcachedData@@U?$less@VQString@@@std@@V?$allocator@U?$pair@$$CBVQString@@PAVcachedData@@@std@@@4@$0A@@std@@@std@@IAEXPAU?$_Tree_node@U?$pair@$$CBVQString@@PAVcachedData@@@std@@PAX@2@@Z 10048740 f i bncs_config.obj
 0002:00014850       ?_Free_proxy@?$_Tree_alloc@$0A@U?$_Tree_base_types@U?$pair@$$CBVQString@@PAVcachedData@@@std@@V?$allocator@U?$pair@$$CBVQString@@PAVcachedData@@@std@@@2@@std@@@std@@QAEXXZ 10048850 f i bncs_config.obj
 0002:00014940       ?_Freeheadnode@?$_Tree_alloc@$0A@U?$_Tree_base_types@U?$pair@$$CBVQString@@PAVcachedData@@@std@@V?$allocator@U?$pair@$$CBVQString@@PAVcachedData@@@std@@@2@@std@@@std@@QAEXPAU?$_Tree_node@U?$pair@$$CBVQString@@PAVcachedData@@@std@@PAX@2@@Z 10048940 f i bncs_config.obj
 0002:00014a50       ?_Freenode0@?$_Tree_buy@U?$pair@$$CBVQString@@PAVcachedData@@@std@@V?$allocator@U?$pair@$$CBVQString@@PAVcachedData@@@std@@@2@@std@@QAEXPAU?$_Tree_node@U?$pair@$$CBVQString@@PAVcachedData@@@std@@PAX@2@@Z 10048a50 f i bncs_config.obj
 0002:00014b60       ?_Getal@?$_Tree_alloc@$0A@U?$_Tree_base_types@U?$pair@$$CBVQString@@PAVcachedData@@@std@@V?$allocator@U?$pair@$$CBVQString@@PAVcachedData@@@std@@@2@@std@@@std@@QBE?AU?$_Wrap_alloc@V?$allocator@U?$_Tree_node@U?$pair@$$CBVQString@@PAVcachedData@@@std@@PAX@std@@@std@@@2@XZ 10048b60 f i bncs_config.obj
 0002:00014bc0       ?_Getcomp@?$_Tree_comp@$0A@V?$_Tmap_traits@VQString@@PAVcachedData@@U?$less@VQString@@@std@@V?$allocator@U?$pair@$$CBVQString@@PAVcachedData@@@std@@@4@$0A@@std@@@std@@QBE?AU?$less@VQString@@@2@XZ 10048bc0 f i bncs_config.obj
 0002:00014c00       ?_Getcont@_Iterator_base12@std@@QBEPBU_Container_base12@2@XZ 10048c00 f i bncs_config.obj
 0002:00014c70       ?_Getpnext@_Iterator_base12@std@@QAEPAPAU12@XZ 10048c70 f i bncs_config.obj
 0002:00014cb0       ?_Isnil@?$_Tree_val@U?$_Tree_simple_types@U?$pair@$$CBVQString@@PAVcachedData@@@std@@@std@@@std@@SAAADPAU?$_Tree_node@U?$pair@$$CBVQString@@PAVcachedData@@@std@@PAX@2@@Z 10048cb0 f i bncs_config.obj
 0002:00014cf0       ?_Key@?$_Tree@V?$_Tmap_traits@VQString@@PAVcachedData@@U?$less@VQString@@@std@@V?$allocator@U?$pair@$$CBVQString@@PAVcachedData@@@std@@@4@$0A@@std@@@std@@IBEABVQString@@PAU?$_Tree_node@U?$pair@$$CBVQString@@PAVcachedData@@@std@@PAX@2@@Z 10048cf0 f i bncs_config.obj
 0002:00014d60       ?_Kfn@?$_Tree@V?$_Tmap_traits@VQString@@PAVcachedData@@U?$less@VQString@@@std@@V?$allocator@U?$pair@$$CBVQString@@PAVcachedData@@@std@@@4@$0A@@std@@@std@@IBEABVQString@@ABU?$pair@$$CBVQString@@PAVcachedData@@@2@@Z 10048d60 f i bncs_config.obj
 0002:00014dc0       ?_Lbound@?$_Tree@V?$_Tmap_traits@VQString@@PAVcachedData@@U?$less@VQString@@@std@@V?$allocator@U?$pair@$$CBVQString@@PAVcachedData@@@std@@@4@$0A@@std@@@std@@IAEPAU?$_Tree_node@U?$pair@$$CBVQString@@PAVcachedData@@@std@@PAX@2@ABVQString@@@Z 10048dc0 f i bncs_config.obj
 0002:00014ed0       ?_Left@?$_Tree_val@U?$_Tree_simple_types@U?$pair@$$CBVQString@@PAVcachedData@@@std@@@std@@@std@@SAAAPAU?$_Tree_node@U?$pair@$$CBVQString@@PAVcachedData@@@std@@PAX@2@PAU32@@Z 10048ed0 f i bncs_config.obj
 0002:00014f10       ?_Lmost@?$_Tree@V?$_Tmap_traits@VQString@@PAVcachedData@@U?$less@VQString@@@std@@V?$allocator@U?$pair@$$CBVQString@@PAVcachedData@@@std@@@4@$0A@@std@@@std@@IBEAAPAU?$_Tree_node@U?$pair@$$CBVQString@@PAVcachedData@@@std@@PAX@2@XZ 10048f10 f i bncs_config.obj
 0002:00014f70       ?_Lrotate@?$_Tree@V?$_Tmap_traits@VQString@@PAVcachedData@@U?$less@VQString@@@std@@V?$allocator@U?$pair@$$CBVQString@@PAVcachedData@@@std@@@4@$0A@@std@@@std@@IAEXPAU?$_Tree_node@U?$pair@$$CBVQString@@PAVcachedData@@@std@@PAX@2@@Z 10048f70 f i bncs_config.obj
 0002:00015120       ?_Max@?$_Tree_val@U?$_Tree_simple_types@U?$pair@$$CBVQString@@PAVcachedData@@@std@@@std@@@std@@SAPAU?$_Tree_node@U?$pair@$$CBVQString@@PAVcachedData@@@std@@PAX@2@PAU32@@Z 10049120 f i bncs_config.obj
 0002:000151a0       ?_Min@?$_Tree_val@U?$_Tree_simple_types@U?$pair@$$CBVQString@@PAVcachedData@@@std@@@std@@@std@@SAPAU?$_Tree_node@U?$pair@$$CBVQString@@PAVcachedData@@@std@@PAX@2@PAU32@@Z 100491a0 f i bncs_config.obj
 0002:00015220       ?_Mynode@?$_Tree_unchecked_const_iterator@V?$_Tree_val@U?$_Tree_simple_types@U?$pair@$$CBVQString@@PAVcachedData@@@std@@@std@@@std@@U_Iterator_base12@2@@std@@QBEPAU?$_Tree_node@U?$pair@$$CBVQString@@PAVcachedData@@@std@@PAX@2@XZ 10049220 f i bncs_config.obj
 0002:00015260       ?_Myval@?$_Tree_val@U?$_Tree_simple_types@U?$pair@$$CBVQString@@PAVcachedData@@@std@@@std@@@std@@SAAAU?$pair@$$CBVQString@@PAVcachedData@@@2@PAU?$_Tree_node@U?$pair@$$CBVQString@@PAVcachedData@@@std@@PAX@2@@Z 10049260 f i bncs_config.obj
 0002:000152a0       ?_Orphan_me@_Iterator_base12@std@@QAEXXZ 100492a0 f i bncs_config.obj
 0002:00015370       ?_Orphan_ptr@?$_Tree@V?$_Tmap_traits@VQString@@PAVcachedData@@U?$less@VQString@@@std@@V?$allocator@U?$pair@$$CBVQString@@PAVcachedData@@@std@@@4@$0A@@std@@@std@@IBEXAAV12@PAU?$_Tree_node@U?$pair@$$CBVQString@@PAVcachedData@@@std@@PAX@2@@Z 10049370 f i bncs_config.obj
 0002:00015500       ?_Parent@?$_Tree_val@U?$_Tree_simple_types@U?$pair@$$CBVQString@@PAVcachedData@@@std@@@std@@@std@@SAAAPAU?$_Tree_node@U?$pair@$$CBVQString@@PAVcachedData@@@std@@PAX@2@PAU32@@Z 10049500 f i bncs_config.obj
 0002:00015540       ?_Right@?$_Tree_val@U?$_Tree_simple_types@U?$pair@$$CBVQString@@PAVcachedData@@@std@@@std@@@std@@SAAAPAU?$_Tree_node@U?$pair@$$CBVQString@@PAVcachedData@@@std@@PAX@2@PAU32@@Z 10049540 f i bncs_config.obj
 0002:00015580       ?_Rmost@?$_Tree@V?$_Tmap_traits@VQString@@PAVcachedData@@U?$less@VQString@@@std@@V?$allocator@U?$pair@$$CBVQString@@PAVcachedData@@@std@@@4@$0A@@std@@@std@@IBEAAPAU?$_Tree_node@U?$pair@$$CBVQString@@PAVcachedData@@@std@@PAX@2@XZ 10049580 f i bncs_config.obj
 0002:000155e0       ?_Root@?$_Tree@V?$_Tmap_traits@VQString@@PAVcachedData@@U?$less@VQString@@@std@@V?$allocator@U?$pair@$$CBVQString@@PAVcachedData@@@std@@@4@$0A@@std@@@std@@IBEAAPAU?$_Tree_node@U?$pair@$$CBVQString@@PAVcachedData@@@std@@PAX@2@XZ 100495e0 f i bncs_config.obj
 0002:00015640       ?_Rrotate@?$_Tree@V?$_Tmap_traits@VQString@@PAVcachedData@@U?$less@VQString@@@std@@V?$allocator@U?$pair@$$CBVQString@@PAVcachedData@@@std@@@4@$0A@@std@@@std@@IAEXPAU?$_Tree_node@U?$pair@$$CBVQString@@PAVcachedData@@@std@@PAX@2@@Z 10049640 f i bncs_config.obj
 0002:000157f0       ?_Tidy@?$_Tree@V?$_Tmap_traits@VQString@@PAVcachedData@@U?$less@VQString@@@std@@V?$allocator@U?$pair@$$CBVQString@@PAVcachedData@@@std@@@4@$0A@@std@@@std@@IAEXXZ 100497f0 f i bncs_config.obj
 0002:00015980       ?allocate@?$_Wrap_alloc@V?$allocator@U?$_Tree_node@U?$pair@$$CBVQString@@PAVcachedData@@@std@@PAX@std@@@std@@@std@@QAEPAU?$_Tree_node@U?$pair@$$CBVQString@@PAVcachedData@@@std@@PAX@2@I@Z 10049980 f i bncs_config.obj
 0002:000159e0       ?allocate@?$_Wrap_alloc@V?$allocator@U_Container_proxy@std@@@std@@@std@@QAEPAU_Container_proxy@2@I@Z 100499e0 f i bncs_config.obj
 0002:00015a40       ?allocate@?$allocator@U?$_Tree_node@U?$pair@$$CBVQString@@PAVcachedData@@@std@@PAX@std@@@std@@QAEPAU?$_Tree_node@U?$pair@$$CBVQString@@PAVcachedData@@@std@@PAX@2@I@Z 10049a40 f i bncs_config.obj
 0002:00015aa0       ?begin@?$_Tree@V?$_Tmap_traits@VQString@@PAVcachedData@@U?$less@VQString@@@std@@V?$allocator@U?$pair@$$CBVQString@@PAVcachedData@@@std@@@4@$0A@@std@@@std@@QAE?AV?$_Tree_iterator@V?$_Tree_val@U?$_Tree_simple_types@U?$pair@$$CBVQString@@PAVcachedData@@@std@@@std@@@std@@@2@XZ 10049aa0 f i bncs_config.obj
 0002:00015b10       ?clear@?$_Tree@V?$_Tmap_traits@VQString@@PAVcachedData@@U?$less@VQString@@@std@@V?$allocator@U?$pair@$$CBVQString@@PAVcachedData@@@std@@@4@$0A@@std@@@std@@QAEXXZ 10049b10 f i bncs_config.obj
 0002:00015bd0       ?correctNodeForComments@bncs_config@@AAE_NAAVQDomNode@@@Z 10049bd0 f i bncs_config.obj
 0002:00015df0       ?deallocate@?$_Wrap_alloc@V?$allocator@U?$_Tree_node@U?$pair@$$CBVQString@@PAVcachedData@@@std@@PAX@std@@@std@@@std@@QAEXPAU?$_Tree_node@U?$pair@$$CBVQString@@PAVcachedData@@@std@@PAX@2@I@Z 10049df0 f i bncs_config.obj
 0002:00015e50       ?deallocate@?$_Wrap_alloc@V?$allocator@U_Container_proxy@std@@@std@@@std@@QAEXPAU_Container_proxy@2@I@Z 10049e50 f i bncs_config.obj
 0002:00015eb0       ?deallocate@?$allocator@U?$_Tree_node@U?$pair@$$CBVQString@@PAVcachedData@@@std@@PAX@std@@@std@@QAEXPAU?$_Tree_node@U?$pair@$$CBVQString@@PAVcachedData@@@std@@PAX@2@I@Z 10049eb0 f i bncs_config.obj
 0002:00015f10       ?end@?$_Tree@V?$_Tmap_traits@VQString@@PAVcachedData@@U?$less@VQString@@@std@@V?$allocator@U?$pair@$$CBVQString@@PAVcachedData@@@std@@@4@$0A@@std@@@std@@QAE?AV?$_Tree_iterator@V?$_Tree_val@U?$_Tree_simple_types@U?$pair@$$CBVQString@@PAVcachedData@@@std@@@std@@@std@@@2@XZ 10049f10 f i bncs_config.obj
 0002:00015f80       ?erase@?$_Tree@V?$_Tmap_traits@VQString@@PAVcachedData@@U?$less@VQString@@@std@@V?$allocator@U?$pair@$$CBVQString@@PAVcachedData@@@std@@@4@$0A@@std@@@std@@QAE?AV?$_Tree_iterator@V?$_Tree_val@U?$_Tree_simple_types@U?$pair@$$CBVQString@@PAVcachedData@@@std@@@std@@@std@@@2@V?$_Tree_const_iterator@V?$_Tree_val@U?$_Tree_simple_types@U?$pair@$$CBVQString@@PAVcachedData@@@std@@@std@@@std@@@2@0@Z 10049f80 f i bncs_config.obj
 0002:000162a0       ?erase@?$_Tree@V?$_Tmap_traits@VQString@@PAVcachedData@@U?$less@VQString@@@std@@V?$allocator@U?$pair@$$CBVQString@@PAVcachedData@@@std@@@4@$0A@@std@@@std@@QAE?AV?$_Tree_iterator@V?$_Tree_val@U?$_Tree_simple_types@U?$pair@$$CBVQString@@PAVcachedData@@@std@@@std@@@std@@@2@V?$_Tree_const_iterator@V?$_Tree_val@U?$_Tree_simple_types@U?$pair@$$CBVQString@@PAVcachedData@@@std@@@std@@@std@@@2@@Z 1004a2a0 f i bncs_config.obj
 0002:00016d20       ?find@?$_Tree@V?$_Tmap_traits@VQString@@PAVcachedData@@U?$less@VQString@@@std@@V?$allocator@U?$pair@$$CBVQString@@PAVcachedData@@@std@@@4@$0A@@std@@@std@@QAE?AV?$_Tree_iterator@V?$_Tree_val@U?$_Tree_simple_types@U?$pair@$$CBVQString@@PAVcachedData@@@std@@@std@@@std@@@2@ABVQString@@@Z 1004ad20 f i bncs_config.obj
 0002:00017030       ?insert@docCache@@QAEXABVQString@@PAVcachedData@@@Z 1004b030 f i bncs_config.obj
 0002:00017240       ?lower_bound@?$_Tree@V?$_Tmap_traits@VQString@@PAVcachedData@@U?$less@VQString@@@std@@V?$allocator@U?$pair@$$CBVQString@@PAVcachedData@@@std@@@4@$0A@@std@@@std@@QAE?AV?$_Tree_iterator@V?$_Tree_val@U?$_Tree_simple_types@U?$pair@$$CBVQString@@PAVcachedData@@@std@@@std@@@std@@@2@ABVQString@@@Z 1004b240 f i bncs_config.obj
 0002:000172d0       ?max_size@?$_Tree@V?$_Tmap_traits@VQString@@PAVcachedData@@U?$less@VQString@@@std@@V?$allocator@U?$pair@$$CBVQString@@PAVcachedData@@@std@@@4@$0A@@std@@@std@@QBEIXZ 1004b2d0 f i bncs_config.obj
 0002:00017330       ?max_size@?$_Wrap_alloc@V?$allocator@U?$_Tree_node@U?$pair@$$CBVQString@@PAVcachedData@@@std@@PAX@std@@@std@@@std@@QBEIXZ 1004b330 f i bncs_config.obj
 0002:00017390       ?max_size@?$allocator@U?$_Tree_node@U?$pair@$$CBVQString@@PAVcachedData@@@std@@PAX@std@@@std@@QBEIXZ 1004b390 f i bncs_config.obj
 0002:000173d0       ?max_size@?$allocator_traits@V?$allocator@U?$_Tree_node@U?$pair@$$CBVQString@@PAVcachedData@@@std@@PAX@std@@@std@@@std@@SAIABV?$allocator@U?$_Tree_node@U?$pair@$$CBVQString@@PAVcachedData@@@std@@PAX@std@@@2@@Z 1004b3d0 f i bncs_config.obj
 0002:00017420       ?pointer_to@?$pointer_traits@PAU?$pair@$$CBVQString@@PAVcachedData@@@std@@@std@@SAPAU?$pair@$$CBVQString@@PAVcachedData@@@2@AAU32@@Z 1004b420 f i bncs_config.obj
 0002:00017470       ?setAutoDelete@docCache@@QAEX_N@Z 1004b470 f i bncs_config.obj
 0002:000174c0       _instanceLookup            1004b4c0 f   instanceLookup.obj
 0002:00017620       _instanceLookupComposite   1004b620 f   instanceLookup.obj
 0002:00017770       _instanceLookupType        1004b770 f   instanceLookup.obj
 0002:00017980       ??0?$QMap@VQString@@VcomplexInstance@@@@QAE@ABV0@@Z 1004b980 f i instanceLookup.obj
 0002:000179f0       ??0?$QMap@VQString@@VcomplexInstance@@@@QAE@XZ 1004b9f0 f i instanceLookup.obj
 0002:00017ae0       ??0?$QMap@VQString@@VcomplexParam@@@@QAE@ABV0@@Z 1004bae0 f i instanceLookup.obj
 0002:00017b50       ??0?$QMap@VQString@@VcomplexParam@@@@QAE@XZ 1004bb50 f i instanceLookup.obj
 0002:00017c40       ??0?$QMap@VQString@@VcomplexType@@@@QAE@ABV0@@Z 1004bc40 f i instanceLookup.obj
 0002:00017cb0       ??0?$QMap@VQString@@VcomplexType@@@@QAE@XZ 1004bcb0 f i instanceLookup.obj
 0002:00017da0       ??0?$QMap@VQString@@VdeviceTypeInfo@@@@QAE@ABV0@@Z 1004bda0 f i instanceLookup.obj
 0002:00017e10       ??0?$QMap@VQString@@VdeviceTypeInfo@@@@QAE@XZ 1004be10 f i instanceLookup.obj
 0002:00017f00       ??0?$QMap@VQString@@VinstanceInfo@@@@QAE@ABV0@@Z 1004bf00 f i instanceLookup.obj
 0002:00017f70       ??0?$QMap@VQString@@VinstanceInfo@@@@QAE@XZ 1004bf70 f i instanceLookup.obj
 0002:00018060       ??0?$QMap@VQString@@VparamInfo@@@@QAE@ABV0@@Z 1004c060 f i instanceLookup.obj
 0002:000180d0       ??0?$QMap@VQString@@VparamInfo@@@@QAE@XZ 1004c0d0 f i instanceLookup.obj
 0002:000181c0       ??0?$QMapConstIterator@VQString@@VcomplexInstance@@@@QAE@PAU?$QMapNode@VQString@@VcomplexInstance@@@@@Z 1004c1c0 f i instanceLookup.obj
 0002:00018210       ??0?$QMapConstIterator@VQString@@VcomplexParam@@@@QAE@PAU?$QMapNode@VQString@@VcomplexParam@@@@@Z 1004c210 f i instanceLookup.obj
 0002:00018260       ??0?$QMapConstIterator@VQString@@VcomplexType@@@@QAE@PAU?$QMapNode@VQString@@VcomplexType@@@@@Z 1004c260 f i instanceLookup.obj
 0002:000182b0       ??0?$QMapConstIterator@VQString@@VdeviceTypeInfo@@@@QAE@PAU?$QMapNode@VQString@@VdeviceTypeInfo@@@@@Z 1004c2b0 f i instanceLookup.obj
 0002:00018300       ??0?$QMapConstIterator@VQString@@VinstanceInfo@@@@QAE@PAU?$QMapNode@VQString@@VinstanceInfo@@@@@Z 1004c300 f i instanceLookup.obj
 0002:00018350       ??0?$QMapConstIterator@VQString@@VparamInfo@@@@QAE@PAU?$QMapNode@VQString@@VparamInfo@@@@@Z 1004c350 f i instanceLookup.obj
 0002:000183a0       ??0?$QMapIterator@VQString@@VcomplexInstance@@@@QAE@ABV0@@Z 1004c3a0 f i instanceLookup.obj
 0002:000183f0       ??0?$QMapIterator@VQString@@VcomplexInstance@@@@QAE@PAU?$QMapNode@VQString@@VcomplexInstance@@@@@Z 1004c3f0 f i instanceLookup.obj
 0002:00018440       ??0?$QMapIterator@VQString@@VcomplexParam@@@@QAE@ABV0@@Z 1004c440 f i instanceLookup.obj
 0002:00018490       ??0?$QMapIterator@VQString@@VcomplexParam@@@@QAE@PAU?$QMapNode@VQString@@VcomplexParam@@@@@Z 1004c490 f i instanceLookup.obj
 0002:000184e0       ??0?$QMapIterator@VQString@@VcomplexType@@@@QAE@ABV0@@Z 1004c4e0 f i instanceLookup.obj
 0002:00018530       ??0?$QMapIterator@VQString@@VcomplexType@@@@QAE@PAU?$QMapNode@VQString@@VcomplexType@@@@@Z 1004c530 f i instanceLookup.obj
 0002:00018580       ??0?$QMapIterator@VQString@@VdeviceTypeInfo@@@@QAE@ABV0@@Z 1004c580 f i instanceLookup.obj
 0002:000185d0       ??0?$QMapIterator@VQString@@VdeviceTypeInfo@@@@QAE@PAU?$QMapNode@VQString@@VdeviceTypeInfo@@@@@Z 1004c5d0 f i instanceLookup.obj
 0002:00018620       ??0?$QMapIterator@VQString@@VinstanceInfo@@@@QAE@ABV0@@Z 1004c620 f i instanceLookup.obj
 0002:00018670       ??0?$QMapIterator@VQString@@VinstanceInfo@@@@QAE@PAU?$QMapNode@VQString@@VinstanceInfo@@@@@Z 1004c670 f i instanceLookup.obj
 0002:000186c0       ??0?$QMapIterator@VQString@@VparamInfo@@@@QAE@ABV0@@Z 1004c6c0 f i instanceLookup.obj
 0002:00018710       ??0?$QMapIterator@VQString@@VparamInfo@@@@QAE@PAU?$QMapNode@VQString@@VparamInfo@@@@@Z 1004c710 f i instanceLookup.obj
 0002:00018760       ??0?$QMapNode@VQString@@VcomplexInstance@@@@QAE@ABU0@@Z 1004c760 f i instanceLookup.obj
 0002:00018870       ??0?$QMapNode@VQString@@VcomplexInstance@@@@QAE@ABVQString@@@Z 1004c870 f i instanceLookup.obj
 0002:00018960       ??0?$QMapNode@VQString@@VcomplexInstance@@@@QAE@XZ 1004c960 f i instanceLookup.obj
 0002:00018a30       ??0?$QMapNode@VQString@@VcomplexParam@@@@QAE@ABU0@@Z 1004ca30 f i instanceLookup.obj
 0002:00018b40       ??0?$QMapNode@VQString@@VcomplexParam@@@@QAE@ABVQString@@@Z 1004cb40 f i instanceLookup.obj
 0002:00018c30       ??0?$QMapNode@VQString@@VcomplexParam@@@@QAE@XZ 1004cc30 f i instanceLookup.obj
 0002:00018d00       ??0?$QMapNode@VQString@@VcomplexType@@@@QAE@ABU0@@Z 1004cd00 f i instanceLookup.obj
 0002:00018e10       ??0?$QMapNode@VQString@@VcomplexType@@@@QAE@ABVQString@@@Z 1004ce10 f i instanceLookup.obj
 0002:00018f00       ??0?$QMapNode@VQString@@VcomplexType@@@@QAE@XZ 1004cf00 f i instanceLookup.obj
 0002:00018fd0       ??0?$QMapNode@VQString@@VdeviceTypeInfo@@@@QAE@ABU0@@Z 1004cfd0 f i instanceLookup.obj
 0002:000190e0       ??0?$QMapNode@VQString@@VdeviceTypeInfo@@@@QAE@ABVQString@@@Z 1004d0e0 f i instanceLookup.obj
 0002:000191d0       ??0?$QMapNode@VQString@@VdeviceTypeInfo@@@@QAE@XZ 1004d1d0 f i instanceLookup.obj
 0002:000192a0       ??0?$QMapNode@VQString@@VinstanceInfo@@@@QAE@ABU0@@Z 1004d2a0 f i instanceLookup.obj
 0002:000193b0       ??0?$QMapNode@VQString@@VinstanceInfo@@@@QAE@ABVQString@@@Z 1004d3b0 f i instanceLookup.obj
 0002:000194a0       ??0?$QMapNode@VQString@@VinstanceInfo@@@@QAE@XZ 1004d4a0 f i instanceLookup.obj
 0002:00019570       ??0?$QMapNode@VQString@@VparamInfo@@@@QAE@ABU0@@Z 1004d570 f i instanceLookup.obj
 0002:00019680       ??0?$QMapNode@VQString@@VparamInfo@@@@QAE@ABVQString@@@Z 1004d680 f i instanceLookup.obj
 0002:00019770       ??0?$QMapNode@VQString@@VparamInfo@@@@QAE@XZ 1004d770 f i instanceLookup.obj
 0002:00019840       ??0?$QMapPrivate@VQString@@VcomplexInstance@@@@QAE@PBV0@@Z 1004d840 f i instanceLookup.obj
 0002:00019a40       ??0?$QMapPrivate@VQString@@VcomplexInstance@@@@QAE@XZ 1004da40 f i instanceLookup.obj
 0002:00019b90       ??0?$QMapPrivate@VQString@@VcomplexParam@@@@QAE@PBV0@@Z 1004db90 f i instanceLookup.obj
 0002:00019d90       ??0?$QMapPrivate@VQString@@VcomplexParam@@@@QAE@XZ 1004dd90 f i instanceLookup.obj
 0002:00019ee0       ??0?$QMapPrivate@VQString@@VcomplexType@@@@QAE@PBV0@@Z 1004dee0 f i instanceLookup.obj
 0002:0001a0e0       ??0?$QMapPrivate@VQString@@VcomplexType@@@@QAE@XZ 1004e0e0 f i instanceLookup.obj
 0002:0001a230       ??0?$QMapPrivate@VQString@@VdeviceTypeInfo@@@@QAE@PBV0@@Z 1004e230 f i instanceLookup.obj
 0002:0001a430       ??0?$QMapPrivate@VQString@@VdeviceTypeInfo@@@@QAE@XZ 1004e430 f i instanceLookup.obj
 0002:0001a580       ??0?$QMapPrivate@VQString@@VinstanceInfo@@@@QAE@PBV0@@Z 1004e580 f i instanceLookup.obj
 0002:0001a780       ??0?$QMapPrivate@VQString@@VinstanceInfo@@@@QAE@XZ 1004e780 f i instanceLookup.obj
 0002:0001a8d0       ??0?$QMapPrivate@VQString@@VparamInfo@@@@QAE@PBV0@@Z 1004e8d0 f i instanceLookup.obj
 0002:0001aad0       ??0?$QMapPrivate@VQString@@VparamInfo@@@@QAE@XZ 1004ead0 f i instanceLookup.obj
 0002:0001ac20       ??0?$QPair@V?$QMapIterator@VQString@@VcomplexInstance@@@@_N@@QAE@ABV?$QMapIterator@VQString@@VcomplexInstance@@@@AB_N@Z 1004ec20 f i instanceLookup.obj
 0002:0001ac90       ??0?$QPair@V?$QMapIterator@VQString@@VcomplexParam@@@@_N@@QAE@ABV?$QMapIterator@VQString@@VcomplexParam@@@@AB_N@Z 1004ec90 f i instanceLookup.obj
 0002:0001ad00       ??0?$QPair@V?$QMapIterator@VQString@@VcomplexType@@@@_N@@QAE@ABV?$QMapIterator@VQString@@VcomplexType@@@@AB_N@Z 1004ed00 f i instanceLookup.obj
 0002:0001ad70       ??0?$QPair@V?$QMapIterator@VQString@@VdeviceTypeInfo@@@@_N@@QAE@ABV?$QMapIterator@VQString@@VdeviceTypeInfo@@@@AB_N@Z 1004ed70 f i instanceLookup.obj
 0002:0001ade0       ??0?$QPair@V?$QMapIterator@VQString@@VinstanceInfo@@@@_N@@QAE@ABV?$QMapIterator@VQString@@VinstanceInfo@@@@AB_N@Z 1004ede0 f i instanceLookup.obj
 0002:0001ae50       ??0?$QPair@V?$QMapIterator@VQString@@VparamInfo@@@@_N@@QAE@ABV?$QMapIterator@VQString@@VparamInfo@@@@AB_N@Z 1004ee50 f i instanceLookup.obj
 0002:0001aec0       ??0?$QValueList@VcomplexInstance@@@@QAE@ABV0@@Z 1004eec0 f i instanceLookup.obj
 0002:0001af40       ??0?$QValueList@VcomplexInstance@@@@QAE@XZ 1004ef40 f i instanceLookup.obj
 0002:0001b030       ??0?$QValueList@VcomplexParam@@@@QAE@ABV0@@Z 1004f030 f i instanceLookup.obj
 0002:0001b0b0       ??0?$QValueList@VcomplexParam@@@@QAE@XZ 1004f0b0 f i instanceLookup.obj
 0002:0001b1a0       ??0?$QValueList@VcomplexType@@@@QAE@ABV0@@Z 1004f1a0 f i instanceLookup.obj
 0002:0001b220       ??0?$QValueList@VcomplexType@@@@QAE@XZ 1004f220 f i instanceLookup.obj
 0002:0001b310       ??0?$QValueList@VdeviceTypeInfo@@@@QAE@ABV0@@Z 1004f310 f i instanceLookup.obj
 0002:0001b390       ??0?$QValueList@VdeviceTypeInfo@@@@QAE@XZ 1004f390 f i instanceLookup.obj
 0002:0001b480       ??0?$QValueList@VinstanceInfo@@@@QAE@ABV0@@Z 1004f480 f i instanceLookup.obj
 0002:0001b500       ??0?$QValueList@VinstanceInfo@@@@QAE@XZ 1004f500 f i instanceLookup.obj
 0002:0001b5f0       ??0?$QValueList@VparamInfo@@@@QAE@ABV0@@Z 1004f5f0 f i instanceLookup.obj
 0002:0001b670       ??0?$QValueList@VparamInfo@@@@QAE@XZ 1004f670 f i instanceLookup.obj
 0002:0001b760       ??0?$QValueListIterator@VcomplexInstance@@@@QAE@ABV0@@Z 1004f760 f i instanceLookup.obj
 0002:0001b7b0       ??0?$QValueListIterator@VcomplexInstance@@@@QAE@PAV?$QValueListNode@VcomplexInstance@@@@@Z 1004f7b0 f i instanceLookup.obj
 0002:0001b800       ??0?$QValueListIterator@VcomplexParam@@@@QAE@ABV0@@Z 1004f800 f i instanceLookup.obj
 0002:0001b850       ??0?$QValueListIterator@VcomplexParam@@@@QAE@PAV?$QValueListNode@VcomplexParam@@@@@Z 1004f850 f i instanceLookup.obj
 0002:0001b8a0       ??0?$QValueListIterator@VcomplexType@@@@QAE@ABV0@@Z 1004f8a0 f i instanceLookup.obj
 0002:0001b8f0       ??0?$QValueListIterator@VcomplexType@@@@QAE@PAV?$QValueListNode@VcomplexType@@@@@Z 1004f8f0 f i instanceLookup.obj
 0002:0001b940       ??0?$QValueListIterator@VdeviceTypeInfo@@@@QAE@ABV0@@Z 1004f940 f i instanceLookup.obj
 0002:0001b990       ??0?$QValueListIterator@VdeviceTypeInfo@@@@QAE@PAV?$QValueListNode@VdeviceTypeInfo@@@@@Z 1004f990 f i instanceLookup.obj
 0002:0001b9e0       ??0?$QValueListIterator@VinstanceInfo@@@@QAE@ABV0@@Z 1004f9e0 f i instanceLookup.obj
 0002:0001ba30       ??0?$QValueListIterator@VinstanceInfo@@@@QAE@PAV?$QValueListNode@VinstanceInfo@@@@@Z 1004fa30 f i instanceLookup.obj
 0002:0001ba80       ??0?$QValueListIterator@VparamInfo@@@@QAE@ABV0@@Z 1004fa80 f i instanceLookup.obj
 0002:0001bad0       ??0?$QValueListIterator@VparamInfo@@@@QAE@PAV?$QValueListNode@VparamInfo@@@@@Z 1004fad0 f i instanceLookup.obj
 0002:0001bb20       ??0?$QValueListNode@VcomplexInstance@@@@QAE@ABVcomplexInstance@@@Z 1004fb20 f i instanceLookup.obj
 0002:0001bba0       ??0?$QValueListNode@VcomplexInstance@@@@QAE@XZ 1004fba0 f i instanceLookup.obj
 0002:0001bc10       ??0?$QValueListNode@VcomplexParam@@@@QAE@ABVcomplexParam@@@Z 1004fc10 f i instanceLookup.obj
 0002:0001bc90       ??0?$QValueListNode@VcomplexParam@@@@QAE@XZ 1004fc90 f i instanceLookup.obj
 0002:0001bd00       ??0?$QValueListNode@VcomplexType@@@@QAE@ABVcomplexType@@@Z 1004fd00 f i instanceLookup.obj
 0002:0001bd80       ??0?$QValueListNode@VcomplexType@@@@QAE@XZ 1004fd80 f i instanceLookup.obj
 0002:0001bdf0       ??0?$QValueListNode@VdeviceTypeInfo@@@@QAE@ABVdeviceTypeInfo@@@Z 1004fdf0 f i instanceLookup.obj
 0002:0001be70       ??0?$QValueListNode@VdeviceTypeInfo@@@@QAE@XZ 1004fe70 f i instanceLookup.obj
 0002:0001bee0       ??0?$QValueListNode@VinstanceInfo@@@@QAE@ABVinstanceInfo@@@Z 1004fee0 f i instanceLookup.obj
 0002:0001bf60       ??0?$QValueListNode@VinstanceInfo@@@@QAE@XZ 1004ff60 f i instanceLookup.obj
 0002:0001bfd0       ??0?$QValueListNode@VparamInfo@@@@QAE@ABVparamInfo@@@Z 1004ffd0 f i instanceLookup.obj
 0002:0001c050       ??0?$QValueListNode@VparamInfo@@@@QAE@XZ 10050050 f i instanceLookup.obj
 0002:0001c0c0       ??0?$QValueListPrivate@VcomplexInstance@@@@QAE@ABV0@@Z 100500c0 f i instanceLookup.obj
 0002:0001c310       ??0?$QValueListPrivate@VcomplexInstance@@@@QAE@XZ 10050310 f i instanceLookup.obj
 0002:0001c460       ??0?$QValueListPrivate@VcomplexParam@@@@QAE@ABV0@@Z 10050460 f i instanceLookup.obj
 0002:0001c6b0       ??0?$QValueListPrivate@VcomplexParam@@@@QAE@XZ 100506b0 f i instanceLookup.obj
 0002:0001c800       ??0?$QValueListPrivate@VcomplexType@@@@QAE@ABV0@@Z 10050800 f i instanceLookup.obj
 0002:0001ca50       ??0?$QValueListPrivate@VcomplexType@@@@QAE@XZ 10050a50 f i instanceLookup.obj
 0002:0001cba0       ??0?$QValueListPrivate@VdeviceTypeInfo@@@@QAE@ABV0@@Z 10050ba0 f i instanceLookup.obj
 0002:0001cdf0       ??0?$QValueListPrivate@VdeviceTypeInfo@@@@QAE@XZ 10050df0 f i instanceLookup.obj
 0002:0001cf40       ??0?$QValueListPrivate@VinstanceInfo@@@@QAE@ABV0@@Z 10050f40 f i instanceLookup.obj
 0002:0001d190       ??0?$QValueListPrivate@VinstanceInfo@@@@QAE@XZ 10051190 f i instanceLookup.obj
 0002:0001d2e0       ??0?$QValueListPrivate@VparamInfo@@@@QAE@ABV0@@Z 100512e0 f i instanceLookup.obj
 0002:0001d530       ??0?$QValueListPrivate@VparamInfo@@@@QAE@XZ 10051530 f i instanceLookup.obj
 0002:0001d680       ??1?$QMap@VQString@@VcomplexInstance@@@@QAE@XZ 10051680 f i instanceLookup.obj
 0002:0001d740       ??1?$QMap@VQString@@VcomplexParam@@@@QAE@XZ 10051740 f i instanceLookup.obj
 0002:0001d800       ??1?$QMap@VQString@@VcomplexType@@@@QAE@XZ 10051800 f i instanceLookup.obj
 0002:0001d8c0       ??1?$QMap@VQString@@VdeviceTypeInfo@@@@QAE@XZ 100518c0 f i instanceLookup.obj
 0002:0001d980       ??1?$QMap@VQString@@VinstanceInfo@@@@QAE@XZ 10051980 f i instanceLookup.obj
 0002:0001da40       ??1?$QMap@VQString@@VparamInfo@@@@QAE@XZ 10051a40 f i instanceLookup.obj
 0002:0001db00       ??1?$QMapNode@VQString@@VcomplexInstance@@@@QAE@XZ 10051b00 f i instanceLookup.obj
 0002:0001dbc0       ??1?$QMapNode@VQString@@VcomplexParam@@@@QAE@XZ 10051bc0 f i instanceLookup.obj
 0002:0001dc80       ??1?$QMapNode@VQString@@VcomplexType@@@@QAE@XZ 10051c80 f i instanceLookup.obj
 0002:0001dd40       ??1?$QMapNode@VQString@@VdeviceTypeInfo@@@@QAE@XZ 10051d40 f i instanceLookup.obj
 0002:0001de00       ??1?$QMapNode@VQString@@VinstanceInfo@@@@QAE@XZ 10051e00 f i instanceLookup.obj
 0002:0001dec0       ??1?$QMapNode@VQString@@VparamInfo@@@@QAE@XZ 10051ec0 f i instanceLookup.obj
 0002:0001df80       ??1?$QMapPrivate@VQString@@VcomplexInstance@@@@QAE@XZ 10051f80 f i instanceLookup.obj
 0002:0001e020       ??1?$QMapPrivate@VQString@@VcomplexParam@@@@QAE@XZ 10052020 f i instanceLookup.obj
 0002:0001e0c0       ??1?$QMapPrivate@VQString@@VcomplexType@@@@QAE@XZ 100520c0 f i instanceLookup.obj
 0002:0001e160       ??1?$QMapPrivate@VQString@@VdeviceTypeInfo@@@@QAE@XZ 10052160 f i instanceLookup.obj
 0002:0001e200       ??1?$QMapPrivate@VQString@@VinstanceInfo@@@@QAE@XZ 10052200 f i instanceLookup.obj
 0002:0001e2a0       ??1?$QMapPrivate@VQString@@VparamInfo@@@@QAE@XZ 100522a0 f i instanceLookup.obj
 0002:0001e340       ??1?$QValueList@VcomplexInstance@@@@QAE@XZ 10052340 f i instanceLookup.obj
 0002:0001e3a0       ??1?$QValueList@VcomplexParam@@@@QAE@XZ 100523a0 f i instanceLookup.obj
 0002:0001e400       ??1?$QValueList@VcomplexType@@@@QAE@XZ 10052400 f i instanceLookup.obj
 0002:0001e460       ??1?$QValueList@VdeviceTypeInfo@@@@QAE@XZ 10052460 f i instanceLookup.obj
 0002:0001e4c0       ??1?$QValueList@VinstanceInfo@@@@QAE@XZ 100524c0 f i instanceLookup.obj
 0002:0001e520       ??1?$QValueList@VparamInfo@@@@QAE@XZ 10052520 f i instanceLookup.obj
 0002:0001e580       ??1?$QValueListNode@VcomplexInstance@@@@UAE@XZ 10052580 f i instanceLookup.obj
 0002:0001e5f0       ??1?$QValueListNode@VcomplexParam@@@@UAE@XZ 100525f0 f i instanceLookup.obj
 0002:0001e660       ??1?$QValueListNode@VcomplexType@@@@UAE@XZ 10052660 f i instanceLookup.obj
 0002:0001e6d0       ??1?$QValueListNode@VdeviceTypeInfo@@@@UAE@XZ 100526d0 f i instanceLookup.obj
 0002:0001e740       ??1?$QValueListNode@VinstanceInfo@@@@UAE@XZ 10052740 f i instanceLookup.obj
 0002:0001e7b0       ??1?$QValueListNode@VparamInfo@@@@UAE@XZ 100527b0 f i instanceLookup.obj
 0002:0001e820       ??1?$QValueListPrivate@VcomplexInstance@@@@UAE@XZ 10052820 f i instanceLookup.obj
 0002:0001e970       ??1?$QValueListPrivate@VcomplexParam@@@@UAE@XZ 10052970 f i instanceLookup.obj
 0002:0001eac0       ??1?$QValueListPrivate@VcomplexType@@@@UAE@XZ 10052ac0 f i instanceLookup.obj
 0002:0001ec10       ??1?$QValueListPrivate@VdeviceTypeInfo@@@@UAE@XZ 10052c10 f i instanceLookup.obj
 0002:0001ed60       ??1?$QValueListPrivate@VinstanceInfo@@@@UAE@XZ 10052d60 f i instanceLookup.obj
 0002:0001eeb0       ??1?$QValueListPrivate@VparamInfo@@@@UAE@XZ 10052eb0 f i instanceLookup.obj
 0002:0001f000       ??4?$QMap@VQString@@VcomplexInstance@@@@QAEAAV0@ABV0@@Z 10053000 f i instanceLookup.obj
 0002:0001f0f0       ??4?$QMap@VQString@@VcomplexParam@@@@QAEAAV0@ABV0@@Z 100530f0 f i instanceLookup.obj
 0002:0001f1e0       ??4?$QMap@VQString@@VcomplexType@@@@QAEAAV0@ABV0@@Z 100531e0 f i instanceLookup.obj
 0002:0001f2d0       ??4?$QMap@VQString@@VdeviceTypeInfo@@@@QAEAAV0@ABV0@@Z 100532d0 f i instanceLookup.obj
 0002:0001f3c0       ??4?$QMap@VQString@@VinstanceInfo@@@@QAEAAV0@ABV0@@Z 100533c0 f i instanceLookup.obj
 0002:0001f4b0       ??4?$QMap@VQString@@VparamInfo@@@@QAEAAV0@ABV0@@Z 100534b0 f i instanceLookup.obj
 0002:0001f5a0       ??8?$QMapIterator@VQString@@VcomplexInstance@@@@QBE_NABV0@@Z 100535a0 f i instanceLookup.obj
 0002:0001f610       ??8?$QMapIterator@VQString@@VcomplexParam@@@@QBE_NABV0@@Z 10053610 f i instanceLookup.obj
 0002:0001f680       ??8?$QMapIterator@VQString@@VcomplexType@@@@QBE_NABV0@@Z 10053680 f i instanceLookup.obj
 0002:0001f6f0       ??8?$QMapIterator@VQString@@VdeviceTypeInfo@@@@QBE_NABV0@@Z 100536f0 f i instanceLookup.obj
 0002:0001f760       ??8?$QMapIterator@VQString@@VinstanceInfo@@@@QBE_NABV0@@Z 10053760 f i instanceLookup.obj
 0002:0001f7d0       ??8?$QMapIterator@VQString@@VparamInfo@@@@QBE_NABV0@@Z 100537d0 f i instanceLookup.obj
 0002:0001f840       ??9?$QMapConstIterator@VQString@@VcomplexInstance@@@@QBE_NABV0@@Z 10053840 f i instanceLookup.obj
 0002:0001f8b0       ??9?$QMapConstIterator@VQString@@VcomplexParam@@@@QBE_NABV0@@Z 100538b0 f i instanceLookup.obj
 0002:0001f920       ??9?$QMapConstIterator@VQString@@VcomplexType@@@@QBE_NABV0@@Z 10053920 f i instanceLookup.obj
 0002:0001f990       ??9?$QMapConstIterator@VQString@@VdeviceTypeInfo@@@@QBE_NABV0@@Z 10053990 f i instanceLookup.obj
 0002:0001fa00       ??9?$QMapConstIterator@VQString@@VinstanceInfo@@@@QBE_NABV0@@Z 10053a00 f i instanceLookup.obj
 0002:0001fa70       ??9?$QMapConstIterator@VQString@@VparamInfo@@@@QBE_NABV0@@Z 10053a70 f i instanceLookup.obj
 0002:0001fae0       ??9?$QMapIterator@VQString@@VcomplexInstance@@@@QBE_NABV0@@Z 10053ae0 f i instanceLookup.obj
 0002:0001fb50       ??9?$QMapIterator@VQString@@VcomplexParam@@@@QBE_NABV0@@Z 10053b50 f i instanceLookup.obj
 0002:0001fbc0       ??9?$QMapIterator@VQString@@VcomplexType@@@@QBE_NABV0@@Z 10053bc0 f i instanceLookup.obj
 0002:0001fc30       ??9?$QMapIterator@VQString@@VdeviceTypeInfo@@@@QBE_NABV0@@Z 10053c30 f i instanceLookup.obj
 0002:0001fca0       ??9?$QMapIterator@VQString@@VinstanceInfo@@@@QBE_NABV0@@Z 10053ca0 f i instanceLookup.obj
 0002:0001fd10       ??9?$QMapIterator@VQString@@VparamInfo@@@@QBE_NABV0@@Z 10053d10 f i instanceLookup.obj
 0002:0001fd80       ??9?$QValueListIterator@VcomplexInstance@@@@QBE_NABV0@@Z 10053d80 f i instanceLookup.obj
 0002:0001fdf0       ??9?$QValueListIterator@VcomplexParam@@@@QBE_NABV0@@Z 10053df0 f i instanceLookup.obj
 0002:0001fe60       ??9?$QValueListIterator@VcomplexType@@@@QBE_NABV0@@Z 10053e60 f i instanceLookup.obj
 0002:0001fed0       ??9?$QValueListIterator@VdeviceTypeInfo@@@@QBE_NABV0@@Z 10053ed0 f i instanceLookup.obj
 0002:0001ff40       ??9?$QValueListIterator@VinstanceInfo@@@@QBE_NABV0@@Z 10053f40 f i instanceLookup.obj
 0002:0001ffb0       ??9?$QValueListIterator@VparamInfo@@@@QBE_NABV0@@Z 10053fb0 f i instanceLookup.obj
 0002:00020020       ??A?$QMap@VQString@@VcomplexInstance@@@@QAEAAVcomplexInstance@@ABVQString@@@Z 10054020 f i instanceLookup.obj
 0002:00020190       ??A?$QMap@VQString@@VcomplexInstance@@@@QBEABVcomplexInstance@@ABVQString@@@Z 10054190 f i instanceLookup.obj
 0002:00020200       ??A?$QMap@VQString@@VcomplexParam@@@@QAEAAVcomplexParam@@ABVQString@@@Z 10054200 f i instanceLookup.obj
 0002:00020370       ??A?$QMap@VQString@@VcomplexParam@@@@QBEABVcomplexParam@@ABVQString@@@Z 10054370 f i instanceLookup.obj
 0002:000203e0       ??A?$QMap@VQString@@VcomplexType@@@@QAEAAVcomplexType@@ABVQString@@@Z 100543e0 f i instanceLookup.obj
 0002:00020550       ??A?$QMap@VQString@@VcomplexType@@@@QBEABVcomplexType@@ABVQString@@@Z 10054550 f i instanceLookup.obj
 0002:000205c0       ??A?$QMap@VQString@@VdeviceTypeInfo@@@@QAEAAVdeviceTypeInfo@@ABVQString@@@Z 100545c0 f i instanceLookup.obj
 0002:00020730       ??A?$QMap@VQString@@VdeviceTypeInfo@@@@QBEABVdeviceTypeInfo@@ABVQString@@@Z 10054730 f i instanceLookup.obj
 0002:000207a0       ??A?$QMap@VQString@@VinstanceInfo@@@@QAEAAVinstanceInfo@@ABVQString@@@Z 100547a0 f i instanceLookup.obj
 0002:00020910       ??A?$QMap@VQString@@VinstanceInfo@@@@QBEABVinstanceInfo@@ABVQString@@@Z 10054910 f i instanceLookup.obj
 0002:00020980       ??A?$QMap@VQString@@VparamInfo@@@@QAEAAVparamInfo@@ABVQString@@@Z 10054980 f i instanceLookup.obj
 0002:00020af0       ??A?$QMap@VQString@@VparamInfo@@@@QBEABVparamInfo@@ABVQString@@@Z 10054af0 f i instanceLookup.obj
 0002:00020b60       ??D?$QMapConstIterator@VQString@@VcomplexInstance@@@@QBEABVcomplexInstance@@XZ 10054b60 f i instanceLookup.obj
 0002:00020ba0       ??D?$QMapConstIterator@VQString@@VcomplexParam@@@@QBEABVcomplexParam@@XZ 10054ba0 f i instanceLookup.obj
 0002:00020be0       ??D?$QMapConstIterator@VQString@@VcomplexType@@@@QBEABVcomplexType@@XZ 10054be0 f i instanceLookup.obj
 0002:00020c20       ??D?$QMapConstIterator@VQString@@VdeviceTypeInfo@@@@QBEABVdeviceTypeInfo@@XZ 10054c20 f i instanceLookup.obj
 0002:00020c60       ??D?$QMapConstIterator@VQString@@VinstanceInfo@@@@QBEABVinstanceInfo@@XZ 10054c60 f i instanceLookup.obj
 0002:00020ca0       ??D?$QMapConstIterator@VQString@@VparamInfo@@@@QBEABVparamInfo@@XZ 10054ca0 f i instanceLookup.obj
 0002:00020ce0       ??D?$QValueListIterator@VcomplexInstance@@@@QAEAAVcomplexInstance@@XZ 10054ce0 f i instanceLookup.obj
 0002:00020d20       ??D?$QValueListIterator@VcomplexParam@@@@QAEAAVcomplexParam@@XZ 10054d20 f i instanceLookup.obj
 0002:00020d60       ??D?$QValueListIterator@VcomplexType@@@@QAEAAVcomplexType@@XZ 10054d60 f i instanceLookup.obj
 0002:00020da0       ??D?$QValueListIterator@VdeviceTypeInfo@@@@QAEAAVdeviceTypeInfo@@XZ 10054da0 f i instanceLookup.obj
 0002:00020de0       ??D?$QValueListIterator@VinstanceInfo@@@@QAEAAVinstanceInfo@@XZ 10054de0 f i instanceLookup.obj
 0002:00020e20       ??D?$QValueListIterator@VparamInfo@@@@QAEAAVparamInfo@@XZ 10054e20 f i instanceLookup.obj
 0002:00020e60       ??E?$QMapConstIterator@VQString@@VcomplexInstance@@@@QAEAAV0@XZ 10054e60 f i instanceLookup.obj
 0002:00020ec0       ??E?$QMapConstIterator@VQString@@VcomplexParam@@@@QAEAAV0@XZ 10054ec0 f i instanceLookup.obj
 0002:00020f20       ??E?$QMapConstIterator@VQString@@VcomplexType@@@@QAEAAV0@XZ 10054f20 f i instanceLookup.obj
 0002:00020f80       ??E?$QMapConstIterator@VQString@@VdeviceTypeInfo@@@@QAEAAV0@XZ 10054f80 f i instanceLookup.obj
 0002:00020fe0       ??E?$QMapConstIterator@VQString@@VinstanceInfo@@@@QAEAAV0@XZ 10054fe0 f i instanceLookup.obj
 0002:00021040       ??E?$QMapConstIterator@VQString@@VparamInfo@@@@QAEAAV0@XZ 10055040 f i instanceLookup.obj
 0002:000210a0       ??E?$QValueListIterator@VcomplexInstance@@@@QAE?AV0@H@Z 100550a0 f i instanceLookup.obj
 0002:00021150       ??E?$QValueListIterator@VcomplexParam@@@@QAE?AV0@H@Z 10055150 f i instanceLookup.obj
 0002:00021200       ??E?$QValueListIterator@VcomplexType@@@@QAE?AV0@H@Z 10055200 f i instanceLookup.obj
 0002:000212b0       ??E?$QValueListIterator@VdeviceTypeInfo@@@@QAE?AV0@H@Z 100552b0 f i instanceLookup.obj
 0002:00021360       ??E?$QValueListIterator@VinstanceInfo@@@@QAE?AV0@H@Z 10055360 f i instanceLookup.obj
 0002:00021410       ??E?$QValueListIterator@VparamInfo@@@@QAE?AV0@H@Z 10055410 f i instanceLookup.obj
 0002:000214c0       ??F?$QMapIterator@VQString@@VcomplexInstance@@@@QAEAAV0@XZ 100554c0 f i instanceLookup.obj
 0002:00021520       ??F?$QMapIterator@VQString@@VcomplexParam@@@@QAEAAV0@XZ 10055520 f i instanceLookup.obj
 0002:00021580       ??F?$QMapIterator@VQString@@VcomplexType@@@@QAEAAV0@XZ 10055580 f i instanceLookup.obj
 0002:000215e0       ??F?$QMapIterator@VQString@@VdeviceTypeInfo@@@@QAEAAV0@XZ 100555e0 f i instanceLookup.obj
 0002:00021640       ??F?$QMapIterator@VQString@@VinstanceInfo@@@@QAEAAV0@XZ 10055640 f i instanceLookup.obj
 0002:000216a0       ??F?$QMapIterator@VQString@@VparamInfo@@@@QAEAAV0@XZ 100556a0 f i instanceLookup.obj
 0002:00021700       ??_G?$QMapNode@VQString@@VcomplexInstance@@@@QAEPAXI@Z 10055700 f i instanceLookup.obj
 0002:00021770       ??_G?$QMapNode@VQString@@VcomplexParam@@@@QAEPAXI@Z 10055770 f i instanceLookup.obj
 0002:000217e0       ??_G?$QMapNode@VQString@@VcomplexType@@@@QAEPAXI@Z 100557e0 f i instanceLookup.obj
 0002:00021850       ??_G?$QMapNode@VQString@@VdeviceTypeInfo@@@@QAEPAXI@Z 10055850 f i instanceLookup.obj
 0002:000218c0       ??_G?$QMapNode@VQString@@VinstanceInfo@@@@QAEPAXI@Z 100558c0 f i instanceLookup.obj
[...]
 0005:000001e8       __imp_??4complexType@@QAEAAV0@ABV0@@Z 100ba1e8     bncs_cachedDatadb:bncs_cachedDatadb.dll
 0005:000001ec       __imp_??0complexType@@QAE@ABV0@@Z 100ba1ec     bncs_cachedDatadb:bncs_cachedDatadb.dll
 0005:000001f0       __imp_??1complexType@@UAE@XZ 100ba1f0     bncs_cachedDatadb:bncs_cachedDatadb.dll
 0005:000001f4       __imp_??0complexType@@QAE@XZ 100ba1f4     bncs_cachedDatadb:bncs_cachedDatadb.dll
 0005:000001f8       __imp_??4complexInstance@@QAEAAV0@ABV0@@Z 100ba1f8     bncs_cachedDatadb:bncs_cachedDatadb.dll
 0005:000001fc       __imp_??0complexInstance@@QAE@ABV0@@Z 100ba1fc     bncs_cachedDatadb:bncs_cachedDatadb.dll
 0005:00000200       __imp_??1complexInstance@@UAE@XZ 100ba200     bncs_cachedDatadb:bncs_cachedDatadb.dll
 0005:00000204       __imp_??0complexInstance@@QAE@XZ 100ba204     bncs_cachedDatadb:bncs_cachedDatadb.dll
 0005:00000208       __imp_??4complexParam@@QAEAAV0@ABV0@@Z 100ba208     bncs_cachedDatadb:bncs_cachedDatadb.dll
 0005:0000020c       __imp_??0complexParam@@QAE@ABV0@@Z 100ba20c     bncs_cachedDatadb:bncs_cachedDatadb.dll
 0005:00000210       __imp_??1complexParam@@UAE@XZ 100ba210     bncs_cachedDatadb:bncs_cachedDatadb.dll
 0005:00000214       __imp_??0complexParam@@QAE@XZ 100ba214     bncs_cachedDatadb:bncs_cachedDatadb.dll
 0005:00000218       __imp_??4deviceTypeInfo@@QAEAAV0@ABV0@@Z 100ba218     bncs_cachedDatadb:bncs_cachedDatadb.dll
 0005:0000021c       __imp_??0deviceTypeInfo@@QAE@ABV0@@Z 100ba21c     bncs_cachedDatadb:bncs_cachedDatadb.dll
 0005:00000220       __imp_??1deviceTypeInfo@@UAE@XZ 100ba220     bncs_cachedDatadb:bncs_cachedDatadb.dll
 0005:00000224       __imp_??0deviceTypeInfo@@QAE@XZ 100ba224     bncs_cachedDatadb:bncs_cachedDatadb.dll
 0005:00000228       __imp_??4paramInfo@@QAEAAV0@ABV0@@Z 100ba228     bncs_cachedDatadb:bncs_cachedDatadb.dll
 0005:0000022c       __imp_??0paramInfo@@QAE@ABV0@@Z 100ba22c     bncs_cachedDatadb:bncs_cachedDatadb.dll
 0005:00000230       __imp_??1paramInfo@@UAE@XZ 100ba230     bncs_cachedDatadb:bncs_cachedDatadb.dll
 0005:00000234       __imp_??0paramInfo@@QAE@XZ 100ba234     bncs_cachedDatadb:bncs_cachedDatadb.dll
 0005:00000238       __imp_??0instanceInfo@@QAE@ABV0@@Z 100ba238     bncs_cachedDatadb:bncs_cachedDatadb.dll
 0005:0000023c       __imp_??1instanceInfo@@UAE@XZ 100ba23c     bncs_cachedDatadb:bncs_cachedDatadb.dll
 0005:00000240       __imp_??0instanceInfo@@QAE@XZ 100ba240     bncs_cachedDatadb:bncs_cachedDatadb.dll
 0005:00000244       \177bncs_cachedDatadb_NULL_THUNK_DATA 100ba244     bncs_cachedDatadb:bncs_cachedDatadb.dll
 0005:00000284       __imp_??Bbncs_string@@QBEPBDXZ 100ba284     bncs_stringdb:bncs_stringdb.dll
 0005:00000288       __imp_??1bncs_string@@UAE@XZ 100ba288     bncs_stringdb:bncs_stringdb.dll
 0005:0000028c       __imp_??0bncs_string@@QAE@PBD@Z 100ba28c     bncs_stringdb:bncs_stringdb.dll
 0005:00000290       __imp_??4bncs_string@@QAEAAV0@PBD@Z 100ba290     bncs_stringdb:bncs_stringdb.dll
 0005:00000294       \177bncs_stringdb_NULL_THUNK_DATA 100ba294     bncs_stringdb:bncs_stringdb.dll
 0005:000002c0       __imp_??0QShared@@QAE@XZ   100ba2c0     qt-mt323:qt-mt323.dll
 0005:000002c4       __imp_?ref@QShared@@QAEXXZ 100ba2c4     qt-mt323:qt-mt323.dll
 0005:000002c8       __imp_?deref@QShared@@QAE_NXZ 100ba2c8     qt-mt323:qt-mt323.dll
 0005:000002cc       __imp_??0QString@@QAE@XZ   100ba2cc     qt-mt323:qt-mt323.dll
 0005:000002d0       __imp_?length@QString@@QBEIXZ 100ba2d0     qt-mt323:qt-mt323.dll
 0005:000002d4       __imp_??0?$QValueList@VQString@@@@QAE@XZ 100ba2d4     qt-mt323:qt-mt323.dll
 0005:000002d8       __imp_??0?$QValueList@VQString@@@@QAE@ABV0@@Z 100ba2d8     qt-mt323:qt-mt323.dll
 0005:000002dc       __imp_??1?$QValueList@VQString@@@@QAE@XZ 100ba2dc     qt-mt323:qt-mt323.dll
 0005:000002e0       __imp_?append@?$QValueList@VQString@@@@QAE?AV?$QValueListIterator@VQString@@@@ABVQString@@@Z 100ba2e0     qt-mt323:qt-mt323.dll
 0005:000002e4       __imp_?minimum@QMapNodeBase@@QAEPAU1@XZ 100ba2e4     qt-mt323:qt-mt323.dll
 0005:000002e8       __imp_?maximum@QMapNodeBase@@QAEPAU1@XZ 100ba2e8     qt-mt323:qt-mt323.dll
 0005:000002ec       __imp_??0QMapPrivateBase@@QAE@XZ 100ba2ec     qt-mt323:qt-mt323.dll
 0005:000002f0       __imp_??0QMapPrivateBase@@QAE@PBV0@@Z 100ba2f0     qt-mt323:qt-mt323.dll
 0005:000002f4       __imp_?rebalance@QMapPrivateBase@@QAEXPAUQMapNodeBase@@AAPAU2@@Z 100ba2f4     qt-mt323:qt-mt323.dll
 0005:000002f8       __imp_?removeAndRebalance@QMapPrivateBase@@QAEPAUQMapNodeBase@@PAU2@AAPAU2@11@Z 100ba2f8     qt-mt323:qt-mt323.dll
 0005:000002fc       __imp_?arg@QString@@QBE?AV1@HHH@Z 100ba2fc     qt-mt323:qt-mt323.dll
 0005:00000300       __imp_?toInt@QString@@QBEHPA_NH@Z 100ba300     qt-mt323:qt-mt323.dll
 0005:00000304       __imp_??8@YA_NABVQString@@PBD@Z 100ba304     qt-mt323:qt-mt323.dll
 0005:00000308       __imp_??H@YA?BVQString@@PBDABV0@@Z 100ba308     qt-mt323:qt-mt323.dll
 0005:0000030c       __imp_?setAttribute@QDomElement@@QAEXABVQString@@H@Z 100ba30c     qt-mt323:qt-mt323.dll
 0005:00000310       __imp_??4QString@@QAEAAV0@PBD@Z 100ba310     qt-mt323:qt-mt323.dll
 0005:00000314       __imp_?lower@QString@@QBE?AV1@XZ 100ba314     qt-mt323:qt-mt323.dll
 0005:00000318       __imp_??9@YA_NABVQString@@PBD@Z 100ba318     qt-mt323:qt-mt323.dll
 0005:0000031c       __imp_?qstrcmp@@YAHPBD0@Z  100ba31c     qt-mt323:qt-mt323.dll
 0005:00000320       __imp_?fromLatin1@QString@@SA?AV1@PBDH@Z 100ba320     qt-mt323:qt-mt323.dll
 0005:00000324       __imp_?fromUtf8@QString@@SA?AV1@PBDH@Z 100ba324     qt-mt323:qt-mt323.dll
 0005:00000328       __imp_?qt_cast@QObject@@UAEPAXPBD@Z 100ba328     qt-mt323:qt-mt323.dll
 0005:0000032c       __imp_?qt_invoke@QObject@@UAE_NHPAUQUObject@@@Z 100ba32c     qt-mt323:qt-mt323.dll
 0005:00000330       __imp_?nodeType@QDomDocument@@UBE?AW4NodeType@QDomNode@@XZ 100ba330     qt-mt323:qt-mt323.dll
 0005:00000334       __imp_??0QFile@@QAE@ABVQString@@@Z 100ba334     qt-mt323:qt-mt323.dll
 0005:00000338       __imp_?staticMetaObject@QObject@@SAPAVQMetaObject@@XZ 100ba338     qt-mt323:qt-mt323.dll
 0005:0000033c       __imp_?signalsBlocked@QObject@@QBE_NXZ 100ba33c     qt-mt323:qt-mt323.dll
 0005:00000340       __imp_?receivers@QObject@@IBEPAVQConnectionList@@H@Z 100ba340     qt-mt323:qt-mt323.dll
 0005:00000344       __imp_?activate_signal@QObject@@IAEXHVQString@@@Z 100ba344     qt-mt323:qt-mt323.dll
 0005:00000348       __imp_?activate_signal_bool@QObject@@IAEXH_N@Z 100ba348     qt-mt323:qt-mt323.dll
 0005:0000034c       __imp_?activate_signal@QObject@@IAEXPAVQConnectionList@@PAUQUObject@@@Z 100ba34c     qt-mt323:qt-mt323.dll
 0005:00000350       __imp_?signalOffset@QMetaObject@@QBEHXZ 100ba350     qt-mt323:qt-mt323.dll
 0005:00000354       __imp_?new_metaobject@QMetaObject@@SAPAV1@PBDPAV1@QBUQMetaData@@H2HQBVQMetaProperty@@HQBUQMetaEnum@@HQBUQClassInfo@@H@Z 100ba354     qt-mt323:qt-mt323.dll
 0005:00000358       __imp_??0QMetaObjectCleanUp@@QAE@PBDP6APAVQMetaObject@@XZ@Z 100ba358     qt-mt323:qt-mt323.dll
 0005:0000035c       __imp_??1QMetaObjectCleanUp@@QAE@XZ 100ba35c     qt-mt323:qt-mt323.dll
 0005:00000360       __imp_?setMetaObject@QMetaObjectCleanUp@@QAEXAAPAVQMetaObject@@@Z 100ba360     qt-mt323:qt-mt323.dll
 0005:00000364       __imp_?translate@QApplication@@QBE?AVQString@@PBD00W4Encoding@1@@Z 100ba364     qt-mt323:qt-mt323.dll
 0005:00000368       __imp_??0QUObject@@QAE@XZ  100ba368     qt-mt323:qt-mt323.dll
 0005:0000036c       __imp_??1QUObject@@QAE@XZ  100ba36c     qt-mt323:qt-mt323.dll
 0005:00000370       __imp_?get@QUType_bool@@QAEAA_NPAUQUObject@@@Z 100ba370     qt-mt323:qt-mt323.dll
 0005:00000374       __imp_?set@QUType_QString@@QAEXPAUQUObject@@ABVQString@@@Z 100ba374     qt-mt323:qt-mt323.dll
 0005:00000378       __imp_?get@QUType_QString@@QAEAAVQString@@PAUQUObject@@@Z 100ba378     qt-mt323:qt-mt323.dll
 0005:0000037c       __imp_?qApp@@3PAVQApplication@@A 100ba37c     qt-mt323:qt-mt323.dll
 0005:00000380       __imp_?static_QUType_bool@@3UQUType_bool@@A 100ba380     qt-mt323:qt-mt323.dll
 0005:00000384       __imp_?static_QUType_QString@@3UQUType_QString@@A 100ba384     qt-mt323:qt-mt323.dll
 0005:00000388       __imp_?set@QUType_ptr@@QAEXPAUQUObject@@PBX@Z 100ba388     qt-mt323:qt-mt323.dll
 0005:0000038c       __imp_?get@QUType_ptr@@QAEAAPAXPAUQUObject@@@Z 100ba38c     qt-mt323:qt-mt323.dll
 0005:00000390       __imp_?set@QUType_bool@@QAEXPAUQUObject@@_N@Z 100ba390     qt-mt323:qt-mt323.dll
 0005:00000394       __imp_?set@QUType_int@@QAEXPAUQUObject@@H@Z 100ba394     qt-mt323:qt-mt323.dll
 0005:00000398       __imp_?get@QUType_int@@QAEAAHPAUQUObject@@@Z 100ba398     qt-mt323:qt-mt323.dll
 0005:0000039c       __imp_?static_QUType_ptr@@3UQUType_ptr@@A 100ba39c     qt-mt323:qt-mt323.dll
 0005:000003a0       __imp_?static_QUType_int@@3UQUType_int@@A 100ba3a0     qt-mt323:qt-mt323.dll
 0005:000003a4       __imp_?isDocument@QDomDocument@@UBE_NXZ 100ba3a4     qt-mt323:qt-mt323.dll
 0005:000003a8       __imp_?close@QFile@@UAEXXZ 100ba3a8     qt-mt323:qt-mt323.dll
 0005:000003ac       __imp_?open@QFile@@UAE_NH@Z 100ba3ac     qt-mt323:qt-mt323.dll
 0005:000003b0       __imp_?setName@QObject@@UAEXPBD@Z 100ba3b0     qt-mt323:qt-mt323.dll
 0005:000003b4       __imp_??1QFile@@UAE@XZ     100ba3b4     qt-mt323:qt-mt323.dll
 0005:000003b8       __imp_??1QStringList@@QAE@XZ 100ba3b8     qt-mt323:qt-mt323.dll
 0005:000003bc       __imp_?split@QStringList@@SA?AV1@ABVQString@@0_N@Z 100ba3bc     qt-mt323:qt-mt323.dll
 0005:000003c0       __imp_?count@?$QValueList@VQString@@@@QBEIXZ 100ba3c0     qt-mt323:qt-mt323.dll
 0005:000003c4       __imp_?setNodeValue@QDomNode@@UAEXABVQString@@@Z 100ba3c4     qt-mt323:qt-mt323.dll
 0005:000003c8       __imp_??A?$QValueList@VQString@@@@QAEAAVQString@@I@Z 100ba3c8     qt-mt323:qt-mt323.dll
 0005:000003cc       __imp_??6QTextStream@@QAEAAV0@ABVQString@@@Z 100ba3cc     qt-mt323:qt-mt323.dll
 0005:000003d0       __imp_??1QTextStream@@UAE@XZ 100ba3d0     qt-mt323:qt-mt323.dll
 0005:000003d4       __imp_??0QTextStream@@QAE@PAVQIODevice@@@Z 100ba3d4     qt-mt323:qt-mt323.dll
 0005:000003d8       __imp_??1QDomText@@UAE@XZ  100ba3d8     qt-mt323:qt-mt323.dll
 0005:000003dc       __imp_?tagName@QDomElement@@QBE?AVQString@@XZ 100ba3dc     qt-mt323:qt-mt323.dll
 0005:000003e0       __imp_?data@QDomCharacterData@@UBE?AVQString@@XZ 100ba3e0     qt-mt323:qt-mt323.dll
 0005:000003e4       __imp_?toString@QDomDocument@@QBE?AVQString@@XZ 100ba3e4     qt-mt323:qt-mt323.dll
 0005:000003e8       __imp_?setContent@QDomDocument@@QAE_NPAVQIODevice@@PAVQString@@PAH2@Z 100ba3e8     qt-mt323:qt-mt323.dll
 0005:000003ec       __imp_??1QDomDocument@@UAE@XZ 100ba3ec     qt-mt323:qt-mt323.dll
 0005:000003f0       __imp_??0QDomDocument@@QAE@XZ 100ba3f0     qt-mt323:qt-mt323.dll
 0005:000003f4       __imp_?toText@QDomNode@@QAE?AVQDomText@@XZ 100ba3f4     qt-mt323:qt-mt323.dll
 0005:000003f8       __imp_??H@YA?BVQString@@ABV0@PBD@Z 100ba3f8     qt-mt323:qt-mt323.dll
 0005:000003fc       __imp_??H@YA?BVQString@@ABV0@0@Z 100ba3fc     qt-mt323:qt-mt323.dll
 0005:00000400       __imp_??M@YA_NABVQString@@0@Z 100ba400     qt-mt323:qt-mt323.dll
 0005:00000404       __imp_??BQString@@QBEPBDXZ 100ba404     qt-mt323:qt-mt323.dll
 0005:00000408       __imp_?latin1@QString@@QBEPBDXZ 100ba408     qt-mt323:qt-mt323.dll
 0005:0000040c       __imp_?isNull@QString@@QBE_NXZ 100ba40c     qt-mt323:qt-mt323.dll
 0005:00000410       __imp_?qDebug@@YAXPBDZZ    100ba410     qt-mt323:qt-mt323.dll
 0005:00000414       __imp_?null@QString@@2V1@A 100ba414     qt-mt323:qt-mt323.dll
 0005:00000418       __imp_?timerEvent@QObject@@MAEXPAVQTimerEvent@@@Z 100ba418     qt-mt323:qt-mt323.dll
 0005:0000041c       __imp_?setProperty@QObject@@UAE_NPBDABVQVariant@@@Z 100ba41c     qt-mt323:qt-mt323.dll
 0005:00000420       __imp_?setPrefix@QDomNode@@UAEXABVQString@@@Z 100ba420     qt-mt323:qt-mt323.dll
 0005:00000424       __imp_?qt_property@QObject@@UAE_NHHPAVQVariant@@@Z 100ba424     qt-mt323:qt-mt323.dll
 0005:00000428       __imp_?replaceChild@QDomNode@@UAE?AV1@ABV1@0@Z 100ba428     qt-mt323:qt-mt323.dll
 0005:0000042c       __imp_?removeChild@QObject@@UAEXPAV1@@Z 100ba42c     qt-mt323:qt-mt323.dll
 0005:00000430       __imp_?property@QObject@@UBE?AVQVariant@@PBD@Z 100ba430     qt-mt323:qt-mt323.dll
 0005:00000434       __imp_?previousSibling@QDomNode@@UBE?AV1@XZ 100ba434     qt-mt323:qt-mt323.dll
 0005:00000438       __imp_?prefix@QDomNode@@UBE?AVQString@@XZ 100ba438     qt-mt323:qt-mt323.dll
 0005:0000043c       __imp_?parentNode@QDomNode@@UBE?AV1@XZ 100ba43c     qt-mt323:qt-mt323.dll
 0005:00000440       __imp_?ownerDocument@QDomNode@@UBE?AVQDomDocument@@XZ 100ba440     qt-mt323:qt-mt323.dll
 0005:00000444       __imp_?normalize@QDomNode@@UAEXXZ 100ba444     qt-mt323:qt-mt323.dll
 0005:00000448       __imp_?nodeValue@QDomNode@@UBE?AVQString@@XZ 100ba448     qt-mt323:qt-mt323.dll
 0005:0000044c       __imp_?nodeType@QDomNode@@UBE?AW4NodeType@1@XZ 100ba44c     qt-mt323:qt-mt323.dll
 0005:00000450       __imp_?nodeName@QDomNode@@UBE?AVQString@@XZ 100ba450     qt-mt323:qt-mt323.dll
 0005:00000454       __imp_?namespaceURI@QDomNode@@UBE?AVQString@@XZ 100ba454     qt-mt323:qt-mt323.dll
 0005:00000458       __imp_?localName@QDomNode@@UBE?AVQString@@XZ 100ba458     qt-mt323:qt-mt323.dll
 0005:0000045c       __imp_?lastChild@QDomNode@@UBE?AV1@XZ 100ba45c     qt-mt323:qt-mt323.dll
 0005:00000460       __imp_?isText@QDomNode@@UBE_NXZ 100ba460     qt-mt323:qt-mt323.dll
 0005:00000464       __imp_?isSupported@QDomNode@@UBE_NABVQString@@0@Z 100ba464     qt-mt323:qt-mt323.dll
 0005:00000468       __imp_?isProcessingInstruction@QDomNode@@UBE_NXZ 100ba468     qt-mt323:qt-mt323.dll
 0005:0000046c       __imp_?isNotation@QDomNode@@UBE_NXZ 100ba46c     qt-mt323:qt-mt323.dll
 0005:00000470       __imp_?isEntityReference@QDomNode@@UBE_NXZ 100ba470     qt-mt323:qt-mt323.dll
 0005:00000474       __imp_?isEntity@QDomNode@@UBE_NXZ 100ba474     qt-mt323:qt-mt323.dll
 0005:00000478       __imp_?isElement@QDomNode@@UBE_NXZ 100ba478     qt-mt323:qt-mt323.dll
 0005:0000047c       __imp_?isDocumentType@QDomNode@@UBE_NXZ 100ba47c     qt-mt323:qt-mt323.dll
 0005:00000480       __imp_?isDocumentFragment@QDomNode@@UBE_NXZ 100ba480     qt-mt323:qt-mt323.dll
 0005:00000484       __imp_?isDocument@QDomNode@@UBE_NXZ 100ba484     qt-mt323:qt-mt323.dll
 0005:00000488       __imp_?isComment@QDomNode@@UBE_NXZ 100ba488     qt-mt323:qt-mt323.dll
 0005:0000048c       __imp_?isCharacterData@QDomNode@@UBE_NXZ 100ba48c     qt-mt323:qt-mt323.dll
 0005:00000490       __imp_?isCDATASection@QDomNode@@UBE_NXZ 100ba490     qt-mt323:qt-mt323.dll
 0005:00000494       __imp_?isAttr@QDomNode@@UBE_NXZ 100ba494     qt-mt323:qt-mt323.dll
 0005:00000498       __imp_?insertChild@QObject@@UAEXPAV1@@Z 100ba498     qt-mt323:qt-mt323.dll
 0005:0000049c       __imp_?insertBefore@QDomNode@@UAE?AV1@ABV1@0@Z 100ba49c     qt-mt323:qt-mt323.dll
 0005:000004a0       __imp_?insertAfter@QDomNode@@UAE?AV1@ABV1@0@Z 100ba4a0     qt-mt323:qt-mt323.dll
 0005:000004a4       __imp_?hasChildNodes@QDomNode@@UBE_NXZ 100ba4a4     qt-mt323:qt-mt323.dll
 0005:000004a8       __imp_?hasAttributes@QDomNode@@UBE_NXZ 100ba4a8     qt-mt323:qt-mt323.dll
 0005:000004ac       __imp_?eventFilter@QObject@@UAE_NPAV1@PAVQEvent@@@Z 100ba4ac     qt-mt323:qt-mt323.dll
 0005:000004b0       __imp_?event@QObject@@UAE_NPAVQEvent@@@Z 100ba4b0     qt-mt323:qt-mt323.dll
 0005:000004b4       __imp_?disconnectNotify@QObject@@MAEXPBD@Z 100ba4b4     qt-mt323:qt-mt323.dll
 0005:000004b8       __imp_?customEvent@QObject@@MAEXPAVQCustomEvent@@@Z 100ba4b8     qt-mt323:qt-mt323.dll
 0005:000004bc       __imp_?connectNotify@QObject@@MAEXPBD@Z 100ba4bc     qt-mt323:qt-mt323.dll
 0005:000004c0       __imp_?cloneNode@QDomNode@@UBE?AV1@_N@Z 100ba4c0     qt-mt323:qt-mt323.dll
 0005:000004c4       __imp_?childNodes@QDomNode@@UBE?AVQDomNodeList@@XZ 100ba4c4     qt-mt323:qt-mt323.dll
 0005:000004c8       __imp_?childEvent@QObject@@MAEXPAVQChildEvent@@@Z 100ba4c8     qt-mt323:qt-mt323.dll
 0005:000004cc       __imp_?checkConnectArgs@QObject@@MAE_NPBDPBV1@0@Z 100ba4cc     qt-mt323:qt-mt323.dll
 0005:000004d0       __imp_?attributes@QDomNode@@UBE?AVQDomNamedNodeMap@@XZ 100ba4d0     qt-mt323:qt-mt323.dll
 0005:000004d4       __imp_?setAttribute@QDomElement@@QAEXABVQString@@0@Z 100ba4d4     qt-mt323:qt-mt323.dll
 0005:000004d8       __imp_?attribute@QDomElement@@QBE?AVQString@@ABV2@0@Z 100ba4d8     qt-mt323:qt-mt323.dll
 0005:000004dc       __imp_??1QDomElement@@UAE@XZ 100ba4dc     qt-mt323:qt-mt323.dll
 0005:000004e0       __imp_?documentElement@QDomDocument@@QBE?AVQDomElement@@XZ 100ba4e0     qt-mt323:qt-mt323.dll
 0005:000004e4       __imp_?createElement@QDomDocument@@QAE?AVQDomElement@@ABVQString@@@Z 100ba4e4     qt-mt323:qt-mt323.dll
 0005:000004e8       __imp_?toElement@QDomNode@@QAE?AVQDomElement@@XZ 100ba4e8     qt-mt323:qt-mt323.dll
 0005:000004ec       __imp_?isNull@QDomNode@@QBE_NXZ 100ba4ec     qt-mt323:qt-mt323.dll
 0005:000004f0       __imp_?nextSibling@QDomNode@@UBE?AV1@XZ 100ba4f0     qt-mt323:qt-mt323.dll
 0005:000004f4       __imp_?firstChild@QDomNode@@UBE?AV1@XZ 100ba4f4     qt-mt323:qt-mt323.dll
 0005:000004f8       __imp_?appendChild@QDomNode@@UAE?AV1@ABV1@@Z 100ba4f8     qt-mt323:qt-mt323.dll
 0005:000004fc       __imp_?removeChild@QDomNode@@UAE?AV1@ABV1@@Z 100ba4fc     qt-mt323:qt-mt323.dll
 0005:00000500       __imp_??1QDomNode@@UAE@XZ  100ba500     qt-mt323:qt-mt323.dll
 0005:00000504       __imp_??4QDomNode@@QAEAAV0@ABV0@@Z 100ba504     qt-mt323:qt-mt323.dll
 0005:00000508       __imp_??0QDomNode@@QAE@XZ  100ba508     qt-mt323:qt-mt323.dll
 0005:0000050c       __imp_??4QMutex@@QAEAAV0@ABV0@@Z 100ba50c     qt-mt323:qt-mt323.dll
 0005:00000510       __imp_??0QMutex@@QAE@ABV0@@Z 100ba510     qt-mt323:qt-mt323.dll
 0005:00000514       __imp_?unlock@QMutex@@QAEXXZ 100ba514     qt-mt323:qt-mt323.dll
 0005:00000518       __imp_?lock@QMutex@@QAEXXZ 100ba518     qt-mt323:qt-mt323.dll
 0005:0000051c       __imp_??1QMutex@@UAE@XZ    100ba51c     qt-mt323:qt-mt323.dll
 0005:00000520       __imp_??0QMutex@@QAE@_N@Z  100ba520     qt-mt323:qt-mt323.dll
 0005:00000524       __imp_??4QObject@@QAEAAV0@ABV0@@Z 100ba524     qt-mt323:qt-mt323.dll
 0005:00000528       __imp_??0QObject@@QAE@ABV0@@Z 100ba528     qt-mt323:qt-mt323.dll
 0005:0000052c       __imp_??1QObject@@UAE@XZ   100ba52c     qt-mt323:qt-mt323.dll
 0005:00000530       __imp_??0QObject@@QAE@PAV0@PBD@Z 100ba530     qt-mt323:qt-mt323.dll
 0005:00000534       __imp_??8@YA_NABVQString@@0@Z 100ba534     qt-mt323:qt-mt323.dll
 0005:00000538       __imp_?toDouble@QString@@QBENPA_N@Z 100ba538     qt-mt323:qt-mt323.dll
 0005:0000053c       __imp_?arg@QString@@QBE?AV1@NHDH@Z 100ba53c     qt-mt323:qt-mt323.dll
 0005:00000540       __imp_??4QString@@QAEAAV0@ABV0@@Z 100ba540     qt-mt323:qt-mt323.dll
 0005:00000544       __imp_??1QString@@QAE@XZ   100ba544     qt-mt323:qt-mt323.dll
 0005:00000548       __imp_??0QString@@QAE@PBD@Z 100ba548     qt-mt323:qt-mt323.dll
 0005:0000054c       __imp_?qt_emit@QObject@@UAE_NHPAUQUObject@@@Z 100ba54c     qt-mt323:qt-mt323.dll
 0005:00000550       __imp_??0QString@@QAE@ABV0@@Z 100ba550     qt-mt323:qt-mt323.dll
 0005:00000554       \177qt-mt323_NULL_THUNK_DATA 100ba554     qt-mt323:qt-mt323.dll
 0005:00000604       __IMPORT_DESCRIPTOR_qt-mt323 100ba604     qt-mt323:qt-mt323.dll
 0005:00000618       __IMPORT_DESCRIPTOR_bncs_stringdb 100ba618     bncs_stringdb:bncs_stringdb.dll
 0005:0000062c       __IMPORT_DESCRIPTOR_bncs_cachedDatadb 100ba62c     bncs_cachedDatadb:bncs_cachedDatadb.dll
 0005:00000640       __IMPORT_DESCRIPTOR_MSVCP120D 100ba640     msvcprtd:MSVCP120D.dll
 0005:00000654       __IMPORT_DESCRIPTOR_MSVCR120D 100ba654     MSVCRTD:MSVCR120D.dll
 0005:00000668       __IMPORT_DESCRIPTOR_KERNEL32 100ba668     kernel32:KERNEL32.dll
 0005:0000067c       __NULL_IMPORT_DESCRIPTOR   100ba67c     qt-mt323:qt-mt323.dll
