 bncs_stylesheet

 Timestamp is 456404a9 (Wed Nov 22 08:04:57 2006)

 Preferred load address is 10000000

 Start         Length     Name                   Class
 0001:00000000 00010ecaH .text                   CODE
 0001:00010ed0 00001f46H .text$x                 CODE
 0002:00000000 0000007cH .rdata                  DATA
 0002:00000080 00002020H .xdata$x                DATA
 0002:000020a0 0000576eH .edata                  DATA
 0003:00000000 00000004H .CRT$XCA                DATA
 0003:00000004 00000010H .CRT$XCU                DATA
 0003:00000014 00000004H .CRT$XCZ                DATA
 0003:00000018 00000004H .CRT$XIA                DATA
 0003:0000001c 00000004H .CRT$XIZ                DATA
 0003:00000020 000003d0H .data                   DATA
 0003:000003f0 00000030H .bss                    DATA
 0004:00000000 0000003cH .idata$2                DATA
 0004:0000003c 00000014H .idata$3                DATA
 0004:00000050 0000012cH .idata$4                DATA
 0004:0000017c 0000012cH .idata$5                DATA
 0004:000002a8 00000972H .idata$6                DATA
 0005:00000000 00000058H .rsrc$01                DATA
 0005:00000060 00000400H .rsrc$02                DATA

  Address         Publics by Value              Rva+Base     Lib:Object

 0001:000002d0       ??0bncs_instance_lookup@@QAE@XZ 100012d0 f   bncs_instance_lookup.obj
 0001:000002e0       ??1bncs_instance_lookup@@UAE@XZ 100012e0 f   bncs_instance_lookup.obj
 0001:000002f0       ?countInstances@bncs_instance_lookup@@SAHXZ 100012f0 f   bncs_instance_lookup.obj
 0001:00000300       ?countDeviceTypes@bncs_instance_lookup@@SAHXZ 10001300 f   bncs_instance_lookup.obj
 0001:00000310       ?countComplexTypes@bncs_instance_lookup@@SAHXZ 10001310 f   bncs_instance_lookup.obj
 0001:00000320       ?lookup@bncs_instance_lookup@@SA_NABVQString@@0PAH111@Z 10001320 f   bncs_instance_lookup.obj
 0001:00000620       ?loadInstances@bncs_instance_lookup@@SA_NXZ 10001620 f   bncs_instance_lookup.obj
 0001:00001100       ?dump@bncs_instance_lookup@@SAXXZ 10002100 f   bncs_instance_lookup.obj
 0001:000011a0       ?loadDeviceTypes@bncs_instance_lookup@@SA_NXZ 100021a0 f   bncs_instance_lookup.obj
 0001:00001490       ?loadComplexTypes@bncs_instance_lookup@@SA_NXZ 10002490 f   bncs_instance_lookup.obj
 0001:00001760       ?loadDeviceParams@bncs_instance_lookup@@CA_NABVQString@@AAVdeviceTypeInfo@@@Z 10002760 f   bncs_instance_lookup.obj
 0001:000020e0       ?loadCopmlexType@bncs_instance_lookup@@CA_NABVQString@@AAVcomplexType@@@Z 100030e0 f   bncs_instance_lookup.obj
 0001:00002c40       ?lookupComplex@bncs_instance_lookup@@SA_NABVQString@@00PAH111@Z 10003c40 f   bncs_instance_lookup.obj
 0001:00002d40       ??0instanceInfo@@QAE@ABV0@@Z 10003d40 f i bncs_instance_lookup.obj
 0001:00002db0       ??4instanceInfo@@QAEAAV0@ABV0@@Z 10003db0 f i bncs_instance_lookup.obj
 0001:00002df0       ??_EinstanceInfo@@UAEPAXI@Z 10003df0 f i bncs_instance_lookup.obj
 0001:00002e50       ??0paramInfo@@QAE@ABV0@@Z  10003e50 f i bncs_instance_lookup.obj
 0001:00002e70       ??4paramInfo@@QAEAAV0@ABV0@@Z 10003e70 f i bncs_instance_lookup.obj
 0001:00002e80       ??_EparamInfo@@UAEPAXI@Z   10003e80 f i bncs_instance_lookup.obj
 0001:00002ee0       ??0deviceTypeInfo@@QAE@ABV0@@Z 10003ee0 f i bncs_instance_lookup.obj
 0001:00002f00       ??4deviceTypeInfo@@QAEAAV0@ABV0@@Z 10003f00 f i bncs_instance_lookup.obj
 0001:00002fd0       ??_EdeviceTypeInfo@@UAEPAXI@Z 10003fd0 f i bncs_instance_lookup.obj
 0001:00003030       ??0complexParam@@QAE@ABV0@@Z 10004030 f i bncs_instance_lookup.obj
 0001:00003090       ??4complexParam@@QAEAAV0@ABV0@@Z 10004090 f i bncs_instance_lookup.obj
 0001:000030c0       ??_EcomplexParam@@UAEPAXI@Z 100040c0 f i bncs_instance_lookup.obj
 0001:00003120       ??0complexInstance@@QAE@ABV0@@Z 10004120 f i bncs_instance_lookup.obj
 0001:00003140       ??4complexInstance@@QAEAAV0@ABV0@@Z 10004140 f i bncs_instance_lookup.obj
 0001:00003200       ??_EcomplexInstance@@UAEPAXI@Z 10004200 f i bncs_instance_lookup.obj
 0001:00003260       ??0complexType@@QAE@ABV0@@Z 10004260 f i bncs_instance_lookup.obj
 0001:00003280       ??4complexType@@QAEAAV0@ABV0@@Z 10004280 f i bncs_instance_lookup.obj
 0001:00003340       ??_EcomplexType@@UAEPAXI@Z 10004340 f i bncs_instance_lookup.obj
 0001:000033a0       ??0bncs_instance_lookup@@QAE@ABV0@@Z 100043a0 f i bncs_instance_lookup.obj
 0001:000033b0       ??4bncs_stylesheet@@QAEAAV0@ABV0@@Z 100043b0 f i bncs_instance_lookup.obj
 0001:000033b0       ??4bncs_instance_lookup@@QAEAAV0@ABV0@@Z 100043b0 f i bncs_instance_lookup.obj
 0001:000033c0       ??_Ebncs_instance_lookup@@UAEPAXI@Z 100043c0 f i bncs_instance_lookup.obj
 0001:00003420       ?path@global@@SA?AVQString@@XZ 10004420 f i bncs_instance_lookup.obj
 0001:00003500       ??0?$QMap@VQString@@VparamInfo@@@@QAE@XZ 10004500 f i bncs_instance_lookup.obj
 0001:000035e0       ??1?$QMap@VQString@@VparamInfo@@@@QAE@XZ 100045e0 f i bncs_instance_lookup.obj
 0001:00003680       ?begin@?$QMap@VQString@@VparamInfo@@@@QAE?AV?$QMapIterator@VQString@@VparamInfo@@@@XZ 10004680 f i bncs_instance_lookup.obj
 0001:000036b0       ?end@?$QMap@VQString@@VparamInfo@@@@QAE?AV?$QMapIterator@VQString@@VparamInfo@@@@XZ 100046b0 f i bncs_instance_lookup.obj
 0001:000036d0       ?replace@?$QMap@VQString@@VparamInfo@@@@QAE?AV?$QMapIterator@VQString@@VparamInfo@@@@ABVQString@@ABVparamInfo@@@Z 100046d0 f i bncs_instance_lookup.obj
 0001:00003830       ?empty@?$QMap@VQString@@VdeviceTypeInfo@@@@QBE_NXZ 10004830 f i bncs_instance_lookup.obj
 0001:00003830       ?isEmpty@?$QMap@VQString@@VdeviceTypeInfo@@@@QBE_NXZ 10004830 f i bncs_instance_lookup.obj
 0001:00003830       ?empty@?$QMap@VQString@@VcomplexParam@@@@QBE_NXZ 10004830 f i bncs_instance_lookup.obj
 0001:00003830       ?empty@?$QMap@VQString@@VinstanceInfo@@@@QBE_NXZ 10004830 f i bncs_instance_lookup.obj
 0001:00003830       ?isEmpty@?$QMap@VQString@@VcomplexInstance@@@@QBE_NXZ 10004830 f i bncs_instance_lookup.obj
 0001:00003830       ?isEmpty@?$QMap@VQString@@VcomplexType@@@@QBE_NXZ 10004830 f i bncs_instance_lookup.obj
 0001:00003830       ?isEmpty@?$QMap@VQString@@VcomplexParam@@@@QBE_NXZ 10004830 f i bncs_instance_lookup.obj
 0001:00003830       ?empty@?$QMap@VQString@@Vstyleentry@@@@QBE_NXZ 10004830 f i bncs_instance_lookup.obj
 0001:00003830       ?isEmpty@?$QMap@VQString@@VparamInfo@@@@QBE_NXZ 10004830 f i bncs_instance_lookup.obj
 0001:00003830       ?empty@?$QMap@VQString@@VparamInfo@@@@QBE_NXZ 10004830 f i bncs_instance_lookup.obj
 0001:00003830       ?empty@?$QMap@VQString@@VcomplexInstance@@@@QBE_NXZ 10004830 f i bncs_instance_lookup.obj
 0001:00003830       ?isEmpty@?$QMap@VQString@@Vstyleentry@@@@QBE_NXZ 10004830 f i bncs_instance_lookup.obj
 0001:00003830       ?empty@?$QMap@VQString@@VcomplexType@@@@QBE_NXZ 10004830 f i bncs_instance_lookup.obj
 0001:00003830       ?isEmpty@?$QMap@VQString@@VinstanceInfo@@@@QBE_NXZ 10004830 f i bncs_instance_lookup.obj
 0001:00003840       ?erase@?$QMap@VQString@@VparamInfo@@@@QAEXV?$QMapIterator@VQString@@VparamInfo@@@@@Z 10004840 f i bncs_instance_lookup.obj
 0001:00003840       ?remove@?$QMap@VQString@@VparamInfo@@@@QAEXV?$QMapIterator@VQString@@VparamInfo@@@@@Z 10004840 f i bncs_instance_lookup.obj
 0001:00003870       ?find@?$QMap@VQString@@VparamInfo@@@@QAE?AV?$QMapIterator@VQString@@VparamInfo@@@@ABVQString@@@Z 10004870 f i bncs_instance_lookup.obj
 0001:000038f0       ?contains@?$QMap@VQString@@VcomplexType@@@@QBE_NABVQString@@@Z 100048f0 f i bncs_instance_lookup.obj
 0001:000038f0       ?contains@?$QMap@VQString@@VcomplexInstance@@@@QBE_NABVQString@@@Z 100048f0 f i bncs_instance_lookup.obj
 0001:000038f0       ?contains@?$QMap@VQString@@VparamInfo@@@@QBE_NABVQString@@@Z 100048f0 f i bncs_instance_lookup.obj
 0001:00003960       ?keys@?$QMap@VQString@@VparamInfo@@@@QBE?AV?$QValueList@VQString@@@@XZ 10004960 f i bncs_instance_lookup.obj
 0001:00003a80       ?values@?$QMap@VQString@@VparamInfo@@@@QBE?AV?$QValueList@VparamInfo@@@@XZ 10004a80 f i bncs_instance_lookup.obj
 0001:00003ba0       ?detach@?$QMap@VQString@@VparamInfo@@@@IAEXXZ 10004ba0 f i bncs_instance_lookup.obj
 0001:00003bb0       ??0?$QMap@VQString@@VcomplexParam@@@@QAE@XZ 10004bb0 f i bncs_instance_lookup.obj
 0001:00003c90       ??1?$QMap@VQString@@VcomplexParam@@@@QAE@XZ 10004c90 f i bncs_instance_lookup.obj
 0001:00003d30       ?begin@?$QMap@VQString@@VcomplexParam@@@@QAE?AV?$QMapIterator@VQString@@VcomplexParam@@@@XZ 10004d30 f i bncs_instance_lookup.obj
 0001:00003d60       ?end@?$QMap@VQString@@VcomplexParam@@@@QAE?AV?$QMapIterator@VQString@@VcomplexParam@@@@XZ 10004d60 f i bncs_instance_lookup.obj
 0001:00003d80       ?replace@?$QMap@VQString@@VcomplexParam@@@@QAE?AV?$QMapIterator@VQString@@VcomplexParam@@@@ABVQString@@ABVcomplexParam@@@Z 10004d80 f i bncs_instance_lookup.obj
 0001:00003ef0       ?find@?$QMap@VQString@@VcomplexParam@@@@QAE?AV?$QMapIterator@VQString@@VcomplexParam@@@@ABVQString@@@Z 10004ef0 f i bncs_instance_lookup.obj
 0001:00003f70       ??A?$QMap@VQString@@VcomplexParam@@@@QBEABVcomplexParam@@ABVQString@@@Z 10004f70 f i bncs_instance_lookup.obj
 0001:00003f70       ??A?$QMap@VQString@@VdeviceTypeInfo@@@@QBEABVdeviceTypeInfo@@ABVQString@@@Z 10004f70 f i bncs_instance_lookup.obj
 0001:00003fe0       ?keys@?$QMap@VQString@@VcomplexParam@@@@QBE?AV?$QValueList@VQString@@@@XZ 10004fe0 f i bncs_instance_lookup.obj
 0001:00004100       ?values@?$QMap@VQString@@VcomplexParam@@@@QBE?AV?$QValueList@VcomplexParam@@@@XZ 10005100 f i bncs_instance_lookup.obj
 0001:00004220       ?erase@?$QMap@VQString@@VcomplexParam@@@@QAEXV?$QMapIterator@VQString@@VcomplexParam@@@@@Z 10005220 f i bncs_instance_lookup.obj
 0001:00004220       ?remove@?$QMap@VQString@@VcomplexParam@@@@QAEXV?$QMapIterator@VQString@@VcomplexParam@@@@@Z 10005220 f i bncs_instance_lookup.obj
 0001:00004250       ?detach@?$QMap@VQString@@VcomplexParam@@@@IAEXXZ 10005250 f i bncs_instance_lookup.obj
 0001:00004260       ??0?$QMap@VQString@@VcomplexInstance@@@@QAE@XZ 10005260 f i bncs_instance_lookup.obj
 0001:00004340       ??1?$QMap@VQString@@VcomplexInstance@@@@QAE@XZ 10005340 f i bncs_instance_lookup.obj
 0001:000043e0       ?begin@?$QMap@VQString@@VcomplexInstance@@@@QAE?AV?$QMapIterator@VQString@@VcomplexInstance@@@@XZ 100053e0 f i bncs_instance_lookup.obj
 0001:00004410       ?end@?$QMap@VQString@@VcomplexInstance@@@@QAE?AV?$QMapIterator@VQString@@VcomplexInstance@@@@XZ 10005410 f i bncs_instance_lookup.obj
 0001:00004430       ?replace@?$QMap@VQString@@VcomplexInstance@@@@QAE?AV?$QMapIterator@VQString@@VcomplexInstance@@@@ABVQString@@ABVcomplexInstance@@@Z 10005430 f i bncs_instance_lookup.obj
 0001:00004590       ?erase@?$QMap@VQString@@VcomplexInstance@@@@QAEXV?$QMapIterator@VQString@@VcomplexInstance@@@@@Z 10005590 f i bncs_instance_lookup.obj
 0001:00004590       ?remove@?$QMap@VQString@@VcomplexInstance@@@@QAEXV?$QMapIterator@VQString@@VcomplexInstance@@@@@Z 10005590 f i bncs_instance_lookup.obj
 0001:000045c0       ?find@?$QMap@VQString@@VcomplexInstance@@@@QAE?AV?$QMapIterator@VQString@@VcomplexInstance@@@@ABVQString@@@Z 100055c0 f i bncs_instance_lookup.obj
 0001:00004640       ?find@?$QMap@VQString@@VcomplexType@@@@QBE?AV?$QMapConstIterator@VQString@@VcomplexType@@@@ABVQString@@@Z 10005640 f i bncs_instance_lookup.obj
 0001:00004640       ?find@?$QMap@VQString@@VparamInfo@@@@QBE?AV?$QMapConstIterator@VQString@@VparamInfo@@@@ABVQString@@@Z 10005640 f i bncs_instance_lookup.obj
 0001:00004640       ?find@?$QMap@VQString@@VcomplexInstance@@@@QBE?AV?$QMapConstIterator@VQString@@VcomplexInstance@@@@ABVQString@@@Z 10005640 f i bncs_instance_lookup.obj
 0001:000046b0       ?count@?$QMap@VQString@@VdeviceTypeInfo@@@@QBEIXZ 100056b0 f i bncs_instance_lookup.obj
 0001:000046b0       ?size@?$QMap@VQString@@Vstyleentry@@@@QBEIXZ 100056b0 f i bncs_instance_lookup.obj
 0001:000046b0       ?count@?$QMap@VQString@@VcomplexType@@@@QBEIXZ 100056b0 f i bncs_instance_lookup.obj
 0001:000046b0       ?size@?$QMap@VQString@@VdeviceTypeInfo@@@@QBEIXZ 100056b0 f i bncs_instance_lookup.obj
 0001:000046b0       ?count@?$QMap@VQString@@Vstyleentry@@@@QBEIXZ 100056b0 f i bncs_instance_lookup.obj
 0001:000046b0       ?count@?$QMap@VQString@@VinstanceInfo@@@@QBEIXZ 100056b0 f i bncs_instance_lookup.obj
 0001:000046b0       ?size@?$QMap@VQString@@VparamInfo@@@@QBEIXZ 100056b0 f i bncs_instance_lookup.obj
 0001:000046b0       ?size@?$QMap@VQString@@VcomplexType@@@@QBEIXZ 100056b0 f i bncs_instance_lookup.obj
 0001:000046b0       ?size@?$QMap@VQString@@VinstanceInfo@@@@QBEIXZ 100056b0 f i bncs_instance_lookup.obj
 0001:000046b0       ?count@?$QMap@VQString@@VcomplexParam@@@@QBEIXZ 100056b0 f i bncs_instance_lookup.obj
 0001:000046b0       ?count@?$QMap@VQString@@VcomplexInstance@@@@QBEIXZ 100056b0 f i bncs_instance_lookup.obj
 0001:000046b0       ?size@?$QMap@VQString@@VcomplexInstance@@@@QBEIXZ 100056b0 f i bncs_instance_lookup.obj
 0001:000046b0       ?count@?$QMap@VQString@@VparamInfo@@@@QBEIXZ 100056b0 f i bncs_instance_lookup.obj
 0001:000046b0       ?size@?$QMap@VQString@@VcomplexParam@@@@QBEIXZ 100056b0 f i bncs_instance_lookup.obj
 0001:000046c0       ?keys@?$QMap@VQString@@VcomplexInstance@@@@QBE?AV?$QValueList@VQString@@@@XZ 100056c0 f i bncs_instance_lookup.obj
 0001:000047e0       ?values@?$QMap@VQString@@VcomplexInstance@@@@QBE?AV?$QValueList@VcomplexInstance@@@@XZ 100057e0 f i bncs_instance_lookup.obj
 0001:00004900       ?detach@?$QMap@VQString@@VcomplexInstance@@@@IAEXXZ 10005900 f i bncs_instance_lookup.obj
 0001:00004910       ??0?$QMap@VQString@@VinstanceInfo@@@@QAE@XZ 10005910 f i bncs_instance_lookup.obj
 0001:000049f0       ??0?$QMap@VQString@@VinstanceInfo@@@@QAE@ABV0@@Z 100059f0 f i bncs_instance_lookup.obj
 0001:000049f0       ??0?$QMap@VQString@@VcomplexType@@@@QAE@ABV0@@Z 100059f0 f i bncs_instance_lookup.obj
 0001:000049f0       ??0?$QMap@VQString@@Vstyleentry@@@@QAE@ABV0@@Z 100059f0 f i bncs_instance_lookup.obj
 0001:000049f0       ??0?$QMap@VQString@@VcomplexParam@@@@QAE@ABV0@@Z 100059f0 f i bncs_instance_lookup.obj
 0001:000049f0       ??0?$QMap@VQString@@VdeviceTypeInfo@@@@QAE@ABV0@@Z 100059f0 f i bncs_instance_lookup.obj
 0001:000049f0       ??0?$QMap@VQString@@VcomplexInstance@@@@QAE@ABV0@@Z 100059f0 f i bncs_instance_lookup.obj
 0001:000049f0       ??0?$QMap@VQString@@VparamInfo@@@@QAE@ABV0@@Z 100059f0 f i bncs_instance_lookup.obj
 0001:00004a00       ??1?$QMap@VQString@@VinstanceInfo@@@@QAE@XZ 10005a00 f i bncs_instance_lookup.obj
 0001:00004aa0       ?begin@?$QMap@VQString@@VinstanceInfo@@@@QAE?AV?$QMapIterator@VQString@@VinstanceInfo@@@@XZ 10005aa0 f i bncs_instance_lookup.obj
 0001:00004ad0       ?end@?$QMap@VQString@@VinstanceInfo@@@@QAE?AV?$QMapIterator@VQString@@VinstanceInfo@@@@XZ 10005ad0 f i bncs_instance_lookup.obj
 0001:00004af0       ?begin@?$QMap@VQString@@VcomplexType@@@@QBE?AV?$QMapConstIterator@VQString@@VcomplexType@@@@XZ 10005af0 f i bncs_instance_lookup.obj
 0001:00004af0       ?constBegin@?$QMap@VQString@@VinstanceInfo@@@@QBE?AV?$QMapConstIterator@VQString@@VinstanceInfo@@@@XZ 10005af0 f i bncs_instance_lookup.obj
 0001:00004af0       ?constBegin@?$QMap@VQString@@Vstyleentry@@@@QBE?AV?$QMapConstIterator@VQString@@Vstyleentry@@@@XZ 10005af0 f i bncs_instance_lookup.obj
 0001:00004af0       ?begin@?$QMap@VQString@@Vstyleentry@@@@QBE?AV?$QMapConstIterator@VQString@@Vstyleentry@@@@XZ 10005af0 f i bncs_instance_lookup.obj
 0001:00004af0       ?constBegin@?$QMap@VQString@@VdeviceTypeInfo@@@@QBE?AV?$QMapConstIterator@VQString@@VdeviceTypeInfo@@@@XZ 10005af0 f i bncs_instance_lookup.obj
 0001:00004af0       ?begin@?$QMap@VQString@@VdeviceTypeInfo@@@@QBE?AV?$QMapConstIterator@VQString@@VdeviceTypeInfo@@@@XZ 10005af0 f i bncs_instance_lookup.obj
 0001:00004af0       ?begin@?$QMap@VQString@@VparamInfo@@@@QBE?AV?$QMapConstIterator@VQString@@VparamInfo@@@@XZ 10005af0 f i bncs_instance_lookup.obj
 0001:00004af0       ?begin@?$QMap@VQString@@VcomplexParam@@@@QBE?AV?$QMapConstIterator@VQString@@VcomplexParam@@@@XZ 10005af0 f i bncs_instance_lookup.obj
 0001:00004af0       ?begin@?$QMap@VQString@@VinstanceInfo@@@@QBE?AV?$QMapConstIterator@VQString@@VinstanceInfo@@@@XZ 10005af0 f i bncs_instance_lookup.obj
 0001:00004af0       ?constBegin@?$QMap@VQString@@VcomplexInstance@@@@QBE?AV?$QMapConstIterator@VQString@@VcomplexInstance@@@@XZ 10005af0 f i bncs_instance_lookup.obj
 0001:00004af0       ?constBegin@?$QMap@VQString@@VcomplexType@@@@QBE?AV?$QMapConstIterator@VQString@@VcomplexType@@@@XZ 10005af0 f i bncs_instance_lookup.obj
 0001:00004af0       ?constBegin@?$QMap@VQString@@VcomplexParam@@@@QBE?AV?$QMapConstIterator@VQString@@VcomplexParam@@@@XZ 10005af0 f i bncs_instance_lookup.obj
 0001:00004af0       ?constBegin@?$QMap@VQString@@VparamInfo@@@@QBE?AV?$QMapConstIterator@VQString@@VparamInfo@@@@XZ 10005af0 f i bncs_instance_lookup.obj
 0001:00004af0       ?begin@?$QMap@VQString@@VcomplexInstance@@@@QBE?AV?$QMapConstIterator@VQString@@VcomplexInstance@@@@XZ 10005af0 f i bncs_instance_lookup.obj
 0001:00004b00       ?constEnd@?$QMap@VQString@@VdeviceTypeInfo@@@@QBE?AV?$QMapConstIterator@VQString@@VdeviceTypeInfo@@@@XZ 10005b00 f i bncs_instance_lookup.obj
 0001:00004b00       ?constEnd@?$QMap@VQString@@VcomplexType@@@@QBE?AV?$QMapConstIterator@VQString@@VcomplexType@@@@XZ 10005b00 f i bncs_instance_lookup.obj
 0001:00004b00       ?constEnd@?$QMap@VQString@@VparamInfo@@@@QBE?AV?$QMapConstIterator@VQString@@VparamInfo@@@@XZ 10005b00 f i bncs_instance_lookup.obj
 0001:00004b00       ?end@?$QMap@VQString@@VparamInfo@@@@QBE?AV?$QMapConstIterator@VQString@@VparamInfo@@@@XZ 10005b00 f i bncs_instance_lookup.obj
 0001:00004b00       ?constEnd@?$QMap@VQString@@VinstanceInfo@@@@QBE?AV?$QMapConstIterator@VQString@@VinstanceInfo@@@@XZ 10005b00 f i bncs_instance_lookup.obj
 0001:00004b00       ?end@?$QMap@VQString@@VcomplexInstance@@@@QBE?AV?$QMapConstIterator@VQString@@VcomplexInstance@@@@XZ 10005b00 f i bncs_instance_lookup.obj
 0001:00004b00       ?end@?$QMap@VQString@@Vstyleentry@@@@QBE?AV?$QMapConstIterator@VQString@@Vstyleentry@@@@XZ 10005b00 f i bncs_instance_lookup.obj
 0001:00004b00       ?constEnd@?$QMap@VQString@@Vstyleentry@@@@QBE?AV?$QMapConstIterator@VQString@@Vstyleentry@@@@XZ 10005b00 f i bncs_instance_lookup.obj
 0001:00004b00       ?end@?$QMap@VQString@@VinstanceInfo@@@@QBE?AV?$QMapConstIterator@VQString@@VinstanceInfo@@@@XZ 10005b00 f i bncs_instance_lookup.obj
 0001:00004b00       ?constEnd@?$QMap@VQString@@VcomplexParam@@@@QBE?AV?$QMapConstIterator@VQString@@VcomplexParam@@@@XZ 10005b00 f i bncs_instance_lookup.obj
 0001:00004b00       ?end@?$QMap@VQString@@VcomplexType@@@@QBE?AV?$QMapConstIterator@VQString@@VcomplexType@@@@XZ 10005b00 f i bncs_instance_lookup.obj
 0001:00004b00       ?end@?$QMap@VQString@@VcomplexParam@@@@QBE?AV?$QMapConstIterator@VQString@@VcomplexParam@@@@XZ 10005b00 f i bncs_instance_lookup.obj
 0001:00004b00       ?constEnd@?$QMap@VQString@@VcomplexInstance@@@@QBE?AV?$QMapConstIterator@VQString@@VcomplexInstance@@@@XZ 10005b00 f i bncs_instance_lookup.obj
 0001:00004b00       ?end@?$QMap@VQString@@VdeviceTypeInfo@@@@QBE?AV?$QMapConstIterator@VQString@@VdeviceTypeInfo@@@@XZ 10005b00 f i bncs_instance_lookup.obj
 0001:00004b10       ?replace@?$QMap@VQString@@VinstanceInfo@@@@QAE?AV?$QMapIterator@VQString@@VinstanceInfo@@@@ABVQString@@ABVinstanceInfo@@@Z 10005b10 f i bncs_instance_lookup.obj
 0001:00004c90       ?erase@?$QMap@VQString@@VinstanceInfo@@@@QAEXV?$QMapIterator@VQString@@VinstanceInfo@@@@@Z 10005c90 f i bncs_instance_lookup.obj
 0001:00004c90       ?remove@?$QMap@VQString@@VinstanceInfo@@@@QAEXV?$QMapIterator@VQString@@VinstanceInfo@@@@@Z 10005c90 f i bncs_instance_lookup.obj
 0001:00004cc0       ?find@?$QMap@VQString@@VinstanceInfo@@@@QAE?AV?$QMapIterator@VQString@@VinstanceInfo@@@@ABVQString@@@Z 10005cc0 f i bncs_instance_lookup.obj
 0001:00004d40       ?find@?$QMap@VQString@@VinstanceInfo@@@@QBE?AV?$QMapConstIterator@VQString@@VinstanceInfo@@@@ABVQString@@@Z 10005d40 f i bncs_instance_lookup.obj
 0001:00004db0       ??A?$QMap@VQString@@VinstanceInfo@@@@QBEABVinstanceInfo@@ABVQString@@@Z 10005db0 f i bncs_instance_lookup.obj
 0001:00004e20       ?contains@?$QMap@VQString@@VinstanceInfo@@@@QBE_NABVQString@@@Z 10005e20 f i bncs_instance_lookup.obj
 0001:00004e90       ?keys@?$QMap@VQString@@VinstanceInfo@@@@QBE?AV?$QValueList@VQString@@@@XZ 10005e90 f i bncs_instance_lookup.obj
 0001:00004fb0       ?values@?$QMap@VQString@@VinstanceInfo@@@@QBE?AV?$QValueList@VinstanceInfo@@@@XZ 10005fb0 f i bncs_instance_lookup.obj
 0001:000050d0       ?detach@?$QMap@VQString@@VinstanceInfo@@@@IAEXXZ 100060d0 f i bncs_instance_lookup.obj
 0001:000050e0       ??0?$QMap@VQString@@VdeviceTypeInfo@@@@QAE@XZ 100060e0 f i bncs_instance_lookup.obj
 0001:000051c0       ??1?$QMap@VQString@@VdeviceTypeInfo@@@@QAE@XZ 100061c0 f i bncs_instance_lookup.obj
 0001:00005260       ?begin@?$QMap@VQString@@VdeviceTypeInfo@@@@QAE?AV?$QMapIterator@VQString@@VdeviceTypeInfo@@@@XZ 10006260 f i bncs_instance_lookup.obj
 0001:00005290       ?end@?$QMap@VQString@@VdeviceTypeInfo@@@@QAE?AV?$QMapIterator@VQString@@VdeviceTypeInfo@@@@XZ 10006290 f i bncs_instance_lookup.obj
 0001:000052b0       ?replace@?$QMap@VQString@@VdeviceTypeInfo@@@@QAE?AV?$QMapIterator@VQString@@VdeviceTypeInfo@@@@ABVQString@@ABVdeviceTypeInfo@@@Z 100062b0 f i bncs_instance_lookup.obj
 0001:00005410       ?remove@?$QMap@VQString@@VdeviceTypeInfo@@@@QAEXV?$QMapIterator@VQString@@VdeviceTypeInfo@@@@@Z 10006410 f i bncs_instance_lookup.obj
 0001:00005410       ?erase@?$QMap@VQString@@VdeviceTypeInfo@@@@QAEXV?$QMapIterator@VQString@@VdeviceTypeInfo@@@@@Z 10006410 f i bncs_instance_lookup.obj
 0001:00005440       ?find@?$QMap@VQString@@VdeviceTypeInfo@@@@QAE?AV?$QMapIterator@VQString@@VdeviceTypeInfo@@@@ABVQString@@@Z 10006440 f i bncs_instance_lookup.obj
 0001:000054c0       ?find@?$QMap@VQString@@VdeviceTypeInfo@@@@QBE?AV?$QMapConstIterator@VQString@@VdeviceTypeInfo@@@@ABVQString@@@Z 100064c0 f i bncs_instance_lookup.obj
 0001:000054c0       ?find@?$QMap@VQString@@VcomplexParam@@@@QBE?AV?$QMapConstIterator@VQString@@VcomplexParam@@@@ABVQString@@@Z 100064c0 f i bncs_instance_lookup.obj
 0001:00005530       ?contains@?$QMap@VQString@@VdeviceTypeInfo@@@@QBE_NABVQString@@@Z 10006530 f i bncs_instance_lookup.obj
 0001:00005530       ?contains@?$QMap@VQString@@VcomplexParam@@@@QBE_NABVQString@@@Z 10006530 f i bncs_instance_lookup.obj
 0001:000055a0       ?keys@?$QMap@VQString@@VdeviceTypeInfo@@@@QBE?AV?$QValueList@VQString@@@@XZ 100065a0 f i bncs_instance_lookup.obj
 0001:000056c0       ?values@?$QMap@VQString@@VdeviceTypeInfo@@@@QBE?AV?$QValueList@VdeviceTypeInfo@@@@XZ 100066c0 f i bncs_instance_lookup.obj
 0001:000057e0       ?detach@?$QMap@VQString@@VdeviceTypeInfo@@@@IAEXXZ 100067e0 f i bncs_instance_lookup.obj
 0001:000057f0       ??0?$QMap@VQString@@VcomplexType@@@@QAE@XZ 100067f0 f i bncs_instance_lookup.obj
 0001:000058d0       ??1?$QMap@VQString@@VcomplexType@@@@QAE@XZ 100068d0 f i bncs_instance_lookup.obj
 0001:00005970       ?begin@?$QMap@VQString@@VcomplexType@@@@QAE?AV?$QMapIterator@VQString@@VcomplexType@@@@XZ 10006970 f i bncs_instance_lookup.obj
 0001:000059a0       ?end@?$QMap@VQString@@VcomplexType@@@@QAE?AV?$QMapIterator@VQString@@VcomplexType@@@@XZ 100069a0 f i bncs_instance_lookup.obj
 0001:000059c0       ?replace@?$QMap@VQString@@VcomplexType@@@@QAE?AV?$QMapIterator@VQString@@VcomplexType@@@@ABVQString@@ABVcomplexType@@@Z 100069c0 f i bncs_instance_lookup.obj
 0001:00005b20       ?erase@?$QMap@VQString@@VcomplexType@@@@QAEXV?$QMapIterator@VQString@@VcomplexType@@@@@Z 10006b20 f i bncs_instance_lookup.obj
 0001:00005b20       ?remove@?$QMap@VQString@@VcomplexType@@@@QAEXV?$QMapIterator@VQString@@VcomplexType@@@@@Z 10006b20 f i bncs_instance_lookup.obj
 0001:00005b50       ?find@?$QMap@VQString@@VcomplexType@@@@QAE?AV?$QMapIterator@VQString@@VcomplexType@@@@ABVQString@@@Z 10006b50 f i bncs_instance_lookup.obj
 0001:00005bd0       ??A?$QMap@VQString@@VparamInfo@@@@QBEABVparamInfo@@ABVQString@@@Z 10006bd0 f i bncs_instance_lookup.obj
 0001:00005bd0       ??A?$QMap@VQString@@VcomplexInstance@@@@QBEABVcomplexInstance@@ABVQString@@@Z 10006bd0 f i bncs_instance_lookup.obj
 0001:00005bd0       ??A?$QMap@VQString@@VcomplexType@@@@QBEABVcomplexType@@ABVQString@@@Z 10006bd0 f i bncs_instance_lookup.obj
 0001:00005c40       ?keys@?$QMap@VQString@@VcomplexType@@@@QBE?AV?$QValueList@VQString@@@@XZ 10006c40 f i bncs_instance_lookup.obj
 0001:00005d60       ?values@?$QMap@VQString@@VcomplexType@@@@QBE?AV?$QValueList@VcomplexType@@@@XZ 10006d60 f i bncs_instance_lookup.obj
 0001:00005e80       ?detach@?$QMap@VQString@@VcomplexType@@@@IAEXXZ 10006e80 f i bncs_instance_lookup.obj
 0001:00005e90       ?derefAndDelete@?$QValueListPrivate@VQString@@@@QAEXXZ 10006e90 f i bncs_instance_lookup.obj
 0001:00005eb0       ?remove@?$QMapPrivate@VQString@@VparamInfo@@@@QAEXV?$QMapIterator@VQString@@VparamInfo@@@@@Z 10006eb0 f i bncs_instance_lookup.obj
 0001:00005ef0       ?remove@?$QMapPrivate@VQString@@VcomplexParam@@@@QAEXV?$QMapIterator@VQString@@VcomplexParam@@@@@Z 10006ef0 f i bncs_instance_lookup.obj
 0001:00005f30       ?remove@?$QMapPrivate@VQString@@VcomplexInstance@@@@QAEXV?$QMapIterator@VQString@@VcomplexInstance@@@@@Z 10006f30 f i bncs_instance_lookup.obj
 0001:00005f70       ?remove@?$QMapPrivate@VQString@@VinstanceInfo@@@@QAEXV?$QMapIterator@VQString@@VinstanceInfo@@@@@Z 10006f70 f i bncs_instance_lookup.obj
 0001:00005fb0       ?remove@?$QMapPrivate@VQString@@VdeviceTypeInfo@@@@QAEXV?$QMapIterator@VQString@@VdeviceTypeInfo@@@@@Z 10006fb0 f i bncs_instance_lookup.obj
 0001:00005ff0       ?remove@?$QMapPrivate@VQString@@VcomplexType@@@@QAEXV?$QMapIterator@VQString@@VcomplexType@@@@@Z 10006ff0 f i bncs_instance_lookup.obj
 0001:00006030       ??1?$QValueList@VcomplexInstance@@@@QAE@XZ 10007030 f i bncs_instance_lookup.obj
 0001:00006030       ??1?$QValueList@VcomplexParam@@@@QAE@XZ 10007030 f i bncs_instance_lookup.obj
 0001:00006030       ??1?$QValueList@VinstanceInfo@@@@QAE@XZ 10007030 f i bncs_instance_lookup.obj
 0001:00006030       ??1?$QValueList@Vstyleentry@@@@QAE@XZ 10007030 f i bncs_instance_lookup.obj
 0001:00006030       ??1?$QValueList@VcomplexType@@@@QAE@XZ 10007030 f i bncs_instance_lookup.obj
 0001:00006030       ??1?$QValueList@VparamInfo@@@@QAE@XZ 10007030 f i bncs_instance_lookup.obj
 0001:00006030       ??1?$QValueList@VdeviceTypeInfo@@@@QAE@XZ 10007030 f i bncs_instance_lookup.obj
 0001:00006050       ??1?$QMapNode@VQString@@VparamInfo@@@@QAE@XZ 10007050 f i bncs_instance_lookup.obj
 0001:000060c0       ??1?$QMapNode@VQString@@VcomplexParam@@@@QAE@XZ 100070c0 f i bncs_instance_lookup.obj
 0001:00006130       ??1?$QMapNode@VQString@@VcomplexInstance@@@@QAE@XZ 10007130 f i bncs_instance_lookup.obj
 0001:000061a0       ??1?$QMapNode@VQString@@VinstanceInfo@@@@QAE@XZ 100071a0 f i bncs_instance_lookup.obj
 0001:00006210       ??1?$QMapNode@VQString@@VdeviceTypeInfo@@@@QAE@XZ 10007210 f i bncs_instance_lookup.obj
 0001:00006280       ??1?$QMapNode@VQString@@VcomplexType@@@@QAE@XZ 10007280 f i bncs_instance_lookup.obj
 0001:000062f0       ?end@?$QValueList@VparamInfo@@@@QAE?AV?$QValueListIterator@VparamInfo@@@@XZ 100072f0 f i bncs_instance_lookup.obj
 0001:00006320       ?end@?$QValueList@VcomplexParam@@@@QAE?AV?$QValueListIterator@VcomplexParam@@@@XZ 10007320 f i bncs_instance_lookup.obj
 0001:00006350       ?end@?$QValueList@VcomplexInstance@@@@QAE?AV?$QValueListIterator@VcomplexInstance@@@@XZ 10007350 f i bncs_instance_lookup.obj
 0001:00006380       ?end@?$QValueList@VinstanceInfo@@@@QAE?AV?$QValueListIterator@VinstanceInfo@@@@XZ 10007380 f i bncs_instance_lookup.obj
 0001:000063b0       ?end@?$QValueList@VdeviceTypeInfo@@@@QAE?AV?$QValueListIterator@VdeviceTypeInfo@@@@XZ 100073b0 f i bncs_instance_lookup.obj
 0001:000063e0       ?end@?$QValueList@VcomplexType@@@@QAE?AV?$QValueListIterator@VcomplexType@@@@XZ 100073e0 f i bncs_instance_lookup.obj
 0001:00006410       ??4?$QMap@VQString@@VparamInfo@@@@QAEAAV0@ABV0@@Z 10007410 f i bncs_instance_lookup.obj
 0001:000064d0       ?insert@?$QMap@VQString@@VparamInfo@@@@QAE?AV?$QMapIterator@VQString@@VparamInfo@@@@ABVQString@@ABVparamInfo@@_N@Z 100074d0 f i bncs_instance_lookup.obj
 0001:000065d0       ?insert@?$QMap@VQString@@VparamInfo@@@@QAE?AU?$QPair@V?$QMapIterator@VQString@@VparamInfo@@@@_N@@ABU?$QPair@$$CBVQString@@VparamInfo@@@@@Z 100075d0 f i bncs_instance_lookup.obj
 0001:000066b0       ?count@?$QMap@VQString@@VcomplexType@@@@QBEIABVQString@@@Z 100076b0 f i bncs_instance_lookup.obj
 0001:000066b0       ?count@?$QMap@VQString@@VcomplexInstance@@@@QBEIABVQString@@@Z 100076b0 f i bncs_instance_lookup.obj
 0001:000066b0       ?count@?$QMap@VQString@@VparamInfo@@@@QBEIABVQString@@@Z 100076b0 f i bncs_instance_lookup.obj
 0001:00006760       ??A?$QMap@VQString@@VparamInfo@@@@QAEAAVparamInfo@@ABVQString@@@Z 10007760 f i bncs_instance_lookup.obj
 0001:00006920       ?clear@?$QMap@VQString@@VparamInfo@@@@QAEXXZ 10007920 f i bncs_instance_lookup.obj
 0001:00006a80       ?remove@?$QMap@VQString@@VparamInfo@@@@QAEXABVQString@@@Z 10007a80 f i bncs_instance_lookup.obj
 0001:00006a80       ?erase@?$QMap@VQString@@VparamInfo@@@@QAEXABVQString@@@Z 10007a80 f i bncs_instance_lookup.obj
 0001:00006b10       ?detachInternal@?$QMap@VQString@@VparamInfo@@@@AAEXXZ 10007b10 f i bncs_instance_lookup.obj
 0001:00006cf0       ??4?$QMap@VQString@@VcomplexParam@@@@QAEAAV0@ABV0@@Z 10007cf0 f i bncs_instance_lookup.obj
 0001:00006db0       ?insert@?$QMap@VQString@@VcomplexParam@@@@QAE?AV?$QMapIterator@VQString@@VcomplexParam@@@@ABVQString@@ABVcomplexParam@@_N@Z 10007db0 f i bncs_instance_lookup.obj
 0001:00006ec0       ?insert@?$QMap@VQString@@VcomplexParam@@@@QAE?AU?$QPair@V?$QMapIterator@VQString@@VcomplexParam@@@@_N@@ABU?$QPair@$$CBVQString@@VcomplexParam@@@@@Z 10007ec0 f i bncs_instance_lookup.obj
 0001:00006fc0       ?count@?$QMap@VQString@@VdeviceTypeInfo@@@@QBEIABVQString@@@Z 10007fc0 f i bncs_instance_lookup.obj
 0001:00006fc0       ?count@?$QMap@VQString@@VcomplexParam@@@@QBEIABVQString@@@Z 10007fc0 f i bncs_instance_lookup.obj
 0001:00007070       ??A?$QMap@VQString@@VcomplexParam@@@@QAEAAVcomplexParam@@ABVQString@@@Z 10008070 f i bncs_instance_lookup.obj
 0001:00007230       ?clear@?$QMap@VQString@@VcomplexParam@@@@QAEXXZ 10008230 f i bncs_instance_lookup.obj
 0001:00007390       ?remove@?$QMap@VQString@@VcomplexParam@@@@QAEXABVQString@@@Z 10008390 f i bncs_instance_lookup.obj
 0001:00007390       ?erase@?$QMap@VQString@@VcomplexParam@@@@QAEXABVQString@@@Z 10008390 f i bncs_instance_lookup.obj
 0001:00007420       ?detachInternal@?$QMap@VQString@@VcomplexParam@@@@AAEXXZ 10008420 f i bncs_instance_lookup.obj
 0001:00007600       ??4?$QMap@VQString@@VcomplexInstance@@@@QAEAAV0@ABV0@@Z 10008600 f i bncs_instance_lookup.obj
 0001:000076c0       ?insert@?$QMap@VQString@@VcomplexInstance@@@@QAE?AV?$QMapIterator@VQString@@VcomplexInstance@@@@ABVQString@@ABVcomplexInstance@@_N@Z 100086c0 f i bncs_instance_lookup.obj
 0001:00007820       ??_G?$QMapNode@VQString@@VcomplexParam@@@@QAEPAXI@Z 10008820 f i bncs_instance_lookup.obj
 0001:00007840       ?insert@?$QMap@VQString@@VcomplexInstance@@@@QAE?AU?$QPair@V?$QMapIterator@VQString@@VcomplexInstance@@@@_N@@ABU?$QPair@$$CBVQString@@VcomplexInstance@@@@@Z 10008840 f i bncs_instance_lookup.obj
 0001:00007990       ??A?$QMap@VQString@@VcomplexInstance@@@@QAEAAVcomplexInstance@@ABVQString@@@Z 10008990 f i bncs_instance_lookup.obj
 0001:00007b60       ?clear@?$QMap@VQString@@VcomplexInstance@@@@QAEXXZ 10008b60 f i bncs_instance_lookup.obj
 0001:00007cc0       ?remove@?$QMap@VQString@@VcomplexInstance@@@@QAEXABVQString@@@Z 10008cc0 f i bncs_instance_lookup.obj
 0001:00007cc0       ?erase@?$QMap@VQString@@VcomplexInstance@@@@QAEXABVQString@@@Z 10008cc0 f i bncs_instance_lookup.obj
 0001:00007d50       ?detachInternal@?$QMap@VQString@@VcomplexInstance@@@@AAEXXZ 10008d50 f i bncs_instance_lookup.obj
 0001:00007f30       ??4?$QMap@VQString@@VinstanceInfo@@@@QAEAAV0@ABV0@@Z 10008f30 f i bncs_instance_lookup.obj
 0001:00007ff0       ?insert@?$QMap@VQString@@VinstanceInfo@@@@QAE?AV?$QMapIterator@VQString@@VinstanceInfo@@@@ABVQString@@ABVinstanceInfo@@_N@Z 10008ff0 f i bncs_instance_lookup.obj
 0001:00008110       ?insert@?$QMap@VQString@@VinstanceInfo@@@@QAE?AU?$QPair@V?$QMapIterator@VQString@@VinstanceInfo@@@@_N@@ABU?$QPair@$$CBVQString@@VinstanceInfo@@@@@Z 10009110 f i bncs_instance_lookup.obj
 0001:00008210       ?erase@?$QMap@VQString@@VinstanceInfo@@@@QAEXABVQString@@@Z 10009210 f i bncs_instance_lookup.obj
 0001:00008210       ?remove@?$QMap@VQString@@VinstanceInfo@@@@QAEXABVQString@@@Z 10009210 f i bncs_instance_lookup.obj
 0001:000082a0       ?count@?$QMap@VQString@@VinstanceInfo@@@@QBEIABVQString@@@Z 100092a0 f i bncs_instance_lookup.obj
 0001:00008350       ??A?$QMap@VQString@@VinstanceInfo@@@@QAEAAVinstanceInfo@@ABVQString@@@Z 10009350 f i bncs_instance_lookup.obj
 0001:00008510       ?clear@?$QMap@VQString@@VinstanceInfo@@@@QAEXXZ 10009510 f i bncs_instance_lookup.obj
 0001:00008670       ?detachInternal@?$QMap@VQString@@VinstanceInfo@@@@AAEXXZ 10009670 f i bncs_instance_lookup.obj
 0001:00008850       ??4?$QMap@VQString@@VdeviceTypeInfo@@@@QAEAAV0@ABV0@@Z 10009850 f i bncs_instance_lookup.obj
 0001:00008910       ?insert@?$QMap@VQString@@VdeviceTypeInfo@@@@QAE?AV?$QMapIterator@VQString@@VdeviceTypeInfo@@@@ABVQString@@ABVdeviceTypeInfo@@_N@Z 10009910 f i bncs_instance_lookup.obj
 0001:00008a80       ??_G?$QMapNode@VQString@@VparamInfo@@@@QAEPAXI@Z 10009a80 f i bncs_instance_lookup.obj
 0001:00008aa0       ?insert@?$QMap@VQString@@VdeviceTypeInfo@@@@QAE?AU?$QPair@V?$QMapIterator@VQString@@VdeviceTypeInfo@@@@_N@@ABU?$QPair@$$CBVQString@@VdeviceTypeInfo@@@@@Z 10009aa0 f i bncs_instance_lookup.obj
 0001:00008bf0       ??A?$QMap@VQString@@VdeviceTypeInfo@@@@QAEAAVdeviceTypeInfo@@ABVQString@@@Z 10009bf0 f i bncs_instance_lookup.obj
 0001:00008db0       ?clear@?$QMap@VQString@@VdeviceTypeInfo@@@@QAEXXZ 10009db0 f i bncs_instance_lookup.obj
 0001:00008f10       ?erase@?$QMap@VQString@@VdeviceTypeInfo@@@@QAEXABVQString@@@Z 10009f10 f i bncs_instance_lookup.obj
 0001:00008f10       ?remove@?$QMap@VQString@@VdeviceTypeInfo@@@@QAEXABVQString@@@Z 10009f10 f i bncs_instance_lookup.obj
 0001:00008fa0       ?detachInternal@?$QMap@VQString@@VdeviceTypeInfo@@@@AAEXXZ 10009fa0 f i bncs_instance_lookup.obj
 0001:00009180       ??4?$QMap@VQString@@VcomplexType@@@@QAEAAV0@ABV0@@Z 1000a180 f i bncs_instance_lookup.obj
 0001:00009240       ?insert@?$QMap@VQString@@VcomplexType@@@@QAE?AV?$QMapIterator@VQString@@VcomplexType@@@@ABVQString@@ABVcomplexType@@_N@Z 1000a240 f i bncs_instance_lookup.obj
 0001:000093a0       ??_G?$QMapNode@VQString@@VcomplexInstance@@@@QAEPAXI@Z 1000a3a0 f i bncs_instance_lookup.obj
 0001:000093c0       ?insert@?$QMap@VQString@@VcomplexType@@@@QAE?AU?$QPair@V?$QMapIterator@VQString@@VcomplexType@@@@_N@@ABU?$QPair@$$CBVQString@@VcomplexType@@@@@Z 1000a3c0 f i bncs_instance_lookup.obj
 0001:00009510       ??A?$QMap@VQString@@VcomplexType@@@@QAEAAVcomplexType@@ABVQString@@@Z 1000a510 f i bncs_instance_lookup.obj
 0001:000096e0       ?clear@?$QMap@VQString@@VcomplexType@@@@QAEXXZ 1000a6e0 f i bncs_instance_lookup.obj
 0001:00009840       ?erase@?$QMap@VQString@@VcomplexType@@@@QAEXABVQString@@@Z 1000a840 f i bncs_instance_lookup.obj
 0001:00009840       ?remove@?$QMap@VQString@@VcomplexType@@@@QAEXABVQString@@@Z 1000a840 f i bncs_instance_lookup.obj
 0001:000098d0       ?detachInternal@?$QMap@VQString@@VcomplexType@@@@AAEXXZ 1000a8d0 f i bncs_instance_lookup.obj
 0001:00009ab0       ??0?$QValueListPrivate@VQString@@@@QAE@XZ 1000aab0 f i bncs_instance_lookup.obj
 0001:00009b50       ??_E?$QValueListNode@VQString@@@@UAEPAXI@Z 1000ab50 f i bncs_instance_lookup.obj
 0001:00009b50       ??_G?$QValueListNode@VQString@@@@UAEPAXI@Z 1000ab50 f i bncs_instance_lookup.obj
 0001:00009b70       ??1?$QValueListNode@VQString@@@@UAE@XZ 1000ab70 f i bncs_instance_lookup.obj
 0001:00009ba0       ?insert@?$QValueListPrivate@VQString@@@@QAE?AV?$QValueListIterator@VQString@@@@V2@ABVQString@@@Z 1000aba0 f i bncs_instance_lookup.obj
 0001:00009c20       ?at@?$QValueListPrivate@VQString@@@@QBEPAV?$QValueListNode@VQString@@@@I@Z 1000ac20 f i bncs_instance_lookup.obj
 0001:00009c60       ?find@?$QMapPrivate@VQString@@VparamInfo@@@@QBE?AV?$QMapConstIterator@VQString@@VparamInfo@@@@ABVQString@@@Z 1000ac60 f i bncs_instance_lookup.obj
 0001:00009c60       ?find@?$QMapPrivate@VQString@@VcomplexInstance@@@@QBE?AV?$QMapConstIterator@VQString@@VcomplexInstance@@@@ABVQString@@@Z 1000ac60 f i bncs_instance_lookup.obj
 0001:00009c60       ?find@?$QMapPrivate@VQString@@VcomplexType@@@@QBE?AV?$QMapConstIterator@VQString@@VcomplexType@@@@ABVQString@@@Z 1000ac60 f i bncs_instance_lookup.obj
 0001:00009cd0       ?detachInternal@?$QValueList@VparamInfo@@@@AAEXXZ 1000acd0 f i bncs_instance_lookup.obj
 0001:00009de0       ?detachInternal@?$QValueList@VcomplexParam@@@@AAEXXZ 1000ade0 f i bncs_instance_lookup.obj
 0001:00009ef0       ?detachInternal@?$QValueList@VcomplexInstance@@@@AAEXXZ 1000aef0 f i bncs_instance_lookup.obj
 0001:0000a000       ?find@?$QMapPrivate@VQString@@VinstanceInfo@@@@QBE?AV?$QMapConstIterator@VQString@@VinstanceInfo@@@@ABVQString@@@Z 1000b000 f i bncs_instance_lookup.obj
 0001:0000a070       ?inc@?$QMapConstIterator@VQString@@VcomplexType@@@@AAEHXZ 1000b070 f i bncs_instance_lookup.obj
 0001:0000a070       ?inc@?$QMapConstIterator@VQString@@VinstanceInfo@@@@AAEHXZ 1000b070 f i bncs_instance_lookup.obj
 0001:0000a070       ?inc@?$QMapConstIterator@VQString@@Vstyleentry@@@@AAEHXZ 1000b070 f i bncs_instance_lookup.obj
 0001:0000a070       ?inc@?$QMapConstIterator@VQString@@VdeviceTypeInfo@@@@AAEHXZ 1000b070 f i bncs_instance_lookup.obj
 0001:0000a070       ?inc@?$QMapConstIterator@VQString@@VcomplexInstance@@@@AAEHXZ 1000b070 f i bncs_instance_lookup.obj
 0001:0000a070       ?inc@?$QMapConstIterator@VQString@@VparamInfo@@@@AAEHXZ 1000b070 f i bncs_instance_lookup.obj
 0001:0000a070       ?inc@?$QMapIterator@VQString@@VinstanceInfo@@@@AAEHXZ 1000b070 f i bncs_instance_lookup.obj
 0001:0000a070       ?inc@?$QMapConstIterator@VQString@@VcomplexParam@@@@AAEHXZ 1000b070 f i bncs_instance_lookup.obj
 0001:0000a0b0       ?detachInternal@?$QValueList@VinstanceInfo@@@@AAEXXZ 1000b0b0 f i bncs_instance_lookup.obj
 0001:0000a1c0       ?find@?$QMapPrivate@VQString@@VcomplexParam@@@@QBE?AV?$QMapConstIterator@VQString@@VcomplexParam@@@@ABVQString@@@Z 1000b1c0 f i bncs_instance_lookup.obj
 0001:0000a1c0       ?find@?$QMapPrivate@VQString@@VdeviceTypeInfo@@@@QBE?AV?$QMapConstIterator@VQString@@VdeviceTypeInfo@@@@ABVQString@@@Z 1000b1c0 f i bncs_instance_lookup.obj
 0001:0000a230       ?detachInternal@?$QValueList@VdeviceTypeInfo@@@@AAEXXZ 1000b230 f i bncs_instance_lookup.obj
 0001:0000a340       ?detachInternal@?$QValueList@VcomplexType@@@@AAEXXZ 1000b340 f i bncs_instance_lookup.obj
 0001:0000a450       ??0?$QValueListPrivate@VparamInfo@@@@QAE@XZ 1000b450 f i bncs_instance_lookup.obj
 0001:0000a4d0       ?insert@?$QValueListPrivate@VparamInfo@@@@QAE?AV?$QValueListIterator@VparamInfo@@@@V2@ABVparamInfo@@@Z 1000b4d0 f i bncs_instance_lookup.obj
 0001:0000a530       ??0?$QValueListPrivate@VcomplexParam@@@@QAE@XZ 1000b530 f i bncs_instance_lookup.obj
 0001:0000a5b0       ?insert@?$QValueListPrivate@VcomplexParam@@@@QAE?AV?$QValueListIterator@VcomplexParam@@@@V2@ABVcomplexParam@@@Z 1000b5b0 f i bncs_instance_lookup.obj
 0001:0000a660       ??0?$QValueListPrivate@VcomplexInstance@@@@QAE@XZ 1000b660 f i bncs_instance_lookup.obj
 0001:0000a6e0       ?insert@?$QValueListPrivate@VcomplexInstance@@@@QAE?AV?$QValueListIterator@VcomplexInstance@@@@V2@ABVcomplexInstance@@@Z 1000b6e0 f i bncs_instance_lookup.obj
 0001:0000a740       ??0?$QValueListPrivate@VinstanceInfo@@@@QAE@XZ 1000b740 f i bncs_instance_lookup.obj
 0001:0000a7c0       ?insert@?$QValueListPrivate@VinstanceInfo@@@@QAE?AV?$QValueListIterator@VinstanceInfo@@@@V2@ABVinstanceInfo@@@Z 1000b7c0 f i bncs_instance_lookup.obj
 0001:0000a880       ??0?$QValueListPrivate@VdeviceTypeInfo@@@@QAE@XZ 1000b880 f i bncs_instance_lookup.obj
 0001:0000a900       ?insert@?$QValueListPrivate@VdeviceTypeInfo@@@@QAE?AV?$QValueListIterator@VdeviceTypeInfo@@@@V2@ABVdeviceTypeInfo@@@Z 1000b900 f i bncs_instance_lookup.obj
 0001:0000a960       ??0?$QValueListPrivate@VcomplexType@@@@QAE@XZ 1000b960 f i bncs_instance_lookup.obj
 0001:0000a9e0       ?insert@?$QValueListPrivate@VcomplexType@@@@QAE?AV?$QValueListIterator@VcomplexType@@@@V2@ABVcomplexType@@@Z 1000b9e0 f i bncs_instance_lookup.obj
 0001:0000aa40       ??_G?$QValueListPrivate@VQString@@@@UAEPAXI@Z 1000ba40 f i bncs_instance_lookup.obj
 0001:0000aa40       ??_E?$QValueListPrivate@VQString@@@@UAEPAXI@Z 1000ba40 f i bncs_instance_lookup.obj
 0001:0000aa90       ??_G?$QValueListPrivate@VparamInfo@@@@UAEPAXI@Z 1000ba90 f i bncs_instance_lookup.obj
 0001:0000aa90       ??_E?$QValueListPrivate@VparamInfo@@@@UAEPAXI@Z 1000ba90 f i bncs_instance_lookup.obj
 0001:0000aae0       ??_E?$QValueListPrivate@VcomplexParam@@@@UAEPAXI@Z 1000bae0 f i bncs_instance_lookup.obj
 0001:0000aae0       ??_G?$QValueListPrivate@VcomplexParam@@@@UAEPAXI@Z 1000bae0 f i bncs_instance_lookup.obj
 0001:0000ab30       ??_G?$QValueListPrivate@VcomplexInstance@@@@UAEPAXI@Z 1000bb30 f i bncs_instance_lookup.obj
 0001:0000ab30       ??_E?$QValueListPrivate@VcomplexInstance@@@@UAEPAXI@Z 1000bb30 f i bncs_instance_lookup.obj
 0001:0000ab80       ??_G?$QValueListPrivate@VinstanceInfo@@@@UAEPAXI@Z 1000bb80 f i bncs_instance_lookup.obj
 0001:0000ab80       ??_E?$QValueListPrivate@VinstanceInfo@@@@UAEPAXI@Z 1000bb80 f i bncs_instance_lookup.obj
 0001:0000abd0       ??_G?$QValueListPrivate@VdeviceTypeInfo@@@@UAEPAXI@Z 1000bbd0 f i bncs_instance_lookup.obj
 0001:0000abd0       ??_E?$QValueListPrivate@VdeviceTypeInfo@@@@UAEPAXI@Z 1000bbd0 f i bncs_instance_lookup.obj
 0001:0000ac20       ??_E?$QValueListPrivate@VcomplexType@@@@UAEPAXI@Z 1000bc20 f i bncs_instance_lookup.obj
 0001:0000ac20       ??_G?$QValueListPrivate@VcomplexType@@@@UAEPAXI@Z 1000bc20 f i bncs_instance_lookup.obj
 0001:0000ac70       ??_G?$QValueListNode@VparamInfo@@@@UAEPAXI@Z 1000bc70 f i bncs_instance_lookup.obj
 0001:0000ac70       ??_E?$QValueListNode@VparamInfo@@@@UAEPAXI@Z 1000bc70 f i bncs_instance_lookup.obj
 0001:0000ac90       ??1?$QValueListNode@VparamInfo@@@@UAE@XZ 1000bc90 f i bncs_instance_lookup.obj
 0001:0000aca0       ??_G?$QValueListNode@VcomplexParam@@@@UAEPAXI@Z 1000bca0 f i bncs_instance_lookup.obj
 0001:0000aca0       ??_E?$QValueListNode@VcomplexParam@@@@UAEPAXI@Z 1000bca0 f i bncs_instance_lookup.obj
 0001:0000acc0       ??1?$QValueListNode@VcomplexParam@@@@UAE@XZ 1000bcc0 f i bncs_instance_lookup.obj
 0001:0000acd0       ??_G?$QValueListNode@VcomplexInstance@@@@UAEPAXI@Z 1000bcd0 f i bncs_instance_lookup.obj
 0001:0000acd0       ??_E?$QValueListNode@VcomplexInstance@@@@UAEPAXI@Z 1000bcd0 f i bncs_instance_lookup.obj
 0001:0000acf0       ??1?$QValueListNode@VcomplexInstance@@@@UAE@XZ 1000bcf0 f i bncs_instance_lookup.obj
 0001:0000ad00       ??_G?$QValueListNode@VinstanceInfo@@@@UAEPAXI@Z 1000bd00 f i bncs_instance_lookup.obj
 0001:0000ad00       ??_E?$QValueListNode@VinstanceInfo@@@@UAEPAXI@Z 1000bd00 f i bncs_instance_lookup.obj
 0001:0000ad20       ??1?$QValueListNode@VinstanceInfo@@@@UAE@XZ 1000bd20 f i bncs_instance_lookup.obj
 0001:0000ad30       ??_E?$QValueListNode@VdeviceTypeInfo@@@@UAEPAXI@Z 1000bd30 f i bncs_instance_lookup.obj
 0001:0000ad30       ??_G?$QValueListNode@VdeviceTypeInfo@@@@UAEPAXI@Z 1000bd30 f i bncs_instance_lookup.obj
 0001:0000ad50       ??1?$QValueListNode@VdeviceTypeInfo@@@@UAE@XZ 1000bd50 f i bncs_instance_lookup.obj
 0001:0000ad60       ??_E?$QValueListNode@VcomplexType@@@@UAEPAXI@Z 1000bd60 f i bncs_instance_lookup.obj
 0001:0000ad60       ??_G?$QValueListNode@VcomplexType@@@@UAEPAXI@Z 1000bd60 f i bncs_instance_lookup.obj
 0001:0000ad80       ??1?$QValueListNode@VcomplexType@@@@UAE@XZ 1000bd80 f i bncs_instance_lookup.obj
 0001:0000ad90       ??0?$QValueListPrivate@VQString@@@@QAE@ABV0@@Z 1000bd90 f i bncs_instance_lookup.obj
 0001:0000ae70       ??0?$QMapPrivate@VQString@@VparamInfo@@@@QAE@PBV0@@Z 1000be70 f i bncs_instance_lookup.obj
 0001:0000b010       ?clear@?$QMapPrivate@VQString@@VparamInfo@@@@QAEXPAU?$QMapNode@VQString@@VparamInfo@@@@@Z 1000c010 f i bncs_instance_lookup.obj
 0001:0000b050       ??0?$QMapPrivate@VQString@@VcomplexParam@@@@QAE@PBV0@@Z 1000c050 f i bncs_instance_lookup.obj
 0001:0000b1f0       ?clear@?$QMapPrivate@VQString@@VcomplexParam@@@@QAEXPAU?$QMapNode@VQString@@VcomplexParam@@@@@Z 1000c1f0 f i bncs_instance_lookup.obj
 0001:0000b230       ??0?$QMapPrivate@VQString@@VcomplexInstance@@@@QAE@PBV0@@Z 1000c230 f i bncs_instance_lookup.obj
 0001:0000b3d0       ?clear@?$QMapPrivate@VQString@@VcomplexInstance@@@@QAEXPAU?$QMapNode@VQString@@VcomplexInstance@@@@@Z 1000c3d0 f i bncs_instance_lookup.obj
 0001:0000b410       ??0?$QMapPrivate@VQString@@VinstanceInfo@@@@QAE@PBV0@@Z 1000c410 f i bncs_instance_lookup.obj
 0001:0000b5b0       ?clear@?$QMapPrivate@VQString@@VinstanceInfo@@@@QAEXPAU?$QMapNode@VQString@@VinstanceInfo@@@@@Z 1000c5b0 f i bncs_instance_lookup.obj
 0001:0000b5f0       ??0?$QMapPrivate@VQString@@VdeviceTypeInfo@@@@QAE@PBV0@@Z 1000c5f0 f i bncs_instance_lookup.obj
 0001:0000b7a0       ?clear@?$QMapPrivate@VQString@@VdeviceTypeInfo@@@@QAEXPAU?$QMapNode@VQString@@VdeviceTypeInfo@@@@@Z 1000c7a0 f i bncs_instance_lookup.obj
 0001:0000b7e0       ??0?$QMapPrivate@VQString@@VcomplexType@@@@QAE@PBV0@@Z 1000c7e0 f i bncs_instance_lookup.obj
 0001:0000b980       ?clear@?$QMapPrivate@VQString@@VcomplexType@@@@QAEXPAU?$QMapNode@VQString@@VcomplexType@@@@@Z 1000c980 f i bncs_instance_lookup.obj
 0001:0000b9c0       ??0?$QValueListPrivate@VparamInfo@@@@QAE@ABV0@@Z 1000c9c0 f i bncs_instance_lookup.obj
 0001:0000ba90       ??0?$QValueListPrivate@VcomplexParam@@@@QAE@ABV0@@Z 1000ca90 f i bncs_instance_lookup.obj
 0001:0000bb60       ??0?$QValueListPrivate@VcomplexInstance@@@@QAE@ABV0@@Z 1000cb60 f i bncs_instance_lookup.obj
 0001:0000bc30       ??0?$QValueListPrivate@VinstanceInfo@@@@QAE@ABV0@@Z 1000cc30 f i bncs_instance_lookup.obj
 0001:0000bd00       ??0?$QValueListPrivate@VdeviceTypeInfo@@@@QAE@ABV0@@Z 1000cd00 f i bncs_instance_lookup.obj
 0001:0000bdd0       ??0?$QValueListPrivate@VcomplexType@@@@QAE@ABV0@@Z 1000cdd0 f i bncs_instance_lookup.obj
 0001:0000bea0       ??0?$QValueListIterator@VcomplexType@@@@QAE@ABV0@@Z 1000cea0 f i bncs_instance_lookup.obj
 0001:0000bea0       ??0?$QValueListIterator@VinstanceInfo@@@@QAE@ABV0@@Z 1000cea0 f i bncs_instance_lookup.obj
 0001:0000bea0       ??0?$QValueListIterator@Vstyleentry@@@@QAE@ABV0@@Z 1000cea0 f i bncs_instance_lookup.obj
 0001:0000bea0       ??0?$QValueListIterator@VparamInfo@@@@QAE@ABV0@@Z 1000cea0 f i bncs_instance_lookup.obj
 0001:0000bea0       ??0?$QValueListIterator@VdeviceTypeInfo@@@@QAE@ABV0@@Z 1000cea0 f i bncs_instance_lookup.obj
 0001:0000bea0       ??0?$QValueListIterator@VcomplexParam@@@@QAE@ABV0@@Z 1000cea0 f i bncs_instance_lookup.obj
 0001:0000bea0       ??0?$QValueListIterator@VcomplexInstance@@@@QAE@ABV0@@Z 1000cea0 f i bncs_instance_lookup.obj
 0001:0000beb0       ?copy@?$QMapPrivate@VQString@@VparamInfo@@@@QAEPAU?$QMapNode@VQString@@VparamInfo@@@@PAU2@@Z 1000ceb0 f i bncs_instance_lookup.obj
 0001:0000bfb0       ?insert@?$QMapPrivate@VQString@@VparamInfo@@@@QAE?AV?$QMapIterator@VQString@@VparamInfo@@@@PAUQMapNodeBase@@0ABVQString@@@Z 1000cfb0 f i bncs_instance_lookup.obj
 0001:0000c0c0       ?copy@?$QMapPrivate@VQString@@VcomplexParam@@@@QAEPAU?$QMapNode@VQString@@VcomplexParam@@@@PAU2@@Z 1000d0c0 f i bncs_instance_lookup.obj
 0001:0000c1d0       ?insert@?$QMapPrivate@VQString@@VcomplexParam@@@@QAE?AV?$QMapIterator@VQString@@VcomplexParam@@@@PAUQMapNodeBase@@0ABVQString@@@Z 1000d1d0 f i bncs_instance_lookup.obj
 0001:0000c2e0       ?copy@?$QMapPrivate@VQString@@VcomplexInstance@@@@QAEPAU?$QMapNode@VQString@@VcomplexInstance@@@@PAU2@@Z 1000d2e0 f i bncs_instance_lookup.obj
 0001:0000c4b0       ?insert@?$QMapPrivate@VQString@@VcomplexInstance@@@@QAE?AV?$QMapIterator@VQString@@VcomplexInstance@@@@PAUQMapNodeBase@@0ABVQString@@@Z 1000d4b0 f i bncs_instance_lookup.obj
 0001:0000c5c0       ?copy@?$QMapPrivate@VQString@@VinstanceInfo@@@@QAEPAU?$QMapNode@VQString@@VinstanceInfo@@@@PAU2@@Z 1000d5c0 f i bncs_instance_lookup.obj
 0001:0000c6e0       ?insert@?$QMapPrivate@VQString@@VinstanceInfo@@@@QAE?AV?$QMapIterator@VQString@@VinstanceInfo@@@@PAUQMapNodeBase@@0ABVQString@@@Z 1000d6e0 f i bncs_instance_lookup.obj
 0001:0000c7f0       ?copy@?$QMapPrivate@VQString@@VdeviceTypeInfo@@@@QAEPAU?$QMapNode@VQString@@VdeviceTypeInfo@@@@PAU2@@Z 1000d7f0 f i bncs_instance_lookup.obj
 0001:0000c9d0       ?insert@?$QMapPrivate@VQString@@VdeviceTypeInfo@@@@QAE?AV?$QMapIterator@VQString@@VdeviceTypeInfo@@@@PAUQMapNodeBase@@0ABVQString@@@Z 1000d9d0 f i bncs_instance_lookup.obj
 0001:0000cae0       ?copy@?$QMapPrivate@VQString@@VcomplexType@@@@QAEPAU?$QMapNode@VQString@@VcomplexType@@@@PAU2@@Z 1000dae0 f i bncs_instance_lookup.obj
 0001:0000ccb0       ?insert@?$QMapPrivate@VQString@@VcomplexType@@@@QAE?AV?$QMapIterator@VQString@@VcomplexType@@@@PAUQMapNodeBase@@0ABVQString@@@Z 1000dcb0 f i bncs_instance_lookup.obj
 0001:0000cdc0       ?dec@?$QMapIterator@VQString@@VcomplexInstance@@@@AAEHXZ 1000ddc0 f i bncs_instance_lookup.obj
 0001:0000cdc0       ?dec@?$QMapIterator@VQString@@VinstanceInfo@@@@AAEHXZ 1000ddc0 f i bncs_instance_lookup.obj
 0001:0000cdc0       ?dec@?$QMapIterator@VQString@@Vstyleentry@@@@AAEHXZ 1000ddc0 f i bncs_instance_lookup.obj
 0001:0000cdc0       ?dec@?$QMapIterator@VQString@@VcomplexType@@@@AAEHXZ 1000ddc0 f i bncs_instance_lookup.obj
 0001:0000cdc0       ?dec@?$QMapIterator@VQString@@VcomplexParam@@@@AAEHXZ 1000ddc0 f i bncs_instance_lookup.obj
 0001:0000cdc0       ?dec@?$QMapIterator@VQString@@VparamInfo@@@@AAEHXZ 1000ddc0 f i bncs_instance_lookup.obj
 0001:0000cdc0       ?dec@?$QMapIterator@VQString@@VdeviceTypeInfo@@@@AAEHXZ 1000ddc0 f i bncs_instance_lookup.obj
 0001:0000cf00       ?count@bncs_stylesheet@@SAHXZ 1000df00 f   bncs_stylesheet.obj
 0001:0000cf10       ??0bncs_stylesheet@@QAE@XZ 1000df10 f   bncs_stylesheet.obj
 0001:0000cf20       ??1bncs_stylesheet@@QAE@XZ 1000df20 f   bncs_stylesheet.obj
 0001:0000cf30       ?getStyle@bncs_stylesheet@@SAXAAVQString@@PAVQWidget@@@Z 1000df30 f   bncs_stylesheet.obj
 0001:0000cfd0       ?get@bncs_stylesheet@@QAEXAAVQString@@PAVQWidget@@@Z 1000dfd0 f   bncs_stylesheet.obj
 0001:0000cff0       ?load@bncs_stylesheet@@SA_NXZ 1000dff0 f   bncs_stylesheet.obj
 0001:0000e080       ?stylelist@bncs_stylesheet@@QAE?BV?$QMap@VQString@@Vstyleentry@@@@XZ 1000f080 f   bncs_stylesheet.obj
 0001:0000e0a0       ?settingslist@bncs_stylesheet@@QAE?BVQStringList@@AAVQString@@@Z 1000f0a0 f   bncs_stylesheet.obj
 0001:0000e1c0       ?reLoad@bncs_stylesheet@@SA_NXZ 1000f1c0 f   bncs_stylesheet.obj
 0001:0000e1d0       ??0?$QMap@VQString@@Vstyleentry@@@@QAE@XZ 1000f1d0 f i bncs_stylesheet.obj
 0001:0000e310       ??1?$QMap@VQString@@Vstyleentry@@@@QAE@XZ 1000f310 f i bncs_stylesheet.obj
 0001:0000e3b0       ?begin@?$QMap@VQString@@Vstyleentry@@@@QAE?AV?$QMapIterator@VQString@@Vstyleentry@@@@XZ 1000f3b0 f i bncs_stylesheet.obj
 0001:0000e3e0       ?end@?$QMap@VQString@@Vstyleentry@@@@QAE?AV?$QMapIterator@VQString@@Vstyleentry@@@@XZ 1000f3e0 f i bncs_stylesheet.obj
 0001:0000e400       ?replace@?$QMap@VQString@@Vstyleentry@@@@QAE?AV?$QMapIterator@VQString@@Vstyleentry@@@@ABVQString@@ABVstyleentry@@@Z 1000f400 f i bncs_stylesheet.obj
 0001:0000e580       ?erase@?$QMap@VQString@@Vstyleentry@@@@QAEXV?$QMapIterator@VQString@@Vstyleentry@@@@@Z 1000f580 f i bncs_stylesheet.obj
 0001:0000e580       ?remove@?$QMap@VQString@@Vstyleentry@@@@QAEXV?$QMapIterator@VQString@@Vstyleentry@@@@@Z 1000f580 f i bncs_stylesheet.obj
 0001:0000e5b0       ?find@?$QMap@VQString@@Vstyleentry@@@@QAE?AV?$QMapIterator@VQString@@Vstyleentry@@@@ABVQString@@@Z 1000f5b0 f i bncs_stylesheet.obj
 0001:0000e630       ?find@?$QMap@VQString@@Vstyleentry@@@@QBE?AV?$QMapConstIterator@VQString@@Vstyleentry@@@@ABVQString@@@Z 1000f630 f i bncs_stylesheet.obj
 0001:0000e6a0       ??A?$QMap@VQString@@Vstyleentry@@@@QBEABVstyleentry@@ABVQString@@@Z 1000f6a0 f i bncs_stylesheet.obj
 0001:0000e710       ?contains@?$QMap@VQString@@Vstyleentry@@@@QBE_NABVQString@@@Z 1000f710 f i bncs_stylesheet.obj
 0001:0000e780       ?keys@?$QMap@VQString@@Vstyleentry@@@@QBE?AV?$QValueList@VQString@@@@XZ 1000f780 f i bncs_stylesheet.obj
 0001:0000e8a0       ?values@?$QMap@VQString@@Vstyleentry@@@@QBE?AV?$QValueList@Vstyleentry@@@@XZ 1000f8a0 f i bncs_stylesheet.obj
 0001:0000e9c0       ?detach@?$QMap@VQString@@Vstyleentry@@@@IAEXXZ 1000f9c0 f i bncs_stylesheet.obj
 0001:0000e9d0       ??0styleentry@@QAE@XZ      1000f9d0 f i bncs_stylesheet.obj
 0001:0000ead0       ??0styleentry@@QAE@ABV0@@Z 1000fad0 f i bncs_stylesheet.obj
 0001:0000eb40       ??4styleentry@@QAEAAV0@ABV0@@Z 1000fb40 f i bncs_stylesheet.obj
 0001:0000eba0       ??1styleentry@@QAE@XZ      1000fba0 f i bncs_stylesheet.obj
 0001:0000ec30       ?begin@?$QMapPrivate@VQString@@Vstyleentry@@@@QAE?AV?$QMapIterator@VQString@@Vstyleentry@@@@XZ 1000fc30 f i bncs_stylesheet.obj
 0001:0000ec30       ?begin@?$QMapPrivate@VQString@@VdeviceTypeInfo@@@@QAE?AV?$QMapIterator@VQString@@VdeviceTypeInfo@@@@XZ 1000fc30 f i bncs_stylesheet.obj
 0001:0000ec30       ?begin@?$QMapPrivate@VQString@@VcomplexParam@@@@QAE?AV?$QMapIterator@VQString@@VcomplexParam@@@@XZ 1000fc30 f i bncs_stylesheet.obj
 0001:0000ec30       ?begin@?$QMapPrivate@VQString@@VcomplexInstance@@@@QAE?AV?$QMapIterator@VQString@@VcomplexInstance@@@@XZ 1000fc30 f i bncs_stylesheet.obj
 0001:0000ec30       ?begin@?$QMapPrivate@VQString@@VparamInfo@@@@QAE?AV?$QMapIterator@VQString@@VparamInfo@@@@XZ 1000fc30 f i bncs_stylesheet.obj
 0001:0000ec30       ?begin@?$QMapPrivate@VQString@@VinstanceInfo@@@@QAE?AV?$QMapIterator@VQString@@VinstanceInfo@@@@XZ 1000fc30 f i bncs_stylesheet.obj
 0001:0000ec30       ?begin@?$QMapPrivate@VQString@@VcomplexType@@@@QAE?AV?$QMapIterator@VQString@@VcomplexType@@@@XZ 1000fc30 f i bncs_stylesheet.obj
 0001:0000ec40       ?remove@?$QMapPrivate@VQString@@Vstyleentry@@@@QAEXV?$QMapIterator@VQString@@Vstyleentry@@@@@Z 1000fc40 f i bncs_stylesheet.obj
 0001:0000ec80       ??1?$QMapNode@VQString@@Vstyleentry@@@@QAE@XZ 1000fc80 f i bncs_stylesheet.obj
 0001:0000ed40       ?end@?$QValueList@Vstyleentry@@@@QAE?AV?$QValueListIterator@Vstyleentry@@@@XZ 1000fd40 f i bncs_stylesheet.obj
 0001:0000ed70       ??4?$QMap@VQString@@Vstyleentry@@@@QAEAAV0@ABV0@@Z 1000fd70 f i bncs_stylesheet.obj
 0001:0000ee30       ?insert@?$QMap@VQString@@Vstyleentry@@@@QAE?AV?$QMapIterator@VQString@@Vstyleentry@@@@ABVQString@@ABVstyleentry@@_N@Z 1000fe30 f i bncs_stylesheet.obj
 0001:0000ef70       ?insert@?$QMap@VQString@@Vstyleentry@@@@QAE?AU?$QPair@V?$QMapIterator@VQString@@Vstyleentry@@@@_N@@ABU?$QPair@$$CBVQString@@Vstyleentry@@@@@Z 1000ff70 f i bncs_stylesheet.obj
 0001:0000f090       ?remove@?$QMap@VQString@@Vstyleentry@@@@QAEXABVQString@@@Z 10010090 f i bncs_stylesheet.obj
 0001:0000f090       ?erase@?$QMap@VQString@@Vstyleentry@@@@QAEXABVQString@@@Z 10010090 f i bncs_stylesheet.obj
 0001:0000f120       ?count@?$QMap@VQString@@Vstyleentry@@@@QBEIABVQString@@@Z 10010120 f i bncs_stylesheet.obj
 0001:0000f1d0       ??A?$QMap@VQString@@Vstyleentry@@@@QAEAAVstyleentry@@ABVQString@@@Z 100101d0 f i bncs_stylesheet.obj
 0001:0000f3b0       ?clear@?$QMap@VQString@@Vstyleentry@@@@QAEXXZ 100103b0 f i bncs_stylesheet.obj
 0001:0000f560       ?detachInternal@?$QMap@VQString@@Vstyleentry@@@@AAEXXZ 10010560 f i bncs_stylesheet.obj
 0001:0000f740       ?find@?$QMapPrivate@VQString@@Vstyleentry@@@@QBE?AV?$QMapConstIterator@VQString@@Vstyleentry@@@@ABVQString@@@Z 10010740 f i bncs_stylesheet.obj
 0001:0000f7b0       ?detachInternal@?$QValueList@Vstyleentry@@@@AAEXXZ 100107b0 f i bncs_stylesheet.obj
 0001:0000f8c0       ??0?$QValueListPrivate@Vstyleentry@@@@QAE@XZ 100108c0 f i bncs_stylesheet.obj
 0001:0000fa00       ?insert@?$QValueListPrivate@Vstyleentry@@@@QAE?AV?$QValueListIterator@Vstyleentry@@@@V2@ABVstyleentry@@@Z 10010a00 f i bncs_stylesheet.obj
 0001:0000fac0       ??_G?$QValueListPrivate@Vstyleentry@@@@UAEPAXI@Z 10010ac0 f i bncs_stylesheet.obj
 0001:0000fac0       ??_E?$QValueListPrivate@Vstyleentry@@@@UAEPAXI@Z 10010ac0 f i bncs_stylesheet.obj
 0001:0000fb10       ??_E?$QValueListNode@Vstyleentry@@@@UAEPAXI@Z 10010b10 f i bncs_stylesheet.obj
 0001:0000fb10       ??_G?$QValueListNode@Vstyleentry@@@@UAEPAXI@Z 10010b10 f i bncs_stylesheet.obj
 0001:0000fb30       ??1?$QValueListNode@Vstyleentry@@@@UAE@XZ 10010b30 f i bncs_stylesheet.obj
 0001:0000fbd0       ??0?$QMapPrivate@VQString@@Vstyleentry@@@@QAE@PBV0@@Z 10010bd0 f i bncs_stylesheet.obj
 0001:0000fda0       ?clear@?$QMapPrivate@VQString@@Vstyleentry@@@@QAEXPAU?$QMapNode@VQString@@Vstyleentry@@@@@Z 10010da0 f i bncs_stylesheet.obj
 0001:0000fde0       ?insertSingle@?$QMapPrivate@VQString@@Vstyleentry@@@@QAE?AV?$QMapIterator@VQString@@Vstyleentry@@@@ABVQString@@@Z 10010de0 f i bncs_stylesheet.obj
 0001:0000fec0       ??0?$QValueListPrivate@Vstyleentry@@@@QAE@ABV0@@Z 10010ec0 f i bncs_stylesheet.obj
 0001:0000ffb0       ?copy@?$QMapPrivate@VQString@@Vstyleentry@@@@QAEPAU?$QMapNode@VQString@@Vstyleentry@@@@PAU2@@Z 10010fb0 f i bncs_stylesheet.obj
 0001:00010150       ?insert@?$QMapPrivate@VQString@@Vstyleentry@@@@QAE?AV?$QMapIterator@VQString@@Vstyleentry@@@@PAUQMapNodeBase@@0ABVQString@@@Z 10011150 f i bncs_stylesheet.obj
 0001:000102a0       ??0?$QMapNode@VQString@@Vstyleentry@@@@QAE@ABU0@@Z 100112a0 f i bncs_stylesheet.obj
 0001:000103d0       ??0complexInstance@@QAE@XZ 100113d0 f   complexInstance.obj
 0001:000104a0       ??1complexInstance@@UAE@XZ 100114a0 f   complexInstance.obj
 0001:000105c0       ??0complexParam@@QAE@XZ    100115c0 f   complexParamInfo.obj
 0001:00010630       ??1complexParam@@UAE@XZ    10011630 f   complexParamInfo.obj
 0001:000106b0       ??0complexType@@QAE@XZ     100116b0 f   complexType.obj
 0001:00010780       ??1complexType@@UAE@XZ     10011780 f   complexType.obj
 0001:000108a0       ??0deviceTypeInfo@@QAE@XZ  100118a0 f   deviceTypeInfo.obj
 0001:00010970       ??1deviceTypeInfo@@UAE@XZ  10011970 f   deviceTypeInfo.obj
 0001:00010a90       ??0instanceInfo@@QAE@XZ    10011a90 f   instanceInfo.obj
 0001:00010b10       ??1instanceInfo@@UAE@XZ    10011b10 f   instanceInfo.obj
 0001:00010b90       _DllMain@12                10011b90 f   main.obj
 0001:00010c00       ??0paramInfo@@QAE@XZ       10011c00 f   paramInfo.obj
 0001:00010c10       ??1paramInfo@@UAE@XZ       10011c10 f   paramInfo.obj
 0001:00010c20       __onexit                   10011c20 f   MSVCRT:atonexit.obj
 0001:00010c4c       _atexit                    10011c4c f   MSVCRT:atonexit.obj
 0001:00010c5e       ??3@YAXPAX@Z               10011c5e f   MSVCRT:MSVCRT.dll
 0001:00010c64       ___CxxFrameHandler         10011c64 f   MSVCRT:MSVCRT.dll
 0001:00010c70       ??_M@YGXPAXIHP6EX0@Z@Z     10011c70 f   MSVCRT:ehvecdtr.obj
 0001:00010cf0       ?__ArrayUnwind@@YGXPAXIHP6EX0@Z@Z 10011cf0 f   MSVCRT:ehvecdtr.obj
 0001:00010d64       ??2@YAPAXI@Z               10011d64 f   MSVCRT:MSVCRT.dll
 0001:00010d6a       __CRT_INIT@12              10011d6a f   MSVCRT:crtdll.obj
 0001:00010e15       __DllMainCRTStartup@12     10011e15 f   MSVCRT:crtdll.obj
 0001:00010eb2       ___dllonexit               10011eb2 f   MSVCRT:MSVCRT.dll
 0001:00010eb8       __except_handler3          10011eb8 f   MSVCRT:MSVCRT.dll
 0001:00010ebe       ?terminate@@YAXXZ          10011ebe f   MSVCRT:MSVCRT.dll
 0001:00010ec4       __initterm                 10011ec4 f   MSVCRT:MSVCRT.dll
 0002:00000000       ??_7bncs_instance_lookup@@6B@ 10014000     bncs_instance_lookup.obj
 0002:00000004       ??_7instanceInfo@@6B@      10014004     bncs_instance_lookup.obj
 0002:00000008       ??_7paramInfo@@6B@         10014008     bncs_instance_lookup.obj
 0002:0000000c       ??_7deviceTypeInfo@@6B@    1001400c     bncs_instance_lookup.obj
 0002:00000010       ??_7complexParam@@6B@      10014010     bncs_instance_lookup.obj
 0002:00000014       ??_7complexInstance@@6B@   10014014     bncs_instance_lookup.obj
 0002:00000018       ??_7complexType@@6B@       10014018     bncs_instance_lookup.obj
 0002:0000001c       ??_7?$QValueListNode@VQString@@@@6B@ 1001401c     bncs_instance_lookup.obj
 0002:00000020       ??_7?$QValueListPrivate@VQString@@@@6B@ 10014020     bncs_instance_lookup.obj
 0002:00000024       ??_7?$QValueListNode@VparamInfo@@@@6B@ 10014024     bncs_instance_lookup.obj
 0002:00000028       ??_7?$QValueListPrivate@VparamInfo@@@@6B@ 10014028     bncs_instance_lookup.obj
 0002:0000002c       ??_7?$QValueListNode@VcomplexParam@@@@6B@ 1001402c     bncs_instance_lookup.obj
 0002:00000030       ??_7?$QValueListPrivate@VcomplexParam@@@@6B@ 10014030     bncs_instance_lookup.obj
 0002:00000034       ??_7?$QValueListNode@VcomplexInstance@@@@6B@ 10014034     bncs_instance_lookup.obj
 0002:00000038       ??_7?$QValueListPrivate@VcomplexInstance@@@@6B@ 10014038     bncs_instance_lookup.obj
 0002:0000003c       ??_7?$QValueListNode@VinstanceInfo@@@@6B@ 1001403c     bncs_instance_lookup.obj
 0002:00000040       ??_7?$QValueListPrivate@VinstanceInfo@@@@6B@ 10014040     bncs_instance_lookup.obj
 0002:00000044       ??_7?$QValueListNode@VdeviceTypeInfo@@@@6B@ 10014044     bncs_instance_lookup.obj
 0002:00000048       ??_7?$QValueListPrivate@VdeviceTypeInfo@@@@6B@ 10014048     bncs_instance_lookup.obj
 0002:0000004c       ??_7?$QValueListNode@VcomplexType@@@@6B@ 1001404c     bncs_instance_lookup.obj
 0002:00000050       ??_7?$QValueListPrivate@VcomplexType@@@@6B@ 10014050     bncs_instance_lookup.obj
 0002:00000054       ??_7?$QValueListNode@Vstyleentry@@@@6B@ 10014054     bncs_stylesheet.obj
 0002:00000058       ??_7?$QValueListPrivate@Vstyleentry@@@@6B@ 10014058     bncs_stylesheet.obj
 0003:00000000       ___xc_a                    1001c000     MSVCRT:cinitexe.obj
 0003:00000014       ___xc_z                    1001c014     MSVCRT:cinitexe.obj
 0003:00000018       ___xi_a                    1001c018     MSVCRT:cinitexe.obj
 0003:0000001c       ___xi_z                    1001c01c     MSVCRT:cinitexe.obj
 0003:00000020       ??_C@_0BA@DJEB@not?5found?5param?$AA@ 1001c020     bncs_instance_lookup.obj
 0003:00000030       ??_C@_0BA@MJFB@not?5found?5type?5?$AA@ 1001c030     bncs_instance_lookup.obj
 0003:00000040       ??_C@_0BF@FJGP@can?8t?5find?5instance?6?$AA@ 1001c040     bncs_instance_lookup.obj
 0003:00000058       ??_C@_02IBHF@id?$AA@       1001c058     bncs_instance_lookup.obj
 0003:0000005c       ??_C@_07DMAD@complex?$AA@  1001c05c     bncs_instance_lookup.obj
 0003:00000064       ??_C@_06KCLD@offset?$AA@   1001c064     bncs_instance_lookup.obj
 0003:0000006c       ??_C@_06GFPG@device?$AA@   1001c06c     bncs_instance_lookup.obj
 0003:00000074       ??_C@_01KPOD@?$DN?$AA@     1001c074     bncs_instance_lookup.obj
 0003:00000078       ??_C@_01KMAE@?0?$AA@       1001c078     bncs_instance_lookup.obj
 0003:0000007c       ??_C@_03HJJN@ref?$AA@      1001c07c     bncs_instance_lookup.obj
 0003:00000080       ??_C@_04PIKN@type?$AA@     1001c080     bncs_instance_lookup.obj
 0003:00000088       ??_C@_0CA@EIP@The?5instances?5file?5is?5not?5valid?$AA@ 1001c088     bncs_instance_lookup.obj
 0003:000000a8       ??_C@_0BI@KKOL@Error?5in?5instancse?5file?$AA@ 1001c0a8     bncs_instance_lookup.obj
 0003:000000c0       ??_C@_09IFGL@Instances?$AA@ 1001c0c0     bncs_instance_lookup.obj
 0003:000000cc       ??_C@_0BN@EGIA@Could?5not?5find?5the?5instances?$AA@ 1001c0cc     bncs_instance_lookup.obj
 0003:000000ec       ??_C@_09MMGO@instances?$AA@ 1001c0ec     bncs_instance_lookup.obj
 0003:000000f8       ??_C@_0BG@EMIA@?2config?2instances?4xml?$AA@ 1001c0f8     bncs_instance_lookup.obj
 0003:00000110       ??_C@_0M@MBOA@?$CFs?5?$CFs?5?$CFd?5?$CFd?$AA@ 1001c110     bncs_instance_lookup.obj
 0003:0000011c       ??_C@_05ODDD@?$CK?4xml?$AA@ 1001c11c     bncs_instance_lookup.obj
 0003:00000124       ??_C@_0BE@FAKH@?2config?2devicetypes?$AA@ 1001c124     bncs_instance_lookup.obj
 0003:00000138       ??_C@_0BK@CEJO@?2config?2complex_instances?$AA@ 1001c138     bncs_instance_lookup.obj
 0003:00000154       ??_C@_04OPJK@name?$AA@     1001c154     bncs_instance_lookup.obj
 0003:0000015c       ??_C@_04IEHK@slot?$AA@     1001c15c     bncs_instance_lookup.obj
 0003:00000164       ??_C@_0L@JKHJ@drivertype?$AA@ 1001c164     bncs_instance_lookup.obj
 0003:00000170       ??_C@_0CJ@OMCG@The?5device_description?5file?5is?5n@ 1001c170     bncs_instance_lookup.obj
 0003:0000019c       ??_C@_0BL@DPFO@Error?5in?5device?5type?5?5file?$AA@ 1001c19c     bncs_instance_lookup.obj
 0003:000001b8       ??_C@_0BD@LKLG@device_description?$AA@ 1001c1b8     bncs_instance_lookup.obj
 0003:000001cc       ??_C@_0BL@EMBH@?2config?2devicetypes?2?$CF1?4xml?$AA@ 1001c1cc     bncs_instance_lookup.obj
 0003:000001e8       ??_C@_05FMAI@param?$AA@    1001c1e8     bncs_instance_lookup.obj
 0003:000001f0       ??_C@_0BC@LDHB@complex_instances?$AA@ 1001c1f0     bncs_instance_lookup.obj
 0003:00000204       ??_C@_0CB@CGEG@?2config?2complex_instances?2?$CF1?4xml@ 1001c204     bncs_instance_lookup.obj
 0003:00000228       ??_C@_09EFEJ@CC_SYSTEM?$AA@ 1001c228     bncs_instance_lookup.obj
 0003:00000234       ??_C@_01PCFE@?2?$AA@       1001c234     bncs_instance_lookup.obj
 0003:00000238       ??_C@_07FCNI@CC_ROOT?$AA@  1001c238     bncs_instance_lookup.obj
 0003:00000240       ??_C@_0BI@PHJO@ASSERT?3?5?$CC?$CFs?$CC?5in?5?$CFs?5?$CI?$CFd?$CJ?$AA@ 1001c240     bncs_instance_lookup.obj
 0003:00000258       ??_C@_0L@MGKG@i?5?$DM?$DN?5nodes?$AA@ 1001c258     bncs_instance_lookup.obj
 0003:00000264       ??_C@_0BL@CBNE@c?3?2qt?2include?2qvaluelist?4h?$AA@ 1001c264     bncs_instance_lookup.obj
 0003:00000280       ??_C@_07FJMA@setting?$AA@  1001c280     bncs_stylesheet.obj
 0003:00000288       ??_C@_05JCDO@style?$AA@    1001c288     bncs_stylesheet.obj
 0003:00000290       ??_C@_05PMBM@state?$AA@    1001c290     bncs_stylesheet.obj
 0003:00000298       ??_C@_0M@GLLD@description?$AA@ 1001c298     bncs_stylesheet.obj
 0003:000002a4       ??_C@_0M@GBGL@suitablefor?$AA@ 1001c2a4     bncs_stylesheet.obj
 0003:000002b0       ??_C@_05KFME@value?$AA@    1001c2b0     bncs_stylesheet.obj
 0003:000002b8       ??_C@_0EO@JPAN@The?5Stylesheet?5file?3?6?7?$CF1?6?5is?5not@ 1001c2b8     bncs_stylesheet.obj
 0003:00000308       ??_C@_0CB@EGPG@Error?5in?5Stylesheet?5file?3?6?7?$CF1?6?$CF2@ 1001c308     bncs_stylesheet.obj
 0003:0000032c       ??_C@_0CI@MOAI@Could?5not?5find?5the?5Stylesheet?5fi@ 1001c32c     bncs_stylesheet.obj
 0003:00000354       ??_C@_0L@JAIA@stylesheet?$AA@ 1001c354     bncs_stylesheet.obj
 0003:00000360       ??_C@_04KGPJ@?4xml?$AA@    1001c360     bncs_stylesheet.obj
 0003:00000368       ??_C@_0BE@JGAL@?2config?2stylesheet?2?$AA@ 1001c368     bncs_stylesheet.obj
 0003:0000037c       ??_C@_0CI@KCFB@doing?5the?5loading?5of?5complex?5ins@ 1001c37c     main.obj
 0003:000003a4       ??_C@_0BF@LDB@loading?5devicetypes?6?$AA@ 1001c3a4     main.obj
 0003:000003bc       ??_C@_0BD@FPFC@loading?5instances?6?$AA@ 1001c3bc     main.obj
 0003:000003d0       ??_C@_0BF@IGKE@loading?5stylesheets?6?$AA@ 1001c3d0     main.obj
 0003:000003f4       ?complexTypes@bncs_instance_lookup@@2V?$QMap@VQString@@VcomplexType@@@@A 1001c3f4     bncs_instance_lookup.obj
 0003:000003f8       ?instances@bncs_instance_lookup@@2V?$QMap@VQString@@VinstanceInfo@@@@A 1001c3f8     bncs_instance_lookup.obj
 0003:000003fc       ?deviceTypes@bncs_instance_lookup@@2V?$QMap@VQString@@VdeviceTypeInfo@@@@A 1001c3fc     bncs_instance_lookup.obj
 0003:00000404       ?styles@bncs_stylesheet@@0V?$QMap@VQString@@Vstyleentry@@@@A 1001c404     bncs_stylesheet.obj
 0003:00000410       __adjust_fdiv              1001c410     <common>
 0003:00000414       __pRawDllMain              1001c414     <common>
 0003:00000418       ___onexitend               1001c418     <common>
 0003:0000041c       ___onexitbegin             1001c41c     <common>
 0004:00000000       __IMPORT_DESCRIPTOR_qt-mt323 1001d000     qt-mt323:qt-mt323.dll
 0004:00000014       __IMPORT_DESCRIPTOR_KERNEL32 1001d014     kernel32:KERNEL32.dll
 0004:00000028       __IMPORT_DESCRIPTOR_MSVCRT 1001d028     MSVCRT:MSVCRT.dll
 0004:0000003c       __NULL_IMPORT_DESCRIPTOR   1001d03c     qt-mt323:qt-mt323.dll
 0004:0000017c       __imp__OutputDebugStringA@4 1001d17c     kernel32:KERNEL32.dll
 0004:00000180       \177KERNEL32_NULL_THUNK_DATA 1001d180     kernel32:KERNEL32.dll
 0004:00000184       __imp___initterm           1001d184     MSVCRT:MSVCRT.dll
 0004:00000188       __imp__free                1001d188     MSVCRT:MSVCRT.dll
 0004:0000018c       __imp_?terminate@@YAXXZ    1001d18c     MSVCRT:MSVCRT.dll
 0004:00000190       __imp___except_handler3    1001d190     MSVCRT:MSVCRT.dll
 0004:00000194       __imp__malloc              1001d194     MSVCRT:MSVCRT.dll
 0004:00000198       __imp____dllonexit         1001d198     MSVCRT:MSVCRT.dll
 0004:0000019c       __imp_??2@YAPAXI@Z         1001d19c     MSVCRT:MSVCRT.dll
 0004:000001a0       __imp__getenv              1001d1a0     MSVCRT:MSVCRT.dll
 0004:000001a4       __imp____CxxFrameHandler   1001d1a4     MSVCRT:MSVCRT.dll
 0004:000001a8       __imp_??3@YAXPAX@Z         1001d1a8     MSVCRT:MSVCRT.dll
 0004:000001ac       __imp___onexit             1001d1ac     MSVCRT:MSVCRT.dll
 0004:000001b0       __imp___adjust_fdiv        1001d1b0     MSVCRT:MSVCRT.dll
 0004:000001b4       \177MSVCRT_NULL_THUNK_DATA 1001d1b4     MSVCRT:MSVCRT.dll
 0004:000001b8       __imp_?toElement@QDomNode@@QAE?AVQDomElement@@XZ 1001d1b8     qt-mt323:qt-mt323.dll
 0004:000001bc       __imp_??8@YA_NABVQString@@PBD@Z 1001d1bc     qt-mt323:qt-mt323.dll
 0004:000001c0       __imp_?attribute@QDomElement@@QBE?AVQString@@ABV2@0@Z 1001d1c0     qt-mt323:qt-mt323.dll
 0004:000001c4       __imp_?isNull@QDomNode@@QBE_NXZ 1001d1c4     qt-mt323:qt-mt323.dll
 0004:000001c8       __imp_?firstChild@QDomNode@@UBE?AV1@XZ 1001d1c8     qt-mt323:qt-mt323.dll
 0004:000001cc       __imp_??1QDomElement@@UAE@XZ 1001d1cc     qt-mt323:qt-mt323.dll
 0004:000001d0       __imp_??9@YA_NABVQString@@PBD@Z 1001d1d0     qt-mt323:qt-mt323.dll
 0004:000001d4       __imp_?tagName@QDomElement@@QBE?AVQString@@XZ 1001d1d4     qt-mt323:qt-mt323.dll
 0004:000001d8       __imp_?documentElement@QDomDocument@@QBE?AVQDomElement@@XZ 1001d1d8     qt-mt323:qt-mt323.dll
 0004:000001dc       __imp_?setContent@QDomDocument@@QAE_NPAVQIODevice@@_NPAVQString@@PAH3@Z 1001d1dc     qt-mt323:qt-mt323.dll
 0004:000001e0       __imp_??1QDomDocument@@UAE@XZ 1001d1e0     qt-mt323:qt-mt323.dll
 0004:000001e4       __imp_??1QFile@@UAE@XZ     1001d1e4     qt-mt323:qt-mt323.dll
 0004:000001e8       __imp_?warning@QMessageBox@@SAHPAVQWidget@@ABVQString@@1111HH@Z 1001d1e8     qt-mt323:qt-mt323.dll
 0004:000001ec       __imp_?null@QString@@2V1@A 1001d1ec     qt-mt323:qt-mt323.dll
 0004:000001f0       __imp_?open@QFile@@UAE_NH@Z 1001d1f0     qt-mt323:qt-mt323.dll
 0004:000001f4       __imp_??0QFile@@QAE@ABVQString@@@Z 1001d1f4     qt-mt323:qt-mt323.dll
 0004:000001f8       __imp_??0QDomDocument@@QAE@ABVQString@@@Z 1001d1f8     qt-mt323:qt-mt323.dll
 0004:000001fc       __imp_??0QString@@QAE@PBD@Z 1001d1fc     qt-mt323:qt-mt323.dll
 0004:00000200       __imp_??4QString@@QAEAAV0@ABV0@@Z 1001d200     qt-mt323:qt-mt323.dll
 0004:00000204       __imp_??H@YA?BVQString@@ABV0@PBD@Z 1001d204     qt-mt323:qt-mt323.dll
 0004:00000208       __imp_?makeSharedNull@QString@@CAPAUQStringData@@XZ 1001d208     qt-mt323:qt-mt323.dll
 0004:0000020c       __imp_??1QDir@@UAE@XZ      1001d20c     qt-mt323:qt-mt323.dll
 0004:00000210       __imp_?left@QString@@QBE?AV1@I@Z 1001d210     qt-mt323:qt-mt323.dll
 0004:00000214       __imp_?entryList@QDir@@UBE?AVQStringList@@ABVQString@@HH@Z 1001d214     qt-mt323:qt-mt323.dll
 0004:00000218       __imp_??0QDir@@QAE@ABVQString@@0HH@Z 1001d218     qt-mt323:qt-mt323.dll
 0004:0000021c       __imp_?split@QStringList@@SA?AV1@ABVQString@@0_N@Z 1001d21c     qt-mt323:qt-mt323.dll
 0004:00000220       __imp_?at@QString@@QBE?AVQChar@@I@Z 1001d220     qt-mt323:qt-mt323.dll
 0004:00000224       __imp_?arg@QString@@QBE?AV1@ABV1@H@Z 1001d224     qt-mt323:qt-mt323.dll
 0004:00000228       __imp_??9@YA_NABVQString@@0@Z 1001d228     qt-mt323:qt-mt323.dll
 0004:0000022c       __imp_??M@YA_NABVQString@@0@Z 1001d22c     qt-mt323:qt-mt323.dll
 0004:00000230       __imp_??1?$QValueList@VQString@@@@QAE@XZ 1001d230     qt-mt323:qt-mt323.dll
 0004:00000234       __imp_?end@?$QValueList@VQString@@@@QAE?AV?$QValueListIterator@VQString@@@@XZ 1001d234     qt-mt323:qt-mt323.dll
 0004:00000238       __imp_?removeAndRebalance@QMapPrivateBase@@QAEPAUQMapNodeBase@@PAU2@AAPAU2@11@Z 1001d238     qt-mt323:qt-mt323.dll
 0004:0000023c       __imp_??0QString@@QAE@XZ   1001d23c     qt-mt323:qt-mt323.dll
 0004:00000240       __imp_?qWarning@@YAXPBDZZ  1001d240     qt-mt323:qt-mt323.dll
 0004:00000244       __imp_??0?$QValueListIterator@VQString@@@@QAE@ABV0@@Z 1001d244     qt-mt323:qt-mt323.dll
 0004:00000248       __imp_?rebalance@QMapPrivateBase@@QAEXPAUQMapNodeBase@@AAPAU2@@Z 1001d248     qt-mt323:qt-mt323.dll
 0004:0000024c       __imp_?deref@QShared@@QAE_NXZ 1001d24c     qt-mt323:qt-mt323.dll
 0004:00000250       __imp_??4?$QValueList@VQString@@@@QAEAAV0@ABV0@@Z 1001d250     qt-mt323:qt-mt323.dll
 0004:00000254       __imp_?append@?$QValueList@VQString@@@@QAE?AV?$QValueListIterator@VQString@@@@ABVQString@@@Z 1001d254     qt-mt323:qt-mt323.dll
 0004:00000258       __imp_??0?$QValueList@VQString@@@@QAE@XZ 1001d258     qt-mt323:qt-mt323.dll
 0004:0000025c       __imp_??H@YA?BVQString@@ABV0@0@Z 1001d25c     qt-mt323:qt-mt323.dll
 0004:00000260       __imp_?style@QApplication@@SAAAVQStyle@@XZ 1001d260     qt-mt323:qt-mt323.dll
 0004:00000264       __imp_??0QStringList@@QAE@XZ 1001d264     qt-mt323:qt-mt323.dll
 0004:00000268       __imp_?detachInternal@?$QValueList@VQString@@@@AAEXXZ 1001d268     qt-mt323:qt-mt323.dll
 0004:0000026c       __imp_?toInt@QString@@QBEHPA_NH@Z 1001d26c     qt-mt323:qt-mt323.dll
 0004:00000270       __imp_?detach@?$QValueList@VQString@@@@IAEXXZ 1001d270     qt-mt323:qt-mt323.dll
 0004:00000274       __imp_?nextSibling@QDomNode@@UBE?AV1@XZ 1001d274     qt-mt323:qt-mt323.dll
 0004:00000278       __imp_??4QDomNode@@QAEAAV0@ABV0@@Z 1001d278     qt-mt323:qt-mt323.dll
 0004:0000027c       __imp_??1QDomNode@@UAE@XZ  1001d27c     qt-mt323:qt-mt323.dll
 0004:00000280       __imp_??1QStringList@@QAE@XZ 1001d280     qt-mt323:qt-mt323.dll
 0004:00000284       __imp_?qDebug@@YAXPBDZZ    1001d284     qt-mt323:qt-mt323.dll
 0004:00000288       __imp_?lower@QString@@QBE?AV1@XZ 1001d288     qt-mt323:qt-mt323.dll
 0004:0000028c       __imp_?shared_null@QString@@0PAUQStringData@@A 1001d28c     qt-mt323:qt-mt323.dll
 0004:00000290       __imp_?deleteSelf@QStringData@@QAEXXZ 1001d290     qt-mt323:qt-mt323.dll
 0004:00000294       __imp_??H@YA?BVQString@@PBDABV0@@Z 1001d294     qt-mt323:qt-mt323.dll
 0004:00000298       __imp_?ascii@QString@@QBEPBDXZ 1001d298     qt-mt323:qt-mt323.dll
 0004:0000029c       __imp_??0QString@@QAE@ABV0@@Z 1001d29c     qt-mt323:qt-mt323.dll
 0004:000002a0       __imp_??1QString@@QAE@XZ   1001d2a0     qt-mt323:qt-mt323.dll
 0004:000002a4       \177qt-mt323_NULL_THUNK_DATA 1001d2a4     qt-mt323:qt-mt323.dll

 entry point at        0001:00010e15

 Static symbols

 0001:0000ce10       _$E101                     1000de10 f   bncs_stylesheet.obj
 0001:0000ce20       _$E97                      1000de20 f   bncs_stylesheet.obj
 0001:0000ce30       _$E100                     1000de30 f   bncs_stylesheet.obj
 0001:0000ce40       _$E98                      1000de40 f   bncs_stylesheet.obj
 0001:00000000       _$E103                     10001000 f   bncs_instance_lookup.obj
 0001:00000010       _$E99                      10001010 f   bncs_instance_lookup.obj
 0001:00000020       _$E102                     10001020 f   bncs_instance_lookup.obj
 0001:00000030       _$E100                     10001030 f   bncs_instance_lookup.obj
 0001:000000f0       _$E108                     100010f0 f   bncs_instance_lookup.obj
 0001:00000100       _$E105                     10001100 f   bncs_instance_lookup.obj
 0001:00000110       _$E107                     10001110 f   bncs_instance_lookup.obj
 0001:00000120       _$E106                     10001120 f   bncs_instance_lookup.obj
 0001:000001e0       _$E113                     100011e0 f   bncs_instance_lookup.obj
 0001:000001f0       _$E110                     100011f0 f   bncs_instance_lookup.obj
 0001:00000200       _$E112                     10001200 f   bncs_instance_lookup.obj
 0001:00000210       _$E111                     10001210 f   bncs_instance_lookup.obj
 0001:00010d4e       ?ArrayUnwindFilter@@YAHPAU_EXCEPTION_POINTERS@@@Z 10011d4e f   MSVCRT:ehvecdtr.obj

FIXUPS: dc37 31 1c 5841 d 17 a ffffa7dc 21 5815 d 16 ffffe89c 8d 10 14
FIXUPS: 11e86 fffffe65 45 30 fffffee4 d 17c7 ffffa2e7 21 5d05 d 16 ffffa3ed
FIXUPS: d854 6f d 6 68 6 9 31 1c 5abb d 17 a ffffa56c 21 5a85 d 16 ffffa66d
FIXUPS: db44 69 d 6 68 6 5704 16 ffff9ea7 21 6145 d 16 ffff9fad 1f 69 d
FIXUPS: d3c0 68 6 9 31 1c 5f01 d 17 a ffffa11c 21 5ed5 d 16 ffffa21b 1b
FIXUPS: d692 1c 5d47 d ffff98d7 658c c ffff9abc 1b 55 c 64dc c ffff9b6c
FIXUPS: ce18 55 c 642c c ffff9c3e 20 5c 1c 633e d 16 ffff9ce7 21 6305 d
FIXUPS: 13318 ffff9de7 1c 67 1e 6185 ffff95bb 22 18 689b d 9 d 16 ffff97a6
FIXUPS: c9a1 6 46 1b 55 c 679c c ffff98ac 1b 55 c 66ec c ffff995c 1b 55
FIXUPS: cc09 663c c ffff9a0c 1b 55 fffff7e7 1d 3f 22 18 6bcb d 9 d 16 ffff9476
FIXUPS: c5d1 6 47 1b 5b 1f 42 1e 1c 6a36 d 9 d 16 ffff9616 d 6 47 1b 5b
FIXUPS: c8a1 fffff7dd 1b 5b 1d 3f 22 18 6eeb d 9 d 16 ffff9156 d 6 47 1b
FIXUPS: c2d4 1d 3f 22 18 6d5b d 9 d 16 ffff92e6 d 6 47 1b fffff858 19 a
FIXUPS: bce1 19 a d 19 a d 19 a d 19 33 8e 71ba c ffff8e8d 1b 5b 1d 5b
FIXUPS: bfa4 7081 d 9 d 16 ffff8fc6 d 6 fffff670 78ae c ffff8785 84 1d
FIXUPS: 12f75 c ffff8862 77b2 18 ffff88fd 1d 76fe c ffff8935 84 1d 763e
FIXUPS: 12ff1 ffff89f5 9b 50 50 50 50 50 50 13 d 19 a 71e1 b c ffff83bd
FIXUPS: b287 1a 52 c 7ba6 b c ffff84ad 2e 1a 52 c 7ab6 b c ffff859e 1d
FIXUPS: 12ee5 c ffff85e5 84 1d 798e c ffff86c2 7952 18 ffff874d fffff533
FIXUPS: 12e05 c ffff7ee8 2e 1a 52 c 8086 b c ffff7fcd 2e 1a 52 c 7f96 b
FIXUPS: 12e5c ffff80bd 2e 1a 52 c 7ea6 b c ffff825d 2e 1a 52 c fffff5d8
FIXUPS: a75d 45 27 1a 8574 9 b d a ffff7acf 5d 15 35 2d 1a 6c 1c 2c 20
FIXUPS: aa2b 836a b d 9 d 16 ffff7d01 830b c ffff7d63 d fffff6b9 9 34 56
FIXUPS: a2b8 25 53 2b 6 43 d 26 56 b 25 4e 2b 6 63 1d 7b 1a 41 1e b 25
FIXUPS: a69e 18 867f a a ffff79d3 fffff6d0 3b 6 45 27 1a 8df4 9 b d a ffff724f
FIXUPS: 9f7e 15 35 2d 1a 6c 1c 2b 20 18 8beb b d 9 d 16 ffff7494 d 6 44
FIXUPS: 98e4 6 9 34 56 b 25 5f 2b 6 47 d 26 56 b 25 56 2b 6 5b 1d 7b 1a
FIXUPS: 9d12 1e b 25 1b 18 8ef2 a a ffff685a 96e2 a a ffff6963 3b 6 45
FIXUPS: 95f9 1a 95e4 9 b d a ffff6a76 2d 1a 6c 1c 2b 20 18 946b b d 9 d
FIXUPS: 12c79 ffff6c14 d 6 92e5 b d 9 d 16 ffff63a4 d 6 44 6 9 34 56 b
FIXUPS: 908d 9a 56 b 25 74 5d 15 ec 1d 7b 1a 41 1e b 25 1b fffff596 41
FIXUPS: 8ad0 b 25 1e 18 9fef a a ffff6063 3b 6 45 27 1a 9ee4 9 b d a ffff615f
FIXUPS: 8d2e 15 35 2d 1a 6c 1c 2c 20 18 fffff6cf a55b b d 9 d 16 ffff5b24
FIXUPS: 864a 6 44 6 9 34 56 b 25 53 2b 6 43 d 26 56 b 25 4e 2b 6 63 1d
FIXUPS: 8a57 fffff6e0 1a 41 1e b 25 1b 18 a862 a a ffff57e3 3b 6 45 27
FIXUPS: 8333 a764 9 b d a ffff58df 5d 15 35 2d 1a 6c 1c 2b 20 fffff52f
FIXUPS: 7aee 15 35 2d 1a 6c 1c 46 18 adc0 b d 9 d 16 ffff52c4 d 6 44 6
FIXUPS: 7d93 34 56 b 25 8a 56 b 25 142 1d fffff3f7 34 56 b 25 7a 56 b 25
FIXUPS: 778f 1d 7b 1a 41 1e b 25 30 b0c5 a a ffff4f83 3b 6 45 27 1a afc4
FIXUPS: 129f0 b d a ffff45ca 3a 6 81 b86a a ffff47fc b81a a ffff484c b7ca
FIXUPS: 12951 ffff489c b77a a ffff48ec b72a a ffff493c b6da a ffff494d
FIXUPS: 732e 30 30 30 30 5f d 6 44 6 fffff6b6 108 1b 37 1c 28 9 bb6e 14
FIXUPS: 128ad ffff44db 1b 37 1c 19 e 9 ba9f a 9 18 b ffff458d 4e 6 3a 6
FIXUPS: 6f56 6 3a 6 3a b82f a 9 18 b ffff3fad 28 28 1a bff3 b d a ffff4090
FIXUPS: 6904 6 41 6 9 23 30 26 63 13 e 41 19 b 25 1e 2e 10 fffff704 9 23
FIXUPS: 629d 26 63 13 e 41 19 b 25 27 25 10 23 178 1b 37 1c 28 9 c14e 14
FIXUPS: 127ed ffff3efb 1b 37 1c 19 e 9 fffff74d 37 1c 28 9 c79e 14 24 ffff38ab
FIXUPS: 5ff3 37 1c 19 e 9 c6cf a 9 18 b ffff395d 28 28 1a c643 b d a ffff3a40
FIXUPS: 61f4 6 41 c454 9 18 b ffff324d 28 28 1a cd53 b d a ffff3340 d 6
FIXUPS: 5a7b 6 9 23 30 46 63 13 e 41 19 b 25 6c 10 23 1e8 fffff512 23 30
FIXUPS: 5443 63 13 e 41 19 b 25 1e 2e 10 23 118 1b 37 1c 28 9 ceae 14 24
FIXUPS: 5808 1b 37 1c 19 e 9 cddf ffff2a19 9 d4ce 14 24 ffff2b7b 1b 37
FIXUPS: 5196 19 e 9 d3ff a 9 18 b ffff2c32 10 1b 28 28 1a d343 b d a ffff2d40
FIXUPS: 5374 6 41 6 d157 18 b ffff266d 28 28 1a d933 b d a ffff2750 d 6
FIXUPS: 4d0b 6 9 23 30 26 63 13 e 41 19 b 25 5f 108 1b 37 1c fffff5f4 23
FIXUPS: 46bd 26 63 13 e 41 19 b 25 5c 10 23 108 1b 37 1c 28 9 da8e 14 24
FIXUPS: 4aa8 1b 37 1c 19 e 9 d9bf a ffff1cd7 38 b 12 b 7a d 6 44 6 9 38
FIXUPS: 4369 12 b 58 b 12 b e06a ffff20b0 28 1a df23 b d a ffff2160 d 6
FIXUPS: 465b 6 fffff68e 10 2d e6e6 ffff19fc b 12 b 68 b 12 b 80 d 6 44
FIXUPS: 3fa3 9 42 b 12 b e41c ffff1cac b 12 b 7a d 6 44 6 ffffedd7 f26d
FIXUPS: 12256 13 ffff0ec3 5ba ae 168 12 1c 1d 19 7a 79 14 1a 1f 19 d 4e
FIXUPS: 1234c 38 50 11 13 ffff1858 17 16 22 11 10 1e ffffe64d 34 11 1b
FIXUPS: 23a6 12 14 5d 16 fc5b 1a a ffff03f1 13f 31 20 15 1b 1c 12 d 37
FIXUPS: 1210a 11 a ffff0687 662 e8 d 17 18 16 ffffe4f4 36 9f 11 10 b2 1090d
FIXUPS: 166c 54e 184 63 31 32 31 28 27 1f 4c 14 1e 1e 19 90 23 ffbf 7d
FIXUPS: 1205a ffff00bf 33 40 32 137 ffffed21 10 52 d 6 41 6 9 16 5 10 10
FIXUPS: 1168 d 6 41 6 9 16 5 10 10 52 d 6 41 6 9 cd 15 c 82 12742 16 ffffd231
FIXUPS: 10dc1 6 6b 6d 50 92 c 2c08 21 ffffd43f 25 17 d7 1c 2aa1 b 22 16
FIXUPS: 11170 2aa5 22 16 ffffd681 1a 297d 22 16 fffed364 5 12a71 ffffcd62
FIXUPS: 10807 1a 52 c 3206 b c ffffce53 27 26 3169 b b 21 ffffcf47 30c2
FIXUPS: 13b06 ffffcffb 13 d 300a ffffd0d4 9b 1d 3e 20 1c 2e04 22 9 ffffc4ad
FIXUPS: 100a1 5d 15 eb 1d db 11 11 367d 1c 1c ffffca23 3b 6 45 2b 3546
FIXUPS: 139f0 b 22 a ffffcb60 30 af 18 20 18 337f b 22 9 ffffbefb 3f3f
FIXUPS: 138af 9 18 b ffffc0ed 2b 2a 3ec8 b 21 2a 20 ffffc30b 6 3cfb 1f
FIXUPS: fd4e 5f d 6 44 6 9 34 56 b 25 ba 56 b fffff362 41 6 9 23 30 26
FIXUPS: f476 13 e 41 19 b 25 6c 10 23 1e8 1b 37 1c 28 9 400e 14 24 ffffc03b
FIXUPS: f8e3 37 1c 19 e fffff49c 1e 1e 19 e2 3f 4721 38 38 38 38 46 ffffb90f
FIXUPS: f0df 26 15 16 4695 2d ffffb9d4 5 29 28 24 17 45ae b b 22 a ffffbaf0
FIXUPS: f344 ffffeb44 d 6 41 6 9 55 18 16 6d 83 6d8 14 1e 1e 19 eb 14 1e
FIXUPS: e8da 19 12e 14 1e 1e 19 19f 14 1e 1e 19 153 4f82 ffffda65 3e 6
FIXUPS: 11876 6 9 24f2 b a ffffff86 20 ffffd6be 24 1a 2887 b d a ffffd815
FIXUPS: 1152a 6 66 6 9 2742 b a ffffa115 5 10 10 3d70 9 c 9 c 9 c a 2203
FIXUPS: 13e12 ffffdaae 24 1a 2497 b d a ffffdc05 3e 6 66 6 9 2352 b a ffffd8f4
FIXUPS: 116f4 1a 2637 b d

 5472 bytes saved through ICF

