 bncs_config

 Timestamp is 5e9db7d4 (Mon Apr 20 15:55:16 2020)

 Preferred load address is 10000000

 Start         Length     Name                   Class
 0001:00000000 00000171H .text$di                CODE
 0001:00000180 0001bc9cH .text$mn                CODE
 0001:0001be20 00003434H .text$x                 CODE
 0001:0001f260 0000009bH .text$yd                CODE
 0002:00000000 0000037cH .idata$5                DATA
 0002:0000037c 00000004H .CRT$XCA                DATA
 0002:00000380 00000028H .CRT$XCU                DATA
 0002:000003a8 00000004H .CRT$XCZ                DATA
 0002:000003ac 00000004H .CRT$XIA                DATA
 0002:000003b0 00000004H .CRT$XIAA               DATA
 0002:000003b4 00000004H .CRT$XIC                DATA
 0002:000003b8 00000004H .CRT$XIZ                DATA
 0002:000003c0 00001608H .rdata                  DATA
 0002:000019c8 00000d2cH .rdata$r                DATA
 0002:000026f4 00000004H .rtc$IAA                DATA
 0002:000026f8 00000004H .rtc$IZZ                DATA
 0002:000026fc 00000004H .rtc$TAA                DATA
 0002:00002700 00000004H .rtc$TZZ                DATA
 0002:00002708 0000308cH .xdata$x                DATA
 0002:000057a0 00009353H .edata                  DATA
 0002:0000eaf4 00000078H .idata$2                DATA
 0002:0000eb6c 00000014H .idata$3                DATA
 0002:0000eb80 0000037cH .idata$4                DATA
 0002:0000eefc 00001d32H .idata$6                DATA
 0003:00000000 00000684H .data                   DATA
 0003:00000688 00000974H .data$r                 DATA
 0003:00001000 00000454H .bss                    DATA
 0004:00000000 000000e8H .rsrc$01                DATA
 0004:000000f0 00000630H .rsrc$02                DATA

  Address         Publics by Value              Rva+Base       Lib:Object

 0000:00000000       ___safe_se_handler_table   00000000     <absolute>
 0000:00000000       ___guard_flags             00000000     <absolute>
 0000:00000000       ___safe_se_handler_count   00000000     <absolute>
 0000:00000000       __except_list              00000000     <absolute>
 0000:00000000       ___guard_fids_table        00000000     <absolute>
 0000:00000000       ___guard_fids_count        00000000     <absolute>
 0000:00009876       __fltused                  00009876     <absolute>
 0000:00009876       __ldused                   00009876     <absolute>
 0000:00000000       ___ImageBase               10000000     <linker-defined>
 0001:00000180       ??0applicationsAccessor@@QAE@ABV0@@Z 10001180 f i applicationsAccessor.obj
 0001:000001c0       ??0applicationsAccessor@@QAE@XZ 100011c0 f   applicationsAccessor.obj
 0001:000002d0       ??1applicationsAccessor@@UAE@XZ 100012d0 f   applicationsAccessor.obj
 0001:00000340       ??3@YAXPAX0@Z              10001340 f i applicationsAccessor.obj
 0001:00000350       ??4workstationsAccessor@@QAEAAV0@ABV0@@Z 10001350 f i workstationsAccessor.obj
 0001:00000350       ??4applicationsAccessor@@QAEAAV0@ABV0@@Z 10001350 f i applicationsAccessor.obj
 0001:00000350       ??4panelsetsAccessor@@QAEAAV0@ABV0@@Z 10001350 f i panelsetsAccessor.obj
 0001:00000350       ??4usersAccessor@@QAEAAV0@ABV0@@Z 10001350 f i usersAccessor.obj
 0001:00000350       ??4workstationSettingsAccessor@@QAEAAV0@ABV0@@Z 10001350 f i workstationSettingsAccessor.obj
 0001:00000350       ??4launchAccessor@@QAEAAV0@ABV0@@Z 10001350 f i launchAccessor.obj
 0001:00000390       ??_EapplicationsAccessor@@UAEPAXI@Z 10001390 f i applicationsAccessor.obj
 0001:000003f0       ??_EQDomNode@@UAEPAXI@Z    100013f0 f i applicationsAccessor.obj
 0001:000003f0       ??_GQDomNode@@UAEPAXI@Z    100013f0 f i applicationsAccessor.obj
 0001:00000420       ??_E_Generic_error_category@std@@UAEPAXI@Z 10001420 f i applicationsAccessor.obj
 0001:00000420       ??_G_Generic_error_category@std@@UAEPAXI@Z 10001420 f i applicationsAccessor.obj
 0001:00000420       ??_G_System_error_category@std@@UAEPAXI@Z 10001420 f i applicationsAccessor.obj
 0001:00000420       ??_Eerror_category@std@@UAEPAXI@Z 10001420 f i applicationsAccessor.obj
 0001:00000420       ??_G_Iostream_error_category@std@@UAEPAXI@Z 10001420 f i applicationsAccessor.obj
 0001:00000420       ??_E_Iostream_error_category@std@@UAEPAXI@Z 10001420 f i applicationsAccessor.obj
 0001:00000420       ??_E_System_error_category@std@@UAEPAXI@Z 10001420 f i applicationsAccessor.obj
 0001:00000420       ??_Gerror_category@std@@UAEPAXI@Z 10001420 f i applicationsAccessor.obj
 0001:00000450       ?_Copy@?$basic_string@DU?$char_traits@D@std@@V?$allocator@D@2@@std@@QAEXII@Z 10001450 f i applicationsAccessor.obj
 0001:000005a0       ?addItem@applicationsAccessor@@QAE_NABVQString@@0000@Z 100015a0 f   applicationsAccessor.obj
 0001:00000770       ?allocate@?$_Wrap_alloc@V?$allocator@D@std@@@std@@QAEPADI@Z 10001770 f i applicationsAccessor.obj
 0001:000007a0       ?assign@?$basic_string@DU?$char_traits@D@std@@V?$allocator@D@2@@std@@QAEAAV12@ABV12@II@Z 100017a0 f i applicationsAccessor.obj
 0001:000008c0       ?assign@?$basic_string@DU?$char_traits@D@std@@V?$allocator@D@2@@std@@QAEAAV12@PBDI@Z 100018c0 f i applicationsAccessor.obj
 0001:000009c0       ?caption@applicationsAccessor@@QAE?AVQString@@ABV2@@Z 100019c0 f   applicationsAccessor.obj
 0001:00000a40       ?default_error_condition@_System_error_category@std@@UBE?AVerror_condition@2@H@Z 10001a40 f i applicationsAccessor.obj
 0001:00000a80       ?default_error_condition@error_category@std@@UBE?AVerror_condition@2@H@Z 10001a80 f i applicationsAccessor.obj
 0001:00000aa0       ?deleteItem@applicationsAccessor@@QAE_NABVQString@@@Z 10001aa0 f   applicationsAccessor.obj
 0001:00000c30       ?equivalent@error_category@std@@UBE_NABVerror_code@2@H@Z 10001c30 f i applicationsAccessor.obj
 0001:00000c50       ?equivalent@error_category@std@@UBE_NHABVerror_condition@2@@Z 10001c50 f i applicationsAccessor.obj
 0001:00000c90       ?erase@?$basic_string@DU?$char_traits@D@std@@V?$allocator@D@2@@std@@QAEAAV12@II@Z 10001c90 f i applicationsAccessor.obj
 0001:00000d30       ?icon@applicationsAccessor@@QAE?AVQString@@ABV2@@Z 10001d30 f   applicationsAccessor.obj
 0001:00000db0       ?isDirty@applicationsAccessor@@QAE_NXZ 10001db0 f   applicationsAccessor.obj
 0001:00000e20       ?item@applicationsAccessor@@QAE_NABVQString@@AAV2@111@Z 10001e20 f   applicationsAccessor.obj
 0001:000010b0       ?load@applicationsAccessor@@SAPAV1@XZ 100020b0 f i applicationsAccessor.obj
 0001:00001130       ?message@_Generic_error_category@std@@UBE?AV?$basic_string@DU?$char_traits@D@std@@V?$allocator@D@2@@2@H@Z 10002130 f i applicationsAccessor.obj
 0001:000011b0       ?message@_Iostream_error_category@std@@UBE?AV?$basic_string@DU?$char_traits@D@std@@V?$allocator@D@2@@2@H@Z 100021b0 f i applicationsAccessor.obj
 0001:00001200       ?message@_System_error_category@std@@UBE?AV?$basic_string@DU?$char_traits@D@std@@V?$allocator@D@2@@2@H@Z 10002200 f i applicationsAccessor.obj
 0001:00001280       ?metaObject@applicationsAccessor@@UBEPAVQMetaObject@@XZ 10002280 f i applicationsAccessor.obj
 0001:00001290       ?name@_Generic_error_category@std@@UBEPBDXZ 10002290 f i applicationsAccessor.obj
 0001:000012a0       ?name@_Iostream_error_category@std@@UBEPBDXZ 100022a0 f i applicationsAccessor.obj
 0001:000012b0       ?name@_System_error_category@std@@UBEPBDXZ 100022b0 f i applicationsAccessor.obj
 0001:000012c0       ?nextItem@applicationsAccessor@@QAE_NAAVQString@@0000@Z 100022c0 f   applicationsAccessor.obj
 0001:00001500       ?setAttribute@applicationsAccessor@@AAE_NABVQString@@00@Z 10002500 f   applicationsAccessor.obj
 0001:00001680       ?setCaption@applicationsAccessor@@QAE_NABVQString@@0@Z 10002680 f   applicationsAccessor.obj
 0001:00001720       ?setDirty@applicationsAccessor@@AAEXXZ 10002720 f   applicationsAccessor.obj
 0001:000017e0       ?setIcon@applicationsAccessor@@QAE_NABVQString@@0@Z 100027e0 f   applicationsAccessor.obj
 0001:00001880       ?setTitle@applicationsAccessor@@QAE_NABVQString@@0@Z 10002880 f   applicationsAccessor.obj
 0001:00001920       ?setType@applicationsAccessor@@QAE_NABVQString@@0@Z 10002920 f   applicationsAccessor.obj
 0001:000019c0       ?title@applicationsAccessor@@QAE?AVQString@@ABV2@@Z 100029c0 f   applicationsAccessor.obj
 0001:00001a40       ?type@applicationsAccessor@@QAE?AVQString@@ABV2@@Z 10002a40 f   applicationsAccessor.obj
 0001:00001ac0       ?unload@applicationsAccessor@@SA_NXZ 10002ac0 f i applicationsAccessor.obj
 0001:00001b00       ??$_Buynode@U?$pair@VQString@@PAVcachedData@@@std@@@?$_Tree_buy@U?$pair@$$CBVQString@@PAVcachedData@@@std@@V?$allocator@U?$pair@$$CBVQString@@PAVcachedData@@@std@@@2@@std@@QAEPAU?$_Tree_node@U?$pair@$$CBVQString@@PAVcachedData@@@std@@PAX@1@$$QAU?$pair@VQString@@PAVcachedData@@@1@@Z 10002b00 f i bncs_config.obj
 0001:00001b90       ??$_Insert_at@AAU?$pair@$$CBVQString@@PAVcachedData@@@std@@PAU?$_Tree_node@U?$pair@$$CBVQString@@PAVcachedData@@@std@@PAX@2@@?$_Tree@V?$_Tmap_traits@VQString@@PAVcachedData@@U?$less@VQString@@@std@@V?$allocator@U?$pair@$$CBVQString@@PAVcachedData@@@std@@@4@$0A@@std@@@std@@IAE?AV?$_Tree_iterator@V?$_Tree_val@U?$_Tree_simple_types@U?$pair@$$CBVQString@@PAVcachedData@@@std@@@std@@@std@@@1@_NPAU?$_Tree_node@U?$pair@$$CBVQString@@PAVcachedData@@@std@@PAX@1@AAU?$pair@$$CBVQString@@PAVcachedData@@@1@1@Z 10002b90 f i bncs_config.obj
 0001:00001da0       ??$_Insert_nohint@AAU?$pair@$$CBVQString@@PAVcachedData@@@std@@PAU?$_Tree_node@U?$pair@$$CBVQString@@PAVcachedData@@@std@@PAX@2@@?$_Tree@V?$_Tmap_traits@VQString@@PAVcachedData@@U?$less@VQString@@@std@@V?$allocator@U?$pair@$$CBVQString@@PAVcachedData@@@std@@@4@$0A@@std@@@std@@IAE?AU?$pair@V?$_Tree_iterator@V?$_Tree_val@U?$_Tree_simple_types@U?$pair@$$CBVQString@@PAVcachedData@@@std@@@std@@@std@@@std@@_N@1@_NAAU?$pair@$$CBVQString@@PAVcachedData@@@1@PAU?$_Tree_node@U?$pair@$$CBVQString@@PAVcachedData@@@std@@PAX@1@@Z 10002da0 f i bncs_config.obj
 0001:00001ef0       ??0bncs_config@@QAE@ABV0@@Z 10002ef0 f   bncs_config.obj
 0001:00001fc0       ??0bncs_config@@QAE@ABVbncs_string@@@Z 10002fc0 f   bncs_config.obj
 0001:000023d0       ??0bncs_config@@QAE@XZ     100033d0 f   bncs_config.obj
 0001:000023f0       ??1?$map@VQString@@PAVcachedData@@U?$less@VQString@@@std@@V?$allocator@U?$pair@$$CBVQString@@PAVcachedData@@@std@@@4@@std@@QAE@XZ 100033f0 f i bncs_config.obj
 0001:00002420       ??1?$pair@VQString@@PAVcachedData@@@std@@QAE@XZ 10003420 f i bncs_config.obj
 0001:00002430       ??1bncs_config@@UAE@XZ     10003430 f   bncs_config.obj
 0001:00002460       ??1docCache@@UAE@XZ        10003460 f i bncs_config.obj
 0001:00002550       ??4bncs_config@@QAEAAV0@ABV0@@Z 10003550 f   bncs_config.obj
 0001:00002620       ??E?$_Tree_unchecked_const_iterator@V?$_Tree_val@U?$_Tree_simple_types@U?$pair@$$CBVQString@@PAVcachedData@@@std@@@std@@@std@@U_Iterator_base0@2@@std@@QAEAAV01@XZ 10003620 f i bncs_config.obj
 0001:00002670       ??F?$_Tree_unchecked_const_iterator@V?$_Tree_val@U?$_Tree_simple_types@U?$pair@$$CBVQString@@PAVcachedData@@@std@@@std@@@std@@U_Iterator_base0@2@@std@@QAEAAV01@XZ 10003670 f i bncs_config.obj
 0001:000026d0       ??_Ebncs_config@@UAEPAXI@Z 100036d0 f i bncs_config.obj
 0001:00002730       ??_EQDomDocument@@UAEPAXI@Z 10003730 f i bncs_config.obj
 0001:00002730       ??_GQDomDocument@@UAEPAXI@Z 10003730 f i bncs_config.obj
 0001:00002760       ??_GdocCache@@UAEPAXI@Z    10003760 f i bncs_config.obj
 0001:00002760       ??_EdocCache@@UAEPAXI@Z    10003760 f i bncs_config.obj
 0001:00002790       ?_Buyheadnode@?$_Tree_alloc@$0A@U?$_Tree_base_types@U?$pair@$$CBVQString@@PAVcachedData@@@std@@V?$allocator@U?$pair@$$CBVQString@@PAVcachedData@@@std@@@2@@std@@@std@@QAEPAU?$_Tree_node@U?$pair@$$CBVQString@@PAVcachedData@@@std@@PAX@2@XZ 10003790 f i bncs_config.obj
 0001:000027c0       ?_Buynode0@?$_Tree_buy@U?$pair@$$CBVQString@@PAVcachedData@@@std@@V?$allocator@U?$pair@$$CBVQString@@PAVcachedData@@@std@@@2@@std@@QAEPAU?$_Tree_node@U?$pair@$$CBVQString@@PAVcachedData@@@std@@PAX@2@XZ 100037c0 f i bncs_config.obj
 0001:00002800       ?_Destroy_if_not_nil@?$_Tree@V?$_Tmap_traits@VQString@@PAVcachedData@@U?$less@VQString@@@std@@V?$allocator@U?$pair@$$CBVQString@@PAVcachedData@@@std@@@4@$0A@@std@@@std@@IAEXPAU?$_Tree_node@U?$pair@$$CBVQString@@PAVcachedData@@@std@@PAX@2@@Z 10003800 f i bncs_config.obj
 0001:00002820       ?_Erase@?$_Tree@V?$_Tmap_traits@VQString@@PAVcachedData@@U?$less@VQString@@@std@@V?$allocator@U?$pair@$$CBVQString@@PAVcachedData@@@std@@@4@$0A@@std@@@std@@IAEXPAU?$_Tree_node@U?$pair@$$CBVQString@@PAVcachedData@@@std@@PAX@2@@Z 10003820 f i bncs_config.obj
 0001:00002860       ?_Lbound@?$_Tree@V?$_Tmap_traits@VQString@@PAVcachedData@@U?$less@VQString@@@std@@V?$allocator@U?$pair@$$CBVQString@@PAVcachedData@@@std@@@4@$0A@@std@@@std@@IAEPAU?$_Tree_node@U?$pair@$$CBVQString@@PAVcachedData@@@std@@PAX@2@ABVQString@@@Z 10003860 f i bncs_config.obj
 0001:000028a0       ?_Lrotate@?$_Tree@V?$_Tmap_traits@VQString@@PAVcachedData@@U?$less@VQString@@@std@@V?$allocator@U?$pair@$$CBVQString@@PAVcachedData@@@std@@@4@$0A@@std@@@std@@IAEXPAU?$_Tree_node@U?$pair@$$CBVQString@@PAVcachedData@@@std@@PAX@2@@Z 100038a0 f i bncs_config.obj
 0001:00002900       ?_Rrotate@?$_Tree@V?$_Tmap_traits@VQString@@PAVcachedData@@U?$less@VQString@@@std@@V?$allocator@U?$pair@$$CBVQString@@PAVcachedData@@@std@@@4@$0A@@std@@@std@@IAEXPAU?$_Tree_node@U?$pair@$$CBVQString@@PAVcachedData@@@std@@PAX@2@@Z 10003900 f i bncs_config.obj
 0001:00002960       ?attr@bncs_config@@QAE?AVbncs_string@@ABV2@@Z 10003960 f   bncs_config.obj
 0001:00002a80       ?cachedDoc@bncs_config@@SAPAVQDomDocument@@ABVbncs_string@@@Z 10003a80 f   bncs_config.obj
 0001:00002b70       ?changeSerial@bncs_config@@SAHABVbncs_string@@@Z 10003b70 f   bncs_config.obj
 0001:00002c70       ?childAttr@bncs_config@@QAE?AVbncs_string@@ABV2@@Z 10003c70 f   bncs_config.obj
 0001:00002d90       ?childTag@bncs_config@@QAE?AVbncs_string@@XZ 10003d90 f   bncs_config.obj
 0001:00002e80       ?clearCache@bncs_config@@SAXXZ 10003e80 f   bncs_config.obj
 0001:00002f60       ?correctNodeForComments@bncs_config@@AAE_NAAVQDomNode@@@Z 10003f60 f i bncs_config.obj
 0001:00003040       ?data@bncs_config@@QAE?AVbncs_string@@XZ 10004040 f   bncs_config.obj
 0001:00003170       ?decSerial@bncs_config@@SAHABVbncs_string@@@Z 10004170 f   bncs_config.obj
 0001:00003270       ?drillDown@bncs_config@@QAEXXZ 10004270 f   bncs_config.obj
 0001:000032f0       ?erase@?$_Tree@V?$_Tmap_traits@VQString@@PAVcachedData@@U?$less@VQString@@@std@@V?$allocator@U?$pair@$$CBVQString@@PAVcachedData@@@std@@@4@$0A@@std@@@std@@QAE?AV?$_Tree_iterator@V?$_Tree_val@U?$_Tree_simple_types@U?$pair@$$CBVQString@@PAVcachedData@@@std@@@std@@@std@@@2@V?$_Tree_const_iterator@V?$_Tree_val@U?$_Tree_simple_types@U?$pair@$$CBVQString@@PAVcachedData@@@std@@@std@@@std@@@2@0@Z 100042f0 f i bncs_config.obj
 0001:000033b0       ?erase@?$_Tree@V?$_Tmap_traits@VQString@@PAVcachedData@@U?$less@VQString@@@std@@V?$allocator@U?$pair@$$CBVQString@@PAVcachedData@@@std@@@4@$0A@@std@@@std@@QAE?AV?$_Tree_iterator@V?$_Tree_val@U?$_Tree_simple_types@U?$pair@$$CBVQString@@PAVcachedData@@@std@@@std@@@std@@@2@V?$_Tree_const_iterator@V?$_Tree_val@U?$_Tree_simple_types@U?$pair@$$CBVQString@@PAVcachedData@@@std@@@std@@@std@@@2@@Z 100043b0 f i bncs_config.obj
 0001:00003630       ?incSerial@bncs_config@@SAHABVbncs_string@@@Z 10004630 f   bncs_config.obj
 0001:00003730       ?insert@docCache@@QAEXABVQString@@PAVcachedData@@@Z 10004730 f i bncs_config.obj
 0001:00003800       ?isChildValid@bncs_config@@QAE_NXZ 10004800 f   bncs_config.obj
 0001:00003870       ?isDirty@bncs_config@@SA_NABVbncs_string@@@Z 10004870 f   bncs_config.obj
 0001:00003970       ?isValid@bncs_config@@QAE_NXZ 10004970 f   bncs_config.obj
 0001:000039e0       ?loadDoc@bncs_config@@CAPAVQDomDocument@@ABVbncs_string@@@Z 100049e0 f   bncs_config.obj
 0001:00003c00       ?nextChild@bncs_config@@QAE_NXZ 10004c00 f   bncs_config.obj
 0001:00003c90       ?save@bncs_config@@SA_NXZ  10004c90 f   bncs_config.obj
 0001:00003eb0       ?setEnv@bncs_config@@SAXABVbncs_string@@@Z 10004eb0 f   bncs_config.obj
 0001:00003ed0       ?tag@bncs_config@@QAE?AVbncs_string@@XZ 10004ed0 f   bncs_config.obj
 0001:00003fc0       ??0?$QMap@VQString@@VcomplexInstance@@@@QAE@XZ 10004fc0 f i instanceLookup.obj
 0001:00004040       ??0?$QMap@VQString@@VcomplexParam@@@@QAE@XZ 10005040 f i instanceLookup.obj
 0001:000040c0       ??0?$QMap@VQString@@VcomplexType@@@@QAE@XZ 100050c0 f i instanceLookup.obj
 0001:00004140       ??0?$QMap@VQString@@VdeviceTypeInfo@@@@QAE@XZ 10005140 f i instanceLookup.obj
 0001:000041c0       ??0?$QMap@VQString@@VinstanceInfo@@@@QAE@XZ 100051c0 f i instanceLookup.obj
 0001:00004240       ??0?$QMap@VQString@@VcomplexType@@@@QAE@ABV0@@Z 10005240 f i instanceLookup.obj
 0001:00004240       ??0?$QMap@VQString@@VparamInfo@@@@QAE@ABV0@@Z 10005240 f i instanceLookup.obj
 0001:00004240       ??0?$QMap@VQString@@VinstanceInfo@@@@QAE@ABV0@@Z 10005240 f i instanceLookup.obj
 0001:00004240       ??0?$QMap@VQString@@VcomplexInstance@@@@QAE@ABV0@@Z 10005240 f i instanceLookup.obj
 0001:00004240       ??0?$QMap@VQString@@VcomplexParam@@@@QAE@ABV0@@Z 10005240 f i instanceLookup.obj
 0001:00004240       ??0?$QMap@VQString@@VdeviceTypeInfo@@@@QAE@ABV0@@Z 10005240 f i instanceLookup.obj
 0001:00004260       ??0?$QMap@VQString@@VparamInfo@@@@QAE@XZ 10005260 f i instanceLookup.obj
 0001:000042e0       ??0?$QMapNode@VQString@@VcomplexInstance@@@@QAE@ABU0@@Z 100052e0 f i instanceLookup.obj
 0001:00004360       ??0?$QMapNode@VQString@@VcomplexParam@@@@QAE@ABU0@@Z 10005360 f i instanceLookup.obj
 0001:000043f0       ??0?$QMapNode@VQString@@VcomplexType@@@@QAE@ABU0@@Z 100053f0 f i instanceLookup.obj
 0001:00004470       ??0?$QMapNode@VQString@@VdeviceTypeInfo@@@@QAE@ABU0@@Z 10005470 f i instanceLookup.obj
 0001:000044f0       ??0?$QMapNode@VQString@@VinstanceInfo@@@@QAE@ABU0@@Z 100054f0 f i instanceLookup.obj
 0001:00004570       ??0?$QMapPrivate@VQString@@VcomplexInstance@@@@QAE@PBV0@@Z 10005570 f i instanceLookup.obj
 0001:00004680       ??0?$QMapPrivate@VQString@@VcomplexInstance@@@@QAE@XZ 10005680 f i instanceLookup.obj
 0001:00004720       ??0?$QMapPrivate@VQString@@VcomplexParam@@@@QAE@PBV0@@Z 10005720 f i instanceLookup.obj
 0001:00004830       ??0?$QMapPrivate@VQString@@VcomplexParam@@@@QAE@XZ 10005830 f i instanceLookup.obj
 0001:000048d0       ??0?$QMapPrivate@VQString@@VcomplexType@@@@QAE@PBV0@@Z 100058d0 f i instanceLookup.obj
 0001:000049e0       ??0?$QMapPrivate@VQString@@VcomplexType@@@@QAE@XZ 100059e0 f i instanceLookup.obj
 0001:00004a80       ??0?$QMapPrivate@VQString@@VdeviceTypeInfo@@@@QAE@PBV0@@Z 10005a80 f i instanceLookup.obj
 0001:00004b90       ??0?$QMapPrivate@VQString@@VdeviceTypeInfo@@@@QAE@XZ 10005b90 f i instanceLookup.obj
 0001:00004c30       ??0?$QMapPrivate@VQString@@VinstanceInfo@@@@QAE@PBV0@@Z 10005c30 f i instanceLookup.obj
 0001:00004d40       ??0?$QMapPrivate@VQString@@VinstanceInfo@@@@QAE@XZ 10005d40 f i instanceLookup.obj
 0001:00004de0       ??0?$QMapPrivate@VQString@@VparamInfo@@@@QAE@PBV0@@Z 10005de0 f i instanceLookup.obj
 0001:00004ef0       ??0?$QMapPrivate@VQString@@VparamInfo@@@@QAE@XZ 10005ef0 f i instanceLookup.obj
 0001:00004f90       ??0?$QValueListPrivate@VcomplexInstance@@@@QAE@ABV0@@Z 10005f90 f i instanceLookup.obj
 0001:00005060       ??0?$QValueListPrivate@VcomplexInstance@@@@QAE@XZ 10006060 f i instanceLookup.obj
 0001:000050f0       ??0?$QValueListPrivate@VcomplexParam@@@@QAE@ABV0@@Z 100060f0 f i instanceLookup.obj
 0001:000051c0       ??0?$QValueListPrivate@VcomplexParam@@@@QAE@XZ 100061c0 f i instanceLookup.obj
 0001:00005250       ??0?$QValueListPrivate@VcomplexType@@@@QAE@ABV0@@Z 10006250 f i instanceLookup.obj
 0001:00005320       ??0?$QValueListPrivate@VcomplexType@@@@QAE@XZ 10006320 f i instanceLookup.obj
 0001:000053b0       ??0?$QValueListPrivate@VdeviceTypeInfo@@@@QAE@ABV0@@Z 100063b0 f i instanceLookup.obj
 0001:00005480       ??0?$QValueListPrivate@VdeviceTypeInfo@@@@QAE@XZ 10006480 f i instanceLookup.obj
 0001:00005510       ??0?$QValueListPrivate@VinstanceInfo@@@@QAE@ABV0@@Z 10006510 f i instanceLookup.obj
 0001:000055e0       ??0?$QValueListPrivate@VinstanceInfo@@@@QAE@XZ 100065e0 f i instanceLookup.obj
 0001:00005670       ??0?$QValueListPrivate@VparamInfo@@@@QAE@ABV0@@Z 10006670 f i instanceLookup.obj
 0001:00005740       ??0?$QValueListPrivate@VparamInfo@@@@QAE@XZ 10006740 f i instanceLookup.obj
 0001:000057d0       ??1?$QMap@VQString@@VcomplexInstance@@@@QAE@XZ 100067d0 f i instanceLookup.obj
 0001:000057f0       ??1?$QMap@VQString@@VcomplexParam@@@@QAE@XZ 100067f0 f i instanceLookup.obj
 0001:00005810       ??1?$QMap@VQString@@VcomplexType@@@@QAE@XZ 10006810 f i instanceLookup.obj
 0001:00005830       ??1?$QMap@VQString@@VdeviceTypeInfo@@@@QAE@XZ 10006830 f i instanceLookup.obj
 0001:00005850       ??1?$QMap@VQString@@VinstanceInfo@@@@QAE@XZ 10006850 f i instanceLookup.obj
 0001:00005870       ??1?$QMap@VQString@@VparamInfo@@@@QAE@XZ 10006870 f i instanceLookup.obj
 0001:00005890       ??1?$QMapPrivate@VQString@@VcomplexInstance@@@@QAE@XZ 10006890 f i instanceLookup.obj
 0001:00005930       ??1?$QMapPrivate@VQString@@VcomplexParam@@@@QAE@XZ 10006930 f i instanceLookup.obj
 0001:000059d0       ??1?$QMapPrivate@VQString@@VcomplexType@@@@QAE@XZ 100069d0 f i instanceLookup.obj
 0001:00005a70       ??1?$QMapPrivate@VQString@@VdeviceTypeInfo@@@@QAE@XZ 10006a70 f i instanceLookup.obj
 0001:00005b10       ??1?$QMapPrivate@VQString@@VinstanceInfo@@@@QAE@XZ 10006b10 f i instanceLookup.obj
 0001:00005bb0       ??1?$QMapPrivate@VQString@@VparamInfo@@@@QAE@XZ 10006bb0 f i instanceLookup.obj
 0001:00005c50       ??1?$QValueList@VdeviceTypeInfo@@@@QAE@XZ 10006c50 f i instanceLookup.obj
 0001:00005c50       ??1?$QValueList@VcomplexParam@@@@QAE@XZ 10006c50 f i instanceLookup.obj
 0001:00005c50       ??1?$QValueList@VinstanceInfo@@@@QAE@XZ 10006c50 f i instanceLookup.obj
 0001:00005c50       ??1?$QValueList@VcomplexInstance@@@@QAE@XZ 10006c50 f i instanceLookup.obj
 0001:00005c50       ??1?$QValueList@VpanelsetItem@@@@QAE@XZ 10006c50 f i panelsetsAccessor.obj
 0001:00005c50       ??1?$QValueList@VcomplexType@@@@QAE@XZ 10006c50 f i instanceLookup.obj
 0001:00005c50       ??1?$QValueList@VparamInfo@@@@QAE@XZ 10006c50 f i instanceLookup.obj
 0001:00005c50       ??1?$QValueList@VlaunchItem@@@@QAE@XZ 10006c50 f i launchAccessor.obj
 0001:00005c50       ??1?$QValueList@VworkstationSettingsItem@@@@QAE@XZ 10006c50 f i workstationSettingsAccessor.obj
 0001:00005c70       ??4?$QMap@VQString@@VcomplexInstance@@@@QAEAAV0@ABV0@@Z 10006c70 f i instanceLookup.obj
 0001:00005cb0       ??4?$QMap@VQString@@VcomplexParam@@@@QAEAAV0@ABV0@@Z 10006cb0 f i instanceLookup.obj
 0001:00005cf0       ??4?$QMap@VQString@@VcomplexType@@@@QAEAAV0@ABV0@@Z 10006cf0 f i instanceLookup.obj
 0001:00005d30       ??4?$QMap@VQString@@VdeviceTypeInfo@@@@QAEAAV0@ABV0@@Z 10006d30 f i instanceLookup.obj
 0001:00005d70       ??4?$QMap@VQString@@VinstanceInfo@@@@QAEAAV0@ABV0@@Z 10006d70 f i instanceLookup.obj
 0001:00005db0       ??4?$QMap@VQString@@VparamInfo@@@@QAEAAV0@ABV0@@Z 10006db0 f i instanceLookup.obj
 0001:00005df0       ??A?$QMap@VQString@@VcomplexInstance@@@@QAEAAVcomplexInstance@@ABVQString@@@Z 10006df0 f i instanceLookup.obj
 0001:00005f10       ??A?$QMap@VQString@@VcomplexParam@@@@QAEAAVcomplexParam@@ABVQString@@@Z 10006f10 f i instanceLookup.obj
 0001:00005ff0       ??A?$QMap@VQString@@VcomplexParam@@@@QBEABVcomplexParam@@ABVQString@@@Z 10006ff0 f i instanceLookup.obj
 0001:00006010       ??A?$QMap@VQString@@VcomplexType@@@@QAEAAVcomplexType@@ABVQString@@@Z 10007010 f i instanceLookup.obj
 0001:00006130       ??A?$QMap@VQString@@VcomplexInstance@@@@QBEABVcomplexInstance@@ABVQString@@@Z 10007130 f i instanceLookup.obj
 0001:00006130       ??A?$QMap@VQString@@VcomplexType@@@@QBEABVcomplexType@@ABVQString@@@Z 10007130 f i instanceLookup.obj
 0001:00006130       ??A?$QMap@VQString@@VparamInfo@@@@QBEABVparamInfo@@ABVQString@@@Z 10007130 f i instanceLookup.obj
 0001:00006150       ??A?$QMap@VQString@@VdeviceTypeInfo@@@@QAEAAVdeviceTypeInfo@@ABVQString@@@Z 10007150 f i instanceLookup.obj
 0001:00006270       ??A?$QMap@VQString@@VdeviceTypeInfo@@@@QBEABVdeviceTypeInfo@@ABVQString@@@Z 10007270 f i instanceLookup.obj
 0001:00006290       ??A?$QMap@VQString@@VinstanceInfo@@@@QAEAAVinstanceInfo@@ABVQString@@@Z 10007290 f i instanceLookup.obj
 0001:000063b0       ??A?$QMap@VQString@@VinstanceInfo@@@@QBEABVinstanceInfo@@ABVQString@@@Z 100073b0 f i instanceLookup.obj
 0001:000063d0       ??A?$QMap@VQString@@VparamInfo@@@@QAEAAVparamInfo@@ABVQString@@@Z 100073d0 f i instanceLookup.obj
 0001:000064e0       ??_G?$QValueListNode@VcomplexInstance@@@@UAEPAXI@Z 100074e0 f i instanceLookup.obj
 0001:000064e0       ??_E?$QValueListNode@VcomplexInstance@@@@UAEPAXI@Z 100074e0 f i instanceLookup.obj
 0001:00006510       ??_E?$QValueListNode@VcomplexParam@@@@UAEPAXI@Z 10007510 f i instanceLookup.obj
 0001:00006510       ??_G?$QValueListNode@VcomplexParam@@@@UAEPAXI@Z 10007510 f i instanceLookup.obj
 0001:00006540       ??_G?$QValueListNode@VcomplexType@@@@UAEPAXI@Z 10007540 f i instanceLookup.obj
 0001:00006540       ??_E?$QValueListNode@VcomplexType@@@@UAEPAXI@Z 10007540 f i instanceLookup.obj
 0001:00006570       ??_G?$QValueListNode@VdeviceTypeInfo@@@@UAEPAXI@Z 10007570 f i instanceLookup.obj
 0001:00006570       ??_E?$QValueListNode@VdeviceTypeInfo@@@@UAEPAXI@Z 10007570 f i instanceLookup.obj
 0001:000065a0       ??_E?$QValueListNode@VinstanceInfo@@@@UAEPAXI@Z 100075a0 f i instanceLookup.obj
 0001:000065a0       ??_G?$QValueListNode@VinstanceInfo@@@@UAEPAXI@Z 100075a0 f i instanceLookup.obj
 0001:000065d0       ??_E?$QValueListNode@VparamInfo@@@@UAEPAXI@Z 100075d0 f i instanceLookup.obj
 0001:000065d0       ??_G?$QValueListNode@VparamInfo@@@@UAEPAXI@Z 100075d0 f i instanceLookup.obj
 0001:00006600       ??_E?$QValueListPrivate@VcomplexInstance@@@@UAEPAXI@Z 10007600 f i instanceLookup.obj
 0001:00006600       ??_G?$QValueListPrivate@VcomplexInstance@@@@UAEPAXI@Z 10007600 f i instanceLookup.obj
 0001:00006650       ??_G?$QValueListPrivate@VcomplexParam@@@@UAEPAXI@Z 10007650 f i instanceLookup.obj
 0001:00006650       ??_E?$QValueListPrivate@VcomplexParam@@@@UAEPAXI@Z 10007650 f i instanceLookup.obj
 0001:000066a0       ??_G?$QValueListPrivate@VcomplexType@@@@UAEPAXI@Z 100076a0 f i instanceLookup.obj
 0001:000066a0       ??_E?$QValueListPrivate@VcomplexType@@@@UAEPAXI@Z 100076a0 f i instanceLookup.obj
 0001:000066f0       ??_G?$QValueListPrivate@VdeviceTypeInfo@@@@UAEPAXI@Z 100076f0 f i instanceLookup.obj
 0001:000066f0       ??_E?$QValueListPrivate@VdeviceTypeInfo@@@@UAEPAXI@Z 100076f0 f i instanceLookup.obj
 0001:00006740       ??_E?$QValueListPrivate@VinstanceInfo@@@@UAEPAXI@Z 10007740 f i instanceLookup.obj
 0001:00006740       ??_G?$QValueListPrivate@VinstanceInfo@@@@UAEPAXI@Z 10007740 f i instanceLookup.obj
 0001:00006790       ??_G?$QValueListPrivate@VparamInfo@@@@UAEPAXI@Z 10007790 f i instanceLookup.obj
 0001:00006790       ??_E?$QValueListPrivate@VparamInfo@@@@UAEPAXI@Z 10007790 f i instanceLookup.obj
 0001:000067e0       ?append@?$QValueList@VcomplexInstance@@@@QAE?AV?$QValueListIterator@VcomplexInstance@@@@ABVcomplexInstance@@@Z 100077e0 f i instanceLookup.obj
 0001:000068b0       ?append@?$QValueList@VcomplexParam@@@@QAE?AV?$QValueListIterator@VcomplexParam@@@@ABVcomplexParam@@@Z 100078b0 f i instanceLookup.obj
 0001:00006980       ?append@?$QValueList@VcomplexType@@@@QAE?AV?$QValueListIterator@VcomplexType@@@@ABVcomplexType@@@Z 10007980 f i instanceLookup.obj
 0001:00006a50       ?append@?$QValueList@VdeviceTypeInfo@@@@QAE?AV?$QValueListIterator@VdeviceTypeInfo@@@@ABVdeviceTypeInfo@@@Z 10007a50 f i instanceLookup.obj
 0001:00006b20       ?append@?$QValueList@VinstanceInfo@@@@QAE?AV?$QValueListIterator@VinstanceInfo@@@@ABVinstanceInfo@@@Z 10007b20 f i instanceLookup.obj
 0001:00006bf0       ?append@?$QValueList@VparamInfo@@@@QAE?AV?$QValueListIterator@VparamInfo@@@@ABVparamInfo@@@Z 10007bf0 f i instanceLookup.obj
 0001:00006cc0       ?begin@?$QMap@VQString@@VcomplexInstance@@@@QAE?AV?$QMapIterator@VQString@@VcomplexInstance@@@@XZ 10007cc0 f i instanceLookup.obj
 0001:00006d40       ?begin@?$QMap@VQString@@VcomplexParam@@@@QAE?AV?$QMapIterator@VQString@@VcomplexParam@@@@XZ 10007d40 f i instanceLookup.obj
 0001:00006dc0       ?begin@?$QMap@VQString@@VcomplexType@@@@QAE?AV?$QMapIterator@VQString@@VcomplexType@@@@XZ 10007dc0 f i instanceLookup.obj
 0001:00006e40       ?begin@?$QMap@VQString@@VdeviceTypeInfo@@@@QAE?AV?$QMapIterator@VQString@@VdeviceTypeInfo@@@@XZ 10007e40 f i instanceLookup.obj
 0001:00006ec0       ?begin@?$QMap@VQString@@VinstanceInfo@@@@QAE?AV?$QMapIterator@VQString@@VinstanceInfo@@@@XZ 10007ec0 f i instanceLookup.obj
 0001:00006f40       ?constBegin@?$QMap@VQString@@VcomplexType@@@@QBE?AV?$QMapConstIterator@VQString@@VcomplexType@@@@XZ 10007f40 f i instanceLookup.obj
 0001:00006f40       ?constBegin@?$QMap@VQString@@VcomplexInstance@@@@QBE?AV?$QMapConstIterator@VQString@@VcomplexInstance@@@@XZ 10007f40 f i instanceLookup.obj
 0001:00006f40       ?constBegin@?$QMap@VQString@@VdeviceTypeInfo@@@@QBE?AV?$QMapConstIterator@VQString@@VdeviceTypeInfo@@@@XZ 10007f40 f i instanceLookup.obj
 0001:00006f40       ?constBegin@?$QMap@VQString@@VparamInfo@@@@QBE?AV?$QMapConstIterator@VQString@@VparamInfo@@@@XZ 10007f40 f i instanceLookup.obj
 0001:00006f40       ?begin@?$QMap@VQString@@VcomplexType@@@@QBE?AV?$QMapConstIterator@VQString@@VcomplexType@@@@XZ 10007f40 f i instanceLookup.obj
 0001:00006f40       ?begin@?$QMap@VQString@@VinstanceInfo@@@@QBE?AV?$QMapConstIterator@VQString@@VinstanceInfo@@@@XZ 10007f40 f i instanceLookup.obj
 0001:00006f40       ?constBegin@?$QMap@VQString@@VcomplexParam@@@@QBE?AV?$QMapConstIterator@VQString@@VcomplexParam@@@@XZ 10007f40 f i instanceLookup.obj
 0001:00006f40       ?begin@?$QMap@VQString@@VdeviceTypeInfo@@@@QBE?AV?$QMapConstIterator@VQString@@VdeviceTypeInfo@@@@XZ 10007f40 f i instanceLookup.obj
 0001:00006f40       ?constBegin@?$QMap@VQString@@VinstanceInfo@@@@QBE?AV?$QMapConstIterator@VQString@@VinstanceInfo@@@@XZ 10007f40 f i instanceLookup.obj
 0001:00006f40       ?begin@?$QMap@VQString@@VparamInfo@@@@QBE?AV?$QMapConstIterator@VQString@@VparamInfo@@@@XZ 10007f40 f i instanceLookup.obj
 0001:00006f40       ?begin@?$QMap@VQString@@VcomplexParam@@@@QBE?AV?$QMapConstIterator@VQString@@VcomplexParam@@@@XZ 10007f40 f i instanceLookup.obj
 0001:00006f40       ?begin@?$QMap@VQString@@VcomplexInstance@@@@QBE?AV?$QMapConstIterator@VQString@@VcomplexInstance@@@@XZ 10007f40 f i instanceLookup.obj
 0001:00006f60       ?begin@?$QMap@VQString@@VparamInfo@@@@QAE?AV?$QMapIterator@VQString@@VparamInfo@@@@XZ 10007f60 f i instanceLookup.obj
 0001:00006fe0       ?clear@?$QMap@VQString@@VcomplexInstance@@@@QAEXXZ 10007fe0 f i instanceLookup.obj
 0001:000070a0       ?clear@?$QMap@VQString@@VcomplexParam@@@@QAEXXZ 100080a0 f i instanceLookup.obj
 0001:00007160       ?clear@?$QMap@VQString@@VcomplexType@@@@QAEXXZ 10008160 f i instanceLookup.obj
 0001:00007220       ?clear@?$QMap@VQString@@VdeviceTypeInfo@@@@QAEXXZ 10008220 f i instanceLookup.obj
 0001:000072e0       ?clear@?$QMap@VQString@@VinstanceInfo@@@@QAEXXZ 100082e0 f i instanceLookup.obj
 0001:000073a0       ?clear@?$QMap@VQString@@VparamInfo@@@@QAEXXZ 100083a0 f i instanceLookup.obj
 0001:00007460       ?clear@?$QMapPrivate@VQString@@VcomplexInstance@@@@QAEXPAU?$QMapNode@VQString@@VcomplexInstance@@@@@Z 10008460 f i instanceLookup.obj
 0001:00007500       ?clear@?$QMapPrivate@VQString@@VcomplexParam@@@@QAEXPAU?$QMapNode@VQString@@VcomplexParam@@@@@Z 10008500 f i instanceLookup.obj
 0001:000075a0       ?clear@?$QMapPrivate@VQString@@VcomplexType@@@@QAEXPAU?$QMapNode@VQString@@VcomplexType@@@@@Z 100085a0 f i instanceLookup.obj
 0001:00007640       ?clear@?$QMapPrivate@VQString@@VdeviceTypeInfo@@@@QAEXPAU?$QMapNode@VQString@@VdeviceTypeInfo@@@@@Z 10008640 f i instanceLookup.obj
 0001:000076e0       ?clear@?$QMapPrivate@VQString@@VinstanceInfo@@@@QAEXPAU?$QMapNode@VQString@@VinstanceInfo@@@@@Z 100086e0 f i instanceLookup.obj
 0001:00007780       ?clear@?$QMapPrivate@VQString@@VparamInfo@@@@QAEXPAU?$QMapNode@VQString@@VparamInfo@@@@@Z 10008780 f i instanceLookup.obj
 0001:00007820       ?contains@?$QMap@VQString@@VcomplexParam@@@@QBE_NABVQString@@@Z 10008820 f i instanceLookup.obj
 0001:00007850       ?contains@?$QMap@VQString@@VparamInfo@@@@QBE_NABVQString@@@Z 10008850 f i instanceLookup.obj
 0001:00007850       ?contains@?$QMap@VQString@@VcomplexInstance@@@@QBE_NABVQString@@@Z 10008850 f i instanceLookup.obj
 0001:00007850       ?contains@?$QMap@VQString@@VcomplexType@@@@QBE_NABVQString@@@Z 10008850 f i instanceLookup.obj
 0001:00007880       ?contains@?$QMap@VQString@@VdeviceTypeInfo@@@@QBE_NABVQString@@@Z 10008880 f i instanceLookup.obj
 0001:000078b0       ?contains@?$QMap@VQString@@VinstanceInfo@@@@QBE_NABVQString@@@Z 100088b0 f i instanceLookup.obj
 0001:000078e0       ?copy@?$QMapPrivate@VQString@@VcomplexInstance@@@@QAEPAU?$QMapNode@VQString@@VcomplexInstance@@@@PAU2@@Z 100088e0 f i instanceLookup.obj
 0001:000079b0       ?copy@?$QMapPrivate@VQString@@VcomplexParam@@@@QAEPAU?$QMapNode@VQString@@VcomplexParam@@@@PAU2@@Z 100089b0 f i instanceLookup.obj
 0001:00007a80       ?copy@?$QMapPrivate@VQString@@VcomplexType@@@@QAEPAU?$QMapNode@VQString@@VcomplexType@@@@PAU2@@Z 10008a80 f i instanceLookup.obj
 0001:00007b50       ?copy@?$QMapPrivate@VQString@@VdeviceTypeInfo@@@@QAEPAU?$QMapNode@VQString@@VdeviceTypeInfo@@@@PAU2@@Z 10008b50 f i instanceLookup.obj
 0001:00007c20       ?copy@?$QMapPrivate@VQString@@VinstanceInfo@@@@QAEPAU?$QMapNode@VQString@@VinstanceInfo@@@@PAU2@@Z 10008c20 f i instanceLookup.obj
 0001:00007cf0       ?copy@?$QMapPrivate@VQString@@VparamInfo@@@@QAEPAU?$QMapNode@VQString@@VparamInfo@@@@PAU2@@Z 10008cf0 f i instanceLookup.obj
 0001:00007df0       ?count@?$QMap@VQString@@VcomplexParam@@@@QBEIABVQString@@@Z 10008df0 f i instanceLookup.obj
 0001:00007e60       ?count@?$QMap@VQString@@VdeviceTypeInfo@@@@QBEIABVQString@@@Z 10008e60 f i instanceLookup.obj
 0001:00007ed0       ?count@?$QMap@VQString@@VinstanceInfo@@@@QBEIABVQString@@@Z 10008ed0 f i instanceLookup.obj
 0001:00007f40       ?count@?$QMap@VQString@@VparamInfo@@@@QBEIABVQString@@@Z 10008f40 f i instanceLookup.obj
 0001:00007f40       ?count@?$QMap@VQString@@VcomplexType@@@@QBEIABVQString@@@Z 10008f40 f i instanceLookup.obj
 0001:00007f40       ?count@?$QMap@VQString@@VcomplexInstance@@@@QBEIABVQString@@@Z 10008f40 f i instanceLookup.obj
 0001:00007fb0       ?dec@?$QMapIterator@VQString@@VcomplexInstance@@@@AAEHXZ 10008fb0 f i instanceLookup.obj
 0001:00007fb0       ?dec@?$QMapIterator@VQString@@VcomplexParam@@@@AAEHXZ 10008fb0 f i instanceLookup.obj
 0001:00007fb0       ?dec@?$QMapIterator@VQString@@VparamInfo@@@@AAEHXZ 10008fb0 f i instanceLookup.obj
 0001:00007fb0       ?dec@?$QMapIterator@VQString@@VdeviceTypeInfo@@@@AAEHXZ 10008fb0 f i instanceLookup.obj
 0001:00007fb0       ?dec@?$QMapIterator@VQString@@VinstanceInfo@@@@AAEHXZ 10008fb0 f i instanceLookup.obj
 0001:00007fb0       ?dec@?$QMapIterator@VQString@@VcomplexType@@@@AAEHXZ 10008fb0 f i instanceLookup.obj
 0001:00008010       ?detach@?$QMap@VQString@@VcomplexInstance@@@@IAEXXZ 10009010 f i instanceLookup.obj
 0001:00008090       ?detach@?$QMap@VQString@@VcomplexParam@@@@IAEXXZ 10009090 f i instanceLookup.obj
 0001:00008110       ?detach@?$QMap@VQString@@VcomplexType@@@@IAEXXZ 10009110 f i instanceLookup.obj
 0001:00008190       ?detach@?$QMap@VQString@@VdeviceTypeInfo@@@@IAEXXZ 10009190 f i instanceLookup.obj
 0001:00008210       ?detach@?$QMap@VQString@@VinstanceInfo@@@@IAEXXZ 10009210 f i instanceLookup.obj
 0001:00008290       ?detach@?$QMap@VQString@@VparamInfo@@@@IAEXXZ 10009290 f i instanceLookup.obj
 0001:00008310       ?detachInternal@?$QMap@VQString@@VcomplexInstance@@@@AAEXXZ 10009310 f i instanceLookup.obj
 0001:00008390       ?detachInternal@?$QMap@VQString@@VcomplexParam@@@@AAEXXZ 10009390 f i instanceLookup.obj
 0001:00008410       ?detachInternal@?$QMap@VQString@@VcomplexType@@@@AAEXXZ 10009410 f i instanceLookup.obj
 0001:00008490       ?detachInternal@?$QMap@VQString@@VdeviceTypeInfo@@@@AAEXXZ 10009490 f i instanceLookup.obj
 0001:00008510       ?detachInternal@?$QMap@VQString@@VinstanceInfo@@@@AAEXXZ 10009510 f i instanceLookup.obj
 0001:00008590       ?detachInternal@?$QMap@VQString@@VparamInfo@@@@AAEXXZ 10009590 f i instanceLookup.obj
 0001:00008610       ?end@?$QMap@VQString@@VcomplexInstance@@@@QAE?AV?$QMapIterator@VQString@@VcomplexInstance@@@@XZ 10009610 f i instanceLookup.obj
 0001:00008690       ?constEnd@?$QMap@VQString@@VdeviceTypeInfo@@@@QBE?AV?$QMapConstIterator@VQString@@VdeviceTypeInfo@@@@XZ 10009690 f i instanceLookup.obj
 0001:00008690       ?end@?$QMap@VQString@@VcomplexInstance@@@@QBE?AV?$QMapConstIterator@VQString@@VcomplexInstance@@@@XZ 10009690 f i instanceLookup.obj
 0001:00008690       ?end@?$QMap@VQString@@VcomplexType@@@@QBE?AV?$QMapConstIterator@VQString@@VcomplexType@@@@XZ 10009690 f i instanceLookup.obj
 0001:00008690       ?constEnd@?$QMap@VQString@@VcomplexType@@@@QBE?AV?$QMapConstIterator@VQString@@VcomplexType@@@@XZ 10009690 f i instanceLookup.obj
 0001:00008690       ?constEnd@?$QMap@VQString@@VparamInfo@@@@QBE?AV?$QMapConstIterator@VQString@@VparamInfo@@@@XZ 10009690 f i instanceLookup.obj
 0001:00008690       ?end@?$QMap@VQString@@VdeviceTypeInfo@@@@QBE?AV?$QMapConstIterator@VQString@@VdeviceTypeInfo@@@@XZ 10009690 f i instanceLookup.obj
 0001:00008690       ?end@?$QMap@VQString@@VinstanceInfo@@@@QBE?AV?$QMapConstIterator@VQString@@VinstanceInfo@@@@XZ 10009690 f i instanceLookup.obj
 0001:00008690       ?constEnd@?$QMap@VQString@@VcomplexInstance@@@@QBE?AV?$QMapConstIterator@VQString@@VcomplexInstance@@@@XZ 10009690 f i instanceLookup.obj
 0001:00008690       ?constEnd@?$QMap@VQString@@VinstanceInfo@@@@QBE?AV?$QMapConstIterator@VQString@@VinstanceInfo@@@@XZ 10009690 f i instanceLookup.obj
 0001:00008690       ?constEnd@?$QMap@VQString@@VcomplexParam@@@@QBE?AV?$QMapConstIterator@VQString@@VcomplexParam@@@@XZ 10009690 f i instanceLookup.obj
 0001:00008690       ?end@?$QMap@VQString@@VcomplexParam@@@@QBE?AV?$QMapConstIterator@VQString@@VcomplexParam@@@@XZ 10009690 f i instanceLookup.obj
 0001:00008690       ?end@?$QMap@VQString@@VparamInfo@@@@QBE?AV?$QMapConstIterator@VQString@@VparamInfo@@@@XZ 10009690 f i instanceLookup.obj
 0001:000086b0       ?end@?$QMap@VQString@@VcomplexParam@@@@QAE?AV?$QMapIterator@VQString@@VcomplexParam@@@@XZ 100096b0 f i instanceLookup.obj
 0001:00008730       ?end@?$QMap@VQString@@VcomplexType@@@@QAE?AV?$QMapIterator@VQString@@VcomplexType@@@@XZ 10009730 f i instanceLookup.obj
 0001:000087b0       ?end@?$QMap@VQString@@VdeviceTypeInfo@@@@QAE?AV?$QMapIterator@VQString@@VdeviceTypeInfo@@@@XZ 100097b0 f i instanceLookup.obj
 0001:00008830       ?end@?$QMap@VQString@@VinstanceInfo@@@@QAE?AV?$QMapIterator@VQString@@VinstanceInfo@@@@XZ 10009830 f i instanceLookup.obj
 0001:000088b0       ?end@?$QMap@VQString@@VparamInfo@@@@QAE?AV?$QMapIterator@VQString@@VparamInfo@@@@XZ 100098b0 f i instanceLookup.obj
 0001:00008930       ?remove@?$QMap@VQString@@VcomplexInstance@@@@QAEXABVQString@@@Z 10009930 f i instanceLookup.obj
 0001:00008930       ?erase@?$QMap@VQString@@VcomplexInstance@@@@QAEXABVQString@@@Z 10009930 f i instanceLookup.obj
 0001:00008a40       ?erase@?$QMap@VQString@@VcomplexInstance@@@@QAEXV?$QMapIterator@VQString@@VcomplexInstance@@@@@Z 10009a40 f i instanceLookup.obj
 0001:00008a40       ?remove@?$QMap@VQString@@VcomplexInstance@@@@QAEXV?$QMapIterator@VQString@@VcomplexInstance@@@@@Z 10009a40 f i instanceLookup.obj
 0001:00008b00       ?erase@?$QMap@VQString@@VcomplexParam@@@@QAEXABVQString@@@Z 10009b00 f i instanceLookup.obj
 0001:00008b00       ?remove@?$QMap@VQString@@VcomplexParam@@@@QAEXABVQString@@@Z 10009b00 f i instanceLookup.obj
 0001:00008c10       ?remove@?$QMap@VQString@@VcomplexType@@@@QAEXABVQString@@@Z 10009c10 f i instanceLookup.obj
 0001:00008c10       ?erase@?$QMap@VQString@@VcomplexType@@@@QAEXABVQString@@@Z 10009c10 f i instanceLookup.obj
 0001:00008d20       ?remove@?$QMap@VQString@@VinstanceInfo@@@@QAEXABVQString@@@Z 10009d20 f i instanceLookup.obj
 0001:00008d20       ?erase@?$QMap@VQString@@VinstanceInfo@@@@QAEXABVQString@@@Z 10009d20 f i instanceLookup.obj
 0001:00008e30       ?erase@?$QMap@VQString@@VinstanceInfo@@@@QAEXV?$QMapIterator@VQString@@VinstanceInfo@@@@@Z 10009e30 f i instanceLookup.obj
 0001:00008e30       ?remove@?$QMap@VQString@@VinstanceInfo@@@@QAEXV?$QMapIterator@VQString@@VinstanceInfo@@@@@Z 10009e30 f i instanceLookup.obj
 0001:00008ef0       ?remove@?$QMap@VQString@@VparamInfo@@@@QAEXV?$QMapIterator@VQString@@VparamInfo@@@@@Z 10009ef0 f i instanceLookup.obj
 0001:00008ef0       ?erase@?$QMap@VQString@@VparamInfo@@@@QAEXV?$QMapIterator@VQString@@VparamInfo@@@@@Z 10009ef0 f i instanceLookup.obj
 0001:00008fb0       ?find@?$QMap@VQString@@VcomplexInstance@@@@QAE?AV?$QMapIterator@VQString@@VcomplexInstance@@@@ABVQString@@@Z 10009fb0 f i instanceLookup.obj
 0001:00009040       ?find@?$QMap@VQString@@VcomplexParam@@@@QAE?AV?$QMapIterator@VQString@@VcomplexParam@@@@ABVQString@@@Z 1000a040 f i instanceLookup.obj
 0001:000090d0       ?find@?$QMap@VQString@@VcomplexParam@@@@QBE?AV?$QMapConstIterator@VQString@@VcomplexParam@@@@ABVQString@@@Z 1000a0d0 f i instanceLookup.obj
 0001:000090f0       ?find@?$QMap@VQString@@VcomplexType@@@@QAE?AV?$QMapIterator@VQString@@VcomplexType@@@@ABVQString@@@Z 1000a0f0 f i instanceLookup.obj
 0001:00009180       ?find@?$QMap@VQString@@VcomplexInstance@@@@QBE?AV?$QMapConstIterator@VQString@@VcomplexInstance@@@@ABVQString@@@Z 1000a180 f i instanceLookup.obj
 0001:00009180       ?find@?$QMap@VQString@@VcomplexType@@@@QBE?AV?$QMapConstIterator@VQString@@VcomplexType@@@@ABVQString@@@Z 1000a180 f i instanceLookup.obj
 0001:00009180       ?find@?$QMap@VQString@@VparamInfo@@@@QBE?AV?$QMapConstIterator@VQString@@VparamInfo@@@@ABVQString@@@Z 1000a180 f i instanceLookup.obj
 0001:000091a0       ?find@?$QMap@VQString@@VdeviceTypeInfo@@@@QAE?AV?$QMapIterator@VQString@@VdeviceTypeInfo@@@@ABVQString@@@Z 1000a1a0 f i instanceLookup.obj
 0001:00009230       ?find@?$QMap@VQString@@VdeviceTypeInfo@@@@QBE?AV?$QMapConstIterator@VQString@@VdeviceTypeInfo@@@@ABVQString@@@Z 1000a230 f i instanceLookup.obj
 0001:00009250       ?find@?$QMap@VQString@@VinstanceInfo@@@@QAE?AV?$QMapIterator@VQString@@VinstanceInfo@@@@ABVQString@@@Z 1000a250 f i instanceLookup.obj
 0001:000092e0       ?find@?$QMap@VQString@@VinstanceInfo@@@@QBE?AV?$QMapConstIterator@VQString@@VinstanceInfo@@@@ABVQString@@@Z 1000a2e0 f i instanceLookup.obj
 0001:00009300       ?find@?$QMap@VQString@@VparamInfo@@@@QAE?AV?$QMapIterator@VQString@@VparamInfo@@@@ABVQString@@@Z 1000a300 f i instanceLookup.obj
 0001:00009390       ?find@?$QMapPrivate@VQString@@VcomplexParam@@@@QBE?AV?$QMapConstIterator@VQString@@VcomplexParam@@@@ABVQString@@@Z 1000a390 f i instanceLookup.obj
 0001:00009410       ?find@?$QMapPrivate@VQString@@VparamInfo@@@@QBE?AV?$QMapConstIterator@VQString@@VparamInfo@@@@ABVQString@@@Z 1000a410 f i instanceLookup.obj
 0001:00009410       ?find@?$QMapPrivate@VQString@@VcomplexInstance@@@@QBE?AV?$QMapConstIterator@VQString@@VcomplexInstance@@@@ABVQString@@@Z 1000a410 f i instanceLookup.obj
 0001:00009410       ?find@?$QMapPrivate@VQString@@VcomplexType@@@@QBE?AV?$QMapConstIterator@VQString@@VcomplexType@@@@ABVQString@@@Z 1000a410 f i instanceLookup.obj
 0001:00009490       ?find@?$QMapPrivate@VQString@@VdeviceTypeInfo@@@@QBE?AV?$QMapConstIterator@VQString@@VdeviceTypeInfo@@@@ABVQString@@@Z 1000a490 f i instanceLookup.obj
 0001:00009510       ?find@?$QMapPrivate@VQString@@VinstanceInfo@@@@QBE?AV?$QMapConstIterator@VQString@@VinstanceInfo@@@@ABVQString@@@Z 1000a510 f i instanceLookup.obj
 0001:00009590       ?insert@?$QMap@VQString@@VcomplexInstance@@@@QAE?AU?$QPair@V?$QMapIterator@VQString@@VcomplexInstance@@@@_N@@ABU?$QPair@$$CBVQString@@VcomplexInstance@@@@@Z 1000a590 f i instanceLookup.obj
 0001:00009640       ?insert@?$QMap@VQString@@VcomplexInstance@@@@QAE?AV?$QMapIterator@VQString@@VcomplexInstance@@@@ABVQString@@ABVcomplexInstance@@_N@Z 1000a640 f i instanceLookup.obj
 0001:000096f0       ?insert@?$QMap@VQString@@VcomplexParam@@@@QAE?AU?$QPair@V?$QMapIterator@VQString@@VcomplexParam@@@@_N@@ABU?$QPair@$$CBVQString@@VcomplexParam@@@@@Z 1000a6f0 f i instanceLookup.obj
 0001:000097b0       ?insert@?$QMap@VQString@@VcomplexParam@@@@QAE?AV?$QMapIterator@VQString@@VcomplexParam@@@@ABVQString@@ABVcomplexParam@@_N@Z 1000a7b0 f i instanceLookup.obj
 0001:00009880       ?insert@?$QMap@VQString@@VcomplexType@@@@QAE?AU?$QPair@V?$QMapIterator@VQString@@VcomplexType@@@@_N@@ABU?$QPair@$$CBVQString@@VcomplexType@@@@@Z 1000a880 f i instanceLookup.obj
 0001:00009930       ?insert@?$QMap@VQString@@VcomplexType@@@@QAE?AV?$QMapIterator@VQString@@VcomplexType@@@@ABVQString@@ABVcomplexType@@_N@Z 1000a930 f i instanceLookup.obj
 0001:000099e0       ?insert@?$QMap@VQString@@VdeviceTypeInfo@@@@QAE?AU?$QPair@V?$QMapIterator@VQString@@VdeviceTypeInfo@@@@_N@@ABU?$QPair@$$CBVQString@@VdeviceTypeInfo@@@@@Z 1000a9e0 f i instanceLookup.obj
 0001:00009a90       ?insert@?$QMap@VQString@@VdeviceTypeInfo@@@@QAE?AV?$QMapIterator@VQString@@VdeviceTypeInfo@@@@ABVQString@@ABVdeviceTypeInfo@@_N@Z 1000aa90 f i instanceLookup.obj
 0001:00009b40       ?insert@?$QMap@VQString@@VinstanceInfo@@@@QAE?AU?$QPair@V?$QMapIterator@VQString@@VinstanceInfo@@@@_N@@ABU?$QPair@$$CBVQString@@VinstanceInfo@@@@@Z 1000ab40 f i instanceLookup.obj
 0001:00009bf0       ?insert@?$QMap@VQString@@VinstanceInfo@@@@QAE?AV?$QMapIterator@VQString@@VinstanceInfo@@@@ABVQString@@ABVinstanceInfo@@_N@Z 1000abf0 f i instanceLookup.obj
 0001:00009ca0       ?insert@?$QMap@VQString@@VparamInfo@@@@QAE?AU?$QPair@V?$QMapIterator@VQString@@VparamInfo@@@@_N@@ABU?$QPair@$$CBVQString@@VparamInfo@@@@@Z 1000aca0 f i instanceLookup.obj
 0001:00009d50       ?insert@?$QMap@VQString@@VparamInfo@@@@QAE?AV?$QMapIterator@VQString@@VparamInfo@@@@ABVQString@@ABVparamInfo@@_N@Z 1000ad50 f i instanceLookup.obj
 0001:00009df0       ?insert@?$QMapPrivate@VQString@@VcomplexInstance@@@@QAE?AV?$QMapIterator@VQString@@VcomplexInstance@@@@PAUQMapNodeBase@@0ABVQString@@@Z 1000adf0 f i instanceLookup.obj
 0001:00009ef0       ?insert@?$QMapPrivate@VQString@@VcomplexParam@@@@QAE?AV?$QMapIterator@VQString@@VcomplexParam@@@@PAUQMapNodeBase@@0ABVQString@@@Z 1000aef0 f i instanceLookup.obj
 0001:00009ff0       ?insert@?$QMapPrivate@VQString@@VcomplexType@@@@QAE?AV?$QMapIterator@VQString@@VcomplexType@@@@PAUQMapNodeBase@@0ABVQString@@@Z 1000aff0 f i instanceLookup.obj
 0001:0000a0f0       ?insert@?$QMapPrivate@VQString@@VdeviceTypeInfo@@@@QAE?AV?$QMapIterator@VQString@@VdeviceTypeInfo@@@@PAUQMapNodeBase@@0ABVQString@@@Z 1000b0f0 f i instanceLookup.obj
 0001:0000a1f0       ?insert@?$QMapPrivate@VQString@@VinstanceInfo@@@@QAE?AV?$QMapIterator@VQString@@VinstanceInfo@@@@PAUQMapNodeBase@@0ABVQString@@@Z 1000b1f0 f i instanceLookup.obj
 0001:0000a2f0       ?insert@?$QMapPrivate@VQString@@VparamInfo@@@@QAE?AV?$QMapIterator@VQString@@VparamInfo@@@@PAUQMapNodeBase@@0ABVQString@@@Z 1000b2f0 f i instanceLookup.obj
 0001:0000a3f0       ?insert@?$QValueListPrivate@VcomplexInstance@@@@QAE?AV?$QValueListIterator@VcomplexInstance@@@@V2@ABVcomplexInstance@@@Z 1000b3f0 f i instanceLookup.obj
 0001:0000a480       ?insert@?$QValueListPrivate@VcomplexParam@@@@QAE?AV?$QValueListIterator@VcomplexParam@@@@V2@ABVcomplexParam@@@Z 1000b480 f i instanceLookup.obj
 0001:0000a540       ?insert@?$QValueListPrivate@VcomplexType@@@@QAE?AV?$QValueListIterator@VcomplexType@@@@V2@ABVcomplexType@@@Z 1000b540 f i instanceLookup.obj
 0001:0000a5d0       ?insert@?$QValueListPrivate@VdeviceTypeInfo@@@@QAE?AV?$QValueListIterator@VdeviceTypeInfo@@@@V2@ABVdeviceTypeInfo@@@Z 1000b5d0 f i instanceLookup.obj
 0001:0000a660       ?insert@?$QValueListPrivate@VinstanceInfo@@@@QAE?AV?$QValueListIterator@VinstanceInfo@@@@V2@ABVinstanceInfo@@@Z 1000b660 f i instanceLookup.obj
 0001:0000a6f0       ?insert@?$QValueListPrivate@VparamInfo@@@@QAE?AV?$QValueListIterator@VparamInfo@@@@V2@ABVparamInfo@@@Z 1000b6f0 f i instanceLookup.obj
 0001:0000a750       ?insertSingle@?$QMapPrivate@VQString@@VcomplexInstance@@@@QAE?AV?$QMapIterator@VQString@@VcomplexInstance@@@@ABVQString@@@Z 1000b750 f i instanceLookup.obj
 0001:0000a810       ?insertSingle@?$QMapPrivate@VQString@@VcomplexParam@@@@QAE?AV?$QMapIterator@VQString@@VcomplexParam@@@@ABVQString@@@Z 1000b810 f i instanceLookup.obj
 0001:0000a8d0       ?insertSingle@?$QMapPrivate@VQString@@VcomplexType@@@@QAE?AV?$QMapIterator@VQString@@VcomplexType@@@@ABVQString@@@Z 1000b8d0 f i instanceLookup.obj
 0001:0000a990       ?insertSingle@?$QMapPrivate@VQString@@VdeviceTypeInfo@@@@QAE?AV?$QMapIterator@VQString@@VdeviceTypeInfo@@@@ABVQString@@@Z 1000b990 f i instanceLookup.obj
 0001:0000aa50       ?insertSingle@?$QMapPrivate@VQString@@VinstanceInfo@@@@QAE?AV?$QMapIterator@VQString@@VinstanceInfo@@@@ABVQString@@@Z 1000ba50 f i instanceLookup.obj
 0001:0000ab10       ?insertSingle@?$QMapPrivate@VQString@@VparamInfo@@@@QAE?AV?$QMapIterator@VQString@@VparamInfo@@@@ABVQString@@@Z 1000bb10 f i instanceLookup.obj
 0001:0000abd0       ?empty@?$QMap@VQString@@VdeviceTypeInfo@@@@QBE_NXZ 1000bbd0 f i instanceLookup.obj
 0001:0000abd0       ?isEmpty@?$QMap@VQString@@VinstanceInfo@@@@QBE_NXZ 1000bbd0 f i instanceLookup.obj
 0001:0000abd0       ?isEmpty@?$QMap@VQString@@VdeviceTypeInfo@@@@QBE_NXZ 1000bbd0 f i instanceLookup.obj
 0001:0000abd0       ?empty@?$QMap@VQString@@VinstanceInfo@@@@QBE_NXZ 1000bbd0 f i instanceLookup.obj
 0001:0000abd0       ?empty@?$QMap@VQString@@VcomplexType@@@@QBE_NXZ 1000bbd0 f i instanceLookup.obj
 0001:0000abd0       ?isEmpty@?$QMap@VQString@@VcomplexInstance@@@@QBE_NXZ 1000bbd0 f i instanceLookup.obj
 0001:0000abd0       ?isEmpty@?$QMap@VQString@@VcomplexType@@@@QBE_NXZ 1000bbd0 f i instanceLookup.obj
 0001:0000abd0       ?empty@?$QMap@VQString@@VcomplexInstance@@@@QBE_NXZ 1000bbd0 f i instanceLookup.obj
 0001:0000abd0       ?empty@?$QMap@VQString@@VcomplexParam@@@@QBE_NXZ 1000bbd0 f i instanceLookup.obj
 0001:0000abd0       ?empty@?$QMap@VQString@@VparamInfo@@@@QBE_NXZ 1000bbd0 f i instanceLookup.obj
 0001:0000abd0       ?isEmpty@?$QMap@VQString@@VparamInfo@@@@QBE_NXZ 1000bbd0 f i instanceLookup.obj
 0001:0000abd0       ?isEmpty@?$QMap@VQString@@VcomplexParam@@@@QBE_NXZ 1000bbd0 f i instanceLookup.obj
 0001:0000abe0       ?keys@?$QMap@VQString@@VcomplexType@@@@QBE?AV?$QValueList@VQString@@@@XZ 1000bbe0 f i instanceLookup.obj
 0001:0000abe0       ?keys@?$QMap@VQString@@VparamInfo@@@@QBE?AV?$QValueList@VQString@@@@XZ 1000bbe0 f i instanceLookup.obj
 0001:0000abe0       ?keys@?$QMap@VQString@@VcomplexInstance@@@@QBE?AV?$QValueList@VQString@@@@XZ 1000bbe0 f i instanceLookup.obj
 0001:0000acb0       ?keys@?$QMap@VQString@@VcomplexParam@@@@QBE?AV?$QValueList@VQString@@@@XZ 1000bcb0 f i instanceLookup.obj
 0001:0000ad80       ?keys@?$QMap@VQString@@VdeviceTypeInfo@@@@QBE?AV?$QValueList@VQString@@@@XZ 1000bd80 f i instanceLookup.obj
 0001:0000ae50       ?keys@?$QMap@VQString@@VinstanceInfo@@@@QBE?AV?$QValueList@VQString@@@@XZ 1000be50 f i instanceLookup.obj
 0001:0000af20       ?remove@?$QMap@VQString@@VcomplexParam@@@@QAEXV?$QMapIterator@VQString@@VcomplexParam@@@@@Z 1000bf20 f i instanceLookup.obj
 0001:0000af20       ?erase@?$QMap@VQString@@VcomplexParam@@@@QAEXV?$QMapIterator@VQString@@VcomplexParam@@@@@Z 1000bf20 f i instanceLookup.obj
 0001:0000afe0       ?erase@?$QMap@VQString@@VcomplexType@@@@QAEXV?$QMapIterator@VQString@@VcomplexType@@@@@Z 1000bfe0 f i instanceLookup.obj
 0001:0000afe0       ?remove@?$QMap@VQString@@VcomplexType@@@@QAEXV?$QMapIterator@VQString@@VcomplexType@@@@@Z 1000bfe0 f i instanceLookup.obj
 0001:0000b0a0       ?remove@?$QMap@VQString@@VdeviceTypeInfo@@@@QAEXABVQString@@@Z 1000c0a0 f i instanceLookup.obj
 0001:0000b0a0       ?erase@?$QMap@VQString@@VdeviceTypeInfo@@@@QAEXABVQString@@@Z 1000c0a0 f i instanceLookup.obj
 0001:0000b1b0       ?remove@?$QMap@VQString@@VdeviceTypeInfo@@@@QAEXV?$QMapIterator@VQString@@VdeviceTypeInfo@@@@@Z 1000c1b0 f i instanceLookup.obj
 0001:0000b1b0       ?erase@?$QMap@VQString@@VdeviceTypeInfo@@@@QAEXV?$QMapIterator@VQString@@VdeviceTypeInfo@@@@@Z 1000c1b0 f i instanceLookup.obj
 0001:0000b270       ?remove@?$QMap@VQString@@VparamInfo@@@@QAEXABVQString@@@Z 1000c270 f i instanceLookup.obj
 0001:0000b270       ?erase@?$QMap@VQString@@VparamInfo@@@@QAEXABVQString@@@Z 1000c270 f i instanceLookup.obj
 0001:0000b380       ?replace@?$QMap@VQString@@VcomplexInstance@@@@QAE?AV?$QMapIterator@VQString@@VcomplexInstance@@@@ABVQString@@ABVcomplexInstance@@@Z 1000c380 f i instanceLookup.obj
 0001:0000b420       ?replace@?$QMap@VQString@@VcomplexParam@@@@QAE?AV?$QMapIterator@VQString@@VcomplexParam@@@@ABVQString@@ABVcomplexParam@@@Z 1000c420 f i instanceLookup.obj
 0001:0000b4d0       ?replace@?$QMap@VQString@@VcomplexType@@@@QAE?AV?$QMapIterator@VQString@@VcomplexType@@@@ABVQString@@ABVcomplexType@@@Z 1000c4d0 f i instanceLookup.obj
 0001:0000b570       ?replace@?$QMap@VQString@@VdeviceTypeInfo@@@@QAE?AV?$QMapIterator@VQString@@VdeviceTypeInfo@@@@ABVQString@@ABVdeviceTypeInfo@@@Z 1000c570 f i instanceLookup.obj
 0001:0000b610       ?replace@?$QMap@VQString@@VinstanceInfo@@@@QAE?AV?$QMapIterator@VQString@@VinstanceInfo@@@@ABVQString@@ABVinstanceInfo@@@Z 1000c610 f i instanceLookup.obj
 0001:0000b6b0       ?replace@?$QMap@VQString@@VparamInfo@@@@QAE?AV?$QMapIterator@VQString@@VparamInfo@@@@ABVQString@@ABVparamInfo@@@Z 1000c6b0 f i instanceLookup.obj
 0001:0000b750       ?size@?$QMap@VQString@@VdeviceTypeInfo@@@@QBEIXZ 1000c750 f i instanceLookup.obj
 0001:0000b750       ?count@?$QMap@VQString@@VdeviceTypeInfo@@@@QBEIXZ 1000c750 f i instanceLookup.obj
 0001:0000b750       ?count@?$QMap@VQString@@VinstanceInfo@@@@QBEIXZ 1000c750 f i instanceLookup.obj
 0001:0000b750       ?count@?$QMap@VQString@@VcomplexParam@@@@QBEIXZ 1000c750 f i instanceLookup.obj
 0001:0000b750       ?count@?$QMap@VQString@@VcomplexInstance@@@@QBEIXZ 1000c750 f i instanceLookup.obj
 0001:0000b750       ?size@?$QMap@VQString@@VcomplexInstance@@@@QBEIXZ 1000c750 f i instanceLookup.obj
 0001:0000b750       ?size@?$QMap@VQString@@VinstanceInfo@@@@QBEIXZ 1000c750 f i instanceLookup.obj
 0001:0000b750       ?count@?$QMap@VQString@@VcomplexType@@@@QBEIXZ 1000c750 f i instanceLookup.obj
 0001:0000b750       ?size@?$QMap@VQString@@VparamInfo@@@@QBEIXZ 1000c750 f i instanceLookup.obj
 0001:0000b750       ?size@?$QMap@VQString@@VcomplexParam@@@@QBEIXZ 1000c750 f i instanceLookup.obj
 0001:0000b750       ?count@?$QMap@VQString@@VparamInfo@@@@QBEIXZ 1000c750 f i instanceLookup.obj
 0001:0000b750       ?size@?$QMap@VQString@@VcomplexType@@@@QBEIXZ 1000c750 f i instanceLookup.obj
 0001:0000b760       ?values@?$QMap@VQString@@VcomplexInstance@@@@QBE?AV?$QValueList@VcomplexInstance@@@@XZ 1000c760 f i instanceLookup.obj
 0001:0000b850       ?values@?$QMap@VQString@@VcomplexParam@@@@QBE?AV?$QValueList@VcomplexParam@@@@XZ 1000c850 f i instanceLookup.obj
 0001:0000b940       ?values@?$QMap@VQString@@VcomplexType@@@@QBE?AV?$QValueList@VcomplexType@@@@XZ 1000c940 f i instanceLookup.obj
 0001:0000ba30       ?values@?$QMap@VQString@@VdeviceTypeInfo@@@@QBE?AV?$QValueList@VdeviceTypeInfo@@@@XZ 1000ca30 f i instanceLookup.obj
 0001:0000bb20       ?values@?$QMap@VQString@@VinstanceInfo@@@@QBE?AV?$QValueList@VinstanceInfo@@@@XZ 1000cb20 f i instanceLookup.obj
 0001:0000bc10       ?values@?$QMap@VQString@@VparamInfo@@@@QBE?AV?$QValueList@VparamInfo@@@@XZ 1000cc10 f i instanceLookup.obj
 0001:0000bd00       _instanceLookup            1000cd00 f   instanceLookup.obj
 0001:0000bd90       _instanceLookupComposite   1000cd90 f   instanceLookup.obj
 0001:0000be10       _instanceLookupType        1000ce10 f   instanceLookup.obj
 0001:0000be80       ??0?$QValueList@VlaunchItem@@@@QAE@XZ 1000ce80 f i launchAccessor.obj
 0001:0000bf40       ??0?$QValueListNode@VlaunchItem@@@@QAE@XZ 1000cf40 f i launchAccessor.obj
 0001:0000bff0       ??0?$QValueListPrivate@VlaunchItem@@@@QAE@ABV0@@Z 1000cff0 f i launchAccessor.obj
 0001:0000c0c0       ??0launchAccessor@@QAE@ABV0@@Z 1000d0c0 f i launchAccessor.obj
 0001:0000c100       ??0launchAccessor@@QAE@XZ  1000d100 f   launchAccessor.obj
 0001:0000c210       ??0launchItem@@QAE@ABV0@@Z 1000d210 f i launchAccessor.obj
 0001:0000c290       ??0launchItem@@QAE@ABVQString@@00_NH@Z 1000d290 f i launchAccessor.obj
 0001:0000c330       ??1launchAccessor@@UAE@XZ  1000d330 f   launchAccessor.obj
 0001:0000c3a0       ??1panelsetItem@@QAE@XZ    1000d3a0 f i panelsetsAccessor.obj
 0001:0000c3a0       ??1launchItem@@QAE@XZ      1000d3a0 f i launchAccessor.obj
 0001:0000c410       ??4launchItem@@QAEAAV0@ABV0@@Z 1000d410 f i launchAccessor.obj
 0001:0000c450       ??_ElaunchAccessor@@UAEPAXI@Z 1000d450 f i launchAccessor.obj
 0001:0000c4b0       ??_FlaunchItem@@QAEXXZ     1000d4b0 f i launchAccessor.obj
 0001:0000c550       ??_G?$QValueListNode@VlaunchItem@@@@UAEPAXI@Z 1000d550 f i launchAccessor.obj
 0001:0000c550       ??_E?$QValueListNode@VlaunchItem@@@@UAEPAXI@Z 1000d550 f i launchAccessor.obj
 0001:0000c5e0       ??_G?$QValueListPrivate@VlaunchItem@@@@UAEPAXI@Z 1000d5e0 f i launchAccessor.obj
 0001:0000c5e0       ??_E?$QValueListPrivate@VlaunchItem@@@@UAEPAXI@Z 1000d5e0 f i launchAccessor.obj
 0001:0000c630       ?addWorkstation@launchAccessor@@QAE_NABVQString@@0_NABV?$QValueList@VlaunchItem@@@@@Z 1000d630 f   launchAccessor.obj
 0001:0000caf0       ?append@?$QValueList@VlaunchItem@@@@QAE?AV?$QValueListIterator@VlaunchItem@@@@ABVlaunchItem@@@Z 1000daf0 f i launchAccessor.obj
 0001:0000cbc0       ?application@launchAccessor@@QAE?AVQString@@ABV2@H@Z 1000dbc0 f   launchAccessor.obj
 0001:0000cc50       ?arguments@launchAccessor@@QAE?AVQString@@ABV2@H@Z 1000dc50 f   launchAccessor.obj
 0001:0000cce0       ?attribute@launchAccessor@@AAE?AVQString@@ABV2@0@Z 1000dce0 f   launchAccessor.obj
 0001:0000cf60       ?childAttribute@launchAccessor@@QAE?AVQString@@ABV2@H0@Z 1000df60 f   launchAccessor.obj
 0001:0000d1d0       ?csi@launchAccessor@@QAE?AVQString@@ABV2@@Z 1000e1d0 f   launchAccessor.obj
 0001:0000d250       ?delay@launchAccessor@@QAEHABVQString@@H@Z 1000e250 f   launchAccessor.obj
 0001:0000d2f0       ?deleteItem@launchAccessor@@QAE_NABVQString@@ABVlaunchItem@@H@Z 1000e2f0 f   launchAccessor.obj
 0001:0000d560       ?deleteWorkstation@launchAccessor@@QAE_NABVQString@@@Z 1000e560 f   launchAccessor.obj
 0001:0000da80       ?demoteItem@launchAccessor@@QAE_NABVQString@@H_N@Z 1000ea80 f   launchAccessor.obj
 0001:0000dd50       ?exists@launchAccessor@@QAE_NABVQString@@@Z 1000ed50 f   launchAccessor.obj
 0001:0000dd50       ?exists@usersAccessor@@QAE_NABVQString@@@Z 1000ed50 f   usersAccessor.obj
 0001:0000dd50       ?exists@applicationsAccessor@@QAE_NABVQString@@@Z 1000ed50 f   applicationsAccessor.obj
 0001:0000dd50       ?exists@workstationsAccessor@@QAE_NABVQString@@@Z 1000ed50 f   workstationsAccessor.obj
 0001:0000dd50       ?exists@workstationSettingsAccessor@@QAE_NABVQString@@@Z 1000ed50 f   workstationSettingsAccessor.obj
 0001:0000dd50       ?exists@panelsetsAccessor@@QAE_NABVQString@@@Z 1000ed50 f   panelsetsAccessor.obj
 0001:0000deb0       ?getLaunchItem@launchAccessor@@QAE_NABVQString@@HAAVlaunchItem@@@Z 1000eeb0 f   launchAccessor.obj
 0001:0000e380       ?insert@?$QValueListPrivate@VlaunchItem@@@@QAE?AV?$QValueListIterator@VlaunchItem@@@@V2@ABVlaunchItem@@@Z 1000f380 f i launchAccessor.obj
 0001:0000e450       ?insertItem@launchAccessor@@QAE_NABVQString@@ABVlaunchItem@@H@Z 1000f450 f   launchAccessor.obj
 0001:0000e7c0       ?isDirty@launchAccessor@@QAE_NXZ 1000f7c0 f   launchAccessor.obj
 0001:0000e830       ?item@launchAccessor@@QAE_NABVQString@@AAV2@AA_NAAV?$QValueList@VlaunchItem@@@@AAH@Z 1000f830 f   launchAccessor.obj
 0001:0000ece0       ?itemPos@launchAccessor@@QAEHABVQString@@ABVlaunchItem@@@Z 1000fce0 f   launchAccessor.obj
 0001:0000ed10       ?load@launchAccessor@@SAPAV1@XZ 1000fd10 f i launchAccessor.obj
 0001:0000ed90       ?metaObject@launchAccessor@@UBEPAVQMetaObject@@XZ 1000fd90 f i launchAccessor.obj
 0001:0000eda0       ?promoteItem@launchAccessor@@QAE_NABVQString@@H@Z 1000fda0 f   launchAccessor.obj
 0001:0000edc0       ?qObject@panelsetsAccessor@@QAEPAVQObject@@XZ 1000fdc0 f i panelsetsAccessor.obj
 0001:0000edc0       ?qObject@workstationSettingsAccessor@@QAEPAVQObject@@XZ 1000fdc0 f i workstationSettingsAccessor.obj
 0001:0000edc0       ?qObject@workstationsAccessor@@QAEPAVQObject@@XZ 1000fdc0 f i workstationsAccessor.obj
 0001:0000edc0       ?qObject@applicationsAccessor@@QAEPAVQObject@@XZ 1000fdc0 f i applicationsAccessor.obj
 0001:0000edc0       ?qObject@usersAccessor@@QAEPAVQObject@@XZ 1000fdc0 f i usersAccessor.obj
 0001:0000edc0       ?qObject@launchAccessor@@QAEPAVQObject@@XZ 1000fdc0 f i launchAccessor.obj
 0001:0000edd0       ?renamelaunch@launchAccessor@@QAE_NABVQString@@0@Z 1000fdd0 f   launchAccessor.obj
 0001:0000efa0       ?roc@launchAccessor@@QAE_NABVQString@@@Z 1000ffa0 f   launchAccessor.obj
 0001:0000f040       ?roc@launchAccessor@@QAE_NABVQString@@H@Z 10010040 f   launchAccessor.obj
 0001:0000f0e0       ?setApplication@launchAccessor@@QAE_NABVQString@@H0@Z 100100e0 f   launchAccessor.obj
 0001:0000f180       ?setArguments@launchAccessor@@QAE_NABVQString@@H0@Z 10010180 f   launchAccessor.obj
 0001:0000f220       ?setAttribute@launchAccessor@@AAE_NABVQString@@00@Z 10010220 f   launchAccessor.obj
 0001:0000f3a0       ?setCSI@launchAccessor@@QAE_NABVQString@@0@Z 100103a0 f   launchAccessor.obj
 0001:0000f440       ?setChildAttribute@launchAccessor@@QAE_NABVQString@@H00@Z 10010440 f   launchAccessor.obj
 0001:0000f660       ?setCurrent@panelsetsAccessor@@QAE_NABVQString@@@Z 10010660 f   panelsetsAccessor.obj
 0001:0000f660       ?setCurrent@applicationsAccessor@@QAE_NABVQString@@@Z 10010660 f   applicationsAccessor.obj
 0001:0000f660       ?setCurrent@workstationsAccessor@@QAE_NABVQString@@@Z 10010660 f   workstationsAccessor.obj
 0001:0000f660       ?setCurrent@workstationSettingsAccessor@@QAE_NABVQString@@@Z 10010660 f   workstationSettingsAccessor.obj
 0001:0000f660       ?setCurrent@launchAccessor@@QAE_NABVQString@@@Z 10010660 f   launchAccessor.obj
 0001:0000f7b0       ?setDelay@launchAccessor@@QAE_NABVQString@@HH@Z 100107b0 f   launchAccessor.obj
 0001:0000f8a0       ?setDirty@launchAccessor@@AAEXXZ 100108a0 f   launchAccessor.obj
 0001:0000f960       ?setROC@launchAccessor@@QAE_NABVQString@@_N@Z 10010960 f   launchAccessor.obj
 0001:0000fa30       ?setRoc@launchAccessor@@QAE_NABVQString@@H_N@Z 10010a30 f   launchAccessor.obj
 0001:0000fb00       ?setVersion@launchAccessor@@QAEXN@Z 10010b00 f   launchAccessor.obj
 0001:0000fb00       ?setVersion@workstationSettingsAccessor@@QAEXN@Z 10010b00 f   workstationSettingsAccessor.obj
 0001:0000fb00       ?setVersion@workstationsAccessor@@QAEXN@Z 10010b00 f   workstationsAccessor.obj
 0001:0000fb00       ?setVersion@panelsetsAccessor@@QAEXN@Z 10010b00 f   panelsetsAccessor.obj
 0001:0000fb00       ?setVersion@usersAccessor@@QAEXN@Z 10010b00 f   usersAccessor.obj
 0001:0000fb00       ?setVersion@applicationsAccessor@@QAEXN@Z 10010b00 f   applicationsAccessor.obj
 0001:0000fbe0       ?setWorkingdir@launchAccessor@@QAE_NABVQString@@H0@Z 10010be0 f   launchAccessor.obj
 0001:0000fc80       ?unload@launchAccessor@@SA_NXZ 10010c80 f i launchAccessor.obj
 0001:0000fcc0       ?workingdir@launchAccessor@@QAE?AVQString@@ABV2@H@Z 10010cc0 f   launchAccessor.obj
 0001:0000fd50       ??0?$QValueList@VpanelsetItem@@@@QAE@XZ 10010d50 f i panelsetsAccessor.obj
 0001:0000fe10       ??0?$QValueListNode@VpanelsetItem@@@@QAE@XZ 10010e10 f i panelsetsAccessor.obj
 0001:0000feb0       ??0?$QValueListPrivate@VpanelsetItem@@@@QAE@ABV0@@Z 10010eb0 f i panelsetsAccessor.obj
 0001:0000ff80       ??0panelsetItem@@QAE@ABV0@@Z 10010f80 f i panelsetsAccessor.obj
 0001:0000fff0       ??0panelsetItem@@QAE@ABVQString@@00@Z 10010ff0 f i panelsetsAccessor.obj
 0001:00010080       ??0panelsetsAccessor@@QAE@ABV0@@Z 10011080 f i panelsetsAccessor.obj
 0001:000100c0       ??0panelsetsAccessor@@QAE@XZ 100110c0 f   panelsetsAccessor.obj
 0001:000101d0       ??1panelsetsAccessor@@UAE@XZ 100111d0 f   panelsetsAccessor.obj
 0001:00010240       ??4panelsetItem@@QAEAAV0@ABV0@@Z 10011240 f i panelsetsAccessor.obj
 0001:00010270       ??_EpanelsetsAccessor@@UAEPAXI@Z 10011270 f i panelsetsAccessor.obj
 0001:000102d0       ??_FpanelsetItem@@QAEXXZ   100112d0 f i panelsetsAccessor.obj
 0001:00010360       ??_E?$QValueListNode@VpanelsetItem@@@@UAEPAXI@Z 10011360 f i panelsetsAccessor.obj
 0001:00010360       ??_G?$QValueListNode@VpanelsetItem@@@@UAEPAXI@Z 10011360 f i panelsetsAccessor.obj
 0001:000103f0       ??_G?$QValueListPrivate@VpanelsetItem@@@@UAEPAXI@Z 100113f0 f i panelsetsAccessor.obj
 0001:000103f0       ??_E?$QValueListPrivate@VpanelsetItem@@@@UAEPAXI@Z 100113f0 f i panelsetsAccessor.obj
 0001:00010440       ?addPanelset@panelsetsAccessor@@QAE_NABVQString@@0ABV?$QValueList@VpanelsetItem@@@@@Z 10011440 f   panelsetsAccessor.obj
 0001:000107c0       ?append@?$QValueList@VpanelsetItem@@@@QAE?AV?$QValueListIterator@VpanelsetItem@@@@ABVpanelsetItem@@@Z 100117c0 f i panelsetsAccessor.obj
 0001:00010890       ?attribute@panelsetsAccessor@@AAE?AVQString@@ABV2@0@Z 10011890 f   panelsetsAccessor.obj
 0001:00010890       ?attribute@workstationsAccessor@@AAE?AVQString@@ABV2@0@Z 10011890 f   workstationsAccessor.obj
 0001:00010890       ?attribute@applicationsAccessor@@AAE?AVQString@@ABV2@0@Z 10011890 f   applicationsAccessor.obj
 0001:00010890       ?attribute@workstationSettingsAccessor@@AAE?AVQString@@ABV2@0@Z 10011890 f   workstationSettingsAccessor.obj
 0001:00010890       ?attribute@usersAccessor@@AAE?AVQString@@ABV2@0@Z 10011890 f   usersAccessor.obj
 0001:00010ae0       ?deleteItem@panelsetsAccessor@@QAE_NABVQString@@ABVpanelsetItem@@H@Z 10011ae0 f   panelsetsAccessor.obj
 0001:00010ec0       ?deletePanelset@panelsetsAccessor@@QAE_NABVQString@@@Z 10011ec0 f   panelsetsAccessor.obj
 0001:000112b0       ?demoteItem@panelsetsAccessor@@QAE_NABVQString@@ABVpanelsetItem@@H_N@Z 100122b0 f   panelsetsAccessor.obj
 0001:00011700       ?insert@?$QValueListPrivate@VpanelsetItem@@@@QAE?AV?$QValueListIterator@VpanelsetItem@@@@V2@ABVpanelsetItem@@@Z 10012700 f i panelsetsAccessor.obj
 0001:000117c0       ?insertItem@panelsetsAccessor@@QAE_NABVQString@@ABVpanelsetItem@@H@Z 100127c0 f   panelsetsAccessor.obj
 0001:00011b00       ?isDirty@panelsetsAccessor@@QAE_NXZ 10012b00 f   panelsetsAccessor.obj
 0001:00011b70       ?item@panelsetsAccessor@@QAE_NABVQString@@AAV2@AAV?$QValueList@VpanelsetItem@@@@AAH@Z 10012b70 f   panelsetsAccessor.obj
 0001:00011f10       ?itemPos@panelsetsAccessor@@QAEHABVQString@@ABVpanelsetItem@@@Z 10012f10 f   panelsetsAccessor.obj
 0001:00012260       ?load@panelsetsAccessor@@SAPAV1@XZ 10013260 f i panelsetsAccessor.obj
 0001:000122e0       ?lock@workstationSettingsAccessor@@QAEXXZ 100132e0 f   workstationSettingsAccessor.obj
 0001:000122e0       ?lock@usersAccessor@@QAEXXZ 100132e0 f   usersAccessor.obj
 0001:000122e0       ?lock@panelsetsAccessor@@QAEXXZ 100132e0 f   panelsetsAccessor.obj
 0001:000122e0       ?lock@applicationsAccessor@@QAEXXZ 100132e0 f   applicationsAccessor.obj
 0001:000122e0       ?lock@workstationsAccessor@@QAEXXZ 100132e0 f   workstationsAccessor.obj
 0001:000122e0       ?lock@launchAccessor@@QAEXXZ 100132e0 f   launchAccessor.obj
 0001:000122f0       ?metaObject@panelsetsAccessor@@UBEPAVQMetaObject@@XZ 100132f0 f i panelsetsAccessor.obj
 0001:00012300       ?nextItem@panelsetsAccessor@@QAE_NAAVQString@@0AAV?$QValueList@VpanelsetItem@@@@@Z 10013300 f   panelsetsAccessor.obj
 0001:00012660       ?promoteItem@panelsetsAccessor@@QAE_NABVQString@@ABVpanelsetItem@@H@Z 10013660 f   panelsetsAccessor.obj
 0001:00012680       ?renamePanelset@panelsetsAccessor@@QAE_NABVQString@@0@Z 10013680 f   panelsetsAccessor.obj
 0001:00012830       ?setAttribute@panelsetsAccessor@@AAE_NABVQString@@00@Z 10013830 f   panelsetsAccessor.obj
 0001:00012830       ?setAttribute@workstationSettingsAccessor@@AAE_NABVQString@@00@Z 10013830 f   workstationSettingsAccessor.obj
 0001:000129a0       ?setDirty@panelsetsAccessor@@AAEXXZ 100139a0 f   panelsetsAccessor.obj
 0001:00012a60       ?unload@panelsetsAccessor@@SA_NXZ 10013a60 f i panelsetsAccessor.obj
 0001:00012aa0       ??0usersAccessor@@QAE@ABV0@@Z 10013aa0 f i usersAccessor.obj
 0001:00012ae0       ??0usersAccessor@@QAE@XZ   10013ae0 f   usersAccessor.obj
 0001:00012bf0       ??1usersAccessor@@UAE@XZ   10013bf0 f   usersAccessor.obj
 0001:00012c60       ??_EusersAccessor@@UAEPAXI@Z 10013c60 f i usersAccessor.obj
 0001:00012cc0       ?engset@usersAccessor@@QAE?AVQString@@ABV2@@Z 10013cc0 f   usersAccessor.obj
 0001:00012d40       ?isDirty@usersAccessor@@QAE_NXZ 10013d40 f   usersAccessor.obj
 0001:00012db0       ?load@usersAccessor@@SAPAV1@XZ 10013db0 f i usersAccessor.obj
 0001:00012e30       ?metaObject@usersAccessor@@UBEPAVQMetaObject@@XZ 10013e30 f i usersAccessor.obj
 0001:00012e40       ?nextItem@usersAccessor@@QAE_NAAVQString@@00@Z 10013e40 f   usersAccessor.obj
 0001:00012ff0       ?panelset@usersAccessor@@QAE?AVQString@@ABV2@@Z 10013ff0 f   usersAccessor.obj
 0001:00013070       ?setAttribute@usersAccessor@@AAE_NABVQString@@00@Z 10014070 f   usersAccessor.obj
 0001:000131f0       ?setDirty@usersAccessor@@AAEXXZ 100141f0 f   usersAccessor.obj
 0001:000132b0       ?setEngset@usersAccessor@@QAE_NABVQString@@0@Z 100142b0 f   usersAccessor.obj
 0001:00013350       ?setPanelset@usersAccessor@@QAE_NABVQString@@0@Z 10014350 f   usersAccessor.obj
 0001:000133f0       ?unload@usersAccessor@@SA_NXZ 100143f0 f i usersAccessor.obj
 0001:00013430       ??0workstationsAccessor@@QAE@ABV0@@Z 10014430 f i workstationsAccessor.obj
 0001:00013470       ??0workstationsAccessor@@QAE@XZ 10014470 f   workstationsAccessor.obj
 0001:00013580       ??1workstationsAccessor@@UAE@XZ 10014580 f   workstationsAccessor.obj
 0001:000135f0       ??_EworkstationsAccessor@@UAEPAXI@Z 100145f0 f i workstationsAccessor.obj
 0001:00013650       ?addWorkstation@workstationsAccessor@@QAE_NABVQString@@00@Z 10014650 f   workstationsAccessor.obj
 0001:000137d0       ?deleteWorkstation@workstationsAccessor@@QAE_NABVQString@@@Z 100147d0 f   workstationsAccessor.obj
 0001:00013960       ?isDirty@workstationsAccessor@@QAE_NXZ 10014960 f   workstationsAccessor.obj
 0001:000139d0       ?item@workstationsAccessor@@QAE_NABVQString@@AAV2@1@Z 100149d0 f   workstationsAccessor.obj
 0001:00013bd0       ?load@workstationsAccessor@@SAPAV1@XZ 10014bd0 f i workstationsAccessor.obj
 0001:00013c50       ?metaObject@workstationsAccessor@@UBEPAVQMetaObject@@XZ 10014c50 f i workstationsAccessor.obj
 0001:00013c60       ?name@workstationsAccessor@@QAE?AVQString@@ABV2@@Z 10014c60 f   workstationsAccessor.obj
 0001:00013ce0       ?nextItem@workstationsAccessor@@QAE_NAAVQString@@00@Z 10014ce0 f   workstationsAccessor.obj
 0001:00013e90       ?rename@workstationsAccessor@@QAE_NABVQString@@V2@@Z 10014e90 f   workstationsAccessor.obj
 0001:00013e90       ?rename@applicationsAccessor@@QAE_NABVQString@@V2@@Z 10014e90 f   applicationsAccessor.obj
 0001:00013f00       ?setAttribute@workstationsAccessor@@AAE_NABVQString@@00@Z 10014f00 f   workstationsAccessor.obj
 0001:00014080       ?setDirty@workstationsAccessor@@AAEXXZ 10015080 f   workstationsAccessor.obj
 0001:00014140       ?setName@workstationsAccessor@@QAE_NABVQString@@0@Z 10015140 f   workstationsAccessor.obj
 0001:000141e0       ?setUser@workstationsAccessor@@QAE_NABVQString@@0@Z 100151e0 f   workstationsAccessor.obj
 0001:00014280       ?unload@workstationsAccessor@@SA_NXZ 10015280 f i workstationsAccessor.obj
 0001:000142c0       ?user@workstationsAccessor@@QAE?AVQString@@ABV2@@Z 100152c0 f   workstationsAccessor.obj
 0001:00014340       ?version@applicationsAccessor@@QAENXZ 10015340 f   applicationsAccessor.obj
 0001:00014340       ?version@workstationsAccessor@@QAENXZ 10015340 f   workstationsAccessor.obj
 0001:00014340       ?version@launchAccessor@@QAENXZ 10015340 f   launchAccessor.obj
 0001:00014340       ?version@workstationSettingsAccessor@@QAENXZ 10015340 f   workstationSettingsAccessor.obj
 0001:00014340       ?version@panelsetsAccessor@@QAENXZ 10015340 f   panelsetsAccessor.obj
 0001:00014340       ?version@usersAccessor@@QAENXZ 10015340 f   usersAccessor.obj
 0001:00014410       ??0?$QValueListPrivate@VworkstationSettingsItem@@@@QAE@ABV0@@Z 10015410 f i workstationSettingsAccessor.obj
 0001:00014510       ??0?$QValueListPrivate@VworkstationSettingsItem@@@@QAE@XZ 10015510 f i workstationSettingsAccessor.obj
 0001:000145e0       ??0workstationSettingsAccessor@@QAE@ABV0@@Z 100155e0 f i workstationSettingsAccessor.obj
 0001:00014620       ??0workstationSettingsAccessor@@QAE@XZ 10015620 f   workstationSettingsAccessor.obj
 0001:00014730       ??0workstationSettingsItem@@QAE@ABV0@@Z 10015730 f i workstationSettingsAccessor.obj
 0001:00014790       ??0workstationSettingsItem@@QAE@ABVQString@@0@Z 10015790 f i workstationSettingsAccessor.obj
 0001:00014800       ??1workstationSettingsAccessor@@UAE@XZ 10015800 f   workstationSettingsAccessor.obj
 0001:00014870       ??1workstationSettingsItem@@QAE@XZ 10015870 f i workstationSettingsAccessor.obj
 0001:000148d0       ??4workstationSettingsItem@@QAEAAV0@ABV0@@Z 100158d0 f i workstationSettingsAccessor.obj
 0001:00014900       ??_EworkstationSettingsAccessor@@UAEPAXI@Z 10015900 f i workstationSettingsAccessor.obj
 0001:00014960       ??_FworkstationSettingsItem@@QAEXXZ 10015960 f i workstationSettingsAccessor.obj
 0001:000149d0       ??_E?$QValueListNode@VworkstationSettingsItem@@@@UAEPAXI@Z 100159d0 f i workstationSettingsAccessor.obj
 0001:000149d0       ??_G?$QValueListNode@VworkstationSettingsItem@@@@UAEPAXI@Z 100159d0 f i workstationSettingsAccessor.obj
 0001:00014a50       ??_G?$QValueListPrivate@VworkstationSettingsItem@@@@UAEPAXI@Z 10015a50 f i workstationSettingsAccessor.obj
 0001:00014a50       ??_E?$QValueListPrivate@VworkstationSettingsItem@@@@UAEPAXI@Z 10015a50 f i workstationSettingsAccessor.obj
 0001:00014aa0       ?addWorkstation@workstationSettingsAccessor@@QAE_NABVQString@@ABV?$QValueList@VworkstationSettingsItem@@@@@Z 10015aa0 f   workstationSettingsAccessor.obj
 0001:00014e00       ?append@?$QValueList@VworkstationSettingsItem@@@@QAE?AV?$QValueListIterator@VworkstationSettingsItem@@@@ABVworkstationSettingsItem@@@Z 10015e00 f i workstationSettingsAccessor.obj
 0001:00014ed0       ?deleteItem@workstationSettingsAccessor@@QAE_NABVQString@@ABVworkstationSettingsItem@@@Z 10015ed0 f   workstationSettingsAccessor.obj
 0001:00015160       ?deleteWorkstation@workstationSettingsAccessor@@QAE_NABVQString@@@Z 10016160 f   workstationSettingsAccessor.obj
 0001:000154b0       ?exists@workstationSettingsAccessor@@QAE_NABVQString@@0@Z 100164b0 f   workstationSettingsAccessor.obj
 0001:00015720       ?insert@?$QValueListPrivate@VworkstationSettingsItem@@@@QAE?AV?$QValueListIterator@VworkstationSettingsItem@@@@V2@ABVworkstationSettingsItem@@@Z 10016720 f i workstationSettingsAccessor.obj
 0001:000157d0       ?insertItem@workstationSettingsAccessor@@QAE_NABVQString@@ABVworkstationSettingsItem@@@Z 100167d0 f   workstationSettingsAccessor.obj
 0001:00015a10       ?isDirty@workstationSettingsAccessor@@QAE_NXZ 10016a10 f   workstationSettingsAccessor.obj
 0001:00015a80       ?item@workstationSettingsAccessor@@QAE_NABVQString@@AAV?$QValueList@VworkstationSettingsItem@@@@@Z 10016a80 f   workstationSettingsAccessor.obj
 0001:00015d60       ?load@workstationSettingsAccessor@@SAPAV1@XZ 10016d60 f i workstationSettingsAccessor.obj
 0001:00015de0       ?metaObject@workstationSettingsAccessor@@UBEPAVQMetaObject@@XZ 10016de0 f i workstationSettingsAccessor.obj
 0001:00015df0       ?nextItem@workstationSettingsAccessor@@QAE_NAAVQString@@AAV?$QValueList@VworkstationSettingsItem@@@@@Z 10016df0 f   workstationSettingsAccessor.obj
 0001:00016080       ?renameWorkstation@workstationSettingsAccessor@@QAE_NABVQString@@0@Z 10017080 f   workstationSettingsAccessor.obj
 0001:00016230       ?setDirty@workstationSettingsAccessor@@AAEXXZ 10017230 f   workstationSettingsAccessor.obj
 0001:000162f0       ?setFirst@launchAccessor@@QAE_NXZ 100172f0 f   launchAccessor.obj
 0001:000162f0       ?setFirst@applicationsAccessor@@QAE_NXZ 100172f0 f   applicationsAccessor.obj
 0001:000162f0       ?setFirst@usersAccessor@@QAE_NXZ 100172f0 f   usersAccessor.obj
 0001:000162f0       ?setFirst@panelsetsAccessor@@QAE_NXZ 100172f0 f   panelsetsAccessor.obj
 0001:000162f0       ?setFirst@workstationsAccessor@@QAE_NXZ 100172f0 f   workstationsAccessor.obj
 0001:000162f0       ?setFirst@workstationSettingsAccessor@@QAE_NXZ 100172f0 f   workstationSettingsAccessor.obj
 0001:00016380       ?setUndo@panelsetsAccessor@@QAEX_N@Z 10017380 f   panelsetsAccessor.obj
 0001:00016380       ?setUndo@workstationsAccessor@@QAEX_N@Z 10017380 f   workstationsAccessor.obj
 0001:00016380       ?setUndo@applicationsAccessor@@QAEX_N@Z 10017380 f   applicationsAccessor.obj
 0001:00016380       ?setUndo@launchAccessor@@QAEX_N@Z 10017380 f   launchAccessor.obj
 0001:00016380       ?setUndo@workstationSettingsAccessor@@QAEX_N@Z 10017380 f   workstationSettingsAccessor.obj
 0001:00016380       ?setUndo@usersAccessor@@QAEX_N@Z 10017380 f   usersAccessor.obj
 0001:00016390       ?setValue@workstationSettingsAccessor@@QAE_NABVQString@@00@Z 10017390 f   workstationSettingsAccessor.obj
 0001:00016640       ?unload@workstationSettingsAccessor@@SA_NXZ 10017640 f i workstationSettingsAccessor.obj
 0001:00016680       ?unlock@launchAccessor@@QAEXXZ 10017680 f   launchAccessor.obj
 0001:00016680       ?unlock@workstationsAccessor@@QAEXXZ 10017680 f   workstationsAccessor.obj
 0001:00016680       ?unlock@applicationsAccessor@@QAEXXZ 10017680 f   applicationsAccessor.obj
 0001:00016680       ?unlock@panelsetsAccessor@@QAEXXZ 10017680 f   panelsetsAccessor.obj
 0001:00016680       ?unlock@workstationSettingsAccessor@@QAEXXZ 10017680 f   workstationSettingsAccessor.obj
 0001:00016680       ?unlock@usersAccessor@@QAEXXZ 10017680 f   usersAccessor.obj
 0001:00016690       ?value@workstationSettingsAccessor@@QAE?AVQString@@ABV2@0@Z 10017690 f   workstationSettingsAccessor.obj
 0001:00016970       ?captionChanged@applicationsAccessor@@IAEXABVQString@@0@Z 10017970 f   moc_applicationsAccessor.obj
 0001:00016a50       ?className@applicationsAccessor@@UBEPBDXZ 10017a50 f   moc_applicationsAccessor.obj
 0001:00016a60       ?dirty@applicationsAccessor@@IAEX_N@Z 10017a60 f   moc_applicationsAccessor.obj
 0001:00016a90       ?iconChanged@applicationsAccessor@@IAEXABVQString@@0@Z 10017a90 f   moc_applicationsAccessor.obj
 0001:00016b80       ?itemAdded@applicationsAccessor@@IAEXABVQString@@0000@Z 10017b80 f   moc_applicationsAccessor.obj
 0001:00016cd0       ?itemDeleted@applicationsAccessor@@IAEXABVQString@@@Z 10017cd0 f   moc_applicationsAccessor.obj
 0001:00016d40       ?itemRenamed@applicationsAccessor@@IAEXABVQString@@0@Z 10017d40 f   moc_applicationsAccessor.obj
 0001:00016e30       ?qt_cast@applicationsAccessor@@UAEPAXPBD@Z 10017e30 f   moc_applicationsAccessor.obj
 0001:00016e90       ?qt_emit@applicationsAccessor@@UAE_NHPAUQUObject@@@Z 10017e90 f   moc_applicationsAccessor.obj
 0001:00016fb0       ?staticMetaObject@applicationsAccessor@@SAPAVQMetaObject@@XZ 10017fb0 f   moc_applicationsAccessor.obj
 0001:000172b0       ?titleChanged@applicationsAccessor@@IAEXABVQString@@0@Z 100182b0 f   moc_applicationsAccessor.obj
 0001:000173a0       ?tr@applicationsAccessor@@SA?AVQString@@PBD0@Z 100183a0 f   moc_applicationsAccessor.obj
 0001:000173f0       ?trUtf8@applicationsAccessor@@SA?AVQString@@PBD0@Z 100183f0 f   moc_applicationsAccessor.obj
 0001:00017440       ?typeChanged@applicationsAccessor@@IAEXABVQString@@0@Z 10018440 f   moc_applicationsAccessor.obj
[...]
 0002:0000d624       $N00443                    1002e624     bncs_config.exp
 0002:0000d65b       $N00444                    1002e65b     bncs_config.exp
 0002:0000d695       $N00445                    1002e695     bncs_config.exp
 0002:0000d6cb       $N00446                    1002e6cb     bncs_config.exp
 0002:0000d6fb       $N00447                    1002e6fb     bncs_config.exp
 0002:0000d72e       $N00448                    1002e72e     bncs_config.exp
 0002:0000d76b       $N00449                    1002e76b     bncs_config.exp
 0002:0000d7a1       $N00450                    1002e7a1     bncs_config.exp
 0002:0000d7d1       $N00451                    1002e7d1     bncs_config.exp
 0002:0000d7f8       $N00452                    1002e7f8     bncs_config.exp
 0002:0000d819       $N00453                    1002e819     bncs_config.exp
 0002:0000d83d       $N00454                    1002e83d     bncs_config.exp
 0002:0000d85d       $N00455                    1002e85d     bncs_config.exp
 0002:0000d88b       $N00456                    1002e88b     bncs_config.exp
 0002:0000d8b2       $N00457                    1002e8b2     bncs_config.exp
 0002:0000d8e1       $N00458                    1002e8e1     bncs_config.exp
 0002:0000d90c       $N00459                    1002e90c     bncs_config.exp
 0002:0000d934       $N00460                    1002e934     bncs_config.exp
 0002:0000d956       $N00461                    1002e956     bncs_config.exp
 0002:0000d97b       $N00462                    1002e97b     bncs_config.exp
 0002:0000d99c       $N00463                    1002e99c     bncs_config.exp
 0002:0000d9cb       $N00464                    1002e9cb     bncs_config.exp
 0002:0000d9f3       $N00465                    1002e9f3     bncs_config.exp
 0002:0000da27       $N00466                    1002ea27     bncs_config.exp
 0002:0000da5b       $N00467                    1002ea5b     bncs_config.exp
 0002:0000da8c       $N00468                    1002ea8c     bncs_config.exp
 0002:0000daba       $N00469                    1002eaba     bncs_config.exp
 0002:0000dae9       $N00470                    1002eae9     bncs_config.exp
 0002:0000db1e       $N00471                    1002eb1e     bncs_config.exp
 0002:0000db52       $N00472                    1002eb52     bncs_config.exp
 0002:0000db7a       $N00473                    1002eb7a     bncs_config.exp
 0002:0000db9c       $N00474                    1002eb9c     bncs_config.exp
 0002:0000dbc1       $N00475                    1002ebc1     bncs_config.exp
 0002:0000dbe2       $N00476                    1002ebe2     bncs_config.exp
 0002:0000dc11       $N00477                    1002ec11     bncs_config.exp
 0002:0000dc39       $N00478                    1002ec39     bncs_config.exp
 0002:0000dc6d       $N00479                    1002ec6d     bncs_config.exp
 0002:0000dcaa       $N00480                    1002ecaa     bncs_config.exp
 0002:0000dcd4       $N00481                    1002ecd4     bncs_config.exp
 0002:0000dcf8       $N00482                    1002ecf8     bncs_config.exp
 0002:0000dd1f       $N00483                    1002ed1f     bncs_config.exp
 0002:0000dd42       $N00484                    1002ed42     bncs_config.exp
 0002:0000dd73       $N00485                    1002ed73     bncs_config.exp
 0002:0000dd9d       $N00486                    1002ed9d     bncs_config.exp
 0002:0000ddd2       $N00487                    1002edd2     bncs_config.exp
 0002:0000de04       $N00488                    1002ee04     bncs_config.exp
 0002:0000de33       $N00489                    1002ee33     bncs_config.exp
 0002:0000de61       $N00490                    1002ee61     bncs_config.exp
 0002:0000de92       $N00491                    1002ee92     bncs_config.exp
 0002:0000dec1       $N00492                    1002eec1     bncs_config.exp
 0002:0000deed       $N00493                    1002eeed     bncs_config.exp
 0002:0000df2a       $N00494                    1002ef2a     bncs_config.exp
 0002:0000df61       $N00495                    1002ef61     bncs_config.exp
 0002:0000df9b       $N00496                    1002ef9b     bncs_config.exp
 0002:0000dfd1       $N00497                    1002efd1     bncs_config.exp
 0002:0000e015       $N00498                    1002f015     bncs_config.exp
 0002:0000e052       $N00499                    1002f052     bncs_config.exp
 0002:0000e07a       $N00500                    1002f07a     bncs_config.exp
 0002:0000e0ae       $N00501                    1002f0ae     bncs_config.exp
 0002:0000e0e6       $N00502                    1002f0e6     bncs_config.exp
 0002:0000e115       $N00503                    1002f115     bncs_config.exp
 0002:0000e13e       $N00504                    1002f13e     bncs_config.exp
 0002:0000e16a       $N00505                    1002f16a     bncs_config.exp
 0002:0000e192       $N00506                    1002f192     bncs_config.exp
 0002:0000e1c8       $N00507                    1002f1c8     bncs_config.exp
 0002:0000e1f7       $N00508                    1002f1f7     bncs_config.exp
 0002:0000e22a       $N00509                    1002f22a     bncs_config.exp
 0002:0000e257       $N00510                    1002f257     bncs_config.exp
 0002:0000e287       $N00511                    1002f287     bncs_config.exp
 0002:0000e2b3       $N00512                    1002f2b3     bncs_config.exp
 0002:0000e2ed       $N00513                    1002f2ed     bncs_config.exp
 0002:0000e320       $N00514                    1002f320     bncs_config.exp
 0002:0000e353       $N00515                    1002f353     bncs_config.exp
 0002:0000e38a       $N00516                    1002f38a     bncs_config.exp
 0002:0000e3af       $N00517                    1002f3af     bncs_config.exp
 0002:0000e3ce       $N00518                    1002f3ce     bncs_config.exp
 0002:0000e3f0       $N00519                    1002f3f0     bncs_config.exp
 0002:0000e40e       $N00520                    1002f40e     bncs_config.exp
 0002:0000e43a       $N00521                    1002f43a     bncs_config.exp
 0002:0000e45f       $N00522                    1002f45f     bncs_config.exp
 0002:0000e484       $N00523                    1002f484     bncs_config.exp
 0002:0000e4a3       $N00524                    1002f4a3     bncs_config.exp
 0002:0000e4c5       $N00525                    1002f4c5     bncs_config.exp
 0002:0000e4e3       $N00526                    1002f4e3     bncs_config.exp
 0002:0000e50f       $N00527                    1002f50f     bncs_config.exp
 0002:0000e534       $N00528                    1002f534     bncs_config.exp
 0002:0000e567       $N00529                    1002f567     bncs_config.exp
 0002:0000e59e       $N00530                    1002f59e     bncs_config.exp
 0002:0000e5bf       $N00531                    1002f5bf     bncs_config.exp
 0002:0000e5fb       $N00532                    1002f5fb     bncs_config.exp
 0002:0000e652       $N00533                    1002f652     bncs_config.exp
 0002:0000e6a3       $N00534                    1002f6a3     bncs_config.exp
 0002:0000e6f2       $N00535                    1002f6f2     bncs_config.exp
 0002:0000e747       $N00536                    1002f747     bncs_config.exp
 0002:0000e798       $N00537                    1002f798     bncs_config.exp
 0002:0000e7e3       $N00538                    1002f7e3     bncs_config.exp
 0002:0000e809       $N00539                    1002f809     bncs_config.exp
 0002:0000e829       $N00540                    1002f829     bncs_config.exp
 0002:0000e84c       $N00541                    1002f84c     bncs_config.exp
 0002:0000e86b       $N00542                    1002f86b     bncs_config.exp
 0002:0000e898       $N00543                    1002f898     bncs_config.exp
 0002:0000e8be       $N00544                    1002f8be     bncs_config.exp
 0002:0000e8f2       $N00545                    1002f8f2     bncs_config.exp
 0002:0000e92a       $N00546                    1002f92a     bncs_config.exp
 0002:0000e998       $N00547                    1002f998     bncs_config.exp
 0002:0000ea08       $N00548                    1002fa08     bncs_config.exp
 0002:0000ea4d       $N00549                    1002fa4d     bncs_config.exp
 0002:0000ea8a       $N00550                    1002fa8a     bncs_config.exp
 0002:0000eab9       $N00551                    1002fab9     bncs_config.exp
 0002:0000eac8       $N00552                    1002fac8     bncs_config.exp
 0002:0000eae0       $N00553                    1002fae0     bncs_config.exp
 0002:000104ee       .idata$6                   100314ee     qt-mt323:qt-mt323.dll
 0002:0001056e       .idata$6                   1003156e     bncs_string:bncs_string.dll
 0002:000108c0       .idata$6                   100318c0     bncs_cachedData:bncs_cachedData.dll
 0002:0001096e       .idata$6                   1003196e     msvcprt:MSVCP120.dll
 0002:00010a16       .idata$6                   10031a16     MSVCRT:MSVCR120.dll
 0002:00010c16       .idata$6                   10031c16     kernel32:KERNEL32.dll
 0003:0000000c       ?param_signal_0@?3??staticMetaObject@applicationsAccessor@@SAPAVQMetaObject@@XZ@4QBUQUParameter@@B 1003200c     moc_applicationsAccessor.obj
 0003:0000002c       ?param_signal_1@?3??staticMetaObject@applicationsAccessor@@SAPAVQMetaObject@@XZ@4QBUQUParameter@@B 1003202c     moc_applicationsAccessor.obj
 0003:0000004c       ?param_signal_2@?3??staticMetaObject@applicationsAccessor@@SAPAVQMetaObject@@XZ@4QBUQUParameter@@B 1003204c     moc_applicationsAccessor.obj
 0003:0000006c       ?param_signal_3@?3??staticMetaObject@applicationsAccessor@@SAPAVQMetaObject@@XZ@4QBUQUParameter@@B 1003206c     moc_applicationsAccessor.obj
 0003:00000090       ?param_signal_4@?3??staticMetaObject@applicationsAccessor@@SAPAVQMetaObject@@XZ@4QBUQUParameter@@B 10032090     moc_applicationsAccessor.obj
 0003:000000e0       ?param_signal_5@?3??staticMetaObject@applicationsAccessor@@SAPAVQMetaObject@@XZ@4QBUQUParameter@@B 100320e0     moc_applicationsAccessor.obj
 0003:000000f0       ?param_signal_6@?3??staticMetaObject@applicationsAccessor@@SAPAVQMetaObject@@XZ@4QBUQUParameter@@B 100320f0     moc_applicationsAccessor.obj
 0003:00000110       ?param_signal_0@?3??staticMetaObject@launchAccessor@@SAPAVQMetaObject@@XZ@4QBUQUParameter@@B 10032110     moc_launchAccessor.obj
 0003:00000150       ?param_signal_1@?3??staticMetaObject@launchAccessor@@SAPAVQMetaObject@@XZ@4QBUQUParameter@@B 10032150     moc_launchAccessor.obj
 0003:00000170       ?param_signal_2@?3??staticMetaObject@launchAccessor@@SAPAVQMetaObject@@XZ@4QBUQUParameter@@B 10032170     moc_launchAccessor.obj
 0003:000001b0       ?param_signal_3@?3??staticMetaObject@launchAccessor@@SAPAVQMetaObject@@XZ@4QBUQUParameter@@B 100321b0     moc_launchAccessor.obj
 0003:000001e0       ?param_signal_4@?3??staticMetaObject@launchAccessor@@SAPAVQMetaObject@@XZ@4QBUQUParameter@@B 100321e0     moc_launchAccessor.obj
 0003:00000210       ?param_signal_5@?3??staticMetaObject@launchAccessor@@SAPAVQMetaObject@@XZ@4QBUQUParameter@@B 10032210     moc_launchAccessor.obj
 0003:00000230       ?param_signal_6@?3??staticMetaObject@launchAccessor@@SAPAVQMetaObject@@XZ@4QBUQUParameter@@B 10032230     moc_launchAccessor.obj
 0003:00000250       ?param_signal_8@?3??staticMetaObject@launchAccessor@@SAPAVQMetaObject@@XZ@4QBUQUParameter@@B 10032250     moc_launchAccessor.obj
 0003:00000270       ?param_signal_9@?3??staticMetaObject@launchAccessor@@SAPAVQMetaObject@@XZ@4QBUQUParameter@@B 10032270     moc_launchAccessor.obj
 0003:00000290       ?param_signal_10@?3??staticMetaObject@launchAccessor@@SAPAVQMetaObject@@XZ@4QBUQUParameter@@B 10032290     moc_launchAccessor.obj
 0003:000002c0       ?param_signal_11@?3??staticMetaObject@launchAccessor@@SAPAVQMetaObject@@XZ@4QBUQUParameter@@B 100322c0     moc_launchAccessor.obj
 0003:000002f0       ?param_signal_12@?3??staticMetaObject@launchAccessor@@SAPAVQMetaObject@@XZ@4QBUQUParameter@@B 100322f0     moc_launchAccessor.obj
 0003:00000320       ?param_signal_13@?3??staticMetaObject@launchAccessor@@SAPAVQMetaObject@@XZ@4QBUQUParameter@@B 10032320     moc_launchAccessor.obj
 0003:00000350       ?param_signal_0@?3??staticMetaObject@panelsetsAccessor@@SAPAVQMetaObject@@XZ@4QBUQUParameter@@B 10032350     moc_panelsetsAccessor.obj
 0003:00000380       ?param_signal_1@?3??staticMetaObject@panelsetsAccessor@@SAPAVQMetaObject@@XZ@4QBUQUParameter@@B 10032380     moc_panelsetsAccessor.obj
 0003:000003a0       ?param_signal_2@?3??staticMetaObject@panelsetsAccessor@@SAPAVQMetaObject@@XZ@4QBUQUParameter@@B 100323a0     moc_panelsetsAccessor.obj
 0003:000003d0       ?param_signal_3@?3??staticMetaObject@panelsetsAccessor@@SAPAVQMetaObject@@XZ@4QBUQUParameter@@B 100323d0     moc_panelsetsAccessor.obj
 0003:00000400       ?param_signal_4@?3??staticMetaObject@panelsetsAccessor@@SAPAVQMetaObject@@XZ@4QBUQUParameter@@B 10032400     moc_panelsetsAccessor.obj
 0003:00000430       ?param_signal_5@?3??staticMetaObject@panelsetsAccessor@@SAPAVQMetaObject@@XZ@4QBUQUParameter@@B 10032430     moc_panelsetsAccessor.obj
 0003:00000460       ?param_signal_6@?3??staticMetaObject@panelsetsAccessor@@SAPAVQMetaObject@@XZ@4QBUQUParameter@@B 10032460     moc_panelsetsAccessor.obj
 0003:00000490       ?param_signal_0@?3??staticMetaObject@usersAccessor@@SAPAVQMetaObject@@XZ@4QBUQUParameter@@B 10032490     moc_usersAccessor.obj
 0003:000004b0       ?param_signal_1@?3??staticMetaObject@usersAccessor@@SAPAVQMetaObject@@XZ@4QBUQUParameter@@B 100324b0     moc_usersAccessor.obj
 0003:000004d0       ?param_signal_2@?3??staticMetaObject@usersAccessor@@SAPAVQMetaObject@@XZ@4QBUQUParameter@@B 100324d0     moc_usersAccessor.obj
 0003:00000500       ?param_signal_3@?3??staticMetaObject@usersAccessor@@SAPAVQMetaObject@@XZ@4QBUQUParameter@@B 10032500     moc_usersAccessor.obj
 0003:00000510       ?param_signal_4@?3??staticMetaObject@usersAccessor@@SAPAVQMetaObject@@XZ@4QBUQUParameter@@B 10032510     moc_usersAccessor.obj
 0003:00000530       ?param_signal_0@?3??staticMetaObject@workstationsAccessor@@SAPAVQMetaObject@@XZ@4QBUQUParameter@@B 10032530     moc_workstationsAccessor.obj
 0003:00000550       ?param_signal_1@?3??staticMetaObject@workstationsAccessor@@SAPAVQMetaObject@@XZ@4QBUQUParameter@@B 10032550     moc_workstationsAccessor.obj
 0003:00000570       ?param_signal_2@?3??staticMetaObject@workstationsAccessor@@SAPAVQMetaObject@@XZ@4QBUQUParameter@@B 10032570     moc_workstationsAccessor.obj
 0003:000005a0       ?param_signal_3@?3??staticMetaObject@workstationsAccessor@@SAPAVQMetaObject@@XZ@4QBUQUParameter@@B 100325a0     moc_workstationsAccessor.obj
 0003:000005b0       ?param_signal_4@?3??staticMetaObject@workstationsAccessor@@SAPAVQMetaObject@@XZ@4QBUQUParameter@@B 100325b0     moc_workstationsAccessor.obj
 0003:000005d0       ?param_signal_0@?3??staticMetaObject@workstationSettingsAccessor@@SAPAVQMetaObject@@XZ@4QBUQUParameter@@B 100325d0     moc_workstationSettingsAccessor.obj
 0003:000005f0       ?param_signal_1@?3??staticMetaObject@workstationSettingsAccessor@@SAPAVQMetaObject@@XZ@4QBUQUParameter@@B 100325f0     moc_workstationSettingsAccessor.obj
 0003:00000610       ?param_signal_2@?3??staticMetaObject@workstationSettingsAccessor@@SAPAVQMetaObject@@XZ@4QBUQUParameter@@B 10032610     moc_workstationSettingsAccessor.obj
 0003:00000630       ?param_signal_3@?3??staticMetaObject@workstationSettingsAccessor@@SAPAVQMetaObject@@XZ@4QBUQUParameter@@B 10032630     moc_workstationSettingsAccessor.obj
 0003:00000650       ?param_signal_4@?3??staticMetaObject@workstationSettingsAccessor@@SAPAVQMetaObject@@XZ@4QBUQUParameter@@B 10032650     moc_workstationSettingsAccessor.obj
 0003:00001008       _allocator_arg             10033008     applicationsAccessor.obj
 0003:00001009       _piecewise_construct       10033009     applicationsAccessor.obj
 0003:00001014       __Tuple_alloc              10033014     bncs_config.obj
 0003:00001015       _ignore                    10033015     bncs_config.obj
 0003:00001016       _allocator_arg             10033016     bncs_config.obj
 0003:00001017       _piecewise_construct       10033017     bncs_config.obj
 0003:00001028       _allocator_arg             10033028     instanceLookup.obj
 0003:00001029       _piecewise_construct       10033029     instanceLookup.obj
 0003:00001034       _allocator_arg             10033034     launchAccessor.obj
 0003:00001035       _piecewise_construct       10033035     launchAccessor.obj
 0003:00001040       _allocator_arg             10033040     panelsetsAccessor.obj
 0003:00001041       _piecewise_construct       10033041     panelsetsAccessor.obj
 0003:0000104c       _allocator_arg             1003304c     usersAccessor.obj
 0003:0000104d       _piecewise_construct       1003304d     usersAccessor.obj
 0003:00001058       _allocator_arg             10033058     workstationsAccessor.obj
 0003:00001059       _piecewise_construct       10033059     workstationsAccessor.obj
 0003:00001064       _allocator_arg             10033064     workstationSettingsAccessor.obj
 0003:00001065       _piecewise_construct       10033065     workstationSettingsAccessor.obj
 0003:0000106c       _cleanUp_applicationsAccessor 1003306c     moc_applicationsAccessor.obj
 0003:00001070       ?$S1@?3??staticMetaObject@applicationsAccessor@@SAPAVQMetaObject@@XZ@4IA 10033070     moc_applicationsAccessor.obj
 0003:00001074       ?param_signal_7@?3??staticMetaObject@applicationsAccessor@@SAPAVQMetaObject@@XZ@4QBUQUParameter@@B 10033074     moc_applicationsAccessor.obj
 0003:00001088       _cleanUp_launchAccessor    10033088     moc_launchAccessor.obj
 0003:0000108c       ?$S1@?3??staticMetaObject@launchAccessor@@SAPAVQMetaObject@@XZ@4IA 1003308c     moc_launchAccessor.obj
 0003:00001090       ?param_signal_7@?3??staticMetaObject@launchAccessor@@SAPAVQMetaObject@@XZ@4QBUQUParameter@@B 10033090     moc_launchAccessor.obj
 0003:000010a4       _cleanUp_panelsetsAccessor 100330a4     moc_panelsetsAccessor.obj
 0003:000010a8       ?$S1@?3??staticMetaObject@panelsetsAccessor@@SAPAVQMetaObject@@XZ@4IA 100330a8     moc_panelsetsAccessor.obj
 0003:000010ac       ?param_signal_7@?3??staticMetaObject@panelsetsAccessor@@SAPAVQMetaObject@@XZ@4QBUQUParameter@@B 100330ac     moc_panelsetsAccessor.obj
 0003:000010c0       _cleanUp_usersAccessor     100330c0     moc_usersAccessor.obj
 0003:000010c4       ?$S1@?3??staticMetaObject@usersAccessor@@SAPAVQMetaObject@@XZ@4IA 100330c4     moc_usersAccessor.obj
 0003:000010c8       ?param_signal_5@?3??staticMetaObject@usersAccessor@@SAPAVQMetaObject@@XZ@4QBUQUParameter@@B 100330c8     moc_usersAccessor.obj
 0003:000010dc       _cleanUp_workstationsAccessor 100330dc     moc_workstationsAccessor.obj
 0003:000010e0       ?$S1@?3??staticMetaObject@workstationsAccessor@@SAPAVQMetaObject@@XZ@4IA 100330e0     moc_workstationsAccessor.obj
 0003:000010e4       ?param_signal_5@?3??staticMetaObject@workstationsAccessor@@SAPAVQMetaObject@@XZ@4QBUQUParameter@@B 100330e4     moc_workstationsAccessor.obj
 0003:000010f8       _cleanUp_workstationSettingsAccessor 100330f8     moc_workstationSettingsAccessor.obj
 0003:000010fc       ?$S1@?3??staticMetaObject@workstationSettingsAccessor@@SAPAVQMetaObject@@XZ@4IA 100330fc     moc_workstationSettingsAccessor.obj
 0003:00001100       ?param_signal_5@?3??staticMetaObject@workstationSettingsAccessor@@SAPAVQMetaObject@@XZ@4QBUQUParameter@@B 10033100     moc_workstationSettingsAccessor.obj
 0003:00001110       ___proc_attached           10033110     MSVCRT:crtdll.obj
 0003:00001118       _GS_ExceptionRecord        10033118     MSVCRT:gs_report.obj
 0003:00001168       _GS_ContextRecord          10033168     MSVCRT:gs_report.obj
 0003:00001434       _DebuggerWasPresent        10033434     MSVCRT:gs_report.obj
 0004:000000f0       $R000000                   100340f0     Script1.res
 0004:000004e8       $R0003F8                   100344e8     Script1.res
 0004:000005a0       $R0004B0                   100345a0     Script1.res
