 bncs_config

 Timestamp is 56ddfd4c (Mon Mar 07 22:14:36 2016)

 Preferred load address is 10000000

 Start         Length     Name                   Class
 0001:00000000 000237f0H .text                   CODE
 0001:000237f0 0000473eH .text$x                 CODE
 0002:00000000 00000324H .idata$5                DATA
 0002:00000328 000008ecH .rdata                  DATA
 0002:00000c18 00004f80H .xdata$x                DATA
 0002:00005b98 00000078H .idata$2                DATA
 0002:00005c10 00000014H .idata$3                DATA
 0002:00005c24 00000324H .idata$4                DATA
 0002:00005f48 00001b8aH .idata$6                DATA
 0002:00007ae0 00009353H .edata                  DATA
 0003:00000000 00000004H .CRT$XCA                DATA
 0003:00000004 0000001cH .CRT$XCU                DATA
 0003:00000020 00000004H .CRT$XCZ                DATA
 0003:00000024 00000004H .CRT$XIA                DATA
 0003:00000028 00000004H .CRT$XIZ                DATA
 0003:00000030 000012f0H .data                   DATA
 0003:00001320 0000012cH .bss                    DATA
 0004:00000000 000000a0H .rsrc$01                DATA
 0004:000000a0 00000560H .rsrc$02                DATA

  Address         Publics by Value              Rva+Base     Lib:Object

 0001:00000000       ?metaObject@applicationsAccessor@@UBEPAVQMetaObject@@XZ 10001000 f i applicationsAccessor.obj
 0001:00000010       ?qObject@panelsetsAccessor@@QAEPAVQObject@@XZ 10001010 f i applicationsAccessor.obj
 0001:00000010       ?qObject@workstationsAccessor@@QAEPAVQObject@@XZ 10001010 f i applicationsAccessor.obj
 0001:00000010       ?qObject@usersAccessor@@QAEPAVQObject@@XZ 10001010 f i applicationsAccessor.obj
 0001:00000010       ?qObject@launchAccessor@@QAEPAVQObject@@XZ 10001010 f i applicationsAccessor.obj
 0001:00000010       ?qObject@applicationsAccessor@@QAEPAVQObject@@XZ 10001010 f i applicationsAccessor.obj
 0001:00000010       ?qObject@workstationSettingsAccessor@@QAEPAVQObject@@XZ 10001010 f i applicationsAccessor.obj
 0001:00000020       ?load@applicationsAccessor@@SAPAV1@XZ 10001020 f i applicationsAccessor.obj
 0001:000000a0       ?unload@applicationsAccessor@@SA_NXZ 100010a0 f i applicationsAccessor.obj
 0001:000000e0       ??0applicationsAccessor@@QAE@ABV0@@Z 100010e0 f i applicationsAccessor.obj
 0001:000001c0       ??_EapplicationsAccessor@@UAEPAXI@Z 100011c0 f i applicationsAccessor.obj
 0001:00000220       ??0applicationsAccessor@@QAE@XZ 10001220 f   applicationsAccessor.obj
 0001:00000340       ??_EQDomNode@@UAEPAXI@Z    10001340 f i applicationsAccessor.obj
 0001:00000340       ??_GQDomNode@@UAEPAXI@Z    10001340 f i applicationsAccessor.obj
 0001:00000360       ??1applicationsAccessor@@UAE@XZ 10001360 f   applicationsAccessor.obj
 0001:000003d0       ?nextItem@applicationsAccessor@@QAE_NAAVQString@@0000@Z 100013d0 f   applicationsAccessor.obj
 0001:00000740       ?version@applicationsAccessor@@QAENXZ 10001740 f   applicationsAccessor.obj
 0001:00000840       ?setVersion@applicationsAccessor@@QAEXN@Z 10001840 f   applicationsAccessor.obj
 0001:00000960       ?setCaption@applicationsAccessor@@QAE_NABVQString@@0@Z 10001960 f   applicationsAccessor.obj
 0001:00000a00       ?setTitle@applicationsAccessor@@QAE_NABVQString@@0@Z 10001a00 f   applicationsAccessor.obj
 0001:00000aa0       ?setType@applicationsAccessor@@QAE_NABVQString@@0@Z 10001aa0 f   applicationsAccessor.obj
 0001:00000b40       ?setIcon@applicationsAccessor@@QAE_NABVQString@@0@Z 10001b40 f   applicationsAccessor.obj
 0001:00000be0       ?addItem@applicationsAccessor@@QAE_NABVQString@@0000@Z 10001be0 f   applicationsAccessor.obj
 0001:00000e70       ?deleteItem@applicationsAccessor@@QAE_NABVQString@@@Z 10001e70 f   applicationsAccessor.obj
 0001:00001070       ?item@applicationsAccessor@@QAE_NABVQString@@AAV2@111@Z 10002070 f   applicationsAccessor.obj
 0001:00001460       ?type@applicationsAccessor@@QAE?AVQString@@ABV2@@Z 10002460 f   applicationsAccessor.obj
 0001:00001500       ?caption@applicationsAccessor@@QAE?AVQString@@ABV2@@Z 10002500 f   applicationsAccessor.obj
 0001:000015a0       ?title@applicationsAccessor@@QAE?AVQString@@ABV2@@Z 100025a0 f   applicationsAccessor.obj
 0001:00001640       ?icon@applicationsAccessor@@QAE?AVQString@@ABV2@@Z 10002640 f   applicationsAccessor.obj
 0001:000016e0       ?rename@applicationsAccessor@@QAE_NABVQString@@V2@@Z 100026e0 f   applicationsAccessor.obj
 0001:00001760       ?setCurrent@applicationsAccessor@@QAE_NABVQString@@@Z 10002760 f   applicationsAccessor.obj
 0001:00001900       ?setFirst@applicationsAccessor@@QAE_NXZ 10002900 f   applicationsAccessor.obj
 0001:00001990       ?setAttribute@applicationsAccessor@@AAE_NABVQString@@00@Z 10002990 f   applicationsAccessor.obj
 0001:00001b90       ?attribute@applicationsAccessor@@AAE?AVQString@@ABV2@0@Z 10002b90 f   applicationsAccessor.obj
 0001:00001e20       ?exists@applicationsAccessor@@QAE_NABVQString@@@Z 10002e20 f   applicationsAccessor.obj
 0001:00002000       ?isDirty@applicationsAccessor@@QAE_NXZ 10003000 f   applicationsAccessor.obj
 0001:00002070       ?setDirty@applicationsAccessor@@AAEXXZ 10003070 f   applicationsAccessor.obj
 0001:00002150       ??0bncs_config@@QAE@XZ     10003150 f   bncs_config.obj
 0001:00002170       ??_Ebncs_config@@UAEPAXI@Z 10003170 f i bncs_config.obj
 0001:000021f0       ??0docCache@@QAE@XZ        100031f0 f i bncs_config.obj
 0001:000022b0       ??_EdocCache@@UAEPAXI@Z    100032b0 f i bncs_config.obj
 0001:000022b0       ??_GdocCache@@UAEPAXI@Z    100032b0 f i bncs_config.obj
 0001:000022d0       ??1docCache@@UAE@XZ        100032d0 f i bncs_config.obj
 0001:00002450       ??1?$map@VQString@@PAVcachedData@@U?$less@VQString@@@std@@V?$allocator@PAVcachedData@@@4@@std@@QAE@XZ 10003450 f i bncs_config.obj
 0001:00002570       ??0bncs_config@@QAE@ABVbncs_string@@@Z 10003570 f   bncs_config.obj
 0001:00002c80       ??0bncs_config@@QAE@ABV0@@Z 10003c80 f   bncs_config.obj
 0001:00002d50       ??4bncs_config@@QAEAAV0@ABV0@@Z 10003d50 f   bncs_config.obj
 0001:00002e20       ??1bncs_config@@UAE@XZ     10003e20 f   bncs_config.obj
 0001:00002e50       ?childAttr@bncs_config@@QAE?AVbncs_string@@ABV2@@Z 10003e50 f   bncs_config.obj
 0001:00002fc0       ?isChildValid@bncs_config@@QAE_NXZ 10003fc0 f   bncs_config.obj
 0001:00003030       ?isValid@bncs_config@@QAE_NXZ 10004030 f   bncs_config.obj
 0001:000030a0       ?nextChild@bncs_config@@QAE_NXZ 100040a0 f   bncs_config.obj
 0001:000031a0       ?childTag@bncs_config@@QAE?AVbncs_string@@XZ 100041a0 f   bncs_config.obj
 0001:000032d0       ?tag@bncs_config@@QAE?AVbncs_string@@XZ 100042d0 f   bncs_config.obj
 0001:00003400       ?attr@bncs_config@@QAE?AVbncs_string@@ABV2@@Z 10004400 f   bncs_config.obj
 0001:00003570       ?drillDown@bncs_config@@QAEXXZ 10004570 f   bncs_config.obj
 0001:00003680       ?data@bncs_config@@QAE?AVbncs_string@@XZ 10004680 f   bncs_config.obj
 0001:000037d0       ?cachedDoc@bncs_config@@SAPAVQDomDocument@@ABVbncs_string@@@Z 100047d0 f   bncs_config.obj
 0001:00003880       ?loadDoc@bncs_config@@CAPAVQDomDocument@@ABVbncs_string@@@Z 10004880 f   bncs_config.obj
 0001:00003bf0       ?insert@docCache@@QAEXABVQString@@PAVcachedData@@@Z 10004bf0 f i bncs_config.obj
 0001:00003d10       ??1?$pair@$$CBVQString@@PAVcachedData@@@std@@QAE@XZ 10004d10 f i bncs_config.obj
 0001:00003d10       ??1?$pair@VQString@@PAVcachedData@@@std@@QAE@XZ 10004d10 f i bncs_config.obj
 0001:00003d30       ??_GQDomDocument@@UAEPAXI@Z 10004d30 f i bncs_config.obj
 0001:00003d30       ??_EQDomDocument@@UAEPAXI@Z 10004d30 f i bncs_config.obj
 0001:00003d50       ?save@bncs_config@@SA_NXZ  10004d50 f   bncs_config.obj
 0001:00004050       ?isDirty@bncs_config@@SA_NABVbncs_string@@@Z 10005050 f   bncs_config.obj
 0001:00004110       ?changeSerial@bncs_config@@SAHABVbncs_string@@@Z 10005110 f   bncs_config.obj
 0001:000041c0       ?incSerial@bncs_config@@SAHABVbncs_string@@@Z 100051c0 f   bncs_config.obj
 0001:00004280       ?decSerial@bncs_config@@SAHABVbncs_string@@@Z 10005280 f   bncs_config.obj
 0001:00004340       ?setEnv@bncs_config@@SAXABVbncs_string@@@Z 10005340 f   bncs_config.obj
 0001:00004360       ?clearCache@bncs_config@@SAXXZ 10005360 f   bncs_config.obj
 0001:00004480       ?correctNodeForComments@bncs_config@@AAE_NAAVQDomNode@@@Z 10005480 f i bncs_config.obj
 0001:00004550       ?begin@?$_Tree@VQString@@U?$pair@$$CBVQString@@PAVcachedData@@@std@@U_Kfn@?$map@VQString@@PAVcachedData@@U?$less@VQString@@@std@@V?$allocator@PAVcachedData@@@4@@3@U?$less@VQString@@@3@V?$allocator@PAVcachedData@@@3@@std@@QAE?AViterator@12@XZ 10005550 f i bncs_config.obj
 0001:00004560       ?insert@?$_Tree@VQString@@U?$pair@$$CBVQString@@PAVcachedData@@@std@@U_Kfn@?$map@VQString@@PAVcachedData@@U?$less@VQString@@@std@@V?$allocator@PAVcachedData@@@4@@3@U?$less@VQString@@@3@V?$allocator@PAVcachedData@@@3@@std@@QAE?AU?$pair@Viterator@?$_Tree@VQString@@U?$pair@$$CBVQString@@PAVcachedData@@@std@@U_Kfn@?$map@VQString@@PAVcachedData@@U?$less@VQString@@@std@@V?$allocator@PAVcachedData@@@4@@3@U?$less@VQString@@@3@V?$allocator@PAVcachedData@@@3@@std@@_N@2@ABU?$pair@$$CBVQString@@PAVcachedData@@@2@@Z 10005560 f i bncs_config.obj
 0001:000047b0       ?erase@?$_Tree@VQString@@U?$pair@$$CBVQString@@PAVcachedData@@@std@@U_Kfn@?$map@VQString@@PAVcachedData@@U?$less@VQString@@@std@@V?$allocator@PAVcachedData@@@4@@3@U?$less@VQString@@@3@V?$allocator@PAVcachedData@@@3@@std@@QAE?AViterator@12@V312@@Z 100057b0 f i bncs_config.obj
 0001:00004bd0       ?find@?$_Tree@VQString@@U?$pair@$$CBVQString@@PAVcachedData@@@std@@U_Kfn@?$map@VQString@@PAVcachedData@@U?$less@VQString@@@std@@V?$allocator@PAVcachedData@@@4@@3@U?$less@VQString@@@3@V?$allocator@PAVcachedData@@@3@@std@@QAE?AViterator@12@ABVQString@@@Z 10005bd0 f i bncs_config.obj
 0001:00004c60       ?_Inc@const_iterator@?$_Tree@VQString@@U?$pair@$$CBVQString@@PAVcachedData@@@std@@U_Kfn@?$map@VQString@@PAVcachedData@@U?$less@VQString@@@std@@V?$allocator@PAVcachedData@@@4@@3@U?$less@VQString@@@3@V?$allocator@PAVcachedData@@@3@@std@@QAEXXZ 10005c60 f i bncs_config.obj
 0001:00004cb0       ?lower_bound@?$_Tree@VQString@@U?$pair@$$CBVQString@@PAVcachedData@@@std@@U_Kfn@?$map@VQString@@PAVcachedData@@U?$less@VQString@@@std@@V?$allocator@PAVcachedData@@@4@@3@U?$less@VQString@@@3@V?$allocator@PAVcachedData@@@3@@std@@QAE?AViterator@12@ABVQString@@@Z 10005cb0 f i bncs_config.obj
 0001:00004d10       ?_Erase@?$_Tree@VQString@@U?$pair@$$CBVQString@@PAVcachedData@@@std@@U_Kfn@?$map@VQString@@PAVcachedData@@U?$less@VQString@@@std@@V?$allocator@PAVcachedData@@@4@@3@U?$less@VQString@@@3@V?$allocator@PAVcachedData@@@3@@std@@IAEXPAU_Node@12@@Z 10005d10 f i bncs_config.obj
 0001:00004d60       ?_Insert@?$_Tree@VQString@@U?$pair@$$CBVQString@@PAVcachedData@@@std@@U_Kfn@?$map@VQString@@PAVcachedData@@U?$less@VQString@@@std@@V?$allocator@PAVcachedData@@@4@@3@U?$less@VQString@@@3@V?$allocator@PAVcachedData@@@3@@std@@IAE?AViterator@12@PAU_Node@12@0ABU?$pair@$$CBVQString@@PAVcachedData@@@2@@Z 10005d60 f i bncs_config.obj
 0001:00004fd0       ?_Lrotate@?$_Tree@VQString@@U?$pair@$$CBVQString@@PAVcachedData@@@std@@U_Kfn@?$map@VQString@@PAVcachedData@@U?$less@VQString@@@std@@V?$allocator@PAVcachedData@@@4@@3@U?$less@VQString@@@3@V?$allocator@PAVcachedData@@@3@@std@@IAEXPAU_Node@12@@Z 10005fd0 f i bncs_config.obj
 0001:00005030       ?_Min@?$_Tree@VQString@@U?$pair@$$CBVQString@@PAVcachedData@@@std@@U_Kfn@?$map@VQString@@PAVcachedData@@U?$less@VQString@@@std@@V?$allocator@PAVcachedData@@@4@@3@U?$less@VQString@@@3@V?$allocator@PAVcachedData@@@3@@std@@KAPAU_Node@12@PAU312@@Z 10006030 f i bncs_config.obj
 0001:00005050       ?_Rrotate@?$_Tree@VQString@@U?$pair@$$CBVQString@@PAVcachedData@@@std@@U_Kfn@?$map@VQString@@PAVcachedData@@U?$less@VQString@@@std@@V?$allocator@PAVcachedData@@@4@@3@U?$less@VQString@@@3@V?$allocator@PAVcachedData@@@3@@std@@IAEXPAU_Node@12@@Z 10006050 f i bncs_config.obj
 0001:000050b0       ?_Buynode@?$_Tree@VQString@@U?$pair@$$CBVQString@@PAVcachedData@@@std@@U_Kfn@?$map@VQString@@PAVcachedData@@U?$less@VQString@@@std@@V?$allocator@PAVcachedData@@@4@@3@U?$less@VQString@@@3@V?$allocator@PAVcachedData@@@3@@std@@IAEPAU_Node@12@PAU312@W4_Redbl@12@@Z 100060b0 f i bncs_config.obj
 0001:000050d0       ?_Dec@const_iterator@?$_Tree@VQString@@U?$pair@$$CBVQString@@PAVcachedData@@@std@@U_Kfn@?$map@VQString@@PAVcachedData@@U?$less@VQString@@@std@@V?$allocator@PAVcachedData@@@4@@3@U?$less@VQString@@@3@V?$allocator@PAVcachedData@@@3@@std@@QAEXXZ 100060d0 f i bncs_config.obj
 0001:00005130       ?at@?$QValueListPrivate@VQString@@@@QBEPAV?$QValueListNode@VQString@@@@I@Z 10006130 f i bncs_config.obj
 0001:00005170       ?_Construct@std@@YAXPAU?$pair@$$CBVQString@@PAVcachedData@@@1@ABU21@@Z 10006170 f i bncs_config.obj
 0001:000051c0       ??3@YAXPAX0@Z              100061c0 f i bncs_config.obj
 0001:000051d0       ??_G?$pair@$$CBVQString@@PAVcachedData@@@std@@QAEPAXI@Z 100061d0 f i bncs_config.obj
 0001:000051f0       _instanceLookup            100061f0 f   instanceLookup.obj
 0001:000052f0       _instanceLookupComposite   100062f0 f   instanceLookup.obj
 0001:000053d0       _instanceLookupType        100063d0 f   instanceLookup.obj
 0001:00005480       ??0?$QMap@VQString@@VparamInfo@@@@QAE@XZ 10006480 f i instanceLookup.obj
 0001:00005560       ??1?$QMap@VQString@@VparamInfo@@@@QAE@XZ 10006560 f i instanceLookup.obj
 0001:00005600       ?begin@?$QMap@VQString@@VparamInfo@@@@QAE?AV?$QMapIterator@VQString@@VparamInfo@@@@XZ 10006600 f i instanceLookup.obj
 0001:00005630       ?end@?$QMap@VQString@@VparamInfo@@@@QAE?AV?$QMapIterator@VQString@@VparamInfo@@@@XZ 10006630 f i instanceLookup.obj
 0001:00005650       ?replace@?$QMap@VQString@@VparamInfo@@@@QAE?AV?$QMapIterator@VQString@@VparamInfo@@@@ABVQString@@ABVparamInfo@@@Z 10006650 f i instanceLookup.obj
 0001:000057b0       ?find@?$QMap@VQString@@VparamInfo@@@@QAE?AV?$QMapIterator@VQString@@VparamInfo@@@@ABVQString@@@Z 100067b0 f i instanceLookup.obj
 0001:00005830       ?find@?$QMap@VQString@@VparamInfo@@@@QBE?AV?$QMapConstIterator@VQString@@VparamInfo@@@@ABVQString@@@Z 10006830 f i instanceLookup.obj
 0001:00005830       ?find@?$QMap@VQString@@VcomplexType@@@@QBE?AV?$QMapConstIterator@VQString@@VcomplexType@@@@ABVQString@@@Z 10006830 f i instanceLookup.obj
 0001:00005830       ?find@?$QMap@VQString@@VcomplexInstance@@@@QBE?AV?$QMapConstIterator@VQString@@VcomplexInstance@@@@ABVQString@@@Z 10006830 f i instanceLookup.obj
 0001:000058a0       ?keys@?$QMap@VQString@@VparamInfo@@@@QBE?AV?$QValueList@VQString@@@@XZ 100068a0 f i instanceLookup.obj
 0001:000059c0       ?values@?$QMap@VQString@@VparamInfo@@@@QBE?AV?$QValueList@VparamInfo@@@@XZ 100069c0 f i instanceLookup.obj
 0001:00005ae0       ?remove@?$QMap@VQString@@VparamInfo@@@@QAEXV?$QMapIterator@VQString@@VparamInfo@@@@@Z 10006ae0 f i instanceLookup.obj
 0001:00005ae0       ?erase@?$QMap@VQString@@VparamInfo@@@@QAEXV?$QMapIterator@VQString@@VparamInfo@@@@@Z 10006ae0 f i instanceLookup.obj
 0001:00005b10       ?detach@?$QMap@VQString@@VparamInfo@@@@IAEXXZ 10006b10 f i instanceLookup.obj
 0001:00005b20       ??0?$QMap@VQString@@VcomplexParam@@@@QAE@XZ 10006b20 f i instanceLookup.obj
 0001:00005c00       ??0?$QMap@VQString@@VdeviceTypeInfo@@@@QAE@ABV0@@Z 10006c00 f i instanceLookup.obj
 0001:00005c00       ??0?$QMap@VQString@@VcomplexType@@@@QAE@ABV0@@Z 10006c00 f i instanceLookup.obj
 0001:00005c00       ??0?$QMap@VQString@@VcomplexInstance@@@@QAE@ABV0@@Z 10006c00 f i instanceLookup.obj
 0001:00005c00       ??0?$QMap@VQString@@VcomplexParam@@@@QAE@ABV0@@Z 10006c00 f i instanceLookup.obj
 0001:00005c00       ??0?$QMap@VQString@@VparamInfo@@@@QAE@ABV0@@Z 10006c00 f i instanceLookup.obj
 0001:00005c00       ??0?$QMap@VQString@@VinstanceInfo@@@@QAE@ABV0@@Z 10006c00 f i instanceLookup.obj
 0001:00005c10       ??1?$QMap@VQString@@VcomplexParam@@@@QAE@XZ 10006c10 f i instanceLookup.obj
 0001:00005cb0       ?begin@?$QMap@VQString@@VcomplexParam@@@@QAE?AV?$QMapIterator@VQString@@VcomplexParam@@@@XZ 10006cb0 f i instanceLookup.obj
 0001:00005ce0       ?end@?$QMap@VQString@@VcomplexParam@@@@QAE?AV?$QMapIterator@VQString@@VcomplexParam@@@@XZ 10006ce0 f i instanceLookup.obj
 0001:00005d00       ?begin@?$QMap@VQString@@VcomplexParam@@@@QBE?AV?$QMapConstIterator@VQString@@VcomplexParam@@@@XZ 10006d00 f i instanceLookup.obj
 0001:00005d00       ?begin@?$QMap@VQString@@VparamInfo@@@@QBE?AV?$QMapConstIterator@VQString@@VparamInfo@@@@XZ 10006d00 f i instanceLookup.obj
 0001:00005d00       ?begin@?$QMap@VQString@@VdeviceTypeInfo@@@@QBE?AV?$QMapConstIterator@VQString@@VdeviceTypeInfo@@@@XZ 10006d00 f i instanceLookup.obj
 0001:00005d00       ?constBegin@?$QMap@VQString@@VcomplexType@@@@QBE?AV?$QMapConstIterator@VQString@@VcomplexType@@@@XZ 10006d00 f i instanceLookup.obj
 0001:00005d00       ?constBegin@?$QMap@VQString@@VdeviceTypeInfo@@@@QBE?AV?$QMapConstIterator@VQString@@VdeviceTypeInfo@@@@XZ 10006d00 f i instanceLookup.obj
 0001:00005d00       ?constBegin@?$QMap@VQString@@VcomplexInstance@@@@QBE?AV?$QMapConstIterator@VQString@@VcomplexInstance@@@@XZ 10006d00 f i instanceLookup.obj
 0001:00005d00       ?constBegin@?$QMap@VQString@@VparamInfo@@@@QBE?AV?$QMapConstIterator@VQString@@VparamInfo@@@@XZ 10006d00 f i instanceLookup.obj
 0001:00005d00       ?constBegin@?$QMap@VQString@@VinstanceInfo@@@@QBE?AV?$QMapConstIterator@VQString@@VinstanceInfo@@@@XZ 10006d00 f i instanceLookup.obj
 0001:00005d00       ?constBegin@?$QMap@VQString@@VcomplexParam@@@@QBE?AV?$QMapConstIterator@VQString@@VcomplexParam@@@@XZ 10006d00 f i instanceLookup.obj
 0001:00005d00       ?begin@?$QMap@VQString@@VinstanceInfo@@@@QBE?AV?$QMapConstIterator@VQString@@VinstanceInfo@@@@XZ 10006d00 f i instanceLookup.obj
 0001:00005d00       ?begin@?$QMap@VQString@@VcomplexType@@@@QBE?AV?$QMapConstIterator@VQString@@VcomplexType@@@@XZ 10006d00 f i instanceLookup.obj
 0001:00005d00       ?begin@?$QMap@VQString@@VcomplexInstance@@@@QBE?AV?$QMapConstIterator@VQString@@VcomplexInstance@@@@XZ 10006d00 f i instanceLookup.obj
 0001:00005d10       ?end@?$QMap@VQString@@VcomplexParam@@@@QBE?AV?$QMapConstIterator@VQString@@VcomplexParam@@@@XZ 10006d10 f i instanceLookup.obj
 0001:00005d10       ?constEnd@?$QMap@VQString@@VdeviceTypeInfo@@@@QBE?AV?$QMapConstIterator@VQString@@VdeviceTypeInfo@@@@XZ 10006d10 f i instanceLookup.obj
 0001:00005d10       ?end@?$QMap@VQString@@VinstanceInfo@@@@QBE?AV?$QMapConstIterator@VQString@@VinstanceInfo@@@@XZ 10006d10 f i instanceLookup.obj
 0001:00005d10       ?end@?$QMap@VQString@@VdeviceTypeInfo@@@@QBE?AV?$QMapConstIterator@VQString@@VdeviceTypeInfo@@@@XZ 10006d10 f i instanceLookup.obj
 0001:00005d10       ?constEnd@?$QMap@VQString@@VparamInfo@@@@QBE?AV?$QMapConstIterator@VQString@@VparamInfo@@@@XZ 10006d10 f i instanceLookup.obj
 0001:00005d10       ?end@?$QMap@VQString@@VcomplexInstance@@@@QBE?AV?$QMapConstIterator@VQString@@VcomplexInstance@@@@XZ 10006d10 f i instanceLookup.obj
 0001:00005d10       ?end@?$QMap@VQString@@VcomplexType@@@@QBE?AV?$QMapConstIterator@VQString@@VcomplexType@@@@XZ 10006d10 f i instanceLookup.obj
 0001:00005d10       ?constEnd@?$QMap@VQString@@VinstanceInfo@@@@QBE?AV?$QMapConstIterator@VQString@@VinstanceInfo@@@@XZ 10006d10 f i instanceLookup.obj
 0001:00005d10       ?constEnd@?$QMap@VQString@@VcomplexType@@@@QBE?AV?$QMapConstIterator@VQString@@VcomplexType@@@@XZ 10006d10 f i instanceLookup.obj
 0001:00005d10       ?constEnd@?$QMap@VQString@@VcomplexParam@@@@QBE?AV?$QMapConstIterator@VQString@@VcomplexParam@@@@XZ 10006d10 f i instanceLookup.obj
 0001:00005d10       ?constEnd@?$QMap@VQString@@VcomplexInstance@@@@QBE?AV?$QMapConstIterator@VQString@@VcomplexInstance@@@@XZ 10006d10 f i instanceLookup.obj
 0001:00005d10       ?end@?$QMap@VQString@@VparamInfo@@@@QBE?AV?$QMapConstIterator@VQString@@VparamInfo@@@@XZ 10006d10 f i instanceLookup.obj
 0001:00005d20       ?replace@?$QMap@VQString@@VcomplexParam@@@@QAE?AV?$QMapIterator@VQString@@VcomplexParam@@@@ABVQString@@ABVcomplexParam@@@Z 10006d20 f i instanceLookup.obj
 0001:00005e90       ?size@?$QMap@VQString@@VdeviceTypeInfo@@@@QBEIXZ 10006e90 f i instanceLookup.obj
 0001:00005e90       ?count@?$QMap@VQString@@VcomplexParam@@@@QBEIXZ 10006e90 f i instanceLookup.obj
 0001:00005e90       ?count@?$QMap@VQString@@VparamInfo@@@@QBEIXZ 10006e90 f i instanceLookup.obj
 0001:00005e90       ?size@?$QMap@VQString@@VcomplexType@@@@QBEIXZ 10006e90 f i instanceLookup.obj
 0001:00005e90       ?size@?$QMap@VQString@@VcomplexParam@@@@QBEIXZ 10006e90 f i instanceLookup.obj
 0001:00005e90       ?count@?$QMap@VQString@@VcomplexType@@@@QBEIXZ 10006e90 f i instanceLookup.obj
 0001:00005e90       ?count@?$QMap@VQString@@VinstanceInfo@@@@QBEIXZ 10006e90 f i instanceLookup.obj
 0001:00005e90       ?size@?$QMap@VQString@@VcomplexInstance@@@@QBEIXZ 10006e90 f i instanceLookup.obj
 0001:00005e90       ?size@?$QMap@VQString@@VparamInfo@@@@QBEIXZ 10006e90 f i instanceLookup.obj
 0001:00005e90       ?size@?$QMap@VQString@@VinstanceInfo@@@@QBEIXZ 10006e90 f i instanceLookup.obj
 0001:00005e90       ?count@?$QMap@VQString@@VdeviceTypeInfo@@@@QBEIXZ 10006e90 f i instanceLookup.obj
 0001:00005e90       ?count@?$QMap@VQString@@VcomplexInstance@@@@QBEIXZ 10006e90 f i instanceLookup.obj
 0001:00005ea0       ?isEmpty@?$QMap@VQString@@VdeviceTypeInfo@@@@QBE_NXZ 10006ea0 f i instanceLookup.obj
 0001:00005ea0       ?isEmpty@?$QMap@VQString@@VinstanceInfo@@@@QBE_NXZ 10006ea0 f i instanceLookup.obj
 0001:00005ea0       ?empty@?$QMap@VQString@@VdeviceTypeInfo@@@@QBE_NXZ 10006ea0 f i instanceLookup.obj
 0001:00005ea0       ?isEmpty@?$QMap@VQString@@VcomplexParam@@@@QBE_NXZ 10006ea0 f i instanceLookup.obj
 0001:00005ea0       ?empty@?$QMap@VQString@@VcomplexInstance@@@@QBE_NXZ 10006ea0 f i instanceLookup.obj
 0001:00005ea0       ?isEmpty@?$QMap@VQString@@VcomplexInstance@@@@QBE_NXZ 10006ea0 f i instanceLookup.obj
 0001:00005ea0       ?isEmpty@?$QMap@VQString@@VcomplexType@@@@QBE_NXZ 10006ea0 f i instanceLookup.obj
 0001:00005ea0       ?empty@?$QMap@VQString@@VparamInfo@@@@QBE_NXZ 10006ea0 f i instanceLookup.obj
 0001:00005ea0       ?empty@?$QMap@VQString@@VinstanceInfo@@@@QBE_NXZ 10006ea0 f i instanceLookup.obj
 0001:00005ea0       ?empty@?$QMap@VQString@@VcomplexType@@@@QBE_NXZ 10006ea0 f i instanceLookup.obj
 0001:00005ea0       ?isEmpty@?$QMap@VQString@@VparamInfo@@@@QBE_NXZ 10006ea0 f i instanceLookup.obj
 0001:00005ea0       ?empty@?$QMap@VQString@@VcomplexParam@@@@QBE_NXZ 10006ea0 f i instanceLookup.obj
 0001:00005eb0       ?erase@?$QMap@VQString@@VcomplexParam@@@@QAEXV?$QMapIterator@VQString@@VcomplexParam@@@@@Z 10006eb0 f i instanceLookup.obj
 0001:00005eb0       ?remove@?$QMap@VQString@@VcomplexParam@@@@QAEXV?$QMapIterator@VQString@@VcomplexParam@@@@@Z 10006eb0 f i instanceLookup.obj
 0001:00005ee0       ?find@?$QMap@VQString@@VcomplexParam@@@@QAE?AV?$QMapIterator@VQString@@VcomplexParam@@@@ABVQString@@@Z 10006ee0 f i instanceLookup.obj
 0001:00005f60       ?find@?$QMap@VQString@@VcomplexParam@@@@QBE?AV?$QMapConstIterator@VQString@@VcomplexParam@@@@ABVQString@@@Z 10006f60 f i instanceLookup.obj
 0001:00005fd0       ??A?$QMap@VQString@@VcomplexParam@@@@QBEABVcomplexParam@@ABVQString@@@Z 10006fd0 f i instanceLookup.obj
 0001:00006040       ?contains@?$QMap@VQString@@VcomplexParam@@@@QBE_NABVQString@@@Z 10007040 f i instanceLookup.obj
 0001:000060b0       ?keys@?$QMap@VQString@@VcomplexParam@@@@QBE?AV?$QValueList@VQString@@@@XZ 100070b0 f i instanceLookup.obj
 0001:000061d0       ?values@?$QMap@VQString@@VcomplexParam@@@@QBE?AV?$QValueList@VcomplexParam@@@@XZ 100071d0 f i instanceLookup.obj
 0001:000062f0       ?detach@?$QMap@VQString@@VcomplexParam@@@@IAEXXZ 100072f0 f i instanceLookup.obj
 0001:00006300       ??0?$QMap@VQString@@VcomplexInstance@@@@QAE@XZ 10007300 f i instanceLookup.obj
 0001:000063e0       ??1?$QMap@VQString@@VcomplexInstance@@@@QAE@XZ 100073e0 f i instanceLookup.obj
 0001:00006480       ?begin@?$QMap@VQString@@VcomplexInstance@@@@QAE?AV?$QMapIterator@VQString@@VcomplexInstance@@@@XZ 10007480 f i instanceLookup.obj
 0001:000064b0       ?end@?$QMap@VQString@@VcomplexInstance@@@@QAE?AV?$QMapIterator@VQString@@VcomplexInstance@@@@XZ 100074b0 f i instanceLookup.obj
 0001:000064d0       ?replace@?$QMap@VQString@@VcomplexInstance@@@@QAE?AV?$QMapIterator@VQString@@VcomplexInstance@@@@ABVQString@@ABVcomplexInstance@@@Z 100074d0 f i instanceLookup.obj
 0001:00006630       ?erase@?$QMap@VQString@@VcomplexInstance@@@@QAEXV?$QMapIterator@VQString@@VcomplexInstance@@@@@Z 10007630 f i instanceLookup.obj
 0001:00006630       ?remove@?$QMap@VQString@@VcomplexInstance@@@@QAEXV?$QMapIterator@VQString@@VcomplexInstance@@@@@Z 10007630 f i instanceLookup.obj
 0001:00006660       ?find@?$QMap@VQString@@VcomplexInstance@@@@QAE?AV?$QMapIterator@VQString@@VcomplexInstance@@@@ABVQString@@@Z 10007660 f i instanceLookup.obj
 0001:000066e0       ??A?$QMap@VQString@@VparamInfo@@@@QBEABVparamInfo@@ABVQString@@@Z 100076e0 f i instanceLookup.obj
 0001:000066e0       ??A?$QMap@VQString@@VcomplexType@@@@QBEABVcomplexType@@ABVQString@@@Z 100076e0 f i instanceLookup.obj
 0001:000066e0       ??A?$QMap@VQString@@VcomplexInstance@@@@QBEABVcomplexInstance@@ABVQString@@@Z 100076e0 f i instanceLookup.obj
 0001:00006750       ?contains@?$QMap@VQString@@VcomplexType@@@@QBE_NABVQString@@@Z 10007750 f i instanceLookup.obj
 0001:00006750       ?contains@?$QMap@VQString@@VparamInfo@@@@QBE_NABVQString@@@Z 10007750 f i instanceLookup.obj
 0001:00006750       ?contains@?$QMap@VQString@@VcomplexInstance@@@@QBE_NABVQString@@@Z 10007750 f i instanceLookup.obj
 0001:000067c0       ?keys@?$QMap@VQString@@VcomplexInstance@@@@QBE?AV?$QValueList@VQString@@@@XZ 100077c0 f i instanceLookup.obj
 0001:000068e0       ?values@?$QMap@VQString@@VcomplexInstance@@@@QBE?AV?$QValueList@VcomplexInstance@@@@XZ 100078e0 f i instanceLookup.obj
 0001:00006a00       ?detach@?$QMap@VQString@@VcomplexInstance@@@@IAEXXZ 10007a00 f i instanceLookup.obj
 0001:00006a10       ??0?$QMap@VQString@@VinstanceInfo@@@@QAE@XZ 10007a10 f i instanceLookup.obj
 0001:00006af0       ??1?$QMap@VQString@@VinstanceInfo@@@@QAE@XZ 10007af0 f i instanceLookup.obj
 0001:00006b90       ?begin@?$QMap@VQString@@VinstanceInfo@@@@QAE?AV?$QMapIterator@VQString@@VinstanceInfo@@@@XZ 10007b90 f i instanceLookup.obj
 0001:00006bc0       ?end@?$QMap@VQString@@VinstanceInfo@@@@QAE?AV?$QMapIterator@VQString@@VinstanceInfo@@@@XZ 10007bc0 f i instanceLookup.obj
 0001:00006be0       ?replace@?$QMap@VQString@@VinstanceInfo@@@@QAE?AV?$QMapIterator@VQString@@VinstanceInfo@@@@ABVQString@@ABVinstanceInfo@@@Z 10007be0 f i instanceLookup.obj
 0001:00006d80       ?remove@?$QMap@VQString@@VinstanceInfo@@@@QAEXV?$QMapIterator@VQString@@VinstanceInfo@@@@@Z 10007d80 f i instanceLookup.obj
 0001:00006d80       ?erase@?$QMap@VQString@@VinstanceInfo@@@@QAEXV?$QMapIterator@VQString@@VinstanceInfo@@@@@Z 10007d80 f i instanceLookup.obj
 0001:00006db0       ?find@?$QMap@VQString@@VinstanceInfo@@@@QAE?AV?$QMapIterator@VQString@@VinstanceInfo@@@@ABVQString@@@Z 10007db0 f i instanceLookup.obj
 0001:00006e30       ?find@?$QMap@VQString@@VinstanceInfo@@@@QBE?AV?$QMapConstIterator@VQString@@VinstanceInfo@@@@ABVQString@@@Z 10007e30 f i instanceLookup.obj
 0001:00006ea0       ??A?$QMap@VQString@@VinstanceInfo@@@@QBEABVinstanceInfo@@ABVQString@@@Z 10007ea0 f i instanceLookup.obj
 0001:00006f10       ?contains@?$QMap@VQString@@VinstanceInfo@@@@QBE_NABVQString@@@Z 10007f10 f i instanceLookup.obj
 0001:00006f80       ?keys@?$QMap@VQString@@VinstanceInfo@@@@QBE?AV?$QValueList@VQString@@@@XZ 10007f80 f i instanceLookup.obj
 0001:000070a0       ?values@?$QMap@VQString@@VinstanceInfo@@@@QBE?AV?$QValueList@VinstanceInfo@@@@XZ 100080a0 f i instanceLookup.obj
 0001:000071c0       ?detach@?$QMap@VQString@@VinstanceInfo@@@@IAEXXZ 100081c0 f i instanceLookup.obj
 0001:000071d0       ??0?$QMap@VQString@@VdeviceTypeInfo@@@@QAE@XZ 100081d0 f i instanceLookup.obj
 0001:000072b0       ??1?$QMap@VQString@@VdeviceTypeInfo@@@@QAE@XZ 100082b0 f i instanceLookup.obj
 0001:00007350       ?begin@?$QMap@VQString@@VdeviceTypeInfo@@@@QAE?AV?$QMapIterator@VQString@@VdeviceTypeInfo@@@@XZ 10008350 f i instanceLookup.obj
 0001:00007380       ?end@?$QMap@VQString@@VdeviceTypeInfo@@@@QAE?AV?$QMapIterator@VQString@@VdeviceTypeInfo@@@@XZ 10008380 f i instanceLookup.obj
 0001:000073a0       ?replace@?$QMap@VQString@@VdeviceTypeInfo@@@@QAE?AV?$QMapIterator@VQString@@VdeviceTypeInfo@@@@ABVQString@@ABVdeviceTypeInfo@@@Z 100083a0 f i instanceLookup.obj
 0001:00007510       ?remove@?$QMap@VQString@@VdeviceTypeInfo@@@@QAEXV?$QMapIterator@VQString@@VdeviceTypeInfo@@@@@Z 10008510 f i instanceLookup.obj
 0001:00007510       ?erase@?$QMap@VQString@@VdeviceTypeInfo@@@@QAEXV?$QMapIterator@VQString@@VdeviceTypeInfo@@@@@Z 10008510 f i instanceLookup.obj
 0001:00007540       ?find@?$QMap@VQString@@VdeviceTypeInfo@@@@QAE?AV?$QMapIterator@VQString@@VdeviceTypeInfo@@@@ABVQString@@@Z 10008540 f i instanceLookup.obj
 0001:000075c0       ?find@?$QMap@VQString@@VdeviceTypeInfo@@@@QBE?AV?$QMapConstIterator@VQString@@VdeviceTypeInfo@@@@ABVQString@@@Z 100085c0 f i instanceLookup.obj
 0001:00007630       ??A?$QMap@VQString@@VdeviceTypeInfo@@@@QBEABVdeviceTypeInfo@@ABVQString@@@Z 10008630 f i instanceLookup.obj
 0001:000076a0       ?contains@?$QMap@VQString@@VdeviceTypeInfo@@@@QBE_NABVQString@@@Z 100086a0 f i instanceLookup.obj
 0001:00007710       ?keys@?$QMap@VQString@@VdeviceTypeInfo@@@@QBE?AV?$QValueList@VQString@@@@XZ 10008710 f i instanceLookup.obj
 0001:00007830       ?values@?$QMap@VQString@@VdeviceTypeInfo@@@@QBE?AV?$QValueList@VdeviceTypeInfo@@@@XZ 10008830 f i instanceLookup.obj
 0001:00007950       ?detach@?$QMap@VQString@@VdeviceTypeInfo@@@@IAEXXZ 10008950 f i instanceLookup.obj
 0001:00007960       ??0?$QMap@VQString@@VcomplexType@@@@QAE@XZ 10008960 f i instanceLookup.obj
 0001:00007a40       ??1?$QMap@VQString@@VcomplexType@@@@QAE@XZ 10008a40 f i instanceLookup.obj
 0001:00007ae0       ?begin@?$QMap@VQString@@VcomplexType@@@@QAE?AV?$QMapIterator@VQString@@VcomplexType@@@@XZ 10008ae0 f i instanceLookup.obj
 0001:00007b10       ?end@?$QMap@VQString@@VcomplexType@@@@QAE?AV?$QMapIterator@VQString@@VcomplexType@@@@XZ 10008b10 f i instanceLookup.obj
 0001:00007b30       ?replace@?$QMap@VQString@@VcomplexType@@@@QAE?AV?$QMapIterator@VQString@@VcomplexType@@@@ABVQString@@ABVcomplexType@@@Z 10008b30 f i instanceLookup.obj
 0001:00007c90       ?find@?$QMap@VQString@@VcomplexType@@@@QAE?AV?$QMapIterator@VQString@@VcomplexType@@@@ABVQString@@@Z 10008c90 f i instanceLookup.obj
 0001:00007d10       ?keys@?$QMap@VQString@@VcomplexType@@@@QBE?AV?$QValueList@VQString@@@@XZ 10008d10 f i instanceLookup.obj
 0001:00007e30       ?values@?$QMap@VQString@@VcomplexType@@@@QBE?AV?$QValueList@VcomplexType@@@@XZ 10008e30 f i instanceLookup.obj
 0001:00007f50       ?remove@?$QMap@VQString@@VcomplexType@@@@QAEXV?$QMapIterator@VQString@@VcomplexType@@@@@Z 10008f50 f i instanceLookup.obj
 0001:00007f50       ?erase@?$QMap@VQString@@VcomplexType@@@@QAEXV?$QMapIterator@VQString@@VcomplexType@@@@@Z 10008f50 f i instanceLookup.obj
 0001:00007f80       ?detach@?$QMap@VQString@@VcomplexType@@@@IAEXXZ 10008f80 f i instanceLookup.obj
 0001:00007f90       ?remove@?$QMapPrivate@VQString@@VparamInfo@@@@QAEXV?$QMapIterator@VQString@@VparamInfo@@@@@Z 10008f90 f i instanceLookup.obj
 0001:00007fd0       ?remove@?$QMapPrivate@VQString@@VcomplexParam@@@@QAEXV?$QMapIterator@VQString@@VcomplexParam@@@@@Z 10008fd0 f i instanceLookup.obj
 0001:00008010       ?remove@?$QMapPrivate@VQString@@VcomplexInstance@@@@QAEXV?$QMapIterator@VQString@@VcomplexInstance@@@@@Z 10009010 f i instanceLookup.obj
 0001:00008050       ?remove@?$QMapPrivate@VQString@@VinstanceInfo@@@@QAEXV?$QMapIterator@VQString@@VinstanceInfo@@@@@Z 10009050 f i instanceLookup.obj
 0001:00008090       ?remove@?$QMapPrivate@VQString@@VdeviceTypeInfo@@@@QAEXV?$QMapIterator@VQString@@VdeviceTypeInfo@@@@@Z 10009090 f i instanceLookup.obj
 0001:000080d0       ??1?$QValueList@VlaunchItem@@@@QAE@XZ 100090d0 f i instanceLookup.obj
 0001:000080d0       ??1?$QValueList@VcomplexType@@@@QAE@XZ 100090d0 f i instanceLookup.obj
 0001:000080d0       ??1?$QValueList@VcomplexInstance@@@@QAE@XZ 100090d0 f i instanceLookup.obj
 0001:000080d0       ??1?$QValueList@VparamInfo@@@@QAE@XZ 100090d0 f i instanceLookup.obj
 0001:000080d0       ??1?$QValueList@VinstanceInfo@@@@QAE@XZ 100090d0 f i instanceLookup.obj
 0001:000080d0       ??1?$QValueList@VpanelsetItem@@@@QAE@XZ 100090d0 f i instanceLookup.obj
 0001:000080d0       ??1?$QValueList@VcomplexParam@@@@QAE@XZ 100090d0 f i instanceLookup.obj
 0001:000080d0       ??1?$QValueList@VdeviceTypeInfo@@@@QAE@XZ 100090d0 f i instanceLookup.obj
 0001:000080d0       ??1?$QValueList@VworkstationSettingsItem@@@@QAE@XZ 100090d0 f i instanceLookup.obj
 0001:000080f0       ?begin@?$QMapPrivate@VQString@@VparamInfo@@@@QAE?AV?$QMapIterator@VQString@@VparamInfo@@@@XZ 100090f0 f i instanceLookup.obj
 0001:000080f0       ?begin@?$QMapPrivate@VQString@@VcomplexParam@@@@QAE?AV?$QMapIterator@VQString@@VcomplexParam@@@@XZ 100090f0 f i instanceLookup.obj
 0001:000080f0       ?begin@?$QMapPrivate@VQString@@VcomplexInstance@@@@QAE?AV?$QMapIterator@VQString@@VcomplexInstance@@@@XZ 100090f0 f i instanceLookup.obj
 0001:000080f0       ?begin@?$QMapPrivate@VQString@@VcomplexType@@@@QAE?AV?$QMapIterator@VQString@@VcomplexType@@@@XZ 100090f0 f i instanceLookup.obj
 0001:000080f0       ?begin@?$QMapPrivate@VQString@@VinstanceInfo@@@@QAE?AV?$QMapIterator@VQString@@VinstanceInfo@@@@XZ 100090f0 f i instanceLookup.obj
 0001:000080f0       ?begin@?$QMapPrivate@VQString@@VdeviceTypeInfo@@@@QAE?AV?$QMapIterator@VQString@@VdeviceTypeInfo@@@@XZ 100090f0 f i instanceLookup.obj
 0001:00008100       ?remove@?$QMapPrivate@VQString@@VcomplexType@@@@QAEXV?$QMapIterator@VQString@@VcomplexType@@@@@Z 10009100 f i instanceLookup.obj
 0001:00008140       ??1?$QMapNode@VQString@@VparamInfo@@@@QAE@XZ 10009140 f i instanceLookup.obj
 0001:000081b0       ??1?$QMapNode@VQString@@VcomplexParam@@@@QAE@XZ 100091b0 f i instanceLookup.obj
 0001:00008220       ??1?$QMapNode@VQString@@VcomplexInstance@@@@QAE@XZ 10009220 f i instanceLookup.obj
 0001:00008290       ??1?$QMapNode@VQString@@VinstanceInfo@@@@QAE@XZ 10009290 f i instanceLookup.obj
 0001:00008300       ??1?$QMapNode@VQString@@VdeviceTypeInfo@@@@QAE@XZ 10009300 f i instanceLookup.obj
 0001:00008370       ??1?$QMapNode@VQString@@VcomplexType@@@@QAE@XZ 10009370 f i instanceLookup.obj
 0001:000083e0       ?end@?$QValueList@VparamInfo@@@@QAE?AV?$QValueListIterator@VparamInfo@@@@XZ 100093e0 f i instanceLookup.obj
 0001:00008410       ?end@?$QValueList@VcomplexParam@@@@QAE?AV?$QValueListIterator@VcomplexParam@@@@XZ 10009410 f i instanceLookup.obj
 0001:00008440       ?end@?$QValueList@VcomplexInstance@@@@QAE?AV?$QValueListIterator@VcomplexInstance@@@@XZ 10009440 f i instanceLookup.obj
 0001:00008470       ?end@?$QValueList@VinstanceInfo@@@@QAE?AV?$QValueListIterator@VinstanceInfo@@@@XZ 10009470 f i instanceLookup.obj
 0001:000084a0       ?end@?$QValueList@VdeviceTypeInfo@@@@QAE?AV?$QValueListIterator@VdeviceTypeInfo@@@@XZ 100094a0 f i instanceLookup.obj
 0001:000084d0       ?end@?$QValueList@VcomplexType@@@@QAE?AV?$QValueListIterator@VcomplexType@@@@XZ 100094d0 f i instanceLookup.obj
 0001:00008500       ??4?$QMap@VQString@@VparamInfo@@@@QAEAAV0@ABV0@@Z 10009500 f i instanceLookup.obj
 0001:000085c0       ?insert@?$QMap@VQString@@VparamInfo@@@@QAE?AV?$QMapIterator@VQString@@VparamInfo@@@@ABVQString@@ABVparamInfo@@_N@Z 100095c0 f i instanceLookup.obj
 0001:000086c0       ?insert@?$QMap@VQString@@VparamInfo@@@@QAE?AU?$QPair@V?$QMapIterator@VQString@@VparamInfo@@@@_N@@ABU?$QPair@$$CBVQString@@VparamInfo@@@@@Z 100096c0 f i instanceLookup.obj
 0001:000087a0       ?count@?$QMap@VQString@@VcomplexType@@@@QBEIABVQString@@@Z 100097a0 f i instanceLookup.obj
 0001:000087a0       ?count@?$QMap@VQString@@VparamInfo@@@@QBEIABVQString@@@Z 100097a0 f i instanceLookup.obj
 0001:000087a0       ?count@?$QMap@VQString@@VcomplexInstance@@@@QBEIABVQString@@@Z 100097a0 f i instanceLookup.obj
 0001:00008850       ??A?$QMap@VQString@@VparamInfo@@@@QAEAAVparamInfo@@ABVQString@@@Z 10009850 f i instanceLookup.obj
 0001:00008a10       ?clear@?$QMap@VQString@@VparamInfo@@@@QAEXXZ 10009a10 f i instanceLookup.obj
 0001:00008b70       ?remove@?$QMap@VQString@@VparamInfo@@@@QAEXABVQString@@@Z 10009b70 f i instanceLookup.obj
 0001:00008b70       ?erase@?$QMap@VQString@@VparamInfo@@@@QAEXABVQString@@@Z 10009b70 f i instanceLookup.obj
 0001:00008c00       ?detachInternal@?$QMap@VQString@@VparamInfo@@@@AAEXXZ 10009c00 f i instanceLookup.obj
 0001:00008de0       ??4?$QMap@VQString@@VcomplexParam@@@@QAEAAV0@ABV0@@Z 10009de0 f i instanceLookup.obj
 0001:00008ea0       ?insert@?$QMap@VQString@@VcomplexParam@@@@QAE?AV?$QMapIterator@VQString@@VcomplexParam@@@@ABVQString@@ABVcomplexParam@@_N@Z 10009ea0 f i instanceLookup.obj
 0001:00008fb0       ?insert@?$QMap@VQString@@VcomplexParam@@@@QAE?AU?$QPair@V?$QMapIterator@VQString@@VcomplexParam@@@@_N@@ABU?$QPair@$$CBVQString@@VcomplexParam@@@@@Z 10009fb0 f i instanceLookup.obj
 0001:000090b0       ?count@?$QMap@VQString@@VcomplexParam@@@@QBEIABVQString@@@Z 1000a0b0 f i instanceLookup.obj
 0001:00009160       ??A?$QMap@VQString@@VcomplexParam@@@@QAEAAVcomplexParam@@ABVQString@@@Z 1000a160 f i instanceLookup.obj
 0001:00009330       ?clear@?$QMap@VQString@@VcomplexParam@@@@QAEXXZ 1000a330 f i instanceLookup.obj
 0001:00009490       ?erase@?$QMap@VQString@@VcomplexParam@@@@QAEXABVQString@@@Z 1000a490 f i instanceLookup.obj
 0001:00009490       ?remove@?$QMap@VQString@@VcomplexParam@@@@QAEXABVQString@@@Z 1000a490 f i instanceLookup.obj
 0001:00009520       ?detachInternal@?$QMap@VQString@@VcomplexParam@@@@AAEXXZ 1000a520 f i instanceLookup.obj
 0001:00009700       ??4?$QMap@VQString@@VcomplexInstance@@@@QAEAAV0@ABV0@@Z 1000a700 f i instanceLookup.obj
 0001:000097c0       ?insert@?$QMap@VQString@@VcomplexInstance@@@@QAE?AV?$QMapIterator@VQString@@VcomplexInstance@@@@ABVQString@@ABVcomplexInstance@@_N@Z 1000a7c0 f i instanceLookup.obj
 0001:00009920       ??_G?$QMapNode@VQString@@VcomplexParam@@@@QAEPAXI@Z 1000a920 f i instanceLookup.obj
 0001:00009940       ?insert@?$QMap@VQString@@VcomplexInstance@@@@QAE?AU?$QPair@V?$QMapIterator@VQString@@VcomplexInstance@@@@_N@@ABU?$QPair@$$CBVQString@@VcomplexInstance@@@@@Z 1000a940 f i instanceLookup.obj
 0001:00009a90       ??A?$QMap@VQString@@VcomplexInstance@@@@QAEAAVcomplexInstance@@ABVQString@@@Z 1000aa90 f i instanceLookup.obj
 0001:00009c60       ?clear@?$QMap@VQString@@VcomplexInstance@@@@QAEXXZ 1000ac60 f i instanceLookup.obj
 0001:00009dc0       ?remove@?$QMap@VQString@@VcomplexInstance@@@@QAEXABVQString@@@Z 1000adc0 f i instanceLookup.obj
 0001:00009dc0       ?erase@?$QMap@VQString@@VcomplexInstance@@@@QAEXABVQString@@@Z 1000adc0 f i instanceLookup.obj
 0001:00009e50       ?detachInternal@?$QMap@VQString@@VcomplexInstance@@@@AAEXXZ 1000ae50 f i instanceLookup.obj
 0001:0000a030       ??4?$QMap@VQString@@VinstanceInfo@@@@QAEAAV0@ABV0@@Z 1000b030 f i instanceLookup.obj
 0001:0000a0f0       ?insert@?$QMap@VQString@@VinstanceInfo@@@@QAE?AV?$QMapIterator@VQString@@VinstanceInfo@@@@ABVQString@@ABVinstanceInfo@@_N@Z 1000b0f0 f i instanceLookup.obj
 0001:0000a270       ??1?$QMapNode@VQString@@V1@@@QAE@XZ 1000b270 f i instanceLookup.obj
 0001:0000a2f0       ?insert@?$QMap@VQString@@VinstanceInfo@@@@QAE?AU?$QPair@V?$QMapIterator@VQString@@VinstanceInfo@@@@_N@@ABU?$QPair@$$CBVQString@@VinstanceInfo@@@@@Z 1000b2f0 f i instanceLookup.obj
 0001:0000a460       ?count@?$QMap@VQString@@VinstanceInfo@@@@QBEIABVQString@@@Z 1000b460 f i instanceLookup.obj
 0001:0000a510       ??A?$QMap@VQString@@VinstanceInfo@@@@QAEAAVinstanceInfo@@ABVQString@@@Z 1000b510 f i instanceLookup.obj
 0001:0000a6e0       ?clear@?$QMap@VQString@@VinstanceInfo@@@@QAEXXZ 1000b6e0 f i instanceLookup.obj
 0001:0000a840       ?erase@?$QMap@VQString@@VinstanceInfo@@@@QAEXABVQString@@@Z 1000b840 f i instanceLookup.obj
 0001:0000a840       ?remove@?$QMap@VQString@@VinstanceInfo@@@@QAEXABVQString@@@Z 1000b840 f i instanceLookup.obj
 0001:0000a8d0       ?detachInternal@?$QMap@VQString@@VinstanceInfo@@@@AAEXXZ 1000b8d0 f i instanceLookup.obj
 0001:0000aab0       ??4?$QMap@VQString@@VdeviceTypeInfo@@@@QAEAAV0@ABV0@@Z 1000bab0 f i instanceLookup.obj
 0001:0000ab70       ?insert@?$QMap@VQString@@VdeviceTypeInfo@@@@QAE?AV?$QMapIterator@VQString@@VdeviceTypeInfo@@@@ABVQString@@ABVdeviceTypeInfo@@_N@Z 1000bb70 f i instanceLookup.obj
 0001:0000ace0       ??_G?$QMapNode@VQString@@VparamInfo@@@@QAEPAXI@Z 1000bce0 f i instanceLookup.obj
 0001:0000ad00       ?insert@?$QMap@VQString@@VdeviceTypeInfo@@@@QAE?AU?$QPair@V?$QMapIterator@VQString@@VdeviceTypeInfo@@@@_N@@ABU?$QPair@$$CBVQString@@VdeviceTypeInfo@@@@@Z 1000bd00 f i instanceLookup.obj
 0001:0000ae60       ?count@?$QMap@VQString@@VdeviceTypeInfo@@@@QBEIABVQString@@@Z 1000be60 f i instanceLookup.obj
 0001:0000af10       ??A?$QMap@VQString@@VdeviceTypeInfo@@@@QAEAAVdeviceTypeInfo@@ABVQString@@@Z 1000bf10 f i instanceLookup.obj
 0001:0000b0e0       ?clear@?$QMap@VQString@@VdeviceTypeInfo@@@@QAEXXZ 1000c0e0 f i instanceLookup.obj
 0001:0000b240       ?erase@?$QMap@VQString@@VdeviceTypeInfo@@@@QAEXABVQString@@@Z 1000c240 f i instanceLookup.obj
 0001:0000b240       ?remove@?$QMap@VQString@@VdeviceTypeInfo@@@@QAEXABVQString@@@Z 1000c240 f i instanceLookup.obj
 0001:0000b2d0       ?detachInternal@?$QMap@VQString@@VdeviceTypeInfo@@@@AAEXXZ 1000c2d0 f i instanceLookup.obj
 0001:0000b4b0       ??4?$QMap@VQString@@VcomplexType@@@@QAEAAV0@ABV0@@Z 1000c4b0 f i instanceLookup.obj
 0001:0000b570       ?insert@?$QMap@VQString@@VcomplexType@@@@QAE?AV?$QMapIterator@VQString@@VcomplexType@@@@ABVQString@@ABVcomplexType@@_N@Z 1000c570 f i instanceLookup.obj
 0001:0000b6d0       ??_G?$QMapNode@VQString@@VcomplexInstance@@@@QAEPAXI@Z 1000c6d0 f i instanceLookup.obj
 0001:0000b6f0       ?insert@?$QMap@VQString@@VcomplexType@@@@QAE?AU?$QPair@V?$QMapIterator@VQString@@VcomplexType@@@@_N@@ABU?$QPair@$$CBVQString@@VcomplexType@@@@@Z 1000c6f0 f i instanceLookup.obj
 0001:0000b840       ??A?$QMap@VQString@@VcomplexType@@@@QAEAAVcomplexType@@ABVQString@@@Z 1000c840 f i instanceLookup.obj
 0001:0000ba10       ?clear@?$QMap@VQString@@VcomplexType@@@@QAEXXZ 1000ca10 f i instanceLookup.obj
 0001:0000bb70       ?remove@?$QMap@VQString@@VcomplexType@@@@QAEXABVQString@@@Z 1000cb70 f i instanceLookup.obj
 0001:0000bb70       ?erase@?$QMap@VQString@@VcomplexType@@@@QAEXABVQString@@@Z 1000cb70 f i instanceLookup.obj
 0001:0000bc00       ?detachInternal@?$QMap@VQString@@VcomplexType@@@@AAEXXZ 1000cc00 f i instanceLookup.obj
 0001:0000bde0       ??0?$QValueListPrivate@VQString@@@@QAE@XZ 1000cde0 f i instanceLookup.obj
 0001:0000be80       ??_G?$QValueListNode@VQString@@@@UAEPAXI@Z 1000ce80 f i instanceLookup.obj
 0001:0000be80       ??_E?$QValueListNode@VQString@@@@UAEPAXI@Z 1000ce80 f i instanceLookup.obj
 0001:0000bea0       ??1?$QValueListNode@VQString@@@@UAE@XZ 1000cea0 f i instanceLookup.obj
 0001:0000bed0       ?insert@?$QValueListPrivate@VQString@@@@QAE?AV?$QValueListIterator@VQString@@@@V2@ABVQString@@@Z 1000ced0 f i instanceLookup.obj
 0001:0000bf50       ?clear@?$QMapPrivate@VQString@@V1@@@QAEXXZ 1000cf50 f i instanceLookup.obj
 0001:0000bfc0       ?detachInternal@?$QValueList@VparamInfo@@@@AAEXXZ 1000cfc0 f i instanceLookup.obj
 0001:0000c0d0       ?detachInternal@?$QValueList@VcomplexParam@@@@AAEXXZ 1000d0d0 f i instanceLookup.obj
 0001:0000c1e0       ?detachInternal@?$QValueList@VcomplexInstance@@@@AAEXXZ 1000d1e0 f i instanceLookup.obj
 0001:0000c2f0       ?inc@?$QMapConstIterator@VQString@@VinstanceInfo@@@@AAEHXZ 1000d2f0 f i instanceLookup.obj
 0001:0000c2f0       ?inc@?$QMapConstIterator@VQString@@VdeviceTypeInfo@@@@AAEHXZ 1000d2f0 f i instanceLookup.obj
 0001:0000c2f0       ?inc@?$QMapConstIterator@VQString@@VcomplexType@@@@AAEHXZ 1000d2f0 f i instanceLookup.obj
 0001:0000c2f0       ?inc@?$QMapConstIterator@VQString@@VcomplexInstance@@@@AAEHXZ 1000d2f0 f i instanceLookup.obj
 0001:0000c2f0       ?inc@?$QMapConstIterator@VQString@@VcomplexParam@@@@AAEHXZ 1000d2f0 f i instanceLookup.obj
 0001:0000c2f0       ?inc@?$QMapConstIterator@VQString@@VparamInfo@@@@AAEHXZ 1000d2f0 f i instanceLookup.obj
 0001:0000c330       ?detachInternal@?$QValueList@VinstanceInfo@@@@AAEXXZ 1000d330 f i instanceLookup.obj
 0001:0000c440       ?detachInternal@?$QValueList@VdeviceTypeInfo@@@@AAEXXZ 1000d440 f i instanceLookup.obj
 0001:0000c550       ?detachInternal@?$QValueList@VcomplexType@@@@AAEXXZ 1000d550 f i instanceLookup.obj
 0001:0000c660       ??0?$QValueListPrivate@VparamInfo@@@@QAE@XZ 1000d660 f i instanceLookup.obj
 0001:0000c6f0       ?insert@?$QValueListPrivate@VparamInfo@@@@QAE?AV?$QValueListIterator@VparamInfo@@@@V2@ABVparamInfo@@@Z 1000d6f0 f i instanceLookup.obj
 0001:0000c750       ??0?$QValueListPrivate@VcomplexParam@@@@QAE@XZ 1000d750 f i instanceLookup.obj
 0001:0000c7e0       ?insert@?$QValueListPrivate@VcomplexParam@@@@QAE?AV?$QValueListIterator@VcomplexParam@@@@V2@ABVcomplexParam@@@Z 1000d7e0 f i instanceLookup.obj
 0001:0000c890       ??0?$QValueListPrivate@VcomplexInstance@@@@QAE@XZ 1000d890 f i instanceLookup.obj
 0001:0000c920       ?insert@?$QValueListPrivate@VcomplexInstance@@@@QAE?AV?$QValueListIterator@VcomplexInstance@@@@V2@ABVcomplexInstance@@@Z 1000d920 f i instanceLookup.obj
 0001:0000c980       ??0?$QValueListPrivate@VinstanceInfo@@@@QAE@XZ 1000d980 f i instanceLookup.obj
 0001:0000ca10       ?insert@?$QValueListPrivate@VinstanceInfo@@@@QAE?AV?$QValueListIterator@VinstanceInfo@@@@V2@ABVinstanceInfo@@@Z 1000da10 f i instanceLookup.obj
 0001:0000cb00       ??0?$QValueListPrivate@VdeviceTypeInfo@@@@QAE@XZ 1000db00 f i instanceLookup.obj
 0001:0000cb90       ?insert@?$QValueListPrivate@VdeviceTypeInfo@@@@QAE?AV?$QValueListIterator@VdeviceTypeInfo@@@@V2@ABVdeviceTypeInfo@@@Z 1000db90 f i instanceLookup.obj
 0001:0000cc00       ??0?$QValueListPrivate@VcomplexType@@@@QAE@XZ 1000dc00 f i instanceLookup.obj
 0001:0000cc90       ?insert@?$QValueListPrivate@VcomplexType@@@@QAE?AV?$QValueListIterator@VcomplexType@@@@V2@ABVcomplexType@@@Z 1000dc90 f i instanceLookup.obj
 0001:0000ccf0       ??_G?$QValueListPrivate@VQString@@@@UAEPAXI@Z 1000dcf0 f i instanceLookup.obj
 0001:0000ccf0       ??_E?$QValueListPrivate@VQString@@@@UAEPAXI@Z 1000dcf0 f i instanceLookup.obj
 0001:0000cd40       ??_G?$QValueListPrivate@VparamInfo@@@@UAEPAXI@Z 1000dd40 f i instanceLookup.obj
 0001:0000cd40       ??_E?$QValueListPrivate@VparamInfo@@@@UAEPAXI@Z 1000dd40 f i instanceLookup.obj
 0001:0000cd90       ??_G?$QValueListPrivate@VcomplexParam@@@@UAEPAXI@Z 1000dd90 f i instanceLookup.obj
 0001:0000cd90       ??_E?$QValueListPrivate@VcomplexParam@@@@UAEPAXI@Z 1000dd90 f i instanceLookup.obj
 0001:0000cde0       ??_G?$QValueListPrivate@VcomplexInstance@@@@UAEPAXI@Z 1000dde0 f i instanceLookup.obj
 0001:0000cde0       ??_E?$QValueListPrivate@VcomplexInstance@@@@UAEPAXI@Z 1000dde0 f i instanceLookup.obj
 0001:0000ce30       ??_E?$QValueListPrivate@VinstanceInfo@@@@UAEPAXI@Z 1000de30 f i instanceLookup.obj
 0001:0000ce30       ??_G?$QValueListPrivate@VinstanceInfo@@@@UAEPAXI@Z 1000de30 f i instanceLookup.obj
 0001:0000ce80       ??_E?$QValueListPrivate@VdeviceTypeInfo@@@@UAEPAXI@Z 1000de80 f i instanceLookup.obj
 0001:0000ce80       ??_G?$QValueListPrivate@VdeviceTypeInfo@@@@UAEPAXI@Z 1000de80 f i instanceLookup.obj
 0001:0000ced0       ??_E?$QValueListPrivate@VcomplexType@@@@UAEPAXI@Z 1000ded0 f i instanceLookup.obj
 0001:0000ced0       ??_G?$QValueListPrivate@VcomplexType@@@@UAEPAXI@Z 1000ded0 f i instanceLookup.obj
 0001:0000cf20       ??_G?$QValueListNode@VparamInfo@@@@UAEPAXI@Z 1000df20 f i instanceLookup.obj
 0001:0000cf20       ??_E?$QValueListNode@VparamInfo@@@@UAEPAXI@Z 1000df20 f i instanceLookup.obj
 0001:0000cf40       ??1?$QValueListNode@VparamInfo@@@@UAE@XZ 1000df40 f i instanceLookup.obj
 0001:0000cf50       ??_E?$QValueListNode@VcomplexParam@@@@UAEPAXI@Z 1000df50 f i instanceLookup.obj
 0001:0000cf50       ??_G?$QValueListNode@VcomplexParam@@@@UAEPAXI@Z 1000df50 f i instanceLookup.obj
 0001:0000cf70       ??1?$QValueListNode@VcomplexParam@@@@UAE@XZ 1000df70 f i instanceLookup.obj
 0001:0000cf80       ??_E?$QValueListNode@VcomplexInstance@@@@UAEPAXI@Z 1000df80 f i instanceLookup.obj
 0001:0000cf80       ??_G?$QValueListNode@VcomplexInstance@@@@UAEPAXI@Z 1000df80 f i instanceLookup.obj
 0001:0000cfa0       ??1?$QValueListNode@VcomplexInstance@@@@UAE@XZ 1000dfa0 f i instanceLookup.obj
 0001:0000cfb0       ??_E?$QValueListNode@VinstanceInfo@@@@UAEPAXI@Z 1000dfb0 f i instanceLookup.obj
 0001:0000cfb0       ??_G?$QValueListNode@VinstanceInfo@@@@UAEPAXI@Z 1000dfb0 f i instanceLookup.obj
 0001:0000cfd0       ??1?$QValueListNode@VinstanceInfo@@@@UAE@XZ 1000dfd0 f i instanceLookup.obj
 0001:0000cfe0       ??_G?$QValueListNode@VdeviceTypeInfo@@@@UAEPAXI@Z 1000dfe0 f i instanceLookup.obj
 0001:0000cfe0       ??_E?$QValueListNode@VdeviceTypeInfo@@@@UAEPAXI@Z 1000dfe0 f i instanceLookup.obj
 0001:0000d000       ??1?$QValueListNode@VdeviceTypeInfo@@@@UAE@XZ 1000e000 f i instanceLookup.obj
 0001:0000d010       ??_E?$QValueListNode@VcomplexType@@@@UAEPAXI@Z 1000e010 f i instanceLookup.obj
 0001:0000d010       ??_G?$QValueListNode@VcomplexType@@@@UAEPAXI@Z 1000e010 f i instanceLookup.obj
 0001:0000d030       ??1?$QValueListNode@VcomplexType@@@@UAE@XZ 1000e030 f i instanceLookup.obj
 0001:0000d040       ??0?$QValueListPrivate@VQString@@@@QAE@ABV0@@Z 1000e040 f i instanceLookup.obj
 0001:0000d120       ?clear@?$QMapPrivate@VQString@@V1@@@QAEXPAU?$QMapNode@VQString@@V1@@@@Z 1000e120 f i instanceLookup.obj
 0001:0000d160       ??0?$QMapPrivate@VQString@@VparamInfo@@@@QAE@PBV0@@Z 1000e160 f i instanceLookup.obj
 0001:0000d300       ?clear@?$QMapPrivate@VQString@@VparamInfo@@@@QAEXPAU?$QMapNode@VQString@@VparamInfo@@@@@Z 1000e300 f i instanceLookup.obj
 0001:0000d340       ??0?$QMapPrivate@VQString@@VcomplexParam@@@@QAE@PBV0@@Z 1000e340 f i instanceLookup.obj
 0001:0000d4e0       ?clear@?$QMapPrivate@VQString@@VcomplexParam@@@@QAEXPAU?$QMapNode@VQString@@VcomplexParam@@@@@Z 1000e4e0 f i instanceLookup.obj
 0001:0000d520       ??0?$QMapPrivate@VQString@@VcomplexInstance@@@@QAE@PBV0@@Z 1000e520 f i instanceLookup.obj
 0001:0000d6c0       ?clear@?$QMapPrivate@VQString@@VcomplexInstance@@@@QAEXPAU?$QMapNode@VQString@@VcomplexInstance@@@@@Z 1000e6c0 f i instanceLookup.obj
 0001:0000d700       ??0?$QMapPrivate@VQString@@VinstanceInfo@@@@QAE@PBV0@@Z 1000e700 f i instanceLookup.obj
 0001:0000d8a0       ?clear@?$QMapPrivate@VQString@@VinstanceInfo@@@@QAEXPAU?$QMapNode@VQString@@VinstanceInfo@@@@@Z 1000e8a0 f i instanceLookup.obj
 0001:0000d8e0       ??0?$QMapPrivate@VQString@@VdeviceTypeInfo@@@@QAE@PBV0@@Z 1000e8e0 f i instanceLookup.obj
 0001:0000da80       ?clear@?$QMapPrivate@VQString@@VdeviceTypeInfo@@@@QAEXPAU?$QMapNode@VQString@@VdeviceTypeInfo@@@@@Z 1000ea80 f i instanceLookup.obj
 0001:0000dac0       ??0?$QMapPrivate@VQString@@VcomplexType@@@@QAE@PBV0@@Z 1000eac0 f i instanceLookup.obj
 0001:0000dc60       ?clear@?$QMapPrivate@VQString@@VcomplexType@@@@QAEXPAU?$QMapNode@VQString@@VcomplexType@@@@@Z 1000ec60 f i instanceLookup.obj
 0001:0000dca0       ??0?$QValueListPrivate@VparamInfo@@@@QAE@ABV0@@Z 1000eca0 f i instanceLookup.obj
 0001:0000dd70       ??0?$QValueListPrivate@VcomplexParam@@@@QAE@ABV0@@Z 1000ed70 f i instanceLookup.obj
 0001:0000de40       ??0?$QValueListPrivate@VcomplexInstance@@@@QAE@ABV0@@Z 1000ee40 f i instanceLookup.obj
 0001:0000df10       ??0?$QValueListPrivate@VinstanceInfo@@@@QAE@ABV0@@Z 1000ef10 f i instanceLookup.obj
 0001:0000dfe0       ??0?$QValueListPrivate@VdeviceTypeInfo@@@@QAE@ABV0@@Z 1000efe0 f i instanceLookup.obj
 0001:0000e0b0       ??0?$QValueListPrivate@VcomplexType@@@@QAE@ABV0@@Z 1000f0b0 f i instanceLookup.obj
 0001:0000e180       ??0?$QValueListIterator@VcomplexType@@@@QAE@ABV0@@Z 1000f180 f i instanceLookup.obj
 0001:0000e180       ??0?$QValueListIterator@VworkstationSettingsItem@@@@QAE@ABV0@@Z 1000f180 f i instanceLookup.obj
 0001:0000e180       ??0?$QValueListIterator@VcomplexParam@@@@QAE@ABV0@@Z 1000f180 f i instanceLookup.obj
 0001:0000e180       ??0?$QValueListIterator@VdeviceTypeInfo@@@@QAE@ABV0@@Z 1000f180 f i instanceLookup.obj
 0001:0000e180       ??0?$QValueListIterator@VparamInfo@@@@QAE@ABV0@@Z 1000f180 f i instanceLookup.obj
 0001:0000e180       ??0?$QValueListIterator@VinstanceInfo@@@@QAE@ABV0@@Z 1000f180 f i instanceLookup.obj
 0001:0000e180       ??0?$QValueListIterator@VlaunchItem@@@@QAE@ABV0@@Z 1000f180 f i instanceLookup.obj
 0001:0000e180       ??0?$QValueListIterator@VpanelsetItem@@@@QAE@ABV0@@Z 1000f180 f i instanceLookup.obj
 0001:0000e180       ??0?$QValueListIterator@VcomplexInstance@@@@QAE@ABV0@@Z 1000f180 f i instanceLookup.obj
 0001:0000e190       ?copy@?$QMapPrivate@VQString@@VparamInfo@@@@QAEPAU?$QMapNode@VQString@@VparamInfo@@@@PAU2@@Z 1000f190 f i instanceLookup.obj
 0001:0000e2a0       ?insert@?$QMapPrivate@VQString@@VparamInfo@@@@QAE?AV?$QMapIterator@VQString@@VparamInfo@@@@PAUQMapNodeBase@@0ABVQString@@@Z 1000f2a0 f i instanceLookup.obj
 0001:0000e3b0       ?copy@?$QMapPrivate@VQString@@VcomplexParam@@@@QAEPAU?$QMapNode@VQString@@VcomplexParam@@@@PAU2@@Z 1000f3b0 f i instanceLookup.obj
 0001:0000e4c0       ?insert@?$QMapPrivate@VQString@@VcomplexParam@@@@QAE?AV?$QMapIterator@VQString@@VcomplexParam@@@@PAUQMapNodeBase@@0ABVQString@@@Z 1000f4c0 f i instanceLookup.obj
 0001:0000e5d0       ?dec@?$QMapIterator@VQString@@VinstanceInfo@@@@AAEHXZ 1000f5d0 f i instanceLookup.obj
 0001:0000e5d0       ?dec@?$QMapIterator@VQString@@VcomplexInstance@@@@AAEHXZ 1000f5d0 f i instanceLookup.obj
 0001:0000e5d0       ?dec@?$QMapIterator@VQString@@VparamInfo@@@@AAEHXZ 1000f5d0 f i instanceLookup.obj
 0001:0000e5d0       ?dec@?$QMapIterator@VQString@@VdeviceTypeInfo@@@@AAEHXZ 1000f5d0 f i instanceLookup.obj
 0001:0000e5d0       ?dec@?$QMapIterator@VQString@@VcomplexParam@@@@AAEHXZ 1000f5d0 f i instanceLookup.obj
 0001:0000e5d0       ?dec@?$QMapIterator@VQString@@VcomplexType@@@@AAEHXZ 1000f5d0 f i instanceLookup.obj
 0001:0000e620       ?copy@?$QMapPrivate@VQString@@VcomplexInstance@@@@QAEPAU?$QMapNode@VQString@@VcomplexInstance@@@@PAU2@@Z 1000f620 f i instanceLookup.obj
 0001:0000e7f0       ?insert@?$QMapPrivate@VQString@@VcomplexInstance@@@@QAE?AV?$QMapIterator@VQString@@VcomplexInstance@@@@PAUQMapNodeBase@@0ABVQString@@@Z 1000f7f0 f i instanceLookup.obj
 0001:0000e900       ?copy@?$QMapPrivate@VQString@@VinstanceInfo@@@@QAEPAU?$QMapNode@VQString@@VinstanceInfo@@@@PAU2@@Z 1000f900 f i instanceLookup.obj
 0001:0000eb30       ?insert@?$QMapPrivate@VQString@@VinstanceInfo@@@@QAE?AV?$QMapIterator@VQString@@VinstanceInfo@@@@PAUQMapNodeBase@@0ABVQString@@@Z 1000fb30 f i instanceLookup.obj
 0001:0000ec40       ?copy@?$QMapPrivate@VQString@@VdeviceTypeInfo@@@@QAEPAU?$QMapNode@VQString@@VdeviceTypeInfo@@@@PAU2@@Z 1000fc40 f i instanceLookup.obj
 0001:0000ee20       ?insert@?$QMapPrivate@VQString@@VdeviceTypeInfo@@@@QAE?AV?$QMapIterator@VQString@@VdeviceTypeInfo@@@@PAUQMapNodeBase@@0ABVQString@@@Z 1000fe20 f i instanceLookup.obj
 0001:0000ef30       ?copy@?$QMapPrivate@VQString@@VcomplexType@@@@QAEPAU?$QMapNode@VQString@@VcomplexType@@@@PAU2@@Z 1000ff30 f i instanceLookup.obj
 0001:0000f100       ?insert@?$QMapPrivate@VQString@@VcomplexType@@@@QAE?AV?$QMapIterator@VQString@@VcomplexType@@@@PAUQMapNodeBase@@0ABVQString@@@Z 10010100 f i instanceLookup.obj
 0001:0000f210       ??0launchItem@@QAE@ABVQString@@00_NH@Z 10010210 f i launchAccessor.obj
 0001:0000f2e0       ??0launchItem@@QAE@ABV0@@Z 100102e0 f i launchAccessor.obj
 0001:0000f350       ??4launchItem@@QAEAAV0@ABV0@@Z 10010350 f i launchAccessor.obj
 0001:0000f390       ??1launchItem@@QAE@XZ      10010390 f i launchAccessor.obj
 0001:0000f430       ??_FlaunchItem@@QAEXXZ     10010430 f i launchAccessor.obj
 0001:0000f450       ?metaObject@launchAccessor@@UBEPAVQMetaObject@@XZ 10010450 f i launchAccessor.obj
 0001:0000f460       ?load@launchAccessor@@SAPAV1@XZ 10010460 f i launchAccessor.obj
 0001:0000f4e0       ?unload@launchAccessor@@SA_NXZ 100104e0 f i launchAccessor.obj
 0001:0000f520       ??0launchAccessor@@QAE@ABV0@@Z 10010520 f i launchAccessor.obj
 0001:0000f600       ??_ElaunchAccessor@@UAEPAXI@Z 10010600 f i launchAccessor.obj
 0001:0000f660       ??0launchAccessor@@QAE@XZ  10010660 f   launchAccessor.obj
 0001:0000f780       ??1launchAccessor@@UAE@XZ  10010780 f   launchAccessor.obj
 0001:0000f7f0       ?item@launchAccessor@@QAE_NABVQString@@AAV2@AA_NAAV?$QValueList@VlaunchItem@@@@AAH@Z 100107f0 f   launchAccessor.obj
 0001:0000ffc0       ?version@launchAccessor@@QAENXZ 10010fc0 f   launchAccessor.obj
 0001:000100c0       ?setVersion@launchAccessor@@QAEXN@Z 100110c0 f   launchAccessor.obj
 0001:000101e0       ?insertItem@launchAccessor@@QAE_NABVQString@@ABVlaunchItem@@H@Z 100111e0 f   launchAccessor.obj
 0001:000106b0       ?deleteItem@launchAccessor@@QAE_NABVQString@@ABVlaunchItem@@H@Z 100116b0 f   launchAccessor.obj
 0001:00010970       ?promoteItem@launchAccessor@@QAE_NABVQString@@H@Z 10011970 f   launchAccessor.obj
 0001:00010990       ?demoteItem@launchAccessor@@QAE_NABVQString@@H_N@Z 10011990 f   launchAccessor.obj
 0001:00010cc0       ?addWorkstation@launchAccessor@@QAE_NABVQString@@0_NABV?$QValueList@VlaunchItem@@@@@Z 10011cc0 f   launchAccessor.obj
 0001:00011390       ?deleteWorkstation@launchAccessor@@QAE_NABVQString@@@Z 10012390 f   launchAccessor.obj
 0001:00011c00       ?setCurrent@launchAccessor@@QAE_NABVQString@@@Z 10012c00 f   launchAccessor.obj
 0001:00011da0       ?setFirst@launchAccessor@@QAE_NXZ 10012da0 f   launchAccessor.obj
 0001:00011e30       ?setAttribute@launchAccessor@@AAE_NABVQString@@00@Z 10012e30 f   launchAccessor.obj
 0001:00012030       ?setChildAttribute@launchAccessor@@QAE_NABVQString@@H00@Z 10013030 f   launchAccessor.obj
 0001:000122d0       ?childAttribute@launchAccessor@@QAE?AVQString@@ABV2@H0@Z 100132d0 f   launchAccessor.obj
 0001:00012570       ?attribute@launchAccessor@@AAE?AVQString@@ABV2@0@Z 10013570 f   launchAccessor.obj
 0001:00012800       ?isDirty@launchAccessor@@QAE_NXZ 10013800 f   launchAccessor.obj
 0001:00012870       ?itemPos@launchAccessor@@QAEHABVQString@@ABVlaunchItem@@@Z 10013870 f   launchAccessor.obj
 0001:000128a0       ?renamelaunch@launchAccessor@@QAE_NABVQString@@0@Z 100138a0 f   launchAccessor.obj
 0001:00012ae0       ?exists@launchAccessor@@QAE_NABVQString@@@Z 10013ae0 f   launchAccessor.obj
 0001:00012cc0       ?setDirty@launchAccessor@@AAEXXZ 10013cc0 f   launchAccessor.obj
 0001:00012da0       ?csi@launchAccessor@@QAE?AVQString@@ABV2@@Z 10013da0 f   launchAccessor.obj
 0001:00012e40       ?roc@launchAccessor@@QAE_NABVQString@@@Z 10013e40 f   launchAccessor.obj
 0001:00012f10       ?setCSI@launchAccessor@@QAE_NABVQString@@0@Z 10013f10 f   launchAccessor.obj
 0001:00012fb0       ?application@launchAccessor@@QAE?AVQString@@ABV2@H@Z 10013fb0 f   launchAccessor.obj
 0001:00013050       ?setApplication@launchAccessor@@QAE_NABVQString@@H0@Z 10014050 f   launchAccessor.obj
 0001:00013100       ?workingdir@launchAccessor@@QAE?AVQString@@ABV2@H@Z 10014100 f   launchAccessor.obj
 0001:000131a0       ?setWorkingdir@launchAccessor@@QAE_NABVQString@@H0@Z 100141a0 f   launchAccessor.obj
 0001:00013250       ?arguments@launchAccessor@@QAE?AVQString@@ABV2@H@Z 10014250 f   launchAccessor.obj
 0001:000132f0       ?setArguments@launchAccessor@@QAE_NABVQString@@H0@Z 100142f0 f   launchAccessor.obj
 0001:000133a0       ?setROC@launchAccessor@@QAE_NABVQString@@_N@Z 100143a0 f   launchAccessor.obj
 0001:00013490       ?delay@launchAccessor@@QAEHABVQString@@H@Z 10014490 f   launchAccessor.obj
 0001:00013560       ?setDelay@launchAccessor@@QAE_NABVQString@@HH@Z 10014560 f   launchAccessor.obj
 0001:00013690       ?roc@launchAccessor@@QAE_NABVQString@@H@Z 10014690 f   launchAccessor.obj
 0001:00013760       ?setRoc@launchAccessor@@QAE_NABVQString@@H_N@Z 10014760 f   launchAccessor.obj
 0001:00013860       ?getLaunchItem@launchAccessor@@QAE_NABVQString@@HAAVlaunchItem@@@Z 10014860 f   launchAccessor.obj
 0001:00014050       ?end@?$QValueList@VlaunchItem@@@@QAE?AV?$QValueListIterator@VlaunchItem@@@@XZ 10015050 f i launchAccessor.obj
 0001:00014080       ?detachInternal@?$QValueList@VlaunchItem@@@@AAEXXZ 10015080 f i launchAccessor.obj
 0001:00014190       ??_G?$QValueListNode@VlaunchItem@@@@UAEPAXI@Z 10015190 f i launchAccessor.obj
 0001:00014190       ??_E?$QValueListNode@VlaunchItem@@@@UAEPAXI@Z 10015190 f i launchAccessor.obj
 0001:000141b0       ??1?$QValueListNode@VlaunchItem@@@@UAE@XZ 100151b0 f i launchAccessor.obj
 0001:00014250       ??0?$QValueListPrivate@VlaunchItem@@@@QAE@XZ 10015250 f i launchAccessor.obj
 0001:00014380       ?insert@?$QValueListPrivate@VlaunchItem@@@@QAE?AV?$QValueListIterator@VlaunchItem@@@@V2@ABVlaunchItem@@@Z 10015380 f i launchAccessor.obj
 0001:00014440       ??_G?$QValueListPrivate@VlaunchItem@@@@UAEPAXI@Z 10015440 f i launchAccessor.obj
 0001:00014440       ??_E?$QValueListPrivate@VlaunchItem@@@@UAEPAXI@Z 10015440 f i launchAccessor.obj
 0001:00014490       ??0panelsetItem@@QAE@ABVQString@@00@Z 10015490 f i panelsetsAccessor.obj
 0001:00014550       ??0panelsetItem@@QAE@ABV0@@Z 10015550 f i panelsetsAccessor.obj
 0001:000145c0       ??4panelsetItem@@QAEAAV0@ABV0@@Z 100155c0 f i panelsetsAccessor.obj
 0001:000145f0       ??1panelsetItem@@QAE@XZ    100155f0 f i panelsetsAccessor.obj
 0001:00014690       ??_FpanelsetItem@@QAEXXZ   10015690 f i panelsetsAccessor.obj
 0001:000146a0       ?metaObject@panelsetsAccessor@@UBEPAVQMetaObject@@XZ 100156a0 f i panelsetsAccessor.obj
 0001:000146b0       ?load@panelsetsAccessor@@SAPAV1@XZ 100156b0 f i panelsetsAccessor.obj
 0001:00014730       ?unload@panelsetsAccessor@@SA_NXZ 10015730 f i panelsetsAccessor.obj
 0001:00014770       ??0panelsetsAccessor@@QAE@ABV0@@Z 10015770 f i panelsetsAccessor.obj
 0001:00014850       ??_EpanelsetsAccessor@@UAEPAXI@Z 10015850 f i panelsetsAccessor.obj
 0001:000148b0       ??0panelsetsAccessor@@QAE@XZ 100158b0 f   panelsetsAccessor.obj
 0001:000149d0       ??1panelsetsAccessor@@UAE@XZ 100159d0 f   panelsetsAccessor.obj
 0001:00014a40       ?nextItem@panelsetsAccessor@@QAE_NAAVQString@@0AAV?$QValueList@VpanelsetItem@@@@@Z 10015a40 f   panelsetsAccessor.obj
 0001:00014f40       ?item@panelsetsAccessor@@QAE_NABVQString@@AAV2@AAV?$QValueList@VpanelsetItem@@@@AAH@Z 10015f40 f   panelsetsAccessor.obj
 0001:000154b0       ?version@panelsetsAccessor@@QAENXZ 100164b0 f   panelsetsAccessor.obj
 0001:000155b0       ?setVersion@panelsetsAccessor@@QAEXN@Z 100165b0 f   panelsetsAccessor.obj
 0001:000156d0       ?insertItem@panelsetsAccessor@@QAE_NABVQString@@ABVpanelsetItem@@H@Z 100166d0 f   panelsetsAccessor.obj
 0001:00015b30       ?deleteItem@panelsetsAccessor@@QAE_NABVQString@@ABVpanelsetItem@@H@Z 10016b30 f   panelsetsAccessor.obj
 0001:00015ff0       ?promoteItem@panelsetsAccessor@@QAE_NABVQString@@ABVpanelsetItem@@H@Z 10016ff0 f   panelsetsAccessor.obj
 0001:00016010       ?demoteItem@panelsetsAccessor@@QAE_NABVQString@@ABVpanelsetItem@@H_N@Z 10017010 f   panelsetsAccessor.obj
 0001:00016560       ?addPanelset@panelsetsAccessor@@QAE_NABVQString@@0ABV?$QValueList@VpanelsetItem@@@@@Z 10017560 f   panelsetsAccessor.obj
 0001:00016a10       ?deletePanelset@panelsetsAccessor@@QAE_NABVQString@@@Z 10017a10 f   panelsetsAccessor.obj
 0001:00017090       ?setCurrent@panelsetsAccessor@@QAE_NABVQString@@@Z 10018090 f   panelsetsAccessor.obj
 0001:00017230       ?setFirst@panelsetsAccessor@@QAE_NXZ 10018230 f   panelsetsAccessor.obj
 0001:000172c0       ?setAttribute@panelsetsAccessor@@AAE_NABVQString@@00@Z 100182c0 f   panelsetsAccessor.obj
 0001:000174b0       ?attribute@panelsetsAccessor@@AAE?AVQString@@ABV2@0@Z 100184b0 f   panelsetsAccessor.obj
 0001:00017740       ?isDirty@panelsetsAccessor@@QAE_NXZ 10018740 f   panelsetsAccessor.obj
 0001:000177b0       ?itemPos@panelsetsAccessor@@QAEHABVQString@@ABVpanelsetItem@@@Z 100187b0 f   panelsetsAccessor.obj
 0001:00017b80       ?renamePanelset@panelsetsAccessor@@QAE_NABVQString@@0@Z 10018b80 f   panelsetsAccessor.obj
 0001:00017dc0       ?exists@panelsetsAccessor@@QAE_NABVQString@@@Z 10018dc0 f   panelsetsAccessor.obj
 0001:00017fa0       ?setDirty@panelsetsAccessor@@AAEXXZ 10018fa0 f   panelsetsAccessor.obj
 0001:00018080       ?end@?$QValueList@VpanelsetItem@@@@QAE?AV?$QValueListIterator@VpanelsetItem@@@@XZ 10019080 f i panelsetsAccessor.obj
 0001:000180b0       ?detachInternal@?$QValueList@VpanelsetItem@@@@AAEXXZ 100190b0 f i panelsetsAccessor.obj
 0001:000181c0       ??_G?$QValueListNode@VpanelsetItem@@@@UAEPAXI@Z 100191c0 f i panelsetsAccessor.obj
 0001:000181c0       ??_E?$QValueListNode@VpanelsetItem@@@@UAEPAXI@Z 100191c0 f i panelsetsAccessor.obj
 0001:000181e0       ??1?$QValueListNode@VpanelsetItem@@@@UAE@XZ 100191e0 f i panelsetsAccessor.obj
 0001:00018280       ??0?$QValueListPrivate@VpanelsetItem@@@@QAE@XZ 10019280 f i panelsetsAccessor.obj
 0001:000183b0       ?insert@?$QValueListPrivate@VpanelsetItem@@@@QAE?AV?$QValueListIterator@VpanelsetItem@@@@V2@ABVpanelsetItem@@@Z 100193b0 f i panelsetsAccessor.obj
 0001:00018470       ??_E?$QValueListPrivate@VpanelsetItem@@@@UAEPAXI@Z 10019470 f i panelsetsAccessor.obj
 0001:00018470       ??_G?$QValueListPrivate@VpanelsetItem@@@@UAEPAXI@Z 10019470 f i panelsetsAccessor.obj
 0001:000184c0       ?metaObject@usersAccessor@@UBEPAVQMetaObject@@XZ 100194c0 f i usersAccessor.obj
 0001:000184d0       ?load@usersAccessor@@SAPAV1@XZ 100194d0 f i usersAccessor.obj
 0001:00018550       ?unload@usersAccessor@@SA_NXZ 10019550 f i usersAccessor.obj
 0001:00018590       ??0usersAccessor@@QAE@ABV0@@Z 10019590 f i usersAccessor.obj
 0001:00018670       ??_EusersAccessor@@UAEPAXI@Z 10019670 f i usersAccessor.obj
 0001:000186d0       ??0usersAccessor@@QAE@XZ   100196d0 f   usersAccessor.obj
 0001:000187f0       ??1usersAccessor@@UAE@XZ   100197f0 f   usersAccessor.obj
 0001:00018860       ?nextItem@usersAccessor@@QAE_NAAVQString@@00@Z 10019860 f   usersAccessor.obj
 0001:00018ac0       ?version@usersAccessor@@QAENXZ 10019ac0 f   usersAccessor.obj
 0001:00018bc0       ?setVersion@usersAccessor@@QAEXN@Z 10019bc0 f   usersAccessor.obj
 0001:00018ce0       ?setPanelset@usersAccessor@@QAE_NABVQString@@0@Z 10019ce0 f   usersAccessor.obj
 0001:00018d80       ?setEngset@usersAccessor@@QAE_NABVQString@@0@Z 10019d80 f   usersAccessor.obj
 0001:00018e20       ?panelset@usersAccessor@@QAE?AVQString@@ABV2@@Z 10019e20 f   usersAccessor.obj
 0001:00018ec0       ?engset@usersAccessor@@QAE?AVQString@@ABV2@@Z 10019ec0 f   usersAccessor.obj
 0001:00018f60       ?setFirst@usersAccessor@@QAE_NXZ 10019f60 f   usersAccessor.obj
 0001:00018ff0       ?setAttribute@usersAccessor@@AAE_NABVQString@@00@Z 10019ff0 f   usersAccessor.obj
 0001:000191f0       ?attribute@usersAccessor@@AAE?AVQString@@ABV2@0@Z 1001a1f0 f   usersAccessor.obj
 0001:00019480       ?unlock@workstationSettingsAccessor@@QAEXXZ 1001a480 f   usersAccessor.obj
 0001:00019480       ?unlock@launchAccessor@@QAEXXZ 1001a480 f   usersAccessor.obj
 0001:00019480       ?unlock@workstationsAccessor@@QAEXXZ 1001a480 f   usersAccessor.obj
 0001:00019480       ?unlock@usersAccessor@@QAEXXZ 1001a480 f   usersAccessor.obj
 0001:00019480       ?unlock@applicationsAccessor@@QAEXXZ 1001a480 f   usersAccessor.obj
 0001:00019480       ?unlock@panelsetsAccessor@@QAEXXZ 1001a480 f   usersAccessor.obj
 0001:00019490       ?exists@usersAccessor@@QAE_NABVQString@@@Z 1001a490 f   usersAccessor.obj
 0001:00019670       ?isDirty@usersAccessor@@QAE_NXZ 1001a670 f   usersAccessor.obj
 0001:000196e0       ?setDirty@usersAccessor@@AAEXXZ 1001a6e0 f   usersAccessor.obj
 0001:000197c0       ?metaObject@workstationsAccessor@@UBEPAVQMetaObject@@XZ 1001a7c0 f i workstationsAccessor.obj
 0001:000197d0       ?load@workstationsAccessor@@SAPAV1@XZ 1001a7d0 f i workstationsAccessor.obj
 0001:00019850       ?unload@workstationsAccessor@@SA_NXZ 1001a850 f i workstationsAccessor.obj
 0001:00019890       ??0workstationsAccessor@@QAE@ABV0@@Z 1001a890 f i workstationsAccessor.obj
 0001:00019970       ??_EworkstationsAccessor@@UAEPAXI@Z 1001a970 f i workstationsAccessor.obj
 0001:000199d0       ??0workstationsAccessor@@QAE@XZ 1001a9d0 f   workstationsAccessor.obj
 0001:00019af0       ??1workstationsAccessor@@UAE@XZ 1001aaf0 f   workstationsAccessor.obj
 0001:00019b60       ?nextItem@workstationsAccessor@@QAE_NAAVQString@@00@Z 1001ab60 f   workstationsAccessor.obj
 0001:00019dc0       ?version@workstationsAccessor@@QAENXZ 1001adc0 f   workstationsAccessor.obj
 0001:00019ec0       ?setVersion@workstationsAccessor@@QAEXN@Z 1001aec0 f   workstationsAccessor.obj
 0001:00019fe0       ?setName@workstationsAccessor@@QAE_NABVQString@@0@Z 1001afe0 f   workstationsAccessor.obj
 0001:0001a080       ?setUser@workstationsAccessor@@QAE_NABVQString@@0@Z 1001b080 f   workstationsAccessor.obj
 0001:0001a120       ?addWorkstation@workstationsAccessor@@QAE_NABVQString@@00@Z 1001b120 f   workstationsAccessor.obj
 0001:0001a310       ?deleteWorkstation@workstationsAccessor@@QAE_NABVQString@@@Z 1001b310 f   workstationsAccessor.obj
 0001:0001a510       ?item@workstationsAccessor@@QAE_NABVQString@@AAV2@1@Z 1001b510 f   workstationsAccessor.obj
 0001:0001a800       ?name@workstationsAccessor@@QAE?AVQString@@ABV2@@Z 1001b800 f   workstationsAccessor.obj
 0001:0001a8a0       ?user@workstationsAccessor@@QAE?AVQString@@ABV2@@Z 1001b8a0 f   workstationsAccessor.obj
 0001:0001a940       ?rename@workstationsAccessor@@QAE_NABVQString@@V2@@Z 1001b940 f   workstationsAccessor.obj
 0001:0001a9c0       ?setCurrent@workstationsAccessor@@QAE_NABVQString@@@Z 1001b9c0 f   workstationsAccessor.obj
 0001:0001ab60       ?setFirst@workstationsAccessor@@QAE_NXZ 1001bb60 f   workstationsAccessor.obj
 0001:0001abf0       ?setAttribute@workstationsAccessor@@AAE_NABVQString@@00@Z 1001bbf0 f   workstationsAccessor.obj
 0001:0001adf0       ?attribute@workstationsAccessor@@AAE?AVQString@@ABV2@0@Z 1001bdf0 f   workstationsAccessor.obj
 0001:0001b080       ?exists@workstationsAccessor@@QAE_NABVQString@@@Z 1001c080 f   workstationsAccessor.obj
 0001:0001b260       ?isDirty@workstationsAccessor@@QAE_NXZ 1001c260 f   workstationsAccessor.obj
 0001:0001b2d0       ?setDirty@workstationsAccessor@@AAEXXZ 1001c2d0 f   workstationsAccessor.obj
 0001:0001b3b0       ??0workstationSettingsItem@@QAE@ABVQString@@0@Z 1001c3b0 f i workstationSettingsAccessor.obj
 0001:0001b440       ??0workstationSettingsItem@@QAE@ABV0@@Z 1001c440 f i workstationSettingsAccessor.obj
 0001:0001b4a0       ??4workstationSettingsItem@@QAEAAV0@ABV0@@Z 1001c4a0 f i workstationSettingsAccessor.obj
 0001:0001b4d0       ??1workstationSettingsItem@@QAE@XZ 1001c4d0 f i workstationSettingsAccessor.obj
 0001:0001b550       ??_FworkstationSettingsItem@@QAEXXZ 1001c550 f i workstationSettingsAccessor.obj
 0001:0001b560       ?metaObject@workstationSettingsAccessor@@UBEPAVQMetaObject@@XZ 1001c560 f i workstationSettingsAccessor.obj
 0001:0001b570       ?load@workstationSettingsAccessor@@SAPAV1@XZ 1001c570 f i workstationSettingsAccessor.obj
 0001:0001b5f0       ?unload@workstationSettingsAccessor@@SA_NXZ 1001c5f0 f i workstationSettingsAccessor.obj
 0001:0001b630       ??0workstationSettingsAccessor@@QAE@ABV0@@Z 1001c630 f i workstationSettingsAccessor.obj
 0001:0001b710       ??4usersAccessor@@QAEAAV0@ABV0@@Z 1001c710 f i workstationSettingsAccessor.obj
 0001:0001b710       ??4applicationsAccessor@@QAEAAV0@ABV0@@Z 1001c710 f i workstationSettingsAccessor.obj
 0001:0001b710       ??4workstationSettingsAccessor@@QAEAAV0@ABV0@@Z 1001c710 f i workstationSettingsAccessor.obj
 0001:0001b710       ??4workstationsAccessor@@QAEAAV0@ABV0@@Z 1001c710 f i workstationSettingsAccessor.obj
 0001:0001b710       ??4panelsetsAccessor@@QAEAAV0@ABV0@@Z 1001c710 f i workstationSettingsAccessor.obj
 0001:0001b710       ??4launchAccessor@@QAEAAV0@ABV0@@Z 1001c710 f i workstationSettingsAccessor.obj
 0001:0001b7d0       ??_EworkstationSettingsAccessor@@UAEPAXI@Z 1001c7d0 f i workstationSettingsAccessor.obj
 0001:0001b830       ??0workstationSettingsAccessor@@QAE@XZ 1001c830 f   workstationSettingsAccessor.obj
 0001:0001b950       ??1workstationSettingsAccessor@@UAE@XZ 1001c950 f   workstationSettingsAccessor.obj
 0001:0001b9c0       ?nextItem@workstationSettingsAccessor@@QAE_NAAVQString@@AAV?$QValueList@VworkstationSettingsItem@@@@@Z 1001c9c0 f   workstationSettingsAccessor.obj
 0001:0001bd70       ?item@workstationSettingsAccessor@@QAE_NABVQString@@AAV?$QValueList@VworkstationSettingsItem@@@@@Z 1001cd70 f   workstationSettingsAccessor.obj
 0001:0001c1b0       ?version@workstationSettingsAccessor@@QAENXZ 1001d1b0 f   workstationSettingsAccessor.obj
 0001:0001c2b0       ?setVersion@workstationSettingsAccessor@@QAEXN@Z 1001d2b0 f   workstationSettingsAccessor.obj
 0001:0001c3d0       ?insertItem@workstationSettingsAccessor@@QAE_NABVQString@@ABVworkstationSettingsItem@@@Z 1001d3d0 f   workstationSettingsAccessor.obj
 0001:0001c6e0       ?deleteItem@workstationSettingsAccessor@@QAE_NABVQString@@ABVworkstationSettingsItem@@@Z 1001d6e0 f   workstationSettingsAccessor.obj
 0001:0001ca30       ?addWorkstation@workstationSettingsAccessor@@QAE_NABVQString@@ABV?$QValueList@VworkstationSettingsItem@@@@@Z 1001da30 f   workstationSettingsAccessor.obj
 0001:0001cea0       ?deleteWorkstation@workstationSettingsAccessor@@QAE_NABVQString@@@Z 1001dea0 f   workstationSettingsAccessor.obj
 0001:0001d3b0       ?setCurrent@workstationSettingsAccessor@@QAE_NABVQString@@@Z 1001e3b0 f   workstationSettingsAccessor.obj
 0001:0001d550       ?setFirst@workstationSettingsAccessor@@QAE_NXZ 1001e550 f   workstationSettingsAccessor.obj
 0001:0001d5e0       ?setAttribute@workstationSettingsAccessor@@AAE_NABVQString@@00@Z 1001e5e0 f   workstationSettingsAccessor.obj
 0001:0001d7d0       ?attribute@workstationSettingsAccessor@@AAE?AVQString@@ABV2@0@Z 1001e7d0 f   workstationSettingsAccessor.obj
 0001:0001da60       ?lock@usersAccessor@@QAEXXZ 1001ea60 f   workstationSettingsAccessor.obj
 0001:0001da60       ?lock@workstationSettingsAccessor@@QAEXXZ 1001ea60 f   workstationSettingsAccessor.obj
 0001:0001da60       ?lock@launchAccessor@@QAEXXZ 1001ea60 f   workstationSettingsAccessor.obj
 0001:0001da60       ?lock@panelsetsAccessor@@QAEXXZ 1001ea60 f   workstationSettingsAccessor.obj
 0001:0001da60       ?lock@applicationsAccessor@@QAEXXZ 1001ea60 f   workstationSettingsAccessor.obj
 0001:0001da60       ?lock@workstationsAccessor@@QAEXXZ 1001ea60 f   workstationSettingsAccessor.obj
 0001:0001da70       ?isDirty@workstationSettingsAccessor@@QAE_NXZ 1001ea70 f   workstationSettingsAccessor.obj
 0001:0001dae0       ?renameWorkstation@workstationSettingsAccessor@@QAE_NABVQString@@0@Z 1001eae0 f   workstationSettingsAccessor.obj
 0001:0001dd20       ?exists@workstationSettingsAccessor@@QAE_NABVQString@@@Z 1001ed20 f   workstationSettingsAccessor.obj
 0001:0001df00       ?setDirty@workstationSettingsAccessor@@AAEXXZ 1001ef00 f   workstationSettingsAccessor.obj
 0001:0001dfe0       ?setUndo@workstationSettingsAccessor@@QAEX_N@Z 1001efe0 f   workstationSettingsAccessor.obj
 0001:0001dfe0       ?setUndo@panelsetsAccessor@@QAEX_N@Z 1001efe0 f   workstationSettingsAccessor.obj
 0001:0001dfe0       ?setUndo@workstationsAccessor@@QAEX_N@Z 1001efe0 f   workstationSettingsAccessor.obj
 0001:0001dfe0       ?setUndo@launchAccessor@@QAEX_N@Z 1001efe0 f   workstationSettingsAccessor.obj
 0001:0001dfe0       ?setUndo@applicationsAccessor@@QAEX_N@Z 1001efe0 f   workstationSettingsAccessor.obj
 0001:0001dfe0       ?setUndo@usersAccessor@@QAEX_N@Z 1001efe0 f   workstationSettingsAccessor.obj
 0001:0001dff0       ?exists@workstationSettingsAccessor@@QAE_NABVQString@@0@Z 1001eff0 f   workstationSettingsAccessor.obj
 0001:0001e310       ?value@workstationSettingsAccessor@@QAE?AVQString@@ABV2@0@Z 1001f310 f   workstationSettingsAccessor.obj
 0001:0001e6a0       ?setValue@workstationSettingsAccessor@@QAE_NABVQString@@00@Z 1001f6a0 f   workstationSettingsAccessor.obj
 0001:0001ea30       ?end@?$QValueList@VworkstationSettingsItem@@@@QAE?AV?$QValueListIterator@VworkstationSettingsItem@@@@XZ 1001fa30 f i workstationSettingsAccessor.obj
 0001:0001ea60       ?detachInternal@?$QValueList@VworkstationSettingsItem@@@@AAEXXZ 1001fa60 f i workstationSettingsAccessor.obj
 0001:0001eb70       ??_G?$QValueListNode@VworkstationSettingsItem@@@@UAEPAXI@Z 1001fb70 f i workstationSettingsAccessor.obj
 0001:0001eb70       ??_E?$QValueListNode@VworkstationSettingsItem@@@@UAEPAXI@Z 1001fb70 f i workstationSettingsAccessor.obj
 0001:0001eb90       ??1?$QValueListNode@VworkstationSettingsItem@@@@UAE@XZ 1001fb90 f i workstationSettingsAccessor.obj
 0001:0001ec10       ?insert@?$QValueListPrivate@VworkstationSettingsItem@@@@QAE?AV?$QValueListIterator@VworkstationSettingsItem@@@@V2@ABVworkstationSettingsItem@@@Z 1001fc10 f i workstationSettingsAccessor.obj
 0001:0001ecc0       ??_G?$QValueListPrivate@VworkstationSettingsItem@@@@UAEPAXI@Z 1001fcc0 f i workstationSettingsAccessor.obj
 0001:0001ecc0       ??_E?$QValueListPrivate@VworkstationSettingsItem@@@@UAEPAXI@Z 1001fcc0 f i workstationSettingsAccessor.obj
 0001:0001ed10       ??0?$QValueListNode@VworkstationSettingsItem@@@@QAE@XZ 1001fd10 f i workstationSettingsAccessor.obj
 0001:0001edb0       ?className@applicationsAccessor@@UBEPBDXZ 1001fdb0 f   moc_applicationsAccessor.obj
 0001:0001ee10       ?tr@applicationsAccessor@@SA?AVQString@@PBD0@Z 1001fe10 f   moc_applicationsAccessor.obj
 0001:0001ee60       ?trUtf8@applicationsAccessor@@SA?AVQString@@PBD0@Z 1001fe60 f   moc_applicationsAccessor.obj
 0001:0001eeb0       ?staticMetaObject@applicationsAccessor@@SAPAVQMetaObject@@XZ 1001feb0 f   moc_applicationsAccessor.obj
 0001:0001f120       ?qt_cast@applicationsAccessor@@UAEPAXPBD@Z 10020120 f   moc_applicationsAccessor.obj
 0001:0001f190       ?captionChanged@applicationsAccessor@@IAEXABVQString@@0@Z 10020190 f   moc_applicationsAccessor.obj
 0001:0001f260       ?titleChanged@applicationsAccessor@@IAEXABVQString@@0@Z 10020260 f   moc_applicationsAccessor.obj
 0001:0001f330       ?typeChanged@applicationsAccessor@@IAEXABVQString@@0@Z 10020330 f   moc_applicationsAccessor.obj
 0001:0001f410       ?iconChanged@applicationsAccessor@@IAEXABVQString@@0@Z 10020410 f   moc_applicationsAccessor.obj
 0001:0001f4f0       ?itemAdded@applicationsAccessor@@IAEXABVQString@@0000@Z 100204f0 f   moc_applicationsAccessor.obj
 0001:0001f620       ?itemDeleted@applicationsAccessor@@IAEXABVQString@@@Z 10020620 f   moc_applicationsAccessor.obj
 0001:0001f680       ?itemRenamed@applicationsAccessor@@IAEXABVQString@@0@Z 10020680 f   moc_applicationsAccessor.obj
 0001:0001f760       ?dirty@applicationsAccessor@@IAEX_N@Z 10020760 f   moc_applicationsAccessor.obj
 0001:0001f780       ?qt_emit@applicationsAccessor@@UAE_NHPAUQUObject@@@Z 10020780 f   moc_applicationsAccessor.obj
 0001:0001f8b0       ?className@launchAccessor@@UBEPBDXZ 100208b0 f   moc_launchAccessor.obj
 0001:0001f910       ?tr@launchAccessor@@SA?AVQString@@PBD0@Z 10020910 f   moc_launchAccessor.obj
 0001:0001f960       ?trUtf8@launchAccessor@@SA?AVQString@@PBD0@Z 10020960 f   moc_launchAccessor.obj
 0001:0001f9b0       ?staticMetaObject@launchAccessor@@SAPAVQMetaObject@@XZ 100209b0 f   moc_launchAccessor.obj
 0001:0001fe80       ?qt_cast@launchAccessor@@UAEPAXPBD@Z 10020e80 f   moc_launchAccessor.obj
 0001:0001fef0       ?launchAdded@launchAccessor@@IAEXABVQString@@0_NABV?$QValueList@VlaunchItem@@@@@Z 10020ef0 f   moc_launchAccessor.obj
 0001:00020010       ?launchRenamed@launchAccessor@@IAEXABVQString@@0@Z 10021010 f   moc_launchAccessor.obj
 0001:000200e0       ?launchDeleted@launchAccessor@@IAEXABVQString@@0_NABV?$QValueList@VlaunchItem@@@@@Z 100210e0 f   moc_launchAccessor.obj
 0001:00020200       ?itemAdded@launchAccessor@@IAEXABVQString@@ABVlaunchItem@@H@Z 10021200 f   moc_launchAccessor.obj
 0001:00020300       ?itemDeleted@launchAccessor@@IAEXABVQString@@ABVlaunchItem@@H@Z 10021300 f   moc_launchAccessor.obj
[...]
 0002:00005b98       __IMPORT_DESCRIPTOR_qt-mt323 1002eb98     qt-mt323:qt-mt323.dll
 0002:00005bac       __IMPORT_DESCRIPTOR_bncs_string 1002ebac     bncs_string:bncs_string.dll
 0002:00005bc0       __IMPORT_DESCRIPTOR_bncs_cachedData 1002ebc0     bncs_cachedData:bncs_cachedData.dll
 0002:00005bd4       __IMPORT_DESCRIPTOR_MSVCP60 1002ebd4     msvcprt:MSVCP60.dll
 0002:00005be8       __IMPORT_DESCRIPTOR_MSVCRT 1002ebe8     MSVCRT:MSVCRT.dll
 0002:00005bfc       __IMPORT_DESCRIPTOR_KERNEL32 1002ebfc     kernel32:KERNEL32.dll
 0002:00005c10       __NULL_IMPORT_DESCRIPTOR   1002ec10     qt-mt323:qt-mt323.dll
 0003:00000000       ___xc_a                    1003a000     MSVCRT:cinitexe.obj
 0003:00000020       ___xc_z                    1003a020     MSVCRT:cinitexe.obj
 0003:00000024       ___xi_a                    1003a024     MSVCRT:cinitexe.obj
 0003:00000028       ___xi_z                    1003a028     MSVCRT:cinitexe.obj
 0003:00000030       ??_C@_0N@FLL@applications?$AA@ 1003a030     applicationsAccessor.obj
 0003:00000040       ??_C@_04DHFN@icon?$AA@     1003a040     applicationsAccessor.obj
 0003:00000048       ??_C@_05LHJG@title?$AA@    1003a048     applicationsAccessor.obj
 0003:00000050       ??_C@_07IOAK@caption?$AA@  1003a050     applicationsAccessor.obj
 0003:00000058       ??_C@_04PIKN@type?$AA@     1003a058     applicationsAccessor.obj
 0003:00000060       ??_C@_02IBHF@id?$AA@       1003a060     applicationsAccessor.obj
 0003:00000064       ??_C@_07BPOH@version?$AA@  1003a064     applicationsAccessor.obj
 0003:0000006c       ??_C@_02MIFF@?$CF1?$AA@    1003a06c     applicationsAccessor.obj
 0003:00000070       ??_C@_03NOGH@app?$AA@      1003a070     applicationsAccessor.obj
 0003:00000074       ??_C@_0BI@PHJO@ASSERT?3?5?$CC?$CFs?$CC?5in?5?$CFs?5?$CI?$CFd?$CJ?$AA@ 1003a074     bncs_config.obj
 0003:0000008c       ??_C@_0L@MGKG@i?5?$DM?$DN?5nodes?$AA@ 1003a08c     bncs_config.obj
 0003:00000098       ??_C@_0CB@GILJ@C?3?2Qt?23?42?43?2include?2qvaluelist?4h@ 1003a098     bncs_config.obj
 0003:000000bc       ??_C@_01PJCK@?4?$AA@       1003a0bc     bncs_config.obj
 0003:000000c0       ??_C@_04KGPJ@?4xml?$AA@    1003a0c0     bncs_config.obj
 0003:000000c8       ??_C@_08IEIC@?1config?1?$AA@ 1003a0c8     bncs_config.obj
 0003:000000d4       ??_C@_09EFEJ@CC_SYSTEM?$AA@ 1003a0d4     bncs_config.obj
 0003:000000e0       ??_C@_01FDLN@?1?$AA@       1003a0e0     bncs_config.obj
 0003:000000e4       ??_C@_07FCNI@CC_ROOT?$AA@  1003a0e4     bncs_config.obj
 0003:000000ec       ??_C@_06MNIG@launch?$AA@   1003a0ec     launchAccessor.obj
 0003:000000f4       ??_C@_04OPJK@name?$AA@     1003a0f4     launchAccessor.obj
 0003:000000fc       ??_C@_09MJIH@arguments?$AA@ 1003a0fc     launchAccessor.obj
 0003:00000108       ??_C@_0L@MFIH@workingdir?$AA@ 1003a108     launchAccessor.obj
 0003:00000114       ??_C@_0P@OEIG@restartoncrash?$AA@ 1003a114     launchAccessor.obj
 0003:00000124       ??_C@_05BFAE@delay?$AA@    1003a124     launchAccessor.obj
 0003:0000012c       ??_C@_04NCCD@true?$AA@     1003a12c     launchAccessor.obj
 0003:00000134       ??_C@_0O@NJKE@rebootoncrash?$AA@ 1003a134     launchAccessor.obj
 0003:00000144       ??_C@_03BGOK@csi?$AA@      1003a144     launchAccessor.obj
 0003:00000148       ??_C@_0M@FCPB@application?$AA@ 1003a148     launchAccessor.obj
 0003:00000154       ??_C@_0M@KGLD@workstation?$AA@ 1003a154     launchAccessor.obj
 0003:00000160       ??_C@_05NAGO@false?$AA@    1003a160     launchAccessor.obj
 0003:00000168       ??_C@_07DDC@app?5is?5?$AA@ 1003a168     launchAccessor.obj
 0003:00000170       ??_C@_09DJIL@panelsets?$AA@ 1003a170     panelsetsAccessor.obj
 0003:0000017c       ??_C@_05FMAI@param?$AA@    1003a17c     panelsetsAccessor.obj
 0003:00000184       ??_C@_04COF@None?$AA@      1003a184     panelsetsAccessor.obj
 0003:0000018c       ??_C@_05LGKP@class?$AA@    1003a18c     panelsetsAccessor.obj
 0003:00000194       ??_C@_05PCMN@level?$AA@    1003a194     panelsetsAccessor.obj
 0003:0000019c       ??_C@_04MPOO@item?$AA@     1003a19c     panelsetsAccessor.obj
 0003:000001a4       ??_C@_04KIKH@none?$AA@     1003a1a4     panelsetsAccessor.obj
 0003:000001ac       ??_C@_03NHNF@set?$AA@      1003a1ac     panelsetsAccessor.obj
 0003:000001b0       ??_C@_05KPNK@users?$AA@    1003a1b0     usersAccessor.obj
 0003:000001b8       ??_C@_06IK@engset?$AA@     1003a1b8     usersAccessor.obj
 0003:000001c0       ??_C@_08GCJP@panelset?$AA@ 1003a1c0     usersAccessor.obj
 0003:000001cc       ??_C@_0N@PNEP@workstations?$AA@ 1003a1cc     workstationsAccessor.obj
 0003:000001dc       ??_C@_04DDFL@user?$AA@     1003a1dc     workstationsAccessor.obj
 0003:000001e4       ??_C@_0BF@JIII@workstation_settings?$AA@ 1003a1e4     workstationSettingsAccessor.obj
 0003:000001fc       ??_C@_05KFME@value?$AA@    1003a1fc     workstationSettingsAccessor.obj
 0003:00000204       ??_C@_07FJMA@setting?$AA@  1003a204     workstationSettingsAccessor.obj
 0003:0000020c       ??_C@_0M@BNIP@dirty?$CIbool?$CJ?$AA@ 1003a20c     moc_applicationsAccessor.obj
 0003:00000218       ??_C@_0CL@EDIA@itemRenamed?$CIconst?5QString?$CG?0const@ 1003a218     moc_applicationsAccessor.obj
 0003:00000244       ??_C@_0BM@FBHG@itemDeleted?$CIconst?5QString?$CG?$CJ?$AA@ 1003a244     moc_applicationsAccessor.obj
 0003:00000260       ??_C@_0FG@MCKD@itemAdded?$CIconst?5QString?$CG?0const?5Q@ 1003a260     moc_applicationsAccessor.obj
 0003:000002b8       ??_C@_0CL@IIN@iconChanged?$CIconst?5QString?$CG?0const@ 1003a2b8     moc_applicationsAccessor.obj
 0003:000002e4       ??_C@_0CL@OGKJ@typeChanged?$CIconst?5QString?$CG?0const@ 1003a2e4     moc_applicationsAccessor.obj
 0003:00000310       ??_C@_0CM@NOKE@titleChanged?$CIconst?5QString?$CG?0cons@ 1003a310     moc_applicationsAccessor.obj
 0003:0000033c       ??_C@_0CO@MCHM@captionChanged?$CIconst?5QString?$CG?0co@ 1003a33c     moc_applicationsAccessor.obj
 0003:0000036c       ??_C@_05NBNN@dirty?$AA@    1003a36c     moc_applicationsAccessor.obj
 0003:00000374       ??_C@_0M@IKFJ@itemRenamed?$AA@ 1003a374     moc_applicationsAccessor.obj
 0003:00000480       ??_C@_07IPOE@oldname?$AA@  1003a480     moc_applicationsAccessor.obj
 0003:00000488       ??_C@_0M@LCLF@itemDeleted?$AA@ 1003a488     moc_applicationsAccessor.obj
 0003:00000494       ??_C@_09NFEA@itemAdded?$AA@ 1003a494     moc_applicationsAccessor.obj
 0003:000004a0       ??_C@_0M@LLBI@iconChanged?$AA@ 1003a4a0     moc_applicationsAccessor.obj
 0003:000004ac       ??_C@_0M@HKKE@typeChanged?$AA@ 1003a4ac     moc_applicationsAccessor.obj
 0003:000004b8       ??_C@_0N@JJFM@titleChanged?$AA@ 1003a4b8     moc_applicationsAccessor.obj
 0003:000004c8       ??_C@_0P@KGMJ@captionChanged?$AA@ 1003a4c8     moc_applicationsAccessor.obj
 0003:000004d8       ??_C@_03DCHJ@key?$AA@      1003a4d8     moc_applicationsAccessor.obj
 0003:000004dc       ??_C@_0BF@CGAP@applicationsAccessor?$AA@ 1003a4dc     moc_applicationsAccessor.obj
 0003:000004f4       ??_C@_07HLOK@newname?$AA@  1003a4f4     moc_applicationsAccessor.obj
 0003:000004fc       ??_C@_0CF@JADD@delayChanged?$CIconst?5QString?$CG?0int?0@ 1003a4fc     moc_launchAccessor.obj
 0003:00000524       ??_C@_0DE@DNJM@argumentsChanged?$CIconst?5QString?$CG?0@ 1003a524     moc_launchAccessor.obj
 0003:00000558       ??_C@_0DF@BOOM@workingdirChanged?$CIconst?5QString?$CG@ 1003a558     moc_launchAccessor.obj
 0003:00000590       ??_C@_0DG@PPIO@applicationChanged?$CIconst?5QString@ 1003a590     moc_launchAccessor.obj
 0003:000005c8       ??_C@_0CA@BNBK@rocChanged?$CIconst?5QString?$CG?0bool?$CJ?$AA@ 1003a5c8     moc_launchAccessor.obj
 0003:000005e8       ??_C@_0CK@IFEG@csiChanged?$CIconst?5QString?$CG?0const?5@ 1003a5e8     moc_launchAccessor.obj
 0003:00000614       ??_C@_0CA@KKHP@itemDemoted?$CIconst?5QString?$CG?0int?$CJ?$AA@ 1003a614     moc_launchAccessor.obj
 0003:00000634       ??_C@_0CB@FDLC@itemPromoted?$CIconst?5QString?$CG?0int?$CJ@ 1003a634     moc_launchAccessor.obj
 0003:00000658       ??_C@_0DC@FNJG@itemDeleted?$CIconst?5QString?$CG?0const@ 1003a658     moc_launchAccessor.obj
 0003:0000068c       ??_C@_0DA@CONB@itemAdded?$CIconst?5QString?$CG?0const?5l@ 1003a68c     moc_launchAccessor.obj
 0003:000006bc       ??_C@_0EI@JEMO@launchDeleted?$CIconst?5QString?$CG?0con@ 1003a6bc     moc_launchAccessor.obj
 0003:00000704       ??_C@_0CN@CMLH@launchRenamed?$CIconst?5QString?$CG?0con@ 1003a704     moc_launchAccessor.obj
 0003:00000734       ??_C@_0EG@CEM@launchAdded?$CIconst?5QString?$CG?0const@ 1003a734     moc_launchAccessor.obj
 0003:0000077c       ??_C@_0N@BIN@delayChanged?$AA@ 1003a77c     moc_launchAccessor.obj
 0003:000009d0       ??_C@_0BB@BDBC@argumentsChanged?$AA@ 1003a9d0     moc_launchAccessor.obj
 0003:000009e4       ??_C@_0BC@DHMC@workingdirChanged?$AA@ 1003a9e4     moc_launchAccessor.obj
 0003:000009f8       ??_C@_0BD@FKBO@applicationChanged?$AA@ 1003a9f8     moc_launchAccessor.obj
 0003:00000a0c       ??_C@_0L@KNOH@rocChanged?$AA@ 1003aa0c     moc_launchAccessor.obj
 0003:00000a18       ??_C@_0L@DAML@csiChanged?$AA@ 1003aa18     moc_launchAccessor.obj
 0003:00000a24       ??_C@_0M@HCKE@itemDemoted?$AA@ 1003aa24     moc_launchAccessor.obj
 0003:00000a30       ??_C@_0N@JOHE@itemPromoted?$AA@ 1003aa30     moc_launchAccessor.obj
 0003:00000a40       ??_C@_0O@IOJJ@launchDeleted?$AA@ 1003aa40     moc_launchAccessor.obj
 0003:00000a50       ??_C@_0O@LGHF@launchRenamed?$AA@ 1003aa50     moc_launchAccessor.obj
 0003:00000a60       ??_C@_05MNEK@wsOld?$AA@    1003aa60     moc_launchAccessor.obj
 0003:00000a68       ??_C@_0M@BGGO@launchAdded?$AA@ 1003aa68     moc_launchAccessor.obj
 0003:00000a74       ??_C@_02NFOC@ws?$AA@       1003aa74     moc_launchAccessor.obj
 0003:00000a78       ??_C@_0P@INHA@launchAccessor?$AA@ 1003aa78     moc_launchAccessor.obj
 0003:00000a88       ??_C@_03OCHL@row?$AA@      1003aa88     moc_launchAccessor.obj
 0003:00000a8c       ??_C@_0L@FLBF@launchItem?$AA@ 1003aa8c     moc_launchAccessor.obj
 0003:00000a98       ??_C@_03OMAK@pos?$AA@      1003aa98     moc_launchAccessor.obj
 0003:00000a9c       ??_C@_05GKGL@wsNew?$AA@    1003aa9c     moc_launchAccessor.obj
 0003:00000aa4       ??_C@_04JOGO@list?$AA@     1003aaa4     moc_launchAccessor.obj
 0003:00000aac       ??_C@_03OBFH@roc?$AA@      1003aaac     moc_launchAccessor.obj
 0003:00000ab0       ??_C@_0P@NAMG@launchItemList?$AA@ 1003aab0     moc_launchAccessor.obj
 0003:00000ac0       ??_C@_0DE@GJPC@itemDemoted?$CIconst?5QString?$CG?0const@ 1003aac0     moc_panelsetsAccessor.obj
 0003:00000af4       ??_C@_0DF@HKHB@itemPromoted?$CIconst?5QString?$CG?0cons@ 1003aaf4     moc_panelsetsAccessor.obj
 0003:00000b2c       ??_C@_0DE@OFNB@itemDeleted?$CIconst?5QString?$CG?0const@ 1003ab2c     moc_panelsetsAccessor.obj
 0003:00000b60       ??_C@_0DC@LPNG@itemAdded?$CIconst?5QString?$CG?0const?5p@ 1003ab60     moc_panelsetsAccessor.obj
 0003:00000b94       ??_C@_0EH@BOEL@panelsetDeleted?$CIconst?5QString?$CG?0c@ 1003ab94     moc_panelsetsAccessor.obj
 0003:00000bdc       ??_C@_0CP@IAE@panelsetRenamed?$CIconst?5QString?$CG?0c@ 1003abdc     moc_panelsetsAccessor.obj
 0003:00000c0c       ??_C@_0EF@PGKM@panelsetAdded?$CIconst?5QString?$CG?0con@ 1003ac0c     moc_panelsetsAccessor.obj
 0003:00000d98       ??_C@_0BA@LJLD@panelsetDeleted?$AA@ 1003ad98     moc_panelsetsAccessor.obj
 0003:00000da8       ??_C@_0BA@IBFP@panelsetRenamed?$AA@ 1003ada8     moc_panelsetsAccessor.obj
 0003:00000db8       ??_C@_0M@LNC@panelsetOld?$AA@ 1003adb8     moc_panelsetsAccessor.obj
 0003:00000dc4       ??_C@_0O@CPAF@panelsetAdded?$AA@ 1003adc4     moc_panelsetsAccessor.obj
 0003:00000dd4       ??_C@_0BC@FFEJ@panelsetsAccessor?$AA@ 1003add4     moc_panelsetsAccessor.obj
 0003:00000de8       ??_C@_08BOHH@position?$AA@ 1003ade8     moc_panelsetsAccessor.obj
 0003:00000df4       ??_C@_0N@DAMB@panelsetItem?$AA@ 1003adf4     moc_panelsetsAccessor.obj
 0003:00000e04       ??_C@_0M@KMPD@panelsetNew?$AA@ 1003ae04     moc_panelsetsAccessor.obj
 0003:00000e10       ??_C@_0BB@MAPB@panelsetItemList?$AA@ 1003ae10     moc_panelsetsAccessor.obj
 0003:00000e24       ??_C@_0DI@OEHC@itemAdded?$CIconst?5QString?$CG?0const?5Q@ 1003ae24     moc_usersAccessor.obj
 0003:00000e5c       ??_C@_0CN@ONHM@engsetChanged?$CIconst?5QString?$CG?0con@ 1003ae5c     moc_usersAccessor.obj
 0003:00000e8c       ??_C@_0CP@MCEA@panelsetChanged?$CIconst?5QString?$CG?0c@ 1003ae8c     moc_usersAccessor.obj
 0003:00000f60       ??_C@_0O@PLH@engsetChanged?$AA@ 1003af60     moc_usersAccessor.obj
 0003:00000f70       ??_C@_0BA@KNNH@panelsetChanged?$AA@ 1003af70     moc_usersAccessor.obj
 0003:00000f80       ??_C@_0O@EHMN@usersAccessor?$AA@ 1003af80     moc_usersAccessor.obj
 0003:00000f90       ??_C@_0CL@GHCJ@userChanged?$CIconst?5QString?$CG?0const@ 1003af90     moc_workstationsAccessor.obj
 0003:00000fbc       ??_C@_0CL@FADG@nameChanged?$CIconst?5QString?$CG?0const@ 1003afbc     moc_workstationsAccessor.obj
 0003:00001088       ??_C@_0M@GEHH@userChanged?$AA@ 1003b088     moc_workstationsAccessor.obj
 0003:00001094       ??_C@_0M@CMKE@nameChanged?$AA@ 1003b094     moc_workstationsAccessor.obj
 0003:000010a0       ??_C@_0BF@KLKA@workstationsAccessor?$AA@ 1003b0a0     moc_workstationsAccessor.obj
 0003:000010b8       ??_C@_0DL@EDAP@itemDeleted?$CIconst?5QString?$CG?0const@ 1003b0b8     moc_workstationSettingsAccessor.obj
 0003:000010f4       ??_C@_0DJ@LNLB@itemAdded?$CIconst?5QString?$CG?0const?5w@ 1003b0f4     moc_workstationSettingsAccessor.obj
 0003:00001130       ??_C@_0EG@MNBP@workstationDeleted?$CIconst?5QString@ 1003b130     moc_workstationSettingsAccessor.obj
 0003:00001178       ??_C@_0DC@HMHE@workstationRenamed?$CIconst?5QString@ 1003b178     moc_workstationSettingsAccessor.obj
 0003:000011ac       ??_C@_0EE@MFOM@workstationAdded?$CIconst?5QString?$CG?0@ 1003b1ac     moc_workstationSettingsAccessor.obj
 0003:00001290       ??_C@_0BD@KLPD@workstationDeleted?$AA@ 1003b290     moc_workstationSettingsAccessor.obj
 0003:000012a4       ??_C@_0BD@JDBP@workstationRenamed?$AA@ 1003b2a4     moc_workstationSettingsAccessor.obj
 0003:000012b8       ??_C@_0BB@IMAJ@workstationAdded?$AA@ 1003b2b8     moc_workstationSettingsAccessor.obj
 0003:000012cc       ??_C@_0BM@CHOF@workstationSettingsAccessor?$AA@ 1003b2cc     moc_workstationSettingsAccessor.obj
 0003:000012e8       ??_C@_0BI@BDHE@workstationSettingsItem?$AA@ 1003b2e8     moc_workstationSettingsAccessor.obj
 0003:00001300       ??_C@_0BM@HKFD@workstationSettingsItemList?$AA@ 1003b300     moc_workstationSettingsAccessor.obj
 0003:00001320       ?applicationsAcc@applicationsAccessor@@0PAV1@A 1003b320     applicationsAccessor.obj
 0003:00001324       ?loadLock@applicationsAccessor@@0HA 1003b324     applicationsAccessor.obj
 0003:00001328       ??_C@_00A@?$AA@            1003b328     applicationsAccessor.obj
 0003:00001330       ?docs@@3VdocCache@@A       1003b330     bncs_config.obj
 0003:00001348       ?_Nilrefs@?$_Tree@VQString@@U?$pair@$$CBVQString@@PAVcachedData@@@std@@U_Kfn@?$map@VQString@@PAVcachedData@@U?$less@VQString@@@std@@V?$allocator@PAVcachedData@@@4@@3@U?$less@VQString@@@3@V?$allocator@PAVcachedData@@@3@@std@@1IA 1003b348     bncs_config.obj
 0003:0000134c       ?_Nil@?$_Tree@VQString@@U?$pair@$$CBVQString@@PAVcachedData@@@std@@U_Kfn@?$map@VQString@@PAVcachedData@@U?$less@VQString@@@std@@V?$allocator@PAVcachedData@@@4@@3@U?$less@VQString@@@3@V?$allocator@PAVcachedData@@@3@@std@@1PAU_Node@12@A 1003b34c     bncs_config.obj
 0003:00001350       ?launchAcc@launchAccessor@@0PAV1@A 1003b350     launchAccessor.obj
 0003:00001354       ?loadLock@launchAccessor@@0HA 1003b354     launchAccessor.obj
 0003:00001358       ?panelsetsAcc@panelsetsAccessor@@0PAV1@A 1003b358     panelsetsAccessor.obj
 0003:0000135c       ?loadLock@panelsetsAccessor@@0HA 1003b35c     panelsetsAccessor.obj
 0003:00001360       ?usersAcc@usersAccessor@@0PAV1@A 1003b360     usersAccessor.obj
 0003:00001364       ?loadLock@usersAccessor@@0HA 1003b364     usersAccessor.obj
 0003:00001368       ?workstationsAcc@workstationsAccessor@@0PAV1@A 1003b368     workstationsAccessor.obj
 0003:0000136c       ?loadLock@workstationsAccessor@@0HA 1003b36c     workstationsAccessor.obj
 0003:00001370       ?loadLock@workstationSettingsAccessor@@0HA 1003b370     workstationSettingsAccessor.obj
 0003:00001374       ?workstationSettingsAcc@workstationSettingsAccessor@@0PAV1@A 1003b374     workstationSettingsAccessor.obj
 0003:00001380       ?metaObj@applicationsAccessor@@0PAVQMetaObject@@A 1003b380     moc_applicationsAccessor.obj
 0003:000013a0       ?metaObj@launchAccessor@@0PAVQMetaObject@@A 1003b3a0     moc_launchAccessor.obj
 0003:000013c0       ?metaObj@panelsetsAccessor@@0PAVQMetaObject@@A 1003b3c0     moc_panelsetsAccessor.obj
 0003:000013e0       ?metaObj@usersAccessor@@0PAVQMetaObject@@A 1003b3e0     moc_usersAccessor.obj
 0003:00001400       ?metaObj@workstationsAccessor@@0PAVQMetaObject@@A 1003b400     moc_workstationsAccessor.obj
 0003:00001420       ?metaObj@workstationSettingsAccessor@@0PAVQMetaObject@@A 1003b420     moc_workstationSettingsAccessor.obj
 0003:0000143c       __adjust_fdiv              1003b43c     <common>
 0003:00001440       __pRawDllMain              1003b440     <common>
 0003:00001444       ___onexitend               1003b444     <common>
 0003:00001448       ___onexitbegin             1003b448     <common>

 entry point at        0001:0002370f

 Static symbols

 0001:00022aa0       _$E101                     10023aa0 f   moc_workstationSettingsAccessor.obj
 0001:00022ab0       _$E98                      10023ab0 f   moc_workstationSettingsAccessor.obj
 0001:00022ad0       _$E100                     10023ad0 f   moc_workstationSettingsAccessor.obj
 0001:00022ae0       _$E99                      10023ae0 f   moc_workstationSettingsAccessor.obj
 0001:00022280       _$E101                     10023280 f   moc_workstationsAccessor.obj
 0001:00022290       _$E98                      10023290 f   moc_workstationsAccessor.obj
 0001:000222b0       _$E100                     100232b0 f   moc_workstationsAccessor.obj
 0001:000222c0       _$E99                      100232c0 f   moc_workstationsAccessor.obj
 0001:00021a40       _$E101                     10022a40 f   moc_usersAccessor.obj
 0001:00021a50       _$E98                      10022a50 f   moc_usersAccessor.obj
 0001:00021a70       _$E100                     10022a70 f   moc_usersAccessor.obj
 0001:00021a80       _$E99                      10022a80 f   moc_usersAccessor.obj
 0001:00020db0       _$E101                     10021db0 f   moc_panelsetsAccessor.obj
 0001:00020dc0       _$E98                      10021dc0 f   moc_panelsetsAccessor.obj
 0001:00020de0       _$E100                     10021de0 f   moc_panelsetsAccessor.obj
 0001:00020df0       _$E99                      10021df0 f   moc_panelsetsAccessor.obj
 0001:0001f8c0       _$E101                     100208c0 f   moc_launchAccessor.obj
 0001:0001f8d0       _$E98                      100208d0 f   moc_launchAccessor.obj
 0001:0001f8f0       _$E100                     100208f0 f   moc_launchAccessor.obj
 0001:0001f900       _$E99                      10020900 f   moc_launchAccessor.obj
 0001:0001edc0       _$E101                     1001fdc0 f   moc_applicationsAccessor.obj
 0001:0001edd0       _$E98                      1001fdd0 f   moc_applicationsAccessor.obj
 0001:0001edf0       _$E100                     1001fdf0 f   moc_applicationsAccessor.obj
 0001:0001ee00       _$E99                      1001fe00 f   moc_applicationsAccessor.obj
 0001:000021d0       _$E37                      100031d0 f   bncs_config.obj
 0001:000021e0       _$E34                      100031e0 f   bncs_config.obj
 0001:00002550       _$E36                      10003550 f   bncs_config.obj
 0001:00002560       _$E35                      10003560 f   bncs_config.obj
 0001:0002358e       ?ArrayUnwindFilter@@YAHPAU_EXCEPTION_POINTERS@@@Z 1002458e f   MSVCRT:ehvecdtr.obj

 5856 bytes saved through ICF

