 bncs_cachedData

 Timestamp is 5e9db7c0 (Mon Apr 20 15:54:56 2020)

 Preferred load address is 10000000

 Start         Length     Name                   Class
 0001:00000000 00000217H .text$di                CODE
 0001:00000220 0000ee5aH .text$mn                CODE
 0001:0000f080 0000210bH .text$x                 CODE
 0001:00011190 00000106H .text$yd                CODE
 0002:00000000 00000214H .idata$5                DATA
 0002:00000214 00000004H .CRT$XCA                DATA
 0002:00000218 00000020H .CRT$XCU                DATA
 0002:00000238 00000004H .CRT$XCZ                DATA
 0002:0000023c 00000004H .CRT$XIA                DATA
 0002:00000240 00000004H .CRT$XIAA               DATA
 0002:00000244 00000004H .CRT$XIC                DATA
 0002:00000248 00000004H .CRT$XIZ                DATA
 0002:00000250 000009a0H .rdata                  DATA
 0002:00000bf0 000007d0H .rdata$r                DATA
 0002:000013c0 00000004H .rtc$IAA                DATA
 0002:000013c4 00000004H .rtc$IZZ                DATA
 0002:000013c8 00000004H .rtc$TAA                DATA
 0002:000013cc 00000004H .rtc$TZZ                DATA
 0002:000013d0 00001e9cH .xdata$x                DATA
 0002:00003270 00005b69H .edata                  DATA
 0002:00008ddc 00000064H .idata$2                DATA
 0002:00008e40 00000014H .idata$3                DATA
 0002:00008e54 00000214H .idata$4                DATA
 0002:00009068 00001018H .idata$6                DATA
 0003:00000000 00000024H .data                   DATA
 0003:00000024 00000464H .data$r                 DATA
 0003:00000488 0000036cH .bss                    DATA
 0004:00000000 000000a0H .rsrc$01                DATA
 0004:000000a0 00000588H .rsrc$02                DATA

  Address         Publics by Value              Rva+Base       Lib:Object

 0000:00000000       ___safe_se_handler_count   00000000     <absolute>
 0000:00000000       ___guard_fids_table        00000000     <absolute>
 0000:00000000       ___safe_se_handler_table   00000000     <absolute>
 0000:00000000       ___guard_flags             00000000     <absolute>
 0000:00000000       __except_list              00000000     <absolute>
 0000:00000000       ___guard_fids_count        00000000     <absolute>
 0000:00009876       __ldused                   00009876     <absolute>
 0000:00009876       __fltused                  00009876     <absolute>
 0000:00000000       ___ImageBase               10000000     <linker-defined>
 0001:00000220       ??0?$QMap@VQString@@VcomplexParam@@@@QAE@ABV0@@Z 10001220 f i bncs_instance_lookup.obj
 0001:00000220       ??0?$QMap@VQString@@VparamInfo@@@@QAE@ABV0@@Z 10001220 f i bncs_instance_lookup.obj
 0001:00000220       ??0?$QMap@VQString@@Vstyleentry@@@@QAE@ABV0@@Z 10001220 f i bncs_stylesheet.obj
 0001:00000220       ??0?$QMap@VQString@@VcomplexInstance@@@@QAE@ABV0@@Z 10001220 f i bncs_instance_lookup.obj
 0001:00000220       ??0?$QMap@VQString@@VinstanceInfo@@@@QAE@ABV0@@Z 10001220 f i bncs_instance_lookup.obj
 0001:00000220       ??0?$QMap@VQString@@VcomplexType@@@@QAE@ABV0@@Z 10001220 f i bncs_instance_lookup.obj
 0001:00000220       ??0?$QMap@VQString@@VdeviceTypeInfo@@@@QAE@ABV0@@Z 10001220 f i bncs_instance_lookup.obj
 0001:00000240       ??0?$QMap@VQString@@VcomplexInstance@@@@QAE@XZ 10001240 f i bncs_instance_lookup.obj
 0001:000002c0       ??0?$QMap@VQString@@VcomplexParam@@@@QAE@XZ 100012c0 f i bncs_instance_lookup.obj
 0001:00000340       ??0?$QMap@VQString@@VcomplexType@@@@QAE@XZ 10001340 f i bncs_instance_lookup.obj
 0001:000003c0       ??0?$QMap@VQString@@VdeviceTypeInfo@@@@QAE@XZ 100013c0 f i bncs_instance_lookup.obj
 0001:00000440       ??0?$QMap@VQString@@VinstanceInfo@@@@QAE@XZ 10001440 f i bncs_instance_lookup.obj
 0001:000004c0       ??0?$QMap@VQString@@VparamInfo@@@@QAE@XZ 100014c0 f i bncs_instance_lookup.obj
 0001:00000540       ??0?$QMapNode@VQString@@VcomplexInstance@@@@QAE@ABU0@@Z 10001540 f i bncs_instance_lookup.obj
 0001:000005e0       ??0?$QMapNode@VQString@@VcomplexParam@@@@QAE@ABU0@@Z 100015e0 f i bncs_instance_lookup.obj
 0001:00000670       ??0?$QMapNode@VQString@@VcomplexType@@@@QAE@ABU0@@Z 10001670 f i bncs_instance_lookup.obj
 0001:00000710       ??0?$QMapNode@VQString@@VdeviceTypeInfo@@@@QAE@ABU0@@Z 10001710 f i bncs_instance_lookup.obj
 0001:000007c0       ??0?$QMapNode@VQString@@VinstanceInfo@@@@QAE@ABU0@@Z 100017c0 f i bncs_instance_lookup.obj
 0001:00000880       ??0?$QMapPrivate@VQString@@VcomplexInstance@@@@QAE@PBV0@@Z 10001880 f i bncs_instance_lookup.obj
 0001:00000980       ??0?$QMapPrivate@VQString@@VcomplexInstance@@@@QAE@XZ 10001980 f i bncs_instance_lookup.obj
 0001:00000a20       ??0?$QMapPrivate@VQString@@VcomplexParam@@@@QAE@PBV0@@Z 10001a20 f i bncs_instance_lookup.obj
 0001:00000b20       ??0?$QMapPrivate@VQString@@VcomplexParam@@@@QAE@XZ 10001b20 f i bncs_instance_lookup.obj
 0001:00000bc0       ??0?$QMapPrivate@VQString@@VcomplexType@@@@QAE@PBV0@@Z 10001bc0 f i bncs_instance_lookup.obj
 0001:00000cc0       ??0?$QMapPrivate@VQString@@VcomplexType@@@@QAE@XZ 10001cc0 f i bncs_instance_lookup.obj
 0001:00000d60       ??0?$QMapPrivate@VQString@@VdeviceTypeInfo@@@@QAE@PBV0@@Z 10001d60 f i bncs_instance_lookup.obj
 0001:00000e60       ??0?$QMapPrivate@VQString@@VdeviceTypeInfo@@@@QAE@XZ 10001e60 f i bncs_instance_lookup.obj
 0001:00000f00       ??0?$QMapPrivate@VQString@@VinstanceInfo@@@@QAE@PBV0@@Z 10001f00 f i bncs_instance_lookup.obj
 0001:00001000       ??0?$QMapPrivate@VQString@@VinstanceInfo@@@@QAE@XZ 10002000 f i bncs_instance_lookup.obj
 0001:000010a0       ??0?$QMapPrivate@VQString@@VparamInfo@@@@QAE@PBV0@@Z 100020a0 f i bncs_instance_lookup.obj
 0001:000011a0       ??0?$QMapPrivate@VQString@@VparamInfo@@@@QAE@XZ 100021a0 f i bncs_instance_lookup.obj
 0001:00001240       ??0?$QValueListPrivate@VcomplexInstance@@@@QAE@ABV0@@Z 10002240 f i bncs_instance_lookup.obj
 0001:00001310       ??0?$QValueListPrivate@VcomplexInstance@@@@QAE@XZ 10002310 f i bncs_instance_lookup.obj
 0001:000013a0       ??0?$QValueListPrivate@VcomplexParam@@@@QAE@ABV0@@Z 100023a0 f i bncs_instance_lookup.obj
 0001:00001470       ??0?$QValueListPrivate@VcomplexParam@@@@QAE@XZ 10002470 f i bncs_instance_lookup.obj
 0001:00001500       ??0?$QValueListPrivate@VcomplexType@@@@QAE@ABV0@@Z 10002500 f i bncs_instance_lookup.obj
 0001:000015d0       ??0?$QValueListPrivate@VcomplexType@@@@QAE@XZ 100025d0 f i bncs_instance_lookup.obj
 0001:00001660       ??0?$QValueListPrivate@VdeviceTypeInfo@@@@QAE@ABV0@@Z 10002660 f i bncs_instance_lookup.obj
 0001:00001730       ??0?$QValueListPrivate@VdeviceTypeInfo@@@@QAE@XZ 10002730 f i bncs_instance_lookup.obj
 0001:000017c0       ??0?$QValueListPrivate@VinstanceInfo@@@@QAE@ABV0@@Z 100027c0 f i bncs_instance_lookup.obj
 0001:00001890       ??0?$QValueListPrivate@VinstanceInfo@@@@QAE@XZ 10002890 f i bncs_instance_lookup.obj
 0001:00001920       ??0?$QValueListPrivate@VparamInfo@@@@QAE@ABV0@@Z 10002920 f i bncs_instance_lookup.obj
 0001:000019f0       ??0?$QValueListPrivate@VparamInfo@@@@QAE@XZ 100029f0 f i bncs_instance_lookup.obj
 0001:00001a80       ??0bncs_instance_lookup@@QAE@ABV0@@Z 10002a80 f i bncs_instance_lookup.obj
 0001:00001a90       ??0bncs_instance_lookup@@QAE@XZ 10002a90 f   bncs_instance_lookup.obj
 0001:00001aa0       ??0complexInstance@@QAE@ABV0@@Z 10002aa0 f i bncs_instance_lookup.obj
 0001:00001ac0       ??0complexParam@@QAE@ABV0@@Z 10002ac0 f i bncs_instance_lookup.obj
 0001:00001b30       ??0complexType@@QAE@ABV0@@Z 10002b30 f i bncs_instance_lookup.obj
 0001:00001b50       ??0deviceTypeInfo@@QAE@ABV0@@Z 10002b50 f i bncs_instance_lookup.obj
 0001:00001b80       ??0instanceInfo@@QAE@ABV0@@Z 10002b80 f i bncs_instance_lookup.obj
 0001:00001c20       ??0paramInfo@@QAE@ABV0@@Z  10002c20 f i bncs_instance_lookup.obj
 0001:00001c40       ??1?$QMap@VQString@@VcomplexInstance@@@@QAE@XZ 10002c40 f i bncs_instance_lookup.obj
 0001:00001c60       ??1?$QMap@VQString@@VcomplexParam@@@@QAE@XZ 10002c60 f i bncs_instance_lookup.obj
 0001:00001c80       ??1?$QMap@VQString@@VcomplexType@@@@QAE@XZ 10002c80 f i bncs_instance_lookup.obj
 0001:00001ca0       ??1?$QMap@VQString@@VdeviceTypeInfo@@@@QAE@XZ 10002ca0 f i bncs_instance_lookup.obj
 0001:00001cc0       ??1?$QMap@VQString@@VinstanceInfo@@@@QAE@XZ 10002cc0 f i bncs_instance_lookup.obj
 0001:00001ce0       ??1?$QMap@VQString@@VparamInfo@@@@QAE@XZ 10002ce0 f i bncs_instance_lookup.obj
 0001:00001d00       ??1?$QMapPrivate@VQString@@VcomplexInstance@@@@QAE@XZ 10002d00 f i bncs_instance_lookup.obj
 0001:00001da0       ??1?$QMapPrivate@VQString@@VcomplexParam@@@@QAE@XZ 10002da0 f i bncs_instance_lookup.obj
 0001:00001e40       ??1?$QMapPrivate@VQString@@VcomplexType@@@@QAE@XZ 10002e40 f i bncs_instance_lookup.obj
 0001:00001ee0       ??1?$QMapPrivate@VQString@@VdeviceTypeInfo@@@@QAE@XZ 10002ee0 f i bncs_instance_lookup.obj
 0001:00001f80       ??1?$QMapPrivate@VQString@@VinstanceInfo@@@@QAE@XZ 10002f80 f i bncs_instance_lookup.obj
 0001:00002020       ??1?$QMapPrivate@VQString@@VparamInfo@@@@QAE@XZ 10003020 f i bncs_instance_lookup.obj
 0001:000020c0       ??1?$QValueList@Vstyleentry@@@@QAE@XZ 100030c0 f i bncs_stylesheet.obj
 0001:000020c0       ??1?$QValueList@VdeviceTypeInfo@@@@QAE@XZ 100030c0 f i bncs_instance_lookup.obj
 0001:000020c0       ??1?$QValueList@VcomplexInstance@@@@QAE@XZ 100030c0 f i bncs_instance_lookup.obj
 0001:000020c0       ??1?$QValueList@VcomplexParam@@@@QAE@XZ 100030c0 f i bncs_instance_lookup.obj
 0001:000020c0       ??1?$QValueList@VcomplexType@@@@QAE@XZ 100030c0 f i bncs_instance_lookup.obj
 0001:000020c0       ??1?$QValueList@VparamInfo@@@@QAE@XZ 100030c0 f i bncs_instance_lookup.obj
 0001:000020c0       ??1?$QValueList@VinstanceInfo@@@@QAE@XZ 100030c0 f i bncs_instance_lookup.obj
 0001:000020e0       ??1bncs_instance_lookup@@UAE@XZ 100030e0 f   bncs_instance_lookup.obj
 0001:000020f0       ??4?$QMap@VQString@@VcomplexInstance@@@@QAEAAV0@ABV0@@Z 100030f0 f i bncs_instance_lookup.obj
 0001:00002130       ??4?$QMap@VQString@@VcomplexParam@@@@QAEAAV0@ABV0@@Z 10003130 f i bncs_instance_lookup.obj
 0001:00002170       ??4?$QMap@VQString@@VcomplexType@@@@QAEAAV0@ABV0@@Z 10003170 f i bncs_instance_lookup.obj
 0001:000021b0       ??4?$QMap@VQString@@VdeviceTypeInfo@@@@QAEAAV0@ABV0@@Z 100031b0 f i bncs_instance_lookup.obj
 0001:000021f0       ??4?$QMap@VQString@@VinstanceInfo@@@@QAEAAV0@ABV0@@Z 100031f0 f i bncs_instance_lookup.obj
 0001:00002230       ??4?$QMap@VQString@@VparamInfo@@@@QAEAAV0@ABV0@@Z 10003230 f i bncs_instance_lookup.obj
 0001:00002270       ??4bncs_stylesheet@@QAEAAV0@ABV0@@Z 10003270 f i bncs_stylesheet.obj
 0001:00002270       ??4bncs_instance_lookup@@QAEAAV0@ABV0@@Z 10003270 f i bncs_instance_lookup.obj
 0001:00002280       ??4complexInstance@@QAEAAV0@ABV0@@Z 10003280 f i bncs_instance_lookup.obj
 0001:000022c0       ??4complexParam@@QAEAAV0@ABV0@@Z 100032c0 f i bncs_instance_lookup.obj
 0001:000022f0       ??4complexType@@QAEAAV0@ABV0@@Z 100032f0 f i bncs_instance_lookup.obj
 0001:00002330       ??4deviceTypeInfo@@QAEAAV0@ABV0@@Z 10003330 f i bncs_instance_lookup.obj
 0001:00002380       ??4instanceInfo@@QAEAAV0@ABV0@@Z 10003380 f i bncs_instance_lookup.obj
 0001:000023e0       ??4paramInfo@@QAEAAV0@ABV0@@Z 100033e0 f i bncs_instance_lookup.obj
 0001:00002400       ??A?$QMap@VQString@@VcomplexInstance@@@@QAEAAVcomplexInstance@@ABVQString@@@Z 10003400 f i bncs_instance_lookup.obj
 0001:000024e0       ??A?$QMap@VQString@@VcomplexParam@@@@QAEAAVcomplexParam@@ABVQString@@@Z 100034e0 f i bncs_instance_lookup.obj
 0001:000025c0       ??A?$QMap@VQString@@VcomplexParam@@@@QBEABVcomplexParam@@ABVQString@@@Z 100035c0 f i bncs_instance_lookup.obj
 0001:000025e0       ??A?$QMap@VQString@@VcomplexType@@@@QAEAAVcomplexType@@ABVQString@@@Z 100035e0 f i bncs_instance_lookup.obj
 0001:000026c0       ??A?$QMap@VQString@@VcomplexInstance@@@@QBEABVcomplexInstance@@ABVQString@@@Z 100036c0 f i bncs_instance_lookup.obj
 0001:000026c0       ??A?$QMap@VQString@@VparamInfo@@@@QBEABVparamInfo@@ABVQString@@@Z 100036c0 f i bncs_instance_lookup.obj
 0001:000026c0       ??A?$QMap@VQString@@VcomplexType@@@@QBEABVcomplexType@@ABVQString@@@Z 100036c0 f i bncs_instance_lookup.obj
 0001:000026e0       ??A?$QMap@VQString@@VdeviceTypeInfo@@@@QAEAAVdeviceTypeInfo@@ABVQString@@@Z 100036e0 f i bncs_instance_lookup.obj
 0001:000027c0       ??A?$QMap@VQString@@Vstyleentry@@@@QBEABVstyleentry@@ABVQString@@@Z 100037c0 f i bncs_stylesheet.obj
 0001:000027c0       ??A?$QMap@VQString@@VdeviceTypeInfo@@@@QBEABVdeviceTypeInfo@@ABVQString@@@Z 100037c0 f i bncs_instance_lookup.obj
 0001:000027e0       ??A?$QMap@VQString@@VinstanceInfo@@@@QAEAAVinstanceInfo@@ABVQString@@@Z 100037e0 f i bncs_instance_lookup.obj
 0001:000028c0       ??A?$QMap@VQString@@VinstanceInfo@@@@QBEABVinstanceInfo@@ABVQString@@@Z 100038c0 f i bncs_instance_lookup.obj
 0001:000028e0       ??A?$QMap@VQString@@VparamInfo@@@@QAEAAVparamInfo@@ABVQString@@@Z 100038e0 f i bncs_instance_lookup.obj
 0001:000029f0       ??_Ebncs_instance_lookup@@UAEPAXI@Z 100039f0 f i bncs_instance_lookup.obj
 0001:00002a50       ??_EcomplexInstance@@UAEPAXI@Z 10003a50 f i bncs_instance_lookup.obj
 0001:00002ab0       ??_EcomplexParam@@UAEPAXI@Z 10003ab0 f i bncs_instance_lookup.obj
 0001:00002b10       ??_EcomplexType@@UAEPAXI@Z 10003b10 f i bncs_instance_lookup.obj
 0001:00002b70       ??_EdeviceTypeInfo@@UAEPAXI@Z 10003b70 f i bncs_instance_lookup.obj
 0001:00002bd0       ??_EinstanceInfo@@UAEPAXI@Z 10003bd0 f i bncs_instance_lookup.obj
 0001:00002c30       ??_EparamInfo@@UAEPAXI@Z   10003c30 f i bncs_instance_lookup.obj
 0001:00002c90       ??_G?$QValueListNode@VcomplexInstance@@@@UAEPAXI@Z 10003c90 f i bncs_instance_lookup.obj
 0001:00002c90       ??_E?$QValueListNode@VcomplexInstance@@@@UAEPAXI@Z 10003c90 f i bncs_instance_lookup.obj
 0001:00002cc0       ??_E?$QValueListNode@VcomplexParam@@@@UAEPAXI@Z 10003cc0 f i bncs_instance_lookup.obj
 0001:00002cc0       ??_G?$QValueListNode@VcomplexParam@@@@UAEPAXI@Z 10003cc0 f i bncs_instance_lookup.obj
 0001:00002cf0       ??_E?$QValueListNode@VcomplexType@@@@UAEPAXI@Z 10003cf0 f i bncs_instance_lookup.obj
 0001:00002cf0       ??_G?$QValueListNode@VcomplexType@@@@UAEPAXI@Z 10003cf0 f i bncs_instance_lookup.obj
 0001:00002d20       ??_E?$QValueListNode@VdeviceTypeInfo@@@@UAEPAXI@Z 10003d20 f i bncs_instance_lookup.obj
 0001:00002d20       ??_G?$QValueListNode@VdeviceTypeInfo@@@@UAEPAXI@Z 10003d20 f i bncs_instance_lookup.obj
 0001:00002d50       ??_E?$QValueListNode@VinstanceInfo@@@@UAEPAXI@Z 10003d50 f i bncs_instance_lookup.obj
 0001:00002d50       ??_G?$QValueListNode@VinstanceInfo@@@@UAEPAXI@Z 10003d50 f i bncs_instance_lookup.obj
 0001:00002d80       ??_E?$QValueListNode@VparamInfo@@@@UAEPAXI@Z 10003d80 f i bncs_instance_lookup.obj
 0001:00002d80       ??_G?$QValueListNode@VparamInfo@@@@UAEPAXI@Z 10003d80 f i bncs_instance_lookup.obj
 0001:00002db0       ??_E?$QValueListPrivate@VcomplexInstance@@@@UAEPAXI@Z 10003db0 f i bncs_instance_lookup.obj
 0001:00002db0       ??_G?$QValueListPrivate@VcomplexInstance@@@@UAEPAXI@Z 10003db0 f i bncs_instance_lookup.obj
 0001:00002e00       ??_E?$QValueListPrivate@VcomplexParam@@@@UAEPAXI@Z 10003e00 f i bncs_instance_lookup.obj
 0001:00002e00       ??_G?$QValueListPrivate@VcomplexParam@@@@UAEPAXI@Z 10003e00 f i bncs_instance_lookup.obj
 0001:00002e50       ??_E?$QValueListPrivate@VcomplexType@@@@UAEPAXI@Z 10003e50 f i bncs_instance_lookup.obj
 0001:00002e50       ??_G?$QValueListPrivate@VcomplexType@@@@UAEPAXI@Z 10003e50 f i bncs_instance_lookup.obj
 0001:00002ea0       ??_G?$QValueListPrivate@VdeviceTypeInfo@@@@UAEPAXI@Z 10003ea0 f i bncs_instance_lookup.obj
 0001:00002ea0       ??_E?$QValueListPrivate@VdeviceTypeInfo@@@@UAEPAXI@Z 10003ea0 f i bncs_instance_lookup.obj
 0001:00002ef0       ??_E?$QValueListPrivate@VinstanceInfo@@@@UAEPAXI@Z 10003ef0 f i bncs_instance_lookup.obj
 0001:00002ef0       ??_G?$QValueListPrivate@VinstanceInfo@@@@UAEPAXI@Z 10003ef0 f i bncs_instance_lookup.obj
 0001:00002f40       ??_G?$QValueListPrivate@VparamInfo@@@@UAEPAXI@Z 10003f40 f i bncs_instance_lookup.obj
 0001:00002f40       ??_E?$QValueListPrivate@VparamInfo@@@@UAEPAXI@Z 10003f40 f i bncs_instance_lookup.obj
 0001:00002f90       ??_E_System_error_category@std@@UAEPAXI@Z 10003f90 f i bncs_instance_lookup.obj
 0001:00002f90       ??_G_Iostream_error_category@std@@UAEPAXI@Z 10003f90 f i bncs_instance_lookup.obj
 0001:00002f90       ??_E_Iostream_error_category@std@@UAEPAXI@Z 10003f90 f i bncs_instance_lookup.obj
 0001:00002f90       ??_G_Generic_error_category@std@@UAEPAXI@Z 10003f90 f i bncs_instance_lookup.obj
 0001:00002f90       ??_G_System_error_category@std@@UAEPAXI@Z 10003f90 f i bncs_instance_lookup.obj
 0001:00002f90       ??_Eerror_category@std@@UAEPAXI@Z 10003f90 f i bncs_instance_lookup.obj
 0001:00002f90       ??_Gerror_category@std@@UAEPAXI@Z 10003f90 f i bncs_instance_lookup.obj
 0001:00002f90       ??_E_Generic_error_category@std@@UAEPAXI@Z 10003f90 f i bncs_instance_lookup.obj
 0001:00002fc0       ?_Copy@?$basic_string@DU?$char_traits@D@std@@V?$allocator@D@2@@std@@QAEXII@Z 10003fc0 f i bncs_instance_lookup.obj
 0001:00003110       ?allocate@?$_Wrap_alloc@V?$allocator@D@std@@@std@@QAEPADI@Z 10004110 f i bncs_instance_lookup.obj
 0001:00003140       ?append@?$QValueList@VcomplexInstance@@@@QAE?AV?$QValueListIterator@VcomplexInstance@@@@ABVcomplexInstance@@@Z 10004140 f i bncs_instance_lookup.obj
 0001:00003210       ?append@?$QValueList@VcomplexParam@@@@QAE?AV?$QValueListIterator@VcomplexParam@@@@ABVcomplexParam@@@Z 10004210 f i bncs_instance_lookup.obj
 0001:000032e0       ?append@?$QValueList@VcomplexType@@@@QAE?AV?$QValueListIterator@VcomplexType@@@@ABVcomplexType@@@Z 100042e0 f i bncs_instance_lookup.obj
 0001:000033b0       ?append@?$QValueList@VdeviceTypeInfo@@@@QAE?AV?$QValueListIterator@VdeviceTypeInfo@@@@ABVdeviceTypeInfo@@@Z 100043b0 f i bncs_instance_lookup.obj
 0001:00003480       ?append@?$QValueList@VinstanceInfo@@@@QAE?AV?$QValueListIterator@VinstanceInfo@@@@ABVinstanceInfo@@@Z 10004480 f i bncs_instance_lookup.obj
 0001:00003550       ?append@?$QValueList@VparamInfo@@@@QAE?AV?$QValueListIterator@VparamInfo@@@@ABVparamInfo@@@Z 10004550 f i bncs_instance_lookup.obj
 0001:00003620       ?assign@?$basic_string@DU?$char_traits@D@std@@V?$allocator@D@2@@std@@QAEAAV12@ABV12@II@Z 10004620 f i bncs_instance_lookup.obj
 0001:00003740       ?assign@?$basic_string@DU?$char_traits@D@std@@V?$allocator@D@2@@std@@QAEAAV12@PBDI@Z 10004740 f i bncs_instance_lookup.obj
 0001:00003840       ?begin@?$QMap@VQString@@VcomplexInstance@@@@QAE?AV?$QMapIterator@VQString@@VcomplexInstance@@@@XZ 10004840 f i bncs_instance_lookup.obj
 0001:000038c0       ?begin@?$QMap@VQString@@VcomplexParam@@@@QAE?AV?$QMapIterator@VQString@@VcomplexParam@@@@XZ 100048c0 f i bncs_instance_lookup.obj
 0001:00003940       ?begin@?$QMap@VQString@@VcomplexType@@@@QAE?AV?$QMapIterator@VQString@@VcomplexType@@@@XZ 10004940 f i bncs_instance_lookup.obj
 0001:000039c0       ?begin@?$QMap@VQString@@VdeviceTypeInfo@@@@QAE?AV?$QMapIterator@VQString@@VdeviceTypeInfo@@@@XZ 100049c0 f i bncs_instance_lookup.obj
 0001:00003a40       ?begin@?$QMap@VQString@@VinstanceInfo@@@@QAE?AV?$QMapIterator@VQString@@VinstanceInfo@@@@XZ 10004a40 f i bncs_instance_lookup.obj
 0001:00003ac0       ?begin@?$QMap@VQString@@VparamInfo@@@@QAE?AV?$QMapIterator@VQString@@VparamInfo@@@@XZ 10004ac0 f i bncs_instance_lookup.obj
 0001:00003b40       ?clear@?$QMap@VQString@@VcomplexInstance@@@@QAEXXZ 10004b40 f i bncs_instance_lookup.obj
 0001:00003c00       ?clear@?$QMap@VQString@@VcomplexParam@@@@QAEXXZ 10004c00 f i bncs_instance_lookup.obj
 0001:00003cc0       ?clear@?$QMap@VQString@@VcomplexType@@@@QAEXXZ 10004cc0 f i bncs_instance_lookup.obj
 0001:00003d80       ?clear@?$QMap@VQString@@VdeviceTypeInfo@@@@QAEXXZ 10004d80 f i bncs_instance_lookup.obj
 0001:00003e40       ?clear@?$QMap@VQString@@VinstanceInfo@@@@QAEXXZ 10004e40 f i bncs_instance_lookup.obj
 0001:00003f00       ?clear@?$QMap@VQString@@VparamInfo@@@@QAEXXZ 10004f00 f i bncs_instance_lookup.obj
 0001:00003fc0       ?clear@?$QMapPrivate@VQString@@VcomplexInstance@@@@QAEXPAU?$QMapNode@VQString@@VcomplexInstance@@@@@Z 10004fc0 f i bncs_instance_lookup.obj
 0001:00004050       ?clear@?$QMapPrivate@VQString@@VcomplexParam@@@@QAEXPAU?$QMapNode@VQString@@VcomplexParam@@@@@Z 10005050 f i bncs_instance_lookup.obj
 0001:000040e0       ?clear@?$QMapPrivate@VQString@@VcomplexType@@@@QAEXPAU?$QMapNode@VQString@@VcomplexType@@@@@Z 100050e0 f i bncs_instance_lookup.obj
 0001:00004170       ?clear@?$QMapPrivate@VQString@@VdeviceTypeInfo@@@@QAEXPAU?$QMapNode@VQString@@VdeviceTypeInfo@@@@@Z 10005170 f i bncs_instance_lookup.obj
 0001:00004200       ?clear@?$QMapPrivate@VQString@@VinstanceInfo@@@@QAEXPAU?$QMapNode@VQString@@VinstanceInfo@@@@@Z 10005200 f i bncs_instance_lookup.obj
 0001:00004290       ?clear@?$QMapPrivate@VQString@@VparamInfo@@@@QAEXPAU?$QMapNode@VQString@@VparamInfo@@@@@Z 10005290 f i bncs_instance_lookup.obj
 0001:00004320       ?contains@?$QMap@VQString@@VcomplexParam@@@@QBE_NABVQString@@@Z 10005320 f i bncs_instance_lookup.obj
 0001:00004350       ?contains@?$QMap@VQString@@VparamInfo@@@@QBE_NABVQString@@@Z 10005350 f i bncs_instance_lookup.obj
 0001:00004350       ?contains@?$QMap@VQString@@VcomplexType@@@@QBE_NABVQString@@@Z 10005350 f i bncs_instance_lookup.obj
 0001:00004350       ?contains@?$QMap@VQString@@VcomplexInstance@@@@QBE_NABVQString@@@Z 10005350 f i bncs_instance_lookup.obj
 0001:00004380       ?contains@?$QMap@VQString@@Vstyleentry@@@@QBE_NABVQString@@@Z 10005380 f i bncs_stylesheet.obj
 0001:00004380       ?contains@?$QMap@VQString@@VdeviceTypeInfo@@@@QBE_NABVQString@@@Z 10005380 f i bncs_instance_lookup.obj
 0001:000043b0       ?contains@?$QMap@VQString@@VinstanceInfo@@@@QBE_NABVQString@@@Z 100053b0 f i bncs_instance_lookup.obj
 0001:000043e0       ?copy@?$QMapPrivate@VQString@@VcomplexInstance@@@@QAEPAU?$QMapNode@VQString@@VcomplexInstance@@@@PAU2@@Z 100053e0 f i bncs_instance_lookup.obj
 0001:000044b0       ?copy@?$QMapPrivate@VQString@@VcomplexParam@@@@QAEPAU?$QMapNode@VQString@@VcomplexParam@@@@PAU2@@Z 100054b0 f i bncs_instance_lookup.obj
 0001:00004580       ?copy@?$QMapPrivate@VQString@@VcomplexType@@@@QAEPAU?$QMapNode@VQString@@VcomplexType@@@@PAU2@@Z 10005580 f i bncs_instance_lookup.obj
 0001:00004650       ?copy@?$QMapPrivate@VQString@@VdeviceTypeInfo@@@@QAEPAU?$QMapNode@VQString@@VdeviceTypeInfo@@@@PAU2@@Z 10005650 f i bncs_instance_lookup.obj
 0001:00004720       ?copy@?$QMapPrivate@VQString@@VinstanceInfo@@@@QAEPAU?$QMapNode@VQString@@VinstanceInfo@@@@PAU2@@Z 10005720 f i bncs_instance_lookup.obj
 0001:000047f0       ?copy@?$QMapPrivate@VQString@@VparamInfo@@@@QAEPAU?$QMapNode@VQString@@VparamInfo@@@@PAU2@@Z 100057f0 f i bncs_instance_lookup.obj
 0001:000048f0       ?count@?$QMap@VQString@@VcomplexType@@@@QBEIABVQString@@@Z 100058f0 f i bncs_instance_lookup.obj
 0001:000048f0       ?count@?$QMap@VQString@@VcomplexInstance@@@@QBEIABVQString@@@Z 100058f0 f i bncs_instance_lookup.obj
 0001:000048f0       ?count@?$QMap@VQString@@VparamInfo@@@@QBEIABVQString@@@Z 100058f0 f i bncs_instance_lookup.obj
 0001:00004960       ?count@?$QMap@VQString@@VcomplexParam@@@@QBEIABVQString@@@Z 10005960 f i bncs_instance_lookup.obj
 0001:000049d0       ?count@?$QMap@VQString@@VinstanceInfo@@@@QBEIABVQString@@@Z 100059d0 f i bncs_instance_lookup.obj
 0001:00004a40       ?countComplexTypes@bncs_instance_lookup@@SAHXZ 10005a40 f   bncs_instance_lookup.obj
 0001:00004a50       ?countDeviceTypes@bncs_instance_lookup@@SAHXZ 10005a50 f   bncs_instance_lookup.obj
 0001:00004a60       ?countInstances@bncs_instance_lookup@@SAHXZ 10005a60 f   bncs_instance_lookup.obj
 0001:00004a70       ?dec@?$QMapIterator@VQString@@VcomplexParam@@@@AAEHXZ 10005a70 f i bncs_instance_lookup.obj
 0001:00004a70       ?dec@?$QMapIterator@VQString@@VdeviceTypeInfo@@@@AAEHXZ 10005a70 f i bncs_instance_lookup.obj
 0001:00004a70       ?dec@?$QMapIterator@VQString@@VparamInfo@@@@AAEHXZ 10005a70 f i bncs_instance_lookup.obj
 0001:00004a70       ?dec@?$QMapIterator@VQString@@VinstanceInfo@@@@AAEHXZ 10005a70 f i bncs_instance_lookup.obj
 0001:00004a70       ?dec@?$QMapIterator@VQString@@VcomplexType@@@@AAEHXZ 10005a70 f i bncs_instance_lookup.obj
 0001:00004a70       ?dec@?$QMapIterator@VQString@@Vstyleentry@@@@AAEHXZ 10005a70 f i bncs_stylesheet.obj
 0001:00004a70       ?dec@?$QMapIterator@VQString@@VcomplexInstance@@@@AAEHXZ 10005a70 f i bncs_instance_lookup.obj
 0001:00004ad0       ?default_error_condition@_System_error_category@std@@UBE?AVerror_condition@2@H@Z 10005ad0 f i bncs_instance_lookup.obj
 0001:00004b10       ?default_error_condition@error_category@std@@UBE?AVerror_condition@2@H@Z 10005b10 f i bncs_instance_lookup.obj
 0001:00004b30       ?detach@?$QMap@VQString@@VcomplexInstance@@@@IAEXXZ 10005b30 f i bncs_instance_lookup.obj
 0001:00004bb0       ?detach@?$QMap@VQString@@VcomplexParam@@@@IAEXXZ 10005bb0 f i bncs_instance_lookup.obj
 0001:00004c30       ?detach@?$QMap@VQString@@VcomplexType@@@@IAEXXZ 10005c30 f i bncs_instance_lookup.obj
 0001:00004cb0       ?detach@?$QMap@VQString@@VdeviceTypeInfo@@@@IAEXXZ 10005cb0 f i bncs_instance_lookup.obj
 0001:00004d30       ?detach@?$QMap@VQString@@VinstanceInfo@@@@IAEXXZ 10005d30 f i bncs_instance_lookup.obj
 0001:00004db0       ?detach@?$QMap@VQString@@VparamInfo@@@@IAEXXZ 10005db0 f i bncs_instance_lookup.obj
 0001:00004e30       ?detachInternal@?$QMap@VQString@@VcomplexInstance@@@@AAEXXZ 10005e30 f i bncs_instance_lookup.obj
 0001:00004eb0       ?detachInternal@?$QMap@VQString@@VcomplexParam@@@@AAEXXZ 10005eb0 f i bncs_instance_lookup.obj
 0001:00004f30       ?detachInternal@?$QMap@VQString@@VcomplexType@@@@AAEXXZ 10005f30 f i bncs_instance_lookup.obj
 0001:00004fb0       ?detachInternal@?$QMap@VQString@@VdeviceTypeInfo@@@@AAEXXZ 10005fb0 f i bncs_instance_lookup.obj
 0001:00005030       ?detachInternal@?$QMap@VQString@@VinstanceInfo@@@@AAEXXZ 10006030 f i bncs_instance_lookup.obj
 0001:000050b0       ?detachInternal@?$QMap@VQString@@VparamInfo@@@@AAEXXZ 100060b0 f i bncs_instance_lookup.obj
 0001:00005130       ?dump@bncs_instance_lookup@@SAXXZ 10006130 f   bncs_instance_lookup.obj
 0001:00005260       ?end@?$QMap@VQString@@VcomplexInstance@@@@QAE?AV?$QMapIterator@VQString@@VcomplexInstance@@@@XZ 10006260 f i bncs_instance_lookup.obj
 0001:000052e0       ?end@?$QMap@VQString@@VcomplexParam@@@@QAE?AV?$QMapIterator@VQString@@VcomplexParam@@@@XZ 100062e0 f i bncs_instance_lookup.obj
 0001:00005360       ?end@?$QMap@VQString@@VcomplexType@@@@QAE?AV?$QMapIterator@VQString@@VcomplexType@@@@XZ 10006360 f i bncs_instance_lookup.obj
 0001:000053e0       ?end@?$QMap@VQString@@VdeviceTypeInfo@@@@QAE?AV?$QMapIterator@VQString@@VdeviceTypeInfo@@@@XZ 100063e0 f i bncs_instance_lookup.obj
 0001:00005460       ?constEnd@?$QMap@VQString@@VcomplexType@@@@QBE?AV?$QMapConstIterator@VQString@@VcomplexType@@@@XZ 10006460 f i bncs_instance_lookup.obj
 0001:00005460       ?constEnd@?$QMap@VQString@@VdeviceTypeInfo@@@@QBE?AV?$QMapConstIterator@VQString@@VdeviceTypeInfo@@@@XZ 10006460 f i bncs_instance_lookup.obj
 0001:00005460       ?end@?$QMap@VQString@@Vstyleentry@@@@QBE?AV?$QMapConstIterator@VQString@@Vstyleentry@@@@XZ 10006460 f i bncs_stylesheet.obj
 0001:00005460       ?end@?$QMap@VQString@@VcomplexParam@@@@QBE?AV?$QMapConstIterator@VQString@@VcomplexParam@@@@XZ 10006460 f i bncs_instance_lookup.obj
 0001:00005460       ?end@?$QMap@VQString@@VcomplexType@@@@QBE?AV?$QMapConstIterator@VQString@@VcomplexType@@@@XZ 10006460 f i bncs_instance_lookup.obj
 0001:00005460       ?constEnd@?$QMap@VQString@@VcomplexParam@@@@QBE?AV?$QMapConstIterator@VQString@@VcomplexParam@@@@XZ 10006460 f i bncs_instance_lookup.obj
 0001:00005460       ?end@?$QMap@VQString@@VparamInfo@@@@QBE?AV?$QMapConstIterator@VQString@@VparamInfo@@@@XZ 10006460 f i bncs_instance_lookup.obj
 0001:00005460       ?end@?$QMap@VQString@@VdeviceTypeInfo@@@@QBE?AV?$QMapConstIterator@VQString@@VdeviceTypeInfo@@@@XZ 10006460 f i bncs_instance_lookup.obj
 0001:00005460       ?constEnd@?$QMap@VQString@@VparamInfo@@@@QBE?AV?$QMapConstIterator@VQString@@VparamInfo@@@@XZ 10006460 f i bncs_instance_lookup.obj
 0001:00005460       ?end@?$QMap@VQString@@VinstanceInfo@@@@QBE?AV?$QMapConstIterator@VQString@@VinstanceInfo@@@@XZ 10006460 f i bncs_instance_lookup.obj
 0001:00005460       ?constEnd@?$QMap@VQString@@Vstyleentry@@@@QBE?AV?$QMapConstIterator@VQString@@Vstyleentry@@@@XZ 10006460 f i bncs_stylesheet.obj
 0001:00005460       ?end@?$QMap@VQString@@VcomplexInstance@@@@QBE?AV?$QMapConstIterator@VQString@@VcomplexInstance@@@@XZ 10006460 f i bncs_instance_lookup.obj
 0001:00005460       ?constEnd@?$QMap@VQString@@VcomplexInstance@@@@QBE?AV?$QMapConstIterator@VQString@@VcomplexInstance@@@@XZ 10006460 f i bncs_instance_lookup.obj
 0001:00005460       ?constEnd@?$QMap@VQString@@VinstanceInfo@@@@QBE?AV?$QMapConstIterator@VQString@@VinstanceInfo@@@@XZ 10006460 f i bncs_instance_lookup.obj
 0001:00005480       ?end@?$QMap@VQString@@VinstanceInfo@@@@QAE?AV?$QMapIterator@VQString@@VinstanceInfo@@@@XZ 10006480 f i bncs_instance_lookup.obj
 0001:00005500       ?end@?$QMap@VQString@@VparamInfo@@@@QAE?AV?$QMapIterator@VQString@@VparamInfo@@@@XZ 10006500 f i bncs_instance_lookup.obj
 0001:00005580       ?equivalent@error_category@std@@UBE_NABVerror_code@2@H@Z 10006580 f i bncs_instance_lookup.obj
 0001:000055a0       ?equivalent@error_category@std@@UBE_NHABVerror_condition@2@@Z 100065a0 f i bncs_instance_lookup.obj
 0001:000055e0       ?erase@?$QMap@VQString@@VcomplexInstance@@@@QAEXV?$QMapIterator@VQString@@VcomplexInstance@@@@@Z 100065e0 f i bncs_instance_lookup.obj
 0001:000055e0       ?remove@?$QMap@VQString@@VcomplexInstance@@@@QAEXV?$QMapIterator@VQString@@VcomplexInstance@@@@@Z 100065e0 f i bncs_instance_lookup.obj
 0001:000056a0       ?erase@?$QMap@VQString@@VcomplexParam@@@@QAEXABVQString@@@Z 100066a0 f i bncs_instance_lookup.obj
 0001:000056a0       ?remove@?$QMap@VQString@@VcomplexParam@@@@QAEXABVQString@@@Z 100066a0 f i bncs_instance_lookup.obj
 0001:000057b0       ?remove@?$QMap@VQString@@VcomplexType@@@@QAEXABVQString@@@Z 100067b0 f i bncs_instance_lookup.obj
 0001:000057b0       ?erase@?$QMap@VQString@@VcomplexType@@@@QAEXABVQString@@@Z 100067b0 f i bncs_instance_lookup.obj
 0001:000058c0       ?remove@?$QMap@VQString@@VcomplexType@@@@QAEXV?$QMapIterator@VQString@@VcomplexType@@@@@Z 100068c0 f i bncs_instance_lookup.obj
 0001:000058c0       ?erase@?$QMap@VQString@@VcomplexType@@@@QAEXV?$QMapIterator@VQString@@VcomplexType@@@@@Z 100068c0 f i bncs_instance_lookup.obj
 0001:00005980       ?erase@?$QMap@VQString@@VdeviceTypeInfo@@@@QAEXV?$QMapIterator@VQString@@VdeviceTypeInfo@@@@@Z 10006980 f i bncs_instance_lookup.obj
 0001:00005980       ?remove@?$QMap@VQString@@VdeviceTypeInfo@@@@QAEXV?$QMapIterator@VQString@@VdeviceTypeInfo@@@@@Z 10006980 f i bncs_instance_lookup.obj
 0001:00005a40       ?erase@?$basic_string@DU?$char_traits@D@std@@V?$allocator@D@2@@std@@QAEAAV12@II@Z 10006a40 f i bncs_instance_lookup.obj
 0001:00005ae0       ?find@?$QMap@VQString@@VcomplexInstance@@@@QAE?AV?$QMapIterator@VQString@@VcomplexInstance@@@@ABVQString@@@Z 10006ae0 f i bncs_instance_lookup.obj
 0001:00005b70       ?find@?$QMap@VQString@@VcomplexParam@@@@QAE?AV?$QMapIterator@VQString@@VcomplexParam@@@@ABVQString@@@Z 10006b70 f i bncs_instance_lookup.obj
 0001:00005c00       ?find@?$QMap@VQString@@VcomplexParam@@@@QBE?AV?$QMapConstIterator@VQString@@VcomplexParam@@@@ABVQString@@@Z 10006c00 f i bncs_instance_lookup.obj
 0001:00005c20       ?find@?$QMap@VQString@@VcomplexType@@@@QAE?AV?$QMapIterator@VQString@@VcomplexType@@@@ABVQString@@@Z 10006c20 f i bncs_instance_lookup.obj
 0001:00005cb0       ?find@?$QMap@VQString@@VdeviceTypeInfo@@@@QAE?AV?$QMapIterator@VQString@@VdeviceTypeInfo@@@@ABVQString@@@Z 10006cb0 f i bncs_instance_lookup.obj
 0001:00005d40       ?find@?$QMap@VQString@@Vstyleentry@@@@QBE?AV?$QMapConstIterator@VQString@@Vstyleentry@@@@ABVQString@@@Z 10006d40 f i bncs_stylesheet.obj
 0001:00005d40       ?find@?$QMap@VQString@@VdeviceTypeInfo@@@@QBE?AV?$QMapConstIterator@VQString@@VdeviceTypeInfo@@@@ABVQString@@@Z 10006d40 f i bncs_instance_lookup.obj
 0001:00005d60       ?find@?$QMap@VQString@@VinstanceInfo@@@@QAE?AV?$QMapIterator@VQString@@VinstanceInfo@@@@ABVQString@@@Z 10006d60 f i bncs_instance_lookup.obj
 0001:00005df0       ?find@?$QMap@VQString@@VinstanceInfo@@@@QBE?AV?$QMapConstIterator@VQString@@VinstanceInfo@@@@ABVQString@@@Z 10006df0 f i bncs_instance_lookup.obj
 0001:00005e10       ?find@?$QMap@VQString@@VparamInfo@@@@QAE?AV?$QMapIterator@VQString@@VparamInfo@@@@ABVQString@@@Z 10006e10 f i bncs_instance_lookup.obj
 0001:00005ea0       ?find@?$QMap@VQString@@VcomplexInstance@@@@QBE?AV?$QMapConstIterator@VQString@@VcomplexInstance@@@@ABVQString@@@Z 10006ea0 f i bncs_instance_lookup.obj
 0001:00005ea0       ?find@?$QMap@VQString@@VcomplexType@@@@QBE?AV?$QMapConstIterator@VQString@@VcomplexType@@@@ABVQString@@@Z 10006ea0 f i bncs_instance_lookup.obj
 0001:00005ea0       ?find@?$QMap@VQString@@VparamInfo@@@@QBE?AV?$QMapConstIterator@VQString@@VparamInfo@@@@ABVQString@@@Z 10006ea0 f i bncs_instance_lookup.obj
 0001:00005ec0       ?find@?$QMapPrivate@VQString@@VcomplexParam@@@@QBE?AV?$QMapConstIterator@VQString@@VcomplexParam@@@@ABVQString@@@Z 10006ec0 f i bncs_instance_lookup.obj
 0001:00005f40       ?find@?$QMapPrivate@VQString@@VdeviceTypeInfo@@@@QBE?AV?$QMapConstIterator@VQString@@VdeviceTypeInfo@@@@ABVQString@@@Z 10006f40 f i bncs_instance_lookup.obj
 0001:00005f40       ?find@?$QMapPrivate@VQString@@Vstyleentry@@@@QBE?AV?$QMapConstIterator@VQString@@Vstyleentry@@@@ABVQString@@@Z 10006f40 f i bncs_stylesheet.obj
 0001:00005fc0       ?find@?$QMapPrivate@VQString@@VinstanceInfo@@@@QBE?AV?$QMapConstIterator@VQString@@VinstanceInfo@@@@ABVQString@@@Z 10006fc0 f i bncs_instance_lookup.obj
 0001:00006040       ?find@?$QMapPrivate@VQString@@VparamInfo@@@@QBE?AV?$QMapConstIterator@VQString@@VparamInfo@@@@ABVQString@@@Z 10007040 f i bncs_instance_lookup.obj
 0001:00006040       ?find@?$QMapPrivate@VQString@@VcomplexInstance@@@@QBE?AV?$QMapConstIterator@VQString@@VcomplexInstance@@@@ABVQString@@@Z 10007040 f i bncs_instance_lookup.obj
 0001:00006040       ?find@?$QMapPrivate@VQString@@VcomplexType@@@@QBE?AV?$QMapConstIterator@VQString@@VcomplexType@@@@ABVQString@@@Z 10007040 f i bncs_instance_lookup.obj
 0001:000060c0       ?getInstanceInfo@bncs_instance_lookup@@SA_NABVQString@@PAPAVinstanceInfo@@@Z 100070c0 f   bncs_instance_lookup.obj
 0001:00006210       ?insert@?$QMap@VQString@@VcomplexInstance@@@@QAE?AU?$QPair@V?$QMapIterator@VQString@@VcomplexInstance@@@@_N@@ABU?$QPair@$$CBVQString@@VcomplexInstance@@@@@Z 10007210 f i bncs_instance_lookup.obj
 0001:000062e0       ?insert@?$QMap@VQString@@VcomplexInstance@@@@QAE?AV?$QMapIterator@VQString@@VcomplexInstance@@@@ABVQString@@ABVcomplexInstance@@_N@Z 100072e0 f i bncs_instance_lookup.obj
 0001:000063b0       ?insert@?$QMap@VQString@@VcomplexParam@@@@QAE?AU?$QPair@V?$QMapIterator@VQString@@VcomplexParam@@@@_N@@ABU?$QPair@$$CBVQString@@VcomplexParam@@@@@Z 100073b0 f i bncs_instance_lookup.obj
 0001:00006470       ?insert@?$QMap@VQString@@VcomplexParam@@@@QAE?AV?$QMapIterator@VQString@@VcomplexParam@@@@ABVQString@@ABVcomplexParam@@_N@Z 10007470 f i bncs_instance_lookup.obj
 0001:00006540       ?insert@?$QMap@VQString@@VcomplexType@@@@QAE?AU?$QPair@V?$QMapIterator@VQString@@VcomplexType@@@@_N@@ABU?$QPair@$$CBVQString@@VcomplexType@@@@@Z 10007540 f i bncs_instance_lookup.obj
 0001:00006610       ?insert@?$QMap@VQString@@VcomplexType@@@@QAE?AV?$QMapIterator@VQString@@VcomplexType@@@@ABVQString@@ABVcomplexType@@_N@Z 10007610 f i bncs_instance_lookup.obj
 0001:000066e0       ?insert@?$QMap@VQString@@VdeviceTypeInfo@@@@QAE?AU?$QPair@V?$QMapIterator@VQString@@VdeviceTypeInfo@@@@_N@@ABU?$QPair@$$CBVQString@@VdeviceTypeInfo@@@@@Z 100076e0 f i bncs_instance_lookup.obj
 0001:000067c0       ?insert@?$QMap@VQString@@VdeviceTypeInfo@@@@QAE?AV?$QMapIterator@VQString@@VdeviceTypeInfo@@@@ABVQString@@ABVdeviceTypeInfo@@_N@Z 100077c0 f i bncs_instance_lookup.obj
 0001:00006890       ?insert@?$QMap@VQString@@VinstanceInfo@@@@QAE?AU?$QPair@V?$QMapIterator@VQString@@VinstanceInfo@@@@_N@@ABU?$QPair@$$CBVQString@@VinstanceInfo@@@@@Z 10007890 f i bncs_instance_lookup.obj
 0001:00006980       ?insert@?$QMap@VQString@@VinstanceInfo@@@@QAE?AV?$QMapIterator@VQString@@VinstanceInfo@@@@ABVQString@@ABVinstanceInfo@@_N@Z 10007980 f i bncs_instance_lookup.obj
 0001:00006a80       ?insert@?$QMap@VQString@@VparamInfo@@@@QAE?AU?$QPair@V?$QMapIterator@VQString@@VparamInfo@@@@_N@@ABU?$QPair@$$CBVQString@@VparamInfo@@@@@Z 10007a80 f i bncs_instance_lookup.obj
 0001:00006b30       ?insert@?$QMap@VQString@@VparamInfo@@@@QAE?AV?$QMapIterator@VQString@@VparamInfo@@@@ABVQString@@ABVparamInfo@@_N@Z 10007b30 f i bncs_instance_lookup.obj
 0001:00006bd0       ?insert@?$QMapPrivate@VQString@@VcomplexInstance@@@@QAE?AV?$QMapIterator@VQString@@VcomplexInstance@@@@PAUQMapNodeBase@@0ABVQString@@@Z 10007bd0 f i bncs_instance_lookup.obj
 0001:00006cd0       ?insert@?$QMapPrivate@VQString@@VcomplexParam@@@@QAE?AV?$QMapIterator@VQString@@VcomplexParam@@@@PAUQMapNodeBase@@0ABVQString@@@Z 10007cd0 f i bncs_instance_lookup.obj
 0001:00006dd0       ?insert@?$QMapPrivate@VQString@@VcomplexType@@@@QAE?AV?$QMapIterator@VQString@@VcomplexType@@@@PAUQMapNodeBase@@0ABVQString@@@Z 10007dd0 f i bncs_instance_lookup.obj
 0001:00006ed0       ?insert@?$QMapPrivate@VQString@@VdeviceTypeInfo@@@@QAE?AV?$QMapIterator@VQString@@VdeviceTypeInfo@@@@PAUQMapNodeBase@@0ABVQString@@@Z 10007ed0 f i bncs_instance_lookup.obj
 0001:00006fd0       ?insert@?$QMapPrivate@VQString@@VinstanceInfo@@@@QAE?AV?$QMapIterator@VQString@@VinstanceInfo@@@@PAUQMapNodeBase@@0ABVQString@@@Z 10007fd0 f i bncs_instance_lookup.obj
 0001:000070d0       ?insert@?$QMapPrivate@VQString@@VparamInfo@@@@QAE?AV?$QMapIterator@VQString@@VparamInfo@@@@PAUQMapNodeBase@@0ABVQString@@@Z 100080d0 f i bncs_instance_lookup.obj
 0001:000071d0       ?insert@?$QValueListPrivate@VcomplexInstance@@@@QAE?AV?$QValueListIterator@VcomplexInstance@@@@V2@ABVcomplexInstance@@@Z 100081d0 f i bncs_instance_lookup.obj
 0001:00007230       ?insert@?$QValueListPrivate@VcomplexParam@@@@QAE?AV?$QValueListIterator@VcomplexParam@@@@V2@ABVcomplexParam@@@Z 10008230 f i bncs_instance_lookup.obj
 0001:000072f0       ?insert@?$QValueListPrivate@VcomplexType@@@@QAE?AV?$QValueListIterator@VcomplexType@@@@V2@ABVcomplexType@@@Z 100082f0 f i bncs_instance_lookup.obj
 0001:00007350       ?insert@?$QValueListPrivate@VdeviceTypeInfo@@@@QAE?AV?$QValueListIterator@VdeviceTypeInfo@@@@V2@ABVdeviceTypeInfo@@@Z 10008350 f i bncs_instance_lookup.obj
 0001:000073c0       ?insert@?$QValueListPrivate@VinstanceInfo@@@@QAE?AV?$QValueListIterator@VinstanceInfo@@@@V2@ABVinstanceInfo@@@Z 100083c0 f i bncs_instance_lookup.obj
 0001:00007450       ?insert@?$QValueListPrivate@VparamInfo@@@@QAE?AV?$QValueListIterator@VparamInfo@@@@V2@ABVparamInfo@@@Z 10008450 f i bncs_instance_lookup.obj
 0001:000074b0       ?insertSingle@?$QMapPrivate@VQString@@VcomplexInstance@@@@QAE?AV?$QMapIterator@VQString@@VcomplexInstance@@@@ABVQString@@@Z 100084b0 f i bncs_instance_lookup.obj
 0001:00007570       ?insertSingle@?$QMapPrivate@VQString@@VcomplexParam@@@@QAE?AV?$QMapIterator@VQString@@VcomplexParam@@@@ABVQString@@@Z 10008570 f i bncs_instance_lookup.obj
 0001:00007630       ?insertSingle@?$QMapPrivate@VQString@@VcomplexType@@@@QAE?AV?$QMapIterator@VQString@@VcomplexType@@@@ABVQString@@@Z 10008630 f i bncs_instance_lookup.obj
 0001:000076f0       ?insertSingle@?$QMapPrivate@VQString@@VdeviceTypeInfo@@@@QAE?AV?$QMapIterator@VQString@@VdeviceTypeInfo@@@@ABVQString@@@Z 100086f0 f i bncs_instance_lookup.obj
 0001:000077b0       ?insertSingle@?$QMapPrivate@VQString@@VinstanceInfo@@@@QAE?AV?$QMapIterator@VQString@@VinstanceInfo@@@@ABVQString@@@Z 100087b0 f i bncs_instance_lookup.obj
 0001:00007870       ?insertSingle@?$QMapPrivate@VQString@@VparamInfo@@@@QAE?AV?$QMapIterator@VQString@@VparamInfo@@@@ABVQString@@@Z 10008870 f i bncs_instance_lookup.obj
 0001:00007930       ?isEmpty@?$QMap@VQString@@Vstyleentry@@@@QBE_NXZ 10008930 f i bncs_stylesheet.obj
 0001:00007930       ?isEmpty@?$QMap@VQString@@VcomplexParam@@@@QBE_NXZ 10008930 f i bncs_instance_lookup.obj
 0001:00007930       ?empty@?$QMap@VQString@@VcomplexInstance@@@@QBE_NXZ 10008930 f i bncs_instance_lookup.obj
 0001:00007930       ?empty@?$QMap@VQString@@VdeviceTypeInfo@@@@QBE_NXZ 10008930 f i bncs_instance_lookup.obj
 0001:00007930       ?isEmpty@?$QMap@VQString@@VcomplexType@@@@QBE_NXZ 10008930 f i bncs_instance_lookup.obj
 0001:00007930       ?empty@?$QMap@VQString@@VinstanceInfo@@@@QBE_NXZ 10008930 f i bncs_instance_lookup.obj
 0001:00007930       ?isEmpty@?$QMap@VQString@@VcomplexInstance@@@@QBE_NXZ 10008930 f i bncs_instance_lookup.obj
 0001:00007930       ?isEmpty@?$QMap@VQString@@VparamInfo@@@@QBE_NXZ 10008930 f i bncs_instance_lookup.obj
 0001:00007930       ?empty@?$QMap@VQString@@VcomplexType@@@@QBE_NXZ 10008930 f i bncs_instance_lookup.obj
 0001:00007930       ?empty@?$QMap@VQString@@VparamInfo@@@@QBE_NXZ 10008930 f i bncs_instance_lookup.obj
 0001:00007930       ?isEmpty@?$QMap@VQString@@VdeviceTypeInfo@@@@QBE_NXZ 10008930 f i bncs_instance_lookup.obj
 0001:00007930       ?empty@?$QMap@VQString@@Vstyleentry@@@@QBE_NXZ 10008930 f i bncs_stylesheet.obj
 0001:00007930       ?empty@?$QMap@VQString@@VcomplexParam@@@@QBE_NXZ 10008930 f i bncs_instance_lookup.obj
 0001:00007930       ?isEmpty@?$QMap@VQString@@VinstanceInfo@@@@QBE_NXZ 10008930 f i bncs_instance_lookup.obj
 0001:00007940       ?keys@?$QMap@VQString@@VcomplexInstance@@@@QBE?AV?$QValueList@VQString@@@@XZ 10008940 f i bncs_instance_lookup.obj
 0001:00007940       ?keys@?$QMap@VQString@@VparamInfo@@@@QBE?AV?$QValueList@VQString@@@@XZ 10008940 f i bncs_instance_lookup.obj
 0001:00007940       ?keys@?$QMap@VQString@@VcomplexType@@@@QBE?AV?$QValueList@VQString@@@@XZ 10008940 f i bncs_instance_lookup.obj
 0001:00007a10       ?keys@?$QMap@VQString@@VcomplexParam@@@@QBE?AV?$QValueList@VQString@@@@XZ 10008a10 f i bncs_instance_lookup.obj
 0001:00007ae0       ?keys@?$QMap@VQString@@VdeviceTypeInfo@@@@QBE?AV?$QValueList@VQString@@@@XZ 10008ae0 f i bncs_instance_lookup.obj
 0001:00007ae0       ?keys@?$QMap@VQString@@Vstyleentry@@@@QBE?AV?$QValueList@VQString@@@@XZ 10008ae0 f i bncs_stylesheet.obj
 0001:00007bb0       ?keys@?$QMap@VQString@@VinstanceInfo@@@@QBE?AV?$QValueList@VQString@@@@XZ 10008bb0 f i bncs_instance_lookup.obj
 0001:00007c90       ?loadComplexType@bncs_instance_lookup@@SA_NABVQString@@AAVcomplexType@@@Z 10008c90 f   bncs_instance_lookup.obj
 0001:00008200       ?loadComplexTypes@bncs_instance_lookup@@SA_NXZ 10009200 f   bncs_instance_lookup.obj
 0001:00008430       ?loadDeviceParams@bncs_instance_lookup@@SA_NABVQString@@AAVdeviceTypeInfo@@@Z 10009430 f   bncs_instance_lookup.obj
 0001:000088f0       ?loadDeviceTypes@bncs_instance_lookup@@SA_NXZ 100098f0 f   bncs_instance_lookup.obj
 0001:00008b40       ?loadInstances@bncs_instance_lookup@@SA_NXZ 10009b40 f   bncs_instance_lookup.obj
 0001:000095d0       ?lookup@bncs_instance_lookup@@SA_NABVQString@@0AAV2@PAH22PAD@Z 1000a5d0 f   bncs_instance_lookup.obj
 0001:00009850       ?lookup@bncs_instance_lookup@@SA_NABVQString@@AAV2@111AA_N@Z 1000a850 f   bncs_instance_lookup.obj
 0001:00009a10       ?lookup@bncs_instance_lookup@@SA_NABVQString@@AAV2@PAH2PAD@Z 1000aa10 f   bncs_instance_lookup.obj
 0001:00009ba0       ?lookupComplex@bncs_instance_lookup@@SA_NABVQString@@00AAV2@PAH22PAD@Z 1000aba0 f   bncs_instance_lookup.obj
 0001:00009d90       ?lookupComposite@bncs_instance_lookup@@SA_NABVQString@@0AAV2@@Z 1000ad90 f   bncs_instance_lookup.obj
 0001:00009eb0       ?lookupComposite@bncs_instance_lookup@@SA_NABVQString@@AA_NAAV?$QMap@VQString@@V1@@@@Z 1000aeb0 f   bncs_instance_lookup.obj
 0001:00009fb0       ?lookupInstanceOfType@bncs_instance_lookup@@SA_NABVQString@@AAVQStringList@@@Z 1000afb0 f   bncs_instance_lookup.obj
 0001:0000a0f0       ?lookupType@bncs_instance_lookup@@SA_NABVQString@@AAV2@@Z 1000b0f0 f   bncs_instance_lookup.obj
 0001:0000a1f0       ?message@_Generic_error_category@std@@UBE?AV?$basic_string@DU?$char_traits@D@std@@V?$allocator@D@2@@2@H@Z 1000b1f0 f i bncs_instance_lookup.obj
 0001:0000a270       ?message@_Iostream_error_category@std@@UBE?AV?$basic_string@DU?$char_traits@D@std@@V?$allocator@D@2@@2@H@Z 1000b270 f i bncs_instance_lookup.obj
 0001:0000a2c0       ?message@_System_error_category@std@@UBE?AV?$basic_string@DU?$char_traits@D@std@@V?$allocator@D@2@@2@H@Z 1000b2c0 f i bncs_instance_lookup.obj
 0001:0000a340       ?name@_Generic_error_category@std@@UBEPBDXZ 1000b340 f i bncs_instance_lookup.obj
 0001:0000a350       ?name@_Iostream_error_category@std@@UBEPBDXZ 1000b350 f i bncs_instance_lookup.obj
 0001:0000a360       ?name@_System_error_category@std@@UBEPBDXZ 1000b360 f i bncs_instance_lookup.obj
 0001:0000a370       ?path@global@@SA?AVQString@@XZ 1000b370 f i bncs_instance_lookup.obj
 0001:0000a420       ?erase@?$QMap@VQString@@VcomplexInstance@@@@QAEXABVQString@@@Z 1000b420 f i bncs_instance_lookup.obj
 0001:0000a420       ?remove@?$QMap@VQString@@VcomplexInstance@@@@QAEXABVQString@@@Z 1000b420 f i bncs_instance_lookup.obj
 0001:0000a530       ?remove@?$QMap@VQString@@VcomplexParam@@@@QAEXV?$QMapIterator@VQString@@VcomplexParam@@@@@Z 1000b530 f i bncs_instance_lookup.obj
 0001:0000a530       ?erase@?$QMap@VQString@@VcomplexParam@@@@QAEXV?$QMapIterator@VQString@@VcomplexParam@@@@@Z 1000b530 f i bncs_instance_lookup.obj
 0001:0000a5f0       ?remove@?$QMap@VQString@@VdeviceTypeInfo@@@@QAEXABVQString@@@Z 1000b5f0 f i bncs_instance_lookup.obj
 0001:0000a5f0       ?erase@?$QMap@VQString@@VdeviceTypeInfo@@@@QAEXABVQString@@@Z 1000b5f0 f i bncs_instance_lookup.obj
 0001:0000a700       ?erase@?$QMap@VQString@@VinstanceInfo@@@@QAEXABVQString@@@Z 1000b700 f i bncs_instance_lookup.obj
 0001:0000a700       ?remove@?$QMap@VQString@@VinstanceInfo@@@@QAEXABVQString@@@Z 1000b700 f i bncs_instance_lookup.obj
 0001:0000a810       ?erase@?$QMap@VQString@@VinstanceInfo@@@@QAEXV?$QMapIterator@VQString@@VinstanceInfo@@@@@Z 1000b810 f i bncs_instance_lookup.obj
 0001:0000a810       ?remove@?$QMap@VQString@@VinstanceInfo@@@@QAEXV?$QMapIterator@VQString@@VinstanceInfo@@@@@Z 1000b810 f i bncs_instance_lookup.obj
 0001:0000a8d0       ?remove@?$QMap@VQString@@VparamInfo@@@@QAEXABVQString@@@Z 1000b8d0 f i bncs_instance_lookup.obj
 0001:0000a8d0       ?erase@?$QMap@VQString@@VparamInfo@@@@QAEXABVQString@@@Z 1000b8d0 f i bncs_instance_lookup.obj
 0001:0000a9e0       ?remove@?$QMap@VQString@@VparamInfo@@@@QAEXV?$QMapIterator@VQString@@VparamInfo@@@@@Z 1000b9e0 f i bncs_instance_lookup.obj
 0001:0000a9e0       ?erase@?$QMap@VQString@@VparamInfo@@@@QAEXV?$QMapIterator@VQString@@VparamInfo@@@@@Z 1000b9e0 f i bncs_instance_lookup.obj
 0001:0000aaa0       ?replace@?$QMap@VQString@@VcomplexInstance@@@@QAE?AV?$QMapIterator@VQString@@VcomplexInstance@@@@ABVQString@@ABVcomplexInstance@@@Z 1000baa0 f i bncs_instance_lookup.obj
 0001:0000ab60       ?replace@?$QMap@VQString@@VcomplexParam@@@@QAE?AV?$QMapIterator@VQString@@VcomplexParam@@@@ABVQString@@ABVcomplexParam@@@Z 1000bb60 f i bncs_instance_lookup.obj
 0001:0000ac10       ?replace@?$QMap@VQString@@VcomplexType@@@@QAE?AV?$QMapIterator@VQString@@VcomplexType@@@@ABVQString@@ABVcomplexType@@@Z 1000bc10 f i bncs_instance_lookup.obj
 0001:0000acd0       ?replace@?$QMap@VQString@@VdeviceTypeInfo@@@@QAE?AV?$QMapIterator@VQString@@VdeviceTypeInfo@@@@ABVQString@@ABVdeviceTypeInfo@@@Z 1000bcd0 f i bncs_instance_lookup.obj
 0001:0000ad00       ?replace@?$QMap@VQString@@VinstanceInfo@@@@QAE?AV?$QMapIterator@VQString@@VinstanceInfo@@@@ABVQString@@ABVinstanceInfo@@@Z 1000bd00 f i bncs_instance_lookup.obj
 0001:0000ad30       ?replace@?$QMap@VQString@@VparamInfo@@@@QAE?AV?$QMapIterator@VQString@@VparamInfo@@@@ABVQString@@ABVparamInfo@@@Z 1000bd30 f i bncs_instance_lookup.obj
 0001:0000add0       ?size@?$QMap@VQString@@VdeviceTypeInfo@@@@QBEIXZ 1000bdd0 f i bncs_instance_lookup.obj
 0001:0000add0       ?count@?$QMap@VQString@@VcomplexParam@@@@QBEIXZ 1000bdd0 f i bncs_instance_lookup.obj
 0001:0000add0       ?size@?$QMap@VQString@@VparamInfo@@@@QBEIXZ 1000bdd0 f i bncs_instance_lookup.obj
 0001:0000add0       ?size@?$QMap@VQString@@VcomplexParam@@@@QBEIXZ 1000bdd0 f i bncs_instance_lookup.obj
 0001:0000add0       ?count@?$QMap@VQString@@VcomplexType@@@@QBEIXZ 1000bdd0 f i bncs_instance_lookup.obj
 0001:0000add0       ?size@?$QMap@VQString@@Vstyleentry@@@@QBEIXZ 1000bdd0 f i bncs_stylesheet.obj
 0001:0000add0       ?size@?$QMap@VQString@@VcomplexType@@@@QBEIXZ 1000bdd0 f i bncs_instance_lookup.obj
 0001:0000add0       ?count@?$QMap@VQString@@VinstanceInfo@@@@QBEIXZ 1000bdd0 f i bncs_instance_lookup.obj
 0001:0000add0       ?count@?$QMap@VQString@@VcomplexInstance@@@@QBEIXZ 1000bdd0 f i bncs_instance_lookup.obj
 0001:0000add0       ?count@?$QMap@VQString@@Vstyleentry@@@@QBEIXZ 1000bdd0 f i bncs_stylesheet.obj
 0001:0000add0       ?size@?$QMap@VQString@@VcomplexInstance@@@@QBEIXZ 1000bdd0 f i bncs_instance_lookup.obj
 0001:0000add0       ?count@?$QMap@VQString@@VdeviceTypeInfo@@@@QBEIXZ 1000bdd0 f i bncs_instance_lookup.obj
 0001:0000add0       ?size@?$QMap@VQString@@VinstanceInfo@@@@QBEIXZ 1000bdd0 f i bncs_instance_lookup.obj
 0001:0000add0       ?count@?$QMap@VQString@@VparamInfo@@@@QBEIXZ 1000bdd0 f i bncs_instance_lookup.obj
 0001:0000ade0       ?values@?$QMap@VQString@@VcomplexInstance@@@@QBE?AV?$QValueList@VcomplexInstance@@@@XZ 1000bde0 f i bncs_instance_lookup.obj
 0001:0000aed0       ?values@?$QMap@VQString@@VcomplexParam@@@@QBE?AV?$QValueList@VcomplexParam@@@@XZ 1000bed0 f i bncs_instance_lookup.obj
 0001:0000afc0       ?values@?$QMap@VQString@@VcomplexType@@@@QBE?AV?$QValueList@VcomplexType@@@@XZ 1000bfc0 f i bncs_instance_lookup.obj
 0001:0000b0b0       ?values@?$QMap@VQString@@VdeviceTypeInfo@@@@QBE?AV?$QValueList@VdeviceTypeInfo@@@@XZ 1000c0b0 f i bncs_instance_lookup.obj
 0001:0000b1a0       ?values@?$QMap@VQString@@VinstanceInfo@@@@QBE?AV?$QValueList@VinstanceInfo@@@@XZ 1000c1a0 f i bncs_instance_lookup.obj
 0001:0000b290       ?values@?$QMap@VQString@@VparamInfo@@@@QBE?AV?$QValueList@VparamInfo@@@@XZ 1000c290 f i bncs_instance_lookup.obj
 0001:0000b380       ??0?$QMap@VQString@@Vstyleentry@@@@QAE@XZ 1000c380 f i bncs_stylesheet.obj
 0001:0000b400       ??0?$QMapNode@VQString@@Vstyleentry@@@@QAE@ABU0@@Z 1000c400 f i bncs_stylesheet.obj
 0001:0000b4c0       ??0?$QMapNode@VQString@@Vstyleentry@@@@QAE@ABVQString@@@Z 1000c4c0 f i bncs_stylesheet.obj
 0001:0000b550       ??0?$QMapPrivate@VQString@@Vstyleentry@@@@QAE@PBV0@@Z 1000c550 f i bncs_stylesheet.obj
 0001:0000b680       ??0?$QMapPrivate@VQString@@Vstyleentry@@@@QAE@XZ 1000c680 f i bncs_stylesheet.obj
 0001:0000b740       ??0?$QValueListPrivate@Vstyleentry@@@@QAE@ABV0@@Z 1000c740 f i bncs_stylesheet.obj
 0001:0000b830       ??0?$QValueListPrivate@Vstyleentry@@@@QAE@XZ 1000c830 f i bncs_stylesheet.obj
 0001:0000b8e0       ??0bncs_stylesheet@@QAE@XZ 1000c8e0 f   bncs_stylesheet.obj
 0001:0000b8f0       ??0styleentry@@QAE@ABV0@@Z 1000c8f0 f i bncs_stylesheet.obj
 0001:0000b970       ??0styleentry@@QAE@XZ      1000c970 f i bncs_stylesheet.obj
 0001:0000b9d0       ??1?$QMap@VQString@@Vstyleentry@@@@QAE@XZ 1000c9d0 f i bncs_stylesheet.obj
 0001:0000b9f0       ??1?$QMapPrivate@VQString@@Vstyleentry@@@@QAE@XZ 1000c9f0 f i bncs_stylesheet.obj
 0001:0000bac0       ??1bncs_stylesheet@@QAE@XZ 1000cac0 f   bncs_stylesheet.obj
 0001:0000bad0       ??1styleentry@@QAE@XZ      1000cad0 f i bncs_stylesheet.obj
 0001:0000bb40       ??4?$QMap@VQString@@Vstyleentry@@@@QAEAAV0@ABV0@@Z 1000cb40 f i bncs_stylesheet.obj
 0001:0000bb80       ??4styleentry@@QAEAAV0@ABV0@@Z 1000cb80 f i bncs_stylesheet.obj
 0001:0000bbc0       ??A?$QMap@VQString@@Vstyleentry@@@@QAEAAVstyleentry@@ABVQString@@@Z 1000cbc0 f i bncs_stylesheet.obj
 0001:0000bcd0       ??_G?$QValueListNode@Vstyleentry@@@@UAEPAXI@Z 1000ccd0 f i bncs_stylesheet.obj
 0001:0000bcd0       ??_E?$QValueListNode@Vstyleentry@@@@UAEPAXI@Z 1000ccd0 f i bncs_stylesheet.obj
 0001:0000bd60       ??_E?$QValueListPrivate@Vstyleentry@@@@UAEPAXI@Z 1000cd60 f i bncs_stylesheet.obj
 0001:0000bd60       ??_G?$QValueListPrivate@Vstyleentry@@@@UAEPAXI@Z 1000cd60 f i bncs_stylesheet.obj
 0001:0000bdb0       ?append@?$QValueList@Vstyleentry@@@@QAE?AV?$QValueListIterator@Vstyleentry@@@@ABVstyleentry@@@Z 1000cdb0 f i bncs_stylesheet.obj
 0001:0000be80       ?begin@?$QMap@VQString@@Vstyleentry@@@@QAE?AV?$QMapIterator@VQString@@Vstyleentry@@@@XZ 1000ce80 f i bncs_stylesheet.obj
 0001:0000bf00       ?clear@?$QMap@VQString@@Vstyleentry@@@@QAEXXZ 1000cf00 f i bncs_stylesheet.obj
 0001:0000bfc0       ?clear@?$QMapPrivate@VQString@@Vstyleentry@@@@QAEXPAU?$QMapNode@VQString@@Vstyleentry@@@@@Z 1000cfc0 f i bncs_stylesheet.obj
 0001:0000c070       ?constBegin@?$QMap@VQString@@VcomplexInstance@@@@QBE?AV?$QMapConstIterator@VQString@@VcomplexInstance@@@@XZ 1000d070 f i bncs_instance_lookup.obj
 0001:0000c070       ?constBegin@?$QMap@VQString@@VinstanceInfo@@@@QBE?AV?$QMapConstIterator@VQString@@VinstanceInfo@@@@XZ 1000d070 f i bncs_instance_lookup.obj
 0001:0000c070       ?begin@?$QMap@VQString@@VdeviceTypeInfo@@@@QBE?AV?$QMapConstIterator@VQString@@VdeviceTypeInfo@@@@XZ 1000d070 f i bncs_instance_lookup.obj
 0001:0000c070       ?constBegin@?$QMap@VQString@@VcomplexParam@@@@QBE?AV?$QMapConstIterator@VQString@@VcomplexParam@@@@XZ 1000d070 f i bncs_instance_lookup.obj
 0001:0000c070       ?begin@?$QMap@VQString@@Vstyleentry@@@@QBE?AV?$QMapConstIterator@VQString@@Vstyleentry@@@@XZ 1000d070 f i bncs_stylesheet.obj
 0001:0000c070       ?begin@?$QMap@VQString@@VcomplexParam@@@@QBE?AV?$QMapConstIterator@VQString@@VcomplexParam@@@@XZ 1000d070 f i bncs_instance_lookup.obj
 0001:0000c070       ?constBegin@?$QMap@VQString@@VparamInfo@@@@QBE?AV?$QMapConstIterator@VQString@@VparamInfo@@@@XZ 1000d070 f i bncs_instance_lookup.obj
 0001:0000c070       ?begin@?$QMap@VQString@@VcomplexInstance@@@@QBE?AV?$QMapConstIterator@VQString@@VcomplexInstance@@@@XZ 1000d070 f i bncs_instance_lookup.obj
 0001:0000c070       ?begin@?$QMap@VQString@@VinstanceInfo@@@@QBE?AV?$QMapConstIterator@VQString@@VinstanceInfo@@@@XZ 1000d070 f i bncs_instance_lookup.obj
 0001:0000c070       ?constBegin@?$QMap@VQString@@VcomplexType@@@@QBE?AV?$QMapConstIterator@VQString@@VcomplexType@@@@XZ 1000d070 f i bncs_instance_lookup.obj
 0001:0000c070       ?begin@?$QMap@VQString@@VcomplexType@@@@QBE?AV?$QMapConstIterator@VQString@@VcomplexType@@@@XZ 1000d070 f i bncs_instance_lookup.obj
 0001:0000c070       ?begin@?$QMap@VQString@@VparamInfo@@@@QBE?AV?$QMapConstIterator@VQString@@VparamInfo@@@@XZ 1000d070 f i bncs_instance_lookup.obj
 0001:0000c070       ?constBegin@?$QMap@VQString@@VdeviceTypeInfo@@@@QBE?AV?$QMapConstIterator@VQString@@VdeviceTypeInfo@@@@XZ 1000d070 f i bncs_instance_lookup.obj
 0001:0000c070       ?constBegin@?$QMap@VQString@@Vstyleentry@@@@QBE?AV?$QMapConstIterator@VQString@@Vstyleentry@@@@XZ 1000d070 f i bncs_stylesheet.obj
 0001:0000c090       ?copy@?$QMapPrivate@VQString@@Vstyleentry@@@@QAEPAU?$QMapNode@VQString@@Vstyleentry@@@@PAU2@@Z 1000d090 f i bncs_stylesheet.obj
 0001:0000c160       ?count@?$QMap@VQString@@VdeviceTypeInfo@@@@QBEIABVQString@@@Z 1000d160 f i bncs_instance_lookup.obj
 0001:0000c160       ?count@?$QMap@VQString@@Vstyleentry@@@@QBEIABVQString@@@Z 1000d160 f i bncs_stylesheet.obj
 0001:0000c1d0       ?count@bncs_stylesheet@@SAHXZ 1000d1d0 f   bncs_stylesheet.obj
 0001:0000c1e0       ?deleteStyle@bncs_stylesheet@@QAEXVQString@@@Z 1000d1e0 f   bncs_stylesheet.obj
 0001:0000c2e0       ?detach@?$QMap@VQString@@Vstyleentry@@@@IAEXXZ 1000d2e0 f i bncs_stylesheet.obj
 0001:0000c360       ?detachInternal@?$QMap@VQString@@Vstyleentry@@@@AAEXXZ 1000d360 f i bncs_stylesheet.obj
 0001:0000c3e0       ?doLoad@bncs_stylesheet@@SA_NXZ 1000d3e0 f   bncs_stylesheet.obj
 0001:0000ccf0       ?end@?$QMap@VQString@@Vstyleentry@@@@QAE?AV?$QMapIterator@VQString@@Vstyleentry@@@@XZ 1000dcf0 f i bncs_stylesheet.obj
 0001:0000cd70       ?find@?$QMap@VQString@@Vstyleentry@@@@QAE?AV?$QMapIterator@VQString@@Vstyleentry@@@@ABVQString@@@Z 1000dd70 f i bncs_stylesheet.obj
 0001:0000ce00       ?get@bncs_stylesheet@@QAEXAAVQString@@PAVQWidget@@@Z 1000de00 f   bncs_stylesheet.obj
 0001:0000ce20       ?getStyle@bncs_stylesheet@@SAXAAVQString@@PAVQWidget@@@Z 1000de20 f   bncs_stylesheet.obj
 0001:0000cf40       ?getStyleEntry@bncs_stylesheet@@QAEPAVstyleentry@@VQString@@@Z 1000df40 f   bncs_stylesheet.obj
 0001:0000cfc0       ?insert@?$QMap@VQString@@Vstyleentry@@@@QAE?AU?$QPair@V?$QMapIterator@VQString@@Vstyleentry@@@@_N@@ABU?$QPair@$$CBVQString@@Vstyleentry@@@@@Z 1000dfc0 f i bncs_stylesheet.obj
 0001:0000d0a0       ?insert@?$QMap@VQString@@Vstyleentry@@@@QAE?AV?$QMapIterator@VQString@@Vstyleentry@@@@ABVQString@@ABVstyleentry@@_N@Z 1000e0a0 f i bncs_stylesheet.obj
 0001:0000d180       ?insert@?$QMapPrivate@VQString@@Vstyleentry@@@@QAE?AV?$QMapIterator@VQString@@Vstyleentry@@@@PAUQMapNodeBase@@0ABVQString@@@Z 1000e180 f i bncs_stylesheet.obj
 0001:0000d270       ?insert@?$QValueListPrivate@Vstyleentry@@@@QAE?AV?$QValueListIterator@Vstyleentry@@@@V2@ABVstyleentry@@@Z 1000e270 f i bncs_stylesheet.obj
 0001:0000d340       ?insertSingle@?$QMapPrivate@VQString@@Vstyleentry@@@@QAE?AV?$QMapIterator@VQString@@Vstyleentry@@@@ABVQString@@@Z 1000e340 f i bncs_stylesheet.obj
 0001:0000d400       ?load@bncs_stylesheet@@SA_NXZ 1000e400 f   bncs_stylesheet.obj
 0001:0000d540       ?reLoad@bncs_stylesheet@@SA_NXZ 1000e540 f   bncs_stylesheet.obj
 0001:0000d550       ?erase@?$QMap@VQString@@Vstyleentry@@@@QAEXABVQString@@@Z 1000e550 f i bncs_stylesheet.obj
 0001:0000d550       ?remove@?$QMap@VQString@@Vstyleentry@@@@QAEXABVQString@@@Z 1000e550 f i bncs_stylesheet.obj
 0001:0000d620       ?remove@?$QMap@VQString@@Vstyleentry@@@@QAEXV?$QMapIterator@VQString@@Vstyleentry@@@@@Z 1000e620 f i bncs_stylesheet.obj
 0001:0000d620       ?erase@?$QMap@VQString@@Vstyleentry@@@@QAEXV?$QMapIterator@VQString@@Vstyleentry@@@@@Z 1000e620 f i bncs_stylesheet.obj
 0001:0000d6a0       ?remove@?$QMapPrivate@VQString@@Vstyleentry@@@@QAEXV?$QMapIterator@VQString@@Vstyleentry@@@@@Z 1000e6a0 f i bncs_stylesheet.obj
 0001:0000d750       ?replace@?$QMap@VQString@@Vstyleentry@@@@QAE?AV?$QMapIterator@VQString@@Vstyleentry@@@@ABVQString@@ABVstyleentry@@@Z 1000e750 f i bncs_stylesheet.obj
 0001:0000d780       ?save@bncs_stylesheet@@QAE_NXZ 1000e780 f   bncs_stylesheet.obj
 0001:0000dec0       ?set@bncs_stylesheet@@QAEXAAVQString@@AAVstyleentry@@@Z 1000eec0 f   bncs_stylesheet.obj
 0001:0000df10       ?settingslist@bncs_stylesheet@@QAE?BVQStringList@@AAVQString@@@Z 1000ef10 f   bncs_stylesheet.obj
 0001:0000e020       ?styleExist@bncs_stylesheet@@QAE_NVQString@@@Z 1000f020 f   bncs_stylesheet.obj
 0001:0000e090       ?stylelist@bncs_stylesheet@@QAE?BV?$QMap@VQString@@Vstyleentry@@@@XZ 1000f090 f   bncs_stylesheet.obj
 0001:0000e0b0       ?values@?$QMap@VQString@@Vstyleentry@@@@QBE?AV?$QValueList@Vstyleentry@@@@XZ 1000f0b0 f i bncs_stylesheet.obj
 0001:0000e1a0       ??0complexInstance@@QAE@XZ 1000f1a0 f   complexInstance.obj
 0001:0000e220       ??1complexInstance@@UAE@XZ 1000f220 f   complexInstance.obj
 0001:0000e250       ??0complexParam@@QAE@XZ    1000f250 f   complexParamInfo.obj
 0001:0000e2b0       ??1complexParam@@UAE@XZ    1000f2b0 f   complexParamInfo.obj
 0001:0000e310       ??0complexType@@QAE@XZ     1000f310 f   complexType.obj
 0001:0000e390       ??1complexType@@UAE@XZ     1000f390 f   complexType.obj
 0001:0000e3c0       ??0deviceTypeInfo@@QAE@XZ  1000f3c0 f   deviceTypeInfo.obj
 0001:0000e440       ??1deviceTypeInfo@@UAE@XZ  1000f440 f   deviceTypeInfo.obj
 0001:0000e470       ?developerMode@@YA_NXZ     1000f470 f   env.obj
 0001:0000e4a0       ??0instanceInfo@@QAE@XZ    1000f4a0 f   instanceInfo.obj
 0001:0000e540       ??1instanceInfo@@UAE@XZ    1000f540 f   instanceInfo.obj
 0001:0000e5d0       _DllMain@12                1000f5d0 f   main.obj
 0001:0000e640       ??0paramInfo@@QAE@XZ       1000f640 f   paramInfo.obj
 0001:0000e650       ??1paramInfo@@UAE@XZ       1000f650 f   paramInfo.obj
 0001:0000e657       ??_M@YGXPAXIHP6EX0@Z@Z     1000f657 f   MSVCRT:ehvecdtr.obj
 0001:0000e6c6       ?__ArrayUnwind@@YGXPAXIHP6EX0@Z@Z 1000f6c6 f   MSVCRT:ehvecdtr.obj
 0001:0000e724       __purecall                 1000f724 f   MSVCRT:MSVCR120.dll
 0001:0000e72a       ??2@YAPAXI@Z               1000f72a f   MSVCRT:MSVCR120.dll
 0001:0000e730       ??3@YAXPAX@Z               1000f730 f   MSVCRT:MSVCR120.dll
 0001:0000e736       ___atonexitinit            1000f736 f   MSVCRT:atonexit.obj
 0001:0000e772       __onexit                   1000f772 f   MSVCRT:atonexit.obj
 0001:0000e81b       _atexit                    1000f81b f   MSVCRT:atonexit.obj
 0001:0000e830       @__security_check_cookie@4 1000f830 f   MSVCRT:secchk.obj
 0001:0000e840       __CxxThrowException@8      1000f840 f   MSVCRT:MSVCR120.dll
 0001:0000e846       ___CxxFrameHandler3        1000f846 f   MSVCRT:MSVCR120.dll
 0001:0000e84c       _memcpy                    1000f84c f   MSVCRT:MSVCR120.dll
 0001:0000e852       ??_Etype_info@@UAEPAXI@Z   1000f852 f i MSVCRT:ti_inst.obj
 0001:0000e8ec       __CRT_INIT@12              1000f8ec f   MSVCRT:crtdll.obj
 0001:0000eae3       __DllMainCRTStartup@12     1000fae3 f   MSVCRT:crtdll.obj
 0001:0000ec3a       ?terminate@@YAXXZ          1000fc3a f   MSVCRT:MSVCR120.dll
 0001:0000ec40       __SEH_prolog4              1000fc40 f   MSVCRT:sehprolg4.obj
 0001:0000ec85       __SEH_epilog4              1000fc85 f   MSVCRT:sehprolg4.obj
 0001:0000ec99       __except_handler4          1000fc99 f   MSVCRT:chandler4gs.obj
 0001:0000ecbc       __lock                     1000fcbc f   MSVCRT:MSVCR120.dll
 0001:0000ecc2       __unlock                   1000fcc2 f   MSVCRT:MSVCR120.dll
 0001:0000ecc8       ___dllonexit               1000fcc8 f   MSVCRT:MSVCR120.dll
 0001:0000ecce       ___raise_securityfailure   1000fcce f   MSVCRT:gs_report.obj
 0001:0000ed0b       ___report_gsfailure        1000fd0b f   MSVCRT:gs_report.obj
 0001:0000ee06       ??1type_info@@UAE@XZ       1000fe06 f   MSVCRT:MSVCR120.dll
 0001:0000ee0c       ___CppXcptFilter           1000fe0c f   MSVCRT:MSVCR120.dll
 0001:0000ee12       __amsg_exit                1000fe12 f   MSVCRT:MSVCR120.dll
 0001:0000ee20       __FindPESection            1000fe20 f   MSVCRT:pesect.obj
 0001:0000ee70       __IsNonwritableInCurrentImage 1000fe70 f   MSVCRT:pesect.obj
 0001:0000ef30       __ValidateImageBase        1000ff30 f   MSVCRT:pesect.obj
 0001:0000ef61       ___security_init_cookie    1000ff61 f   MSVCRT:gs_support.obj
 0001:0000effd       __RTC_Initialize           1000fffd f   MSVCRT:initsect.obj
 0001:0000f01d       __RTC_Terminate            1001001d f   MSVCRT:initsect.obj
 0001:0000f03e       __initterm                 1001003e f   MSVCRT:MSVCR120.dll
 0001:0000f044       __initterm_e               10010044 f   MSVCRT:MSVCR120.dll
 0001:0000f04a       ___clean_type_info_names   1001004a f   MSVCRT:tncleanup.obj
 0001:0000f056       __except_handler4_common   10010056 f   MSVCRT:MSVCR120.dll
 0001:0000f05c       __crt_debugger_hook        1001005c f   MSVCRT:MSVCR120.dll
 0001:0000f062       ___crtUnhandledException   10010062 f   MSVCRT:MSVCR120.dll
 0001:0000f068       ___crtTerminateProcess     10010068 f   MSVCRT:MSVCR120.dll
 0001:0000f06e       ___clean_type_info_names_internal 1001006e f   MSVCRT:MSVCR120.dll
 0001:0000f074       _IsProcessorFeaturePresent@4 10010074 f   kernel32:KERNEL32.dll
 0002:00000000       __imp__GetSystemTimeAsFileTime@4 10013000     kernel32:KERNEL32.dll
 0002:00000004       __imp__GetCurrentThreadId@0 10013004     kernel32:KERNEL32.dll
 0002:00000008       __imp__GetCurrentProcessId@0 10013008     kernel32:KERNEL32.dll
 0002:0000000c       __imp__QueryPerformanceCounter@4 1001300c     kernel32:KERNEL32.dll
 0002:00000010       __imp__IsProcessorFeaturePresent@4 10013010     kernel32:KERNEL32.dll
 0002:00000014       __imp__IsDebuggerPresent@0 10013014     kernel32:KERNEL32.dll
 0002:00000018       __imp__DecodePointer@4     10013018     kernel32:KERNEL32.dll
 0002:0000001c       __imp__EncodePointer@4     1001301c     kernel32:KERNEL32.dll
 0002:00000020       __imp__OutputDebugStringA@4 10013020     kernel32:KERNEL32.dll
 0002:00000024       \177KERNEL32_NULL_THUNK_DATA 10013024     kernel32:KERNEL32.dll
 0002:00000028       __imp_?_Xbad_alloc@std@@YAXXZ 10013028     msvcprt:MSVCP120.dll
 0002:0000002c       __imp_?_Xout_of_range@std@@YAXPBD@Z 1001302c     msvcprt:MSVCP120.dll
 0002:00000030       __imp_?_Syserror_map@std@@YAPBDH@Z 10013030     msvcprt:MSVCP120.dll
 0002:00000034       __imp_?_Winerror_map@std@@YAPBDH@Z 10013034     msvcprt:MSVCP120.dll
 0002:00000038       __imp_?_Xlength_error@std@@YAXPBD@Z 10013038     msvcprt:MSVCP120.dll
 0002:0000003c       \177MSVCP120_NULL_THUNK_DATA 1001303c     msvcprt:MSVCP120.dll
 0002:00000040       __imp___malloc_crt         10013040     MSVCRT:MSVCR120.dll
 0002:00000044       __imp__free                10013044     MSVCRT:MSVCR120.dll
 0002:00000048       __imp___amsg_exit          10013048     MSVCRT:MSVCR120.dll
 0002:0000004c       __imp____CppXcptFilter     1001304c     MSVCRT:MSVCR120.dll
 0002:00000050       __imp_??1type_info@@UAE@XZ 10013050     MSVCRT:MSVCR120.dll
 0002:00000054       __imp___onexit             10013054     MSVCRT:MSVCR120.dll
 0002:00000058       __imp____crtTerminateProcess 10013058     MSVCRT:MSVCR120.dll
 0002:0000005c       __imp___calloc_crt         1001305c     MSVCRT:MSVCR120.dll
 0002:00000060       __imp___unlock             10013060     MSVCRT:MSVCR120.dll
 0002:00000064       __imp___initterm           10013064     MSVCRT:MSVCR120.dll
 0002:00000068       __imp_?terminate@@YAXXZ    10013068     MSVCRT:MSVCR120.dll
 0002:0000006c       __imp__memcpy              1001306c     MSVCRT:MSVCR120.dll
 0002:00000070       __imp____CxxFrameHandler3  10013070     MSVCRT:MSVCR120.dll
 0002:00000074       __imp___CxxThrowException@8 10013074     MSVCRT:MSVCR120.dll
 0002:00000078       __imp__getenv              10013078     MSVCRT:MSVCR120.dll
 0002:0000007c       __imp__memmove             1001307c     MSVCRT:MSVCR120.dll
 0002:00000080       __imp_??3@YAXPAX@Z         10013080     MSVCRT:MSVCR120.dll
 0002:00000084       __imp_??2@YAPAXI@Z         10013084     MSVCRT:MSVCR120.dll
 0002:00000088       __imp___purecall           10013088     MSVCRT:MSVCR120.dll
 0002:0000008c       __imp___initterm_e         1001308c     MSVCRT:MSVCR120.dll
 0002:00000090       __imp___except_handler4_common 10013090     MSVCRT:MSVCR120.dll
 0002:00000094       __imp___crt_debugger_hook  10013094     MSVCRT:MSVCR120.dll
 0002:00000098       __imp___lock               10013098     MSVCRT:MSVCR120.dll
 0002:0000009c       __imp____crtUnhandledException 1001309c     MSVCRT:MSVCR120.dll
 0002:000000a0       __imp____clean_type_info_names_internal 100130a0     MSVCRT:MSVCR120.dll
 0002:000000a4       __imp____dllonexit         100130a4     MSVCRT:MSVCR120.dll
 0002:000000a8       __imp___stricmp            100130a8     MSVCRT:MSVCR120.dll
 0002:000000a8       __imp__stricmp             100130a8     MSVCRT:MSVCR120.dll
 0002:000000ac       \177MSVCR120_NULL_THUNK_DATA 100130ac     MSVCRT:MSVCR120.dll
 0002:000000b0       __imp__MessageBoxA@16      100130b0     user32:USER32.dll
 0002:000000b4       \177USER32_NULL_THUNK_DATA 100130b4     user32:USER32.dll
 0002:000000b8       __imp_?attribute@QDomElement@@QBE?AVQString@@ABV2@0@Z 100130b8     qt-mt323:qt-mt323.dll
 0002:000000bc       __imp_?tagName@QDomElement@@QBE?AVQString@@XZ 100130bc     qt-mt323:qt-mt323.dll
 0002:000000c0       __imp_??0QFile@@QAE@ABVQString@@@Z 100130c0     qt-mt323:qt-mt323.dll
 0002:000000c4       __imp_??1QFile@@UAE@XZ     100130c4     qt-mt323:qt-mt323.dll
 0002:000000c8       __imp_?open@QFile@@UAE_NH@Z 100130c8     qt-mt323:qt-mt323.dll
 0002:000000cc       __imp_??0QDir@@QAE@ABVQString@@0HH@Z 100130cc     qt-mt323:qt-mt323.dll
 0002:000000d0       __imp_??1QDir@@UAE@XZ      100130d0     qt-mt323:qt-mt323.dll
 0002:000000d4       __imp_?entryList@QDir@@UBE?AVQStringList@@ABVQString@@HH@Z 100130d4     qt-mt323:qt-mt323.dll
 0002:000000d8       __imp_?exists@QDir@@UBE_NXZ 100130d8     qt-mt323:qt-mt323.dll
 0002:000000dc       __imp_?null@QString@@2V1@A 100130dc     qt-mt323:qt-mt323.dll
 0002:000000e0       __imp_?deleteSelf@QStringData@@QAEXXZ 100130e0     qt-mt323:qt-mt323.dll
 0002:000000e4       __imp_?makeSharedNull@QString@@CAPAUQStringData@@XZ 100130e4     qt-mt323:qt-mt323.dll
 0002:000000e8       __imp_??H@YA?BVQString@@ABV0@0@Z 100130e8     qt-mt323:qt-mt323.dll
 0002:000000ec       __imp_?appendChild@QDomNode@@UAE?AV1@ABV1@@Z 100130ec     qt-mt323:qt-mt323.dll
 0002:000000f0       __imp_?save@QDomNode@@QBEXAAVQTextStream@@H@Z 100130f0     qt-mt323:qt-mt323.dll
 0002:000000f4       __imp_?createElement@QDomDocument@@QAE?AVQDomElement@@ABVQString@@@Z 100130f4     qt-mt323:qt-mt323.dll
 0002:000000f8       __imp_?isDocument@QDomDocument@@UBE_NXZ 100130f8     qt-mt323:qt-mt323.dll
 0002:000000fc       __imp_??0QDomElement@@QAE@XZ 100130fc     qt-mt323:qt-mt323.dll
 0002:00000100       __imp_??4QDomElement@@QAEAAV0@ABV0@@Z 10013100     qt-mt323:qt-mt323.dll
 0002:00000104       __imp_?documentElement@QDomDocument@@QBE?AVQDomElement@@XZ 10013104     qt-mt323:qt-mt323.dll
 0002:00000108       __imp_??0QDomText@@QAE@XZ  10013108     qt-mt323:qt-mt323.dll
 0002:0000010c       __imp_??1QDomElement@@UAE@XZ 1001310c     qt-mt323:qt-mt323.dll
 0002:00000110       __imp_?exists@QFile@@QBE_NXZ 10013110     qt-mt323:qt-mt323.dll
 0002:00000114       __imp_?close@QFile@@UAEXXZ 10013114     qt-mt323:qt-mt323.dll
 0002:00000118       __imp_??0QTextStream@@QAE@PAVQIODevice@@@Z 10013118     qt-mt323:qt-mt323.dll
 0002:0000011c       __imp_??1QTextStream@@UAE@XZ 1001311c     qt-mt323:qt-mt323.dll
 0002:00000120       __imp_??Y?$QValueList@VQString@@@@QAEAAV0@ABVQString@@@Z 10013120     qt-mt323:qt-mt323.dll
 0002:00000124       __imp_??0QStringList@@QAE@XZ 10013124     qt-mt323:qt-mt323.dll
 0002:00000128       __imp_??0QStringList@@QAE@ABV0@@Z 10013128     qt-mt323:qt-mt323.dll
 0002:0000012c       __imp_??4QStringList@@QAEAAV0@ABV0@@Z 1001312c     qt-mt323:qt-mt323.dll
 0002:00000130       __imp_?question@QMessageBox@@SAHPAVQWidget@@ABVQString@@1HHH@Z 10013130     qt-mt323:qt-mt323.dll
 0002:00000134       __imp_?warning@QMessageBox@@SAHPAVQWidget@@ABVQString@@1111HH@Z 10013134     qt-mt323:qt-mt323.dll
 0002:00000138       __imp_??9QDateTime@@QBE_NABV0@@Z 10013138     qt-mt323:qt-mt323.dll
 0002:0000013c       __imp_??0QFileInfo@@QAE@ABVQString@@@Z 1001313c     qt-mt323:qt-mt323.dll
 0002:00000140       __imp_??1QFileInfo@@QAE@XZ 10013140     qt-mt323:qt-mt323.dll
 0002:00000144       __imp_?lastModified@QFileInfo@@QBE?AVQDateTime@@XZ 10013144     qt-mt323:qt-mt323.dll
 0002:00000148       __imp_?shared_null@QString@@0PAUQStringData@@A 10013148     qt-mt323:qt-mt323.dll
 0002:0000014c       __imp_??0?$QMap@VQString@@V1@@@QAE@XZ 1001314c     qt-mt323:qt-mt323.dll
 0002:00000150       __imp_??1?$QMap@VQString@@V1@@@QAE@XZ 10013150     qt-mt323:qt-mt323.dll
 0002:00000154       __imp_??1QDomDocument@@UAE@XZ 10013154     qt-mt323:qt-mt323.dll
 0002:00000158       __imp_??0QDomDocument@@QAE@ABVQString@@@Z 10013158     qt-mt323:qt-mt323.dll
 0002:0000015c       __imp_?setContent@QDomDocument@@QAE_NPAVQIODevice@@_NPAVQString@@PAH3@Z 1001315c     qt-mt323:qt-mt323.dll
 0002:00000160       __imp_??1QDomText@@UAE@XZ  10013160     qt-mt323:qt-mt323.dll
 0002:00000164       __imp_?toElement@QDomNode@@QAE?AVQDomElement@@XZ 10013164     qt-mt323:qt-mt323.dll
 0002:00000168       __imp_?isNull@QDomNode@@QBE_NXZ 10013168     qt-mt323:qt-mt323.dll
 0002:0000016c       __imp_?nextSibling@QDomNode@@UBE?AV1@XZ 1001316c     qt-mt323:qt-mt323.dll
 0002:00000170       __imp_?firstChild@QDomNode@@UBE?AV1@XZ 10013170     qt-mt323:qt-mt323.dll
 0002:00000174       __imp_??1QDomNode@@UAE@XZ  10013174     qt-mt323:qt-mt323.dll
 0002:00000178       __imp_??4QDomNode@@QAEAAV0@ABV0@@Z 10013178     qt-mt323:qt-mt323.dll
 0002:0000017c       __imp_??1QStringList@@QAE@XZ 1001317c     qt-mt323:qt-mt323.dll
 0002:00000180       __imp_?split@QStringList@@SA?AV1@ABVQString@@0_N@Z 10013180     qt-mt323:qt-mt323.dll
 0002:00000184       __imp_?insert@?$QMap@VQString@@V1@@@QAE?AV?$QMapIterator@VQString@@V1@@@ABVQString@@0_N@Z 10013184     qt-mt323:qt-mt323.dll
 0002:00000188       __imp_?find@?$QMap@VQString@@V1@@@QAE?AV?$QMapIterator@VQString@@V1@@@ABVQString@@@Z 10013188     qt-mt323:qt-mt323.dll
 0002:0000018c       __imp_?end@?$QMap@VQString@@V1@@@QAE?AV?$QMapIterator@VQString@@V1@@@XZ 1001318c     qt-mt323:qt-mt323.dll
 0002:00000190       __imp_??4?$QMap@VQString@@V1@@@QAEAAV0@ABV0@@Z 10013190     qt-mt323:qt-mt323.dll
 0002:00000194       __imp_?removeAndRebalance@QMapPrivateBase@@QAEPAUQMapNodeBase@@PAU2@AAPAU2@11@Z 10013194     qt-mt323:qt-mt323.dll
 0002:00000198       __imp_?rebalance@QMapPrivateBase@@QAEXPAUQMapNodeBase@@AAPAU2@@Z 10013198     qt-mt323:qt-mt323.dll
 0002:0000019c       __imp_?detachInternal@?$QValueList@VQString@@@@AAEXXZ 1001319c     qt-mt323:qt-mt323.dll
 0002:000001a0       __imp_??A?$QValueList@VQString@@@@QAEAAVQString@@I@Z 100131a0     qt-mt323:qt-mt323.dll
 0002:000001a4       __imp_?append@?$QValueList@VQString@@@@QAE?AV?$QValueListIterator@VQString@@@@ABVQString@@@Z 100131a4     qt-mt323:qt-mt323.dll
 0002:000001a8       __imp_??6?$QValueList@VQString@@@@QAEAAV0@ABVQString@@@Z 100131a8     qt-mt323:qt-mt323.dll
 0002:000001ac       __imp_??1?$QValueList@VQString@@@@QAE@XZ 100131ac     qt-mt323:qt-mt323.dll
 0002:000001b0       __imp_??0?$QValueList@VQString@@@@QAE@XZ 100131b0     qt-mt323:qt-mt323.dll
 0002:000001b4       __imp_??H@YA?BVQString@@PBDABV0@@Z 100131b4     qt-mt323:qt-mt323.dll
 0002:000001b8       __imp_??H@YA?BVQString@@ABV0@PBD@Z 100131b8     qt-mt323:qt-mt323.dll
 0002:000001bc       __imp_??8@YA_NABVQString@@PBD@Z 100131bc     qt-mt323:qt-mt323.dll
 0002:000001c0       __imp_??9@YA_NABVQString@@PBD@Z 100131c0     qt-mt323:qt-mt323.dll
 0002:000001c4       __imp_??8@YA_NABVQString@@0@Z 100131c4     qt-mt323:qt-mt323.dll
 0002:000001c8       __imp_??M@YA_NABVQString@@0@Z 100131c8     qt-mt323:qt-mt323.dll
 0002:000001cc       __imp_??9@YA_NABVQString@@0@Z 100131cc     qt-mt323:qt-mt323.dll
 0002:000001d0       __imp_?latin1@QCharRef@@QBEDXZ 100131d0     qt-mt323:qt-mt323.dll
 0002:000001d4       __imp_?ascii@QString@@QBEPBDXZ 100131d4     qt-mt323:qt-mt323.dll
 0002:000001d8       __imp_??YQString@@QAEAAV0@ABV0@@Z 100131d8     qt-mt323:qt-mt323.dll
 0002:000001dc       __imp_?toInt@QString@@QBEHPA_NH@Z 100131dc     qt-mt323:qt-mt323.dll
 0002:000001e0       __imp_?lower@QString@@QBE?AV1@XZ 100131e0     qt-mt323:qt-mt323.dll
 0002:000001e4       __imp_?left@QString@@QBE?AV1@I@Z 100131e4     qt-mt323:qt-mt323.dll
 0002:000001e8       __imp_?arg@QString@@QBE?AV1@ABV1@H@Z 100131e8     qt-mt323:qt-mt323.dll
 0002:000001ec       __imp_?arg@QString@@QBE?AV1@HHH@Z 100131ec     qt-mt323:qt-mt323.dll
 0002:000001f0       __imp_??4QString@@QAEAAV0@PBD@Z 100131f0     qt-mt323:qt-mt323.dll
 0002:000001f4       __imp_??4QString@@QAEAAV0@ABV0@@Z 100131f4     qt-mt323:qt-mt323.dll
 0002:000001f8       __imp_??1QString@@QAE@XZ   100131f8     qt-mt323:qt-mt323.dll
 0002:000001fc       __imp_??0QString@@QAE@PBD@Z 100131fc     qt-mt323:qt-mt323.dll
 0002:00000200       __imp_??0QString@@QAE@ABV0@@Z 10013200     qt-mt323:qt-mt323.dll
 0002:00000204       __imp_??0QString@@QAE@XZ   10013204     qt-mt323:qt-mt323.dll
 0002:00000208       __imp_?setAttribute@QDomElement@@QAEXABVQString@@0@Z 10013208     qt-mt323:qt-mt323.dll
 0002:0000020c       __imp_?qDebug@@YAXPBDZZ    1001320c     qt-mt323:qt-mt323.dll
 0002:00000210       \177qt-mt323_NULL_THUNK_DATA 10013210     qt-mt323:qt-mt323.dll
 0002:00000214       ___xc_a                    10013214     MSVCRT:cinitexe.obj
 0002:00000238       ___xc_z                    10013238     MSVCRT:cinitexe.obj
 0002:0000023c       ___xi_a                    1001323c     MSVCRT:cinitexe.obj
 0002:00000248       ___xi_z                    10013248     MSVCRT:cinitexe.obj
 0002:00000254       ??_7instanceInfo@@6B@      10013254     bncs_instance_lookup.obj
 0002:0000025c       ??_7paramInfo@@6B@         1001325c     bncs_instance_lookup.obj
 0002:00000264       ??_7deviceTypeInfo@@6B@    10013264     bncs_instance_lookup.obj
 0002:0000026c       ??_7complexParam@@6B@      1001326c     bncs_instance_lookup.obj
 0002:00000274       ??_7complexInstance@@6B@   10013274     bncs_instance_lookup.obj
 0002:0000027c       ??_7complexType@@6B@       1001327c     bncs_instance_lookup.obj
 0002:00000284       ??_7bncs_instance_lookup@@6B@ 10013284     bncs_instance_lookup.obj
 0002:00000288       ??_C@_00CNPNBAHC@?$AA@     10013288     bncs_instance_lookup.obj
 0002:00000290       ??_7error_category@std@@6B@ 10013290     bncs_instance_lookup.obj
 0002:000002ac       ??_7_Generic_error_category@std@@6B@ 100132ac     bncs_instance_lookup.obj
 0002:000002c4       ??_C@_07DCLBNMLN@generic?$AA@ 100132c4     bncs_instance_lookup.obj
 0002:000002cc       ??_C@_0O@BFJCFAAK@unknown?5error?$AA@ 100132cc     bncs_instance_lookup.obj
 0002:000002e0       ??_7_Iostream_error_category@std@@6B@ 100132e0     bncs_instance_lookup.obj
 0002:000002f8       ??_C@_08LLGCOLLL@iostream?$AA@ 100132f8     bncs_instance_lookup.obj
 0002:00000304       ??_C@_0BG@PADBLCHM@iostream?5stream?5error?$AA@ 10013304     bncs_instance_lookup.obj
 0002:00000320       ??_7_System_error_category@std@@6B@ 10013320     bncs_instance_lookup.obj
 0002:00000338       ??_C@_06FHFOAHML@system?$AA@ 10013338     bncs_instance_lookup.obj
 0002:00000340       ??_C@_09DDAHAMBK@CC_SYSTEM?$AA@ 10013340     bncs_instance_lookup.obj
 0002:0000034c       ??_C@_01KICIPPFI@?2?$AA@   1001334c     bncs_instance_lookup.obj
 0002:00000350       ??_C@_07JBEBLGDD@CC_ROOT?$AA@ 10013350     bncs_instance_lookup.obj
 0002:00000358       ??_C@_0DE@IJLPPKKB@bncs_instance_lookup?3?3lookup?3?5Ca@ 10013358     bncs_instance_lookup.obj
 0002:0000038c       ??_C@_0DF@NFBNELM@bncs_instance_lookup?3?3lookup?3?5no@ 1001338c     bncs_instance_lookup.obj
 0002:000003c4       ??_C@_0DF@DJKDPOBC@bncs_instance_lookup?3?3lookup?3?5no@ 100133c4     bncs_instance_lookup.obj
 0002:000003fc       ??_C@_0DD@BPDBHCHK@bncs_instance_lookup?3?3lookup?3?5ca@ 100133fc     bncs_instance_lookup.obj
 0002:00000430       ??_C@_0BG@KDLENENG@?2config?2instances?4xml?$AA@ 10013430     bncs_instance_lookup.obj
 0002:00000448       ??_C@_09BJOJOOIO@instances?$AA@ 10013448     bncs_instance_lookup.obj
 0002:00000454       ??_C@_0DD@HBFNHPKC@bncs_instance_lookup?3?5Could?5not?5@ 10013454     bncs_instance_lookup.obj
 0002:00000488       ??_C@_0CO@KHKBCDAE@bncs_instance_lookup?3?5Error?5in?5i@ 10013488     bncs_instance_lookup.obj
 0002:000004b8       ??_C@_0DG@JPDANKLE@bncs_instance_lookup?3?5The?5instan@ 100134b8     bncs_instance_lookup.obj
 0002:000004f0       ??_C@_08EMNENPBA@instance?$AA@ 100134f0     bncs_instance_lookup.obj
 0002:000004fc       ??_C@_04GPMDFGEJ@type?$AA@ 100134fc     bncs_instance_lookup.obj
 0002:00000504       ??_C@_06OJMPKPAG@alt_id?$AA@ 10013504     bncs_instance_lookup.obj
 0002:0000050c       ??_C@_08CBBFJFMD@location?$AA@ 1001350c     bncs_instance_lookup.obj
 0002:00000518       ??_C@_03GCDGINBO@ref?$AA@  10013518     bncs_instance_lookup.obj
 0002:0000051c       ??_C@_03ICICOMAL@yes?$AA@  1001351c     bncs_instance_lookup.obj
 0002:00000520       ??_C@_09EIHFMDLJ@composite?$AA@ 10013520     bncs_instance_lookup.obj
 0002:0000052c       ??_C@_05MGJOOGAJ@group?$AA@ 1001352c     bncs_instance_lookup.obj
 0002:00000534       ??_C@_02EGCJHIOB@id?$AA@   10013534     bncs_instance_lookup.obj
 0002:00000538       ??_C@_01IHBHIGKO@?0?$AA@   10013538     bncs_instance_lookup.obj
[...]
      211    ?find@?$QMap@VQString@@Vstyleentry@@@@QAE?AV?$QMapIterator@VQString@@Vstyleentry@@@@ABVQString@@@Z (public: class QMapIterator<class QString,class styleentry> __thiscall QMap<class QString,class styleentry>::find(class QString const &))
      212    ?find@?$QMap@VQString@@Vstyleentry@@@@QBE?AV?$QMapConstIterator@VQString@@Vstyleentry@@@@ABVQString@@@Z (public: class QMapConstIterator<class QString,class styleentry> __thiscall QMap<class QString,class styleentry>::find(class QString const &)const )
      213    ?get@bncs_stylesheet@@QAEXAAVQString@@PAVQWidget@@@Z (public: void __thiscall bncs_stylesheet::get(class QString &,class QWidget *))
      214    ?getInstanceInfo@bncs_instance_lookup@@SA_NABVQString@@PAPAVinstanceInfo@@@Z (public: static bool __cdecl bncs_instance_lookup::getInstanceInfo(class QString const &,class instanceInfo * *))
      215    ?getStyle@bncs_stylesheet@@SAXAAVQString@@PAVQWidget@@@Z (public: static void __cdecl bncs_stylesheet::getStyle(class QString &,class QWidget *))
      216    ?getStyleEntry@bncs_stylesheet@@QAEPAVstyleentry@@VQString@@@Z (public: class styleentry * __thiscall bncs_stylesheet::getStyleEntry(class QString))
      217    ?insert@?$QMap@VQString@@VcomplexInstance@@@@QAE?AU?$QPair@V?$QMapIterator@VQString@@VcomplexInstance@@@@_N@@ABU?$QPair@$$CBVQString@@VcomplexInstance@@@@@Z (public: struct QPair<class QMapIterator<class QString,class complexInstance>,bool> __thiscall QMap<class QString,class complexInstance>::insert(struct QPair<class QString const ,class complexInstance> const &))
      218    ?insert@?$QMap@VQString@@VcomplexInstance@@@@QAE?AV?$QMapIterator@VQString@@VcomplexInstance@@@@ABVQString@@ABVcomplexInstance@@_N@Z (public: class QMapIterator<class QString,class complexInstance> __thiscall QMap<class QString,class complexInstance>::insert(class QString const &,class complexInstance const &,bool))
      219    ?insert@?$QMap@VQString@@VcomplexParam@@@@QAE?AU?$QPair@V?$QMapIterator@VQString@@VcomplexParam@@@@_N@@ABU?$QPair@$$CBVQString@@VcomplexParam@@@@@Z (public: struct QPair<class QMapIterator<class QString,class complexParam>,bool> __thiscall QMap<class QString,class complexParam>::insert(struct QPair<class QString const ,class complexParam> const &))
      220    ?insert@?$QMap@VQString@@VcomplexParam@@@@QAE?AV?$QMapIterator@VQString@@VcomplexParam@@@@ABVQString@@ABVcomplexParam@@_N@Z (public: class QMapIterator<class QString,class complexParam> __thiscall QMap<class QString,class complexParam>::insert(class QString const &,class complexParam const &,bool))
      221    ?insert@?$QMap@VQString@@VcomplexType@@@@QAE?AU?$QPair@V?$QMapIterator@VQString@@VcomplexType@@@@_N@@ABU?$QPair@$$CBVQString@@VcomplexType@@@@@Z (public: struct QPair<class QMapIterator<class QString,class complexType>,bool> __thiscall QMap<class QString,class complexType>::insert(struct QPair<class QString const ,class complexType> const &))
      222    ?insert@?$QMap@VQString@@VcomplexType@@@@QAE?AV?$QMapIterator@VQString@@VcomplexType@@@@ABVQString@@ABVcomplexType@@_N@Z (public: class QMapIterator<class QString,class complexType> __thiscall QMap<class QString,class complexType>::insert(class QString const &,class complexType const &,bool))
      223    ?insert@?$QMap@VQString@@VdeviceTypeInfo@@@@QAE?AU?$QPair@V?$QMapIterator@VQString@@VdeviceTypeInfo@@@@_N@@ABU?$QPair@$$CBVQString@@VdeviceTypeInfo@@@@@Z (public: struct QPair<class QMapIterator<class QString,class deviceTypeInfo>,bool> __thiscall QMap<class QString,class deviceTypeInfo>::insert(struct QPair<class QString const ,class deviceTypeInfo> const &))
      224    ?insert@?$QMap@VQString@@VdeviceTypeInfo@@@@QAE?AV?$QMapIterator@VQString@@VdeviceTypeInfo@@@@ABVQString@@ABVdeviceTypeInfo@@_N@Z (public: class QMapIterator<class QString,class deviceTypeInfo> __thiscall QMap<class QString,class deviceTypeInfo>::insert(class QString const &,class deviceTypeInfo const &,bool))
      225    ?insert@?$QMap@VQString@@VinstanceInfo@@@@QAE?AU?$QPair@V?$QMapIterator@VQString@@VinstanceInfo@@@@_N@@ABU?$QPair@$$CBVQString@@VinstanceInfo@@@@@Z (public: struct QPair<class QMapIterator<class QString,class instanceInfo>,bool> __thiscall QMap<class QString,class instanceInfo>::insert(struct QPair<class QString const ,class instanceInfo> const &))
      226    ?insert@?$QMap@VQString@@VinstanceInfo@@@@QAE?AV?$QMapIterator@VQString@@VinstanceInfo@@@@ABVQString@@ABVinstanceInfo@@_N@Z (public: class QMapIterator<class QString,class instanceInfo> __thiscall QMap<class QString,class instanceInfo>::insert(class QString const &,class instanceInfo const &,bool))
      227    ?insert@?$QMap@VQString@@VparamInfo@@@@QAE?AU?$QPair@V?$QMapIterator@VQString@@VparamInfo@@@@_N@@ABU?$QPair@$$CBVQString@@VparamInfo@@@@@Z (public: struct QPair<class QMapIterator<class QString,class paramInfo>,bool> __thiscall QMap<class QString,class paramInfo>::insert(struct QPair<class QString const ,class paramInfo> const &))
      228    ?insert@?$QMap@VQString@@VparamInfo@@@@QAE?AV?$QMapIterator@VQString@@VparamInfo@@@@ABVQString@@ABVparamInfo@@_N@Z (public: class QMapIterator<class QString,class paramInfo> __thiscall QMap<class QString,class paramInfo>::insert(class QString const &,class paramInfo const &,bool))
      229    ?insert@?$QMap@VQString@@Vstyleentry@@@@QAE?AU?$QPair@V?$QMapIterator@VQString@@Vstyleentry@@@@_N@@ABU?$QPair@$$CBVQString@@Vstyleentry@@@@@Z (public: struct QPair<class QMapIterator<class QString,class styleentry>,bool> __thiscall QMap<class QString,class styleentry>::insert(struct QPair<class QString const ,class styleentry> const &))
      230    ?insert@?$QMap@VQString@@Vstyleentry@@@@QAE?AV?$QMapIterator@VQString@@Vstyleentry@@@@ABVQString@@ABVstyleentry@@_N@Z (public: class QMapIterator<class QString,class styleentry> __thiscall QMap<class QString,class styleentry>::insert(class QString const &,class styleentry const &,bool))
      231    ?instances@bncs_instance_lookup@@2V?$QMap@VQString@@VinstanceInfo@@@@A (public: static class QMap<class QString,class instanceInfo> bncs_instance_lookup::instances)
      232    ?isEmpty@?$QMap@VQString@@VcomplexInstance@@@@QBE_NXZ (public: bool __thiscall QMap<class QString,class complexInstance>::isEmpty(void)const )
      233    ?isEmpty@?$QMap@VQString@@VcomplexParam@@@@QBE_NXZ (public: bool __thiscall QMap<class QString,class complexParam>::isEmpty(void)const )
      234    ?isEmpty@?$QMap@VQString@@VcomplexType@@@@QBE_NXZ (public: bool __thiscall QMap<class QString,class complexType>::isEmpty(void)const )
      235    ?isEmpty@?$QMap@VQString@@VdeviceTypeInfo@@@@QBE_NXZ (public: bool __thiscall QMap<class QString,class deviceTypeInfo>::isEmpty(void)const )
      236    ?isEmpty@?$QMap@VQString@@VinstanceInfo@@@@QBE_NXZ (public: bool __thiscall QMap<class QString,class instanceInfo>::isEmpty(void)const )
      237    ?isEmpty@?$QMap@VQString@@VparamInfo@@@@QBE_NXZ (public: bool __thiscall QMap<class QString,class paramInfo>::isEmpty(void)const )
      238    ?isEmpty@?$QMap@VQString@@Vstyleentry@@@@QBE_NXZ (public: bool __thiscall QMap<class QString,class styleentry>::isEmpty(void)const )
      239    ?keys@?$QMap@VQString@@VcomplexInstance@@@@QBE?AV?$QValueList@VQString@@@@XZ (public: class QValueList<class QString> __thiscall QMap<class QString,class complexInstance>::keys(void)const )
      240    ?keys@?$QMap@VQString@@VcomplexParam@@@@QBE?AV?$QValueList@VQString@@@@XZ (public: class QValueList<class QString> __thiscall QMap<class QString,class complexParam>::keys(void)const )
      241    ?keys@?$QMap@VQString@@VcomplexType@@@@QBE?AV?$QValueList@VQString@@@@XZ (public: class QValueList<class QString> __thiscall QMap<class QString,class complexType>::keys(void)const )
      242    ?keys@?$QMap@VQString@@VdeviceTypeInfo@@@@QBE?AV?$QValueList@VQString@@@@XZ (public: class QValueList<class QString> __thiscall QMap<class QString,class deviceTypeInfo>::keys(void)const )
      243    ?keys@?$QMap@VQString@@VinstanceInfo@@@@QBE?AV?$QValueList@VQString@@@@XZ (public: class QValueList<class QString> __thiscall QMap<class QString,class instanceInfo>::keys(void)const )
      244    ?keys@?$QMap@VQString@@VparamInfo@@@@QBE?AV?$QValueList@VQString@@@@XZ (public: class QValueList<class QString> __thiscall QMap<class QString,class paramInfo>::keys(void)const )
      245    ?keys@?$QMap@VQString@@Vstyleentry@@@@QBE?AV?$QValueList@VQString@@@@XZ (public: class QValueList<class QString> __thiscall QMap<class QString,class styleentry>::keys(void)const )
      246    ?load@bncs_stylesheet@@SA_NXZ (public: static bool __cdecl bncs_stylesheet::load(void))
      247    ?loadComplexType@bncs_instance_lookup@@SA_NABVQString@@AAVcomplexType@@@Z (public: static bool __cdecl bncs_instance_lookup::loadComplexType(class QString const &,class complexType &))
      248    ?loadComplexTypes@bncs_instance_lookup@@SA_NXZ (public: static bool __cdecl bncs_instance_lookup::loadComplexTypes(void))
      249    ?loadDeviceParams@bncs_instance_lookup@@SA_NABVQString@@AAVdeviceTypeInfo@@@Z (public: static bool __cdecl bncs_instance_lookup::loadDeviceParams(class QString const &,class deviceTypeInfo &))
      250    ?loadDeviceTypes@bncs_instance_lookup@@SA_NXZ (public: static bool __cdecl bncs_instance_lookup::loadDeviceTypes(void))
      251    ?loadInstances@bncs_instance_lookup@@SA_NXZ (public: static bool __cdecl bncs_instance_lookup::loadInstances(void))
      252    ?lookup@bncs_instance_lookup@@SA_NABVQString@@0AAV2@PAH22PAD@Z (public: static bool __cdecl bncs_instance_lookup::lookup(class QString const &,class QString const &,class QString &,int *,int *,int *,char *))
      253    ?lookup@bncs_instance_lookup@@SA_NABVQString@@AAV2@111AA_N@Z (public: static bool __cdecl bncs_instance_lookup::lookup(class QString const &,class QString &,class QString &,class QString &,class QString &,bool &))
      254    ?lookup@bncs_instance_lookup@@SA_NABVQString@@AAV2@PAH2PAD@Z (public: static bool __cdecl bncs_instance_lookup::lookup(class QString const &,class QString &,int *,int *,char *))
      255    ?lookupComplex@bncs_instance_lookup@@SA_NABVQString@@00AAV2@PAH22PAD@Z (public: static bool __cdecl bncs_instance_lookup::lookupComplex(class QString const &,class QString const &,class QString const &,class QString &,int *,int *,int *,char *))
      256    ?lookupComposite@bncs_instance_lookup@@SA_NABVQString@@0AAV2@@Z (public: static bool __cdecl bncs_instance_lookup::lookupComposite(class QString const &,class QString const &,class QString &))
      257    ?lookupComposite@bncs_instance_lookup@@SA_NABVQString@@AA_NAAV?$QMap@VQString@@V1@@@@Z (public: static bool __cdecl bncs_instance_lookup::lookupComposite(class QString const &,bool &,class QMap<class QString,class QString> &))
      258    ?lookupInstanceOfType@bncs_instance_lookup@@SA_NABVQString@@AAVQStringList@@@Z (public: static bool __cdecl bncs_instance_lookup::lookupInstanceOfType(class QString const &,class QStringList &))
      259    ?lookupType@bncs_instance_lookup@@SA_NABVQString@@AAV2@@Z (public: static bool __cdecl bncs_instance_lookup::lookupType(class QString const &,class QString &))
      260    ?m_sFilename@bncs_stylesheet@@0VQString@@A (private: static class QString bncs_stylesheet::m_sFilename)
      261    ?m_sLastModified@bncs_stylesheet@@0VQDateTime@@A (private: static class QDateTime bncs_stylesheet::m_sLastModified)
      262    ?reLoad@bncs_stylesheet@@SA_NXZ (public: static bool __cdecl bncs_stylesheet::reLoad(void))
      263    ?remove@?$QMap@VQString@@VcomplexInstance@@@@QAEXABVQString@@@Z (public: void __thiscall QMap<class QString,class complexInstance>::remove(class QString const &))
      264    ?remove@?$QMap@VQString@@VcomplexInstance@@@@QAEXV?$QMapIterator@VQString@@VcomplexInstance@@@@@Z (public: void __thiscall QMap<class QString,class complexInstance>::remove(class QMapIterator<class QString,class complexInstance>))
      265    ?remove@?$QMap@VQString@@VcomplexParam@@@@QAEXABVQString@@@Z (public: void __thiscall QMap<class QString,class complexParam>::remove(class QString const &))
      266    ?remove@?$QMap@VQString@@VcomplexParam@@@@QAEXV?$QMapIterator@VQString@@VcomplexParam@@@@@Z (public: void __thiscall QMap<class QString,class complexParam>::remove(class QMapIterator<class QString,class complexParam>))
      267    ?remove@?$QMap@VQString@@VcomplexType@@@@QAEXABVQString@@@Z (public: void __thiscall QMap<class QString,class complexType>::remove(class QString const &))
      268    ?remove@?$QMap@VQString@@VcomplexType@@@@QAEXV?$QMapIterator@VQString@@VcomplexType@@@@@Z (public: void __thiscall QMap<class QString,class complexType>::remove(class QMapIterator<class QString,class complexType>))
      269    ?remove@?$QMap@VQString@@VdeviceTypeInfo@@@@QAEXABVQString@@@Z (public: void __thiscall QMap<class QString,class deviceTypeInfo>::remove(class QString const &))
      270    ?remove@?$QMap@VQString@@VdeviceTypeInfo@@@@QAEXV?$QMapIterator@VQString@@VdeviceTypeInfo@@@@@Z (public: void __thiscall QMap<class QString,class deviceTypeInfo>::remove(class QMapIterator<class QString,class deviceTypeInfo>))
      271    ?remove@?$QMap@VQString@@VinstanceInfo@@@@QAEXABVQString@@@Z (public: void __thiscall QMap<class QString,class instanceInfo>::remove(class QString const &))
      272    ?remove@?$QMap@VQString@@VinstanceInfo@@@@QAEXV?$QMapIterator@VQString@@VinstanceInfo@@@@@Z (public: void __thiscall QMap<class QString,class instanceInfo>::remove(class QMapIterator<class QString,class instanceInfo>))
      273    ?remove@?$QMap@VQString@@VparamInfo@@@@QAEXABVQString@@@Z (public: void __thiscall QMap<class QString,class paramInfo>::remove(class QString const &))
      274    ?remove@?$QMap@VQString@@VparamInfo@@@@QAEXV?$QMapIterator@VQString@@VparamInfo@@@@@Z (public: void __thiscall QMap<class QString,class paramInfo>::remove(class QMapIterator<class QString,class paramInfo>))
      275    ?remove@?$QMap@VQString@@Vstyleentry@@@@QAEXABVQString@@@Z (public: void __thiscall QMap<class QString,class styleentry>::remove(class QString const &))
      276    ?remove@?$QMap@VQString@@Vstyleentry@@@@QAEXV?$QMapIterator@VQString@@Vstyleentry@@@@@Z (public: void __thiscall QMap<class QString,class styleentry>::remove(class QMapIterator<class QString,class styleentry>))
      277    ?replace@?$QMap@VQString@@VcomplexInstance@@@@QAE?AV?$QMapIterator@VQString@@VcomplexInstance@@@@ABVQString@@ABVcomplexInstance@@@Z (public: class QMapIterator<class QString,class complexInstance> __thiscall QMap<class QString,class complexInstance>::replace(class QString const &,class complexInstance const &))
      278    ?replace@?$QMap@VQString@@VcomplexParam@@@@QAE?AV?$QMapIterator@VQString@@VcomplexParam@@@@ABVQString@@ABVcomplexParam@@@Z (public: class QMapIterator<class QString,class complexParam> __thiscall QMap<class QString,class complexParam>::replace(class QString const &,class complexParam const &))
      279    ?replace@?$QMap@VQString@@VcomplexType@@@@QAE?AV?$QMapIterator@VQString@@VcomplexType@@@@ABVQString@@ABVcomplexType@@@Z (public: class QMapIterator<class QString,class complexType> __thiscall QMap<class QString,class complexType>::replace(class QString const &,class complexType const &))
      280    ?replace@?$QMap@VQString@@VdeviceTypeInfo@@@@QAE?AV?$QMapIterator@VQString@@VdeviceTypeInfo@@@@ABVQString@@ABVdeviceTypeInfo@@@Z (public: class QMapIterator<class QString,class deviceTypeInfo> __thiscall QMap<class QString,class deviceTypeInfo>::replace(class QString const &,class deviceTypeInfo const &))
      281    ?replace@?$QMap@VQString@@VinstanceInfo@@@@QAE?AV?$QMapIterator@VQString@@VinstanceInfo@@@@ABVQString@@ABVinstanceInfo@@@Z (public: class QMapIterator<class QString,class instanceInfo> __thiscall QMap<class QString,class instanceInfo>::replace(class QString const &,class instanceInfo const &))
      282    ?replace@?$QMap@VQString@@VparamInfo@@@@QAE?AV?$QMapIterator@VQString@@VparamInfo@@@@ABVQString@@ABVparamInfo@@@Z (public: class QMapIterator<class QString,class paramInfo> __thiscall QMap<class QString,class paramInfo>::replace(class QString const &,class paramInfo const &))
      283    ?replace@?$QMap@VQString@@Vstyleentry@@@@QAE?AV?$QMapIterator@VQString@@Vstyleentry@@@@ABVQString@@ABVstyleentry@@@Z (public: class QMapIterator<class QString,class styleentry> __thiscall QMap<class QString,class styleentry>::replace(class QString const &,class styleentry const &))
      284    ?save@bncs_stylesheet@@QAE_NXZ (public: bool __thiscall bncs_stylesheet::save(void))
      285    ?set@bncs_stylesheet@@QAEXAAVQString@@AAVstyleentry@@@Z (public: void __thiscall bncs_stylesheet::set(class QString &,class styleentry &))
      286    ?settingslist@bncs_stylesheet@@QAE?BVQStringList@@AAVQString@@@Z (public: class QStringList const __thiscall bncs_stylesheet::settingslist(class QString &))
      287    ?size@?$QMap@VQString@@VcomplexInstance@@@@QBEIXZ (public: unsigned int __thiscall QMap<class QString,class complexInstance>::size(void)const )
      288    ?size@?$QMap@VQString@@VcomplexParam@@@@QBEIXZ (public: unsigned int __thiscall QMap<class QString,class complexParam>::size(void)const )
      289    ?size@?$QMap@VQString@@VcomplexType@@@@QBEIXZ (public: unsigned int __thiscall QMap<class QString,class complexType>::size(void)const )
      290    ?size@?$QMap@VQString@@VdeviceTypeInfo@@@@QBEIXZ (public: unsigned int __thiscall QMap<class QString,class deviceTypeInfo>::size(void)const )
      291    ?size@?$QMap@VQString@@VinstanceInfo@@@@QBEIXZ (public: unsigned int __thiscall QMap<class QString,class instanceInfo>::size(void)const )
      292    ?size@?$QMap@VQString@@VparamInfo@@@@QBEIXZ (public: unsigned int __thiscall QMap<class QString,class paramInfo>::size(void)const )
      293    ?size@?$QMap@VQString@@Vstyleentry@@@@QBEIXZ (public: unsigned int __thiscall QMap<class QString,class styleentry>::size(void)const )
      294    ?styleExist@bncs_stylesheet@@QAE_NVQString@@@Z (public: bool __thiscall bncs_stylesheet::styleExist(class QString))
      295    ?stylelist@bncs_stylesheet@@QAE?BV?$QMap@VQString@@Vstyleentry@@@@XZ (public: class QMap<class QString,class styleentry> const __thiscall bncs_stylesheet::stylelist(void))
      296    ?styles@bncs_stylesheet@@0V?$QMap@VQString@@Vstyleentry@@@@A (private: static class QMap<class QString,class styleentry> bncs_stylesheet::styles)
      297    ?values@?$QMap@VQString@@VcomplexInstance@@@@QBE?AV?$QValueList@VcomplexInstance@@@@XZ (public: class QValueList<class complexInstance> __thiscall QMap<class QString,class complexInstance>::values(void)const )
      298    ?values@?$QMap@VQString@@VcomplexParam@@@@QBE?AV?$QValueList@VcomplexParam@@@@XZ (public: class QValueList<class complexParam> __thiscall QMap<class QString,class complexParam>::values(void)const )
      299    ?values@?$QMap@VQString@@VcomplexType@@@@QBE?AV?$QValueList@VcomplexType@@@@XZ (public: class QValueList<class complexType> __thiscall QMap<class QString,class complexType>::values(void)const )
      300    ?values@?$QMap@VQString@@VdeviceTypeInfo@@@@QBE?AV?$QValueList@VdeviceTypeInfo@@@@XZ (public: class QValueList<class deviceTypeInfo> __thiscall QMap<class QString,class deviceTypeInfo>::values(void)const )
      301    ?values@?$QMap@VQString@@VinstanceInfo@@@@QBE?AV?$QValueList@VinstanceInfo@@@@XZ (public: class QValueList<class instanceInfo> __thiscall QMap<class QString,class instanceInfo>::values(void)const )
      302    ?values@?$QMap@VQString@@VparamInfo@@@@QBE?AV?$QValueList@VparamInfo@@@@XZ (public: class QValueList<class paramInfo> __thiscall QMap<class QString,class paramInfo>::values(void)const )
      303    ?values@?$QMap@VQString@@Vstyleentry@@@@QBE?AV?$QValueList@Vstyleentry@@@@XZ (public: class QValueList<class styleentry> __thiscall QMap<class QString,class styleentry>::values(void)const )
