 bncs_cachedDatadb

 Timestamp is 5e9db7b8 (Mon Apr 20 15:54:48 2020)

 Preferred load address is 10000000

 Start         Length     Name                   Class
 0001:00000000 00018a7dH .textbss                DATA
 0002:00000000 00002e33H .text$di                CODE
 0002:00002e40 0002e206H .text$mn                CODE
 0002:00031050 00005491H .text$x                 CODE
 0002:000364f0 00001295H .text$yd                CODE
 0003:00000000 00000104H .CRT$XCA                DATA
 0003:00000104 0000013eH .CRT$XCU                DATA
 0003:00000244 00000104H .CRT$XCZ                DATA
 0003:00000348 00000104H .CRT$XIA                DATA
 0003:0000044c 00000104H .CRT$XIAA               DATA
 0003:00000550 00000104H .CRT$XIC                DATA
 0003:00000654 00000104H .CRT$XIZ                DATA
 0003:00000760 0000197cH .rdata                  DATA
 0003:000020dc 00000178H .rdata$debug            DATA
 0003:00002254 00000abeH .rdata$r                DATA
 0003:00002d14 00000104H .rtc$IAA                DATA
 0003:00002e18 00000130H .rtc$IMZ                DATA
 0003:00002f48 00000104H .rtc$IZZ                DATA
 0003:0000304c 00000104H .rtc$TAA                DATA
 0003:00003150 00000130H .rtc$TMZ                DATA
 0003:00003280 00000104H .rtc$TZZ                DATA
 0003:00003388 00002f8dH .xdata$x                DATA
 0003:00006320 00006eb3H .edata                  DATA
 0004:00000000 00000130H .data                   DATA
 0004:00000130 00000630H .data$r                 DATA
 0004:00000760 0000045cH .bss                    DATA
 0005:00000000 00000408H .idata$5                DATA
 0005:00000408 00000064H .idata$2                DATA
 0005:0000046c 00000014H .idata$3                DATA
 0005:00000480 00000408H .idata$4                DATA
 0005:00000888 000017b4H .idata$6                DATA
 0006:00000000 000001c0H .rsrc$01                DATA
 0006:000001c0 000007a3H .rsrc$02                DATA

  Address         Publics by Value              Rva+Base       Lib:Object

 0000:00000000       ___guard_fids_count        00000000     <absolute>
 0000:00000000       ___safe_se_handler_table   00000000     <absolute>
 0000:00000000       __except_list              00000000     <absolute>
 0000:00000000       ___guard_flags             00000000     <absolute>
 0000:00000000       ___guard_fids_table        00000000     <absolute>
 0000:00000000       ___safe_se_handler_count   00000000     <absolute>
 0000:00009876       __fltused                  00009876     <absolute>
 0000:00009876       __ldused                   00009876     <absolute>
 0000:00000000       ___ImageBase               10000000     <linker-defined>
 0001:00000000       __enc$textbss$begin        10001000     <linker-defined>
 0001:00018a7d       __enc$textbss$end          10019a7d     <linker-defined>
 0002:00002e40       ??0bncs_instance_lookup@@QAE@XZ 1001ce40 f   bncs_instance_lookup.obj
 0002:00002e80       ??1bncs_instance_lookup@@UAE@XZ 1001ce80 f   bncs_instance_lookup.obj
 0002:00002ec0       ?lookup@bncs_instance_lookup@@SA_NABVQString@@AAV2@PAH2PAD@Z 1001cec0 f   bncs_instance_lookup.obj
 0002:00003130       ?lookup@bncs_instance_lookup@@SA_NABVQString@@0AAV2@PAH22PAD@Z 1001d130 f   bncs_instance_lookup.obj
 0002:00003520       ?lookupComplex@bncs_instance_lookup@@SA_NABVQString@@00AAV2@PAH22PAD@Z 1001d520 f   bncs_instance_lookup.obj
 0002:000036a0       ?lookup@bncs_instance_lookup@@SA_NABVQString@@AAV2@111AA_N@Z 1001d6a0 f   bncs_instance_lookup.obj
 0002:00003960       ?lookupComposite@bncs_instance_lookup@@SA_NABVQString@@0AAV2@@Z 1001d960 f   bncs_instance_lookup.obj
 0002:00003a80       ?lookupComposite@bncs_instance_lookup@@SA_NABVQString@@AA_NAAV?$QMap@VQString@@V1@@@@Z 1001da80 f   bncs_instance_lookup.obj
 0002:00003b50       ?lookupType@bncs_instance_lookup@@SA_NABVQString@@AAV2@@Z 1001db50 f   bncs_instance_lookup.obj
 0002:00003c20       ?lookupInstanceOfType@bncs_instance_lookup@@SA_NABVQString@@AAVQStringList@@@Z 1001dc20 f   bncs_instance_lookup.obj
 0002:00003d40       ?loadInstances@bncs_instance_lookup@@SA_NXZ 1001dd40 f   bncs_instance_lookup.obj
 0002:00005320       ?loadDeviceTypes@bncs_instance_lookup@@SA_NXZ 1001f320 f   bncs_instance_lookup.obj
 0002:00005770       ?loadComplexTypes@bncs_instance_lookup@@SA_NXZ 1001f770 f   bncs_instance_lookup.obj
 0002:00005b70       ?dump@bncs_instance_lookup@@SAXXZ 1001fb70 f   bncs_instance_lookup.obj
 0002:00005c80       ?countInstances@bncs_instance_lookup@@SAHXZ 1001fc80 f   bncs_instance_lookup.obj
 0002:00005cc0       ?countDeviceTypes@bncs_instance_lookup@@SAHXZ 1001fcc0 f   bncs_instance_lookup.obj
 0002:00005d00       ?countComplexTypes@bncs_instance_lookup@@SAHXZ 1001fd00 f   bncs_instance_lookup.obj
 0002:00005d40       ?loadDeviceParams@bncs_instance_lookup@@SA_NABVQString@@AAVdeviceTypeInfo@@@Z 1001fd40 f   bncs_instance_lookup.obj
 0002:00006870       ?loadComplexType@bncs_instance_lookup@@SA_NABVQString@@AAVcomplexType@@@Z 10020870 f   bncs_instance_lookup.obj
 0002:00007460       ?getInstanceInfo@bncs_instance_lookup@@SA_NABVQString@@PAPAVinstanceInfo@@@Z 10021460 f   bncs_instance_lookup.obj
 0002:00008800       ??$_Allocate@D@std@@YAPADIPAD@Z 10022800 f i bncs_instance_lookup.obj
 0002:00008890       ??$_Allocate@U_Container_proxy@std@@@std@@YAPAU_Container_proxy@0@IPAU10@@Z 10022890 f i bncs_instance_lookup.obj
 0002:00008930       ??$_Debug_pointer@D@std@@YAXPBDPB_WI@Z 10022930 f i bncs_instance_lookup.obj
 0002:000089a0       ??$addressof@D@std@@YAPADAAD@Z 100229a0 f i bncs_instance_lookup.obj
 0002:000089e0       ??$construct@PADAAPAD@?$_Wrap_alloc@V?$allocator@D@std@@@std@@QAEXPAPADAAPAD@Z 100229e0 f i bncs_instance_lookup.obj
 0002:00008a50       ??$construct@PADAAPAD@?$allocator@D@std@@QAEXPAPADAAPAD@Z 10022a50 f i bncs_instance_lookup.obj
 0002:00008b50       ??$construct@PADAAPAD@?$allocator_traits@V?$allocator@D@std@@@std@@SAXAAV?$allocator@D@1@PAPADAAPAD@Z 10022b50 f i bncs_instance_lookup.obj
 0002:00008bb0       ??$construct@U_Container_proxy@std@@U12@@?$allocator@U_Container_proxy@std@@@std@@QAEXPAU_Container_proxy@1@$$QAU21@@Z 10022bb0 f i bncs_instance_lookup.obj
 0002:00008cc0       ??$destroy@PAD@?$_Wrap_alloc@V?$allocator@D@std@@@std@@QAEXPAPAD@Z 10022cc0 f i bncs_instance_lookup.obj
 0002:00008d20       ??$destroy@PAD@?$allocator@D@std@@QAEXPAPAD@Z 10022d20 f i bncs_instance_lookup.obj
 0002:00008d60       ??$destroy@PAD@?$allocator_traits@V?$allocator@D@std@@@std@@SAXAAV?$allocator@D@1@PAPAD@Z 10022d60 f i bncs_instance_lookup.obj
 0002:00008db0       ??$destroy@U_Container_proxy@std@@@?$allocator@U_Container_proxy@std@@@std@@QAEXPAU_Container_proxy@1@@Z 10022db0 f i bncs_instance_lookup.obj
 0002:00008df0       ??$forward@AAPAD@std@@YAAAPADAAPAD@Z 10022df0 f i bncs_instance_lookup.obj
 0002:00008e30       ??$forward@U_Container_proxy@std@@@std@@YA$$QAU_Container_proxy@0@AAU10@@Z 10022e30 f i bncs_instance_lookup.obj
 0002:00008e70       ??0?$QMap@VQString@@VcomplexInstance@@@@QAE@ABV0@@Z 10022e70 f i bncs_instance_lookup.obj
 0002:00008ee0       ??0?$QMap@VQString@@VcomplexInstance@@@@QAE@XZ 10022ee0 f i bncs_instance_lookup.obj
 0002:00008fd0       ??0?$QMap@VQString@@VcomplexParam@@@@QAE@ABV0@@Z 10022fd0 f i bncs_instance_lookup.obj
 0002:00009040       ??0?$QMap@VQString@@VcomplexParam@@@@QAE@XZ 10023040 f i bncs_instance_lookup.obj
 0002:00009130       ??0?$QMap@VQString@@VcomplexType@@@@QAE@ABV0@@Z 10023130 f i bncs_instance_lookup.obj
 0002:000091a0       ??0?$QMap@VQString@@VcomplexType@@@@QAE@XZ 100231a0 f i bncs_instance_lookup.obj
 0002:00009290       ??0?$QMap@VQString@@VdeviceTypeInfo@@@@QAE@ABV0@@Z 10023290 f i bncs_instance_lookup.obj
 0002:00009300       ??0?$QMap@VQString@@VdeviceTypeInfo@@@@QAE@XZ 10023300 f i bncs_instance_lookup.obj
 0002:000093f0       ??0?$QMap@VQString@@VinstanceInfo@@@@QAE@ABV0@@Z 100233f0 f i bncs_instance_lookup.obj
 0002:00009460       ??0?$QMap@VQString@@VinstanceInfo@@@@QAE@XZ 10023460 f i bncs_instance_lookup.obj
 0002:00009550       ??0?$QMap@VQString@@VparamInfo@@@@QAE@ABV0@@Z 10023550 f i bncs_instance_lookup.obj
 0002:000095c0       ??0?$QMap@VQString@@VparamInfo@@@@QAE@XZ 100235c0 f i bncs_instance_lookup.obj
 0002:000096b0       ??0?$QMapConstIterator@VQString@@VcomplexInstance@@@@QAE@PAU?$QMapNode@VQString@@VcomplexInstance@@@@@Z 100236b0 f i bncs_instance_lookup.obj
 0002:00009700       ??0?$QMapConstIterator@VQString@@VcomplexParam@@@@QAE@PAU?$QMapNode@VQString@@VcomplexParam@@@@@Z 10023700 f i bncs_instance_lookup.obj
 0002:00009750       ??0?$QMapConstIterator@VQString@@VcomplexType@@@@QAE@PAU?$QMapNode@VQString@@VcomplexType@@@@@Z 10023750 f i bncs_instance_lookup.obj
 0002:000097a0       ??0?$QMapConstIterator@VQString@@VdeviceTypeInfo@@@@QAE@PAU?$QMapNode@VQString@@VdeviceTypeInfo@@@@@Z 100237a0 f i bncs_instance_lookup.obj
 0002:000097f0       ??0?$QMapConstIterator@VQString@@VinstanceInfo@@@@QAE@PAU?$QMapNode@VQString@@VinstanceInfo@@@@@Z 100237f0 f i bncs_instance_lookup.obj
 0002:00009840       ??0?$QMapConstIterator@VQString@@VparamInfo@@@@QAE@PAU?$QMapNode@VQString@@VparamInfo@@@@@Z 10023840 f i bncs_instance_lookup.obj
 0002:00009890       ??0?$QMapIterator@VQString@@VcomplexInstance@@@@QAE@ABV0@@Z 10023890 f i bncs_instance_lookup.obj
 0002:000098e0       ??0?$QMapIterator@VQString@@VcomplexInstance@@@@QAE@PAU?$QMapNode@VQString@@VcomplexInstance@@@@@Z 100238e0 f i bncs_instance_lookup.obj
 0002:00009930       ??0?$QMapIterator@VQString@@VcomplexParam@@@@QAE@ABV0@@Z 10023930 f i bncs_instance_lookup.obj
 0002:00009980       ??0?$QMapIterator@VQString@@VcomplexParam@@@@QAE@PAU?$QMapNode@VQString@@VcomplexParam@@@@@Z 10023980 f i bncs_instance_lookup.obj
 0002:000099d0       ??0?$QMapIterator@VQString@@VcomplexType@@@@QAE@ABV0@@Z 100239d0 f i bncs_instance_lookup.obj
 0002:00009a20       ??0?$QMapIterator@VQString@@VcomplexType@@@@QAE@PAU?$QMapNode@VQString@@VcomplexType@@@@@Z 10023a20 f i bncs_instance_lookup.obj
 0002:00009a70       ??0?$QMapIterator@VQString@@VdeviceTypeInfo@@@@QAE@ABV0@@Z 10023a70 f i bncs_instance_lookup.obj
 0002:00009ac0       ??0?$QMapIterator@VQString@@VdeviceTypeInfo@@@@QAE@PAU?$QMapNode@VQString@@VdeviceTypeInfo@@@@@Z 10023ac0 f i bncs_instance_lookup.obj
 0002:00009b10       ??0?$QMapIterator@VQString@@VinstanceInfo@@@@QAE@ABV0@@Z 10023b10 f i bncs_instance_lookup.obj
 0002:00009b60       ??0?$QMapIterator@VQString@@VinstanceInfo@@@@QAE@PAU?$QMapNode@VQString@@VinstanceInfo@@@@@Z 10023b60 f i bncs_instance_lookup.obj
 0002:00009bb0       ??0?$QMapIterator@VQString@@VinstanceInfo@@@@QAE@XZ 10023bb0 f i bncs_instance_lookup.obj
 0002:00009c00       ??0?$QMapIterator@VQString@@VparamInfo@@@@QAE@ABV0@@Z 10023c00 f i bncs_instance_lookup.obj
 0002:00009c50       ??0?$QMapIterator@VQString@@VparamInfo@@@@QAE@PAU?$QMapNode@VQString@@VparamInfo@@@@@Z 10023c50 f i bncs_instance_lookup.obj
 0002:00009ca0       ??0?$QMapNode@VQString@@VcomplexInstance@@@@QAE@ABU0@@Z 10023ca0 f i bncs_instance_lookup.obj
 0002:00009da0       ??0?$QMapNode@VQString@@VcomplexInstance@@@@QAE@ABVQString@@@Z 10023da0 f i bncs_instance_lookup.obj
 0002:00009e80       ??0?$QMapNode@VQString@@VcomplexInstance@@@@QAE@XZ 10023e80 f i bncs_instance_lookup.obj
 0002:00009f40       ??0?$QMapNode@VQString@@VcomplexParam@@@@QAE@ABU0@@Z 10023f40 f i bncs_instance_lookup.obj
 0002:0000a040       ??0?$QMapNode@VQString@@VcomplexParam@@@@QAE@ABVQString@@@Z 10024040 f i bncs_instance_lookup.obj
 0002:0000a120       ??0?$QMapNode@VQString@@VcomplexParam@@@@QAE@XZ 10024120 f i bncs_instance_lookup.obj
 0002:0000a1e0       ??0?$QMapNode@VQString@@VcomplexType@@@@QAE@ABU0@@Z 100241e0 f i bncs_instance_lookup.obj
 0002:0000a2e0       ??0?$QMapNode@VQString@@VcomplexType@@@@QAE@ABVQString@@@Z 100242e0 f i bncs_instance_lookup.obj
 0002:0000a3c0       ??0?$QMapNode@VQString@@VcomplexType@@@@QAE@XZ 100243c0 f i bncs_instance_lookup.obj
 0002:0000a480       ??0?$QMapNode@VQString@@VdeviceTypeInfo@@@@QAE@ABU0@@Z 10024480 f i bncs_instance_lookup.obj
 0002:0000a580       ??0?$QMapNode@VQString@@VdeviceTypeInfo@@@@QAE@ABVQString@@@Z 10024580 f i bncs_instance_lookup.obj
 0002:0000a660       ??0?$QMapNode@VQString@@VdeviceTypeInfo@@@@QAE@XZ 10024660 f i bncs_instance_lookup.obj
 0002:0000a720       ??0?$QMapNode@VQString@@VinstanceInfo@@@@QAE@ABU0@@Z 10024720 f i bncs_instance_lookup.obj
 0002:0000a820       ??0?$QMapNode@VQString@@VinstanceInfo@@@@QAE@ABVQString@@@Z 10024820 f i bncs_instance_lookup.obj
 0002:0000a900       ??0?$QMapNode@VQString@@VinstanceInfo@@@@QAE@XZ 10024900 f i bncs_instance_lookup.obj
 0002:0000a9c0       ??0?$QMapNode@VQString@@VparamInfo@@@@QAE@ABU0@@Z 100249c0 f i bncs_instance_lookup.obj
 0002:0000aac0       ??0?$QMapNode@VQString@@VparamInfo@@@@QAE@ABVQString@@@Z 10024ac0 f i bncs_instance_lookup.obj
 0002:0000aba0       ??0?$QMapNode@VQString@@VparamInfo@@@@QAE@XZ 10024ba0 f i bncs_instance_lookup.obj
 0002:0000ac60       ??0?$QMapPrivate@VQString@@VcomplexInstance@@@@QAE@PBV0@@Z 10024c60 f i bncs_instance_lookup.obj
 0002:0000ae60       ??0?$QMapPrivate@VQString@@VcomplexInstance@@@@QAE@XZ 10024e60 f i bncs_instance_lookup.obj
 0002:0000afb0       ??0?$QMapPrivate@VQString@@VcomplexParam@@@@QAE@PBV0@@Z 10024fb0 f i bncs_instance_lookup.obj
 0002:0000b1b0       ??0?$QMapPrivate@VQString@@VcomplexParam@@@@QAE@XZ 100251b0 f i bncs_instance_lookup.obj
 0002:0000b300       ??0?$QMapPrivate@VQString@@VcomplexType@@@@QAE@PBV0@@Z 10025300 f i bncs_instance_lookup.obj
 0002:0000b500       ??0?$QMapPrivate@VQString@@VcomplexType@@@@QAE@XZ 10025500 f i bncs_instance_lookup.obj
 0002:0000b650       ??0?$QMapPrivate@VQString@@VdeviceTypeInfo@@@@QAE@PBV0@@Z 10025650 f i bncs_instance_lookup.obj
 0002:0000b850       ??0?$QMapPrivate@VQString@@VdeviceTypeInfo@@@@QAE@XZ 10025850 f i bncs_instance_lookup.obj
 0002:0000b9a0       ??0?$QMapPrivate@VQString@@VinstanceInfo@@@@QAE@PBV0@@Z 100259a0 f i bncs_instance_lookup.obj
 0002:0000bba0       ??0?$QMapPrivate@VQString@@VinstanceInfo@@@@QAE@XZ 10025ba0 f i bncs_instance_lookup.obj
 0002:0000bcf0       ??0?$QMapPrivate@VQString@@VparamInfo@@@@QAE@PBV0@@Z 10025cf0 f i bncs_instance_lookup.obj
 0002:0000bef0       ??0?$QMapPrivate@VQString@@VparamInfo@@@@QAE@XZ 10025ef0 f i bncs_instance_lookup.obj
 0002:0000c040       ??0?$QPair@V?$QMapIterator@VQString@@VcomplexInstance@@@@_N@@QAE@ABV?$QMapIterator@VQString@@VcomplexInstance@@@@AB_N@Z 10026040 f i bncs_instance_lookup.obj
 0002:0000c0b0       ??0?$QPair@V?$QMapIterator@VQString@@VcomplexParam@@@@_N@@QAE@ABV?$QMapIterator@VQString@@VcomplexParam@@@@AB_N@Z 100260b0 f i bncs_instance_lookup.obj
 0002:0000c120       ??0?$QPair@V?$QMapIterator@VQString@@VcomplexType@@@@_N@@QAE@ABV?$QMapIterator@VQString@@VcomplexType@@@@AB_N@Z 10026120 f i bncs_instance_lookup.obj
 0002:0000c190       ??0?$QPair@V?$QMapIterator@VQString@@VdeviceTypeInfo@@@@_N@@QAE@ABV?$QMapIterator@VQString@@VdeviceTypeInfo@@@@AB_N@Z 10026190 f i bncs_instance_lookup.obj
 0002:0000c200       ??0?$QPair@V?$QMapIterator@VQString@@VinstanceInfo@@@@_N@@QAE@ABV?$QMapIterator@VQString@@VinstanceInfo@@@@AB_N@Z 10026200 f i bncs_instance_lookup.obj
 0002:0000c270       ??0?$QPair@V?$QMapIterator@VQString@@VparamInfo@@@@_N@@QAE@ABV?$QMapIterator@VQString@@VparamInfo@@@@AB_N@Z 10026270 f i bncs_instance_lookup.obj
 0002:0000c2e0       ??0?$QValueList@VcomplexInstance@@@@QAE@ABV0@@Z 100262e0 f i bncs_instance_lookup.obj
 0002:0000c360       ??0?$QValueList@VcomplexInstance@@@@QAE@XZ 10026360 f i bncs_instance_lookup.obj
 0002:0000c450       ??0?$QValueList@VcomplexParam@@@@QAE@ABV0@@Z 10026450 f i bncs_instance_lookup.obj
 0002:0000c4d0       ??0?$QValueList@VcomplexParam@@@@QAE@XZ 100264d0 f i bncs_instance_lookup.obj
 0002:0000c5c0       ??0?$QValueList@VcomplexType@@@@QAE@ABV0@@Z 100265c0 f i bncs_instance_lookup.obj
 0002:0000c640       ??0?$QValueList@VcomplexType@@@@QAE@XZ 10026640 f i bncs_instance_lookup.obj
 0002:0000c730       ??0?$QValueList@VdeviceTypeInfo@@@@QAE@ABV0@@Z 10026730 f i bncs_instance_lookup.obj
 0002:0000c7b0       ??0?$QValueList@VdeviceTypeInfo@@@@QAE@XZ 100267b0 f i bncs_instance_lookup.obj
 0002:0000c8a0       ??0?$QValueList@VinstanceInfo@@@@QAE@ABV0@@Z 100268a0 f i bncs_instance_lookup.obj
 0002:0000c920       ??0?$QValueList@VinstanceInfo@@@@QAE@XZ 10026920 f i bncs_instance_lookup.obj
 0002:0000ca10       ??0?$QValueList@VparamInfo@@@@QAE@ABV0@@Z 10026a10 f i bncs_instance_lookup.obj
 0002:0000ca90       ??0?$QValueList@VparamInfo@@@@QAE@XZ 10026a90 f i bncs_instance_lookup.obj
 0002:0000cb80       ??0?$QValueListIterator@VcomplexInstance@@@@QAE@ABV0@@Z 10026b80 f i bncs_instance_lookup.obj
 0002:0000cbd0       ??0?$QValueListIterator@VcomplexInstance@@@@QAE@PAV?$QValueListNode@VcomplexInstance@@@@@Z 10026bd0 f i bncs_instance_lookup.obj
 0002:0000cc20       ??0?$QValueListIterator@VcomplexParam@@@@QAE@ABV0@@Z 10026c20 f i bncs_instance_lookup.obj
 0002:0000cc70       ??0?$QValueListIterator@VcomplexParam@@@@QAE@PAV?$QValueListNode@VcomplexParam@@@@@Z 10026c70 f i bncs_instance_lookup.obj
 0002:0000ccc0       ??0?$QValueListIterator@VcomplexType@@@@QAE@ABV0@@Z 10026cc0 f i bncs_instance_lookup.obj
 0002:0000cd10       ??0?$QValueListIterator@VcomplexType@@@@QAE@PAV?$QValueListNode@VcomplexType@@@@@Z 10026d10 f i bncs_instance_lookup.obj
 0002:0000cd60       ??0?$QValueListIterator@VdeviceTypeInfo@@@@QAE@ABV0@@Z 10026d60 f i bncs_instance_lookup.obj
 0002:0000cdb0       ??0?$QValueListIterator@VdeviceTypeInfo@@@@QAE@PAV?$QValueListNode@VdeviceTypeInfo@@@@@Z 10026db0 f i bncs_instance_lookup.obj
 0002:0000ce00       ??0?$QValueListIterator@VinstanceInfo@@@@QAE@ABV0@@Z 10026e00 f i bncs_instance_lookup.obj
 0002:0000ce50       ??0?$QValueListIterator@VinstanceInfo@@@@QAE@PAV?$QValueListNode@VinstanceInfo@@@@@Z 10026e50 f i bncs_instance_lookup.obj
 0002:0000cea0       ??0?$QValueListIterator@VparamInfo@@@@QAE@ABV0@@Z 10026ea0 f i bncs_instance_lookup.obj
 0002:0000cef0       ??0?$QValueListIterator@VparamInfo@@@@QAE@PAV?$QValueListNode@VparamInfo@@@@@Z 10026ef0 f i bncs_instance_lookup.obj
 0002:0000cf40       ??0?$QValueListNode@VcomplexInstance@@@@QAE@ABVcomplexInstance@@@Z 10026f40 f i bncs_instance_lookup.obj
 0002:0000cfb0       ??0?$QValueListNode@VcomplexInstance@@@@QAE@XZ 10026fb0 f i bncs_instance_lookup.obj
 0002:0000d020       ??0?$QValueListNode@VcomplexParam@@@@QAE@ABVcomplexParam@@@Z 10027020 f i bncs_instance_lookup.obj
 0002:0000d090       ??0?$QValueListNode@VcomplexParam@@@@QAE@XZ 10027090 f i bncs_instance_lookup.obj
 0002:0000d100       ??0?$QValueListNode@VcomplexType@@@@QAE@ABVcomplexType@@@Z 10027100 f i bncs_instance_lookup.obj
 0002:0000d170       ??0?$QValueListNode@VcomplexType@@@@QAE@XZ 10027170 f i bncs_instance_lookup.obj
 0002:0000d1e0       ??0?$QValueListNode@VdeviceTypeInfo@@@@QAE@ABVdeviceTypeInfo@@@Z 100271e0 f i bncs_instance_lookup.obj
 0002:0000d250       ??0?$QValueListNode@VdeviceTypeInfo@@@@QAE@XZ 10027250 f i bncs_instance_lookup.obj
 0002:0000d2c0       ??0?$QValueListNode@VinstanceInfo@@@@QAE@ABVinstanceInfo@@@Z 100272c0 f i bncs_instance_lookup.obj
 0002:0000d330       ??0?$QValueListNode@VinstanceInfo@@@@QAE@XZ 10027330 f i bncs_instance_lookup.obj
 0002:0000d3a0       ??0?$QValueListNode@VparamInfo@@@@QAE@ABVparamInfo@@@Z 100273a0 f i bncs_instance_lookup.obj
 0002:0000d410       ??0?$QValueListNode@VparamInfo@@@@QAE@XZ 10027410 f i bncs_instance_lookup.obj
 0002:0000d480       ??0?$QValueListPrivate@VcomplexInstance@@@@QAE@ABV0@@Z 10027480 f i bncs_instance_lookup.obj
 0002:0000d6d0       ??0?$QValueListPrivate@VcomplexInstance@@@@QAE@XZ 100276d0 f i bncs_instance_lookup.obj
 0002:0000d820       ??0?$QValueListPrivate@VcomplexParam@@@@QAE@ABV0@@Z 10027820 f i bncs_instance_lookup.obj
 0002:0000da70       ??0?$QValueListPrivate@VcomplexParam@@@@QAE@XZ 10027a70 f i bncs_instance_lookup.obj
 0002:0000dbc0       ??0?$QValueListPrivate@VcomplexType@@@@QAE@ABV0@@Z 10027bc0 f i bncs_instance_lookup.obj
 0002:0000de10       ??0?$QValueListPrivate@VcomplexType@@@@QAE@XZ 10027e10 f i bncs_instance_lookup.obj
 0002:0000df60       ??0?$QValueListPrivate@VdeviceTypeInfo@@@@QAE@ABV0@@Z 10027f60 f i bncs_instance_lookup.obj
 0002:0000e1b0       ??0?$QValueListPrivate@VdeviceTypeInfo@@@@QAE@XZ 100281b0 f i bncs_instance_lookup.obj
 0002:0000e300       ??0?$QValueListPrivate@VinstanceInfo@@@@QAE@ABV0@@Z 10028300 f i bncs_instance_lookup.obj
 0002:0000e550       ??0?$QValueListPrivate@VinstanceInfo@@@@QAE@XZ 10028550 f i bncs_instance_lookup.obj
 0002:0000e6a0       ??0?$QValueListPrivate@VparamInfo@@@@QAE@ABV0@@Z 100286a0 f i bncs_instance_lookup.obj
 0002:0000e8f0       ??0?$QValueListPrivate@VparamInfo@@@@QAE@XZ 100288f0 f i bncs_instance_lookup.obj
 0002:0000ea40       ??0?$_String_alloc@$0A@U?$_String_base_types@DV?$allocator@D@std@@@std@@@std@@QAE@ABV?$allocator@D@1@@Z 10028a40 f i bncs_instance_lookup.obj
 0002:0000eaf0       ??0?$_String_val@U?$_Simple_types@D@std@@@std@@QAE@XZ 10028af0 f i bncs_instance_lookup.obj
 0002:0000eb70       ??0?$_Wrap_alloc@V?$allocator@D@std@@@std@@QAE@XZ 10028b70 f i bncs_instance_lookup.obj
 0002:0000ebd0       ??0?$allocator@D@std@@QAE@XZ 10028bd0 f i bncs_instance_lookup.obj
 0002:0000ec10       ??0?$allocator@U_Container_proxy@std@@@std@@QAE@XZ 10028c10 f i bncs_instance_lookup.obj
 0002:0000ec50       ??0?$basic_string@DU?$char_traits@D@std@@V?$allocator@D@2@@std@@QAE@PBD@Z 10028c50 f i bncs_instance_lookup.obj
 0002:0000ed20       ??0_Container_proxy@std@@QAE@XZ 10028d20 f i bncs_instance_lookup.obj
 0002:0000ed70       ??0_Generic_error_category@std@@QAE@XZ 10028d70 f i bncs_instance_lookup.obj
 0002:0000edd0       ??0_Iostream_error_category@std@@QAE@XZ 10028dd0 f i bncs_instance_lookup.obj
 0002:0000ee30       ??0_System_error_category@std@@QAE@XZ 10028e30 f i bncs_instance_lookup.obj
 0002:0000ee90       ??0bncs_instance_lookup@@QAE@ABV0@@Z 10028e90 f i bncs_instance_lookup.obj
 0002:0000eee0       ??0complexInstance@@QAE@ABV0@@Z 10028ee0 f i bncs_instance_lookup.obj
 0002:0000ef50       ??0complexParam@@QAE@ABV0@@Z 10028f50 f i bncs_instance_lookup.obj
 0002:0000f040       ??0complexType@@QAE@ABV0@@Z 10029040 f i bncs_instance_lookup.obj
 0002:0000f0b0       ??0deviceTypeInfo@@QAE@ABV0@@Z 100290b0 f i bncs_instance_lookup.obj
 0002:0000f140       ??0error_category@std@@QAE@XZ 10029140 f i bncs_instance_lookup.obj
 0002:0000f190       ??0error_condition@std@@QAE@HABVerror_category@1@@Z 10029190 f i bncs_instance_lookup.obj
 0002:0000f1e0       ??0instanceInfo@@QAE@ABV0@@Z 100291e0 f i bncs_instance_lookup.obj
 0002:0000f370       ??0paramInfo@@QAE@ABV0@@Z  10029370 f i bncs_instance_lookup.obj
 0002:0000f3d0       ??1?$QMap@VQString@@VcomplexInstance@@@@QAE@XZ 100293d0 f i bncs_instance_lookup.obj
 0002:0000f490       ??1?$QMap@VQString@@VcomplexParam@@@@QAE@XZ 10029490 f i bncs_instance_lookup.obj
 0002:0000f550       ??1?$QMap@VQString@@VcomplexType@@@@QAE@XZ 10029550 f i bncs_instance_lookup.obj
 0002:0000f610       ??1?$QMap@VQString@@VdeviceTypeInfo@@@@QAE@XZ 10029610 f i bncs_instance_lookup.obj
 0002:0000f6d0       ??1?$QMap@VQString@@VinstanceInfo@@@@QAE@XZ 100296d0 f i bncs_instance_lookup.obj
 0002:0000f790       ??1?$QMap@VQString@@VparamInfo@@@@QAE@XZ 10029790 f i bncs_instance_lookup.obj
 0002:0000f850       ??1?$QMapNode@VQString@@VcomplexInstance@@@@QAE@XZ 10029850 f i bncs_instance_lookup.obj
 0002:0000f910       ??1?$QMapNode@VQString@@VcomplexParam@@@@QAE@XZ 10029910 f i bncs_instance_lookup.obj
 0002:0000f9d0       ??1?$QMapNode@VQString@@VcomplexType@@@@QAE@XZ 100299d0 f i bncs_instance_lookup.obj
 0002:0000fa90       ??1?$QMapNode@VQString@@VdeviceTypeInfo@@@@QAE@XZ 10029a90 f i bncs_instance_lookup.obj
 0002:0000fb50       ??1?$QMapNode@VQString@@VinstanceInfo@@@@QAE@XZ 10029b50 f i bncs_instance_lookup.obj
 0002:0000fc10       ??1?$QMapNode@VQString@@VparamInfo@@@@QAE@XZ 10029c10 f i bncs_instance_lookup.obj
 0002:0000fcd0       ??1?$QMapPrivate@VQString@@VcomplexInstance@@@@QAE@XZ 10029cd0 f i bncs_instance_lookup.obj
 0002:0000fd70       ??1?$QMapPrivate@VQString@@VcomplexParam@@@@QAE@XZ 10029d70 f i bncs_instance_lookup.obj
 0002:0000fe10       ??1?$QMapPrivate@VQString@@VcomplexType@@@@QAE@XZ 10029e10 f i bncs_instance_lookup.obj
 0002:0000feb0       ??1?$QMapPrivate@VQString@@VdeviceTypeInfo@@@@QAE@XZ 10029eb0 f i bncs_instance_lookup.obj
 0002:0000ff50       ??1?$QMapPrivate@VQString@@VinstanceInfo@@@@QAE@XZ 10029f50 f i bncs_instance_lookup.obj
 0002:0000fff0       ??1?$QMapPrivate@VQString@@VparamInfo@@@@QAE@XZ 10029ff0 f i bncs_instance_lookup.obj
 0002:00010090       ??1?$QValueList@VcomplexInstance@@@@QAE@XZ 1002a090 f i bncs_instance_lookup.obj
 0002:000100f0       ??1?$QValueList@VcomplexParam@@@@QAE@XZ 1002a0f0 f i bncs_instance_lookup.obj
 0002:00010150       ??1?$QValueList@VcomplexType@@@@QAE@XZ 1002a150 f i bncs_instance_lookup.obj
 0002:000101b0       ??1?$QValueList@VdeviceTypeInfo@@@@QAE@XZ 1002a1b0 f i bncs_instance_lookup.obj
 0002:00010210       ??1?$QValueList@VinstanceInfo@@@@QAE@XZ 1002a210 f i bncs_instance_lookup.obj
 0002:00010270       ??1?$QValueList@VparamInfo@@@@QAE@XZ 1002a270 f i bncs_instance_lookup.obj
 0002:000102d0       ??1?$QValueListNode@VcomplexInstance@@@@UAE@XZ 1002a2d0 f i bncs_instance_lookup.obj
 0002:00010330       ??1?$QValueListNode@VcomplexParam@@@@UAE@XZ 1002a330 f i bncs_instance_lookup.obj
 0002:00010390       ??1?$QValueListNode@VcomplexType@@@@UAE@XZ 1002a390 f i bncs_instance_lookup.obj
 0002:000103f0       ??1?$QValueListNode@VdeviceTypeInfo@@@@UAE@XZ 1002a3f0 f i bncs_instance_lookup.obj
 0002:00010450       ??1?$QValueListNode@VinstanceInfo@@@@UAE@XZ 1002a450 f i bncs_instance_lookup.obj
 0002:000104b0       ??1?$QValueListNode@VparamInfo@@@@UAE@XZ 1002a4b0 f i bncs_instance_lookup.obj
 0002:00010510       ??1?$QValueListPrivate@VcomplexInstance@@@@UAE@XZ 1002a510 f i bncs_instance_lookup.obj
 0002:00010660       ??1?$QValueListPrivate@VcomplexParam@@@@UAE@XZ 1002a660 f i bncs_instance_lookup.obj
 0002:000107b0       ??1?$QValueListPrivate@VcomplexType@@@@UAE@XZ 1002a7b0 f i bncs_instance_lookup.obj
 0002:00010900       ??1?$QValueListPrivate@VdeviceTypeInfo@@@@UAE@XZ 1002a900 f i bncs_instance_lookup.obj
 0002:00010a50       ??1?$QValueListPrivate@VinstanceInfo@@@@UAE@XZ 1002aa50 f i bncs_instance_lookup.obj
 0002:00010ba0       ??1?$QValueListPrivate@VparamInfo@@@@UAE@XZ 1002aba0 f i bncs_instance_lookup.obj
 0002:00010cf0       ??1?$_String_alloc@$0A@U?$_String_base_types@DV?$allocator@D@std@@@std@@@std@@QAE@XZ 1002acf0 f i bncs_instance_lookup.obj
 0002:00010d50       ??1?$_String_val@U?$_Simple_types@D@std@@@std@@QAE@XZ 1002ad50 f i bncs_instance_lookup.obj
 0002:00010db0       ??1_Generic_error_category@std@@UAE@XZ 1002adb0 f i bncs_instance_lookup.obj
 0002:00010e00       ??1_Iostream_error_category@std@@UAE@XZ 1002ae00 f i bncs_instance_lookup.obj
 0002:00010e50       ??1_System_error_category@std@@UAE@XZ 1002ae50 f i bncs_instance_lookup.obj
 0002:00010ea0       ??1error_category@std@@UAE@XZ 1002aea0 f i bncs_instance_lookup.obj
 0002:00010ee0       ??2@YAPAXIPAX@Z            1002aee0 f i bncs_instance_lookup.obj
 0002:00010f20       ??3@YAXPAX0@Z              1002af20 f i bncs_instance_lookup.obj
 0002:00010f50       ??4?$QMap@VQString@@VcomplexInstance@@@@QAEAAV0@ABV0@@Z 1002af50 f i bncs_instance_lookup.obj
 0002:00011040       ??4?$QMap@VQString@@VcomplexParam@@@@QAEAAV0@ABV0@@Z 1002b040 f i bncs_instance_lookup.obj
 0002:00011130       ??4?$QMap@VQString@@VcomplexType@@@@QAEAAV0@ABV0@@Z 1002b130 f i bncs_instance_lookup.obj
 0002:00011220       ??4?$QMap@VQString@@VdeviceTypeInfo@@@@QAEAAV0@ABV0@@Z 1002b220 f i bncs_instance_lookup.obj
 0002:00011310       ??4?$QMap@VQString@@VinstanceInfo@@@@QAEAAV0@ABV0@@Z 1002b310 f i bncs_instance_lookup.obj
 0002:00011400       ??4?$QMap@VQString@@VparamInfo@@@@QAEAAV0@ABV0@@Z 1002b400 f i bncs_instance_lookup.obj
 0002:000114f0       ??4bncs_instance_lookup@@QAEAAV0@ABV0@@Z 1002b4f0 f i bncs_instance_lookup.obj
 0002:00011530       ??4complexInstance@@QAEAAV0@ABV0@@Z 1002b530 f i bncs_instance_lookup.obj
 0002:000115a0       ??4complexParam@@QAEAAV0@ABV0@@Z 1002b5a0 f i bncs_instance_lookup.obj
 0002:00011640       ??4complexType@@QAEAAV0@ABV0@@Z 1002b640 f i bncs_instance_lookup.obj
 0002:000116b0       ??4deviceTypeInfo@@QAEAAV0@ABV0@@Z 1002b6b0 f i bncs_instance_lookup.obj
 0002:00011730       ??4instanceInfo@@QAEAAV0@ABV0@@Z 1002b730 f i bncs_instance_lookup.obj
 0002:00011860       ??4paramInfo@@QAEAAV0@ABV0@@Z 1002b860 f i bncs_instance_lookup.obj
 0002:000118b0       ??8?$QMapIterator@VQString@@VcomplexInstance@@@@QBE_NABV0@@Z 1002b8b0 f i bncs_instance_lookup.obj
 0002:00011920       ??8?$QMapIterator@VQString@@VcomplexParam@@@@QBE_NABV0@@Z 1002b920 f i bncs_instance_lookup.obj
 0002:00011990       ??8?$QMapIterator@VQString@@VcomplexType@@@@QBE_NABV0@@Z 1002b990 f i bncs_instance_lookup.obj
 0002:00011a00       ??8?$QMapIterator@VQString@@VdeviceTypeInfo@@@@QBE_NABV0@@Z 1002ba00 f i bncs_instance_lookup.obj
 0002:00011a70       ??8?$QMapIterator@VQString@@VinstanceInfo@@@@QBE_NABV0@@Z 1002ba70 f i bncs_instance_lookup.obj
 0002:00011ae0       ??8?$QMapIterator@VQString@@VparamInfo@@@@QBE_NABV0@@Z 1002bae0 f i bncs_instance_lookup.obj
 0002:00011b50       ??8error_category@std@@QBE_NABV01@@Z 1002bb50 f i bncs_instance_lookup.obj
 0002:00011bc0       ??8error_condition@std@@QBE_NABV01@@Z 1002bbc0 f i bncs_instance_lookup.obj
 0002:00011c70       ??9?$QMapConstIterator@VQString@@VcomplexInstance@@@@QBE_NABV0@@Z 1002bc70 f i bncs_instance_lookup.obj
 0002:00011ce0       ??9?$QMapConstIterator@VQString@@VcomplexParam@@@@QBE_NABV0@@Z 1002bce0 f i bncs_instance_lookup.obj
 0002:00011d50       ??9?$QMapConstIterator@VQString@@VcomplexType@@@@QBE_NABV0@@Z 1002bd50 f i bncs_instance_lookup.obj
 0002:00011dc0       ??9?$QMapConstIterator@VQString@@VdeviceTypeInfo@@@@QBE_NABV0@@Z 1002bdc0 f i bncs_instance_lookup.obj
 0002:00011e30       ??9?$QMapConstIterator@VQString@@VinstanceInfo@@@@QBE_NABV0@@Z 1002be30 f i bncs_instance_lookup.obj
 0002:00011ea0       ??9?$QMapConstIterator@VQString@@VparamInfo@@@@QBE_NABV0@@Z 1002bea0 f i bncs_instance_lookup.obj
 0002:00011f10       ??9?$QMapIterator@VQString@@V1@@@QBE_NABV0@@Z 1002bf10 f i bncs_instance_lookup.obj
 0002:00011f80       ??9?$QMapIterator@VQString@@VcomplexInstance@@@@QBE_NABV0@@Z 1002bf80 f i bncs_instance_lookup.obj
 0002:00011ff0       ??9?$QMapIterator@VQString@@VcomplexParam@@@@QBE_NABV0@@Z 1002bff0 f i bncs_instance_lookup.obj
 0002:00012060       ??9?$QMapIterator@VQString@@VcomplexType@@@@QBE_NABV0@@Z 1002c060 f i bncs_instance_lookup.obj
 0002:000120d0       ??9?$QMapIterator@VQString@@VdeviceTypeInfo@@@@QBE_NABV0@@Z 1002c0d0 f i bncs_instance_lookup.obj
 0002:00012140       ??9?$QMapIterator@VQString@@VinstanceInfo@@@@QBE_NABV0@@Z 1002c140 f i bncs_instance_lookup.obj
 0002:000121b0       ??9?$QMapIterator@VQString@@VparamInfo@@@@QBE_NABV0@@Z 1002c1b0 f i bncs_instance_lookup.obj
 0002:00012220       ??9?$QValueListIterator@VcomplexInstance@@@@QBE_NABV0@@Z 1002c220 f i bncs_instance_lookup.obj
 0002:00012290       ??9?$QValueListIterator@VcomplexParam@@@@QBE_NABV0@@Z 1002c290 f i bncs_instance_lookup.obj
 0002:00012300       ??9?$QValueListIterator@VcomplexType@@@@QBE_NABV0@@Z 1002c300 f i bncs_instance_lookup.obj
 0002:00012370       ??9?$QValueListIterator@VdeviceTypeInfo@@@@QBE_NABV0@@Z 1002c370 f i bncs_instance_lookup.obj
 0002:000123e0       ??9?$QValueListIterator@VinstanceInfo@@@@QBE_NABV0@@Z 1002c3e0 f i bncs_instance_lookup.obj
 0002:00012450       ??9?$QValueListIterator@VparamInfo@@@@QBE_NABV0@@Z 1002c450 f i bncs_instance_lookup.obj
 0002:000124c0       ??A?$QMap@VQString@@VcomplexInstance@@@@QAEAAVcomplexInstance@@ABVQString@@@Z 1002c4c0 f i bncs_instance_lookup.obj
 0002:00012610       ??A?$QMap@VQString@@VcomplexInstance@@@@QBEABVcomplexInstance@@ABVQString@@@Z 1002c610 f i bncs_instance_lookup.obj
 0002:00012680       ??A?$QMap@VQString@@VcomplexParam@@@@QAEAAVcomplexParam@@ABVQString@@@Z 1002c680 f i bncs_instance_lookup.obj
 0002:000127d0       ??A?$QMap@VQString@@VcomplexParam@@@@QBEABVcomplexParam@@ABVQString@@@Z 1002c7d0 f i bncs_instance_lookup.obj
 0002:00012840       ??A?$QMap@VQString@@VcomplexType@@@@QAEAAVcomplexType@@ABVQString@@@Z 1002c840 f i bncs_instance_lookup.obj
 0002:00012990       ??A?$QMap@VQString@@VcomplexType@@@@QBEABVcomplexType@@ABVQString@@@Z 1002c990 f i bncs_instance_lookup.obj
 0002:00012a00       ??A?$QMap@VQString@@VdeviceTypeInfo@@@@QAEAAVdeviceTypeInfo@@ABVQString@@@Z 1002ca00 f i bncs_instance_lookup.obj
 0002:00012b50       ??A?$QMap@VQString@@VdeviceTypeInfo@@@@QBEABVdeviceTypeInfo@@ABVQString@@@Z 1002cb50 f i bncs_instance_lookup.obj
 0002:00012bc0       ??A?$QMap@VQString@@VinstanceInfo@@@@QAEAAVinstanceInfo@@ABVQString@@@Z 1002cbc0 f i bncs_instance_lookup.obj
 0002:00012d10       ??A?$QMap@VQString@@VinstanceInfo@@@@QBEABVinstanceInfo@@ABVQString@@@Z 1002cd10 f i bncs_instance_lookup.obj
 0002:00012d80       ??A?$QMap@VQString@@VparamInfo@@@@QAEAAVparamInfo@@ABVQString@@@Z 1002cd80 f i bncs_instance_lookup.obj
 0002:00012ed0       ??A?$QMap@VQString@@VparamInfo@@@@QBEABVparamInfo@@ABVQString@@@Z 1002ced0 f i bncs_instance_lookup.obj
 0002:00012f40       ??D?$QMapConstIterator@VQString@@VcomplexInstance@@@@QBEABVcomplexInstance@@XZ 1002cf40 f i bncs_instance_lookup.obj
 0002:00012f80       ??D?$QMapConstIterator@VQString@@VcomplexParam@@@@QBEABVcomplexParam@@XZ 1002cf80 f i bncs_instance_lookup.obj
 0002:00012fc0       ??D?$QMapConstIterator@VQString@@VcomplexType@@@@QBEABVcomplexType@@XZ 1002cfc0 f i bncs_instance_lookup.obj
 0002:00013000       ??D?$QMapConstIterator@VQString@@VdeviceTypeInfo@@@@QBEABVdeviceTypeInfo@@XZ 1002d000 f i bncs_instance_lookup.obj
 0002:00013040       ??D?$QMapConstIterator@VQString@@VinstanceInfo@@@@QBEABVinstanceInfo@@XZ 1002d040 f i bncs_instance_lookup.obj
 0002:00013080       ??D?$QMapConstIterator@VQString@@VparamInfo@@@@QBEABVparamInfo@@XZ 1002d080 f i bncs_instance_lookup.obj
 0002:000130c0       ??D?$QMapIterator@VQString@@VinstanceInfo@@@@QAEAAVinstanceInfo@@XZ 1002d0c0 f i bncs_instance_lookup.obj
 0002:00013100       ??D?$QValueListIterator@VcomplexInstance@@@@QAEAAVcomplexInstance@@XZ 1002d100 f i bncs_instance_lookup.obj
 0002:00013140       ??D?$QValueListIterator@VcomplexParam@@@@QAEAAVcomplexParam@@XZ 1002d140 f i bncs_instance_lookup.obj
 0002:00013180       ??D?$QValueListIterator@VcomplexType@@@@QAEAAVcomplexType@@XZ 1002d180 f i bncs_instance_lookup.obj
 0002:000131c0       ??D?$QValueListIterator@VdeviceTypeInfo@@@@QAEAAVdeviceTypeInfo@@XZ 1002d1c0 f i bncs_instance_lookup.obj
 0002:00013200       ??D?$QValueListIterator@VinstanceInfo@@@@QAEAAVinstanceInfo@@XZ 1002d200 f i bncs_instance_lookup.obj
 0002:00013240       ??D?$QValueListIterator@VparamInfo@@@@QAEAAVparamInfo@@XZ 1002d240 f i bncs_instance_lookup.obj
 0002:00013280       ??E?$QMapConstIterator@VQString@@VcomplexInstance@@@@QAEAAV0@XZ 1002d280 f i bncs_instance_lookup.obj
 0002:000132e0       ??E?$QMapConstIterator@VQString@@VcomplexParam@@@@QAEAAV0@XZ 1002d2e0 f i bncs_instance_lookup.obj
 0002:00013340       ??E?$QMapConstIterator@VQString@@VcomplexType@@@@QAEAAV0@XZ 1002d340 f i bncs_instance_lookup.obj
 0002:000133a0       ??E?$QMapConstIterator@VQString@@VdeviceTypeInfo@@@@QAEAAV0@XZ 1002d3a0 f i bncs_instance_lookup.obj
 0002:00013400       ??E?$QMapConstIterator@VQString@@VinstanceInfo@@@@QAEAAV0@XZ 1002d400 f i bncs_instance_lookup.obj
 0002:00013460       ??E?$QMapConstIterator@VQString@@VparamInfo@@@@QAEAAV0@XZ 1002d460 f i bncs_instance_lookup.obj
 0002:000134c0       ??E?$QMapIterator@VQString@@VinstanceInfo@@@@QAEAAV0@XZ 1002d4c0 f i bncs_instance_lookup.obj
 0002:00013520       ??E?$QValueListIterator@VcomplexInstance@@@@QAE?AV0@H@Z 1002d520 f i bncs_instance_lookup.obj
 0002:000135d0       ??E?$QValueListIterator@VcomplexParam@@@@QAE?AV0@H@Z 1002d5d0 f i bncs_instance_lookup.obj
 0002:00013680       ??E?$QValueListIterator@VcomplexType@@@@QAE?AV0@H@Z 1002d680 f i bncs_instance_lookup.obj
 0002:00013730       ??E?$QValueListIterator@VdeviceTypeInfo@@@@QAE?AV0@H@Z 1002d730 f i bncs_instance_lookup.obj
 0002:000137e0       ??E?$QValueListIterator@VinstanceInfo@@@@QAE?AV0@H@Z 1002d7e0 f i bncs_instance_lookup.obj
 0002:00013890       ??E?$QValueListIterator@VparamInfo@@@@QAE?AV0@H@Z 1002d890 f i bncs_instance_lookup.obj
 0002:00013940       ??F?$QMapIterator@VQString@@VcomplexInstance@@@@QAEAAV0@XZ 1002d940 f i bncs_instance_lookup.obj
 0002:000139a0       ??F?$QMapIterator@VQString@@VcomplexParam@@@@QAEAAV0@XZ 1002d9a0 f i bncs_instance_lookup.obj
 0002:00013a00       ??F?$QMapIterator@VQString@@VcomplexType@@@@QAEAAV0@XZ 1002da00 f i bncs_instance_lookup.obj
 0002:00013a60       ??F?$QMapIterator@VQString@@VdeviceTypeInfo@@@@QAEAAV0@XZ 1002da60 f i bncs_instance_lookup.obj
 0002:00013ac0       ??F?$QMapIterator@VQString@@VinstanceInfo@@@@QAEAAV0@XZ 1002dac0 f i bncs_instance_lookup.obj
 0002:00013b20       ??F?$QMapIterator@VQString@@VparamInfo@@@@QAEAAV0@XZ 1002db20 f i bncs_instance_lookup.obj
 0002:00013b80       ??_Ebncs_instance_lookup@@UAEPAXI@Z 1002db80 f i bncs_instance_lookup.obj
 0002:00013c40       ??_EcomplexInstance@@UAEPAXI@Z 1002dc40 f i bncs_instance_lookup.obj
 0002:00013d00       ??_EcomplexParam@@UAEPAXI@Z 1002dd00 f i bncs_instance_lookup.obj
 0002:00013dc0       ??_EcomplexType@@UAEPAXI@Z 1002ddc0 f i bncs_instance_lookup.obj
 0002:00013e80       ??_EdeviceTypeInfo@@UAEPAXI@Z 1002de80 f i bncs_instance_lookup.obj
 0002:00013f40       ??_EinstanceInfo@@UAEPAXI@Z 1002df40 f i bncs_instance_lookup.obj
 0002:00014000       ??_EparamInfo@@UAEPAXI@Z   1002e000 f i bncs_instance_lookup.obj
 0002:000140c0       ??_G?$QMapNode@VQString@@VcomplexInstance@@@@QAEPAXI@Z 1002e0c0 f i bncs_instance_lookup.obj
 0002:00014130       ??_G?$QMapNode@VQString@@VcomplexParam@@@@QAEPAXI@Z 1002e130 f i bncs_instance_lookup.obj
 0002:000141a0       ??_G?$QMapNode@VQString@@VcomplexType@@@@QAEPAXI@Z 1002e1a0 f i bncs_instance_lookup.obj
 0002:00014210       ??_G?$QMapNode@VQString@@VdeviceTypeInfo@@@@QAEPAXI@Z 1002e210 f i bncs_instance_lookup.obj
 0002:00014280       ??_G?$QMapNode@VQString@@VinstanceInfo@@@@QAEPAXI@Z 1002e280 f i bncs_instance_lookup.obj
 0002:000142f0       ??_G?$QMapNode@VQString@@VparamInfo@@@@QAEPAXI@Z 1002e2f0 f i bncs_instance_lookup.obj
 0002:00014360       ??_G?$QMapPrivate@VQString@@VcomplexInstance@@@@QAEPAXI@Z 1002e360 f i bncs_instance_lookup.obj
 0002:000143d0       ??_G?$QMapPrivate@VQString@@VcomplexParam@@@@QAEPAXI@Z 1002e3d0 f i bncs_instance_lookup.obj
 0002:00014440       ??_G?$QMapPrivate@VQString@@VcomplexType@@@@QAEPAXI@Z 1002e440 f i bncs_instance_lookup.obj
 0002:000144b0       ??_G?$QMapPrivate@VQString@@VdeviceTypeInfo@@@@QAEPAXI@Z 1002e4b0 f i bncs_instance_lookup.obj
 0002:00014520       ??_G?$QMapPrivate@VQString@@VinstanceInfo@@@@QAEPAXI@Z 1002e520 f i bncs_instance_lookup.obj
 0002:00014590       ??_G?$QMapPrivate@VQString@@VparamInfo@@@@QAEPAXI@Z 1002e590 f i bncs_instance_lookup.obj
 0002:00014600       ??_G?$QValueListNode@VcomplexInstance@@@@UAEPAXI@Z 1002e600 f i bncs_instance_lookup.obj
 0002:00014600       ??_E?$QValueListNode@VcomplexInstance@@@@UAEPAXI@Z 1002e600 f i bncs_instance_lookup.obj
 0002:00014670       ??_G?$QValueListNode@VcomplexParam@@@@UAEPAXI@Z 1002e670 f i bncs_instance_lookup.obj
 0002:00014670       ??_E?$QValueListNode@VcomplexParam@@@@UAEPAXI@Z 1002e670 f i bncs_instance_lookup.obj
 0002:000146e0       ??_E?$QValueListNode@VcomplexType@@@@UAEPAXI@Z 1002e6e0 f i bncs_instance_lookup.obj
 0002:000146e0       ??_G?$QValueListNode@VcomplexType@@@@UAEPAXI@Z 1002e6e0 f i bncs_instance_lookup.obj
 0002:00014750       ??_E?$QValueListNode@VdeviceTypeInfo@@@@UAEPAXI@Z 1002e750 f i bncs_instance_lookup.obj
 0002:00014750       ??_G?$QValueListNode@VdeviceTypeInfo@@@@UAEPAXI@Z 1002e750 f i bncs_instance_lookup.obj
 0002:000147c0       ??_E?$QValueListNode@VinstanceInfo@@@@UAEPAXI@Z 1002e7c0 f i bncs_instance_lookup.obj
 0002:000147c0       ??_G?$QValueListNode@VinstanceInfo@@@@UAEPAXI@Z 1002e7c0 f i bncs_instance_lookup.obj
 0002:00014830       ??_G?$QValueListNode@VparamInfo@@@@UAEPAXI@Z 1002e830 f i bncs_instance_lookup.obj
 0002:00014830       ??_E?$QValueListNode@VparamInfo@@@@UAEPAXI@Z 1002e830 f i bncs_instance_lookup.obj
 0002:000148a0       ??_G?$QValueListPrivate@VcomplexInstance@@@@UAEPAXI@Z 1002e8a0 f i bncs_instance_lookup.obj
 0002:000148a0       ??_E?$QValueListPrivate@VcomplexInstance@@@@UAEPAXI@Z 1002e8a0 f i bncs_instance_lookup.obj
 0002:00014910       ??_G?$QValueListPrivate@VcomplexParam@@@@UAEPAXI@Z 1002e910 f i bncs_instance_lookup.obj
 0002:00014910       ??_E?$QValueListPrivate@VcomplexParam@@@@UAEPAXI@Z 1002e910 f i bncs_instance_lookup.obj
 0002:00014980       ??_E?$QValueListPrivate@VcomplexType@@@@UAEPAXI@Z 1002e980 f i bncs_instance_lookup.obj
 0002:00014980       ??_G?$QValueListPrivate@VcomplexType@@@@UAEPAXI@Z 1002e980 f i bncs_instance_lookup.obj
 0002:000149f0       ??_E?$QValueListPrivate@VdeviceTypeInfo@@@@UAEPAXI@Z 1002e9f0 f i bncs_instance_lookup.obj
 0002:000149f0       ??_G?$QValueListPrivate@VdeviceTypeInfo@@@@UAEPAXI@Z 1002e9f0 f i bncs_instance_lookup.obj
 0002:00014a60       ??_G?$QValueListPrivate@VinstanceInfo@@@@UAEPAXI@Z 1002ea60 f i bncs_instance_lookup.obj
 0002:00014a60       ??_E?$QValueListPrivate@VinstanceInfo@@@@UAEPAXI@Z 1002ea60 f i bncs_instance_lookup.obj
 0002:00014ad0       ??_E?$QValueListPrivate@VparamInfo@@@@UAEPAXI@Z 1002ead0 f i bncs_instance_lookup.obj
 0002:00014ad0       ??_G?$QValueListPrivate@VparamInfo@@@@UAEPAXI@Z 1002ead0 f i bncs_instance_lookup.obj
 0002:00014b40       ??_E_Generic_error_category@std@@UAEPAXI@Z 1002eb40 f i bncs_instance_lookup.obj
 0002:00014b40       ??_G_Generic_error_category@std@@UAEPAXI@Z 1002eb40 f i bncs_instance_lookup.obj
 0002:00014bb0       ??_G_Iostream_error_category@std@@UAEPAXI@Z 1002ebb0 f i bncs_instance_lookup.obj
 0002:00014bb0       ??_E_Iostream_error_category@std@@UAEPAXI@Z 1002ebb0 f i bncs_instance_lookup.obj
 0002:00014c20       ??_G_System_error_category@std@@UAEPAXI@Z 1002ec20 f i bncs_instance_lookup.obj
 0002:00014c20       ??_E_System_error_category@std@@UAEPAXI@Z 1002ec20 f i bncs_instance_lookup.obj
 0002:00014c90       ??_Gbncs_instance_lookup@@UAEPAXI@Z 1002ec90 f i bncs_instance_lookup.obj
 0002:00014d00       ??_GcomplexInstance@@UAEPAXI@Z 1002ed00 f i bncs_instance_lookup.obj
 0002:00014d70       ??_GcomplexParam@@UAEPAXI@Z 1002ed70 f i bncs_instance_lookup.obj
 0002:00014de0       ??_GcomplexType@@UAEPAXI@Z 1002ede0 f i bncs_instance_lookup.obj
 0002:00014e50       ??_GdeviceTypeInfo@@UAEPAXI@Z 1002ee50 f i bncs_instance_lookup.obj
 0002:00014ec0       ??_Eerror_category@std@@UAEPAXI@Z 1002eec0 f i bncs_instance_lookup.obj
 0002:00014ec0       ??_Gerror_category@std@@UAEPAXI@Z 1002eec0 f i bncs_instance_lookup.obj
 0002:00014f30       ??_GinstanceInfo@@UAEPAXI@Z 1002ef30 f i bncs_instance_lookup.obj
 0002:00014fa0       ??_GparamInfo@@UAEPAXI@Z   1002efa0 f i bncs_instance_lookup.obj
 0002:00015010       ?_Alloc_proxy@?$_String_alloc@$0A@U?$_String_base_types@DV?$allocator@D@std@@@std@@@std@@QAEXXZ 1002f010 f i bncs_instance_lookup.obj
 0002:000150e0       ?_Copy@?$basic_string@DU?$char_traits@D@std@@V?$allocator@D@2@@std@@QAEXII@Z 1002f0e0 f i bncs_instance_lookup.obj
 0002:000153a0       ?_Eos@?$basic_string@DU?$char_traits@D@std@@V?$allocator@D@2@@std@@QAEXI@Z 1002f3a0 f i bncs_instance_lookup.obj
 0002:00015420       ?_Free_proxy@?$_String_alloc@$0A@U?$_String_base_types@DV?$allocator@D@std@@@std@@@std@@QAEXXZ 1002f420 f i bncs_instance_lookup.obj
 0002:00015500       ?_Getal@?$_String_alloc@$0A@U?$_String_base_types@DV?$allocator@D@std@@@std@@@std@@QBE?AU?$_Wrap_alloc@V?$allocator@D@std@@@2@XZ 1002f500 f i bncs_instance_lookup.obj
 0002:00015560       ?_Grow@?$basic_string@DU?$char_traits@D@std@@V?$allocator@D@2@@std@@QAE_NI_N@Z 1002f560 f i bncs_instance_lookup.obj
 0002:00015680       ?_Inside@?$basic_string@DU?$char_traits@D@std@@V?$allocator@D@2@@std@@QAE_NPBD@Z 1002f680 f i bncs_instance_lookup.obj
 0002:00015700       ?_Myptr@?$_String_val@U?$_Simple_types@D@std@@@std@@QAEPADXZ 1002f700 f i bncs_instance_lookup.obj
 0002:00015790       ?_Myptr@?$_String_val@U?$_Simple_types@D@std@@@std@@QBEPBDXZ 1002f790 f i bncs_instance_lookup.obj
 0002:00015820       ?_Tidy@?$basic_string@DU?$char_traits@D@std@@V?$allocator@D@2@@std@@QAEX_NI@Z 1002f820 f i bncs_instance_lookup.obj
 0002:00015930       ?_Xlen@?$basic_string@DU?$char_traits@D@std@@V?$allocator@D@2@@std@@QBEXXZ 1002f930 f i bncs_instance_lookup.obj
 0002:00015990       ?_Xran@?$basic_string@DU?$char_traits@D@std@@V?$allocator@D@2@@std@@QBEXXZ 1002f990 f i bncs_instance_lookup.obj
 0002:000159f0       ?allocate@?$_Wrap_alloc@V?$allocator@D@std@@@std@@QAEPADI@Z 1002f9f0 f i bncs_instance_lookup.obj
 0002:00015a50       ?allocate@?$allocator@D@std@@QAEPADI@Z 1002fa50 f i bncs_instance_lookup.obj
 0002:00015ab0       ?allocate@?$allocator@U_Container_proxy@std@@@std@@QAEPAU_Container_proxy@2@I@Z 1002fab0 f i bncs_instance_lookup.obj
 0002:00015b10       ?append@?$QValueList@VcomplexInstance@@@@QAE?AV?$QValueListIterator@VcomplexInstance@@@@ABVcomplexInstance@@@Z 1002fb10 f i bncs_instance_lookup.obj
 0002:00015b90       ?append@?$QValueList@VcomplexParam@@@@QAE?AV?$QValueListIterator@VcomplexParam@@@@ABVcomplexParam@@@Z 1002fb90 f i bncs_instance_lookup.obj
 0002:00015c10       ?append@?$QValueList@VcomplexType@@@@QAE?AV?$QValueListIterator@VcomplexType@@@@ABVcomplexType@@@Z 1002fc10 f i bncs_instance_lookup.obj
 0002:00015c90       ?append@?$QValueList@VdeviceTypeInfo@@@@QAE?AV?$QValueListIterator@VdeviceTypeInfo@@@@ABVdeviceTypeInfo@@@Z 1002fc90 f i bncs_instance_lookup.obj
 0002:00015d10       ?append@?$QValueList@VinstanceInfo@@@@QAE?AV?$QValueListIterator@VinstanceInfo@@@@ABVinstanceInfo@@@Z 1002fd10 f i bncs_instance_lookup.obj
 0002:00015d90       ?append@?$QValueList@VparamInfo@@@@QAE?AV?$QValueListIterator@VparamInfo@@@@ABVparamInfo@@@Z 1002fd90 f i bncs_instance_lookup.obj
 0002:00015e10       ?assign@?$basic_string@DU?$char_traits@D@std@@V?$allocator@D@2@@std@@QAEAAV12@ABV12@II@Z 1002fe10 f i bncs_instance_lookup.obj
 0002:00015f20       ?assign@?$basic_string@DU?$char_traits@D@std@@V?$allocator@D@2@@std@@QAEAAV12@PBD@Z 1002ff20 f i bncs_instance_lookup.obj
 0002:00015fb0       ?assign@?$basic_string@DU?$char_traits@D@std@@V?$allocator@D@2@@std@@QAEAAV12@PBDI@Z 1002ffb0 f i bncs_instance_lookup.obj
 0002:000160b0       ?assign@?$char_traits@D@std@@SAXAADABD@Z 100300b0 f i bncs_instance_lookup.obj
 0002:000160f0       ?begin@?$QMap@VQString@@VcomplexInstance@@@@QAE?AV?$QMapIterator@VQString@@VcomplexInstance@@@@XZ 100300f0 f i bncs_instance_lookup.obj
 0002:00016160       ?begin@?$QMap@VQString@@VcomplexInstance@@@@QBE?AV?$QMapConstIterator@VQString@@VcomplexInstance@@@@XZ 10030160 f i bncs_instance_lookup.obj
 0002:000161c0       ?begin@?$QMap@VQString@@VcomplexParam@@@@QAE?AV?$QMapIterator@VQString@@VcomplexParam@@@@XZ 100301c0 f i bncs_instance_lookup.obj
 0002:00016230       ?begin@?$QMap@VQString@@VcomplexParam@@@@QBE?AV?$QMapConstIterator@VQString@@VcomplexParam@@@@XZ 10030230 f i bncs_instance_lookup.obj
 0002:00016290       ?begin@?$QMap@VQString@@VcomplexType@@@@QAE?AV?$QMapIterator@VQString@@VcomplexType@@@@XZ 10030290 f i bncs_instance_lookup.obj
 0002:00016300       ?begin@?$QMap@VQString@@VcomplexType@@@@QBE?AV?$QMapConstIterator@VQString@@VcomplexType@@@@XZ 10030300 f i bncs_instance_lookup.obj
 0002:00016360       ?begin@?$QMap@VQString@@VdeviceTypeInfo@@@@QAE?AV?$QMapIterator@VQString@@VdeviceTypeInfo@@@@XZ 10030360 f i bncs_instance_lookup.obj
 0002:000163d0       ?begin@?$QMap@VQString@@VdeviceTypeInfo@@@@QBE?AV?$QMapConstIterator@VQString@@VdeviceTypeInfo@@@@XZ 100303d0 f i bncs_instance_lookup.obj
 0002:00016430       ?begin@?$QMap@VQString@@VinstanceInfo@@@@QAE?AV?$QMapIterator@VQString@@VinstanceInfo@@@@XZ 10030430 f i bncs_instance_lookup.obj
 0002:000164a0       ?begin@?$QMap@VQString@@VinstanceInfo@@@@QBE?AV?$QMapConstIterator@VQString@@VinstanceInfo@@@@XZ 100304a0 f i bncs_instance_lookup.obj
 0002:00016500       ?begin@?$QMap@VQString@@VparamInfo@@@@QAE?AV?$QMapIterator@VQString@@VparamInfo@@@@XZ 10030500 f i bncs_instance_lookup.obj
 0002:00016570       ?begin@?$QMap@VQString@@VparamInfo@@@@QBE?AV?$QMapConstIterator@VQString@@VparamInfo@@@@XZ 10030570 f i bncs_instance_lookup.obj
 0002:000165d0       ?begin@?$QMapPrivate@VQString@@VcomplexInstance@@@@QAE?AV?$QMapIterator@VQString@@VcomplexInstance@@@@XZ 100305d0 f i bncs_instance_lookup.obj
 0002:00016630       ?begin@?$QMapPrivate@VQString@@VcomplexInstance@@@@QBE?AV?$QMapConstIterator@VQString@@VcomplexInstance@@@@XZ 10030630 f i bncs_instance_lookup.obj
 0002:00016690       ?begin@?$QMapPrivate@VQString@@VcomplexParam@@@@QAE?AV?$QMapIterator@VQString@@VcomplexParam@@@@XZ 10030690 f i bncs_instance_lookup.obj
 0002:000166f0       ?begin@?$QMapPrivate@VQString@@VcomplexParam@@@@QBE?AV?$QMapConstIterator@VQString@@VcomplexParam@@@@XZ 100306f0 f i bncs_instance_lookup.obj
 0002:00016750       ?begin@?$QMapPrivate@VQString@@VcomplexType@@@@QAE?AV?$QMapIterator@VQString@@VcomplexType@@@@XZ 10030750 f i bncs_instance_lookup.obj
 0002:000167b0       ?begin@?$QMapPrivate@VQString@@VcomplexType@@@@QBE?AV?$QMapConstIterator@VQString@@VcomplexType@@@@XZ 100307b0 f i bncs_instance_lookup.obj
 0002:00016810       ?begin@?$QMapPrivate@VQString@@VdeviceTypeInfo@@@@QAE?AV?$QMapIterator@VQString@@VdeviceTypeInfo@@@@XZ 10030810 f i bncs_instance_lookup.obj
 0002:00016870       ?begin@?$QMapPrivate@VQString@@VdeviceTypeInfo@@@@QBE?AV?$QMapConstIterator@VQString@@VdeviceTypeInfo@@@@XZ 10030870 f i bncs_instance_lookup.obj
 0002:000168d0       ?begin@?$QMapPrivate@VQString@@VinstanceInfo@@@@QAE?AV?$QMapIterator@VQString@@VinstanceInfo@@@@XZ 100308d0 f i bncs_instance_lookup.obj
 0002:00016930       ?begin@?$QMapPrivate@VQString@@VinstanceInfo@@@@QBE?AV?$QMapConstIterator@VQString@@VinstanceInfo@@@@XZ 10030930 f i bncs_instance_lookup.obj
 0002:00016990       ?begin@?$QMapPrivate@VQString@@VparamInfo@@@@QAE?AV?$QMapIterator@VQString@@VparamInfo@@@@XZ 10030990 f i bncs_instance_lookup.obj
 0002:000169f0       ?begin@?$QMapPrivate@VQString@@VparamInfo@@@@QBE?AV?$QMapConstIterator@VQString@@VparamInfo@@@@XZ 100309f0 f i bncs_instance_lookup.obj
 0002:00016a50       ?category@error_code@std@@QBEABVerror_category@2@XZ 10030a50 f i bncs_instance_lookup.obj
 0002:00016a90       ?category@error_condition@std@@QBEABVerror_category@2@XZ 10030a90 f i bncs_instance_lookup.obj
 0002:00016ad0       ?clear@?$QMap@VQString@@VcomplexInstance@@@@QAEXXZ 10030ad0 f i bncs_instance_lookup.obj
 0002:00016bf0       ?clear@?$QMap@VQString@@VcomplexParam@@@@QAEXXZ 10030bf0 f i bncs_instance_lookup.obj
 0002:00016d10       ?clear@?$QMap@VQString@@VcomplexType@@@@QAEXXZ 10030d10 f i bncs_instance_lookup.obj
 0002:00016e30       ?clear@?$QMap@VQString@@VdeviceTypeInfo@@@@QAEXXZ 10030e30 f i bncs_instance_lookup.obj
 0002:00016f50       ?clear@?$QMap@VQString@@VinstanceInfo@@@@QAEXXZ 10030f50 f i bncs_instance_lookup.obj
 0002:00017070       ?clear@?$QMap@VQString@@VparamInfo@@@@QAEXXZ 10031070 f i bncs_instance_lookup.obj
 0002:00017190       ?clear@?$QMapPrivate@VQString@@VcomplexInstance@@@@QAEXPAU?$QMapNode@VQString@@VcomplexInstance@@@@@Z 10031190 f i bncs_instance_lookup.obj
 0002:00017260       ?clear@?$QMapPrivate@VQString@@VcomplexInstance@@@@QAEXXZ 10031260 f i bncs_instance_lookup.obj
 0002:00017310       ?clear@?$QMapPrivate@VQString@@VcomplexParam@@@@QAEXPAU?$QMapNode@VQString@@VcomplexParam@@@@@Z 10031310 f i bncs_instance_lookup.obj
 0002:000173e0       ?clear@?$QMapPrivate@VQString@@VcomplexParam@@@@QAEXXZ 100313e0 f i bncs_instance_lookup.obj
 0002:00017490       ?clear@?$QMapPrivate@VQString@@VcomplexType@@@@QAEXPAU?$QMapNode@VQString@@VcomplexType@@@@@Z 10031490 f i bncs_instance_lookup.obj
 0002:00017560       ?clear@?$QMapPrivate@VQString@@VcomplexType@@@@QAEXXZ 10031560 f i bncs_instance_lookup.obj
 0002:00017610       ?clear@?$QMapPrivate@VQString@@VdeviceTypeInfo@@@@QAEXPAU?$QMapNode@VQString@@VdeviceTypeInfo@@@@@Z 10031610 f i bncs_instance_lookup.obj
 0002:000176e0       ?clear@?$QMapPrivate@VQString@@VdeviceTypeInfo@@@@QAEXXZ 100316e0 f i bncs_instance_lookup.obj
 0002:00017790       ?clear@?$QMapPrivate@VQString@@VinstanceInfo@@@@QAEXPAU?$QMapNode@VQString@@VinstanceInfo@@@@@Z 10031790 f i bncs_instance_lookup.obj
 0002:00017860       ?clear@?$QMapPrivate@VQString@@VinstanceInfo@@@@QAEXXZ 10031860 f i bncs_instance_lookup.obj
 0002:00017910       ?clear@?$QMapPrivate@VQString@@VparamInfo@@@@QAEXPAU?$QMapNode@VQString@@VparamInfo@@@@@Z 10031910 f i bncs_instance_lookup.obj
 0002:000179e0       ?clear@?$QMapPrivate@VQString@@VparamInfo@@@@QAEXXZ 100319e0 f i bncs_instance_lookup.obj
 0002:00017a90       ?constBegin@?$QMap@VQString@@VcomplexInstance@@@@QBE?AV?$QMapConstIterator@VQString@@VcomplexInstance@@@@XZ 10031a90 f i bncs_instance_lookup.obj
 0002:00017af0       ?constBegin@?$QMap@VQString@@VcomplexParam@@@@QBE?AV?$QMapConstIterator@VQString@@VcomplexParam@@@@XZ 10031af0 f i bncs_instance_lookup.obj
 0002:00017b50       ?constBegin@?$QMap@VQString@@VcomplexType@@@@QBE?AV?$QMapConstIterator@VQString@@VcomplexType@@@@XZ 10031b50 f i bncs_instance_lookup.obj
 0002:00017bb0       ?constBegin@?$QMap@VQString@@VdeviceTypeInfo@@@@QBE?AV?$QMapConstIterator@VQString@@VdeviceTypeInfo@@@@XZ 10031bb0 f i bncs_instance_lookup.obj
 0002:00017c10       ?constBegin@?$QMap@VQString@@VinstanceInfo@@@@QBE?AV?$QMapConstIterator@VQString@@VinstanceInfo@@@@XZ 10031c10 f i bncs_instance_lookup.obj
 0002:00017c70       ?constBegin@?$QMap@VQString@@VparamInfo@@@@QBE?AV?$QMapConstIterator@VQString@@VparamInfo@@@@XZ 10031c70 f i bncs_instance_lookup.obj
 0002:00017cd0       ?constEnd@?$QMap@VQString@@VcomplexInstance@@@@QBE?AV?$QMapConstIterator@VQString@@VcomplexInstance@@@@XZ 10031cd0 f i bncs_instance_lookup.obj
 0002:00017d30       ?constEnd@?$QMap@VQString@@VcomplexParam@@@@QBE?AV?$QMapConstIterator@VQString@@VcomplexParam@@@@XZ 10031d30 f i bncs_instance_lookup.obj
 0002:00017d90       ?constEnd@?$QMap@VQString@@VcomplexType@@@@QBE?AV?$QMapConstIterator@VQString@@VcomplexType@@@@XZ 10031d90 f i bncs_instance_lookup.obj
 0002:00017df0       ?constEnd@?$QMap@VQString@@VdeviceTypeInfo@@@@QBE?AV?$QMapConstIterator@VQString@@VdeviceTypeInfo@@@@XZ 10031df0 f i bncs_instance_lookup.obj
 0002:00017e50       ?constEnd@?$QMap@VQString@@VinstanceInfo@@@@QBE?AV?$QMapConstIterator@VQString@@VinstanceInfo@@@@XZ 10031e50 f i bncs_instance_lookup.obj
 0002:00017eb0       ?constEnd@?$QMap@VQString@@VparamInfo@@@@QBE?AV?$QMapConstIterator@VQString@@VparamInfo@@@@XZ 10031eb0 f i bncs_instance_lookup.obj
 0002:00017f10       ?contains@?$QMap@VQString@@VcomplexInstance@@@@QBE_NABVQString@@@Z 10031f10 f i bncs_instance_lookup.obj
 0002:00017f90       ?contains@?$QMap@VQString@@VcomplexParam@@@@QBE_NABVQString@@@Z 10031f90 f i bncs_instance_lookup.obj
 0002:00018010       ?contains@?$QMap@VQString@@VcomplexType@@@@QBE_NABVQString@@@Z 10032010 f i bncs_instance_lookup.obj
 0002:00018090       ?contains@?$QMap@VQString@@VdeviceTypeInfo@@@@QBE_NABVQString@@@Z 10032090 f i bncs_instance_lookup.obj
 0002:00018110       ?contains@?$QMap@VQString@@VinstanceInfo@@@@QBE_NABVQString@@@Z 10032110 f i bncs_instance_lookup.obj
 0002:00018190       ?contains@?$QMap@VQString@@VparamInfo@@@@QBE_NABVQString@@@Z 10032190 f i bncs_instance_lookup.obj
 0002:00018210       ?copy@?$QMapPrivate@VQString@@VcomplexInstance@@@@QAEPAU?$QMapNode@VQString@@VcomplexInstance@@@@PAU2@@Z 10032210 f i bncs_instance_lookup.obj
 0002:000183b0       ?copy@?$QMapPrivate@VQString@@VcomplexParam@@@@QAEPAU?$QMapNode@VQString@@VcomplexParam@@@@PAU2@@Z 100323b0 f i bncs_instance_lookup.obj
 0002:00018550       ?copy@?$QMapPrivate@VQString@@VcomplexType@@@@QAEPAU?$QMapNode@VQString@@VcomplexType@@@@PAU2@@Z 10032550 f i bncs_instance_lookup.obj
 0002:000186f0       ?copy@?$QMapPrivate@VQString@@VdeviceTypeInfo@@@@QAEPAU?$QMapNode@VQString@@VdeviceTypeInfo@@@@PAU2@@Z 100326f0 f i bncs_instance_lookup.obj
 0002:00018890       ?copy@?$QMapPrivate@VQString@@VinstanceInfo@@@@QAEPAU?$QMapNode@VQString@@VinstanceInfo@@@@PAU2@@Z 10032890 f i bncs_instance_lookup.obj
 0002:00018a30       ?copy@?$QMapPrivate@VQString@@VparamInfo@@@@QAEPAU?$QMapNode@VQString@@VparamInfo@@@@PAU2@@Z 10032a30 f i bncs_instance_lookup.obj
 0002:00018bd0       ?copy@?$char_traits@D@std@@SAPADPADPBDI@Z 10032bd0 f i bncs_instance_lookup.obj
 0002:00018c50       ?count@?$QMap@VQString@@VcomplexInstance@@@@QBEIABVQString@@@Z 10032c50 f i bncs_instance_lookup.obj
 0002:00018d70       ?count@?$QMap@VQString@@VcomplexInstance@@@@QBEIXZ 10032d70 f i bncs_instance_lookup.obj
 0002:00018db0       ?count@?$QMap@VQString@@VcomplexParam@@@@QBEIABVQString@@@Z 10032db0 f i bncs_instance_lookup.obj
 0002:00018ed0       ?count@?$QMap@VQString@@VcomplexParam@@@@QBEIXZ 10032ed0 f i bncs_instance_lookup.obj
 0002:00018f10       ?count@?$QMap@VQString@@VcomplexType@@@@QBEIABVQString@@@Z 10032f10 f i bncs_instance_lookup.obj
 0002:00019030       ?count@?$QMap@VQString@@VcomplexType@@@@QBEIXZ 10033030 f i bncs_instance_lookup.obj
 0002:00019070       ?count@?$QMap@VQString@@VdeviceTypeInfo@@@@QBEIABVQString@@@Z 10033070 f i bncs_instance_lookup.obj
 0002:00019190       ?count@?$QMap@VQString@@VdeviceTypeInfo@@@@QBEIXZ 10033190 f i bncs_instance_lookup.obj
 0002:000191d0       ?count@?$QMap@VQString@@VinstanceInfo@@@@QBEIABVQString@@@Z 100331d0 f i bncs_instance_lookup.obj
 0002:000192f0       ?count@?$QMap@VQString@@VinstanceInfo@@@@QBEIXZ 100332f0 f i bncs_instance_lookup.obj
 0002:00019330       ?count@?$QMap@VQString@@VparamInfo@@@@QBEIABVQString@@@Z 10033330 f i bncs_instance_lookup.obj
 0002:00019450       ?count@?$QMap@VQString@@VparamInfo@@@@QBEIXZ 10033450 f i bncs_instance_lookup.obj
 0002:00019490       ?data@?$QMapConstIterator@VQString@@VcomplexInstance@@@@QBEABVcomplexInstance@@XZ 10033490 f i bncs_instance_lookup.obj
 0002:000194d0       ?data@?$QMapConstIterator@VQString@@VcomplexParam@@@@QBEABVcomplexParam@@XZ 100334d0 f i bncs_instance_lookup.obj
 0002:00019510       ?data@?$QMapConstIterator@VQString@@VcomplexType@@@@QBEABVcomplexType@@XZ 10033510 f i bncs_instance_lookup.obj
 0002:00019550       ?data@?$QMapConstIterator@VQString@@VdeviceTypeInfo@@@@QBEABVdeviceTypeInfo@@XZ 10033550 f i bncs_instance_lookup.obj
 0002:00019590       ?data@?$QMapConstIterator@VQString@@VinstanceInfo@@@@QBEABVinstanceInfo@@XZ 10033590 f i bncs_instance_lookup.obj
 0002:000195d0       ?data@?$QMapConstIterator@VQString@@VparamInfo@@@@QBEABVparamInfo@@XZ 100335d0 f i bncs_instance_lookup.obj
 0002:00019610       ?data@?$QMapIterator@VQString@@V1@@@QAEAAVQString@@XZ 10033610 f i bncs_instance_lookup.obj
 0002:00019650       ?data@?$QMapIterator@VQString@@VcomplexInstance@@@@QAEAAVcomplexInstance@@XZ 10033650 f i bncs_instance_lookup.obj
 0002:00019690       ?data@?$QMapIterator@VQString@@VcomplexParam@@@@QAEAAVcomplexParam@@XZ 10033690 f i bncs_instance_lookup.obj
 0002:000196d0       ?data@?$QMapIterator@VQString@@VcomplexType@@@@QAEAAVcomplexType@@XZ 100336d0 f i bncs_instance_lookup.obj
 0002:00019710       ?data@?$QMapIterator@VQString@@VdeviceTypeInfo@@@@QAEAAVdeviceTypeInfo@@XZ 10033710 f i bncs_instance_lookup.obj
 0002:00019750       ?data@?$QMapIterator@VQString@@VinstanceInfo@@@@QAEAAVinstanceInfo@@XZ 10033750 f i bncs_instance_lookup.obj
 0002:00019790       ?data@?$QMapIterator@VQString@@VparamInfo@@@@QAEAAVparamInfo@@XZ 10033790 f i bncs_instance_lookup.obj
 0002:000197d0       ?deallocate@?$_Wrap_alloc@V?$allocator@D@std@@@std@@QAEXPADI@Z 100337d0 f i bncs_instance_lookup.obj
 0002:00019830       ?deallocate@?$allocator@D@std@@QAEXPADI@Z 10033830 f i bncs_instance_lookup.obj
 0002:00019890       ?deallocate@?$allocator@U_Container_proxy@std@@@std@@QAEXPAU_Container_proxy@2@I@Z 10033890 f i bncs_instance_lookup.obj
 0002:000198f0       ?dec@?$QMapIterator@VQString@@VcomplexInstance@@@@AAEHXZ 100338f0 f i bncs_instance_lookup.obj
 0002:000199e0       ?dec@?$QMapIterator@VQString@@VcomplexParam@@@@AAEHXZ 100339e0 f i bncs_instance_lookup.obj
 0002:00019ad0       ?dec@?$QMapIterator@VQString@@VcomplexType@@@@AAEHXZ 10033ad0 f i bncs_instance_lookup.obj
 0002:00019bc0       ?dec@?$QMapIterator@VQString@@VdeviceTypeInfo@@@@AAEHXZ 10033bc0 f i bncs_instance_lookup.obj
 0002:00019cb0       ?dec@?$QMapIterator@VQString@@VinstanceInfo@@@@AAEHXZ 10033cb0 f i bncs_instance_lookup.obj
 0002:00019da0       ?dec@?$QMapIterator@VQString@@VparamInfo@@@@AAEHXZ 10033da0 f i bncs_instance_lookup.obj
 0002:00019e90       ?default_error_condition@_System_error_category@std@@UBE?AVerror_condition@2@H@Z 10033e90 f i bncs_instance_lookup.obj
 0002:00019f40       ?default_error_condition@error_category@std@@UBE?AVerror_condition@2@H@Z 10033f40 f i bncs_instance_lookup.obj
 0002:00019fa0       ?derefAndDelete@?$QValueListPrivate@VcomplexInstance@@@@QAEXXZ 10033fa0 f i bncs_instance_lookup.obj
 0002:0001a070       ?derefAndDelete@?$QValueListPrivate@VcomplexParam@@@@QAEXXZ 10034070 f i bncs_instance_lookup.obj
 0002:0001a140       ?derefAndDelete@?$QValueListPrivate@VcomplexType@@@@QAEXXZ 10034140 f i bncs_instance_lookup.obj
 0002:0001a210       ?derefAndDelete@?$QValueListPrivate@VdeviceTypeInfo@@@@QAEXXZ 10034210 f i bncs_instance_lookup.obj
 0002:0001a2e0       ?derefAndDelete@?$QValueListPrivate@VinstanceInfo@@@@QAEXXZ 100342e0 f i bncs_instance_lookup.obj
 0002:0001a3b0       ?derefAndDelete@?$QValueListPrivate@VparamInfo@@@@QAEXXZ 100343b0 f i bncs_instance_lookup.obj
 0002:0001a480       ?detach@?$QMap@VQString@@VcomplexInstance@@@@IAEXXZ 10034480 f i bncs_instance_lookup.obj
 0002:0001a4e0       ?detach@?$QMap@VQString@@VcomplexParam@@@@IAEXXZ 100344e0 f i bncs_instance_lookup.obj
 0002:0001a540       ?detach@?$QMap@VQString@@VcomplexType@@@@IAEXXZ 10034540 f i bncs_instance_lookup.obj
 0002:0001a5a0       ?detach@?$QMap@VQString@@VdeviceTypeInfo@@@@IAEXXZ 100345a0 f i bncs_instance_lookup.obj
 0002:0001a600       ?detach@?$QMap@VQString@@VinstanceInfo@@@@IAEXXZ 10034600 f i bncs_instance_lookup.obj
 0002:0001a660       ?detach@?$QMap@VQString@@VparamInfo@@@@IAEXXZ 10034660 f i bncs_instance_lookup.obj
 0002:0001a6c0       ?detach@?$QValueList@VcomplexInstance@@@@IAEXXZ 100346c0 f i bncs_instance_lookup.obj
 0002:0001a720       ?detach@?$QValueList@VcomplexParam@@@@IAEXXZ 10034720 f i bncs_instance_lookup.obj
 0002:0001a780       ?detach@?$QValueList@VcomplexType@@@@IAEXXZ 10034780 f i bncs_instance_lookup.obj
 0002:0001a7e0       ?detach@?$QValueList@VdeviceTypeInfo@@@@IAEXXZ 100347e0 f i bncs_instance_lookup.obj
 0002:0001a840       ?detach@?$QValueList@VinstanceInfo@@@@IAEXXZ 10034840 f i bncs_instance_lookup.obj
 0002:0001a8a0       ?detach@?$QValueList@VparamInfo@@@@IAEXXZ 100348a0 f i bncs_instance_lookup.obj
 0002:0001a900       ?detachInternal@?$QMap@VQString@@VcomplexInstance@@@@AAEXXZ 10034900 f i bncs_instance_lookup.obj
 0002:0001aa10       ?detachInternal@?$QMap@VQString@@VcomplexParam@@@@AAEXXZ 10034a10 f i bncs_instance_lookup.obj
 0002:0001ab20       ?detachInternal@?$QMap@VQString@@VcomplexType@@@@AAEXXZ 10034b20 f i bncs_instance_lookup.obj
 0002:0001ac30       ?detachInternal@?$QMap@VQString@@VdeviceTypeInfo@@@@AAEXXZ 10034c30 f i bncs_instance_lookup.obj
 0002:0001ad40       ?detachInternal@?$QMap@VQString@@VinstanceInfo@@@@AAEXXZ 10034d40 f i bncs_instance_lookup.obj
 0002:0001ae50       ?detachInternal@?$QMap@VQString@@VparamInfo@@@@AAEXXZ 10034e50 f i bncs_instance_lookup.obj
 0002:0001af60       ?detachInternal@?$QValueList@VcomplexInstance@@@@AAEXXZ 10034f60 f i bncs_instance_lookup.obj
 0002:0001b070       ?detachInternal@?$QValueList@VcomplexParam@@@@AAEXXZ 10035070 f i bncs_instance_lookup.obj
 0002:0001b180       ?detachInternal@?$QValueList@VcomplexType@@@@AAEXXZ 10035180 f i bncs_instance_lookup.obj
 0002:0001b290       ?detachInternal@?$QValueList@VdeviceTypeInfo@@@@AAEXXZ 10035290 f i bncs_instance_lookup.obj
 0002:0001b3a0       ?detachInternal@?$QValueList@VinstanceInfo@@@@AAEXXZ 100353a0 f i bncs_instance_lookup.obj
 0002:0001b4b0       ?detachInternal@?$QValueList@VparamInfo@@@@AAEXXZ 100354b0 f i bncs_instance_lookup.obj
 0002:0001b5c0       ?empty@?$QMap@VQString@@VcomplexInstance@@@@QBE_NXZ 100355c0 f i bncs_instance_lookup.obj
 0002:0001b630       ?empty@?$QMap@VQString@@VcomplexParam@@@@QBE_NXZ 10035630 f i bncs_instance_lookup.obj
 0002:0001b6a0       ?empty@?$QMap@VQString@@VcomplexType@@@@QBE_NXZ 100356a0 f i bncs_instance_lookup.obj
 0002:0001b710       ?empty@?$QMap@VQString@@VdeviceTypeInfo@@@@QBE_NXZ 10035710 f i bncs_instance_lookup.obj
 0002:0001b780       ?empty@?$QMap@VQString@@VinstanceInfo@@@@QBE_NXZ 10035780 f i bncs_instance_lookup.obj
 0002:0001b7f0       ?empty@?$QMap@VQString@@VparamInfo@@@@QBE_NXZ 100357f0 f i bncs_instance_lookup.obj
 0002:0001b860       ?end@?$QMap@VQString@@VcomplexInstance@@@@QAE?AV?$QMapIterator@VQString@@VcomplexInstance@@@@XZ 10035860 f i bncs_instance_lookup.obj
 0002:0001b8d0       ?end@?$QMap@VQString@@VcomplexInstance@@@@QBE?AV?$QMapConstIterator@VQString@@VcomplexInstance@@@@XZ 100358d0 f i bncs_instance_lookup.obj
 0002:0001b930       ?end@?$QMap@VQString@@VcomplexParam@@@@QAE?AV?$QMapIterator@VQString@@VcomplexParam@@@@XZ 10035930 f i bncs_instance_lookup.obj
 0002:0001b9a0       ?end@?$QMap@VQString@@VcomplexParam@@@@QBE?AV?$QMapConstIterator@VQString@@VcomplexParam@@@@XZ 100359a0 f i bncs_instance_lookup.obj
 0002:0001ba00       ?end@?$QMap@VQString@@VcomplexType@@@@QAE?AV?$QMapIterator@VQString@@VcomplexType@@@@XZ 10035a00 f i bncs_instance_lookup.obj
 0002:0001ba70       ?end@?$QMap@VQString@@VcomplexType@@@@QBE?AV?$QMapConstIterator@VQString@@VcomplexType@@@@XZ 10035a70 f i bncs_instance_lookup.obj
 0002:0001bad0       ?end@?$QMap@VQString@@VdeviceTypeInfo@@@@QAE?AV?$QMapIterator@VQString@@VdeviceTypeInfo@@@@XZ 10035ad0 f i bncs_instance_lookup.obj
 0002:0001bb40       ?end@?$QMap@VQString@@VdeviceTypeInfo@@@@QBE?AV?$QMapConstIterator@VQString@@VdeviceTypeInfo@@@@XZ 10035b40 f i bncs_instance_lookup.obj
 0002:0001bba0       ?end@?$QMap@VQString@@VinstanceInfo@@@@QAE?AV?$QMapIterator@VQString@@VinstanceInfo@@@@XZ 10035ba0 f i bncs_instance_lookup.obj
 0002:0001bc10       ?end@?$QMap@VQString@@VinstanceInfo@@@@QBE?AV?$QMapConstIterator@VQString@@VinstanceInfo@@@@XZ 10035c10 f i bncs_instance_lookup.obj
 0002:0001bc70       ?end@?$QMap@VQString@@VparamInfo@@@@QAE?AV?$QMapIterator@VQString@@VparamInfo@@@@XZ 10035c70 f i bncs_instance_lookup.obj
 0002:0001bce0       ?end@?$QMap@VQString@@VparamInfo@@@@QBE?AV?$QMapConstIterator@VQString@@VparamInfo@@@@XZ 10035ce0 f i bncs_instance_lookup.obj
 0002:0001bd40       ?end@?$QMapPrivate@VQString@@VcomplexInstance@@@@QAE?AV?$QMapIterator@VQString@@VcomplexInstance@@@@XZ 10035d40 f i bncs_instance_lookup.obj
 0002:0001bda0       ?end@?$QMapPrivate@VQString@@VcomplexInstance@@@@QBE?AV?$QMapConstIterator@VQString@@VcomplexInstance@@@@XZ 10035da0 f i bncs_instance_lookup.obj
 0002:0001be00       ?end@?$QMapPrivate@VQString@@VcomplexParam@@@@QAE?AV?$QMapIterator@VQString@@VcomplexParam@@@@XZ 10035e00 f i bncs_instance_lookup.obj
 0002:0001be60       ?end@?$QMapPrivate@VQString@@VcomplexParam@@@@QBE?AV?$QMapConstIterator@VQString@@VcomplexParam@@@@XZ 10035e60 f i bncs_instance_lookup.obj
 0002:0001bec0       ?end@?$QMapPrivate@VQString@@VcomplexType@@@@QAE?AV?$QMapIterator@VQString@@VcomplexType@@@@XZ 10035ec0 f i bncs_instance_lookup.obj
 0002:0001bf20       ?end@?$QMapPrivate@VQString@@VcomplexType@@@@QBE?AV?$QMapConstIterator@VQString@@VcomplexType@@@@XZ 10035f20 f i bncs_instance_lookup.obj
 0002:0001bf80       ?end@?$QMapPrivate@VQString@@VdeviceTypeInfo@@@@QAE?AV?$QMapIterator@VQString@@VdeviceTypeInfo@@@@XZ 10035f80 f i bncs_instance_lookup.obj
 0002:0001bfe0       ?end@?$QMapPrivate@VQString@@VdeviceTypeInfo@@@@QBE?AV?$QMapConstIterator@VQString@@VdeviceTypeInfo@@@@XZ 10035fe0 f i bncs_instance_lookup.obj
 0002:0001c040       ?end@?$QMapPrivate@VQString@@VinstanceInfo@@@@QAE?AV?$QMapIterator@VQString@@VinstanceInfo@@@@XZ 10036040 f i bncs_instance_lookup.obj
 0002:0001c0a0       ?end@?$QMapPrivate@VQString@@VinstanceInfo@@@@QBE?AV?$QMapConstIterator@VQString@@VinstanceInfo@@@@XZ 100360a0 f i bncs_instance_lookup.obj
 0002:0001c100       ?end@?$QMapPrivate@VQString@@VparamInfo@@@@QAE?AV?$QMapIterator@VQString@@VparamInfo@@@@XZ 10036100 f i bncs_instance_lookup.obj
 0002:0001c160       ?end@?$QMapPrivate@VQString@@VparamInfo@@@@QBE?AV?$QMapConstIterator@VQString@@VparamInfo@@@@XZ 10036160 f i bncs_instance_lookup.obj
 0002:0001c1c0       ?end@?$QValueList@VcomplexInstance@@@@QAE?AV?$QValueListIterator@VcomplexInstance@@@@XZ 100361c0 f i bncs_instance_lookup.obj
 0002:0001c230       ?end@?$QValueList@VcomplexParam@@@@QAE?AV?$QValueListIterator@VcomplexParam@@@@XZ 10036230 f i bncs_instance_lookup.obj
 0002:0001c2a0       ?end@?$QValueList@VcomplexType@@@@QAE?AV?$QValueListIterator@VcomplexType@@@@XZ 100362a0 f i bncs_instance_lookup.obj
 0002:0001c310       ?end@?$QValueList@VdeviceTypeInfo@@@@QAE?AV?$QValueListIterator@VdeviceTypeInfo@@@@XZ 10036310 f i bncs_instance_lookup.obj
 0002:0001c380       ?end@?$QValueList@VinstanceInfo@@@@QAE?AV?$QValueListIterator@VinstanceInfo@@@@XZ 10036380 f i bncs_instance_lookup.obj
 0002:0001c3f0       ?end@?$QValueList@VparamInfo@@@@QAE?AV?$QValueListIterator@VparamInfo@@@@XZ 100363f0 f i bncs_instance_lookup.obj
 0002:0001c460       ?equivalent@error_category@std@@UBE_NABVerror_code@2@H@Z 10036460 f i bncs_instance_lookup.obj
 0002:0001c500       ?equivalent@error_category@std@@UBE_NHABVerror_condition@2@@Z 10036500 f i bncs_instance_lookup.obj
 0002:0001c580       ?erase@?$QMap@VQString@@VcomplexInstance@@@@QAEXABVQString@@@Z 10036580 f i bncs_instance_lookup.obj
 0002:0001c670       ?erase@?$QMap@VQString@@VcomplexInstance@@@@QAEXV?$QMapIterator@VQString@@VcomplexInstance@@@@@Z 10036670 f i bncs_instance_lookup.obj
 0002:0001c6e0       ?erase@?$QMap@VQString@@VcomplexParam@@@@QAEXABVQString@@@Z 100366e0 f i bncs_instance_lookup.obj
 0002:0001c7d0       ?erase@?$QMap@VQString@@VcomplexParam@@@@QAEXV?$QMapIterator@VQString@@VcomplexParam@@@@@Z 100367d0 f i bncs_instance_lookup.obj
 0002:0001c840       ?erase@?$QMap@VQString@@VcomplexType@@@@QAEXABVQString@@@Z 10036840 f i bncs_instance_lookup.obj
 0002:0001c930       ?erase@?$QMap@VQString@@VcomplexType@@@@QAEXV?$QMapIterator@VQString@@VcomplexType@@@@@Z 10036930 f i bncs_instance_lookup.obj
 0002:0001c9a0       ?erase@?$QMap@VQString@@VdeviceTypeInfo@@@@QAEXABVQString@@@Z 100369a0 f i bncs_instance_lookup.obj
 0002:0001ca90       ?erase@?$QMap@VQString@@VdeviceTypeInfo@@@@QAEXV?$QMapIterator@VQString@@VdeviceTypeInfo@@@@@Z 10036a90 f i bncs_instance_lookup.obj
 0002:0001cb00       ?erase@?$QMap@VQString@@VinstanceInfo@@@@QAEXABVQString@@@Z 10036b00 f i bncs_instance_lookup.obj
 0002:0001cbf0       ?erase@?$QMap@VQString@@VinstanceInfo@@@@QAEXV?$QMapIterator@VQString@@VinstanceInfo@@@@@Z 10036bf0 f i bncs_instance_lookup.obj
 0002:0001cc60       ?erase@?$QMap@VQString@@VparamInfo@@@@QAEXABVQString@@@Z 10036c60 f i bncs_instance_lookup.obj
 0002:0001cd50       ?erase@?$QMap@VQString@@VparamInfo@@@@QAEXV?$QMapIterator@VQString@@VparamInfo@@@@@Z 10036d50 f i bncs_instance_lookup.obj
 0002:0001cdc0       ?erase@?$basic_string@DU?$char_traits@D@std@@V?$allocator@D@2@@std@@QAEAAV12@I@Z 10036dc0 f i bncs_instance_lookup.obj
 0002:0001ce40       ?erase@?$basic_string@DU?$char_traits@D@std@@V?$allocator@D@2@@std@@QAEAAV12@II@Z 10036e40 f i bncs_instance_lookup.obj
 0002:0001cf20       ?find@?$QMap@VQString@@VcomplexInstance@@@@QAE?AV?$QMapIterator@VQString@@VcomplexInstance@@@@ABVQString@@@Z 10036f20 f i bncs_instance_lookup.obj
 0002:0001cfa0       ?find@?$QMap@VQString@@VcomplexInstance@@@@QBE?AV?$QMapConstIterator@VQString@@VcomplexInstance@@@@ABVQString@@@Z 10036fa0 f i bncs_instance_lookup.obj
 0002:0001d010       ?find@?$QMap@VQString@@VcomplexParam@@@@QAE?AV?$QMapIterator@VQString@@VcomplexParam@@@@ABVQString@@@Z 10037010 f i bncs_instance_lookup.obj
 0002:0001d090       ?find@?$QMap@VQString@@VcomplexParam@@@@QBE?AV?$QMapConstIterator@VQString@@VcomplexParam@@@@ABVQString@@@Z 10037090 f i bncs_instance_lookup.obj
 0002:0001d100       ?find@?$QMap@VQString@@VcomplexType@@@@QAE?AV?$QMapIterator@VQString@@VcomplexType@@@@ABVQString@@@Z 10037100 f i bncs_instance_lookup.obj
 0002:0001d180       ?find@?$QMap@VQString@@VcomplexType@@@@QBE?AV?$QMapConstIterator@VQString@@VcomplexType@@@@ABVQString@@@Z 10037180 f i bncs_instance_lookup.obj
 0002:0001d1f0       ?find@?$QMap@VQString@@VdeviceTypeInfo@@@@QAE?AV?$QMapIterator@VQString@@VdeviceTypeInfo@@@@ABVQString@@@Z 100371f0 f i bncs_instance_lookup.obj
 0002:0001d270       ?find@?$QMap@VQString@@VdeviceTypeInfo@@@@QBE?AV?$QMapConstIterator@VQString@@VdeviceTypeInfo@@@@ABVQString@@@Z 10037270 f i bncs_instance_lookup.obj
 0002:0001d2e0       ?find@?$QMap@VQString@@VinstanceInfo@@@@QAE?AV?$QMapIterator@VQString@@VinstanceInfo@@@@ABVQString@@@Z 100372e0 f i bncs_instance_lookup.obj
 0002:0001d360       ?find@?$QMap@VQString@@VinstanceInfo@@@@QBE?AV?$QMapConstIterator@VQString@@VinstanceInfo@@@@ABVQString@@@Z 10037360 f i bncs_instance_lookup.obj
 0002:0001d3d0       ?find@?$QMap@VQString@@VparamInfo@@@@QAE?AV?$QMapIterator@VQString@@VparamInfo@@@@ABVQString@@@Z 100373d0 f i bncs_instance_lookup.obj
 0002:0001d450       ?find@?$QMap@VQString@@VparamInfo@@@@QBE?AV?$QMapConstIterator@VQString@@VparamInfo@@@@ABVQString@@@Z 10037450 f i bncs_instance_lookup.obj
 0002:0001d4c0       ?find@?$QMapPrivate@VQString@@VcomplexInstance@@@@QBE?AV?$QMapConstIterator@VQString@@VcomplexInstance@@@@ABVQString@@@Z 100374c0 f i bncs_instance_lookup.obj
 0002:0001d5f0       ?find@?$QMapPrivate@VQString@@VcomplexParam@@@@QBE?AV?$QMapConstIterator@VQString@@VcomplexParam@@@@ABVQString@@@Z 100375f0 f i bncs_instance_lookup.obj
 0002:0001d720       ?find@?$QMapPrivate@VQString@@VcomplexType@@@@QBE?AV?$QMapConstIterator@VQString@@VcomplexType@@@@ABVQString@@@Z 10037720 f i bncs_instance_lookup.obj
 0002:0001d850       ?find@?$QMapPrivate@VQString@@VdeviceTypeInfo@@@@QBE?AV?$QMapConstIterator@VQString@@VdeviceTypeInfo@@@@ABVQString@@@Z 10037850 f i bncs_instance_lookup.obj
 0002:0001d980       ?find@?$QMapPrivate@VQString@@VinstanceInfo@@@@QBE?AV?$QMapConstIterator@VQString@@VinstanceInfo@@@@ABVQString@@@Z 10037980 f i bncs_instance_lookup.obj
 0002:0001dab0       ?find@?$QMapPrivate@VQString@@VparamInfo@@@@QBE?AV?$QMapConstIterator@VQString@@VparamInfo@@@@ABVQString@@@Z 10037ab0 f i bncs_instance_lookup.obj
 0002:0001dbe0       ?generic_category@std@@YAABVerror_category@1@XZ 10037be0 f i bncs_instance_lookup.obj
 0002:0001dc20       ?inc@?$QMapConstIterator@VQString@@VcomplexInstance@@@@AAEHXZ 10037c20 f i bncs_instance_lookup.obj
 0002:0001dce0       ?inc@?$QMapConstIterator@VQString@@VcomplexParam@@@@AAEHXZ 10037ce0 f i bncs_instance_lookup.obj
 0002:0001dda0       ?inc@?$QMapConstIterator@VQString@@VcomplexType@@@@AAEHXZ 10037da0 f i bncs_instance_lookup.obj
 0002:0001de60       ?inc@?$QMapConstIterator@VQString@@VdeviceTypeInfo@@@@AAEHXZ 10037e60 f i bncs_instance_lookup.obj
 0002:0001df20       ?inc@?$QMapConstIterator@VQString@@VinstanceInfo@@@@AAEHXZ 10037f20 f i bncs_instance_lookup.obj
 0002:0001dfe0       ?inc@?$QMapConstIterator@VQString@@VparamInfo@@@@AAEHXZ 10037fe0 f i bncs_instance_lookup.obj
 0002:0001e0a0       ?inc@?$QMapIterator@VQString@@VinstanceInfo@@@@AAEHXZ 100380a0 f i bncs_instance_lookup.obj
 0002:0001e160       ?insert@?$QMap@VQString@@VcomplexInstance@@@@QAE?AU?$QPair@V?$QMapIterator@VQString@@VcomplexInstance@@@@_N@@ABU?$QPair@$$CBVQString@@VcomplexInstance@@@@@Z 10038160 f i bncs_instance_lookup.obj
 0002:0001e280       ?insert@?$QMap@VQString@@VcomplexInstance@@@@QAE?AV?$QMapIterator@VQString@@VcomplexInstance@@@@ABVQString@@ABVcomplexInstance@@_N@Z 10038280 f i bncs_instance_lookup.obj
 0002:0001e370       ?insert@?$QMap@VQString@@VcomplexParam@@@@QAE?AU?$QPair@V?$QMapIterator@VQString@@VcomplexParam@@@@_N@@ABU?$QPair@$$CBVQString@@VcomplexParam@@@@@Z 10038370 f i bncs_instance_lookup.obj
 0002:0001e490       ?insert@?$QMap@VQString@@VcomplexParam@@@@QAE?AV?$QMapIterator@VQString@@VcomplexParam@@@@ABVQString@@ABVcomplexParam@@_N@Z 10038490 f i bncs_instance_lookup.obj
 0002:0001e580       ?insert@?$QMap@VQString@@VcomplexType@@@@QAE?AU?$QPair@V?$QMapIterator@VQString@@VcomplexType@@@@_N@@ABU?$QPair@$$CBVQString@@VcomplexType@@@@@Z 10038580 f i bncs_instance_lookup.obj
 0002:0001e6a0       ?insert@?$QMap@VQString@@VcomplexType@@@@QAE?AV?$QMapIterator@VQString@@VcomplexType@@@@ABVQString@@ABVcomplexType@@_N@Z 100386a0 f i bncs_instance_lookup.obj
 0002:0001e790       ?insert@?$QMap@VQString@@VdeviceTypeInfo@@@@QAE?AU?$QPair@V?$QMapIterator@VQString@@VdeviceTypeInfo@@@@_N@@ABU?$QPair@$$CBVQString@@VdeviceTypeInfo@@@@@Z 10038790 f i bncs_instance_lookup.obj
 0002:0001e8b0       ?insert@?$QMap@VQString@@VdeviceTypeInfo@@@@QAE?AV?$QMapIterator@VQString@@VdeviceTypeInfo@@@@ABVQString@@ABVdeviceTypeInfo@@_N@Z 100388b0 f i bncs_instance_lookup.obj
 0002:0001e9a0       ?insert@?$QMap@VQString@@VinstanceInfo@@@@QAE?AU?$QPair@V?$QMapIterator@VQString@@VinstanceInfo@@@@_N@@ABU?$QPair@$$CBVQString@@VinstanceInfo@@@@@Z 100389a0 f i bncs_instance_lookup.obj
 0002:0001eac0       ?insert@?$QMap@VQString@@VinstanceInfo@@@@QAE?AV?$QMapIterator@VQString@@VinstanceInfo@@@@ABVQString@@ABVinstanceInfo@@_N@Z 10038ac0 f i bncs_instance_lookup.obj
 0002:0001ebb0       ?insert@?$QMap@VQString@@VparamInfo@@@@QAE?AU?$QPair@V?$QMapIterator@VQString@@VparamInfo@@@@_N@@ABU?$QPair@$$CBVQString@@VparamInfo@@@@@Z 10038bb0 f i bncs_instance_lookup.obj
 0002:0001ecd0       ?insert@?$QMap@VQString@@VparamInfo@@@@QAE?AV?$QMapIterator@VQString@@VparamInfo@@@@ABVQString@@ABVparamInfo@@_N@Z 10038cd0 f i bncs_instance_lookup.obj
 0002:0001edc0       ?insert@?$QMapPrivate@VQString@@VcomplexInstance@@@@QAE?AV?$QMapIterator@VQString@@VcomplexInstance@@@@PAUQMapNodeBase@@0ABVQString@@@Z 10038dc0 f i bncs_instance_lookup.obj
 0002:0001eff0       ?insert@?$QMapPrivate@VQString@@VcomplexParam@@@@QAE?AV?$QMapIterator@VQString@@VcomplexParam@@@@PAUQMapNodeBase@@0ABVQString@@@Z 10038ff0 f i bncs_instance_lookup.obj
 0002:0001f220       ?insert@?$QMapPrivate@VQString@@VcomplexType@@@@QAE?AV?$QMapIterator@VQString@@VcomplexType@@@@PAUQMapNodeBase@@0ABVQString@@@Z 10039220 f i bncs_instance_lookup.obj
 0002:0001f450       ?insert@?$QMapPrivate@VQString@@VdeviceTypeInfo@@@@QAE?AV?$QMapIterator@VQString@@VdeviceTypeInfo@@@@PAUQMapNodeBase@@0ABVQString@@@Z 10039450 f i bncs_instance_lookup.obj
 0002:0001f680       ?insert@?$QMapPrivate@VQString@@VinstanceInfo@@@@QAE?AV?$QMapIterator@VQString@@VinstanceInfo@@@@PAUQMapNodeBase@@0ABVQString@@@Z 10039680 f i bncs_instance_lookup.obj
 0002:0001f8b0       ?insert@?$QMapPrivate@VQString@@VparamInfo@@@@QAE?AV?$QMapIterator@VQString@@VparamInfo@@@@PAUQMapNodeBase@@0ABVQString@@@Z 100398b0 f i bncs_instance_lookup.obj
 0002:0001fae0       ?insert@?$QValueListPrivate@VcomplexInstance@@@@QAE?AV?$QValueListIterator@VcomplexInstance@@@@V2@ABVcomplexInstance@@@Z 10039ae0 f i bncs_instance_lookup.obj
 0002:0001fc30       ?insert@?$QValueListPrivate@VcomplexParam@@@@QAE?AV?$QValueListIterator@VcomplexParam@@@@V2@ABVcomplexParam@@@Z 10039c30 f i bncs_instance_lookup.obj
 0002:0001fd80       ?insert@?$QValueListPrivate@VcomplexType@@@@QAE?AV?$QValueListIterator@VcomplexType@@@@V2@ABVcomplexType@@@Z 10039d80 f i bncs_instance_lookup.obj
 0002:0001fed0       ?insert@?$QValueListPrivate@VdeviceTypeInfo@@@@QAE?AV?$QValueListIterator@VdeviceTypeInfo@@@@V2@ABVdeviceTypeInfo@@@Z 10039ed0 f i bncs_instance_lookup.obj
[...]
      211    ?find@?$QMap@VQString@@Vstyleentry@@@@QAE?AV?$QMapIterator@VQString@@Vstyleentry@@@@ABVQString@@@Z (public: class QMapIterator<class QString,class styleentry> __thiscall QMap<class QString,class styleentry>::find(class QString const &))
      212    ?find@?$QMap@VQString@@Vstyleentry@@@@QBE?AV?$QMapConstIterator@VQString@@Vstyleentry@@@@ABVQString@@@Z (public: class QMapConstIterator<class QString,class styleentry> __thiscall QMap<class QString,class styleentry>::find(class QString const &)const )
      213    ?get@bncs_stylesheet@@QAEXAAVQString@@PAVQWidget@@@Z (public: void __thiscall bncs_stylesheet::get(class QString &,class QWidget *))
      214    ?getInstanceInfo@bncs_instance_lookup@@SA_NABVQString@@PAPAVinstanceInfo@@@Z (public: static bool __cdecl bncs_instance_lookup::getInstanceInfo(class QString const &,class instanceInfo * *))
      215    ?getStyle@bncs_stylesheet@@SAXAAVQString@@PAVQWidget@@@Z (public: static void __cdecl bncs_stylesheet::getStyle(class QString &,class QWidget *))
      216    ?getStyleEntry@bncs_stylesheet@@QAEPAVstyleentry@@VQString@@@Z (public: class styleentry * __thiscall bncs_stylesheet::getStyleEntry(class QString))
      217    ?insert@?$QMap@VQString@@VcomplexInstance@@@@QAE?AU?$QPair@V?$QMapIterator@VQString@@VcomplexInstance@@@@_N@@ABU?$QPair@$$CBVQString@@VcomplexInstance@@@@@Z (public: struct QPair<class QMapIterator<class QString,class complexInstance>,bool> __thiscall QMap<class QString,class complexInstance>::insert(struct QPair<class QString const ,class complexInstance> const &))
      218    ?insert@?$QMap@VQString@@VcomplexInstance@@@@QAE?AV?$QMapIterator@VQString@@VcomplexInstance@@@@ABVQString@@ABVcomplexInstance@@_N@Z (public: class QMapIterator<class QString,class complexInstance> __thiscall QMap<class QString,class complexInstance>::insert(class QString const &,class complexInstance const &,bool))
      219    ?insert@?$QMap@VQString@@VcomplexParam@@@@QAE?AU?$QPair@V?$QMapIterator@VQString@@VcomplexParam@@@@_N@@ABU?$QPair@$$CBVQString@@VcomplexParam@@@@@Z (public: struct QPair<class QMapIterator<class QString,class complexParam>,bool> __thiscall QMap<class QString,class complexParam>::insert(struct QPair<class QString const ,class complexParam> const &))
      220    ?insert@?$QMap@VQString@@VcomplexParam@@@@QAE?AV?$QMapIterator@VQString@@VcomplexParam@@@@ABVQString@@ABVcomplexParam@@_N@Z (public: class QMapIterator<class QString,class complexParam> __thiscall QMap<class QString,class complexParam>::insert(class QString const &,class complexParam const &,bool))
      221    ?insert@?$QMap@VQString@@VcomplexType@@@@QAE?AU?$QPair@V?$QMapIterator@VQString@@VcomplexType@@@@_N@@ABU?$QPair@$$CBVQString@@VcomplexType@@@@@Z (public: struct QPair<class QMapIterator<class QString,class complexType>,bool> __thiscall QMap<class QString,class complexType>::insert(struct QPair<class QString const ,class complexType> const &))
      222    ?insert@?$QMap@VQString@@VcomplexType@@@@QAE?AV?$QMapIterator@VQString@@VcomplexType@@@@ABVQString@@ABVcomplexType@@_N@Z (public: class QMapIterator<class QString,class complexType> __thiscall QMap<class QString,class complexType>::insert(class QString const &,class complexType const &,bool))
      223    ?insert@?$QMap@VQString@@VdeviceTypeInfo@@@@QAE?AU?$QPair@V?$QMapIterator@VQString@@VdeviceTypeInfo@@@@_N@@ABU?$QPair@$$CBVQString@@VdeviceTypeInfo@@@@@Z (public: struct QPair<class QMapIterator<class QString,class deviceTypeInfo>,bool> __thiscall QMap<class QString,class deviceTypeInfo>::insert(struct QPair<class QString const ,class deviceTypeInfo> const &))
      224    ?insert@?$QMap@VQString@@VdeviceTypeInfo@@@@QAE?AV?$QMapIterator@VQString@@VdeviceTypeInfo@@@@ABVQString@@ABVdeviceTypeInfo@@_N@Z (public: class QMapIterator<class QString,class deviceTypeInfo> __thiscall QMap<class QString,class deviceTypeInfo>::insert(class QString const &,class deviceTypeInfo const &,bool))
      225    ?insert@?$QMap@VQString@@VinstanceInfo@@@@QAE?AU?$QPair@V?$QMapIterator@VQString@@VinstanceInfo@@@@_N@@ABU?$QPair@$$CBVQString@@VinstanceInfo@@@@@Z (public: struct QPair<class QMapIterator<class QString,class instanceInfo>,bool> __thiscall QMap<class QString,class instanceInfo>::insert(struct QPair<class QString const ,class instanceInfo> const &))
      226    ?insert@?$QMap@VQString@@VinstanceInfo@@@@QAE?AV?$QMapIterator@VQString@@VinstanceInfo@@@@ABVQString@@ABVinstanceInfo@@_N@Z (public: class QMapIterator<class QString,class instanceInfo> __thiscall QMap<class QString,class instanceInfo>::insert(class QString const &,class instanceInfo const &,bool))
      227    ?insert@?$QMap@VQString@@VparamInfo@@@@QAE?AU?$QPair@V?$QMapIterator@VQString@@VparamInfo@@@@_N@@ABU?$QPair@$$CBVQString@@VparamInfo@@@@@Z (public: struct QPair<class QMapIterator<class QString,class paramInfo>,bool> __thiscall QMap<class QString,class paramInfo>::insert(struct QPair<class QString const ,class paramInfo> const &))
      228    ?insert@?$QMap@VQString@@VparamInfo@@@@QAE?AV?$QMapIterator@VQString@@VparamInfo@@@@ABVQString@@ABVparamInfo@@_N@Z (public: class QMapIterator<class QString,class paramInfo> __thiscall QMap<class QString,class paramInfo>::insert(class QString const &,class paramInfo const &,bool))
      229    ?insert@?$QMap@VQString@@Vstyleentry@@@@QAE?AU?$QPair@V?$QMapIterator@VQString@@Vstyleentry@@@@_N@@ABU?$QPair@$$CBVQString@@Vstyleentry@@@@@Z (public: struct QPair<class QMapIterator<class QString,class styleentry>,bool> __thiscall QMap<class QString,class styleentry>::insert(struct QPair<class QString const ,class styleentry> const &))
      230    ?insert@?$QMap@VQString@@Vstyleentry@@@@QAE?AV?$QMapIterator@VQString@@Vstyleentry@@@@ABVQString@@ABVstyleentry@@_N@Z (public: class QMapIterator<class QString,class styleentry> __thiscall QMap<class QString,class styleentry>::insert(class QString const &,class styleentry const &,bool))
      231    ?instances@bncs_instance_lookup@@2V?$QMap@VQString@@VinstanceInfo@@@@A (public: static class QMap<class QString,class instanceInfo> bncs_instance_lookup::instances)
      232    ?isEmpty@?$QMap@VQString@@VcomplexInstance@@@@QBE_NXZ (public: bool __thiscall QMap<class QString,class complexInstance>::isEmpty(void)const )
      233    ?isEmpty@?$QMap@VQString@@VcomplexParam@@@@QBE_NXZ (public: bool __thiscall QMap<class QString,class complexParam>::isEmpty(void)const )
      234    ?isEmpty@?$QMap@VQString@@VcomplexType@@@@QBE_NXZ (public: bool __thiscall QMap<class QString,class complexType>::isEmpty(void)const )
      235    ?isEmpty@?$QMap@VQString@@VdeviceTypeInfo@@@@QBE_NXZ (public: bool __thiscall QMap<class QString,class deviceTypeInfo>::isEmpty(void)const )
      236    ?isEmpty@?$QMap@VQString@@VinstanceInfo@@@@QBE_NXZ (public: bool __thiscall QMap<class QString,class instanceInfo>::isEmpty(void)const )
      237    ?isEmpty@?$QMap@VQString@@VparamInfo@@@@QBE_NXZ (public: bool __thiscall QMap<class QString,class paramInfo>::isEmpty(void)const )
      238    ?isEmpty@?$QMap@VQString@@Vstyleentry@@@@QBE_NXZ (public: bool __thiscall QMap<class QString,class styleentry>::isEmpty(void)const )
      239    ?keys@?$QMap@VQString@@VcomplexInstance@@@@QBE?AV?$QValueList@VQString@@@@XZ (public: class QValueList<class QString> __thiscall QMap<class QString,class complexInstance>::keys(void)const )
      240    ?keys@?$QMap@VQString@@VcomplexParam@@@@QBE?AV?$QValueList@VQString@@@@XZ (public: class QValueList<class QString> __thiscall QMap<class QString,class complexParam>::keys(void)const )
      241    ?keys@?$QMap@VQString@@VcomplexType@@@@QBE?AV?$QValueList@VQString@@@@XZ (public: class QValueList<class QString> __thiscall QMap<class QString,class complexType>::keys(void)const )
      242    ?keys@?$QMap@VQString@@VdeviceTypeInfo@@@@QBE?AV?$QValueList@VQString@@@@XZ (public: class QValueList<class QString> __thiscall QMap<class QString,class deviceTypeInfo>::keys(void)const )
      243    ?keys@?$QMap@VQString@@VinstanceInfo@@@@QBE?AV?$QValueList@VQString@@@@XZ (public: class QValueList<class QString> __thiscall QMap<class QString,class instanceInfo>::keys(void)const )
      244    ?keys@?$QMap@VQString@@VparamInfo@@@@QBE?AV?$QValueList@VQString@@@@XZ (public: class QValueList<class QString> __thiscall QMap<class QString,class paramInfo>::keys(void)const )
      245    ?keys@?$QMap@VQString@@Vstyleentry@@@@QBE?AV?$QValueList@VQString@@@@XZ (public: class QValueList<class QString> __thiscall QMap<class QString,class styleentry>::keys(void)const )
      246    ?load@bncs_stylesheet@@SA_NXZ (public: static bool __cdecl bncs_stylesheet::load(void))
      247    ?loadComplexType@bncs_instance_lookup@@SA_NABVQString@@AAVcomplexType@@@Z (public: static bool __cdecl bncs_instance_lookup::loadComplexType(class QString const &,class complexType &))
      248    ?loadComplexTypes@bncs_instance_lookup@@SA_NXZ (public: static bool __cdecl bncs_instance_lookup::loadComplexTypes(void))
      249    ?loadDeviceParams@bncs_instance_lookup@@SA_NABVQString@@AAVdeviceTypeInfo@@@Z (public: static bool __cdecl bncs_instance_lookup::loadDeviceParams(class QString const &,class deviceTypeInfo &))
      250    ?loadDeviceTypes@bncs_instance_lookup@@SA_NXZ (public: static bool __cdecl bncs_instance_lookup::loadDeviceTypes(void))
      251    ?loadInstances@bncs_instance_lookup@@SA_NXZ (public: static bool __cdecl bncs_instance_lookup::loadInstances(void))
      252    ?lookup@bncs_instance_lookup@@SA_NABVQString@@0AAV2@PAH22PAD@Z (public: static bool __cdecl bncs_instance_lookup::lookup(class QString const &,class QString const &,class QString &,int *,int *,int *,char *))
      253    ?lookup@bncs_instance_lookup@@SA_NABVQString@@AAV2@111AA_N@Z (public: static bool __cdecl bncs_instance_lookup::lookup(class QString const &,class QString &,class QString &,class QString &,class QString &,bool &))
      254    ?lookup@bncs_instance_lookup@@SA_NABVQString@@AAV2@PAH2PAD@Z (public: static bool __cdecl bncs_instance_lookup::lookup(class QString const &,class QString &,int *,int *,char *))
      255    ?lookupComplex@bncs_instance_lookup@@SA_NABVQString@@00AAV2@PAH22PAD@Z (public: static bool __cdecl bncs_instance_lookup::lookupComplex(class QString const &,class QString const &,class QString const &,class QString &,int *,int *,int *,char *))
      256    ?lookupComposite@bncs_instance_lookup@@SA_NABVQString@@0AAV2@@Z (public: static bool __cdecl bncs_instance_lookup::lookupComposite(class QString const &,class QString const &,class QString &))
      257    ?lookupComposite@bncs_instance_lookup@@SA_NABVQString@@AA_NAAV?$QMap@VQString@@V1@@@@Z (public: static bool __cdecl bncs_instance_lookup::lookupComposite(class QString const &,bool &,class QMap<class QString,class QString> &))
      258    ?lookupInstanceOfType@bncs_instance_lookup@@SA_NABVQString@@AAVQStringList@@@Z (public: static bool __cdecl bncs_instance_lookup::lookupInstanceOfType(class QString const &,class QStringList &))
      259    ?lookupType@bncs_instance_lookup@@SA_NABVQString@@AAV2@@Z (public: static bool __cdecl bncs_instance_lookup::lookupType(class QString const &,class QString &))
      260    ?m_sFilename@bncs_stylesheet@@0VQString@@A (private: static class QString bncs_stylesheet::m_sFilename)
      261    ?m_sLastModified@bncs_stylesheet@@0VQDateTime@@A (private: static class QDateTime bncs_stylesheet::m_sLastModified)
      262    ?reLoad@bncs_stylesheet@@SA_NXZ (public: static bool __cdecl bncs_stylesheet::reLoad(void))
      263    ?remove@?$QMap@VQString@@VcomplexInstance@@@@QAEXABVQString@@@Z (public: void __thiscall QMap<class QString,class complexInstance>::remove(class QString const &))
      264    ?remove@?$QMap@VQString@@VcomplexInstance@@@@QAEXV?$QMapIterator@VQString@@VcomplexInstance@@@@@Z (public: void __thiscall QMap<class QString,class complexInstance>::remove(class QMapIterator<class QString,class complexInstance>))
      265    ?remove@?$QMap@VQString@@VcomplexParam@@@@QAEXABVQString@@@Z (public: void __thiscall QMap<class QString,class complexParam>::remove(class QString const &))
      266    ?remove@?$QMap@VQString@@VcomplexParam@@@@QAEXV?$QMapIterator@VQString@@VcomplexParam@@@@@Z (public: void __thiscall QMap<class QString,class complexParam>::remove(class QMapIterator<class QString,class complexParam>))
      267    ?remove@?$QMap@VQString@@VcomplexType@@@@QAEXABVQString@@@Z (public: void __thiscall QMap<class QString,class complexType>::remove(class QString const &))
      268    ?remove@?$QMap@VQString@@VcomplexType@@@@QAEXV?$QMapIterator@VQString@@VcomplexType@@@@@Z (public: void __thiscall QMap<class QString,class complexType>::remove(class QMapIterator<class QString,class complexType>))
      269    ?remove@?$QMap@VQString@@VdeviceTypeInfo@@@@QAEXABVQString@@@Z (public: void __thiscall QMap<class QString,class deviceTypeInfo>::remove(class QString const &))
      270    ?remove@?$QMap@VQString@@VdeviceTypeInfo@@@@QAEXV?$QMapIterator@VQString@@VdeviceTypeInfo@@@@@Z (public: void __thiscall QMap<class QString,class deviceTypeInfo>::remove(class QMapIterator<class QString,class deviceTypeInfo>))
      271    ?remove@?$QMap@VQString@@VinstanceInfo@@@@QAEXABVQString@@@Z (public: void __thiscall QMap<class QString,class instanceInfo>::remove(class QString const &))
      272    ?remove@?$QMap@VQString@@VinstanceInfo@@@@QAEXV?$QMapIterator@VQString@@VinstanceInfo@@@@@Z (public: void __thiscall QMap<class QString,class instanceInfo>::remove(class QMapIterator<class QString,class instanceInfo>))
      273    ?remove@?$QMap@VQString@@VparamInfo@@@@QAEXABVQString@@@Z (public: void __thiscall QMap<class QString,class paramInfo>::remove(class QString const &))
      274    ?remove@?$QMap@VQString@@VparamInfo@@@@QAEXV?$QMapIterator@VQString@@VparamInfo@@@@@Z (public: void __thiscall QMap<class QString,class paramInfo>::remove(class QMapIterator<class QString,class paramInfo>))
      275    ?remove@?$QMap@VQString@@Vstyleentry@@@@QAEXABVQString@@@Z (public: void __thiscall QMap<class QString,class styleentry>::remove(class QString const &))
      276    ?remove@?$QMap@VQString@@Vstyleentry@@@@QAEXV?$QMapIterator@VQString@@Vstyleentry@@@@@Z (public: void __thiscall QMap<class QString,class styleentry>::remove(class QMapIterator<class QString,class styleentry>))
      277    ?replace@?$QMap@VQString@@VcomplexInstance@@@@QAE?AV?$QMapIterator@VQString@@VcomplexInstance@@@@ABVQString@@ABVcomplexInstance@@@Z (public: class QMapIterator<class QString,class complexInstance> __thiscall QMap<class QString,class complexInstance>::replace(class QString const &,class complexInstance const &))
      278    ?replace@?$QMap@VQString@@VcomplexParam@@@@QAE?AV?$QMapIterator@VQString@@VcomplexParam@@@@ABVQString@@ABVcomplexParam@@@Z (public: class QMapIterator<class QString,class complexParam> __thiscall QMap<class QString,class complexParam>::replace(class QString const &,class complexParam const &))
      279    ?replace@?$QMap@VQString@@VcomplexType@@@@QAE?AV?$QMapIterator@VQString@@VcomplexType@@@@ABVQString@@ABVcomplexType@@@Z (public: class QMapIterator<class QString,class complexType> __thiscall QMap<class QString,class complexType>::replace(class QString const &,class complexType const &))
      280    ?replace@?$QMap@VQString@@VdeviceTypeInfo@@@@QAE?AV?$QMapIterator@VQString@@VdeviceTypeInfo@@@@ABVQString@@ABVdeviceTypeInfo@@@Z (public: class QMapIterator<class QString,class deviceTypeInfo> __thiscall QMap<class QString,class deviceTypeInfo>::replace(class QString const &,class deviceTypeInfo const &))
      281    ?replace@?$QMap@VQString@@VinstanceInfo@@@@QAE?AV?$QMapIterator@VQString@@VinstanceInfo@@@@ABVQString@@ABVinstanceInfo@@@Z (public: class QMapIterator<class QString,class instanceInfo> __thiscall QMap<class QString,class instanceInfo>::replace(class QString const &,class instanceInfo const &))
      282    ?replace@?$QMap@VQString@@VparamInfo@@@@QAE?AV?$QMapIterator@VQString@@VparamInfo@@@@ABVQString@@ABVparamInfo@@@Z (public: class QMapIterator<class QString,class paramInfo> __thiscall QMap<class QString,class paramInfo>::replace(class QString const &,class paramInfo const &))
      283    ?replace@?$QMap@VQString@@Vstyleentry@@@@QAE?AV?$QMapIterator@VQString@@Vstyleentry@@@@ABVQString@@ABVstyleentry@@@Z (public: class QMapIterator<class QString,class styleentry> __thiscall QMap<class QString,class styleentry>::replace(class QString const &,class styleentry const &))
      284    ?save@bncs_stylesheet@@QAE_NXZ (public: bool __thiscall bncs_stylesheet::save(void))
      285    ?set@bncs_stylesheet@@QAEXAAVQString@@AAVstyleentry@@@Z (public: void __thiscall bncs_stylesheet::set(class QString &,class styleentry &))
      286    ?settingslist@bncs_stylesheet@@QAE?BVQStringList@@AAVQString@@@Z (public: class QStringList const __thiscall bncs_stylesheet::settingslist(class QString &))
      287    ?size@?$QMap@VQString@@VcomplexInstance@@@@QBEIXZ (public: unsigned int __thiscall QMap<class QString,class complexInstance>::size(void)const )
      288    ?size@?$QMap@VQString@@VcomplexParam@@@@QBEIXZ (public: unsigned int __thiscall QMap<class QString,class complexParam>::size(void)const )
      289    ?size@?$QMap@VQString@@VcomplexType@@@@QBEIXZ (public: unsigned int __thiscall QMap<class QString,class complexType>::size(void)const )
      290    ?size@?$QMap@VQString@@VdeviceTypeInfo@@@@QBEIXZ (public: unsigned int __thiscall QMap<class QString,class deviceTypeInfo>::size(void)const )
      291    ?size@?$QMap@VQString@@VinstanceInfo@@@@QBEIXZ (public: unsigned int __thiscall QMap<class QString,class instanceInfo>::size(void)const )
      292    ?size@?$QMap@VQString@@VparamInfo@@@@QBEIXZ (public: unsigned int __thiscall QMap<class QString,class paramInfo>::size(void)const )
      293    ?size@?$QMap@VQString@@Vstyleentry@@@@QBEIXZ (public: unsigned int __thiscall QMap<class QString,class styleentry>::size(void)const )
      294    ?styleExist@bncs_stylesheet@@QAE_NVQString@@@Z (public: bool __thiscall bncs_stylesheet::styleExist(class QString))
      295    ?stylelist@bncs_stylesheet@@QAE?BV?$QMap@VQString@@Vstyleentry@@@@XZ (public: class QMap<class QString,class styleentry> const __thiscall bncs_stylesheet::stylelist(void))
      296    ?styles@bncs_stylesheet@@0V?$QMap@VQString@@Vstyleentry@@@@A (private: static class QMap<class QString,class styleentry> bncs_stylesheet::styles)
      297    ?values@?$QMap@VQString@@VcomplexInstance@@@@QBE?AV?$QValueList@VcomplexInstance@@@@XZ (public: class QValueList<class complexInstance> __thiscall QMap<class QString,class complexInstance>::values(void)const )
      298    ?values@?$QMap@VQString@@VcomplexParam@@@@QBE?AV?$QValueList@VcomplexParam@@@@XZ (public: class QValueList<class complexParam> __thiscall QMap<class QString,class complexParam>::values(void)const )
      299    ?values@?$QMap@VQString@@VcomplexType@@@@QBE?AV?$QValueList@VcomplexType@@@@XZ (public: class QValueList<class complexType> __thiscall QMap<class QString,class complexType>::values(void)const )
      300    ?values@?$QMap@VQString@@VdeviceTypeInfo@@@@QBE?AV?$QValueList@VdeviceTypeInfo@@@@XZ (public: class QValueList<class deviceTypeInfo> __thiscall QMap<class QString,class deviceTypeInfo>::values(void)const )
      301    ?values@?$QMap@VQString@@VinstanceInfo@@@@QBE?AV?$QValueList@VinstanceInfo@@@@XZ (public: class QValueList<class instanceInfo> __thiscall QMap<class QString,class instanceInfo>::values(void)const )
      302    ?values@?$QMap@VQString@@VparamInfo@@@@QBE?AV?$QValueList@VparamInfo@@@@XZ (public: class QValueList<class paramInfo> __thiscall QMap<class QString,class paramInfo>::values(void)const )
      303    ?values@?$QMap@VQString@@Vstyleentry@@@@QBE?AV?$QValueList@Vstyleentry@@@@XZ (public: class QValueList<class styleentry> __thiscall QMap<class QString,class styleentry>::values(void)const )
