 bncs_shim_loader

 Timestamp is 5e9db7e5 (Mon Apr 20 15:55:33 2020)

 Preferred load address is 10000000

 Start         Length     Name                   Class
 0001:00000000 0000003fH .text$di                CODE
 0001:00000040 00007e2aH .text$mn                CODE
 0001:00007e6a 00000632H .text$x                 CODE
 0001:0000849c 0000002bH .text$yd                CODE
 0002:00000000 00000164H .idata$5                DATA
 0002:00000164 00000004H .CRT$XCA                DATA
 0002:00000168 00000010H .CRT$XCU                DATA
 0002:00000178 00000004H .CRT$XCZ                DATA
 0002:0000017c 00000004H .CRT$XIA                DATA
 0002:00000180 00000004H .CRT$XIAA               DATA
 0002:00000184 00000004H .CRT$XIC                DATA
 0002:00000188 00000004H .CRT$XIZ                DATA
 0002:00000190 000009e0H .rdata                  DATA
 0002:00000b70 00000478H .rdata$r                DATA
 0002:00000fe8 00000004H .rtc$IAA                DATA
 0002:00000fec 00000004H .rtc$IZZ                DATA
 0002:00000ff0 00000004H .rtc$TAA                DATA
 0002:00000ff4 00000004H .rtc$TZZ                DATA
 0002:00000ff8 00000974H .xdata$x                DATA
 0002:00001970 00001c50H .edata                  DATA
 0002:000035c0 00000064H .idata$2                DATA
 0002:00003624 00000014H .idata$3                DATA
 0002:00003638 00000164H .idata$4                DATA
 0002:0000379c 000005c4H .idata$6                DATA
 0003:00000000 00000224H .data                   DATA
 0003:00000224 000001c4H .data$r                 DATA
 0003:000003e8 000005b4H .bss                    DATA
 0004:00000000 000000a0H .rsrc$01                DATA
 0004:000000a0 00000590H .rsrc$02                DATA

  Address         Publics by Value              Rva+Base       Lib:Object

 0000:00000000       __except_list              00000000     <absolute>
 0000:00000000       ___safe_se_handler_count   00000000     <absolute>
 0000:00000000       ___guard_flags             00000000     <absolute>
 0000:00000000       ___guard_fids_table        00000000     <absolute>
 0000:00000000       ___safe_se_handler_table   00000000     <absolute>
 0000:00000000       ___guard_fids_count        00000000     <absolute>
 0000:00009876       __ldused                   00009876     <absolute>
 0000:00009876       __fltused                  00009876     <absolute>
 0000:00000000       ___ImageBase               10000000     <linker-defined>
 0001:00000040       ??$_Allocate@D@std@@YAPADIPAD@Z 10001040 f i bncs_shim.obj
 0001:00000068       ??$_Allocate@PAV?$basic_string@DU?$char_traits@D@std@@V?$allocator@D@2@@std@@@std@@YAPAPAV?$basic_string@DU?$char_traits@D@std@@V?$allocator@D@2@@0@IPAPAV10@@Z 10001068 f i bncs_shim.obj
 0001:00000095       ??$_Allocate@U?$_Tree_node@HPAX@std@@@std@@YAPAU?$_Tree_node@HPAX@0@IPAU10@@Z 10001095 f i bncs_shim.obj
 0001:00000095       ??$_Allocate@U?$_Tree_node@PAVIccClientCallback@@PAX@std@@@std@@YAPAU?$_Tree_node@PAVIccClientCallback@@PAX@0@IPAU10@@Z 10001095 f i bncs_shim.obj
 0001:000000c2       ??$_Allocate@U?$_Tree_node@U?$pair@$$CBJPAVpollStruct@@@std@@PAX@std@@@std@@YAPAU?$_Tree_node@U?$pair@$$CBJPAVpollStruct@@@std@@PAX@0@IPAU10@@Z 100010c2 f i bncs_shim.obj
 0001:000000c2       ??$_Allocate@V?$basic_string@DU?$char_traits@D@std@@V?$allocator@D@2@@std@@@std@@YAPAV?$basic_string@DU?$char_traits@D@std@@V?$allocator@D@2@@0@IPAV10@@Z 100010c2 f i bncs_shim.obj
 0001:000000c2       ??$_Allocate@U?$_Tree_node@U?$pair@$$CBHPAVregStruct@@@std@@PAX@std@@@std@@YAPAU?$_Tree_node@U?$pair@$$CBHPAVregStruct@@@std@@PAX@0@IPAU10@@Z 100010c2 f i bncs_shim.obj
 0001:000000ef       ??$_Allocate@U_Container_proxy@std@@@std@@YAPAU_Container_proxy@0@IPAU10@@Z 100010ef f i bncs_shim.obj
 0001:0000011c       ??$_Buynode@H@?$_Tree_buy@HV?$allocator@H@std@@@std@@QAEPAU?$_Tree_node@HPAX@1@$$QAH@Z 1000111c f i bncs_shim.obj
 0001:0000011c       ??$_Buynode@ABQAVIccClientCallback@@@?$_Tree_buy@PAVIccClientCallback@@V?$allocator@PAVIccClientCallback@@@std@@@std@@QAEPAU?$_Tree_node@PAVIccClientCallback@@PAX@1@ABQAVIccClientCallback@@@Z 1000111c f i bncs_shim.obj
 0001:0000013c       ??$_Buynode@AAU?$pair@$$CBJPAVpollStruct@@@std@@@?$_Tree_buy@U?$pair@$$CBJPAVpollStruct@@@std@@V?$allocator@U?$pair@$$CBJPAVpollStruct@@@std@@@2@@std@@QAEPAU?$_Tree_node@U?$pair@$$CBJPAVpollStruct@@@std@@PAX@1@AAU?$pair@$$CBJPAVpollStruct@@@1@@Z 1000113c f i bncs_shim.obj
 0001:0000013c       ??$_Buynode@AAU?$pair@$$CBHPAVregStruct@@@std@@@?$_Tree_buy@U?$pair@$$CBHPAVregStruct@@@std@@V?$allocator@U?$pair@$$CBHPAVregStruct@@@std@@@2@@std@@QAEPAU?$_Tree_node@U?$pair@$$CBHPAVregStruct@@@std@@PAX@1@AAU?$pair@$$CBHPAVregStruct@@@1@@Z 1000113c f i bncs_shim.obj
 0001:0000013c       ??$_Buynode@U?$pair@JPAVpollStruct@@@std@@@?$_Tree_buy@U?$pair@$$CBJPAVpollStruct@@@std@@V?$allocator@U?$pair@$$CBJPAVpollStruct@@@std@@@2@@std@@QAEPAU?$_Tree_node@U?$pair@$$CBJPAVpollStruct@@@std@@PAX@1@$$QAU?$pair@JPAVpollStruct@@@1@@Z 1000113c f i bncs_shim.obj
 0001:0000013c       ??$_Buynode@U?$pair@HPAVregStruct@@@std@@@?$_Tree_buy@U?$pair@$$CBHPAVregStruct@@@std@@V?$allocator@U?$pair@$$CBHPAVregStruct@@@std@@@2@@std@@QAEPAU?$_Tree_node@U?$pair@$$CBHPAVregStruct@@@std@@PAX@1@$$QAU?$pair@HPAVregStruct@@@1@@Z 1000113c f i bncs_shim.obj
 0001:00000168       ??$_Construct@V?$_Deque_const_iterator@V?$_Deque_val@U?$_Deque_simple_types@V?$basic_string@DU?$char_traits@D@std@@V?$allocator@D@2@@std@@@std@@@std@@@std@@@?$deque@V?$basic_string@DU?$char_traits@D@std@@V?$allocator@D@2@@std@@V?$allocator@V?$basic_string@DU?$char_traits@D@std@@V?$allocator@D@2@@std@@@2@@std@@QAEXV?$_Deque_const_iterator@V?$_Deque_val@U?$_Deque_simple_types@V?$basic_string@DU?$char_traits@D@std@@V?$allocator@D@2@@std@@@std@@@std@@@1@0@Z 10001168 f i bncs_shim.obj
 0001:000001c7       ??$_Copy@U?$integral_constant@_N$0A@@std@@@?$_Tree@V?$_Tmap_traits@HPAVregStruct@@U?$less@H@std@@V?$allocator@U?$pair@$$CBHPAVregStruct@@@std@@@3@$00@std@@@std@@IAEXABV01@U?$integral_constant@_N$0A@@1@@Z 100011c7 f i bncs_shim.obj
 0001:000001c7       ??$_Copy@U?$integral_constant@_N$0A@@std@@@?$_Tree@V?$_Tmap_traits@JPAVpollStruct@@U?$less@J@std@@V?$allocator@U?$pair@$$CBJPAVpollStruct@@@std@@@3@$0A@@std@@@std@@IAEXABV01@U?$integral_constant@_N$0A@@1@@Z 100011c7 f i bncs_shim.obj
 0001:00000227       ??$_Copy_impl@V?$_Deque_unchecked_const_iterator@V?$_Deque_val@U?$_Deque_simple_types@V?$basic_string@DU?$char_traits@D@std@@V?$allocator@D@2@@std@@@std@@@std@@@std@@V?$_Deque_unchecked_iterator@V?$_Deque_val@U?$_Deque_simple_types@V?$basic_string@DU?$char_traits@D@std@@V?$allocator@D@2@@std@@@std@@@std@@@2@@std@@YA?AV?$_Deque_unchecked_iterator@V?$_Deque_val@U?$_Deque_simple_types@V?$basic_string@DU?$char_traits@D@std@@V?$allocator@D@2@@std@@@std@@@std@@@0@V?$_Deque_unchecked_const_iterator@V?$_Deque_val@U?$_Deque_simple_types@V?$basic_string@DU?$char_traits@D@std@@V?$allocator@D@2@@std@@@std@@@std@@@0@0V10@@Z 10001227 f i bncs_shim.obj
 0001:0000024f       ??$_Copy_impl@V?$_Deque_unchecked_const_iterator@V?$_Deque_val@U?$_Deque_simple_types@V?$basic_string@DU?$char_traits@D@std@@V?$allocator@D@2@@std@@@std@@@std@@@std@@V?$_Deque_unchecked_iterator@V?$_Deque_val@U?$_Deque_simple_types@V?$basic_string@DU?$char_traits@D@std@@V?$allocator@D@2@@std@@@std@@@std@@@2@@std@@YA?AV?$_Deque_unchecked_iterator@V?$_Deque_val@U?$_Deque_simple_types@V?$basic_string@DU?$char_traits@D@std@@V?$allocator@D@2@@std@@@std@@@std@@@0@V?$_Deque_unchecked_const_iterator@V?$_Deque_val@U?$_Deque_simple_types@V?$basic_string@DU?$char_traits@D@std@@V?$allocator@D@2@@std@@@std@@@std@@@0@0V10@U_Nonscalar_ptr_iterator_tag@0@@Z 1000124f f i bncs_shim.obj
 0001:000002ba       ??$_Copy_nodes@U?$integral_constant@_N$0A@@std@@@?$_Tree@V?$_Tmap_traits@JPAVpollStruct@@U?$less@J@std@@V?$allocator@U?$pair@$$CBJPAVpollStruct@@@std@@@3@$0A@@std@@@std@@IAEPAU?$_Tree_node@U?$pair@$$CBJPAVpollStruct@@@std@@PAX@1@PAU21@0U?$integral_constant@_N$0A@@1@@Z 100012ba f i bncs_shim.obj
 0001:000002ba       ??$_Copy_nodes@U?$integral_constant@_N$0A@@std@@@?$_Tree@V?$_Tmap_traits@HPAVregStruct@@U?$less@H@std@@V?$allocator@U?$pair@$$CBHPAVregStruct@@@std@@@3@$00@std@@@std@@IAEPAU?$_Tree_node@U?$pair@$$CBHPAVregStruct@@@std@@PAX@1@PAU21@0U?$integral_constant@_N$0A@@1@@Z 100012ba f i bncs_shim.obj
 0001:00000340       ??$_Fill_n@PAPAV?$basic_string@DU?$char_traits@D@std@@V?$allocator@D@2@@std@@IPAV12@@std@@YAPAPAV?$basic_string@DU?$char_traits@D@std@@V?$allocator@D@2@@0@PAPAV10@IABQAV10@@Z 10001340 f i bncs_shim.obj
 0001:00000360       ??$_Insert_at@AAU?$pair@$$CBJPAVpollStruct@@@std@@PAU?$_Tree_node@U?$pair@$$CBJPAVpollStruct@@@std@@PAX@2@@?$_Tree@V?$_Tmap_traits@JPAVpollStruct@@U?$less@J@std@@V?$allocator@U?$pair@$$CBJPAVpollStruct@@@std@@@3@$0A@@std@@@std@@IAE?AV?$_Tree_iterator@V?$_Tree_val@U?$_Tree_simple_types@U?$pair@$$CBJPAVpollStruct@@@std@@@std@@@std@@@1@_NPAU?$_Tree_node@U?$pair@$$CBJPAVpollStruct@@@std@@PAX@1@AAU?$pair@$$CBJPAVpollStruct@@@1@1@Z 10001360 f i bncs_shim.obj
 0001:00000360       ??$_Insert_at@AAU?$pair@$$CBHPAVregStruct@@@std@@PAU?$_Tree_node@U?$pair@$$CBHPAVregStruct@@@std@@PAX@2@@?$_Tree@V?$_Tmap_traits@HPAVregStruct@@U?$less@H@std@@V?$allocator@U?$pair@$$CBHPAVregStruct@@@std@@@3@$00@std@@@std@@IAE?AV?$_Tree_iterator@V?$_Tree_val@U?$_Tree_simple_types@U?$pair@$$CBHPAVregStruct@@@std@@@std@@@std@@@1@_NPAU?$_Tree_node@U?$pair@$$CBHPAVregStruct@@@std@@PAX@1@AAU?$pair@$$CBHPAVregStruct@@@1@1@Z 10001360 f i bncs_shim.obj
 0001:00000483       ??$_Insert_at@HU_Nil@std@@@?$_Tree@V?$_Tset_traits@HU?$less@H@std@@V?$allocator@H@2@$0A@@std@@@std@@IAE?AV?$_Tree_const_iterator@V?$_Tree_val@U?$_Tree_simple_types@H@std@@@std@@@1@_NPAU?$_Tree_node@HPAX@1@$$QAHU_Nil@1@@Z 10001483 f i bncs_shim.obj
 0001:00000483       ??$_Insert_at@ABQAVIccClientCallback@@U_Nil@std@@@?$_Tree@V?$_Tset_traits@PAVIccClientCallback@@U?$less@PAVIccClientCallback@@@std@@V?$allocator@PAVIccClientCallback@@@3@$0A@@std@@@std@@IAE?AV?$_Tree_const_iterator@V?$_Tree_val@U?$_Tree_simple_types@PAVIccClientCallback@@@std@@@std@@@1@_NPAU?$_Tree_node@PAVIccClientCallback@@PAX@1@ABQAVIccClientCallback@@U_Nil@1@@Z 10001483 f i bncs_shim.obj
 0001:000005a1       ??$_Insert_nohint@AAU?$pair@$$CBHPAVregStruct@@@std@@PAU?$_Tree_node@U?$pair@$$CBHPAVregStruct@@@std@@PAX@2@@?$_Tree@V?$_Tmap_traits@HPAVregStruct@@U?$less@H@std@@V?$allocator@U?$pair@$$CBHPAVregStruct@@@std@@@3@$00@std@@@std@@IAE?AU?$pair@V?$_Tree_iterator@V?$_Tree_val@U?$_Tree_simple_types@U?$pair@$$CBHPAVregStruct@@@std@@@std@@@std@@@std@@_N@1@_NAAU?$pair@$$CBHPAVregStruct@@@1@PAU?$_Tree_node@U?$pair@$$CBHPAVregStruct@@@std@@PAX@1@@Z 100015a1 f i bncs_shim.obj
 0001:0000062b       ??$_Insert_nohint@AAU?$pair@$$CBJPAVpollStruct@@@std@@PAU?$_Tree_node@U?$pair@$$CBJPAVpollStruct@@@std@@PAX@2@@?$_Tree@V?$_Tmap_traits@JPAVpollStruct@@U?$less@J@std@@V?$allocator@U?$pair@$$CBJPAVpollStruct@@@std@@@3@$0A@@std@@@std@@IAE?AU?$pair@V?$_Tree_iterator@V?$_Tree_val@U?$_Tree_simple_types@U?$pair@$$CBJPAVpollStruct@@@std@@@std@@@std@@@std@@_N@1@_NAAU?$pair@$$CBJPAVpollStruct@@@1@PAU?$_Tree_node@U?$pair@$$CBJPAVpollStruct@@@std@@PAX@1@@Z 1000162b f i bncs_shim.obj
 0001:000006fb       ??$_Insert_nohint@ABQAVIccClientCallback@@U_Nil@std@@@?$_Tree@V?$_Tset_traits@PAVIccClientCallback@@U?$less@PAVIccClientCallback@@@std@@V?$allocator@PAVIccClientCallback@@@3@$0A@@std@@@std@@IAE?AU?$pair@V?$_Tree_const_iterator@V?$_Tree_val@U?$_Tree_simple_types@PAVIccClientCallback@@@std@@@std@@@std@@_N@1@_NABQAVIccClientCallback@@U_Nil@1@@Z 100016fb f i bncs_shim.obj
 0001:000007b2       ??$_Insert_nohint@HU_Nil@std@@@?$_Tree@V?$_Tset_traits@HU?$less@H@std@@V?$allocator@H@2@$0A@@std@@@std@@IAE?AU?$pair@V?$_Tree_const_iterator@V?$_Tree_val@U?$_Tree_simple_types@H@std@@@std@@@std@@_N@1@_N$$QAHU_Nil@1@@Z 100017b2 f i bncs_shim.obj
 0001:00000868       ??$_Move@V?$_Deque_iterator@V?$_Deque_val@U?$_Deque_simple_types@V?$basic_string@DU?$char_traits@D@std@@V?$allocator@D@2@@std@@@std@@@std@@@std@@V12@@std@@YA?AV?$_Deque_iterator@V?$_Deque_val@U?$_Deque_simple_types@V?$basic_string@DU?$char_traits@D@std@@V?$allocator@D@2@@std@@@std@@@std@@@0@V10@00@Z 10001868 f i bncs_shim.obj
 0001:000008d8       ??$_Move@V?$_Deque_iterator@V?$_Deque_val@U?$_Deque_simple_types@V?$basic_string@DU?$char_traits@D@std@@V?$allocator@D@2@@std@@@std@@@std@@@std@@V12@@std@@YA?AV?$_Deque_iterator@V?$_Deque_val@U?$_Deque_simple_types@V?$basic_string@DU?$char_traits@D@std@@V?$allocator@D@2@@std@@@std@@@std@@@0@V10@00U_Nonscalar_ptr_iterator_tag@0@@Z 100018d8 f i bncs_shim.obj
 0001:00000949       ??$_Move_backward@V?$_Deque_iterator@V?$_Deque_val@U?$_Deque_simple_types@V?$basic_string@DU?$char_traits@D@std@@V?$allocator@D@2@@std@@@std@@@std@@@std@@V12@@std@@YA?AV?$_Deque_iterator@V?$_Deque_val@U?$_Deque_simple_types@V?$basic_string@DU?$char_traits@D@std@@V?$allocator@D@2@@std@@@std@@@std@@@0@V10@00@Z 10001949 f i bncs_shim.obj
 0001:000009b9       ??$_Move_backward@V?$_Deque_iterator@V?$_Deque_val@U?$_Deque_simple_types@V?$basic_string@DU?$char_traits@D@std@@V?$allocator@D@2@@std@@@std@@@std@@@std@@V12@@std@@YA?AV?$_Deque_iterator@V?$_Deque_val@U?$_Deque_simple_types@V?$basic_string@DU?$char_traits@D@std@@V?$allocator@D@2@@std@@@std@@@std@@@0@V10@00U_Nonscalar_ptr_iterator_tag@0@@Z 100019b9 f i bncs_shim.obj
 0001:00000a26       ??$_Reverse@V?$_Deque_unchecked_iterator@V?$_Deque_val@U?$_Deque_simple_types@V?$basic_string@DU?$char_traits@D@std@@V?$allocator@D@2@@std@@@std@@@std@@@std@@@std@@YAXV?$_Deque_unchecked_iterator@V?$_Deque_val@U?$_Deque_simple_types@V?$basic_string@DU?$char_traits@D@std@@V?$allocator@D@2@@std@@@std@@@std@@@0@0Ubidirectional_iterator_tag@0@@Z 10001a26 f i bncs_shim.obj
 0001:00000a56       ??$_Rotate@V?$_Deque_unchecked_iterator@V?$_Deque_val@U?$_Deque_simple_types@V?$basic_string@DU?$char_traits@D@std@@V?$allocator@D@2@@std@@@std@@@std@@@std@@@std@@YAXV?$_Deque_unchecked_iterator@V?$_Deque_val@U?$_Deque_simple_types@V?$basic_string@DU?$char_traits@D@std@@V?$allocator@D@2@@std@@@std@@@std@@@0@00Urandom_access_iterator_tag@0@@Z 10001a56 f i bncs_shim.obj
 0001:00000a79       ??$_Rotate@V?$_Deque_unchecked_iterator@V?$_Deque_val@U?$_Deque_simple_types@V?$basic_string@DU?$char_traits@D@std@@V?$allocator@D@2@@std@@@std@@@std@@@std@@HV?$basic_string@DU?$char_traits@D@std@@V?$allocator@D@2@@2@@std@@YAXV?$_Deque_unchecked_iterator@V?$_Deque_val@U?$_Deque_simple_types@V?$basic_string@DU?$char_traits@D@std@@V?$allocator@D@2@@std@@@std@@@std@@@0@00PAHPAV?$basic_string@DU?$char_traits@D@std@@V?$allocator@D@2@@0@@Z 10001a79 f i bncs_shim.obj
 0001:00000b6f       ??$_Unchecked@V?$_Deque_val@U?$_Deque_simple_types@V?$basic_string@DU?$char_traits@D@std@@V?$allocator@D@2@@std@@@std@@@std@@@std@@YA?AV?$_Deque_unchecked_const_iterator@V?$_Deque_val@U?$_Deque_simple_types@V?$basic_string@DU?$char_traits@D@std@@V?$allocator@D@2@@std@@@std@@@std@@@0@V?$_Deque_const_iterator@V?$_Deque_val@U?$_Deque_simple_types@V?$basic_string@DU?$char_traits@D@std@@V?$allocator@D@2@@std@@@std@@@std@@@0@@Z 10001b6f f i bncs_shim.obj
 0001:00000b6f       ??$_Unchecked@V?$_Deque_val@U?$_Deque_simple_types@V?$basic_string@DU?$char_traits@D@std@@V?$allocator@D@2@@std@@@std@@@std@@@std@@YA?AV?$_Deque_unchecked_iterator@V?$_Deque_val@U?$_Deque_simple_types@V?$basic_string@DU?$char_traits@D@std@@V?$allocator@D@2@@std@@@std@@@std@@@0@V?$_Deque_iterator@V?$_Deque_val@U?$_Deque_simple_types@V?$basic_string@DU?$char_traits@D@std@@V?$allocator@D@2@@std@@@std@@@std@@@0@@Z 10001b6f f i bncs_shim.obj
 0001:00000b8c       ??$copy@V?$_Deque_const_iterator@V?$_Deque_val@U?$_Deque_simple_types@V?$basic_string@DU?$char_traits@D@std@@V?$allocator@D@2@@std@@@std@@@std@@@std@@V?$_Deque_iterator@V?$_Deque_val@U?$_Deque_simple_types@V?$basic_string@DU?$char_traits@D@std@@V?$allocator@D@2@@std@@@std@@@std@@@2@@std@@YA?AV?$_Deque_iterator@V?$_Deque_val@U?$_Deque_simple_types@V?$basic_string@DU?$char_traits@D@std@@V?$allocator@D@2@@std@@@std@@@std@@@0@V?$_Deque_const_iterator@V?$_Deque_val@U?$_Deque_simple_types@V?$basic_string@DU?$char_traits@D@std@@V?$allocator@D@2@@std@@@std@@@std@@@0@0V10@@Z 10001b8c f i bncs_shim.obj
 0001:00000c51       ??$emplace_back@ABV?$basic_string@DU?$char_traits@D@std@@V?$allocator@D@2@@std@@@?$deque@V?$basic_string@DU?$char_traits@D@std@@V?$allocator@D@2@@std@@V?$allocator@V?$basic_string@DU?$char_traits@D@std@@V?$allocator@D@2@@std@@@2@@std@@QAEXABV?$basic_string@DU?$char_traits@D@std@@V?$allocator@D@2@@1@@Z 10001c51 f i bncs_shim.obj
 0001:00000c51       ?push_back@?$deque@V?$basic_string@DU?$char_traits@D@std@@V?$allocator@D@2@@std@@V?$allocator@V?$basic_string@DU?$char_traits@D@std@@V?$allocator@D@2@@std@@@2@@std@@QAEXABV?$basic_string@DU?$char_traits@D@std@@V?$allocator@D@2@@2@@Z 10001c51 f i bncs_shim.obj
 0001:00000cbf       ??$insert@V?$_Deque_const_iterator@V?$_Deque_val@U?$_Deque_simple_types@V?$basic_string@DU?$char_traits@D@std@@V?$allocator@D@2@@std@@@std@@@std@@@std@@@?$deque@V?$basic_string@DU?$char_traits@D@std@@V?$allocator@D@2@@std@@V?$allocator@V?$basic_string@DU?$char_traits@D@std@@V?$allocator@D@2@@std@@@2@@std@@QAE?AV?$_Deque_iterator@V?$_Deque_val@U?$_Deque_simple_types@V?$basic_string@DU?$char_traits@D@std@@V?$allocator@D@2@@std@@@std@@@std@@@1@V?$_Deque_const_iterator@V?$_Deque_val@U?$_Deque_simple_types@V?$basic_string@DU?$char_traits@D@std@@V?$allocator@D@2@@std@@@std@@@std@@@1@00@Z 10001cbf f i bncs_shim.obj
 0001:00000e8a       ??$iter_swap@V?$_Deque_unchecked_iterator@V?$_Deque_val@U?$_Deque_simple_types@V?$basic_string@DU?$char_traits@D@std@@V?$allocator@D@2@@std@@@std@@@std@@@std@@V12@@std@@YAXV?$_Deque_unchecked_iterator@V?$_Deque_val@U?$_Deque_simple_types@V?$basic_string@DU?$char_traits@D@std@@V?$allocator@D@2@@std@@@std@@@std@@@0@0@Z 10001e8a f i bncs_shim.obj
 0001:00000eb4       ??$reverse@V?$_Deque_iterator@V?$_Deque_val@U?$_Deque_simple_types@V?$basic_string@DU?$char_traits@D@std@@V?$allocator@D@2@@std@@@std@@@std@@@std@@@std@@YAXV?$_Deque_iterator@V?$_Deque_val@U?$_Deque_simple_types@V?$basic_string@DU?$char_traits@D@std@@V?$allocator@D@2@@std@@@std@@@std@@@0@0@Z 10001eb4 f i bncs_shim.obj
 0001:00000f27       ??$rotate@V?$_Deque_iterator@V?$_Deque_val@U?$_Deque_simple_types@V?$basic_string@DU?$char_traits@D@std@@V?$allocator@D@2@@std@@@std@@@std@@@std@@@std@@YA?AV?$_Deque_iterator@V?$_Deque_val@U?$_Deque_simple_types@V?$basic_string@DU?$char_traits@D@std@@V?$allocator@D@2@@std@@@std@@@std@@@0@V10@00@Z 10001f27 f i bncs_shim.obj
 0001:00001009       ??$swap@D$0BA@@std@@YAXAAY0BA@D0@Z 10002009 f i bncs_shim.obj
 0001:00001044       ??0?$_Deque_alloc@$0A@U?$_Deque_base_types@V?$basic_string@DU?$char_traits@D@std@@V?$allocator@D@2@@std@@V?$allocator@V?$basic_string@DU?$char_traits@D@std@@V?$allocator@D@2@@std@@@2@@std@@@std@@QAE@ABV?$allocator@V?$basic_string@DU?$char_traits@D@std@@V?$allocator@D@2@@std@@@1@@Z 10002044 f i bncs_shim.obj
 0001:00001062       ??0?$_Deque_const_iterator@V?$_Deque_val@U?$_Deque_simple_types@V?$basic_string@DU?$char_traits@D@std@@V?$allocator@D@2@@std@@@std@@@std@@@std@@QAE@ABV01@@Z 10002062 f i bncs_shim.obj
 0001:00001087       ??0?$_Deque_const_iterator@V?$_Deque_val@U?$_Deque_simple_types@V?$basic_string@DU?$char_traits@D@std@@V?$allocator@D@2@@std@@@std@@@std@@@std@@QAE@IPBU_Container_base12@1@@Z 10002087 f i bncs_shim.obj
 0001:000010a8       ??0?$_Tree@V?$_Tmap_traits@HPAVregStruct@@U?$less@H@std@@V?$allocator@U?$pair@$$CBHPAVregStruct@@@std@@@3@$00@std@@@std@@QAE@ABV01@ABV?$allocator@U?$pair@$$CBHPAVregStruct@@@std@@@1@@Z 100020a8 f i bncs_shim.obj
 0001:000010a8       ??0?$_Tree@V?$_Tmap_traits@JPAVpollStruct@@U?$less@J@std@@V?$allocator@U?$pair@$$CBJPAVpollStruct@@@std@@@3@$0A@@std@@@std@@QAE@ABV01@ABV?$allocator@U?$pair@$$CBJPAVpollStruct@@@std@@@1@@Z 100020a8 f i bncs_shim.obj
 0001:00001103       ??0?$basic_string@DU?$char_traits@D@std@@V?$allocator@D@2@@std@@QAE@ABV01@@Z 10002103 f i bncs_shim.obj
 0001:00001129       ??0?$basic_string@DU?$char_traits@D@std@@V?$allocator@D@2@@std@@QAE@PBD@Z 10002129 f i bncs_shim.obj
 0001:00001158       ??0?$deque@V?$basic_string@DU?$char_traits@D@std@@V?$allocator@D@2@@std@@V?$allocator@V?$basic_string@DU?$char_traits@D@std@@V?$allocator@D@2@@std@@@2@@std@@QAE@ABV01@@Z 10002158 f i bncs_shim.obj
 0001:0000119f       ??0IccClientCallback@@QAE@ABV0@@Z 1000219f f i bncs_shim.obj
 0001:000011aa       ??0IccClientCallback@@QAE@XZ 100021aa f i bncs_shim.obj
 0001:000011b3       ??0bncs_dll_client_shim@@QAE@ABV0@@Z 100021b3 f i bncs_shim.obj
 0001:00001275       ??0bncs_dll_client_shim@@QAE@XZ 10002275 f   bncs_shim.obj
 0001:00001376       ??0ccCheck@@QAE@ABV0@@Z    10002376 f i bncs_shim.obj
 0001:000013b8       ??0ccClient@@QAE@ABV0@@Z   100023b8 f i bncs_shim.obj
 0001:00001446       ??1?$_Deque_alloc@$0A@U?$_Deque_base_types@V?$basic_string@DU?$char_traits@D@std@@V?$allocator@D@2@@std@@V?$allocator@V?$basic_string@DU?$char_traits@D@std@@V?$allocator@D@2@@std@@@2@@std@@@std@@QAE@XZ 10002446 f i bncs_shim.obj
 0001:00001456       ??1?$_Tree@V?$_Tset_traits@HU?$less@H@std@@V?$allocator@H@2@$0A@@std@@@std@@QAE@XZ 10002456 f i bncs_shim.obj
 0001:00001456       ??1?$_Tree@V?$_Tmap_traits@HVclient@@U?$less@H@std@@V?$allocator@U?$pair@$$CBHVclient@@@std@@@3@$0A@@std@@@std@@QAE@XZ 10002456 f i timer.obj
 0001:00001456       ??1?$_Tree@V?$_Tmap_traits@HPAVregStruct@@U?$less@H@std@@V?$allocator@U?$pair@$$CBHPAVregStruct@@@std@@@3@$00@std@@@std@@QAE@XZ 10002456 f i bncs_shim.obj
 0001:00001456       ??1?$_Tree@V?$_Tset_traits@PAVIccClientCallback@@U?$less@PAVIccClientCallback@@@std@@V?$allocator@PAVIccClientCallback@@@3@$0A@@std@@@std@@QAE@XZ 10002456 f i bncs_shim.obj
 0001:00001456       ??1?$_Tree@V?$_Tmap_traits@JPAVpollStruct@@U?$less@J@std@@V?$allocator@U?$pair@$$CBJPAVpollStruct@@@std@@@3@$0A@@std@@@std@@QAE@XZ 10002456 f i bncs_shim.obj
 0001:00001478       ??1?$_Tree_comp@$0A@V?$_Tmap_traits@HPAVregStruct@@U?$less@H@std@@V?$allocator@U?$pair@$$CBHPAVregStruct@@@std@@@3@$00@std@@@std@@QAE@XZ 10002478 f i bncs_shim.obj
 0001:00001478       ??1?$_Tree_comp@$0A@V?$_Tmap_traits@JPAVpollStruct@@U?$less@J@std@@V?$allocator@U?$pair@$$CBJPAVpollStruct@@@std@@@3@$0A@@std@@@std@@QAE@XZ 10002478 f i bncs_shim.obj
 0001:00001481       ??1?$basic_string@DU?$char_traits@D@std@@V?$allocator@D@2@@std@@QAE@XZ 10002481 f i bncs_shim.obj
 0001:0000148b       ??1?$queue@V?$basic_string@DU?$char_traits@D@std@@V?$allocator@D@2@@std@@V?$deque@V?$basic_string@DU?$char_traits@D@std@@V?$allocator@D@2@@std@@V?$allocator@V?$basic_string@DU?$char_traits@D@std@@V?$allocator@D@2@@std@@@2@@2@@std@@QAE@XZ 1000248b f i bncs_shim.obj
 0001:000014a0       ??1?$set@PAVIccClientCallback@@U?$less@PAVIccClientCallback@@@std@@V?$allocator@PAVIccClientCallback@@@3@@std@@QAE@XZ 100024a0 f i bncs_shim.obj
 0001:000014a0       ??1?$map@JPAVpollStruct@@U?$less@J@std@@V?$allocator@U?$pair@$$CBJPAVpollStruct@@@std@@@3@@std@@QAE@XZ 100024a0 f i bncs_shim.obj
 0001:000014a0       ??1?$set@HU?$less@H@std@@V?$allocator@H@2@@std@@QAE@XZ 100024a0 f i bncs_shim.obj
 0001:000014a0       ??1?$multimap@HPAVregStruct@@U?$less@H@std@@V?$allocator@U?$pair@$$CBHPAVregStruct@@@std@@@3@@std@@QAE@XZ 100024a0 f i bncs_shim.obj
 0001:000014a5       ??1bncs_dll_client_shim@@UAE@XZ 100024a5 f   bncs_shim.obj
 0001:00001562       ??4?$_Tree@V?$_Tmap_traits@JPAVpollStruct@@U?$less@J@std@@V?$allocator@U?$pair@$$CBJPAVpollStruct@@@std@@@3@$0A@@std@@@std@@QAEAAV01@ABV01@@Z 10002562 f i bncs_shim.obj
 0001:00001562       ??4?$_Tree@V?$_Tmap_traits@HPAVregStruct@@U?$less@H@std@@V?$allocator@U?$pair@$$CBHPAVregStruct@@@std@@@3@$00@std@@@std@@QAEAAV01@ABV01@@Z 10002562 f i bncs_shim.obj
 0001:0000158d       ??4?$basic_string@DU?$char_traits@D@std@@V?$allocator@D@2@@std@@QAEAAV01@$$QAV01@@Z 1000258d f i bncs_shim.obj
 0001:000015b2       ??4?$deque@V?$basic_string@DU?$char_traits@D@std@@V?$allocator@D@2@@std@@V?$allocator@V?$basic_string@DU?$char_traits@D@std@@V?$allocator@D@2@@std@@@2@@std@@QAEAAV01@ABV01@@Z 100025b2 f i bncs_shim.obj
 0001:000016f4       ??4_Iterator_base12@std@@QAEAAU01@ABU01@@Z 100026f4 f i bncs_shim.obj
 0001:00001714       ??4bncs_dll_client_shim@@QAEAAV0@ABV0@@Z 10002714 f i bncs_shim.obj
 0001:00001798       ??4ccCheck@@QAEAAV0@ABV0@@Z 10002798 f i bncs_shim.obj
 0001:000017dc       ??4ccClient@@QAEAAV0@ABV0@@Z 100027dc f i bncs_shim.obj
 0001:00001854       ??8error_condition@std@@QBE_NABV01@@Z 10002854 f i bncs_shim.obj
 0001:00001873       ??D?$_Deque_const_iterator@V?$_Deque_val@U?$_Deque_simple_types@V?$basic_string@DU?$char_traits@D@std@@V?$allocator@D@2@@std@@@std@@@std@@@std@@QBEABV?$basic_string@DU?$char_traits@D@std@@V?$allocator@D@2@@1@XZ 10002873 f i bncs_shim.obj
 0001:0000188b       ??E?$_Tree_unchecked_const_iterator@V?$_Tree_val@U?$_Tree_simple_types@U?$pair@$$CBHPAVregStruct@@@std@@@std@@@std@@U_Iterator_base0@2@@std@@QAEAAV01@XZ 1000288b f i bncs_shim.obj
 0001:0000188b       ??E?$_Tree_unchecked_const_iterator@V?$_Tree_val@U?$_Tree_simple_types@H@std@@@std@@U_Iterator_base0@2@@std@@QAEAAV01@XZ 1000288b f i bncs_shim.obj
 0001:0000188b       ??E?$_Tree_unchecked_const_iterator@V?$_Tree_val@U?$_Tree_simple_types@U?$pair@$$CBJPAVpollStruct@@@std@@@std@@@std@@U_Iterator_base0@2@@std@@QAEAAV01@XZ 1000288b f i bncs_shim.obj
 0001:0000188b       ??E?$_Tree_unchecked_const_iterator@V?$_Tree_val@U?$_Tree_simple_types@U?$pair@$$CBHVclient@@@std@@@std@@@std@@U_Iterator_base0@2@@std@@QAEAAV01@XZ 1000288b f i timer.obj
 0001:0000188b       ??E?$_Tree_unchecked_const_iterator@V?$_Tree_val@U?$_Tree_simple_types@PAVIccClientCallback@@@std@@@std@@U_Iterator_base0@2@@std@@QAEAAV01@XZ 1000288b f i bncs_shim.obj
 0001:000018c5       ??F?$_Tree_unchecked_const_iterator@V?$_Tree_val@U?$_Tree_simple_types@H@std@@@std@@U_Iterator_base0@2@@std@@QAEAAV01@XZ 100028c5 f i bncs_shim.obj
 0001:000018c5       ??F?$_Tree_unchecked_const_iterator@V?$_Tree_val@U?$_Tree_simple_types@U?$pair@$$CBJPAVpollStruct@@@std@@@std@@@std@@U_Iterator_base0@2@@std@@QAEAAV01@XZ 100028c5 f i bncs_shim.obj
 0001:000018c5       ??F?$_Tree_unchecked_const_iterator@V?$_Tree_val@U?$_Tree_simple_types@PAVIccClientCallback@@@std@@@std@@U_Iterator_base0@2@@std@@QAEAAV01@XZ 100028c5 f i bncs_shim.obj
 0001:000018c5       ??F?$_Tree_unchecked_const_iterator@V?$_Tree_val@U?$_Tree_simple_types@U?$pair@$$CBHVclient@@@std@@@std@@@std@@U_Iterator_base0@2@@std@@QAEAAV01@XZ 100028c5 f i timer.obj
 0001:00001909       ??H?$_Deque_iterator@V?$_Deque_val@U?$_Deque_simple_types@V?$basic_string@DU?$char_traits@D@std@@V?$allocator@D@2@@std@@@std@@@std@@@std@@QBE?AV01@H@Z 10002909 f i bncs_shim.obj
 0001:00001909       ??H?$_Deque_const_iterator@V?$_Deque_val@U?$_Deque_simple_types@V?$basic_string@DU?$char_traits@D@std@@V?$allocator@D@2@@std@@@std@@@std@@@std@@QBE?AV01@H@Z 10002909 f i bncs_shim.obj
 0001:0000194f       ??_Ebncs_dll_client_shim@@UAEPAXI@Z 1000294f f i bncs_shim.obj
 0001:0000199c       ??_EccClient@@UAEPAXI@Z    1000299c f i bncs_shim.obj
 0001:000019e6       ??_FccClient@@QAEXXZ       100029e6 f i bncs_shim.obj
 0001:00001a24       ??_GccCheck@@UAEPAXI@Z     10002a24 f i bncs_shim.obj
 0001:00001a24       ??_EccCheck@@UAEPAXI@Z     10002a24 f i bncs_shim.obj
 0001:00001a43       ??_Eerror_category@std@@UAEPAXI@Z 10002a43 f i bncs_shim.obj
 0001:00001a43       ??_G_Generic_error_category@std@@UAEPAXI@Z 10002a43 f i bncs_shim.obj
 0001:00001a43       ??_Gerror_category@std@@UAEPAXI@Z 10002a43 f i bncs_shim.obj
 0001:00001a43       ??_G_Iostream_error_category@std@@UAEPAXI@Z 10002a43 f i bncs_shim.obj
 0001:00001a43       ??_G_System_error_category@std@@UAEPAXI@Z 10002a43 f i bncs_shim.obj
 0001:00001a43       ??_E_Iostream_error_category@std@@UAEPAXI@Z 10002a43 f i bncs_shim.obj
 0001:00001a43       ??_E_System_error_category@std@@UAEPAXI@Z 10002a43 f i bncs_shim.obj
 0001:00001a43       ??_E_Generic_error_category@std@@UAEPAXI@Z 10002a43 f i bncs_shim.obj
 0001:00001a63       ?_Alloc_proxy@?$_Deque_alloc@$0A@U?$_Deque_base_types@V?$basic_string@DU?$char_traits@D@std@@V?$allocator@D@2@@std@@V?$allocator@V?$basic_string@DU?$char_traits@D@std@@V?$allocator@D@2@@std@@@2@@std@@@std@@QAEXXZ 10002a63 f i bncs_shim.obj
 0001:00001a84       ?_Assign_rv@?$basic_string@DU?$char_traits@D@std@@V?$allocator@D@2@@std@@QAEX$$QAV12@@Z 10002a84 f i bncs_shim.obj
 0001:00001ad3       ?_Buyheadnode@?$_Tree_alloc@$0A@U?$_Tree_base_types@PAVIccClientCallback@@V?$allocator@PAVIccClientCallback@@@std@@@std@@@std@@QAEPAU?$_Tree_node@PAVIccClientCallback@@PAX@2@XZ 10002ad3 f i bncs_shim.obj
 0001:00001ad3       ?_Buyheadnode@?$_Tree_alloc@$0A@U?$_Tree_base_types@HV?$allocator@H@std@@@std@@@std@@QAEPAU?$_Tree_node@HPAX@2@XZ 10002ad3 f i bncs_shim.obj
 0001:00001afd       ?_Buyheadnode@?$_Tree_alloc@$0A@U?$_Tree_base_types@U?$pair@$$CBHPAVregStruct@@@std@@V?$allocator@U?$pair@$$CBHPAVregStruct@@@std@@@2@@std@@@std@@QAEPAU?$_Tree_node@U?$pair@$$CBHPAVregStruct@@@std@@PAX@2@XZ 10002afd f i bncs_shim.obj
 0001:00001afd       ?_Buyheadnode@?$_Tree_alloc@$0A@U?$_Tree_base_types@U?$pair@$$CBJPAVpollStruct@@@std@@V?$allocator@U?$pair@$$CBJPAVpollStruct@@@std@@@2@@std@@@std@@QAEPAU?$_Tree_node@U?$pair@$$CBJPAVpollStruct@@@std@@PAX@2@XZ 10002afd f i bncs_shim.obj
 0001:00001b27       ?_Buynode0@?$_Tree_buy@PAVIccClientCallback@@V?$allocator@PAVIccClientCallback@@@std@@@std@@QAEPAU?$_Tree_node@PAVIccClientCallback@@PAX@2@XZ 10002b27 f i bncs_shim.obj
 0001:00001b27       ?_Buynode0@?$_Tree_buy@HV?$allocator@H@std@@@std@@QAEPAU?$_Tree_node@HPAX@2@XZ 10002b27 f i bncs_shim.obj
 0001:00001b59       ?_Buynode0@?$_Tree_buy@U?$pair@$$CBJPAVpollStruct@@@std@@V?$allocator@U?$pair@$$CBJPAVpollStruct@@@std@@@2@@std@@QAEPAU?$_Tree_node@U?$pair@$$CBJPAVpollStruct@@@std@@PAX@2@XZ 10002b59 f i bncs_shim.obj
 0001:00001b59       ?_Buynode0@?$_Tree_buy@U?$pair@$$CBHPAVregStruct@@@std@@V?$allocator@U?$pair@$$CBHPAVregStruct@@@std@@@2@@std@@QAEPAU?$_Tree_node@U?$pair@$$CBHPAVregStruct@@@std@@PAX@2@XZ 10002b59 f i bncs_shim.obj
 0001:00001b8b       ?_Copy@?$basic_string@DU?$char_traits@D@std@@V?$allocator@D@2@@std@@QAEXII@Z 10002b8b f i bncs_shim.obj
 0001:00001c82       ?_Grow@?$basic_string@DU?$char_traits@D@std@@V?$allocator@D@2@@std@@QAE_NI_N@Z 10002c82 f i bncs_shim.obj
 0001:00001ce5       ?_Growmap@?$deque@V?$basic_string@DU?$char_traits@D@std@@V?$allocator@D@2@@std@@V?$allocator@V?$basic_string@DU?$char_traits@D@std@@V?$allocator@D@2@@std@@@2@@std@@IAEXI@Z 10002ce5 f i bncs_shim.obj
 0001:00001e33       ?_Inside@?$basic_string@DU?$char_traits@D@std@@V?$allocator@D@2@@std@@QAE_NPBD@Z 10002e33 f i bncs_shim.obj
 0001:00001e6e       ?_Lbound@?$_Tree@V?$_Tset_traits@PAVIccClientCallback@@U?$less@PAVIccClientCallback@@@std@@V?$allocator@PAVIccClientCallback@@@3@$0A@@std@@@std@@IAEPAU?$_Tree_node@PAVIccClientCallback@@PAX@2@ABQAVIccClientCallback@@@Z 10002e6e f i bncs_shim.obj
 0001:00001e9b       ?_Lrotate@?$_Tree@V?$_Tset_traits@PAVIccClientCallback@@U?$less@PAVIccClientCallback@@@std@@V?$allocator@PAVIccClientCallback@@@3@$0A@@std@@@std@@IAEXPAU?$_Tree_node@PAVIccClientCallback@@PAX@2@@Z 10002e9b f i bncs_shim.obj
 0001:00001e9b       ?_Lrotate@?$_Tree@V?$_Tmap_traits@HPAVregStruct@@U?$less@H@std@@V?$allocator@U?$pair@$$CBHPAVregStruct@@@std@@@3@$00@std@@@std@@IAEXPAU?$_Tree_node@U?$pair@$$CBHPAVregStruct@@@std@@PAX@2@@Z 10002e9b f i bncs_shim.obj
 0001:00001e9b       ?_Lrotate@?$_Tree@V?$_Tmap_traits@HVclient@@U?$less@H@std@@V?$allocator@U?$pair@$$CBHVclient@@@std@@@3@$0A@@std@@@std@@IAEXPAU?$_Tree_node@U?$pair@$$CBHVclient@@@std@@PAX@2@@Z 10002e9b f i timer.obj
 0001:00001e9b       ?_Lrotate@?$_Tree@V?$_Tmap_traits@JPAVpollStruct@@U?$less@J@std@@V?$allocator@U?$pair@$$CBJPAVpollStruct@@@std@@@3@$0A@@std@@@std@@IAEXPAU?$_Tree_node@U?$pair@$$CBJPAVpollStruct@@@std@@PAX@2@@Z 10002e9b f i bncs_shim.obj
 0001:00001e9b       ?_Lrotate@?$_Tree@V?$_Tset_traits@HU?$less@H@std@@V?$allocator@H@2@$0A@@std@@@std@@IAEXPAU?$_Tree_node@HPAX@2@@Z 10002e9b f i bncs_shim.obj
 0001:00001edf       ?_Make_iter@?$deque@V?$basic_string@DU?$char_traits@D@std@@V?$allocator@D@2@@std@@V?$allocator@V?$basic_string@DU?$char_traits@D@std@@V?$allocator@D@2@@std@@@2@@std@@QBE?AV?$_Deque_iterator@V?$_Deque_val@U?$_Deque_simple_types@V?$basic_string@DU?$char_traits@D@std@@V?$allocator@D@2@@std@@@std@@@std@@@2@V?$_Deque_const_iterator@V?$_Deque_val@U?$_Deque_simple_types@V?$basic_string@DU?$char_traits@D@std@@V?$allocator@D@2@@std@@@std@@@std@@@2@@Z 10002edf f i bncs_shim.obj
 0001:00001ef5       ?_Rrotate@?$_Tree@V?$_Tmap_traits@JPAVpollStruct@@U?$less@J@std@@V?$allocator@U?$pair@$$CBJPAVpollStruct@@@std@@@3@$0A@@std@@@std@@IAEXPAU?$_Tree_node@U?$pair@$$CBJPAVpollStruct@@@std@@PAX@2@@Z 10002ef5 f i bncs_shim.obj
 0001:00001ef5       ?_Rrotate@?$_Tree@V?$_Tmap_traits@HVclient@@U?$less@H@std@@V?$allocator@U?$pair@$$CBHVclient@@@std@@@3@$0A@@std@@@std@@IAEXPAU?$_Tree_node@U?$pair@$$CBHVclient@@@std@@PAX@2@@Z 10002ef5 f i timer.obj
 0001:00001ef5       ?_Rrotate@?$_Tree@V?$_Tset_traits@PAVIccClientCallback@@U?$less@PAVIccClientCallback@@@std@@V?$allocator@PAVIccClientCallback@@@3@$0A@@std@@@std@@IAEXPAU?$_Tree_node@PAVIccClientCallback@@PAX@2@@Z 10002ef5 f i bncs_shim.obj
 0001:00001ef5       ?_Rrotate@?$_Tree@V?$_Tmap_traits@HPAVregStruct@@U?$less@H@std@@V?$allocator@U?$pair@$$CBHPAVregStruct@@@std@@@3@$00@std@@@std@@IAEXPAU?$_Tree_node@U?$pair@$$CBHPAVregStruct@@@std@@PAX@2@@Z 10002ef5 f i bncs_shim.obj
 0001:00001ef5       ?_Rrotate@?$_Tree@V?$_Tset_traits@HU?$less@H@std@@V?$allocator@H@2@$0A@@std@@@std@@IAEXPAU?$_Tree_node@HPAX@2@@Z 10002ef5 f i bncs_shim.obj
 0001:00001f3b       ?_Swap_bx@?$basic_string@DU?$char_traits@D@std@@V?$allocator@D@2@@std@@QAEXAAV12@@Z 10002f3b f i bncs_shim.obj
 0001:00001fa3       ?_Tidy@?$basic_string@DU?$char_traits@D@std@@V?$allocator@D@2@@std@@QAEX_NI@Z 10002fa3 f i bncs_shim.obj
 0001:00001fe7       ?_Tidy@?$deque@V?$basic_string@DU?$char_traits@D@std@@V?$allocator@D@2@@std@@V?$allocator@V?$basic_string@DU?$char_traits@D@std@@V?$allocator@D@2@@std@@@2@@std@@IAEXXZ 10002fe7 f i bncs_shim.obj
 0001:0000202f       ?addPoll@bncs_dll_client_shim@@AAE_NDHHH_N@Z 1000302f f   bncs_shim.obj
 0001:0000213e       ?assign@?$basic_string@DU?$char_traits@D@std@@V?$allocator@D@2@@std@@QAEAAV12@ABV12@II@Z 1000313e f i bncs_shim.obj
 0001:000021d2       ?assign@?$basic_string@DU?$char_traits@D@std@@V?$allocator@D@2@@std@@QAEAAV12@PBDI@Z 100031d2 f i bncs_shim.obj
 0001:0000224b       ?begin@?$deque@V?$basic_string@DU?$char_traits@D@std@@V?$allocator@D@2@@std@@V?$allocator@V?$basic_string@DU?$char_traits@D@std@@V?$allocator@D@2@@std@@@2@@std@@QAE?AV?$_Deque_iterator@V?$_Deque_val@U?$_Deque_simple_types@V?$basic_string@DU?$char_traits@D@std@@V?$allocator@D@2@@std@@@std@@@std@@@2@XZ 1000324b f i bncs_shim.obj
 0001:0000224b       ?begin@?$deque@V?$basic_string@DU?$char_traits@D@std@@V?$allocator@D@2@@std@@V?$allocator@V?$basic_string@DU?$char_traits@D@std@@V?$allocator@D@2@@std@@@2@@std@@QBE?AV?$_Deque_const_iterator@V?$_Deque_val@U?$_Deque_simple_types@V?$basic_string@DU?$char_traits@D@std@@V?$allocator@D@2@@std@@@std@@@std@@@2@XZ 1000324b f i bncs_shim.obj
 0001:00002261       ?cccConfigChangeMessage@IccClientCallback@@MAEXABV?$basic_string@DU?$char_traits@D@std@@V?$allocator@D@2@@std@@@Z 10003261 f i bncs_shim.obj
 0001:00002264       ?cccConfigChangeMessage@bncs_dll_client_shim@@EAEXABV?$basic_string@DU?$char_traits@D@std@@V?$allocator@D@2@@std@@@Z 10003264 f   bncs_shim.obj
 0001:00002314       ?cccDatabaseChange@bncs_dll_client_shim@@EAEXHHH@Z 10003314 f   bncs_shim.obj
 0001:000023b7       ?cccDeviceMessage@IccClientCallback@@MAEXHHABV?$basic_string@DU?$char_traits@D@std@@V?$allocator@D@2@@std@@H@Z 100033b7 f i bncs_shim.obj
 0001:000023b7       ?cccDeviceMessage@bncs_dll_client_shim@@EAEXHHABV?$basic_string@DU?$char_traits@D@std@@V?$allocator@D@2@@std@@H@Z 100033b7 f i bncs_shim.obj
 0001:000023ba       ?cccConnected@IccClientCallback@@MAEXXZ 100033ba f i bncs_shim.obj
 0001:000023ba       ?cccDisconnected@IccClientCallback@@MAEXXZ 100033ba f i bncs_shim.obj
 0001:000023ba       ?cccConnected@bncs_dll_client_shim@@EAEXXZ 100033ba f i bncs_shim.obj
 0001:000023ba       ??3@YAXPAX0@Z              100033ba f i bncs_shim.obj
 0001:000023bb       ?cccDisconnected@bncs_dll_client_shim@@EAEXXZ 100033bb f   bncs_shim.obj
 0001:00002465       ?cccGpiRevertive@bncs_dll_client_shim@@EAEXHH_N@Z 10003465 f   bncs_shim.obj
 0001:000024d8       ?cccInfoRevertive@bncs_dll_client_shim@@EAEXHHABV?$basic_string@DU?$char_traits@D@std@@V?$allocator@D@2@@std@@@Z 100034d8 f   bncs_shim.obj
 0001:0000254b       ?cccInfoRevertive@IccClientCallback@@MAEXHHABV?$basic_string@DU?$char_traits@D@std@@V?$allocator@D@2@@std@@@Z 1000354b f i bncs_shim.obj
 0001:0000254b       ?cccRtrRevertive@IccClientCallback@@MAEXHHH@Z 1000354b f i bncs_shim.obj
 0001:0000254b       ?cccDatabaseChange@IccClientCallback@@MAEXHHH@Z 1000354b f i bncs_shim.obj
 0001:0000254b       ?cccDeviceMode@IccClientCallback@@MAEXHHW4redundancyState@cc@@@Z 1000354b f i bncs_shim.obj
 0001:0000254b       ?cccDeviceMode@bncs_dll_client_shim@@EAEXHHW4redundancyState@cc@@@Z 1000354b f i bncs_shim.obj
 0001:0000254b       ?cccGpiRevertive@IccClientCallback@@MAEXHH_N@Z 1000354b f i bncs_shim.obj
 0001:0000254e       ?cccRtrRevertive@bncs_dll_client_shim@@EAEXHHH@Z 1000354e f   bncs_shim.obj
 0001:000025c1       ?cccPollError@IccClientCallback@@MAEXHH@Z 100035c1 f i bncs_shim.obj
 0001:000025c1       ?cccSerialNumberError@IccClientCallback@@MAEXHH@Z 100035c1 f i bncs_shim.obj
 0001:000025c4       ?cleanupIfRequired@bncs_dll_client_shim@@QAEXXZ 100035c4 f   bncs_shim.obj
 0001:000025d2       ?counters@bncs_dll_client_shim@@QAEXAAI00@Z 100035d2 f   bncs_shim.obj
 0001:000025f3       ?default_error_condition@_System_error_category@std@@UBE?AVerror_condition@2@H@Z 100035f3 f i bncs_shim.obj
 0001:00002620       ?default_error_condition@error_category@std@@UBE?AVerror_condition@2@H@Z 10003620 f i bncs_shim.obj
 0001:00002632       ?deletedRegistrations@bncs_dll_client_shim@@QAEHXZ 10003632 f   bncs_shim.obj
 0001:00002668       ?dumpRegistrations@bncs_dll_client_shim@@QAEXXZ 10003668 f   bncs_shim.obj
 0001:000026df       ?end@?$deque@V?$basic_string@DU?$char_traits@D@std@@V?$allocator@D@2@@std@@V?$allocator@V?$basic_string@DU?$char_traits@D@std@@V?$allocator@D@2@@std@@@2@@std@@QAE?AV?$_Deque_iterator@V?$_Deque_val@U?$_Deque_simple_types@V?$basic_string@DU?$char_traits@D@std@@V?$allocator@D@2@@std@@@std@@@std@@@2@XZ 100036df f i bncs_shim.obj
 0001:000026df       ?end@?$deque@V?$basic_string@DU?$char_traits@D@std@@V?$allocator@D@2@@std@@V?$allocator@V?$basic_string@DU?$char_traits@D@std@@V?$allocator@D@2@@std@@@2@@std@@QBE?AV?$_Deque_const_iterator@V?$_Deque_val@U?$_Deque_simple_types@V?$basic_string@DU?$char_traits@D@std@@V?$allocator@D@2@@std@@@std@@@std@@@2@XZ 100036df f i bncs_shim.obj
 0001:000026f9       ?equivalent@error_category@std@@UBE_NABVerror_code@2@H@Z 100036f9 f i bncs_shim.obj
 0001:00002716       ?equivalent@error_category@std@@UBE_NHABVerror_condition@2@@Z 10003716 f i bncs_shim.obj
 0001:00002737       ?erase@?$_Tree@V?$_Tmap_traits@HVclient@@U?$less@H@std@@V?$allocator@U?$pair@$$CBHVclient@@@std@@@3@$0A@@std@@@std@@QAE?AV?$_Tree_iterator@V?$_Tree_val@U?$_Tree_simple_types@U?$pair@$$CBHVclient@@@std@@@std@@@std@@@2@V?$_Tree_const_iterator@V?$_Tree_val@U?$_Tree_simple_types@U?$pair@$$CBHVclient@@@std@@@std@@@std@@@2@0@Z 10003737 f i timer.obj
 0001:00002737       ?erase@?$_Tree@V?$_Tmap_traits@JPAVpollStruct@@U?$less@J@std@@V?$allocator@U?$pair@$$CBJPAVpollStruct@@@std@@@3@$0A@@std@@@std@@QAE?AV?$_Tree_iterator@V?$_Tree_val@U?$_Tree_simple_types@U?$pair@$$CBJPAVpollStruct@@@std@@@std@@@std@@@2@V?$_Tree_const_iterator@V?$_Tree_val@U?$_Tree_simple_types@U?$pair@$$CBJPAVpollStruct@@@std@@@std@@@std@@@2@0@Z 10003737 f i bncs_shim.obj
 0001:00002737       ?erase@?$_Tree@V?$_Tmap_traits@HPAVregStruct@@U?$less@H@std@@V?$allocator@U?$pair@$$CBHPAVregStruct@@@std@@@3@$00@std@@@std@@QAE?AV?$_Tree_iterator@V?$_Tree_val@U?$_Tree_simple_types@U?$pair@$$CBHPAVregStruct@@@std@@@std@@@std@@@2@V?$_Tree_const_iterator@V?$_Tree_val@U?$_Tree_simple_types@U?$pair@$$CBHPAVregStruct@@@std@@@std@@@std@@@2@0@Z 10003737 f i bncs_shim.obj
 0001:00002737       ?erase@?$_Tree@V?$_Tset_traits@HU?$less@H@std@@V?$allocator@H@2@$0A@@std@@@std@@QAE?AV?$_Tree_const_iterator@V?$_Tree_val@U?$_Tree_simple_types@H@std@@@std@@@2@V32@0@Z 10003737 f i bncs_shim.obj
 0001:00002737       ?erase@?$_Tree@V?$_Tset_traits@PAVIccClientCallback@@U?$less@PAVIccClientCallback@@@std@@V?$allocator@PAVIccClientCallback@@@3@$0A@@std@@@std@@QAE?AV?$_Tree_const_iterator@V?$_Tree_val@U?$_Tree_simple_types@PAVIccClientCallback@@@std@@@std@@@2@V32@0@Z 10003737 f i bncs_shim.obj
 0001:00002786       ?erase@?$_Tree@V?$_Tmap_traits@JPAVpollStruct@@U?$less@J@std@@V?$allocator@U?$pair@$$CBJPAVpollStruct@@@std@@@3@$0A@@std@@@std@@QAE?AV?$_Tree_iterator@V?$_Tree_val@U?$_Tree_simple_types@U?$pair@$$CBJPAVpollStruct@@@std@@@std@@@std@@@2@V?$_Tree_const_iterator@V?$_Tree_val@U?$_Tree_simple_types@U?$pair@$$CBJPAVpollStruct@@@std@@@std@@@std@@@2@@Z 10003786 f i bncs_shim.obj
 0001:00002786       ?erase@?$_Tree@V?$_Tmap_traits@HPAVregStruct@@U?$less@H@std@@V?$allocator@U?$pair@$$CBHPAVregStruct@@@std@@@3@$00@std@@@std@@QAE?AV?$_Tree_iterator@V?$_Tree_val@U?$_Tree_simple_types@U?$pair@$$CBHPAVregStruct@@@std@@@std@@@std@@@2@V?$_Tree_const_iterator@V?$_Tree_val@U?$_Tree_simple_types@U?$pair@$$CBHPAVregStruct@@@std@@@std@@@std@@@2@@Z 10003786 f i bncs_shim.obj
 0001:00002786       ?erase@?$_Tree@V?$_Tset_traits@PAVIccClientCallback@@U?$less@PAVIccClientCallback@@@std@@V?$allocator@PAVIccClientCallback@@@3@$0A@@std@@@std@@QAE?AV?$_Tree_const_iterator@V?$_Tree_val@U?$_Tree_simple_types@PAVIccClientCallback@@@std@@@std@@@2@V32@@Z 10003786 f i bncs_shim.obj
 0001:00002786       ?erase@?$_Tree@V?$_Tset_traits@HU?$less@H@std@@V?$allocator@H@2@$0A@@std@@@std@@QAE?AV?$_Tree_const_iterator@V?$_Tree_val@U?$_Tree_simple_types@H@std@@@std@@@2@V32@@Z 10003786 f i bncs_shim.obj
 0001:00002786       ?erase@?$_Tree@V?$_Tmap_traits@HVclient@@U?$less@H@std@@V?$allocator@U?$pair@$$CBHVclient@@@std@@@3@$0A@@std@@@std@@QAE?AV?$_Tree_iterator@V?$_Tree_val@U?$_Tree_simple_types@U?$pair@$$CBHVclient@@@std@@@std@@@std@@@2@V?$_Tree_const_iterator@V?$_Tree_val@U?$_Tree_simple_types@U?$pair@$$CBHVclient@@@std@@@std@@@std@@@2@@Z 10003786 f i timer.obj
 0001:000029cb       ?erase@?$basic_string@DU?$char_traits@D@std@@V?$allocator@D@2@@std@@QAEAAV12@I@Z 100039cb f i bncs_shim.obj
 0001:000029fa       ?erase@?$basic_string@DU?$char_traits@D@std@@V?$allocator@D@2@@std@@QAEAAV12@II@Z 100039fa f i bncs_shim.obj
 0001:00002a7d       ?erase@?$deque@V?$basic_string@DU?$char_traits@D@std@@V?$allocator@D@2@@std@@V?$allocator@V?$basic_string@DU?$char_traits@D@std@@V?$allocator@D@2@@std@@@2@@std@@QAE?AV?$_Deque_iterator@V?$_Deque_val@U?$_Deque_simple_types@V?$basic_string@DU?$char_traits@D@std@@V?$allocator@D@2@@std@@@std@@@std@@@2@V?$_Deque_const_iterator@V?$_Deque_val@U?$_Deque_simple_types@V?$basic_string@DU?$char_traits@D@std@@V?$allocator@D@2@@std@@@std@@@std@@@2@0@Z 10003a7d f i bncs_shim.obj
 0001:00002bf1       ?find@?$_Tree@V?$_Tmap_traits@JPAVpollStruct@@U?$less@J@std@@V?$allocator@U?$pair@$$CBJPAVpollStruct@@@std@@@3@$0A@@std@@@std@@QAE?AV?$_Tree_iterator@V?$_Tree_val@U?$_Tree_simple_types@U?$pair@$$CBJPAVpollStruct@@@std@@@std@@@std@@@2@ABJ@Z 10003bf1 f i bncs_shim.obj
 0001:00002bf1       ?find@?$_Tree@V?$_Tmap_traits@HVclient@@U?$less@H@std@@V?$allocator@U?$pair@$$CBHVclient@@@std@@@3@$0A@@std@@@std@@QAE?AV?$_Tree_iterator@V?$_Tree_val@U?$_Tree_simple_types@U?$pair@$$CBHVclient@@@std@@@std@@@std@@@2@ABH@Z 10003bf1 f i timer.obj
 0001:00002bf1       ?find@?$_Tree@V?$_Tmap_traits@HPAVregStruct@@U?$less@H@std@@V?$allocator@U?$pair@$$CBHPAVregStruct@@@std@@@3@$00@std@@@std@@QAE?AV?$_Tree_iterator@V?$_Tree_val@U?$_Tree_simple_types@U?$pair@$$CBHPAVregStruct@@@std@@@std@@@std@@@2@ABH@Z 10003bf1 f i bncs_shim.obj
 0001:00002c24       ?find@?$_Tree@V?$_Tset_traits@PAVIccClientCallback@@U?$less@PAVIccClientCallback@@@std@@V?$allocator@PAVIccClientCallback@@@3@$0A@@std@@@std@@QAE?AV?$_Tree_const_iterator@V?$_Tree_val@U?$_Tree_simple_types@PAVIccClientCallback@@@std@@@std@@@2@ABQAVIccClientCallback@@@Z 10003c24 f i bncs_shim.obj
 0001:00002c57       ?gpiPoll@bncs_dll_client_shim@@QAEXHHH_N@Z 10003c57 f   bncs_shim.obj
 0001:00002c92       ?infoPoll@bncs_dll_client_shim@@QAEXHHH_N@Z 10003c92 f   bncs_shim.obj
 0001:00002ccd       ?isRegistered@bncs_dll_client_shim@@QAE_NHH@Z 10003ccd f   bncs_shim.obj
 0001:00002d2e       ?length@?$char_traits@D@std@@SAIPBD@Z 10003d2e f i bncs_shim.obj
 0001:00002d46       ?message@_Generic_error_category@std@@UBE?AV?$basic_string@DU?$char_traits@D@std@@V?$allocator@D@2@@2@H@Z 10003d46 f i bncs_shim.obj
 0001:00002d74       ?message@_Iostream_error_category@std@@UBE?AV?$basic_string@DU?$char_traits@D@std@@V?$allocator@D@2@@2@H@Z 10003d74 f i bncs_shim.obj
 0001:00002da5       ?message@_System_error_category@std@@UBE?AV?$basic_string@DU?$char_traits@D@std@@V?$allocator@D@2@@2@H@Z 10003da5 f i bncs_shim.obj
 0001:00002dd3       ?name@_Generic_error_category@std@@UBEPBDXZ 10003dd3 f i bncs_shim.obj
 0001:00002dd9       ?name@_Iostream_error_category@std@@UBEPBDXZ 10003dd9 f i bncs_shim.obj
 0001:00002ddf       ?name@_System_error_category@std@@UBEPBDXZ 10003ddf f i bncs_shim.obj
 0001:00002de5       ?pollsOutstandingCount@bncs_dll_client_shim@@QAEHXZ 10003de5 f   bncs_shim.obj
 0001:00002dec       ?pollsOutstandingDeviceList@bncs_dll_client_shim@@QAEHPAHH@Z 10003dec f   bncs_shim.obj
 0001:00002e90       ?pop_back@?$deque@V?$basic_string@DU?$char_traits@D@std@@V?$allocator@D@2@@std@@V?$allocator@V?$basic_string@DU?$char_traits@D@std@@V?$allocator@D@2@@std@@@2@@std@@QAEXXZ 10003e90 f i bncs_shim.obj
 0001:00002eba       ?pop_front@?$deque@V?$basic_string@DU?$char_traits@D@std@@V?$allocator@D@2@@std@@V?$allocator@V?$basic_string@DU?$char_traits@D@std@@V?$allocator@D@2@@std@@@2@@std@@QAEXXZ 10003eba f i bncs_shim.obj
 0001:00002ee3       ?push_front@?$deque@V?$basic_string@DU?$char_traits@D@std@@V?$allocator@D@2@@std@@V?$allocator@V?$basic_string@DU?$char_traits@D@std@@V?$allocator@D@2@@std@@@2@@std@@QAEXABV?$basic_string@DU?$char_traits@D@std@@V?$allocator@D@2@@2@@Z 10003ee3 f i bncs_shim.obj
 0001:00002f55       ?reg@bncs_dll_client_shim@@QAE_NPAVIccClientCallback@@HHHH@Z 10003f55 f   bncs_shim.obj
 0001:0000312d       ?regCleanup@bncs_dll_client_shim@@AAEXXZ 1000412d f   bncs_shim.obj
 0001:00003188       ?removePoll@bncs_dll_client_shim@@AAEXHH@Z 10004188 f   bncs_shim.obj
 0001:000031f9       ?rereg@bncs_dll_client_shim@@AAEXH@Z 100041f9 f   bncs_shim.obj
 0001:000032a6       ?resetCounters@bncs_dll_client_shim@@QAEXXZ 100042a6 f   bncs_shim.obj
 0001:000032b7       ?routerPoll@bncs_dll_client_shim@@QAEXHHH_N@Z 100042b7 f   bncs_shim.obj
 0001:000032f2       ?swap@?$basic_string@DU?$char_traits@D@std@@V?$allocator@D@2@@std@@QAEXAAV12@@Z 100042f2 f i bncs_shim.obj
 0001:00003324       ?timerCallback@bncs_dll_client_shim@@EAEXH@Z 10004324 f   bncs_shim.obj
 0001:0000366f       ?totalRegistrations@bncs_dll_client_shim@@QAEHXZ 1000466f f   bncs_shim.obj
 0001:00003676       ?unreg@bncs_dll_client_shim@@QAEXPAVIccClientCallback@@H@Z 10004676 f   bncs_shim.obj
 0001:0000368a       ?unreg@bncs_dll_client_shim@@QAEXPAVIccClientCallback@@HH@Z 1000468a f   bncs_shim.obj
 0001:00003748       ??0bncs_shim_loader@@QAE@ABV0@@Z 10004748 f i bncs_shim_loader.obj
 0001:00003753       ??0bncs_shim_loader@@QAE@XZ 10004753 f   bncs_shim_loader.obj
 0001:000037a1       ??1bncs_shim_loader@@UAE@XZ 100047a1 f   bncs_shim_loader.obj
 0001:000037ae       ??4bncs_shim_loader@@QAEAAV0@ABV0@@Z 100047ae f i bncs_shim_loader.obj
 0001:000037ae       ??4IccClientCallback@@QAEAAV0@ABV0@@Z 100047ae f i bncs_shim.obj
 0001:000037b3       ??_Ebncs_shim_loader@@UAEPAXI@Z 100047b3 f i bncs_shim_loader.obj
 0001:000037fd       ?csiShim@bncs_shim_loader@@SAPAVbncs_dll_client_shim@@XZ 100047fd f   bncs_shim_loader.obj
 0001:000037fd       ?getShim@bncs_shim_loader@@QAEPAVbncs_dll_client_shim@@XZ 100047fd f   bncs_shim_loader.obj
 0001:00003803       _DllMain@12                10004803 f   bncs_shim_loader.obj
 0001:00003864       ??$?HDU?$char_traits@D@std@@V?$allocator@D@1@@std@@YA?AV?$basic_string@DU?$char_traits@D@std@@V?$allocator@D@2@@0@$$QAV10@ABV10@@Z 10004864 f i ccCheck.obj
 0001:0000388b       ??$?HDU?$char_traits@D@std@@V?$allocator@D@1@@std@@YA?AV?$basic_string@DU?$char_traits@D@std@@V?$allocator@D@2@@0@$$QAV10@PBD@Z 1000488b f i ccCheck.obj
 0001:000038b8       ??$?HDU?$char_traits@D@std@@V?$allocator@D@1@@std@@YA?AV?$basic_string@DU?$char_traits@D@std@@V?$allocator@D@2@@0@ABV10@PBD@Z 100048b8 f i ccCheck.obj
 0001:00003923       ??$?HDU?$char_traits@D@std@@V?$allocator@D@1@@std@@YA?AV?$basic_string@DU?$char_traits@D@std@@V?$allocator@D@2@@0@PBDABV10@@Z 10004923 f i ccCheck.obj
 0001:0000398e       ??0?$basic_string@DU?$char_traits@D@std@@V?$allocator@D@2@@std@@QAE@$$QAV01@@Z 1000498e f i ccCheck.obj
 0001:000039b1       ??0ccCheck@@QAE@ABV?$basic_string@DU?$char_traits@D@std@@V?$allocator@D@2@@std@@@Z 100049b1 f   ccCheck.obj
 0001:000039ef       ??1ccCheck@@UAE@XZ         100049ef f   ccCheck.obj
 0001:00003a02       ?append@?$basic_string@DU?$char_traits@D@std@@V?$allocator@D@2@@std@@QAEAAV12@ABV12@II@Z 10004a02 f i ccCheck.obj
 0001:00003aa9       ?append@?$basic_string@DU?$char_traits@D@std@@V?$allocator@D@2@@std@@QAEAAV12@PBDI@Z 10004aa9 f i ccCheck.obj
 0001:00003b4b       ?checkDatabase@ccCheck@@QAE_NII@Z 10004b4b f   ccCheck.obj
 0001:00003bb1       ?checkDevice@ccCheck@@QAE_NI@Z 10004bb1 f   ccCheck.obj
 0001:00003c23       ?checkIndex@ccCheck@@QAE_NI@Z 10004c23 f   ccCheck.obj
 0001:00003c95       ?checkIndexRange@ccCheck@@QAE_NII@Z 10004c95 f   ccCheck.obj
 0001:00003d0e       ?checkSource@ccCheck@@QAE_NH@Z 10004d0e f   ccCheck.obj
 0001:00003d87       ?checkString@ccCheck@@QAE_NABV?$basic_string@DU?$char_traits@D@std@@V?$allocator@D@2@@std@@@Z 10004d87 f   ccCheck.obj
 0001:00003dd8       ?checkWorkstation@ccCheck@@QAE_NI@Z 10004dd8 f   ccCheck.obj
 0001:00003e74       ?log@ccCheck@@QAEXABV?$basic_string@DU?$char_traits@D@std@@V?$allocator@D@2@@std@@@Z 10004e74 f   ccCheck.obj
 0001:00003ef3       ?reserve@?$basic_string@DU?$char_traits@D@std@@V?$allocator@D@2@@std@@QAEXI@Z 10004ef3 f i ccCheck.obj
 0001:00003f2a       ?setMaxDatabase@ccCheck@@QAEXI@Z 10004f2a f   ccCheck.obj
 0001:00003f37       ?setMaxDevice@ccCheck@@QAEXI@Z 10004f37 f   ccCheck.obj
 0001:00003f44       ?setMaxIndex@ccCheck@@QAEXI@Z 10004f44 f   ccCheck.obj
 0001:00003f51       ?setMaxSource@ccCheck@@QAEXH@Z 10004f51 f   ccCheck.obj
 0001:00003f5e       ?setMaxString@ccCheck@@QAEXI@Z 10004f5e f   ccCheck.obj
 0001:00003f75       ??0ccClient@@QAE@PAVIccClientCallback@@ABV?$basic_string@DU?$char_traits@D@std@@V?$allocator@D@2@@std@@@Z 10004f75 f   ccClient.obj
 0001:000040aa       ??1ccClient@@UAE@XZ        100050aa f   ccClient.obj
 0001:0000414d       ?BNCSSendMessage@ccClient@@AAEJIIJHHH@Z 1000514d f   ccClient.obj
 0001:000041a6       ?WndProc@ccClient@@CGJPAUHWND__@@IIJ@Z 100051a6 f   ccClient.obj
 0001:00004a9d       ?cacheEnable@ccClient@@QAEX_N@Z 10005a9d f   ccClient.obj
 0001:00004abb       ?cacheFlush@ccClient@@QAEXH@Z 10005abb f   ccClient.obj
 0001:00004ae5       ?cacheIndex@ccClient@@QAEHHHHABV?$basic_string@DU?$char_traits@D@std@@V?$allocator@D@2@@std@@@Z 10005ae5 f   ccClient.obj
 0001:00004b98       ?cacheTest@ccClient@@QAE_NHHH@Z 10005b98 f   ccClient.obj
 0001:00004bfb       ?cacheValue@ccClient@@QAE_NHHAAV?$basic_string@DU?$char_traits@D@std@@V?$allocator@D@2@@std@@PAH@Z 10005bfb f   ccClient.obj
 0001:00004d09       ?connect@ccClient@@QAE_NW4ipcType@cc@@J@Z 10005d09 f   ccClient.obj
 0001:00004f06       ?counters@ccClient@@QAE_NAAI0@Z 10005f06 f   ccClient.obj
 0001:00004f46       ?databaseIndex@ccClient@@QAEHHHABV?$basic_string@DU?$char_traits@D@std@@V?$allocator@D@2@@std@@@Z 10005f46 f   ccClient.obj
 0001:00005060       ?databaseModify@ccClient@@QAE_NHHHABV?$basic_string@DU?$char_traits@D@std@@V?$allocator@D@2@@std@@_N1H@Z 10006060 f   ccClient.obj
 0001:00005189       ?databaseName@ccClient@@QAE_NHHHAAV?$basic_string@DU?$char_traits@D@std@@V?$allocator@D@2@@std@@@Z 10006189 f   ccClient.obj
 0001:00005286       ?deregisterForConfigChangeMessage@ccClient@@QAEXXZ 10006286 f   ccClient.obj
 0001:0000529a       ?deregisterForNetMessage@ccClient@@QAEXXZ 1000629a f   ccClient.obj
 0001:000052ae       ?deviceFile@ccClient@@AAEXDH@Z 100062ae f   ccClient.obj
 0001:00005365       ?deviceLock@ccClient@@AAEXDHHH_N0H@Z 10006365 f   ccClient.obj
 0001:00005486       ?deviceMessage@ccClient@@QAEXHHABV?$basic_string@DU?$char_traits@D@std@@V?$allocator@D@2@@std@@H@Z 10006486 f   ccClient.obj
 0001:00005522       ?devicePoll@ccClient@@AAEXDHHH_N@Z 10006522 f   ccClient.obj
 0001:00005615       ?deviceProfile@ccClient@@QAEXHAAH00AAV?$basic_string@DU?$char_traits@D@std@@V?$allocator@D@2@@std@@@Z 10006615 f   ccClient.obj
 0001:00005725       ?deviceQuery@ccClient@@AAEXDHHH_N@Z 10006725 f   ccClient.obj
 0001:00005818       ?disconnect@ccClient@@QAE_NXZ 10006818 f   ccClient.obj
 0001:00005866       ?flushDatabaseCache@ccClient@@QAEXH@Z 10006866 f   ccClient.obj
 0001:00005880       ?getClientRegistrationExtent@ccClient@@QAE_NHAAH0@Z 10006880 f   ccClient.obj
 0001:000058ba       ?gpiFile@ccClient@@QAEXH@Z 100068ba f   ccClient.obj
 0001:000058d1       ?gpiLock@ccClient@@QAEXHHH_N0H@Z 100068d1 f   ccClient.obj
 0001:000058f1       ?gpiPoll@ccClient@@QAEXHHH_N@Z 100068f1 f   ccClient.obj
 0001:0000590b       ?gpiQuery@ccClient@@QAEXHHH_N@Z 1000690b f   ccClient.obj
 0001:00005925       ?gpiSwitch@ccClient@@QAEXHH_N0H@Z 10006925 f   ccClient.obj
 0001:000059f0       ?infoLock@ccClient@@QAEXHHH_N0H@Z 100069f0 f   ccClient.obj
 0001:00005a10       ?infoPoll@ccClient@@QAEXHHH_N@Z 10006a10 f   ccClient.obj
 0001:00005a2a       ?infoQuery@ccClient@@QAEXHHH_N@Z 10006a2a f   ccClient.obj
 0001:00005a44       ?infoWrite@ccClient@@QAEXHHABV?$basic_string@DU?$char_traits@D@std@@V?$allocator@D@2@@std@@_NH@Z 10006a44 f   ccClient.obj
 0001:00005b1c       ?isCacheEnabled@ccClient@@QAE_NXZ 10006b1c f   ccClient.obj
 0001:00005b34       ?isConnected@ccClient@@QAE_NXZ 10006b34 f   ccClient.obj
 0001:00005b4d       ?isWriteEnabled@ccClient@@QAE_NXZ 10006b4d f   ccClient.obj
 0001:00005b51       ?maxDatabases@ccClient@@QAEIXZ 10006b51 f   ccClient.obj
 0001:00005b6c       ?maxDevices@ccClient@@QAEIXZ 10006b6c f   ccClient.obj
 0001:00005b89       ?maxIndexes@ccClient@@QAEIXZ 10006b89 f   ccClient.obj
 0001:00005ba6       ?maxSources@ccClient@@QAEIXZ 10006ba6 f   ccClient.obj
 0001:00005bc3       ?maxString@ccClient@@QAEIXZ 10006bc3 f   ccClient.obj
 0001:00005be0       ?push_back@?$deque@V?$basic_string@DU?$char_traits@D@std@@V?$allocator@D@2@@std@@V?$allocator@V?$basic_string@DU?$char_traits@D@std@@V?$allocator@D@2@@std@@@2@@std@@QAEX$$QAV?$basic_string@DU?$char_traits@D@std@@V?$allocator@D@2@@2@@Z 10006be0 f i ccClient.obj
 0001:00005c3b       ?registerForConfigChangeMessage@ccClient@@QAEXXZ 10006c3b f   ccClient.obj
 0001:00005c4f       ?registerForNetMessage@ccClient@@QAEXXZ 10006c4f f   ccClient.obj
 0001:00005c63       ?resetCounters@ccClient@@QAEXXZ 10006c63 f   ccClient.obj
 0001:00005c74       ?revertiveDeregister@ccClient@@QAEXHHH@Z 10006c74 f   ccClient.obj
 0001:00005ceb       ?revertiveDeregisterAll@ccClient@@QAEXXZ 10006ceb f   ccClient.obj
 0001:00005cff       ?revertiveRegister@ccClient@@QAEXHHH_NH@Z 10006cff f   ccClient.obj
 0001:00005d66       ?routerCrosspoint@ccClient@@QAEXHHHABV?$basic_string@DU?$char_traits@D@std@@V?$allocator@D@2@@std@@_NH@Z 10006d66 f   ccClient.obj
 0001:00005e38       ?routerFile@ccClient@@QAEXH@Z 10006e38 f   ccClient.obj
 0001:00005e4f       ?routerLock@ccClient@@QAEXHHH_N0H@Z 10006e4f f   ccClient.obj
 0001:00005e6f       ?routerPoll@ccClient@@QAEXHHH_N@Z 10006e6f f   ccClient.obj
 0001:00005e89       ?routerQuery@ccClient@@QAEXHHH_N@Z 10006e89 f   ccClient.obj
 0001:00005ea3       ?sendBufferedCommands@ccClient@@QAEXXZ 10006ea3 f   ccClient.obj
 0001:00005eb6       ?sendConfigChangeMessage@ccClient@@QAEXABV?$basic_string@DU?$char_traits@D@std@@V?$allocator@D@2@@std@@@Z 10006eb6 f   ccClient.obj
 0001:00005edc       ?setCallback@ccClient@@QAEXPAVIccClientCallback@@@Z 10006edc f   ccClient.obj
 0001:00005ee9       ?setCloseHostOnExit@ccClient@@QAEX_N@Z 10006ee9 f   ccClient.obj
 0001:00005ef6       ?version@ccClient@@QAEJXZ  10006ef6 f   ccClient.obj
 0001:00005efc       ?workstation@ccClient@@QAEHXZ 10006efc f   ccClient.obj
 0001:00005f00       ?writeEnable@ccClient@@QAEX_N@Z 10006f00 f   ccClient.obj
 0001:00005f0e       ?getDevPath@ccConfig@@SA?AV?$basic_string@DU?$char_traits@D@std@@V?$allocator@D@2@@std@@XZ 10006f0e f   ccConfig.obj
 0001:00006015       ?getInt@ccConfig@@SAHABV?$basic_string@DU?$char_traits@D@std@@V?$allocator@D@2@@std@@00H_N@Z 10007015 f   ccConfig.obj
 0001:0000610b       ?isV3Based@ccConfig@@SA_NXZ 1000710b f   ccConfig.obj
 0001:00006171       ?isV4Based@ccConfig@@SA_NXZ 10007171 f   ccConfig.obj
 0001:000061ac       ?workstation@ccConfig@@SAHXZ 100071ac f   ccConfig.obj
 0001:00006357       ??$_Allocate@U?$_Tree_node@U?$pair@$$CBHVclient@@@std@@PAX@std@@@std@@YAPAU?$_Tree_node@U?$pair@$$CBHVclient@@@std@@PAX@0@IPAU10@@Z 10007357 f i timer.obj
 0001:00006384       ??$_Buynode@U?$pair@HVclient@@@std@@@?$_Tree_buy@U?$pair@$$CBHVclient@@@std@@V?$allocator@U?$pair@$$CBHVclient@@@std@@@2@@std@@QAEPAU?$_Tree_node@U?$pair@$$CBHVclient@@@std@@PAX@1@$$QAU?$pair@HVclient@@@1@@Z 10007384 f i timer.obj
 0001:000063ab       ??$_Insert_at@AAU?$pair@$$CBHVclient@@@std@@PAU?$_Tree_node@U?$pair@$$CBHVclient@@@std@@PAX@2@@?$_Tree@V?$_Tmap_traits@HVclient@@U?$less@H@std@@V?$allocator@U?$pair@$$CBHVclient@@@std@@@3@$0A@@std@@@std@@IAE?AV?$_Tree_iterator@V?$_Tree_val@U?$_Tree_simple_types@U?$pair@$$CBHVclient@@@std@@@std@@@std@@@1@_NPAU?$_Tree_node@U?$pair@$$CBHVclient@@@std@@PAX@1@AAU?$pair@$$CBHVclient@@@1@1@Z 100073ab f i timer.obj
 0001:000064ce       ??$_Insert_nohint@AAU?$pair@$$CBHVclient@@@std@@PAU?$_Tree_node@U?$pair@$$CBHVclient@@@std@@PAX@2@@?$_Tree@V?$_Tmap_traits@HVclient@@U?$less@H@std@@V?$allocator@U?$pair@$$CBHVclient@@@std@@@3@$0A@@std@@@std@@IAE?AU?$pair@V?$_Tree_iterator@V?$_Tree_val@U?$_Tree_simple_types@U?$pair@$$CBHVclient@@@std@@@std@@@std@@@std@@_N@1@_NAAU?$pair@$$CBHVclient@@@1@PAU?$_Tree_node@U?$pair@$$CBHVclient@@@std@@PAX@1@@Z 100074ce f i timer.obj
 0001:0000659e       ??$construct@U?$pair@$$CBHVclient@@@std@@U?$pair@HVclient@@@2@@?$allocator@U?$_Tree_node@U?$pair@$$CBHVclient@@@std@@PAX@std@@@std@@QAEXPAU?$pair@$$CBHVclient@@@1@$$QAU?$pair@HVclient@@@1@@Z 1000759e f i timer.obj
 0001:000065bf       ??0timer@@QAE@PAVItimerCallback@@@Z 100075bf f   timer.obj
 0001:000065d4       ??1timer@@UAE@XZ           100075d4 f   timer.obj
 0001:00006636       ??_Etimer@@UAEPAXI@Z       10007636 f i timer.obj
 0001:00006636       ??_Gtimer@@UAEPAXI@Z       10007636 f i timer.obj
 0001:00006655       ?_Buyheadnode@?$_Tree_alloc@$0A@U?$_Tree_base_types@U?$pair@$$CBHVclient@@@std@@V?$allocator@U?$pair@$$CBHVclient@@@std@@@2@@std@@@std@@QAEPAU?$_Tree_node@U?$pair@$$CBHVclient@@@std@@PAX@2@XZ 10007655 f i timer.obj
 0001:0000667f       ?_Buynode0@?$_Tree_buy@U?$pair@$$CBHVclient@@@std@@V?$allocator@U?$pair@$$CBHVclient@@@std@@@2@@std@@QAEPAU?$_Tree_node@U?$pair@$$CBHVclient@@@std@@PAX@2@XZ 1000767f f i timer.obj
 0001:000066b1       ?_Erase@?$_Tree@V?$_Tset_traits@HU?$less@H@std@@V?$allocator@H@2@$0A@@std@@@std@@IAEXPAU?$_Tree_node@HPAX@2@@Z 100076b1 f i bncs_shim.obj
 0001:000066b1       ?_Erase@?$_Tree@V?$_Tset_traits@PAVIccClientCallback@@U?$less@PAVIccClientCallback@@@std@@V?$allocator@PAVIccClientCallback@@@3@$0A@@std@@@std@@IAEXPAU?$_Tree_node@PAVIccClientCallback@@PAX@2@@Z 100076b1 f i bncs_shim.obj
 0001:000066b1       ?_Erase@?$_Tree@V?$_Tmap_traits@HPAVregStruct@@U?$less@H@std@@V?$allocator@U?$pair@$$CBHPAVregStruct@@@std@@@3@$00@std@@@std@@IAEXPAU?$_Tree_node@U?$pair@$$CBHPAVregStruct@@@std@@PAX@2@@Z 100076b1 f i bncs_shim.obj
 0001:000066b1       ?_Erase@?$_Tree@V?$_Tmap_traits@JPAVpollStruct@@U?$less@J@std@@V?$allocator@U?$pair@$$CBJPAVpollStruct@@@std@@@3@$0A@@std@@@std@@IAEXPAU?$_Tree_node@U?$pair@$$CBJPAVpollStruct@@@std@@PAX@2@@Z 100076b1 f i bncs_shim.obj
 0001:000066b1       ?_Erase@?$_Tree@V?$_Tmap_traits@HVclient@@U?$less@H@std@@V?$allocator@U?$pair@$$CBHVclient@@@std@@@3@$0A@@std@@@std@@IAEXPAU?$_Tree_node@U?$pair@$$CBHVclient@@@std@@PAX@2@@Z 100076b1 f i timer.obj
 0001:000066e6       ?_Lbound@?$_Tree@V?$_Tmap_traits@HVclient@@U?$less@H@std@@V?$allocator@U?$pair@$$CBHVclient@@@std@@@3@$0A@@std@@@std@@IAEPAU?$_Tree_node@U?$pair@$$CBHVclient@@@std@@PAX@2@ABH@Z 100076e6 f i timer.obj
 0001:000066e6       ?_Lbound@?$_Tree@V?$_Tmap_traits@JPAVpollStruct@@U?$less@J@std@@V?$allocator@U?$pair@$$CBJPAVpollStruct@@@std@@@3@$0A@@std@@@std@@IAEPAU?$_Tree_node@U?$pair@$$CBJPAVpollStruct@@@std@@PAX@2@ABJ@Z 100076e6 f i bncs_shim.obj
 0001:000066e6       ?_Lbound@?$_Tree@V?$_Tmap_traits@HPAVregStruct@@U?$less@H@std@@V?$allocator@U?$pair@$$CBHPAVregStruct@@@std@@@3@$00@std@@@std@@IAEPAU?$_Tree_node@U?$pair@$$CBHPAVregStruct@@@std@@PAX@2@ABH@Z 100076e6 f i bncs_shim.obj
 0001:00006713       ?clear@?$_Tree@V?$_Tmap_traits@JPAVpollStruct@@U?$less@J@std@@V?$allocator@U?$pair@$$CBJPAVpollStruct@@@std@@@3@$0A@@std@@@std@@QAEXXZ 10007713 f i bncs_shim.obj
 0001:00006713       ?clear@?$_Tree@V?$_Tset_traits@PAVIccClientCallback@@U?$less@PAVIccClientCallback@@@std@@V?$allocator@PAVIccClientCallback@@@3@$0A@@std@@@std@@QAEXXZ 10007713 f i bncs_shim.obj
 0001:00006713       ?clear@?$_Tree@V?$_Tmap_traits@HVclient@@U?$less@H@std@@V?$allocator@U?$pair@$$CBHVclient@@@std@@@3@$0A@@std@@@std@@QAEXXZ 10007713 f i timer.obj
 0001:00006713       ?clear@?$_Tree@V?$_Tset_traits@HU?$less@H@std@@V?$allocator@H@2@$0A@@std@@@std@@QAEXXZ 10007713 f i bncs_shim.obj
 0001:00006713       ?clear@?$_Tree@V?$_Tmap_traits@HPAVregStruct@@U?$less@H@std@@V?$allocator@U?$pair@$$CBHPAVregStruct@@@std@@@3@$00@std@@@std@@QAEXXZ 10007713 f i bncs_shim.obj
 0001:00006734       ?timerProc@@YGXPAUHWND__@@IIK@Z 10007734 f   timer.obj
 0001:0000676a       ?timerStart@timer@@QAEHHH@Z 1000776a f   timer.obj
 0001:000067cb       ?timerStop@timer@@QAEHH@Z  100077cb f   timer.obj
 0001:00006830       ??0bncs_disklog@@QAE@PBDW4filetype@0@@Z 10007830 f   bncs_disklog:bncs_disklog.obj
 0001:00006860       ??1bncs_disklog@@UAE@XZ    10007860 f   bncs_disklog:bncs_disklog.obj
 0001:00006870       ??_Gbncs_disklog@@UAEPAXI@Z 10007870 f i bncs_disklog:bncs_disklog.obj
 0001:00006870       ??_Ebncs_disklog@@UAEPAXI@Z 10007870 f i bncs_disklog:bncs_disklog.obj
 0001:000068a0       ?cleanup@bncs_disklog@@AAEXXZ 100078a0 f   bncs_disklog:bncs_disklog.obj
 0001:000068c0       ?createDirectory@bncs_disklog@@AAEXPBD@Z 100078c0 f   bncs_disklog:bncs_disklog.obj
 0001:000069c0       ?initVars@bncs_disklog@@AAEXXZ 100079c0 f   bncs_disklog:bncs_disklog.obj
 0001:000069e0       ?openLogFile@bncs_disklog@@AAEXPBDW4filetype@1@@Z 100079e0 f   bncs_disklog:bncs_disklog.obj
 0001:00006c10       ?write@bncs_disklog@@QAEXPBD00000@Z 10007c10 f   bncs_disklog:bncs_disklog.obj
 0001:00006e40       _BNCS32ReceiveMessage      10007e40 f   bncsWM32:BncsWM32.obj
 0001:00006f90       _BNCS32SendMessage         10007f90 f   bncsWM32:BncsWM32.obj
 0001:00007070       ??0decodeBNCSString@@QAE@PBDD@Z 10008070 f   decodecaptionstring:decodeBNCSString.obj
 0001:000070a0       ??1decodeBNCSString@@UAE@XZ 100080a0 f   decodecaptionstring:decodeBNCSString.obj
 0001:000070c0       ??_GdecodeBNCSString@@UAEPAXI@Z 100080c0 f i decodecaptionstring:decodeBNCSString.obj
 0001:000070c0       ??_EdecodeBNCSString@@UAEPAXI@Z 100080c0 f i decodecaptionstring:decodeBNCSString.obj
 0001:00007100       ?split@decodeBNCSString@@AAEXPBD@Z 10008100 f i decodecaptionstring:decodeBNCSString.obj
 0001:00007321       ??_U@YAPAXI@Z              10008321 f   msvcprt:newaop_s.obj
 0001:0000732a       ??_M@YGXPAXIHP6EX0@Z@Z     1000832a f   MSVCRT:ehvecdtr.obj
 0001:00007399       ?__ArrayUnwind@@YGXPAXIHP6EX0@Z@Z 10008399 f   MSVCRT:ehvecdtr.obj
 0001:000073f8       __purecall                 100083f8 f   MSVCRT:MSVCR120.dll
 0001:000073fe       ??2@YAPAXI@Z               100083fe f   MSVCRT:MSVCR120.dll
 0001:00007404       ??3@YAXPAX@Z               10008404 f   MSVCRT:MSVCR120.dll
 0001:0000740a       ___atonexitinit            1000840a f   MSVCRT:atonexit.obj
 0001:00007446       __onexit                   10008446 f   MSVCRT:atonexit.obj
 0001:000074ef       _atexit                    100084ef f   MSVCRT:atonexit.obj
 0001:00007504       _memcpy                    10008504 f   MSVCRT:MSVCR120.dll
 0001:0000750a       _strlen                    1000850a f   MSVCRT:MSVCR120.dll
 0001:00007510       _sprintf                   10008510 f   MSVCRT:MSVCR120.dll
 0001:00007516       ??_V@YAXPAX@Z              10008516 f   MSVCRT:MSVCR120.dll
 0001:0000751c       @__security_check_cookie@4 1000851c f   MSVCRT:secchk.obj
 0001:0000752c       __CxxThrowException@8      1000852c f   MSVCRT:MSVCR120.dll
 0001:00007532       __EH_epilog3               10008532 f   MSVCRT:ehprolg3.obj
 0001:00007546       __EH_epilog3_GS            10008546 f   MSVCRT:ehprolg3.obj
 0001:00007555       __EH_prolog3               10008555 f   MSVCRT:ehprolg3.obj
 0001:00007588       __EH_prolog3_GS            10008588 f   MSVCRT:ehprolg3.obj
 0001:000075be       __EH_prolog3_catch         100085be f   MSVCRT:ehprolg3.obj
 0001:000075f4       ___CxxFrameHandler3        100085f4 f   MSVCRT:MSVCR120.dll
 0001:000075fa       ??_Etype_info@@UAEPAXI@Z   100085fa f i MSVCRT:ti_inst.obj
 0001:00007650       _memset                    10008650 f   MSVCRT:MSVCR120.dll
 0001:00007656       _strcpy                    10008656 f   MSVCRT:MSVCR120.dll
 0001:0000765c       _strcmp                    1000865c f   MSVCRT:MSVCR120.dll
 0001:00007662       _strncpy                   10008662 f   MSVCRT:MSVCR120.dll
 0001:00007668       _getenv                    10008668 f   MSVCRT:MSVCR120.dll
 0001:0000766e       __mkdir                    1000866e f   MSVCRT:MSVCR120.dll
 0001:000076c0       __CRT_INIT@12              100086c0 f   MSVCRT:crtdll.obj
 0001:000078b7       __DllMainCRTStartup@12     100088b7 f   MSVCRT:crtdll.obj
 0001:00007a0e       _strtok                    10008a0e f   MSVCRT:MSVCR120.dll
 0001:00007a14       __localtime64              10008a14 f   MSVCRT:MSVCR120.dll
 0001:00007a1a       __time64                   10008a1a f   MSVCRT:MSVCR120.dll
 0001:00007a20       ?terminate@@YAXXZ          10008a20 f   MSVCRT:MSVCR120.dll
 0001:00007a30       __SEH_prolog4              10008a30 f   MSVCRT:sehprolg4.obj
 0001:00007a75       __SEH_epilog4              10008a75 f   MSVCRT:sehprolg4.obj
 0001:00007a89       __except_handler4          10008a89 f   MSVCRT:chandler4gs.obj
 0001:00007aac       __lock                     10008aac f   MSVCRT:MSVCR120.dll
 0001:00007ab2       __unlock                   10008ab2 f   MSVCRT:MSVCR120.dll
 0001:00007ab8       ___dllonexit               10008ab8 f   MSVCRT:MSVCR120.dll
 0001:00007abe       ___raise_securityfailure   10008abe f   MSVCRT:gs_report.obj
 0001:00007afb       ___report_gsfailure        10008afb f   MSVCRT:gs_report.obj
 0001:00007bf6       ??1type_info@@UAE@XZ       10008bf6 f   MSVCRT:MSVCR120.dll
 0001:00007bfc       ___CppXcptFilter           10008bfc f   MSVCRT:MSVCR120.dll
 0001:00007c02       __amsg_exit                10008c02 f   MSVCRT:MSVCR120.dll
 0001:00007c10       __FindPESection            10008c10 f   MSVCRT:pesect.obj
 0001:00007c60       __IsNonwritableInCurrentImage 10008c60 f   MSVCRT:pesect.obj
 0001:00007d20       __ValidateImageBase        10008d20 f   MSVCRT:pesect.obj
 0001:00007d51       ___security_init_cookie    10008d51 f   MSVCRT:gs_support.obj
 0001:00007ded       __RTC_Initialize           10008ded f   MSVCRT:initsect.obj
 0001:00007e0d       __RTC_Terminate            10008e0d f   MSVCRT:initsect.obj
 0001:00007e2e       __initterm                 10008e2e f   MSVCRT:MSVCR120.dll
 0001:00007e34       __initterm_e               10008e34 f   MSVCRT:MSVCR120.dll
 0001:00007e3a       ___clean_type_info_names   10008e3a f   MSVCRT:tncleanup.obj
 0001:00007e46       __except_handler4_common   10008e46 f   MSVCRT:MSVCR120.dll
 0001:00007e4c       __crt_debugger_hook        10008e4c f   MSVCRT:MSVCR120.dll
 0001:00007e52       ___crtUnhandledException   10008e52 f   MSVCRT:MSVCR120.dll
 0001:00007e58       ___crtTerminateProcess     10008e58 f   MSVCRT:MSVCR120.dll
 0001:00007e5e       ___clean_type_info_names_internal 10008e5e f   MSVCRT:MSVCR120.dll
 0001:00007e64       _IsProcessorFeaturePresent@4 10008e64 f   kernel32:KERNEL32.dll
 0002:00000000       __imp__BNCS32TxMessage     1000a000     bncsif32:BNCSIF32.dll
 0002:00000004       __imp__BNCS32RxMessage     1000a004     bncsif32:BNCSIF32.dll
 0002:00000008       \177BNCSIF32_NULL_THUNK_DATA 1000a008     bncsif32:BNCSIF32.dll
 0002:0000000c       __imp__OutputDebugStringA@4 1000a00c     kernel32:KERNEL32.dll
 0002:00000010       __imp__FreeLibrary@4       1000a010     kernel32:KERNEL32.dll
 0002:00000014       __imp__GetProcAddress@8    1000a014     kernel32:KERNEL32.dll
 0002:00000018       __imp__GetLastError@0      1000a018     kernel32:KERNEL32.dll
 0002:0000001c       __imp__LoadLibraryA@4      1000a01c     kernel32:KERNEL32.dll
 0002:00000020       __imp__GetPrivateProfileIntA@16 1000a020     kernel32:KERNEL32.dll
 0002:00000024       __imp__GetPrivateProfileStringA@24 1000a024     kernel32:KERNEL32.dll
 0002:00000028       __imp__WritePrivateProfileStringA@16 1000a028     kernel32:KERNEL32.dll
 0002:0000002c       __imp__WriteFile@20        1000a02c     kernel32:KERNEL32.dll
 0002:00000030       __imp__SetFilePointer@16   1000a030     kernel32:KERNEL32.dll
 0002:00000034       __imp__CloseHandle@4       1000a034     kernel32:KERNEL32.dll
 0002:00000038       __imp__GetSystemTime@4     1000a038     kernel32:KERNEL32.dll
 0002:0000003c       __imp__GetLocalTime@4      1000a03c     kernel32:KERNEL32.dll
 0002:00000040       __imp__CreateFileA@28      1000a040     kernel32:KERNEL32.dll
 0002:00000044       __imp__GetCurrentThreadId@0 1000a044     kernel32:KERNEL32.dll
 0002:00000048       __imp__GetCurrentProcessId@0 1000a048     kernel32:KERNEL32.dll
 0002:0000004c       __imp__QueryPerformanceCounter@4 1000a04c     kernel32:KERNEL32.dll
 0002:00000050       __imp__IsProcessorFeaturePresent@4 1000a050     kernel32:KERNEL32.dll
 0002:00000054       __imp__IsDebuggerPresent@0 1000a054     kernel32:KERNEL32.dll
 0002:00000058       __imp__DecodePointer@4     1000a058     kernel32:KERNEL32.dll
 0002:0000005c       __imp__EncodePointer@4     1000a05c     kernel32:KERNEL32.dll
 0002:00000060       __imp__GetSystemTimeAsFileTime@4 1000a060     kernel32:KERNEL32.dll
 0002:00000064       \177KERNEL32_NULL_THUNK_DATA 1000a064     kernel32:KERNEL32.dll
 0002:00000068       __imp_?_Syserror_map@std@@YAPBDH@Z 1000a068     msvcprt:MSVCP120.dll
 0002:0000006c       __imp_?_Xout_of_range@std@@YAXPBD@Z 1000a06c     msvcprt:MSVCP120.dll
 0002:00000070       __imp_?_Xlength_error@std@@YAXPBD@Z 1000a070     msvcprt:MSVCP120.dll
 0002:00000074       __imp_?_Xbad_alloc@std@@YAXXZ 1000a074     msvcprt:MSVCP120.dll
 0002:00000078       __imp_?_Winerror_map@std@@YAPBDH@Z 1000a078     msvcprt:MSVCP120.dll
 0002:0000007c       \177MSVCP120_NULL_THUNK_DATA 1000a07c     msvcprt:MSVCP120.dll
 0002:00000080       __imp___initterm_e         1000a080     MSVCRT:MSVCR120.dll
 0002:00000084       __imp___crt_debugger_hook  1000a084     MSVCRT:MSVCR120.dll
 0002:00000088       __imp____crtUnhandledException 1000a088     MSVCRT:MSVCR120.dll
 0002:0000008c       __imp____crtTerminateProcess 1000a08c     MSVCRT:MSVCR120.dll
 0002:00000090       __imp____clean_type_info_names_internal 1000a090     MSVCRT:MSVCR120.dll
 0002:00000094       __imp___except_handler4_common 1000a094     MSVCRT:MSVCR120.dll
 0002:00000098       __imp___mkdir              1000a098     MSVCRT:MSVCR120.dll
 0002:0000009c       __imp___purecall           1000a09c     MSVCRT:MSVCR120.dll
 0002:000000a0       __imp_??2@YAPAXI@Z         1000a0a0     MSVCRT:MSVCR120.dll
 0002:000000a4       __imp_??3@YAXPAX@Z         1000a0a4     MSVCRT:MSVCR120.dll
 0002:000000a8       __imp__memcpy              1000a0a8     MSVCRT:MSVCR120.dll
 0002:000000ac       __imp__strlen              1000a0ac     MSVCRT:MSVCR120.dll
 0002:000000b0       __imp__memmove             1000a0b0     MSVCRT:MSVCR120.dll
 0002:000000b4       __imp__sprintf             1000a0b4     MSVCRT:MSVCR120.dll
 0002:000000b8       __imp_??_V@YAXPAX@Z        1000a0b8     MSVCRT:MSVCR120.dll
 0002:000000bc       __imp___CxxThrowException@8 1000a0bc     MSVCRT:MSVCR120.dll
 0002:000000c0       __imp____CxxFrameHandler3  1000a0c0     MSVCRT:MSVCR120.dll
 0002:000000c4       __imp___initterm           1000a0c4     MSVCRT:MSVCR120.dll
 0002:000000c8       __imp__memset              1000a0c8     MSVCRT:MSVCR120.dll
 0002:000000cc       __imp__strcpy              1000a0cc     MSVCRT:MSVCR120.dll
 0002:000000d0       __imp__strcmp              1000a0d0     MSVCRT:MSVCR120.dll
 0002:000000d4       __imp__strncpy             1000a0d4     MSVCRT:MSVCR120.dll
 0002:000000d8       __imp__atoi                1000a0d8     MSVCRT:MSVCR120.dll
 0002:000000dc       __imp__getenv              1000a0dc     MSVCRT:MSVCR120.dll
 0002:000000e0       __imp__sprintf_s           1000a0e0     MSVCRT:MSVCR120.dll
 0002:000000e4       __imp__strtok              1000a0e4     MSVCRT:MSVCR120.dll
 0002:000000e8       __imp___localtime64        1000a0e8     MSVCRT:MSVCR120.dll
 0002:000000ec       __imp___time64             1000a0ec     MSVCRT:MSVCR120.dll
 0002:000000f0       __imp__sscanf              1000a0f0     MSVCRT:MSVCR120.dll
 0002:000000f4       __imp_?terminate@@YAXXZ    1000a0f4     MSVCRT:MSVCR120.dll
 0002:000000f8       __imp___lock               1000a0f8     MSVCRT:MSVCR120.dll
 0002:000000fc       __imp___unlock             1000a0fc     MSVCRT:MSVCR120.dll
 0002:00000100       __imp___calloc_crt         1000a100     MSVCRT:MSVCR120.dll
 0002:00000104       __imp____dllonexit         1000a104     MSVCRT:MSVCR120.dll
 0002:00000108       __imp___onexit             1000a108     MSVCRT:MSVCR120.dll
 0002:0000010c       __imp_??1type_info@@UAE@XZ 1000a10c     MSVCRT:MSVCR120.dll
 0002:00000110       __imp____CppXcptFilter     1000a110     MSVCRT:MSVCR120.dll
 0002:00000114       __imp___amsg_exit          1000a114     MSVCRT:MSVCR120.dll
 0002:00000118       __imp__free                1000a118     MSVCRT:MSVCR120.dll
 0002:0000011c       __imp___malloc_crt         1000a11c     MSVCRT:MSVCR120.dll
 0002:00000120       \177MSVCR120_NULL_THUNK_DATA 1000a120     MSVCRT:MSVCR120.dll
 0002:00000124       __imp__DestroyWindow@4     1000a124     user32:USER32.dll
 0002:00000128       __imp__wsprintfA           1000a128     user32:USER32.dll
 0002:0000012c       __imp__KillTimer@8         1000a12c     user32:USER32.dll
 0002:00000130       __imp__SetTimer@16         1000a130     user32:USER32.dll
 0002:00000134       __imp__GetClassNameA@12    1000a134     user32:USER32.dll
 0002:00000138       __imp__SetWindowLongA@12   1000a138     user32:USER32.dll
 0002:0000013c       __imp__GetWindowLongA@8    1000a13c     user32:USER32.dll
 0002:00000140       __imp__IsWindow@4          1000a140     user32:USER32.dll
 0002:00000144       __imp__CreateWindowExA@48  1000a144     user32:USER32.dll
 0002:00000148       __imp__UnregisterClassA@8  1000a148     user32:USER32.dll
 0002:0000014c       __imp__RegisterClassA@4    1000a14c     user32:USER32.dll
 0002:00000150       __imp__DefWindowProcA@16   1000a150     user32:USER32.dll
 0002:00000154       __imp__PostMessageA@16     1000a154     user32:USER32.dll
 0002:00000158       __imp__SendMessageA@16     1000a158     user32:USER32.dll
 0002:0000015c       __imp__MessageBoxA@16      1000a15c     user32:USER32.dll
 0002:00000160       \177USER32_NULL_THUNK_DATA 1000a160     user32:USER32.dll
 0002:00000164       ___xc_a                    1000a164     MSVCRT:cinitexe.obj
 0002:00000178       ___xc_z                    1000a178     MSVCRT:cinitexe.obj
 0002:0000017c       ___xi_a                    1000a17c     MSVCRT:cinitexe.obj
 0002:00000188       ___xi_z                    1000a188     MSVCRT:cinitexe.obj
 0002:00000194       ??_7error_category@std@@6B@ 1000a194     bncs_shim.obj
 0002:000001b0       ??_7_Generic_error_category@std@@6B@ 1000a1b0     bncs_shim.obj
 0002:000001c8       ??_C@_07DCLBNMLN@generic?$AA@ 1000a1c8     bncs_shim.obj
 0002:000001d0       ??_C@_0O@BFJCFAAK@unknown?5error?$AA@ 1000a1d0     bncs_shim.obj
 0002:000001e4       ??_7_Iostream_error_category@std@@6B@ 1000a1e4     bncs_shim.obj
 0002:000001fc       ??_C@_08LLGCOLLL@iostream?$AA@ 1000a1fc     bncs_shim.obj
 0002:00000208       ??_C@_0BG@PADBLCHM@iostream?5stream?5error?$AA@ 1000a208     bncs_shim.obj
 0002:00000224       ??_7_System_error_category@std@@6B@ 1000a224     bncs_shim.obj
 0002:0000023c       ??_C@_06FHFOAHML@system?$AA@ 1000a23c     bncs_shim.obj
 0002:00000248       ??_7ccCheck@@6B@           1000a248     bncs_shim.obj
 0002:00000250       ??_7IccClientCallback@@6B@ 1000a250     bncs_shim.obj
 0002:00000280       ??_7ccClient@@6B@          1000a280     bncs_shim.obj
 0002:00000284       ??_C@_08LJGJBJHI@ccClient?$AA@ 1000a284     bncs_shim.obj
 0002:00000294       ??_7ItimerCallback@@6B@    1000a294     bncs_shim.obj
 0002:0000029c       ??_7bncs_dll_client_shim@@6BccClient@@@ 1000a29c     bncs_shim.obj
 0002:000002a4       ??_7bncs_dll_client_shim@@6BIccClientCallback@@@ 1000a2a4     bncs_shim.obj
 0002:000002d4       ??_7bncs_dll_client_shim@@6BItimerCallback@@@ 1000a2d4     bncs_shim.obj
 0002:000002d8       ??_C@_0CO@MMGEIFPI@?$DMbncs_shim?$DO?3bncs_dll_client_shim@ 1000a2d8     bncs_shim.obj
 0002:00000308       ??_C@_0EO@GAEPHJNF@?$DMbncs_shim?$DO?3?5Not?5adding?5duplicat@ 1000a308     bncs_shim.obj
 0002:00000358       ??_C@_0FN@JOKJLIPG@bncs_dll_client_shim?3?5removing?5p@ 1000a358     bncs_shim.obj
 0002:000003b8       ??_C@_0EJ@EBDKNJLP@?$DMbncs_shim?$DO?3?5Device?5?$CFd?5slot?5?$CFd?5f@ 1000a3b8     bncs_shim.obj
 0002:00000404       ??_C@_0CI@JMMEBAEG@Whooaa?5?9?5bncs_shim?5safety?5valve?5@ 1000a404     bncs_shim.obj
 0002:0000042c       ??_C@_09PEEPGOII@bncs_shim?$AA@ 1000a42c     bncs_shim.obj
 0002:00000438       ??_C@_0FB@DCLGMKGJ@?9?9?9?9?9?9?9?9?9?9?9?9?9?9?9?9?9?9?9?9?9?9?9?9?9?9?9?9?9?9?9?9@ 1000a438     bncs_shim.obj
 0002:0000048c       ??_C@_0BA@JFNIOLAK@string?5too?5long?$AA@ 1000a48c     bncs_shim.obj
 0002:0000049c       ??_C@_0BI@CFPLBAOH@invalid?5string?5position?$AA@ 1000a49c     bncs_shim.obj
 0002:000004b4       ??_C@_0BC@KBDMBKEH@deque?$DMT?$DO?5too?5long?$AA@ 1000a4b4     bncs_shim.obj
 0002:000004c8       ??_C@_0BE@JONHPENG@map?1set?$DMT?$DO?5too?5long?$AA@ 1000a4c8     bncs_shim.obj
 0002:000004e0       ??_7bncs_shim_loader@@6B@  1000a4e0     bncs_shim_loader.obj
 0002:000004e4       ??_C@_02LMMGGCAJ@?3?5?$AA@ 1000a4e4     ccCheck.obj
 0002:000004e8       ??_C@_0CJ@PMKCGGCL@Device?5Number?5of?5out?5range?5?$CIless@ 1000a4e8     ccCheck.obj
 0002:00000514       ??_C@_0CL@LCKFFHKG@Device?5Number?5of?5out?5range?5?$CI?$DO?5MA@ 1000a514     ccCheck.obj
 0002:00000540       ??_C@_0CI@IGLAJDJI@Index?5Number?5of?5out?5range?5?$CIless?5@ 1000a540     ccCheck.obj
 0002:00000568       ??_C@_0CI@PMCCDFOB@Index?5Number?5of?5out?5range?5?$CI?$DO?5MAX@ 1000a568     ccCheck.obj
 0002:00000590       ??_C@_0DC@OGFBPEGN@Source?5Number?5of?5out?5range?5?$CIless@ 1000a590     ccCheck.obj
 0002:000005c4       ??_C@_0CJ@EKBPLHLJ@Source?5Number?5of?5out?5range?5?$CI?$DO?5MA@ 1000a5c4     ccCheck.obj
 0002:000005f0       ??_C@_0BK@BPKEILLL@Invalid?5range?5?$CIstart?$DOend?$CJ?$AA@ 1000a5f0     ccCheck.obj
 0002:0000060c       ??_C@_0BK@LPOMIHEL@Invalid?5database?5?$CI?$CFd?$DO?$DN?$CFd?$CJ?$AA@ 1000a60c     ccCheck.obj
[...]
 0002:00001674       __unwindtable$??$?HDU?$char_traits@D@std@@V?$allocator@D@1@@std@@YA?AV?$basic_string@DU?$char_traits@D@std@@V?$allocator@D@2@@0@ABV10@PBD@Z 1000b674     ccCheck.obj
 0002:00001674       __unwindtable$??$?HDU?$char_traits@D@std@@V?$allocator@D@1@@std@@YA?AV?$basic_string@DU?$char_traits@D@std@@V?$allocator@D@2@@0@PBDABV10@@Z 1000b674     ccCheck.obj
 0002:0000167c       __ehfuncinfo$??$?HDU?$char_traits@D@std@@V?$allocator@D@1@@std@@YA?AV?$basic_string@DU?$char_traits@D@std@@V?$allocator@D@2@@0@ABV10@PBD@Z 1000b67c     ccCheck.obj
 0002:0000167c       __ehfuncinfo$??$?HDU?$char_traits@D@std@@V?$allocator@D@1@@std@@YA?AV?$basic_string@DU?$char_traits@D@std@@V?$allocator@D@2@@0@PBDABV10@@Z 1000b67c     ccCheck.obj
 0002:000016a0       __unwindtable$??0ccClient@@QAE@PAVIccClientCallback@@ABV?$basic_string@DU?$char_traits@D@std@@V?$allocator@D@2@@std@@@Z 1000b6a0     ccClient.obj
 0002:000016b0       __ehfuncinfo$??0ccClient@@QAE@PAVIccClientCallback@@ABV?$basic_string@DU?$char_traits@D@std@@V?$allocator@D@2@@std@@@Z 1000b6b0     ccClient.obj
 0002:000016d4       __unwindtable$?deviceProfile@ccClient@@QAEXHAAH00AAV?$basic_string@DU?$char_traits@D@std@@V?$allocator@D@2@@std@@@Z 1000b6d4     ccClient.obj
 0002:000016dc       __ehfuncinfo$?deviceProfile@ccClient@@QAEXHAAH00AAV?$basic_string@DU?$char_traits@D@std@@V?$allocator@D@2@@std@@@Z 1000b6dc     ccClient.obj
 0002:00001700       __ehfuncinfo$?WndProc@ccClient@@CGJPAUHWND__@@IIJ@Z 1000b700     ccClient.obj
 0002:00001724       __unwindtable$?WndProc@ccClient@@CGJPAUHWND__@@IIJ@Z 1000b724     ccClient.obj
 0002:00001764       __unwindtable$?deviceQuery@ccClient@@AAEXDHHH_N@Z 1000b764     ccClient.obj
 0002:00001764       __unwindtable$?deviceFile@ccClient@@AAEXDH@Z 1000b764     ccClient.obj
 0002:00001764       __unwindtable$?devicePoll@ccClient@@AAEXDHHH_N@Z 1000b764     ccClient.obj
 0002:00001764       __unwindtable$?deviceLock@ccClient@@AAEXDHHH_N0H@Z 1000b764     ccClient.obj
 0002:0000176c       __ehfuncinfo$?devicePoll@ccClient@@AAEXDHHH_N@Z 1000b76c     ccClient.obj
 0002:0000176c       __ehfuncinfo$?deviceFile@ccClient@@AAEXDH@Z 1000b76c     ccClient.obj
 0002:0000176c       __ehfuncinfo$?deviceLock@ccClient@@AAEXDHHH_N0H@Z 1000b76c     ccClient.obj
 0002:0000176c       __ehfuncinfo$?deviceQuery@ccClient@@AAEXDHHH_N@Z 1000b76c     ccClient.obj
 0002:00001790       __unwindtable$?getInt@ccConfig@@SAHABV?$basic_string@DU?$char_traits@D@std@@V?$allocator@D@2@@std@@00H_N@Z 1000b790     ccConfig.obj
 0002:000017a0       __ehfuncinfo$?getInt@ccConfig@@SAHABV?$basic_string@DU?$char_traits@D@std@@V?$allocator@D@2@@std@@00H_N@Z 1000b7a0     ccConfig.obj
 0002:000017c4       __unwindtable$?getDevPath@ccConfig@@SA?AV?$basic_string@DU?$char_traits@D@std@@V?$allocator@D@2@@std@@XZ 1000b7c4     ccConfig.obj
 0002:000017dc       __ehfuncinfo$?getDevPath@ccConfig@@SA?AV?$basic_string@DU?$char_traits@D@std@@V?$allocator@D@2@@std@@XZ 1000b7dc     ccConfig.obj
 0002:00001800       __ehfuncinfo$?workstation@ccConfig@@SAHXZ 1000b800     ccConfig.obj
 0002:00001824       __unwindtable$?workstation@ccConfig@@SAHXZ 1000b824     ccConfig.obj
 0002:0000186c       __catchsym$??$_Insert_nohint@AAU?$pair@$$CBHVclient@@@std@@PAU?$_Tree_node@U?$pair@$$CBHVclient@@@std@@PAX@2@@?$_Tree@V?$_Tmap_traits@HVclient@@U?$less@H@std@@V?$allocator@U?$pair@$$CBHVclient@@@std@@@3@$0A@@std@@@std@@IAE?AU?$pair@V?$_Tree_iterator@V?$_Tree_val@U?$_Tree_simple_types@U?$pair@$$CBHVclient@@@std@@@std@@@std@@@std@@_N@1@_NAAU?$pair@$$CBHVclient@@@1@PAU?$_Tree_node@U?$pair@$$CBHVclient@@@std@@PAX@1@@Z$2 1000b86c     timer.obj
 0002:0000187c       __unwindtable$??$_Insert_nohint@AAU?$pair@$$CBHVclient@@@std@@PAU?$_Tree_node@U?$pair@$$CBHVclient@@@std@@PAX@2@@?$_Tree@V?$_Tmap_traits@HVclient@@U?$less@H@std@@V?$allocator@U?$pair@$$CBHVclient@@@std@@@3@$0A@@std@@@std@@IAE?AU?$pair@V?$_Tree_iterator@V?$_Tree_val@U?$_Tree_simple_types@U?$pair@$$CBHVclient@@@std@@@std@@@std@@@std@@_N@1@_NAAU?$pair@$$CBHVclient@@@1@PAU?$_Tree_node@U?$pair@$$CBHVclient@@@std@@PAX@1@@Z 1000b87c     timer.obj
 0002:0000188c       __tryblocktable$??$_Insert_nohint@AAU?$pair@$$CBHVclient@@@std@@PAU?$_Tree_node@U?$pair@$$CBHVclient@@@std@@PAX@2@@?$_Tree@V?$_Tmap_traits@HVclient@@U?$less@H@std@@V?$allocator@U?$pair@$$CBHVclient@@@std@@@3@$0A@@std@@@std@@IAE?AU?$pair@V?$_Tree_iterator@V?$_Tree_val@U?$_Tree_simple_types@U?$pair@$$CBHVclient@@@std@@@std@@@std@@@std@@_N@1@_NAAU?$pair@$$CBHVclient@@@1@PAU?$_Tree_node@U?$pair@$$CBHVclient@@@std@@PAX@1@@Z 1000b88c     timer.obj
 0002:000018a0       __ehfuncinfo$??$_Insert_nohint@AAU?$pair@$$CBHVclient@@@std@@PAU?$_Tree_node@U?$pair@$$CBHVclient@@@std@@PAX@2@@?$_Tree@V?$_Tmap_traits@HVclient@@U?$less@H@std@@V?$allocator@U?$pair@$$CBHVclient@@@std@@@3@$0A@@std@@@std@@IAE?AU?$pair@V?$_Tree_iterator@V?$_Tree_val@U?$_Tree_simple_types@U?$pair@$$CBHVclient@@@std@@@std@@@std@@@std@@_N@1@_NAAU?$pair@$$CBHVclient@@@1@PAU?$_Tree_node@U?$pair@$$CBHVclient@@@std@@PAX@1@@Z 1000b8a0     timer.obj
 0002:000018c8       __sehtable$??_M@YGXPAXIHP6EX0@Z@Z 1000b8c8     MSVCRT:ehvecdtr.obj
 0002:000018e8       __sehtable$?__ArrayUnwind@@YGXPAXIHP6EX0@Z@Z 1000b8e8     MSVCRT:ehvecdtr.obj
 0002:00001908       __sehtable$__onexit        1000b908     MSVCRT:atonexit.obj
 0002:00001928       __sehtable$___DllMainCRTStartup 1000b928     MSVCRT:crtdll.obj
 0002:00001950       __sehtable$__IsNonwritableInCurrentImage 1000b950     MSVCRT:pesect.obj
 0002:00001970       .edata                     1000b970     bncs_shim_loader.exp
 0002:00001998       rgpv                       1000b998     bncs_shim_loader.exp
 0002:00001b84       rgszName                   1000bb84     bncs_shim_loader.exp
 0002:00001d70       rgwOrd                     1000bd70     bncs_shim_loader.exp
 0002:00001e66       szName                     1000be66     bncs_shim_loader.exp
 0002:00001e7b       $N00001                    1000be7b     bncs_shim_loader.exp
 0002:00001e9d       $N00002                    1000be9d     bncs_shim_loader.exp
 0002:00001eba       $N00003                    1000beba     bncs_shim_loader.exp
 0002:00001edf       $N00004                    1000bedf     bncs_shim_loader.exp
 0002:00001eff       $N00005                    1000beff     bncs_shim_loader.exp
 0002:00001f20       $N00006                    1000bf20     bncs_shim_loader.exp
 0002:00001f3c       $N00007                    1000bf3c     bncs_shim_loader.exp
 0002:00001f55       $N00008                    1000bf55     bncs_shim_loader.exp
 0002:00001fbf       $N00009                    1000bfbf     bncs_shim_loader.exp
 0002:00001fdf       $N00010                    1000bfdf     bncs_shim_loader.exp
 0002:00001ffb       $N00011                    1000bffb     bncs_shim_loader.exp
 0002:0000200f       $N00012                    1000c00f     bncs_shim_loader.exp
 0002:00002035       $N00013                    1000c035     bncs_shim_loader.exp
 0002:0000205e       $N00014                    1000c05e     bncs_shim_loader.exp
 0002:00002083       $N00015                    1000c083     bncs_shim_loader.exp
 0002:000020a0       $N00016                    1000c0a0     bncs_shim_loader.exp
 0002:000020bb       $N00017                    1000c0bb     bncs_shim_loader.exp
 0002:000020ec       $N00018                    1000c0ec     bncs_shim_loader.exp
 0002:0000211a       $N00019                    1000c11a     bncs_shim_loader.exp
 0002:00002142       $N00020                    1000c142     bncs_shim_loader.exp
 0002:0000215c       $N00021                    1000c15c     bncs_shim_loader.exp
 0002:0000216e       $N00022                    1000c16e     bncs_shim_loader.exp
 0002:00002183       $N00023                    1000c183     bncs_shim_loader.exp
 0002:000021ab       $N00024                    1000c1ab     bncs_shim_loader.exp
 0002:000021d2       $N00025                    1000c1d2     bncs_shim_loader.exp
 0002:000021ff       $N00026                    1000c1ff     bncs_shim_loader.exp
 0002:0000221f       $N00027                    1000c21f     bncs_shim_loader.exp
 0002:0000223d       $N00028                    1000c23d     bncs_shim_loader.exp
 0002:0000229d       $N00029                    1000c29d     bncs_shim_loader.exp
 0002:000022bd       $N00030                    1000c2bd     bncs_shim_loader.exp
 0002:00002320       $N00031                    1000c320     bncs_shim_loader.exp
 0002:00002392       $N00032                    1000c392     bncs_shim_loader.exp
 0002:00002407       $N00033                    1000c407     bncs_shim_loader.exp
 0002:0000242f       $N00034                    1000c42f     bncs_shim_loader.exp
 0002:0000245a       $N00035                    1000c45a     bncs_shim_loader.exp
 0002:0000248a       $N00036                    1000c48a     bncs_shim_loader.exp
 0002:000024bd       $N00037                    1000c4bd     bncs_shim_loader.exp
 0002:0000252c       $N00038                    1000c52c     bncs_shim_loader.exp
 0002:0000259e       $N00039                    1000c59e     bncs_shim_loader.exp
 0002:000025df       $N00040                    1000c5df     bncs_shim_loader.exp
 0002:00002623       $N00041                    1000c623     bncs_shim_loader.exp
 0002:0000264e       $N00042                    1000c64e     bncs_shim_loader.exp
 0002:0000267c       $N00043                    1000c67c     bncs_shim_loader.exp
 0002:000026ab       $N00044                    1000c6ab     bncs_shim_loader.exp
 0002:000026dd       $N00045                    1000c6dd     bncs_shim_loader.exp
 0002:0000274b       $N00046                    1000c74b     bncs_shim_loader.exp
 0002:000027bc       $N00047                    1000c7bc     bncs_shim_loader.exp
 0002:000027e6       $N00048                    1000c7e6     bncs_shim_loader.exp
 0002:00002814       $N00049                    1000c814     bncs_shim_loader.exp
 0002:00002845       $N00050                    1000c845     bncs_shim_loader.exp
 0002:00002877       $N00051                    1000c877     bncs_shim_loader.exp
 0002:000028a7       $N00052                    1000c8a7     bncs_shim_loader.exp
 0002:000028d1       $N00053                    1000c8d1     bncs_shim_loader.exp
 0002:000028fd       $N00054                    1000c8fd     bncs_shim_loader.exp
 0002:0000291d       $N00055                    1000c91d     bncs_shim_loader.exp
 0002:00002956       $N00056                    1000c956     bncs_shim_loader.exp
 0002:000029b8       $N00057                    1000c9b8     bncs_shim_loader.exp
 0002:00002a21       $N00058                    1000ca21     bncs_shim_loader.exp
 0002:00002a84       $N00059                    1000ca84     bncs_shim_loader.exp
 0002:00002ab7       $N00060                    1000cab7     bncs_shim_loader.exp
 0002:00002aea       $N00061                    1000caea     bncs_shim_loader.exp
 0002:00002b14       $N00062                    1000cb14     bncs_shim_loader.exp
 0002:00002b33       $N00063                    1000cb33     bncs_shim_loader.exp
 0002:00002b58       $N00064                    1000cb58     bncs_shim_loader.exp
 0002:00002bbb       $N00065                    1000cbbb     bncs_shim_loader.exp
 0002:00002bde       $N00066                    1000cbde     bncs_shim_loader.exp
 0002:00002c44       $N00067                    1000cc44     bncs_shim_loader.exp
 0002:00002c68       $N00068                    1000cc68     bncs_shim_loader.exp
 0002:00002c86       $N00069                    1000cc86     bncs_shim_loader.exp
 0002:00002cb6       $N00070                    1000ccb6     bncs_shim_loader.exp
 0002:00002cdc       $N00071                    1000ccdc     bncs_shim_loader.exp
 0002:00002d10       $N00072                    1000cd10     bncs_shim_loader.exp
 0002:00002d4a       $N00073                    1000cd4a     bncs_shim_loader.exp
 0002:00002d65       $N00074                    1000cd65     bncs_shim_loader.exp
 0002:00002d86       $N00075                    1000cd86     bncs_shim_loader.exp
 0002:00002db1       $N00076                    1000cdb1     bncs_shim_loader.exp
 0002:00002dd0       $N00077                    1000cdd0     bncs_shim_loader.exp
 0002:00002df0       $N00078                    1000cdf0     bncs_shim_loader.exp
 0002:00002e12       $N00079                    1000ce12     bncs_shim_loader.exp
 0002:00002e34       $N00080                    1000ce34     bncs_shim_loader.exp
 0002:00002e60       $N00081                    1000ce60     bncs_shim_loader.exp
 0002:00002e80       $N00082                    1000ce80     bncs_shim_loader.exp
 0002:00002ea1       $N00083                    1000cea1     bncs_shim_loader.exp
 0002:00002f02       $N00084                    1000cf02     bncs_shim_loader.exp
 0002:00002f24       $N00085                    1000cf24     bncs_shim_loader.exp
 0002:00002f43       $N00086                    1000cf43     bncs_shim_loader.exp
 0002:00002f71       $N00087                    1000cf71     bncs_shim_loader.exp
 0002:00002f93       $N00088                    1000cf93     bncs_shim_loader.exp
 0002:00002faf       $N00089                    1000cfaf     bncs_shim_loader.exp
 0002:00002fce       $N00090                    1000cfce     bncs_shim_loader.exp
 0002:00002feb       $N00091                    1000cfeb     bncs_shim_loader.exp
 0002:00003008       $N00092                    1000d008     bncs_shim_loader.exp
 0002:00003025       $N00093                    1000d025     bncs_shim_loader.exp
 0002:00003041       $N00094                    1000d041     bncs_shim_loader.exp
 0002:00003075       $N00095                    1000d075     bncs_shim_loader.exp
 0002:000030b2       $N00096                    1000d0b2     bncs_shim_loader.exp
 0002:000030ef       $N00097                    1000d0ef     bncs_shim_loader.exp
 0002:00003118       $N00098                    1000d118     bncs_shim_loader.exp
 0002:00003149       $N00099                    1000d149     bncs_shim_loader.exp
 0002:00003171       $N00100                    1000d171     bncs_shim_loader.exp
 0002:0000319c       $N00101                    1000d19c     bncs_shim_loader.exp
 0002:000031c1       $N00102                    1000d1c1     bncs_shim_loader.exp
 0002:000031ed       $N00103                    1000d1ed     bncs_shim_loader.exp
 0002:0000320d       $N00104                    1000d20d     bncs_shim_loader.exp
 0002:00003236       $N00105                    1000d236     bncs_shim_loader.exp
 0002:0000325f       $N00106                    1000d25f     bncs_shim_loader.exp
 0002:00003289       $N00107                    1000d289     bncs_shim_loader.exp
 0002:000032f2       $N00108                    1000d2f2     bncs_shim_loader.exp
 0002:00003310       $N00109                    1000d310     bncs_shim_loader.exp
 0002:00003334       $N00110                    1000d334     bncs_shim_loader.exp
 0002:00003362       $N00111                    1000d362     bncs_shim_loader.exp
 0002:00003384       $N00112                    1000d384     bncs_shim_loader.exp
 0002:000033a7       $N00113                    1000d3a7     bncs_shim_loader.exp
 0002:000033ce       $N00114                    1000d3ce     bncs_shim_loader.exp
 0002:00003438       $N00115                    1000d438     bncs_shim_loader.exp
 0002:0000346c       $N00116                    1000d46c     bncs_shim_loader.exp
 0002:00003493       $N00117                    1000d493     bncs_shim_loader.exp
 0002:000034c0       $N00118                    1000d4c0     bncs_shim_loader.exp
 0002:000034f1       $N00119                    1000d4f1     bncs_shim_loader.exp
 0002:0000352c       $N00120                    1000d52c     bncs_shim_loader.exp
 0002:00003568       $N00121                    1000d568     bncs_shim_loader.exp
 0002:00003582       $N00122                    1000d582     bncs_shim_loader.exp
 0002:000035a0       $N00123                    1000d5a0     bncs_shim_loader.exp
 0002:0000379c       .idata$6                   1000d79c     bncsif32:BNCSIF32.dll
 0002:000038ac       .idata$6                   1000d8ac     kernel32:KERNEL32.dll
 0002:000039a6       .idata$6                   1000d9a6     user32:USER32.dll
 0002:00003a4c       .idata$6                   1000da4c     msvcprt:MSVCP120.dll
 0002:00003b7c       .idata$6                   1000db7c     MSVCRT:MSVCR120.dll
 0003:00000010       _BNCS_CCCHECK_SIG          1000e010     ccCheck.obj
 0003:00000078       _BNCS_CCCLIENT_SIG         1000e078     ccClient.obj
 0003:000000e0       _BNCS_CCCONFIG_SIG         1000e0e0     ccConfig.obj
 0003:00000148       _BNCS_DISKLOG_SIG          1000e148     bncs_disklog:bncs_disklog.obj
 0003:000001b8       _BNCS_BNCSWM32_SIG         1000e1b8     bncsWM32:BncsWM32.obj
 0003:000003e8       __Tuple_alloc              1000e3e8     bncs_shim.obj
 0003:000003e9       _ignore                    1000e3e9     bncs_shim.obj
 0003:000003ea       _allocator_arg             1000e3ea     bncs_shim.obj
 0003:000003eb       _piecewise_construct       1000e3eb     bncs_shim.obj
 0003:000003ec       __Nil_obj                  1000e3ec     bncs_shim.obj
 0003:000003fc       __Tuple_alloc              1000e3fc     bncs_shim_loader.obj
 0003:000003fd       _ignore                    1000e3fd     bncs_shim_loader.obj
 0003:000003fe       _allocator_arg             1000e3fe     bncs_shim_loader.obj
 0003:000003ff       _piecewise_construct       1000e3ff     bncs_shim_loader.obj
 0003:00000400       _shim                      1000e400     bncs_shim_loader.obj
 0003:00000404       _allocator_arg             1000e404     ccCheck.obj
 0003:00000405       _piecewise_construct       1000e405     ccCheck.obj
 0003:00000406       __Tuple_alloc              1000e406     ccClient.obj
 0003:00000407       _ignore                    1000e407     ccClient.obj
 0003:00000408       _allocator_arg             1000e408     ccClient.obj
 0003:00000409       _piecewise_construct       1000e409     ccClient.obj
 0003:0000040a       __Tuple_alloc              1000e40a     ccConfig.obj
 0003:0000040b       _ignore                    1000e40b     ccConfig.obj
 0003:0000040c       _allocator_arg             1000e40c     ccConfig.obj
 0003:0000040d       _piecewise_construct       1000e40d     ccConfig.obj
 0003:00000410       __Tuple_alloc              1000e410     timer.obj
 0003:00000411       _ignore                    1000e411     timer.obj
 0003:00000412       _allocator_arg             1000e412     timer.obj
 0003:00000413       _piecewise_construct       1000e413     timer.obj
 0003:00000420       _acCopyDataResult          1000e420     bncsWM32:BncsWM32.obj
 0003:00000624       _lCopyDataResult           1000e624     bncsWM32:BncsWM32.obj
 0003:00000628       ?lResult@?1??BNCS32SendMessage@@9@4JA 1000e628     bncsWM32:BncsWM32.obj
 0003:0000062c       ?acNumericData@?1??BNCS32SendMessage@@9@4PADA 1000e62c     bncsWM32:BncsWM32.obj
 0003:0000063c       ?CDS@?1??BNCS32SendMessage@@9@4UtagCOPYDATASTRUCT@@A 1000e63c     bncsWM32:BncsWM32.obj
 0003:00000648       ?uMsg@?1??BNCS32ReceiveMessage@@9@4IA 1000e648     bncsWM32:BncsWM32.obj
 0003:0000064c       ?wParam@?1??BNCS32ReceiveMessage@@9@4IA 1000e64c     bncsWM32:BncsWM32.obj
 0003:00000650       ?lParam@?1??BNCS32ReceiveMessage@@9@4JA 1000e650     bncsWM32:BncsWM32.obj
 0003:00000654       ?lResult@?1??BNCS32ReceiveMessage@@9@4JA 1000e654     bncsWM32:BncsWM32.obj
 0003:00000658       ___proc_attached           1000e658     MSVCRT:crtdll.obj
 0003:00000660       _GS_ExceptionRecord        1000e660     MSVCRT:gs_report.obj
 0003:000006b0       _GS_ContextRecord          1000e6b0     MSVCRT:gs_report.obj
 0003:0000097c       _DebuggerWasPresent        1000e97c     MSVCRT:gs_report.obj
 0004:000000a0       $R000000                   1000f0a0     Script1.res
 0004:000004b0       $R000410                   1000f4b0     Script1.res
