 bncs_cachedData

 Timestamp is 56ddfd44 (Mon Mar 07 22:14:28 2016)

 Preferred load address is 10000000

 Start         Length     Name                   Class
 0001:00000000 00013a20H .text                   CODE
 0001:00013a20 0000243aH .text$x                 CODE
 0002:00000000 0000007cH .rdata                  DATA
 0002:00000080 000024a0H .xdata$x                DATA
 0002:00002520 00005b04H .edata                  DATA
 0003:00000000 00000004H .CRT$XCA                DATA
 0003:00000004 00000014H .CRT$XCU                DATA
 0003:00000018 00000004H .CRT$XCZ                DATA
 0003:0000001c 00000004H .CRT$XIA                DATA
 0003:00000020 00000004H .CRT$XIZ                DATA
 0003:00000030 000007f0H .data                   DATA
 0003:00000820 0000026cH .bss                    DATA
 0004:00000000 00000050H .idata$2                DATA
 0004:00000050 00000014H .idata$3                DATA
 0004:00000064 00000184H .idata$4                DATA
 0004:000001e8 00000184H .idata$5                DATA
 0004:0000036c 00000c64H .idata$6                DATA
 0005:00000000 00000058H .rsrc$01                DATA
 0005:00000060 000004c0H .rsrc$02                DATA

  Address         Publics by Value              Rva+Base     Lib:Object

 0001:00000000       ??0instanceInfo@@QAE@ABV0@@Z 10001000 f i bncs_instance_lookup.obj
 0001:000000a0       ??4instanceInfo@@QAEAAV0@ABV0@@Z 100010a0 f i bncs_instance_lookup.obj
 0001:00000190       ??_EinstanceInfo@@UAEPAXI@Z 10001190 f i bncs_instance_lookup.obj
 0001:000001f0       ??0paramInfo@@QAE@ABV0@@Z  100011f0 f i bncs_instance_lookup.obj
 0001:00000210       ??4paramInfo@@QAEAAV0@ABV0@@Z 10001210 f i bncs_instance_lookup.obj
 0001:00000220       ??_EparamInfo@@UAEPAXI@Z   10001220 f i bncs_instance_lookup.obj
 0001:00000280       ??0deviceTypeInfo@@QAE@ABV0@@Z 10001280 f i bncs_instance_lookup.obj
 0001:000002b0       ??4deviceTypeInfo@@QAEAAV0@ABV0@@Z 100012b0 f i bncs_instance_lookup.obj
 0001:00000370       ??_EdeviceTypeInfo@@UAEPAXI@Z 10001370 f i bncs_instance_lookup.obj
 0001:000003d0       ??0complexParam@@QAE@ABV0@@Z 100013d0 f i bncs_instance_lookup.obj
 0001:00000430       ??4complexParam@@QAEAAV0@ABV0@@Z 10001430 f i bncs_instance_lookup.obj
 0001:00000460       ??_EcomplexParam@@UAEPAXI@Z 10001460 f i bncs_instance_lookup.obj
 0001:000004c0       ??0complexInstance@@QAE@ABV0@@Z 100014c0 f i bncs_instance_lookup.obj
 0001:000004e0       ??4complexInstance@@QAEAAV0@ABV0@@Z 100014e0 f i bncs_instance_lookup.obj
 0001:000005a0       ??_EcomplexInstance@@UAEPAXI@Z 100015a0 f i bncs_instance_lookup.obj
 0001:00000600       ??0complexType@@QAE@ABV0@@Z 10001600 f i bncs_instance_lookup.obj
 0001:00000620       ??4complexType@@QAEAAV0@ABV0@@Z 10001620 f i bncs_instance_lookup.obj
 0001:000006e0       ??_EcomplexType@@UAEPAXI@Z 100016e0 f i bncs_instance_lookup.obj
 0001:00000740       ??0bncs_instance_lookup@@QAE@ABV0@@Z 10001740 f i bncs_instance_lookup.obj
 0001:00000750       ??4bncs_stylesheet@@QAEAAV0@ABV0@@Z 10001750 f i bncs_instance_lookup.obj
 0001:00000750       ??4bncs_instance_lookup@@QAEAAV0@ABV0@@Z 10001750 f i bncs_instance_lookup.obj
 0001:00000760       ??_Ebncs_instance_lookup@@UAEPAXI@Z 10001760 f i bncs_instance_lookup.obj
 0001:00000a90       ??0bncs_instance_lookup@@QAE@XZ 10001a90 f   bncs_instance_lookup.obj
 0001:00000aa0       ??1bncs_instance_lookup@@UAE@XZ 10001aa0 f   bncs_instance_lookup.obj
 0001:00000ab0       ?countInstances@bncs_instance_lookup@@SAHXZ 10001ab0 f   bncs_instance_lookup.obj
 0001:00000ac0       ?countDeviceTypes@bncs_instance_lookup@@SAHXZ 10001ac0 f   bncs_instance_lookup.obj
 0001:00000ad0       ?countComplexTypes@bncs_instance_lookup@@SAHXZ 10001ad0 f   bncs_instance_lookup.obj
 0001:00000ae0       ?lookupComposite@bncs_instance_lookup@@SA_NABVQString@@AA_NAAV?$QMap@VQString@@V1@@@@Z 10001ae0 f   bncs_instance_lookup.obj
 0001:00000c00       ?lookupComposite@bncs_instance_lookup@@SA_NABVQString@@0AAV2@@Z 10001c00 f   bncs_instance_lookup.obj
 0001:00000ca0       ?lookupType@bncs_instance_lookup@@SA_NABVQString@@AAV2@@Z 10001ca0 f   bncs_instance_lookup.obj
 0001:00000d50       ?lookup@bncs_instance_lookup@@SA_NABVQString@@AAV2@PAH2PAD@Z 10001d50 f   bncs_instance_lookup.obj
 0001:00000f40       ?lookup@bncs_instance_lookup@@SA_NABVQString@@0AAV2@PAH22PAD@Z 10001f40 f   bncs_instance_lookup.obj
 0001:00001270       ?loadInstances@bncs_instance_lookup@@SA_NXZ 10002270 f   bncs_instance_lookup.obj
 0001:000025a0       ?path@global@@SA?AVQString@@XZ 100035a0 f i bncs_instance_lookup.obj
 0001:00002680       ?dump@bncs_instance_lookup@@SAXXZ 10003680 f   bncs_instance_lookup.obj
 0001:00002720       ?loadDeviceTypes@bncs_instance_lookup@@SA_NXZ 10003720 f   bncs_instance_lookup.obj
 0001:00002a70       ?loadComplexTypes@bncs_instance_lookup@@SA_NXZ 10003a70 f   bncs_instance_lookup.obj
 0001:00002d90       ?loadDeviceParams@bncs_instance_lookup@@SA_NABVQString@@AAVdeviceTypeInfo@@@Z 10003d90 f   bncs_instance_lookup.obj
 0001:000036c0       ?loadComplexType@bncs_instance_lookup@@SA_NABVQString@@AAVcomplexType@@@Z 100046c0 f   bncs_instance_lookup.obj
 0001:000040e0       ?lookupComplex@bncs_instance_lookup@@SA_NABVQString@@00AAV2@PAH22PAD@Z 100050e0 f   bncs_instance_lookup.obj
 0001:000041e0       ?lookup@bncs_instance_lookup@@SA_NABVQString@@AAV2@111AA_N@Z 100051e0 f   bncs_instance_lookup.obj
 0001:000043b0       ?getInstanceInfo@bncs_instance_lookup@@SA_NABVQString@@PAPAVinstanceInfo@@@Z 100053b0 f   bncs_instance_lookup.obj
 0001:000044c0       ?lookupInstanceOfType@bncs_instance_lookup@@SA_NABVQString@@AAVQStringList@@@Z 100054c0 f   bncs_instance_lookup.obj
 0001:00004580       ??0?$QMap@VQString@@VparamInfo@@@@QAE@XZ 10005580 f i bncs_instance_lookup.obj
 0001:00004660       ??1?$QMap@VQString@@VparamInfo@@@@QAE@XZ 10005660 f i bncs_instance_lookup.obj
 0001:00004700       ?begin@?$QMap@VQString@@VparamInfo@@@@QAE?AV?$QMapIterator@VQString@@VparamInfo@@@@XZ 10005700 f i bncs_instance_lookup.obj
 0001:00004730       ?end@?$QMap@VQString@@VparamInfo@@@@QAE?AV?$QMapIterator@VQString@@VparamInfo@@@@XZ 10005730 f i bncs_instance_lookup.obj
 0001:00004750       ?replace@?$QMap@VQString@@VparamInfo@@@@QAE?AV?$QMapIterator@VQString@@VparamInfo@@@@ABVQString@@ABVparamInfo@@@Z 10005750 f i bncs_instance_lookup.obj
 0001:000048b0       ?remove@?$QMap@VQString@@VparamInfo@@@@QAEXV?$QMapIterator@VQString@@VparamInfo@@@@@Z 100058b0 f i bncs_instance_lookup.obj
 0001:000048b0       ?erase@?$QMap@VQString@@VparamInfo@@@@QAEXV?$QMapIterator@VQString@@VparamInfo@@@@@Z 100058b0 f i bncs_instance_lookup.obj
 0001:000048e0       ?find@?$QMap@VQString@@VparamInfo@@@@QAE?AV?$QMapIterator@VQString@@VparamInfo@@@@ABVQString@@@Z 100058e0 f i bncs_instance_lookup.obj
 0001:00004960       ?keys@?$QMap@VQString@@VparamInfo@@@@QBE?AV?$QValueList@VQString@@@@XZ 10005960 f i bncs_instance_lookup.obj
 0001:00004a80       ?values@?$QMap@VQString@@VparamInfo@@@@QBE?AV?$QValueList@VparamInfo@@@@XZ 10005a80 f i bncs_instance_lookup.obj
 0001:00004ba0       ?detach@?$QMap@VQString@@VparamInfo@@@@IAEXXZ 10005ba0 f i bncs_instance_lookup.obj
 0001:00004bb0       ??0?$QMap@VQString@@VcomplexParam@@@@QAE@XZ 10005bb0 f i bncs_instance_lookup.obj
 0001:00004c90       ??1?$QMap@VQString@@VcomplexParam@@@@QAE@XZ 10005c90 f i bncs_instance_lookup.obj
 0001:00004d30       ?begin@?$QMap@VQString@@VcomplexParam@@@@QAE?AV?$QMapIterator@VQString@@VcomplexParam@@@@XZ 10005d30 f i bncs_instance_lookup.obj
 0001:00004d60       ?end@?$QMap@VQString@@VcomplexParam@@@@QAE?AV?$QMapIterator@VQString@@VcomplexParam@@@@XZ 10005d60 f i bncs_instance_lookup.obj
 0001:00004d80       ?replace@?$QMap@VQString@@VcomplexParam@@@@QAE?AV?$QMapIterator@VQString@@VcomplexParam@@@@ABVQString@@ABVcomplexParam@@@Z 10005d80 f i bncs_instance_lookup.obj
 0001:00004ef0       ?remove@?$QMap@VQString@@VcomplexParam@@@@QAEXV?$QMapIterator@VQString@@VcomplexParam@@@@@Z 10005ef0 f i bncs_instance_lookup.obj
 0001:00004ef0       ?erase@?$QMap@VQString@@VcomplexParam@@@@QAEXV?$QMapIterator@VQString@@VcomplexParam@@@@@Z 10005ef0 f i bncs_instance_lookup.obj
 0001:00004f20       ?find@?$QMap@VQString@@VcomplexParam@@@@QAE?AV?$QMapIterator@VQString@@VcomplexParam@@@@ABVQString@@@Z 10005f20 f i bncs_instance_lookup.obj
 0001:00004fa0       ?find@?$QMap@VQString@@VcomplexParam@@@@QBE?AV?$QMapConstIterator@VQString@@VcomplexParam@@@@ABVQString@@@Z 10005fa0 f i bncs_instance_lookup.obj
 0001:00005010       ??A?$QMap@VQString@@VcomplexParam@@@@QBEABVcomplexParam@@ABVQString@@@Z 10006010 f i bncs_instance_lookup.obj
 0001:00005080       ?contains@?$QMap@VQString@@VcomplexParam@@@@QBE_NABVQString@@@Z 10006080 f i bncs_instance_lookup.obj
 0001:000050f0       ?keys@?$QMap@VQString@@VcomplexParam@@@@QBE?AV?$QValueList@VQString@@@@XZ 100060f0 f i bncs_instance_lookup.obj
 0001:00005210       ?values@?$QMap@VQString@@VcomplexParam@@@@QBE?AV?$QValueList@VcomplexParam@@@@XZ 10006210 f i bncs_instance_lookup.obj
 0001:00005330       ?detach@?$QMap@VQString@@VcomplexParam@@@@IAEXXZ 10006330 f i bncs_instance_lookup.obj
 0001:00005340       ??0?$QMap@VQString@@VcomplexInstance@@@@QAE@XZ 10006340 f i bncs_instance_lookup.obj
 0001:00005420       ??1?$QMap@VQString@@VcomplexInstance@@@@QAE@XZ 10006420 f i bncs_instance_lookup.obj
 0001:000054c0       ?begin@?$QMap@VQString@@VcomplexInstance@@@@QAE?AV?$QMapIterator@VQString@@VcomplexInstance@@@@XZ 100064c0 f i bncs_instance_lookup.obj
 0001:000054f0       ?end@?$QMap@VQString@@VcomplexInstance@@@@QAE?AV?$QMapIterator@VQString@@VcomplexInstance@@@@XZ 100064f0 f i bncs_instance_lookup.obj
 0001:00005510       ?replace@?$QMap@VQString@@VcomplexInstance@@@@QAE?AV?$QMapIterator@VQString@@VcomplexInstance@@@@ABVQString@@ABVcomplexInstance@@@Z 10006510 f i bncs_instance_lookup.obj
 0001:00005670       ?find@?$QMap@VQString@@VcomplexInstance@@@@QAE?AV?$QMapIterator@VQString@@VcomplexInstance@@@@ABVQString@@@Z 10006670 f i bncs_instance_lookup.obj
 0001:000056f0       ?find@?$QMap@VQString@@VparamInfo@@@@QBE?AV?$QMapConstIterator@VQString@@VparamInfo@@@@ABVQString@@@Z 100066f0 f i bncs_instance_lookup.obj
 0001:000056f0       ?find@?$QMap@VQString@@VcomplexInstance@@@@QBE?AV?$QMapConstIterator@VQString@@VcomplexInstance@@@@ABVQString@@@Z 100066f0 f i bncs_instance_lookup.obj
 0001:000056f0       ?find@?$QMap@VQString@@VcomplexType@@@@QBE?AV?$QMapConstIterator@VQString@@VcomplexType@@@@ABVQString@@@Z 100066f0 f i bncs_instance_lookup.obj
 0001:00005760       ??A?$QMap@VQString@@VparamInfo@@@@QBEABVparamInfo@@ABVQString@@@Z 10006760 f i bncs_instance_lookup.obj
 0001:00005760       ??A?$QMap@VQString@@VcomplexInstance@@@@QBEABVcomplexInstance@@ABVQString@@@Z 10006760 f i bncs_instance_lookup.obj
 0001:00005760       ??A?$QMap@VQString@@VcomplexType@@@@QBEABVcomplexType@@ABVQString@@@Z 10006760 f i bncs_instance_lookup.obj
 0001:000057d0       ?contains@?$QMap@VQString@@VcomplexType@@@@QBE_NABVQString@@@Z 100067d0 f i bncs_instance_lookup.obj
 0001:000057d0       ?contains@?$QMap@VQString@@VcomplexInstance@@@@QBE_NABVQString@@@Z 100067d0 f i bncs_instance_lookup.obj
 0001:000057d0       ?contains@?$QMap@VQString@@VparamInfo@@@@QBE_NABVQString@@@Z 100067d0 f i bncs_instance_lookup.obj
 0001:00005840       ?keys@?$QMap@VQString@@VcomplexInstance@@@@QBE?AV?$QValueList@VQString@@@@XZ 10006840 f i bncs_instance_lookup.obj
 0001:00005960       ?values@?$QMap@VQString@@VcomplexInstance@@@@QBE?AV?$QValueList@VcomplexInstance@@@@XZ 10006960 f i bncs_instance_lookup.obj
 0001:00005a80       ?remove@?$QMap@VQString@@VcomplexInstance@@@@QAEXV?$QMapIterator@VQString@@VcomplexInstance@@@@@Z 10006a80 f i bncs_instance_lookup.obj
 0001:00005a80       ?erase@?$QMap@VQString@@VcomplexInstance@@@@QAEXV?$QMapIterator@VQString@@VcomplexInstance@@@@@Z 10006a80 f i bncs_instance_lookup.obj
 0001:00005ab0       ?detach@?$QMap@VQString@@VcomplexInstance@@@@IAEXXZ 10006ab0 f i bncs_instance_lookup.obj
 0001:00005ac0       ??0?$QMap@VQString@@VinstanceInfo@@@@QAE@XZ 10006ac0 f i bncs_instance_lookup.obj
 0001:00005ba0       ??1?$QMap@VQString@@VinstanceInfo@@@@QAE@XZ 10006ba0 f i bncs_instance_lookup.obj
 0001:00005c40       ?begin@?$QMap@VQString@@VinstanceInfo@@@@QAE?AV?$QMapIterator@VQString@@VinstanceInfo@@@@XZ 10006c40 f i bncs_instance_lookup.obj
 0001:00005c70       ?end@?$QMap@VQString@@VinstanceInfo@@@@QAE?AV?$QMapIterator@VQString@@VinstanceInfo@@@@XZ 10006c70 f i bncs_instance_lookup.obj
 0001:00005c90       ?constBegin@?$QMap@VQString@@VcomplexType@@@@QBE?AV?$QMapConstIterator@VQString@@VcomplexType@@@@XZ 10006c90 f i bncs_instance_lookup.obj
 0001:00005c90       ?begin@?$QMap@VQString@@VparamInfo@@@@QBE?AV?$QMapConstIterator@VQString@@VparamInfo@@@@XZ 10006c90 f i bncs_instance_lookup.obj
 0001:00005c90       ?begin@?$QMap@VQString@@VcomplexInstance@@@@QBE?AV?$QMapConstIterator@VQString@@VcomplexInstance@@@@XZ 10006c90 f i bncs_instance_lookup.obj
 0001:00005c90       ?constBegin@?$QMap@VQString@@VinstanceInfo@@@@QBE?AV?$QMapConstIterator@VQString@@VinstanceInfo@@@@XZ 10006c90 f i bncs_instance_lookup.obj
 0001:00005c90       ?begin@?$QMap@VQString@@VdeviceTypeInfo@@@@QBE?AV?$QMapConstIterator@VQString@@VdeviceTypeInfo@@@@XZ 10006c90 f i bncs_instance_lookup.obj
 0001:00005c90       ?begin@?$QMap@VQString@@VcomplexParam@@@@QBE?AV?$QMapConstIterator@VQString@@VcomplexParam@@@@XZ 10006c90 f i bncs_instance_lookup.obj
 0001:00005c90       ?constBegin@?$QMap@VQString@@Vstyleentry@@@@QBE?AV?$QMapConstIterator@VQString@@Vstyleentry@@@@XZ 10006c90 f i bncs_instance_lookup.obj
 0001:00005c90       ?begin@?$QMap@VQString@@VcomplexType@@@@QBE?AV?$QMapConstIterator@VQString@@VcomplexType@@@@XZ 10006c90 f i bncs_instance_lookup.obj
 0001:00005c90       ?constBegin@?$QMap@VQString@@VdeviceTypeInfo@@@@QBE?AV?$QMapConstIterator@VQString@@VdeviceTypeInfo@@@@XZ 10006c90 f i bncs_instance_lookup.obj
 0001:00005c90       ?begin@?$QMap@VQString@@VinstanceInfo@@@@QBE?AV?$QMapConstIterator@VQString@@VinstanceInfo@@@@XZ 10006c90 f i bncs_instance_lookup.obj
 0001:00005c90       ?constBegin@?$QMap@VQString@@VparamInfo@@@@QBE?AV?$QMapConstIterator@VQString@@VparamInfo@@@@XZ 10006c90 f i bncs_instance_lookup.obj
 0001:00005c90       ?constBegin@?$QMap@VQString@@VcomplexInstance@@@@QBE?AV?$QMapConstIterator@VQString@@VcomplexInstance@@@@XZ 10006c90 f i bncs_instance_lookup.obj
 0001:00005c90       ?begin@?$QMap@VQString@@Vstyleentry@@@@QBE?AV?$QMapConstIterator@VQString@@Vstyleentry@@@@XZ 10006c90 f i bncs_instance_lookup.obj
 0001:00005c90       ?constBegin@?$QMap@VQString@@VcomplexParam@@@@QBE?AV?$QMapConstIterator@VQString@@VcomplexParam@@@@XZ 10006c90 f i bncs_instance_lookup.obj
 0001:00005ca0       ?constEnd@?$QMap@VQString@@VcomplexType@@@@QBE?AV?$QMapConstIterator@VQString@@VcomplexType@@@@XZ 10006ca0 f i bncs_instance_lookup.obj
 0001:00005ca0       ?end@?$QMap@VQString@@VcomplexParam@@@@QBE?AV?$QMapConstIterator@VQString@@VcomplexParam@@@@XZ 10006ca0 f i bncs_instance_lookup.obj
 0001:00005ca0       ?constEnd@?$QMap@VQString@@VcomplexParam@@@@QBE?AV?$QMapConstIterator@VQString@@VcomplexParam@@@@XZ 10006ca0 f i bncs_instance_lookup.obj
 0001:00005ca0       ?end@?$QMap@VQString@@VinstanceInfo@@@@QBE?AV?$QMapConstIterator@VQString@@VinstanceInfo@@@@XZ 10006ca0 f i bncs_instance_lookup.obj
 0001:00005ca0       ?end@?$QMap@VQString@@VparamInfo@@@@QBE?AV?$QMapConstIterator@VQString@@VparamInfo@@@@XZ 10006ca0 f i bncs_instance_lookup.obj
 0001:00005ca0       ?end@?$QMap@VQString@@VdeviceTypeInfo@@@@QBE?AV?$QMapConstIterator@VQString@@VdeviceTypeInfo@@@@XZ 10006ca0 f i bncs_instance_lookup.obj
 0001:00005ca0       ?constEnd@?$QMap@VQString@@VinstanceInfo@@@@QBE?AV?$QMapConstIterator@VQString@@VinstanceInfo@@@@XZ 10006ca0 f i bncs_instance_lookup.obj
 0001:00005ca0       ?end@?$QMap@VQString@@Vstyleentry@@@@QBE?AV?$QMapConstIterator@VQString@@Vstyleentry@@@@XZ 10006ca0 f i bncs_instance_lookup.obj
 0001:00005ca0       ?constEnd@?$QMap@VQString@@VdeviceTypeInfo@@@@QBE?AV?$QMapConstIterator@VQString@@VdeviceTypeInfo@@@@XZ 10006ca0 f i bncs_instance_lookup.obj
 0001:00005ca0       ?constEnd@?$QMap@VQString@@VparamInfo@@@@QBE?AV?$QMapConstIterator@VQString@@VparamInfo@@@@XZ 10006ca0 f i bncs_instance_lookup.obj
 0001:00005ca0       ?constEnd@?$QMap@VQString@@VcomplexInstance@@@@QBE?AV?$QMapConstIterator@VQString@@VcomplexInstance@@@@XZ 10006ca0 f i bncs_instance_lookup.obj
 0001:00005ca0       ?end@?$QMap@VQString@@VcomplexInstance@@@@QBE?AV?$QMapConstIterator@VQString@@VcomplexInstance@@@@XZ 10006ca0 f i bncs_instance_lookup.obj
 0001:00005ca0       ?constEnd@?$QMap@VQString@@Vstyleentry@@@@QBE?AV?$QMapConstIterator@VQString@@Vstyleentry@@@@XZ 10006ca0 f i bncs_instance_lookup.obj
 0001:00005ca0       ?end@?$QMap@VQString@@VcomplexType@@@@QBE?AV?$QMapConstIterator@VQString@@VcomplexType@@@@XZ 10006ca0 f i bncs_instance_lookup.obj
 0001:00005cb0       ?replace@?$QMap@VQString@@VinstanceInfo@@@@QAE?AV?$QMapIterator@VQString@@VinstanceInfo@@@@ABVQString@@ABVinstanceInfo@@@Z 10006cb0 f i bncs_instance_lookup.obj
 0001:00005e50       ?erase@?$QMap@VQString@@VinstanceInfo@@@@QAEXV?$QMapIterator@VQString@@VinstanceInfo@@@@@Z 10006e50 f i bncs_instance_lookup.obj
 0001:00005e50       ?remove@?$QMap@VQString@@VinstanceInfo@@@@QAEXV?$QMapIterator@VQString@@VinstanceInfo@@@@@Z 10006e50 f i bncs_instance_lookup.obj
 0001:00005e80       ?find@?$QMap@VQString@@VinstanceInfo@@@@QAE?AV?$QMapIterator@VQString@@VinstanceInfo@@@@ABVQString@@@Z 10006e80 f i bncs_instance_lookup.obj
 0001:00005f00       ?find@?$QMap@VQString@@VinstanceInfo@@@@QBE?AV?$QMapConstIterator@VQString@@VinstanceInfo@@@@ABVQString@@@Z 10006f00 f i bncs_instance_lookup.obj
 0001:00005f70       ??A?$QMap@VQString@@VinstanceInfo@@@@QBEABVinstanceInfo@@ABVQString@@@Z 10006f70 f i bncs_instance_lookup.obj
 0001:00005fe0       ?contains@?$QMap@VQString@@VinstanceInfo@@@@QBE_NABVQString@@@Z 10006fe0 f i bncs_instance_lookup.obj
 0001:00006050       ?keys@?$QMap@VQString@@VinstanceInfo@@@@QBE?AV?$QValueList@VQString@@@@XZ 10007050 f i bncs_instance_lookup.obj
 0001:00006170       ?values@?$QMap@VQString@@VinstanceInfo@@@@QBE?AV?$QValueList@VinstanceInfo@@@@XZ 10007170 f i bncs_instance_lookup.obj
 0001:00006290       ?detach@?$QMap@VQString@@VinstanceInfo@@@@IAEXXZ 10007290 f i bncs_instance_lookup.obj
 0001:000062a0       ??0?$QMap@VQString@@VdeviceTypeInfo@@@@QAE@XZ 100072a0 f i bncs_instance_lookup.obj
 0001:00006380       ??1?$QMap@VQString@@VdeviceTypeInfo@@@@QAE@XZ 10007380 f i bncs_instance_lookup.obj
 0001:00006420       ?begin@?$QMap@VQString@@VdeviceTypeInfo@@@@QAE?AV?$QMapIterator@VQString@@VdeviceTypeInfo@@@@XZ 10007420 f i bncs_instance_lookup.obj
 0001:00006450       ?end@?$QMap@VQString@@VdeviceTypeInfo@@@@QAE?AV?$QMapIterator@VQString@@VdeviceTypeInfo@@@@XZ 10007450 f i bncs_instance_lookup.obj
 0001:00006470       ?replace@?$QMap@VQString@@VdeviceTypeInfo@@@@QAE?AV?$QMapIterator@VQString@@VdeviceTypeInfo@@@@ABVQString@@ABVdeviceTypeInfo@@@Z 10007470 f i bncs_instance_lookup.obj
 0001:000065e0       ?remove@?$QMap@VQString@@VdeviceTypeInfo@@@@QAEXV?$QMapIterator@VQString@@VdeviceTypeInfo@@@@@Z 100075e0 f i bncs_instance_lookup.obj
 0001:000065e0       ?erase@?$QMap@VQString@@VdeviceTypeInfo@@@@QAEXV?$QMapIterator@VQString@@VdeviceTypeInfo@@@@@Z 100075e0 f i bncs_instance_lookup.obj
 0001:00006610       ?find@?$QMap@VQString@@VdeviceTypeInfo@@@@QAE?AV?$QMapIterator@VQString@@VdeviceTypeInfo@@@@ABVQString@@@Z 10007610 f i bncs_instance_lookup.obj
 0001:00006690       ?find@?$QMap@VQString@@Vstyleentry@@@@QBE?AV?$QMapConstIterator@VQString@@Vstyleentry@@@@ABVQString@@@Z 10007690 f i bncs_instance_lookup.obj
 0001:00006690       ?find@?$QMap@VQString@@VdeviceTypeInfo@@@@QBE?AV?$QMapConstIterator@VQString@@VdeviceTypeInfo@@@@ABVQString@@@Z 10007690 f i bncs_instance_lookup.obj
 0001:00006700       ?keys@?$QMap@VQString@@VdeviceTypeInfo@@@@QBE?AV?$QValueList@VQString@@@@XZ 10007700 f i bncs_instance_lookup.obj
 0001:00006820       ?values@?$QMap@VQString@@VdeviceTypeInfo@@@@QBE?AV?$QValueList@VdeviceTypeInfo@@@@XZ 10007820 f i bncs_instance_lookup.obj
 0001:00006940       ?detach@?$QMap@VQString@@VdeviceTypeInfo@@@@IAEXXZ 10007940 f i bncs_instance_lookup.obj
 0001:00006950       ??0?$QMap@VQString@@VcomplexType@@@@QAE@XZ 10007950 f i bncs_instance_lookup.obj
 0001:00006a30       ??1?$QMap@VQString@@VcomplexType@@@@QAE@XZ 10007a30 f i bncs_instance_lookup.obj
 0001:00006ad0       ?begin@?$QMap@VQString@@VcomplexType@@@@QAE?AV?$QMapIterator@VQString@@VcomplexType@@@@XZ 10007ad0 f i bncs_instance_lookup.obj
 0001:00006b00       ?end@?$QMap@VQString@@VcomplexType@@@@QAE?AV?$QMapIterator@VQString@@VcomplexType@@@@XZ 10007b00 f i bncs_instance_lookup.obj
 0001:00006b20       ?replace@?$QMap@VQString@@VcomplexType@@@@QAE?AV?$QMapIterator@VQString@@VcomplexType@@@@ABVQString@@ABVcomplexType@@@Z 10007b20 f i bncs_instance_lookup.obj
 0001:00006c80       ?remove@?$QMap@VQString@@VcomplexType@@@@QAEXV?$QMapIterator@VQString@@VcomplexType@@@@@Z 10007c80 f i bncs_instance_lookup.obj
 0001:00006c80       ?erase@?$QMap@VQString@@VcomplexType@@@@QAEXV?$QMapIterator@VQString@@VcomplexType@@@@@Z 10007c80 f i bncs_instance_lookup.obj
 0001:00006cb0       ?find@?$QMap@VQString@@VcomplexType@@@@QAE?AV?$QMapIterator@VQString@@VcomplexType@@@@ABVQString@@@Z 10007cb0 f i bncs_instance_lookup.obj
 0001:00006d30       ?size@?$QMap@VQString@@VcomplexParam@@@@QBEIXZ 10007d30 f i bncs_instance_lookup.obj
 0001:00006d30       ?size@?$QMap@VQString@@VcomplexType@@@@QBEIXZ 10007d30 f i bncs_instance_lookup.obj
 0001:00006d30       ?count@?$QMap@VQString@@VcomplexInstance@@@@QBEIXZ 10007d30 f i bncs_instance_lookup.obj
 0001:00006d30       ?count@?$QMap@VQString@@VcomplexParam@@@@QBEIXZ 10007d30 f i bncs_instance_lookup.obj
 0001:00006d30       ?count@?$QMap@VQString@@VparamInfo@@@@QBEIXZ 10007d30 f i bncs_instance_lookup.obj
 0001:00006d30       ?count@?$QMap@VQString@@VdeviceTypeInfo@@@@QBEIXZ 10007d30 f i bncs_instance_lookup.obj
 0001:00006d30       ?count@?$QMap@VQString@@VinstanceInfo@@@@QBEIXZ 10007d30 f i bncs_instance_lookup.obj
 0001:00006d30       ?count@?$QMap@VQString@@VcomplexType@@@@QBEIXZ 10007d30 f i bncs_instance_lookup.obj
 0001:00006d30       ?size@?$QMap@VQString@@VparamInfo@@@@QBEIXZ 10007d30 f i bncs_instance_lookup.obj
 0001:00006d30       ?count@?$QMap@VQString@@Vstyleentry@@@@QBEIXZ 10007d30 f i bncs_instance_lookup.obj
 0001:00006d30       ?size@?$QMap@VQString@@VinstanceInfo@@@@QBEIXZ 10007d30 f i bncs_instance_lookup.obj
 0001:00006d30       ?size@?$QMap@VQString@@Vstyleentry@@@@QBEIXZ 10007d30 f i bncs_instance_lookup.obj
 0001:00006d30       ?size@?$QMap@VQString@@VdeviceTypeInfo@@@@QBEIXZ 10007d30 f i bncs_instance_lookup.obj
 0001:00006d30       ?size@?$QMap@VQString@@VcomplexInstance@@@@QBEIXZ 10007d30 f i bncs_instance_lookup.obj
 0001:00006d40       ?keys@?$QMap@VQString@@VcomplexType@@@@QBE?AV?$QValueList@VQString@@@@XZ 10007d40 f i bncs_instance_lookup.obj
 0001:00006e60       ?values@?$QMap@VQString@@VcomplexType@@@@QBE?AV?$QValueList@VcomplexType@@@@XZ 10007e60 f i bncs_instance_lookup.obj
 0001:00006f80       ?empty@?$QMap@VQString@@Vstyleentry@@@@QBE_NXZ 10007f80 f i bncs_instance_lookup.obj
 0001:00006f80       ?empty@?$QMap@VQString@@VdeviceTypeInfo@@@@QBE_NXZ 10007f80 f i bncs_instance_lookup.obj
 0001:00006f80       ?empty@?$QMap@VQString@@VcomplexParam@@@@QBE_NXZ 10007f80 f i bncs_instance_lookup.obj
 0001:00006f80       ?isEmpty@?$QMap@VQString@@VcomplexInstance@@@@QBE_NXZ 10007f80 f i bncs_instance_lookup.obj
 0001:00006f80       ?empty@?$QMap@VQString@@VcomplexType@@@@QBE_NXZ 10007f80 f i bncs_instance_lookup.obj
 0001:00006f80       ?isEmpty@?$QMap@VQString@@VparamInfo@@@@QBE_NXZ 10007f80 f i bncs_instance_lookup.obj
 0001:00006f80       ?empty@?$QMap@VQString@@VinstanceInfo@@@@QBE_NXZ 10007f80 f i bncs_instance_lookup.obj
 0001:00006f80       ?isEmpty@?$QMap@VQString@@Vstyleentry@@@@QBE_NXZ 10007f80 f i bncs_instance_lookup.obj
 0001:00006f80       ?isEmpty@?$QMap@VQString@@VcomplexParam@@@@QBE_NXZ 10007f80 f i bncs_instance_lookup.obj
 0001:00006f80       ?isEmpty@?$QMap@VQString@@VinstanceInfo@@@@QBE_NXZ 10007f80 f i bncs_instance_lookup.obj
 0001:00006f80       ?isEmpty@?$QMap@VQString@@VcomplexType@@@@QBE_NXZ 10007f80 f i bncs_instance_lookup.obj
 0001:00006f80       ?empty@?$QMap@VQString@@VcomplexInstance@@@@QBE_NXZ 10007f80 f i bncs_instance_lookup.obj
 0001:00006f80       ?isEmpty@?$QMap@VQString@@VdeviceTypeInfo@@@@QBE_NXZ 10007f80 f i bncs_instance_lookup.obj
 0001:00006f80       ?empty@?$QMap@VQString@@VparamInfo@@@@QBE_NXZ 10007f80 f i bncs_instance_lookup.obj
 0001:00006f90       ?detach@?$QMap@VQString@@VcomplexType@@@@IAEXXZ 10007f90 f i bncs_instance_lookup.obj
 0001:00006fa0       ?derefAndDelete@?$QValueListPrivate@VQString@@@@QAEXXZ 10007fa0 f i bncs_instance_lookup.obj
 0001:00006fc0       ?remove@?$QMapPrivate@VQString@@VparamInfo@@@@QAEXV?$QMapIterator@VQString@@VparamInfo@@@@@Z 10007fc0 f i bncs_instance_lookup.obj
 0001:00007000       ?remove@?$QMapPrivate@VQString@@VcomplexParam@@@@QAEXV?$QMapIterator@VQString@@VcomplexParam@@@@@Z 10008000 f i bncs_instance_lookup.obj
 0001:00007040       ?begin@?$QMapPrivate@VQString@@VcomplexInstance@@@@QAE?AV?$QMapIterator@VQString@@VcomplexInstance@@@@XZ 10008040 f i bncs_instance_lookup.obj
 0001:00007040       ?begin@?$QMapPrivate@VQString@@VparamInfo@@@@QAE?AV?$QMapIterator@VQString@@VparamInfo@@@@XZ 10008040 f i bncs_instance_lookup.obj
 0001:00007040       ?begin@?$QMapPrivate@VQString@@Vstyleentry@@@@QAE?AV?$QMapIterator@VQString@@Vstyleentry@@@@XZ 10008040 f i bncs_instance_lookup.obj
 0001:00007040       ?begin@?$QMapPrivate@VQString@@VcomplexType@@@@QAE?AV?$QMapIterator@VQString@@VcomplexType@@@@XZ 10008040 f i bncs_instance_lookup.obj
 0001:00007040       ?begin@?$QMapPrivate@VQString@@VinstanceInfo@@@@QAE?AV?$QMapIterator@VQString@@VinstanceInfo@@@@XZ 10008040 f i bncs_instance_lookup.obj
 0001:00007040       ?begin@?$QMapPrivate@VQString@@VcomplexParam@@@@QAE?AV?$QMapIterator@VQString@@VcomplexParam@@@@XZ 10008040 f i bncs_instance_lookup.obj
 0001:00007040       ?begin@?$QMapPrivate@VQString@@VdeviceTypeInfo@@@@QAE?AV?$QMapIterator@VQString@@VdeviceTypeInfo@@@@XZ 10008040 f i bncs_instance_lookup.obj
 0001:00007050       ?remove@?$QMapPrivate@VQString@@VcomplexInstance@@@@QAEXV?$QMapIterator@VQString@@VcomplexInstance@@@@@Z 10008050 f i bncs_instance_lookup.obj
 0001:00007090       ?remove@?$QMapPrivate@VQString@@VinstanceInfo@@@@QAEXV?$QMapIterator@VQString@@VinstanceInfo@@@@@Z 10008090 f i bncs_instance_lookup.obj
 0001:000070d0       ?remove@?$QMapPrivate@VQString@@VdeviceTypeInfo@@@@QAEXV?$QMapIterator@VQString@@VdeviceTypeInfo@@@@@Z 100080d0 f i bncs_instance_lookup.obj
 0001:00007110       ?remove@?$QMapPrivate@VQString@@VcomplexType@@@@QAEXV?$QMapIterator@VQString@@VcomplexType@@@@@Z 10008110 f i bncs_instance_lookup.obj
 0001:00007150       ??1?$QMapNode@VQString@@V1@@@QAE@XZ 10008150 f i bncs_instance_lookup.obj
 0001:000071d0       ??1?$QMapNode@VQString@@VparamInfo@@@@QAE@XZ 100081d0 f i bncs_instance_lookup.obj
 0001:00007240       ??1?$QMapNode@VQString@@VcomplexParam@@@@QAE@XZ 10008240 f i bncs_instance_lookup.obj
 0001:000072b0       ??1?$QMapNode@VQString@@VcomplexInstance@@@@QAE@XZ 100082b0 f i bncs_instance_lookup.obj
 0001:00007320       ??1?$QMapNode@VQString@@VinstanceInfo@@@@QAE@XZ 10008320 f i bncs_instance_lookup.obj
 0001:00007390       ??1?$QMapNode@VQString@@VdeviceTypeInfo@@@@QAE@XZ 10008390 f i bncs_instance_lookup.obj
 0001:00007400       ??1?$QMapNode@VQString@@VcomplexType@@@@QAE@XZ 10008400 f i bncs_instance_lookup.obj
 0001:00007470       ?end@?$QValueList@VparamInfo@@@@QAE?AV?$QValueListIterator@VparamInfo@@@@XZ 10008470 f i bncs_instance_lookup.obj
 0001:000074a0       ?end@?$QValueList@VcomplexParam@@@@QAE?AV?$QValueListIterator@VcomplexParam@@@@XZ 100084a0 f i bncs_instance_lookup.obj
 0001:000074d0       ?end@?$QValueList@VcomplexInstance@@@@QAE?AV?$QValueListIterator@VcomplexInstance@@@@XZ 100084d0 f i bncs_instance_lookup.obj
 0001:00007500       ?end@?$QValueList@VinstanceInfo@@@@QAE?AV?$QValueListIterator@VinstanceInfo@@@@XZ 10008500 f i bncs_instance_lookup.obj
 0001:00007530       ?end@?$QValueList@VdeviceTypeInfo@@@@QAE?AV?$QValueListIterator@VdeviceTypeInfo@@@@XZ 10008530 f i bncs_instance_lookup.obj
 0001:00007560       ?end@?$QValueList@VcomplexType@@@@QAE?AV?$QValueListIterator@VcomplexType@@@@XZ 10008560 f i bncs_instance_lookup.obj
 0001:00007590       ??4?$QMap@VQString@@VparamInfo@@@@QAEAAV0@ABV0@@Z 10008590 f i bncs_instance_lookup.obj
 0001:00007650       ?insert@?$QMap@VQString@@VparamInfo@@@@QAE?AV?$QMapIterator@VQString@@VparamInfo@@@@ABVQString@@ABVparamInfo@@_N@Z 10008650 f i bncs_instance_lookup.obj
 0001:00007750       ?insert@?$QMap@VQString@@VparamInfo@@@@QAE?AU?$QPair@V?$QMapIterator@VQString@@VparamInfo@@@@_N@@ABU?$QPair@$$CBVQString@@VparamInfo@@@@@Z 10008750 f i bncs_instance_lookup.obj
 0001:00007830       ??A?$QMap@VQString@@VparamInfo@@@@QAEAAVparamInfo@@ABVQString@@@Z 10008830 f i bncs_instance_lookup.obj
 0001:000079f0       ?clear@?$QMap@VQString@@VparamInfo@@@@QAEXXZ 100089f0 f i bncs_instance_lookup.obj
 0001:00007b50       ?remove@?$QMap@VQString@@VparamInfo@@@@QAEXABVQString@@@Z 10008b50 f i bncs_instance_lookup.obj
 0001:00007b50       ?erase@?$QMap@VQString@@VparamInfo@@@@QAEXABVQString@@@Z 10008b50 f i bncs_instance_lookup.obj
 0001:00007be0       ?detachInternal@?$QMap@VQString@@VparamInfo@@@@AAEXXZ 10008be0 f i bncs_instance_lookup.obj
 0001:00007dc0       ??4?$QMap@VQString@@VcomplexParam@@@@QAEAAV0@ABV0@@Z 10008dc0 f i bncs_instance_lookup.obj
 0001:00007e80       ?insert@?$QMap@VQString@@VcomplexParam@@@@QAE?AV?$QMapIterator@VQString@@VcomplexParam@@@@ABVQString@@ABVcomplexParam@@_N@Z 10008e80 f i bncs_instance_lookup.obj
 0001:00007f90       ?insert@?$QMap@VQString@@VcomplexParam@@@@QAE?AU?$QPair@V?$QMapIterator@VQString@@VcomplexParam@@@@_N@@ABU?$QPair@$$CBVQString@@VcomplexParam@@@@@Z 10008f90 f i bncs_instance_lookup.obj
 0001:00008090       ?erase@?$QMap@VQString@@VcomplexParam@@@@QAEXABVQString@@@Z 10009090 f i bncs_instance_lookup.obj
 0001:00008090       ?remove@?$QMap@VQString@@VcomplexParam@@@@QAEXABVQString@@@Z 10009090 f i bncs_instance_lookup.obj
 0001:00008120       ?count@?$QMap@VQString@@VcomplexParam@@@@QBEIABVQString@@@Z 10009120 f i bncs_instance_lookup.obj
 0001:000081d0       ??A?$QMap@VQString@@VcomplexParam@@@@QAEAAVcomplexParam@@ABVQString@@@Z 100091d0 f i bncs_instance_lookup.obj
 0001:00008390       ?clear@?$QMap@VQString@@VcomplexParam@@@@QAEXXZ 10009390 f i bncs_instance_lookup.obj
 0001:000084f0       ?detachInternal@?$QMap@VQString@@VcomplexParam@@@@AAEXXZ 100094f0 f i bncs_instance_lookup.obj
 0001:000086d0       ??4?$QMap@VQString@@VcomplexInstance@@@@QAEAAV0@ABV0@@Z 100096d0 f i bncs_instance_lookup.obj
 0001:00008790       ?insert@?$QMap@VQString@@VcomplexInstance@@@@QAE?AV?$QMapIterator@VQString@@VcomplexInstance@@@@ABVQString@@ABVcomplexInstance@@_N@Z 10009790 f i bncs_instance_lookup.obj
 0001:000088f0       ??_G?$QMapNode@VQString@@VcomplexParam@@@@QAEPAXI@Z 100098f0 f i bncs_instance_lookup.obj
 0001:00008910       ?insert@?$QMap@VQString@@VcomplexInstance@@@@QAE?AU?$QPair@V?$QMapIterator@VQString@@VcomplexInstance@@@@_N@@ABU?$QPair@$$CBVQString@@VcomplexInstance@@@@@Z 10009910 f i bncs_instance_lookup.obj
 0001:00008a60       ?remove@?$QMap@VQString@@VcomplexInstance@@@@QAEXABVQString@@@Z 10009a60 f i bncs_instance_lookup.obj
 0001:00008a60       ?erase@?$QMap@VQString@@VcomplexInstance@@@@QAEXABVQString@@@Z 10009a60 f i bncs_instance_lookup.obj
 0001:00008af0       ??A?$QMap@VQString@@VcomplexInstance@@@@QAEAAVcomplexInstance@@ABVQString@@@Z 10009af0 f i bncs_instance_lookup.obj
 0001:00008cc0       ?clear@?$QMap@VQString@@VcomplexInstance@@@@QAEXXZ 10009cc0 f i bncs_instance_lookup.obj
 0001:00008e20       ?detachInternal@?$QMap@VQString@@VcomplexInstance@@@@AAEXXZ 10009e20 f i bncs_instance_lookup.obj
 0001:00009000       ??4?$QMap@VQString@@VinstanceInfo@@@@QAEAAV0@ABV0@@Z 1000a000 f i bncs_instance_lookup.obj
 0001:000090c0       ?insert@?$QMap@VQString@@VinstanceInfo@@@@QAE?AV?$QMapIterator@VQString@@VinstanceInfo@@@@ABVQString@@ABVinstanceInfo@@_N@Z 1000a0c0 f i bncs_instance_lookup.obj
 0001:00009240       ?insert@?$QMap@VQString@@VinstanceInfo@@@@QAE?AU?$QPair@V?$QMapIterator@VQString@@VinstanceInfo@@@@_N@@ABU?$QPair@$$CBVQString@@VinstanceInfo@@@@@Z 1000a240 f i bncs_instance_lookup.obj
 0001:000093b0       ?count@?$QMap@VQString@@VinstanceInfo@@@@QBEIABVQString@@@Z 1000a3b0 f i bncs_instance_lookup.obj
 0001:00009460       ??A?$QMap@VQString@@VinstanceInfo@@@@QAEAAVinstanceInfo@@ABVQString@@@Z 1000a460 f i bncs_instance_lookup.obj
 0001:00009620       ?clear@?$QMap@VQString@@VinstanceInfo@@@@QAEXXZ 1000a620 f i bncs_instance_lookup.obj
 0001:00009780       ?remove@?$QMap@VQString@@VinstanceInfo@@@@QAEXABVQString@@@Z 1000a780 f i bncs_instance_lookup.obj
 0001:00009780       ?erase@?$QMap@VQString@@VinstanceInfo@@@@QAEXABVQString@@@Z 1000a780 f i bncs_instance_lookup.obj
 0001:00009810       ?detachInternal@?$QMap@VQString@@VinstanceInfo@@@@AAEXXZ 1000a810 f i bncs_instance_lookup.obj
 0001:000099f0       ??4?$QMap@VQString@@VdeviceTypeInfo@@@@QAEAAV0@ABV0@@Z 1000a9f0 f i bncs_instance_lookup.obj
 0001:00009ab0       ?insert@?$QMap@VQString@@VdeviceTypeInfo@@@@QAE?AV?$QMapIterator@VQString@@VdeviceTypeInfo@@@@ABVQString@@ABVdeviceTypeInfo@@_N@Z 1000aab0 f i bncs_instance_lookup.obj
 0001:00009c20       ??_G?$QMapNode@VQString@@VparamInfo@@@@QAEPAXI@Z 1000ac20 f i bncs_instance_lookup.obj
 0001:00009c40       ?insert@?$QMap@VQString@@VdeviceTypeInfo@@@@QAE?AU?$QPair@V?$QMapIterator@VQString@@VdeviceTypeInfo@@@@_N@@ABU?$QPair@$$CBVQString@@VdeviceTypeInfo@@@@@Z 1000ac40 f i bncs_instance_lookup.obj
 0001:00009da0       ?erase@?$QMap@VQString@@VdeviceTypeInfo@@@@QAEXABVQString@@@Z 1000ada0 f i bncs_instance_lookup.obj
 0001:00009da0       ?remove@?$QMap@VQString@@VdeviceTypeInfo@@@@QAEXABVQString@@@Z 1000ada0 f i bncs_instance_lookup.obj
 0001:00009e30       ?count@?$QMap@VQString@@Vstyleentry@@@@QBEIABVQString@@@Z 1000ae30 f i bncs_instance_lookup.obj
 0001:00009e30       ?count@?$QMap@VQString@@VdeviceTypeInfo@@@@QBEIABVQString@@@Z 1000ae30 f i bncs_instance_lookup.obj
 0001:00009ee0       ??A?$QMap@VQString@@VdeviceTypeInfo@@@@QAEAAVdeviceTypeInfo@@ABVQString@@@Z 1000aee0 f i bncs_instance_lookup.obj
 0001:0000a0a0       ?clear@?$QMap@VQString@@VdeviceTypeInfo@@@@QAEXXZ 1000b0a0 f i bncs_instance_lookup.obj
 0001:0000a200       ?detachInternal@?$QMap@VQString@@VdeviceTypeInfo@@@@AAEXXZ 1000b200 f i bncs_instance_lookup.obj
 0001:0000a3e0       ??4?$QMap@VQString@@VcomplexType@@@@QAEAAV0@ABV0@@Z 1000b3e0 f i bncs_instance_lookup.obj
 0001:0000a4a0       ?insert@?$QMap@VQString@@VcomplexType@@@@QAE?AV?$QMapIterator@VQString@@VcomplexType@@@@ABVQString@@ABVcomplexType@@_N@Z 1000b4a0 f i bncs_instance_lookup.obj
 0001:0000a600       ??_G?$QMapNode@VQString@@VcomplexInstance@@@@QAEPAXI@Z 1000b600 f i bncs_instance_lookup.obj
 0001:0000a620       ?insert@?$QMap@VQString@@VcomplexType@@@@QAE?AU?$QPair@V?$QMapIterator@VQString@@VcomplexType@@@@_N@@ABU?$QPair@$$CBVQString@@VcomplexType@@@@@Z 1000b620 f i bncs_instance_lookup.obj
 0001:0000a770       ?erase@?$QMap@VQString@@VcomplexType@@@@QAEXABVQString@@@Z 1000b770 f i bncs_instance_lookup.obj
 0001:0000a770       ?remove@?$QMap@VQString@@VcomplexType@@@@QAEXABVQString@@@Z 1000b770 f i bncs_instance_lookup.obj
 0001:0000a800       ?count@?$QMap@VQString@@VparamInfo@@@@QBEIABVQString@@@Z 1000b800 f i bncs_instance_lookup.obj
 0001:0000a800       ?count@?$QMap@VQString@@VcomplexInstance@@@@QBEIABVQString@@@Z 1000b800 f i bncs_instance_lookup.obj
 0001:0000a800       ?count@?$QMap@VQString@@VcomplexType@@@@QBEIABVQString@@@Z 1000b800 f i bncs_instance_lookup.obj
 0001:0000a8b0       ??A?$QMap@VQString@@VcomplexType@@@@QAEAAVcomplexType@@ABVQString@@@Z 1000b8b0 f i bncs_instance_lookup.obj
 0001:0000aa80       ?clear@?$QMap@VQString@@VcomplexType@@@@QAEXXZ 1000ba80 f i bncs_instance_lookup.obj
 0001:0000abe0       ?detachInternal@?$QMap@VQString@@VcomplexType@@@@AAEXXZ 1000bbe0 f i bncs_instance_lookup.obj
 0001:0000adc0       ??0?$QValueListPrivate@VQString@@@@QAE@XZ 1000bdc0 f i bncs_instance_lookup.obj
 0001:0000ae60       ??_E?$QValueListNode@VQString@@@@UAEPAXI@Z 1000be60 f i bncs_instance_lookup.obj
 0001:0000ae60       ??_G?$QValueListNode@VQString@@@@UAEPAXI@Z 1000be60 f i bncs_instance_lookup.obj
 0001:0000ae80       ??1?$QValueListNode@VQString@@@@UAE@XZ 1000be80 f i bncs_instance_lookup.obj
 0001:0000aeb0       ?insert@?$QValueListPrivate@VQString@@@@QAE?AV?$QValueListIterator@VQString@@@@V2@ABVQString@@@Z 1000beb0 f i bncs_instance_lookup.obj
 0001:0000af30       ?at@?$QValueListPrivate@VQString@@@@QBEPAV?$QValueListNode@VQString@@@@I@Z 1000bf30 f i bncs_instance_lookup.obj
 0001:0000af70       ?clear@?$QMapPrivate@VQString@@V1@@@QAEXXZ 1000bf70 f i bncs_instance_lookup.obj
 0001:0000afe0       ?find@?$QMapPrivate@VQString@@V1@@@QBE?AV?$QMapConstIterator@VQString@@V1@@@ABVQString@@@Z 1000bfe0 f i bncs_instance_lookup.obj
 0001:0000b050       ?detachInternal@?$QValueList@VparamInfo@@@@AAEXXZ 1000c050 f i bncs_instance_lookup.obj
 0001:0000b160       ?find@?$QMapPrivate@VQString@@VcomplexParam@@@@QBE?AV?$QMapConstIterator@VQString@@VcomplexParam@@@@ABVQString@@@Z 1000c160 f i bncs_instance_lookup.obj
 0001:0000b1d0       ?detachInternal@?$QValueList@VcomplexParam@@@@AAEXXZ 1000c1d0 f i bncs_instance_lookup.obj
 0001:0000b2e0       ?find@?$QMapPrivate@VQString@@VparamInfo@@@@QBE?AV?$QMapConstIterator@VQString@@VparamInfo@@@@ABVQString@@@Z 1000c2e0 f i bncs_instance_lookup.obj
 0001:0000b2e0       ?find@?$QMapPrivate@VQString@@VcomplexInstance@@@@QBE?AV?$QMapConstIterator@VQString@@VcomplexInstance@@@@ABVQString@@@Z 1000c2e0 f i bncs_instance_lookup.obj
 0001:0000b2e0       ?find@?$QMapPrivate@VQString@@VcomplexType@@@@QBE?AV?$QMapConstIterator@VQString@@VcomplexType@@@@ABVQString@@@Z 1000c2e0 f i bncs_instance_lookup.obj
 0001:0000b350       ?inc@?$QMapIterator@VQString@@VinstanceInfo@@@@AAEHXZ 1000c350 f i bncs_instance_lookup.obj
 0001:0000b350       ?inc@?$QMapConstIterator@VQString@@VcomplexParam@@@@AAEHXZ 1000c350 f i bncs_instance_lookup.obj
 0001:0000b350       ?inc@?$QMapConstIterator@VQString@@VcomplexInstance@@@@AAEHXZ 1000c350 f i bncs_instance_lookup.obj
 0001:0000b350       ?inc@?$QMapConstIterator@VQString@@VparamInfo@@@@AAEHXZ 1000c350 f i bncs_instance_lookup.obj
 0001:0000b350       ?inc@?$QMapConstIterator@VQString@@VdeviceTypeInfo@@@@AAEHXZ 1000c350 f i bncs_instance_lookup.obj
 0001:0000b350       ?inc@?$QMapConstIterator@VQString@@VinstanceInfo@@@@AAEHXZ 1000c350 f i bncs_instance_lookup.obj
 0001:0000b350       ?inc@?$QMapConstIterator@VQString@@VcomplexType@@@@AAEHXZ 1000c350 f i bncs_instance_lookup.obj
 0001:0000b350       ?inc@?$QMapConstIterator@VQString@@Vstyleentry@@@@AAEHXZ 1000c350 f i bncs_instance_lookup.obj
 0001:0000b390       ?detachInternal@?$QValueList@VcomplexInstance@@@@AAEXXZ 1000c390 f i bncs_instance_lookup.obj
 0001:0000b4a0       ?find@?$QMapPrivate@VQString@@VinstanceInfo@@@@QBE?AV?$QMapConstIterator@VQString@@VinstanceInfo@@@@ABVQString@@@Z 1000c4a0 f i bncs_instance_lookup.obj
 0001:0000b510       ?detachInternal@?$QValueList@VinstanceInfo@@@@AAEXXZ 1000c510 f i bncs_instance_lookup.obj
 0001:0000b620       ?detachInternal@?$QValueList@VdeviceTypeInfo@@@@AAEXXZ 1000c620 f i bncs_instance_lookup.obj
 0001:0000b730       ?detachInternal@?$QValueList@VcomplexType@@@@AAEXXZ 1000c730 f i bncs_instance_lookup.obj
 0001:0000b840       ??0?$QValueListPrivate@VparamInfo@@@@QAE@XZ 1000c840 f i bncs_instance_lookup.obj
 0001:0000b8c0       ?insert@?$QValueListPrivate@VparamInfo@@@@QAE?AV?$QValueListIterator@VparamInfo@@@@V2@ABVparamInfo@@@Z 1000c8c0 f i bncs_instance_lookup.obj
 0001:0000b920       ??0?$QValueListPrivate@VcomplexParam@@@@QAE@XZ 1000c920 f i bncs_instance_lookup.obj
 0001:0000b9a0       ?insert@?$QValueListPrivate@VcomplexParam@@@@QAE?AV?$QValueListIterator@VcomplexParam@@@@V2@ABVcomplexParam@@@Z 1000c9a0 f i bncs_instance_lookup.obj
 0001:0000ba50       ??0?$QValueListPrivate@VcomplexInstance@@@@QAE@XZ 1000ca50 f i bncs_instance_lookup.obj
 0001:0000bad0       ?insert@?$QValueListPrivate@VcomplexInstance@@@@QAE?AV?$QValueListIterator@VcomplexInstance@@@@V2@ABVcomplexInstance@@@Z 1000cad0 f i bncs_instance_lookup.obj
 0001:0000bb30       ??0?$QValueListPrivate@VinstanceInfo@@@@QAE@XZ 1000cb30 f i bncs_instance_lookup.obj
 0001:0000bbb0       ?insert@?$QValueListPrivate@VinstanceInfo@@@@QAE?AV?$QValueListIterator@VinstanceInfo@@@@V2@ABVinstanceInfo@@@Z 1000cbb0 f i bncs_instance_lookup.obj
 0001:0000bca0       ??0?$QValueListPrivate@VdeviceTypeInfo@@@@QAE@XZ 1000cca0 f i bncs_instance_lookup.obj
 0001:0000bd20       ?insert@?$QValueListPrivate@VdeviceTypeInfo@@@@QAE?AV?$QValueListIterator@VdeviceTypeInfo@@@@V2@ABVdeviceTypeInfo@@@Z 1000cd20 f i bncs_instance_lookup.obj
 0001:0000bd90       ??0?$QValueListPrivate@VcomplexType@@@@QAE@XZ 1000cd90 f i bncs_instance_lookup.obj
 0001:0000be10       ?insert@?$QValueListPrivate@VcomplexType@@@@QAE?AV?$QValueListIterator@VcomplexType@@@@V2@ABVcomplexType@@@Z 1000ce10 f i bncs_instance_lookup.obj
 0001:0000be70       ??_E?$QValueListPrivate@VQString@@@@UAEPAXI@Z 1000ce70 f i bncs_instance_lookup.obj
 0001:0000be70       ??_G?$QValueListPrivate@VQString@@@@UAEPAXI@Z 1000ce70 f i bncs_instance_lookup.obj
 0001:0000bec0       ??_G?$QValueListPrivate@VparamInfo@@@@UAEPAXI@Z 1000cec0 f i bncs_instance_lookup.obj
 0001:0000bec0       ??_E?$QValueListPrivate@VparamInfo@@@@UAEPAXI@Z 1000cec0 f i bncs_instance_lookup.obj
 0001:0000bf10       ??_E?$QValueListPrivate@VcomplexParam@@@@UAEPAXI@Z 1000cf10 f i bncs_instance_lookup.obj
 0001:0000bf10       ??_G?$QValueListPrivate@VcomplexParam@@@@UAEPAXI@Z 1000cf10 f i bncs_instance_lookup.obj
 0001:0000bf60       ??_G?$QValueListPrivate@VcomplexInstance@@@@UAEPAXI@Z 1000cf60 f i bncs_instance_lookup.obj
 0001:0000bf60       ??_E?$QValueListPrivate@VcomplexInstance@@@@UAEPAXI@Z 1000cf60 f i bncs_instance_lookup.obj
 0001:0000bfb0       ??_G?$QValueListPrivate@VinstanceInfo@@@@UAEPAXI@Z 1000cfb0 f i bncs_instance_lookup.obj
 0001:0000bfb0       ??_E?$QValueListPrivate@VinstanceInfo@@@@UAEPAXI@Z 1000cfb0 f i bncs_instance_lookup.obj
 0001:0000c000       ??_E?$QValueListPrivate@VdeviceTypeInfo@@@@UAEPAXI@Z 1000d000 f i bncs_instance_lookup.obj
 0001:0000c000       ??_G?$QValueListPrivate@VdeviceTypeInfo@@@@UAEPAXI@Z 1000d000 f i bncs_instance_lookup.obj
 0001:0000c050       ??_E?$QValueListPrivate@VcomplexType@@@@UAEPAXI@Z 1000d050 f i bncs_instance_lookup.obj
 0001:0000c050       ??_G?$QValueListPrivate@VcomplexType@@@@UAEPAXI@Z 1000d050 f i bncs_instance_lookup.obj
 0001:0000c0a0       ??_E?$QValueListNode@VparamInfo@@@@UAEPAXI@Z 1000d0a0 f i bncs_instance_lookup.obj
 0001:0000c0a0       ??_G?$QValueListNode@VparamInfo@@@@UAEPAXI@Z 1000d0a0 f i bncs_instance_lookup.obj
 0001:0000c0c0       ??1?$QValueListNode@VparamInfo@@@@UAE@XZ 1000d0c0 f i bncs_instance_lookup.obj
 0001:0000c0d0       ??_E?$QValueListNode@VcomplexParam@@@@UAEPAXI@Z 1000d0d0 f i bncs_instance_lookup.obj
 0001:0000c0d0       ??_G?$QValueListNode@VcomplexParam@@@@UAEPAXI@Z 1000d0d0 f i bncs_instance_lookup.obj
 0001:0000c0f0       ??1?$QValueListNode@VcomplexParam@@@@UAE@XZ 1000d0f0 f i bncs_instance_lookup.obj
 0001:0000c100       ??_E?$QValueListNode@VcomplexInstance@@@@UAEPAXI@Z 1000d100 f i bncs_instance_lookup.obj
 0001:0000c100       ??_G?$QValueListNode@VcomplexInstance@@@@UAEPAXI@Z 1000d100 f i bncs_instance_lookup.obj
 0001:0000c120       ??1?$QValueListNode@VcomplexInstance@@@@UAE@XZ 1000d120 f i bncs_instance_lookup.obj
 0001:0000c130       ??_G?$QValueListNode@VinstanceInfo@@@@UAEPAXI@Z 1000d130 f i bncs_instance_lookup.obj
 0001:0000c130       ??_E?$QValueListNode@VinstanceInfo@@@@UAEPAXI@Z 1000d130 f i bncs_instance_lookup.obj
 0001:0000c150       ??1?$QValueListNode@VinstanceInfo@@@@UAE@XZ 1000d150 f i bncs_instance_lookup.obj
 0001:0000c160       ??_G?$QValueListNode@VdeviceTypeInfo@@@@UAEPAXI@Z 1000d160 f i bncs_instance_lookup.obj
 0001:0000c160       ??_E?$QValueListNode@VdeviceTypeInfo@@@@UAEPAXI@Z 1000d160 f i bncs_instance_lookup.obj
 0001:0000c180       ??1?$QValueListNode@VdeviceTypeInfo@@@@UAE@XZ 1000d180 f i bncs_instance_lookup.obj
 0001:0000c190       ??_E?$QValueListNode@VcomplexType@@@@UAEPAXI@Z 1000d190 f i bncs_instance_lookup.obj
 0001:0000c190       ??_G?$QValueListNode@VcomplexType@@@@UAEPAXI@Z 1000d190 f i bncs_instance_lookup.obj
 0001:0000c1b0       ??1?$QValueListNode@VcomplexType@@@@UAE@XZ 1000d1b0 f i bncs_instance_lookup.obj
 0001:0000c1c0       ??0?$QValueListPrivate@VQString@@@@QAE@ABV0@@Z 1000d1c0 f i bncs_instance_lookup.obj
 0001:0000c2a0       ?clear@?$QMapPrivate@VQString@@V1@@@QAEXPAU?$QMapNode@VQString@@V1@@@@Z 1000d2a0 f i bncs_instance_lookup.obj
 0001:0000c2e0       ?insertSingle@?$QMapPrivate@VQString@@V1@@@QAE?AV?$QMapIterator@VQString@@V1@@@ABVQString@@@Z 1000d2e0 f i bncs_instance_lookup.obj
 0001:0000c3c0       ??0?$QMapPrivate@VQString@@VparamInfo@@@@QAE@PBV0@@Z 1000d3c0 f i bncs_instance_lookup.obj
 0001:0000c560       ?clear@?$QMapPrivate@VQString@@VparamInfo@@@@QAEXPAU?$QMapNode@VQString@@VparamInfo@@@@@Z 1000d560 f i bncs_instance_lookup.obj
 0001:0000c5a0       ??0?$QMapPrivate@VQString@@VcomplexParam@@@@QAE@PBV0@@Z 1000d5a0 f i bncs_instance_lookup.obj
 0001:0000c740       ?clear@?$QMapPrivate@VQString@@VcomplexParam@@@@QAEXPAU?$QMapNode@VQString@@VcomplexParam@@@@@Z 1000d740 f i bncs_instance_lookup.obj
 0001:0000c780       ??0?$QMapPrivate@VQString@@VcomplexInstance@@@@QAE@PBV0@@Z 1000d780 f i bncs_instance_lookup.obj
 0001:0000c920       ?clear@?$QMapPrivate@VQString@@VcomplexInstance@@@@QAEXPAU?$QMapNode@VQString@@VcomplexInstance@@@@@Z 1000d920 f i bncs_instance_lookup.obj
 0001:0000c960       ??0?$QMapPrivate@VQString@@VinstanceInfo@@@@QAE@PBV0@@Z 1000d960 f i bncs_instance_lookup.obj
 0001:0000cb00       ?clear@?$QMapPrivate@VQString@@VinstanceInfo@@@@QAEXPAU?$QMapNode@VQString@@VinstanceInfo@@@@@Z 1000db00 f i bncs_instance_lookup.obj
 0001:0000cb40       ??0?$QMapPrivate@VQString@@VdeviceTypeInfo@@@@QAE@PBV0@@Z 1000db40 f i bncs_instance_lookup.obj
 0001:0000cce0       ?clear@?$QMapPrivate@VQString@@VdeviceTypeInfo@@@@QAEXPAU?$QMapNode@VQString@@VdeviceTypeInfo@@@@@Z 1000dce0 f i bncs_instance_lookup.obj
 0001:0000cd20       ??0?$QMapPrivate@VQString@@VcomplexType@@@@QAE@PBV0@@Z 1000dd20 f i bncs_instance_lookup.obj
 0001:0000cec0       ?clear@?$QMapPrivate@VQString@@VcomplexType@@@@QAEXPAU?$QMapNode@VQString@@VcomplexType@@@@@Z 1000dec0 f i bncs_instance_lookup.obj
 0001:0000cf00       ??0?$QValueListPrivate@VparamInfo@@@@QAE@ABV0@@Z 1000df00 f i bncs_instance_lookup.obj
 0001:0000cfd0       ??0?$QValueListPrivate@VcomplexParam@@@@QAE@ABV0@@Z 1000dfd0 f i bncs_instance_lookup.obj
 0001:0000d0a0       ??0?$QValueListPrivate@VcomplexInstance@@@@QAE@ABV0@@Z 1000e0a0 f i bncs_instance_lookup.obj
 0001:0000d170       ??0?$QValueListPrivate@VinstanceInfo@@@@QAE@ABV0@@Z 1000e170 f i bncs_instance_lookup.obj
 0001:0000d240       ??0?$QValueListPrivate@VdeviceTypeInfo@@@@QAE@ABV0@@Z 1000e240 f i bncs_instance_lookup.obj
 0001:0000d310       ??0?$QValueListPrivate@VcomplexType@@@@QAE@ABV0@@Z 1000e310 f i bncs_instance_lookup.obj
 0001:0000d3e0       ??0?$QValueListIterator@VcomplexType@@@@QAE@ABV0@@Z 1000e3e0 f i bncs_instance_lookup.obj
 0001:0000d3e0       ??0?$QValueListIterator@VdeviceTypeInfo@@@@QAE@ABV0@@Z 1000e3e0 f i bncs_instance_lookup.obj
 0001:0000d3e0       ??0?$QValueListIterator@VcomplexParam@@@@QAE@ABV0@@Z 1000e3e0 f i bncs_instance_lookup.obj
 0001:0000d3e0       ??0?$QValueListIterator@Vstyleentry@@@@QAE@ABV0@@Z 1000e3e0 f i bncs_instance_lookup.obj
 0001:0000d3e0       ??0?$QValueListIterator@VinstanceInfo@@@@QAE@ABV0@@Z 1000e3e0 f i bncs_instance_lookup.obj
 0001:0000d3e0       ??0?$QValueListIterator@VparamInfo@@@@QAE@ABV0@@Z 1000e3e0 f i bncs_instance_lookup.obj
 0001:0000d3e0       ??0?$QValueListIterator@VcomplexInstance@@@@QAE@ABV0@@Z 1000e3e0 f i bncs_instance_lookup.obj
 0001:0000d3f0       ?insert@?$QMapPrivate@VQString@@V1@@@QAE?AV?$QMapIterator@VQString@@V1@@@PAUQMapNodeBase@@0ABVQString@@@Z 1000e3f0 f i bncs_instance_lookup.obj
 0001:0000d520       ?copy@?$QMapPrivate@VQString@@VparamInfo@@@@QAEPAU?$QMapNode@VQString@@VparamInfo@@@@PAU2@@Z 1000e520 f i bncs_instance_lookup.obj
 0001:0000d620       ?insert@?$QMapPrivate@VQString@@VparamInfo@@@@QAE?AV?$QMapIterator@VQString@@VparamInfo@@@@PAUQMapNodeBase@@0ABVQString@@@Z 1000e620 f i bncs_instance_lookup.obj
 0001:0000d730       ?copy@?$QMapPrivate@VQString@@VcomplexParam@@@@QAEPAU?$QMapNode@VQString@@VcomplexParam@@@@PAU2@@Z 1000e730 f i bncs_instance_lookup.obj
 0001:0000d840       ?insert@?$QMapPrivate@VQString@@VcomplexParam@@@@QAE?AV?$QMapIterator@VQString@@VcomplexParam@@@@PAUQMapNodeBase@@0ABVQString@@@Z 1000e840 f i bncs_instance_lookup.obj
 0001:0000d950       ?copy@?$QMapPrivate@VQString@@VcomplexInstance@@@@QAEPAU?$QMapNode@VQString@@VcomplexInstance@@@@PAU2@@Z 1000e950 f i bncs_instance_lookup.obj
 0001:0000db20       ?insert@?$QMapPrivate@VQString@@VcomplexInstance@@@@QAE?AV?$QMapIterator@VQString@@VcomplexInstance@@@@PAUQMapNodeBase@@0ABVQString@@@Z 1000eb20 f i bncs_instance_lookup.obj
 0001:0000dc30       ?copy@?$QMapPrivate@VQString@@VinstanceInfo@@@@QAEPAU?$QMapNode@VQString@@VinstanceInfo@@@@PAU2@@Z 1000ec30 f i bncs_instance_lookup.obj
 0001:0000de60       ?insert@?$QMapPrivate@VQString@@VinstanceInfo@@@@QAE?AV?$QMapIterator@VQString@@VinstanceInfo@@@@PAUQMapNodeBase@@0ABVQString@@@Z 1000ee60 f i bncs_instance_lookup.obj
 0001:0000df70       ?copy@?$QMapPrivate@VQString@@VdeviceTypeInfo@@@@QAEPAU?$QMapNode@VQString@@VdeviceTypeInfo@@@@PAU2@@Z 1000ef70 f i bncs_instance_lookup.obj
 0001:0000e150       ?insert@?$QMapPrivate@VQString@@VdeviceTypeInfo@@@@QAE?AV?$QMapIterator@VQString@@VdeviceTypeInfo@@@@PAUQMapNodeBase@@0ABVQString@@@Z 1000f150 f i bncs_instance_lookup.obj
 0001:0000e260       ?dec@?$QMapIterator@VQString@@VinstanceInfo@@@@AAEHXZ 1000f260 f i bncs_instance_lookup.obj
 0001:0000e260       ?dec@?$QMapIterator@VQString@@VdeviceTypeInfo@@@@AAEHXZ 1000f260 f i bncs_instance_lookup.obj
 0001:0000e260       ?dec@?$QMapIterator@VQString@@VcomplexInstance@@@@AAEHXZ 1000f260 f i bncs_instance_lookup.obj
 0001:0000e260       ?dec@?$QMapIterator@VQString@@VcomplexParam@@@@AAEHXZ 1000f260 f i bncs_instance_lookup.obj
 0001:0000e260       ?dec@?$QMapIterator@VQString@@VcomplexType@@@@AAEHXZ 1000f260 f i bncs_instance_lookup.obj
 0001:0000e260       ?dec@?$QMapIterator@VQString@@Vstyleentry@@@@AAEHXZ 1000f260 f i bncs_instance_lookup.obj
 0001:0000e260       ?dec@?$QMapIterator@VQString@@VparamInfo@@@@AAEHXZ 1000f260 f i bncs_instance_lookup.obj
 0001:0000e2b0       ?copy@?$QMapPrivate@VQString@@VcomplexType@@@@QAEPAU?$QMapNode@VQString@@VcomplexType@@@@PAU2@@Z 1000f2b0 f i bncs_instance_lookup.obj
 0001:0000e480       ?insert@?$QMapPrivate@VQString@@VcomplexType@@@@QAE?AV?$QMapIterator@VQString@@VcomplexType@@@@PAUQMapNodeBase@@0ABVQString@@@Z 1000f480 f i bncs_instance_lookup.obj
 0001:0000e590       ??0styleentry@@QAE@XZ      1000f590 f i bncs_stylesheet.obj
 0001:0000e690       ??0styleentry@@QAE@ABV0@@Z 1000f690 f i bncs_stylesheet.obj
 0001:0000e700       ??4styleentry@@QAEAAV0@ABV0@@Z 1000f700 f i bncs_stylesheet.obj
 0001:0000e760       ??1styleentry@@QAE@XZ      1000f760 f i bncs_stylesheet.obj
 0001:0000e960       ?count@bncs_stylesheet@@SAHXZ 1000f960 f   bncs_stylesheet.obj
 0001:0000e970       ??0bncs_stylesheet@@QAE@XZ 1000f970 f   bncs_stylesheet.obj
 0001:0000e980       ??1bncs_stylesheet@@QAE@XZ 1000f980 f   bncs_stylesheet.obj
 0001:0000e990       ?getStyle@bncs_stylesheet@@SAXAAVQString@@PAVQWidget@@@Z 1000f990 f   bncs_stylesheet.obj
 0001:0000ea30       ?getStyleEntry@bncs_stylesheet@@QAEPAVstyleentry@@VQString@@@Z 1000fa30 f   bncs_stylesheet.obj
 0001:0000ec10       ?get@bncs_stylesheet@@QAEXAAVQString@@PAVQWidget@@@Z 1000fc10 f   bncs_stylesheet.obj
 0001:0000ec30       ?set@bncs_stylesheet@@QAEXAAVQString@@AAVstyleentry@@@Z 1000fc30 f   bncs_stylesheet.obj
 0001:0000ec90       ?load@bncs_stylesheet@@SA_NXZ 1000fc90 f   bncs_stylesheet.obj
 0001:0000ff20       ?stylelist@bncs_stylesheet@@QAE?BV?$QMap@VQString@@Vstyleentry@@@@XZ 10010f20 f   bncs_stylesheet.obj
 0001:0000ff40       ?settingslist@bncs_stylesheet@@QAE?BVQStringList@@AAVQString@@@Z 10010f40 f   bncs_stylesheet.obj
 0001:00010060       ?reLoad@bncs_stylesheet@@SA_NXZ 10011060 f   bncs_stylesheet.obj
 0001:00010070       ?save@bncs_stylesheet@@QAE_NXZ 10011070 f   bncs_stylesheet.obj
 0001:00010bf0       ?deleteStyle@bncs_stylesheet@@QAEXVQString@@@Z 10011bf0 f   bncs_stylesheet.obj
 0001:00010e20       ?styleExist@bncs_stylesheet@@QAE_NVQString@@@Z 10011e20 f   bncs_stylesheet.obj
 0001:00010ee0       ??0?$QMap@VQString@@Vstyleentry@@@@QAE@XZ 10011ee0 f i bncs_stylesheet.obj
 0001:00011020       ??0?$QMap@VQString@@VcomplexParam@@@@QAE@ABV0@@Z 10012020 f i bncs_stylesheet.obj
 0001:00011020       ??0?$QMap@VQString@@VcomplexType@@@@QAE@ABV0@@Z 10012020 f i bncs_stylesheet.obj
 0001:00011020       ??0?$QMap@VQString@@VcomplexInstance@@@@QAE@ABV0@@Z 10012020 f i bncs_stylesheet.obj
 0001:00011020       ??0?$QMap@VQString@@VdeviceTypeInfo@@@@QAE@ABV0@@Z 10012020 f i bncs_stylesheet.obj
 0001:00011020       ??0?$QMap@VQString@@Vstyleentry@@@@QAE@ABV0@@Z 10012020 f i bncs_stylesheet.obj
 0001:00011020       ??0?$QMap@VQString@@VinstanceInfo@@@@QAE@ABV0@@Z 10012020 f i bncs_stylesheet.obj
 0001:00011020       ??0?$QMap@VQString@@VparamInfo@@@@QAE@ABV0@@Z 10012020 f i bncs_stylesheet.obj
 0001:00011030       ??1?$QMap@VQString@@Vstyleentry@@@@QAE@XZ 10012030 f i bncs_stylesheet.obj
 0001:000110d0       ?begin@?$QMap@VQString@@Vstyleentry@@@@QAE?AV?$QMapIterator@VQString@@Vstyleentry@@@@XZ 100120d0 f i bncs_stylesheet.obj
 0001:00011100       ?end@?$QMap@VQString@@Vstyleentry@@@@QAE?AV?$QMapIterator@VQString@@Vstyleentry@@@@XZ 10012100 f i bncs_stylesheet.obj
 0001:00011120       ?replace@?$QMap@VQString@@Vstyleentry@@@@QAE?AV?$QMapIterator@VQString@@Vstyleentry@@@@ABVQString@@ABVstyleentry@@@Z 10012120 f i bncs_stylesheet.obj
 0001:000112a0       ?erase@?$QMap@VQString@@Vstyleentry@@@@QAEXV?$QMapIterator@VQString@@Vstyleentry@@@@@Z 100122a0 f i bncs_stylesheet.obj
 0001:000112a0       ?remove@?$QMap@VQString@@Vstyleentry@@@@QAEXV?$QMapIterator@VQString@@Vstyleentry@@@@@Z 100122a0 f i bncs_stylesheet.obj
 0001:000112d0       ?find@?$QMap@VQString@@Vstyleentry@@@@QAE?AV?$QMapIterator@VQString@@Vstyleentry@@@@ABVQString@@@Z 100122d0 f i bncs_stylesheet.obj
 0001:00011350       ??A?$QMap@VQString@@VdeviceTypeInfo@@@@QBEABVdeviceTypeInfo@@ABVQString@@@Z 10012350 f i bncs_stylesheet.obj
 0001:00011350       ??A?$QMap@VQString@@Vstyleentry@@@@QBEABVstyleentry@@ABVQString@@@Z 10012350 f i bncs_stylesheet.obj
 0001:000113c0       ?contains@?$QMap@VQString@@VdeviceTypeInfo@@@@QBE_NABVQString@@@Z 100123c0 f i bncs_stylesheet.obj
 0001:000113c0       ?contains@?$QMap@VQString@@Vstyleentry@@@@QBE_NABVQString@@@Z 100123c0 f i bncs_stylesheet.obj
 0001:00011430       ?keys@?$QMap@VQString@@Vstyleentry@@@@QBE?AV?$QValueList@VQString@@@@XZ 10012430 f i bncs_stylesheet.obj
 0001:00011550       ?values@?$QMap@VQString@@Vstyleentry@@@@QBE?AV?$QValueList@Vstyleentry@@@@XZ 10012550 f i bncs_stylesheet.obj
 0001:00011670       ?detach@?$QMap@VQString@@Vstyleentry@@@@IAEXXZ 10012670 f i bncs_stylesheet.obj
 0001:00011680       ?remove@?$QMapPrivate@VQString@@Vstyleentry@@@@QAEXV?$QMapIterator@VQString@@Vstyleentry@@@@@Z 10012680 f i bncs_stylesheet.obj
 0001:000116c0       ??1?$QValueList@VdeviceTypeInfo@@@@QAE@XZ 100126c0 f i bncs_stylesheet.obj
 0001:000116c0       ??1?$QValueList@Vstyleentry@@@@QAE@XZ 100126c0 f i bncs_stylesheet.obj
 0001:000116c0       ??1?$QValueList@VcomplexType@@@@QAE@XZ 100126c0 f i bncs_stylesheet.obj
 0001:000116c0       ??1?$QValueList@VcomplexInstance@@@@QAE@XZ 100126c0 f i bncs_stylesheet.obj
 0001:000116c0       ??1?$QValueList@VinstanceInfo@@@@QAE@XZ 100126c0 f i bncs_stylesheet.obj
 0001:000116c0       ??1?$QValueList@VparamInfo@@@@QAE@XZ 100126c0 f i bncs_stylesheet.obj
 0001:000116c0       ??1?$QValueList@VcomplexParam@@@@QAE@XZ 100126c0 f i bncs_stylesheet.obj
 0001:000116e0       ??1?$QMapNode@VQString@@Vstyleentry@@@@QAE@XZ 100126e0 f i bncs_stylesheet.obj
 0001:000117a0       ?end@?$QValueList@Vstyleentry@@@@QAE?AV?$QValueListIterator@Vstyleentry@@@@XZ 100127a0 f i bncs_stylesheet.obj
 0001:000117d0       ??4?$QMap@VQString@@Vstyleentry@@@@QAEAAV0@ABV0@@Z 100127d0 f i bncs_stylesheet.obj
 0001:00011890       ?insert@?$QMap@VQString@@Vstyleentry@@@@QAE?AV?$QMapIterator@VQString@@Vstyleentry@@@@ABVQString@@ABVstyleentry@@_N@Z 10012890 f i bncs_stylesheet.obj
 0001:000119d0       ?insert@?$QMap@VQString@@Vstyleentry@@@@QAE?AU?$QPair@V?$QMapIterator@VQString@@Vstyleentry@@@@_N@@ABU?$QPair@$$CBVQString@@Vstyleentry@@@@@Z 100129d0 f i bncs_stylesheet.obj
 0001:00011af0       ?remove@?$QMap@VQString@@Vstyleentry@@@@QAEXABVQString@@@Z 10012af0 f i bncs_stylesheet.obj
 0001:00011af0       ?erase@?$QMap@VQString@@Vstyleentry@@@@QAEXABVQString@@@Z 10012af0 f i bncs_stylesheet.obj
 0001:00011b80       ??A?$QMap@VQString@@Vstyleentry@@@@QAEAAVstyleentry@@ABVQString@@@Z 10012b80 f i bncs_stylesheet.obj
 0001:00011d60       ?clear@?$QMap@VQString@@Vstyleentry@@@@QAEXXZ 10012d60 f i bncs_stylesheet.obj
 0001:00011f10       ?detachInternal@?$QMap@VQString@@Vstyleentry@@@@AAEXXZ 10012f10 f i bncs_stylesheet.obj
 0001:000120f0       ?find@?$QMapPrivate@VQString@@VdeviceTypeInfo@@@@QBE?AV?$QMapConstIterator@VQString@@VdeviceTypeInfo@@@@ABVQString@@@Z 100130f0 f i bncs_stylesheet.obj
 0001:000120f0       ?find@?$QMapPrivate@VQString@@Vstyleentry@@@@QBE?AV?$QMapConstIterator@VQString@@Vstyleentry@@@@ABVQString@@@Z 100130f0 f i bncs_stylesheet.obj
 0001:00012160       ?detachInternal@?$QValueList@Vstyleentry@@@@AAEXXZ 10013160 f i bncs_stylesheet.obj
 0001:00012270       ??0?$QValueListPrivate@Vstyleentry@@@@QAE@XZ 10013270 f i bncs_stylesheet.obj
 0001:000123b0       ?insert@?$QValueListPrivate@Vstyleentry@@@@QAE?AV?$QValueListIterator@Vstyleentry@@@@V2@ABVstyleentry@@@Z 100133b0 f i bncs_stylesheet.obj
 0001:00012470       ??_G?$QValueListPrivate@Vstyleentry@@@@UAEPAXI@Z 10013470 f i bncs_stylesheet.obj
 0001:00012470       ??_E?$QValueListPrivate@Vstyleentry@@@@UAEPAXI@Z 10013470 f i bncs_stylesheet.obj
 0001:000124c0       ??_E?$QValueListNode@Vstyleentry@@@@UAEPAXI@Z 100134c0 f i bncs_stylesheet.obj
 0001:000124c0       ??_G?$QValueListNode@Vstyleentry@@@@UAEPAXI@Z 100134c0 f i bncs_stylesheet.obj
 0001:000124e0       ??1?$QValueListNode@Vstyleentry@@@@UAE@XZ 100134e0 f i bncs_stylesheet.obj
 0001:00012580       ??0?$QMapPrivate@VQString@@Vstyleentry@@@@QAE@PBV0@@Z 10013580 f i bncs_stylesheet.obj
 0001:00012750       ?clear@?$QMapPrivate@VQString@@Vstyleentry@@@@QAEXPAU?$QMapNode@VQString@@Vstyleentry@@@@@Z 10013750 f i bncs_stylesheet.obj
 0001:00012790       ?insertSingle@?$QMapPrivate@VQString@@Vstyleentry@@@@QAE?AV?$QMapIterator@VQString@@Vstyleentry@@@@ABVQString@@@Z 10013790 f i bncs_stylesheet.obj
 0001:00012870       ??0?$QValueListPrivate@Vstyleentry@@@@QAE@ABV0@@Z 10013870 f i bncs_stylesheet.obj
 0001:00012960       ?copy@?$QMapPrivate@VQString@@Vstyleentry@@@@QAEPAU?$QMapNode@VQString@@Vstyleentry@@@@PAU2@@Z 10013960 f i bncs_stylesheet.obj
 0001:00012b00       ?insert@?$QMapPrivate@VQString@@Vstyleentry@@@@QAE?AV?$QMapIterator@VQString@@Vstyleentry@@@@PAUQMapNodeBase@@0ABVQString@@@Z 10013b00 f i bncs_stylesheet.obj
 0001:00012c50       ??0?$QMapNode@VQString@@Vstyleentry@@@@QAE@ABU0@@Z 10013c50 f i bncs_stylesheet.obj
 0001:00012d80       ??0complexInstance@@QAE@XZ 10013d80 f   complexInstance.obj
 0001:00012e50       ??1complexInstance@@UAE@XZ 10013e50 f   complexInstance.obj
 0001:00012f70       ??0complexParam@@QAE@XZ    10013f70 f   complexParamInfo.obj
 0001:00012fe0       ??1complexParam@@UAE@XZ    10013fe0 f   complexParamInfo.obj
 0001:00013060       ??0complexType@@QAE@XZ     10014060 f   complexType.obj
 0001:00013130       ??1complexType@@UAE@XZ     10014130 f   complexType.obj
 0001:00013250       ??0deviceTypeInfo@@QAE@XZ  10014250 f   deviceTypeInfo.obj
 0001:00013320       ??1deviceTypeInfo@@UAE@XZ  10014320 f   deviceTypeInfo.obj
 0001:00013440       ?developerMode@@YA_NXZ     10014440 f   env.obj
 0001:00013470       ??0instanceInfo@@QAE@XZ    10014470 f   instanceInfo.obj
 0001:000135d0       ??1instanceInfo@@UAE@XZ    100145d0 f   instanceInfo.obj
 0001:000136d0       _DllMain@12                100146d0 f   main.obj
 0001:00013740       ??0paramInfo@@QAE@XZ       10014740 f   paramInfo.obj
 0001:00013750       ??1paramInfo@@UAE@XZ       10014750 f   paramInfo.obj
 0001:00013760       ??3@YAXPAX@Z               10014760 f   msvcprt:delop_s.obj
 0001:0001376c       ___CxxFrameHandler         1001476c f   MSVCRT:MSVCRT.dll
 0001:00013780       ??_M@YGXPAXIHP6EX0@Z@Z     10014780 f   MSVCRT:ehvecdtr.obj
 0001:00013800       ?__ArrayUnwind@@YGXPAXIHP6EX0@Z@Z 10014800 f   MSVCRT:ehvecdtr.obj
 0001:00013874       __onexit                   10014874 f   MSVCRT:atonexit.obj
 0001:000138a0       _atexit                    100148a0 f   MSVCRT:atonexit.obj
 0001:000138b2       ??2@YAPAXI@Z               100148b2 f   MSVCRT:MSVCRT.dll
 0001:000138b8       __CRT_INIT@12              100148b8 f   MSVCRT:crtdll.obj
 0001:00013963       __DllMainCRTStartup@12     10014963 f   MSVCRT:crtdll.obj
 0001:00013a00       _free                      10014a00 f   MSVCRT:MSVCRT.dll
 0001:00013a06       __except_handler3          10014a06 f   MSVCRT:MSVCRT.dll
 0001:00013a0c       ?terminate@@YAXXZ          10014a0c f   MSVCRT:MSVCRT.dll
 0001:00013a12       ___dllonexit               10014a12 f   MSVCRT:MSVCRT.dll
 0001:00013a18       __initterm                 10014a18 f   MSVCRT:MSVCRT.dll
 0002:00000000       ??_7instanceInfo@@6B@      10017000     bncs_instance_lookup.obj
 0002:00000004       ??_7paramInfo@@6B@         10017004     bncs_instance_lookup.obj
 0002:00000008       ??_7deviceTypeInfo@@6B@    10017008     bncs_instance_lookup.obj
 0002:0000000c       ??_7complexParam@@6B@      1001700c     bncs_instance_lookup.obj
 0002:00000010       ??_7complexInstance@@6B@   10017010     bncs_instance_lookup.obj
 0002:00000014       ??_7complexType@@6B@       10017014     bncs_instance_lookup.obj
 0002:00000018       ??_7bncs_instance_lookup@@6B@ 10017018     bncs_instance_lookup.obj
 0002:0000001c       ??_7?$QValueListNode@VQString@@@@6B@ 1001701c     bncs_instance_lookup.obj
 0002:00000020       ??_7?$QValueListPrivate@VQString@@@@6B@ 10017020     bncs_instance_lookup.obj
 0002:00000024       ??_7?$QValueListNode@VparamInfo@@@@6B@ 10017024     bncs_instance_lookup.obj
 0002:00000028       ??_7?$QValueListPrivate@VparamInfo@@@@6B@ 10017028     bncs_instance_lookup.obj
 0002:0000002c       ??_7?$QValueListNode@VcomplexParam@@@@6B@ 1001702c     bncs_instance_lookup.obj
 0002:00000030       ??_7?$QValueListPrivate@VcomplexParam@@@@6B@ 10017030     bncs_instance_lookup.obj
 0002:00000034       ??_7?$QValueListNode@VcomplexInstance@@@@6B@ 10017034     bncs_instance_lookup.obj
 0002:00000038       ??_7?$QValueListPrivate@VcomplexInstance@@@@6B@ 10017038     bncs_instance_lookup.obj
 0002:0000003c       ??_7?$QValueListNode@VinstanceInfo@@@@6B@ 1001703c     bncs_instance_lookup.obj
 0002:00000040       ??_7?$QValueListPrivate@VinstanceInfo@@@@6B@ 10017040     bncs_instance_lookup.obj
 0002:00000044       ??_7?$QValueListNode@VdeviceTypeInfo@@@@6B@ 10017044     bncs_instance_lookup.obj
 0002:00000048       ??_7?$QValueListPrivate@VdeviceTypeInfo@@@@6B@ 10017048     bncs_instance_lookup.obj
 0002:0000004c       ??_7?$QValueListNode@VcomplexType@@@@6B@ 1001704c     bncs_instance_lookup.obj
 0002:00000050       ??_7?$QValueListPrivate@VcomplexType@@@@6B@ 10017050     bncs_instance_lookup.obj
 0002:00000054       ??_7?$QValueListNode@Vstyleentry@@@@6B@ 10017054     bncs_stylesheet.obj
 0002:00000058       ??_7?$QValueListPrivate@Vstyleentry@@@@6B@ 10017058     bncs_stylesheet.obj
 0003:00000000       ___xc_a                    10020000     MSVCRT:cinitexe.obj
 0003:00000018       ___xc_z                    10020018     MSVCRT:cinitexe.obj
 0003:0000001c       ___xi_a                    1002001c     MSVCRT:cinitexe.obj
 0003:00000020       ___xi_z                    10020020     MSVCRT:cinitexe.obj
 0003:00000030       ??_C@_0DE@HNEA@bncs_instance_lookup?3?3lookup?3?5Ca@ 10020030     bncs_instance_lookup.obj
 0003:00000064       ??_C@_0DD@CEGA@bncs_instance_lookup?3?3lookup?3?5ca@ 10020064     bncs_instance_lookup.obj
 0003:00000098       ??_C@_0DF@CJJF@bncs_instance_lookup?3?3lookup?3?5no@ 10020098     bncs_instance_lookup.obj
 0003:000000d0       ??_C@_0DF@NMDI@bncs_instance_lookup?3?3lookup?3?5no@ 100200d0     bncs_instance_lookup.obj
 0003:00000108       ??_C@_0BO@FFNN@BNCS?5V4?45?5configuration?5error?$AA@ 10020108     bncs_instance_lookup.obj
 0003:00000128       ??_C@_0CP@JPK@Duplicate?5instances?3?6?6?$CF1?6?5check?5@ 10020128     bncs_instance_lookup.obj
 0003:00000158       ??_C@_0FA@BLJ@tag?5name?5in?5instances?4xml?5does?5n@ 10020158     bncs_instance_lookup.obj
 0003:000001a8       ??_C@_01BJG@?6?$AA@        100201a8     bncs_instance_lookup.obj
 0003:000001ac       ??_C@_01POCP@?7?$AA@       100201ac     bncs_instance_lookup.obj
 0003:000001b0       ??_C@_07DMAD@complex?$AA@  100201b0     bncs_instance_lookup.obj
 0003:000001b8       ??_C@_06KCLD@offset?$AA@   100201b8     bncs_instance_lookup.obj
 0003:000001c0       ??_C@_06GFPG@device?$AA@   100201c0     bncs_instance_lookup.obj
 0003:000001c8       ??_C@_01KPOD@?$DN?$AA@     100201c8     bncs_instance_lookup.obj
 0003:000001cc       ??_C@_01KMAE@?0?$AA@       100201cc     bncs_instance_lookup.obj
 0003:000001d0       ??_C@_02IBHF@id?$AA@       100201d0     bncs_instance_lookup.obj
 0003:000001d4       ??_C@_05GCOD@group?$AA@    100201d4     bncs_instance_lookup.obj
 0003:000001dc       ??_C@_03LGKI@yes?$AA@      100201dc     bncs_instance_lookup.obj
 0003:000001e0       ??_C@_09COFM@composite?$AA@ 100201e0     bncs_instance_lookup.obj
 0003:000001ec       ??_C@_03HJJN@ref?$AA@      100201ec     bncs_instance_lookup.obj
 0003:000001f0       ??_C@_08KGHI@location?$AA@ 100201f0     bncs_instance_lookup.obj
 0003:000001fc       ??_C@_06PACD@alt_id?$AA@   100201fc     bncs_instance_lookup.obj
 0003:00000204       ??_C@_04PIKN@type?$AA@     10020204     bncs_instance_lookup.obj
 0003:0000020c       ??_C@_08IHDL@instance?$AA@ 1002020c     bncs_instance_lookup.obj
 0003:00000218       ??_C@_0DG@MPMK@bncs_instance_lookup?3?5The?5instan@ 10020218     bncs_instance_lookup.obj
 0003:00000250       ??_C@_0CO@MFCO@bncs_instance_lookup?3?5Error?5in?5i@ 10020250     bncs_instance_lookup.obj
 0003:00000280       ??_C@_0DD@HAMJ@bncs_instance_lookup?3?5Could?5not?5@ 10020280     bncs_instance_lookup.obj
 0003:000002b4       ??_C@_09MMGO@instances?$AA@ 100202b4     bncs_instance_lookup.obj
 0003:000002c0       ??_C@_0BG@EMIA@?2config?2instances?4xml?$AA@ 100202c0     bncs_instance_lookup.obj
 0003:000002d8       ??_C@_09EFEJ@CC_SYSTEM?$AA@ 100202d8     bncs_instance_lookup.obj
 0003:000002e4       ??_C@_01PCFE@?2?$AA@       100202e4     bncs_instance_lookup.obj
 0003:000002e8       ??_C@_07FCNI@CC_ROOT?$AA@  100202e8     bncs_instance_lookup.obj
 0003:000002f0       ??_C@_0M@MBOA@?$CFs?5?$CFs?5?$CFd?5?$CFd?$AA@ 100202f0     bncs_instance_lookup.obj
 0003:000002fc       ??_C@_0DK@HHBI@bncs_instance_lookup?3?5devijjcety@ 100202fc     bncs_instance_lookup.obj
 0003:00000338       ??_C@_05ODDD@?$CK?4xml?$AA@ 10020338     bncs_instance_lookup.obj
 0003:00000340       ??_C@_0BE@FAKH@?2config?2devicetypes?$AA@ 10020340     bncs_instance_lookup.obj
 0003:00000354       ??_C@_0DO@PEGA@bncs_instance_lookup?3?5complex_in@ 10020354     bncs_instance_lookup.obj
 0003:00000394       ??_C@_0BK@CEJO@?2config?2complex_instances?$AA@ 10020394     bncs_instance_lookup.obj
 0003:000003b0       ??_C@_04OPJK@name?$AA@     100203b0     bncs_instance_lookup.obj
 0003:000003b8       ??_C@_04IEHK@slot?$AA@     100203b8     bncs_instance_lookup.obj
 0003:000003c0       ??_C@_0M@ELKP@slotspacing?$AA@ 100203c0     bncs_instance_lookup.obj
 0003:000003cc       ??_C@_0L@JKHJ@drivertype?$AA@ 100203cc     bncs_instance_lookup.obj
 0003:000003d8       ??_C@_0EC@HKOO@bncs_instance_lookup?3?5The?5device@ 100203d8     bncs_instance_lookup.obj
 0003:0000041c       ??_C@_0DD@EDFA@bncs_instance_lookup?3?5Error?5in?5d@ 1002041c     bncs_instance_lookup.obj
 0003:00000450       ??_C@_0DP@GGAF@bncs_instance_lookup?3?5Could?5not?5@ 10020450     bncs_instance_lookup.obj
 0003:00000490       ??_C@_0BD@LKLG@device_description?$AA@ 10020490     bncs_instance_lookup.obj
 0003:000004a4       ??_C@_0BL@EMBH@?2config?2devicetypes?2?$CF1?4xml?$AA@ 100204a4     bncs_instance_lookup.obj
 0003:000004c0       ??_C@_05FMAI@param?$AA@    100204c0     bncs_instance_lookup.obj
 0003:000004c8       ??_C@_0DO@LOPB@bncs_instance_lookup?3?5Could?5not?5@ 100204c8     bncs_instance_lookup.obj
 0003:00000508       ??_C@_0BC@LDHB@complex_instances?$AA@ 10020508     bncs_instance_lookup.obj
 0003:0000051c       ??_C@_0CB@CGEG@?2config?2complex_instances?2?$CF1?4xml@ 1002051c     bncs_instance_lookup.obj
 0003:00000540       ??_C@_0BE@BPCG@device?$DN?$CF1?0offset?$DN?$CF2?$AA@ 10020540     bncs_instance_lookup.obj
 0003:00000554       ??_C@_0L@MLCF@?$CI?$CKit?$CJ?4type?$AA@ 10020554     bncs_instance_lookup.obj
 0003:00000560       ??_C@_0BI@PHJO@ASSERT?3?5?$CC?$CFs?$CC?5in?5?$CFs?5?$CI?$CFd?$CJ?$AA@ 10020560     bncs_instance_lookup.obj
 0003:00000578       ??_C@_0L@MGKG@i?5?$DM?$DN?5nodes?$AA@ 10020578     bncs_instance_lookup.obj
 0003:00000584       ??_C@_0CB@GILJ@C?3?2Qt?23?42?43?2include?2qvaluelist?4h@ 10020584     bncs_instance_lookup.obj
 0003:000005a8       ??_C@_0DJ@ICNE@Duplicate?5stylesheet?5entries?3?6?6?$CF@ 100205a8     bncs_stylesheet.obj
 0003:000005e4       ??_C@_07FJMA@setting?$AA@  100205e4     bncs_stylesheet.obj
 0003:000005ec       ??_C@_05JCDO@style?$AA@    100205ec     bncs_stylesheet.obj
 0003:000005f4       ??_C@_05PMBM@state?$AA@    100205f4     bncs_stylesheet.obj
 0003:000005fc       ??_C@_0M@GLLD@description?$AA@ 100205fc     bncs_stylesheet.obj
 0003:00000608       ??_C@_0M@GBGL@suitablefor?$AA@ 10020608     bncs_stylesheet.obj
 0003:00000614       ??_C@_05KFME@value?$AA@    10020614     bncs_stylesheet.obj
 0003:0000061c       ??_C@_0EO@JPAN@The?5Stylesheet?5file?3?6?7?$CF1?6?5is?5not@ 1002061c     bncs_stylesheet.obj
 0003:0000066c       ??_C@_0CB@EGPG@Error?5in?5Stylesheet?5file?3?6?7?$CF1?6?$CF2@ 1002066c     bncs_stylesheet.obj
 0003:00000690       ??_C@_0CI@MOAI@Could?5not?5find?5the?5Stylesheet?5fi@ 10020690     bncs_stylesheet.obj
 0003:000006b8       ??_C@_0L@JAIA@stylesheet?$AA@ 100206b8     bncs_stylesheet.obj
 0003:000006c4       ??_C@_0BE@JGAL@?2config?2stylesheet?2?$AA@ 100206c4     bncs_stylesheet.obj
 0003:000006d8       ??_C@_0P@PAKH@bncs_style?4xml?$AA@ 100206d8     bncs_stylesheet.obj
 0003:000006e8       ??_C@_0BE@GDNL@Saving?5to?5?$CF1?5failed?$AA@ 100206e8     bncs_stylesheet.obj
 0003:000006fc       ??_C@_0M@ENOC@Save?5Failed?$AA@ 100206fc     bncs_stylesheet.obj
 0003:00000708       ??_C@_02MIFF@?$CF1?$AA@    10020708     bncs_stylesheet.obj
 0003:0000070c       ??_C@_0CO@GJIM@Are?5you?5sure?5you?5want?5to?5delete?5@ 1002070c     bncs_stylesheet.obj
 0003:0000073c       ??_C@_0P@PJAG@Deleting?5Style?$AA@ 1002073c     bncs_stylesheet.obj
 0003:0000074c       ??_C@_04NCCD@true?$AA@     1002074c     env.obj
 0003:00000754       ??_C@_0N@GCNA@CC_DEVELOPER?$AA@ 10020754     env.obj
 0003:00000764       ??_C@_0DJ@FMJH@bncs_cachedData?3?5doing?5the?5loadi@ 10020764     main.obj
 0003:000007a0       ??_C@_0CG@HEEH@bncs_cachedData?3?5loading?5devicet@ 100207a0     main.obj
 0003:000007c8       ??_C@_0CE@EFEB@bncs_cachedData?3?5loading?5instanc@ 100207c8     main.obj
 0003:000007ec       ??_C@_0CG@PJNC@bncs_cachedData?3?5loading?5stylesh@ 100207ec     main.obj
 0003:00000820       ?complexTypes@bncs_instance_lookup@@2V?$QMap@VQString@@VcomplexType@@@@A 10020820     bncs_instance_lookup.obj
 0003:00000824       ?instances@bncs_instance_lookup@@2V?$QMap@VQString@@VinstanceInfo@@@@A 10020824     bncs_instance_lookup.obj
 0003:0000082c       ?deviceTypes@bncs_instance_lookup@@2V?$QMap@VQString@@VdeviceTypeInfo@@@@A 1002082c     bncs_instance_lookup.obj
 0003:00000830       ??_C@_00A@?$AA@            10020830     bncs_instance_lookup.obj
 0003:00000838       ?styles@bncs_stylesheet@@0V?$QMap@VQString@@Vstyleentry@@@@A 10020838     bncs_stylesheet.obj
 0003:0000083c       ?m_sFilename@bncs_stylesheet@@0VQString@@A 1002083c     bncs_stylesheet.obj
 0003:00000a7c       __adjust_fdiv              10020a7c     <common>
 0003:00000a80       __pRawDllMain              10020a80     <common>
 0003:00000a84       ___onexitend               10020a84     <common>
 0003:00000a88       ___onexitbegin             10020a88     <common>
 0004:00000000       __IMPORT_DESCRIPTOR_qt-mt323 10021000     qt-mt323:qt-mt323.dll
 0004:00000014       __IMPORT_DESCRIPTOR_USER32 10021014     user32:USER32.dll
 0004:00000028       __IMPORT_DESCRIPTOR_MSVCRT 10021028     MSVCRT:MSVCRT.dll
 0004:0000003c       __IMPORT_DESCRIPTOR_KERNEL32 1002103c     kernel32:KERNEL32.dll
 0004:00000050       __NULL_IMPORT_DESCRIPTOR   10021050     qt-mt323:qt-mt323.dll
 0004:000001e8       __imp__OutputDebugStringA@4 100211e8     kernel32:KERNEL32.dll
 0004:000001ec       \177KERNEL32_NULL_THUNK_DATA 100211ec     kernel32:KERNEL32.dll
 0004:000001f0       __imp__getenv              100211f0     MSVCRT:MSVCRT.dll
 0004:000001f4       __imp__malloc              100211f4     MSVCRT:MSVCRT.dll
 0004:000001f8       __imp___initterm           100211f8     MSVCRT:MSVCRT.dll
 0004:000001fc       __imp__free                100211fc     MSVCRT:MSVCRT.dll
 0004:00000200       __imp___except_handler3    10021200     MSVCRT:MSVCRT.dll
 0004:00000204       __imp_?terminate@@YAXXZ    10021204     MSVCRT:MSVCRT.dll
 0004:00000208       __imp____dllonexit         10021208     MSVCRT:MSVCRT.dll
 0004:0000020c       __imp___onexit             1002120c     MSVCRT:MSVCRT.dll
 0004:00000210       __imp____CxxFrameHandler   10021210     MSVCRT:MSVCRT.dll
 0004:00000214       __imp___adjust_fdiv        10021214     MSVCRT:MSVCRT.dll
 0004:00000218       __imp_??2@YAPAXI@Z         10021218     MSVCRT:MSVCRT.dll
 0004:0000021c       __imp__stricmp             1002121c     MSVCRT:MSVCRT.dll
 0004:0000021c       __imp___stricmp            1002121c     MSVCRT:MSVCRT.dll
 0004:00000220       \177MSVCRT_NULL_THUNK_DATA 10021220     MSVCRT:MSVCRT.dll
 0004:00000224       __imp__MessageBoxA@16      10021224     user32:USER32.dll
 0004:00000228       \177USER32_NULL_THUNK_DATA 10021228     user32:USER32.dll
 0004:0000022c       __imp_??0QDir@@QAE@ABVQString@@0HH@Z 1002122c     qt-mt323:qt-mt323.dll
 0004:00000230       __imp_?at@QString@@QBE?AVQChar@@I@Z 10021230     qt-mt323:qt-mt323.dll
 0004:00000234       __imp_??9@YA_NABVQString@@0@Z 10021234     qt-mt323:qt-mt323.dll
 0004:00000238       __imp_?arg@QString@@QBE?AV1@HHH@Z 10021238     qt-mt323:qt-mt323.dll
 0004:0000023c       __imp_?end@?$QValueList@VQString@@@@QAE?AV?$QValueListIterator@VQString@@@@XZ 1002123c     qt-mt323:qt-mt323.dll
 0004:00000240       __imp_??8@YA_NABVQString@@0@Z 10021240     qt-mt323:qt-mt323.dll
 0004:00000244       __imp_??1?$QValueList@VQString@@@@QAE@XZ 10021244     qt-mt323:qt-mt323.dll
 0004:00000248       __imp_?removeAndRebalance@QMapPrivateBase@@QAEPAUQMapNodeBase@@PAU2@AAPAU2@11@Z 10021248     qt-mt323:qt-mt323.dll
 0004:0000024c       __imp_??0QString@@QAE@XZ   1002124c     qt-mt323:qt-mt323.dll
 0004:00000250       __imp_?qWarning@@YAXPBDZZ  10021250     qt-mt323:qt-mt323.dll
 0004:00000254       __imp_??0?$QValueListIterator@VQString@@@@QAE@ABV0@@Z 10021254     qt-mt323:qt-mt323.dll
 0004:00000258       __imp_?rebalance@QMapPrivateBase@@QAEXPAUQMapNodeBase@@AAPAU2@@Z 10021258     qt-mt323:qt-mt323.dll
 0004:0000025c       __imp_?deref@QShared@@QAE_NXZ 1002125c     qt-mt323:qt-mt323.dll
 0004:00000260       __imp_??0QStringList@@QAE@XZ 10021260     qt-mt323:qt-mt323.dll
 0004:00000264       __imp_??4?$QValueList@VQString@@@@QAEAAV0@ABV0@@Z 10021264     qt-mt323:qt-mt323.dll
 0004:00000268       __imp_?append@?$QValueList@VQString@@@@QAE?AV?$QValueListIterator@VQString@@@@ABVQString@@@Z 10021268     qt-mt323:qt-mt323.dll
 0004:0000026c       __imp_??1QDomDocument@@UAE@XZ 1002126c     qt-mt323:qt-mt323.dll
 0004:00000270       __imp_?exists@QDir@@UBE_NXZ 10021270     qt-mt323:qt-mt323.dll
 0004:00000274       __imp_?warning@QMessageBox@@SAHPAVQWidget@@ABVQString@@1111HH@Z 10021274     qt-mt323:qt-mt323.dll
 0004:00000278       __imp_??1QDomText@@UAE@XZ  10021278     qt-mt323:qt-mt323.dll
 0004:0000027c       __imp_??1QTextStream@@UAE@XZ 1002127c     qt-mt323:qt-mt323.dll
 0004:00000280       __imp_?save@QDomNode@@QBEXAAVQTextStream@@H@Z 10021280     qt-mt323:qt-mt323.dll
 0004:00000284       __imp_??0QTextStream@@QAE@PAVQIODevice@@@Z 10021284     qt-mt323:qt-mt323.dll
 0004:00000288       __imp_?isDocument@QDomDocument@@UBE_NXZ 10021288     qt-mt323:qt-mt323.dll
 0004:0000028c       __imp_?close@QFile@@UAEXXZ 1002128c     qt-mt323:qt-mt323.dll
 0004:00000290       __imp_??4QDomElement@@QAEAAV0@ABV0@@Z 10021290     qt-mt323:qt-mt323.dll
 0004:00000294       __imp_?setAttribute@QDomElement@@QAEXABVQString@@0@Z 10021294     qt-mt323:qt-mt323.dll
 0004:00000298       __imp_?appendChild@QDomNode@@UAE?AV1@ABV1@@Z 10021298     qt-mt323:qt-mt323.dll
 0004:0000029c       __imp_??0QDomText@@QAE@XZ  1002129c     qt-mt323:qt-mt323.dll
 0004:000002a0       __imp_??0QDomElement@@QAE@XZ 100212a0     qt-mt323:qt-mt323.dll
 0004:000002a4       __imp_?createElement@QDomDocument@@QAE?AVQDomElement@@ABVQString@@@Z 100212a4     qt-mt323:qt-mt323.dll
 0004:000002a8       __imp_?exists@QFile@@QBE_NXZ 100212a8     qt-mt323:qt-mt323.dll
 0004:000002ac       __imp_?question@QMessageBox@@SAHPAVQWidget@@ABVQString@@1HHH@Z 100212ac     qt-mt323:qt-mt323.dll
 0004:000002b0       __imp_?setContent@QDomDocument@@QAE_NPAVQIODevice@@_NPAVQString@@PAH3@Z 100212b0     qt-mt323:qt-mt323.dll
 0004:000002b4       __imp_?documentElement@QDomDocument@@QBE?AVQDomElement@@XZ 100212b4     qt-mt323:qt-mt323.dll
 0004:000002b8       __imp_?tagName@QDomElement@@QBE?AVQString@@XZ 100212b8     qt-mt323:qt-mt323.dll
 0004:000002bc       __imp_?entryList@QDir@@UBE?AVQStringList@@ABVQString@@HH@Z 100212bc     qt-mt323:qt-mt323.dll
 0004:000002c0       __imp_?left@QString@@QBE?AV1@I@Z 100212c0     qt-mt323:qt-mt323.dll
 0004:000002c4       __imp_??1QDir@@UAE@XZ      100212c4     qt-mt323:qt-mt323.dll
 0004:000002c8       __imp_?qDebug@@YAXPBDZZ    100212c8     qt-mt323:qt-mt323.dll
 0004:000002cc       __imp_??H@YA?BVQString@@ABV0@PBD@Z 100212cc     qt-mt323:qt-mt323.dll
 0004:000002d0       __imp_??0QString@@QAE@PBD@Z 100212d0     qt-mt323:qt-mt323.dll
 0004:000002d4       __imp_??0QDomDocument@@QAE@ABVQString@@@Z 100212d4     qt-mt323:qt-mt323.dll
 0004:000002d8       __imp_??0QFile@@QAE@ABVQString@@@Z 100212d8     qt-mt323:qt-mt323.dll
 0004:000002dc       __imp_?open@QFile@@UAE_NH@Z 100212dc     qt-mt323:qt-mt323.dll
 0004:000002e0       __imp_??H@YA?BVQString@@ABV0@0@Z 100212e0     qt-mt323:qt-mt323.dll
 0004:000002e4       __imp_??1QFile@@UAE@XZ     100212e4     qt-mt323:qt-mt323.dll
 0004:000002e8       __imp_??9@YA_NABVQString@@PBD@Z 100212e8     qt-mt323:qt-mt323.dll
 0004:000002ec       __imp_??1QDomElement@@UAE@XZ 100212ec     qt-mt323:qt-mt323.dll
 0004:000002f0       __imp_?firstChild@QDomNode@@UBE?AV1@XZ 100212f0     qt-mt323:qt-mt323.dll
 0004:000002f4       __imp_?isNull@QDomNode@@QBE_NXZ 100212f4     qt-mt323:qt-mt323.dll
 0004:000002f8       __imp_?toElement@QDomNode@@QAE?AVQDomElement@@XZ 100212f8     qt-mt323:qt-mt323.dll
 0004:000002fc       __imp_??8@YA_NABVQString@@PBD@Z 100212fc     qt-mt323:qt-mt323.dll
 0004:00000300       __imp_?null@QString@@2V1@A 10021300     qt-mt323:qt-mt323.dll
 0004:00000304       __imp_?attribute@QDomElement@@QBE?AVQString@@ABV2@0@Z 10021304     qt-mt323:qt-mt323.dll
 0004:00000308       __imp_?nextSibling@QDomNode@@UBE?AV1@XZ 10021308     qt-mt323:qt-mt323.dll
 0004:0000030c       __imp_??4QDomNode@@QAEAAV0@ABV0@@Z 1002130c     qt-mt323:qt-mt323.dll
 0004:00000310       __imp_??1QDomNode@@UAE@XZ  10021310     qt-mt323:qt-mt323.dll
 0004:00000314       __imp_?split@QStringList@@SA?AV1@ABVQString@@0_N@Z 10021314     qt-mt323:qt-mt323.dll
 0004:00000318       __imp_?toInt@QString@@QBEHPA_NH@Z 10021318     qt-mt323:qt-mt323.dll
 0004:0000031c       __imp_?detachInternal@?$QValueList@VQString@@@@AAEXXZ 1002131c     qt-mt323:qt-mt323.dll
 0004:00000320       __imp_?detach@?$QValueList@VQString@@@@IAEXXZ 10021320     qt-mt323:qt-mt323.dll
 0004:00000324       __imp_??4?$QMap@VQString@@V1@@@QAEAAV0@ABV0@@Z 10021324     qt-mt323:qt-mt323.dll
 0004:00000328       __imp_??YQString@@QAEAAV0@ABV0@@Z 10021328     qt-mt323:qt-mt323.dll
 0004:0000032c       __imp_?arg@QString@@QBE?AV1@ABV1@H@Z 1002132c     qt-mt323:qt-mt323.dll
 0004:00000330       __imp_??1QStringList@@QAE@XZ 10021330     qt-mt323:qt-mt323.dll
 0004:00000334       __imp_?makeSharedNull@QString@@CAPAUQStringData@@XZ 10021334     qt-mt323:qt-mt323.dll
 0004:00000338       __imp_??H@YA?BVQString@@PBDABV0@@Z 10021338     qt-mt323:qt-mt323.dll
 0004:0000033c       __imp_?ascii@QString@@QBEPBDXZ 1002133c     qt-mt323:qt-mt323.dll
 0004:00000340       __imp_?shared_null@QString@@0PAUQStringData@@A 10021340     qt-mt323:qt-mt323.dll
 0004:00000344       __imp_?deleteSelf@QStringData@@QAEXXZ 10021344     qt-mt323:qt-mt323.dll
 0004:00000348       __imp_?lower@QString@@QBE?AV1@XZ 10021348     qt-mt323:qt-mt323.dll
 0004:0000034c       __imp_??M@YA_NABVQString@@0@Z 1002134c     qt-mt323:qt-mt323.dll
 0004:00000350       __imp_??4QString@@QAEAAV0@PBD@Z 10021350     qt-mt323:qt-mt323.dll
 0004:00000354       __imp_?detachInternal@?$QMap@VQString@@V1@@@AAEXXZ 10021354     qt-mt323:qt-mt323.dll
 0004:00000358       __imp_??4QString@@QAEAAV0@ABV0@@Z 10021358     qt-mt323:qt-mt323.dll
 0004:0000035c       __imp_??0QString@@QAE@ABV0@@Z 1002135c     qt-mt323:qt-mt323.dll
 0004:00000360       __imp_??0?$QValueList@VQString@@@@QAE@XZ 10021360     qt-mt323:qt-mt323.dll
 0004:00000364       __imp_??1QString@@QAE@XZ   10021364     qt-mt323:qt-mt323.dll
 0004:00000368       \177qt-mt323_NULL_THUNK_DATA 10021368     qt-mt323:qt-mt323.dll

 entry point at        0001:00013963

 Static symbols

 0001:0000e7f0       _$E103                     1000f7f0 f   bncs_stylesheet.obj
 0001:0000e800       _$E99                      1000f800 f   bncs_stylesheet.obj
 0001:0000e810       _$E102                     1000f810 f   bncs_stylesheet.obj
 0001:0000e820       _$E100                     1000f820 f   bncs_stylesheet.obj
 0001:0000e8e0       _$E108                     1000f8e0 f   bncs_stylesheet.obj
 0001:0000e8f0       _$E105                     1000f8f0 f   bncs_stylesheet.obj
 0001:0000e910       _$E107                     1000f910 f   bncs_stylesheet.obj
 0001:0000e920       _$E106                     1000f920 f   bncs_stylesheet.obj
 0001:000007c0       _$E74                      100017c0 f   bncs_instance_lookup.obj
 0001:000007d0       _$E70                      100017d0 f   bncs_instance_lookup.obj
 0001:000007e0       _$E73                      100017e0 f   bncs_instance_lookup.obj
 0001:000007f0       _$E71                      100017f0 f   bncs_instance_lookup.obj
 0001:000008b0       _$E79                      100018b0 f   bncs_instance_lookup.obj
 0001:000008c0       _$E76                      100018c0 f   bncs_instance_lookup.obj
 0001:000008d0       _$E78                      100018d0 f   bncs_instance_lookup.obj
 0001:000008e0       _$E77                      100018e0 f   bncs_instance_lookup.obj
 0001:000009a0       _$E84                      100019a0 f   bncs_instance_lookup.obj
 0001:000009b0       _$E81                      100019b0 f   bncs_instance_lookup.obj
 0001:000009c0       _$E83                      100019c0 f   bncs_instance_lookup.obj
 0001:000009d0       _$E82                      100019d0 f   bncs_instance_lookup.obj
 0001:0001385e       ?ArrayUnwindFilter@@YAHPAU_EXCEPTION_POINTERS@@@Z 1001485e f   MSVCRT:ehvecdtr.obj

FIXUPS: f2f5 1f 69 d 6 68 6 9 31 1c 6dc1 d 17 a ffff925c 21 6d95 d 16 ffffe4ed
FIXUPS: 14912 8d 10 14 11 fffffec4 d ffffff56 45 30 ffffa4de 86 9 30 1c
FIXUPS: 16135 d 22 ffff8d1b 21 72d5 d 16 ffff8e1d 1f 6f d 6 68 6 9 37 1c
FIXUPS: 161a5 d 17 a ffff8f9c 21 7055 d 16 ffff8608 7855 d 16 ffff87d7
FIXUPS: e880 7815 d 16 ffff88dd 1f 69 d 6 68 6 9 31 1c 75d1 d 17 a ffff8a4c
FIXUPS: eb60 75a5 d 16 ffff8b4d 1f a2 12 722d c ffff82ec 1b 55 c 7cac c
FIXUPS: e33d 1b 55 c 7bfc c ffff844d 7bc7 24 ffff8566 20 5c 1c 7a0e d 16
FIXUPS: e63f 21 79d5 d 16 ffff8717 1c 67 fffff650 18 806b d 9 d 16 ffff7fd6
FIXUPS: dee1 6 46 1b 55 c 7f6c c ffff80dc 1b 55 c 7ebc c ffff818c 1b 55
FIXUPS: e149 7e0c c ffff823c 1b 55 c fffff808 3f 22 18 838b d 9 d 16 ffff7cb6
FIXUPS: db21 6 47 1b 5b 1d 3f 22 18 81fb d 9 d 16 ffff7e46 d 6 47 1b 5b
FIXUPS: dde1 3f fffff7c9 5b 1d 3f 22 18 86ab d 9 d 16 ffff7996 d 6 47 1b
FIXUPS: d824 1d 3f 22 18 851b d 9 d 16 ffff7b26 d 6 47 1b 5b fffff73d 19
FIXUPS: d164 d 19 a d 19 33 8e 8a9a c ffff7593 d 6 6b 6d 4f 1b 5b 1d 5b
FIXUPS: d4f4 8841 d 9 d 16 ffff7806 d 6 47 86a7 c ffff6f52 90c2 30 ffff7005
FIXUPS: cce7 8fee c ffff7045 94 1d 8f1e c ffff7115 9b 50 50 50 50 50 50
FIXUPS: d0a4 d 19 a d 19 a d 19 a fffff5af c 94b6 b c ffff6b9d 2e 1a 52
FIXUPS: c7ff 93c6 b c ffff6c8e 1d 935e c ffff6cd5 84 1d 929e c ffff6db2
FIXUPS: 15c25 18 ffff6e3d 1d 91be c ffff6e75 84 1d fffff59c c 9a06 b c
FIXUPS: c1f9 2e 1a 52 c 98a6 b c ffff685d 2e 1a 52 c 9706 b c ffff69bd
FIXUPS: c567 1a 52 c 95a6 b c ffff6aad 2e 1a 93cf b d a ffff6186 2d 1a
FIXUPS: bcbb 1c 2c 20 18 9d5a b d 9 d 16 ffff6311 9cfb c ffff6373 d 5c
FIXUPS: 15b05 c ffff6475 d 6 e0 2e 1a fffff543 d 26 56 b 25 4e 2b 6 45
FIXUPS: b7de 15 ec 1d 7b 1a 41 1e b 25 1e 18 9fdf a a ffff6073 3b 6 45
FIXUPS: bb69 1a 9ed4 ffffff50 9 b d a ffff5856 2d 1a 6c 1c 2b 20 18 a68b
FIXUPS: 159f0 d 9 d 16 ffff59f4 d 6 44 6 9 34 56 b 25 53 2b 6 fffff61c
FIXUPS: ac24 d 26 56 b 25 56 2b 6 4d 5d 15 ec 1d 7b 1a 41 1e b 25 1b 18
FIXUPS: 15985 a a ffff5743 3b 6 45 27 1a a768 d a ffff4e6f 5d 15 35 2d
FIXUPS: a87f 6c 1c 2b 20 18 afcb b d 9 d 16 ffff50b4 d 6 44 6 9 34 56 b
FIXUPS: ab4d 5f 2b fffff620 6 9 51 56 b 25 84 10 a 9 10b 1d 7b 1a 41 1e
FIXUPS: a5ab 25 1b 18 b2d2 a a ffff4d73 3b 6 45 27 1a b1d4 9 ffff44a9 1a
FIXUPS: 15847 9 b d a ffff45d6 2d 1a 6c 1c 2c 20 18 b90a b d 9 d 16 ffff4774
FIXUPS: a04a 6 44 6 9 34 56 b 25 8c fffff697 2b 6 43 d 26 56 b 25 4e 2b
FIXUPS: 9a2c 45 5d 15 3c 1d 7b 1a 41 1e b 25 1e 18 bb8f a a ffff44c3 3b
FIXUPS: 9d3d 45 fffff6d0 27 1a c304 9 b d a ffff3d56 2d 1a 6c 1c 2b 20
FIXUPS: 964a c18b b d 9 d 16 ffff3ef4 d 6 44 6 9 34 56 b 25 fffff5dd 6
FIXUPS: 8e54 6 9 34 56 b 25 8a 56 b 25 74 5d 15 ec 1d 7b 1a 41 1e b 25
FIXUPS: 935b 18 c402 a a ffff3c43 3b 6 fffff5c3 ccf5 a a ffff3353 3b 6
FIXUPS: 8ab2 27 1a cbf4 9 b d a ffff344f 5d 15 35 2d 1a 6c 1c 46 18 c9f0
FIXUPS: 15730 d 9 d 16 ffff3694 c894 ffff2dbc d25a a ffff2dcd 30 30 30
FIXUPS: 853e 30 5f d 6 44 6 9 34 56 b 25 7a 56 b 25 72 1d 7b 1a 41 1e b
FIXUPS: 89a0 cc0f 9 18 b ffff29bd 4e 6 3a 6 4a 6 3a 6 3a 6 3a 6 d4b6 ffff2c2b
FIXUPS: 15607 a ffff2c7c d39a a ffff2ccc d34a a ffff2d1c d2fa a ffff2d6c
FIXUPS: 15687 ffff2433 23 30 26 63 13 e 41 19 b 25 1e 2e 10 23 a8 1b 37
FIXUPS: 7dd6 28 9 d74e 14 24 ffff28fb 1b 37 1c 19 e 9 d67f ffff21d5 1c
FIXUPS: 77be 9 dcce 14 24 ffff237b 1b 37 1c 19 e 9 dbff a 9 18 b ffff242d
FIXUPS: 7970 28 1a db73 b d a ffff2510 d 6 41 6 d99f b ffff1e3d 28 28 1a
FIXUPS: 15465 b d a ffff1f20 d 6 41 6 9 23 30 26 63 13 e 41 19 b 25 27
FIXUPS: 75ed 10 23 108 1b fffff50a 30 46 63 13 e 41 19 b 25 8c 10 23 1e8
FIXUPS: 7093 37 1c 28 9 e2be 14 24 ffff1d8b 1b 37 1c 19 e 9 e1ef a 9 ffff14cf
FIXUPS: 15315 14 24 ffff163b 1b 37 1c 19 e 9 e93f a 9 18 b ffff16f2 10
FIXUPS: 6ab8 28 28 1a e883 b d a ffff1800 d 6 41 6 9 e6b1 ffff105d 28 28
FIXUPS: 63a2 ef43 b d a ffff1140 d 6 41 6 9 23 30 26 63 13 e 41 19 b 25
FIXUPS: 664f 31 1e8 1b 37 1c 28 fffff46f 26 63 13 e 41 19 b 25 5c 10 23
FIXUPS: 6118 1b 37 1c 28 9 f09e 14 24 ffff0fab 1b 37 1c 19 e 9 efcf a 9
FIXUPS: 152d0 ffff074e 9 f76e 14 24 ffff08db 1b 37 1c 19 e 9 f69f a 9 18
FIXUPS: 1521b ffff098d 28 28 1a f613 b d a ffff0a70 d 6 41 6 9 23 fffff81f
FIXUPS: 5565 3b 28 1a fb83 b d a ffff0500 d 6 41 6 9 23 30 26 63 13 e 41
FIXUPS: 5841 b 25 4c 10 23 98 1b 37 1c fffff556 14 1a 1f 19 d 35 10064
FIXUPS: 15090 50 11 13 fffeffec 17 16 22 11 10 1e 11 10 32 36 15 17 ff07
FIXUPS: 53d6 17 17 fd4b ffff038a 36 ffffe6f2 20 15 1b 1c 12 d 37 26 11141
FIXUPS: 14e3b 13 fffeef8e 64f e1 d 17 18 15 55 10993 35 13 fffef77f 4d7
FIXUPS: 4c9d 15a 12 1c 1d 19 7a ffffe060 5b 14 1e 1e 19 214 3a 26c 116b9
FIXUPS: 14c91 a3 3c fffee929 33 40 32 149 35 34 11 1b 1b 12 14 64 26 113d3
FIXUPS: 14dd4 13 fffeeca8 141 ffffe06d 2f 44 66 aa 15 17 c7 11 41 12b83
FIXUPS: 1fbe 15 c df 11 37 3e d 10 7f 128d1 fffed82a 4dd 426 1e3 62 33
FIXUPS: 2e86 33 30 2a ffffe988 16 5 10 10 52 d 6 41 6 9 16 5 10 10 52 d
FIXUPS: 1a2b 41 6 9 76 16 1a 53 d 6 44 6 9 36 17 fffff906 6 44 6 9 38 b
FIXUPS: 15db b 7a d 6 44 6 9 38 b 12 b 58 b 12 b 1b 5 10 10 52 d 6 41 6
FIXUPS: 16c7d ffffddcd fffec6cc 11 6 3a 6 9 38 b 12 b 68 b 12 b 86 d 6
FIXUPS: 1339 6 9 46 b 12 b 136ac fffeca1c b 12 b 7a 155f5 22 9 d 16 ffffcc01
FIXUPS: 13771 6 6b 6d 50 92 c 3238 21 ffffce0f 25 17 d7 1c 30d1 b 22 16
FIXUPS: 13b20 30d5 22 16 ffffd051 1a 2fad 22 fffffdb9 22 9 c ffffc732 2e
FIXUPS: 131d1 52 c 3836 b c ffffc823 27 26 3799 b b 21 ffffc917 36f2 21
FIXUPS: 134b1 13 d 363a ffffcaa4 9b 1d 3e 20 1c fffff306 56 b 25 94 5d
FIXUPS: 12b73 3b 1d db 11 11 3cad 1c 1c ffffc3f3 3b 6 45 2b 3b76 9 b 22
FIXUPS: 16a07 ffffc530 30 af 18 20 18 39af ffffbae2 43be 14 24 ffffbc8b
FIXUPS: 12593 37 1c 19 e 9 42ef a 9 18 b ffffbd3d 2e 6 429b 1f ffffbe48
FIXUPS: 1280d d 6 44 6 9 34 56 b 25 fffff5ff 24 17 48fe b b 22 a ffffb7b0
FIXUPS: 12064 6 41 6 9 23 30 26 63 13 e 41 19 b 25 6c 10 23 178 1b 37 1c
FIXUPS: 124ee ffffe6fc 19 12e 3f c9 566b 68 38 38 38 5e ffffa953 1a 26
FIXUPS: 10fba 16 5655 2d ffffaa14 5 65 10 117 7e6 4e2d ffffb54b 59 1b 9
FIXUPS: 1683a 15 ffffb6b5 ffffdc13 5a 13 679b 1a a ffff98d8 23 b9 6a8 14
FIXUPS: 103d1 1e 19 231 14 1e 1e 19 12e 14 1e 1e 19 1a8 14 1e 1e 19 150
FIXUPS: 10bae 1e 3389 2d72 b a ffff88d7 2a 6ca8 b 21 2a 20 ffff94f6 5 10
FIXUPS: f816 52 d 6 41 6 9 16 5 30 8a 18 16 92 16 5c 13 1d 72b0 a ffffd2c4
FIXUPS: 140a4 1a 2c67 b d a ffffd435 3e 6 66 6 9 2b22 b a ffffff86 20 ffffd08e
FIXUPS: 13dc4 1a 2eb7 b d a ffffd1e5 3e 6 66 6 79a 9 c 9 c 9 c a fffffdd6
FIXUPS: 14528 28cd b 18 ffffd7f9 e 6 9 2828 ffffd41a 24 1a 2ac7 b d a ffffd5d5
FIXUPS: 143aa 6 66 6 9 2982

 5472 bytes saved through ICF

