 dcw

 Timestamp is 5e9db7f5 (Mon Apr 20 15:55:49 2020)

 Preferred load address is 10000000

 Start         Length     Name                   Class
 0001:00000000 0000de02H .text                   CODE
 0001:0000de10 00000121H .text$di                CODE
 0001:0000df40 00014c8aH .text$mn                CODE
 0001:00022bd0 000026c9H .text$x                 CODE
 0001:000252a0 0000014bH .text$yd                CODE
 0002:00000000 000023f4H .idata$5                DATA
 0002:000023f4 00000004H .CRT$XCA                DATA
 0002:000023f8 00000034H .CRT$XCU                DATA
 0002:0000242c 00000004H .CRT$XCZ                DATA
 0002:00002430 00000004H .CRT$XIA                DATA
 0002:00002434 00000004H .CRT$XIAA               DATA
 0002:00002438 00000004H .CRT$XIC                DATA
 0002:0000243c 00000004H .CRT$XIZ                DATA
 0002:00002440 00008230H .rdata                  DATA
 0002:0000a670 00001010H .rdata$r                DATA
 0002:0000b680 00000004H .rtc$IAA                DATA
 0002:0000b684 00000004H .rtc$IZZ                DATA
 0002:0000b688 00000004H .rtc$TAA                DATA
 0002:0000b68c 00000004H .rtc$TZZ                DATA
 0002:0000b690 000022a4H .xdata$x                DATA
 0002:0000d940 000068ccH .edata                  DATA
 0002:0001420c 0000008cH .idata$2                DATA
 0002:00014298 00000014H .idata$3                DATA
 0002:000142ac 000023f4H .idata$4                DATA
 0002:000166a0 00017160H .idata$6                DATA
 0003:00000000 000008d4H .data                   DATA
 0003:000008d4 00000704H .data$r                 DATA
 0003:00000fd8 0000054cH .bss                    DATA
 0004:00000000 000000a0H .rsrc$01                DATA
 0004:000000a0 00000580H .rsrc$02                DATA

  Address         Publics by Value              Rva+Base       Lib:Object

 0000:00000000       ___guard_fids_count        00000000     <absolute>
 0000:00000000       ___safe_se_handler_count   00000000     <absolute>
 0000:00000000       ___guard_fids_table        00000000     <absolute>
 0000:00000000       __except_list              00000000     <absolute>
 0000:00000000       ___safe_se_handler_table   00000000     <absolute>
 0000:00000000       ___guard_flags             00000000     <absolute>
 0000:00009876       __ldused                   00009876     <absolute>
 0000:00009876       __fltused                  00009876     <absolute>
 0000:00000000       ___ImageBase               10000000     <linker-defined>
 0001:00000080       ??0QWidgetFactory@@QAE@XZ  10001080 f   qui:qwidgetfactory.obj
 0001:00000122       ??0QWidgetFactoryPrivate@@QAE@XZ 10001122 f i qui:qwidgetfactory.obj
 0001:00000158       ??_GQWidgetFactory@@UAEPAXI@Z 10001158 f i qui:qwidgetfactory.obj
 0001:00000158       ??_EQWidgetFactory@@UAEPAXI@Z 10001158 f i qui:qwidgetfactory.obj
 0001:00000174       ??1QWidgetFactory@@UAE@XZ  10001174 f   qui:qwidgetfactory.obj
 0001:000001fb       ?create@QWidgetFactory@@SAPAVQWidget@@ABVQString@@PAVQObject@@PAV2@PBD@Z 100011fb f   qui:qwidgetfactory.obj
 0001:00000312       ?create@QWidgetFactory@@SAPAVQWidget@@PAVQIODevice@@PAVQObject@@PAV2@PBD@Z 10001312 f   qui:qwidgetfactory.obj
 0001:000008bb       ??_GQSqlCursor@@UAEPAXI@Z  100018bb f i qui:qwidgetfactory.obj
 0001:000008bb       ??_EQSqlCursor@@UAEPAXI@Z  100018bb f i qui:qwidgetfactory.obj
 0001:000008d8       ?createFromUiFile@QWidgetFactory@@AAEPAVQWidget@@VQDomDocument@@PAVQObject@@PAV2@PBD@Z 100018d8 f   qui:qwidgetfactory.obj
 0001:00001199       ?unpackUInt16@QWidgetFactory@@AAEXAAVQDataStream@@AAG@Z 10002199 f   qui:qwidgetfactory.obj
 0001:000011cd       ?unpackUInt32@QWidgetFactory@@AAEXAAVQDataStream@@AAI@Z 100021cd f   qui:qwidgetfactory.obj
 0001:00001201       ?unpackByteArray@QWidgetFactory@@AAEXAAVQDataStream@@AAV?$QMemArray@D@@@Z 10002201 f   qui:qwidgetfactory.obj
 0001:00001237       ?unpackCString@QWidgetFactory@@AAEXABVUibStrTable@@AAVQDataStream@@AAVQCString@@@Z 10002237 f   qui:qwidgetfactory.obj
 0001:00001271       ?unpackString@QWidgetFactory@@AAEXABVUibStrTable@@AAVQDataStream@@AAVQString@@@Z 10002271 f   qui:qwidgetfactory.obj
 0001:000012a6       ?asString@UibStrTable@@QBE?AVQString@@H@Z 100022a6 f i qui:qwidgetfactory.obj
 0001:00001347       ?unpackStringSplit@QWidgetFactory@@AAEXABVUibStrTable@@AAVQDataStream@@AAVQString@@@Z 10002347 f   qui:qwidgetfactory.obj
 0001:00001393       ?unpackVariant@QWidgetFactory@@AAEXABVUibStrTable@@AAVQDataStream@@AAVQVariant@@@Z 10002393 f   qui:qwidgetfactory.obj
 0001:0000182a       ?inputSpacer@QWidgetFactory@@AAEXABVUibStrTable@@AAVQDataStream@@PAVQLayout@@@Z 1000282a f   qui:qwidgetfactory.obj
 0001:00001b1e       ?inputColumnOrRow@QWidgetFactory@@AAEXABVUibStrTable@@AAVQDataStream@@PAVQObject@@_N@Z 10002b1e f   qui:qwidgetfactory.obj
 0001:00001dc7       ?inputItem@QWidgetFactory@@AAEXABVUibStrTable@@AAVQDataStream@@PAVQObject@@PAVQListViewItem@@@Z 10002dc7 f   qui:qwidgetfactory.obj
 0001:000020da       ??_EQListBoxText@@UAEPAXI@Z 100030da f i qui:qwidgetfactory.obj
 0001:000020da       ??_GQListBoxText@@UAEPAXI@Z 100030da f i qui:qwidgetfactory.obj
 0001:000020f7       ??_GQListBoxPixmap@@UAEPAXI@Z 100030f7 f i qui:qwidgetfactory.obj
 0001:000020f7       ??_EQListBoxPixmap@@UAEPAXI@Z 100030f7 f i qui:qwidgetfactory.obj
 0001:00002114       ??_GQIconViewItem@@UAEPAXI@Z 10003114 f i qui:qwidgetfactory.obj
 0001:00002114       ??_EQIconViewItem@@UAEPAXI@Z 10003114 f i qui:qwidgetfactory.obj
 0001:00002131       ?inputMenuItem@QWidgetFactory@@AAEXPAPAVQObject@@ABVUibStrTable@@AAVQDataStream@@PAVQMenuBar@@@Z 10003131 f   qui:qwidgetfactory.obj
 0001:00002275       ??_EQPopupMenu@@UAEPAXI@Z  10003275 f i qui:qwidgetfactory.obj
 0001:00002275       ??_GQPopupMenu@@UAEPAXI@Z  10003275 f i qui:qwidgetfactory.obj
 0001:00002292       ?inputObject@QWidgetFactory@@AAEPAVQObject@@PAPAV2@AAHABVUibStrTable@@AAVQDataStream@@PAVQWidget@@PAV2@VQCString@@@Z 10003292 f   qui:qwidgetfactory.obj
 0001:00002c85       ??_GQActionGroup@@UAEPAXI@Z 10003c85 f i qui:qwidgetfactory.obj
 0001:00002c85       ??_EQActionGroup@@UAEPAXI@Z 10003c85 f i qui:qwidgetfactory.obj
 0001:00002ca2       ??_EQAction@@UAEPAXI@Z     10003ca2 f i qui:qwidgetfactory.obj
 0001:00002ca2       ??_GQAction@@UAEPAXI@Z     10003ca2 f i qui:qwidgetfactory.obj
 0001:00002cbf       ??_EQToolBar@@UAEPAXI@Z    10003cbf f i qui:qwidgetfactory.obj
 0001:00002cbf       ??_GQToolBar@@UAEPAXI@Z    10003cbf f i qui:qwidgetfactory.obj
 0001:00002cdc       ?createFromUibFile@QWidgetFactory@@AAEPAVQWidget@@AAVQDataStream@@PAVQObject@@PAV2@PBD@Z 10003cdc f   qui:qwidgetfactory.obj
 0001:000032e4       ?readBlock@UibStrTable@@QAEXAAVQDataStream@@H@Z 100042e4 f i qui:qwidgetfactory.obj
 0001:0000348d       ?createWidget@QWidgetFactory@@UBEPAVQWidget@@ABVQString@@PAV2@PBD@Z 1000448d f   qui:qwidgetfactory.obj
 0001:00004242       ??_EQToolButton@@UAEPAXI@Z 10005242 f i qui:qwidgetfactory.obj
 0001:00004242       ??_GQToolButton@@UAEPAXI@Z 10005242 f i qui:qwidgetfactory.obj
 0001:0000425f       ??_EQRadioButton@@UAEPAXI@Z 1000525f f i qui:qwidgetfactory.obj
 0001:0000425f       ??_GQRadioButton@@UAEPAXI@Z 1000525f f i qui:qwidgetfactory.obj
 0001:0000427c       ??_GQGroupBox@@UAEPAXI@Z   1000527c f i qui:qwidgetfactory.obj
 0001:0000427c       ??_EQGroupBox@@UAEPAXI@Z   1000527c f i qui:qwidgetfactory.obj
 0001:00004299       ??_GQButtonGroup@@UAEPAXI@Z 10005299 f i qui:qwidgetfactory.obj
 0001:00004299       ??_EQButtonGroup@@UAEPAXI@Z 10005299 f i qui:qwidgetfactory.obj
 0001:000042b6       ??_EQIconView@@UAEPAXI@Z   100052b6 f i qui:qwidgetfactory.obj
 0001:000042b6       ??_GQIconView@@UAEPAXI@Z   100052b6 f i qui:qwidgetfactory.obj
 0001:000042d3       ??_EQTable@@UAEPAXI@Z      100052d3 f i qui:qwidgetfactory.obj
 0001:000042d3       ??_GQTable@@UAEPAXI@Z      100052d3 f i qui:qwidgetfactory.obj
 0001:000042f0       ??_EQListBox@@UAEPAXI@Z    100052f0 f i qui:qwidgetfactory.obj
 0001:000042f0       ??_GQListBox@@UAEPAXI@Z    100052f0 f i qui:qwidgetfactory.obj
 0001:0000430d       ??_GQListView@@UAEPAXI@Z   1000530d f i qui:qwidgetfactory.obj
 0001:0000430d       ??_EQListView@@UAEPAXI@Z   1000530d f i qui:qwidgetfactory.obj
 0001:0000432a       ??_EQLineEdit@@UAEPAXI@Z   1000532a f i qui:qwidgetfactory.obj
 0001:0000432a       ??_GQLineEdit@@UAEPAXI@Z   1000532a f i qui:qwidgetfactory.obj
 0001:00004347       ??_EQSpinBox@@UAEPAXI@Z    10005347 f i qui:qwidgetfactory.obj
 0001:00004347       ??_GQSpinBox@@UAEPAXI@Z    10005347 f i qui:qwidgetfactory.obj
 0001:00004364       ??_EQMultiLineEdit@@UAEPAXI@Z 10005364 f i qui:qwidgetfactory.obj
 0001:00004364       ??_GQMultiLineEdit@@UAEPAXI@Z 10005364 f i qui:qwidgetfactory.obj
 0001:00004381       ??_GQLabel@@UAEPAXI@Z      10005381 f i qui:qwidgetfactory.obj
 0001:00004381       ??_EQLabel@@UAEPAXI@Z      10005381 f i qui:qwidgetfactory.obj
 0001:0000439e       ??_GQTabWidget@@UAEPAXI@Z  1000539e f i qui:qwidgetfactory.obj
 0001:0000439e       ??_EQTabWidget@@UAEPAXI@Z  1000539e f i qui:qwidgetfactory.obj
 0001:000043bb       ??_EQComboBox@@UAEPAXI@Z   100053bb f i qui:qwidgetfactory.obj
 0001:000043bb       ??_GQComboBox@@UAEPAXI@Z   100053bb f i qui:qwidgetfactory.obj
 0001:000043d8       ??_GQDialog@@UAEPAXI@Z     100053d8 f i qui:qwidgetfactory.obj
 0001:000043d8       ??_EQDialog@@UAEPAXI@Z     100053d8 f i qui:qwidgetfactory.obj
 0001:000043f5       ??_GQWizard@@UAEPAXI@Z     100053f5 f i qui:qwidgetfactory.obj
 0001:000043f5       ??_EQWizard@@UAEPAXI@Z     100053f5 f i qui:qwidgetfactory.obj
 0001:00004412       ??_EQLCDNumber@@UAEPAXI@Z  10005412 f i qui:qwidgetfactory.obj
 0001:00004412       ??_GQLCDNumber@@UAEPAXI@Z  10005412 f i qui:qwidgetfactory.obj
 0001:0000442f       ??_GQProgressBar@@UAEPAXI@Z 1000542f f i qui:qwidgetfactory.obj
 0001:0000442f       ??_EQProgressBar@@UAEPAXI@Z 1000542f f i qui:qwidgetfactory.obj
 0001:0000445a       ??_GQTextView@@UAEPAXI@Z   1000545a f i qui:qwidgetfactory.obj
 0001:0000445a       ??_EQTextView@@UAEPAXI@Z   1000545a f i qui:qwidgetfactory.obj
 0001:00004477       ??_GQTextBrowser@@UAEPAXI@Z 10005477 f i qui:qwidgetfactory.obj
 0001:00004477       ??_EQTextBrowser@@UAEPAXI@Z 10005477 f i qui:qwidgetfactory.obj
 0001:00004494       ??_GQDial@@UAEPAXI@Z       10005494 f i qui:qwidgetfactory.obj
 0001:00004494       ??_EQDial@@UAEPAXI@Z       10005494 f i qui:qwidgetfactory.obj
 0001:000044b1       ??_GQSlider@@UAEPAXI@Z     100054b1 f i qui:qwidgetfactory.obj
 0001:000044b1       ??_EQSlider@@UAEPAXI@Z     100054b1 f i qui:qwidgetfactory.obj
 0001:000044ce       ??_EQWidget@@UAEPAXI@Z     100054ce f i qui:qwidgetfactory.obj
 0001:000044ce       ??_GQWidget@@UAEPAXI@Z     100054ce f i qui:qwidgetfactory.obj
 0001:000044ce       ??_EQVBox@@UAEPAXI@Z       100054ce f i qui:qwidgetfactory.obj
 0001:000044ce       ??_GQVBox@@UAEPAXI@Z       100054ce f i qui:qwidgetfactory.obj
 0001:000044ce       ??_GQFrame@@UAEPAXI@Z      100054ce f i qui:qwidgetfactory.obj
 0001:000044ce       ??_EQFrame@@UAEPAXI@Z      100054ce f i qui:qwidgetfactory.obj
 0001:000044ce       ??_GQHBox@@UAEPAXI@Z       100054ce f i qui:qwidgetfactory.obj
 0001:000044ce       ??_GQGrid@@UAEPAXI@Z       100054ce f i qui:qwidgetfactory.obj
 0001:000044ce       ??_EQHBox@@UAEPAXI@Z       100054ce f i qui:qwidgetfactory.obj
 0001:000044ce       ??_EQGrid@@UAEPAXI@Z       100054ce f i qui:qwidgetfactory.obj
 0001:000044eb       ??_GQSplitter@@UAEPAXI@Z   100054eb f i qui:qwidgetfactory.obj
 0001:000044eb       ??_EQSplitter@@UAEPAXI@Z   100054eb f i qui:qwidgetfactory.obj
 0001:00004508       ??_EQDateEdit@@UAEPAXI@Z   10005508 f i qui:qwidgetfactory.obj
 0001:00004508       ??_GQDateEdit@@UAEPAXI@Z   10005508 f i qui:qwidgetfactory.obj
 0001:00004525       ??_GQTimeEdit@@UAEPAXI@Z   10005525 f i qui:qwidgetfactory.obj
 0001:00004525       ??_EQTimeEdit@@UAEPAXI@Z   10005525 f i qui:qwidgetfactory.obj
 0001:00004542       ??_GQDateTimeEdit@@UAEPAXI@Z 10005542 f i qui:qwidgetfactory.obj
 0001:00004542       ??_EQDateTimeEdit@@UAEPAXI@Z 10005542 f i qui:qwidgetfactory.obj
 0001:0000455f       ??_GQScrollBar@@UAEPAXI@Z  1000555f f i qui:qwidgetfactory.obj
 0001:0000455f       ??_EQScrollBar@@UAEPAXI@Z  1000555f f i qui:qwidgetfactory.obj
 0001:0000457c       ??_EQWidgetStack@@UAEPAXI@Z 1000557c f i qui:qwidgetfactory.obj
 0001:0000457c       ??_GQWidgetStack@@UAEPAXI@Z 1000557c f i qui:qwidgetfactory.obj
 0001:00004599       ??_EQToolBox@@UAEPAXI@Z    10005599 f i qui:qwidgetfactory.obj
 0001:00004599       ??_GQToolBox@@UAEPAXI@Z    10005599 f i qui:qwidgetfactory.obj
 0001:000045b6       ??_EQMainWindow@@UAEPAXI@Z 100055b6 f i qui:qwidgetfactory.obj
 0001:000045b6       ??_GQMainWindow@@UAEPAXI@Z 100055b6 f i qui:qwidgetfactory.obj
 0001:000045d3       ??_GQDataTable@@UAEPAXI@Z  100055d3 f i qui:qwidgetfactory.obj
 0001:000045d3       ??_EQDataTable@@UAEPAXI@Z  100055d3 f i qui:qwidgetfactory.obj
 0001:000045f0       ?createWidgetInternal@QWidgetFactory@@AAEPAVQWidget@@ABVQDomElement@@PAV2@PAVQLayout@@ABVQString@@@Z 100055f0 f   qui:qwidgetfactory.obj
 0001:00004f49       ?createLayout@QWidgetFactory@@AAEPAVQLayout@@PAVQWidget@@PAV2@W4LayoutType@1@_N@Z 10005f49 f   qui:qwidgetfactory.obj
 0001:000051aa       ??_GQGridLayout@@UAEPAXI@Z 100061aa f i qui:qwidgetfactory.obj
 0001:000051aa       ??_EQGridLayout@@UAEPAXI@Z 100061aa f i qui:qwidgetfactory.obj
 0001:000051c7       ?layoutType@QWidgetFactory@@ABE?AW4LayoutType@1@PAVQLayout@@@Z 100061c7 f   qui:qwidgetfactory.obj
 0001:0000520b       ?setProperty@QWidgetFactory@@AAEXPAVQObject@@ABVQString@@VQVariant@@@Z 1000620b f   qui:qwidgetfactory.obj
 0001:000057d6       ??0SqlWidgetConnection@QWidgetFactory@@QAE@ABVQString@@0@Z 100067d6 f i qui:qwidgetfactory.obj
 0001:00005811       ?setProperty@QWidgetFactory@@AAEXPAVQObject@@ABVQString@@ABVQDomElement@@@Z 10006811 f   qui:qwidgetfactory.obj
 0001:00005c56       ?createSpacer@QWidgetFactory@@AAEXABVQDomElement@@PAVQLayout@@@Z 10006c56 f   qui:qwidgetfactory.obj
 0001:00006119       ?loadImageCollection@QWidgetFactory@@AAEXABVQDomElement@@@Z 10007119 f   qui:qwidgetfactory.obj
 0001:0000647e       ?loadFromCollection@QWidgetFactory@@AAE?AVQImage@@ABVQString@@@Z 1000747e f   qui:qwidgetfactory.obj
 0001:000064ed       ?loadPixmap@QWidgetFactory@@AAE?AVQPixmap@@ABVQString@@@Z 100074ed f   qui:qwidgetfactory.obj
 0001:00006569       ?loadPixmap@QWidgetFactory@@AAE?AVQPixmap@@ABVQDomElement@@@Z 10007569 f   qui:qwidgetfactory.obj
 0001:000065c3       ?loadColorGroup@QWidgetFactory@@AAE?AVQColorGroup@@ABVQDomElement@@@Z 100075c3 f   qui:qwidgetfactory.obj
 0001:00006735       ?loadConnections@QWidgetFactory@@AAEXABVQDomElement@@PAVQObject@@@Z 10007735 f   qui:qwidgetfactory.obj
 0001:000070ee       ??0Connection@@QAE@XZ      100080ee f i qui:qwidgetfactory.obj
 0001:00007130       ?loadTabOrder@QWidgetFactory@@AAEXABVQDomElement@@@Z 10008130 f   qui:qwidgetfactory.obj
 0001:0000727d       ?createListViewColumn@QWidgetFactory@@AAEXPAVQListView@@ABVQString@@ABVQPixmap@@_N3@Z 1000827d f   qui:qwidgetfactory.obj
 0001:00007358       ?createTableColumnOrRow@QWidgetFactory@@AAEXPAVQTable@@ABVQString@@ABVQPixmap@@1_N@Z 10008358 f   qui:qwidgetfactory.obj
 0001:0000756d       ??1Field@QWidgetFactory@@QAE@XZ 1000856d f i qui:qwidgetfactory.obj
 0001:0000758c       ?createColumn@QWidgetFactory@@AAEXABVQDomElement@@PAVQWidget@@@Z 1000858c f   qui:qwidgetfactory.obj
 0001:00007bae       ?loadItem@QWidgetFactory@@AAEXABVQDomElement@@AAVQPixmap@@AAVQString@@AA_N@Z 10008bae f   qui:qwidgetfactory.obj
 0001:00007d95       ?createItem@QWidgetFactory@@AAEXABVQDomElement@@PAVQWidget@@PAVQListViewItem@@@Z 10008d95 f   qui:qwidgetfactory.obj
 0001:000082c8       ??_GQListViewItem@@UAEPAXI@Z 100092c8 f i qui:qwidgetfactory.obj
 0001:000082c8       ??_EQListViewItem@@UAEPAXI@Z 100092c8 f i qui:qwidgetfactory.obj
 0001:000082e5       ?loadChildAction@QWidgetFactory@@AAEXPAVQObject@@ABVQDomElement@@@Z 100092e5 f   qui:qwidgetfactory.obj
 0001:00008630       ?loadActions@QWidgetFactory@@AAEXABVQDomElement@@@Z 10009630 f   qui:qwidgetfactory.obj
 0001:00008717       ?loadToolBars@QWidgetFactory@@AAEXABVQDomElement@@@Z 10009717 f   qui:qwidgetfactory.obj
 0001:00008b23       ?loadMenuBar@QWidgetFactory@@AAEXABVQDomElement@@@Z 10009b23 f   qui:qwidgetfactory.obj
 0001:00008daa       ?loadPopupMenu@QWidgetFactory@@AAEXPAVQPopupMenu@@ABVQDomElement@@@Z 10009daa f   qui:qwidgetfactory.obj
 0001:0000912d       ?findAction@QWidgetFactory@@AAEPAVQAction@@ABVQString@@@Z 1000a12d f   qui:qwidgetfactory.obj
 0001:000091a6       ?loadExtraSource@QWidgetFactory@@AAEXXZ 1000a1a6 f   qui:qwidgetfactory.obj
 0001:000092a6       ?translate@QWidgetFactory@@AAE?AVQString@@ABV2@0@Z 1000a2a6 f   qui:qwidgetfactory.obj
 0001:0000930c       ?translate@QWidgetFactory@@AAE?AVQString@@PBD0@Z 1000a30c f   qui:qwidgetfactory.obj
 0001:00009337       ??0?$QValueList@UImage@QWidgetFactory@@@@QAE@XZ 1000a337 f i qui:qwidgetfactory.obj
 0001:00009357       ?append@?$QValueList@UImage@QWidgetFactory@@@@QAE?AV?$QValueListIterator@UImage@QWidgetFactory@@@@ABUImage@QWidgetFactory@@@Z 1000a357 f i qui:qwidgetfactory.obj
 0001:00009387       ?end@?$QValueList@UImage@QWidgetFactory@@@@QAE?AV?$QValueListIterator@UImage@QWidgetFactory@@@@XZ 1000a387 f i qui:qwidgetfactory.obj
 0001:000093a6       ??0?$QMap@VQString@@VQStringList@@@@QAE@XZ 1000a3a6 f i qui:qwidgetfactory.obj
 0001:000093c6       ??1?$QMap@VQString@@VQStringList@@@@QAE@XZ 1000a3c6 f i qui:qwidgetfactory.obj
 0001:000093e3       ??0?$QMap@PAVQWidget@@USqlWidgetConnection@QWidgetFactory@@@@QAE@XZ 1000a3e3 f i qui:qwidgetfactory.obj
 0001:00009403       ??1?$QMap@PAVQWidget@@USqlWidgetConnection@QWidgetFactory@@@@QAE@XZ 1000a403 f i qui:qwidgetfactory.obj
 0001:00009420       ??0?$QMap@PAVQTable@@V?$QValueList@UField@QWidgetFactory@@@@@@QAE@XZ 1000a420 f i qui:qwidgetfactory.obj
 0001:00009440       ??1?$QMap@PAVQTable@@V?$QValueList@UField@QWidgetFactory@@@@@@QAE@XZ 1000a440 f i qui:qwidgetfactory.obj
 0001:0000945d       ??1?$QDict@_N@@UAE@XZ      1000a45d f i qui:qwidgetfactory.obj
 0001:00009480       ?count@?$QDict@_N@@UBEIXZ  1000a480 f i qui:qwidgetfactory.obj
 0001:00009480       ?currentNode@?$QPtrList@VsignalConnection@@@@QBEPAVQLNode@@XZ 1000a480 f i bncs_client_runtime.obj
 0001:00009484       ?clear@?$QDict@_N@@UAEXXZ  1000a484 f i qui:qwidgetfactory.obj
 0001:00009490       ?count@?$QPtrList@VQWidgetFactory@@@@UBEIXZ 1000a490 f i qui:qwidgetfactory.obj
 0001:00009490       ?count@?$QPtrList@VQAction@@@@UBEIXZ 1000a490 f i qui:qwidgetfactory.obj
 0001:00009490       ?count@?$QPtrList@VsignalConnection@@@@UBEIXZ 1000a490 f i bncs_client_runtime.obj
 0001:00009494       ?clear@?$QPtrList@VQAction@@@@UAEXXZ 1000a494 f i qui:qwidgetfactory.obj
 0001:00009494       ?clear@?$QPtrList@VQWidgetFactory@@@@UAEXXZ 1000a494 f i qui:qwidgetfactory.obj
 0001:0000949a       ??0?$QMap@PAVQWidget@@VQString@@@@QAE@XZ 1000a49a f i qui:qwidgetfactory.obj
 0001:000094ba       ??0?$QValueList@UField@QWidgetFactory@@@@QAE@XZ 1000a4ba f i qui:qwidgetfactory.obj
 0001:000094da       ?append@?$QValueList@UField@QWidgetFactory@@@@QAE?AV?$QValueListIterator@UField@QWidgetFactory@@@@ABUField@QWidgetFactory@@@Z 1000a4da f i qui:qwidgetfactory.obj
 0001:0000950a       ??0?$QValueList@VQPixmap@@@@QAE@XZ 1000a50a f i qui:qwidgetfactory.obj
 0001:0000952a       ??_E?$QPtrList@VQAction@@@@UAEPAXI@Z 1000a52a f i qui:qwidgetfactory.obj
 0001:0000952a       ??_G?$QPtrList@VQAction@@@@UAEPAXI@Z 1000a52a f i qui:qwidgetfactory.obj
 0001:00009555       ??_G?$QDict@_N@@UAEPAXI@Z  1000a555 f i qui:qwidgetfactory.obj
 0001:00009555       ??_E?$QDict@_N@@UAEPAXI@Z  1000a555 f i qui:qwidgetfactory.obj
 0001:00009580       ??_E?$QPtrList@VQWidgetFactory@@@@UAEPAXI@Z 1000a580 f i qui:qwidgetfactory.obj
 0001:00009580       ??_G?$QPtrList@VQWidgetFactory@@@@UAEPAXI@Z 1000a580 f i qui:qwidgetfactory.obj
 0001:000095ab       ?end@?$QValueList@UField@QWidgetFactory@@@@QAE?AV?$QValueListIterator@UField@QWidgetFactory@@@@XZ 1000a5ab f i qui:qwidgetfactory.obj
 0001:000095ca       ?append@?$QValueList@VQPixmap@@@@QAE?AV?$QValueListIterator@VQPixmap@@@@ABVQPixmap@@@Z 1000a5ca f i qui:qwidgetfactory.obj
 0001:000095fa       ?end@?$QValueList@VQPixmap@@@@QAE?AV?$QValueListIterator@VQPixmap@@@@XZ 1000a5fa f i qui:qwidgetfactory.obj
 0001:00009619       ??1?$QMapPrivate@VQString@@VQStringList@@@@QAE@XZ 1000a619 f i qui:qwidgetfactory.obj
 0001:00009631       ??1?$QMapPrivate@PAVQWidget@@USqlWidgetConnection@QWidgetFactory@@@@QAE@XZ 1000a631 f i qui:qwidgetfactory.obj
 0001:00009649       ?begin@?$QMapPrivate@VQString@@VQStringList@@@@QAE?AV?$QMapIterator@VQString@@VQStringList@@@@XZ 1000a649 f i qui:qwidgetfactory.obj
 0001:00009649       ?begin@?$QMapPrivate@PAVQWidget@@USqlWidgetConnection@QWidgetFactory@@@@QAE?AV?$QMapIterator@PAVQWidget@@USqlWidgetConnection@QWidgetFactory@@@@XZ 1000a649 f i qui:qwidgetfactory.obj
 0001:00009657       ??1?$QMapPrivate@PAVQTable@@V?$QValueList@UField@QWidgetFactory@@@@@@QAE@XZ 1000a657 f i qui:qwidgetfactory.obj
 0001:00009677       ?derefAndDelete@?$QValueListPrivate@VQPixmap@@@@QAEXXZ 1000a677 f i qui:qwidgetfactory.obj
 0001:00009677       ?derefAndDelete@?$QValueListPrivate@UImage@QWidgetFactory@@@@QAEXXZ 1000a677 f i qui:qwidgetfactory.obj
 0001:00009677       ?derefAndDelete@?$QValueListPrivate@UField@QWidgetFactory@@@@QAEXXZ 1000a677 f i qui:qwidgetfactory.obj
 0001:00009677       ?derefAndDelete@?$QValueListPrivate@VQString@@@@QAEXXZ 1000a677 f i qui:qwidgetfactory.obj
 0001:00009687       ??_G?$QMapNode@VQString@@VQStringList@@@@QAEPAXI@Z 1000a687 f i qui:qwidgetfactory.obj
 0001:000096af       ??_G?$QMapNode@PAVQWidget@@USqlWidgetConnection@QWidgetFactory@@@@QAEPAXI@Z 1000a6af f i qui:qwidgetfactory.obj
 0001:000096dc       ?detachInternal@?$QValueList@UImage@QWidgetFactory@@@@AAEXXZ 1000a6dc f i qui:qwidgetfactory.obj
 0001:00009703       ?insert@?$QMap@VQString@@VQStringList@@@@QAE?AV?$QMapIterator@VQString@@VQStringList@@@@ABVQString@@ABVQStringList@@_N@Z 1000a703 f i qui:qwidgetfactory.obj
 0001:0000975e       ?detachInternal@?$QMap@VQString@@VQStringList@@@@AAEXXZ 1000a75e f i qui:qwidgetfactory.obj
 0001:00009782       ?inc@?$QMapIterator@VQString@@VQStringList@@@@AAEHXZ 1000a782 f i qui:qwidgetfactory.obj
 0001:00009782       ?inc@?$QMapIterator@PAVQWidget@@USqlWidgetConnection@QWidgetFactory@@@@AAEHXZ 1000a782 f i qui:qwidgetfactory.obj
 0001:00009782       ?inc@?$QMapIterator@VQString@@V1@@@AAEHXZ 1000a782 f i qui:qwidgetfactory.obj
 0001:000097b0       ?insert@?$QMap@PAVQWidget@@USqlWidgetConnection@QWidgetFactory@@@@QAE?AV?$QMapIterator@PAVQWidget@@USqlWidgetConnection@QWidgetFactory@@@@ABQAVQWidget@@ABUSqlWidgetConnection@QWidgetFactory@@_N@Z 1000a7b0 f i qui:qwidgetfactory.obj
 0001:000097fe       ?detachInternal@?$QMap@PAVQWidget@@USqlWidgetConnection@QWidgetFactory@@@@AAEXXZ 1000a7fe f i qui:qwidgetfactory.obj
 0001:00009822       ?insert@?$QMap@PAVQTable@@V?$QValueList@UField@QWidgetFactory@@@@@@QAE?AV?$QMapIterator@PAVQTable@@V?$QValueList@UField@QWidgetFactory@@@@@@ABQAVQTable@@ABV?$QValueList@UField@QWidgetFactory@@@@_N@Z 1000a822 f i qui:qwidgetfactory.obj
 0001:0000987d       ?remove@?$QMap@PAVQTable@@V?$QValueList@UField@QWidgetFactory@@@@@@QAEXABQAVQTable@@@Z 1000a87d f i qui:qwidgetfactory.obj
 0001:000098c7       ?detachInternal@?$QMap@PAVQTable@@V?$QValueList@UField@QWidgetFactory@@@@@@AAEXXZ 1000a8c7 f i qui:qwidgetfactory.obj
 0001:000098eb       ?deleteItem@?$QPtrList@VQAction@@@@EAEXPAX@Z 1000a8eb f i qui:qwidgetfactory.obj
 0001:00009903       ?deleteItem@?$QDict@_N@@EAEXPAX@Z 1000a903 f i qui:qwidgetfactory.obj
 0001:00009916       ?deleteItem@?$QPtrList@VQWidgetFactory@@@@EAEXPAX@Z 1000a916 f i qui:qwidgetfactory.obj
 0001:0000992d       ?insert@?$QMap@PAVQWidget@@VQString@@@@QAE?AV?$QMapIterator@PAVQWidget@@VQString@@@@ABQAVQWidget@@ABVQString@@_N@Z 1000a92d f i qui:qwidgetfactory.obj
 0001:0000997c       ?detachInternal@?$QValueList@UField@QWidgetFactory@@@@AAEXXZ 1000a97c f i qui:qwidgetfactory.obj
 0001:000099a3       ?detachInternal@?$QValueList@VQPixmap@@@@AAEXXZ 1000a9a3 f i qui:qwidgetfactory.obj
 0001:000099ca       ?find@?$QValueListPrivate@VQString@@@@QBEPAV?$QValueListNode@VQString@@@@PAV2@ABVQString@@@Z 1000a9ca f i qui:qwidgetfactory.obj
 0001:000099fb       ?at@?$QValueListPrivate@VQString@@@@QBEPAV?$QValueListNode@VQString@@@@I@Z 1000a9fb f i qui:qwidgetfactory.obj
 0001:000099fb       ?at@?$QValueListPrivate@VQPixmap@@@@QBEPAV?$QValueListNode@VQPixmap@@@@I@Z 1000a9fb f i qui:qwidgetfactory.obj
 0001:00009a3a       ??0?$QValueListPrivate@UImage@QWidgetFactory@@@@QAE@XZ 1000aa3a f i qui:qwidgetfactory.obj
 0001:00009a78       ?insert@?$QValueListPrivate@UImage@QWidgetFactory@@@@QAE?AV?$QValueListIterator@UImage@QWidgetFactory@@@@V2@ABUImage@QWidgetFactory@@@Z 1000aa78 f i qui:qwidgetfactory.obj
 0001:00009abb       ??0?$QMapPrivate@VQString@@VQStringList@@@@QAE@XZ 1000aabb f i qui:qwidgetfactory.obj
 0001:00009b0f       ?clear@?$QMapPrivate@VQString@@VQStringList@@@@QAEXXZ 1000ab0f f i qui:qwidgetfactory.obj
 0001:00009b3e       ??0?$QMapPrivate@PAVQWidget@@USqlWidgetConnection@QWidgetFactory@@@@QAE@XZ 1000ab3e f i qui:qwidgetfactory.obj
 0001:00009b96       ?clear@?$QMapPrivate@PAVQWidget@@USqlWidgetConnection@QWidgetFactory@@@@QAEXXZ 1000ab96 f i qui:qwidgetfactory.obj
 0001:00009bc5       ??0?$QMapPrivate@PAVQTable@@V?$QValueList@UField@QWidgetFactory@@@@@@QAE@XZ 1000abc5 f i qui:qwidgetfactory.obj
 0001:00009c0f       ?clear@?$QMapPrivate@PAVQTable@@V?$QValueList@UField@QWidgetFactory@@@@@@QAEXXZ 1000ac0f f i qui:qwidgetfactory.obj
 0001:00009c3e       ?find@?$QMapPrivate@PAVQTable@@V?$QValueList@UField@QWidgetFactory@@@@@@QBE?AV?$QMapConstIterator@PAVQTable@@V?$QValueList@UField@QWidgetFactory@@@@@@ABQAVQTable@@@Z 1000ac3e f i qui:qwidgetfactory.obj
 0001:00009c82       ??0?$QMapPrivate@PAVQWidget@@VQString@@@@QAE@XZ 1000ac82 f i qui:qwidgetfactory.obj
 0001:00009ccd       ??0?$QValueListPrivate@UField@QWidgetFactory@@@@QAE@XZ 1000accd f i qui:qwidgetfactory.obj
 0001:00009d18       ??0Field@QWidgetFactory@@QAE@XZ 1000ad18 f i qui:qwidgetfactory.obj
 0001:00009d37       ?insert@?$QValueListPrivate@UField@QWidgetFactory@@@@QAE?AV?$QValueListIterator@UField@QWidgetFactory@@@@V2@ABUField@QWidgetFactory@@@Z 1000ad37 f i qui:qwidgetfactory.obj
 0001:00009d85       ??0?$QValueListPrivate@VQPixmap@@@@QAE@XZ 1000ad85 f i qui:qwidgetfactory.obj
 0001:00009dd1       ??_E?$QValueListNode@VQPixmap@@@@UAEPAXI@Z 1000add1 f i qui:qwidgetfactory.obj
 0001:00009dd1       ??_G?$QValueListNode@VQPixmap@@@@UAEPAXI@Z 1000add1 f i qui:qwidgetfactory.obj
 0001:00009df7       ?insert@?$QValueListPrivate@VQPixmap@@@@QAE?AV?$QValueListIterator@VQPixmap@@@@V2@ABVQPixmap@@@Z 1000adf7 f i qui:qwidgetfactory.obj
 0001:00009e46       ??4SqlWidgetConnection@QWidgetFactory@@QAEAAU01@ABU01@@Z 1000ae46 f i qui:qwidgetfactory.obj
 0001:00009e6f       ??_G?$QValueListPrivate@UField@QWidgetFactory@@@@UAEPAXI@Z 1000ae6f f i qui:qwidgetfactory.obj
 0001:00009e6f       ??_E?$QValueListPrivate@UImage@QWidgetFactory@@@@UAEPAXI@Z 1000ae6f f i qui:qwidgetfactory.obj
 0001:00009e6f       ??_E?$QValueListPrivate@UField@QWidgetFactory@@@@UAEPAXI@Z 1000ae6f f i qui:qwidgetfactory.obj
 0001:00009e6f       ??_G?$QValueListPrivate@VQPixmap@@@@UAEPAXI@Z 1000ae6f f i qui:qwidgetfactory.obj
 0001:00009e6f       ??_E?$QValueListPrivate@VQPixmap@@@@UAEPAXI@Z 1000ae6f f i qui:qwidgetfactory.obj
 0001:00009e6f       ??_G?$QValueListPrivate@UImage@QWidgetFactory@@@@UAEPAXI@Z 1000ae6f f i qui:qwidgetfactory.obj
 0001:00009e8b       ??1?$QValueListPrivate@UField@QWidgetFactory@@@@UAE@XZ 1000ae8b f i qui:qwidgetfactory.obj
 0001:00009e8b       ??1?$QValueListPrivate@UImage@QWidgetFactory@@@@UAE@XZ 1000ae8b f i qui:qwidgetfactory.obj
 0001:00009e8b       ??1?$QValueListPrivate@VQPixmap@@@@UAE@XZ 1000ae8b f i qui:qwidgetfactory.obj
 0001:00009ec3       ??0?$QValueListNode@UImage@QWidgetFactory@@@@QAE@ABUImage@QWidgetFactory@@@Z 1000aec3 f i qui:qwidgetfactory.obj
 0001:00009ef3       ??_G?$QValueListNode@UImage@QWidgetFactory@@@@UAEPAXI@Z 1000aef3 f i qui:qwidgetfactory.obj
 0001:00009ef3       ??_E?$QValueListNode@UImage@QWidgetFactory@@@@UAEPAXI@Z 1000aef3 f i qui:qwidgetfactory.obj
 0001:00009f0f       ??1?$QValueListNode@UImage@QWidgetFactory@@@@UAE@XZ 1000af0f f i qui:qwidgetfactory.obj
 0001:00009f2c       ??0?$QValueListNode@UImage@QWidgetFactory@@@@QAE@XZ 1000af2c f i qui:qwidgetfactory.obj
 0001:00009f4f       ?remove@?$QMapPrivate@PAVQTable@@V?$QValueList@UField@QWidgetFactory@@@@@@QAEXV?$QMapIterator@PAVQTable@@V?$QValueList@UField@QWidgetFactory@@@@@@@Z 1000af4f f i qui:qwidgetfactory.obj
 0001:00009f88       ??_G?$QValueListNode@UField@QWidgetFactory@@@@UAEPAXI@Z 1000af88 f i qui:qwidgetfactory.obj
 0001:00009f88       ??_E?$QValueListNode@UField@QWidgetFactory@@@@UAEPAXI@Z 1000af88 f i qui:qwidgetfactory.obj
 0001:00009fad       ??0Field@QWidgetFactory@@QAE@ABU01@@Z 1000afad f i qui:qwidgetfactory.obj
 0001:00009fdd       ??0?$QValueListPrivate@UImage@QWidgetFactory@@@@QAE@ABV0@@Z 1000afdd f i qui:qwidgetfactory.obj
 0001:0000a05b       ??0?$QMapPrivate@VQString@@VQStringList@@@@QAE@PBV0@@Z 1000b05b f i qui:qwidgetfactory.obj
 0001:0000a103       ?clear@?$QMapPrivate@VQString@@VQStringList@@@@QAEXPAU?$QMapNode@VQString@@VQStringList@@@@@Z 1000b103 f i qui:qwidgetfactory.obj
 0001:0000a135       ?insertSingle@?$QMapPrivate@VQString@@VQStringList@@@@QAE?AV?$QMapIterator@VQString@@VQStringList@@@@ABVQString@@@Z 1000b135 f i qui:qwidgetfactory.obj
 0001:0000a1b7       ??0?$QMapPrivate@PAVQWidget@@USqlWidgetConnection@QWidgetFactory@@@@QAE@PBV0@@Z 1000b1b7 f i qui:qwidgetfactory.obj
 0001:0000a266       ?clear@?$QMapPrivate@PAVQWidget@@USqlWidgetConnection@QWidgetFactory@@@@QAEXPAU?$QMapNode@PAVQWidget@@USqlWidgetConnection@QWidgetFactory@@@@@Z 1000b266 f i qui:qwidgetfactory.obj
 0001:0000a298       ?insertSingle@?$QMapPrivate@PAVQWidget@@USqlWidgetConnection@QWidgetFactory@@@@QAE?AV?$QMapIterator@PAVQWidget@@USqlWidgetConnection@QWidgetFactory@@@@ABQAVQWidget@@@Z 1000b298 f i qui:qwidgetfactory.obj
 0001:0000a310       ??0?$QMapPrivate@PAVQTable@@V?$QValueList@UField@QWidgetFactory@@@@@@QAE@PBV0@@Z 1000b310 f i qui:qwidgetfactory.obj
 0001:0000a3ae       ?clear@?$QMapPrivate@PAVQTable@@V?$QValueList@UField@QWidgetFactory@@@@@@QAEXPAU?$QMapNode@PAVQTable@@V?$QValueList@UField@QWidgetFactory@@@@@@@Z 1000b3ae f i qui:qwidgetfactory.obj
 0001:0000a3e6       ?insertSingle@?$QMapPrivate@PAVQTable@@V?$QValueList@UField@QWidgetFactory@@@@@@QAE?AV?$QMapIterator@PAVQTable@@V?$QValueList@UField@QWidgetFactory@@@@@@ABQAVQTable@@@Z 1000b3e6 f i qui:qwidgetfactory.obj
 0001:0000a45e       ?detachInternal@?$QMap@PAVQWidget@@VQString@@@@AAEXXZ 1000b45e f i qui:qwidgetfactory.obj
 0001:0000a482       ?insertSingle@?$QMapPrivate@PAVQWidget@@VQString@@@@QAE?AV?$QMapIterator@PAVQWidget@@VQString@@@@ABQAVQWidget@@@Z 1000b482 f i qui:qwidgetfactory.obj
 0001:0000a4fa       ??0?$QValueListPrivate@UField@QWidgetFactory@@@@QAE@ABV0@@Z 1000b4fa f i qui:qwidgetfactory.obj
 0001:0000a583       ??0?$QValueListPrivate@VQPixmap@@@@QAE@ABV0@@Z 1000b583 f i qui:qwidgetfactory.obj
 0001:0000a60d       ??0?$QValueListIterator@VQPixmap@@@@QAE@ABV0@@Z 1000b60d f i qui:qwidgetfactory.obj
 0001:0000a60d       ??0?$QValueListIterator@UField@QWidgetFactory@@@@QAE@ABV0@@Z 1000b60d f i qui:qwidgetfactory.obj
 0001:0000a60d       ??0?$QValueListIterator@UImage@QWidgetFactory@@@@QAE@ABV0@@Z 1000b60d f i qui:qwidgetfactory.obj
 0001:0000a61a       ?copy@?$QMapPrivate@VQString@@VQStringList@@@@QAEPAU?$QMapNode@VQString@@VQStringList@@@@PAU2@@Z 1000b61a f i qui:qwidgetfactory.obj
 0001:0000a686       ?insert@?$QMapPrivate@VQString@@VQStringList@@@@QAE?AV?$QMapIterator@VQString@@VQStringList@@@@PAUQMapNodeBase@@0ABVQString@@@Z 1000b686 f i qui:qwidgetfactory.obj
 0001:0000a71b       ?copy@?$QMapPrivate@PAVQWidget@@USqlWidgetConnection@QWidgetFactory@@@@QAEPAU?$QMapNode@PAVQWidget@@USqlWidgetConnection@QWidgetFactory@@@@PAU2@@Z 1000b71b f i qui:qwidgetfactory.obj
 0001:0000a787       ?insert@?$QMapPrivate@PAVQWidget@@USqlWidgetConnection@QWidgetFactory@@@@QAE?AV?$QMapIterator@PAVQWidget@@USqlWidgetConnection@QWidgetFactory@@@@PAUQMapNodeBase@@0ABQAVQWidget@@@Z 1000b787 f i qui:qwidgetfactory.obj
 0001:0000a825       ?copy@?$QMapPrivate@PAVQTable@@V?$QValueList@UField@QWidgetFactory@@@@@@QAEPAU?$QMapNode@PAVQTable@@V?$QValueList@UField@QWidgetFactory@@@@@@PAU2@@Z 1000b825 f i qui:qwidgetfactory.obj
 0001:0000a891       ?insert@?$QMapPrivate@PAVQTable@@V?$QValueList@UField@QWidgetFactory@@@@@@QAE?AV?$QMapIterator@PAVQTable@@V?$QValueList@UField@QWidgetFactory@@@@@@PAUQMapNodeBase@@0ABQAVQTable@@@Z 1000b891 f i qui:qwidgetfactory.obj
 0001:0000a920       ?dec@?$QMapIterator@PAVQWidget@@USqlWidgetConnection@QWidgetFactory@@@@AAEHXZ 1000b920 f i qui:qwidgetfactory.obj
 0001:0000a920       ?dec@?$QMapIterator@VQString@@VQStringList@@@@AAEHXZ 1000b920 f i qui:qwidgetfactory.obj
 0001:0000a920       ?dec@?$QMapIterator@PAVQTable@@V?$QValueList@UField@QWidgetFactory@@@@@@AAEHXZ 1000b920 f i qui:qwidgetfactory.obj
 0001:0000a920       ?dec@?$QMapIterator@PAVQWidget@@VQString@@@@AAEHXZ 1000b920 f i qui:qwidgetfactory.obj
 0001:0000a957       ??0?$QMapPrivate@PAVQWidget@@VQString@@@@QAE@PBV0@@Z 1000b957 f i qui:qwidgetfactory.obj
 0001:0000a9f6       ?insert@?$QMapPrivate@PAVQWidget@@VQString@@@@QAE?AV?$QMapIterator@PAVQWidget@@VQString@@@@PAUQMapNodeBase@@0ABQAVQWidget@@@Z 1000b9f6 f i qui:qwidgetfactory.obj
 0001:0000aa86       ??0?$QMapNode@PAVQTable@@V?$QValueList@UField@QWidgetFactory@@@@@@QAE@ABU0@@Z 1000ba86 f i qui:qwidgetfactory.obj
 0001:0000aabb       ??0?$QMapNode@VQString@@VQStringList@@@@QAE@ABVQString@@@Z 1000babb f i qui:qwidgetfactory.obj
 0001:0000aae6       ??0?$QMapNode@VQString@@VQStringList@@@@QAE@ABU0@@Z 1000bae6 f i qui:qwidgetfactory.obj
 0001:0000ab2f       ??0?$QMapNode@PAVQWidget@@USqlWidgetConnection@QWidgetFactory@@@@QAE@ABU0@@Z 1000bb2f f i qui:qwidgetfactory.obj
 0001:0000ab63       ?copy@?$QMapPrivate@PAVQWidget@@VQString@@@@QAEPAU?$QMapNode@PAVQWidget@@VQString@@@@PAU2@@Z 1000bb63 f i qui:qwidgetfactory.obj
 0001:0000abcf       ??0?$QMapNode@PAVQWidget@@VQString@@@@QAE@ABU0@@Z 1000bbcf f i qui:qwidgetfactory.obj
 0001:0000abfb       ??_EQDateTimeEdit@@WCI@AEPAXI@Z 1000bbfb f i qui:qwidgetfactory.obj
 0001:0000ac03       ??_EQRadioButton@@WCI@AEPAXI@Z 1000bc03 f i qui:qwidgetfactory.obj
 0001:0000ac0b       ??_EQLCDNumber@@WCI@AEPAXI@Z 1000bc0b f i qui:qwidgetfactory.obj
 0001:0000ac13       ??_EQGridLayout@@WCI@AEPAXI@Z 1000bc13 f i qui:qwidgetfactory.obj
 0001:0000ac1b       ??_EQPopupMenu@@WCI@AEPAXI@Z 1000bc1b f i qui:qwidgetfactory.obj
 0001:0000ac23       ??_EQPopupMenu@@WIM@AEPAXI@Z 1000bc23 f i qui:qwidgetfactory.obj
 0001:0000ac2e       ??_EQSplitter@@WCI@AEPAXI@Z 1000bc2e f i qui:qwidgetfactory.obj
 0001:0000ac36       ??_EQTimeEdit@@WCI@AEPAXI@Z 1000bc36 f i qui:qwidgetfactory.obj
 0001:0000ac3e       ??_EQTextView@@WCI@AEPAXI@Z 1000bc3e f i qui:qwidgetfactory.obj
 0001:0000ac46       ??_EQSpinBox@@WCI@AEPAXI@Z 1000bc46 f i qui:qwidgetfactory.obj
 0001:0000ac4e       ??_EQSpinBox@@WGM@AEPAXI@Z 1000bc4e f i qui:qwidgetfactory.obj
 0001:0000ac56       ??_EQToolBox@@WCI@AEPAXI@Z 1000bc56 f i qui:qwidgetfactory.obj
 0001:0000ac5e       ??_EQDial@@WCI@AEPAXI@Z    1000bc5e f i qui:qwidgetfactory.obj
 0001:0000ac66       ??_EQDial@@WGM@AEPAXI@Z    1000bc66 f i qui:qwidgetfactory.obj
 0001:0000ac6e       ??_EQGroupBox@@WCI@AEPAXI@Z 1000bc6e f i qui:qwidgetfactory.obj
 0001:0000ac76       ??_EQListBox@@WCI@AEPAXI@Z 1000bc76 f i qui:qwidgetfactory.obj
 0001:0000ac7e       ??_EQDataTable@@WCI@AEPAXI@Z 1000bc7e f i qui:qwidgetfactory.obj
 0001:0000ac86       ??_EQTextBrowser@@WCI@AEPAXI@Z 1000bc86 f i qui:qwidgetfactory.obj
 0001:0000ac8e       ??_EQLineEdit@@WCI@AEPAXI@Z 1000bc8e f i qui:qwidgetfactory.obj
 0001:0000ac96       ??_EQWidgetStack@@WCI@AEPAXI@Z 1000bc96 f i qui:qwidgetfactory.obj
 0001:0000ac9e       ??_EQTabWidget@@WCI@AEPAXI@Z 1000bc9e f i qui:qwidgetfactory.obj
 0001:0000aca6       ??_EQGrid@@WCI@AEPAXI@Z    1000bca6 f i qui:qwidgetfactory.obj
 0001:0000aca6       ??_EQFrame@@WCI@AEPAXI@Z   1000bca6 f i qui:qwidgetfactory.obj
 0001:0000aca6       ??_EQWidget@@WCI@AEPAXI@Z  1000bca6 f i qui:qwidgetfactory.obj
 0001:0000aca6       ??_EQVBox@@WCI@AEPAXI@Z    1000bca6 f i qui:qwidgetfactory.obj
 0001:0000aca6       ??_EQHBox@@WCI@AEPAXI@Z    1000bca6 f i qui:qwidgetfactory.obj
 0001:0000acae       ??_EQDateEdit@@WCI@AEPAXI@Z 1000bcae f i qui:qwidgetfactory.obj
 0001:0000acb6       ??_EQLabel@@WCI@AEPAXI@Z   1000bcb6 f i qui:qwidgetfactory.obj
 0001:0000acbe       ??_EQProgressBar@@WCI@AEPAXI@Z 1000bcbe f i qui:qwidgetfactory.obj
 0001:0000acc6       ??_EQButtonGroup@@WCI@AEPAXI@Z 1000bcc6 f i qui:qwidgetfactory.obj
 0001:0000acce       ??_EQToolBar@@WCI@AEPAXI@Z 1000bcce f i qui:qwidgetfactory.obj
 0001:0000acd6       ??_EQDialog@@WCI@AEPAXI@Z  1000bcd6 f i qui:qwidgetfactory.obj
 0001:0000acde       ??_EQMainWindow@@WCI@AEPAXI@Z 1000bcde f i qui:qwidgetfactory.obj
 0001:0000ace6       ??_EQToolButton@@WCI@AEPAXI@Z 1000bce6 f i qui:qwidgetfactory.obj
 0001:0000acee       ??_EQListView@@WCI@AEPAXI@Z 1000bcee f i qui:qwidgetfactory.obj
 0001:0000acf6       ??_EQIconView@@WCI@AEPAXI@Z 1000bcf6 f i qui:qwidgetfactory.obj
 0001:0000acfe       ??_EQTable@@WCI@AEPAXI@Z   1000bcfe f i qui:qwidgetfactory.obj
 0001:0000ad06       ??_EQScrollBar@@WCI@AEPAXI@Z 1000bd06 f i qui:qwidgetfactory.obj
 0001:0000ad0e       ??_EQScrollBar@@WGM@AEPAXI@Z 1000bd0e f i qui:qwidgetfactory.obj
 0001:0000ad16       ??_EQSlider@@WCI@AEPAXI@Z  1000bd16 f i qui:qwidgetfactory.obj
 0001:0000ad1e       ??_EQSlider@@WGM@AEPAXI@Z  1000bd1e f i qui:qwidgetfactory.obj
 0001:0000ad26       ??_EQWizard@@WCI@AEPAXI@Z  1000bd26 f i qui:qwidgetfactory.obj
 0001:0000ad2e       ??_EQMultiLineEdit@@WCI@AEPAXI@Z 1000bd2e f i qui:qwidgetfactory.obj
 0001:0000ad36       ??_EQSqlCursor@@W7AEPAXI@Z 1000bd36 f i qui:qwidgetfactory.obj
 0001:0000ad3e       ?value@QSqlCursor@@W7BE?AVQVariant@@H@Z 1000bd3e f i qui:qwidgetfactory.obj
 0001:0000ad47       ??_EQComboBox@@WCI@AEPAXI@Z 1000bd47 f i qui:qwidgetfactory.obj
 0001:0000ad4f       ??0DatabaseSupport2@@QAE@XZ 1000bd4f f   qui:database.obj
 0001:0000ad79       ??_GDatabaseSupport2@@UAEPAXI@Z 1000bd79 f i qui:database.obj
 0001:0000ad79       ??_EDatabaseSupport2@@UAEPAXI@Z 1000bd79 f i qui:database.obj
 0001:0000ada8       ?initPreview@DatabaseSupport2@@QAEXABVQString@@0PAVQObject@@ABV?$QMap@VQString@@V1@@@@Z 1000bda8 f   qui:database.obj
 0001:0000aec2       ??_EQSqlForm@@UAEPAXI@Z    1000bec2 f i qui:database.obj
 0001:0000aec2       ??_GQSqlForm@@UAEPAXI@Z    1000bec2 f i qui:database.obj
 0001:0000aedf       ??0QDesignerDataBrowser2@@QAE@PAVQWidget@@PBD@Z 1000bedf f   qui:database.obj
 0001:0000af17       ?metaObject@QDesignerDataBrowser2@@UBEPAVQMetaObject@@XZ 1000bf17 f i qui:database.obj
 0001:0000af1c       ??_GQDesignerDataBrowser2@@UAEPAXI@Z 1000bf1c f i qui:database.obj
 0001:0000af1c       ??_EQDesignerDataBrowser2@@UAEPAXI@Z 1000bf1c f i qui:database.obj
 0001:0000af38       ??1QDesignerDataBrowser2@@UAE@XZ 1000bf38 f i qui:database.obj
 0001:0000af6a       ?event@QDesignerDataBrowser2@@MAE_NPAVQEvent@@@Z 1000bf6a f   qui:database.obj
 0001:0000afea       ??0QDesignerDataView2@@QAE@PAVQWidget@@PBD@Z 1000bfea f   qui:database.obj
 0001:0000b022       ?metaObject@QDesignerDataView2@@UBEPAVQMetaObject@@XZ 1000c022 f i qui:database.obj
 0001:0000b027       ??_EQDesignerDataView2@@UAEPAXI@Z 1000c027 f i qui:database.obj
 0001:0000b027       ??_GQDesignerDataView2@@UAEPAXI@Z 1000c027 f i qui:database.obj
 0001:0000b043       ??1QDesignerDataView2@@UAE@XZ 1000c043 f i qui:database.obj
 0001:0000b075       ?event@QDesignerDataView2@@MAE_NPAVQEvent@@@Z 1000c075 f   qui:database.obj
 0001:0000b0a8       ??_EQDesignerDataView2@@WCI@AEPAXI@Z 1000c0a8 f i qui:database.obj
 0001:0000b0b0       ??_EQDesignerDataView2@@WHA@AEPAXI@Z 1000c0b0 f i qui:database.obj
 0001:0000b0b8       ??_EQDesignerDataBrowser2@@WCI@AEPAXI@Z 1000c0b8 f i qui:database.obj
 0001:0000b0c0       ??_EQDesignerDataBrowser2@@WHA@AEPAXI@Z 1000c0c0 f i qui:database.obj
 0001:0000b0c8       ?elementToVariant@DomTool@@SA?AVQVariant@@ABVQDomElement@@ABV2@@Z 1000c0c8 f   qui:domtool.obj
 0001:0000b0f8       ?elementToVariant@DomTool@@SA?AVQVariant@@ABVQDomElement@@ABV2@AAVQString@@@Z 1000c0f8 f   qui:domtool.obj
 0001:0000ce91       ?readColor@DomTool@@SA?AVQColor@@ABVQDomElement@@@Z 1000de91 f   qui:domtool.obj
 0001:0000d08c       ?fixDocument@DomTool@@SAXAAVQDomDocument@@@Z 1000e08c f   qui:domtool.obj
 0001:0000db6b       ??0UibStrTable@@QAE@XZ     1000eb6b f   qui:uib.obj
 0001:0000dbb6       ?className@QDesignerDataBrowser2@@UBEPBDXZ 1000ebb6 f   qui:moc_database2.obj
 0001:0000dbf3       ?staticMetaObject@QDesignerDataBrowser2@@SAPAVQMetaObject@@XZ 1000ebf3 f   qui:moc_database2.obj
 0001:0000dc3a       ?qt_cast@QDesignerDataBrowser2@@UAEPAXPBD@Z 1000ec3a f   qui:moc_database2.obj
 0001:0000dca5       ?qt_invoke@QDesignerDataBrowser2@@UAE_NHPAUQUObject@@@Z 1000eca5 f   qui:moc_database2.obj
 0001:0000dcb6       ?qt_emit@QDesignerDataBrowser2@@UAE_NHPAUQUObject@@@Z 1000ecb6 f   qui:moc_database2.obj
 0001:0000dcc7       ?qt_property@QDesignerDataBrowser2@@UAE_NHHPAVQVariant@@@Z 1000ecc7 f   qui:moc_database2.obj
 0001:0000dcdc       ?className@QDesignerDataView2@@UBEPBDXZ 1000ecdc f   qui:moc_database2.obj
 0001:0000dd19       ?staticMetaObject@QDesignerDataView2@@SAPAVQMetaObject@@XZ 1000ed19 f   qui:moc_database2.obj
 0001:0000dd60       ?qt_cast@QDesignerDataView2@@UAEPAXPBD@Z 1000ed60 f   qui:moc_database2.obj
 0001:0000ddcb       ?qt_invoke@QDesignerDataView2@@UAE_NHPAUQUObject@@@Z 1000edcb f   qui:moc_database2.obj
 0001:0000dddc       ?qt_emit@QDesignerDataView2@@UAE_NHPAUQUObject@@@Z 1000eddc f   qui:moc_database2.obj
 0001:0000dded       ?qt_property@QDesignerDataView2@@UAE_NHHPAVQVariant@@@Z 1000eded f   qui:moc_database2.obj
 0001:0000df40       ??0?$QMap@VQString@@VcomplexInstance@@@@QAE@XZ 1000ef40 f i bncs_client_runtime.obj
 0001:0000dfc0       ??0?$QMap@VQString@@VcomplexParam@@@@QAE@XZ 1000efc0 f i bncs_client_runtime.obj
 0001:0000e040       ??0?$QMap@VQString@@VcomplexType@@@@QAE@XZ 1000f040 f i bncs_client_runtime.obj
 0001:0000e0c0       ??0?$QMap@VQString@@VcomplexType@@@@QAE@ABV0@@Z 1000f0c0 f i bncs_client_runtime.obj
 0001:0000e0c0       ??0?$QMap@VQString@@VparamInfo@@@@QAE@ABV0@@Z 1000f0c0 f i bncs_client_runtime.obj
 0001:0000e0c0       ??0?$QMap@VQString@@VinstanceInfo@@@@QAE@ABV0@@Z 1000f0c0 f i bncs_client_runtime.obj
 0001:0000e0c0       ??0?$QMap@VQString@@VcomplexInstance@@@@QAE@ABV0@@Z 1000f0c0 f i bncs_client_runtime.obj
 0001:0000e0c0       ??0?$QMap@VQString@@VdeviceTypeInfo@@@@QAE@ABV0@@Z 1000f0c0 f i bncs_client_runtime.obj
 0001:0000e0c0       ??0?$QMap@VQString@@VcomplexParam@@@@QAE@ABV0@@Z 1000f0c0 f i bncs_client_runtime.obj
 0001:0000e0e0       ??0?$QMap@VQString@@VdeviceTypeInfo@@@@QAE@XZ 1000f0e0 f i bncs_client_runtime.obj
 0001:0000e160       ??0?$QMap@VQString@@VinstanceInfo@@@@QAE@XZ 1000f160 f i bncs_client_runtime.obj
 0001:0000e1e0       ??0?$QMap@VQString@@VparamInfo@@@@QAE@XZ 1000f1e0 f i bncs_client_runtime.obj
 0001:0000e260       ??0?$QMapNode@VQString@@VcomplexInstance@@@@QAE@ABU0@@Z 1000f260 f i bncs_client_runtime.obj
 0001:0000e2e0       ??0?$QMapNode@VQString@@VcomplexParam@@@@QAE@ABU0@@Z 1000f2e0 f i bncs_client_runtime.obj
 0001:0000e370       ??0?$QMapNode@VQString@@VcomplexType@@@@QAE@ABU0@@Z 1000f370 f i bncs_client_runtime.obj
 0001:0000e3f0       ??0?$QMapNode@VQString@@VdeviceTypeInfo@@@@QAE@ABU0@@Z 1000f3f0 f i bncs_client_runtime.obj
 0001:0000e470       ??0?$QMapNode@VQString@@VinstanceInfo@@@@QAE@ABU0@@Z 1000f470 f i bncs_client_runtime.obj
 0001:0000e4f0       ??0?$QMapPrivate@VQString@@VcomplexInstance@@@@QAE@PBV0@@Z 1000f4f0 f i bncs_client_runtime.obj
 0001:0000e600       ??0?$QMapPrivate@VQString@@VcomplexInstance@@@@QAE@XZ 1000f600 f i bncs_client_runtime.obj
 0001:0000e6a0       ??0?$QMapPrivate@VQString@@VcomplexParam@@@@QAE@PBV0@@Z 1000f6a0 f i bncs_client_runtime.obj
 0001:0000e7b0       ??0?$QMapPrivate@VQString@@VcomplexParam@@@@QAE@XZ 1000f7b0 f i bncs_client_runtime.obj
 0001:0000e850       ??0?$QMapPrivate@VQString@@VcomplexType@@@@QAE@PBV0@@Z 1000f850 f i bncs_client_runtime.obj
 0001:0000e960       ??0?$QMapPrivate@VQString@@VcomplexType@@@@QAE@XZ 1000f960 f i bncs_client_runtime.obj
 0001:0000ea00       ??0?$QMapPrivate@VQString@@VdeviceTypeInfo@@@@QAE@PBV0@@Z 1000fa00 f i bncs_client_runtime.obj
 0001:0000eb10       ??0?$QMapPrivate@VQString@@VdeviceTypeInfo@@@@QAE@XZ 1000fb10 f i bncs_client_runtime.obj
 0001:0000ebb0       ??0?$QMapPrivate@VQString@@VinstanceInfo@@@@QAE@PBV0@@Z 1000fbb0 f i bncs_client_runtime.obj
 0001:0000ecc0       ??0?$QMapPrivate@VQString@@VinstanceInfo@@@@QAE@XZ 1000fcc0 f i bncs_client_runtime.obj
 0001:0000ed60       ??0?$QMapPrivate@VQString@@VparamInfo@@@@QAE@PBV0@@Z 1000fd60 f i bncs_client_runtime.obj
 0001:0000ee70       ??0?$QMapPrivate@VQString@@VparamInfo@@@@QAE@XZ 1000fe70 f i bncs_client_runtime.obj
 0001:0000ef10       ??0?$QPtrList@VsignalConnection@@@@QAE@ABV0@@Z 1000ff10 f i bncs_client_runtime.obj
 0001:0000ef30       ??0?$QPtrList@VsignalConnection@@@@QAE@XZ 1000ff30 f i bncs_client_runtime.obj
 0001:0000ef50       ??0?$QValueListPrivate@VcomplexInstance@@@@QAE@ABV0@@Z 1000ff50 f i bncs_client_runtime.obj
 0001:0000f020       ??0?$QValueListPrivate@VcomplexInstance@@@@QAE@XZ 10010020 f i bncs_client_runtime.obj
 0001:0000f0b0       ??0?$QValueListPrivate@VcomplexParam@@@@QAE@ABV0@@Z 100100b0 f i bncs_client_runtime.obj
 0001:0000f180       ??0?$QValueListPrivate@VcomplexParam@@@@QAE@XZ 10010180 f i bncs_client_runtime.obj
 0001:0000f210       ??0?$QValueListPrivate@VcomplexType@@@@QAE@ABV0@@Z 10010210 f i bncs_client_runtime.obj
 0001:0000f2e0       ??0?$QValueListPrivate@VcomplexType@@@@QAE@XZ 100102e0 f i bncs_client_runtime.obj
 0001:0000f370       ??0?$QValueListPrivate@VdeviceTypeInfo@@@@QAE@ABV0@@Z 10010370 f i bncs_client_runtime.obj
 0001:0000f440       ??0?$QValueListPrivate@VdeviceTypeInfo@@@@QAE@XZ 10010440 f i bncs_client_runtime.obj
 0001:0000f4d0       ??0?$QValueListPrivate@VinstanceInfo@@@@QAE@ABV0@@Z 100104d0 f i bncs_client_runtime.obj
 0001:0000f5a0       ??0?$QValueListPrivate@VinstanceInfo@@@@QAE@XZ 100105a0 f i bncs_client_runtime.obj
 0001:0000f630       ??0?$QValueListPrivate@VparamInfo@@@@QAE@ABV0@@Z 10010630 f i bncs_client_runtime.obj
 0001:0000f700       ??0?$QValueListPrivate@VparamInfo@@@@QAE@XZ 10010700 f i bncs_client_runtime.obj
 0001:0000f790       ??0IdCWlimits@@QAE@ABV0@@Z 10010790 f i bncs_client_runtime.obj
 0001:0000f7a0       ??0IdCWlimits@@QAE@XZ      100107a0 f i bncs_client_runtime.obj
 0001:0000f7b0       ??0bncs_client_runtime@@QAE@ABV0@@Z 100107b0 f i bncs_client_runtime.obj
 0001:0000f8d0       ??0bncs_client_runtime@@QAE@PAVQWidget@@PBDI@Z 100108d0 f   bncs_client_runtime.obj
 0001:0000f9f0       ??0dCW@@QAE@ABV0@@Z        100109f0 f i bncs_client_runtime.obj
 0001:0000fb40       ??0signalConnection@@QAE@ABV0@@Z 10010b40 f i bncs_client_runtime.obj
 0001:0000fbd0       ??0signalConnection@@QAE@ABVQString@@0000@Z 10010bd0 f i bncs_client_runtime.obj
 0001:0000fc90       ??0signalConnectionRefList@@QAE@ABV0@@Z 10010c90 f i bncs_client_runtime.obj
 0001:0000fcb0       ??0signalConnectionRefList@@QAE@XZ 10010cb0 f i bncs_client_runtime.obj
 0001:0000fcd0       ??0signalConnectionRefListIt@@QAE@ABV0@@Z 10010cd0 f i bncs_client_runtime.obj
 0001:0000fcd0       ??0?$QPtrListIterator@VsignalConnection@@@@QAE@ABV0@@Z 10010cd0 f i bncs_client_runtime.obj
 0001:0000fcf0       ??0signalConnectionRefListIt@@QAE@ABVsignalConnectionRefList@@@Z 10010cf0 f i bncs_client_runtime.obj
 0001:0000fcf0       ??0?$QPtrListIterator@VsignalConnection@@@@QAE@ABV?$QPtrList@VsignalConnection@@@@@Z 10010cf0 f i bncs_client_runtime.obj
 0001:0000fd10       ??1?$QMap@VQString@@VcomplexInstance@@@@QAE@XZ 10010d10 f i bncs_client_runtime.obj
 0001:0000fd30       ??1?$QMap@VQString@@VcomplexParam@@@@QAE@XZ 10010d30 f i bncs_client_runtime.obj
 0001:0000fd50       ??1?$QMap@VQString@@VcomplexType@@@@QAE@XZ 10010d50 f i bncs_client_runtime.obj
 0001:0000fd70       ??1?$QMap@VQString@@VdeviceTypeInfo@@@@QAE@XZ 10010d70 f i bncs_client_runtime.obj
 0001:0000fd90       ??1?$QMap@VQString@@VinstanceInfo@@@@QAE@XZ 10010d90 f i bncs_client_runtime.obj
 0001:0000fdb0       ??1?$QMap@VQString@@VparamInfo@@@@QAE@XZ 10010db0 f i bncs_client_runtime.obj
 0001:0000fdd0       ??1?$QMapPrivate@VQString@@VcomplexInstance@@@@QAE@XZ 10010dd0 f i bncs_client_runtime.obj
 0001:0000fe70       ??1?$QMapPrivate@VQString@@VcomplexParam@@@@QAE@XZ 10010e70 f i bncs_client_runtime.obj
 0001:0000ff10       ??1?$QMapPrivate@VQString@@VcomplexType@@@@QAE@XZ 10010f10 f i bncs_client_runtime.obj
 0001:0000ffb0       ??1?$QMapPrivate@VQString@@VdeviceTypeInfo@@@@QAE@XZ 10010fb0 f i bncs_client_runtime.obj
 0001:00010050       ??1?$QMapPrivate@VQString@@VinstanceInfo@@@@QAE@XZ 10011050 f i bncs_client_runtime.obj
 0001:000100f0       ??1?$QMapPrivate@VQString@@VparamInfo@@@@QAE@XZ 100110f0 f i bncs_client_runtime.obj
 0001:00010190       ??1?$QPtrList@VsignalConnection@@@@UAE@XZ 10011190 f i bncs_client_runtime.obj
 0001:000101f0       ??1?$QValueList@VcomplexInstance@@@@QAE@XZ 100111f0 f i bncs_client_runtime.obj
 0001:000101f0       ??1?$QValueList@VcomplexParam@@@@QAE@XZ 100111f0 f i bncs_client_runtime.obj
 0001:000101f0       ??1?$QValueList@VdeviceTypeInfo@@@@QAE@XZ 100111f0 f i bncs_client_runtime.obj
 0001:000101f0       ??1?$QValueList@VcomplexType@@@@QAE@XZ 100111f0 f i bncs_client_runtime.obj
 0001:000101f0       ??1?$QValueList@VparamInfo@@@@QAE@XZ 100111f0 f i bncs_client_runtime.obj
 0001:000101f0       ??1?$QValueList@VinstanceInfo@@@@QAE@XZ 100111f0 f i bncs_client_runtime.obj
 0001:00010210       ??1bncs_client_runtime@@UAE@XZ 10011210 f   bncs_client_runtime.obj
 0001:00010350       ??1signalConnection@@QAE@XZ 10011350 f i bncs_client_runtime.obj
 0001:000103d0       ??1signalConnectionRefList@@UAE@XZ 100113d0 f i bncs_client_runtime.obj
 0001:00010440       ??1signalConnectionRefListIt@@QAE@XZ 10011440 f i bncs_client_runtime.obj
 0001:00010440       ??1?$QPtrListIterator@VsignalConnection@@@@QAE@XZ 10011440 f i bncs_client_runtime.obj
 0001:00010450       ??4?$QMap@VQString@@VcomplexInstance@@@@QAEAAV0@ABV0@@Z 10011450 f i bncs_client_runtime.obj
 0001:00010490       ??4?$QMap@VQString@@VcomplexParam@@@@QAEAAV0@ABV0@@Z 10011490 f i bncs_client_runtime.obj
 0001:000104d0       ??4?$QMap@VQString@@VcomplexType@@@@QAEAAV0@ABV0@@Z 100114d0 f i bncs_client_runtime.obj
 0001:00010510       ??4?$QMap@VQString@@VdeviceTypeInfo@@@@QAEAAV0@ABV0@@Z 10011510 f i bncs_client_runtime.obj
 0001:00010550       ??4?$QMap@VQString@@VinstanceInfo@@@@QAEAAV0@ABV0@@Z 10011550 f i bncs_client_runtime.obj
 0001:00010590       ??4?$QMap@VQString@@VparamInfo@@@@QAEAAV0@ABV0@@Z 10011590 f i bncs_client_runtime.obj
 0001:000105d0       ??4signalConnectionRefListIt@@QAEAAV0@ABV0@@Z 100115d0 f i bncs_client_runtime.obj
 0001:000105d0       ??4?$QPtrListIterator@VsignalConnection@@@@QAEAAV0@ABV0@@Z 100115d0 f i bncs_client_runtime.obj
 0001:000105f0       ??4resourceCounts@@QAEAAV0@ABV0@@Z 100115f0 f i dCW.obj
 0001:000105f0       ??4IdCWlimits@@QAEAAV0@ABV0@@Z 100115f0 f i bncs_client_runtime.obj
 0001:00010600       ??4bncs_client_runtime@@QAEAAV0@ABV0@@Z 10011600 f i bncs_client_runtime.obj
 0001:000106b0       ??4dCW@@QAEAAV0@ABV0@@Z    100116b0 f i bncs_client_runtime.obj
 0001:00010790       ??4signalConnection@@QAEAAV0@ABV0@@Z 10011790 f i bncs_client_runtime.obj
 0001:000107e0       ??4?$QPtrList@VsignalConnection@@@@QAEAAV0@ABV0@@Z 100117e0 f i bncs_client_runtime.obj
 0001:000107e0       ??4signalConnectionRefList@@QAEAAV0@ABV0@@Z 100117e0 f i bncs_client_runtime.obj
 0001:000107f0       ??8?$QPtrList@VsignalConnection@@@@QBE_NABV0@@Z 100117f0 f i bncs_client_runtime.obj
 0001:00010800       ??9?$QPtrList@VsignalConnection@@@@QBE_NABV0@@Z 10011800 f i bncs_client_runtime.obj
 0001:00010820       ??A?$QMap@VQString@@VcomplexInstance@@@@QAEAAVcomplexInstance@@ABVQString@@@Z 10011820 f i bncs_client_runtime.obj
 0001:00010940       ??A?$QMap@VQString@@VcomplexParam@@@@QAEAAVcomplexParam@@ABVQString@@@Z 10011940 f i bncs_client_runtime.obj
 0001:00010a20       ??A?$QMap@VQString@@VcomplexParam@@@@QBEABVcomplexParam@@ABVQString@@@Z 10011a20 f i bncs_client_runtime.obj
 0001:00010a40       ??A?$QMap@VQString@@VcomplexType@@@@QAEAAVcomplexType@@ABVQString@@@Z 10011a40 f i bncs_client_runtime.obj
 0001:00010b60       ??A?$QMap@VQString@@VdeviceTypeInfo@@@@QAEAAVdeviceTypeInfo@@ABVQString@@@Z 10011b60 f i bncs_client_runtime.obj
 0001:00010c80       ??A?$QMap@VQString@@VdeviceTypeInfo@@@@QBEABVdeviceTypeInfo@@ABVQString@@@Z 10011c80 f i bncs_client_runtime.obj
 0001:00010ca0       ??A?$QMap@VQString@@VinstanceInfo@@@@QAEAAVinstanceInfo@@ABVQString@@@Z 10011ca0 f i bncs_client_runtime.obj
 0001:00010dc0       ??A?$QMap@VQString@@VinstanceInfo@@@@QBEABVinstanceInfo@@ABVQString@@@Z 10011dc0 f i bncs_client_runtime.obj
 0001:00010de0       ??A?$QMap@VQString@@VparamInfo@@@@QAEAAVparamInfo@@ABVQString@@@Z 10011de0 f i bncs_client_runtime.obj
 0001:00010ef0       ??A?$QMap@VQString@@VcomplexInstance@@@@QBEABVcomplexInstance@@ABVQString@@@Z 10011ef0 f i bncs_client_runtime.obj
 0001:00010ef0       ??A?$QMap@VQString@@VcomplexType@@@@QBEABVcomplexType@@ABVQString@@@Z 10011ef0 f i bncs_client_runtime.obj
 0001:00010ef0       ??A?$QMap@VQString@@VparamInfo@@@@QBEABVparamInfo@@ABVQString@@@Z 10011ef0 f i bncs_client_runtime.obj
 0001:00010f10       ??B?$QPtrListIterator@VsignalConnection@@@@QBEPAVsignalConnection@@XZ 10011f10 f i bncs_client_runtime.obj
 0001:00010f10       ??D?$QPtrListIterator@VsignalConnection@@@@QAEPAVsignalConnection@@XZ 10011f10 f i bncs_client_runtime.obj
 0001:00010f10       ?current@?$QPtrListIterator@VsignalConnection@@@@QBEPAVsignalConnection@@XZ 10011f10 f i bncs_client_runtime.obj
 0001:00010f20       ??E?$QPtrListIterator@VsignalConnection@@@@QAEPAVsignalConnection@@XZ 10011f20 f i bncs_client_runtime.obj
 0001:00010f30       ??F?$QPtrListIterator@VsignalConnection@@@@QAEPAVsignalConnection@@XZ 10011f30 f i bncs_client_runtime.obj
 0001:00010f40       ??R?$QPtrListIterator@VsignalConnection@@@@QAEPAVsignalConnection@@XZ 10011f40 f i bncs_client_runtime.obj
 0001:00010f50       ??Y?$QPtrListIterator@VsignalConnection@@@@QAEPAVsignalConnection@@I@Z 10011f50 f i bncs_client_runtime.obj
 0001:00010f60       ??Z?$QPtrListIterator@VsignalConnection@@@@QAEPAVsignalConnection@@I@Z 10011f60 f i bncs_client_runtime.obj
 0001:00010f70       ??_E?$QPtrList@VsignalConnection@@@@UAEPAXI@Z 10011f70 f i bncs_client_runtime.obj
 0001:00011030       ??_Ebncs_client_runtime@@UAEPAXI@Z 10012030 f i bncs_client_runtime.obj
 0001:00011088       ??_Ebncs_client_runtime@@WCI@AEPAXI@Z 10012088 f i bncs_client_runtime.obj
 0001:00011090       ??_EdCW@@UAEPAXI@Z         10012090 f i bncs_client_runtime.obj
 0001:000110f0       ??_EsignalConnectionRefList@@UAEPAXI@Z 100120f0 f i bncs_client_runtime.obj
 0001:000111c0       ??_Fbncs_client_runtime@@QAEXXZ 100121c0 f i bncs_client_runtime.obj
 0001:000111d0       ??_E?$QValueListNode@VcomplexInstance@@@@UAEPAXI@Z 100121d0 f i bncs_client_runtime.obj
 0001:000111d0       ??_G?$QValueListNode@VcomplexInstance@@@@UAEPAXI@Z 100121d0 f i bncs_client_runtime.obj
 0001:00011200       ??_G?$QValueListNode@VcomplexParam@@@@UAEPAXI@Z 10012200 f i bncs_client_runtime.obj
 0001:00011200       ??_E?$QValueListNode@VcomplexParam@@@@UAEPAXI@Z 10012200 f i bncs_client_runtime.obj
 0001:00011230       ??_G?$QValueListNode@VcomplexType@@@@UAEPAXI@Z 10012230 f i bncs_client_runtime.obj
 0001:00011230       ??_E?$QValueListNode@VcomplexType@@@@UAEPAXI@Z 10012230 f i bncs_client_runtime.obj
 0001:00011260       ??_E?$QValueListNode@VdeviceTypeInfo@@@@UAEPAXI@Z 10012260 f i bncs_client_runtime.obj
 0001:00011260       ??_G?$QValueListNode@VdeviceTypeInfo@@@@UAEPAXI@Z 10012260 f i bncs_client_runtime.obj
 0001:00011290       ??_G?$QValueListNode@VinstanceInfo@@@@UAEPAXI@Z 10012290 f i bncs_client_runtime.obj
 0001:00011290       ??_E?$QValueListNode@VinstanceInfo@@@@UAEPAXI@Z 10012290 f i bncs_client_runtime.obj
 0001:000112c0       ??_E?$QValueListNode@VparamInfo@@@@UAEPAXI@Z 100122c0 f i bncs_client_runtime.obj
 0001:000112c0       ??_G?$QValueListNode@VparamInfo@@@@UAEPAXI@Z 100122c0 f i bncs_client_runtime.obj
 0001:000112f0       ??_E?$QValueListPrivate@VcomplexInstance@@@@UAEPAXI@Z 100122f0 f i bncs_client_runtime.obj
 0001:000112f0       ??_G?$QValueListPrivate@VcomplexInstance@@@@UAEPAXI@Z 100122f0 f i bncs_client_runtime.obj
 0001:00011340       ??_E?$QValueListPrivate@VcomplexParam@@@@UAEPAXI@Z 10012340 f i bncs_client_runtime.obj
 0001:00011340       ??_G?$QValueListPrivate@VcomplexParam@@@@UAEPAXI@Z 10012340 f i bncs_client_runtime.obj
 0001:00011390       ??_G?$QValueListPrivate@VcomplexType@@@@UAEPAXI@Z 10012390 f i bncs_client_runtime.obj
 0001:00011390       ??_E?$QValueListPrivate@VcomplexType@@@@UAEPAXI@Z 10012390 f i bncs_client_runtime.obj
 0001:000113e0       ??_G?$QValueListPrivate@VdeviceTypeInfo@@@@UAEPAXI@Z 100123e0 f i bncs_client_runtime.obj
 0001:000113e0       ??_E?$QValueListPrivate@VdeviceTypeInfo@@@@UAEPAXI@Z 100123e0 f i bncs_client_runtime.obj
 0001:00011430       ??_E?$QValueListPrivate@VinstanceInfo@@@@UAEPAXI@Z 10012430 f i bncs_client_runtime.obj
 0001:00011430       ??_G?$QValueListPrivate@VinstanceInfo@@@@UAEPAXI@Z 10012430 f i bncs_client_runtime.obj
 0001:00011480       ??_E?$QValueListPrivate@VparamInfo@@@@UAEPAXI@Z 10012480 f i bncs_client_runtime.obj
 0001:00011480       ??_G?$QValueListPrivate@VparamInfo@@@@UAEPAXI@Z 10012480 f i bncs_client_runtime.obj
 0001:000114d0       ??_E_Generic_error_category@std@@UAEPAXI@Z 100124d0 f i bncs_client_runtime.obj
 0001:000114d0       ??_E_Iostream_error_category@std@@UAEPAXI@Z 100124d0 f i bncs_client_runtime.obj
 0001:000114d0       ??_G_System_error_category@std@@UAEPAXI@Z 100124d0 f i bncs_client_runtime.obj
 0001:000114d0       ??_Eerror_category@std@@UAEPAXI@Z 100124d0 f i bncs_client_runtime.obj
 0001:000114d0       ??_G_Generic_error_category@std@@UAEPAXI@Z 100124d0 f i bncs_client_runtime.obj
 0001:000114d0       ??_G_Iostream_error_category@std@@UAEPAXI@Z 100124d0 f i bncs_client_runtime.obj
 0001:000114d0       ??_E_System_error_category@std@@UAEPAXI@Z 100124d0 f i bncs_client_runtime.obj
 0001:000114d0       ??_Gerror_category@std@@UAEPAXI@Z 100124d0 f i bncs_client_runtime.obj
 0001:00011500       ?_Copy@?$basic_string@DU?$char_traits@D@std@@V?$allocator@D@2@@std@@QAEXII@Z 10012500 f i bncs_client_runtime.obj
 0001:00011650       ?addConnection@bncs_client_runtime@@QAEXABVQString@@0000@Z 10012650 f   bncs_client_runtime.obj
 0001:000117b0       ?addConnection@bncs_client_runtime@@QAEXPAVQWidget@@@Z 100127b0 f   bncs_client_runtime.obj
 0001:000117e0       ?addWidgetToList@bncs_client_runtime@@QAEXPAVQWidget@@@Z 100127e0 f   bncs_client_runtime.obj
 0001:000117f0       ?allocate@?$_Wrap_alloc@V?$allocator@D@std@@@std@@QAEPADI@Z 100127f0 f i bncs_client_runtime.obj
 0001:00011820       ?append@?$QPtrList@VsignalConnection@@@@QAEXPBVsignalConnection@@@Z 10012820 f i bncs_client_runtime.obj
 0001:00011830       ?append@?$QValueList@VcomplexInstance@@@@QAE?AV?$QValueListIterator@VcomplexInstance@@@@ABVcomplexInstance@@@Z 10012830 f i bncs_client_runtime.obj
 0001:00011900       ?append@?$QValueList@VcomplexParam@@@@QAE?AV?$QValueListIterator@VcomplexParam@@@@ABVcomplexParam@@@Z 10012900 f i bncs_client_runtime.obj
 0001:000119d0       ?append@?$QValueList@VcomplexType@@@@QAE?AV?$QValueListIterator@VcomplexType@@@@ABVcomplexType@@@Z 100129d0 f i bncs_client_runtime.obj
 0001:00011aa0       ?append@?$QValueList@VdeviceTypeInfo@@@@QAE?AV?$QValueListIterator@VdeviceTypeInfo@@@@ABVdeviceTypeInfo@@@Z 10012aa0 f i bncs_client_runtime.obj
 0001:00011b70       ?append@?$QValueList@VinstanceInfo@@@@QAE?AV?$QValueListIterator@VinstanceInfo@@@@ABVinstanceInfo@@@Z 10012b70 f i bncs_client_runtime.obj
 0001:00011c40       ?append@?$QValueList@VparamInfo@@@@QAE?AV?$QValueListIterator@VparamInfo@@@@ABVparamInfo@@@Z 10012c40 f i bncs_client_runtime.obj
 0001:00011d10       ?assign@?$basic_string@DU?$char_traits@D@std@@V?$allocator@D@2@@std@@QAEAAV12@ABV12@II@Z 10012d10 f i bncs_client_runtime.obj
 0001:00011e30       ?assign@?$basic_string@DU?$char_traits@D@std@@V?$allocator@D@2@@std@@QAEAAV12@PBDI@Z 10012e30 f i bncs_client_runtime.obj
 0001:00011f30       ?at@?$QPtrList@VsignalConnection@@@@QAEPAVsignalConnection@@I@Z 10012f30 f i bncs_client_runtime.obj
 0001:00011f50       ?at@?$QPtrList@VsignalConnection@@@@QBEHXZ 10012f50 f i bncs_client_runtime.obj
 0001:00011f60       ?atFirst@?$QPtrListIterator@VsignalConnection@@@@QBE_NXZ 10012f60 f i bncs_client_runtime.obj
 0001:00011f70       ?atLast@?$QPtrListIterator@VsignalConnection@@@@QBE_NXZ 10012f70 f i bncs_client_runtime.obj
 0001:00011f80       ?bcolour@dCW@@QAE?AVQString@@XZ 10012f80 f i bncs_client_runtime.obj
 0001:00011fb0       ?begin@?$QMap@VQString@@VcomplexInstance@@@@QAE?AV?$QMapIterator@VQString@@VcomplexInstance@@@@XZ 10012fb0 f i bncs_client_runtime.obj
 0001:00012030       ?begin@?$QMap@VQString@@VcomplexParam@@@@QAE?AV?$QMapIterator@VQString@@VcomplexParam@@@@XZ 10013030 f i bncs_client_runtime.obj
 0001:000120b0       ?begin@?$QMap@VQString@@VcomplexType@@@@QAE?AV?$QMapIterator@VQString@@VcomplexType@@@@XZ 100130b0 f i bncs_client_runtime.obj
 0001:00012130       ?begin@?$QMap@VQString@@VinstanceInfo@@@@QBE?AV?$QMapConstIterator@VQString@@VinstanceInfo@@@@XZ 10013130 f i bncs_client_runtime.obj
 0001:00012130       ?begin@?$QMap@VQString@@VdeviceTypeInfo@@@@QBE?AV?$QMapConstIterator@VQString@@VdeviceTypeInfo@@@@XZ 10013130 f i bncs_client_runtime.obj
 0001:00012130       ?constBegin@?$QMap@VQString@@VcomplexType@@@@QBE?AV?$QMapConstIterator@VQString@@VcomplexType@@@@XZ 10013130 f i bncs_client_runtime.obj
 0001:00012130       ?constBegin@?$QMap@VQString@@VparamInfo@@@@QBE?AV?$QMapConstIterator@VQString@@VparamInfo@@@@XZ 10013130 f i bncs_client_runtime.obj
 0001:00012130       ?begin@?$QMap@VQString@@VparamInfo@@@@QBE?AV?$QMapConstIterator@VQString@@VparamInfo@@@@XZ 10013130 f i bncs_client_runtime.obj
 0001:00012130       ?begin@?$QMap@VQString@@VcomplexType@@@@QBE?AV?$QMapConstIterator@VQString@@VcomplexType@@@@XZ 10013130 f i bncs_client_runtime.obj
 0001:00012130       ?constBegin@?$QMap@VQString@@VcomplexParam@@@@QBE?AV?$QMapConstIterator@VQString@@VcomplexParam@@@@XZ 10013130 f i bncs_client_runtime.obj
 0001:00012130       ?constBegin@?$QMap@VQString@@VcomplexInstance@@@@QBE?AV?$QMapConstIterator@VQString@@VcomplexInstance@@@@XZ 10013130 f i bncs_client_runtime.obj
 0001:00012130       ?constBegin@?$QMap@VQString@@VdeviceTypeInfo@@@@QBE?AV?$QMapConstIterator@VQString@@VdeviceTypeInfo@@@@XZ 10013130 f i bncs_client_runtime.obj
 0001:00012130       ?constBegin@?$QMap@VQString@@VinstanceInfo@@@@QBE?AV?$QMapConstIterator@VQString@@VinstanceInfo@@@@XZ 10013130 f i bncs_client_runtime.obj
 0001:00012130       ?begin@?$QMap@VQString@@VcomplexParam@@@@QBE?AV?$QMapConstIterator@VQString@@VcomplexParam@@@@XZ 10013130 f i bncs_client_runtime.obj
 0001:00012130       ?begin@?$QMap@VQString@@VcomplexInstance@@@@QBE?AV?$QMapConstIterator@VQString@@VcomplexInstance@@@@XZ 10013130 f i bncs_client_runtime.obj
 0001:00012150       ?begin@?$QMap@VQString@@VdeviceTypeInfo@@@@QAE?AV?$QMapIterator@VQString@@VdeviceTypeInfo@@@@XZ 10013150 f i bncs_client_runtime.obj
 0001:000121d0       ?begin@?$QMap@VQString@@VinstanceInfo@@@@QAE?AV?$QMapIterator@VQString@@VinstanceInfo@@@@XZ 100131d0 f i bncs_client_runtime.obj
 0001:00012250       ?begin@?$QMap@VQString@@VparamInfo@@@@QAE?AV?$QMapIterator@VQString@@VparamInfo@@@@XZ 10013250 f i bncs_client_runtime.obj
 0001:000122d0       ?bpixmap@dCW@@QAE?AVQString@@XZ 100132d0 f i bncs_client_runtime.obj
 0001:00012300       ?ccTimerCallback@bncs_client_runtime@@MAEXH@Z 10013300 f   bncs_client_runtime.obj
 0001:000123b0       ?cdbDestroyed@bncs_client_runtime@@AAEXXZ 100133b0 f   bncs_client_runtime.obj
 0001:000123c0       ?clear@?$QMap@VQString@@VcomplexInstance@@@@QAEXXZ 100133c0 f i bncs_client_runtime.obj
 0001:00012480       ?clear@?$QMap@VQString@@VcomplexParam@@@@QAEXXZ 10013480 f i bncs_client_runtime.obj
 0001:00012540       ?clear@?$QMap@VQString@@VcomplexType@@@@QAEXXZ 10013540 f i bncs_client_runtime.obj
 0001:00012600       ?clear@?$QMap@VQString@@VdeviceTypeInfo@@@@QAEXXZ 10013600 f i bncs_client_runtime.obj
 0001:000126c0       ?clear@?$QMap@VQString@@VinstanceInfo@@@@QAEXXZ 100136c0 f i bncs_client_runtime.obj
 0001:00012780       ?clear@?$QMap@VQString@@VparamInfo@@@@QAEXXZ 10013780 f i bncs_client_runtime.obj
 0001:00012840       ?clear@?$QMapPrivate@VQString@@VcomplexInstance@@@@QAEXPAU?$QMapNode@VQString@@VcomplexInstance@@@@@Z 10013840 f i bncs_client_runtime.obj
 0001:000128e0       ?clear@?$QMapPrivate@VQString@@VcomplexParam@@@@QAEXPAU?$QMapNode@VQString@@VcomplexParam@@@@@Z 100138e0 f i bncs_client_runtime.obj
 0001:00012980       ?clear@?$QMapPrivate@VQString@@VcomplexType@@@@QAEXPAU?$QMapNode@VQString@@VcomplexType@@@@@Z 10013980 f i bncs_client_runtime.obj
 0001:00012a20       ?clear@?$QMapPrivate@VQString@@VdeviceTypeInfo@@@@QAEXPAU?$QMapNode@VQString@@VdeviceTypeInfo@@@@@Z 10013a20 f i bncs_client_runtime.obj
 0001:00012ac0       ?clear@?$QMapPrivate@VQString@@VinstanceInfo@@@@QAEXPAU?$QMapNode@VQString@@VinstanceInfo@@@@@Z 10013ac0 f i bncs_client_runtime.obj
 0001:00012b60       ?clear@?$QMapPrivate@VQString@@VparamInfo@@@@QAEXPAU?$QMapNode@VQString@@VparamInfo@@@@@Z 10013b60 f i bncs_client_runtime.obj
 0001:00012c00       ?clear@?$QPtrList@VsignalConnection@@@@UAEXXZ 10013c00 f i bncs_client_runtime.obj
 0001:00012c10       ?connectionList@bncs_client_runtime@@QAEABVsignalConnectionRefList@@XZ 10013c10 f i bncs_client_runtime.obj
 0001:00012c30       ?connectionTriggerEvent@bncs_client_runtime@@AAEXABVQString@@0@Z 10013c30 f   bncs_client_runtime.obj
 0001:00013b80       ?begin@?$QPtrList@VsignalConnection@@@@QAE?AV?$QPtrListStdIterator@VsignalConnection@@@@XZ 10014b80 f i bncs_client_runtime.obj
 0001:00013b80       ?constBegin@?$QPtrList@VsignalConnection@@@@QBE?AV?$QPtrListStdIterator@VsignalConnection@@@@XZ 10014b80 f i bncs_client_runtime.obj
 0001:00013b80       ?begin@?$QPtrList@VsignalConnection@@@@QBE?AV?$QPtrListStdIterator@VsignalConnection@@@@XZ 10014b80 f i bncs_client_runtime.obj
 0001:00013b90       ?contains@?$QMap@VQString@@VcomplexParam@@@@QBE_NABVQString@@@Z 10014b90 f i bncs_client_runtime.obj
 0001:00013bc0       ?contains@?$QMap@VQString@@VdeviceTypeInfo@@@@QBE_NABVQString@@@Z 10014bc0 f i bncs_client_runtime.obj
 0001:00013bf0       ?contains@?$QMap@VQString@@VinstanceInfo@@@@QBE_NABVQString@@@Z 10014bf0 f i bncs_client_runtime.obj
 0001:00013c20       ?contains@?$QMap@VQString@@VcomplexType@@@@QBE_NABVQString@@@Z 10014c20 f i bncs_client_runtime.obj
 0001:00013c20       ?contains@?$QMap@VQString@@VparamInfo@@@@QBE_NABVQString@@@Z 10014c20 f i bncs_client_runtime.obj
 0001:00013c20       ?contains@?$QMap@VQString@@VcomplexInstance@@@@QBE_NABVQString@@@Z 10014c20 f i bncs_client_runtime.obj
 0001:00013c50       ?contains@?$QPtrList@VsignalConnection@@@@QBEIPBVsignalConnection@@@Z 10014c50 f i bncs_client_runtime.obj
 0001:00013c60       ?containsRef@?$QPtrList@VsignalConnection@@@@QBEIPBVsignalConnection@@@Z 10014c60 f i bncs_client_runtime.obj
 0001:00013c70       ?contextMenuEvent@bncs_client_runtime@@UAEXPAVQContextMenuEvent@@@Z 10014c70 f   bncs_client_runtime.obj
 0001:00014230       ?copy@?$QMapPrivate@VQString@@VcomplexInstance@@@@QAEPAU?$QMapNode@VQString@@VcomplexInstance@@@@PAU2@@Z 10015230 f i bncs_client_runtime.obj
 0001:00014300       ?copy@?$QMapPrivate@VQString@@VcomplexParam@@@@QAEPAU?$QMapNode@VQString@@VcomplexParam@@@@PAU2@@Z 10015300 f i bncs_client_runtime.obj
 0001:000143d0       ?copy@?$QMapPrivate@VQString@@VcomplexType@@@@QAEPAU?$QMapNode@VQString@@VcomplexType@@@@PAU2@@Z 100153d0 f i bncs_client_runtime.obj
 0001:000144a0       ?copy@?$QMapPrivate@VQString@@VdeviceTypeInfo@@@@QAEPAU?$QMapNode@VQString@@VdeviceTypeInfo@@@@PAU2@@Z 100154a0 f i bncs_client_runtime.obj
 0001:00014570       ?copy@?$QMapPrivate@VQString@@VinstanceInfo@@@@QAEPAU?$QMapNode@VQString@@VinstanceInfo@@@@PAU2@@Z 10015570 f i bncs_client_runtime.obj
 0001:00014640       ?copy@?$QMapPrivate@VQString@@VparamInfo@@@@QAEPAU?$QMapNode@VQString@@VparamInfo@@@@PAU2@@Z 10015640 f i bncs_client_runtime.obj
 0001:00014740       ?count@?$QMap@VQString@@VcomplexParam@@@@QBEIABVQString@@@Z 10015740 f i bncs_client_runtime.obj
 0001:000147b0       ?count@?$QMap@VQString@@VdeviceTypeInfo@@@@QBEIABVQString@@@Z 100157b0 f i bncs_client_runtime.obj
 0001:00014820       ?count@?$QMap@VQString@@VparamInfo@@@@QBEIXZ 10015820 f i bncs_client_runtime.obj
 0001:00014820       ?size@?$QMap@VQString@@VdeviceTypeInfo@@@@QBEIXZ 10015820 f i bncs_client_runtime.obj
 0001:00014820       ?size@?$QMap@VQString@@VcomplexParam@@@@QBEIXZ 10015820 f i bncs_client_runtime.obj
 0001:00014820       ?count@?$QMap@VQString@@VcomplexParam@@@@QBEIXZ 10015820 f i bncs_client_runtime.obj
 0001:00014820       ?count@?$QMap@VQString@@VdeviceTypeInfo@@@@QBEIXZ 10015820 f i bncs_client_runtime.obj
 0001:00014820       ?size@?$QMap@VQString@@VcomplexType@@@@QBEIXZ 10015820 f i bncs_client_runtime.obj
 0001:00014820       ?count@?$QMap@VQString@@VinstanceInfo@@@@QBEIXZ 10015820 f i bncs_client_runtime.obj
 0001:00014820       ?size@?$QMap@VQString@@VcomplexInstance@@@@QBEIXZ 10015820 f i bncs_client_runtime.obj
 0001:00014820       ?count@?$QMap@VQString@@VcomplexType@@@@QBEIXZ 10015820 f i bncs_client_runtime.obj
 0001:00014820       ?size@?$QMap@VQString@@VinstanceInfo@@@@QBEIXZ 10015820 f i bncs_client_runtime.obj
 0001:00014820       ?count@?$QMap@VQString@@VcomplexInstance@@@@QBEIXZ 10015820 f i bncs_client_runtime.obj
 0001:00014820       ?size@?$QMap@VQString@@VparamInfo@@@@QBEIXZ 10015820 f i bncs_client_runtime.obj
 0001:00014830       ?count@?$QMap@VQString@@VinstanceInfo@@@@QBEIABVQString@@@Z 10015830 f i bncs_client_runtime.obj
 0001:000148a0       ?count@?$QMap@VQString@@VcomplexInstance@@@@QBEIABVQString@@@Z 100158a0 f i bncs_client_runtime.obj
 0001:000148a0       ?count@?$QMap@VQString@@VparamInfo@@@@QBEIABVQString@@@Z 100158a0 f i bncs_client_runtime.obj
 0001:000148a0       ?count@?$QMap@VQString@@VcomplexType@@@@QBEIABVQString@@@Z 100158a0 f i bncs_client_runtime.obj
 0001:00014910       ?count@?$QPtrListIterator@VsignalConnection@@@@QBEIXZ 10015910 f i bncs_client_runtime.obj
 0001:00014920       ?current@?$QPtrList@VsignalConnection@@@@QBEPAVsignalConnection@@XZ 10015920 f i bncs_client_runtime.obj
 0001:00014930       ?dec@?$QMapIterator@VQString@@VinstanceInfo@@@@AAEHXZ 10015930 f i bncs_client_runtime.obj
 0001:00014930       ?dec@?$QMapIterator@VQString@@VcomplexType@@@@AAEHXZ 10015930 f i bncs_client_runtime.obj
 0001:00014930       ?dec@?$QMapIterator@VQString@@VparamInfo@@@@AAEHXZ 10015930 f i bncs_client_runtime.obj
 0001:00014930       ?dec@?$QMapIterator@VQString@@VcomplexParam@@@@AAEHXZ 10015930 f i bncs_client_runtime.obj
 0001:00014930       ?dec@?$QMapIterator@VQString@@VdeviceTypeInfo@@@@AAEHXZ 10015930 f i bncs_client_runtime.obj
 0001:00014930       ?dec@?$QMapIterator@VQString@@VcomplexInstance@@@@AAEHXZ 10015930 f i bncs_client_runtime.obj
 0001:00014990       ?default_error_condition@_System_error_category@std@@UBE?AVerror_condition@2@H@Z 10015990 f i bncs_client_runtime.obj
 0001:000149d0       ?default_error_condition@error_category@std@@UBE?AVerror_condition@2@H@Z 100159d0 f i bncs_client_runtime.obj
 0001:000149f0       ?deleteItem@?$QPtrList@VsignalConnection@@@@EAEXPAX@Z 100159f0 f i bncs_client_runtime.obj
 0001:00014a90       ?detach@?$QMap@VQString@@VcomplexInstance@@@@IAEXXZ 10015a90 f i bncs_client_runtime.obj
 0001:00014b10       ?detach@?$QMap@VQString@@VcomplexParam@@@@IAEXXZ 10015b10 f i bncs_client_runtime.obj
 0001:00014b90       ?detach@?$QMap@VQString@@VcomplexType@@@@IAEXXZ 10015b90 f i bncs_client_runtime.obj
 0001:00014c10       ?detach@?$QMap@VQString@@VdeviceTypeInfo@@@@IAEXXZ 10015c10 f i bncs_client_runtime.obj
 0001:00014c90       ?detach@?$QMap@VQString@@VinstanceInfo@@@@IAEXXZ 10015c90 f i bncs_client_runtime.obj
 0001:00014d10       ?detach@?$QMap@VQString@@VparamInfo@@@@IAEXXZ 10015d10 f i bncs_client_runtime.obj
 0001:00014d90       ?detachInternal@?$QMap@VQString@@VcomplexInstance@@@@AAEXXZ 10015d90 f i bncs_client_runtime.obj
 0001:00014e10       ?detachInternal@?$QMap@VQString@@VcomplexParam@@@@AAEXXZ 10015e10 f i bncs_client_runtime.obj
 0001:00014e90       ?detachInternal@?$QMap@VQString@@VcomplexType@@@@AAEXXZ 10015e90 f i bncs_client_runtime.obj
 0001:00014f10       ?detachInternal@?$QMap@VQString@@VdeviceTypeInfo@@@@AAEXXZ 10015f10 f i bncs_client_runtime.obj
 0001:00014f90       ?detachInternal@?$QMap@VQString@@VinstanceInfo@@@@AAEXXZ 10015f90 f i bncs_client_runtime.obj
 0001:00015010       ?detachInternal@?$QMap@VQString@@VparamInfo@@@@AAEXXZ 10016010 f i bncs_client_runtime.obj
 0001:00015090       ?doShowIncomingEvent@bncs_client_runtime@@AAEX_N@Z 10016090 f   bncs_client_runtime.obj
 0001:000150a0       ?empty@?$QMap@VQString@@VcomplexParam@@@@QBE_NXZ 100160a0 f i bncs_client_runtime.obj
 0001:000150a0       ?isEmpty@?$QMap@VQString@@VparamInfo@@@@QBE_NXZ 100160a0 f i bncs_client_runtime.obj
 0001:000150a0       ?empty@?$QMap@VQString@@VcomplexType@@@@QBE_NXZ 100160a0 f i bncs_client_runtime.obj
 0001:000150a0       ?empty@?$QMap@VQString@@VinstanceInfo@@@@QBE_NXZ 100160a0 f i bncs_client_runtime.obj
 0001:000150a0       ?isEmpty@?$QMap@VQString@@VcomplexType@@@@QBE_NXZ 100160a0 f i bncs_client_runtime.obj
 0001:000150a0       ?empty@?$QMap@VQString@@VdeviceTypeInfo@@@@QBE_NXZ 100160a0 f i bncs_client_runtime.obj
 0001:000150a0       ?empty@?$QMap@VQString@@VcomplexInstance@@@@QBE_NXZ 100160a0 f i bncs_client_runtime.obj
 0001:000150a0       ?isEmpty@?$QMap@VQString@@VdeviceTypeInfo@@@@QBE_NXZ 100160a0 f i bncs_client_runtime.obj
 0001:000150a0       ?isEmpty@?$QMap@VQString@@VcomplexParam@@@@QBE_NXZ 100160a0 f i bncs_client_runtime.obj
 0001:000150a0       ?isEmpty@?$QMap@VQString@@VcomplexInstance@@@@QBE_NXZ 100160a0 f i bncs_client_runtime.obj
 0001:000150a0       ?empty@?$QMap@VQString@@VparamInfo@@@@QBE_NXZ 100160a0 f i bncs_client_runtime.obj
 0001:000150a0       ?isEmpty@?$QMap@VQString@@VinstanceInfo@@@@QBE_NXZ 100160a0 f i bncs_client_runtime.obj
 0001:000150b0       ?end@?$QMap@VQString@@VcomplexInstance@@@@QAE?AV?$QMapIterator@VQString@@VcomplexInstance@@@@XZ 100160b0 f i bncs_client_runtime.obj
 0001:00015130       ?end@?$QMap@VQString@@VcomplexParam@@@@QAE?AV?$QMapIterator@VQString@@VcomplexParam@@@@XZ 10016130 f i bncs_client_runtime.obj
 0001:000151b0       ?end@?$QMap@VQString@@VcomplexType@@@@QAE?AV?$QMapIterator@VQString@@VcomplexType@@@@XZ 100161b0 f i bncs_client_runtime.obj
 0001:00015230       ?end@?$QMap@VQString@@VdeviceTypeInfo@@@@QAE?AV?$QMapIterator@VQString@@VdeviceTypeInfo@@@@XZ 10016230 f i bncs_client_runtime.obj
 0001:000152b0       ?end@?$QMap@VQString@@VcomplexType@@@@QBE?AV?$QMapConstIterator@VQString@@VcomplexType@@@@XZ 100162b0 f i bncs_client_runtime.obj
 0001:000152b0       ?end@?$QMap@VQString@@VcomplexParam@@@@QBE?AV?$QMapConstIterator@VQString@@VcomplexParam@@@@XZ 100162b0 f i bncs_client_runtime.obj
 0001:000152b0       ?constEnd@?$QMap@VQString@@VcomplexParam@@@@QBE?AV?$QMapConstIterator@VQString@@VcomplexParam@@@@XZ 100162b0 f i bncs_client_runtime.obj
 0001:000152b0       ?constEnd@?$QMap@VQString@@VinstanceInfo@@@@QBE?AV?$QMapConstIterator@VQString@@VinstanceInfo@@@@XZ 100162b0 f i bncs_client_runtime.obj
 0001:000152b0       ?constEnd@?$QMap@VQString@@VcomplexType@@@@QBE?AV?$QMapConstIterator@VQString@@VcomplexType@@@@XZ 100162b0 f i bncs_client_runtime.obj
 0001:000152b0       ?constEnd@?$QMap@VQString@@VdeviceTypeInfo@@@@QBE?AV?$QMapConstIterator@VQString@@VdeviceTypeInfo@@@@XZ 100162b0 f i bncs_client_runtime.obj
 0001:000152b0       ?end@?$QMap@VQString@@VinstanceInfo@@@@QBE?AV?$QMapConstIterator@VQString@@VinstanceInfo@@@@XZ 100162b0 f i bncs_client_runtime.obj
 0001:000152b0       ?end@?$QMap@VQString@@VdeviceTypeInfo@@@@QBE?AV?$QMapConstIterator@VQString@@VdeviceTypeInfo@@@@XZ 100162b0 f i bncs_client_runtime.obj
 0001:000152b0       ?end@?$QMap@VQString@@VcomplexInstance@@@@QBE?AV?$QMapConstIterator@VQString@@VcomplexInstance@@@@XZ 100162b0 f i bncs_client_runtime.obj
 0001:000152b0       ?end@?$QMap@VQString@@VparamInfo@@@@QBE?AV?$QMapConstIterator@VQString@@VparamInfo@@@@XZ 100162b0 f i bncs_client_runtime.obj
 0001:000152b0       ?constEnd@?$QMap@VQString@@VparamInfo@@@@QBE?AV?$QMapConstIterator@VQString@@VparamInfo@@@@XZ 100162b0 f i bncs_client_runtime.obj
 0001:000152b0       ?constEnd@?$QMap@VQString@@VcomplexInstance@@@@QBE?AV?$QMapConstIterator@VQString@@VcomplexInstance@@@@XZ 100162b0 f i bncs_client_runtime.obj
 0001:000152d0       ?end@?$QMap@VQString@@VinstanceInfo@@@@QAE?AV?$QMapIterator@VQString@@VinstanceInfo@@@@XZ 100162d0 f i bncs_client_runtime.obj
 0001:00015350       ?end@?$QMap@VQString@@VparamInfo@@@@QAE?AV?$QMapIterator@VQString@@VparamInfo@@@@XZ 10016350 f i bncs_client_runtime.obj
 0001:000153d0       ?end@?$QPtrList@VsignalConnection@@@@QBE?AV?$QPtrListStdIterator@VsignalConnection@@@@XZ 100163d0 f i bncs_client_runtime.obj
 0001:000153d0       ?end@?$QPtrList@VsignalConnection@@@@QAE?AV?$QPtrListStdIterator@VsignalConnection@@@@XZ 100163d0 f i bncs_client_runtime.obj
 0001:000153d0       ?constEnd@?$QPtrList@VsignalConnection@@@@QBE?AV?$QPtrListStdIterator@VsignalConnection@@@@XZ 100163d0 f i bncs_client_runtime.obj
 0001:000153e0       ?equivalent@error_category@std@@UBE_NABVerror_code@2@H@Z 100163e0 f i bncs_client_runtime.obj
 0001:00015400       ?equivalent@error_category@std@@UBE_NHABVerror_condition@2@@Z 10016400 f i bncs_client_runtime.obj
 0001:00015440       ?erase@?$QMap@VQString@@VcomplexInstance@@@@QAEXABVQString@@@Z 10016440 f i bncs_client_runtime.obj
 0001:00015440       ?remove@?$QMap@VQString@@VcomplexInstance@@@@QAEXABVQString@@@Z 10016440 f i bncs_client_runtime.obj
 0001:00015550       ?erase@?$QMap@VQString@@VcomplexParam@@@@QAEXV?$QMapIterator@VQString@@VcomplexParam@@@@@Z 10016550 f i bncs_client_runtime.obj
 0001:00015550       ?remove@?$QMap@VQString@@VcomplexParam@@@@QAEXV?$QMapIterator@VQString@@VcomplexParam@@@@@Z 10016550 f i bncs_client_runtime.obj
 0001:00015610       ?erase@?$QMap@VQString@@VdeviceTypeInfo@@@@QAEXABVQString@@@Z 10016610 f i bncs_client_runtime.obj
 0001:00015610       ?remove@?$QMap@VQString@@VdeviceTypeInfo@@@@QAEXABVQString@@@Z 10016610 f i bncs_client_runtime.obj
 0001:00015720       ?erase@?$QMap@VQString@@VinstanceInfo@@@@QAEXABVQString@@@Z 10016720 f i bncs_client_runtime.obj
 0001:00015720       ?remove@?$QMap@VQString@@VinstanceInfo@@@@QAEXABVQString@@@Z 10016720 f i bncs_client_runtime.obj
 0001:00015830       ?erase@?$QMap@VQString@@VinstanceInfo@@@@QAEXV?$QMapIterator@VQString@@VinstanceInfo@@@@@Z 10016830 f i bncs_client_runtime.obj
 0001:00015830       ?remove@?$QMap@VQString@@VinstanceInfo@@@@QAEXV?$QMapIterator@VQString@@VinstanceInfo@@@@@Z 10016830 f i bncs_client_runtime.obj
 0001:000158f0       ?remove@?$QMap@VQString@@VparamInfo@@@@QAEXV?$QMapIterator@VQString@@VparamInfo@@@@@Z 100168f0 f i bncs_client_runtime.obj
 0001:000158f0       ?erase@?$QMap@VQString@@VparamInfo@@@@QAEXV?$QMapIterator@VQString@@VparamInfo@@@@@Z 100168f0 f i bncs_client_runtime.obj
[...]
 0002:000101e2       $N00129                    100371e2     dcw.exp
 0002:0001024e       $N00130                    1003724e     dcw.exp
 0002:000102b4       $N00131                    100372b4     dcw.exp
 0002:00010318       $N00132                    10037318     dcw.exp
 0002:00010382       $N00133                    10037382     dcw.exp
 0002:000103e8       $N00134                    100373e8     dcw.exp
 0002:00010448       $N00135                    10037448     dcw.exp
 0002:000104a8       $N00136                    100374a8     dcw.exp
 0002:00010512       $N00137                    10037512     dcw.exp
 0002:00010576       $N00138                    10037576     dcw.exp
 0002:000105d8       $N00139                    100375d8     dcw.exp
 0002:00010640       $N00140                    10037640     dcw.exp
 0002:000106a4       $N00141                    100376a4     dcw.exp
 0002:00010702       $N00142                    10037702     dcw.exp
 0002:00010760       $N00143                    10037760     dcw.exp
 0002:000107a3       $N00144                    100377a3     dcw.exp
 0002:000107e3       $N00145                    100377e3     dcw.exp
 0002:00010822       $N00146                    10037822     dcw.exp
 0002:00010864       $N00147                    10037864     dcw.exp
 0002:000108a4       $N00148                    100378a4     dcw.exp
 0002:000108e1       $N00149                    100378e1     dcw.exp
 0002:00010927       $N00150                    10037927     dcw.exp
 0002:00010970       $N00151                    10037970     dcw.exp
 0002:000109b4       $N00152                    100379b4     dcw.exp
 0002:000109f3       $N00153                    100379f3     dcw.exp
 0002:00010a26       $N00154                    10037a26     dcw.exp
 0002:00010a62       $N00155                    10037a62     dcw.exp
 0002:00010a92       $N00156                    10037a92     dcw.exp
 0002:00010acd       $N00157                    10037acd     dcw.exp
 0002:00010afc       $N00158                    10037afc     dcw.exp
 0002:00010b3a       $N00159                    10037b3a     dcw.exp
 0002:00010b6c       $N00160                    10037b6c     dcw.exp
 0002:00010ba8       $N00161                    10037ba8     dcw.exp
 0002:00010bd8       $N00162                    10037bd8     dcw.exp
 0002:00010c11       $N00163                    10037c11     dcw.exp
 0002:00010c3e       $N00164                    10037c3e     dcw.exp
 0002:00010c6c       $N00165                    10037c6c     dcw.exp
 0002:00010ca2       $N00166                    10037ca2     dcw.exp
 0002:00010ce8       $N00167                    10037ce8     dcw.exp
 0002:00010d23       $N00168                    10037d23     dcw.exp
 0002:00010d67       $N00169                    10037d67     dcw.exp
 0002:00010db3       $N00170                    10037db3     dcw.exp
 0002:00010df1       $N00171                    10037df1     dcw.exp
 0002:00010e27       $N00172                    10037e27     dcw.exp
 0002:00010e5b       $N00173                    10037e5b     dcw.exp
 0002:00010e8c       $N00174                    10037e8c     dcw.exp
 0002:00010ebc       $N00175                    10037ebc     dcw.exp
 0002:00010eef       $N00176                    10037eef     dcw.exp
 0002:00010f20       $N00177                    10037f20     dcw.exp
 0002:00010f4e       $N00178                    10037f4e     dcw.exp
 0002:00010f8a       $N00179                    10037f8a     dcw.exp
 0002:00010fc3       $N00180                    10037fc3     dcw.exp
 0002:00010ffb       $N00181                    10037ffb     dcw.exp
 0002:00011036       $N00182                    10038036     dcw.exp
 0002:0001106f       $N00183                    1003806f     dcw.exp
 0002:000110a5       $N00184                    100380a5     dcw.exp
 0002:000110c0       $N00185                    100380c0     dcw.exp
 0002:000110f3       $N00186                    100380f3     dcw.exp
 0002:00011127       $N00187                    10038127     dcw.exp
 0002:00011158       $N00188                    10038158     dcw.exp
 0002:00011188       $N00189                    10038188     dcw.exp
 0002:000111bb       $N00190                    100381bb     dcw.exp
 0002:000111ec       $N00191                    100381ec     dcw.exp
 0002:0001121a       $N00192                    1003821a     dcw.exp
 0002:00011234       $N00193                    10038234     dcw.exp
 0002:00011294       $N00194                    10038294     dcw.exp
 0002:000112f9       $N00195                    100382f9     dcw.exp
 0002:00011353       $N00196                    10038353     dcw.exp
 0002:000113b2       $N00197                    100383b2     dcw.exp
 0002:0001140a       $N00198                    1003840a     dcw.exp
 0002:00011467       $N00199                    10038467     dcw.exp
 0002:000114c5       $N00200                    100384c5     dcw.exp
 0002:00011528       $N00201                    10038528     dcw.exp
 0002:00011582       $N00202                    10038582     dcw.exp
 0002:000115e1       $N00203                    100385e1     dcw.exp
 0002:00011635       $N00204                    10038635     dcw.exp
 0002:0001168e       $N00205                    1003868e     dcw.exp
 0002:000116e7       $N00206                    100386e7     dcw.exp
 0002:00011740       $N00207                    10038740     dcw.exp
 0002:0001177f       $N00208                    1003877f     dcw.exp
 0002:000117e0       $N00209                    100387e0     dcw.exp
 0002:0001181c       $N00210                    1003881c     dcw.exp
 0002:00011877       $N00211                    10038877     dcw.exp
 0002:000118b2       $N00212                    100388b2     dcw.exp
 0002:0001190b       $N00213                    1003890b     dcw.exp
 0002:00011949       $N00214                    10038949     dcw.exp
 0002:000119a8       $N00215                    100389a8     dcw.exp
 0002:000119e4       $N00216                    100389e4     dcw.exp
 0002:00011a3f       $N00217                    10038a3f     dcw.exp
 0002:00011a78       $N00218                    10038a78     dcw.exp
 0002:00011acd       $N00219                    10038acd     dcw.exp
 0002:00011b2b       $N00220                    10038b2b     dcw.exp
 0002:00011b5c       $N00221                    10038b5c     dcw.exp
 0002:00011bc9       $N00222                    10038bc9     dcw.exp
 0002:00011c3b       $N00223                    10038c3b     dcw.exp
 0002:00011ca2       $N00224                    10038ca2     dcw.exp
 0002:00011d0e       $N00225                    10038d0e     dcw.exp
 0002:00011d73       $N00226                    10038d73     dcw.exp
 0002:00011ddd       $N00227                    10038ddd     dcw.exp
 0002:00011e48       $N00228                    10038e48     dcw.exp
 0002:00011eb8       $N00229                    10038eb8     dcw.exp
 0002:00011f1f       $N00230                    10038f1f     dcw.exp
 0002:00011f8b       $N00231                    10038f8b     dcw.exp
 0002:00011fec       $N00232                    10038fec     dcw.exp
 0002:00012052       $N00233                    10039052     dcw.exp
 0002:00012094       $N00234                    10039094     dcw.exp
 0002:000120da       $N00235                    100390da     dcw.exp
 0002:00012123       $N00236                    10039123     dcw.exp
 0002:00012168       $N00237                    10039168     dcw.exp
 0002:000121aa       $N00238                    100391aa     dcw.exp
 0002:000121d6       $N00239                    100391d6     dcw.exp
 0002:000121f5       $N00240                    100391f5     dcw.exp
 0002:00012218       $N00241                    10039218     dcw.exp
 0002:0001223f       $N00242                    1003923f     dcw.exp
 0002:00012284       $N00243                    10039284     dcw.exp
 0002:000122c8       $N00244                    100392c8     dcw.exp
 0002:0001230c       $N00245                    1003930c     dcw.exp
 0002:000123a9       $N00246                    100393a9     dcw.exp
 0002:0001242e       $N00247                    1003942e     dcw.exp
 0002:000124c2       $N00248                    100394c2     dcw.exp
 0002:0001253e       $N00249                    1003953e     dcw.exp
 0002:000125cf       $N00250                    100395cf     dcw.exp
 0002:00012648       $N00251                    10039648     dcw.exp
 0002:000126e2       $N00252                    100396e2     dcw.exp
 0002:00012764       $N00253                    10039764     dcw.exp
 0002:000127f8       $N00254                    100397f8     dcw.exp
 0002:00012874       $N00255                    10039874     dcw.exp
 0002:000128ff       $N00256                    100398ff     dcw.exp
 0002:00012972       $N00257                    10039972     dcw.exp
 0002:000129b8       $N00258                    100399b8     dcw.exp
 0002:000129d2       $N00259                    100399d2     dcw.exp
 0002:00012a08       $N00260                    10039a08     dcw.exp
 0002:00012a3b       $N00261                    10039a3b     dcw.exp
 0002:00012a6d       $N00262                    10039a6d     dcw.exp
 0002:00012aa2       $N00263                    10039aa2     dcw.exp
 0002:00012ad5       $N00264                    10039ad5     dcw.exp
 0002:00012b05       $N00265                    10039b05     dcw.exp
 0002:00012b36       $N00266                    10039b36     dcw.exp
 0002:00012b6f       $N00267                    10039b6f     dcw.exp
 0002:00012bbc       $N00268                    10039bbc     dcw.exp
 0002:00012c06       $N00269                    10039c06     dcw.exp
 0002:00012c4f       $N00270                    10039c4f     dcw.exp
 0002:00012c9b       $N00271                    10039c9b     dcw.exp
 0002:00012ce5       $N00272                    10039ce5     dcw.exp
 0002:00012d2c       $N00273                    10039d2c     dcw.exp
 0002:00012d6d       $N00274                    10039d6d     dcw.exp
 0002:00012d88       $N00275                    10039d88     dcw.exp
 0002:00012daa       $N00276                    10039daa     dcw.exp
 0002:00012dc7       $N00277                    10039dc7     dcw.exp
 0002:00012de7       $N00278                    10039de7     dcw.exp
 0002:00012e18       $N00279                    10039e18     dcw.exp
 0002:00012e4f       $N00280                    10039e4f     dcw.exp
 0002:00012e8c       $N00281                    10039e8c     dcw.exp
 0002:00012ecb       $N00282                    10039ecb     dcw.exp
 0002:00012ee8       $N00283                    10039ee8     dcw.exp
 0002:00012f29       $N00284                    10039f29     dcw.exp
 0002:00012f59       $N00285                    10039f59     dcw.exp
 0002:00012f8b       $N00286                    10039f8b     dcw.exp
 0002:00012fc3       $N00287                    10039fc3     dcw.exp
 0002:00013011       $N00288                    1003a011     dcw.exp
 0002:0001305e       $N00289                    1003a05e     dcw.exp
 0002:000130a3       $N00290                    1003a0a3     dcw.exp
 0002:000130e4       $N00291                    1003a0e4     dcw.exp
 0002:00013114       $N00292                    1003a114     dcw.exp
 0002:0001313e       $N00293                    1003a13e     dcw.exp
 0002:00013172       $N00294                    1003a172     dcw.exp
 0002:000131a8       $N00295                    1003a1a8     dcw.exp
 0002:000131e1       $N00296                    1003a1e1     dcw.exp
 0002:0001322c       $N00297                    1003a22c     dcw.exp
 0002:0001326c       $N00298                    1003a26c     dcw.exp
 0002:000132ce       $N00299                    1003a2ce     dcw.exp
 0002:0001330b       $N00300                    1003a30b     dcw.exp
 0002:00013367       $N00301                    1003a367     dcw.exp
 0002:000133a3       $N00302                    1003a3a3     dcw.exp
 0002:000133fd       $N00303                    1003a3fd     dcw.exp
 0002:0001343c       $N00304                    1003a43c     dcw.exp
 0002:0001349c       $N00305                    1003a49c     dcw.exp
 0002:000134d9       $N00306                    1003a4d9     dcw.exp
 0002:00013535       $N00307                    1003a535     dcw.exp
 0002:0001356f       $N00308                    1003a56f     dcw.exp
 0002:000135c5       $N00309                    1003a5c5     dcw.exp
 0002:000135f6       $N00310                    1003a5f6     dcw.exp
 0002:0001363b       $N00311                    1003a63b     dcw.exp
 0002:0001366b       $N00312                    1003a66b     dcw.exp
 0002:000136a0       $N00313                    1003a6a0     dcw.exp
 0002:000136d4       $N00314                    1003a6d4     dcw.exp
 0002:00013712       $N00315                    1003a712     dcw.exp
 0002:0001375a       $N00316                    1003a75a     dcw.exp
 0002:00013799       $N00317                    1003a799     dcw.exp
 0002:0001381d       $N00318                    1003a81d     dcw.exp
 0002:00013898       $N00319                    1003a898     dcw.exp
 0002:00013910       $N00320                    1003a910     dcw.exp
 0002:00013991       $N00321                    1003a991     dcw.exp
 0002:00013a0c       $N00322                    1003aa0c     dcw.exp
 0002:00013a7e       $N00323                    1003aa7e     dcw.exp
 0002:00013ac5       $N00324                    1003aac5     dcw.exp
 0002:00013ad9       $N00325                    1003aad9     dcw.exp
 0002:00013afc       $N00326                    1003aafc     dcw.exp
 0002:00013b30       $N00327                    1003ab30     dcw.exp
 0002:00013b4c       $N00328                    1003ab4c     dcw.exp
 0002:00013b81       $N00329                    1003ab81     dcw.exp
 0002:00013bb3       $N00330                    1003abb3     dcw.exp
 0002:00013bee       $N00331                    1003abee     dcw.exp
 0002:00013c20       $N00332                    1003ac20     dcw.exp
 0002:00013c4f       $N00333                    1003ac4f     dcw.exp
 0002:00013c7d       $N00334                    1003ac7d     dcw.exp
 0002:00013cae       $N00335                    1003acae     dcw.exp
 0002:00013cdd       $N00336                    1003acdd     dcw.exp
 0002:00013d09       $N00337                    1003ad09     dcw.exp
 0002:00013d36       $N00338                    1003ad36     dcw.exp
 0002:00013d72       $N00339                    1003ad72     dcw.exp
 0002:00013db4       $N00340                    1003adb4     dcw.exp
 0002:00013df5       $N00341                    1003adf5     dcw.exp
 0002:00013e45       $N00342                    1003ae45     dcw.exp
 0002:00013e91       $N00343                    1003ae91     dcw.exp
 0002:00013edc       $N00344                    1003aedc     dcw.exp
 0002:00013f1a       $N00345                    1003af1a     dcw.exp
 0002:00013f48       $N00346                    1003af48     dcw.exp
 0002:00013f7a       $N00347                    1003af7a     dcw.exp
 0002:00013f9e       $N00348                    1003af9e     dcw.exp
 0002:00013fc6       $N00349                    1003afc6     dcw.exp
 0002:0001401d       $N00350                    1003b01d     dcw.exp
 0002:0001406e       $N00351                    1003b06e     dcw.exp
 0002:000140bd       $N00352                    1003b0bd     dcw.exp
 0002:00014112       $N00353                    1003b112     dcw.exp
 0002:00014163       $N00354                    1003b163     dcw.exp
 0002:000141ae       $N00355                    1003b1ae     dcw.exp
 0002:000141e5       $N00356                    1003b1e5     dcw.exp
 0002:0001697c       .idata$6                   1003d97c     bncs_cachedData:bncs_cachedData.dll
 0002:0001cdea       .idata$6                   10043dea     qt-mt323:qt-mt323.dll
 0002:0001ce50       .idata$6                   10043e50     kernel32:KERNEL32.dll
 0002:0001cf14       .idata$6                   10043f14     user32:USER32.dll
 0002:0001cf30       .idata$6                   10043f30     shell32:SHELL32.dll
 0002:0001cfd6       .idata$6                   10043fd6     msvcprt:MSVCP120.dll
 0002:0001d0b8       .idata$6                   100440b8     MSVCRT:MSVCR120.dll
 0003:00000010       ?param_slot_0@?3??staticMetaObject@bncs_client_runtime@@SAPAVQMetaObject@@XZ@4QBUQUParameter@@B 10055010     moc_bncs_client_runtime.obj
 0003:00000020       ?param_slot_2@?3??staticMetaObject@bncs_client_runtime@@SAPAVQMetaObject@@XZ@4QBUQUParameter@@B 10055020     moc_bncs_client_runtime.obj
 0003:00000030       ?param_slot_1@?3??staticMetaObject@connectionDebugDlg@@SAPAVQMetaObject@@XZ@4QBUQUParameter@@B 10055030     moc_connectiondebugdlgimpl.obj
 0003:00000fd8       __Tuple_alloc              10055fd8     bncs_client_runtime.obj
 0003:00000fd9       _ignore                    10055fd9     bncs_client_runtime.obj
 0003:00000fda       _allocator_arg             10055fda     bncs_client_runtime.obj
 0003:00000fdb       _piecewise_construct       10055fdb     bncs_client_runtime.obj
 0003:000010f0       __Tuple_alloc              100560f0     ccTimer.obj
 0003:000010f1       _ignore                    100560f1     ccTimer.obj
 0003:000010f2       _allocator_arg             100560f2     ccTimer.obj
 0003:000010f3       _piecewise_construct       100560f3     ccTimer.obj
 0003:0000110c       __Tuple_alloc              1005610c     dCW.obj
 0003:0000110d       _ignore                    1005610d     dCW.obj
 0003:0000110e       _allocator_arg             1005610e     dCW.obj
 0003:0000110f       _piecewise_construct       1005610f     dCW.obj
 0003:00001138       __Tuple_alloc              10056138     moc_bncs_client_runtime.obj
 0003:00001139       _ignore                    10056139     moc_bncs_client_runtime.obj
 0003:0000113a       _allocator_arg             1005613a     moc_bncs_client_runtime.obj
 0003:0000113b       _piecewise_construct       1005613b     moc_bncs_client_runtime.obj
 0003:0000113c       _cleanUp_bncs_client_runtime 1005613c     moc_bncs_client_runtime.obj
 0003:00001140       ?$S1@?3??staticMetaObject@bncs_client_runtime@@SAPAVQMetaObject@@XZ@4IA 10056140     moc_bncs_client_runtime.obj
 0003:00001144       ?param_signal_0@?3??staticMetaObject@bncs_client_runtime@@SAPAVQMetaObject@@XZ@4QBUQUParameter@@B 10056144     moc_bncs_client_runtime.obj
 0003:00001158       _cleanUp_connectionDebugDlgBase 10056158     moc_connectiondebugdlg.obj
 0003:00001160       _cleanUp_connectionDebugDlg 10056160     moc_connectiondebugdlgimpl.obj
 0003:00001164       ?$S1@?3??staticMetaObject@connectionDebugDlg@@SAPAVQMetaObject@@XZ@4IA 10056164     moc_connectiondebugdlgimpl.obj
 0003:00001168       ?param_signal_0@?3??staticMetaObject@connectionDebugDlg@@SAPAVQMetaObject@@XZ@4QBUQUParameter@@B 10056168     moc_connectiondebugdlgimpl.obj
 0003:00001188       _widgetFactories           10056188     qui:qwidgetfactory.obj
 0003:000011a8       _languageInterfaceManager  100561a8     qui:qwidgetfactory.obj
 0003:000011ac       _widgetInterfaceManager    100561ac     qui:qwidgetfactory.obj
 0003:000011b0       _availableWidgetMap        100561b0     qui:qwidgetfactory.obj
 0003:000011b4       _availableWidgetList       100561b4     qui:qwidgetfactory.obj
 0003:000011d0       _cleanUp_QDesignerDataBrowser2 100561d0     qui:moc_database2.obj
 0003:000011d4       _cleanUp_QDesignerDataView2 100561d4     qui:moc_database2.obj
 0003:000011e0       ___proc_attached           100561e0     MSVCRT:crtdll.obj
 0003:000011e8       _GS_ExceptionRecord        100561e8     MSVCRT:gs_report.obj
 0003:00001238       _GS_ContextRecord          10056238     MSVCRT:gs_report.obj
 0003:00001504       _DebuggerWasPresent        10056504     MSVCRT:gs_report.obj
 0004:000000a0       $R000000                   100570a0     Script1.res
 0004:000004a0       $R000400                   100574a0     Script1.res
