 dcw

 Timestamp is 56ddfd5f (Mon Mar 07 22:14:55 2016)

 Preferred load address is 10000000

 Start         Length     Name                   Class
 0001:00000000 0002709eH .text                   CODE
 0001:000270a0 0000280eH .text$x                 CODE
 0002:00000000 00002354H .idata$5                DATA
 0002:00002358 0000743cH .rdata                  DATA
 0002:00009798 00002598H .xdata$x                DATA
 0002:0000bd30 0000008cH .idata$2                DATA
 0002:0000bdbc 00000014H .idata$3                DATA
 0002:0000bdd0 00002354H .idata$4                DATA
 0002:0000e124 00016c7eH .idata$6                DATA
 0002:00024db0 00005119H .edata                  DATA
 0003:00000000 00000004H .CRT$XCA                DATA
 0003:00000004 00000024H .CRT$XCU                DATA
 0003:00000028 00000004H .CRT$XCZ                DATA
 0003:0000002c 00000004H .CRT$XIA                DATA
 0003:00000030 00000004H .CRT$XIZ                DATA
 0003:00000040 00001420H .data                   DATA
 0003:00001460 00000110H .bss                    DATA
 0004:00000000 00000058H .rsrc$01                DATA
 0004:00000060 000004b8H .rsrc$02                DATA

  Address         Publics by Value              Rva+Base     Lib:Object

 0001:00000000       ??0signalConnection@@QAE@ABVQString@@0000@Z 10001000 f i bncs_client_runtime.obj
 0001:00000100       ??0signalConnection@@QAE@ABV0@@Z 10001100 f i bncs_client_runtime.obj
 0001:00000180       ??4signalConnection@@QAEAAV0@ABV0@@Z 10001180 f i bncs_client_runtime.obj
 0001:000001c0       ??1signalConnection@@QAE@XZ 100011c0 f i bncs_client_runtime.obj
 0001:00000290       ??0signalConnectionRefList@@QAE@XZ 10001290 f i bncs_client_runtime.obj
 0001:000002b0       ??0signalConnectionRefList@@QAE@ABV0@@Z 100012b0 f i bncs_client_runtime.obj
 0001:000002d0       ??1signalConnectionRefList@@UAE@XZ 100012d0 f i bncs_client_runtime.obj
 0001:00000340       ??4signalConnectionRefList@@QAEAAV0@ABV0@@Z 10001340 f i bncs_client_runtime.obj
 0001:00000350       ??_EsignalConnectionRefList@@UAEPAXI@Z 10001350 f i bncs_client_runtime.obj
 0001:000003b0       ??0signalConnectionRefListIt@@QAE@ABVsignalConnectionRefList@@@Z 100013b0 f i bncs_client_runtime.obj
 0001:000003d0       ??4signalConnectionRefListIt@@QAEAAV0@ABV0@@Z 100013d0 f i bncs_client_runtime.obj
 0001:000003f0       ??0signalConnectionRefListIt@@QAE@ABV0@@Z 100013f0 f i bncs_client_runtime.obj
 0001:00000410       ??1signalConnectionRefListIt@@QAE@XZ 10001410 f i bncs_client_runtime.obj
 0001:00000420       ?widgetList@dCW@@QAE?AVQWidgetList@@XZ 10001420 f i bncs_client_runtime.obj
 0001:00000450       ?bpixmap@dCW@@QAE?AVQString@@XZ 10001450 f i bncs_client_runtime.obj
 0001:00000480       ?bcolour@dCW@@QAE?AVQString@@XZ 10001480 f i bncs_client_runtime.obj
 0001:000004b0       ?scriptfile@dCW@@QAE?AVQString@@XZ 100014b0 f i bncs_client_runtime.obj
 0001:000004e0       ??0dCW@@QAE@ABV0@@Z        100014e0 f i bncs_client_runtime.obj
 0001:00000620       ??4dCW@@QAEAAV0@ABV0@@Z    10001620 f i bncs_client_runtime.obj
 0001:000006e0       ??_EdCW@@UAEPAXI@Z         100016e0 f i bncs_client_runtime.obj
 0001:00000740       ?metaObject@bncs_client_runtime@@UBEPAVQMetaObject@@XZ 10001740 f i bncs_client_runtime.obj
 0001:00000750       ?qObject@bncs_client_runtime@@QAEPAVQObject@@XZ 10001750 f i bncs_client_runtime.obj
 0001:00000760       ?mouseReleaseEvent@bncs_client_runtime@@UAEXPAVQMouseEvent@@@Z 10001760 f i bncs_client_runtime.obj
 0001:00000760       ?mousePressEvent@bncs_client_runtime@@UAEXPAVQMouseEvent@@@Z 10001760 f i bncs_client_runtime.obj
 0001:00000770       ?connectionList@bncs_client_runtime@@QAEABVsignalConnectionRefList@@XZ 10001770 f i bncs_client_runtime.obj
 0001:00000780       ??0bncs_client_runtime@@QAE@ABV0@@Z 10001780 f i bncs_client_runtime.obj
 0001:000009d0       ??4bncs_client_runtime@@QAEAAV0@ABV0@@Z 100019d0 f i bncs_client_runtime.obj
 0001:00000b80       ??_Fbncs_client_runtime@@QAEXXZ 10001b80 f i bncs_client_runtime.obj
 0001:00000b90       ??_Ebncs_client_runtime@@UAEPAXI@Z 10001b90 f i bncs_client_runtime.obj
 0001:00000bf0       ??0bncs_client_runtime@@QAE@PAVQWidget@@PBDI@Z 10001bf0 f   bncs_client_runtime.obj
 0001:00000d30       ??1bncs_client_runtime@@UAE@XZ 10001d30 f   bncs_client_runtime.obj
 0001:00000e90       ?contextMenuEvent@bncs_client_runtime@@UAEXPAVQContextMenuEvent@@@Z 10001e90 f   bncs_client_runtime.obj
 0001:00001760       ?paintEvent@bncs_client_runtime@@UAEXPAVQPaintEvent@@@Z 10002760 f   bncs_client_runtime.obj
 0001:00001850       ?setCaption@bncs_client_runtime@@UAEXABVQString@@@Z 10002850 f   bncs_client_runtime.obj
 0001:00001fe0       ?setWidgetList@bncs_client_runtime@@QAEXABVQWidgetList@@@Z 10002fe0 f   bncs_client_runtime.obj
 0001:00002000       ?widgetList@bncs_client_runtime@@QBE?AVQWidgetList@@XZ 10003000 f   bncs_client_runtime.obj
 0001:00002030       ?addConnection@bncs_client_runtime@@QAEXABVQString@@0000@Z 10003030 f   bncs_client_runtime.obj
 0001:00002220       ?addConnection@bncs_client_runtime@@QAEXPAVQWidget@@@Z 10003220 f   bncs_client_runtime.obj
 0001:00002250       ?notifyIn@bncs_client_runtime@@QAEXAAVQString@@@Z 10003250 f   bncs_client_runtime.obj
 0001:00002350       ?connectionTriggerEvent@bncs_client_runtime@@AAEXABVQString@@0@Z 10003350 f   bncs_client_runtime.obj
 0001:000039e0       ??8@YA_NVQChar@@D@Z        100049e0 f i bncs_client_runtime.obj
 0001:00003a00       ?cdbDestroyed@bncs_client_runtime@@AAEXXZ 10004a00 f   bncs_client_runtime.obj
 0001:00003a10       ?doShowIncomingEvent@bncs_client_runtime@@AAEX_N@Z 10004a10 f   bncs_client_runtime.obj
 0001:00003a20       ?setFilePath@bncs_client_runtime@@QAEXABVQString@@@Z 10004a20 f   bncs_client_runtime.obj
 0001:00003a40       ?filePath@bncs_client_runtime@@QAE?AVQString@@XZ 10004a40 f   bncs_client_runtime.obj
 0001:00003a70       ?ccTimerCallback@bncs_client_runtime@@MAEXH@Z 10004a70 f   bncs_client_runtime.obj
 0001:00003b60       ??1?$QPtrList@VsignalConnection@@@@UAE@XZ 10004b60 f i bncs_client_runtime.obj
 0001:00003bc0       ?count@?$QPtrList@VsignalConnection@@@@UBEIXZ 10004bc0 f i bncs_client_runtime.obj
 0001:00003bd0       ?clear@?$QPtrList@VsignalConnection@@@@UAEXXZ 10004bd0 f i bncs_client_runtime.obj
 0001:00003be0       ??D?$QPtrListStdIterator@VsignalConnection@@@@QAEPAVsignalConnection@@XZ 10004be0 f i bncs_client_runtime.obj
 0001:00003bf0       ??0?$QMap@VQString@@VparamInfo@@@@QAE@XZ 10004bf0 f i bncs_client_runtime.obj
 0001:00003cd0       ??0?$QMap@VQString@@VcomplexType@@@@QAE@ABV0@@Z 10004cd0 f i bncs_client_runtime.obj
 0001:00003cd0       ??0?$QMap@VQString@@VcomplexInstance@@@@QAE@ABV0@@Z 10004cd0 f i bncs_client_runtime.obj
 0001:00003cd0       ??0?$QMap@VQString@@VparamInfo@@@@QAE@ABV0@@Z 10004cd0 f i bncs_client_runtime.obj
 0001:00003cd0       ??0?$QMap@VQString@@VdeviceTypeInfo@@@@QAE@ABV0@@Z 10004cd0 f i bncs_client_runtime.obj
 0001:00003cd0       ??0?$QMap@VQString@@VinstanceInfo@@@@QAE@ABV0@@Z 10004cd0 f i bncs_client_runtime.obj
 0001:00003cd0       ??0?$QMap@VQString@@VcomplexParam@@@@QAE@ABV0@@Z 10004cd0 f i bncs_client_runtime.obj
 0001:00003ce0       ??1?$QMap@VQString@@VparamInfo@@@@QAE@XZ 10004ce0 f i bncs_client_runtime.obj
 0001:00003d80       ?begin@?$QMap@VQString@@VparamInfo@@@@QAE?AV?$QMapIterator@VQString@@VparamInfo@@@@XZ 10004d80 f i bncs_client_runtime.obj
 0001:00003db0       ?end@?$QMap@VQString@@VparamInfo@@@@QAE?AV?$QMapIterator@VQString@@VparamInfo@@@@XZ 10004db0 f i bncs_client_runtime.obj
 0001:00003dd0       ?begin@?$QMap@VQString@@VcomplexParam@@@@QBE?AV?$QMapConstIterator@VQString@@VcomplexParam@@@@XZ 10004dd0 f i bncs_client_runtime.obj
 0001:00003dd0       ?constBegin@?$QMap@VQString@@VcomplexParam@@@@QBE?AV?$QMapConstIterator@VQString@@VcomplexParam@@@@XZ 10004dd0 f i bncs_client_runtime.obj
 0001:00003dd0       ?constBegin@?$QMap@VQString@@VparamInfo@@@@QBE?AV?$QMapConstIterator@VQString@@VparamInfo@@@@XZ 10004dd0 f i bncs_client_runtime.obj
 0001:00003dd0       ?begin@?$QMap@VQString@@VdeviceTypeInfo@@@@QBE?AV?$QMapConstIterator@VQString@@VdeviceTypeInfo@@@@XZ 10004dd0 f i bncs_client_runtime.obj
 0001:00003dd0       ?begin@?$QMap@VQString@@VparamInfo@@@@QBE?AV?$QMapConstIterator@VQString@@VparamInfo@@@@XZ 10004dd0 f i bncs_client_runtime.obj
 0001:00003dd0       ?constBegin@?$QMap@VQString@@VcomplexInstance@@@@QBE?AV?$QMapConstIterator@VQString@@VcomplexInstance@@@@XZ 10004dd0 f i bncs_client_runtime.obj
 0001:00003dd0       ?constBegin@?$QMap@VQString@@VcomplexType@@@@QBE?AV?$QMapConstIterator@VQString@@VcomplexType@@@@XZ 10004dd0 f i bncs_client_runtime.obj
 0001:00003dd0       ?begin@?$QMap@VQString@@VinstanceInfo@@@@QBE?AV?$QMapConstIterator@VQString@@VinstanceInfo@@@@XZ 10004dd0 f i bncs_client_runtime.obj
 0001:00003dd0       ?constBegin@?$QMap@VQString@@VdeviceTypeInfo@@@@QBE?AV?$QMapConstIterator@VQString@@VdeviceTypeInfo@@@@XZ 10004dd0 f i bncs_client_runtime.obj
 0001:00003dd0       ?constBegin@?$QMap@VQString@@VinstanceInfo@@@@QBE?AV?$QMapConstIterator@VQString@@VinstanceInfo@@@@XZ 10004dd0 f i bncs_client_runtime.obj
 0001:00003dd0       ?begin@?$QMap@VQString@@VcomplexInstance@@@@QBE?AV?$QMapConstIterator@VQString@@VcomplexInstance@@@@XZ 10004dd0 f i bncs_client_runtime.obj
 0001:00003dd0       ?begin@?$QMap@VQString@@VcomplexType@@@@QBE?AV?$QMapConstIterator@VQString@@VcomplexType@@@@XZ 10004dd0 f i bncs_client_runtime.obj
 0001:00003de0       ?constEnd@?$QMap@VQString@@VcomplexParam@@@@QBE?AV?$QMapConstIterator@VQString@@VcomplexParam@@@@XZ 10004de0 f i bncs_client_runtime.obj
 0001:00003de0       ?end@?$QMap@VQString@@VdeviceTypeInfo@@@@QBE?AV?$QMapConstIterator@VQString@@VdeviceTypeInfo@@@@XZ 10004de0 f i bncs_client_runtime.obj
 0001:00003de0       ?end@?$QMap@VQString@@VcomplexType@@@@QBE?AV?$QMapConstIterator@VQString@@VcomplexType@@@@XZ 10004de0 f i bncs_client_runtime.obj
 0001:00003de0       ?end@?$QMap@VQString@@VcomplexInstance@@@@QBE?AV?$QMapConstIterator@VQString@@VcomplexInstance@@@@XZ 10004de0 f i bncs_client_runtime.obj
 0001:00003de0       ?end@?$QMap@VQString@@VinstanceInfo@@@@QBE?AV?$QMapConstIterator@VQString@@VinstanceInfo@@@@XZ 10004de0 f i bncs_client_runtime.obj
 0001:00003de0       ?constEnd@?$QMap@VQString@@VparamInfo@@@@QBE?AV?$QMapConstIterator@VQString@@VparamInfo@@@@XZ 10004de0 f i bncs_client_runtime.obj
 0001:00003de0       ?end@?$QMap@VQString@@VparamInfo@@@@QBE?AV?$QMapConstIterator@VQString@@VparamInfo@@@@XZ 10004de0 f i bncs_client_runtime.obj
 0001:00003de0       ?constEnd@?$QMap@VQString@@VcomplexInstance@@@@QBE?AV?$QMapConstIterator@VQString@@VcomplexInstance@@@@XZ 10004de0 f i bncs_client_runtime.obj
 0001:00003de0       ?constEnd@?$QMap@VQString@@VdeviceTypeInfo@@@@QBE?AV?$QMapConstIterator@VQString@@VdeviceTypeInfo@@@@XZ 10004de0 f i bncs_client_runtime.obj
 0001:00003de0       ?constEnd@?$QMap@VQString@@VcomplexType@@@@QBE?AV?$QMapConstIterator@VQString@@VcomplexType@@@@XZ 10004de0 f i bncs_client_runtime.obj
 0001:00003de0       ?end@?$QMap@VQString@@VcomplexParam@@@@QBE?AV?$QMapConstIterator@VQString@@VcomplexParam@@@@XZ 10004de0 f i bncs_client_runtime.obj
 0001:00003de0       ?constEnd@?$QMap@VQString@@VinstanceInfo@@@@QBE?AV?$QMapConstIterator@VQString@@VinstanceInfo@@@@XZ 10004de0 f i bncs_client_runtime.obj
 0001:00003df0       ?replace@?$QMap@VQString@@VparamInfo@@@@QAE?AV?$QMapIterator@VQString@@VparamInfo@@@@ABVQString@@ABVparamInfo@@@Z 10004df0 f i bncs_client_runtime.obj
 0001:00003f50       ?isEmpty@?$QMap@VQString@@VcomplexParam@@@@QBE_NXZ 10004f50 f i bncs_client_runtime.obj
 0001:00003f50       ?isEmpty@?$QMap@VQString@@VinstanceInfo@@@@QBE_NXZ 10004f50 f i bncs_client_runtime.obj
 0001:00003f50       ?empty@?$QMap@VQString@@VdeviceTypeInfo@@@@QBE_NXZ 10004f50 f i bncs_client_runtime.obj
 0001:00003f50       ?isEmpty@?$QMap@VQString@@VparamInfo@@@@QBE_NXZ 10004f50 f i bncs_client_runtime.obj
 0001:00003f50       ?isEmpty@?$QMap@VQString@@VdeviceTypeInfo@@@@QBE_NXZ 10004f50 f i bncs_client_runtime.obj
 0001:00003f50       ?empty@?$QMap@VQString@@VcomplexInstance@@@@QBE_NXZ 10004f50 f i bncs_client_runtime.obj
 0001:00003f50       ?empty@?$QMap@VQString@@VparamInfo@@@@QBE_NXZ 10004f50 f i bncs_client_runtime.obj
 0001:00003f50       ?empty@?$QMap@VQString@@VcomplexParam@@@@QBE_NXZ 10004f50 f i bncs_client_runtime.obj
 0001:00003f50       ?empty@?$QMap@VQString@@VinstanceInfo@@@@QBE_NXZ 10004f50 f i bncs_client_runtime.obj
 0001:00003f50       ?empty@?$QMap@VQString@@VcomplexType@@@@QBE_NXZ 10004f50 f i bncs_client_runtime.obj
 0001:00003f50       ?isEmpty@?$QMap@VQString@@VcomplexInstance@@@@QBE_NXZ 10004f50 f i bncs_client_runtime.obj
 0001:00003f50       ?isEmpty@?$QMap@VQString@@VcomplexType@@@@QBE_NXZ 10004f50 f i bncs_client_runtime.obj
 0001:00003f60       ?erase@?$QMap@VQString@@VparamInfo@@@@QAEXV?$QMapIterator@VQString@@VparamInfo@@@@@Z 10004f60 f i bncs_client_runtime.obj
 0001:00003f60       ?remove@?$QMap@VQString@@VparamInfo@@@@QAEXV?$QMapIterator@VQString@@VparamInfo@@@@@Z 10004f60 f i bncs_client_runtime.obj
 0001:00003f90       ?find@?$QMap@VQString@@VparamInfo@@@@QAE?AV?$QMapIterator@VQString@@VparamInfo@@@@ABVQString@@@Z 10004f90 f i bncs_client_runtime.obj
 0001:00004010       ?size@?$QMap@VQString@@VcomplexParam@@@@QBEIXZ 10005010 f i bncs_client_runtime.obj
 0001:00004010       ?count@?$QMap@VQString@@VinstanceInfo@@@@QBEIXZ 10005010 f i bncs_client_runtime.obj
 0001:00004010       ?count@?$QMap@VQString@@VcomplexType@@@@QBEIXZ 10005010 f i bncs_client_runtime.obj
 0001:00004010       ?size@?$QMap@VQString@@VcomplexType@@@@QBEIXZ 10005010 f i bncs_client_runtime.obj
 0001:00004010       ?size@?$QMap@VQString@@VdeviceTypeInfo@@@@QBEIXZ 10005010 f i bncs_client_runtime.obj
 0001:00004010       ?count@?$QMap@VQString@@VcomplexInstance@@@@QBEIXZ 10005010 f i bncs_client_runtime.obj
 0001:00004010       ?count@?$QMap@VQString@@VcomplexParam@@@@QBEIXZ 10005010 f i bncs_client_runtime.obj
 0001:00004010       ?size@?$QMap@VQString@@VparamInfo@@@@QBEIXZ 10005010 f i bncs_client_runtime.obj
 0001:00004010       ?size@?$QMap@VQString@@VinstanceInfo@@@@QBEIXZ 10005010 f i bncs_client_runtime.obj
 0001:00004010       ?size@?$QMap@VQString@@VcomplexInstance@@@@QBEIXZ 10005010 f i bncs_client_runtime.obj
 0001:00004010       ?count@?$QMap@VQString@@VdeviceTypeInfo@@@@QBEIXZ 10005010 f i bncs_client_runtime.obj
 0001:00004010       ?count@?$QMap@VQString@@VparamInfo@@@@QBEIXZ 10005010 f i bncs_client_runtime.obj
 0001:00004020       ?keys@?$QMap@VQString@@VparamInfo@@@@QBE?AV?$QValueList@VQString@@@@XZ 10005020 f i bncs_client_runtime.obj
 0001:00004140       ?values@?$QMap@VQString@@VparamInfo@@@@QBE?AV?$QValueList@VparamInfo@@@@XZ 10005140 f i bncs_client_runtime.obj
 0001:00004260       ?detach@?$QMap@VQString@@VparamInfo@@@@IAEXXZ 10005260 f i bncs_client_runtime.obj
 0001:00004270       ??0?$QMap@VQString@@VcomplexParam@@@@QAE@XZ 10005270 f i bncs_client_runtime.obj
 0001:00004350       ??1?$QMap@VQString@@VcomplexParam@@@@QAE@XZ 10005350 f i bncs_client_runtime.obj
 0001:000043f0       ?begin@?$QMap@VQString@@VcomplexParam@@@@QAE?AV?$QMapIterator@VQString@@VcomplexParam@@@@XZ 100053f0 f i bncs_client_runtime.obj
 0001:00004420       ?end@?$QMap@VQString@@VcomplexParam@@@@QAE?AV?$QMapIterator@VQString@@VcomplexParam@@@@XZ 10005420 f i bncs_client_runtime.obj
 0001:00004440       ?replace@?$QMap@VQString@@VcomplexParam@@@@QAE?AV?$QMapIterator@VQString@@VcomplexParam@@@@ABVQString@@ABVcomplexParam@@@Z 10005440 f i bncs_client_runtime.obj
 0001:000045b0       ?find@?$QMap@VQString@@VcomplexParam@@@@QAE?AV?$QMapIterator@VQString@@VcomplexParam@@@@ABVQString@@@Z 100055b0 f i bncs_client_runtime.obj
 0001:00004630       ?find@?$QMap@VQString@@VcomplexParam@@@@QBE?AV?$QMapConstIterator@VQString@@VcomplexParam@@@@ABVQString@@@Z 10005630 f i bncs_client_runtime.obj
 0001:000046a0       ??A?$QMap@VQString@@VcomplexParam@@@@QBEABVcomplexParam@@ABVQString@@@Z 100056a0 f i bncs_client_runtime.obj
 0001:00004710       ?contains@?$QMap@VQString@@VcomplexParam@@@@QBE_NABVQString@@@Z 10005710 f i bncs_client_runtime.obj
 0001:00004780       ?keys@?$QMap@VQString@@VcomplexParam@@@@QBE?AV?$QValueList@VQString@@@@XZ 10005780 f i bncs_client_runtime.obj
 0001:000048a0       ?values@?$QMap@VQString@@VcomplexParam@@@@QBE?AV?$QValueList@VcomplexParam@@@@XZ 100058a0 f i bncs_client_runtime.obj
 0001:000049c0       ?erase@?$QMap@VQString@@VcomplexParam@@@@QAEXV?$QMapIterator@VQString@@VcomplexParam@@@@@Z 100059c0 f i bncs_client_runtime.obj
 0001:000049c0       ?remove@?$QMap@VQString@@VcomplexParam@@@@QAEXV?$QMapIterator@VQString@@VcomplexParam@@@@@Z 100059c0 f i bncs_client_runtime.obj
 0001:000049f0       ?detach@?$QMap@VQString@@VcomplexParam@@@@IAEXXZ 100059f0 f i bncs_client_runtime.obj
 0001:00004a00       ??0?$QMap@VQString@@VcomplexInstance@@@@QAE@XZ 10005a00 f i bncs_client_runtime.obj
 0001:00004ae0       ??1?$QMap@VQString@@VcomplexInstance@@@@QAE@XZ 10005ae0 f i bncs_client_runtime.obj
 0001:00004b80       ?begin@?$QMap@VQString@@VcomplexInstance@@@@QAE?AV?$QMapIterator@VQString@@VcomplexInstance@@@@XZ 10005b80 f i bncs_client_runtime.obj
 0001:00004bb0       ?end@?$QMap@VQString@@VcomplexInstance@@@@QAE?AV?$QMapIterator@VQString@@VcomplexInstance@@@@XZ 10005bb0 f i bncs_client_runtime.obj
 0001:00004bd0       ?replace@?$QMap@VQString@@VcomplexInstance@@@@QAE?AV?$QMapIterator@VQString@@VcomplexInstance@@@@ABVQString@@ABVcomplexInstance@@@Z 10005bd0 f i bncs_client_runtime.obj
 0001:00004d30       ?erase@?$QMap@VQString@@VcomplexInstance@@@@QAEXV?$QMapIterator@VQString@@VcomplexInstance@@@@@Z 10005d30 f i bncs_client_runtime.obj
 0001:00004d30       ?remove@?$QMap@VQString@@VcomplexInstance@@@@QAEXV?$QMapIterator@VQString@@VcomplexInstance@@@@@Z 10005d30 f i bncs_client_runtime.obj
 0001:00004d60       ?find@?$QMap@VQString@@VcomplexInstance@@@@QAE?AV?$QMapIterator@VQString@@VcomplexInstance@@@@ABVQString@@@Z 10005d60 f i bncs_client_runtime.obj
 0001:00004de0       ?find@?$QMap@VQString@@VparamInfo@@@@QBE?AV?$QMapConstIterator@VQString@@VparamInfo@@@@ABVQString@@@Z 10005de0 f i bncs_client_runtime.obj
 0001:00004de0       ?find@?$QMap@VQString@@VcomplexType@@@@QBE?AV?$QMapConstIterator@VQString@@VcomplexType@@@@ABVQString@@@Z 10005de0 f i bncs_client_runtime.obj
 0001:00004de0       ?find@?$QMap@VQString@@VcomplexInstance@@@@QBE?AV?$QMapConstIterator@VQString@@VcomplexInstance@@@@ABVQString@@@Z 10005de0 f i bncs_client_runtime.obj
 0001:00004e50       ?keys@?$QMap@VQString@@VcomplexInstance@@@@QBE?AV?$QValueList@VQString@@@@XZ 10005e50 f i bncs_client_runtime.obj
 0001:00004f70       ?values@?$QMap@VQString@@VcomplexInstance@@@@QBE?AV?$QValueList@VcomplexInstance@@@@XZ 10005f70 f i bncs_client_runtime.obj
 0001:00005090       ?detach@?$QMap@VQString@@VcomplexInstance@@@@IAEXXZ 10006090 f i bncs_client_runtime.obj
 0001:000050a0       ??0?$QMap@VQString@@VinstanceInfo@@@@QAE@XZ 100060a0 f i bncs_client_runtime.obj
 0001:00005180       ??1?$QMap@VQString@@VinstanceInfo@@@@QAE@XZ 10006180 f i bncs_client_runtime.obj
 0001:00005220       ?begin@?$QMap@VQString@@VinstanceInfo@@@@QAE?AV?$QMapIterator@VQString@@VinstanceInfo@@@@XZ 10006220 f i bncs_client_runtime.obj
 0001:00005250       ?end@?$QMap@VQString@@VinstanceInfo@@@@QAE?AV?$QMapIterator@VQString@@VinstanceInfo@@@@XZ 10006250 f i bncs_client_runtime.obj
 0001:00005270       ?replace@?$QMap@VQString@@VinstanceInfo@@@@QAE?AV?$QMapIterator@VQString@@VinstanceInfo@@@@ABVQString@@ABVinstanceInfo@@@Z 10006270 f i bncs_client_runtime.obj
 0001:00005410       ?find@?$QMap@VQString@@VinstanceInfo@@@@QAE?AV?$QMapIterator@VQString@@VinstanceInfo@@@@ABVQString@@@Z 10006410 f i bncs_client_runtime.obj
 0001:00005490       ?find@?$QMap@VQString@@VinstanceInfo@@@@QBE?AV?$QMapConstIterator@VQString@@VinstanceInfo@@@@ABVQString@@@Z 10006490 f i bncs_client_runtime.obj
 0001:00005500       ??A?$QMap@VQString@@VinstanceInfo@@@@QBEABVinstanceInfo@@ABVQString@@@Z 10006500 f i bncs_client_runtime.obj
 0001:00005570       ?contains@?$QMap@VQString@@VinstanceInfo@@@@QBE_NABVQString@@@Z 10006570 f i bncs_client_runtime.obj
 0001:000055e0       ?keys@?$QMap@VQString@@VinstanceInfo@@@@QBE?AV?$QValueList@VQString@@@@XZ 100065e0 f i bncs_client_runtime.obj
 0001:00005700       ?values@?$QMap@VQString@@VinstanceInfo@@@@QBE?AV?$QValueList@VinstanceInfo@@@@XZ 10006700 f i bncs_client_runtime.obj
 0001:00005820       ?erase@?$QMap@VQString@@VinstanceInfo@@@@QAEXV?$QMapIterator@VQString@@VinstanceInfo@@@@@Z 10006820 f i bncs_client_runtime.obj
 0001:00005820       ?remove@?$QMap@VQString@@VinstanceInfo@@@@QAEXV?$QMapIterator@VQString@@VinstanceInfo@@@@@Z 10006820 f i bncs_client_runtime.obj
 0001:00005850       ?detach@?$QMap@VQString@@VinstanceInfo@@@@IAEXXZ 10006850 f i bncs_client_runtime.obj
 0001:00005860       ??0?$QMap@VQString@@VdeviceTypeInfo@@@@QAE@XZ 10006860 f i bncs_client_runtime.obj
 0001:00005940       ??1?$QMap@VQString@@VdeviceTypeInfo@@@@QAE@XZ 10006940 f i bncs_client_runtime.obj
 0001:000059e0       ?begin@?$QMap@VQString@@VdeviceTypeInfo@@@@QAE?AV?$QMapIterator@VQString@@VdeviceTypeInfo@@@@XZ 100069e0 f i bncs_client_runtime.obj
 0001:00005a10       ?end@?$QMap@VQString@@VdeviceTypeInfo@@@@QAE?AV?$QMapIterator@VQString@@VdeviceTypeInfo@@@@XZ 10006a10 f i bncs_client_runtime.obj
 0001:00005a30       ?replace@?$QMap@VQString@@VdeviceTypeInfo@@@@QAE?AV?$QMapIterator@VQString@@VdeviceTypeInfo@@@@ABVQString@@ABVdeviceTypeInfo@@@Z 10006a30 f i bncs_client_runtime.obj
 0001:00005ba0       ?find@?$QMap@VQString@@VdeviceTypeInfo@@@@QAE?AV?$QMapIterator@VQString@@VdeviceTypeInfo@@@@ABVQString@@@Z 10006ba0 f i bncs_client_runtime.obj
 0001:00005c20       ?find@?$QMap@VQString@@VdeviceTypeInfo@@@@QBE?AV?$QMapConstIterator@VQString@@VdeviceTypeInfo@@@@ABVQString@@@Z 10006c20 f i bncs_client_runtime.obj
 0001:00005c90       ??A?$QMap@VQString@@VdeviceTypeInfo@@@@QBEABVdeviceTypeInfo@@ABVQString@@@Z 10006c90 f i bncs_client_runtime.obj
 0001:00005d00       ?contains@?$QMap@VQString@@VdeviceTypeInfo@@@@QBE_NABVQString@@@Z 10006d00 f i bncs_client_runtime.obj
 0001:00005d70       ?keys@?$QMap@VQString@@VdeviceTypeInfo@@@@QBE?AV?$QValueList@VQString@@@@XZ 10006d70 f i bncs_client_runtime.obj
 0001:00005e90       ?values@?$QMap@VQString@@VdeviceTypeInfo@@@@QBE?AV?$QValueList@VdeviceTypeInfo@@@@XZ 10006e90 f i bncs_client_runtime.obj
 0001:00005fb0       ?erase@?$QMap@VQString@@VdeviceTypeInfo@@@@QAEXV?$QMapIterator@VQString@@VdeviceTypeInfo@@@@@Z 10006fb0 f i bncs_client_runtime.obj
 0001:00005fb0       ?remove@?$QMap@VQString@@VdeviceTypeInfo@@@@QAEXV?$QMapIterator@VQString@@VdeviceTypeInfo@@@@@Z 10006fb0 f i bncs_client_runtime.obj
 0001:00005fe0       ?detach@?$QMap@VQString@@VdeviceTypeInfo@@@@IAEXXZ 10006fe0 f i bncs_client_runtime.obj
 0001:00005ff0       ??0?$QMap@VQString@@VcomplexType@@@@QAE@XZ 10006ff0 f i bncs_client_runtime.obj
 0001:000060d0       ??1?$QMap@VQString@@VcomplexType@@@@QAE@XZ 100070d0 f i bncs_client_runtime.obj
 0001:00006170       ?begin@?$QMap@VQString@@VcomplexType@@@@QAE?AV?$QMapIterator@VQString@@VcomplexType@@@@XZ 10007170 f i bncs_client_runtime.obj
 0001:000061a0       ?end@?$QMap@VQString@@VcomplexType@@@@QAE?AV?$QMapIterator@VQString@@VcomplexType@@@@XZ 100071a0 f i bncs_client_runtime.obj
 0001:000061c0       ?replace@?$QMap@VQString@@VcomplexType@@@@QAE?AV?$QMapIterator@VQString@@VcomplexType@@@@ABVQString@@ABVcomplexType@@@Z 100071c0 f i bncs_client_runtime.obj
 0001:00006320       ?erase@?$QMap@VQString@@VcomplexType@@@@QAEXV?$QMapIterator@VQString@@VcomplexType@@@@@Z 10007320 f i bncs_client_runtime.obj
 0001:00006320       ?remove@?$QMap@VQString@@VcomplexType@@@@QAEXV?$QMapIterator@VQString@@VcomplexType@@@@@Z 10007320 f i bncs_client_runtime.obj
 0001:00006350       ?find@?$QMap@VQString@@VcomplexType@@@@QAE?AV?$QMapIterator@VQString@@VcomplexType@@@@ABVQString@@@Z 10007350 f i bncs_client_runtime.obj
 0001:000063d0       ??A?$QMap@VQString@@VcomplexInstance@@@@QBEABVcomplexInstance@@ABVQString@@@Z 100073d0 f i bncs_client_runtime.obj
 0001:000063d0       ??A?$QMap@VQString@@VcomplexType@@@@QBEABVcomplexType@@ABVQString@@@Z 100073d0 f i bncs_client_runtime.obj
 0001:000063d0       ??A?$QMap@VQString@@VparamInfo@@@@QBEABVparamInfo@@ABVQString@@@Z 100073d0 f i bncs_client_runtime.obj
 0001:00006440       ?contains@?$QMap@VQString@@VparamInfo@@@@QBE_NABVQString@@@Z 10007440 f i bncs_client_runtime.obj
 0001:00006440       ?contains@?$QMap@VQString@@VcomplexType@@@@QBE_NABVQString@@@Z 10007440 f i bncs_client_runtime.obj
 0001:00006440       ?contains@?$QMap@VQString@@VcomplexInstance@@@@QBE_NABVQString@@@Z 10007440 f i bncs_client_runtime.obj
 0001:000064b0       ?keys@?$QMap@VQString@@VcomplexType@@@@QBE?AV?$QValueList@VQString@@@@XZ 100074b0 f i bncs_client_runtime.obj
 0001:000065d0       ?values@?$QMap@VQString@@VcomplexType@@@@QBE?AV?$QValueList@VcomplexType@@@@XZ 100075d0 f i bncs_client_runtime.obj
 0001:000066f0       ?detach@?$QMap@VQString@@VcomplexType@@@@IAEXXZ 100076f0 f i bncs_client_runtime.obj
 0001:00006700       ??_G?$QPtrList@VsignalConnection@@@@UAEPAXI@Z 10007700 f i bncs_client_runtime.obj
 0001:00006700       ??_E?$QPtrList@VsignalConnection@@@@UAEPAXI@Z 10007700 f i bncs_client_runtime.obj
 0001:00006720       ??1?$QMapPrivate@VQString@@V1@@@QAE@XZ 10007720 f i bncs_client_runtime.obj
 0001:000067a0       ?remove@?$QMapPrivate@VQString@@VparamInfo@@@@QAEXV?$QMapIterator@VQString@@VparamInfo@@@@@Z 100077a0 f i bncs_client_runtime.obj
 0001:000067e0       ?remove@?$QMapPrivate@VQString@@VcomplexParam@@@@QAEXV?$QMapIterator@VQString@@VcomplexParam@@@@@Z 100077e0 f i bncs_client_runtime.obj
 0001:00006820       ?remove@?$QMapPrivate@VQString@@VcomplexInstance@@@@QAEXV?$QMapIterator@VQString@@VcomplexInstance@@@@@Z 10007820 f i bncs_client_runtime.obj
 0001:00006860       ?remove@?$QMapPrivate@VQString@@VinstanceInfo@@@@QAEXV?$QMapIterator@VQString@@VinstanceInfo@@@@@Z 10007860 f i bncs_client_runtime.obj
 0001:000068a0       ?remove@?$QMapPrivate@VQString@@VdeviceTypeInfo@@@@QAEXV?$QMapIterator@VQString@@VdeviceTypeInfo@@@@@Z 100078a0 f i bncs_client_runtime.obj
 0001:000068e0       ?begin@?$QMapPrivate@VQString@@VcomplexType@@@@QAE?AV?$QMapIterator@VQString@@VcomplexType@@@@XZ 100078e0 f i bncs_client_runtime.obj
 0001:000068e0       ?begin@?$QMapPrivate@VQString@@VparamInfo@@@@QAE?AV?$QMapIterator@VQString@@VparamInfo@@@@XZ 100078e0 f i bncs_client_runtime.obj
 0001:000068e0       ?begin@?$QMapPrivate@VQString@@VcomplexParam@@@@QAE?AV?$QMapIterator@VQString@@VcomplexParam@@@@XZ 100078e0 f i bncs_client_runtime.obj
 0001:000068e0       ?begin@?$QMapPrivate@VQString@@VcomplexInstance@@@@QAE?AV?$QMapIterator@VQString@@VcomplexInstance@@@@XZ 100078e0 f i bncs_client_runtime.obj
 0001:000068e0       ?begin@?$QMapPrivate@VQString@@VinstanceInfo@@@@QAE?AV?$QMapIterator@VQString@@VinstanceInfo@@@@XZ 100078e0 f i bncs_client_runtime.obj
 0001:000068e0       ?begin@?$QMapPrivate@VQString@@VdeviceTypeInfo@@@@QAE?AV?$QMapIterator@VQString@@VdeviceTypeInfo@@@@XZ 100078e0 f i bncs_client_runtime.obj
 0001:000068f0       ?remove@?$QMapPrivate@VQString@@VcomplexType@@@@QAEXV?$QMapIterator@VQString@@VcomplexType@@@@@Z 100078f0 f i bncs_client_runtime.obj
 0001:00006930       ??1?$QValueList@VparamInfo@@@@QAE@XZ 10007930 f i bncs_client_runtime.obj
 0001:00006930       ??1?$QValueList@VcomplexInstance@@@@QAE@XZ 10007930 f i bncs_client_runtime.obj
 0001:00006930       ??1?$QValueList@VinstanceInfo@@@@QAE@XZ 10007930 f i bncs_client_runtime.obj
 0001:00006930       ??1?$QValueList@VcomplexParam@@@@QAE@XZ 10007930 f i bncs_client_runtime.obj
 0001:00006930       ??1?$QValueList@VdeviceTypeInfo@@@@QAE@XZ 10007930 f i bncs_client_runtime.obj
 0001:00006930       ??1?$QValueList@VcomplexType@@@@QAE@XZ 10007930 f i bncs_client_runtime.obj
 0001:00006950       ??_G?$QMapNode@VQString@@V1@@@QAEPAXI@Z 10007950 f i bncs_client_runtime.obj
 0001:00006970       ??1?$QMapNode@VQString@@V1@@@QAE@XZ 10007970 f i bncs_client_runtime.obj
 0001:000069f0       ??1?$QMapNode@VQString@@VparamInfo@@@@QAE@XZ 100079f0 f i bncs_client_runtime.obj
 0001:00006a60       ??1?$QMapNode@VQString@@VcomplexParam@@@@QAE@XZ 10007a60 f i bncs_client_runtime.obj
 0001:00006ad0       ??1?$QMapNode@VQString@@VcomplexInstance@@@@QAE@XZ 10007ad0 f i bncs_client_runtime.obj
 0001:00006b40       ??1?$QMapNode@VQString@@VinstanceInfo@@@@QAE@XZ 10007b40 f i bncs_client_runtime.obj
 0001:00006bb0       ??1?$QMapNode@VQString@@VdeviceTypeInfo@@@@QAE@XZ 10007bb0 f i bncs_client_runtime.obj
 0001:00006c20       ??1?$QMapNode@VQString@@VcomplexType@@@@QAE@XZ 10007c20 f i bncs_client_runtime.obj
 0001:00006c90       ?end@?$QValueList@VparamInfo@@@@QAE?AV?$QValueListIterator@VparamInfo@@@@XZ 10007c90 f i bncs_client_runtime.obj
 0001:00006cc0       ?end@?$QValueList@VcomplexParam@@@@QAE?AV?$QValueListIterator@VcomplexParam@@@@XZ 10007cc0 f i bncs_client_runtime.obj
 0001:00006cf0       ?end@?$QValueList@VcomplexInstance@@@@QAE?AV?$QValueListIterator@VcomplexInstance@@@@XZ 10007cf0 f i bncs_client_runtime.obj
 0001:00006d20       ?end@?$QValueList@VinstanceInfo@@@@QAE?AV?$QValueListIterator@VinstanceInfo@@@@XZ 10007d20 f i bncs_client_runtime.obj
 0001:00006d50       ?end@?$QValueList@VdeviceTypeInfo@@@@QAE?AV?$QValueListIterator@VdeviceTypeInfo@@@@XZ 10007d50 f i bncs_client_runtime.obj
 0001:00006d80       ?end@?$QValueList@VcomplexType@@@@QAE?AV?$QValueListIterator@VcomplexType@@@@XZ 10007d80 f i bncs_client_runtime.obj
 0001:00006db0       ?deleteItem@?$QPtrList@VsignalConnection@@@@EAEXPAX@Z 10007db0 f i bncs_client_runtime.obj
 0001:00006de0       ??4?$QMap@VQString@@VparamInfo@@@@QAEAAV0@ABV0@@Z 10007de0 f i bncs_client_runtime.obj
 0001:00006ea0       ?insert@?$QMap@VQString@@VparamInfo@@@@QAE?AV?$QMapIterator@VQString@@VparamInfo@@@@ABVQString@@ABVparamInfo@@_N@Z 10007ea0 f i bncs_client_runtime.obj
 0001:00006fa0       ?insert@?$QMap@VQString@@VparamInfo@@@@QAE?AU?$QPair@V?$QMapIterator@VQString@@VparamInfo@@@@_N@@ABU?$QPair@$$CBVQString@@VparamInfo@@@@@Z 10007fa0 f i bncs_client_runtime.obj
 0001:00007080       ??A?$QMap@VQString@@VparamInfo@@@@QAEAAVparamInfo@@ABVQString@@@Z 10008080 f i bncs_client_runtime.obj
 0001:00007240       ?clear@?$QMap@VQString@@VparamInfo@@@@QAEXXZ 10008240 f i bncs_client_runtime.obj
 0001:000073a0       ?erase@?$QMap@VQString@@VparamInfo@@@@QAEXABVQString@@@Z 100083a0 f i bncs_client_runtime.obj
 0001:000073a0       ?remove@?$QMap@VQString@@VparamInfo@@@@QAEXABVQString@@@Z 100083a0 f i bncs_client_runtime.obj
 0001:00007430       ?detachInternal@?$QMap@VQString@@VparamInfo@@@@AAEXXZ 10008430 f i bncs_client_runtime.obj
 0001:00007610       ??4?$QMap@VQString@@VcomplexParam@@@@QAEAAV0@ABV0@@Z 10008610 f i bncs_client_runtime.obj
 0001:000076d0       ?insert@?$QMap@VQString@@VcomplexParam@@@@QAE?AV?$QMapIterator@VQString@@VcomplexParam@@@@ABVQString@@ABVcomplexParam@@_N@Z 100086d0 f i bncs_client_runtime.obj
 0001:000077e0       ?insert@?$QMap@VQString@@VcomplexParam@@@@QAE?AU?$QPair@V?$QMapIterator@VQString@@VcomplexParam@@@@_N@@ABU?$QPair@$$CBVQString@@VcomplexParam@@@@@Z 100087e0 f i bncs_client_runtime.obj
 0001:000078e0       ?count@?$QMap@VQString@@VcomplexParam@@@@QBEIABVQString@@@Z 100088e0 f i bncs_client_runtime.obj
 0001:00007990       ??A?$QMap@VQString@@VcomplexParam@@@@QAEAAVcomplexParam@@ABVQString@@@Z 10008990 f i bncs_client_runtime.obj
 0001:00007b60       ?clear@?$QMap@VQString@@VcomplexParam@@@@QAEXXZ 10008b60 f i bncs_client_runtime.obj
 0001:00007cc0       ?erase@?$QMap@VQString@@VcomplexParam@@@@QAEXABVQString@@@Z 10008cc0 f i bncs_client_runtime.obj
 0001:00007cc0       ?remove@?$QMap@VQString@@VcomplexParam@@@@QAEXABVQString@@@Z 10008cc0 f i bncs_client_runtime.obj
 0001:00007d50       ?detachInternal@?$QMap@VQString@@VcomplexParam@@@@AAEXXZ 10008d50 f i bncs_client_runtime.obj
 0001:00007f30       ??4?$QMap@VQString@@VcomplexInstance@@@@QAEAAV0@ABV0@@Z 10008f30 f i bncs_client_runtime.obj
 0001:00007ff0       ?insert@?$QMap@VQString@@VcomplexInstance@@@@QAE?AV?$QMapIterator@VQString@@VcomplexInstance@@@@ABVQString@@ABVcomplexInstance@@_N@Z 10008ff0 f i bncs_client_runtime.obj
 0001:00008150       ??_G?$QMapNode@VQString@@VcomplexParam@@@@QAEPAXI@Z 10009150 f i bncs_client_runtime.obj
 0001:00008170       ?insert@?$QMap@VQString@@VcomplexInstance@@@@QAE?AU?$QPair@V?$QMapIterator@VQString@@VcomplexInstance@@@@_N@@ABU?$QPair@$$CBVQString@@VcomplexInstance@@@@@Z 10009170 f i bncs_client_runtime.obj
 0001:000082c0       ?count@?$QMap@VQString@@VparamInfo@@@@QBEIABVQString@@@Z 100092c0 f i bncs_client_runtime.obj
 0001:000082c0       ?count@?$QMap@VQString@@VcomplexType@@@@QBEIABVQString@@@Z 100092c0 f i bncs_client_runtime.obj
 0001:000082c0       ?count@?$QMap@VQString@@VcomplexInstance@@@@QBEIABVQString@@@Z 100092c0 f i bncs_client_runtime.obj
 0001:00008370       ??A?$QMap@VQString@@VcomplexInstance@@@@QAEAAVcomplexInstance@@ABVQString@@@Z 10009370 f i bncs_client_runtime.obj
 0001:00008540       ?clear@?$QMap@VQString@@VcomplexInstance@@@@QAEXXZ 10009540 f i bncs_client_runtime.obj
 0001:000086a0       ?remove@?$QMap@VQString@@VcomplexInstance@@@@QAEXABVQString@@@Z 100096a0 f i bncs_client_runtime.obj
 0001:000086a0       ?erase@?$QMap@VQString@@VcomplexInstance@@@@QAEXABVQString@@@Z 100096a0 f i bncs_client_runtime.obj
 0001:00008730       ?detachInternal@?$QMap@VQString@@VcomplexInstance@@@@AAEXXZ 10009730 f i bncs_client_runtime.obj
 0001:00008910       ??4?$QMap@VQString@@VinstanceInfo@@@@QAEAAV0@ABV0@@Z 10009910 f i bncs_client_runtime.obj
 0001:000089d0       ?insert@?$QMap@VQString@@VinstanceInfo@@@@QAE?AV?$QMapIterator@VQString@@VinstanceInfo@@@@ABVQString@@ABVinstanceInfo@@_N@Z 100099d0 f i bncs_client_runtime.obj
 0001:00008b50       ?insert@?$QMap@VQString@@VinstanceInfo@@@@QAE?AU?$QPair@V?$QMapIterator@VQString@@VinstanceInfo@@@@_N@@ABU?$QPair@$$CBVQString@@VinstanceInfo@@@@@Z 10009b50 f i bncs_client_runtime.obj
 0001:00008cc0       ?count@?$QMap@VQString@@VinstanceInfo@@@@QBEIABVQString@@@Z 10009cc0 f i bncs_client_runtime.obj
 0001:00008d70       ??A?$QMap@VQString@@VinstanceInfo@@@@QAEAAVinstanceInfo@@ABVQString@@@Z 10009d70 f i bncs_client_runtime.obj
 0001:00008f40       ?clear@?$QMap@VQString@@VinstanceInfo@@@@QAEXXZ 10009f40 f i bncs_client_runtime.obj
 0001:000090a0       ?erase@?$QMap@VQString@@VinstanceInfo@@@@QAEXABVQString@@@Z 1000a0a0 f i bncs_client_runtime.obj
 0001:000090a0       ?remove@?$QMap@VQString@@VinstanceInfo@@@@QAEXABVQString@@@Z 1000a0a0 f i bncs_client_runtime.obj
 0001:00009130       ?detachInternal@?$QMap@VQString@@VinstanceInfo@@@@AAEXXZ 1000a130 f i bncs_client_runtime.obj
 0001:00009310       ??4?$QMap@VQString@@VdeviceTypeInfo@@@@QAEAAV0@ABV0@@Z 1000a310 f i bncs_client_runtime.obj
 0001:000093d0       ?insert@?$QMap@VQString@@VdeviceTypeInfo@@@@QAE?AV?$QMapIterator@VQString@@VdeviceTypeInfo@@@@ABVQString@@ABVdeviceTypeInfo@@_N@Z 1000a3d0 f i bncs_client_runtime.obj
 0001:00009540       ??_G?$QMapNode@VQString@@VparamInfo@@@@QAEPAXI@Z 1000a540 f i bncs_client_runtime.obj
 0001:00009560       ?insert@?$QMap@VQString@@VdeviceTypeInfo@@@@QAE?AU?$QPair@V?$QMapIterator@VQString@@VdeviceTypeInfo@@@@_N@@ABU?$QPair@$$CBVQString@@VdeviceTypeInfo@@@@@Z 1000a560 f i bncs_client_runtime.obj
 0001:000096c0       ?count@?$QMap@VQString@@VdeviceTypeInfo@@@@QBEIABVQString@@@Z 1000a6c0 f i bncs_client_runtime.obj
 0001:00009770       ??A?$QMap@VQString@@VdeviceTypeInfo@@@@QAEAAVdeviceTypeInfo@@ABVQString@@@Z 1000a770 f i bncs_client_runtime.obj
 0001:00009940       ?clear@?$QMap@VQString@@VdeviceTypeInfo@@@@QAEXXZ 1000a940 f i bncs_client_runtime.obj
 0001:00009aa0       ?remove@?$QMap@VQString@@VdeviceTypeInfo@@@@QAEXABVQString@@@Z 1000aaa0 f i bncs_client_runtime.obj
 0001:00009aa0       ?erase@?$QMap@VQString@@VdeviceTypeInfo@@@@QAEXABVQString@@@Z 1000aaa0 f i bncs_client_runtime.obj
 0001:00009b30       ?detachInternal@?$QMap@VQString@@VdeviceTypeInfo@@@@AAEXXZ 1000ab30 f i bncs_client_runtime.obj
 0001:00009d10       ??4?$QMap@VQString@@VcomplexType@@@@QAEAAV0@ABV0@@Z 1000ad10 f i bncs_client_runtime.obj
 0001:00009dd0       ?insert@?$QMap@VQString@@VcomplexType@@@@QAE?AV?$QMapIterator@VQString@@VcomplexType@@@@ABVQString@@ABVcomplexType@@_N@Z 1000add0 f i bncs_client_runtime.obj
 0001:00009f30       ??_G?$QMapNode@VQString@@VcomplexInstance@@@@QAEPAXI@Z 1000af30 f i bncs_client_runtime.obj
 0001:00009f50       ?insert@?$QMap@VQString@@VcomplexType@@@@QAE?AU?$QPair@V?$QMapIterator@VQString@@VcomplexType@@@@_N@@ABU?$QPair@$$CBVQString@@VcomplexType@@@@@Z 1000af50 f i bncs_client_runtime.obj
 0001:0000a0a0       ?remove@?$QMap@VQString@@VcomplexType@@@@QAEXABVQString@@@Z 1000b0a0 f i bncs_client_runtime.obj
 0001:0000a0a0       ?erase@?$QMap@VQString@@VcomplexType@@@@QAEXABVQString@@@Z 1000b0a0 f i bncs_client_runtime.obj
 0001:0000a130       ??A?$QMap@VQString@@VcomplexType@@@@QAEAAVcomplexType@@ABVQString@@@Z 1000b130 f i bncs_client_runtime.obj
 0001:0000a300       ?clear@?$QMap@VQString@@VcomplexType@@@@QAEXXZ 1000b300 f i bncs_client_runtime.obj
 0001:0000a460       ?detachInternal@?$QMap@VQString@@VcomplexType@@@@AAEXXZ 1000b460 f i bncs_client_runtime.obj
 0001:0000a640       ??0?$QValueListPrivate@VQString@@@@QAE@XZ 1000b640 f i bncs_client_runtime.obj
 0001:0000a6e0       ??_E?$QValueListNode@VQString@@@@UAEPAXI@Z 1000b6e0 f i bncs_client_runtime.obj
 0001:0000a6e0       ??_G?$QValueListNode@VQString@@@@UAEPAXI@Z 1000b6e0 f i bncs_client_runtime.obj
 0001:0000a700       ??1?$QValueListNode@VQString@@@@UAE@XZ 1000b700 f i bncs_client_runtime.obj
 0001:0000a730       ?insert@?$QValueListPrivate@VQString@@@@QAE?AV?$QValueListIterator@VQString@@@@V2@ABVQString@@@Z 1000b730 f i bncs_client_runtime.obj
 0001:0000a7b0       ??0?$QMapPrivate@VQString@@V1@@@QAE@XZ 1000b7b0 f i bncs_client_runtime.obj
 0001:0000a860       ?clear@?$QMapPrivate@VQString@@V1@@@QAEXXZ 1000b860 f i bncs_client_runtime.obj
 0001:0000a8d0       ?find@?$QMapPrivate@VQString@@V1@@@QBE?AV?$QMapConstIterator@VQString@@V1@@@ABVQString@@@Z 1000b8d0 f i bncs_client_runtime.obj
 0001:0000a940       ?detachInternal@?$QValueList@VparamInfo@@@@AAEXXZ 1000b940 f i bncs_client_runtime.obj
 0001:0000aa50       ?detachInternal@?$QValueList@VcomplexParam@@@@AAEXXZ 1000ba50 f i bncs_client_runtime.obj
 0001:0000ab60       ?inc@?$QMapConstIterator@VQString@@VcomplexParam@@@@AAEHXZ 1000bb60 f i bncs_client_runtime.obj
 0001:0000ab60       ?inc@?$QMapConstIterator@VQString@@VparamInfo@@@@AAEHXZ 1000bb60 f i bncs_client_runtime.obj
 0001:0000ab60       ?inc@?$QMapConstIterator@VQString@@VcomplexType@@@@AAEHXZ 1000bb60 f i bncs_client_runtime.obj
 0001:0000ab60       ?inc@?$QMapConstIterator@VQString@@VinstanceInfo@@@@AAEHXZ 1000bb60 f i bncs_client_runtime.obj
 0001:0000ab60       ?inc@?$QMapConstIterator@VQString@@VcomplexInstance@@@@AAEHXZ 1000bb60 f i bncs_client_runtime.obj
 0001:0000ab60       ?inc@?$QMapConstIterator@VQString@@VdeviceTypeInfo@@@@AAEHXZ 1000bb60 f i bncs_client_runtime.obj
 0001:0000aba0       ?detachInternal@?$QValueList@VcomplexInstance@@@@AAEXXZ 1000bba0 f i bncs_client_runtime.obj
 0001:0000acb0       ?detachInternal@?$QValueList@VinstanceInfo@@@@AAEXXZ 1000bcb0 f i bncs_client_runtime.obj
 0001:0000adc0       ?detachInternal@?$QValueList@VdeviceTypeInfo@@@@AAEXXZ 1000bdc0 f i bncs_client_runtime.obj
 0001:0000aed0       ?detachInternal@?$QValueList@VcomplexType@@@@AAEXXZ 1000bed0 f i bncs_client_runtime.obj
 0001:0000afe0       ??0?$QValueListPrivate@VparamInfo@@@@QAE@XZ 1000bfe0 f i bncs_client_runtime.obj
 0001:0000b070       ?insert@?$QValueListPrivate@VparamInfo@@@@QAE?AV?$QValueListIterator@VparamInfo@@@@V2@ABVparamInfo@@@Z 1000c070 f i bncs_client_runtime.obj
 0001:0000b0d0       ??0?$QValueListPrivate@VcomplexParam@@@@QAE@XZ 1000c0d0 f i bncs_client_runtime.obj
 0001:0000b160       ?insert@?$QValueListPrivate@VcomplexParam@@@@QAE?AV?$QValueListIterator@VcomplexParam@@@@V2@ABVcomplexParam@@@Z 1000c160 f i bncs_client_runtime.obj
 0001:0000b210       ??0?$QValueListPrivate@VcomplexInstance@@@@QAE@XZ 1000c210 f i bncs_client_runtime.obj
 0001:0000b2a0       ?insert@?$QValueListPrivate@VcomplexInstance@@@@QAE?AV?$QValueListIterator@VcomplexInstance@@@@V2@ABVcomplexInstance@@@Z 1000c2a0 f i bncs_client_runtime.obj
 0001:0000b300       ??0?$QValueListPrivate@VinstanceInfo@@@@QAE@XZ 1000c300 f i bncs_client_runtime.obj
 0001:0000b390       ?insert@?$QValueListPrivate@VinstanceInfo@@@@QAE?AV?$QValueListIterator@VinstanceInfo@@@@V2@ABVinstanceInfo@@@Z 1000c390 f i bncs_client_runtime.obj
 0001:0000b480       ??0?$QValueListPrivate@VdeviceTypeInfo@@@@QAE@XZ 1000c480 f i bncs_client_runtime.obj
 0001:0000b510       ?insert@?$QValueListPrivate@VdeviceTypeInfo@@@@QAE?AV?$QValueListIterator@VdeviceTypeInfo@@@@V2@ABVdeviceTypeInfo@@@Z 1000c510 f i bncs_client_runtime.obj
 0001:0000b580       ??0?$QValueListPrivate@VcomplexType@@@@QAE@XZ 1000c580 f i bncs_client_runtime.obj
 0001:0000b610       ?insert@?$QValueListPrivate@VcomplexType@@@@QAE?AV?$QValueListIterator@VcomplexType@@@@V2@ABVcomplexType@@@Z 1000c610 f i bncs_client_runtime.obj
 0001:0000b670       ??_E?$QValueListPrivate@VQString@@@@UAEPAXI@Z 1000c670 f i bncs_client_runtime.obj
 0001:0000b670       ??_G?$QValueListPrivate@VQString@@@@UAEPAXI@Z 1000c670 f i bncs_client_runtime.obj
 0001:0000b6c0       ??_E?$QValueListPrivate@VparamInfo@@@@UAEPAXI@Z 1000c6c0 f i bncs_client_runtime.obj
 0001:0000b6c0       ??_G?$QValueListPrivate@VparamInfo@@@@UAEPAXI@Z 1000c6c0 f i bncs_client_runtime.obj
 0001:0000b710       ??_E?$QValueListPrivate@VcomplexParam@@@@UAEPAXI@Z 1000c710 f i bncs_client_runtime.obj
 0001:0000b710       ??_G?$QValueListPrivate@VcomplexParam@@@@UAEPAXI@Z 1000c710 f i bncs_client_runtime.obj
 0001:0000b760       ??_E?$QValueListPrivate@VcomplexInstance@@@@UAEPAXI@Z 1000c760 f i bncs_client_runtime.obj
 0001:0000b760       ??_G?$QValueListPrivate@VcomplexInstance@@@@UAEPAXI@Z 1000c760 f i bncs_client_runtime.obj
 0001:0000b7b0       ??_E?$QValueListPrivate@VinstanceInfo@@@@UAEPAXI@Z 1000c7b0 f i bncs_client_runtime.obj
 0001:0000b7b0       ??_G?$QValueListPrivate@VinstanceInfo@@@@UAEPAXI@Z 1000c7b0 f i bncs_client_runtime.obj
 0001:0000b800       ??_E?$QValueListPrivate@VdeviceTypeInfo@@@@UAEPAXI@Z 1000c800 f i bncs_client_runtime.obj
 0001:0000b800       ??_G?$QValueListPrivate@VdeviceTypeInfo@@@@UAEPAXI@Z 1000c800 f i bncs_client_runtime.obj
 0001:0000b850       ??_G?$QValueListPrivate@VcomplexType@@@@UAEPAXI@Z 1000c850 f i bncs_client_runtime.obj
 0001:0000b850       ??_E?$QValueListPrivate@VcomplexType@@@@UAEPAXI@Z 1000c850 f i bncs_client_runtime.obj
 0001:0000b8a0       ??_E?$QValueListNode@VparamInfo@@@@UAEPAXI@Z 1000c8a0 f i bncs_client_runtime.obj
 0001:0000b8a0       ??_G?$QValueListNode@VparamInfo@@@@UAEPAXI@Z 1000c8a0 f i bncs_client_runtime.obj
 0001:0000b8c0       ??1?$QValueListNode@VparamInfo@@@@UAE@XZ 1000c8c0 f i bncs_client_runtime.obj
 0001:0000b8d0       ??_E?$QValueListNode@VcomplexParam@@@@UAEPAXI@Z 1000c8d0 f i bncs_client_runtime.obj
 0001:0000b8d0       ??_G?$QValueListNode@VcomplexParam@@@@UAEPAXI@Z 1000c8d0 f i bncs_client_runtime.obj
 0001:0000b8f0       ??1?$QValueListNode@VcomplexParam@@@@UAE@XZ 1000c8f0 f i bncs_client_runtime.obj
 0001:0000b900       ??_G?$QValueListNode@VcomplexInstance@@@@UAEPAXI@Z 1000c900 f i bncs_client_runtime.obj
 0001:0000b900       ??_E?$QValueListNode@VcomplexInstance@@@@UAEPAXI@Z 1000c900 f i bncs_client_runtime.obj
 0001:0000b920       ??1?$QValueListNode@VcomplexInstance@@@@UAE@XZ 1000c920 f i bncs_client_runtime.obj
 0001:0000b930       ??_E?$QValueListNode@VinstanceInfo@@@@UAEPAXI@Z 1000c930 f i bncs_client_runtime.obj
 0001:0000b930       ??_G?$QValueListNode@VinstanceInfo@@@@UAEPAXI@Z 1000c930 f i bncs_client_runtime.obj
 0001:0000b950       ??1?$QValueListNode@VinstanceInfo@@@@UAE@XZ 1000c950 f i bncs_client_runtime.obj
 0001:0000b960       ??_G?$QValueListNode@VdeviceTypeInfo@@@@UAEPAXI@Z 1000c960 f i bncs_client_runtime.obj
 0001:0000b960       ??_E?$QValueListNode@VdeviceTypeInfo@@@@UAEPAXI@Z 1000c960 f i bncs_client_runtime.obj
 0001:0000b980       ??1?$QValueListNode@VdeviceTypeInfo@@@@UAE@XZ 1000c980 f i bncs_client_runtime.obj
 0001:0000b990       ??_G?$QValueListNode@VcomplexType@@@@UAEPAXI@Z 1000c990 f i bncs_client_runtime.obj
 0001:0000b990       ??_E?$QValueListNode@VcomplexType@@@@UAEPAXI@Z 1000c990 f i bncs_client_runtime.obj
 0001:0000b9b0       ??1?$QValueListNode@VcomplexType@@@@UAE@XZ 1000c9b0 f i bncs_client_runtime.obj
 0001:0000b9c0       ??0?$QValueListPrivate@VQString@@@@QAE@ABV0@@Z 1000c9c0 f i bncs_client_runtime.obj
 0001:0000baa0       ?clear@?$QMapPrivate@VQString@@V1@@@QAEXPAU?$QMapNode@VQString@@V1@@@@Z 1000caa0 f i bncs_client_runtime.obj
 0001:0000bae0       ??0?$QMapPrivate@VQString@@VparamInfo@@@@QAE@PBV0@@Z 1000cae0 f i bncs_client_runtime.obj
 0001:0000bc80       ?clear@?$QMapPrivate@VQString@@VparamInfo@@@@QAEXPAU?$QMapNode@VQString@@VparamInfo@@@@@Z 1000cc80 f i bncs_client_runtime.obj
 0001:0000bcc0       ??0?$QMapPrivate@VQString@@VcomplexParam@@@@QAE@PBV0@@Z 1000ccc0 f i bncs_client_runtime.obj
 0001:0000be60       ?clear@?$QMapPrivate@VQString@@VcomplexParam@@@@QAEXPAU?$QMapNode@VQString@@VcomplexParam@@@@@Z 1000ce60 f i bncs_client_runtime.obj
 0001:0000bea0       ??0?$QMapPrivate@VQString@@VcomplexInstance@@@@QAE@PBV0@@Z 1000cea0 f i bncs_client_runtime.obj
 0001:0000c040       ?clear@?$QMapPrivate@VQString@@VcomplexInstance@@@@QAEXPAU?$QMapNode@VQString@@VcomplexInstance@@@@@Z 1000d040 f i bncs_client_runtime.obj
 0001:0000c080       ??0?$QMapPrivate@VQString@@VinstanceInfo@@@@QAE@PBV0@@Z 1000d080 f i bncs_client_runtime.obj
 0001:0000c220       ?clear@?$QMapPrivate@VQString@@VinstanceInfo@@@@QAEXPAU?$QMapNode@VQString@@VinstanceInfo@@@@@Z 1000d220 f i bncs_client_runtime.obj
 0001:0000c260       ??0?$QMapPrivate@VQString@@VdeviceTypeInfo@@@@QAE@PBV0@@Z 1000d260 f i bncs_client_runtime.obj
 0001:0000c400       ?clear@?$QMapPrivate@VQString@@VdeviceTypeInfo@@@@QAEXPAU?$QMapNode@VQString@@VdeviceTypeInfo@@@@@Z 1000d400 f i bncs_client_runtime.obj
 0001:0000c440       ??0?$QMapPrivate@VQString@@VcomplexType@@@@QAE@PBV0@@Z 1000d440 f i bncs_client_runtime.obj
 0001:0000c5e0       ?clear@?$QMapPrivate@VQString@@VcomplexType@@@@QAEXPAU?$QMapNode@VQString@@VcomplexType@@@@@Z 1000d5e0 f i bncs_client_runtime.obj
 0001:0000c620       ??0?$QValueListPrivate@VparamInfo@@@@QAE@ABV0@@Z 1000d620 f i bncs_client_runtime.obj
 0001:0000c6f0       ??0?$QValueListPrivate@VcomplexParam@@@@QAE@ABV0@@Z 1000d6f0 f i bncs_client_runtime.obj
 0001:0000c7c0       ??0?$QValueListPrivate@VcomplexInstance@@@@QAE@ABV0@@Z 1000d7c0 f i bncs_client_runtime.obj
 0001:0000c890       ??0?$QValueListPrivate@VinstanceInfo@@@@QAE@ABV0@@Z 1000d890 f i bncs_client_runtime.obj
 0001:0000c960       ??0?$QValueListPrivate@VdeviceTypeInfo@@@@QAE@ABV0@@Z 1000d960 f i bncs_client_runtime.obj
 0001:0000ca30       ??0?$QValueListPrivate@VcomplexType@@@@QAE@ABV0@@Z 1000da30 f i bncs_client_runtime.obj
 0001:0000cb00       ??0?$QValueListIterator@VcomplexType@@@@QAE@ABV0@@Z 1000db00 f i bncs_client_runtime.obj
 0001:0000cb00       ??0?$QValueListIterator@VdeviceTypeInfo@@@@QAE@ABV0@@Z 1000db00 f i bncs_client_runtime.obj
 0001:0000cb00       ??0?$QValueListIterator@VcomplexParam@@@@QAE@ABV0@@Z 1000db00 f i bncs_client_runtime.obj
 0001:0000cb00       ??0?$QValueListIterator@VparamInfo@@@@QAE@ABV0@@Z 1000db00 f i bncs_client_runtime.obj
 0001:0000cb00       ??0?$QValueListIterator@VinstanceInfo@@@@QAE@ABV0@@Z 1000db00 f i bncs_client_runtime.obj
 0001:0000cb00       ??0?$QValueListIterator@VcomplexInstance@@@@QAE@ABV0@@Z 1000db00 f i bncs_client_runtime.obj
 0001:0000cb10       ?copy@?$QMapPrivate@VQString@@VparamInfo@@@@QAEPAU?$QMapNode@VQString@@VparamInfo@@@@PAU2@@Z 1000db10 f i bncs_client_runtime.obj
 0001:0000cc20       ?insert@?$QMapPrivate@VQString@@VparamInfo@@@@QAE?AV?$QMapIterator@VQString@@VparamInfo@@@@PAUQMapNodeBase@@0ABVQString@@@Z 1000dc20 f i bncs_client_runtime.obj
 0001:0000cd30       ?copy@?$QMapPrivate@VQString@@VcomplexParam@@@@QAEPAU?$QMapNode@VQString@@VcomplexParam@@@@PAU2@@Z 1000dd30 f i bncs_client_runtime.obj
 0001:0000ce40       ?insert@?$QMapPrivate@VQString@@VcomplexParam@@@@QAE?AV?$QMapIterator@VQString@@VcomplexParam@@@@PAUQMapNodeBase@@0ABVQString@@@Z 1000de40 f i bncs_client_runtime.obj
 0001:0000cf50       ?copy@?$QMapPrivate@VQString@@VcomplexInstance@@@@QAEPAU?$QMapNode@VQString@@VcomplexInstance@@@@PAU2@@Z 1000df50 f i bncs_client_runtime.obj
 0001:0000d120       ?insert@?$QMapPrivate@VQString@@VcomplexInstance@@@@QAE?AV?$QMapIterator@VQString@@VcomplexInstance@@@@PAUQMapNodeBase@@0ABVQString@@@Z 1000e120 f i bncs_client_runtime.obj
 0001:0000d230       ?copy@?$QMapPrivate@VQString@@VinstanceInfo@@@@QAEPAU?$QMapNode@VQString@@VinstanceInfo@@@@PAU2@@Z 1000e230 f i bncs_client_runtime.obj
 0001:0000d460       ?insert@?$QMapPrivate@VQString@@VinstanceInfo@@@@QAE?AV?$QMapIterator@VQString@@VinstanceInfo@@@@PAUQMapNodeBase@@0ABVQString@@@Z 1000e460 f i bncs_client_runtime.obj
 0001:0000d570       ?copy@?$QMapPrivate@VQString@@VdeviceTypeInfo@@@@QAEPAU?$QMapNode@VQString@@VdeviceTypeInfo@@@@PAU2@@Z 1000e570 f i bncs_client_runtime.obj
 0001:0000d750       ?insert@?$QMapPrivate@VQString@@VdeviceTypeInfo@@@@QAE?AV?$QMapIterator@VQString@@VdeviceTypeInfo@@@@PAUQMapNodeBase@@0ABVQString@@@Z 1000e750 f i bncs_client_runtime.obj
 0001:0000d860       ?dec@?$QMapIterator@VQString@@VcomplexInstance@@@@AAEHXZ 1000e860 f i bncs_client_runtime.obj
 0001:0000d860       ?dec@?$QMapIterator@VQString@@VparamInfo@@@@AAEHXZ 1000e860 f i bncs_client_runtime.obj
 0001:0000d860       ?dec@?$QMapIterator@VQString@@VcomplexType@@@@AAEHXZ 1000e860 f i bncs_client_runtime.obj
 0001:0000d860       ?dec@?$QMapIterator@VQString@@VcomplexParam@@@@AAEHXZ 1000e860 f i bncs_client_runtime.obj
 0001:0000d860       ?dec@?$QMapIterator@VQString@@VinstanceInfo@@@@AAEHXZ 1000e860 f i bncs_client_runtime.obj
 0001:0000d860       ?dec@?$QMapIterator@VQString@@VdeviceTypeInfo@@@@AAEHXZ 1000e860 f i bncs_client_runtime.obj
 0001:0000d8b0       ?copy@?$QMapPrivate@VQString@@VcomplexType@@@@QAEPAU?$QMapNode@VQString@@VcomplexType@@@@PAU2@@Z 1000e8b0 f i bncs_client_runtime.obj
 0001:0000da80       ?insert@?$QMapPrivate@VQString@@VcomplexType@@@@QAE?AV?$QMapIterator@VQString@@VcomplexType@@@@PAUQMapNodeBase@@0ABVQString@@@Z 1000ea80 f i bncs_client_runtime.obj
 0001:0000db90       ??_Ebncs_client_runtime@@WCI@AEPAXI@Z 1000eb90 f i bncs_client_runtime.obj
 0001:0000dba0       ?WndProc@ccTimer@@CGJPAUHWND__@@IIJ@Z 1000eba0 f   ccTimer.obj
 0001:0000dca0       ??1?$map@HVccTimerClient@@U?$less@H@std@@V?$allocator@VccTimerClient@@@3@@std@@QAE@XZ 1000eca0 f i ccTimer.obj
 0001:0000dd90       ?timerFired@ccTimer@@AAEXH@Z 1000ed90 f   ccTimer.obj
 0001:0000ddf0       ??0ccTimer@@QAE@PAVIccTimerCallback@@@Z 1000edf0 f   ccTimer.obj
 0001:0000def0       ??_EccTimer@@UAEPAXI@Z     1000eef0 f i ccTimer.obj
 0001:0000def0       ??_GccTimer@@UAEPAXI@Z     1000eef0 f i ccTimer.obj
 0001:0000df10       ??1ccTimer@@UAE@XZ         1000ef10 f   ccTimer.obj
 0001:0000e000       ?timerStart@ccTimer@@QAEHHH@Z 1000f000 f   ccTimer.obj
 0001:0000e240       ?timerStop@ccTimer@@QAEHH@Z 1000f240 f   ccTimer.obj
 0001:0000e2f0       ?showLastError@ccTimer@@CAXPAD@Z 1000f2f0 f   ccTimer.obj
 0001:0000e3e0       ??0?$map@HVccTimerClient@@U?$less@H@std@@V?$allocator@VccTimerClient@@@3@@std@@QAE@ABU?$less@H@1@ABV?$allocator@VccTimerClient@@@1@@Z 1000f3e0 f i ccTimer.obj
 0001:0000e490       ?begin@?$_Tree@HU?$pair@$$CBHVccTimerClient@@@std@@U_Kfn@?$map@HVccTimerClient@@U?$less@H@std@@V?$allocator@VccTimerClient@@@3@@2@U?$less@H@2@V?$allocator@VccTimerClient@@@2@@std@@QAE?AViterator@12@XZ 1000f490 f i ccTimer.obj
 0001:0000e4a0       ?erase@?$_Tree@HU?$pair@$$CBHVccTimerClient@@@std@@U_Kfn@?$map@HVccTimerClient@@U?$less@H@std@@V?$allocator@VccTimerClient@@@3@@2@U?$less@H@2@V?$allocator@VccTimerClient@@@2@@std@@QAE?AViterator@12@V312@@Z 1000f4a0 f i ccTimer.obj
 0001:0000e8a0       ?_Inc@const_iterator@?$_Tree@HU?$pair@$$CBHVccTimerClient@@@std@@U_Kfn@?$map@HVccTimerClient@@U?$less@H@std@@V?$allocator@VccTimerClient@@@3@@2@U?$less@H@2@V?$allocator@VccTimerClient@@@2@@std@@QAEXXZ 1000f8a0 f i ccTimer.obj
 0001:0000e8f0       ??0?$pair@Viterator@?$_Tree@HU?$pair@$$CBHVccTimerClient@@@std@@U_Kfn@?$map@HVccTimerClient@@U?$less@H@std@@V?$allocator@VccTimerClient@@@3@@2@U?$less@H@2@V?$allocator@VccTimerClient@@@2@@std@@_N@std@@QAE@ABViterator@?$_Tree@HU?$pair@$$CBHVccTimerClient@@@std@@U_Kfn@?$map@HVccTimerClient@@U?$less@H@std@@V?$allocator@VccTimerClient@@@3@@2@U?$less@H@2@V?$allocator@VccTimerClient@@@2@@1@AB_N@Z 1000f8f0 f i ccTimer.obj
 0001:0000e910       ?_Erase@?$_Tree@HU?$pair@$$CBHVccTimerClient@@@std@@U_Kfn@?$map@HVccTimerClient@@U?$less@H@std@@V?$allocator@VccTimerClient@@@3@@2@U?$less@H@2@V?$allocator@VccTimerClient@@@2@@std@@IAEXPAU_Node@12@@Z 1000f910 f i ccTimer.obj
 0001:0000e950       ?_Insert@?$_Tree@HU?$pair@$$CBHVccTimerClient@@@std@@U_Kfn@?$map@HVccTimerClient@@U?$less@H@std@@V?$allocator@VccTimerClient@@@3@@2@U?$less@H@2@V?$allocator@VccTimerClient@@@2@@std@@IAE?AViterator@12@PAU_Node@12@0ABU?$pair@$$CBHVccTimerClient@@@2@@Z 1000f950 f i ccTimer.obj
 0001:0000ebc0       ?_Min@?$_Tree@HU?$pair@$$CBHVccTimerClient@@@std@@U_Kfn@?$map@HVccTimerClient@@U?$less@H@std@@V?$allocator@VccTimerClient@@@3@@2@U?$less@H@2@V?$allocator@VccTimerClient@@@2@@std@@KAPAU_Node@12@PAU312@@Z 1000fbc0 f i ccTimer.obj
 0001:0000ebe0       ?_Lbound@?$_Tree@HU?$pair@$$CBHVccTimerClient@@@std@@U_Kfn@?$map@HVccTimerClient@@U?$less@H@std@@V?$allocator@VccTimerClient@@@3@@2@U?$less@H@2@V?$allocator@VccTimerClient@@@2@@std@@IBEPAU_Node@12@ABH@Z 1000fbe0 f i ccTimer.obj
 0001:0000ec10       ?_Dec@const_iterator@?$_Tree@HU?$pair@$$CBHVccTimerClient@@@std@@U_Kfn@?$map@HVccTimerClient@@U?$less@H@std@@V?$allocator@VccTimerClient@@@3@@2@U?$less@H@2@V?$allocator@VccTimerClient@@@2@@std@@QAEXXZ 1000fc10 f i ccTimer.obj
 0001:0000ec70       ?_Construct@std@@YAXPAU?$pair@$$CBHVccTimerClient@@@1@ABU21@@Z 1000fc70 f i ccTimer.obj
 0001:0000ec90       ??0connectionDebugDlg@@QAE@PAVQWidget@@PBD_NI@Z 1000fc90 f   connectiondebugdlgimpl.obj
 0001:0000ed50       ?metaObject@connectionDebugDlg@@UBEPAVQMetaObject@@XZ 1000fd50 f i connectiondebugdlgimpl.obj
 0001:0000ed60       ??_EconnectionDebugDlg@@UAEPAXI@Z 1000fd60 f i connectiondebugdlgimpl.obj
 0001:0000ed60       ??_GconnectionDebugDlg@@UAEPAXI@Z 1000fd60 f i connectiondebugdlgimpl.obj
 0001:0000ed80       ??1connectionDebugDlg@@UAE@XZ 1000fd80 f   connectiondebugdlgimpl.obj
 0001:0000eda0       ?debug@connectionDebugDlg@@QAEXABVQString@@@Z 1000fda0 f   connectiondebugdlgimpl.obj
 0001:0000edd0       ?doButtonClear@connectionDebugDlg@@QAEXXZ 1000fdd0 f   connectiondebugdlgimpl.obj
 0001:0000ede0       ?scrollToBottom@connectionDebugDlg@@QAEX_N@Z 1000fde0 f   connectiondebugdlgimpl.obj
 0001:0000ee00       ??_EconnectionDebugDlg@@WCI@AEPAXI@Z 1000fe00 f i connectiondebugdlgimpl.obj
 0001:0000ee60       ??0dCW@@QAE@XZ             1000fe60 f   dCW.obj
 0001:0000efc0       ??1dCW@@UAE@XZ             1000ffc0 f   dCW.obj
 0001:0000f150       ?clearCache@dCW@@SAXXZ     10010150 f   dCW.obj
 0001:0000f160       ?parseXML@dCW@@QAEPAVQWidget@@AAVQDomDocument@@PAV2@VQPoint@@_N3VQString@@@Z 10010160 f   dCW.obj
 0001:0000f200       ?parseXML@dCW@@QAEPAVQWidget@@AAVQDomDocument@@PAV2@VQPoint@@_N33VQString@@@Z 10010200 f   dCW.obj
 0001:000130f0       ?round@dCW@@QAEHN@Z        100140f0 f   dCW.obj
 0001:00013130       ?create@dCW@@QAEPAVQWidget@@ABVQString@@PAVQObject@@PAV2@PBD_N4NN44@Z 10014130 f   dCW.obj
 0001:00013e60       ??_EQDomDocument@@UAEPAXI@Z 10014e60 f i dCW.obj
 0001:00013e60       ??_GQDomDocument@@UAEPAXI@Z 10014e60 f i dCW.obj
 0001:00013e80       ?checkNameUnique@dCW@@SA_NPAVQWidget@@ABVQString@@AAV3@@Z 10014e80 f   dCW.obj
 0001:00014230       ?enableCache@dCW@@SAX_N@Z  10015230 f   dCW.obj
 0001:00014250       ?connectionList@dCW@@QAE?AVsignalConnectionRefList@@XZ 10015250 f   dCW.obj
 0001:00014280       ?name@dCW@@QAE?AVQString@@XZ 10015280 f   dCW.obj
 0001:000142b0       ?setDesignTime@dCW@@SAX_N@Z 100152b0 f   dCW.obj
 0001:000142c0       ?isDesignTime@dCW@@SA_NXZ  100152c0 f   dCW.obj
 0001:000142d0       ?developerMode@dCW@@SA_NXZ 100152d0 f   dCW.obj
 0001:000143b0       ?createWidget@dCW@@QAEPAVQWidget@@ABVQString@@PAV2@0HHHH@Z 100153b0 f   dCW.obj
 0001:000145d0       ??0?$QCache@VQDomDocument@@@@QAE@HH_N@Z 100155d0 f i dCW.obj
 0001:00014600       ??1?$QCache@VQDomDocument@@@@UAE@XZ 10015600 f i dCW.obj
 0001:00014660       ?count@?$QCache@VQDomDocument@@@@UBEIXZ 10015660 f i dCW.obj
 0001:00014670       ?clear@?$QCache@VQDomDocument@@@@UAEXXZ 10015670 f i dCW.obj
 0001:00014680       ??_E?$QCache@VQDomDocument@@@@UAEPAXI@Z 10015680 f i dCW.obj
 0001:00014680       ??_G?$QCache@VQDomDocument@@@@UAEPAXI@Z 10015680 f i dCW.obj
 0001:000146a0       ?deleteItem@?$QCache@VQDomDocument@@@@EAEXPAX@Z 100156a0 f i dCW.obj
 0001:000146c0       ?at@?$QValueListPrivate@VQString@@@@QBEPAV?$QValueListNode@VQString@@@@I@Z 100156c0 f i dCW.obj
 0001:00014700       ??0notifyWrangler@@QAE@ABVQString@@0ABVQWidgetList@@@Z 10015700 f   notifyWrangler.obj
 0001:000147a0       ??_EnotifyWrangler@@UAEPAXI@Z 100157a0 f i notifyWrangler.obj
 0001:000147a0       ??_GnotifyWrangler@@UAEPAXI@Z 100157a0 f i notifyWrangler.obj
 0001:000147c0       ??1notifyWrangler@@UAE@XZ  100157c0 f   notifyWrangler.obj
 0001:00014840       ?wrangle@notifyWrangler@@QAE?AVQString@@ABV2@@Z 10015840 f   notifyWrangler.obj
 0001:000153d0       ?textGet@notifyWrangler@@QAE_NABVQString@@0AAV2@@Z 100163d0 f   notifyWrangler.obj
 0001:00015550       ??0connectionDebugDlgBase@@QAE@PAVQWidget@@PBD_NI@Z 10016550 f   connectiondebugdlg.obj
 0001:00015910       ?metaObject@connectionDebugDlgBase@@UBEPAVQMetaObject@@XZ 10016910 f i connectiondebugdlg.obj
 0001:00015920       ??_EQSpacerItem@@UAEPAXI@Z 10016920 f i connectiondebugdlg.obj
 0001:00015920       ??_GQSpacerItem@@UAEPAXI@Z 10016920 f i connectiondebugdlg.obj
 0001:00015940       ??_GconnectionDebugDlgBase@@UAEPAXI@Z 10016940 f i connectiondebugdlg.obj
 0001:00015940       ??_EconnectionDebugDlgBase@@UAEPAXI@Z 10016940 f i connectiondebugdlg.obj
 0001:00015960       ??_GQVBoxLayout@@UAEPAXI@Z 10016960 f i connectiondebugdlg.obj
 0001:00015960       ??_EQVBoxLayout@@UAEPAXI@Z 10016960 f i connectiondebugdlg.obj
 0001:00015980       ??_EQTextEdit@@UAEPAXI@Z   10016980 f i connectiondebugdlg.obj
 0001:00015980       ??_GQTextEdit@@UAEPAXI@Z   10016980 f i connectiondebugdlg.obj
 0001:000159a0       ??_EQHBoxLayout@@UAEPAXI@Z 100169a0 f i connectiondebugdlg.obj
 0001:000159a0       ??_GQHBoxLayout@@UAEPAXI@Z 100169a0 f i connectiondebugdlg.obj
 0001:000159c0       ??_EQCheckBox@@UAEPAXI@Z   100169c0 f i connectiondebugdlg.obj
 0001:000159c0       ??_GQCheckBox@@UAEPAXI@Z   100169c0 f i connectiondebugdlg.obj
 0001:000159e0       ??_EQPushButton@@UAEPAXI@Z 100169e0 f i connectiondebugdlg.obj
 0001:000159e0       ??_GQPushButton@@UAEPAXI@Z 100169e0 f i connectiondebugdlg.obj
 0001:00015a00       ??1connectionDebugDlgBase@@UAE@XZ 10016a00 f   connectiondebugdlg.obj
 0001:00015a20       ?languageChange@connectionDebugDlgBase@@MAEXXZ 10016a20 f   connectiondebugdlg.obj
 0001:00015b90       ??_EQVBoxLayout@@WCI@AEPAXI@Z 10016b90 f i connectiondebugdlg.obj
 0001:00015ba0       ??_EQHBoxLayout@@WCI@AEPAXI@Z 10016ba0 f i connectiondebugdlg.obj
 0001:00015bb0       ??_EQTextEdit@@WCI@AEPAXI@Z 10016bb0 f i connectiondebugdlg.obj
 0001:00015bc0       ??_EQCheckBox@@WCI@AEPAXI@Z 10016bc0 f i connectiondebugdlg.obj
 0001:00015bd0       ??_EconnectionDebugDlgBase@@WCI@AEPAXI@Z 10016bd0 f i connectiondebugdlg.obj
 0001:00015be0       ??_EQPushButton@@WCI@AEPAXI@Z 10016be0 f i connectiondebugdlg.obj
 0001:00015bf0       ?className@bncs_client_runtime@@UBEPBDXZ 10016bf0 f   moc_bncs_client_runtime.obj
 0001:00015c50       ?tr@bncs_client_runtime@@SA?AVQString@@PBD0@Z 10016c50 f   moc_bncs_client_runtime.obj
 0001:00015ca0       ?trUtf8@bncs_client_runtime@@SA?AVQString@@PBD0@Z 10016ca0 f   moc_bncs_client_runtime.obj
 0001:00015cf0       ?staticMetaObject@bncs_client_runtime@@SAPAVQMetaObject@@XZ 10016cf0 f   moc_bncs_client_runtime.obj
 0001:00015de0       ?qt_cast@bncs_client_runtime@@UAEPAXPBD@Z 10016de0 f   moc_bncs_client_runtime.obj
 0001:00015ec0       ?notify@bncs_client_runtime@@IAEXAAVQString@@@Z 10016ec0 f   moc_bncs_client_runtime.obj
 0001:00015f90       ?qt_invoke@bncs_client_runtime@@UAE_NHPAUQUObject@@@Z 10016f90 f   moc_bncs_client_runtime.obj
 0001:00016000       ?qt_emit@bncs_client_runtime@@UAE_NHPAUQUObject@@@Z 10017000 f   moc_bncs_client_runtime.obj
 0001:00016040       ?qt_property@bncs_client_runtime@@UAE_NHHPAVQVariant@@@Z 10017040 f   moc_bncs_client_runtime.obj
 0001:00016060       ?qt_static_property@bncs_client_runtime@@SA_NPAVQObject@@HHPAVQVariant@@@Z 10017060 f   moc_bncs_client_runtime.obj
 0001:00016070       ?className@connectionDebugDlgBase@@UBEPBDXZ 10017070 f   moc_connectiondebugdlg.obj
 0001:000160d0       ?tr@connectionDebugDlgBase@@SA?AVQString@@PBD0@Z 100170d0 f   moc_connectiondebugdlg.obj
 0001:00016120       ?staticMetaObject@connectionDebugDlgBase@@SAPAVQMetaObject@@XZ 10017120 f   moc_connectiondebugdlg.obj
 0001:00016170       ?qt_cast@connectionDebugDlgBase@@UAEPAXPBD@Z 10017170 f   moc_connectiondebugdlg.obj
 0001:000161e0       ?qt_invoke@connectionDebugDlgBase@@UAE_NHPAUQUObject@@@Z 100171e0 f   moc_connectiondebugdlg.obj
 0001:00016220       ?qt_emit@connectionDebugDlgBase@@UAE_NHPAUQUObject@@@Z 10017220 f   moc_connectiondebugdlg.obj
 0001:00016240       ?qt_property@connectionDebugDlgBase@@UAE_NHHPAVQVariant@@@Z 10017240 f   moc_connectiondebugdlg.obj
 0001:00016260       ?className@connectionDebugDlg@@UBEPBDXZ 10017260 f   moc_connectiondebugdlgimpl.obj
 0001:000162c0       ?staticMetaObject@connectionDebugDlg@@SAPAVQMetaObject@@XZ 100172c0 f   moc_connectiondebugdlgimpl.obj
 0001:00016380       ?qt_cast@connectionDebugDlg@@UAEPAXPBD@Z 10017380 f   moc_connectiondebugdlgimpl.obj
 0001:000163f0       ?showIncomingEvent@connectionDebugDlg@@IAEX_N@Z 100173f0 f   moc_connectiondebugdlgimpl.obj
 0001:00016410       ?qt_invoke@connectionDebugDlg@@UAE_NHPAUQUObject@@@Z 10017410 f   moc_connectiondebugdlgimpl.obj
 0001:00016470       ?qt_emit@connectionDebugDlg@@UAE_NHPAUQUObject@@@Z 10017470 f   moc_connectiondebugdlgimpl.obj
 0001:000164b0       ?qt_property@connectionDebugDlg@@UAE_NHHPAVQVariant@@@Z 100174b0 f   moc_connectiondebugdlgimpl.obj
 0001:000164d0       ??0decodeCaptionString@@QAE@PBD@Z 100174d0 f   decodecaptionstring:decodecaptionstring.obj
 0001:00016600       ??1decodeCaptionString@@QAE@XZ 10017600 f   decodecaptionstring:decodecaptionstring.obj
 0001:00016620       ?compareItems@QGList@@MAEHPAX0@Z 10017620 f   qt-mt323:qt-mt323.dll
 0001:00016626       ?write@QGList@@MBEAAVQDataStream@@AAV2@PAX@Z 10017626 f   qt-mt323:qt-mt323.dll
 0001:0001662c       ?read@QGList@@MAEAAVQDataStream@@AAV2@AAPAX@Z 1001762c f   qt-mt323:qt-mt323.dll
 0001:00016632       ?newItem@QPtrCollection@@MAEPAXPAX@Z 10017632 f   qt-mt323:qt-mt323.dll
 0001:00016638       ?fontInf@QPaintDevice@@MBEHPAVQFont@@H@Z 10017638 f   qt-mt323:qt-mt323.dll
 0001:0001663e       ?fontMet@QPaintDevice@@MBEHPAVQFont@@HPBDH@Z 1001763e f   qt-mt323:qt-mt323.dll
 0001:00016644       ?metric@QWidget@@MBEHH@Z   10017644 f   qt-mt323:qt-mt323.dll
 0001:0001664a       ?cmd@QPaintDevice@@MAE_NHPAVQPainter@@PATQPDevCmdParam@@@Z 1001764a f   qt-mt323:qt-mt323.dll
 0001:00016650       ?handle@QPaintDevice@@UBEPAUHDC__@@XZ 10017650 f   qt-mt323:qt-mt323.dll
 0001:00016656       ?resolution@QPaintDevice@@UBEHXZ 10017656 f   qt-mt323:qt-mt323.dll
 0001:0001665c       ?setResolution@QPaintDevice@@UAEXH@Z 1001765c f   qt-mt323:qt-mt323.dll
 0001:00016662       ?setMicroFocusHint@QWidget@@MAEXHHHH_NPAVQFont@@@Z 10017662 f   qt-mt323:qt-mt323.dll
 0001:00016668       ?setKeyCompression@QWidget@@MAEX_N@Z 10017668 f   qt-mt323:qt-mt323.dll
 0001:0001666e       ?focusNextPrevChild@QWidget@@MAE_N_N@Z 1001766e f   qt-mt323:qt-mt323.dll
 0001:00016674       ?setWFlags@QWidget@@MAEXI@Z 10017674 f   qt-mt323:qt-mt323.dll
 0001:0001667a       ?setWState@QWidget@@MAEXI@Z 1001767a f   qt-mt323:qt-mt323.dll
 0001:00016680       ?destroy@QWidget@@MAEX_N0@Z 10017680 f   qt-mt323:qt-mt323.dll
 0001:00016686       ?create@QWidget@@MAEXPAUHWND__@@_N1@Z 10017686 f   qt-mt323:qt-mt323.dll
 0001:0001668c       ?windowActivationChange@QWidget@@MAEX_N@Z 1001768c f   qt-mt323:qt-mt323.dll
 0001:00016692       ?fontChange@QWidget@@MAEXABVQFont@@@Z 10017692 f   qt-mt323:qt-mt323.dll
 0001:00016698       ?paletteChange@QWidget@@MAEXABVQPalette@@@Z 10017698 f   qt-mt323:qt-mt323.dll
 0001:0001669e       ?enabledChange@QWidget@@MAEX_N@Z 1001769e f   qt-mt323:qt-mt323.dll
 0001:000166a4       ?styleChange@QWidget@@MAEXAAVQStyle@@@Z 100176a4 f   qt-mt323:qt-mt323.dll
 0001:000166aa       ?updateMask@QWidget@@MAEXXZ 100176aa f   qt-mt323:qt-mt323.dll
 0001:000166b0       ?winEvent@QWidget@@MAE_NPAUtagMSG@@@Z 100176b0 f   qt-mt323:qt-mt323.dll
 0001:000166b6       ?hideEvent@QWidget@@MAEXPAVQHideEvent@@@Z 100176b6 f   qt-mt323:qt-mt323.dll
 0001:000166bc       ?showEvent@QWidget@@MAEXPAVQShowEvent@@@Z 100176bc f   qt-mt323:qt-mt323.dll
 0001:000166c2       ?dropEvent@QWidget@@MAEXPAVQDropEvent@@@Z 100176c2 f   qt-mt323:qt-mt323.dll
 0001:000166c8       ?dragLeaveEvent@QWidget@@MAEXPAVQDragLeaveEvent@@@Z 100176c8 f   qt-mt323:qt-mt323.dll
 0001:000166ce       ?dragMoveEvent@QWidget@@MAEXPAVQDragMoveEvent@@@Z 100176ce f   qt-mt323:qt-mt323.dll
 0001:000166d4       ?dragEnterEvent@QWidget@@MAEXPAVQDragEnterEvent@@@Z 100176d4 f   qt-mt323:qt-mt323.dll
 0001:000166da       ?tabletEvent@QWidget@@MAEXPAVQTabletEvent@@@Z 100176da f   qt-mt323:qt-mt323.dll
 0001:000166e0       ?imEndEvent@QWidget@@MAEXPAVQIMEvent@@@Z 100176e0 f   qt-mt323:qt-mt323.dll
 0001:000166e6       ?imComposeEvent@QWidget@@MAEXPAVQIMEvent@@@Z 100176e6 f   qt-mt323:qt-mt323.dll
 0001:000166ec       ?imStartEvent@QWidget@@MAEXPAVQIMEvent@@@Z 100176ec f   qt-mt323:qt-mt323.dll
 0001:000166f2       ?closeEvent@QWidget@@MAEXPAVQCloseEvent@@@Z 100176f2 f   qt-mt323:qt-mt323.dll
 0001:000166f8       ?resizeEvent@QWidget@@MAEXPAVQResizeEvent@@@Z 100176f8 f   qt-mt323:qt-mt323.dll
 0001:000166fe       ?moveEvent@QWidget@@MAEXPAVQMoveEvent@@@Z 100176fe f   qt-mt323:qt-mt323.dll
 0001:00016704       ?leaveEvent@QWidget@@MAEXPAVQEvent@@@Z 10017704 f   qt-mt323:qt-mt323.dll
 0001:0001670a       ?enterEvent@QWidget@@MAEXPAVQEvent@@@Z 1001770a f   qt-mt323:qt-mt323.dll
 0001:00016710       ?focusOutEvent@QWidget@@MAEXPAVQFocusEvent@@@Z 10017710 f   qt-mt323:qt-mt323.dll
 0001:00016716       ?focusInEvent@QWidget@@MAEXPAVQFocusEvent@@@Z 10017716 f   qt-mt323:qt-mt323.dll
 0001:0001671c       ?keyReleaseEvent@QWidget@@MAEXPAVQKeyEvent@@@Z 1001771c f   qt-mt323:qt-mt323.dll
 0001:00016722       ?keyPressEvent@QWidget@@MAEXPAVQKeyEvent@@@Z 10017722 f   qt-mt323:qt-mt323.dll
 0001:00016728       ?wheelEvent@QWidget@@MAEXPAVQWheelEvent@@@Z 10017728 f   qt-mt323:qt-mt323.dll
 0001:0001672e       ?mouseMoveEvent@QWidget@@MAEXPAVQMouseEvent@@@Z 1001772e f   qt-mt323:qt-mt323.dll
 0001:00016734       ?mouseDoubleClickEvent@QWidget@@MAEXPAVQMouseEvent@@@Z 10017734 f   qt-mt323:qt-mt323.dll
 0001:0001673a       ?customWhatsThis@QWidget@@UBE_NXZ 1001773a f   qt-mt323:qt-mt323.dll
 0001:00016740       ?setBackgroundOrigin@QWidget@@UAEXW4BackgroundOrigin@1@@Z 10017740 f   qt-mt323:qt-mt323.dll
 0001:00016746       ?setAutoMask@QWidget@@UAEX_N@Z 10017746 f   qt-mt323:qt-mt323.dll
 0001:0001674c       ?setAcceptDrops@QWidget@@UAEX_N@Z 1001774c f   qt-mt323:qt-mt323.dll
 0001:00016752       ?reparent@QWidget@@UAEXPAV1@IABVQPoint@@_N@Z 10017752 f   qt-mt323:qt-mt323.dll
 0001:00016758       ?adjustSize@QWidget@@UAEXXZ 10017758 f   qt-mt323:qt-mt323.dll
 0001:0001675e       ?heightForWidth@QWidget@@UBEHH@Z 1001775e f   qt-mt323:qt-mt323.dll
 0001:00016764       ?setSizePolicy@QWidget@@UAEXVQSizePolicy@@@Z 10017764 f   qt-mt323:qt-mt323.dll
 0001:0001676a       ?sizePolicy@QWidget@@UBE?AVQSizePolicy@@XZ 1001776a f   qt-mt323:qt-mt323.dll
 0001:00016770       ?minimumSizeHint@QWidget@@UBE?AVQSize@@XZ 10017770 f   qt-mt323:qt-mt323.dll
 0001:00016776       ?sizeHint@QWidget@@UBE?AVQSize@@XZ 10017776 f   qt-mt323:qt-mt323.dll
 0001:0001677c       ?setGeometry@QWidget@@UAEXHHHH@Z 1001777c f   qt-mt323:qt-mt323.dll
 0001:00016782       ?setGeometry@QWidget@@UAEXABVQRect@@@Z 10017782 f   qt-mt323:qt-mt323.dll
 0001:00016788       ?resize@QWidget@@UAEXHH@Z  10017788 f   qt-mt323:qt-mt323.dll
 0001:0001678e       ?move@QWidget@@UAEXHH@Z    1001778e f   qt-mt323:qt-mt323.dll
 0001:00016794       ?close@QWidget@@UAE_N_N@Z  10017794 f   qt-mt323:qt-mt323.dll
 0001:0001679a       ?polish@QWidget@@UAEXXZ    1001779a f   qt-mt323:qt-mt323.dll
 0001:000167a0       ?showNormal@QWidget@@UAEXXZ 100177a0 f   qt-mt323:qt-mt323.dll
 0001:000167a6       ?showMaximized@QWidget@@UAEXXZ 100177a6 f   qt-mt323:qt-mt323.dll
 0001:000167ac       ?showMinimized@QWidget@@UAEXXZ 100177ac f   qt-mt323:qt-mt323.dll
 0001:000167b2       ?hide@QWidget@@UAEXXZ      100177b2 f   qt-mt323:qt-mt323.dll
 0001:000167b8       ?show@QWidget@@UAEXXZ      100177b8 f   qt-mt323:qt-mt323.dll
 0001:000167be       ?setUpdatesEnabled@QWidget@@UAEX_N@Z 100177be f   qt-mt323:qt-mt323.dll
 0001:000167c4       ?setFocusProxy@QWidget@@UAEXPAV1@@Z 100177c4 f   qt-mt323:qt-mt323.dll
 0001:000167ca       ?setFocusPolicy@QWidget@@UAEXW4FocusPolicy@1@@Z 100177ca f   qt-mt323:qt-mt323.dll
 0001:000167d0       ?setActiveWindow@QWidget@@UAEXXZ 100177d0 f   qt-mt323:qt-mt323.dll
 0001:000167d6       ?setFocus@QWidget@@UAEXXZ  100177d6 f   qt-mt323:qt-mt323.dll
 0001:000167dc       ?setMouseTracking@QWidget@@UAEX_N@Z 100177dc f   qt-mt323:qt-mt323.dll
 0001:000167e2       ?setIconText@QWidget@@UAEXABVQString@@@Z 100177e2 f   qt-mt323:qt-mt323.dll
 0001:000167e8       ?setIcon@QWidget@@UAEXABVQPixmap@@@Z 100177e8 f   qt-mt323:qt-mt323.dll
 0001:000167ee       ?setBackgroundPixmap@QWidget@@UAEXABVQPixmap@@@Z 100177ee f   qt-mt323:qt-mt323.dll
 0001:000167f4       ?setBackgroundColor@QWidget@@UAEXABVQColor@@@Z 100177f4 f   qt-mt323:qt-mt323.dll
 0001:000167fa       ?setMask@QWidget@@UAEXABVQBitmap@@@Z 100177fa f   qt-mt323:qt-mt323.dll
 0001:00016800       ?setMask@QWidget@@UAEXABVQRegion@@@Z 10017800 f   qt-mt323:qt-mt323.dll
 0001:00016806       ?unsetCursor@QWidget@@UAEXXZ 10017806 f   qt-mt323:qt-mt323.dll
 0001:0001680c       ?setCursor@QWidget@@UAEXABVQCursor@@@Z 1001780c f   qt-mt323:qt-mt323.dll
 0001:00016812       ?setFont@QWidget@@UAEXABVQFont@@@Z 10017812 f   qt-mt323:qt-mt323.dll
 0001:00016818       ?setPaletteBackgroundPixmap@QWidget@@UAEXABVQPixmap@@@Z 10017818 f   qt-mt323:qt-mt323.dll
 0001:0001681e       ?setPaletteBackgroundColor@QWidget@@UAEXABVQColor@@@Z 1001781e f   qt-mt323:qt-mt323.dll
 0001:00016824       ?setPalette@QWidget@@UAEXABVQPalette@@@Z 10017824 f   qt-mt323:qt-mt323.dll
 0001:0001682a       ?setErasePixmap@QWidget@@UAEXABVQPixmap@@@Z 1001782a f   qt-mt323:qt-mt323.dll
 0001:00016830       ?setEraseColor@QWidget@@UAEXABVQColor@@@Z 10017830 f   qt-mt323:qt-mt323.dll
 0001:00016836       ?setBackgroundMode@QWidget@@UAEXW4BackgroundMode@Qt@@@Z 10017836 f   qt-mt323:qt-mt323.dll
 0001:0001683c       ?setSizeIncrement@QWidget@@UAEXHH@Z 1001783c f   qt-mt323:qt-mt323.dll
 0001:00016842       ?setMaximumSize@QWidget@@UAEXHH@Z 10017842 f   qt-mt323:qt-mt323.dll
 0001:00016848       ?setMinimumSize@QWidget@@UAEXHH@Z 10017848 f   qt-mt323:qt-mt323.dll
 0001:0001684e       ?setEnabled@QWidget@@UAEX_N@Z 1001784e f   qt-mt323:qt-mt323.dll
 0001:00016854       ?checkConnectArgs@QObject@@MAE_NPBDPBV1@0@Z 10017854 f   qt-mt323:qt-mt323.dll
 0001:0001685a       ?disconnectNotify@QObject@@MAEXPBD@Z 1001785a f   qt-mt323:qt-mt323.dll
 0001:00016860       ?connectNotify@QObject@@MAEXPBD@Z 10017860 f   qt-mt323:qt-mt323.dll
 0001:00016866       ?customEvent@QObject@@MAEXPAVQCustomEvent@@@Z 10017866 f   qt-mt323:qt-mt323.dll
 0001:0001686c       ?childEvent@QObject@@MAEXPAVQChildEvent@@@Z 1001786c f   qt-mt323:qt-mt323.dll
 0001:00016872       ?timerEvent@QObject@@MAEXPAVQTimerEvent@@@Z 10017872 f   qt-mt323:qt-mt323.dll
 0001:00016878       ?property@QObject@@UBE?AVQVariant@@PBD@Z 10017878 f   qt-mt323:qt-mt323.dll
 0001:0001687e       ?setProperty@QObject@@UAE_NPBDABVQVariant@@@Z 1001787e f   qt-mt323:qt-mt323.dll
 0001:00016884       ?removeChild@QObject@@UAEXPAV1@@Z 10017884 f   qt-mt323:qt-mt323.dll
 0001:0001688a       ?insertChild@QObject@@UAEXPAV1@@Z 1001788a f   qt-mt323:qt-mt323.dll
 0001:00016890       ?setName@QWidget@@UAEXPBD@Z 10017890 f   qt-mt323:qt-mt323.dll
 0001:00016896       ?eventFilter@QObject@@UAE_NPAV1@PAVQEvent@@@Z 10017896 f   qt-mt323:qt-mt323.dll
 0001:0001689c       ?event@QWidget@@MAE_NPAVQEvent@@@Z 1001789c f   qt-mt323:qt-mt323.dll
 0001:000168a2       ?contextMenuEvent@QWidget@@MAEXPAVQContextMenuEvent@@@Z 100178a2 f   qt-mt323:qt-mt323.dll
 0001:000168a8       ?reject@QDialog@@MAEXXZ    100178a8 f   qt-mt323:qt-mt323.dll
 0001:000168ae       ?accept@QDialog@@MAEXXZ    100178ae f   qt-mt323:qt-mt323.dll
 0001:000168b4       ?done@QDialog@@MAEXH@Z     100178b4 f   qt-mt323:qt-mt323.dll
 0001:000168ba       ?contextMenuEvent@QDialog@@MAEXPAVQContextMenuEvent@@@Z 100178ba f   qt-mt323:qt-mt323.dll
 0001:000168c0       ?closeEvent@QDialog@@MAEXPAVQCloseEvent@@@Z 100178c0 f   qt-mt323:qt-mt323.dll
 0001:000168c6       ?resizeEvent@QDialog@@MAEXPAVQResizeEvent@@@Z 100178c6 f   qt-mt323:qt-mt323.dll
 0001:000168cc       ?paintEvent@QWidget@@MAEXPAVQPaintEvent@@@Z 100178cc f   qt-mt323:qt-mt323.dll
 0001:000168d2       ?keyPressEvent@QDialog@@MAEXPAVQKeyEvent@@@Z 100178d2 f   qt-mt323:qt-mt323.dll
 0001:000168d8       ?mouseReleaseEvent@QWidget@@MAEXPAVQMouseEvent@@@Z 100178d8 f   qt-mt323:qt-mt323.dll
 0001:000168de       ?mousePressEvent@QWidget@@MAEXPAVQMouseEvent@@@Z 100178de f   qt-mt323:qt-mt323.dll
 0001:000168e4       ?minimumSizeHint@QDialog@@UBE?AVQSize@@XZ 100178e4 f   qt-mt323:qt-mt323.dll
 0001:000168ea       ?sizeHint@QDialog@@UBE?AVQSize@@XZ 100178ea f   qt-mt323:qt-mt323.dll
 0001:000168f0       ?setGeometry@QDialog@@UAEXHHHH@Z 100178f0 f   qt-mt323:qt-mt323.dll
 0001:000168f6       ?setGeometry@QDialog@@UAEXABVQRect@@@Z 100178f6 f   qt-mt323:qt-mt323.dll
 0001:000168fc       ?resize@QDialog@@UAEXHH@Z  100178fc f   qt-mt323:qt-mt323.dll
 0001:00016902       ?move@QDialog@@UAEXHH@Z    10017902 f   qt-mt323:qt-mt323.dll
 0001:00016908       ?hide@QDialog@@UAEXXZ      10017908 f   qt-mt323:qt-mt323.dll
 0001:0001690e       ?show@QDialog@@UAEXXZ      1001790e f   qt-mt323:qt-mt323.dll
 0001:00016914       ?setCaption@QWidget@@UAEXABVQString@@@Z 10017914 f   qt-mt323:qt-mt323.dll
 0001:0001691a       ?eventFilter@QDialog@@MAE_NPAVQObject@@PAVQEvent@@@Z 1001791a f   qt-mt323:qt-mt323.dll
 0001:00016920       ?setAttribute@QDomElement@@QAEXABVQString@@0@Z 10017920 f   qt-mt323:qt-mt323.dll
 0001:00016926       ?nextSibling@QDomNode@@UBE?AV1@XZ 10017926 f   qt-mt323:qt-mt323.dll
 0001:0001692c       ?toElement@QDomNode@@QAE?AVQDomElement@@XZ 1001792c f   qt-mt323:qt-mt323.dll
 0001:00016932       ?attribute@QDomElement@@QBE?AVQString@@ABV2@0@Z 10017932 f   qt-mt323:qt-mt323.dll
 0001:00016938       ??1QDomNode@@UAE@XZ        10017938 f   qt-mt323:qt-mt323.dll
 0001:0001693e       ?isNull@QDomNode@@QBE_NXZ  1001793e f   qt-mt323:qt-mt323.dll
 0001:00016944       ?firstChild@QDomNode@@UBE?AV1@XZ 10017944 f   qt-mt323:qt-mt323.dll
 0001:0001694a       ??1QDomElement@@UAE@XZ     1001794a f   qt-mt323:qt-mt323.dll
 0001:00016950       ?tagName@QDomElement@@QBE?AVQString@@XZ 10017950 f   qt-mt323:qt-mt323.dll
 0001:00016956       ?isComment@QDomNode@@UBE_NXZ 10017956 f   qt-mt323:qt-mt323.dll
 0001:0001695c       ?isCharacterData@QDomNode@@UBE_NXZ 1001795c f   qt-mt323:qt-mt323.dll
 0001:00016962       ?isProcessingInstruction@QDomNode@@UBE_NXZ 10017962 f   qt-mt323:qt-mt323.dll
 0001:00016968       ?isNotation@QDomNode@@UBE_NXZ 10017968 f   qt-mt323:qt-mt323.dll
 0001:0001696e       ?isEntity@QDomNode@@UBE_NXZ 1001796e f   qt-mt323:qt-mt323.dll
 0001:00016974       ?isText@QDomNode@@UBE_NXZ  10017974 f   qt-mt323:qt-mt323.dll
 0001:0001697a       ?isEntityReference@QDomNode@@UBE_NXZ 1001797a f   qt-mt323:qt-mt323.dll
 0001:00016980       ?isElement@QDomNode@@UBE_NXZ 10017980 f   qt-mt323:qt-mt323.dll
 0001:00016986       ?isDocumentType@QDomNode@@UBE_NXZ 10017986 f   qt-mt323:qt-mt323.dll
 0001:0001698c       ?isDocument@QDomDocument@@UBE_NXZ 1001798c f   qt-mt323:qt-mt323.dll
 0001:00016992       ?isDocumentFragment@QDomNode@@UBE_NXZ 10017992 f   qt-mt323:qt-mt323.dll
 0001:00016998       ?isCDATASection@QDomNode@@UBE_NXZ 10017998 f   qt-mt323:qt-mt323.dll
 0001:0001699e       ?isAttr@QDomNode@@UBE_NXZ  1001799e f   qt-mt323:qt-mt323.dll
 0001:000169a4       ?setPrefix@QDomNode@@UAEXABVQString@@@Z 100179a4 f   qt-mt323:qt-mt323.dll
 0001:000169aa       ?prefix@QDomNode@@UBE?AVQString@@XZ 100179aa f   qt-mt323:qt-mt323.dll
 0001:000169b0       ?setNodeValue@QDomNode@@UAEXABVQString@@@Z 100179b0 f   qt-mt323:qt-mt323.dll
 0001:000169b6       ?nodeValue@QDomNode@@UBE?AVQString@@XZ 100179b6 f   qt-mt323:qt-mt323.dll
 0001:000169bc       ?hasAttributes@QDomNode@@UBE_NXZ 100179bc f   qt-mt323:qt-mt323.dll
 0001:000169c2       ?localName@QDomNode@@UBE?AVQString@@XZ 100179c2 f   qt-mt323:qt-mt323.dll
 0001:000169c8       ?namespaceURI@QDomNode@@UBE?AVQString@@XZ 100179c8 f   qt-mt323:qt-mt323.dll
 0001:000169ce       ?ownerDocument@QDomNode@@UBE?AVQDomDocument@@XZ 100179ce f   qt-mt323:qt-mt323.dll
 0001:000169d4       ?attributes@QDomNode@@UBE?AVQDomNamedNodeMap@@XZ 100179d4 f   qt-mt323:qt-mt323.dll
 0001:000169da       ?previousSibling@QDomNode@@UBE?AV1@XZ 100179da f   qt-mt323:qt-mt323.dll
 0001:000169e0       ?lastChild@QDomNode@@UBE?AV1@XZ 100179e0 f   qt-mt323:qt-mt323.dll
 0001:000169e6       ?childNodes@QDomNode@@UBE?AVQDomNodeList@@XZ 100179e6 f   qt-mt323:qt-mt323.dll
 0001:000169ec       ?parentNode@QDomNode@@UBE?AV1@XZ 100179ec f   qt-mt323:qt-mt323.dll
 0001:000169f2       ?nodeType@QDomDocument@@UBE?AW4NodeType@QDomNode@@XZ 100179f2 f   qt-mt323:qt-mt323.dll
 0001:000169f8       ?nodeName@QDomNode@@UBE?AVQString@@XZ 100179f8 f   qt-mt323:qt-mt323.dll
 0001:000169fe       ?isSupported@QDomNode@@UBE_NABVQString@@0@Z 100179fe f   qt-mt323:qt-mt323.dll
 0001:00016a04       ?normalize@QDomNode@@UAEXXZ 10017a04 f   qt-mt323:qt-mt323.dll
 0001:00016a0a       ?cloneNode@QDomNode@@UBE?AV1@_N@Z 10017a0a f   qt-mt323:qt-mt323.dll
 0001:00016a10       ?hasChildNodes@QDomNode@@UBE_NXZ 10017a10 f   qt-mt323:qt-mt323.dll
 0001:00016a16       ?appendChild@QDomNode@@UAE?AV1@ABV1@@Z 10017a16 f   qt-mt323:qt-mt323.dll
 0001:00016a1c       ?removeChild@QDomNode@@UAE?AV1@ABV1@@Z 10017a1c f   qt-mt323:qt-mt323.dll
 0001:00016a22       ?replaceChild@QDomNode@@UAE?AV1@ABV1@0@Z 10017a22 f   qt-mt323:qt-mt323.dll
 0001:00016a28       ?insertAfter@QDomNode@@UAE?AV1@ABV1@0@Z 10017a28 f   qt-mt323:qt-mt323.dll
 0001:00016a2e       ?insertBefore@QDomNode@@UAE?AV1@ABV1@0@Z 10017a2e f   qt-mt323:qt-mt323.dll
 0001:00016a34       ??1QDomDocument@@UAE@XZ    10017a34 f   qt-mt323:qt-mt323.dll
 0001:00016a3a       ?spacerItem@QSpacerItem@@UAEPAV1@XZ 10017a3a f   qt-mt323:qt-mt323.dll
 0001:00016a40       ?layout@QLayoutItem@@UAEPAVQLayout@@XZ 10017a40 f   qt-mt323:qt-mt323.dll
 0001:00016a46       ?iterator@QLayoutItem@@UAE?AVQLayoutIterator@@XZ 10017a46 f   qt-mt323:qt-mt323.dll
 0001:00016a4c       ?invalidate@QLayoutItem@@UAEXXZ 10017a4c f   qt-mt323:qt-mt323.dll
 0001:00016a52       ?heightForWidth@QLayoutItem@@UBEHH@Z 10017a52 f   qt-mt323:qt-mt323.dll
 0001:00016a58       ?hasHeightForWidth@QLayoutItem@@UBE_NXZ 10017a58 f   qt-mt323:qt-mt323.dll
[...]
 0003:00000d9c       ??_C@_09POGD@Expanding?$AA@ 10055d9c     qui:qwidgetfactory.obj
 0003:00000da8       ??_C@_0BB@NCNF@MinimumExpanding?$AA@ 10055da8     qui:qwidgetfactory.obj
 0003:00000dbc       ??_C@_09ICH@Preferred?$AA@ 10055dbc     qui:qwidgetfactory.obj
 0003:00000dc8       ??_C@_07EEKE@Maximum?$AA@  10055dc8     qui:qwidgetfactory.obj
 0003:00000dd0       ??_C@_07CLCP@Minimum?$AA@  10055dd0     qui:qwidgetfactory.obj
 0003:00000dd8       ??_C@_05CAKF@Fixed?$AA@    10055dd8     qui:qwidgetfactory.obj
 0003:00000de0       ??_C@_06PDBK@QTable?$AA@   10055de0     qui:qwidgetfactory.obj
 0003:00000de8       ??_C@_09GHEJ@QListView?$AA@ 10055de8     qui:qwidgetfactory.obj
 0003:00000df4       ??_C@_04LHJL@text?$AA@     10055df4     qui:qwidgetfactory.obj
 0003:00000dfc       ??_C@_05CMGC@field?$AA@    10055dfc     qui:qwidgetfactory.obj
 0003:00000e04       ??_C@_09IFIF@resizable?$AA@ 10055e04     qui:qwidgetfactory.obj
 0003:00000e10       ??_C@_09IOPI@clickable?$AA@ 10055e10     qui:qwidgetfactory.obj
 0003:00000e1c       ??_C@_09MEON@QIconView?$AA@ 10055e1c     qui:qwidgetfactory.obj
 0003:00000e28       ??_C@_08BPKO@QListBox?$AA@ 10055e28     qui:qwidgetfactory.obj
 0003:00000e34       ??_C@_09DMGG@QComboBox?$AA@ 10055e34     qui:qwidgetfactory.obj
 0003:00000e40       ??_C@_0N@OBMJ@QWidgetStack?$AA@ 10055e40     qui:qwidgetfactory.obj
 0003:00000e50       ??_C@_02IBHF@id?$AA@       10055e50     qui:qwidgetfactory.obj
 0003:00000e54       ??_C@_07CPPB@QWizard?$AA@  10055e54     qui:qwidgetfactory.obj
 0003:00000e5c       ??_C@_0L@PDID@QTabWidget?$AA@ 10055e5c     qui:qwidgetfactory.obj
 0003:00000e68       ??_C@_05LHJG@title?$AA@    10055e68     qui:qwidgetfactory.obj
 0003:00000e70       ??_C@_08MAPP@QToolBar?$AA@ 10055e70     qui:qwidgetfactory.obj
 0003:00000e7c       ??_C@_08PBK@QMenuBar?$AA@  10055e7c     qui:qwidgetfactory.obj
 0003:00000e88       ??_C@_0M@FIEM@QVBoxLayout?$AA@ 10055e88     qui:qwidgetfactory.obj
 0003:00000e94       ??_C@_0M@PKPH@QHBoxLayout?$AA@ 10055e94     qui:qwidgetfactory.obj
 0003:00000ea0       ??_C@_0N@EJJO@QActionGroup?$AA@ 10055ea0     qui:qwidgetfactory.obj
 0003:00000eb0       ??_C@_07LOPB@QAction?$AA@  10055eb0     qui:qwidgetfactory.obj
 0003:00000eb8       ??_C@_07LMCJ@QLayout?$AA@  10055eb8     qui:qwidgetfactory.obj
 0003:00000ec0       ??_C@_0M@HHOI@QMainWindow?$AA@ 10055ec0     qui:qwidgetfactory.obj
 0003:00000ecc       ??_C@_0P@CMED@File?5corrupted?$AA@ 10055ecc     qui:qwidgetfactory.obj
 0003:00000edc       ??_C@_0O@JOFB@Version?5error?$AA@ 10055edc     qui:qwidgetfactory.obj
 0003:00000eec       ??_C@_0BO@IALE@Block_Variables?5not?5supported?$AA@ 10055eec     qui:qwidgetfactory.obj
 0003:00000f0c       ??_C@_08MEPI@accept?$CI?$CJ?$AA@ 10055f0c     qui:qwidgetfactory.obj
 0003:00000f18       ??_C@_09FMOM@clicked?$CI?$CJ?$AA@ 10055f18     qui:qwidgetfactory.obj
 0003:00000f24       ??_C@_03NBIJ@C?$CL?$CL?$AA@ 10055f24     qui:qwidgetfactory.obj
 0003:00000f28       ??_C@_0BO@CHOL@Block_Functions?5not?5supported?$AA@ 10055f28     qui:qwidgetfactory.obj
 0003:00000f48       ??_C@_0BL@GPBC@Incompatible?5version?5of?5Qt?$AA@ 10055f48     qui:qwidgetfactory.obj
 0003:00000f64       ??_C@_03FMK@XPM?$AA@       10055f64     qui:qwidgetfactory.obj
 0003:00000f68       ??_C@_06KCMF@XPM?4GZ?$AA@  10055f68     qui:qwidgetfactory.obj
 0003:00000f70       ??_C@_09JIBF@QDataView?$AA@ 10055f70     qui:qwidgetfactory.obj
 0003:00000f7c       ??_C@_0N@LHBP@QDataBrowser?$AA@ 10055f7c     qui:qwidgetfactory.obj
 0003:00000f8c       ??_C@_0BC@OAFG@qt_central_widget?$AA@ 10055f8c     qui:qwidgetfactory.obj
 0003:00000fa0       ??_C@_05MGFC@QGrid?$AA@    10055fa0     qui:qwidgetfactory.obj
 0003:00000fa8       ??_C@_05FFKI@QHBox?$AA@    10055fa8     qui:qwidgetfactory.obj
 0003:00000fb0       ??_C@_05PFPF@QVBox?$AA@    10055fb0     qui:qwidgetfactory.obj
 0003:00000fb8       ??_C@_08DMC@QToolBox?$AA@  10055fb8     qui:qwidgetfactory.obj
 0003:00000fc4       ??_C@_0L@KGMO@QPopupMenu?$AA@ 10055fc4     qui:qwidgetfactory.obj
 0003:00000fd0       ??_C@_0L@HBBK@QScrollBar?$AA@ 10055fd0     qui:qwidgetfactory.obj
 0003:00000fdc       ??_C@_0O@EKBI@QDateTimeEdit?$AA@ 10055fdc     qui:qwidgetfactory.obj
 0003:00000fec       ??_C@_09CMAO@QTimeEdit?$AA@ 10055fec     qui:qwidgetfactory.obj
 0003:00000ff8       ??_C@_09LIOJ@QDateEdit?$AA@ 10055ff8     qui:qwidgetfactory.obj
 0003:00001004       ??_C@_09NJKH@QTextEdit?$AA@ 10056004     qui:qwidgetfactory.obj
 0003:00001010       ??_C@_04KEDG@Line?$AA@     10056010     qui:qwidgetfactory.obj
 0003:00001018       ??_C@_09JIGN@QSplitter?$AA@ 10056018     qui:qwidgetfactory.obj
 0003:00001024       ??_C@_06GLED@QFrame?$AA@   10056024     qui:qwidgetfactory.obj
 0003:0000102c       ??_C@_07CEKE@QSlider?$AA@  1005602c     qui:qwidgetfactory.obj
 0003:00001034       ??_C@_05PKM@QDial?$AA@     10056034     qui:qwidgetfactory.obj
 0003:0000103c       ??_C@_0N@NBPG@QTextBrowser?$AA@ 1005603c     qui:qwidgetfactory.obj
 0003:0000104c       ??_C@_09HJMO@QTextView?$AA@ 1005604c     qui:qwidgetfactory.obj
 0003:00001058       ??_C@_0N@ONGP@QProgressBar?$AA@ 10056058     qui:qwidgetfactory.obj
 0003:00001068       ??_C@_0L@GOLD@QLCDNumber?$AA@ 10056068     qui:qwidgetfactory.obj
 0003:00001074       ??_C@_07DNOJ@QDialog?$AA@  10056074     qui:qwidgetfactory.obj
 0003:0000107c       ??_C@_0O@EGKB@QLayoutWidget?$AA@ 1005607c     qui:qwidgetfactory.obj
 0003:0000108c       ??_C@_0M@ONAE@PixmapLabel?$AA@ 1005608c     qui:qwidgetfactory.obj
 0003:00001098       ??_C@_09OJPB@TextLabel?$AA@ 10056098     qui:qwidgetfactory.obj
 0003:000010a4       ??_C@_0P@FPMD@QMultiLineEdit?$AA@ 100560a4     qui:qwidgetfactory.obj
 0003:000010b4       ??_C@_08FPDC@QSpinBox?$AA@ 100560b4     qui:qwidgetfactory.obj
 0003:000010c0       ??_C@_09FBHD@QLineEdit?$AA@ 100560c0     qui:qwidgetfactory.obj
 0003:000010cc       ??_C@_0N@BKO@QButtonGroup?$AA@ 100560cc     qui:qwidgetfactory.obj
 0003:000010dc       ??_C@_09NJAI@QGroupBox?$AA@ 100560dc     qui:qwidgetfactory.obj
 0003:000010e8       ??_C@_0N@IENO@QRadioButton?$AA@ 100560e8     qui:qwidgetfactory.obj
 0003:000010f8       ??_C@_09GNOC@QCheckBox?$AA@ 100560f8     qui:qwidgetfactory.obj
 0003:00001104       ??_C@_0M@FBMJ@QToolButton?$AA@ 10056104     qui:qwidgetfactory.obj
 0003:00001110       ??_C@_0M@IFOC@QPushButton?$AA@ 10056110     qui:qwidgetfactory.obj
 0003:0000111c       ??_C@_04MPOO@item?$AA@     1005611c     qui:qwidgetfactory.obj
 0003:00001124       ??_C@_05OLF@label?$AA@     10056124     qui:qwidgetfactory.obj
 0003:0000112c       ??_C@_09GACJ@attribute?$AA@ 1005612c     qui:qwidgetfactory.obj
 0003:00001138       ??_C@_08DKJK@property?$AA@ 10056138     qui:qwidgetfactory.obj
 0003:00001144       ??_C@_04LGEG@vbox?$AA@     10056144     qui:qwidgetfactory.obj
 0003:0000114c       ??_C@_04MHDE@grid?$AA@     1005614c     qui:qwidgetfactory.obj
 0003:00001154       ??_C@_04BGBL@hbox?$AA@     10056154     qui:qwidgetfactory.obj
 0003:0000115c       ??_C@_06OFBM@spacer?$AA@   1005615c     qui:qwidgetfactory.obj
 0003:00001164       ??_C@_07GPN@colspan?$AA@   10056164     qui:qwidgetfactory.obj
 0003:0000116c       ??_C@_07CCCC@rowspan?$AA@  1005616c     qui:qwidgetfactory.obj
 0003:00001174       ??_C@_06GJMM@column?$AA@   10056174     qui:qwidgetfactory.obj
 0003:0000117c       ??_C@_03OCHL@row?$AA@      1005617c     qui:qwidgetfactory.obj
 0003:00001180       ??_C@_0O@GCJD@frameworkCode?$AA@ 10056180     qui:qwidgetfactory.obj
 0003:00001190       ??_C@_08PCJA@database?$AA@ 10056190     qui:qwidgetfactory.obj
 0003:0000119c       ??_C@_07GJAI@QButton?$AA@  1005619c     qui:qwidgetfactory.obj
 0003:000011a4       ??_C@_0O@FBEH@buttonGroupId?$AA@ 100561a4     qui:qwidgetfactory.obj
 0003:000011b4       ??_C@_05FMEP@buddy?$AA@    100561b4     qui:qwidgetfactory.obj
 0003:000011bc       ??_C@_09CHLD@whatsThis?$AA@ 100561bc     qui:qwidgetfactory.obj
 0003:000011c8       ??_C@_07POEO@toolTip?$AA@  100561c8     qui:qwidgetfactory.obj
 0003:000011d0       ??_C@_05DHJN@accel?$AA@    100561d0     qui:qwidgetfactory.obj
 0003:000011d8       ??_C@_08NIEP@geometry?$AA@ 100561d8     qui:qwidgetfactory.obj
 0003:000011e4       ??_C@_08FDGF@disabled?$AA@ 100561e4     qui:qwidgetfactory.obj
 0003:000011f0       ??_C@_08OJCF@inactive?$AA@ 100561f0     qui:qwidgetfactory.obj
 0003:000011fc       ??_C@_06KAE@active?$AA@    100561fc     qui:qwidgetfactory.obj
 0003:00001204       ??_C@_07DOH@palette?$AA@   10056204     qui:qwidgetfactory.obj
 0003:0000120c       ??_C@_05LEJM@image?$AA@    1005620c     qui:qwidgetfactory.obj
 0003:00001214       ??_C@_07PPEJ@iconset?$AA@  10056214     qui:qwidgetfactory.obj
 0003:0000121c       ??_C@_06EMNG@string?$AA@   1005621c     qui:qwidgetfactory.obj
 0003:00001224       ??_C@_0L@BGIA@QBoxLayout?$AA@ 10056224     qui:qwidgetfactory.obj
 0003:00001230       ??_C@_0L@JABN@Horizontal?$AA@ 10056230     qui:qwidgetfactory.obj
 0003:0000123c       ??_C@_04OMKF@data?$AA@     1005623c     qui:qwidgetfactory.obj
 0003:00001244       ??_C@_06JEAL@length?$AA@   10056244     qui:qwidgetfactory.obj
 0003:0000124c       ??_C@_06PMHG@format?$AA@   1005624c     qui:qwidgetfactory.obj
 0003:00001254       ??_C@_03DMOL@PNG?$AA@      10056254     qui:qwidgetfactory.obj
 0003:00001258       ??_C@_05HMGA@color?$AA@    10056258     qui:qwidgetfactory.obj
 0003:00001260       ??_C@_03PJPM@1?$CF1?$AA@   10056260     qui:qwidgetfactory.obj
 0003:00001264       ??_C@_03PMH@2?$CF1?$AA@    10056264     qui:qwidgetfactory.obj
 0003:00001268       ??_C@_04IEHK@slot?$AA@     10056268     qui:qwidgetfactory.obj
 0003:00001270       ??_C@_06ELED@signal?$AA@   10056270     qui:qwidgetfactory.obj
 0003:00001278       ??_C@_04BEIE@this?$AA@     10056278     qui:qwidgetfactory.obj
 0003:00001280       ??_C@_08DAOE@language?$AA@ 10056280     qui:qwidgetfactory.obj
 0003:0000128c       ??_C@_0L@DLBA@connection?$AA@ 1005628c     qui:qwidgetfactory.obj
 0003:00001298       ??_C@_07LPDA@tabstop?$AA@  10056298     qui:qwidgetfactory.obj
 0003:000012a0       ??_C@_0L@HADB@resizeable?$AA@ 100562a0     qui:qwidgetfactory.obj
 0003:000012ac       ??_C@_0M@NFCN@actiongroup?$AA@ 100562ac     qui:qwidgetfactory.obj
 0003:000012b8       ??_C@_06GIFC@action?$AA@   100562b8     qui:qwidgetfactory.obj
 0003:000012c0       ??_C@_09JCCP@separator?$AA@ 100562c0     qui:qwidgetfactory.obj
 0003:000012cc       ??_C@_04JKAN@dock?$AA@     100562cc     qui:qwidgetfactory.obj
 0003:000012d4       ??_C@_07JBPM@toolbar?$AA@  100562d4     qui:qwidgetfactory.obj
 0003:000012dc       ??_C@_08MAHP@datetime?$AA@ 100562dc     qui:domtool.obj
 0003:000012e8       ??_C@_06INBL@second?$AA@   100562e8     qui:domtool.obj
 0003:000012f0       ??_C@_06FBCA@minute?$AA@   100562f0     qui:domtool.obj
 0003:000012f8       ??_C@_04GPNM@hour?$AA@     100562f8     qui:domtool.obj
 0003:00001300       ??_C@_04EKDK@time?$AA@     10056300     qui:domtool.obj
 0003:00001308       ??_C@_03EGAH@day?$AA@      10056308     qui:domtool.obj
 0003:0000130c       ??_C@_05FFFM@month?$AA@    1005630c     qui:domtool.obj
 0003:00001314       ??_C@_04BLDE@year?$AA@     10056314     qui:domtool.obj
 0003:0000131c       ??_C@_04EGPJ@date?$AA@     1005631c     qui:domtool.obj
 0003:00001324       ??_C@_0L@FMJE@stringlist?$AA@ 10056324     qui:domtool.obj
 0003:00001330       ??_C@_06BMBC@cursor?$AA@   10056330     qui:domtool.obj
 0003:00001338       ??_C@_0L@KNID@verstretch?$AA@ 10056338     qui:domtool.obj
 0003:00001344       ??_C@_0L@JJOJ@horstretch?$AA@ 10056344     qui:domtool.obj
 0003:00001350       ??_C@_09NOJI@vsizetype?$AA@ 10056350     qui:domtool.obj
 0003:0000135c       ??_C@_09GFOL@hsizetype?$AA@ 1005635c     qui:domtool.obj
 0003:00001368       ??_C@_0L@JLID@sizepolicy?$AA@ 10056368     qui:domtool.obj
 0003:00001374       ??_C@_03NHNF@set?$AA@      10056374     qui:domtool.obj
 0003:00001378       ??_C@_04PGN@enum?$AA@      10056378     qui:domtool.obj
 0003:00001380       ??_C@_01FBAH@1?$AA@        10056380     qui:domtool.obj
 0003:00001384       ??_C@_04PPPK@bool?$AA@     10056384     qui:domtool.obj
 0003:0000138c       ??_C@_06BMEB@number?$AA@   1005638c     qui:domtool.obj
 0003:00001394       ??_C@_07EILE@cstring?$AA@  10056394     qui:domtool.obj
 0003:0000139c       ??_C@_07EBEE@comment?$AA@  1005639c     qui:domtool.obj
 0003:000013a4       ??_C@_09NEOO@strikeout?$AA@ 100563a4     qui:domtool.obj
 0003:000013b0       ??_C@_09FIDC@underline?$AA@ 100563b0     qui:domtool.obj
 0003:000013bc       ??_C@_06HLAH@italic?$AA@   100563bc     qui:domtool.obj
 0003:000013c4       ??_C@_04JALN@bold?$AA@     100563c4     qui:domtool.obj
 0003:000013cc       ??_C@_09FNCI@pointsize?$AA@ 100563cc     qui:domtool.obj
 0003:000013d8       ??_C@_06FNPB@family?$AA@   100563d8     qui:domtool.obj
 0003:000013e0       ??_C@_04IBNA@font?$AA@     100563e0     qui:domtool.obj
 0003:000013e8       ??_C@_04LLHI@size?$AA@     100563e8     qui:domtool.obj
 0003:000013f0       ??_C@_05GNMO@point?$AA@    100563f0     qui:domtool.obj
 0003:000013f8       ??_C@_06OKPG@height?$AA@   100563f8     qui:domtool.obj
 0003:00001400       ??_C@_05PNBN@width?$AA@    10056400     qui:domtool.obj
 0003:00001408       ??_C@_04IMHF@rect?$AA@     10056408     qui:domtool.obj
 0003:00001410       ??_C@_04FEG@blue?$AA@      10056410     qui:domtool.obj
 0003:00001418       ??_C@_05DOGI@green?$AA@    10056418     qui:domtool.obj
 0003:00001420       ??_C@_03CMLD@red?$AA@      10056420     qui:domtool.obj
 0003:00001424       ??_C@_06LIL@stdset?$AA@    10056424     qui:domtool.obj
 0003:0000142c       ??_C@_09EHHF@stdsetdef?$AA@ 1005642c     qui:domtool.obj
 0003:00001438       ??_C@_07BPOH@version?$AA@  10056438     qui:domtool.obj
 0003:00001440       ??_C@_0BB@FLKJ@DatabaseSupport2?$AA@ 10056440     qui:moc_database2.obj
 0003:00001460       ?m_referenceCount@ccTimer@@0IA 10056460     ccTimer.obj
 0003:00001464       ?m_hWndMessageWindow@ccTimer@@0PAUHWND__@@A 10056464     ccTimer.obj
 0003:00001470       ?m_timers@ccTimer@@0V?$map@HVccTimerClient@@U?$less@H@std@@V?$allocator@VccTimerClient@@@3@@std@@A 10056470     ccTimer.obj
 0003:00001480       ?_Nilrefs@?$_Tree@HU?$pair@$$CBHVccTimerClient@@@std@@U_Kfn@?$map@HVccTimerClient@@U?$less@H@std@@V?$allocator@VccTimerClient@@@3@@2@U?$less@H@2@V?$allocator@VccTimerClient@@@2@@std@@1IA 10056480     ccTimer.obj
 0003:00001484       ?_Nil@?$_Tree@HU?$pair@$$CBHVccTimerClient@@@std@@U_Kfn@?$map@HVccTimerClient@@U?$less@H@std@@V?$allocator@VccTimerClient@@@3@@2@U?$less@H@2@V?$allocator@VccTimerClient@@@2@@std@@1PAU_Node@12@A 10056484     ccTimer.obj
 0003:00001488       ??_C@_00A@?$AA@            10056488     ccTimer.obj
 0003:00001490       ?ui@@3V?$QCache@VQDomDocument@@@@A 10056490     dCW.obj
 0003:000014b0       ?g_designTimeEditing@@3_NA 100564b0     dCW.obj
 0003:000014b1       ?m_developerMode@dCW@@0_NA 100564b1     dCW.obj
 0003:000014b4       ?m_pStyle@dCW@@0PAVQStyle@@A 100564b4     dCW.obj
 0003:000014c0       ?metaObj@bncs_client_runtime@@0PAVQMetaObject@@A 100564c0     moc_bncs_client_runtime.obj
 0003:000014dc       ?metaObj@connectionDebugDlgBase@@0PAVQMetaObject@@A 100564dc     moc_connectiondebugdlg.obj
 0003:000014e8       ?metaObj@connectionDebugDlg@@0PAVQMetaObject@@A 100564e8     moc_connectiondebugdlgimpl.obj
 0003:00001500       ?qwf_currFileName@@3VQString@@A 10056500     qui:qwidgetfactory.obj
 0003:00001538       ?qwf_forms@@3PAV?$QMap@PAVQWidget@@VQString@@@@A 10056538     qui:qwidgetfactory.obj
 0003:0000153c       ?qwf_language@@3PAVQString@@A 1005653c     qui:qwidgetfactory.obj
 0003:00001540       ?qwf_stays_on_top@@3_NA    10056540     qui:qwidgetfactory.obj
 0003:00001544       ?qwf_form_object@@3PAVQObject@@A 10056544     qui:qwidgetfactory.obj
 0003:00001548       ?qwf_plugin_dir@@3PAVQString@@A 10056548     qui:qwidgetfactory.obj
 0003:00001554       ?metaObj@QDesignerDataBrowser2@@0PAVQMetaObject@@A 10056554     qui:moc_database2.obj
 0003:00001558       ?metaObj@QDesignerDataView2@@0PAVQMetaObject@@A 10056558     qui:moc_database2.obj
 0003:00001560       __adjust_fdiv              10056560     <common>
 0003:00001564       __pRawDllMain              10056564     <common>
 0003:00001568       ___onexitend               10056568     <common>
 0003:0000156c       ___onexitbegin             1005656c     <common>

 entry point at        0001:00025193

 Static symbols

 0001:00016270       _$E101                     10017270 f   moc_connectiondebugdlgimpl.obj
 0001:00016280       _$E98                      10017280 f   moc_connectiondebugdlgimpl.obj
 0001:000162a0       _$E100                     100172a0 f   moc_connectiondebugdlgimpl.obj
 0001:000162b0       _$E99                      100172b0 f   moc_connectiondebugdlgimpl.obj
 0001:00016080       _$E100                     10017080 f   moc_connectiondebugdlg.obj
 0001:00016090       _$E97                      10017090 f   moc_connectiondebugdlg.obj
 0001:000160b0       _$E99                      100170b0 f   moc_connectiondebugdlg.obj
 0001:000160c0       _$E98                      100170c0 f   moc_connectiondebugdlg.obj
 0001:00015c00       _$E106                     10016c00 f   moc_bncs_client_runtime.obj
 0001:00015c10       _$E103                     10016c10 f   moc_bncs_client_runtime.obj
 0001:00015c30       _$E105                     10016c30 f   moc_bncs_client_runtime.obj
 0001:00015c40       _$E104                     10016c40 f   moc_bncs_client_runtime.obj
 0001:0000ee10       _$E74                      1000fe10 f   dCW.obj
 0001:0000ee20       _$E71                      1000fe20 f   dCW.obj
 0001:0000ee40       _$E73                      1000fe40 f   dCW.obj
 0001:0000ee50       _$E72                      1000fe50 f   dCW.obj
 0001:0000dc40       _$E10                      1000ec40 f   ccTimer.obj
 0001:0000dc50       _$E6                       1000ec50 f   ccTimer.obj
 0001:0000dc70       _$E9                       1000ec70 f   ccTimer.obj
 0001:0000dc80       _$E7                       1000ec80 f   ccTimer.obj
 0001:00024c8e       _$E103                     10025c8e f   qui:moc_database2.obj
 0001:00024c98       _$E100                     10025c98 f   qui:moc_database2.obj
 0001:00024cae       _$E102                     10025cae f   qui:moc_database2.obj
 0001:00024cba       _$E101                     10025cba f   qui:moc_database2.obj
 0001:00024db4       _$E108                     10025db4 f   qui:moc_database2.obj
 0001:00024dbe       _$E105                     10025dbe f   qui:moc_database2.obj
 0001:00024dd4       _$E107                     10025dd4 f   qui:moc_database2.obj
 0001:00024de0       _$E106                     10025de0 f   qui:moc_database2.obj
 0001:00024c11       ?toBool@@YA_NABVQString@@@Z 10025c11 f   qui:domtool.obj
 0001:0001703a       _$E185                     1001803a f   qui:qwidgetfactory.obj
 0001:00017044       _$E182                     10018044 f   qui:qwidgetfactory.obj
 0001:0001705a       _$E184                     1001805a f   qui:qwidgetfactory.obj
 0001:00017066       _$E183                     10018066 f   qui:qwidgetfactory.obj
 0001:00017088       _$E190                     10018088 f   qui:qwidgetfactory.obj
 0001:00017092       _$E187                     10018092 f   qui:qwidgetfactory.obj
 0001:000170a3       _$E189                     100180a3 f   qui:qwidgetfactory.obj
 0001:000170af       _$E188                     100180af f   qui:qwidgetfactory.obj
 0001:0001731c       ?setupPluginDir@@YAXXZ     1001831c f   qui:qwidgetfactory.obj
 0001:00018adb       ?stringToSizeType@@YA?AW4SizeType@QSizePolicy@@ABVQString@@@Z 10019adb f   qui:qwidgetfactory.obj
 0001:0001a34b       ?loadImageData@@YA?AVQImage@@ABVQString@@KV?$QMemArray@D@@@Z 1001b34b f   qui:qwidgetfactory.obj
 0001:0001d32b       ?loadImageData@@YA?AVQImage@@AAVQDomElement@@@Z 1001e32b f   qui:qwidgetfactory.obj
 0001:00024fce       ?ArrayUnwindFilter@@YAHPAU_EXCEPTION_POINTERS@@@Z 10025fce f   MSVCRT:ehvecdtr.obj

 4635 bytes saved through ICF

