 dcwdb

 Timestamp is 5e9db7ee (Mon Apr 20 15:55:42 2020)

 Preferred load address is 10000000

 Start         Length     Name                   Class
 0001:00000000 0002c5d3H .textbss                DATA
 0002:00000000 0001ca0fH .text                   CODE
 0002:0001ca10 000018f9H .text$di                CODE
 0002:0001e310 00041c9bH .text$mn                CODE
 0002:0005ffb0 000067b0H .text$x                 CODE
 0002:00066760 00001304H .text$yd                CODE
 0003:00000000 00000104H .CRT$XCA                DATA
 0003:00000104 00000199H .CRT$XCU                DATA
 0003:000002a0 00000104H .CRT$XCZ                DATA
 0003:000003a4 00000104H .CRT$XIA                DATA
 0003:000004a8 00000104H .CRT$XIAA               DATA
 0003:000005ac 00000104H .CRT$XIC                DATA
 0003:000006b0 00000104H .CRT$XIZ                DATA
 0003:000007c0 0000b5e8H .rdata                  DATA
 0003:0000bda8 00000169H .rdata$debug            DATA
 0003:0000bf14 00001508H .rdata$r                DATA
 0003:0000d41c 00000104H .rtc$IAA                DATA
 0003:0000d520 00000134H .rtc$IMZ                DATA
 0003:0000d654 00000104H .rtc$IZZ                DATA
 0003:0000d758 00000104H .rtc$TAA                DATA
 0003:0000d85c 00000134H .rtc$TMZ                DATA
 0003:0000d990 00000104H .rtc$TZZ                DATA
 0003:0000da98 00003a40H .xdata$x                DATA
 0003:000114e0 00007ec4H .edata                  DATA
 0004:00000000 00000b6aH .data                   DATA
 0004:00000b6c 00000943H .data$r                 DATA
 0004:000014b0 000006a4H .bss                    DATA
 0005:00000000 00002df8H .idata$5                DATA
 0005:00002df8 0000008cH .idata$2                DATA
 0005:00002e84 00000014H .idata$3                DATA
 0005:00002e98 00002df8H .idata$4                DATA
 0005:00005c90 0001a33dH .idata$6                DATA
 0006:00000000 000001c0H .rsrc$01                DATA
 0006:000001c0 00000799H .rsrc$02                DATA

  Address         Publics by Value              Rva+Base       Lib:Object

 0000:00000000       __except_list              00000000     <absolute>
 0000:00000000       ___guard_fids_count        00000000     <absolute>
 0000:00000000       ___guard_fids_table        00000000     <absolute>
 0000:00000000       ___safe_se_handler_table   00000000     <absolute>
 0000:00000000       ___safe_se_handler_count   00000000     <absolute>
 0000:00000000       ___guard_flags             00000000     <absolute>
 0000:00009876       __fltused                  00009876     <absolute>
 0000:00009876       __ldused                   00009876     <absolute>
 0000:00000000       ___ImageBase               10000000     <linker-defined>
 0001:00000000       __enc$textbss$begin        10001000     <linker-defined>
 0001:0002c5d3       __enc$textbss$end          1002d5d3     <linker-defined>
 0002:000097f6       ??0QWidgetFactory@@QAE@XZ  100377f6 f   qui:qwidgetfactory.obj
 0002:000098c0       ??0QWidgetFactoryPrivate@@QAE@XZ 100378c0 f i qui:qwidgetfactory.obj
 0002:00009903       ??_GQWidgetFactory@@UAEPAXI@Z 10037903 f i qui:qwidgetfactory.obj
 0002:00009903       ??_EQWidgetFactory@@UAEPAXI@Z 10037903 f i qui:qwidgetfactory.obj
 0002:00009926       ??1QWidgetFactory@@UAE@XZ  10037926 f   qui:qwidgetfactory.obj
 0002:000099ce       ?create@QWidgetFactory@@SAPAVQWidget@@ABVQString@@PAVQObject@@PAV2@PBD@Z 100379ce f   qui:qwidgetfactory.obj
 0002:00009b2a       ?create@QWidgetFactory@@SAPAVQWidget@@PAVQIODevice@@PAVQObject@@PAV2@PBD@Z 10037b2a f   qui:qwidgetfactory.obj
 0002:0000a23d       ??_EQSqlCursor@@UAEPAXI@Z  1003823d f i qui:qwidgetfactory.obj
 0002:0000a23d       ??_GQSqlCursor@@UAEPAXI@Z  1003823d f i qui:qwidgetfactory.obj
 0002:0000a261       ?createFromUiFile@QWidgetFactory@@AAEPAVQWidget@@VQDomDocument@@PAVQObject@@PAV2@PBD@Z 10038261 f   qui:qwidgetfactory.obj
 0002:0000ad52       ?unpackUInt16@QWidgetFactory@@AAEXAAVQDataStream@@AAG@Z 10038d52 f   qui:qwidgetfactory.obj
 0002:0000ad93       ?unpackUInt32@QWidgetFactory@@AAEXAAVQDataStream@@AAI@Z 10038d93 f   qui:qwidgetfactory.obj
 0002:0000add4       ?unpackByteArray@QWidgetFactory@@AAEXAAVQDataStream@@AAV?$QMemArray@D@@@Z 10038dd4 f   qui:qwidgetfactory.obj
 0002:0000ae17       ?unpackCString@QWidgetFactory@@AAEXABVUibStrTable@@AAVQDataStream@@AAVQCString@@@Z 10038e17 f   qui:qwidgetfactory.obj
 0002:0000ae5f       ?unpackString@QWidgetFactory@@AAEXABVUibStrTable@@AAVQDataStream@@AAVQString@@@Z 10038e5f f   qui:qwidgetfactory.obj
 0002:0000aea1       ?asString@UibStrTable@@QBE?AVQString@@H@Z 10038ea1 f i qui:qwidgetfactory.obj
 0002:0000af6a       ?unpackStringSplit@QWidgetFactory@@AAEXABVUibStrTable@@AAVQDataStream@@AAVQString@@@Z 10038f6a f   qui:qwidgetfactory.obj
 0002:0000afc9       ?unpackVariant@QWidgetFactory@@AAEXABVUibStrTable@@AAVQDataStream@@AAVQVariant@@@Z 10038fc9 f   qui:qwidgetfactory.obj
 0002:0000b585       ?inputSpacer@QWidgetFactory@@AAEXABVUibStrTable@@AAVQDataStream@@PAVQLayout@@@Z 10039585 f   qui:qwidgetfactory.obj
 0002:0000b935       ?inputColumnOrRow@QWidgetFactory@@AAEXABVUibStrTable@@AAVQDataStream@@PAVQObject@@_N@Z 10039935 f   qui:qwidgetfactory.obj
 0002:0000bc88       ?inputItem@QWidgetFactory@@AAEXABVUibStrTable@@AAVQDataStream@@PAVQObject@@PAVQListViewItem@@@Z 10039c88 f   qui:qwidgetfactory.obj
 0002:0000c05f       ??_EQListBoxText@@UAEPAXI@Z 1003a05f f i qui:qwidgetfactory.obj
 0002:0000c05f       ??_GQListBoxText@@UAEPAXI@Z 1003a05f f i qui:qwidgetfactory.obj
 0002:0000c083       ??_GQListBoxPixmap@@UAEPAXI@Z 1003a083 f i qui:qwidgetfactory.obj
 0002:0000c083       ??_EQListBoxPixmap@@UAEPAXI@Z 1003a083 f i qui:qwidgetfactory.obj
 0002:0000c0a7       ??_EQIconViewItem@@UAEPAXI@Z 1003a0a7 f i qui:qwidgetfactory.obj
 0002:0000c0a7       ??_GQIconViewItem@@UAEPAXI@Z 1003a0a7 f i qui:qwidgetfactory.obj
 0002:0000c0cb       ?inputMenuItem@QWidgetFactory@@AAEXPAPAVQObject@@ABVUibStrTable@@AAVQDataStream@@PAVQMenuBar@@@Z 1003a0cb f   qui:qwidgetfactory.obj
 0002:0000c260       ??_EQPopupMenu@@UAEPAXI@Z  1003a260 f i qui:qwidgetfactory.obj
 0002:0000c260       ??_GQPopupMenu@@UAEPAXI@Z  1003a260 f i qui:qwidgetfactory.obj
 0002:0000c284       ?inputObject@QWidgetFactory@@AAEPAVQObject@@PAPAV2@AAHABVUibStrTable@@AAVQDataStream@@PAVQWidget@@PAV2@VQCString@@@Z 1003a284 f   qui:qwidgetfactory.obj
 0002:0000cef3       ??_GQActionGroup@@UAEPAXI@Z 1003aef3 f i qui:qwidgetfactory.obj
 0002:0000cef3       ??_EQActionGroup@@UAEPAXI@Z 1003aef3 f i qui:qwidgetfactory.obj
 0002:0000cf17       ??_EQAction@@UAEPAXI@Z     1003af17 f i qui:qwidgetfactory.obj
 0002:0000cf17       ??_GQAction@@UAEPAXI@Z     1003af17 f i qui:qwidgetfactory.obj
 0002:0000cf3b       ??_EQToolBar@@UAEPAXI@Z    1003af3b f i qui:qwidgetfactory.obj
 0002:0000cf3b       ??_GQToolBar@@UAEPAXI@Z    1003af3b f i qui:qwidgetfactory.obj
 0002:0000cf5f       ?createFromUibFile@QWidgetFactory@@AAEPAVQWidget@@AAVQDataStream@@PAVQObject@@PAV2@PBD@Z 1003af5f f   qui:qwidgetfactory.obj
 0002:0000d6e9       ?readBlock@UibStrTable@@QAEXAAVQDataStream@@H@Z 1003b6e9 f i qui:qwidgetfactory.obj
 0002:0000d8fc       ?addWidgetFactory@QWidgetFactory@@SAXPAV1@@Z 1003b8fc f   qui:qwidgetfactory.obj
 0002:0000d910       ?createWidget@QWidgetFactory@@UBEPAVQWidget@@ABVQString@@PAV2@PBD@Z 1003b910 f   qui:qwidgetfactory.obj
 0002:0000ea32       ??_EQToolButton@@UAEPAXI@Z 1003ca32 f i qui:qwidgetfactory.obj
 0002:0000ea32       ??_GQToolButton@@UAEPAXI@Z 1003ca32 f i qui:qwidgetfactory.obj
 0002:0000ea56       ??_EQRadioButton@@UAEPAXI@Z 1003ca56 f i qui:qwidgetfactory.obj
 0002:0000ea56       ??_GQRadioButton@@UAEPAXI@Z 1003ca56 f i qui:qwidgetfactory.obj
 0002:0000ea7a       ??_EQGroupBox@@UAEPAXI@Z   1003ca7a f i qui:qwidgetfactory.obj
 0002:0000ea7a       ??_GQGroupBox@@UAEPAXI@Z   1003ca7a f i qui:qwidgetfactory.obj
 0002:0000ea9e       ??_EQButtonGroup@@UAEPAXI@Z 1003ca9e f i qui:qwidgetfactory.obj
 0002:0000ea9e       ??_GQButtonGroup@@UAEPAXI@Z 1003ca9e f i qui:qwidgetfactory.obj
 0002:0000eac2       ??_EQIconView@@UAEPAXI@Z   1003cac2 f i qui:qwidgetfactory.obj
 0002:0000eac2       ??_GQIconView@@UAEPAXI@Z   1003cac2 f i qui:qwidgetfactory.obj
 0002:0000eae6       ??_EQTable@@UAEPAXI@Z      1003cae6 f i qui:qwidgetfactory.obj
 0002:0000eae6       ??_GQTable@@UAEPAXI@Z      1003cae6 f i qui:qwidgetfactory.obj
 0002:0000eb0a       ??_GQListBox@@UAEPAXI@Z    1003cb0a f i qui:qwidgetfactory.obj
 0002:0000eb0a       ??_EQListBox@@UAEPAXI@Z    1003cb0a f i qui:qwidgetfactory.obj
 0002:0000eb2e       ??_GQListView@@UAEPAXI@Z   1003cb2e f i qui:qwidgetfactory.obj
 0002:0000eb2e       ??_EQListView@@UAEPAXI@Z   1003cb2e f i qui:qwidgetfactory.obj
 0002:0000eb52       ??_EQLineEdit@@UAEPAXI@Z   1003cb52 f i qui:qwidgetfactory.obj
 0002:0000eb52       ??_GQLineEdit@@UAEPAXI@Z   1003cb52 f i qui:qwidgetfactory.obj
 0002:0000eb76       ??_EQSpinBox@@UAEPAXI@Z    1003cb76 f i qui:qwidgetfactory.obj
 0002:0000eb76       ??_GQSpinBox@@UAEPAXI@Z    1003cb76 f i qui:qwidgetfactory.obj
 0002:0000eb9a       ??_EQMultiLineEdit@@UAEPAXI@Z 1003cb9a f i qui:qwidgetfactory.obj
 0002:0000eb9a       ??_GQMultiLineEdit@@UAEPAXI@Z 1003cb9a f i qui:qwidgetfactory.obj
 0002:0000ebbe       ??_GQLabel@@UAEPAXI@Z      1003cbbe f i qui:qwidgetfactory.obj
 0002:0000ebbe       ??_EQLabel@@UAEPAXI@Z      1003cbbe f i qui:qwidgetfactory.obj
 0002:0000ebe2       ??_EQWidget@@UAEPAXI@Z     1003cbe2 f i qui:qwidgetfactory.obj
 0002:0000ebe2       ??_GQWidget@@UAEPAXI@Z     1003cbe2 f i qui:qwidgetfactory.obj
 0002:0000ec06       ??_EQTabWidget@@UAEPAXI@Z  1003cc06 f i qui:qwidgetfactory.obj
 0002:0000ec06       ??_GQTabWidget@@UAEPAXI@Z  1003cc06 f i qui:qwidgetfactory.obj
 0002:0000ec2a       ??_GQComboBox@@UAEPAXI@Z   1003cc2a f i qui:qwidgetfactory.obj
 0002:0000ec2a       ??_EQComboBox@@UAEPAXI@Z   1003cc2a f i qui:qwidgetfactory.obj
 0002:0000ec4e       ??_EQDialog@@UAEPAXI@Z     1003cc4e f i qui:qwidgetfactory.obj
 0002:0000ec4e       ??_GQDialog@@UAEPAXI@Z     1003cc4e f i qui:qwidgetfactory.obj
 0002:0000ec72       ??_GQWizard@@UAEPAXI@Z     1003cc72 f i qui:qwidgetfactory.obj
 0002:0000ec72       ??_EQWizard@@UAEPAXI@Z     1003cc72 f i qui:qwidgetfactory.obj
 0002:0000ec96       ??_GQLCDNumber@@UAEPAXI@Z  1003cc96 f i qui:qwidgetfactory.obj
 0002:0000ec96       ??_EQLCDNumber@@UAEPAXI@Z  1003cc96 f i qui:qwidgetfactory.obj
 0002:0000ecba       ??_GQProgressBar@@UAEPAXI@Z 1003ccba f i qui:qwidgetfactory.obj
 0002:0000ecba       ??_EQProgressBar@@UAEPAXI@Z 1003ccba f i qui:qwidgetfactory.obj
 0002:0000ecef       ??_EQTextView@@UAEPAXI@Z   1003ccef f i qui:qwidgetfactory.obj
 0002:0000ecef       ??_GQTextView@@UAEPAXI@Z   1003ccef f i qui:qwidgetfactory.obj
 0002:0000ed13       ??_EQTextBrowser@@UAEPAXI@Z 1003cd13 f i qui:qwidgetfactory.obj
 0002:0000ed13       ??_GQTextBrowser@@UAEPAXI@Z 1003cd13 f i qui:qwidgetfactory.obj
 0002:0000ed37       ??_EQDial@@UAEPAXI@Z       1003cd37 f i qui:qwidgetfactory.obj
 0002:0000ed37       ??_GQDial@@UAEPAXI@Z       1003cd37 f i qui:qwidgetfactory.obj
 0002:0000ed5b       ??_GQSlider@@UAEPAXI@Z     1003cd5b f i qui:qwidgetfactory.obj
 0002:0000ed5b       ??_EQSlider@@UAEPAXI@Z     1003cd5b f i qui:qwidgetfactory.obj
 0002:0000ed7f       ??_GQFrame@@UAEPAXI@Z      1003cd7f f i qui:qwidgetfactory.obj
 0002:0000ed7f       ??_EQFrame@@UAEPAXI@Z      1003cd7f f i qui:qwidgetfactory.obj
 0002:0000eda3       ??_EQSplitter@@UAEPAXI@Z   1003cda3 f i qui:qwidgetfactory.obj
 0002:0000eda3       ??_GQSplitter@@UAEPAXI@Z   1003cda3 f i qui:qwidgetfactory.obj
 0002:0000edc7       ??_GQDateEdit@@UAEPAXI@Z   1003cdc7 f i qui:qwidgetfactory.obj
 0002:0000edc7       ??_EQDateEdit@@UAEPAXI@Z   1003cdc7 f i qui:qwidgetfactory.obj
 0002:0000edeb       ??_EQTimeEdit@@UAEPAXI@Z   1003cdeb f i qui:qwidgetfactory.obj
 0002:0000edeb       ??_GQTimeEdit@@UAEPAXI@Z   1003cdeb f i qui:qwidgetfactory.obj
 0002:0000ee0f       ??_EQDateTimeEdit@@UAEPAXI@Z 1003ce0f f i qui:qwidgetfactory.obj
 0002:0000ee0f       ??_GQDateTimeEdit@@UAEPAXI@Z 1003ce0f f i qui:qwidgetfactory.obj
 0002:0000ee33       ??_EQScrollBar@@UAEPAXI@Z  1003ce33 f i qui:qwidgetfactory.obj
 0002:0000ee33       ??_GQScrollBar@@UAEPAXI@Z  1003ce33 f i qui:qwidgetfactory.obj
 0002:0000ee57       ??_GQWidgetStack@@UAEPAXI@Z 1003ce57 f i qui:qwidgetfactory.obj
 0002:0000ee57       ??_EQWidgetStack@@UAEPAXI@Z 1003ce57 f i qui:qwidgetfactory.obj
 0002:0000ee7b       ??_GQToolBox@@UAEPAXI@Z    1003ce7b f i qui:qwidgetfactory.obj
 0002:0000ee7b       ??_EQToolBox@@UAEPAXI@Z    1003ce7b f i qui:qwidgetfactory.obj
 0002:0000ee9f       ??_EQVBox@@UAEPAXI@Z       1003ce9f f i qui:qwidgetfactory.obj
 0002:0000ee9f       ??_GQVBox@@UAEPAXI@Z       1003ce9f f i qui:qwidgetfactory.obj
 0002:0000eec3       ??_EQHBox@@UAEPAXI@Z       1003cec3 f i qui:qwidgetfactory.obj
 0002:0000eec3       ??_GQHBox@@UAEPAXI@Z       1003cec3 f i qui:qwidgetfactory.obj
 0002:0000eee7       ??_EQGrid@@UAEPAXI@Z       1003cee7 f i qui:qwidgetfactory.obj
 0002:0000eee7       ??_GQGrid@@UAEPAXI@Z       1003cee7 f i qui:qwidgetfactory.obj
 0002:0000ef0b       ??_GQMainWindow@@UAEPAXI@Z 1003cf0b f i qui:qwidgetfactory.obj
 0002:0000ef0b       ??_EQMainWindow@@UAEPAXI@Z 1003cf0b f i qui:qwidgetfactory.obj
 0002:0000ef2f       ??_EQDataTable@@UAEPAXI@Z  1003cf2f f i qui:qwidgetfactory.obj
 0002:0000ef2f       ??_GQDataTable@@UAEPAXI@Z  1003cf2f f i qui:qwidgetfactory.obj
 0002:0000ef53       ?widgets@QWidgetFactory@@SA?AVQStringList@@XZ 1003cf53 f   qui:qwidgetfactory.obj
 0002:0000f9f8       ?supportsWidget@QWidgetFactory@@SA_NABVQString@@@Z 1003d9f8 f   qui:qwidgetfactory.obj
 0002:0000fa5e       ?createWidgetInternal@QWidgetFactory@@AAEPAVQWidget@@ABVQDomElement@@PAV2@PAVQLayout@@ABVQString@@@Z 1003da5e f   qui:qwidgetfactory.obj
 0002:0001060d       ?createLayout@QWidgetFactory@@AAEPAVQLayout@@PAVQWidget@@PAV2@W4LayoutType@1@_N@Z 1003e60d f   qui:qwidgetfactory.obj
 0002:00010906       ??_EQGridLayout@@UAEPAXI@Z 1003e906 f i qui:qwidgetfactory.obj
 0002:00010906       ??_GQGridLayout@@UAEPAXI@Z 1003e906 f i qui:qwidgetfactory.obj
 0002:0001092a       ?layoutType@QWidgetFactory@@ABE?AW4LayoutType@1@PAVQLayout@@@Z 1003e92a f   qui:qwidgetfactory.obj
 0002:0001097f       ?setProperty@QWidgetFactory@@AAEXPAVQObject@@ABVQString@@VQVariant@@@Z 1003e97f f   qui:qwidgetfactory.obj
 0002:000110bc       ??0SqlWidgetConnection@QWidgetFactory@@QAE@ABVQString@@0@Z 1003f0bc f i qui:qwidgetfactory.obj
 0002:00011105       ?setProperty@QWidgetFactory@@AAEXPAVQObject@@ABVQString@@ABVQDomElement@@@Z 1003f105 f   qui:qwidgetfactory.obj
 0002:0001165b       ?createSpacer@QWidgetFactory@@AAEXABVQDomElement@@PAVQLayout@@@Z 1003f65b f   qui:qwidgetfactory.obj
 0002:00011c4e       ?loadImageCollection@QWidgetFactory@@AAEXABVQDomElement@@@Z 1003fc4e f   qui:qwidgetfactory.obj
 0002:0001208c       ?loadFromCollection@QWidgetFactory@@AAE?AVQImage@@ABVQString@@@Z 1004008c f   qui:qwidgetfactory.obj
 0002:00012116       ?loadPixmap@QWidgetFactory@@AAE?AVQPixmap@@ABVQString@@@Z 10040116 f   qui:qwidgetfactory.obj
 0002:000121b1       ?loadPixmap@QWidgetFactory@@AAE?AVQPixmap@@ABVQDomElement@@@Z 100401b1 f   qui:qwidgetfactory.obj
 0002:00012221       ?loadColorGroup@QWidgetFactory@@AAE?AVQColorGroup@@ABVQDomElement@@@Z 10040221 f   qui:qwidgetfactory.obj
 0002:000123ef       ?loadConnections@QWidgetFactory@@AAEXABVQDomElement@@PAVQObject@@@Z 100403ef f   qui:qwidgetfactory.obj
 0002:00013016       ??0Connection@@QAE@XZ      10041016 f i qui:qwidgetfactory.obj
 0002:00013068       ?loadTabOrder@QWidgetFactory@@AAEXABVQDomElement@@@Z 10041068 f   qui:qwidgetfactory.obj
 0002:00013208       ?createListViewColumn@QWidgetFactory@@AAEXPAVQListView@@ABVQString@@ABVQPixmap@@_N3@Z 10041208 f   qui:qwidgetfactory.obj
 0002:00013319       ?createTableColumnOrRow@QWidgetFactory@@AAEXPAVQTable@@ABVQString@@ABVQPixmap@@1_N@Z 10041319 f   qui:qwidgetfactory.obj
 0002:000135b3       ??1Field@QWidgetFactory@@QAE@XZ 100415b3 f i qui:qwidgetfactory.obj
 0002:000135d9       ?createColumn@QWidgetFactory@@AAEXABVQDomElement@@PAVQWidget@@@Z 100415d9 f   qui:qwidgetfactory.obj
 0002:00013d83       ?loadItem@QWidgetFactory@@AAEXABVQDomElement@@AAVQPixmap@@AAVQString@@AA_N@Z 10041d83 f   qui:qwidgetfactory.obj
 0002:00013fe3       ?createItem@QWidgetFactory@@AAEXABVQDomElement@@PAVQWidget@@PAVQListViewItem@@@Z 10041fe3 f   qui:qwidgetfactory.obj
 0002:00014662       ??_EQListViewItem@@UAEPAXI@Z 10042662 f i qui:qwidgetfactory.obj
 0002:00014662       ??_GQListViewItem@@UAEPAXI@Z 10042662 f i qui:qwidgetfactory.obj
 0002:00014686       ?loadChildAction@QWidgetFactory@@AAEXPAVQObject@@ABVQDomElement@@@Z 10042686 f   qui:qwidgetfactory.obj
 0002:00014aa3       ?loadActions@QWidgetFactory@@AAEXABVQDomElement@@@Z 10042aa3 f   qui:qwidgetfactory.obj
 0002:00014bc3       ?loadToolBars@QWidgetFactory@@AAEXABVQDomElement@@@Z 10042bc3 f   qui:qwidgetfactory.obj
 0002:000150d2       ?loadMenuBar@QWidgetFactory@@AAEXABVQDomElement@@@Z 100430d2 f   qui:qwidgetfactory.obj
 0002:000153fa       ?loadPopupMenu@QWidgetFactory@@AAEXPAVQPopupMenu@@ABVQDomElement@@@Z 100433fa f   qui:qwidgetfactory.obj
 0002:0001585d       ?loadFunctions@QWidgetFactory@@AAEXABVQDomElement@@@Z 1004385d f   qui:qwidgetfactory.obj
 0002:00015860       ?findAction@QWidgetFactory@@AAEPAVQAction@@ABVQString@@@Z 10043860 f   qui:qwidgetfactory.obj
 0002:000158f7       ?loadImages@QWidgetFactory@@SAXABVQString@@@Z 100438f7 f   qui:qwidgetfactory.obj
 0002:00015a5a       ?loadExtraSource@QWidgetFactory@@AAEXXZ 10043a5a f   qui:qwidgetfactory.obj
 0002:00015b9a       ?translate@QWidgetFactory@@AAE?AVQString@@ABV2@0@Z 10043b9a f   qui:qwidgetfactory.obj
 0002:00015c19       ?translate@QWidgetFactory@@AAE?AVQString@@PBD0@Z 10043c19 f   qui:qwidgetfactory.obj
 0002:00015c4e       ??0?$QValueList@UImage@QWidgetFactory@@@@QAE@XZ 10043c4e f i qui:qwidgetfactory.obj
 0002:00015c76       ?append@?$QValueList@UImage@QWidgetFactory@@@@QAE?AV?$QValueListIterator@UImage@QWidgetFactory@@@@ABUImage@QWidgetFactory@@@Z 10043c76 f i qui:qwidgetfactory.obj
 0002:00015cb2       ?end@?$QValueList@UImage@QWidgetFactory@@@@QAE?AV?$QValueListIterator@UImage@QWidgetFactory@@@@XZ 10043cb2 f i qui:qwidgetfactory.obj
 0002:00015cd8       ??0?$QMap@VQString@@VQStringList@@@@QAE@XZ 10043cd8 f i qui:qwidgetfactory.obj
 0002:00015d00       ??1?$QMap@VQString@@VQStringList@@@@QAE@XZ 10043d00 f i qui:qwidgetfactory.obj
 0002:00015d24       ??0?$QMap@PAVQWidget@@USqlWidgetConnection@QWidgetFactory@@@@QAE@XZ 10043d24 f i qui:qwidgetfactory.obj
 0002:00015d4c       ??1?$QMap@PAVQWidget@@USqlWidgetConnection@QWidgetFactory@@@@QAE@XZ 10043d4c f i qui:qwidgetfactory.obj
 0002:00015d70       ??0?$QMap@PAVQTable@@V?$QValueList@UField@QWidgetFactory@@@@@@QAE@XZ 10043d70 f i qui:qwidgetfactory.obj
 0002:00015d98       ??1?$QMap@PAVQTable@@V?$QValueList@UField@QWidgetFactory@@@@@@QAE@XZ 10043d98 f i qui:qwidgetfactory.obj
 0002:00015dbc       ?count@?$QPtrList@VQAction@@@@UBEIXZ 10043dbc f i qui:qwidgetfactory.obj
 0002:00015dc0       ?clear@?$QPtrList@VQAction@@@@UAEXXZ 10043dc0 f i qui:qwidgetfactory.obj
 0002:00015dc6       ??1?$QDict@_N@@UAE@XZ      10043dc6 f i qui:qwidgetfactory.obj
 0002:00015de5       ?count@?$QDict@_N@@UBEIXZ  10043de5 f i qui:qwidgetfactory.obj
 0002:00015de9       ?clear@?$QDict@_N@@UAEXXZ  10043de9 f i qui:qwidgetfactory.obj
 0002:00015def       ?count@?$QPtrList@VQWidgetFactory@@@@UBEIXZ 10043def f i qui:qwidgetfactory.obj
 0002:00015df3       ?clear@?$QPtrList@VQWidgetFactory@@@@UAEXXZ 10043df3 f i qui:qwidgetfactory.obj
 0002:00015df9       ??0?$QMap@VQString@@_N@@QAE@XZ 10043df9 f i qui:qwidgetfactory.obj
 0002:00015e21       ??0?$QMap@PAVQWidget@@VQString@@@@QAE@XZ 10043e21 f i qui:qwidgetfactory.obj
 0002:00015e49       ??0?$QValueList@UField@QWidgetFactory@@@@QAE@XZ 10043e49 f i qui:qwidgetfactory.obj
 0002:00015e71       ?append@?$QValueList@UField@QWidgetFactory@@@@QAE?AV?$QValueListIterator@UField@QWidgetFactory@@@@ABUField@QWidgetFactory@@@Z 10043e71 f i qui:qwidgetfactory.obj
 0002:00015ead       ??0?$QValueList@VQPixmap@@@@QAE@XZ 10043ead f i qui:qwidgetfactory.obj
 0002:00015ed5       ??_G?$QPtrList@VQAction@@@@UAEPAXI@Z 10043ed5 f i qui:qwidgetfactory.obj
 0002:00015ed5       ??_E?$QPtrList@VQAction@@@@UAEPAXI@Z 10043ed5 f i qui:qwidgetfactory.obj
 0002:00015f0a       ??_E?$QDict@_N@@UAEPAXI@Z  10043f0a f i qui:qwidgetfactory.obj
 0002:00015f0a       ??_G?$QDict@_N@@UAEPAXI@Z  10043f0a f i qui:qwidgetfactory.obj
 0002:00015f3f       ??_E?$QPtrList@VQWidgetFactory@@@@UAEPAXI@Z 10043f3f f i qui:qwidgetfactory.obj
 0002:00015f3f       ??_G?$QPtrList@VQWidgetFactory@@@@UAEPAXI@Z 10043f3f f i qui:qwidgetfactory.obj
 0002:00015f74       ?end@?$QValueList@UField@QWidgetFactory@@@@QAE?AV?$QValueListIterator@UField@QWidgetFactory@@@@XZ 10043f74 f i qui:qwidgetfactory.obj
 0002:00015f9a       ?append@?$QValueList@VQPixmap@@@@QAE?AV?$QValueListIterator@VQPixmap@@@@ABVQPixmap@@@Z 10043f9a f i qui:qwidgetfactory.obj
 0002:00015fd6       ?end@?$QValueList@VQPixmap@@@@QAE?AV?$QValueListIterator@VQPixmap@@@@XZ 10043fd6 f i qui:qwidgetfactory.obj
 0002:00015ffc       ?derefAndDelete@?$QValueListPrivate@VQString@@@@QAEXXZ 10043ffc f i qui:qwidgetfactory.obj
 0002:00016010       ?derefAndDelete@?$QValueListPrivate@UImage@QWidgetFactory@@@@QAEXXZ 10044010 f i qui:qwidgetfactory.obj
 0002:00016024       ??1?$QMapPrivate@VQString@@VQStringList@@@@QAE@XZ 10044024 f i qui:qwidgetfactory.obj
 0002:00016042       ?begin@?$QMapPrivate@VQString@@VQStringList@@@@QAE?AV?$QMapIterator@VQString@@VQStringList@@@@XZ 10044042 f i qui:qwidgetfactory.obj
 0002:00016053       ??1?$QMapPrivate@PAVQWidget@@USqlWidgetConnection@QWidgetFactory@@@@QAE@XZ 10044053 f i qui:qwidgetfactory.obj
 0002:00016071       ?begin@?$QMapPrivate@PAVQWidget@@USqlWidgetConnection@QWidgetFactory@@@@QAE?AV?$QMapIterator@PAVQWidget@@USqlWidgetConnection@QWidgetFactory@@@@XZ 10044071 f i qui:qwidgetfactory.obj
 0002:00016082       ??1?$QMapPrivate@PAVQTable@@V?$QValueList@UField@QWidgetFactory@@@@@@QAE@XZ 10044082 f i qui:qwidgetfactory.obj
 0002:000160aa       ?derefAndDelete@?$QValueListPrivate@UField@QWidgetFactory@@@@QAEXXZ 100440aa f i qui:qwidgetfactory.obj
 0002:000160be       ?derefAndDelete@?$QValueListPrivate@VQPixmap@@@@QAEXXZ 100440be f i qui:qwidgetfactory.obj
 0002:000160d2       ??_G?$QMapNode@VQString@@VQStringList@@@@QAEPAXI@Z 100440d2 f i qui:qwidgetfactory.obj
 0002:00016104       ??_G?$QMapNode@PAVQWidget@@USqlWidgetConnection@QWidgetFactory@@@@QAEPAXI@Z 10044104 f i qui:qwidgetfactory.obj
 0002:0001613c       ?inc@?$QMapIterator@VQString@@V1@@@AAEHXZ 1004413c f i qui:qwidgetfactory.obj
 0002:00016175       ?detachInternal@?$QValueList@UImage@QWidgetFactory@@@@AAEXXZ 10044175 f i qui:qwidgetfactory.obj
 0002:000161a5       ?inc@?$QMapIterator@VQString@@VQStringList@@@@AAEHXZ 100441a5 f i qui:qwidgetfactory.obj
 0002:000161de       ?insert@?$QMap@VQString@@VQStringList@@@@QAE?AV?$QMapIterator@VQString@@VQStringList@@@@ABVQString@@ABVQStringList@@_N@Z 100441de f i qui:qwidgetfactory.obj
 0002:0001624f       ?detachInternal@?$QMap@VQString@@VQStringList@@@@AAEXXZ 1004424f f i qui:qwidgetfactory.obj
 0002:0001627c       ?inc@?$QMapIterator@PAVQWidget@@USqlWidgetConnection@QWidgetFactory@@@@AAEHXZ 1004427c f i qui:qwidgetfactory.obj
 0002:000162b5       ?insert@?$QMap@PAVQWidget@@USqlWidgetConnection@QWidgetFactory@@@@QAE?AV?$QMapIterator@PAVQWidget@@USqlWidgetConnection@QWidgetFactory@@@@ABQAVQWidget@@ABUSqlWidgetConnection@QWidgetFactory@@_N@Z 100442b5 f i qui:qwidgetfactory.obj
 0002:00016316       ?detachInternal@?$QMap@PAVQWidget@@USqlWidgetConnection@QWidgetFactory@@@@AAEXXZ 10044316 f i qui:qwidgetfactory.obj
 0002:00016343       ?insert@?$QMap@PAVQTable@@V?$QValueList@UField@QWidgetFactory@@@@@@QAE?AV?$QMapIterator@PAVQTable@@V?$QValueList@UField@QWidgetFactory@@@@@@ABQAVQTable@@ABV?$QValueList@UField@QWidgetFactory@@@@_N@Z 10044343 f i qui:qwidgetfactory.obj
 0002:000163b4       ?remove@?$QMap@PAVQTable@@V?$QValueList@UField@QWidgetFactory@@@@@@QAEXABQAVQTable@@@Z 100443b4 f i qui:qwidgetfactory.obj
 0002:00016410       ?detachInternal@?$QMap@PAVQTable@@V?$QValueList@UField@QWidgetFactory@@@@@@AAEXXZ 10044410 f i qui:qwidgetfactory.obj
 0002:0001643d       ?deleteItem@?$QPtrList@VQAction@@@@EAEXPAX@Z 1004443d f i qui:qwidgetfactory.obj
 0002:0001645b       ?deleteItem@?$QDict@_N@@EAEXPAX@Z 1004445b f i qui:qwidgetfactory.obj
 0002:00016472       ?deleteItem@?$QPtrList@VQWidgetFactory@@@@EAEXPAX@Z 10044472 f i qui:qwidgetfactory.obj
 0002:0001648e       ?detachInternal@?$QMap@VQString@@_N@@AAEXXZ 1004448e f i qui:qwidgetfactory.obj
 0002:000164bb       ?insert@?$QMap@PAVQWidget@@VQString@@@@QAE?AV?$QMapIterator@PAVQWidget@@VQString@@@@ABQAVQWidget@@ABVQString@@_N@Z 100444bb f i qui:qwidgetfactory.obj
 0002:0001651d       ?detachInternal@?$QValueList@UField@QWidgetFactory@@@@AAEXXZ 1004451d f i qui:qwidgetfactory.obj
 0002:0001654d       ?detachInternal@?$QValueList@VQPixmap@@@@AAEXXZ 1004454d f i qui:qwidgetfactory.obj
 0002:0001657d       ?find@?$QValueListPrivate@VQString@@@@QBEPAV?$QValueListNode@VQString@@@@PAV2@ABVQString@@@Z 1004457d f i qui:qwidgetfactory.obj
 0002:000165ba       ?at@?$QValueListPrivate@VQString@@@@QBEPAV?$QValueListNode@VQString@@@@I@Z 100445ba f i qui:qwidgetfactory.obj
 0002:00016608       ??0?$QValueListPrivate@UImage@QWidgetFactory@@@@QAE@XZ 10044608 f i qui:qwidgetfactory.obj
 0002:00016655       ?insert@?$QValueListPrivate@UImage@QWidgetFactory@@@@QAE?AV?$QValueListIterator@UImage@QWidgetFactory@@@@V2@ABUImage@QWidgetFactory@@@Z 10044655 f i qui:qwidgetfactory.obj
 0002:000166a8       ??0?$QMapPrivate@VQString@@VQStringList@@@@QAE@XZ 100446a8 f i qui:qwidgetfactory.obj
 0002:00016711       ?clear@?$QMapPrivate@VQString@@VQStringList@@@@QAEXXZ 10044711 f i qui:qwidgetfactory.obj
 0002:0001674b       ??0?$QMapPrivate@PAVQWidget@@USqlWidgetConnection@QWidgetFactory@@@@QAE@XZ 1004474b f i qui:qwidgetfactory.obj
 0002:000167b9       ?clear@?$QMapPrivate@PAVQWidget@@USqlWidgetConnection@QWidgetFactory@@@@QAEXXZ 100447b9 f i qui:qwidgetfactory.obj
 0002:000167f3       ??0?$QMapPrivate@PAVQTable@@V?$QValueList@UField@QWidgetFactory@@@@@@QAE@XZ 100447f3 f i qui:qwidgetfactory.obj
 0002:0001684f       ?clear@?$QMapPrivate@PAVQTable@@V?$QValueList@UField@QWidgetFactory@@@@@@QAEXXZ 1004484f f i qui:qwidgetfactory.obj
 0002:00016889       ?find@?$QMapPrivate@PAVQTable@@V?$QValueList@UField@QWidgetFactory@@@@@@QBE?AV?$QMapConstIterator@PAVQTable@@V?$QValueList@UField@QWidgetFactory@@@@@@ABQAVQTable@@@Z 10044889 f i qui:qwidgetfactory.obj
 0002:000168de       ??0?$QMapPrivate@VQString@@_N@@QAE@XZ 100448de f i qui:qwidgetfactory.obj
 0002:0001693b       ?find@?$QMapPrivate@VQString@@_N@@QBE?AV?$QMapConstIterator@VQString@@_N@@ABVQString@@@Z 1004493b f i qui:qwidgetfactory.obj
 0002:000169b0       ??0?$QMapPrivate@PAVQWidget@@VQString@@@@QAE@XZ 100449b0 f i qui:qwidgetfactory.obj
 0002:00016a0d       ??0?$QValueListPrivate@UField@QWidgetFactory@@@@QAE@XZ 10044a0d f i qui:qwidgetfactory.obj
 0002:00016a6a       ??0Field@QWidgetFactory@@QAE@XZ 10044a6a f i qui:qwidgetfactory.obj
 0002:00016a90       ?insert@?$QValueListPrivate@UField@QWidgetFactory@@@@QAE?AV?$QValueListIterator@UField@QWidgetFactory@@@@V2@ABUField@QWidgetFactory@@@Z 10044a90 f i qui:qwidgetfactory.obj
 0002:00016af1       ??0?$QValueListPrivate@VQPixmap@@@@QAE@XZ 10044af1 f i qui:qwidgetfactory.obj
 0002:00016b50       ??_E?$QValueListNode@VQPixmap@@@@UAEPAXI@Z 10044b50 f i qui:qwidgetfactory.obj
 0002:00016b50       ??_G?$QValueListNode@VQPixmap@@@@UAEPAXI@Z 10044b50 f i qui:qwidgetfactory.obj
 0002:00016b7f       ?insert@?$QValueListPrivate@VQPixmap@@@@QAE?AV?$QValueListIterator@VQPixmap@@@@V2@ABVQPixmap@@@Z 10044b7f f i qui:qwidgetfactory.obj
 0002:00016be1       ?at@?$QValueListPrivate@VQPixmap@@@@QBEPAV?$QValueListNode@VQPixmap@@@@I@Z 10044be1 f i qui:qwidgetfactory.obj
 0002:00016c2f       ??4SqlWidgetConnection@QWidgetFactory@@QAEAAU01@ABU01@@Z 10044c2f f i qui:qwidgetfactory.obj
 0002:00016c62       ??_G?$QValueListPrivate@UImage@QWidgetFactory@@@@UAEPAXI@Z 10044c62 f i qui:qwidgetfactory.obj
 0002:00016c62       ??_E?$QValueListPrivate@UImage@QWidgetFactory@@@@UAEPAXI@Z 10044c62 f i qui:qwidgetfactory.obj
 0002:00016c85       ??1?$QValueListPrivate@UImage@QWidgetFactory@@@@UAE@XZ 10044c85 f i qui:qwidgetfactory.obj
 0002:00016ccb       ??_E?$QValueListPrivate@UField@QWidgetFactory@@@@UAEPAXI@Z 10044ccb f i qui:qwidgetfactory.obj
 0002:00016ccb       ??_G?$QValueListPrivate@UField@QWidgetFactory@@@@UAEPAXI@Z 10044ccb f i qui:qwidgetfactory.obj
 0002:00016cee       ??1?$QValueListPrivate@UField@QWidgetFactory@@@@UAE@XZ 10044cee f i qui:qwidgetfactory.obj
 0002:00016d34       ??_G?$QValueListPrivate@VQPixmap@@@@UAEPAXI@Z 10044d34 f i qui:qwidgetfactory.obj
 0002:00016d34       ??_E?$QValueListPrivate@VQPixmap@@@@UAEPAXI@Z 10044d34 f i qui:qwidgetfactory.obj
 0002:00016d57       ??1?$QValueListPrivate@VQPixmap@@@@UAE@XZ 10044d57 f i qui:qwidgetfactory.obj
 0002:00016d9d       ??0?$QValueListNode@UImage@QWidgetFactory@@@@QAE@ABUImage@QWidgetFactory@@@Z 10044d9d f i qui:qwidgetfactory.obj
 0002:00016dd9       ??_G?$QValueListNode@UImage@QWidgetFactory@@@@UAEPAXI@Z 10044dd9 f i qui:qwidgetfactory.obj
 0002:00016dd9       ??_E?$QValueListNode@UImage@QWidgetFactory@@@@UAEPAXI@Z 10044dd9 f i qui:qwidgetfactory.obj
 0002:00016dfc       ??1?$QValueListNode@UImage@QWidgetFactory@@@@UAE@XZ 10044dfc f i qui:qwidgetfactory.obj
 0002:00016e20       ??0?$QValueListNode@UImage@QWidgetFactory@@@@QAE@XZ 10044e20 f i qui:qwidgetfactory.obj
 0002:00016e4b       ?remove@?$QMapPrivate@PAVQTable@@V?$QValueList@UField@QWidgetFactory@@@@@@QAEXV?$QMapIterator@PAVQTable@@V?$QValueList@UField@QWidgetFactory@@@@@@@Z 10044e4b f i qui:qwidgetfactory.obj
 0002:00016e92       ??_E?$QValueListNode@UField@QWidgetFactory@@@@UAEPAXI@Z 10044e92 f i qui:qwidgetfactory.obj
 0002:00016e92       ??_G?$QValueListNode@UField@QWidgetFactory@@@@UAEPAXI@Z 10044e92 f i qui:qwidgetfactory.obj
 0002:00016ec0       ??0Field@QWidgetFactory@@QAE@ABU01@@Z 10044ec0 f i qui:qwidgetfactory.obj
 0002:00016efc       ??0?$QValueListPrivate@UImage@QWidgetFactory@@@@QAE@ABV0@@Z 10044efc f i qui:qwidgetfactory.obj
 0002:00016f99       ??0?$QMapPrivate@VQString@@VQStringList@@@@QAE@PBV0@@Z 10044f99 f i qui:qwidgetfactory.obj
 0002:0001706b       ?clear@?$QMapPrivate@VQString@@VQStringList@@@@QAEXPAU?$QMapNode@VQString@@VQStringList@@@@@Z 1004506b f i qui:qwidgetfactory.obj
 0002:000170a9       ?insertSingle@?$QMapPrivate@VQString@@VQStringList@@@@QAE?AV?$QMapIterator@VQString@@VQStringList@@@@ABVQString@@@Z 100450a9 f i qui:qwidgetfactory.obj
 0002:0001714b       ??0?$QMapPrivate@PAVQWidget@@USqlWidgetConnection@QWidgetFactory@@@@QAE@PBV0@@Z 1004514b f i qui:qwidgetfactory.obj
 0002:00017225       ?clear@?$QMapPrivate@PAVQWidget@@USqlWidgetConnection@QWidgetFactory@@@@QAEXPAU?$QMapNode@PAVQWidget@@USqlWidgetConnection@QWidgetFactory@@@@@Z 10045225 f i qui:qwidgetfactory.obj
 0002:00017263       ?insertSingle@?$QMapPrivate@PAVQWidget@@USqlWidgetConnection@QWidgetFactory@@@@QAE?AV?$QMapIterator@PAVQWidget@@USqlWidgetConnection@QWidgetFactory@@@@ABQAVQWidget@@@Z 10045263 f i qui:qwidgetfactory.obj
 0002:000172f9       ??0?$QMapPrivate@PAVQTable@@V?$QValueList@UField@QWidgetFactory@@@@@@QAE@PBV0@@Z 100452f9 f i qui:qwidgetfactory.obj
 0002:000173be       ?clear@?$QMapPrivate@PAVQTable@@V?$QValueList@UField@QWidgetFactory@@@@@@QAEXPAU?$QMapNode@PAVQTable@@V?$QValueList@UField@QWidgetFactory@@@@@@@Z 100453be f i qui:qwidgetfactory.obj
 0002:00017404       ?insertSingle@?$QMapPrivate@PAVQTable@@V?$QValueList@UField@QWidgetFactory@@@@@@QAE?AV?$QMapIterator@PAVQTable@@V?$QValueList@UField@QWidgetFactory@@@@@@ABQAVQTable@@@Z 10045404 f i qui:qwidgetfactory.obj
 0002:0001749a       ??0?$QMapPrivate@VQString@@_N@@QAE@PBV0@@Z 1004549a f i qui:qwidgetfactory.obj
 0002:00017560       ?insertSingle@?$QMapPrivate@VQString@@_N@@QAE?AV?$QMapIterator@VQString@@_N@@ABVQString@@@Z 10045560 f i qui:qwidgetfactory.obj
 0002:00017602       ?detachInternal@?$QMap@PAVQWidget@@VQString@@@@AAEXXZ 10045602 f i qui:qwidgetfactory.obj
 0002:0001762f       ?insertSingle@?$QMapPrivate@PAVQWidget@@VQString@@@@QAE?AV?$QMapIterator@PAVQWidget@@VQString@@@@ABQAVQWidget@@@Z 1004562f f i qui:qwidgetfactory.obj
 0002:000176c5       ??0?$QValueListPrivate@UField@QWidgetFactory@@@@QAE@ABV0@@Z 100456c5 f i qui:qwidgetfactory.obj
 0002:00017770       ??0?$QValueListPrivate@VQPixmap@@@@QAE@ABV0@@Z 10045770 f i qui:qwidgetfactory.obj
 0002:0001781c       ??0?$QValueListIterator@UImage@QWidgetFactory@@@@QAE@ABV0@@Z 1004581c f i qui:qwidgetfactory.obj
 0002:0001782c       ??0?$QValueListIterator@UField@QWidgetFactory@@@@QAE@ABV0@@Z 1004582c f i qui:qwidgetfactory.obj
 0002:0001783c       ??0?$QValueListIterator@VQPixmap@@@@QAE@ABV0@@Z 1004583c f i qui:qwidgetfactory.obj
 0002:0001784c       ?copy@?$QMapPrivate@VQString@@VQStringList@@@@QAEPAU?$QMapNode@VQString@@VQStringList@@@@PAU2@@Z 1004584c f i qui:qwidgetfactory.obj
 0002:000178d3       ?insert@?$QMapPrivate@VQString@@VQStringList@@@@QAE?AV?$QMapIterator@VQString@@VQStringList@@@@PAUQMapNodeBase@@0ABVQString@@@Z 100458d3 f i qui:qwidgetfactory.obj
 0002:0001798d       ?dec@?$QMapIterator@VQString@@VQStringList@@@@AAEHXZ 1004598d f i qui:qwidgetfactory.obj
 0002:000179d1       ?copy@?$QMapPrivate@PAVQWidget@@USqlWidgetConnection@QWidgetFactory@@@@QAEPAU?$QMapNode@PAVQWidget@@USqlWidgetConnection@QWidgetFactory@@@@PAU2@@Z 100459d1 f i qui:qwidgetfactory.obj
 0002:00017a58       ?insert@?$QMapPrivate@PAVQWidget@@USqlWidgetConnection@QWidgetFactory@@@@QAE?AV?$QMapIterator@PAVQWidget@@USqlWidgetConnection@QWidgetFactory@@@@PAUQMapNodeBase@@0ABQAVQWidget@@@Z 10045a58 f i qui:qwidgetfactory.obj
 0002:00017b1d       ?dec@?$QMapIterator@PAVQWidget@@USqlWidgetConnection@QWidgetFactory@@@@AAEHXZ 10045b1d f i qui:qwidgetfactory.obj
 0002:00017b61       ?copy@?$QMapPrivate@PAVQTable@@V?$QValueList@UField@QWidgetFactory@@@@@@QAEPAU?$QMapNode@PAVQTable@@V?$QValueList@UField@QWidgetFactory@@@@@@PAU2@@Z 10045b61 f i qui:qwidgetfactory.obj
 0002:00017be8       ?insert@?$QMapPrivate@PAVQTable@@V?$QValueList@UField@QWidgetFactory@@@@@@QAE?AV?$QMapIterator@PAVQTable@@V?$QValueList@UField@QWidgetFactory@@@@@@PAUQMapNodeBase@@0ABQAVQTable@@@Z 10045be8 f i qui:qwidgetfactory.obj
 0002:00017c9a       ?dec@?$QMapIterator@PAVQTable@@V?$QValueList@UField@QWidgetFactory@@@@@@AAEHXZ 10045c9a f i qui:qwidgetfactory.obj
 0002:00017cde       ?copy@?$QMapPrivate@VQString@@_N@@QAEPAU?$QMapNode@VQString@@_N@@PAU2@@Z 10045cde f i qui:qwidgetfactory.obj
 0002:00017d65       ?insert@?$QMapPrivate@VQString@@_N@@QAE?AV?$QMapIterator@VQString@@_N@@PAUQMapNodeBase@@0ABVQString@@@Z 10045d65 f i qui:qwidgetfactory.obj
 0002:00017e2e       ?dec@?$QMapIterator@VQString@@_N@@AAEHXZ 10045e2e f i qui:qwidgetfactory.obj
 0002:00017e72       ??0?$QMapPrivate@PAVQWidget@@VQString@@@@QAE@PBV0@@Z 10045e72 f i qui:qwidgetfactory.obj
 0002:00017f38       ?insert@?$QMapPrivate@PAVQWidget@@VQString@@@@QAE?AV?$QMapIterator@PAVQWidget@@VQString@@@@PAUQMapNodeBase@@0ABQAVQWidget@@@Z 10045f38 f i qui:qwidgetfactory.obj
 0002:00017fec       ?dec@?$QMapIterator@PAVQWidget@@VQString@@@@AAEHXZ 10045fec f i qui:qwidgetfactory.obj
 0002:00018030       ??0?$QMapNode@PAVQTable@@V?$QValueList@UField@QWidgetFactory@@@@@@QAE@ABU0@@Z 10046030 f i qui:qwidgetfactory.obj
 0002:00018072       ??0?$QMapNode@VQString@@VQStringList@@@@QAE@ABVQString@@@Z 10046072 f i qui:qwidgetfactory.obj
 0002:000180a7       ??0?$QMapNode@VQString@@VQStringList@@@@QAE@ABU0@@Z 100460a7 f i qui:qwidgetfactory.obj
 0002:00018102       ??0?$QMapNode@PAVQWidget@@USqlWidgetConnection@QWidgetFactory@@@@QAE@ABU0@@Z 10046102 f i qui:qwidgetfactory.obj
 0002:00018143       ??0?$QMapNode@VQString@@_N@@QAE@ABU0@@Z 10046143 f i qui:qwidgetfactory.obj
 0002:0001817c       ?copy@?$QMapPrivate@PAVQWidget@@VQString@@@@QAEPAU?$QMapNode@PAVQWidget@@VQString@@@@PAU2@@Z 1004617c f i qui:qwidgetfactory.obj
 0002:00018203       ??0?$QMapNode@PAVQWidget@@VQString@@@@QAE@ABU0@@Z 10046203 f i qui:qwidgetfactory.obj
 0002:0001823a       ??_EQDateTimeEdit@@WCI@AEPAXI@Z 1004623a f i qui:qwidgetfactory.obj
 0002:00018244       ??_EQGrid@@WCI@AEPAXI@Z    10046244 f i qui:qwidgetfactory.obj
 0002:0001824e       ??_EQRadioButton@@WCI@AEPAXI@Z 1004624e f i qui:qwidgetfactory.obj
 0002:00018258       ??_EQLCDNumber@@WCI@AEPAXI@Z 10046258 f i qui:qwidgetfactory.obj
 0002:00018262       ??_EQGridLayout@@WCI@AEPAXI@Z 10046262 f i qui:qwidgetfactory.obj
 0002:0001826c       ??_EQPopupMenu@@WCI@AEPAXI@Z 1004626c f i qui:qwidgetfactory.obj
 0002:00018276       ??_EQPopupMenu@@WIM@AEPAXI@Z 10046276 f i qui:qwidgetfactory.obj
 0002:00018283       ??_EQSplitter@@WCI@AEPAXI@Z 10046283 f i qui:qwidgetfactory.obj
 0002:0001828d       ??_EQTimeEdit@@WCI@AEPAXI@Z 1004628d f i qui:qwidgetfactory.obj
 0002:00018297       ??_EQTextView@@WCI@AEPAXI@Z 10046297 f i qui:qwidgetfactory.obj
 0002:000182a1       ??_EQSpinBox@@WCI@AEPAXI@Z 100462a1 f i qui:qwidgetfactory.obj
 0002:000182ab       ??_EQSpinBox@@WGM@AEPAXI@Z 100462ab f i qui:qwidgetfactory.obj
 0002:000182b5       ??_EQToolBox@@WCI@AEPAXI@Z 100462b5 f i qui:qwidgetfactory.obj
 0002:000182bf       ??_EQDial@@WCI@AEPAXI@Z    100462bf f i qui:qwidgetfactory.obj
 0002:000182c9       ??_EQDial@@WGM@AEPAXI@Z    100462c9 f i qui:qwidgetfactory.obj
 0002:000182d3       ??_EQGroupBox@@WCI@AEPAXI@Z 100462d3 f i qui:qwidgetfactory.obj
 0002:000182dd       ??_EQHBox@@WCI@AEPAXI@Z    100462dd f i qui:qwidgetfactory.obj
 0002:000182e7       ??_EQListBox@@WCI@AEPAXI@Z 100462e7 f i qui:qwidgetfactory.obj
 0002:000182f1       ??_EQDataTable@@WCI@AEPAXI@Z 100462f1 f i qui:qwidgetfactory.obj
 0002:000182fb       ??_EQTextBrowser@@WCI@AEPAXI@Z 100462fb f i qui:qwidgetfactory.obj
 0002:00018305       ??_EQLineEdit@@WCI@AEPAXI@Z 10046305 f i qui:qwidgetfactory.obj
 0002:0001830f       ??_EQWidgetStack@@WCI@AEPAXI@Z 1004630f f i qui:qwidgetfactory.obj
 0002:00018319       ??_EQTabWidget@@WCI@AEPAXI@Z 10046319 f i qui:qwidgetfactory.obj
 0002:00018323       ??_EQFrame@@WCI@AEPAXI@Z   10046323 f i qui:qwidgetfactory.obj
 0002:0001832d       ??_EQDateEdit@@WCI@AEPAXI@Z 1004632d f i qui:qwidgetfactory.obj
 0002:00018337       ??_EQLabel@@WCI@AEPAXI@Z   10046337 f i qui:qwidgetfactory.obj
 0002:00018341       ??_EQProgressBar@@WCI@AEPAXI@Z 10046341 f i qui:qwidgetfactory.obj
 0002:0001834b       ??_EQButtonGroup@@WCI@AEPAXI@Z 1004634b f i qui:qwidgetfactory.obj
 0002:00018355       ??_EQToolBar@@WCI@AEPAXI@Z 10046355 f i qui:qwidgetfactory.obj
 0002:0001835f       ??_EQWidget@@WCI@AEPAXI@Z  1004635f f i qui:qwidgetfactory.obj
 0002:00018369       ??_EQVBox@@WCI@AEPAXI@Z    10046369 f i qui:qwidgetfactory.obj
 0002:00018373       ??_EQDialog@@WCI@AEPAXI@Z  10046373 f i qui:qwidgetfactory.obj
 0002:0001837d       ??_EQMainWindow@@WCI@AEPAXI@Z 1004637d f i qui:qwidgetfactory.obj
 0002:00018387       ??_EQToolButton@@WCI@AEPAXI@Z 10046387 f i qui:qwidgetfactory.obj
 0002:00018391       ??_EQListView@@WCI@AEPAXI@Z 10046391 f i qui:qwidgetfactory.obj
 0002:0001839b       ??_EQIconView@@WCI@AEPAXI@Z 1004639b f i qui:qwidgetfactory.obj
 0002:000183a5       ??_EQTable@@WCI@AEPAXI@Z   100463a5 f i qui:qwidgetfactory.obj
 0002:000183af       ??_EQScrollBar@@WCI@AEPAXI@Z 100463af f i qui:qwidgetfactory.obj
 0002:000183b9       ??_EQScrollBar@@WGM@AEPAXI@Z 100463b9 f i qui:qwidgetfactory.obj
 0002:000183c3       ??_EQSlider@@WCI@AEPAXI@Z  100463c3 f i qui:qwidgetfactory.obj
 0002:000183cd       ??_EQSlider@@WGM@AEPAXI@Z  100463cd f i qui:qwidgetfactory.obj
 0002:000183d7       ??_EQWizard@@WCI@AEPAXI@Z  100463d7 f i qui:qwidgetfactory.obj
 0002:000183e1       ??_EQMultiLineEdit@@WCI@AEPAXI@Z 100463e1 f i qui:qwidgetfactory.obj
 0002:000183eb       ??_EQSqlCursor@@W7AEPAXI@Z 100463eb f i qui:qwidgetfactory.obj
 0002:000183f5       ?value@QSqlCursor@@W7BE?AVQVariant@@H@Z 100463f5 f i qui:qwidgetfactory.obj
 0002:00018400       ??_EQComboBox@@WCI@AEPAXI@Z 10046400 f i qui:qwidgetfactory.obj
 0002:0001840a       ??0DatabaseSupport2@@QAE@XZ 1004640a f   qui:database.obj
 0002:0001843e       ??_GDatabaseSupport2@@UAEPAXI@Z 1004643e f i qui:database.obj
 0002:0001843e       ??_EDatabaseSupport2@@UAEPAXI@Z 1004643e f i qui:database.obj
 0002:00018478       ?initPreview@DatabaseSupport2@@QAEXABVQString@@0PAVQObject@@ABV?$QMap@VQString@@V1@@@@Z 10046478 f   qui:database.obj
 0002:000185d8       ??_EQSqlForm@@UAEPAXI@Z    100465d8 f i qui:database.obj
 0002:000185d8       ??_GQSqlForm@@UAEPAXI@Z    100465d8 f i qui:database.obj
 0002:000185fc       ??0QDesignerDataBrowser2@@QAE@PAVQWidget@@PBD@Z 100465fc f   qui:database.obj
 0002:00018642       ?metaObject@QDesignerDataBrowser2@@UBEPAVQMetaObject@@XZ 10046642 f i qui:database.obj
 0002:00018647       ??_GQDesignerDataBrowser2@@UAEPAXI@Z 10046647 f i qui:database.obj
 0002:00018647       ??_EQDesignerDataBrowser2@@UAEPAXI@Z 10046647 f i qui:database.obj
 0002:0001866a       ??1QDesignerDataBrowser2@@UAE@XZ 1004666a f i qui:database.obj
 0002:000186a8       ?event@QDesignerDataBrowser2@@MAE_NPAVQEvent@@@Z 100466a8 f   qui:database.obj
 0002:00018748       ??0QDesignerDataView2@@QAE@PAVQWidget@@PBD@Z 10046748 f   qui:database.obj
 0002:0001878e       ?metaObject@QDesignerDataView2@@UBEPAVQMetaObject@@XZ 1004678e f i qui:database.obj
 0002:00018793       ??_EQDesignerDataView2@@UAEPAXI@Z 10046793 f i qui:database.obj
 0002:00018793       ??_GQDesignerDataView2@@UAEPAXI@Z 10046793 f i qui:database.obj
 0002:000187b6       ??1QDesignerDataView2@@UAE@XZ 100467b6 f i qui:database.obj
 0002:000187f4       ?event@QDesignerDataView2@@MAE_NPAVQEvent@@@Z 100467f4 f   qui:database.obj
 0002:00018833       ??_EQDesignerDataView2@@WCI@AEPAXI@Z 10046833 f i qui:database.obj
 0002:0001883d       ??_EQDesignerDataView2@@WHA@AEPAXI@Z 1004683d f i qui:database.obj
 0002:00018847       ??_EQDesignerDataBrowser2@@WCI@AEPAXI@Z 10046847 f i qui:database.obj
 0002:00018851       ??_EQDesignerDataBrowser2@@WHA@AEPAXI@Z 10046851 f i qui:database.obj
 0002:0001885b       ?readProperty@DomTool@@SA?AVQVariant@@ABVQDomElement@@ABVQString@@ABV2@AAV4@@Z 1004685b f   qui:domtool.obj
 0002:000189f1       ?readProperty@DomTool@@SA?AVQVariant@@ABVQDomElement@@ABVQString@@ABV2@@Z 100469f1 f   qui:domtool.obj
 0002:00018a30       ?hasProperty@DomTool@@SA_NABVQDomElement@@ABVQString@@@Z 10046a30 f   qui:domtool.obj
 0002:00018b73       ?propertiesOfType@DomTool@@SA?AVQStringList@@ABVQDomElement@@ABVQString@@@Z 10046b73 f   qui:domtool.obj
 0002:00018d4a       ?elementToVariant@DomTool@@SA?AVQVariant@@ABVQDomElement@@ABV2@@Z 10046d4a f   qui:domtool.obj
 0002:00018d86       ?elementToVariant@DomTool@@SA?AVQVariant@@ABVQDomElement@@ABV2@AAVQString@@@Z 10046d86 f   qui:domtool.obj
 0002:0001b285       ?readColor@DomTool@@SA?AVQColor@@ABVQDomElement@@@Z 10049285 f   qui:domtool.obj
 0002:0001b4fe       ?readAttribute@DomTool@@SA?AVQVariant@@ABVQDomElement@@ABVQString@@ABV2@AAV4@@Z 100494fe f   qui:domtool.obj
 0002:0001b694       ?readAttribute@DomTool@@SA?AVQVariant@@ABVQDomElement@@ABVQString@@ABV2@@Z 10049694 f   qui:domtool.obj
 0002:0001b6d3       ?hasAttribute@DomTool@@SA_NABVQDomElement@@ABVQString@@@Z 100496d3 f   qui:domtool.obj
 0002:0001b816       ?fixDocument@DomTool@@SAXAAVQDomDocument@@@Z 10049816 f   qui:domtool.obj
 0002:0001c5ac       ??0UibStrTable@@QAE@XZ     1004a5ac f   qui:uib.obj
 0002:0001c609       ?className@QDesignerDataBrowser2@@UBEPBDXZ 1004a609 f   qui:moc_database2.obj
 0002:0001c652       ?tr@QDesignerDataBrowser2@@SA?AVQString@@PBD0@Z 1004a652 f   qui:moc_database2.obj
 0002:0001c69d       ?trUtf8@QDesignerDataBrowser2@@SA?AVQString@@PBD0@Z 1004a69d f   qui:moc_database2.obj
 0002:0001c6e8       ?staticMetaObject@QDesignerDataBrowser2@@SAPAVQMetaObject@@XZ 1004a6e8 f   qui:moc_database2.obj
 0002:0001c740       ?qt_cast@QDesignerDataBrowser2@@UAEPAXPBD@Z 1004a740 f   qui:moc_database2.obj
 0002:0001c7c5       ?qt_invoke@QDesignerDataBrowser2@@UAE_NHPAUQUObject@@@Z 1004a7c5 f   qui:moc_database2.obj
 0002:0001c7da       ?qt_emit@QDesignerDataBrowser2@@UAE_NHPAUQUObject@@@Z 1004a7da f   qui:moc_database2.obj
 0002:0001c7ef       ?qt_property@QDesignerDataBrowser2@@UAE_NHHPAVQVariant@@@Z 1004a7ef f   qui:moc_database2.obj
 0002:0001c809       ?qt_static_property@QDesignerDataBrowser2@@SA_NPAVQObject@@HHPAVQVariant@@@Z 1004a809 f   qui:moc_database2.obj
 0002:0001c80c       ?className@QDesignerDataView2@@UBEPBDXZ 1004a80c f   qui:moc_database2.obj
 0002:0001c855       ?tr@QDesignerDataView2@@SA?AVQString@@PBD0@Z 1004a855 f   qui:moc_database2.obj
 0002:0001c8a0       ?trUtf8@QDesignerDataView2@@SA?AVQString@@PBD0@Z 1004a8a0 f   qui:moc_database2.obj
 0002:0001c8eb       ?staticMetaObject@QDesignerDataView2@@SAPAVQMetaObject@@XZ 1004a8eb f   qui:moc_database2.obj
 0002:0001c943       ?qt_cast@QDesignerDataView2@@UAEPAXPBD@Z 1004a943 f   qui:moc_database2.obj
 0002:0001c9c8       ?qt_invoke@QDesignerDataView2@@UAE_NHPAUQUObject@@@Z 1004a9c8 f   qui:moc_database2.obj
 0002:0001c9dd       ?qt_emit@QDesignerDataView2@@UAE_NHPAUQUObject@@@Z 1004a9dd f   qui:moc_database2.obj
 0002:0001c9f2       ?qt_property@QDesignerDataView2@@UAE_NHHPAVQVariant@@@Z 1004a9f2 f   qui:moc_database2.obj
 0002:0001ca0c       ?qt_static_property@QDesignerDataView2@@SA_NPAVQObject@@HHPAVQVariant@@@Z 1004aa0c f   qui:moc_database2.obj
 0002:0001e310       ??0bncs_client_runtime@@QAE@PAVQWidget@@PBDI@Z 1004c310 f   bncs_client_runtime.obj
 0002:0001e4c0       ??1bncs_client_runtime@@UAE@XZ 1004c4c0 f   bncs_client_runtime.obj
 0002:0001e6b0       ?contextMenuEvent@bncs_client_runtime@@UAEXPAVQContextMenuEvent@@@Z 1004c6b0 f   bncs_client_runtime.obj
 0002:0001f320       ?paintEvent@bncs_client_runtime@@UAEXPAVQPaintEvent@@@Z 1004d320 f   bncs_client_runtime.obj
 0002:0001f4e0       ?setCaption@bncs_client_runtime@@UAEXABVQString@@@Z 1004d4e0 f   bncs_client_runtime.obj
 0002:0001fd50       ?setWidgetList@bncs_client_runtime@@QAEXABVQWidgetList@@@Z 1004dd50 f   bncs_client_runtime.obj
 0002:0001fdb0       ?widgetList@bncs_client_runtime@@QBE?AVQWidgetList@@XZ 1004ddb0 f   bncs_client_runtime.obj
 0002:0001fe20       ?setFilePath@bncs_client_runtime@@QAEXABVQString@@@Z 1004de20 f   bncs_client_runtime.obj
 0002:0001fe80       ?filePath@bncs_client_runtime@@QAE?AVQString@@XZ 1004de80 f   bncs_client_runtime.obj
 0002:0001fef0       ?addWidgetToList@bncs_client_runtime@@QAEXPAVQWidget@@@Z 1004def0 f   bncs_client_runtime.obj
 0002:0001ff50       ?removeWidgetFromList@bncs_client_runtime@@QAE_NPAVQWidget@@@Z 1004df50 f   bncs_client_runtime.obj
 0002:0001ffb0       ?connectionTriggerEvent@bncs_client_runtime@@AAEXABVQString@@0@Z 1004dfb0 f   bncs_client_runtime.obj
 0002:00021cb0       ?notifyIn@bncs_client_runtime@@QAEXAAVQString@@@Z 1004fcb0 f   bncs_client_runtime.obj
 0002:00021e40       ?addConnection@bncs_client_runtime@@QAEXABVQString@@0000@Z 1004fe40 f   bncs_client_runtime.obj
 0002:000220c0       ?addConnection@bncs_client_runtime@@QAEXPAVQWidget@@@Z 100500c0 f   bncs_client_runtime.obj
 0002:00022140       ?cdbDestroyed@bncs_client_runtime@@AAEXXZ 10050140 f   bncs_client_runtime.obj
 0002:00022180       ?doShowIncomingEvent@bncs_client_runtime@@AAEX_N@Z 10050180 f   bncs_client_runtime.obj
 0002:000221c0       ?ccTimerCallback@bncs_client_runtime@@MAEXH@Z 100501c0 f   bncs_client_runtime.obj
 0002:00023330       ??$_Allocate@D@std@@YAPADIPAD@Z 10051330 f i bncs_client_runtime.obj
 0002:000233c0       ??$_Allocate@U_Container_proxy@std@@@std@@YAPAU_Container_proxy@0@IPAU10@@Z 100513c0 f i bncs_client_runtime.obj
 0002:00023460       ??$_Debug_pointer@D@std@@YAXPBDPB_WI@Z 10051460 f i bncs_client_runtime.obj
 0002:000234d0       ??$addressof@D@std@@YAPADAAD@Z 100514d0 f i bncs_client_runtime.obj
 0002:00023510       ??$construct@PADAAPAD@?$_Wrap_alloc@V?$allocator@D@std@@@std@@QAEXPAPADAAPAD@Z 10051510 f i bncs_client_runtime.obj
 0002:00023580       ??$construct@PADAAPAD@?$allocator@D@std@@QAEXPAPADAAPAD@Z 10051580 f i bncs_client_runtime.obj
 0002:00023680       ??$construct@PADAAPAD@?$allocator_traits@V?$allocator@D@std@@@std@@SAXAAV?$allocator@D@1@PAPADAAPAD@Z 10051680 f i bncs_client_runtime.obj
 0002:000236e0       ??$construct@U_Container_proxy@std@@U12@@?$allocator@U_Container_proxy@std@@@std@@QAEXPAU_Container_proxy@1@$$QAU21@@Z 100516e0 f i bncs_client_runtime.obj
 0002:000237f0       ??$destroy@PAD@?$_Wrap_alloc@V?$allocator@D@std@@@std@@QAEXPAPAD@Z 100517f0 f i bncs_client_runtime.obj
 0002:00023850       ??$destroy@PAD@?$allocator@D@std@@QAEXPAPAD@Z 10051850 f i bncs_client_runtime.obj
 0002:00023890       ??$destroy@PAD@?$allocator_traits@V?$allocator@D@std@@@std@@SAXAAV?$allocator@D@1@PAPAD@Z 10051890 f i bncs_client_runtime.obj
 0002:000238e0       ??$destroy@U_Container_proxy@std@@@?$allocator@U_Container_proxy@std@@@std@@QAEXPAU_Container_proxy@1@@Z 100518e0 f i bncs_client_runtime.obj
 0002:00023920       ??$forward@AAPAD@std@@YAAAPADAAPAD@Z 10051920 f i bncs_client_runtime.obj
 0002:00023960       ??$forward@U_Container_proxy@std@@@std@@YA$$QAU_Container_proxy@0@AAU10@@Z 10051960 f i bncs_client_runtime.obj
 0002:000239a0       ??0?$QMap@VQString@@VcomplexInstance@@@@QAE@ABV0@@Z 100519a0 f i bncs_client_runtime.obj
 0002:00023a10       ??0?$QMap@VQString@@VcomplexInstance@@@@QAE@XZ 10051a10 f i bncs_client_runtime.obj
 0002:00023b00       ??0?$QMap@VQString@@VcomplexParam@@@@QAE@ABV0@@Z 10051b00 f i bncs_client_runtime.obj
 0002:00023b70       ??0?$QMap@VQString@@VcomplexParam@@@@QAE@XZ 10051b70 f i bncs_client_runtime.obj
 0002:00023c60       ??0?$QMap@VQString@@VcomplexType@@@@QAE@ABV0@@Z 10051c60 f i bncs_client_runtime.obj
 0002:00023cd0       ??0?$QMap@VQString@@VcomplexType@@@@QAE@XZ 10051cd0 f i bncs_client_runtime.obj
 0002:00023dc0       ??0?$QMap@VQString@@VdeviceTypeInfo@@@@QAE@ABV0@@Z 10051dc0 f i bncs_client_runtime.obj
 0002:00023e30       ??0?$QMap@VQString@@VdeviceTypeInfo@@@@QAE@XZ 10051e30 f i bncs_client_runtime.obj
 0002:00023f20       ??0?$QMap@VQString@@VinstanceInfo@@@@QAE@ABV0@@Z 10051f20 f i bncs_client_runtime.obj
 0002:00023f90       ??0?$QMap@VQString@@VinstanceInfo@@@@QAE@XZ 10051f90 f i bncs_client_runtime.obj
 0002:00024080       ??0?$QMap@VQString@@VparamInfo@@@@QAE@ABV0@@Z 10052080 f i bncs_client_runtime.obj
 0002:000240f0       ??0?$QMap@VQString@@VparamInfo@@@@QAE@XZ 100520f0 f i bncs_client_runtime.obj
 0002:000241e0       ??0?$QMapConstIterator@VQString@@VcomplexInstance@@@@QAE@PAU?$QMapNode@VQString@@VcomplexInstance@@@@@Z 100521e0 f i bncs_client_runtime.obj
 0002:00024230       ??0?$QMapConstIterator@VQString@@VcomplexParam@@@@QAE@PAU?$QMapNode@VQString@@VcomplexParam@@@@@Z 10052230 f i bncs_client_runtime.obj
 0002:00024280       ??0?$QMapConstIterator@VQString@@VcomplexType@@@@QAE@PAU?$QMapNode@VQString@@VcomplexType@@@@@Z 10052280 f i bncs_client_runtime.obj
 0002:000242d0       ??0?$QMapConstIterator@VQString@@VdeviceTypeInfo@@@@QAE@PAU?$QMapNode@VQString@@VdeviceTypeInfo@@@@@Z 100522d0 f i bncs_client_runtime.obj
 0002:00024320       ??0?$QMapConstIterator@VQString@@VinstanceInfo@@@@QAE@PAU?$QMapNode@VQString@@VinstanceInfo@@@@@Z 10052320 f i bncs_client_runtime.obj
 0002:00024370       ??0?$QMapConstIterator@VQString@@VparamInfo@@@@QAE@PAU?$QMapNode@VQString@@VparamInfo@@@@@Z 10052370 f i bncs_client_runtime.obj
 0002:000243c0       ??0?$QMapIterator@VQString@@VcomplexInstance@@@@QAE@ABV0@@Z 100523c0 f i bncs_client_runtime.obj
 0002:00024410       ??0?$QMapIterator@VQString@@VcomplexInstance@@@@QAE@PAU?$QMapNode@VQString@@VcomplexInstance@@@@@Z 10052410 f i bncs_client_runtime.obj
 0002:00024460       ??0?$QMapIterator@VQString@@VcomplexParam@@@@QAE@ABV0@@Z 10052460 f i bncs_client_runtime.obj
 0002:000244b0       ??0?$QMapIterator@VQString@@VcomplexParam@@@@QAE@PAU?$QMapNode@VQString@@VcomplexParam@@@@@Z 100524b0 f i bncs_client_runtime.obj
 0002:00024500       ??0?$QMapIterator@VQString@@VcomplexType@@@@QAE@ABV0@@Z 10052500 f i bncs_client_runtime.obj
 0002:00024550       ??0?$QMapIterator@VQString@@VcomplexType@@@@QAE@PAU?$QMapNode@VQString@@VcomplexType@@@@@Z 10052550 f i bncs_client_runtime.obj
 0002:000245a0       ??0?$QMapIterator@VQString@@VdeviceTypeInfo@@@@QAE@ABV0@@Z 100525a0 f i bncs_client_runtime.obj
 0002:000245f0       ??0?$QMapIterator@VQString@@VdeviceTypeInfo@@@@QAE@PAU?$QMapNode@VQString@@VdeviceTypeInfo@@@@@Z 100525f0 f i bncs_client_runtime.obj
 0002:00024640       ??0?$QMapIterator@VQString@@VinstanceInfo@@@@QAE@ABV0@@Z 10052640 f i bncs_client_runtime.obj
 0002:00024690       ??0?$QMapIterator@VQString@@VinstanceInfo@@@@QAE@PAU?$QMapNode@VQString@@VinstanceInfo@@@@@Z 10052690 f i bncs_client_runtime.obj
 0002:000246e0       ??0?$QMapIterator@VQString@@VparamInfo@@@@QAE@ABV0@@Z 100526e0 f i bncs_client_runtime.obj
 0002:00024730       ??0?$QMapIterator@VQString@@VparamInfo@@@@QAE@PAU?$QMapNode@VQString@@VparamInfo@@@@@Z 10052730 f i bncs_client_runtime.obj
 0002:00024780       ??0?$QMapNode@VQString@@VcomplexInstance@@@@QAE@ABU0@@Z 10052780 f i bncs_client_runtime.obj
 0002:00024890       ??0?$QMapNode@VQString@@VcomplexInstance@@@@QAE@ABVQString@@@Z 10052890 f i bncs_client_runtime.obj
 0002:00024980       ??0?$QMapNode@VQString@@VcomplexInstance@@@@QAE@XZ 10052980 f i bncs_client_runtime.obj
 0002:00024a50       ??0?$QMapNode@VQString@@VcomplexParam@@@@QAE@ABU0@@Z 10052a50 f i bncs_client_runtime.obj
 0002:00024b60       ??0?$QMapNode@VQString@@VcomplexParam@@@@QAE@ABVQString@@@Z 10052b60 f i bncs_client_runtime.obj
 0002:00024c50       ??0?$QMapNode@VQString@@VcomplexParam@@@@QAE@XZ 10052c50 f i bncs_client_runtime.obj
 0002:00024d20       ??0?$QMapNode@VQString@@VcomplexType@@@@QAE@ABU0@@Z 10052d20 f i bncs_client_runtime.obj
 0002:00024e30       ??0?$QMapNode@VQString@@VcomplexType@@@@QAE@ABVQString@@@Z 10052e30 f i bncs_client_runtime.obj
 0002:00024f20       ??0?$QMapNode@VQString@@VcomplexType@@@@QAE@XZ 10052f20 f i bncs_client_runtime.obj
 0002:00024ff0       ??0?$QMapNode@VQString@@VdeviceTypeInfo@@@@QAE@ABU0@@Z 10052ff0 f i bncs_client_runtime.obj
 0002:00025100       ??0?$QMapNode@VQString@@VdeviceTypeInfo@@@@QAE@ABVQString@@@Z 10053100 f i bncs_client_runtime.obj
 0002:000251f0       ??0?$QMapNode@VQString@@VdeviceTypeInfo@@@@QAE@XZ 100531f0 f i bncs_client_runtime.obj
 0002:000252c0       ??0?$QMapNode@VQString@@VinstanceInfo@@@@QAE@ABU0@@Z 100532c0 f i bncs_client_runtime.obj
 0002:000253d0       ??0?$QMapNode@VQString@@VinstanceInfo@@@@QAE@ABVQString@@@Z 100533d0 f i bncs_client_runtime.obj
 0002:000254c0       ??0?$QMapNode@VQString@@VinstanceInfo@@@@QAE@XZ 100534c0 f i bncs_client_runtime.obj
 0002:00025590       ??0?$QMapNode@VQString@@VparamInfo@@@@QAE@ABU0@@Z 10053590 f i bncs_client_runtime.obj
 0002:000256a0       ??0?$QMapNode@VQString@@VparamInfo@@@@QAE@ABVQString@@@Z 100536a0 f i bncs_client_runtime.obj
 0002:00025790       ??0?$QMapNode@VQString@@VparamInfo@@@@QAE@XZ 10053790 f i bncs_client_runtime.obj
 0002:00025860       ??0?$QMapPrivate@VQString@@VcomplexInstance@@@@QAE@PBV0@@Z 10053860 f i bncs_client_runtime.obj
 0002:00025a60       ??0?$QMapPrivate@VQString@@VcomplexInstance@@@@QAE@XZ 10053a60 f i bncs_client_runtime.obj
 0002:00025bb0       ??0?$QMapPrivate@VQString@@VcomplexParam@@@@QAE@PBV0@@Z 10053bb0 f i bncs_client_runtime.obj
 0002:00025db0       ??0?$QMapPrivate@VQString@@VcomplexParam@@@@QAE@XZ 10053db0 f i bncs_client_runtime.obj
 0002:00025f00       ??0?$QMapPrivate@VQString@@VcomplexType@@@@QAE@PBV0@@Z 10053f00 f i bncs_client_runtime.obj
 0002:00026100       ??0?$QMapPrivate@VQString@@VcomplexType@@@@QAE@XZ 10054100 f i bncs_client_runtime.obj
 0002:00026250       ??0?$QMapPrivate@VQString@@VdeviceTypeInfo@@@@QAE@PBV0@@Z 10054250 f i bncs_client_runtime.obj
 0002:00026450       ??0?$QMapPrivate@VQString@@VdeviceTypeInfo@@@@QAE@XZ 10054450 f i bncs_client_runtime.obj
 0002:000265a0       ??0?$QMapPrivate@VQString@@VinstanceInfo@@@@QAE@PBV0@@Z 100545a0 f i bncs_client_runtime.obj
 0002:000267a0       ??0?$QMapPrivate@VQString@@VinstanceInfo@@@@QAE@XZ 100547a0 f i bncs_client_runtime.obj
 0002:000268f0       ??0?$QMapPrivate@VQString@@VparamInfo@@@@QAE@PBV0@@Z 100548f0 f i bncs_client_runtime.obj
 0002:00026af0       ??0?$QMapPrivate@VQString@@VparamInfo@@@@QAE@XZ 10054af0 f i bncs_client_runtime.obj
 0002:00026c40       ??0?$QPair@V?$QMapIterator@VQString@@VcomplexInstance@@@@_N@@QAE@ABV?$QMapIterator@VQString@@VcomplexInstance@@@@AB_N@Z 10054c40 f i bncs_client_runtime.obj
 0002:00026cb0       ??0?$QPair@V?$QMapIterator@VQString@@VcomplexParam@@@@_N@@QAE@ABV?$QMapIterator@VQString@@VcomplexParam@@@@AB_N@Z 10054cb0 f i bncs_client_runtime.obj
 0002:00026d20       ??0?$QPair@V?$QMapIterator@VQString@@VcomplexType@@@@_N@@QAE@ABV?$QMapIterator@VQString@@VcomplexType@@@@AB_N@Z 10054d20 f i bncs_client_runtime.obj
 0002:00026d90       ??0?$QPair@V?$QMapIterator@VQString@@VdeviceTypeInfo@@@@_N@@QAE@ABV?$QMapIterator@VQString@@VdeviceTypeInfo@@@@AB_N@Z 10054d90 f i bncs_client_runtime.obj
 0002:00026e00       ??0?$QPair@V?$QMapIterator@VQString@@VinstanceInfo@@@@_N@@QAE@ABV?$QMapIterator@VQString@@VinstanceInfo@@@@AB_N@Z 10054e00 f i bncs_client_runtime.obj
 0002:00026e70       ??0?$QPair@V?$QMapIterator@VQString@@VparamInfo@@@@_N@@QAE@ABV?$QMapIterator@VQString@@VparamInfo@@@@AB_N@Z 10054e70 f i bncs_client_runtime.obj
 0002:00026ee0       ??0?$QPtrList@VsignalConnection@@@@QAE@ABV0@@Z 10054ee0 f i bncs_client_runtime.obj
 0002:00026f60       ??0?$QPtrList@VsignalConnection@@@@QAE@XZ 10054f60 f i bncs_client_runtime.obj
 0002:00026fd0       ??0?$QPtrListIterator@VsignalConnection@@@@QAE@ABV0@@Z 10054fd0 f i bncs_client_runtime.obj
 0002:00027040       ??0?$QPtrListIterator@VsignalConnection@@@@QAE@ABV?$QPtrList@VsignalConnection@@@@@Z 10055040 f i bncs_client_runtime.obj
 0002:000270b0       ??0?$QPtrListStdIterator@VQWidget@@@@QAE@PAVQLNode@@@Z 100550b0 f i bncs_client_runtime.obj
 0002:00027120       ??0?$QPtrListStdIterator@VsignalConnection@@@@QAE@PAVQLNode@@@Z 10055120 f i bncs_client_runtime.obj
 0002:00027190       ??0?$QValueList@VcomplexInstance@@@@QAE@ABV0@@Z 10055190 f i bncs_client_runtime.obj
 0002:00027210       ??0?$QValueList@VcomplexInstance@@@@QAE@XZ 10055210 f i bncs_client_runtime.obj
 0002:00027300       ??0?$QValueList@VcomplexParam@@@@QAE@ABV0@@Z 10055300 f i bncs_client_runtime.obj
 0002:00027380       ??0?$QValueList@VcomplexParam@@@@QAE@XZ 10055380 f i bncs_client_runtime.obj
 0002:00027470       ??0?$QValueList@VcomplexType@@@@QAE@ABV0@@Z 10055470 f i bncs_client_runtime.obj
 0002:000274f0       ??0?$QValueList@VcomplexType@@@@QAE@XZ 100554f0 f i bncs_client_runtime.obj
 0002:000275e0       ??0?$QValueList@VdeviceTypeInfo@@@@QAE@ABV0@@Z 100555e0 f i bncs_client_runtime.obj
 0002:00027660       ??0?$QValueList@VdeviceTypeInfo@@@@QAE@XZ 10055660 f i bncs_client_runtime.obj
 0002:00027750       ??0?$QValueList@VinstanceInfo@@@@QAE@ABV0@@Z 10055750 f i bncs_client_runtime.obj
 0002:000277d0       ??0?$QValueList@VinstanceInfo@@@@QAE@XZ 100557d0 f i bncs_client_runtime.obj
 0002:000278c0       ??0?$QValueList@VparamInfo@@@@QAE@ABV0@@Z 100558c0 f i bncs_client_runtime.obj
 0002:00027940       ??0?$QValueList@VparamInfo@@@@QAE@XZ 10055940 f i bncs_client_runtime.obj
 0002:00027a30       ??0?$QValueListIterator@VcomplexInstance@@@@QAE@ABV0@@Z 10055a30 f i bncs_client_runtime.obj
 0002:00027a80       ??0?$QValueListIterator@VcomplexInstance@@@@QAE@PAV?$QValueListNode@VcomplexInstance@@@@@Z 10055a80 f i bncs_client_runtime.obj
 0002:00027ad0       ??0?$QValueListIterator@VcomplexParam@@@@QAE@ABV0@@Z 10055ad0 f i bncs_client_runtime.obj
 0002:00027b20       ??0?$QValueListIterator@VcomplexParam@@@@QAE@PAV?$QValueListNode@VcomplexParam@@@@@Z 10055b20 f i bncs_client_runtime.obj
 0002:00027b70       ??0?$QValueListIterator@VcomplexType@@@@QAE@ABV0@@Z 10055b70 f i bncs_client_runtime.obj
 0002:00027bc0       ??0?$QValueListIterator@VcomplexType@@@@QAE@PAV?$QValueListNode@VcomplexType@@@@@Z 10055bc0 f i bncs_client_runtime.obj
 0002:00027c10       ??0?$QValueListIterator@VdeviceTypeInfo@@@@QAE@ABV0@@Z 10055c10 f i bncs_client_runtime.obj
 0002:00027c60       ??0?$QValueListIterator@VdeviceTypeInfo@@@@QAE@PAV?$QValueListNode@VdeviceTypeInfo@@@@@Z 10055c60 f i bncs_client_runtime.obj
 0002:00027cb0       ??0?$QValueListIterator@VinstanceInfo@@@@QAE@ABV0@@Z 10055cb0 f i bncs_client_runtime.obj
 0002:00027d00       ??0?$QValueListIterator@VinstanceInfo@@@@QAE@PAV?$QValueListNode@VinstanceInfo@@@@@Z 10055d00 f i bncs_client_runtime.obj
 0002:00027d50       ??0?$QValueListIterator@VparamInfo@@@@QAE@ABV0@@Z 10055d50 f i bncs_client_runtime.obj
 0002:00027da0       ??0?$QValueListIterator@VparamInfo@@@@QAE@PAV?$QValueListNode@VparamInfo@@@@@Z 10055da0 f i bncs_client_runtime.obj
 0002:00027df0       ??0?$QValueListNode@VcomplexInstance@@@@QAE@ABVcomplexInstance@@@Z 10055df0 f i bncs_client_runtime.obj
 0002:00027e70       ??0?$QValueListNode@VcomplexInstance@@@@QAE@XZ 10055e70 f i bncs_client_runtime.obj
 0002:00027ee0       ??0?$QValueListNode@VcomplexParam@@@@QAE@ABVcomplexParam@@@Z 10055ee0 f i bncs_client_runtime.obj
 0002:00027f60       ??0?$QValueListNode@VcomplexParam@@@@QAE@XZ 10055f60 f i bncs_client_runtime.obj
 0002:00027fd0       ??0?$QValueListNode@VcomplexType@@@@QAE@ABVcomplexType@@@Z 10055fd0 f i bncs_client_runtime.obj
 0002:00028050       ??0?$QValueListNode@VcomplexType@@@@QAE@XZ 10056050 f i bncs_client_runtime.obj
 0002:000280c0       ??0?$QValueListNode@VdeviceTypeInfo@@@@QAE@ABVdeviceTypeInfo@@@Z 100560c0 f i bncs_client_runtime.obj
 0002:00028140       ??0?$QValueListNode@VdeviceTypeInfo@@@@QAE@XZ 10056140 f i bncs_client_runtime.obj
 0002:000281b0       ??0?$QValueListNode@VinstanceInfo@@@@QAE@ABVinstanceInfo@@@Z 100561b0 f i bncs_client_runtime.obj
 0002:00028230       ??0?$QValueListNode@VinstanceInfo@@@@QAE@XZ 10056230 f i bncs_client_runtime.obj
 0002:000282a0       ??0?$QValueListNode@VparamInfo@@@@QAE@ABVparamInfo@@@Z 100562a0 f i bncs_client_runtime.obj
 0002:00028320       ??0?$QValueListNode@VparamInfo@@@@QAE@XZ 10056320 f i bncs_client_runtime.obj
 0002:00028390       ??0?$QValueListPrivate@VcomplexInstance@@@@QAE@ABV0@@Z 10056390 f i bncs_client_runtime.obj
 0002:000285e0       ??0?$QValueListPrivate@VcomplexInstance@@@@QAE@XZ 100565e0 f i bncs_client_runtime.obj
 0002:00028730       ??0?$QValueListPrivate@VcomplexParam@@@@QAE@ABV0@@Z 10056730 f i bncs_client_runtime.obj
 0002:00028980       ??0?$QValueListPrivate@VcomplexParam@@@@QAE@XZ 10056980 f i bncs_client_runtime.obj
 0002:00028ad0       ??0?$QValueListPrivate@VcomplexType@@@@QAE@ABV0@@Z 10056ad0 f i bncs_client_runtime.obj
 0002:00028d20       ??0?$QValueListPrivate@VcomplexType@@@@QAE@XZ 10056d20 f i bncs_client_runtime.obj
 0002:00028e70       ??0?$QValueListPrivate@VdeviceTypeInfo@@@@QAE@ABV0@@Z 10056e70 f i bncs_client_runtime.obj
 0002:000290c0       ??0?$QValueListPrivate@VdeviceTypeInfo@@@@QAE@XZ 100570c0 f i bncs_client_runtime.obj
 0002:00029210       ??0?$QValueListPrivate@VinstanceInfo@@@@QAE@ABV0@@Z 10057210 f i bncs_client_runtime.obj
 0002:00029460       ??0?$QValueListPrivate@VinstanceInfo@@@@QAE@XZ 10057460 f i bncs_client_runtime.obj
 0002:000295b0       ??0?$QValueListPrivate@VparamInfo@@@@QAE@ABV0@@Z 100575b0 f i bncs_client_runtime.obj
 0002:00029800       ??0?$QValueListPrivate@VparamInfo@@@@QAE@XZ 10057800 f i bncs_client_runtime.obj
 0002:00029950       ??0?$_String_alloc@$0A@U?$_String_base_types@DV?$allocator@D@std@@@std@@@std@@QAE@ABV?$allocator@D@1@@Z 10057950 f i bncs_client_runtime.obj
 0002:00029a00       ??0?$_String_val@U?$_Simple_types@D@std@@@std@@QAE@XZ 10057a00 f i bncs_client_runtime.obj
 0002:00029a80       ??0?$_Wrap_alloc@V?$allocator@D@std@@@std@@QAE@XZ 10057a80 f i bncs_client_runtime.obj
 0002:00029ae0       ??0?$allocator@D@std@@QAE@XZ 10057ae0 f i bncs_client_runtime.obj
 0002:00029b20       ??0?$allocator@U_Container_proxy@std@@@std@@QAE@XZ 10057b20 f i bncs_client_runtime.obj
 0002:00029b60       ??0?$basic_string@DU?$char_traits@D@std@@V?$allocator@D@2@@std@@QAE@PBD@Z 10057b60 f i bncs_client_runtime.obj
 0002:00029c30       ??0IccTimerCallback@@QAE@ABV0@@Z 10057c30 f i bncs_client_runtime.obj
 0002:00029c80       ??0IccTimerCallback@@QAE@XZ 10057c80 f i bncs_client_runtime.obj
 0002:00029cd0       ??0IdCWlimits@@QAE@ABV0@@Z 10057cd0 f i bncs_client_runtime.obj
 0002:00029d20       ??0IdCWlimits@@QAE@XZ      10057d20 f i bncs_client_runtime.obj
 0002:00029d70       ??0QStyleOption@@QAE@W4StyleOptionDefault@0@@Z 10057d70 f i bncs_client_runtime.obj
 0002:00029dc0       ??0_Container_proxy@std@@QAE@XZ 10057dc0 f i bncs_client_runtime.obj
 0002:00029e10       ??0_Generic_error_category@std@@QAE@XZ 10057e10 f i bncs_client_runtime.obj
 0002:00029e70       ??0_Ignore@std@@QAE@XZ     10057e70 f i bncs_client_runtime.obj
 0002:00029eb0       ??0_Iostream_error_category@std@@QAE@XZ 10057eb0 f i bncs_client_runtime.obj
 0002:00029f10       ??0_System_error_category@std@@QAE@XZ 10057f10 f i bncs_client_runtime.obj
 0002:00029f70       ??0bncs_client_runtime@@QAE@ABV0@@Z 10057f70 f i bncs_client_runtime.obj
 0002:0002a1a0       ??0dCW@@QAE@ABV0@@Z        100581a0 f i bncs_client_runtime.obj
 0002:0002a440       ??0error_category@std@@QAE@XZ 10058440 f i bncs_client_runtime.obj
 0002:0002a490       ??0error_condition@std@@QAE@HABVerror_category@1@@Z 10058490 f i bncs_client_runtime.obj
 0002:0002a4e0       ??0signalConnection@@QAE@ABV0@@Z 100584e0 f i bncs_client_runtime.obj
 0002:0002a630       ??0signalConnection@@QAE@ABVQString@@0000@Z 10058630 f i bncs_client_runtime.obj
 0002:0002a7f0       ??0signalConnectionRefList@@QAE@ABV0@@Z 100587f0 f i bncs_client_runtime.obj
 0002:0002a860       ??0signalConnectionRefList@@QAE@XZ 10058860 f i bncs_client_runtime.obj
 0002:0002a8c0       ??0signalConnectionRefListIt@@QAE@ABV0@@Z 100588c0 f i bncs_client_runtime.obj
 0002:0002a920       ??0signalConnectionRefListIt@@QAE@ABVsignalConnectionRefList@@@Z 10058920 f i bncs_client_runtime.obj
 0002:0002a980       ??1?$QMap@VQString@@VcomplexInstance@@@@QAE@XZ 10058980 f i bncs_client_runtime.obj
 0002:0002aa40       ??1?$QMap@VQString@@VcomplexParam@@@@QAE@XZ 10058a40 f i bncs_client_runtime.obj
 0002:0002ab00       ??1?$QMap@VQString@@VcomplexType@@@@QAE@XZ 10058b00 f i bncs_client_runtime.obj
 0002:0002abc0       ??1?$QMap@VQString@@VdeviceTypeInfo@@@@QAE@XZ 10058bc0 f i bncs_client_runtime.obj
 0002:0002ac80       ??1?$QMap@VQString@@VinstanceInfo@@@@QAE@XZ 10058c80 f i bncs_client_runtime.obj
 0002:0002ad40       ??1?$QMap@VQString@@VparamInfo@@@@QAE@XZ 10058d40 f i bncs_client_runtime.obj
 0002:0002ae00       ??1?$QMapNode@VQString@@VcomplexInstance@@@@QAE@XZ 10058e00 f i bncs_client_runtime.obj
 0002:0002aec0       ??1?$QMapNode@VQString@@VcomplexParam@@@@QAE@XZ 10058ec0 f i bncs_client_runtime.obj
 0002:0002af80       ??1?$QMapNode@VQString@@VcomplexType@@@@QAE@XZ 10058f80 f i bncs_client_runtime.obj
 0002:0002b040       ??1?$QMapNode@VQString@@VdeviceTypeInfo@@@@QAE@XZ 10059040 f i bncs_client_runtime.obj
 0002:0002b100       ??1?$QMapNode@VQString@@VinstanceInfo@@@@QAE@XZ 10059100 f i bncs_client_runtime.obj
 0002:0002b1c0       ??1?$QMapNode@VQString@@VparamInfo@@@@QAE@XZ 100591c0 f i bncs_client_runtime.obj
 0002:0002b280       ??1?$QMapPrivate@VQString@@VcomplexInstance@@@@QAE@XZ 10059280 f i bncs_client_runtime.obj
 0002:0002b320       ??1?$QMapPrivate@VQString@@VcomplexParam@@@@QAE@XZ 10059320 f i bncs_client_runtime.obj
 0002:0002b3c0       ??1?$QMapPrivate@VQString@@VcomplexType@@@@QAE@XZ 100593c0 f i bncs_client_runtime.obj
 0002:0002b460       ??1?$QMapPrivate@VQString@@VdeviceTypeInfo@@@@QAE@XZ 10059460 f i bncs_client_runtime.obj
 0002:0002b500       ??1?$QMapPrivate@VQString@@VinstanceInfo@@@@QAE@XZ 10059500 f i bncs_client_runtime.obj
 0002:0002b5a0       ??1?$QMapPrivate@VQString@@VparamInfo@@@@QAE@XZ 100595a0 f i bncs_client_runtime.obj
 0002:0002b640       ??1?$QPtrList@VsignalConnection@@@@UAE@XZ 10059640 f i bncs_client_runtime.obj
 0002:0002b700       ??1?$QPtrListIterator@VsignalConnection@@@@QAE@XZ 10059700 f i bncs_client_runtime.obj
 0002:0002b760       ??1?$QValueList@VcomplexInstance@@@@QAE@XZ 10059760 f i bncs_client_runtime.obj
 0002:0002b7c0       ??1?$QValueList@VcomplexParam@@@@QAE@XZ 100597c0 f i bncs_client_runtime.obj
 0002:0002b820       ??1?$QValueList@VcomplexType@@@@QAE@XZ 10059820 f i bncs_client_runtime.obj
 0002:0002b880       ??1?$QValueList@VdeviceTypeInfo@@@@QAE@XZ 10059880 f i bncs_client_runtime.obj
 0002:0002b8e0       ??1?$QValueList@VinstanceInfo@@@@QAE@XZ 100598e0 f i bncs_client_runtime.obj
 0002:0002b940       ??1?$QValueList@VparamInfo@@@@QAE@XZ 10059940 f i bncs_client_runtime.obj
 0002:0002b9a0       ??1?$QValueListNode@VcomplexInstance@@@@UAE@XZ 100599a0 f i bncs_client_runtime.obj
 0002:0002ba10       ??1?$QValueListNode@VcomplexParam@@@@UAE@XZ 10059a10 f i bncs_client_runtime.obj
 0002:0002ba80       ??1?$QValueListNode@VcomplexType@@@@UAE@XZ 10059a80 f i bncs_client_runtime.obj
 0002:0002baf0       ??1?$QValueListNode@VdeviceTypeInfo@@@@UAE@XZ 10059af0 f i bncs_client_runtime.obj
 0002:0002bb60       ??1?$QValueListNode@VinstanceInfo@@@@UAE@XZ 10059b60 f i bncs_client_runtime.obj
 0002:0002bbd0       ??1?$QValueListNode@VparamInfo@@@@UAE@XZ 10059bd0 f i bncs_client_runtime.obj
 0002:0002bc40       ??1?$QValueListPrivate@VcomplexInstance@@@@UAE@XZ 10059c40 f i bncs_client_runtime.obj
 0002:0002bd90       ??1?$QValueListPrivate@VcomplexParam@@@@UAE@XZ 10059d90 f i bncs_client_runtime.obj
 0002:0002bee0       ??1?$QValueListPrivate@VcomplexType@@@@UAE@XZ 10059ee0 f i bncs_client_runtime.obj
 0002:0002c030       ??1?$QValueListPrivate@VdeviceTypeInfo@@@@UAE@XZ 1005a030 f i bncs_client_runtime.obj
 0002:0002c180       ??1?$QValueListPrivate@VinstanceInfo@@@@UAE@XZ 1005a180 f i bncs_client_runtime.obj
 0002:0002c2d0       ??1?$QValueListPrivate@VparamInfo@@@@UAE@XZ 1005a2d0 f i bncs_client_runtime.obj
 0002:0002c420       ??1?$_String_alloc@$0A@U?$_String_base_types@DV?$allocator@D@std@@@std@@@std@@QAE@XZ 1005a420 f i bncs_client_runtime.obj
 0002:0002c480       ??1?$_String_val@U?$_Simple_types@D@std@@@std@@QAE@XZ 1005a480 f i bncs_client_runtime.obj
 0002:0002c4e0       ??1_Generic_error_category@std@@UAE@XZ 1005a4e0 f i bncs_client_runtime.obj
 0002:0002c530       ??1_Iostream_error_category@std@@UAE@XZ 1005a530 f i bncs_client_runtime.obj
 0002:0002c580       ??1_System_error_category@std@@UAE@XZ 1005a580 f i bncs_client_runtime.obj
 0002:0002c5d0       ??1error_category@std@@UAE@XZ 1005a5d0 f i bncs_client_runtime.obj
 0002:0002c610       ??1signalConnection@@QAE@XZ 1005a610 f i bncs_client_runtime.obj
 0002:0002c730       ??1signalConnectionRefList@@UAE@XZ 1005a730 f i bncs_client_runtime.obj
 0002:0002c7e0       ??1signalConnectionRefListIt@@QAE@XZ 1005a7e0 f i bncs_client_runtime.obj
 0002:0002c830       ??2@YAPAXIPAX@Z            1005a830 f i bncs_client_runtime.obj
 0002:0002c870       ??3@YAXPAX0@Z              1005a870 f i bncs_client_runtime.obj
 0002:0002c8a0       ??4?$QMap@VQString@@VcomplexInstance@@@@QAEAAV0@ABV0@@Z 1005a8a0 f i bncs_client_runtime.obj
 0002:0002c990       ??4?$QMap@VQString@@VcomplexParam@@@@QAEAAV0@ABV0@@Z 1005a990 f i bncs_client_runtime.obj
 0002:0002ca80       ??4?$QMap@VQString@@VcomplexType@@@@QAEAAV0@ABV0@@Z 1005aa80 f i bncs_client_runtime.obj
 0002:0002cb70       ??4?$QMap@VQString@@VdeviceTypeInfo@@@@QAEAAV0@ABV0@@Z 1005ab70 f i bncs_client_runtime.obj
 0002:0002cc60       ??4?$QMap@VQString@@VinstanceInfo@@@@QAEAAV0@ABV0@@Z 1005ac60 f i bncs_client_runtime.obj
 0002:0002cd50       ??4?$QMap@VQString@@VparamInfo@@@@QAEAAV0@ABV0@@Z 1005ad50 f i bncs_client_runtime.obj
 0002:0002ce40       ??4?$QPtrList@VsignalConnection@@@@QAEAAV0@ABV0@@Z 1005ae40 f i bncs_client_runtime.obj
 0002:0002ceb0       ??4?$QPtrListIterator@VsignalConnection@@@@QAEAAV0@ABV0@@Z 1005aeb0 f i bncs_client_runtime.obj
 0002:0002cf20       ??4IccTimerCallback@@QAEAAV0@ABV0@@Z 1005af20 f i bncs_client_runtime.obj
 0002:0002cf60       ??4IdCWlimits@@QAEAAV0@ABV0@@Z 1005af60 f i bncs_client_runtime.obj
 0002:0002cfa0       ??4bncs_client_runtime@@QAEAAV0@ABV0@@Z 1005afa0 f i bncs_client_runtime.obj
 0002:0002d150       ??4dCW@@QAEAAV0@ABV0@@Z    1005b150 f i bncs_client_runtime.obj
 0002:0002d380       ??4signalConnection@@QAEAAV0@ABV0@@Z 1005b380 f i bncs_client_runtime.obj
 0002:0002d480       ??4signalConnectionRefList@@QAEAAV0@ABV0@@Z 1005b480 f i bncs_client_runtime.obj
 0002:0002d4e0       ??4signalConnectionRefListIt@@QAEAAV0@ABV0@@Z 1005b4e0 f i bncs_client_runtime.obj
 0002:0002d540       ??8?$QMapIterator@VQString@@VcomplexInstance@@@@QBE_NABV0@@Z 1005b540 f i bncs_client_runtime.obj
 0002:0002d5b0       ??8?$QMapIterator@VQString@@VcomplexParam@@@@QBE_NABV0@@Z 1005b5b0 f i bncs_client_runtime.obj
 0002:0002d620       ??8?$QMapIterator@VQString@@VcomplexType@@@@QBE_NABV0@@Z 1005b620 f i bncs_client_runtime.obj
 0002:0002d690       ??8?$QMapIterator@VQString@@VdeviceTypeInfo@@@@QBE_NABV0@@Z 1005b690 f i bncs_client_runtime.obj
 0002:0002d700       ??8?$QMapIterator@VQString@@VinstanceInfo@@@@QBE_NABV0@@Z 1005b700 f i bncs_client_runtime.obj
 0002:0002d770       ??8?$QMapIterator@VQString@@VparamInfo@@@@QBE_NABV0@@Z 1005b770 f i bncs_client_runtime.obj
 0002:0002d7e0       ??8?$QPtrList@VsignalConnection@@@@QBE_NABV0@@Z 1005b7e0 f i bncs_client_runtime.obj
 0002:0002d850       ??8@YA_NVQChar@@D@Z        1005b850 f i bncs_client_runtime.obj
 0002:0002d8b0       ??8error_category@std@@QBE_NABV01@@Z 1005b8b0 f i bncs_client_runtime.obj
 0002:0002d920       ??8error_condition@std@@QBE_NABV01@@Z 1005b920 f i bncs_client_runtime.obj
 0002:0002d9d0       ??9?$QMapConstIterator@VQString@@VcomplexInstance@@@@QBE_NABV0@@Z 1005b9d0 f i bncs_client_runtime.obj
 0002:0002da40       ??9?$QMapConstIterator@VQString@@VcomplexParam@@@@QBE_NABV0@@Z 1005ba40 f i bncs_client_runtime.obj
 0002:0002dab0       ??9?$QMapConstIterator@VQString@@VcomplexType@@@@QBE_NABV0@@Z 1005bab0 f i bncs_client_runtime.obj
 0002:0002db20       ??9?$QMapConstIterator@VQString@@VdeviceTypeInfo@@@@QBE_NABV0@@Z 1005bb20 f i bncs_client_runtime.obj
 0002:0002db90       ??9?$QMapConstIterator@VQString@@VinstanceInfo@@@@QBE_NABV0@@Z 1005bb90 f i bncs_client_runtime.obj
 0002:0002dc00       ??9?$QMapConstIterator@VQString@@VparamInfo@@@@QBE_NABV0@@Z 1005bc00 f i bncs_client_runtime.obj
 0002:0002dc70       ??9?$QMapIterator@VQString@@VcomplexInstance@@@@QBE_NABV0@@Z 1005bc70 f i bncs_client_runtime.obj
 0002:0002dce0       ??9?$QMapIterator@VQString@@VcomplexParam@@@@QBE_NABV0@@Z 1005bce0 f i bncs_client_runtime.obj
 0002:0002dd50       ??9?$QMapIterator@VQString@@VcomplexType@@@@QBE_NABV0@@Z 1005bd50 f i bncs_client_runtime.obj
 0002:0002ddc0       ??9?$QMapIterator@VQString@@VdeviceTypeInfo@@@@QBE_NABV0@@Z 1005bdc0 f i bncs_client_runtime.obj
 0002:0002de30       ??9?$QMapIterator@VQString@@VinstanceInfo@@@@QBE_NABV0@@Z 1005be30 f i bncs_client_runtime.obj
 0002:0002dea0       ??9?$QMapIterator@VQString@@VparamInfo@@@@QBE_NABV0@@Z 1005bea0 f i bncs_client_runtime.obj
 0002:0002df10       ??9?$QPtrList@VsignalConnection@@@@QBE_NABV0@@Z 1005bf10 f i bncs_client_runtime.obj
 0002:0002dfa0       ??9?$QPtrListStdIterator@VQWidget@@@@QBE_NABV0@@Z 1005bfa0 f i bncs_client_runtime.obj
 0002:0002e010       ??9?$QPtrListStdIterator@VsignalConnection@@@@QBE_NABV0@@Z 1005c010 f i bncs_client_runtime.obj
 0002:0002e080       ??9?$QValueListIterator@VcomplexInstance@@@@QBE_NABV0@@Z 1005c080 f i bncs_client_runtime.obj
 0002:0002e0f0       ??9?$QValueListIterator@VcomplexParam@@@@QBE_NABV0@@Z 1005c0f0 f i bncs_client_runtime.obj
 0002:0002e160       ??9?$QValueListIterator@VcomplexType@@@@QBE_NABV0@@Z 1005c160 f i bncs_client_runtime.obj
 0002:0002e1d0       ??9?$QValueListIterator@VdeviceTypeInfo@@@@QBE_NABV0@@Z 1005c1d0 f i bncs_client_runtime.obj
 0002:0002e240       ??9?$QValueListIterator@VinstanceInfo@@@@QBE_NABV0@@Z 1005c240 f i bncs_client_runtime.obj
 0002:0002e2b0       ??9?$QValueListIterator@VparamInfo@@@@QBE_NABV0@@Z 1005c2b0 f i bncs_client_runtime.obj
 0002:0002e320       ??A?$QMap@VQString@@VcomplexInstance@@@@QAEAAVcomplexInstance@@ABVQString@@@Z 1005c320 f i bncs_client_runtime.obj
 0002:0002e490       ??A?$QMap@VQString@@VcomplexInstance@@@@QBEABVcomplexInstance@@ABVQString@@@Z 1005c490 f i bncs_client_runtime.obj
 0002:0002e500       ??A?$QMap@VQString@@VcomplexParam@@@@QAEAAVcomplexParam@@ABVQString@@@Z 1005c500 f i bncs_client_runtime.obj
 0002:0002e670       ??A?$QMap@VQString@@VcomplexParam@@@@QBEABVcomplexParam@@ABVQString@@@Z 1005c670 f i bncs_client_runtime.obj
 0002:0002e6e0       ??A?$QMap@VQString@@VcomplexType@@@@QAEAAVcomplexType@@ABVQString@@@Z 1005c6e0 f i bncs_client_runtime.obj
 0002:0002e850       ??A?$QMap@VQString@@VcomplexType@@@@QBEABVcomplexType@@ABVQString@@@Z 1005c850 f i bncs_client_runtime.obj
 0002:0002e8c0       ??A?$QMap@VQString@@VdeviceTypeInfo@@@@QAEAAVdeviceTypeInfo@@ABVQString@@@Z 1005c8c0 f i bncs_client_runtime.obj
 0002:0002ea30       ??A?$QMap@VQString@@VdeviceTypeInfo@@@@QBEABVdeviceTypeInfo@@ABVQString@@@Z 1005ca30 f i bncs_client_runtime.obj
 0002:0002eaa0       ??A?$QMap@VQString@@VinstanceInfo@@@@QAEAAVinstanceInfo@@ABVQString@@@Z 1005caa0 f i bncs_client_runtime.obj
 0002:0002ec10       ??A?$QMap@VQString@@VinstanceInfo@@@@QBEABVinstanceInfo@@ABVQString@@@Z 1005cc10 f i bncs_client_runtime.obj
 0002:0002ec80       ??A?$QMap@VQString@@VparamInfo@@@@QAEAAVparamInfo@@ABVQString@@@Z 1005cc80 f i bncs_client_runtime.obj
 0002:0002edf0       ??A?$QMap@VQString@@VparamInfo@@@@QBEABVparamInfo@@ABVQString@@@Z 1005cdf0 f i bncs_client_runtime.obj
 0002:0002ee60       ??B?$QPtrListIterator@VsignalConnection@@@@QBEPAVsignalConnection@@XZ 1005ce60 f i bncs_client_runtime.obj
 0002:0002eec0       ??D?$QMapConstIterator@VQString@@VcomplexInstance@@@@QBEABVcomplexInstance@@XZ 1005cec0 f i bncs_client_runtime.obj
 0002:0002ef00       ??D?$QMapConstIterator@VQString@@VcomplexParam@@@@QBEABVcomplexParam@@XZ 1005cf00 f i bncs_client_runtime.obj
 0002:0002ef40       ??D?$QMapConstIterator@VQString@@VcomplexType@@@@QBEABVcomplexType@@XZ 1005cf40 f i bncs_client_runtime.obj
 0002:0002ef80       ??D?$QMapConstIterator@VQString@@VdeviceTypeInfo@@@@QBEABVdeviceTypeInfo@@XZ 1005cf80 f i bncs_client_runtime.obj
 0002:0002efc0       ??D?$QMapConstIterator@VQString@@VinstanceInfo@@@@QBEABVinstanceInfo@@XZ 1005cfc0 f i bncs_client_runtime.obj
 0002:0002f000       ??D?$QMapConstIterator@VQString@@VparamInfo@@@@QBEABVparamInfo@@XZ 1005d000 f i bncs_client_runtime.obj
 0002:0002f040       ??D?$QPtrListIterator@VsignalConnection@@@@QAEPAVsignalConnection@@XZ 1005d040 f i bncs_client_runtime.obj
 0002:0002f0a0       ??D?$QPtrListStdIterator@VQWidget@@@@QAEPAVQWidget@@XZ 1005d0a0 f i bncs_client_runtime.obj
 0002:0002f130       ??D?$QPtrListStdIterator@VsignalConnection@@@@QAEPAVsignalConnection@@XZ 1005d130 f i bncs_client_runtime.obj
 0002:0002f1c0       ??D?$QValueListIterator@VcomplexInstance@@@@QAEAAVcomplexInstance@@XZ 1005d1c0 f i bncs_client_runtime.obj
 0002:0002f200       ??D?$QValueListIterator@VcomplexParam@@@@QAEAAVcomplexParam@@XZ 1005d200 f i bncs_client_runtime.obj
 0002:0002f240       ??D?$QValueListIterator@VcomplexType@@@@QAEAAVcomplexType@@XZ 1005d240 f i bncs_client_runtime.obj
 0002:0002f280       ??D?$QValueListIterator@VdeviceTypeInfo@@@@QAEAAVdeviceTypeInfo@@XZ 1005d280 f i bncs_client_runtime.obj
 0002:0002f2c0       ??D?$QValueListIterator@VinstanceInfo@@@@QAEAAVinstanceInfo@@XZ 1005d2c0 f i bncs_client_runtime.obj
 0002:0002f300       ??D?$QValueListIterator@VparamInfo@@@@QAEAAVparamInfo@@XZ 1005d300 f i bncs_client_runtime.obj
 0002:0002f340       ??E?$QMapConstIterator@VQString@@VcomplexInstance@@@@QAEAAV0@XZ 1005d340 f i bncs_client_runtime.obj
 0002:0002f3a0       ??E?$QMapConstIterator@VQString@@VcomplexParam@@@@QAEAAV0@XZ 1005d3a0 f i bncs_client_runtime.obj
[...]
 0005:000023ac       __imp_??4QColorGroup@@QAEAAV0@ABV0@@Z 100b43ac     qt-mt323:qt-mt323.dll
 0005:000023b0       __imp_??0QVariant@@QAE@ABVQImage@@@Z 100b43b0     qt-mt323:qt-mt323.dll
 0005:000023b4       __imp_??0QVariant@@QAE@ABVQIconSet@@@Z 100b43b4     qt-mt323:qt-mt323.dll
 0005:000023b8       __imp_??0QVariant@@QAE@ABVQPixmap@@@Z 100b43b8     qt-mt323:qt-mt323.dll
 0005:000023bc       __imp_?toULong@QString@@QBEKPA_NH@Z 100b43bc     qt-mt323:qt-mt323.dll
 0005:000023c0       __imp_?toUInt@QString@@QBEIPA_NH@Z 100b43c0     qt-mt323:qt-mt323.dll
 0005:000023c4       __imp_?convertFromImage@QPixmap@@QAE_NABVQImage@@W4ColorMode@1@@Z 100b43c4     qt-mt323:qt-mt323.dll
 0005:000023c8       __imp_?decode@QImageDrag@@SA_NPBVQMimeSource@@AAVQPixmap@@@Z 100b43c8     qt-mt323:qt-mt323.dll
 0005:000023cc       __imp_?defaultFactory@QMimeSourceFactory@@SAPAV1@XZ 100b43cc     qt-mt323:qt-mt323.dll
 0005:000023d0       __imp_??4QColor@@QAEAAV0@ABV0@@Z 100b43d0     qt-mt323:qt-mt323.dll
 0005:000023d4       __imp_??4QStrList@@QAEAAV0@ABV0@@Z 100b43d4     qt-mt323:qt-mt323.dll
 0005:000023d8       __imp_?slotNames@QMetaObject@@QBE?AVQStrList@@_N@Z 100b43d8     qt-mt323:qt-mt323.dll
 0005:000023dc       __imp_?signalNames@QMetaObject@@QBE?AVQStrList@@_N@Z 100b43dc     qt-mt323:qt-mt323.dll
 0005:000023e0       __imp_?assign@QGArray@@IAEAAV1@ABV1@@Z 100b43e0     qt-mt323:qt-mt323.dll
 0005:000023e4       __imp_?normalizeSignalSlot@QObject@@KA?AVQCString@@PBD@Z 100b43e4     qt-mt323:qt-mt323.dll
 0005:000023e8       __imp_?queryList@QObject@@QBEPAVQObjectList@@PBD0_N1@Z 100b43e8     qt-mt323:qt-mt323.dll
 0005:000023ec       __imp_?count@QHeader@@QBEHXZ 100b43ec     qt-mt323:qt-mt323.dll
 0005:000023f0       __imp_?header@QListView@@QBEPAVQHeader@@XZ 100b43f0     qt-mt323:qt-mt323.dll
 0005:000023f4       __imp_?verticalHeader@QTable@@QBEPAVQHeader@@XZ 100b43f4     qt-mt323:qt-mt323.dll
 0005:000023f8       __imp_?horizontalHeader@QTable@@QBEPAVQHeader@@XZ 100b43f8     qt-mt323:qt-mt323.dll
 0005:000023fc       __imp_?cancelRename@QListViewItem@@MAEXH@Z 100b43fc     qt-mt323:qt-mt323.dll
 0005:00002400       __imp_?okRename@QListViewItem@@MAEXH@Z 100b4400     qt-mt323:qt-mt323.dll
 0005:00002404       __imp_?dragLeft@QListViewItem@@MAEXXZ 100b4404     qt-mt323:qt-mt323.dll
 0005:00002408       __imp_?dragEntered@QListViewItem@@MAEXXZ 100b4408     qt-mt323:qt-mt323.dll
 0005:0000240c       __imp_?dropped@QListViewItem@@MAEXPAVQDropEvent@@@Z 100b440c     qt-mt323:qt-mt323.dll
 0005:00002410       __imp_?activate@QListViewItem@@MAEXXZ 100b4410     qt-mt323:qt-mt323.dll
 0005:00002414       __imp_?setHeight@QListViewItem@@MAEXH@Z 100b4414     qt-mt323:qt-mt323.dll
 0005:00002418       __imp_?enforceSortOrder@QListViewItem@@MBEXXZ 100b4418     qt-mt323:qt-mt323.dll
 0005:0000241c       __imp_?setMultiLinesEnabled@QListViewItem@@UAEX_N@Z 100b441c     qt-mt323:qt-mt323.dll
 0005:00002420       __imp_?rtti@QListViewItem@@UBEHXZ 100b4420     qt-mt323:qt-mt323.dll
 0005:00002424       __imp_?setEnabled@QListViewItem@@UAEX_N@Z 100b4424     qt-mt323:qt-mt323.dll
 0005:00002428       __imp_?startRename@QListViewItem@@UAEXH@Z 100b4428     qt-mt323:qt-mt323.dll
 0005:0000242c       __imp_?setRenameEnabled@QListViewItem@@UAEXH_N@Z 100b442c     qt-mt323:qt-mt323.dll
 0005:00002430       __imp_?acceptDrop@QListViewItem@@UBE_NPBVQMimeSource@@@Z 100b4430     qt-mt323:qt-mt323.dll
 0005:00002434       __imp_?setDropEnabled@QListViewItem@@UAEX_N@Z 100b4434     qt-mt323:qt-mt323.dll
 0005:00002438       __imp_?setDragEnabled@QListViewItem@@UAEX_N@Z 100b4438     qt-mt323:qt-mt323.dll
 0005:0000243c       __imp_?sort@QListViewItem@@UAEXXZ 100b443c     qt-mt323:qt-mt323.dll
 0005:00002440       __imp_?setExpandable@QListViewItem@@UAEX_N@Z 100b4440     qt-mt323:qt-mt323.dll
 0005:00002444       __imp_?setSelectable@QListViewItem@@UAEX_N@Z 100b4444     qt-mt323:qt-mt323.dll
 0005:00002448       __imp_?paintFocus@QListViewItem@@UAEXPAVQPainter@@ABVQColorGroup@@ABVQRect@@@Z 100b4448     qt-mt323:qt-mt323.dll
 0005:0000244c       __imp_?paintBranches@QListViewItem@@UAEXPAVQPainter@@ABVQColorGroup@@HHH@Z 100b444c     qt-mt323:qt-mt323.dll
 0005:00002450       __imp_?paintCell@QListViewItem@@UAEXPAVQPainter@@ABVQColorGroup@@HHH@Z 100b4450     qt-mt323:qt-mt323.dll
 0005:00002454       __imp_?setSelected@QListViewItem@@UAEX_N@Z 100b4454     qt-mt323:qt-mt323.dll
 0005:00002458       __imp_?setup@QListViewItem@@UAEXXZ 100b4458     qt-mt323:qt-mt323.dll
 0005:0000245c       __imp_?setOpen@QListViewItem@@UAEX_N@Z 100b445c     qt-mt323:qt-mt323.dll
 0005:00002460       __imp_?sortChildItems@QListViewItem@@UAEXH_N@Z 100b4460     qt-mt323:qt-mt323.dll
 0005:00002464       __imp_?compare@QListViewItem@@UBEHPAV1@H_N@Z 100b4464     qt-mt323:qt-mt323.dll
 0005:00002468       __imp_?key@QListViewItem@@UBE?AVQString@@H_N@Z 100b4468     qt-mt323:qt-mt323.dll
 0005:0000246c       __imp_?pixmap@QListViewItem@@UBEPBVQPixmap@@H@Z 100b446c     qt-mt323:qt-mt323.dll
 0005:00002470       __imp_?setPixmap@QListViewItem@@UAEXHABVQPixmap@@@Z 100b4470     qt-mt323:qt-mt323.dll
 0005:00002474       __imp_?text@QListViewItem@@UBE?AVQString@@H@Z 100b4474     qt-mt323:qt-mt323.dll
 0005:00002478       __imp_?setText@QListViewItem@@UAEXHABVQString@@@Z 100b4478     qt-mt323:qt-mt323.dll
 0005:0000247c       __imp_?width@QListViewItem@@UBEHABVQFontMetrics@@PBVQListView@@H@Z 100b447c     qt-mt323:qt-mt323.dll
 0005:00002480       __imp_?invalidateHeight@QListViewItem@@UAEXXZ 100b4480     qt-mt323:qt-mt323.dll
 0005:00002484       __imp_?removeItem@QListViewItem@@UAEXPAV1@@Z 100b4484     qt-mt323:qt-mt323.dll
 0005:00002488       __imp_?takeItem@QListViewItem@@UAEXPAV1@@Z 100b4488     qt-mt323:qt-mt323.dll
 0005:0000248c       __imp_?insertItem@QListViewItem@@UAEXPAV1@@Z 100b448c     qt-mt323:qt-mt323.dll
 0005:00002490       __imp_?columns@QListView@@QBEHXZ 100b4490     qt-mt323:qt-mt323.dll
 0005:00002494       __imp_??0QListViewItem@@QAE@PAVQListView@@PAV0@@Z 100b4494     qt-mt323:qt-mt323.dll
 0005:00002498       __imp_??0QListViewItem@@QAE@PAV0@0@Z 100b4498     qt-mt323:qt-mt323.dll
 0005:0000249c       __imp_??1QListViewItem@@UAE@XZ 100b449c     qt-mt323:qt-mt323.dll
 0005:000024a0       __imp_?setAccel@QMenuData@@QAEXABVQKeySequence@@H@Z 100b44a0     qt-mt323:qt-mt323.dll
 0005:000024a4       __imp_?accel@QAction@@QBE?AVQKeySequence@@XZ 100b44a4     qt-mt323:qt-mt323.dll
 0005:000024a8       __imp_?insertItem@QMenuData@@QAEHABVQIconSet@@ABVQString@@PAVQPopupMenu@@HH@Z 100b44a8     qt-mt323:qt-mt323.dll
 0005:000024ac       __imp_?iconSet@QAction@@QBE?AVQIconSet@@XZ 100b44ac     qt-mt323:qt-mt323.dll
 0005:000024b0       __imp_?utf8@QString@@QBE?AVQCString@@XZ 100b44b0     qt-mt323:qt-mt323.dll
 0005:000024b4       __imp_??1QDir@@UAE@XZ      100b44b4     qt-mt323:qt-mt323.dll
 0005:000024b8       __imp_?entryList@QDir@@UBE?AVQStringList@@HH@Z 100b44b8     qt-mt323:qt-mt323.dll
 0005:000024bc       __imp_??0QDir@@QAE@ABVQString@@0HH@Z 100b44bc     qt-mt323:qt-mt323.dll
 0005:000024c0       __imp_??1QTextStream@@UAE@XZ 100b44c0     qt-mt323:qt-mt323.dll
 0005:000024c4       __imp_?read@QTextStream@@QAE?AVQString@@XZ 100b44c4     qt-mt323:qt-mt323.dll
 0005:000024c8       __imp_??0QTextStream@@QAE@PAVQIODevice@@@Z 100b44c8     qt-mt323:qt-mt323.dll
 0005:000024cc       __imp_??1QGDict@@MAE@XZ    100b44cc     qt-mt323:qt-mt323.dll
 0005:000024d0       __imp_?clear@QGDict@@MAEXXZ 100b44d0     qt-mt323:qt-mt323.dll
 0005:000024d4       __imp_?sync@QSqlForm@@EAEXXZ 100b44d4     qt-mt323:qt-mt323.dll
 0005:000024d8       __imp_?clearValues@QSqlForm@@UAEX_N@Z 100b44d8     qt-mt323:qt-mt323.dll
 0005:000024dc       __imp_?clear@QSqlForm@@UAEXXZ 100b44dc     qt-mt323:qt-mt323.dll
 0005:000024e0       __imp_?writeFields@QSqlForm@@UAEXXZ 100b44e0     qt-mt323:qt-mt323.dll
 0005:000024e4       __imp_?readFields@QSqlForm@@UAEXXZ 100b44e4     qt-mt323:qt-mt323.dll
 0005:000024e8       __imp_?writeField@QSqlForm@@UAEXPAVQWidget@@@Z 100b44e8     qt-mt323:qt-mt323.dll
 0005:000024ec       __imp_?readField@QSqlForm@@UAEXPAVQWidget@@@Z 100b44ec     qt-mt323:qt-mt323.dll
 0005:000024f0       __imp_?setRecord@QSqlForm@@UAEXPAVQSqlRecord@@@Z 100b44f0     qt-mt323:qt-mt323.dll
 0005:000024f4       __imp_?remove@QSqlForm@@UAEXABVQString@@@Z 100b44f4     qt-mt323:qt-mt323.dll
 0005:000024f8       __imp_?remove@QSqlForm@@MAEXPAVQWidget@@@Z 100b44f8     qt-mt323:qt-mt323.dll
 0005:000024fc       __imp_?insert@QSqlForm@@UAEXPAVQWidget@@ABVQString@@@Z 100b44fc     qt-mt323:qt-mt323.dll
 0005:00002500       __imp_?insert@QSqlForm@@MAEXPAVQWidget@@PAVQSqlField@@@Z 100b4500     qt-mt323:qt-mt323.dll
 0005:00002504       __imp_?qt_property@QSqlForm@@UAE_NHHPAVQVariant@@@Z 100b4504     qt-mt323:qt-mt323.dll
 0005:00002508       __imp_?qt_emit@QSqlForm@@UAE_NHPAUQUObject@@@Z 100b4508     qt-mt323:qt-mt323.dll
 0005:0000250c       __imp_?qt_invoke@QSqlForm@@UAE_NHPAUQUObject@@@Z 100b450c     qt-mt323:qt-mt323.dll
 0005:00002510       __imp_?qt_cast@QSqlForm@@UAEPAXPBD@Z 100b4510     qt-mt323:qt-mt323.dll
 0005:00002514       __imp_?className@QSqlForm@@UBEPBDXZ 100b4514     qt-mt323:qt-mt323.dll
 0005:00002518       __imp_?metaObject@QSqlForm@@UBEPAVQMetaObject@@XZ 100b4518     qt-mt323:qt-mt323.dll
 0005:0000251c       __imp_??0QSqlForm@@QAE@PAVQObject@@PBD@Z 100b451c     qt-mt323:qt-mt323.dll
 0005:00002520       __imp_??4?$QMap@VQString@@V1@@@QAEAAV0@ABV0@@Z 100b4520     qt-mt323:qt-mt323.dll
 0005:00002524       __imp_??1QSqlForm@@UAE@XZ  100b4524     qt-mt323:qt-mt323.dll
 0005:00002528       __imp_?handleError@QDataBrowser@@MAEXABVQSqlError@@@Z 100b4528     qt-mt323:qt-mt323.dll
 0005:0000252c       __imp_?confirmCancel@QDataBrowser@@MAE?AW4Confirm@QSql@@W4Op@3@@Z 100b452c     qt-mt323:qt-mt323.dll
 0005:00002530       __imp_?confirmEdit@QDataBrowser@@MAE?AW4Confirm@QSql@@W4Op@3@@Z 100b4530     qt-mt323:qt-mt323.dll
 0005:00002534       __imp_?currentEdited@QDataBrowser@@MAE_NXZ 100b4534     qt-mt323:qt-mt323.dll
 0005:00002538       __imp_?deleteCurrent@QDataBrowser@@MAE_NXZ 100b4538     qt-mt323:qt-mt323.dll
 0005:0000253c       __imp_?updateCurrent@QDataBrowser@@MAE_NXZ 100b453c     qt-mt323:qt-mt323.dll
 0005:00002540       __imp_?insertCurrent@QDataBrowser@@MAE_NXZ 100b4540     qt-mt323:qt-mt323.dll
 0005:00002544       __imp_?clearValues@QDataBrowser@@UAEXXZ 100b4544     qt-mt323:qt-mt323.dll
 0005:00002548       __imp_?writeFields@QDataBrowser@@UAEXXZ 100b4548     qt-mt323:qt-mt323.dll
 0005:0000254c       __imp_?readFields@QDataBrowser@@UAEXXZ 100b454c     qt-mt323:qt-mt323.dll
 0005:00002550       __imp_?prev@QDataBrowser@@UAEXXZ 100b4550     qt-mt323:qt-mt323.dll
 0005:00002554       __imp_?next@QDataBrowser@@UAEXXZ 100b4554     qt-mt323:qt-mt323.dll
 0005:00002558       __imp_?last@QDataBrowser@@UAEXXZ 100b4558     qt-mt323:qt-mt323.dll
 0005:0000255c       __imp_?first@QDataBrowser@@UAEXXZ 100b455c     qt-mt323:qt-mt323.dll
 0005:00002560       __imp_?del@QDataBrowser@@UAEXXZ 100b4560     qt-mt323:qt-mt323.dll
 0005:00002564       __imp_?update@QDataBrowser@@UAEXXZ 100b4564     qt-mt323:qt-mt323.dll
 0005:00002568       __imp_?insert@QDataBrowser@@UAEXXZ 100b4568     qt-mt323:qt-mt323.dll
 0005:0000256c       __imp_?refresh@QDataBrowser@@UAEXXZ 100b456c     qt-mt323:qt-mt323.dll
 0005:00002570       __imp_?seek@QDataBrowser@@UAE_NH_N@Z 100b4570     qt-mt323:qt-mt323.dll
 0005:00002574       __imp_?setAutoEdit@QDataBrowser@@UAEX_N@Z 100b4574     qt-mt323:qt-mt323.dll
 0005:00002578       __imp_?setReadOnly@QDataBrowser@@UAEX_N@Z 100b4578     qt-mt323:qt-mt323.dll
 0005:0000257c       __imp_?setConfirmCancels@QDataBrowser@@UAEX_N@Z 100b457c     qt-mt323:qt-mt323.dll
 0005:00002580       __imp_?setConfirmDelete@QDataBrowser@@UAEX_N@Z 100b4580     qt-mt323:qt-mt323.dll
 0005:00002584       __imp_?setConfirmUpdate@QDataBrowser@@UAEX_N@Z 100b4584     qt-mt323:qt-mt323.dll
 0005:00002588       __imp_?setConfirmInsert@QDataBrowser@@UAEX_N@Z 100b4588     qt-mt323:qt-mt323.dll
 0005:0000258c       __imp_?setConfirmEdits@QDataBrowser@@UAEX_N@Z 100b458c     qt-mt323:qt-mt323.dll
 0005:00002590       __imp_?setForm@QDataBrowser@@UAEXPAVQSqlForm@@@Z 100b4590     qt-mt323:qt-mt323.dll
 0005:00002594       __imp_?setSqlCursor@QDataBrowser@@UAEXPAVQSqlCursor@@_N@Z 100b4594     qt-mt323:qt-mt323.dll
 0005:00002598       __imp_??0QDataBrowser@@QAE@PAVQWidget@@PBDI@Z 100b4598     qt-mt323:qt-mt323.dll
 0005:0000259c       __imp_??1QDataBrowser@@UAE@XZ 100b459c     qt-mt323:qt-mt323.dll
 0005:000025a0       __imp_?clearValues@QDataView@@UAEXXZ 100b45a0     qt-mt323:qt-mt323.dll
 0005:000025a4       __imp_?writeFields@QDataView@@UAEXXZ 100b45a4     qt-mt323:qt-mt323.dll
 0005:000025a8       __imp_?readFields@QDataView@@UAEXXZ 100b45a8     qt-mt323:qt-mt323.dll
 0005:000025ac       __imp_?refresh@QDataView@@UAEXPAVQSqlRecord@@@Z 100b45ac     qt-mt323:qt-mt323.dll
 0005:000025b0       __imp_?setRecord@QDataView@@UAEXPAVQSqlRecord@@@Z 100b45b0     qt-mt323:qt-mt323.dll
 0005:000025b4       __imp_?setForm@QDataView@@UAEXPAVQSqlForm@@@Z 100b45b4     qt-mt323:qt-mt323.dll
 0005:000025b8       __imp_??0QDataView@@QAE@PAVQWidget@@PBDI@Z 100b45b8     qt-mt323:qt-mt323.dll
 0005:000025bc       __imp_??1QDataView@@UAE@XZ 100b45bc     qt-mt323:qt-mt323.dll
 0005:000025c0       __imp_??9@YA_NABVQString@@0@Z 100b45c0     qt-mt323:qt-mt323.dll
 0005:000025c4       __imp_??0QVariant@@QAE@ABVQDateTime@@@Z 100b45c4     qt-mt323:qt-mt323.dll
 0005:000025c8       __imp_??0QDateTime@@QAE@ABVQDate@@ABVQTime@@@Z 100b45c8     qt-mt323:qt-mt323.dll
 0005:000025cc       __imp_??0QVariant@@QAE@ABVQTime@@@Z 100b45cc     qt-mt323:qt-mt323.dll
 0005:000025d0       __imp_??0QTime@@QAE@HHHH@Z 100b45d0     qt-mt323:qt-mt323.dll
 0005:000025d4       __imp_??0QVariant@@QAE@ABVQDate@@@Z 100b45d4     qt-mt323:qt-mt323.dll
 0005:000025d8       __imp_??0QDate@@QAE@HHH@Z  100b45d8     qt-mt323:qt-mt323.dll
 0005:000025dc       __imp_??0QVariant@@QAE@ABVQStringList@@@Z 100b45dc     qt-mt323:qt-mt323.dll
 0005:000025e0       __imp_??1QCursor@@QAE@XZ   100b45e0     qt-mt323:qt-mt323.dll
 0005:000025e4       __imp_??0QVariant@@QAE@ABVQCursor@@@Z 100b45e4     qt-mt323:qt-mt323.dll
 0005:000025e8       __imp_??0QCursor@@QAE@H@Z  100b45e8     qt-mt323:qt-mt323.dll
 0005:000025ec       __imp_??0QVariant@@QAE@VQSizePolicy@@@Z 100b45ec     qt-mt323:qt-mt323.dll
 0005:000025f0       __imp_??0QVariant@@QAE@N@Z 100b45f0     qt-mt323:qt-mt323.dll
 0005:000025f4       __imp_?toDouble@QString@@QBENPA_N@Z 100b45f4     qt-mt323:qt-mt323.dll
 0005:000025f8       __imp_??0QVariant@@QAE@ABVQCString@@@Z 100b45f8     qt-mt323:qt-mt323.dll
 0005:000025fc       __imp_?toFont@QVariant@@QBE?BVQFont@@XZ 100b45fc     qt-mt323:qt-mt323.dll
 0005:00002600       __imp_??0QVariant@@QAE@ABVQColor@@@Z 100b4600     qt-mt323:qt-mt323.dll
 0005:00002604       __imp_?setRgb@QColor@@QAEXHHH@Z 100b4604     qt-mt323:qt-mt323.dll
 0005:00002608       __imp_?setAttribute@QDomElement@@QAEXABVQString@@H@Z 100b4608     qt-mt323:qt-mt323.dll
 0005:0000260c       __imp_?setAttribute@QDomElement@@QAEXABVQString@@N@Z 100b460c     qt-mt323:qt-mt323.dll
 0005:00002610       __imp_?removeAttribute@QDomElement@@QAEXABVQString@@@Z 100b4610     qt-mt323:qt-mt323.dll
 0005:00002614       __imp_?item@QDomNodeList@@UBE?AVQDomNode@@H@Z 100b4614     qt-mt323:qt-mt323.dll
 0005:00002618       __imp_?length@QDomNodeList@@UBEIXZ 100b4618     qt-mt323:qt-mt323.dll
 0005:0000261c       __imp_??1QDomNodeList@@UAE@XZ 100b461c     qt-mt323:qt-mt323.dll
 0005:00002620       __imp_??4QDomNodeList@@QAEAAV0@ABV0@@Z 100b4620     qt-mt323:qt-mt323.dll
 0005:00002624       __imp_?elementsByTagName@QDomDocument@@QBE?AVQDomNodeList@@ABVQString@@@Z 100b4624     qt-mt323:qt-mt323.dll
 0005:00002628       __imp_?hasAttribute@QDomElement@@QBE_NABVQString@@@Z 100b4628     qt-mt323:qt-mt323.dll
 0005:0000262c       __imp_??0QDomNodeList@@QAE@XZ 100b462c     qt-mt323:qt-mt323.dll
 0005:00002630       __imp_??0QDomNode@@QAE@XZ  100b4630     qt-mt323:qt-mt323.dll
 0005:00002634       __imp_?writeRawBytes@QDataStream@@QAEAAV1@PBDI@Z 100b4634     qt-mt323:qt-mt323.dll
 0005:00002638       __imp_?staticMetaObject@QDataBrowser@@SAPAVQMetaObject@@XZ 100b4638     qt-mt323:qt-mt323.dll
 0005:0000263c       __imp_?qt_cast@QDataBrowser@@UAEPAXPBD@Z 100b463c     qt-mt323:qt-mt323.dll
 0005:00002640       __imp_?qt_invoke@QDataBrowser@@UAE_NHPAUQUObject@@@Z 100b4640     qt-mt323:qt-mt323.dll
 0005:00002644       __imp_?qt_emit@QDataBrowser@@UAE_NHPAUQUObject@@@Z 100b4644     qt-mt323:qt-mt323.dll
 0005:00002648       __imp_?qt_property@QDataBrowser@@UAE_NHHPAVQVariant@@@Z 100b4648     qt-mt323:qt-mt323.dll
 0005:0000264c       __imp_?staticMetaObject@QDataView@@SAPAVQMetaObject@@XZ 100b464c     qt-mt323:qt-mt323.dll
 0005:00002650       __imp_?qt_cast@QDataView@@UAEPAXPBD@Z 100b4650     qt-mt323:qt-mt323.dll
 0005:00002654       __imp_?qt_invoke@QDataView@@UAE_NHPAUQUObject@@@Z 100b4654     qt-mt323:qt-mt323.dll
 0005:00002658       __imp_?qt_emit@QDataView@@UAE_NHPAUQUObject@@@Z 100b4658     qt-mt323:qt-mt323.dll
 0005:0000265c       __imp_?qt_property@QDataView@@UAE_NHHPAVQVariant@@@Z 100b465c     qt-mt323:qt-mt323.dll
 0005:00002660       __imp_??BQCharRef@@QBE?AVQChar@@XZ 100b4660     qt-mt323:qt-mt323.dll
 0005:00002664       __imp_??BQString@@QBEPBDXZ 100b4664     qt-mt323:qt-mt323.dll
 0005:00002668       __imp_?latin1@QString@@QBEPBDXZ 100b4668     qt-mt323:qt-mt323.dll
 0005:0000266c       __imp_??AQString@@QAE?AVQCharRef@@H@Z 100b466c     qt-mt323:qt-mt323.dll
 0005:00002670       __imp_??AQString@@QBE?AVQChar@@H@Z 100b4670     qt-mt323:qt-mt323.dll
 0005:00002674       __imp_?replace@QString@@QAEAAV1@ABV1@0@Z 100b4674     qt-mt323:qt-mt323.dll
 0005:00002678       __imp_?append@QString@@QAEAAV1@PBD@Z 100b4678     qt-mt323:qt-mt323.dll
 0005:0000267c       __imp_?contains@QString@@QBEHD_N@Z 100b467c     qt-mt323:qt-mt323.dll
 0005:00002680       __imp_?arg@QString@@QBE?AV1@ABV1@H@Z 100b4680     qt-mt323:qt-mt323.dll
 0005:00002684       __imp_?arg@QString@@QBE?AV1@HHH@Z 100b4684     qt-mt323:qt-mt323.dll
 0005:00002688       __imp_?length@QString@@QBEIXZ 100b4688     qt-mt323:qt-mt323.dll
 0005:0000268c       __imp_??4QString@@QAEAAV0@PBD@Z 100b468c     qt-mt323:qt-mt323.dll
 0005:00002690       __imp_??4QString@@QAEAAV0@ABV0@@Z 100b4690     qt-mt323:qt-mt323.dll
 0005:00002694       __imp_??1QString@@QAE@XZ   100b4694     qt-mt323:qt-mt323.dll
 0005:00002698       __imp_??0QString@@QAE@PBD@Z 100b4698     qt-mt323:qt-mt323.dll
 0005:0000269c       __imp_??0QString@@QAE@ABV0@@Z 100b469c     qt-mt323:qt-mt323.dll
 0005:000026a0       __imp_??0QString@@QAE@XZ   100b46a0     qt-mt323:qt-mt323.dll
 0005:000026a4       __imp_?deref@QShared@@QAE_NXZ 100b46a4     qt-mt323:qt-mt323.dll
 0005:000026a8       __imp_?ref@QShared@@QAEXXZ 100b46a8     qt-mt323:qt-mt323.dll
 0005:000026ac       __imp_??0QShared@@QAE@XZ   100b46ac     qt-mt323:qt-mt323.dll
 0005:000026b0       __imp_?qDebug@@YAXPBDZZ    100b46b0     qt-mt323:qt-mt323.dll
 0005:000026b4       __imp_?qt_cast@QMultiLineEdit@@UAEPAXPBD@Z 100b46b4     qt-mt323:qt-mt323.dll
 0005:000026b8       \177qt-mt323_NULL_THUNK_DATA 100b46b8     qt-mt323:qt-mt323.dll
 0005:00002df8       __IMPORT_DESCRIPTOR_bncs_cachedDatadb 100b4df8     bncs_cachedDatadb:bncs_cachedDatadb.dll
 0005:00002e0c       __IMPORT_DESCRIPTOR_qt-mt323 100b4e0c     qt-mt323:qt-mt323.dll
 0005:00002e20       __IMPORT_DESCRIPTOR_KERNEL32 100b4e20     kernel32:KERNEL32.dll
 0005:00002e34       __IMPORT_DESCRIPTOR_USER32 100b4e34     user32:USER32.dll
 0005:00002e48       __IMPORT_DESCRIPTOR_SHELL32 100b4e48     shell32:SHELL32.dll
 0005:00002e5c       __IMPORT_DESCRIPTOR_MSVCP120D 100b4e5c     msvcprtd:MSVCP120D.dll
 0005:00002e70       __IMPORT_DESCRIPTOR_MSVCR120D 100b4e70     MSVCRTD:MSVCR120D.dll
 0005:00002e84       __NULL_IMPORT_DESCRIPTOR   100b4e84     bncs_cachedDatadb:bncs_cachedDatadb.dll
