 AlarmControl

 Timestamp is 56de003d (Mon Mar 07 22:27:09 2016)

 Preferred load address is 00400000

 Start         Length     Name                   Class
 0001:00000000 0001a2a4H .text                   CODE
 0001:0001a2b0 0000275eH .text$x                 CODE
 0002:00000000 00001168H .idata$5                DATA
 0002:00001168 00002decH .rdata                  DATA
 0002:00003f58 00001374H .rdata$r                DATA
 0002:000052d0 00002ac8H .xdata$x                DATA
 0002:00007d98 000000a0H .idata$2                DATA
 0002:00007e38 00000014H .idata$3                DATA
 0002:00007e4c 00001168H .idata$4                DATA
 0002:00008fb4 0000b190H .idata$6                DATA
 0002:00014144 00000000H .edata                  DATA
 0003:00000000 00000004H .CRT$XCA                DATA
 0003:00000004 00000034H .CRT$XCU                DATA
 0003:00000038 00000004H .CRT$XCZ                DATA
 0003:0000003c 00000004H .CRT$XIA                DATA
 0003:00000040 00000004H .CRT$XIZ                DATA
 0003:00000050 00004704H .data                   DATA
 0003:00004758 00000148H .bss                    DATA
 0004:00000000 00000148H .rsrc$01                DATA
 0004:00000150 00000900H .rsrc$02                DATA

  Address         Publics by Value              Rva+Base     Lib:Object

 0001:00000000       ??0CAcqStore@@QAE@H@Z      00401000 f   AcqStore.obj
 0001:00000020       ??_ECAcqStore@@UAEPAXI@Z   00401020 f i AcqStore.obj
 0001:00000020       ??_GCAcqStore@@UAEPAXI@Z   00401020 f i AcqStore.obj
 0001:00000040       ??1CAcqStore@@UAE@XZ       00401040 f   AcqStore.obj
 0001:00000050       ?getState@CAcqStore@@QAEHH@Z 00401050 f   AcqStore.obj
 0001:00000080       ?setData@CAcqStore@@QAEX_NHPAH@Z 00401080 f   AcqStore.obj
 0001:00000130       ??0AlarmControlMainWindow@@QAE@PAVQWidget@@PBDI@Z 00401130 f   alarmcontrolmainwindow.obj
 0001:00002190       ??8@YA_NVQChar@@D@Z        00403190 f i alarmcontrolmainwindow.obj
 0001:000021b0       ?metaObject@AlarmControlMainWindow@@UBEPAVQMetaObject@@XZ 004031b0 f i alarmcontrolmainwindow.obj
 0001:000021c0       ??_GAlarmControlMainWindow@@UAEPAXI@Z 004031c0 f i alarmcontrolmainwindow.obj
 0001:000021c0       ??_EAlarmControlMainWindow@@UAEPAXI@Z 004031c0 f i alarmcontrolmainwindow.obj
 0001:000021e0       ??_GQSemaphore@@UAEPAXI@Z  004031e0 f i alarmcontrolmainwindow.obj
 0001:000021e0       ??_EQSemaphore@@UAEPAXI@Z  004031e0 f i alarmcontrolmainwindow.obj
 0001:00002200       ??_GQMenuBar@@UAEPAXI@Z    00403200 f i alarmcontrolmainwindow.obj
 0001:00002200       ??_EQMenuBar@@UAEPAXI@Z    00403200 f i alarmcontrolmainwindow.obj
 0001:00002220       ??_EQPopupMenu@@UAEPAXI@Z  00403220 f i alarmcontrolmainwindow.obj
 0001:00002220       ??_GQPopupMenu@@UAEPAXI@Z  00403220 f i alarmcontrolmainwindow.obj
 0001:00002240       ??1AlarmControlMainWindow@@UAE@XZ 00403240 f   alarmcontrolmainwindow.obj
 0001:00002720       ?Start@AlarmControlMainWindow@@QAE_NXZ 00403720 f   alarmcontrolmainwindow.obj
 0001:000031a0       ??1?$map@VQString@@HU?$less@VQString@@@std@@V?$allocator@H@3@@std@@QAE@XZ 004041a0 f i alarmcontrolmainwindow.obj
 0001:000032a0       ??_EQTimer@@UAEPAXI@Z      004042a0 f i alarmcontrolmainwindow.obj
 0001:000032a0       ??_GQTimer@@UAEPAXI@Z      004042a0 f i alarmcontrolmainwindow.obj
 0001:000032c0       ?checkStartupOk@LoadDirectoryInputs@AlarmControlMainWindow@@QBE_NXZ 004042c0 f   alarmcontrolmainwindow.obj
 0001:00003370       ?GetDateTimeString@AlmConfig@@QBE?AVQString@@XZ 00404370 f   alarmcontrolmainwindow.obj
 0001:00003450       ?getCfgIndex@AlmConfig@@QBEHXZ 00404450 f   alarmcontrolmainwindow.obj
 0001:00003460       ??0AlmConfig@@QAE@PAVAlarmControlMainWindow@@PAVQLibrary@@H@Z 00404460 f   alarmcontrolmainwindow.obj
 0001:00003570       ??_EAlmConfig@@UAEPAXI@Z   00404570 f i alarmcontrolmainwindow.obj
 0001:00003570       ??_GAlmConfig@@UAEPAXI@Z   00404570 f i alarmcontrolmainwindow.obj
 0001:00003590       ??1AlmConfig@@UAE@XZ       00404590 f   alarmcontrolmainwindow.obj
 0001:00003610       ?Debug@AlmConfig@@UAEXABVQString@@@Z 00404610 f   alarmcontrolmainwindow.obj
 0001:00003690       ?Log@AlmConfig@@UAEXABVQString@@@Z 00404690 f   alarmcontrolmainwindow.obj
 0001:000036b0       ?AppendLog@AlmConfig@@UAEXABVQString@@@Z 004046b0 f   alarmcontrolmainwindow.obj
 0001:000037d0       ?SetPrefix@AlmConfig@@UAEXABVQString@@@Z 004047d0 f   alarmcontrolmainwindow.obj
 0001:000037f0       ?getModuleLog@AlmConfig@@QBE?AVQStringList@@XZ 004047f0 f   alarmcontrolmainwindow.obj
 0001:00003810       ?getIsNewLogEntry@AlmConfig@@QBE_NXZ 00404810 f   alarmcontrolmainwindow.obj
 0001:00003820       ?setIsNewLogEntry@AlmConfig@@QAEX_N@Z 00404820 f   alarmcontrolmainwindow.obj
 0001:00003830       ?checkLibLoaded@AlmConfig@@IAEXXZ 00404830 f   alarmcontrolmainwindow.obj
 0001:000038c0       ?moduleChangeEvent@AlmConfig@@EAEXXZ 004048c0 f   alarmcontrolmainwindow.obj
 0001:000038d0       ??0AcqConfig@@QAE@PAVAlarmControlMainWindow@@PAVQLibrary@@H@Z 004048d0 f   alarmcontrolmainwindow.obj
 0001:00003910       ??_EAcqConfig@@UAEPAXI@Z   00404910 f i alarmcontrolmainwindow.obj
 0001:00003910       ??_GAcqConfig@@UAEPAXI@Z   00404910 f i alarmcontrolmainwindow.obj
 0001:00003930       ??1AcqConfig@@UAE@XZ       00404930 f   alarmcontrolmainwindow.obj
 0001:000039e0       ?getBase@AcqConfig@@QBEPAValarms_input_base@@XZ 004049e0 f   alarmcontrolmainwindow.obj
 0001:000039e0       ?getBase@OutConfig@@QBEPAValarms_output_base@@XZ 004049e0 f   alarmcontrolmainwindow.obj
 0001:000039f0       ?extractCreate@AcqConfig@@QAE_NXZ 004049f0 f   alarmcontrolmainwindow.obj
 0001:00003ab0       ?doInitialization@AcqConfig@@QAE_NABVQString@@0W4EAlarmTestMode@alarms_input_base@@HQAPAVCAcqStore@@_NH@Z 00404ab0 f   alarmcontrolmainwindow.obj
 0001:00003b50       ??0OutConfig@@QAE@PAVAlarmControlMainWindow@@PAVQLibrary@@H@Z 00404b50 f   alarmcontrolmainwindow.obj
 0001:00003b90       ??_GOutConfig@@UAEPAXI@Z   00404b90 f i alarmcontrolmainwindow.obj
 0001:00003b90       ??_EOutConfig@@UAEPAXI@Z   00404b90 f i alarmcontrolmainwindow.obj
 0001:00003bb0       ??1OutConfig@@UAE@XZ       00404bb0 f   alarmcontrolmainwindow.obj
 0001:00003c60       ?extractCreate@OutConfig@@QAE_NXZ 00404c60 f   alarmcontrolmainwindow.obj
 0001:00003d30       ?doInitialization@OutConfig@@QAE_NABVQString@@00ABVQStringList@@QAV?$list@PAVCalarm_Process@@V?$allocator@PAVCalarm_Process@@@std@@@std@@QAVQSemaphore@@QAHH_NH@Z 00404d30 f   alarmcontrolmainwindow.obj
 0001:00003e10       ?about@AlarmControlMainWindow@@AAEXXZ 00404e10 f   alarmcontrolmainwindow.obj
 0001:00004230       ?DebugOn@AlarmControlMainWindow@@AAEXXZ 00405230 f   alarmcontrolmainwindow.obj
 0001:000042c0       ?DebugClear@AlarmControlMainWindow@@AAEXXZ 004052c0 f   alarmcontrolmainwindow.obj
 0001:000042c0       ?DebugMenuShow@AlarmControlMainWindow@@AAEXXZ 004052c0 f   alarmcontrolmainwindow.obj
 0001:000042c0       ?Dummy@AlarmControlMainWindow@@AAEXXZ 004052c0 f   alarmcontrolmainwindow.obj
 0001:000042c0       ?testGetData@AlarmControlMainWindow@@AAEXXZ 004052c0 f   alarmcontrolmainwindow.obj
 0001:000042d0       ??0LoadDirectory@AlarmControlMainWindow@@IAE@PAV1@@Z 004052d0 f   alarmcontrolmainwindow.obj
 0001:000042f0       ??_GLoadDirectory@AlarmControlMainWindow@@MAEPAXI@Z 004052f0 f i alarmcontrolmainwindow.obj
 0001:000042f0       ??_ELoadDirectory@AlarmControlMainWindow@@MAEPAXI@Z 004052f0 f i alarmcontrolmainwindow.obj
 0001:00004310       ?loadDirectory@LoadDirectory@AlarmControlMainWindow@@QAE_NABVQString@@0@Z 00405310 f   alarmcontrolmainwindow.obj
 0001:00004c30       ??_GQLibrary@@UAEPAXI@Z    00405c30 f i alarmcontrolmainwindow.obj
 0001:00004c30       ??_EQLibrary@@UAEPAXI@Z    00405c30 f i alarmcontrolmainwindow.obj
 0001:00004c50       ??0LoadDirectoryInputs@AlarmControlMainWindow@@QAE@PAV1@@Z 00405c50 f   alarmcontrolmainwindow.obj
 0001:00004cc0       ??1LoadDirectory@AlarmControlMainWindow@@MAE@XZ 00405cc0 f i alarmcontrolmainwindow.obj
 0001:00004cd0       ??_ELoadDirectoryInputs@AlarmControlMainWindow@@UAEPAXI@Z 00405cd0 f i alarmcontrolmainwindow.obj
 0001:00004cd0       ??_GLoadDirectoryInputs@AlarmControlMainWindow@@UAEPAXI@Z 00405cd0 f i alarmcontrolmainwindow.obj
 0001:00004cf0       ??1LoadDirectoryInputs@AlarmControlMainWindow@@UAE@XZ 00405cf0 f   alarmcontrolmainwindow.obj
 0001:00004d60       ?insert@LoadDirectoryInputs@AlarmControlMainWindow@@UAEXPAV2@PAVQLibrary@@PAVQFileInfo@@H@Z 00405d60 f   alarmcontrolmainwindow.obj
 0001:00004e20       ?getFolder@LoadDirectoryInputs@AlarmControlMainWindow@@UBE?AVQString@@XZ 00405e20 f   alarmcontrolmainwindow.obj
 0001:00004e50       ?getFileNamePrefix@LoadDirectoryInputs@AlarmControlMainWindow@@UBE?AVQString@@XZ 00405e50 f   alarmcontrolmainwindow.obj
 0001:00004e80       ??0LoadDirectoryOutputs@AlarmControlMainWindow@@QAE@PAV1@@Z 00405e80 f   alarmcontrolmainwindow.obj
 0001:00004ef0       ??_GLoadDirectoryOutputs@AlarmControlMainWindow@@UAEPAXI@Z 00405ef0 f i alarmcontrolmainwindow.obj
 0001:00004ef0       ??_ELoadDirectoryOutputs@AlarmControlMainWindow@@UAEPAXI@Z 00405ef0 f i alarmcontrolmainwindow.obj
 0001:00004f10       ??1LoadDirectoryOutputs@AlarmControlMainWindow@@UAE@XZ 00405f10 f   alarmcontrolmainwindow.obj
 0001:00004f80       ?insert@LoadDirectoryOutputs@AlarmControlMainWindow@@UAEXPAV2@PAVQLibrary@@PAVQFileInfo@@H@Z 00405f80 f   alarmcontrolmainwindow.obj
 0001:00005040       ?getFolder@LoadDirectoryOutputs@AlarmControlMainWindow@@UBE?AVQString@@XZ 00406040 f   alarmcontrolmainwindow.obj
 0001:00005070       ?getFileNamePrefix@LoadDirectoryOutputs@AlarmControlMainWindow@@UBE?AVQString@@XZ 00406070 f   alarmcontrolmainwindow.obj
 0001:000050a0       ?getInitialHeading@LoadDirectoryInputs@AlarmControlMainWindow@@UBE?AW4ELastEvent@ModuleListViewItem@@XZ 004060a0 f   alarmcontrolmainwindow.obj
 0001:000050a0       ?getInitialHeading@LoadDirectoryOutputs@AlarmControlMainWindow@@UBE?AW4ELastEvent@ModuleListViewItem@@XZ 004060a0 f   alarmcontrolmainwindow.obj
 0001:000050a0       ?getType@LoadDirectoryInputs@AlarmControlMainWindow@@UBE?AW4EType@ModuleListViewItem@@XZ 004060a0 f   alarmcontrolmainwindow.obj
 0001:000050b0       ?getType@LoadDirectoryOutputs@AlarmControlMainWindow@@UBE?AW4EType@ModuleListViewItem@@XZ 004060b0 f   alarmcontrolmainwindow.obj
 0001:000050c0       ?loadDirectory@AlarmControlMainWindow@@AAE_NABVQString@@0@Z 004060c0 f   alarmcontrolmainwindow.obj
 0001:000054f0       ?CreateAcqStore@AlarmControlMainWindow@@AAE_NXZ 004064f0 f   alarmcontrolmainwindow.obj
 0001:00005650       ?loadInputs@AlarmControlMainWindow@@AAE_NXZ 00406650 f   alarmcontrolmainwindow.obj
 0001:00005ab0       ?loadOutputs@AlarmControlMainWindow@@AAE_NXZ 00406ab0 f   alarmcontrolmainwindow.obj
 0001:00005ec0       ?UpdateDisplayFast@AlarmControlMainWindow@@AAEXXZ 00406ec0 f   alarmcontrolmainwindow.obj
 0001:00006350       ?UpdateDisplaySlow@AlarmControlMainWindow@@AAEXXZ 00407350 f   alarmcontrolmainwindow.obj
 0001:000066c0       ?UpdateTxRx@AlarmControlMainWindow@@AAEXXZ 004076c0 f   alarmcontrolmainwindow.obj
 0001:00006ae0       ?UpdateDisplay@AlarmControlMainWindow@@AAEXPAVModuleListViewItem@@PAValarms_base@@AAH2@Z 00407ae0 f   alarmcontrolmainwindow.obj
 0001:00006b90       ?UpdateDisplay@AlarmControlMainWindow@@AAEXPAVModuleListViewItem@@W4ELoadedness@1@@Z 00407b90 f   alarmcontrolmainwindow.obj
 0001:00006bf0       ?UpdateDisplay@AlarmControlMainWindow@@AAEXVQString@@W4ELoadedness@1@@Z 00407bf0 f   alarmcontrolmainwindow.obj
 0001:00006c90       ?UpdateDisplay@AlarmControlMainWindow@@AAEXABVQString@@QAValarms_base@@AA_NAAH3@Z 00407c90 f   alarmcontrolmainwindow.obj
 0001:00006d30       ?AddModuleLog@AlarmControlMainWindow@@AAEXAAVQStringList@@@Z 00407d30 f   alarmcontrolmainwindow.obj
 0001:00006d80       ?processLoop@AlarmControlMainWindow@@AAEXXZ 00407d80 f   alarmcontrolmainwindow.obj
 0001:00006dd0       ?getAcqState@AlarmControlMainWindow@@QAEHHH@Z 00407dd0 f   alarmcontrolmainwindow.obj
 0001:00006f60       ?timerEvent@AlarmControlMainWindow@@EAEXPAVQTimerEvent@@@Z 00407f60 f   alarmcontrolmainwindow.obj
 0001:00007170       ?getInputData@AlarmControlMainWindow@@AAEXXZ 00408170 f   alarmcontrolmainwindow.obj
 0001:00007360       ?loadConfig@AlarmControlMainWindow@@AAE_NABVQString@@ABV?$map@VQString@@HU?$less@VQString@@@std@@V?$allocator@H@3@@std@@@Z 00408360 f   alarmcontrolmainwindow.obj
 0001:00008010       ?AddOneProcess@AlarmControlMainWindow@@AAEXPAVCalarm_Process@@ABVQString@@1ABV?$map@VQString@@HU?$less@VQString@@@std@@V?$allocator@H@3@@std@@@Z 00409010 f   alarmcontrolmainwindow.obj
 0001:000081d0       ?doCalculations@AlarmControlMainWindow@@AAE_NXZ 004091d0 f   alarmcontrolmainwindow.obj
 0001:000087f0       ?sendDataOutputs@AlarmControlMainWindow@@AAE_NXZ 004097f0 f   alarmcontrolmainwindow.obj
 0001:00008950       ?printData@AlarmControlMainWindow@@AAEXXZ 00409950 f   alarmcontrolmainwindow.obj
 0001:00008a80       ?changeSelected@AlarmControlMainWindow@@AAEXPAVQListViewItem@@@Z 00409a80 f   alarmcontrolmainwindow.obj
 0001:00008a90       ?changeSelected@AlarmControlMainWindow@@AAEXXZ 00409a90 f   alarmcontrolmainwindow.obj
 0001:00008ab0       ?changeSelected@AlarmControlMainWindow@@AAEXPAVQListViewItem@@_N@Z 00409ab0 f   alarmcontrolmainwindow.obj
 0001:00008d60       ?showMessageList@LoadDirectory@AlarmControlMainWindow@@QAE_NPAVAlmConfig@@_N@Z 00409d60 f   alarmcontrolmainwindow.obj
 0001:00008ea0       ?getDatFileFolder@AlarmControlMainWindow@@AAEXPAD@Z 00409ea0 f   alarmcontrolmainwindow.obj
 0001:00008ef0       ?loadFileData@AlarmControlMainWindow@@AAEXAAV?$map@VQString@@HU?$less@VQString@@@std@@V?$allocator@H@3@@std@@@Z 00409ef0 f   alarmcontrolmainwindow.obj
 0001:000091c0       ??1?$pair@$$CBVQString@@H@std@@QAE@XZ 0040a1c0 f i alarmcontrolmainwindow.obj
 0001:000091c0       ??1?$pair@VQString@@H@std@@QAE@XZ 0040a1c0 f i alarmcontrolmainwindow.obj
 0001:000091e0       ?saveFileData@AlarmControlMainWindow@@AAEXXZ 0040a1e0 f   alarmcontrolmainwindow.obj
 0001:00009620       ?LogOn@AlarmControlMainWindow@@AAEXH@Z 0040a620 f   alarmcontrolmainwindow.obj
 0001:000099e0       ?SwitchDebug@AlarmControlMainWindow@@AAEXXZ 0040a9e0 f   alarmcontrolmainwindow.obj
 0001:00009c10       ?diagnosticsOn@AlarmControlMainWindow@@AAEXXZ 0040ac10 f   alarmcontrolmainwindow.obj
 0001:00009d90       ?fillDiagnostics@AlarmControlMainWindow@@AAEXXZ 0040ad90 f   alarmcontrolmainwindow.obj
 0001:0000a150       ?diagHide@AlarmControlMainWindow@@AAEXXZ 0040b150 f   alarmcontrolmainwindow.obj
 0001:0000a180       ?UpdateDiagnosticsScreen@AlarmControlMainWindow@@AAEXXZ 0040b180 f   alarmcontrolmainwindow.obj
 0001:0000a190       ?updateDiagnosticsProcess@AlarmControlMainWindow@@AAEXPAVQListViewItem@@H@Z 0040b190 f   alarmcontrolmainwindow.obj
 0001:0000a260       ?updateProcesses@AlarmControlMainWindow@@AAEXXZ 0040b260 f   alarmcontrolmainwindow.obj
 0001:0000a380       ?diagForceState@AlarmControlMainWindow@@AAEXHABVQStringList@@@Z 0040b380 f   alarmcontrolmainwindow.obj
 0001:0000a4f0       ?findFilterProcess@AlarmControlMainWindow@@AAEXABVQString@@AA_N@Z 0040b4f0 f   alarmcontrolmainwindow.obj
 0001:0000a670       ?Debug@AlarmControlMainWindow@@AAAXPBDZZ 0040b670 f   alarmcontrolmainwindow.obj
 0001:0000a7c0       ?Debug@AlarmControlMainWindow@@QAEXABVQString@@@Z 0040b7c0 f   alarmcontrolmainwindow.obj
 0001:0000a7e0       ?loadColouringSettings@AlarmControlMainWindow@@AAEXABVQString@@AAW4EColouringActive@1@AAH@Z 0040b7e0 f   alarmcontrolmainwindow.obj
 0001:0000ade0       ?greeningClicked@AlarmControlMainWindow@@AAEXXZ 0040bde0 f   alarmcontrolmainwindow.obj
 0001:0000af60       ?reddingClicked@AlarmControlMainWindow@@AAEXXZ 0040bf60 f   alarmcontrolmainwindow.obj
 0001:0000b0e0       ?startGreening@AlarmControlMainWindow@@AAEXXZ 0040c0e0 f   alarmcontrolmainwindow.obj
 0001:0000b1b0       ?stopGreening@AlarmControlMainWindow@@AAEXXZ 0040c1b0 f   alarmcontrolmainwindow.obj
 0001:0000b2f0       ?startRedding@AlarmControlMainWindow@@AAEXXZ 0040c2f0 f   alarmcontrolmainwindow.obj
 0001:0000b3c0       ?stopRedding@AlarmControlMainWindow@@AAEXXZ 0040c3c0 f   alarmcontrolmainwindow.obj
 0001:0000b500       ?AppendLog@AlarmControlMainWindow@@QAEXABVQString@@@Z 0040c500 f   alarmcontrolmainwindow.obj
 0001:0000b630       ?StartExtraNetworkActivity@AlarmControlMainWindow@@AAEXXZ 0040c630 f   alarmcontrolmainwindow.obj
 0001:0000b6d0       ?moduleChangeEvent@AlarmControlMainWindow@@QAEXXZ 0040c6d0 f   alarmcontrolmainwindow.obj
 0001:0000b740       ?contextMenuRequested@AlarmControlMainWindow@@AAEXPAVQListViewItem@@ABVQPoint@@H@Z 0040c740 f   alarmcontrolmainwindow.obj
 0001:0000b9d0       ?restartAllPolls@AlarmControlMainWindow@@AAEXXZ 0040c9d0 f   alarmcontrolmainwindow.obj
 0001:0000baa0       ?forceRxOnly@AlarmControlMainWindow@@AAEXXZ 0040caa0 f   alarmcontrolmainwindow.obj
 0001:0000bcd0       ??1?$list@PAVCalarm_Process@@V?$allocator@PAVCalarm_Process@@@std@@@std@@QAE@XZ 0040ccd0 f i alarmcontrolmainwindow.obj
 0001:0000bd20       ?count@?$QDict@VOutConfig@@@@UBEIXZ 0040cd20 f i alarmcontrolmainwindow.obj
 0001:0000bd20       ?count@?$QDict@VAcqConfig@@@@UBEIXZ 0040cd20 f i alarmcontrolmainwindow.obj
 0001:0000bd30       ?clear@?$QDict@VAcqConfig@@@@UAEXXZ 0040cd30 f i alarmcontrolmainwindow.obj
 0001:0000bd30       ?clear@?$QDict@VOutConfig@@@@UAEXXZ 0040cd30 f i alarmcontrolmainwindow.obj
 0001:0000bd40       ??1?$QValueVector@H@@QAE@XZ 0040cd40 f i alarmcontrolmainwindow.obj
 0001:0000bd60       ??1?$_Tree@VQString@@U?$pair@$$CBVQString@@H@std@@U_Kfn@?$map@VQString@@HU?$less@VQString@@@std@@V?$allocator@H@3@@3@U?$less@VQString@@@3@V?$allocator@H@3@@std@@QAE@XZ 0040cd60 f i alarmcontrolmainwindow.obj
 0001:0000be50       ??1?$QDictIterator@VOutConfig@@@@QAE@XZ 0040ce50 f i alarmcontrolmainwindow.obj
 0001:0000be50       ??1?$QDictIterator@VAcqConfig@@@@QAE@XZ 0040ce50 f i alarmcontrolmainwindow.obj
 0001:0000be60       ?currentKey@?$QDictIterator@VOutConfig@@@@QBE?AVQString@@XZ 0040ce60 f i alarmcontrolmainwindow.obj
 0001:0000be60       ?currentKey@?$QDictIterator@VAcqConfig@@@@QBE?AVQString@@XZ 0040ce60 f i alarmcontrolmainwindow.obj
 0001:0000be80       ??1?$QPtrListIterator@VQFileInfo@@@@QAE@XZ 0040ce80 f i alarmcontrolmainwindow.obj
 0001:0000be90       ??_G?$QDict@VAcqConfig@@@@UAEPAXI@Z 0040ce90 f i alarmcontrolmainwindow.obj
 0001:0000be90       ??_E?$QDict@VAcqConfig@@@@UAEPAXI@Z 0040ce90 f i alarmcontrolmainwindow.obj
 0001:0000beb0       ??1?$QDict@VAcqConfig@@@@UAE@XZ 0040ceb0 f i alarmcontrolmainwindow.obj
 0001:0000bf10       ??_G?$QDict@VOutConfig@@@@UAEPAXI@Z 0040cf10 f i alarmcontrolmainwindow.obj
 0001:0000bf10       ??_E?$QDict@VOutConfig@@@@UAEPAXI@Z 0040cf10 f i alarmcontrolmainwindow.obj
 0001:0000bf30       ??1?$QDict@VOutConfig@@@@UAE@XZ 0040cf30 f i alarmcontrolmainwindow.obj
 0001:0000bf90       ?insert@?$list@PAVCalarm_Process@@V?$allocator@PAVCalarm_Process@@@std@@@std@@QAE?AViterator@12@V312@ABQAVCalarm_Process@@@Z 0040cf90 f i alarmcontrolmainwindow.obj
 0001:0000bff0       ?detach@?$QValueVector@H@@IAEXXZ 0040cff0 f i alarmcontrolmainwindow.obj
 0001:0000c000       ?begin@?$_Tree@VQString@@U?$pair@$$CBVQString@@H@std@@U_Kfn@?$map@VQString@@HU?$less@VQString@@@std@@V?$allocator@H@3@@3@U?$less@VQString@@@3@V?$allocator@H@3@@std@@QAE?AViterator@12@XZ 0040d000 f i alarmcontrolmainwindow.obj
 0001:0000c010       ?insert@?$_Tree@VQString@@U?$pair@$$CBVQString@@H@std@@U_Kfn@?$map@VQString@@HU?$less@VQString@@@std@@V?$allocator@H@3@@3@U?$less@VQString@@@3@V?$allocator@H@3@@std@@QAE?AU?$pair@Viterator@?$_Tree@VQString@@U?$pair@$$CBVQString@@H@std@@U_Kfn@?$map@VQString@@HU?$less@VQString@@@std@@V?$allocator@H@3@@3@U?$less@VQString@@@3@V?$allocator@H@3@@std@@_N@2@ABU?$pair@$$CBVQString@@H@2@@Z 0040d010 f i alarmcontrolmainwindow.obj
 0001:0000c260       ?erase@?$_Tree@VQString@@U?$pair@$$CBVQString@@H@std@@U_Kfn@?$map@VQString@@HU?$less@VQString@@@std@@V?$allocator@H@3@@3@U?$less@VQString@@@3@V?$allocator@H@3@@std@@QAE?AViterator@12@V312@0@Z 0040d260 f i alarmcontrolmainwindow.obj
 0001:0000c340       ??_G?$QValueListNode@VQString@@@@UAEPAXI@Z 0040d340 f i alarmcontrolmainwindow.obj
 0001:0000c340       ??_E?$QValueListNode@VQString@@@@UAEPAXI@Z 0040d340 f i alarmcontrolmainwindow.obj
 0001:0000c360       ??1?$QValueListNode@VQString@@@@UAE@XZ 0040d360 f i alarmcontrolmainwindow.obj
 0001:0000c390       ??_E?$QValueVectorPrivate@H@@UAEPAXI@Z 0040d390 f i alarmcontrolmainwindow.obj
 0001:0000c390       ??_G?$QValueVectorPrivate@H@@UAEPAXI@Z 0040d390 f i alarmcontrolmainwindow.obj
 0001:0000c3c0       ?erase@?$list@PAVCalarm_Process@@V?$allocator@PAVCalarm_Process@@@std@@@std@@QAE?AViterator@12@V312@@Z 0040d3c0 f i alarmcontrolmainwindow.obj
 0001:0000c400       ?erase@?$_Tree@VQString@@U?$pair@$$CBVQString@@H@std@@U_Kfn@?$map@VQString@@HU?$less@VQString@@@std@@V?$allocator@H@3@@3@U?$less@VQString@@@3@V?$allocator@H@3@@std@@QAE?AViterator@12@V312@@Z 0040d400 f i alarmcontrolmainwindow.obj
 0001:0000c820       ?_Erase@?$_Tree@VQString@@U?$pair@$$CBVQString@@H@std@@U_Kfn@?$map@VQString@@HU?$less@VQString@@@std@@V?$allocator@H@3@@3@U?$less@VQString@@@3@V?$allocator@H@3@@std@@IAEXPAU_Node@12@@Z 0040d820 f i alarmcontrolmainwindow.obj
 0001:0000c870       ?_Init@?$_Tree@VQString@@U?$pair@$$CBVQString@@H@std@@U_Kfn@?$map@VQString@@HU?$less@VQString@@@std@@V?$allocator@H@3@@3@U?$less@VQString@@@3@V?$allocator@H@3@@std@@IAEXXZ 0040d870 f i alarmcontrolmainwindow.obj
 0001:0000c910       ?_Insert@?$_Tree@VQString@@U?$pair@$$CBVQString@@H@std@@U_Kfn@?$map@VQString@@HU?$less@VQString@@@std@@V?$allocator@H@3@@3@U?$less@VQString@@@3@V?$allocator@H@3@@std@@IAE?AViterator@12@PAU_Node@12@0ABU?$pair@$$CBVQString@@H@2@@Z 0040d910 f i alarmcontrolmainwindow.obj
 0001:0000cb80       ?_Lbound@?$_Tree@VQString@@U?$pair@$$CBVQString@@H@std@@U_Kfn@?$map@VQString@@HU?$less@VQString@@@std@@V?$allocator@H@3@@3@U?$less@VQString@@@3@V?$allocator@H@3@@std@@IBEPAU_Node@12@ABVQString@@@Z 0040db80 f i alarmcontrolmainwindow.obj
 0001:0000cbd0       ?_Lrotate@?$_Tree@VQString@@U?$pair@$$CBVQString@@H@std@@U_Kfn@?$map@VQString@@HU?$less@VQString@@@std@@V?$allocator@H@3@@3@U?$less@VQString@@@3@V?$allocator@H@3@@std@@IAEXPAU_Node@12@@Z 0040dbd0 f i alarmcontrolmainwindow.obj
 0001:0000cc30       ?_Min@?$_Tree@VQString@@U?$pair@$$CBVQString@@H@std@@U_Kfn@?$map@VQString@@HU?$less@VQString@@@std@@V?$allocator@H@3@@3@U?$less@VQString@@@3@V?$allocator@H@3@@std@@KAPAU_Node@12@PAU312@@Z 0040dc30 f i alarmcontrolmainwindow.obj
 0001:0000cc50       ?_Rrotate@?$_Tree@VQString@@U?$pair@$$CBVQString@@H@std@@U_Kfn@?$map@VQString@@HU?$less@VQString@@@std@@V?$allocator@H@3@@3@U?$less@VQString@@@3@V?$allocator@H@3@@std@@IAEXPAU_Node@12@@Z 0040dc50 f i alarmcontrolmainwindow.obj
 0001:0000ccb0       ?_Buynode@?$_Tree@VQString@@U?$pair@$$CBVQString@@H@std@@U_Kfn@?$map@VQString@@HU?$less@VQString@@@std@@V?$allocator@H@3@@3@U?$less@VQString@@@3@V?$allocator@H@3@@std@@IAEPAU_Node@12@PAU312@W4_Redbl@12@@Z 0040dcb0 f i alarmcontrolmainwindow.obj
 0001:0000ccd0       ?_Dec@const_iterator@?$_Tree@VQString@@U?$pair@$$CBVQString@@H@std@@U_Kfn@?$map@VQString@@HU?$less@VQString@@@std@@V?$allocator@H@3@@3@U?$less@VQString@@@3@V?$allocator@H@3@@std@@QAEXXZ 0040dcd0 f i alarmcontrolmainwindow.obj
 0001:0000cd30       ?_Inc@const_iterator@?$_Tree@VQString@@U?$pair@$$CBVQString@@H@std@@U_Kfn@?$map@VQString@@HU?$less@VQString@@@std@@V?$allocator@H@3@@3@U?$less@VQString@@@3@V?$allocator@H@3@@std@@QAEXXZ 0040dd30 f i alarmcontrolmainwindow.obj
 0001:0000cd80       ?deleteItem@?$QDict@VOutConfig@@@@EAEXPAX@Z 0040dd80 f i alarmcontrolmainwindow.obj
 0001:0000cd80       ?deleteItem@?$QDict@VAcqConfig@@@@EAEXPAX@Z 0040dd80 f i alarmcontrolmainwindow.obj
 0001:0000cda0       ?insert@?$QValueVector@H@@QAEPAHPAHIABH@Z 0040dda0 f i alarmcontrolmainwindow.obj
 0001:0000cf80       ?detachInternal@?$QValueVector@H@@IAEXXZ 0040df80 f i alarmcontrolmainwindow.obj
 0001:0000d070       ??0?$QValueListPrivate@VQString@@@@QAE@XZ 0040e070 f i alarmcontrolmainwindow.obj
 0001:0000d110       ?insert@?$QValueListPrivate@VQString@@@@QAE?AV?$QValueListIterator@VQString@@@@V2@ABVQString@@@Z 0040e110 f i alarmcontrolmainwindow.obj
 0001:0000d190       ?at@?$QValueListPrivate@VQString@@@@QBEPAV?$QValueListNode@VQString@@@@I@Z 0040e190 f i alarmcontrolmainwindow.obj
 0001:0000d1d0       ?_Construct@std@@YAXPAU?$pair@$$CBVQString@@H@1@ABU21@@Z 0040e1d0 f i alarmcontrolmainwindow.obj
 0001:0000d220       ??3@YAXPAX0@Z              0040e220 f i alarmcontrolmainwindow.obj
 0001:0000d230       ??_E?$QValueListPrivate@VQString@@@@UAEPAXI@Z 0040e230 f i alarmcontrolmainwindow.obj
 0001:0000d230       ??_G?$QValueListPrivate@VQString@@@@UAEPAXI@Z 0040e230 f i alarmcontrolmainwindow.obj
 0001:0000d280       ??_G?$pair@$$CBVQString@@H@std@@QAEPAXI@Z 0040e280 f i alarmcontrolmainwindow.obj
 0001:0000d2a0       ??0?$QValueListPrivate@VQString@@@@QAE@ABV0@@Z 0040e2a0 f i alarmcontrolmainwindow.obj
 0001:0000d380       ??0?$QValueVectorPrivate@H@@QAE@ABV0@@Z 0040e380 f i alarmcontrolmainwindow.obj
 0001:0000d400       ??_EQMenuBar@@WCI@AEPAXI@Z 0040e400 f i alarmcontrolmainwindow.obj
 0001:0000d410       ??_EQMenuBar@@WIM@AEPAXI@Z 0040e410 f i alarmcontrolmainwindow.obj
 0001:0000d420       ??_EAlarmControlMainWindow@@WCI@AEPAXI@Z 0040e420 f i alarmcontrolmainwindow.obj
 0001:0000d430       ??_EQPopupMenu@@WCI@AEPAXI@Z 0040e430 f i alarmcontrolmainwindow.obj
 0001:0000d440       ??_EQPopupMenu@@WIM@AEPAXI@Z 0040e440 f i alarmcontrolmainwindow.obj
 0001:0000d450       ??0diagnostics@@QAE@PAVQWidget@@PBD_NI@Z 0040e450 f   diagnosticsimpl.obj
 0001:0000d7e0       ?metaObject@diagnostics@@UBEPAVQMetaObject@@XZ 0040e7e0 f i diagnosticsimpl.obj
 0001:0000d7f0       ??_Gdiagnostics@@UAEPAXI@Z 0040e7f0 f i diagnosticsimpl.obj
 0001:0000d7f0       ??_Ediagnostics@@UAEPAXI@Z 0040e7f0 f i diagnosticsimpl.obj
 0001:0000d810       ??1FilterStackItem@diagnostics@@QAE@XZ 0040e810 f i diagnosticsimpl.obj
 0001:0000d890       ??1diagnostics@@UAE@XZ     0040e890 f   diagnosticsimpl.obj
 0001:0000da10       ?Debug@diagnostics@@AAAXPBDZZ 0040ea10 f   diagnosticsimpl.obj
 0001:0000db10       ?hideEvent@diagnostics@@EAEXPAVQHideEvent@@@Z 0040eb10 f   diagnosticsimpl.obj
 0001:0000db20       ??0DiagnosticsListViewItem@@QAE@PAVQListView@@ABVQString@@1111111@Z 0040eb20 f   diagnosticsimpl.obj
 0001:0000dc10       ??_EDiagnosticsListViewItem@@UAEPAXI@Z 0040ec10 f i diagnosticsimpl.obj
 0001:0000dc10       ??_GDiagnosticsListViewItem@@UAEPAXI@Z 0040ec10 f i diagnosticsimpl.obj
 0001:0000dc30       ??1DiagnosticsListViewItem@@UAE@XZ 0040ec30 f i diagnosticsimpl.obj
 0001:0000dc40       ?paintCell@DiagnosticsListViewItem@@UAEXPAVQPainter@@ABVQColorGroup@@HHH@Z 0040ec40 f   diagnosticsimpl.obj
 0001:0000e090       ?timerEvent@diagnostics@@EAEXPAVQTimerEvent@@@Z 0040f090 f   diagnosticsimpl.obj
 0001:0000e0d0       ?setButtonState@diagnostics@@AAEX_NPAVQPushButton@@ABVQString@@@Z 0040f0d0 f   diagnosticsimpl.obj
 0001:0000e1b0       ?setDiagButton@diagnostics@@AAEX_N@Z 0040f1b0 f   diagnosticsimpl.obj
 0001:0000e530       ?diagForceOff@diagnostics@@AAEXXZ 0040f530 f   diagnosticsimpl.obj
 0001:0000e540       ?diagForceOn@diagnostics@@AAEXXZ 0040f540 f   diagnosticsimpl.obj
 0001:0000e550       ?diagForceAck@diagnostics@@AAEXXZ 0040f550 f   diagnosticsimpl.obj
 0001:0000e560       ?diagForceIgnore@diagnostics@@AAEXXZ 0040f560 f   diagnosticsimpl.obj
 0001:0000e570       ?diagForceNormal@diagnostics@@AAEXXZ 0040f570 f   diagnosticsimpl.obj
 0001:0000e580       ?diagForceAckAll@diagnostics@@AAEXXZ 0040f580 f   diagnosticsimpl.obj
 0001:0000e590       ?diagForceClear@diagnostics@@AAEXXZ 0040f590 f   diagnosticsimpl.obj
 0001:0000e5a0       ?diagForceAckContribImmed@diagnostics@@AAEXXZ 0040f5a0 f   diagnosticsimpl.obj
 0001:0000e5b0       ?diagForceAckContribAll@diagnostics@@AAEXXZ 0040f5b0 f   diagnosticsimpl.obj
 0001:0000e5c0       ?setButtonForce@diagnostics@@AAEXW4DIAG_BUTTONS@1@H@Z 0040f5c0 f   diagnosticsimpl.obj
 0001:0000e640       ?diagForceState@diagnostics@@AAEXH@Z 0040f640 f   diagnosticsimpl.obj
 0001:0000e820       ?startFillDiagnostics@diagnostics@@QAEXXZ 0040f820 f   diagnosticsimpl.obj
 0001:0000e890       ?fillDiagnosticsEntry@diagnostics@@QAEXABVQString@@000H0_NH@Z 0040f890 f   diagnosticsimpl.obj
 0001:0000ead0       ??_EQListViewItem@@UAEPAXI@Z 0040fad0 f i diagnosticsimpl.obj
 0001:0000ead0       ??_GQListViewItem@@UAEPAXI@Z 0040fad0 f i diagnosticsimpl.obj
 0001:0000eaf0       ?endFillDiagnostics@diagnostics@@QAEXXZ 0040faf0 f   diagnosticsimpl.obj
 0001:0000eb50       ?errorToString@diagnostics@@AAE?AVQString@@H@Z 0040fb50 f   diagnosticsimpl.obj
 0001:0000ec20       ?updateDiagnosticsScreen@diagnostics@@QAEXXZ 0040fc20 f   diagnosticsimpl.obj
 0001:0000ed40       ?updateDiagnosticsState@diagnostics@@QAEXPAVQListViewItem@@HABVQString@@H@Z 0040fd40 f   diagnosticsimpl.obj
 0001:0000ee50       ?wrapLabel@diagnostics@@AAE?AVQString@@AAV2@I@Z 0040fe50 f   diagnosticsimpl.obj
 0001:0000eea0       ?updateProcess@diagnostics@@QAEXABVQString@@H@Z 0040fea0 f   diagnosticsimpl.obj
 0001:0000efc0       ?diagProcessCurrentChanged@diagnostics@@AAEXPAVQListViewItem@@@Z 0040ffc0 f   diagnosticsimpl.obj
 0001:0000efe0       ?diagProcessDoubleClicked@diagnostics@@AAEXPAVQListViewItem@@@Z 0040ffe0 f   diagnosticsimpl.obj
 0001:0000f060       ?diagProcessSelectionChanged@diagnostics@@AAEXXZ 00410060 f   diagnosticsimpl.obj
 0001:0000f080       ?diagProcessSelectionChanged@diagnostics@@AAEXPAVQListViewItem@@@Z 00410080 f   diagnosticsimpl.obj
 0001:0000f140       ?enableStateButtons@diagnostics@@AAEX_N@Z 00410140 f   diagnosticsimpl.obj
 0001:0000f1c0       ?disableStateButtons@diagnostics@@AAEXXZ 004101c0 f   diagnosticsimpl.obj
 0001:0000f240       ?diagSetFilter@diagnostics@@AAEXABVQString@@@Z 00410240 f   diagnosticsimpl.obj
 0001:0000f3d0       ?diagSetProcessInputFilter@diagnostics@@AAEXABVQString@@@Z 004103d0 f   diagnosticsimpl.obj
 0001:0000f950       ?appendProcessName@diagnostics@@QAEXABVQString@@@Z 00410950 f   diagnosticsimpl.obj
 0001:0000f990       ?diagFilterBack@diagnostics@@AAEXXZ 00410990 f   diagnosticsimpl.obj
 0001:0000fa10       ?updateDisplayFromSelections@diagnostics@@AAEXXZ 00410a10 f   diagnosticsimpl.obj
 0001:000101c0       ?contextMenuRequested@diagnostics@@AAEXPAVQListViewItem@@ABVQPoint@@H@Z 004111c0 f   diagnosticsimpl.obj
 0001:000103b0       ??1?$QPtrStack@UFilterStackItem@diagnostics@@@@UAE@XZ 004113b0 f i diagnosticsimpl.obj
 0001:00010410       ?clear@?$QPtrList@VQListViewItem@@@@UAEXXZ 00411410 f i diagnosticsimpl.obj
 0001:00010410       ?clear@?$QPtrStack@UFilterStackItem@diagnostics@@@@UAEXXZ 00411410 f i diagnosticsimpl.obj
 0001:00010410       ?clear@?$QPtrList@VDiagnosticsListViewItem@@@@UAEXXZ 00411410 f i diagnosticsimpl.obj
 0001:00010420       ??1?$QPtrList@VDiagnosticsListViewItem@@@@UAE@XZ 00411420 f i diagnosticsimpl.obj
 0001:00010480       ??1?$QPtrList@VQListViewItem@@@@UAE@XZ 00411480 f i diagnosticsimpl.obj
 0001:000104e0       ?count@?$QPtrList@VDiagnosticsListViewItem@@@@UBEIXZ 004114e0 f i diagnosticsimpl.obj
 0001:000104e0       ?count@?$QPtrList@VQListViewItem@@@@UBEIXZ 004114e0 f i diagnosticsimpl.obj
 0001:000104e0       ?count@?$QPtrStack@UFilterStackItem@diagnostics@@@@UBEIXZ 004114e0 f i diagnosticsimpl.obj
 0001:000104f0       ??_E?$QPtrStack@UFilterStackItem@diagnostics@@@@UAEPAXI@Z 004114f0 f i diagnosticsimpl.obj
 0001:000104f0       ??_G?$QPtrStack@UFilterStackItem@diagnostics@@@@UAEPAXI@Z 004114f0 f i diagnosticsimpl.obj
 0001:00010510       ??_E?$QPtrList@VDiagnosticsListViewItem@@@@UAEPAXI@Z 00411510 f i diagnosticsimpl.obj
 0001:00010510       ??_G?$QPtrList@VDiagnosticsListViewItem@@@@UAEPAXI@Z 00411510 f i diagnosticsimpl.obj
 0001:00010530       ??_E?$QPtrList@VQListViewItem@@@@UAEPAXI@Z 00411530 f i diagnosticsimpl.obj
 0001:00010530       ??_G?$QPtrList@VQListViewItem@@@@UAEPAXI@Z 00411530 f i diagnosticsimpl.obj
 0001:00010550       ?deleteItem@?$QPtrStack@UFilterStackItem@diagnostics@@@@EAEXPAX@Z 00411550 f i diagnosticsimpl.obj
 0001:00010580       ?deleteItem@?$QPtrList@VQListViewItem@@@@EAEXPAX@Z 00411580 f i diagnosticsimpl.obj
 0001:00010580       ?deleteItem@?$QPtrList@VDiagnosticsListViewItem@@@@EAEXPAX@Z 00411580 f i diagnosticsimpl.obj
 0001:000105a0       ?remove@?$QValueListPrivate@VQString@@@@QAEIABVQString@@@Z 004115a0 f i diagnosticsimpl.obj
 0001:000105f0       ?remove@?$QValueListPrivate@VQString@@@@QAE?AV?$QValueListIterator@VQString@@@@V2@@Z 004115f0 f i diagnosticsimpl.obj
 0001:00010650       ??0?$QValueListNode@VQString@@@@QAE@XZ 00411650 f i diagnosticsimpl.obj
 0001:00010680       ??_Ediagnostics@@WCI@AEPAXI@Z 00411680 f i diagnosticsimpl.obj
 0001:00010710       ??0structured_exception@@QAE@ABU_EXCEPTION_POINTERS@@@Z 00411710 f   except.obj
 0001:00010730       ?install@structured_exception@@SAXXZ 00411730 f   except.obj
 0001:00010770       ?what@structured_exception@@QBEIXZ 00411770 f   except.obj
 0001:00010780       ?where@structured_exception@@QBEPBXXZ 00411780 f   except.obj
 0001:00010790       ?GetDateString@Logger@@AAEXPAD@Z 00411790 f   except.obj
 0001:000107e0       ?GetTimeString@Logger@@AAEXPAD@Z 004117e0 f   except.obj
 0001:00010830       ?Log@Logger@@QAEXPBD@Z     00411830 f   except.obj
 0001:00010c30       ?getInstance@Logger@@SAPAV1@XZ 00411c30 f   except.obj
 0001:00010ca0       ?destroy@Logger@@SAXXZ     00411ca0 f   except.obj
 0001:00010cc0       ?Log@@YAXPBDZZ             00411cc0 f   except.obj
 0001:00010d00       ?setModule@Logger@@QAEXPBD@Z 00411d00 f   except.obj
 0001:00010d70       ?setPerSessionLogging@Logger@@QAEXXZ 00411d70 f   except.obj
 0001:00010de0       ??0Logger@@AAE@XZ          00411de0 f   except.obj
 0001:00010e00       ??_GLogger@@EAEPAXI@Z      00411e00 f i except.obj
 0001:00010e00       ??_ELogger@@EAEPAXI@Z      00411e00 f i except.obj
 0001:00010e20       ??1Logger@@EAE@XZ          00411e20 f   except.obj
 0001:00010ed0       _main                      00411ed0 f   main.obj
 0001:00011020       ??0ModuleListViewItem@@QAE@PAVQListView@@W4EType@0@ABVQString@@H22W4ELastEvent@0@@Z 00412020 f   ModuleListViewItem.obj
 0001:00011240       ??_GModuleListViewItem@@UAEPAXI@Z 00412240 f i ModuleListViewItem.obj
 0001:00011240       ??_EModuleListViewItem@@UAEPAXI@Z 00412240 f i ModuleListViewItem.obj
 0001:00011260       ??1ModuleListViewItem@@UAE@XZ 00412260 f   ModuleListViewItem.obj
 0001:00011270       ?paintCell@ModuleListViewItem@@EAEXPAVQPainter@@ABVQColorGroup@@HHH@Z 00412270 f   ModuleListViewItem.obj
 0001:00011490       ?setStatus@ModuleListViewItem@@QAEXW4EStatus@1@@Z 00412490 f   ModuleListViewItem.obj
 0001:000115c0       ?setLastEvent@ModuleListViewItem@@QAEXW4ELastEvent@1@@Z 004125c0 f   ModuleListViewItem.obj
 0001:00011740       ?setTxCount@ModuleListViewItem@@QAEXK@Z 00412740 f   ModuleListViewItem.obj
 0001:000117e0       ?setRxCount@ModuleListViewItem@@QAEXK@Z 004127e0 f   ModuleListViewItem.obj
 0001:00011880       ?setProgress@ModuleListViewItem@@QAEXHH@Z 00412880 f   ModuleListViewItem.obj
 0001:000119f0       ??0UDP_socket@@QAE@ABVQString@@0HHH@Z 004129f0 f   UDP_socket.obj
 0001:00011d80       ?metaObject@UDP_socket@@UBEPAVQMetaObject@@XZ 00412d80 f i UDP_socket.obj
 0001:00011d90       ??_EUDP_socket@@UAEPAXI@Z  00412d90 f i UDP_socket.obj
 0001:00011d90       ??_GUDP_socket@@UAEPAXI@Z  00412d90 f i UDP_socket.obj
 0001:00011db0       ??_EQSocketDevice@@UAEPAXI@Z 00412db0 f i UDP_socket.obj
 0001:00011db0       ??_GQSocketDevice@@UAEPAXI@Z 00412db0 f i UDP_socket.obj
 0001:00011dd0       ??_GQSocketNotifier@@UAEPAXI@Z 00412dd0 f i UDP_socket.obj
 0001:00011dd0       ??_EQSocketNotifier@@UAEPAXI@Z 00412dd0 f i UDP_socket.obj
 0001:00011df0       ??1UDP_socket@@UAE@XZ      00412df0 f   UDP_socket.obj
 0001:00011ed0       ?ok@UDP_socket@@QBE_NXZ    00412ed0 f   UDP_socket.obj
 0001:00011ee0       ?Start@UDP_socket@@QAEXXZ  00412ee0 f   UDP_socket.obj
 0001:00011f10       ?setStatus@UDP_socket@@QAEX_N@Z 00412f10 f   UDP_socket.obj
 0001:00011f40       ?getTxMode@UDP_socket@@QAE_NXZ 00412f40 f   UDP_socket.obj
 0001:00011f50       ?broadcast@UDP_socket@@AAEXVQString@@@Z 00412f50 f   UDP_socket.obj
 0001:000122f0       ?rxData@UDP_socket@@AAEXH@Z 004132f0 f   UDP_socket.obj
 0001:00012f50       ?timerEvent@UDP_socket@@EAEXPAVQTimerEvent@@@Z 00413f50 f   UDP_socket.obj
 0001:00013090       ?getAddress@UDP_socket@@AAE?AVQStringList@@XZ 00414090 f   UDP_socket.obj
 0001:00013290       ?Debug@UDP_socket@@AAAXPBDZZ 00414290 f   UDP_socket.obj
 0001:000133f0       ?DebugMastership@UDP_socket@@AAAXPBDZZ 004143f0 f   UDP_socket.obj
 0001:00013550       ?SetLogging@UDP_socket@@QAEXH@Z 00414550 f   UDP_socket.obj
 0001:00013560       ?setDebugMode@UDP_socket@@QAE_N_N@Z 00414560 f   UDP_socket.obj
 0001:00013570       ?forceRxOnly@UDP_socket@@QAEXXZ 00414570 f   UDP_socket.obj
 0001:000135b0       ??0AlarmControlMainWindowBase@@QAE@PAVQWidget@@PBDI@Z 004145b0 f   alarmcontrolmainwindowbase.obj
 0001:000146f0       ?metaObject@AlarmControlMainWindowBase@@UBEPAVQMetaObject@@XZ 004156f0 f i alarmcontrolmainwindowbase.obj
 0001:00014700       ??_EQSpacerItem@@UAEPAXI@Z 00415700 f i alarmcontrolmainwindowbase.obj
 0001:00014700       ??_GQSpacerItem@@UAEPAXI@Z 00415700 f i alarmcontrolmainwindowbase.obj
 0001:00014720       ??_EAlarmControlMainWindowBase@@UAEPAXI@Z 00415720 f i alarmcontrolmainwindowbase.obj
 0001:00014720       ??_GAlarmControlMainWindowBase@@UAEPAXI@Z 00415720 f i alarmcontrolmainwindowbase.obj
 0001:00014740       ??_GQWidget@@UAEPAXI@Z     00415740 f i alarmcontrolmainwindowbase.obj
 0001:00014740       ??_EQWidget@@UAEPAXI@Z     00415740 f i alarmcontrolmainwindowbase.obj
 0001:00014760       ??_EQVBoxLayout@@UAEPAXI@Z 00415760 f i alarmcontrolmainwindowbase.obj
 0001:00014760       ??_GQVBoxLayout@@UAEPAXI@Z 00415760 f i alarmcontrolmainwindowbase.obj
 0001:00014780       ??_GQHBoxLayout@@UAEPAXI@Z 00415780 f i alarmcontrolmainwindowbase.obj
 0001:00014780       ??_EQHBoxLayout@@UAEPAXI@Z 00415780 f i alarmcontrolmainwindowbase.obj
 0001:000147a0       ??_GQLabel@@UAEPAXI@Z      004157a0 f i alarmcontrolmainwindowbase.obj
 0001:000147a0       ??_EQLabel@@UAEPAXI@Z      004157a0 f i alarmcontrolmainwindowbase.obj
 0001:000147c0       ??_EQPushButton@@UAEPAXI@Z 004157c0 f i alarmcontrolmainwindowbase.obj
 0001:000147c0       ??_GQPushButton@@UAEPAXI@Z 004157c0 f i alarmcontrolmainwindowbase.obj
 0001:000147e0       ??_GQButtonGroup@@UAEPAXI@Z 004157e0 f i alarmcontrolmainwindowbase.obj
 0001:000147e0       ??_EQButtonGroup@@UAEPAXI@Z 004157e0 f i alarmcontrolmainwindowbase.obj
 0001:00014800       ??_GQSplitter@@UAEPAXI@Z   00415800 f i alarmcontrolmainwindowbase.obj
 0001:00014800       ??_EQSplitter@@UAEPAXI@Z   00415800 f i alarmcontrolmainwindowbase.obj
 0001:00014820       ??_EQListView@@UAEPAXI@Z   00415820 f i alarmcontrolmainwindowbase.obj
 0001:00014820       ??_GQListView@@UAEPAXI@Z   00415820 f i alarmcontrolmainwindowbase.obj
 0001:00014840       ??_GQTextEdit@@UAEPAXI@Z   00415840 f i alarmcontrolmainwindowbase.obj
 0001:00014840       ??_EQTextEdit@@UAEPAXI@Z   00415840 f i alarmcontrolmainwindowbase.obj
 0001:00014860       ??1AlarmControlMainWindowBase@@UAE@XZ 00415860 f   alarmcontrolmainwindowbase.obj
 0001:00014880       ?languageChange@AlarmControlMainWindowBase@@MAEXXZ 00415880 f   alarmcontrolmainwindowbase.obj
 0001:000151a0       ??_EQWidget@@WCI@AEPAXI@Z  004161a0 f i alarmcontrolmainwindowbase.obj
 0001:000151b0       ??_EQHBoxLayout@@WCI@AEPAXI@Z 004161b0 f i alarmcontrolmainwindowbase.obj
 0001:000151c0       ??_EQVBoxLayout@@WCI@AEPAXI@Z 004161c0 f i alarmcontrolmainwindowbase.obj
 0001:000151d0       ??_EQLabel@@WCI@AEPAXI@Z   004161d0 f i alarmcontrolmainwindowbase.obj
 0001:000151e0       ??_EQPushButton@@WCI@AEPAXI@Z 004161e0 f i alarmcontrolmainwindowbase.obj
 0001:000151f0       ??_EQButtonGroup@@WCI@AEPAXI@Z 004161f0 f i alarmcontrolmainwindowbase.obj
 0001:00015200       ??_EQSplitter@@WCI@AEPAXI@Z 00416200 f i alarmcontrolmainwindowbase.obj
 0001:00015210       ??_EQListView@@WCI@AEPAXI@Z 00416210 f i alarmcontrolmainwindowbase.obj
 0001:00015220       ??_EQTextEdit@@WCI@AEPAXI@Z 00416220 f i alarmcontrolmainwindowbase.obj
 0001:00015230       ??_EAlarmControlMainWindowBase@@WCI@AEPAXI@Z 00416230 f i alarmcontrolmainwindowbase.obj
 0001:00015240       ??0diagnosticsBase@@QAE@PAVQWidget@@PBD_NI@Z 00416240 f   diagnostics.obj
 0001:00016660       ?metaObject@diagnosticsBase@@UBEPAVQMetaObject@@XZ 00417660 f i diagnostics.obj
 0001:00016670       ??_GdiagnosticsBase@@UAEPAXI@Z 00417670 f i diagnostics.obj
 0001:00016670       ??_EdiagnosticsBase@@UAEPAXI@Z 00417670 f i diagnostics.obj
 0001:00016690       ??_GQGridLayout@@UAEPAXI@Z 00417690 f i diagnostics.obj
 0001:00016690       ??_EQGridLayout@@UAEPAXI@Z 00417690 f i diagnostics.obj
 0001:000166b0       ??_GQLineEdit@@UAEPAXI@Z   004176b0 f i diagnostics.obj
 0001:000166b0       ??_EQLineEdit@@UAEPAXI@Z   004176b0 f i diagnostics.obj
 0001:000166d0       ??1diagnosticsBase@@UAE@XZ 004176d0 f   diagnostics.obj
 0001:000166f0       ?languageChange@diagnosticsBase@@MAEXXZ 004176f0 f   diagnostics.obj
 0001:000170a0       ??_EQGridLayout@@WCI@AEPAXI@Z 004180a0 f i diagnostics.obj
 0001:000170b0       ??_EQLineEdit@@WCI@AEPAXI@Z 004180b0 f i diagnostics.obj
 0001:000170c0       ??_EdiagnosticsBase@@WCI@AEPAXI@Z 004180c0 f i diagnostics.obj
 0001:000170d0       ?className@AlarmControlMainWindow@@UBEPBDXZ 004180d0 f   moc_alarmcontrolmainwindow.obj
 0001:00017130       ?staticMetaObject@AlarmControlMainWindow@@SAPAVQMetaObject@@XZ 00418130 f   moc_alarmcontrolmainwindow.obj
 0001:00017340       ?qt_cast@AlarmControlMainWindow@@UAEPAXPBD@Z 00418340 f   moc_alarmcontrolmainwindow.obj
 0001:000173b0       ?qt_invoke@AlarmControlMainWindow@@UAE_NHPAUQUObject@@@Z 004183b0 f   moc_alarmcontrolmainwindow.obj
 0001:00017630       ?qt_emit@AlarmControlMainWindow@@UAE_NHPAUQUObject@@@Z 00418630 f   moc_alarmcontrolmainwindow.obj
 0001:00017650       ?qt_property@AlarmControlMainWindow@@UAE_NHHPAVQVariant@@@Z 00418650 f   moc_alarmcontrolmainwindow.obj
 0001:00017670       ?className@AlarmControlMainWindowBase@@UBEPBDXZ 00418670 f   moc_alarmcontrolmainwindowbase.obj
 0001:000176d0       ?tr@AlarmControlMainWindowBase@@SA?AVQString@@PBD0@Z 004186d0 f   moc_alarmcontrolmainwindowbase.obj
 0001:00017720       ?staticMetaObject@AlarmControlMainWindowBase@@SAPAVQMetaObject@@XZ 00418720 f   moc_alarmcontrolmainwindowbase.obj
 0001:00017770       ?qt_cast@AlarmControlMainWindowBase@@UAEPAXPBD@Z 00418770 f   moc_alarmcontrolmainwindowbase.obj
 0001:000177e0       ?qt_invoke@AlarmControlMainWindowBase@@UAE_NHPAUQUObject@@@Z 004187e0 f   moc_alarmcontrolmainwindowbase.obj
 0001:00017820       ?qt_emit@AlarmControlMainWindowBase@@UAE_NHPAUQUObject@@@Z 00418820 f   moc_alarmcontrolmainwindowbase.obj
 0001:00017840       ?qt_property@AlarmControlMainWindowBase@@UAE_NHHPAVQVariant@@@Z 00418840 f   moc_alarmcontrolmainwindowbase.obj
 0001:00017860       ?className@diagnosticsBase@@UBEPBDXZ 00418860 f   moc_diagnostics.obj
 0001:000178c0       ?tr@diagnosticsBase@@SA?AVQString@@PBD0@Z 004188c0 f   moc_diagnostics.obj
 0001:00017910       ?staticMetaObject@diagnosticsBase@@SAPAVQMetaObject@@XZ 00418910 f   moc_diagnostics.obj
 0001:00017960       ?qt_cast@diagnosticsBase@@UAEPAXPBD@Z 00418960 f   moc_diagnostics.obj
 0001:000179d0       ?qt_invoke@diagnosticsBase@@UAE_NHPAUQUObject@@@Z 004189d0 f   moc_diagnostics.obj
 0001:00017a10       ?qt_emit@diagnosticsBase@@UAE_NHPAUQUObject@@@Z 00418a10 f   moc_diagnostics.obj
 0001:00017a30       ?qt_property@diagnosticsBase@@UAE_NHHPAVQVariant@@@Z 00418a30 f   moc_diagnostics.obj
 0001:00017a50       ?className@diagnostics@@UBEPBDXZ 00418a50 f   moc_diagnosticsimpl.obj
 0001:00017ab0       ?staticMetaObject@diagnostics@@SAPAVQMetaObject@@XZ 00418ab0 f   moc_diagnosticsimpl.obj
 0001:00017d90       ?qt_cast@diagnostics@@UAEPAXPBD@Z 00418d90 f   moc_diagnosticsimpl.obj
 0001:00017e00       ?diagHidden@diagnostics@@IAEXXZ 00418e00 f   moc_diagnosticsimpl.obj
 0001:00017e20       ?diagForceState@diagnostics@@IAEXHABVQStringList@@@Z 00418e20 f   moc_diagnosticsimpl.obj
 0001:00017ef0       ?updateDiagnosticsProcess@diagnostics@@IAEXPAVQListViewItem@@H@Z 00418ef0 f   moc_diagnosticsimpl.obj
 0001:00017fd0       ?updateProcesses@diagnostics@@IAEXXZ 00418fd0 f   moc_diagnosticsimpl.obj
 0001:00017ff0       ?Debug@diagnostics@@IAEXABVQString@@@Z 00418ff0 f   moc_diagnosticsimpl.obj
 0001:00018050       ?findFilterProcess@diagnostics@@IAEXABVQString@@AA_N@Z 00419050 f   moc_diagnosticsimpl.obj
 0001:00018130       ?qt_invoke@diagnostics@@UAE_NHPAUQUObject@@@Z 00419130 f   moc_diagnosticsimpl.obj
 0001:00018340       ?qt_emit@diagnostics@@UAE_NHPAUQUObject@@@Z 00419340 f   moc_diagnosticsimpl.obj
 0001:00018410       ?qt_property@diagnostics@@UAE_NHHPAVQVariant@@@Z 00419410 f   moc_diagnosticsimpl.obj
 0001:00018430       ?className@UDP_socket@@UBEPBDXZ 00419430 f   moc_UDP_socket.obj
 0001:00018490       ?staticMetaObject@UDP_socket@@SAPAVQMetaObject@@XZ 00419490 f   moc_UDP_socket.obj
 0001:00018520       ?qt_cast@UDP_socket@@UAEPAXPBD@Z 00419520 f   moc_UDP_socket.obj
 0001:00018590       ?qt_invoke@UDP_socket@@UAE_NHPAUQUObject@@@Z 00419590 f   moc_UDP_socket.obj
 0001:000185e0       ?qt_emit@UDP_socket@@UAE_NHPAUQUObject@@@Z 004195e0 f   moc_UDP_socket.obj
 0001:00018600       ?qt_property@UDP_socket@@UAE_NHHPAVQVariant@@@Z 00419600 f   moc_UDP_socket.obj
 0001:00018620       _setsockopt@20             00419620 f   wsock32:WSOCK32.dll
 0001:00018626       _htonl@4                   00419626 f   wsock32:WSOCK32.dll
 0001:0001862c       _gethostbyname@4           0041962c f   wsock32:WSOCK32.dll
 0001:00018632       _gethostname@8             00419632 f   wsock32:WSOCK32.dll
 0001:00018640       ??0cBncsVersion@@QAE@PBD@Z 00419640 f   bncsversioninfo:cBncsVersion.obj
 0001:00018b50       ??_GcBncsVersion@@UAEPAXI@Z 00419b50 f i bncsversioninfo:cBncsVersion.obj
 0001:00018b50       ??_EcBncsVersion@@UAEPAXI@Z 00419b50 f i bncsversioninfo:cBncsVersion.obj
 0001:00018b70       ??1cBncsVersion@@UAE@XZ    00419b70 f   bncsversioninfo:cBncsVersion.obj
 0001:00018c50       ?menuDelPopup@QPopupMenu@@EAEXPAV1@@Z 00419c50 f   qt-mt323:qt-mt323.dll
 0001:00018c56       ?menuInsPopup@QPopupMenu@@EAEXPAV1@@Z 00419c56 f   qt-mt323:qt-mt323.dll
 0001:00018c5c       ?menuStateChanged@QPopupMenu@@EAEXXZ 00419c5c f   qt-mt323:qt-mt323.dll
 0001:00018c62       ?menuContentsChanged@QPopupMenu@@EAEXXZ 00419c62 f   qt-mt323:qt-mt323.dll
 0001:00018c68       ?activateItemAt@QPopupMenu@@UAEXH@Z 00419c68 f   qt-mt323:qt-mt323.dll
 0001:00018c6e       ?updateItem@QPopupMenu@@UAEXH@Z 00419c6e f   qt-mt323:qt-mt323.dll
 0001:00018c74       ?setFirstItemActive@QPopupMenu@@EAEXXZ 00419c74 f   qt-mt323:qt-mt323.dll
 0001:00018c7a       ?setActiveItem@QPopupMenu@@UAEXH@Z 00419c7a f   qt-mt323:qt-mt323.dll
 0001:00018c80       ?setCheckable@QPopupMenu@@UAEX_N@Z 00419c80 f   qt-mt323:qt-mt323.dll
 0001:00018c86       ?frameChanged@QPopupMenu@@EAEXXZ 00419c86 f   qt-mt323:qt-mt323.dll
 0001:00018c8c       ?drawContents@QPopupMenu@@MAEXPAVQPainter@@@Z 00419c8c f   qt-mt323:qt-mt323.dll
 0001:00018c92       ?focusNextPrevChild@QPopupMenu@@MAE_N_N@Z 00419c92 f   qt-mt323:qt-mt323.dll
 0001:00018c98       ?enabledChange@QPopupMenu@@MAEX_N@Z 00419c98 f   qt-mt323:qt-mt323.dll
 0001:00018c9e       ?styleChange@QPopupMenu@@MAEXAAVQStyle@@@Z 00419c9e f   qt-mt323:qt-mt323.dll
 0001:00018ca4       ?closeEvent@QPopupMenu@@MAEXPAVQCloseEvent@@@Z 00419ca4 f   qt-mt323:qt-mt323.dll
 0001:00018caa       ?resizeEvent@QFrame@@MAEXPAVQResizeEvent@@@Z 00419caa f   qt-mt323:qt-mt323.dll
 0001:00018cb0       ?paintEvent@QPopupMenu@@MAEXPAVQPaintEvent@@@Z 00419cb0 f   qt-mt323:qt-mt323.dll
 0001:00018cb6       ?leaveEvent@QPopupMenu@@MAEXPAVQEvent@@@Z 00419cb6 f   qt-mt323:qt-mt323.dll
 0001:00018cbc       ?focusOutEvent@QPopupMenu@@MAEXPAVQFocusEvent@@@Z 00419cbc f   qt-mt323:qt-mt323.dll
 0001:00018cc2       ?focusInEvent@QPopupMenu@@MAEXPAVQFocusEvent@@@Z 00419cc2 f   qt-mt323:qt-mt323.dll
 0001:00018cc8       ?keyPressEvent@QPopupMenu@@MAEXPAVQKeyEvent@@@Z 00419cc8 f   qt-mt323:qt-mt323.dll
 0001:00018cce       ?mouseMoveEvent@QPopupMenu@@MAEXPAVQMouseEvent@@@Z 00419cce f   qt-mt323:qt-mt323.dll
 0001:00018cd4       ?mouseReleaseEvent@QPopupMenu@@MAEXPAVQMouseEvent@@@Z 00419cd4 f   qt-mt323:qt-mt323.dll
 0001:00018cda       ?mousePressEvent@QPopupMenu@@MAEXPAVQMouseEvent@@@Z 00419cda f   qt-mt323:qt-mt323.dll
 0001:00018ce0       ?customWhatsThis@QPopupMenu@@UBE_NXZ 00419ce0 f   qt-mt323:qt-mt323.dll
 0001:00018ce6       ?minimumSizeHint@QWidget@@UBE?AVQSize@@XZ 00419ce6 f   qt-mt323:qt-mt323.dll
 0001:00018cec       ?sizeHint@QPopupMenu@@UBE?AVQSize@@XZ 00419cec f   qt-mt323:qt-mt323.dll
 0001:00018cf2       ?hide@QPopupMenu@@UAEXXZ   00419cf2 f   qt-mt323:qt-mt323.dll
 0001:00018cf8       ?show@QPopupMenu@@UAEXXZ   00419cf8 f   qt-mt323:qt-mt323.dll
 0001:00018cfe       ?setFont@QPopupMenu@@UAEXABVQFont@@@Z 00419cfe f   qt-mt323:qt-mt323.dll
 0001:00018d04       ?timerEvent@QPopupMenu@@MAEXPAVQTimerEvent@@@Z 00419d04 f   qt-mt323:qt-mt323.dll
 0001:00018d0a       ?eventFilter@QObject@@UAE_NPAV1@PAVQEvent@@@Z 00419d0a f   qt-mt323:qt-mt323.dll
 0001:00018d10       ?qt_property@QPopupMenu@@UAE_NHHPAVQVariant@@@Z 00419d10 f   qt-mt323:qt-mt323.dll
 0001:00018d16       ?qt_emit@QPopupMenu@@UAE_NHPAUQUObject@@@Z 00419d16 f   qt-mt323:qt-mt323.dll
 0001:00018d1c       ?qt_invoke@QPopupMenu@@UAE_NHPAUQUObject@@@Z 00419d1c f   qt-mt323:qt-mt323.dll
 0001:00018d22       ?qt_cast@QPopupMenu@@UAEPAXPBD@Z 00419d22 f   qt-mt323:qt-mt323.dll
 0001:00018d28       ?className@QPopupMenu@@UBEPBDXZ 00419d28 f   qt-mt323:qt-mt323.dll
 0001:00018d2e       ?metaObject@QPopupMenu@@UBEPAVQMetaObject@@XZ 00419d2e f   qt-mt323:qt-mt323.dll
 0001:00018d34       ?setToolTipGroup@QMainWindow@@EAEXPAVQToolTipGroup@@@Z 00419d34 f   qt-mt323:qt-mt323.dll
 0001:00018d3a       ?setStatusBar@QMainWindow@@EAEXPAVQStatusBar@@@Z 00419d3a f   qt-mt323:qt-mt323.dll
 0001:00018d40       ?setMenuBar@QMainWindow@@EAEXPAVQMenuBar@@@Z 00419d40 f   qt-mt323:qt-mt323.dll
 0001:00018d46       ?showDockMenu@QMainWindow@@MAE_NABVQPoint@@@Z 00419d46 f   qt-mt323:qt-mt323.dll
 0001:00018d4c       ?setUpLayout@QMainWindow@@MAEXXZ 00419d4c f   qt-mt323:qt-mt323.dll
 0001:00018d52       ?customize@QMainWindow@@UAEXXZ 00419d52 f   qt-mt323:qt-mt323.dll
 0001:00018d58       ?setAppropriate@QMainWindow@@UAEXPAVQDockWindow@@_N@Z 00419d58 f   qt-mt323:qt-mt323.dll
 0001:00018d5e       ?whatsThis@QMainWindow@@UAEXXZ 00419d5e f   qt-mt323:qt-mt323.dll
 0001:00018d64       ?setDockMenuEnabled@QMainWindow@@UAEX_N@Z 00419d64 f   qt-mt323:qt-mt323.dll
 0001:00018d6a       ?setOpaqueMoving@QMainWindow@@UAEX_N@Z 00419d6a f   qt-mt323:qt-mt323.dll
 0001:00018d70       ?setDockWindowsMovable@QMainWindow@@UAEX_N@Z 00419d70 f   qt-mt323:qt-mt323.dll
 0001:00018d76       ?setUsesTextLabel@QMainWindow@@UAEX_N@Z 00419d76 f   qt-mt323:qt-mt323.dll
 0001:00018d7c       ?setUsesBigPixmaps@QMainWindow@@UAEX_N@Z 00419d7c f   qt-mt323:qt-mt323.dll
 0001:00018d82       ?setRightJustification@QMainWindow@@UAEX_N@Z 00419d82 f   qt-mt323:qt-mt323.dll
 0001:00018d88       ?isCustomizable@QMainWindow@@UBE_NXZ 00419d88 f   qt-mt323:qt-mt323.dll
 0001:00018d8e       ?dockingArea@QMainWindow@@UAEPAVQDockArea@@ABVQPoint@@@Z 00419d8e f   qt-mt323:qt-mt323.dll
 0001:00018d94       ?removeDockWindow@QMainWindow@@UAEXPAVQDockWindow@@@Z 00419d94 f   qt-mt323:qt-mt323.dll
 0001:00018d9a       ?moveDockWindow@QMainWindow@@UAEXPAVQDockWindow@@W4Dock@Qt@@@Z 00419d9a f   qt-mt323:qt-mt323.dll
 0001:00018da0       ?moveDockWindow@QMainWindow@@UAEXPAVQDockWindow@@W4Dock@Qt@@_NHH@Z 00419da0 f   qt-mt323:qt-mt323.dll
 0001:00018da6       ?addDockWindow@QMainWindow@@UAEXPAVQDockWindow@@W4Dock@Qt@@_N@Z 00419da6 f   qt-mt323:qt-mt323.dll
 0001:00018dac       ?addDockWindow@QMainWindow@@UAEXPAVQDockWindow@@ABVQString@@W4Dock@Qt@@_N@Z 00419dac f   qt-mt323:qt-mt323.dll
 0001:00018db2       ?setDockEnabled@QMainWindow@@UAEXW4Dock@Qt@@_N@Z 00419db2 f   qt-mt323:qt-mt323.dll
 0001:00018db8       ?setDockEnabled@QMainWindow@@UAEXPAVQDockWindow@@W4Dock@Qt@@_N@Z 00419db8 f   qt-mt323:qt-mt323.dll
 0001:00018dbe       ?setCentralWidget@QMainWindow@@UAEXPAVQWidget@@@Z 00419dbe f   qt-mt323:qt-mt323.dll
 0001:00018dc4       ?fontChange@QWidget@@MAEXABVQFont@@@Z 00419dc4 f   qt-mt323:qt-mt323.dll
 0001:00018dca       ?styleChange@QMainWindow@@MAEXAAVQStyle@@@Z 00419dca f   qt-mt323:qt-mt323.dll
 0001:00018dd0       ?resizeEvent@QWidget@@MAEXPAVQResizeEvent@@@Z 00419dd0 f   qt-mt323:qt-mt323.dll
 0001:00018dd6       ?paintEvent@QMainWindow@@MAEXPAVQPaintEvent@@@Z 00419dd6 f   qt-mt323:qt-mt323.dll
 0001:00018ddc       ?leaveEvent@QWidget@@MAEXPAVQEvent@@@Z 00419ddc f   qt-mt323:qt-mt323.dll
 0001:00018de2       ?focusOutEvent@QWidget@@MAEXPAVQFocusEvent@@@Z 00419de2 f   qt-mt323:qt-mt323.dll
 0001:00018de8       ?focusInEvent@QWidget@@MAEXPAVQFocusEvent@@@Z 00419de8 f   qt-mt323:qt-mt323.dll
 0001:00018dee       ?keyPressEvent@QWidget@@MAEXPAVQKeyEvent@@@Z 00419dee f   qt-mt323:qt-mt323.dll
 0001:00018df4       ?mouseMoveEvent@QWidget@@MAEXPAVQMouseEvent@@@Z 00419df4 f   qt-mt323:qt-mt323.dll
 0001:00018dfa       ?mouseReleaseEvent@QWidget@@MAEXPAVQMouseEvent@@@Z 00419dfa f   qt-mt323:qt-mt323.dll
 0001:00018e00       ?mousePressEvent@QWidget@@MAEXPAVQMouseEvent@@@Z 00419e00 f   qt-mt323:qt-mt323.dll
 0001:00018e06       ?customWhatsThis@QWidget@@UBE_NXZ 00419e06 f   qt-mt323:qt-mt323.dll
 0001:00018e0c       ?heightForWidth@QWidget@@UBEHH@Z 00419e0c f   qt-mt323:qt-mt323.dll
 0001:00018e12       ?minimumSizeHint@QMainWindow@@UBE?AVQSize@@XZ 00419e12 f   qt-mt323:qt-mt323.dll
 0001:00018e18       ?sizeHint@QMainWindow@@UBE?AVQSize@@XZ 00419e18 f   qt-mt323:qt-mt323.dll
 0001:00018e1e       ?hide@QMainWindow@@UAEXXZ  00419e1e f   qt-mt323:qt-mt323.dll
 0001:00018e24       ?show@QMainWindow@@UAEXXZ  00419e24 f   qt-mt323:qt-mt323.dll
 0001:00018e2a       ?childEvent@QMainWindow@@MAEXPAVQChildEvent@@@Z 00419e2a f   qt-mt323:qt-mt323.dll
 0001:00018e30       ?eventFilter@QMainWindow@@UAE_NPAVQObject@@PAVQEvent@@@Z 00419e30 f   qt-mt323:qt-mt323.dll
 0001:00018e36       ?event@QMainWindow@@MAE_NPAVQEvent@@@Z 00419e36 f   qt-mt323:qt-mt323.dll
 0001:00018e3c       ?menuDelPopup@QMenuBar@@EAEXPAVQPopupMenu@@@Z 00419e3c f   qt-mt323:qt-mt323.dll
 0001:00018e42       ?menuInsPopup@QMenuBar@@EAEXPAVQPopupMenu@@@Z 00419e42 f   qt-mt323:qt-mt323.dll
 0001:00018e48       ?menuStateChanged@QMenuBar@@MAEXXZ 00419e48 f   qt-mt323:qt-mt323.dll
 0001:00018e4e       ?menuContentsChanged@QMenuBar@@MAEXXZ 00419e4e f   qt-mt323:qt-mt323.dll
 0001:00018e54       ?activateItemAt@QMenuBar@@UAEXH@Z 00419e54 f   qt-mt323:qt-mt323.dll
 0001:00018e5a       ?setId@QMenuData@@UAEXHH@Z 00419e5a f   qt-mt323:qt-mt323.dll
 0001:00018e60       ?updateItem@QMenuBar@@UAEXH@Z 00419e60 f   qt-mt323:qt-mt323.dll
 0001:00018e66       ?fontInf@QPaintDevice@@MBEHPAVQFont@@H@Z 00419e66 f   qt-mt323:qt-mt323.dll
 0001:00018e6c       ?fontMet@QPaintDevice@@MBEHPAVQFont@@HPBDH@Z 00419e6c f   qt-mt323:qt-mt323.dll
 0001:00018e72       ?metric@QWidget@@MBEHH@Z   00419e72 f   qt-mt323:qt-mt323.dll
 0001:00018e78       ?cmd@QPaintDevice@@MAE_NHPAVQPainter@@PATQPDevCmdParam@@@Z 00419e78 f   qt-mt323:qt-mt323.dll
 0001:00018e7e       ?handle@QPaintDevice@@UBEPAUHDC__@@XZ 00419e7e f   qt-mt323:qt-mt323.dll
 0001:00018e84       ?resolution@QPaintDevice@@UBEHXZ 00419e84 f   qt-mt323:qt-mt323.dll
 0001:00018e8a       ?setResolution@QPaintDevice@@UAEXH@Z 00419e8a f   qt-mt323:qt-mt323.dll
 0001:00018e90       ?setSeparator@QMenuBar@@UAEXW4Separator@1@@Z 00419e90 f   qt-mt323:qt-mt323.dll
 0001:00018e96       ?frameChanged@QMenuBar@@EAEXXZ 00419e96 f   qt-mt323:qt-mt323.dll
 0001:00018e9c       ?drawContents@QMenuBar@@MAEXPAVQPainter@@@Z 00419e9c f   qt-mt323:qt-mt323.dll
 0001:00018ea2       ?drawFrame@QFrame@@MAEXPAVQPainter@@@Z 00419ea2 f   qt-mt323:qt-mt323.dll
 0001:00018ea8       ?setFrameRect@QFrame@@UAEXABVQRect@@@Z 00419ea8 f   qt-mt323:qt-mt323.dll
 0001:00018eae       ?setMidLineWidth@QFrame@@UAEXH@Z 00419eae f   qt-mt323:qt-mt323.dll
 0001:00018eb4       ?setMargin@QFrame@@UAEXH@Z 00419eb4 f   qt-mt323:qt-mt323.dll
 0001:00018eba       ?setLineWidth@QFrame@@UAEXH@Z 00419eba f   qt-mt323:qt-mt323.dll
 0001:00018ec0       ?setFrameStyle@QFrame@@UAEXH@Z 00419ec0 f   qt-mt323:qt-mt323.dll
 0001:00018ec6       ?setMicroFocusHint@QWidget@@MAEXHHHH_NPAVQFont@@@Z 00419ec6 f   qt-mt323:qt-mt323.dll
 0001:00018ecc       ?setKeyCompression@QWidget@@MAEX_N@Z 00419ecc f   qt-mt323:qt-mt323.dll
 0001:00018ed2       ?focusNextPrevChild@QWidget@@MAE_N_N@Z 00419ed2 f   qt-mt323:qt-mt323.dll
 0001:00018ed8       ?setWFlags@QWidget@@MAEXI@Z 00419ed8 f   qt-mt323:qt-mt323.dll
 0001:00018ede       ?setWState@QWidget@@MAEXI@Z 00419ede f   qt-mt323:qt-mt323.dll
 0001:00018ee4       ?destroy@QWidget@@MAEX_N0@Z 00419ee4 f   qt-mt323:qt-mt323.dll
 0001:00018eea       ?create@QWidget@@MAEXPAUHWND__@@_N1@Z 00419eea f   qt-mt323:qt-mt323.dll
 0001:00018ef0       ?windowActivationChange@QWidget@@MAEX_N@Z 00419ef0 f   qt-mt323:qt-mt323.dll
 0001:00018ef6       ?fontChange@QMenuBar@@MAEXABVQFont@@@Z 00419ef6 f   qt-mt323:qt-mt323.dll
 0001:00018efc       ?paletteChange@QWidget@@MAEXABVQPalette@@@Z 00419efc f   qt-mt323:qt-mt323.dll
 0001:00018f02       ?enabledChange@QWidget@@MAEX_N@Z 00419f02 f   qt-mt323:qt-mt323.dll
 0001:00018f08       ?styleChange@QMenuBar@@MAEXAAVQStyle@@@Z 00419f08 f   qt-mt323:qt-mt323.dll
 0001:00018f0e       ?updateMask@QWidget@@MAEXXZ 00419f0e f   qt-mt323:qt-mt323.dll
 0001:00018f14       ?winEvent@QWidget@@MAE_NPAUtagMSG@@@Z 00419f14 f   qt-mt323:qt-mt323.dll
 0001:00018f1a       ?hideEvent@QWidget@@MAEXPAVQHideEvent@@@Z 00419f1a f   qt-mt323:qt-mt323.dll
 0001:00018f20       ?showEvent@QWidget@@MAEXPAVQShowEvent@@@Z 00419f20 f   qt-mt323:qt-mt323.dll
 0001:00018f26       ?dropEvent@QWidget@@MAEXPAVQDropEvent@@@Z 00419f26 f   qt-mt323:qt-mt323.dll
 0001:00018f2c       ?dragLeaveEvent@QWidget@@MAEXPAVQDragLeaveEvent@@@Z 00419f2c f   qt-mt323:qt-mt323.dll
 0001:00018f32       ?dragMoveEvent@QWidget@@MAEXPAVQDragMoveEvent@@@Z 00419f32 f   qt-mt323:qt-mt323.dll
 0001:00018f38       ?dragEnterEvent@QWidget@@MAEXPAVQDragEnterEvent@@@Z 00419f38 f   qt-mt323:qt-mt323.dll
 0001:00018f3e       ?tabletEvent@QWidget@@MAEXPAVQTabletEvent@@@Z 00419f3e f   qt-mt323:qt-mt323.dll
 0001:00018f44       ?imEndEvent@QWidget@@MAEXPAVQIMEvent@@@Z 00419f44 f   qt-mt323:qt-mt323.dll
 0001:00018f4a       ?imComposeEvent@QWidget@@MAEXPAVQIMEvent@@@Z 00419f4a f   qt-mt323:qt-mt323.dll
 0001:00018f50       ?imStartEvent@QWidget@@MAEXPAVQIMEvent@@@Z 00419f50 f   qt-mt323:qt-mt323.dll
 0001:00018f56       ?contextMenuEvent@QWidget@@MAEXPAVQContextMenuEvent@@@Z 00419f56 f   qt-mt323:qt-mt323.dll
 0001:00018f5c       ?closeEvent@QWidget@@MAEXPAVQCloseEvent@@@Z 00419f5c f   qt-mt323:qt-mt323.dll
 0001:00018f62       ?resizeEvent@QMenuBar@@MAEXPAVQResizeEvent@@@Z 00419f62 f   qt-mt323:qt-mt323.dll
 0001:00018f68       ?moveEvent@QWidget@@MAEXPAVQMoveEvent@@@Z 00419f68 f   qt-mt323:qt-mt323.dll
 0001:00018f6e       ?paintEvent@QFrame@@MAEXPAVQPaintEvent@@@Z 00419f6e f   qt-mt323:qt-mt323.dll
 0001:00018f74       ?leaveEvent@QMenuBar@@MAEXPAVQEvent@@@Z 00419f74 f   qt-mt323:qt-mt323.dll
 0001:00018f7a       ?enterEvent@QWidget@@MAEXPAVQEvent@@@Z 00419f7a f   qt-mt323:qt-mt323.dll
 0001:00018f80       ?focusOutEvent@QMenuBar@@MAEXPAVQFocusEvent@@@Z 00419f80 f   qt-mt323:qt-mt323.dll
 0001:00018f86       ?focusInEvent@QMenuBar@@MAEXPAVQFocusEvent@@@Z 00419f86 f   qt-mt323:qt-mt323.dll
 0001:00018f8c       ?keyReleaseEvent@QWidget@@MAEXPAVQKeyEvent@@@Z 00419f8c f   qt-mt323:qt-mt323.dll
 0001:00018f92       ?keyPressEvent@QMenuBar@@MAEXPAVQKeyEvent@@@Z 00419f92 f   qt-mt323:qt-mt323.dll
 0001:00018f98       ?wheelEvent@QWidget@@MAEXPAVQWheelEvent@@@Z 00419f98 f   qt-mt323:qt-mt323.dll
 0001:00018f9e       ?mouseMoveEvent@QMenuBar@@MAEXPAVQMouseEvent@@@Z 00419f9e f   qt-mt323:qt-mt323.dll
 0001:00018fa4       ?mouseDoubleClickEvent@QWidget@@MAEXPAVQMouseEvent@@@Z 00419fa4 f   qt-mt323:qt-mt323.dll
 0001:00018faa       ?mouseReleaseEvent@QMenuBar@@MAEXPAVQMouseEvent@@@Z 00419faa f   qt-mt323:qt-mt323.dll
 0001:00018fb0       ?mousePressEvent@QMenuBar@@MAEXPAVQMouseEvent@@@Z 00419fb0 f   qt-mt323:qt-mt323.dll
 0001:00018fb6       ?customWhatsThis@QMenuBar@@UBE_NXZ 00419fb6 f   qt-mt323:qt-mt323.dll
 0001:00018fbc       ?setBackgroundOrigin@QWidget@@UAEXW4BackgroundOrigin@1@@Z 00419fbc f   qt-mt323:qt-mt323.dll
 0001:00018fc2       ?setAutoMask@QWidget@@UAEX_N@Z 00419fc2 f   qt-mt323:qt-mt323.dll
 0001:00018fc8       ?setAcceptDrops@QWidget@@UAEX_N@Z 00419fc8 f   qt-mt323:qt-mt323.dll
 0001:00018fce       ?reparent@QWidget@@UAEXPAV1@IABVQPoint@@_N@Z 00419fce f   qt-mt323:qt-mt323.dll
 0001:00018fd4       ?adjustSize@QWidget@@UAEXXZ 00419fd4 f   qt-mt323:qt-mt323.dll
 0001:00018fda       ?heightForWidth@QMenuBar@@UBEHH@Z 00419fda f   qt-mt323:qt-mt323.dll
 0001:00018fe0       ?setSizePolicy@QWidget@@UAEXVQSizePolicy@@@Z 00419fe0 f   qt-mt323:qt-mt323.dll
 0001:00018fe6       ?sizePolicy@QWidget@@UBE?AVQSizePolicy@@XZ 00419fe6 f   qt-mt323:qt-mt323.dll
 0001:00018fec       ?minimumSizeHint@QMenuBar@@UBE?AVQSize@@XZ 00419fec f   qt-mt323:qt-mt323.dll
 0001:00018ff2       ?sizeHint@QMenuBar@@UBE?AVQSize@@XZ 00419ff2 f   qt-mt323:qt-mt323.dll
 0001:00018ff8       ?setGeometry@QWidget@@UAEXHHHH@Z 00419ff8 f   qt-mt323:qt-mt323.dll
 0001:00018ffe       ?setGeometry@QWidget@@UAEXABVQRect@@@Z 00419ffe f   qt-mt323:qt-mt323.dll
 0001:00019004       ?resize@QWidget@@UAEXHH@Z  0041a004 f   qt-mt323:qt-mt323.dll
 0001:0001900a       ?move@QWidget@@UAEXHH@Z    0041a00a f   qt-mt323:qt-mt323.dll
 0001:00019010       ?close@QWidget@@UAE_N_N@Z  0041a010 f   qt-mt323:qt-mt323.dll
 0001:00019016       ?polish@QWidget@@UAEXXZ    0041a016 f   qt-mt323:qt-mt323.dll
 0001:0001901c       ?showNormal@QWidget@@UAEXXZ 0041a01c f   qt-mt323:qt-mt323.dll
 0001:00019022       ?showMaximized@QWidget@@UAEXXZ 0041a022 f   qt-mt323:qt-mt323.dll
 0001:00019028       ?showMinimized@QWidget@@UAEXXZ 0041a028 f   qt-mt323:qt-mt323.dll
 0001:0001902e       ?hide@QMenuBar@@UAEXXZ     0041a02e f   qt-mt323:qt-mt323.dll
 0001:00019034       ?show@QMenuBar@@UAEXXZ     0041a034 f   qt-mt323:qt-mt323.dll
 0001:0001903a       ?setUpdatesEnabled@QWidget@@UAEX_N@Z 0041a03a f   qt-mt323:qt-mt323.dll
 0001:00019040       ?setFocusProxy@QWidget@@UAEXPAV1@@Z 0041a040 f   qt-mt323:qt-mt323.dll
 0001:00019046       ?setFocusPolicy@QWidget@@UAEXW4FocusPolicy@1@@Z 0041a046 f   qt-mt323:qt-mt323.dll
 0001:0001904c       ?setActiveWindow@QWidget@@UAEXXZ 0041a04c f   qt-mt323:qt-mt323.dll
 0001:00019052       ?setFocus@QWidget@@UAEXXZ  0041a052 f   qt-mt323:qt-mt323.dll
 0001:00019058       ?setMouseTracking@QWidget@@UAEX_N@Z 0041a058 f   qt-mt323:qt-mt323.dll
 0001:0001905e       ?setIconText@QWidget@@UAEXABVQString@@@Z 0041a05e f   qt-mt323:qt-mt323.dll
 0001:00019064       ?setIcon@QWidget@@UAEXABVQPixmap@@@Z 0041a064 f   qt-mt323:qt-mt323.dll
 0001:0001906a       ?setCaption@QWidget@@UAEXABVQString@@@Z 0041a06a f   qt-mt323:qt-mt323.dll
 0001:00019070       ?setBackgroundPixmap@QWidget@@UAEXABVQPixmap@@@Z 0041a070 f   qt-mt323:qt-mt323.dll
 0001:00019076       ?setBackgroundColor@QWidget@@UAEXABVQColor@@@Z 0041a076 f   qt-mt323:qt-mt323.dll
 0001:0001907c       ?setMask@QWidget@@UAEXABVQBitmap@@@Z 0041a07c f   qt-mt323:qt-mt323.dll
 0001:00019082       ?setMask@QWidget@@UAEXABVQRegion@@@Z 0041a082 f   qt-mt323:qt-mt323.dll
 0001:00019088       ?unsetCursor@QWidget@@UAEXXZ 0041a088 f   qt-mt323:qt-mt323.dll
 0001:0001908e       ?setCursor@QWidget@@UAEXABVQCursor@@@Z 0041a08e f   qt-mt323:qt-mt323.dll
 0001:00019094       ?setFont@QWidget@@UAEXABVQFont@@@Z 0041a094 f   qt-mt323:qt-mt323.dll
 0001:0001909a       ?setPaletteBackgroundPixmap@QWidget@@UAEXABVQPixmap@@@Z 0041a09a f   qt-mt323:qt-mt323.dll
 0001:000190a0       ?setPaletteBackgroundColor@QWidget@@UAEXABVQColor@@@Z 0041a0a0 f   qt-mt323:qt-mt323.dll
 0001:000190a6       ?setPalette@QWidget@@UAEXABVQPalette@@@Z 0041a0a6 f   qt-mt323:qt-mt323.dll
 0001:000190ac       ?setErasePixmap@QWidget@@UAEXABVQPixmap@@@Z 0041a0ac f   qt-mt323:qt-mt323.dll
 0001:000190b2       ?setEraseColor@QWidget@@UAEXABVQColor@@@Z 0041a0b2 f   qt-mt323:qt-mt323.dll
 0001:000190b8       ?setBackgroundMode@QWidget@@UAEXW4BackgroundMode@Qt@@@Z 0041a0b8 f   qt-mt323:qt-mt323.dll
 0001:000190be       ?setSizeIncrement@QWidget@@UAEXHH@Z 0041a0be f   qt-mt323:qt-mt323.dll
 0001:000190c4       ?setMaximumSize@QWidget@@UAEXHH@Z 0041a0c4 f   qt-mt323:qt-mt323.dll
 0001:000190ca       ?setMinimumSize@QWidget@@UAEXHH@Z 0041a0ca f   qt-mt323:qt-mt323.dll
 0001:000190d0       ?setEnabled@QWidget@@UAEX_N@Z 0041a0d0 f   qt-mt323:qt-mt323.dll
 0001:000190d6       ?checkConnectArgs@QObject@@MAE_NPBDPBV1@0@Z 0041a0d6 f   qt-mt323:qt-mt323.dll
 0001:000190dc       ?disconnectNotify@QObject@@MAEXPBD@Z 0041a0dc f   qt-mt323:qt-mt323.dll
 0001:000190e2       ?connectNotify@QObject@@MAEXPBD@Z 0041a0e2 f   qt-mt323:qt-mt323.dll
 0001:000190e8       ?customEvent@QObject@@MAEXPAVQCustomEvent@@@Z 0041a0e8 f   qt-mt323:qt-mt323.dll
 0001:000190ee       ?childEvent@QObject@@MAEXPAVQChildEvent@@@Z 0041a0ee f   qt-mt323:qt-mt323.dll
 0001:000190f4       ?timerEvent@QObject@@MAEXPAVQTimerEvent@@@Z 0041a0f4 f   qt-mt323:qt-mt323.dll
 0001:000190fa       ?property@QObject@@UBE?AVQVariant@@PBD@Z 0041a0fa f   qt-mt323:qt-mt323.dll
 0001:00019100       ?setProperty@QObject@@UAE_NPBDABVQVariant@@@Z 0041a100 f   qt-mt323:qt-mt323.dll
 0001:00019106       ?removeChild@QObject@@UAEXPAV1@@Z 0041a106 f   qt-mt323:qt-mt323.dll
 0001:0001910c       ?insertChild@QObject@@UAEXPAV1@@Z 0041a10c f   qt-mt323:qt-mt323.dll
 0001:00019112       ?setName@QWidget@@UAEXPBD@Z 0041a112 f   qt-mt323:qt-mt323.dll
 0001:00019118       ?eventFilter@QMenuBar@@UAE_NPAVQObject@@PAVQEvent@@@Z 0041a118 f   qt-mt323:qt-mt323.dll
 0001:0001911e       ?event@QWidget@@MAE_NPAVQEvent@@@Z 0041a11e f   qt-mt323:qt-mt323.dll
 0001:00019124       ?qt_property@QMenuBar@@UAE_NHHPAVQVariant@@@Z 0041a124 f   qt-mt323:qt-mt323.dll
 0001:0001912a       ?qt_emit@QMenuBar@@UAE_NHPAUQUObject@@@Z 0041a12a f   qt-mt323:qt-mt323.dll
 0001:00019130       ?qt_invoke@QMenuBar@@UAE_NHPAUQUObject@@@Z 0041a130 f   qt-mt323:qt-mt323.dll
 0001:00019136       ?qt_cast@QMenuBar@@UAEPAXPBD@Z 0041a136 f   qt-mt323:qt-mt323.dll
 0001:0001913c       ?className@QMenuBar@@UBEPBDXZ 0041a13c f   qt-mt323:qt-mt323.dll
 0001:00019142       ?metaObject@QMenuBar@@UBEPAVQMetaObject@@XZ 0041a142 f   qt-mt323:qt-mt323.dll
 0001:00019148       ?setName@QObject@@UAEXPBD@Z 0041a148 f   qt-mt323:qt-mt323.dll
 0001:0001914e       ?event@QTimer@@MAE_NPAVQEvent@@@Z 0041a14e f   qt-mt323:qt-mt323.dll
 0001:00019154       ?qt_property@QTimer@@UAE_NHHPAVQVariant@@@Z 0041a154 f   qt-mt323:qt-mt323.dll
 0001:0001915a       ?qt_emit@QTimer@@UAE_NHPAUQUObject@@@Z 0041a15a f   qt-mt323:qt-mt323.dll
 0001:00019160       ?qt_invoke@QTimer@@UAE_NHPAUQUObject@@@Z 0041a160 f   qt-mt323:qt-mt323.dll
 0001:00019166       ?qt_cast@QTimer@@UAEPAXPBD@Z 0041a166 f   qt-mt323:qt-mt323.dll
 0001:0001916c       ?className@QTimer@@UBEPBDXZ 0041a16c f   qt-mt323:qt-mt323.dll
 0001:00019172       ?metaObject@QTimer@@UBEPAVQMetaObject@@XZ 0041a172 f   qt-mt323:qt-mt323.dll
 0001:00019178       ?unload@QLibrary@@UAE_NXZ  0041a178 f   qt-mt323:qt-mt323.dll
 0001:0001917e       ?write@QGDict@@MBEAAVQDataStream@@AAV2@PAX@Z 0041a17e f   qt-mt323:qt-mt323.dll
 0001:00019184       ?read@QGDict@@MAEAAVQDataStream@@AAV2@AAPAX@Z 0041a184 f   qt-mt323:qt-mt323.dll
 0001:0001918a       ?newItem@QPtrCollection@@MAEPAXPAX@Z 0041a18a f   qt-mt323:qt-mt323.dll
 0001:00019190       ?show@QDialog@@UAEXXZ      0041a190 f   qt-mt323:qt-mt323.dll
 0001:00019196       ?reject@QDialog@@MAEXXZ    0041a196 f   qt-mt323:qt-mt323.dll
 0001:0001919c       ?accept@QDialog@@MAEXXZ    0041a19c f   qt-mt323:qt-mt323.dll
 0001:000191a2       ?done@QDialog@@MAEXH@Z     0041a1a2 f   qt-mt323:qt-mt323.dll
 0001:000191a8       ?styleChange@QWidget@@MAEXAAVQStyle@@@Z 0041a1a8 f   qt-mt323:qt-mt323.dll
 0001:000191ae       ?contextMenuEvent@QDialog@@MAEXPAVQContextMenuEvent@@@Z 0041a1ae f   qt-mt323:qt-mt323.dll
 0001:000191b4       ?closeEvent@QDialog@@MAEXPAVQCloseEvent@@@Z 0041a1b4 f   qt-mt323:qt-mt323.dll
 0001:000191ba       ?resizeEvent@QDialog@@MAEXPAVQResizeEvent@@@Z 0041a1ba f   qt-mt323:qt-mt323.dll
 0001:000191c0       ?paintEvent@QWidget@@MAEXPAVQPaintEvent@@@Z 0041a1c0 f   qt-mt323:qt-mt323.dll
 0001:000191c6       ?keyPressEvent@QDialog@@MAEXPAVQKeyEvent@@@Z 0041a1c6 f   qt-mt323:qt-mt323.dll
 0001:000191cc       ?minimumSizeHint@QDialog@@UBE?AVQSize@@XZ 0041a1cc f   qt-mt323:qt-mt323.dll
 0001:000191d2       ?sizeHint@QDialog@@UBE?AVQSize@@XZ 0041a1d2 f   qt-mt323:qt-mt323.dll
 0001:000191d8       ?setGeometry@QDialog@@UAEXHHHH@Z 0041a1d8 f   qt-mt323:qt-mt323.dll
 0001:000191de       ?setGeometry@QDialog@@UAEXABVQRect@@@Z 0041a1de f   qt-mt323:qt-mt323.dll
 0001:000191e4       ?resize@QDialog@@UAEXHH@Z  0041a1e4 f   qt-mt323:qt-mt323.dll
 0001:000191ea       ?move@QDialog@@UAEXHH@Z    0041a1ea f   qt-mt323:qt-mt323.dll
 0001:000191f0       ?hide@QDialog@@UAEXXZ      0041a1f0 f   qt-mt323:qt-mt323.dll
 0001:000191f6       ?eventFilter@QDialog@@MAE_NPAVQObject@@PAVQEvent@@@Z 0041a1f6 f   qt-mt323:qt-mt323.dll
 0001:000191fc       ?compareItems@QGList@@MAEHPAX0@Z 0041a1fc f   qt-mt323:qt-mt323.dll
 0001:00019202       ?write@QGList@@MBEAAVQDataStream@@AAV2@PAX@Z 0041a202 f   qt-mt323:qt-mt323.dll
 0001:00019208       ?read@QGList@@MAEAAVQDataStream@@AAV2@AAPAX@Z 0041a208 f   qt-mt323:qt-mt323.dll
 0001:0001920e       ?cancelRename@QListViewItem@@MAEXH@Z 0041a20e f   qt-mt323:qt-mt323.dll
 0001:00019214       ?okRename@QListViewItem@@MAEXH@Z 0041a214 f   qt-mt323:qt-mt323.dll
 0001:0001921a       ?dragLeft@QListViewItem@@MAEXXZ 0041a21a f   qt-mt323:qt-mt323.dll
 0001:00019220       ?dragEntered@QListViewItem@@MAEXXZ 0041a220 f   qt-mt323:qt-mt323.dll
 0001:00019226       ?dropped@QListViewItem@@MAEXPAVQDropEvent@@@Z 0041a226 f   qt-mt323:qt-mt323.dll
 0001:0001922c       ?activate@QListViewItem@@MAEXXZ 0041a22c f   qt-mt323:qt-mt323.dll
 0001:00019232       ?setHeight@QListViewItem@@MAEXH@Z 0041a232 f   qt-mt323:qt-mt323.dll
 0001:00019238       ?enforceSortOrder@QListViewItem@@MBEXXZ 0041a238 f   qt-mt323:qt-mt323.dll
 0001:0001923e       ?setMultiLinesEnabled@QListViewItem@@UAEX_N@Z 0041a23e f   qt-mt323:qt-mt323.dll
 0001:00019244       ?rtti@QListViewItem@@UBEHXZ 0041a244 f   qt-mt323:qt-mt323.dll
 0001:0001924a       ?setEnabled@QListViewItem@@UAEX_N@Z 0041a24a f   qt-mt323:qt-mt323.dll
 0001:00019250       ?startRename@QListViewItem@@UAEXH@Z 0041a250 f   qt-mt323:qt-mt323.dll
 0001:00019256       ?setRenameEnabled@QListViewItem@@UAEXH_N@Z 0041a256 f   qt-mt323:qt-mt323.dll
 0001:0001925c       ?acceptDrop@QListViewItem@@UBE_NPBVQMimeSource@@@Z 0041a25c f   qt-mt323:qt-mt323.dll
 0001:00019262       ?setDropEnabled@QListViewItem@@UAEX_N@Z 0041a262 f   qt-mt323:qt-mt323.dll
 0001:00019268       ?setDragEnabled@QListViewItem@@UAEX_N@Z 0041a268 f   qt-mt323:qt-mt323.dll
 0001:0001926e       ?sort@QListViewItem@@UAEXXZ 0041a26e f   qt-mt323:qt-mt323.dll
 0001:00019274       ?setExpandable@QListViewItem@@UAEX_N@Z 0041a274 f   qt-mt323:qt-mt323.dll
 0001:0001927a       ?setSelectable@QListViewItem@@UAEX_N@Z 0041a27a f   qt-mt323:qt-mt323.dll
 0001:00019280       ?paintFocus@QListViewItem@@UAEXPAVQPainter@@ABVQColorGroup@@ABVQRect@@@Z 0041a280 f   qt-mt323:qt-mt323.dll
 0001:00019286       ?paintBranches@QListViewItem@@UAEXPAVQPainter@@ABVQColorGroup@@HHH@Z 0041a286 f   qt-mt323:qt-mt323.dll
 0001:0001928c       ?setSelected@QListViewItem@@UAEX_N@Z 0041a28c f   qt-mt323:qt-mt323.dll
 0001:00019292       ?setup@QListViewItem@@UAEXXZ 0041a292 f   qt-mt323:qt-mt323.dll
 0001:00019298       ?setOpen@QListViewItem@@UAEX_N@Z 0041a298 f   qt-mt323:qt-mt323.dll
 0001:0001929e       ?sortChildItems@QListViewItem@@UAEXH_N@Z 0041a29e f   qt-mt323:qt-mt323.dll
 0001:000192a4       ?compare@QListViewItem@@UBEHPAV1@H_N@Z 0041a2a4 f   qt-mt323:qt-mt323.dll
 0001:000192aa       ?key@QListViewItem@@UBE?AVQString@@H_N@Z 0041a2aa f   qt-mt323:qt-mt323.dll
 0001:000192b0       ?pixmap@QListViewItem@@UBEPBVQPixmap@@H@Z 0041a2b0 f   qt-mt323:qt-mt323.dll
 0001:000192b6       ?setPixmap@QListViewItem@@UAEXHABVQPixmap@@@Z 0041a2b6 f   qt-mt323:qt-mt323.dll
 0001:000192bc       ?text@QListViewItem@@UBE?AVQString@@H@Z 0041a2bc f   qt-mt323:qt-mt323.dll
 0001:000192c2       ?setText@QListViewItem@@UAEXHABVQString@@@Z 0041a2c2 f   qt-mt323:qt-mt323.dll
 0001:000192c8       ?width@QListViewItem@@UBEHABVQFontMetrics@@PBVQListView@@H@Z 0041a2c8 f   qt-mt323:qt-mt323.dll
 0001:000192ce       ?invalidateHeight@QListViewItem@@UAEXXZ 0041a2ce f   qt-mt323:qt-mt323.dll
 0001:000192d4       ?removeItem@QListViewItem@@UAEXPAV1@@Z 0041a2d4 f   qt-mt323:qt-mt323.dll
 0001:000192da       ?takeItem@QListViewItem@@UAEXPAV1@@Z 0041a2da f   qt-mt323:qt-mt323.dll
 0001:000192e0       ?insertItem@QListViewItem@@UAEXPAV1@@Z 0041a2e0 f   qt-mt323:qt-mt323.dll
 0001:000192e6       ?paintCell@QListViewItem@@UAEXPAVQPainter@@ABVQColorGroup@@HHH@Z 0041a2e6 f   qt-mt323:qt-mt323.dll
 0001:000192ec       ?setEnabled@QSocketNotifier@@UAEX_N@Z 0041a2ec f   qt-mt323:qt-mt323.dll
 0001:000192f2       ?event@QSocketNotifier@@MAE_NPAVQEvent@@@Z 0041a2f2 f   qt-mt323:qt-mt323.dll
 0001:000192f8       ?qt_property@QSocketNotifier@@UAE_NHHPAVQVariant@@@Z 0041a2f8 f   qt-mt323:qt-mt323.dll
 0001:000192fe       ?qt_emit@QSocketNotifier@@UAE_NHPAUQUObject@@@Z 0041a2fe f   qt-mt323:qt-mt323.dll
 0001:00019304       ?qt_invoke@QSocketNotifier@@UAE_NHPAUQUObject@@@Z 0041a304 f   qt-mt323:qt-mt323.dll
 0001:0001930a       ?qt_cast@QSocketNotifier@@UAEPAXPBD@Z 0041a30a f   qt-mt323:qt-mt323.dll
 0001:00019310       ?className@QSocketNotifier@@UBEPBDXZ 0041a310 f   qt-mt323:qt-mt323.dll
 0001:00019316       ?metaObject@QSocketNotifier@@UBEPAVQMetaObject@@XZ 0041a316 f   qt-mt323:qt-mt323.dll
 0001:0001931c       ?event@QObject@@UAE_NPAVQEvent@@@Z 0041a31c f   qt-mt323:qt-mt323.dll
 0001:00019322       ?setOption@QSocketDevice@@EAEXW4Option@1@H@Z 0041a322 f   qt-mt323:qt-mt323.dll
 0001:00019328       ?writeBlock@QSocketDevice@@UAEJPBDKABVQHostAddress@@G@Z 0041a328 f   qt-mt323:qt-mt323.dll
 0001:0001932e       ?accept@QSocketDevice@@UAEHXZ 0041a32e f   qt-mt323:qt-mt323.dll
 0001:00019334       ?listen@QSocketDevice@@UAE_NH@Z 0041a334 f   qt-mt323:qt-mt323.dll
 0001:0001933a       ?bind@QSocketDevice@@UAE_NABVQHostAddress@@G@Z 0041a33a f   qt-mt323:qt-mt323.dll
 0001:00019340       ?connect@QSocketDevice@@UAE_NABVQHostAddress@@G@Z 0041a340 f   qt-mt323:qt-mt323.dll
 0001:00019346       ?setSendBufferSize@QSocketDevice@@UAEXI@Z 0041a346 f   qt-mt323:qt-mt323.dll
 0001:0001934c       ?setReceiveBufferSize@QSocketDevice@@UAEXI@Z 0041a34c f   qt-mt323:qt-mt323.dll
 0001:00019352       ?setAddressReusable@QSocketDevice@@UAEX_N@Z 0041a352 f   qt-mt323:qt-mt323.dll
 0001:00019358       ?setBlocking@QSocketDevice@@UAEX_N@Z 0041a358 f   qt-mt323:qt-mt323.dll
 0001:0001935e       ?setSocket@QSocketDevice@@UAEXHW4Type@1@@Z 0041a35e f   qt-mt323:qt-mt323.dll
 0001:00019364       ?ungetch@QSocketDevice@@UAEHH@Z 0041a364 f   qt-mt323:qt-mt323.dll
 0001:0001936a       ?putch@QSocketDevice@@UAEHH@Z 0041a36a f   qt-mt323:qt-mt323.dll
 0001:00019370       ?getch@QSocketDevice@@UAEHXZ 0041a370 f   qt-mt323:qt-mt323.dll
 0001:00019376       ?readAll@QIODevice@@UAE?AV?$QMemArray@D@@XZ 0041a376 f   qt-mt323:qt-mt323.dll
 0001:0001937c       ?readLine@QIODevice@@UAEJPADK@Z 0041a37c f   qt-mt323:qt-mt323.dll
 0001:00019382       ?writeBlock@QSocketDevice@@UAEJPBDK@Z 0041a382 f   qt-mt323:qt-mt323.dll
 0001:00019388       ?readBlock@QSocketDevice@@UAEJPADK@Z 0041a388 f   qt-mt323:qt-mt323.dll
 0001:0001938e       ?atEnd@QSocketDevice@@UBE_NXZ 0041a38e f   qt-mt323:qt-mt323.dll
 0001:00019394       ?at@QSocketDevice@@UBEKXZ  0041a394 f   qt-mt323:qt-mt323.dll
 0001:0001939a       ?at@QSocketDevice@@UAE_NK@Z 0041a39a f   qt-mt323:qt-mt323.dll
 0001:000193a0       ?size@QSocketDevice@@UBEKXZ 0041a3a0 f   qt-mt323:qt-mt323.dll
 0001:000193a6       ?flush@QSocketDevice@@UAEXXZ 0041a3a6 f   qt-mt323:qt-mt323.dll
 0001:000193ac       ?close@QSocketDevice@@UAEXXZ 0041a3ac f   qt-mt323:qt-mt323.dll
 0001:000193b2       ?open@QSocketDevice@@UAE_NH@Z 0041a3b2 f   qt-mt323:qt-mt323.dll
 0001:000193b8       ?emitLinkClicked@QTextEdit@@EAEXABVQString@@@Z 0041a3b8 f   qt-mt323:qt-mt323.dll
 0001:000193be       ?emitHighlighted@QTextEdit@@EAEXABVQString@@@Z 0041a3be f   qt-mt323:qt-mt323.dll
 0001:000193c4       ?linksEnabled@QTextEdit@@EBE_NXZ 0041a3c4 f   qt-mt323:qt-mt323.dll
 0001:000193ca       ?doChangeInterval@QTextEdit@@MAEXXZ 0041a3ca f   qt-mt323:qt-mt323.dll
 0001:000193d0       ?createPopupMenu@QTextEdit@@MAEPAVQPopupMenu@@ABVQPoint@@@Z 0041a3d0 f   qt-mt323:qt-mt323.dll
 0001:000193d6       ?createPopupMenu@QTextEdit@@MAEPAVQPopupMenu@@XZ 0041a3d6 f   qt-mt323:qt-mt323.dll
 0001:000193dc       ?setUndoRedoEnabled@QTextEdit@@UAEX_N@Z 0041a3dc f   qt-mt323:qt-mt323.dll
 0001:000193e2       ?clearParagraphBackground@QTextEdit@@UAEXH@Z 0041a3e2 f   qt-mt323:qt-mt323.dll
 0001:000193e8       ?setParagraphBackgroundColor@QTextEdit@@UAEXHABVQColor@@@Z 0041a3e8 f   qt-mt323:qt-mt323.dll
 0001:000193ee       ?insertParagraph@QTextEdit@@UAEXABVQString@@H@Z 0041a3ee f   qt-mt323:qt-mt323.dll
 0001:000193f4       ?removeParagraph@QTextEdit@@UAEXH@Z 0041a3f4 f   qt-mt323:qt-mt323.dll
 0001:000193fa       ?insertAt@QTextEdit@@UAEXABVQString@@HH@Z 0041a3fa f   qt-mt323:qt-mt323.dll
 0001:00019400       ?insert@QTextEdit@@UAEXABVQString@@_N11@Z 0041a400 f   qt-mt323:qt-mt323.dll
 0001:00019406       ?scrollToBottom@QTextEdit@@UAEXXZ 0041a406 f   qt-mt323:qt-mt323.dll
 0001:0001940c       ?setOverwriteMode@QTextEdit@@UAEX_N@Z 0041a40c f   qt-mt323:qt-mt323.dll
 0001:00019412       ?setCurrentFont@QTextEdit@@UAEXABVQFont@@@Z 0041a412 f   qt-mt323:qt-mt323.dll
 0001:00019418       ?removeSelection@QTextEdit@@UAEXH@Z 0041a418 f   qt-mt323:qt-mt323.dll
 0001:0001941e       ?removeSelectedText@QTextEdit@@UAEXH@Z 0041a41e f   qt-mt323:qt-mt323.dll
 0001:00019424       ?doKeyboardAction@QTextEdit@@UAEXW4KeyboardAction@1@@Z 0041a424 f   qt-mt323:qt-mt323.dll
 0001:0001942a       ?moveCursor@QTextEdit@@UAEXW4CursorAction@1@_N@Z 0041a42a f   qt-mt323:qt-mt323.dll
 0001:00019430       ?placeCursor@QTextEdit@@UAEXABVQPoint@@PAVQTextCursor@@@Z 0041a430 f   qt-mt323:qt-mt323.dll
 0001:00019436       ?ensureCursorVisible@QTextEdit@@UAEXXZ 0041a436 f   qt-mt323:qt-mt323.dll
 0001:0001943c       ?setFormat@QTextEdit@@UAEXPAVQTextFormat@@H@Z 0041a43c f   qt-mt323:qt-mt323.dll
 0001:00019442       ?setUndoDepth@QTextEdit@@UAEXH@Z 0041a442 f   qt-mt323:qt-mt323.dll
 0001:00019448       ?resetFormat@QTextEdit@@UAEXXZ 0041a448 f   qt-mt323:qt-mt323.dll
 0001:0001944e       ?setModified@QTextEdit@@UAEX_N@Z 0041a44e f   qt-mt323:qt-mt323.dll
 0001:00019454       ?setSelectionAttributes@QTextEdit@@UAEXHABVQColor@@_N@Z 0041a454 f   qt-mt323:qt-mt323.dll
 0001:0001945a       ?setSelection@QTextEdit@@UAEXHHHHH@Z 0041a45a f   qt-mt323:qt-mt323.dll
 0001:00019460       ?setCursorPosition@QTextEdit@@UAEXHH@Z 0041a460 f   qt-mt323:qt-mt323.dll
 0001:00019466       ?setParagType@QTextEdit@@UAEXW4DisplayMode@QStyleSheetItem@@W4ListStyle@3@@Z 0041a466 f   qt-mt323:qt-mt323.dll
 0001:0001946c       ?setAlignment@QTextEdit@@UAEXH@Z 0041a46c f   qt-mt323:qt-mt323.dll
 0001:00019472       ?setVerticalAlignment@QTextEdit@@UAEXW4VerticalAlignment@1@@Z 0041a472 f   qt-mt323:qt-mt323.dll
[...]
  1642 0001:00006986  1646 0001:000069c8  1648 0001:000069d6  1649 0001:000069e3
  1671 0001:000069f0  1655 0001:00006a01  1656 0001:00006a22  1657 0001:00006a37
  1658 0001:00006a44  1659 0001:00006a50  1660 0001:00006a5d  1661 0001:00006a7a
  1664 0001:00006a80  1665 0001:00006a8a  1666 0001:00006aa2  1667 0001:00006aaf
  1668 0001:00006abb  1669 0001:00006ac8  1670 0001:00006ad6  1675 0001:00006ae0
  1681 0001:00006aef  1682 0001:00006af7  1683 0001:00006b02  1685 0001:00006b09
  1686 0001:00006b17  1688 0001:00006b1f  1690 0001:00006b24  1692 0001:00006b26
  1694 0001:00006b28  1697 0001:00006b31  1698 0001:00006b48  1702 0001:00006b4c
  1703 0001:00006b65  1705 0001:00006b76  1706 0001:00006b7e  1708 0001:00006b8d
  1711 0001:00006b90  1716 0001:00006b99  1726 0001:00006ba8  1727 0001:00006bb1
  1731 0001:00006bbb  1722 0001:00006bbe  1723 0001:00006bc7  1731 0001:00006bd1
  1718 0001:00006bd4  1719 0001:00006bdd  1731 0001:00006be7  1734 0001:00006bf0
  1736 0001:00006c08  1737 0001:00006c25  1738 0001:00006c39  1739 0001:00006c49
  1744 0001:00006c90  1749 0001:00006cac  1751 0001:00006cb0  1753 0001:00006cc4
  1754 0001:00006cde  1756 0001:00006ce8  1765 0001:00006cf2  1766 0001:00006cf9
  1768 0001:00006cfd  1771 0001:00006d07  1761 0001:00006d0a  1771 0001:00006d24
  1774 0001:00006d30  1779 0001:00006d31  1781 0001:00006d3e  1783 0001:00006d70
  1854 0001:00006d80  1868 0001:00006d83  1873 0001:00006d88  1881 0001:00006d8f
  1882 0001:00006d99  1889 0001:00006da0  1892 0001:00006db3  1896 0001:00006dba
  1898 0001:00006dc8  1901 0001:00006dd0  1909 0001:00006de9  1910 0001:00006df3
  1941 0001:00006df7  1914 0001:00006e08  1915 0001:00006e17  1919 0001:00006e1a
  1923 0001:00006e22  1925 0001:00006e2f  1926 0001:00006e49  1928 0001:00006e70
  1929 0001:00006ec8  1930 0001:00006ed4  1931 0001:00006f1e  1932 0001:00006f2b
  1941 0001:00006f2e  1937 0001:00006f3f  1941 0001:00006f49  1944 0001:00006f60
  1948 0001:00006f72  1950 0001:00006f7c  1953 0001:00006f8b  1957 0001:00006f92
  1963 0001:00006fa0  1965 0001:00006fad  1968 0001:00006fb3  1970 0001:00006fc5
  1971 0001:00006fd7  2052 0001:00006fe2  1975 0001:00006fe5  1977 0001:00006fed
  1978 0001:00006ffb  1981 0001:00007007  1984 0001:00007016  1989 0001:0000702e
  2052 0001:00007044  1992 0001:00007047  1994 0001:0000704f  1996 0001:00007056
  1997 0001:00007065  2052 0001:00007070  1999 0001:00007073  2005 0001:0000707b
  2006 0001:0000708e  2010 0001:000070a0  2015 0001:000070ba  2052 0001:000070c2
  2012 0001:000070c5  2052 0001:000070cd  2021 0001:000070d0  2027 0001:000070d8
  2029 0001:000070eb  2034 0001:000070fa  2052 0001:00007102  2031 0001:00007105
  2052 0001:0000710d  2040 0001:00007110  2042 0001:0000711e  2043 0001:00007129
  2048 0001:0000713b  2052 0001:0000714d  2051 0001:00007150  2052 0001:00007160
  2055 0001:00007170  2061 0001:00007190  2064 0001:000071a6  2065 0001:000071c1
  2067 0001:000071cb  2070 0001:000071d8  2072 0001:000071e1  2078 0001:000071e5
  2079 0001:000071ec  2081 0001:000071f0  2083 0001:000071f2  2088 0001:00007207
  2091 0001:00007211  2092 0001:00007219  2094 0001:00007222  2096 0001:00007226
  2101 0001:00007244  2102 0001:00007254  2124 0001:0000725e  2106 0001:0000727f
  2107 0001:000072a3  2108 0001:000072bd  2109 0001:000072d2  2110 0001:000072df
  2111 0001:000072eb  2112 0001:000072f8  2116 0001:00007300  2117 0001:00007311
  2118 0001:0000731b  2119 0001:00007330  2120 0001:0000733d  2121 0001:00007349
  2122 0001:00007356  2127 0001:00007360  2128 0001:0000737e  2129 0001:000073a2
  2130 0001:000073f7  2131 0001:00007407  2132 0001:0000741b  2263 0001:0000744e
  2323 0001:00007450  2139 0001:00007463  2140 0001:000074ed  2142 0001:000074f9
  2143 0001:00007509  2145 0001:0000751f  2148 0001:00007532  2170 0001:00007544
  2153 0001:00007567  2154 0001:00007580  2155 0001:000075c5  2156 0001:000075fd
  2158 0001:0000768c  2159 0001:0000769b  2162 0001:000076b0  2163 0001:000076f1
  2164 0001:0000770f  2166 0001:000077a3  2169 0001:000077b0  2170 0001:000077c6
  2174 0001:000077f3  2176 0001:0000780b  2180 0001:00007828  2184 0001:00007845
  2186 0001:00007860  2189 0001:00007869  2191 0001:0000787a  2192 0001:00007888
  2194 0001:0000789f  2195 0001:000078b8  2196 0001:00007901  2197 0001:0000793d
  2200 0001:000079d8  2203 0001:000079ec  2209 0001:00007a03  2212 0001:00007a05
  2213 0001:00007a14  2214 0001:00007a29  2215 0001:00007a36  2217 0001:00007a44
  2220 0001:00007a46  2223 0001:00007a95  2224 0001:00007aab  2225 0001:00007adc
  2229 0001:00007ae8  2232 0001:00007aff  2234 0001:00007b17  2235 0001:00007b23
  2238 0001:00007b8d  2239 0001:00007ba6  2240 0001:00007bc0  2241 0001:00007bd5
  2243 0001:00007be6  2245 0001:00007bf3  2246 0001:00007bfc  2247 0001:00007c09
  2248 0001:00007c13  2249 0001:00007c1c  2253 0001:00007c26  2255 0001:00007c31
  2256 0001:00007c4a  2257 0001:00007c66  2258 0001:00007c7e  2259 0001:00007c9a
  2260 0001:00007cb0  2265 0001:00007cdd  2267 0001:00007ce7  2268 0001:00007cf6
  2269 0001:00007d04  2270 0001:00007d12  2275 0001:00007d22  2277 0001:00007d46
  2279 0001:00007d70  2280 0001:00007d7d  2281 0001:00007dbe  2284 0001:00007dc8
  2287 0001:00007dd7  2289 0001:00007dd9  2291 0001:00007de9  2277 0001:00007e0e
  2292 0001:00007e17  2295 0001:00007e1a  2298 0001:00007e34  2323 0001:00007ea0
  2262 0001:00007eb5  2263 0001:00007ec3  2303 0001:00007ee3  2263 0001:00007f2d
  2302 0001:00007f34  2303 0001:00007f42  2309 0001:00007f65  2310 0001:00007f82
  2311 0001:00007f98  2312 0001:00007fa5  2313 0001:00007fc3  2317 0001:00007fcb
  2318 0001:00007fd5  2319 0001:00007feb  2320 0001:00007ff8  2321 0001:00008006
  2327 0001:00008010  2328 0001:0000802f  2329 0001:0000806c  2331 0001:00008081
  2332 0001:0000808c  2338 0001:000080bd  2339 0001:000080cc  2340 0001:000080d8
  2341 0001:000080ef  2344 0001:00008102  2345 0001:0000811f  2347 0001:00008134
  2348 0001:00008171  2350 0001:00008178  2351 0001:0000817b  2353 0001:00008184
  2356 0001:000081d0  2365 0001:000081f3  2378 0001:00008208  2381 0001:00008217
  2613 0001:00008240  2386 0001:00008251  2394 0001:00008264  2397 0001:00008272
  2399 0001:0000827c  2400 0001:0000828b  2401 0001:00008295  2405 0001:000082a5
  2409 0001:000082ae  2410 0001:000082b7  2412 0001:000082d0  2413 0001:000082de
  2414 0001:000082e1  2416 0001:00008308  2417 0001:00008312  2420 0001:00008316
  2423 0001:0000832f  2428 0001:00008337  2432 0001:00008339  2434 0001:0000833d
  2441 0001:00008340  2443 0001:0000835c  2446 0001:0000836a  2449 0001:00008378
  2450 0001:00008381  2455 0001:0000839e  2457 0001:000083ac  2465 0001:000083b7
  2473 0001:000083c3  2474 0001:00008412  2476 0001:00008420  2477 0001:0000842a
  2478 0001:00008441  2479 0001:00008452  2482 0001:00008463  2486 0001:00008476
  2488 0001:000084c0  2491 0001:000084c4  2493 0001:000084ce  2494 0001:000084d7
  2497 0001:000084ec  2502 0001:000084f0  2504 0001:000084fa  2512 0001:0000858c
  2514 0001:0000859a  2515 0001:000085a1  2518 0001:000085aa  2519 0001:000085b0
  2522 0001:000085bc  2524 0001:000085c8  2528 0001:000085d6  2529 0001:000085da
  2531 0001:000085e4  2532 0001:000085f0  2529 0001:000085f4  2534 0001:000085f7
  2536 0001:000085fd  2539 0001:00008600  2549 0001:00008602  2553 0001:00008615
  2554 0001:00008617  2556 0001:00008621  2557 0001:00008627  2554 0001:00008628
  2565 0001:0000862b  2567 0001:00008635  2570 0001:0000864a  2572 0001:00008658
  2574 0001:00008666  2577 0001:0000866d  2579 0001:00008676  2580 0001:000086b7
  2582 0001:000086c5  2583 0001:000086d0  2585 0001:000086d7  2586 0001:000086d9
  2612 0001:000086e0  2613 0001:00008708  2591 0001:0000871b  2592 0001:00008744
  2593 0001:0000875a  2596 0001:00008767  2597 0001:0000878b  2601 0001:00008793
  2602 0001:000087a9  2603 0001:000087bf  2604 0001:000087cc  2605 0001:000087e0
  2616 0001:000087f0  2625 0001:00008813  2626 0001:00008815  2627 0001:0000882b
  2629 0001:0000883c  2633 0001:0000884b  2635 0001:00008850  2640 0001:00008854
  2644 0001:00008875  2645 0001:00008882  2663 0001:0000888e  2648 0001:000088a1
  2649 0001:000088c1  2650 0001:000088df  2651 0001:000088f2  2652 0001:000088ff
  2656 0001:00008907  2657 0001:00008911  2658 0001:00008922  2659 0001:00008935
  2660 0001:00008942  2666 0001:00008950  2667 0001:0000896d  2670 0001:0000897b
  2671 0001:00008983  2672 0001:00008995  2675 0001:000089b2  2678 0001:000089c3
  2679 0001:00008a39  2682 0001:00008a52  2683 0001:00008a60  2686 0001:00008a80
  2689 0001:00008a8c  2692 0001:00008a90  2695 0001:00008a93  2696 0001:00008a9f
  2698 0001:00008aa3  2700 0001:00008aad  2703 0001:00008ab0  2711 0001:00008aca
  2713 0001:00008ada  2714 0001:00008ae8  2715 0001:00008b03  2716 0001:00008b4b
  2717 0001:00008b5e  2719 0001:00008bab  2721 0001:00008bf3  2722 0001:00008c08
  2724 0001:00008c1d  2727 0001:00008c2d  2728 0001:00008c3c  2730 0001:00008c4b
  2732 0001:00008c85  2733 0001:00008c9d  2737 0001:00008c9f  2739 0001:00008cab
  2740 0001:00008cb9  2741 0001:00008d10  2742 0001:00008d23  2743 0001:00008d49
  2746 0001:00008d60  2748 0001:00008d77  2751 0001:00008d83  2774 0001:00008d86
  2755 0001:00008d97  2757 0001:00008dae  2759 0001:00008db7  2765 0001:00008dc3
  2767 0001:00008ddc  2768 0001:00008e2e  2769 0001:00008e44  2770 0001:00008e68
  2774 0001:00008e87  2789 0001:00008ea0  2793 0001:00008ea4  2801 0001:00008ee0
  2804 0001:00008ef0  2815 0001:00008f0d  2818 0001:00008f21  2823 0001:00008f39
  2826 0001:00008f5d  2828 0001:00008f6b  2831 0001:00008fa6  2833 0001:00008fd2
  2835 0001:00008fda  2841 0001:00008fe6  2843 0001:00009083  2844 0001:00009096
  2846 0001:000090a1  2848 0001:000090a3  2849 0001:000090a7  2850 0001:000090a9
  2852 0001:000090ab  2853 0001:000090af  2854 0001:000090b8  2855 0001:000090ba
  2860 0001:000090eb  2862 0001:000090f5  2863 0001:0000910b  2864 0001:00009167
  2865 0001:00009169  2867 0001:0000917c  2870 0001:0000918a  2876 0001:0000919f
  2879 0001:000091e0  2880 0001:00009201  2892 0001:0000920d  2901 0001:00009219
  2902 0001:00009284  2909 0001:00009296  2910 0001:000092e3  2911 0001:00009337
  2912 0001:00009352  2913 0001:00009363  2915 0001:0000939b  2916 0001:000093a6
  2917 0001:000093b0  2918 0001:000093bf  2920 0001:000093cd  2913 0001:000093e2
  2922 0001:000093e7  2923 0001:000093fd  2927 0001:00009462  2931 0001:000094bf
  2934 0001:000094d7  2936 0001:000094f7  2938 0001:00009505  2940 0001:00009529
  2942 0001:00009554  2943 0001:00009562  2944 0001:00009568  2945 0001:0000958b
  2940 0001:000095b9  2946 0001:000095c2  2947 0001:000095c9  2949 0001:000095da
  2950 0001:000095dc  2955 0001:000095ea  2958 0001:00009620  2963 0001:00009640
  2964 0001:0000964b  2965 0001:0000964e  2968 0001:00009651  2970 0001:00009661
  2971 0001:0000969c  2973 0001:000096a3  2976 0001:000096ae  2978 0001:000096d1
  2981 0001:0000970b  2982 0001:00009744  2984 0001:00009748  2989 0001:00009762
  2990 0001:0000976b  2992 0001:00009775  2996 0001:0000977e  2997 0001:0000978e
  2999 0001:0000979c  3000 0001:000097b6  3002 0001:000097c2  3003 0001:000097ce
  3004 0001:000097df  3006 0001:000097e4  3007 0001:000097f2  3000 0001:00009813
  3008 0001:0000981e  3009 0001:0000982b  3011 0001:0000983b  3012 0001:00009845
  3014 0001:00009853  3015 0001:0000986d  3017 0001:00009879  3018 0001:00009885
  3019 0001:00009896  3021 0001:0000989b  3022 0001:000098a9  3015 0001:000098ca
  3023 0001:000098d5  3024 0001:000098e2  3044 0001:000098ec  3028 0001:000098ff
  3029 0001:00009914  3030 0001:00009921  3031 0001:0000992d  3032 0001:0000993a
  3033 0001:0000995b  3034 0001:00009978  3037 0001:0000997e  3038 0001:00009993
  3039 0001:000099a0  3040 0001:000099ac  3041 0001:000099b9  3042 0001:000099c7
  3043 0001:000099d4  3047 0001:000099e0  3048 0001:000099fe  3050 0001:00009a09
  3051 0001:00009a27  3052 0001:00009a46  3054 0001:00009a5b  3056 0001:00009a6d
  3060 0001:00009a73  3061 0001:00009a83  3063 0001:00009a91  3064 0001:00009aac
  3066 0001:00009ab9  3067 0001:00009ac7  3068 0001:00009ad9  3070 0001:00009ade
  3071 0001:00009ae6  3064 0001:00009b0d  3072 0001:00009b19  3073 0001:00009b2b
  3075 0001:00009b39  3076 0001:00009b43  3078 0001:00009b51  3079 0001:00009b6b
  3081 0001:00009b78  3082 0001:00009b86  3083 0001:00009b99  3085 0001:00009b9e
  3086 0001:00009ba6  3079 0001:00009bcc  3087 0001:00009bd8  3088 0001:00009bea
  3089 0001:00009bf8  3092 0001:00009c10  3093 0001:00009c29  3094 0001:00009c4e
  3097 0001:00009c58  3098 0001:00009c69  3099 0001:00009c70  3138 0001:00009c7b
  3106 0001:00009c8a  3108 0001:00009c9f  3110 0001:00009cd0  3118 0001:00009cf2
  3120 0001:00009d06  3122 0001:00009d1a  3124 0001:00009d2e  3126 0001:00009d45
  3128 0001:00009d5c  3130 0001:00009d64  3133 0001:00009d66  3135 0001:00009d6d
  3138 0001:00009d7b  3141 0001:00009d90  3142 0001:00009db0  3145 0001:00009dbb
  3147 0001:00009dc9  3152 0001:00009dd1  3154 0001:00009deb  3199 0001:00009dfc
  3156 0001:00009e1a  3158 0001:00009e9a  3160 0001:00009ea6  3162 0001:00009ebb
  3163 0001:00009ec0  3165 0001:00009ec2  3166 0001:00009ec7  3168 0001:00009ec9
  3169 0001:00009ece  3171 0001:00009ed0  3172 0001:00009ed5  3174 0001:00009ed7
  3175 0001:00009edc  3177 0001:00009ede  3178 0001:00009ee3  3180 0001:00009ee5
  3181 0001:00009eea  3183 0001:00009eec  3184 0001:00009ef1  3186 0001:00009ef3
  3190 0001:00009efe  3192 0001:00009f04  3193 0001:00009f3d  3194 0001:00009f5c
  3195 0001:00009f7b  3199 0001:00009fd8  3200 0001:0000a01a  3154 0001:0000a0dd
  3203 0001:0000a0fc  3205 0001:0000a10a  3206 0001:0000a115  3209 0001:0000a150
  3212 0001:0000a172  3215 0001:0000a180  3222 0001:0000a190  3223 0001:0000a1a6
  3224 0001:0000a1c4  3226 0001:0000a1f8  3227 0001:0000a218  3230 0001:0000a260
  3232 0001:0000a27e  3234 0001:0000a298  3236 0001:0000a2a7  3239 0001:0000a361
  3242 0001:0000a380  3245 0001:0000a39b  3247 0001:0000a3ad  3249 0001:0000a3ca
  3251 0001:0000a3cd  3253 0001:0000a49d  3260 0001:0000a4ce  3261 0001:0000a4dc
  3265 0001:0000a4f0  3270 0001:0000a508  3272 0001:0000a529  3275 0001:0000a5aa
  3281 0001:0000a5b9  3282 0001:0000a5be  3284 0001:0000a5c2  3282 0001:0000a61f
  3287 0001:0000a628  3289 0001:0000a62f  3294 0001:0000a654  3297 0001:0000a670
  3305 0001:0000a692  3306 0001:0000a6b4  3315 0001:0000a6c5  3316 0001:0000a6e3
  3319 0001:0000a73e  3321 0001:0000a748  3324 0001:0000a758  3326 0001:0000a761
  3328 0001:0000a770  3331 0001:0000a7c0  3332 0001:0000a7c3  3333 0001:0000a7d8
  3339 0001:0000a7e0  3346 0001:0000a7fb  3347 0001:0000a813  3349 0001:0000a82d
  3352 0001:0000a843  3353 0001:0000a84a  3357 0001:0000a851  3358 0001:0000a898
  3361 0001:0000a8ac  3362 0001:0000a8d9  3365 0001:0000a8e7  3366 0001:0000a911
  3369 0001:0000a91c  3371 0001:0000a947  3374 0001:0000a952  3376 0001:0000a9ba
  3378 0001:0000a9c1  3382 0001:0000a9d7  3388 0001:0000aa2b  3390 0001:0000aa3e
  3395 0001:0000aa40  3399 0001:0000aa5c  3401 0001:0000aab0  3403 0001:0000aabd
  3406 0001:0000aacc  3410 0001:0000aae8  3411 0001:0000ab01  3416 0001:0000ab0a
  3420 0001:0000ab2e  3421 0001:0000ab47  3426 0001:0000ab52  3429 0001:0000ab78
  3431 0001:0000abcb  3433 0001:0000abd8  3436 0001:0000abe7  3440 0001:0000ac03
  3441 0001:0000ac20  3446 0001:0000ac25  3450 0001:0000ac46  3451 0001:0000ac5b
  3456 0001:0000ac66  3460 0001:0000ac8c  3465 0001:0000ac9b  3466 0001:0000aca4
  3462 0001:0000aca6  3471 0001:0000acb3  3474 0001:0000acbd  3479 0001:0000acc3
  3480 0001:0000aced  3484 0001:0000ade0  3485 0001:0000adfb  3487 0001:0000ae09
  3489 0001:0000ae0e  3490 0001:0000ae6c  3491 0001:0000ae8f  3493 0001:0000aeaa
  3502 0001:0000aeba  3504 0001:0000aebe  3497 0001:0000aecd  3499 0001:0000aed2
  3500 0001:0000af30  3502 0001:0000af3c  3504 0001:0000af49  3508 0001:0000af60
  3509 0001:0000af7b  3511 0001:0000af89  3513 0001:0000af8e  3514 0001:0000afec
  3515 0001:0000b00f  3517 0001:0000b02a  3526 0001:0000b03a  3528 0001:0000b03e
  3521 0001:0000b04d  3523 0001:0000b052  3524 0001:0000b0b0  3526 0001:0000b0bc
  3528 0001:0000b0c9  3532 0001:0000b0e0  3533 0001:0000b0fc  3536 0001:0000b107
  3539 0001:0000b10f  3540 0001:0000b122  3541 0001:0000b12c  3542 0001:0000b14b
  3545 0001:0000b159  3546 0001:0000b15e  3548 0001:0000b171  3549 0001:0000b181
  3550 0001:0000b18b  3554 0001:0000b1b0  3555 0001:0000b1cc  3557 0001:0000b1d7
  3559 0001:0000b1ea  3560 0001:0000b1f5  3561 0001:0000b203  3563 0001:0000b20d
  3565 0001:0000b217  3566 0001:0000b222  3567 0001:0000b230  3571 0001:0000b23a
  3572 0001:0000b24a  3573 0001:0000b254  3574 0001:0000b273  3577 0001:0000b281
  3578 0001:0000b286  3580 0001:0000b299  3581 0001:0000b2a9  3584 0001:0000b2b3
  3585 0001:0000b2be  3589 0001:0000b2f0  3590 0001:0000b30c  3593 0001:0000b317
  3596 0001:0000b31f  3597 0001:0000b332  3598 0001:0000b33c  3599 0001:0000b35b
  3602 0001:0000b369  3603 0001:0000b36e  3605 0001:0000b381  3606 0001:0000b391
  3607 0001:0000b39b  3611 0001:0000b3c0  3612 0001:0000b3dc  3614 0001:0000b3e7
  3616 0001:0000b3fa  3617 0001:0000b405  3618 0001:0000b413  3620 0001:0000b41d
  3622 0001:0000b427  3623 0001:0000b432  3624 0001:0000b440  3628 0001:0000b44a
  3629 0001:0000b45a  3630 0001:0000b464  3631 0001:0000b483  3634 0001:0000b491
  3635 0001:0000b496  3637 0001:0000b4a9  3638 0001:0000b4b9  3641 0001:0000b4c3
  3642 0001:0000b4ce  3645 0001:0000b500  3646 0001:0000b51c  3648 0001:0000b581
  3649 0001:0000b58f  3650 0001:0000b5e2  3651 0001:0000b5f5  3654 0001:0000b630
  3655 0001:0000b64b  3659 0001:0000b656  3661 0001:0000b663  3662 0001:0000b682
  3665 0001:0000b690  3667 0001:0000b695  3669 0001:0000b699  3672 0001:0000b6aa
  3673 0001:0000b6bc  3676 0001:0000b6d0  3677 0001:0000b6d3  3679 0001:0000b6dd
  3684 0001:0000b6e7  3686 0001:0000b6f4  3688 0001:0000b704  3691 0001:0000b70a
  3693 0001:0000b70c  3695 0001:0000b716  3702 0001:0000b725  3709 0001:0000b730
  3712 0001:0000b740  3713 0001:0000b761  3715 0001:0000b76f  3716 0001:0000b78f
  3718 0001:0000b7af  3719 0001:0000b7cb  3721 0001:0000b7dc  3722 0001:0000b83a
  3726 0001:0000b889  3730 0001:0000b88d  3731 0001:0000b89c  3734 0001:0000b8ac
  3736 0001:0000b8fb  3740 0001:0000b903  3751 0001:0000b913  3793 0001:0000b937
  3795 0001:0000b93b  3796 0001:0000b942  3799 0001:0000b949  3777 0001:0000b94b
  3779 0001:0000b94f  3780 0001:0000b956  3783 0001:0000b95d  3761 0001:0000b95f
  3763 0001:0000b963  3764 0001:0000b96a  3806 0001:0000b971  3809 0001:0000b9d0
  3811 0001:0000b9ea  3816 0001:0000ba01  3819 0001:0000ba47  3821 0001:0000ba4b
  3822 0001:0000ba52  3824 0001:0000ba59  3811 0001:0000ba83  3825 0001:0000ba8b
  3828 0001:0000baa0  3831 0001:0000bac3  3843 0001:0000bad8  3845 0001:0000baf3
  3847 0001:0000bb01  3848 0001:0000bb1c  3850 0001:0000bb30  3851 0001:0000bb3c
  3852 0001:0000bb4d  3853 0001:0000bb52  3855 0001:0000bb56  3860 0001:0000bb74
  3859 0001:0000bb81  3860 0001:0000bb88  3848 0001:0000bba7  3861 0001:0000bbb5
  3862 0001:0000bbc2  3865 0001:0000bbd0  3867 0001:0000bbda  3888 0001:0000bbdf
  3872 0001:0000bbf0  3873 0001:0000bc05  3874 0001:0000bc12  3875 0001:0000bc1e
  3876 0001:0000bc2b  3877 0001:0000bc4c  3878 0001:0000bc69  3881 0001:0000bc6f
  3882 0001:0000bc84  3883 0001:0000bc91  3884 0001:0000bc9d  3885 0001:0000bcaa
  3886 0001:0000bcb8  3887 0001:0000bcc5

Line numbers for .\Release\alarmcontrolmainwindow.obj(C:\Program Files\Microsoft Visual Studio\VC98\INCLUDE\iostream) segment .text

    16 0001:000000c0    29 0001:00000100

Line numbers for .\Release\AcqStore.obj(w:\core_svn\Source\windows\bin\AlarmControl\AcqStore.cpp) segment .text

    18 0001:00000000    19 0001:0000001a    22 0001:00000040    24 0001:00000046
    27 0001:00000050    36 0001:00000053    38 0001:00000057    55 0001:00000064
    56 0001:00000068    52 0001:0000006b    56 0001:0000006e    59 0001:00000080
    61 0001:00000087    63 0001:0000008f    69 0001:00000096    67 0001:00000099
    69 0001:000000a0

 336 bytes saved through ICF

