 bCommand

 Timestamp is 5e9dbb60 (Mon Apr 20 16:10:24 2020)

 Preferred load address is 00400000

 Start         Length     Name                   Class
 0001:00000000 000000b8H .text                   CODE
 0001:000000c0 00000181H .text$di                CODE
 0001:00000250 0000f62aH .text$mn                CODE
 0001:0000f880 00001b16H .text$x                 CODE
 0001:000113a0 000000abH .text$yd                CODE
 0002:00000000 00000fdcH .idata$5                DATA
 0002:00000fdc 00000004H .CRT$XCA                DATA
 0002:00000fe0 00000004H .CRT$XCAA               DATA
 0002:00000fe4 0000002cH .CRT$XCU                DATA
 0002:00001010 00000004H .CRT$XCZ                DATA
 0002:00001014 00000004H .CRT$XIA                DATA
 0002:00001018 00000004H .CRT$XIAA               DATA
 0002:0000101c 00000004H .CRT$XIC                DATA
 0002:00001020 00000004H .CRT$XIY                DATA
 0002:00001024 00000004H .CRT$XIZ                DATA
 0002:00001028 000064d8H .rdata                  DATA
 0002:00007500 00001100H .rdata$r                DATA
 0002:00008600 00000004H .rtc$IAA                DATA
 0002:00008604 00000004H .rtc$IZZ                DATA
 0002:00008608 00000004H .rtc$TAA                DATA
 0002:0000860c 00000004H .rtc$TZZ                DATA
 0002:00008610 00001784H .xdata$x                DATA
 0002:00009d94 00000000H .edata                  DATA
 0002:00009d94 0000008cH .idata$2                DATA
 0002:00009e20 00000014H .idata$3                DATA
 0002:00009e34 00000fdcH .idata$4                DATA
 0002:0000ae10 0000a0b8H .idata$6                DATA
 0003:00000000 00000682H .data                   DATA
 0003:00000684 00000544H .data$r                 DATA
 0003:00000bc8 0000072cH .bss                    DATA
 0004:00000000 00000190H .rsrc$01                DATA
 0004:00000190 00004048H .rsrc$02                DATA

  Address         Publics by Value              Rva+Base       Lib:Object

 0000:00000000       ___guard_flags             00000000     <absolute>
 0000:00000000       ___guard_fids_count        00000000     <absolute>
 0000:00000000       __except_list              00000000     <absolute>
 0000:00000000       ___guard_fids_table        00000000     <absolute>
 0000:00000000       ___safe_se_handler_table   00000000     <absolute>
 0000:00000000       ___safe_se_handler_count   00000000     <absolute>
 0000:00009876       __fltused                  00009876     <absolute>
 0000:00009876       __ldused                   00009876     <absolute>
 0000:00000000       ___ImageBase               00400000     <linker-defined>
 0001:00000000       _WinMain@16                00401000 f   qtmain:qtmain_win.obj
 0001:0000008d       ?detach@?$QMemArray@PAD@@UAEXXZ 0040108d f i qtmain:qtmain_win.obj
 0001:00000095       ??_E?$QMemArray@PAD@@UAEPAXI@Z 00401095 f i qtmain:qtmain_win.obj
 0001:00000095       ??_G?$QMemArray@PAD@@UAEPAXI@Z 00401095 f i qtmain:qtmain_win.obj
 0001:00000250       ??0?$basic_string@DU?$char_traits@D@std@@V?$allocator@D@2@@std@@QAE@PBD@Z 00401250 f i bcommandmainwindow.obj
 0001:000002b0       ??0bCommandMainWindow@@QAE@PAVQWidget@@PBDI@Z 004012b0 f   bcommandmainwindow.obj
 0001:000014d0       ??1?$basic_string@DU?$char_traits@D@std@@V?$allocator@D@2@@std@@QAE@XZ 004024d0 f i bcommandmainwindow.obj
 0001:00001500       ??1bCommandMainWindow@@UAE@XZ 00402500 f   bcommandmainwindow.obj
 0001:00001680       ??3@YAXPAX0@Z              00402680 f i bcommandmainwindow.obj
 0001:00001680       ?cccDisconnected@IccClientCallback@@MAEXXZ 00402680 f i bcommandmainwindow.obj
 0001:00001680       ?aboutToQuit@bCommandMainWindow@@QAEXXZ 00402680 f i bcommandmainwindow.obj
 0001:00001680       ?cccConnected@IccClientCallback@@MAEXXZ 00402680 f i bcommandmainwindow.obj
 0001:00001681       ??_EQCheckBox@@WCI@AEPAXI@Z 00402681 f i bcommandmainwindow.obj
 0001:00001689       ??_EQFrame@@WCI@AEPAXI@Z   00402689 f i bcommandmainwindow.obj
 0001:00001691       ??_EQHBoxLayout@@WCI@AEPAXI@Z 00402691 f i bcommandmainwindow.obj
 0001:00001699       ??_EQLabel@@WCI@AEPAXI@Z   00402699 f i bcommandmainwindow.obj
 0001:000016a1       ??_EQPopupMenu@@WCI@AEPAXI@Z 004026a1 f i bcommandmainwindow.obj
 0001:000016a9       ??_EQPopupMenu@@WIM@AEPAXI@Z 004026a9 f i bcommandmainwindow.obj
 0001:000016b4       ??_EQPushButton@@WCI@AEPAXI@Z 004026b4 f i bcommandmainwindow.obj
 0001:000016bc       ??_EQSpinBox@@WCI@AEPAXI@Z 004026bc f i bcommandmainwindow.obj
 0001:000016c4       ??_EQSpinBox@@WGM@AEPAXI@Z 004026c4 f i bcommandmainwindow.obj
 0001:000016cc       ??_EQToolBar@@WCI@AEPAXI@Z 004026cc f i bcommandmainwindow.obj
 0001:000016d4       ??_EQVBoxLayout@@WCI@AEPAXI@Z 004026d4 f i bcommandmainwindow.obj
 0001:000016dc       ??_EbCommandMainWindow@@WCI@AEPAXI@Z 004026dc f i bcommandmainwindow.obj
 0001:000016f0       ??_EQAction@@UAEPAXI@Z     004026f0 f i bcommandmainwindow.obj
 0001:000016f0       ??_GQAction@@UAEPAXI@Z     004026f0 f i bcommandmainwindow.obj
 0001:00001720       ??_EQCheckBox@@UAEPAXI@Z   00402720 f i bcommandmainwindow.obj
 0001:00001720       ??_GQCheckBox@@UAEPAXI@Z   00402720 f i bcommandmainwindow.obj
 0001:00001750       ??_GQFrame@@UAEPAXI@Z      00402750 f i bcommandmainwindow.obj
 0001:00001750       ??_EQFrame@@UAEPAXI@Z      00402750 f i bcommandmainwindow.obj
 0001:00001780       ??_EQHBoxLayout@@UAEPAXI@Z 00402780 f i bcommandmainwindow.obj
 0001:00001780       ??_GQHBoxLayout@@UAEPAXI@Z 00402780 f i bcommandmainwindow.obj
 0001:000017b0       ??_EQLabel@@UAEPAXI@Z      004027b0 f i bcommandmainwindow.obj
 0001:000017b0       ??_GQLabel@@UAEPAXI@Z      004027b0 f i bcommandmainwindow.obj
 0001:000017e0       ??_EQPopupMenu@@UAEPAXI@Z  004027e0 f i bcommandmainwindow.obj
 0001:000017e0       ??_GQPopupMenu@@UAEPAXI@Z  004027e0 f i bcommandmainwindow.obj
 0001:00001810       ??_EQPushButton@@UAEPAXI@Z 00402810 f i bcommandmainwindow.obj
 0001:00001810       ??_GQPushButton@@UAEPAXI@Z 00402810 f i bcommandmainwindow.obj
 0001:00001840       ??_EQSpacerItem@@UAEPAXI@Z 00402840 f i bcommandmainwindow.obj
 0001:00001840       ??_GQSpacerItem@@UAEPAXI@Z 00402840 f i bcommandmainwindow.obj
 0001:00001870       ??_GQSpinBox@@UAEPAXI@Z    00402870 f i bcommandmainwindow.obj
 0001:00001870       ??_EQSpinBox@@UAEPAXI@Z    00402870 f i bcommandmainwindow.obj
 0001:000018a0       ??_EQToolBar@@UAEPAXI@Z    004028a0 f i bcommandmainwindow.obj
 0001:000018a0       ??_GQToolBar@@UAEPAXI@Z    004028a0 f i bcommandmainwindow.obj
 0001:000018d0       ??_GQVBoxLayout@@UAEPAXI@Z 004028d0 f i bcommandmainwindow.obj
 0001:000018d0       ??_EQVBoxLayout@@UAEPAXI@Z 004028d0 f i bcommandmainwindow.obj
 0001:00001900       ??_GbCommandMainWindow@@UAEPAXI@Z 00402900 f i bcommandmainwindow.obj
 0001:00001900       ??_EbCommandMainWindow@@UAEPAXI@Z 00402900 f i bcommandmainwindow.obj
 0001:00001930       ??_Eerror_category@std@@UAEPAXI@Z 00402930 f i bcommandmainwindow.obj
 0001:00001930       ??_E_Generic_error_category@std@@UAEPAXI@Z 00402930 f i bcommandmainwindow.obj
 0001:00001930       ??_G_System_error_category@std@@UAEPAXI@Z 00402930 f i bcommandmainwindow.obj
 0001:00001930       ??_G_Generic_error_category@std@@UAEPAXI@Z 00402930 f i bcommandmainwindow.obj
 0001:00001930       ??_E_System_error_category@std@@UAEPAXI@Z 00402930 f i bcommandmainwindow.obj
 0001:00001930       ??_E_Iostream_error_category@std@@UAEPAXI@Z 00402930 f i bcommandmainwindow.obj
 0001:00001930       ??_G_Iostream_error_category@std@@UAEPAXI@Z 00402930 f i bcommandmainwindow.obj
 0001:00001930       ??_Gerror_category@std@@UAEPAXI@Z 00402930 f i bcommandmainwindow.obj
 0001:00001960       ?_Copy@?$basic_string@DU?$char_traits@D@std@@V?$allocator@D@2@@std@@QAEXII@Z 00402960 f i bcommandmainwindow.obj
 0001:00001ab0       ?_Grow@?$basic_string@DU?$char_traits@D@std@@V?$allocator@D@2@@std@@QAE_NI_N@Z 00402ab0 f i bcommandmainwindow.obj
 0001:00001b60       ?about@bCommandMainWindow@@QAEXXZ 00402b60 f   bcommandmainwindow.obj
 0001:00001d80       ?addRecentFile@bCommandMainWindow@@AAEXVQString@@@Z 00402d80 f   bcommandmainwindow.obj
 0001:00001e40       ?allocate@?$_Wrap_alloc@V?$allocator@D@std@@@std@@QAEPADI@Z 00402e40 f i bcommandmainwindow.obj
 0001:00001e70       ?assign@?$basic_string@DU?$char_traits@D@std@@V?$allocator@D@2@@std@@QAEAAV12@ABV12@II@Z 00402e70 f i bcommandmainwindow.obj
 0001:00001fa0       ?assign@?$basic_string@DU?$char_traits@D@std@@V?$allocator@D@2@@std@@QAEAAV12@PBDI@Z 00402fa0 f i bcommandmainwindow.obj
 0001:000020a0       ?cccConfigChangeMessage@IccClientCallback@@MAEXABV?$basic_string@DU?$char_traits@D@std@@V?$allocator@D@2@@std@@@Z 004030a0 f i bcommandmainwindow.obj
 0001:000020b0       ?cccGpiRevertive@IccClientCallback@@MAEXHH_N@Z 004030b0 f i bcommandmainwindow.obj
 0001:000020b0       ?cccRtrRevertive@IccClientCallback@@MAEXHHH@Z 004030b0 f i bcommandmainwindow.obj
 0001:000020b0       ?cccDeviceMode@IccClientCallback@@MAEXHHW4redundancyState@cc@@@Z 004030b0 f i bcommandmainwindow.obj
 0001:000020b0       ?cccInfoRevertive@IccClientCallback@@MAEXHHABV?$basic_string@DU?$char_traits@D@std@@V?$allocator@D@2@@std@@@Z 004030b0 f i bcommandmainwindow.obj
 0001:000020b0       ?cccDatabaseChange@IccClientCallback@@MAEXHHH@Z 004030b0 f i bcommandmainwindow.obj
 0001:000020c0       ?cccDatabaseChange@bCommandMainWindow@@MAEXHHH@Z 004030c0 f   bcommandmainwindow.obj
 0001:000020d0       ?cccDeviceMessage@IccClientCallback@@MAEXHHABV?$basic_string@DU?$char_traits@D@std@@V?$allocator@D@2@@std@@H@Z 004030d0 f i bcommandmainwindow.obj
 0001:000020e0       ?cccDeviceMessage@bCommandMainWindow@@MAEXHHABV?$basic_string@DU?$char_traits@D@std@@V?$allocator@D@2@@std@@H@Z 004030e0 f   bcommandmainwindow.obj
 0001:000020f0       ?cccDisconnected@bCommandMainWindow@@MAEXXZ 004030f0 f   bcommandmainwindow.obj
 0001:00002100       ?cccGpiRevertive@bCommandMainWindow@@MAEXHH_N@Z 00403100 f   bcommandmainwindow.obj
 0001:00002110       ?cccInfoRevertive@bCommandMainWindow@@MAEXHHABV?$basic_string@DU?$char_traits@D@std@@V?$allocator@D@2@@std@@@Z 00403110 f   bcommandmainwindow.obj
 0001:00002120       ?cccSerialNumberError@IccClientCallback@@MAEXHH@Z 00403120 f i bcommandmainwindow.obj
 0001:00002120       ?cccPollError@IccClientCallback@@MAEXHH@Z 00403120 f i bcommandmainwindow.obj
 0001:00002130       ?cccRtrRevertive@bCommandMainWindow@@MAEXHHH@Z 00403130 f   bcommandmainwindow.obj
 0001:00002140       ?clearCurrent@bCommandMainWindow@@QAEXXZ 00403140 f   bcommandmainwindow.obj
 0001:00002300       ?copySettings@bCommandMainWindow@@QAEXXZ 00403300 f   bcommandmainwindow.obj
 0001:00002340       ?default_error_condition@_System_error_category@std@@UBE?AVerror_condition@2@H@Z 00403340 f i bcommandmainwindow.obj
 0001:00002380       ?default_error_condition@error_category@std@@UBE?AVerror_condition@2@H@Z 00403380 f i bcommandmainwindow.obj
 0001:000023a0       ?equivalent@error_category@std@@UBE_NABVerror_code@2@H@Z 004033a0 f i bcommandmainwindow.obj
 0001:000023c0       ?equivalent@error_category@std@@UBE_NHABVerror_condition@2@@Z 004033c0 f i bcommandmainwindow.obj
 0001:00002400       ?erase@?$basic_string@DU?$char_traits@D@std@@V?$allocator@D@2@@std@@QAEAAV12@II@Z 00403400 f i bcommandmainwindow.obj
 0001:000024a0       ?loadFile@bCommandMainWindow@@AAEXVQString@@@Z 004034a0 f   bcommandmainwindow.obj
 0001:00002800       ?loadRecentFile@bCommandMainWindow@@QAEXABVQVariant@@@Z 00403800 f   bcommandmainwindow.obj
 0001:00002940       ?loadSettings@bCommandMainWindow@@AAEXVQStringList@@@Z 00403940 f   bcommandmainwindow.obj
 0001:00002a90       ?message@_Generic_error_category@std@@UBE?AV?$basic_string@DU?$char_traits@D@std@@V?$allocator@D@2@@2@H@Z 00403a90 f i bcommandmainwindow.obj
 0001:00002b10       ?message@_Iostream_error_category@std@@UBE?AV?$basic_string@DU?$char_traits@D@std@@V?$allocator@D@2@@2@H@Z 00403b10 f i bcommandmainwindow.obj
 0001:00002b60       ?message@_System_error_category@std@@UBE?AV?$basic_string@DU?$char_traits@D@std@@V?$allocator@D@2@@2@H@Z 00403b60 f i bcommandmainwindow.obj
 0001:00002be0       ?metaObject@bCommandMainWindow@@UBEPAVQMetaObject@@XZ 00403be0 f i bcommandmainwindow.obj
 0001:00002bf0       ?name@_Generic_error_category@std@@UBEPBDXZ 00403bf0 f i bcommandmainwindow.obj
 0001:00002c00       ?name@_Iostream_error_category@std@@UBEPBDXZ 00403c00 f i bcommandmainwindow.obj
 0001:00002c10       ?name@_System_error_category@std@@UBEPBDXZ 00403c10 f i bcommandmainwindow.obj
 0001:00002c20       ?open@bCommandMainWindow@@QAEXXZ 00403c20 f   bcommandmainwindow.obj
 0001:00002d50       ?promptForSave@bCommandMainWindow@@AAE_NXZ 00403d50 f   bcommandmainwindow.obj
 0001:00002eb0       ?save@bCommandMainWindow@@QAEXXZ 00403eb0 f   bcommandmainwindow.obj
 0001:00002ef0       ?saveAs@bCommandMainWindow@@QAEXXZ 00403ef0 f   bcommandmainwindow.obj
 0001:000031a0       ?saveFile@bCommandMainWindow@@AAEXVQString@@@Z 004041a0 f   bcommandmainwindow.obj
 0001:00003480       ?showFileMenu@bCommandMainWindow@@QAEXXZ 00404480 f   bcommandmainwindow.obj
 0001:000035e0       ?slot_scriptDirty@bCommandMainWindow@@QAEX_N@Z 004045e0 f   bcommandmainwindow.obj
 0001:00003790       ?timerEvent@bCommandMainWindow@@UAEXPAVQTimerEvent@@@Z 00404790 f   bcommandmainwindow.obj
 0001:00003810       ?timerValueChanged@bCommandMainWindow@@QAEXH@Z 00404810 f   bcommandmainwindow.obj
 0001:00003880       ?toggleTimer@bCommandMainWindow@@QAEX_N@Z 00404880 f   bcommandmainwindow.obj
 0001:000038e0       ??0commandEdit@@QAE@PAVQWidget@@PBD@Z 004048e0 f   commandEdit.obj
 0001:00003959       ??_EcommandEdit@@WCI@AEPAXI@Z 00404959 f i commandEdit.obj
 0001:00003970       ??_GcommandEdit@@UAEPAXI@Z 00404970 f i commandEdit.obj
 0001:00003970       ??_EcommandEdit@@UAEPAXI@Z 00404970 f i commandEdit.obj
 0001:000039a0       ?keyPressEvent@commandEdit@@MAEXPAVQKeyEvent@@@Z 004049a0 f   commandEdit.obj
 0001:000039e0       ?metaObject@commandEdit@@UBEPAVQMetaObject@@XZ 004049e0 f i commandEdit.obj
 0001:000039f0       ?slot_thisTextChanged@commandEdit@@QAEXABVQString@@@Z 004049f0 f   commandEdit.obj
 0001:00003a10       ??0command@@QAE@PAVccClient@@PAVQWidget@@PBDI@Z 00404a10 f   commandimpl.obj
 0001:00003e6e       ??_Ecommand@@WCI@AEPAXI@Z  00404e6e f i commandimpl.obj
 0001:00003e80       ??_E?$QPtrList@VcommandLine@@@@UAEPAXI@Z 00404e80 f i commandimpl.obj
 0001:00003e80       ??_G?$QPtrList@VcommandLine@@@@UAEPAXI@Z 00404e80 f i commandimpl.obj
 0001:00003ef0       ??_Ecommand@@UAEPAXI@Z     00404ef0 f i commandimpl.obj
 0001:00003ef0       ??_Gcommand@@UAEPAXI@Z     00404ef0 f i commandimpl.obj
 0001:00003f70       ?allGo@command@@QAEXXZ     00404f70 f   commandimpl.obj
 0001:00003fa0       ?clear@?$QPtrList@VcommandLine@@@@UAEXXZ 00404fa0 f i commandimpl.obj
 0001:00003fb0       ?clear@command@@QAEXXZ     00404fb0 f   commandimpl.obj
 0001:00003fe0       ?count@?$QPtrList@VcommandLine@@@@UBEIXZ 00404fe0 f i commandimpl.obj
 0001:00003ff0       ?deleteItem@?$QPtrList@VcommandLine@@@@EAEXPAX@Z 00404ff0 f i commandimpl.obj
 0001:00004020       ?dirty@command@@QAEX_N@Z   00405020 f   commandimpl.obj
 0001:00004040       ?loadSettings@command@@QAEXVQStringList@@@Z 00405040 f   commandimpl.obj
 0001:000040e0       ?metaObject@command@@UBEPAVQMetaObject@@XZ 004050e0 f i commandimpl.obj
 0001:000040f0       ?save@command@@QAE?AVQStringList@@XZ 004050f0 f   commandimpl.obj
 0001:000041a0       ?setCheckBoxes@command@@QAEXXZ 004051a0 f   commandimpl.obj
 0001:00004270       ?slot_hasChanged@command@@QAEXXZ 00405270 f   commandimpl.obj
 0001:00004280       ??0commandLine@@QAE@PAVccClient@@PAVQWidget@@PBDI@Z 00405280 f   commandLine.obj
 0001:00004494       ??_EcommandLine@@WCI@AEPAXI@Z 00405494 f i commandLine.obj
 0001:000044a0       ??_EcommandLine@@UAEPAXI@Z 004054a0 f i commandLine.obj
 0001:000044a0       ??_GcommandLine@@UAEPAXI@Z 004054a0 f i commandLine.obj
 0001:000044d0       ?autoGo@commandLine@@QAEXXZ 004054d0 f   commandLine.obj
 0001:00004510       ?clear@commandLine@@QAEXXZ 00405510 f   commandLine.obj
 0001:00004530       ?getMathsValue@commandLine@@AAEHVQString@@@Z 00405530 f   commandLine.obj
 0001:000045e0       ?getStringValue@commandLine@@AAE?AVQString@@V2@@Z 004055e0 f   commandLine.obj
 0001:000046d0       ?loadSetting@commandLine@@QAE_NVQString@@@Z 004056d0 f   commandLine.obj
 0001:000047e0       ?metaObject@commandLine@@UBEPAVQMetaObject@@XZ 004057e0 f i commandLine.obj
 0001:000047f0       ?nextCommand@commandLine@@IAEXXZ 004057f0 f   commandLine.obj
 0001:00004810       ?performMaths@commandLine@@AAEXVQString@@@Z 00405810 f   commandLine.obj
 0001:00005200       ?prevCommand@commandLine@@IAEXXZ 00406200 f   commandLine.obj
 0001:00005220       ?replaceVariables@commandLine@@AAE?AVQString@@V2@@Z 00406220 f   commandLine.obj
 0001:00005510       ?saveSetting@commandLine@@QAE?AVQString@@XZ 00406510 f   commandLine.obj
 0001:000055c0       ?sendCommand@commandLine@@QAEXXZ 004065c0 f   commandLine.obj
 0001:00005ef0       ?setEdit@commandLine@@IAEXH@Z 00406ef0 f   commandLine.obj
 0001:00005f30       ?setMathsVariable@commandLine@@AAEXVQString@@H@Z 00406f30 f   commandLine.obj
 0001:00006080       ?setString@commandLine@@AAEXVQString@@@Z 00407080 f   commandLine.obj
 0001:00006450       ?setStringVariable@commandLine@@AAEXVQString@@0@Z 00407450 f   commandLine.obj
 0001:000065b0       ?setTickBox@commandLine@@QAEX_N@Z 004075b0 f   commandLine.obj
 0001:000065c0       ?setWhatsThis@commandLine@@AAEXXZ 004075c0 f   commandLine.obj
 0001:00006690       ?timerEvent@commandLine@@MAEXPAVQTimerEvent@@@Z 00407690 f   commandLine.obj
 0001:000066d0       _main                      004076d0 f   main.obj
 0001:00006860       ?className@commandEdit@@UBEPBDXZ 00407860 f   moc_commandEdit.obj
 0001:00006870       ?modified@commandEdit@@IAEXXZ 00407870 f   moc_commandEdit.obj
 0001:00006890       ?nextEdit@commandEdit@@IAEXXZ 00407890 f   moc_commandEdit.obj
 0001:000068b0       ?previousEdit@commandEdit@@IAEXXZ 004078b0 f   moc_commandEdit.obj
 0001:000068d0       ?qt_cast@commandEdit@@UAEPAXPBD@Z 004078d0 f   moc_commandEdit.obj
 0001:00006930       ?qt_emit@commandEdit@@UAE_NHPAUQUObject@@@Z 00407930 f   moc_commandEdit.obj
 0001:000069b0       ?qt_invoke@commandEdit@@UAE_NHPAUQUObject@@@Z 004079b0 f   moc_commandEdit.obj
 0001:000069f0       ?qt_property@commandEdit@@UAE_NHHPAVQVariant@@@Z 004079f0 f   moc_commandEdit.obj
 0001:00006a00       ?staticMetaObject@commandEdit@@SAPAVQMetaObject@@XZ 00407a00 f   moc_commandEdit.obj
 0001:00006a90       ??0revertiveImpl@@QAE@PAVccClient@@PAVQWidget@@PBDI@Z 00407a90 f   revertiveImpl.obj
 0001:00006bbf       ??_ErevertiveImpl@@WCI@AEPAXI@Z 00407bbf f i revertiveImpl.obj
 0001:00006bd0       ??_GrevertiveImpl@@UAEPAXI@Z 00407bd0 f i revertiveImpl.obj
 0001:00006bd0       ??_ErevertiveImpl@@UAEPAXI@Z 00407bd0 f i revertiveImpl.obj
 0001:00006c50       ?addRegistration@revertiveImpl@@QAEXABH00@Z 00407c50 f   revertiveImpl.obj
 0001:00006da0       ?addRegistration@revertiveImpl@@QAEXXZ 00407da0 f   revertiveImpl.obj
 0001:00006df0       ?cccDatabaseChange@revertiveImpl@@QAEXHHH@Z 00407df0 f   revertiveImpl.obj
 0001:00006ed0       ?cccDeviceMessage@revertiveImpl@@QAEXHHABV?$basic_string@DU?$char_traits@D@std@@V?$allocator@D@2@@std@@H@Z 00407ed0 f   revertiveImpl.obj
 0001:00006ff0       ?cccGpiRevertive@revertiveImpl@@QAEXHH_N@Z 00407ff0 f   revertiveImpl.obj
 0001:000070d0       ?cccInfoRevertive@revertiveImpl@@QAEXHHABV?$basic_string@DU?$char_traits@D@std@@V?$allocator@D@2@@std@@@Z 004080d0 f   revertiveImpl.obj
 0001:000071d0       ?cccRtrRevertive@revertiveImpl@@QAEXHHH@Z 004081d0 f   revertiveImpl.obj
 0001:000072b0       ?clear@revertiveImpl@@QAEXXZ 004082b0 f   revertiveImpl.obj
 0001:000072e0       ?loadSettings@revertiveImpl@@QAEXVQStringList@@@Z 004082e0 f   revertiveImpl.obj
 0001:00007550       ?logRevertiveToDisplay@revertiveImpl@@QAEXABVQString@@@Z 00408550 f   revertiveImpl.obj
 0001:00007650       ?metaObject@revertiveImpl@@UBEPAVQMetaObject@@XZ 00408650 f i revertiveImpl.obj
 0001:00007660       ?pauseDisplay@revertiveImpl@@QAEX_N@Z 00408660 f   revertiveImpl.obj
 0001:00007670       ?save@revertiveImpl@@QAE?AVQStringList@@XZ 00408670 f   revertiveImpl.obj
 0001:00007750       ?setLogLength@revertiveImpl@@QAEXH@Z 00408750 f   revertiveImpl.obj
 0001:00007780       ?slot_addRegistration@revertiveImpl@@QAEXABH00@Z 00408780 f   revertiveImpl.obj
 0001:000077a0       ?className@bCommandMainWindow@@UBEPBDXZ 004087a0 f   moc_bcommandmainwindow.obj
 0001:000077b0       ?qt_cast@bCommandMainWindow@@UAEPAXPBD@Z 004087b0 f   moc_bcommandmainwindow.obj
 0001:00007860       ?qt_emit@bCommandMainWindow@@UAE_NHPAUQUObject@@@Z 00408860 f   moc_bcommandmainwindow.obj
 0001:00007870       ?qt_invoke@bCommandMainWindow@@UAE_NHPAUQUObject@@@Z 00408870 f   moc_bcommandmainwindow.obj
 0001:000079c0       ?qt_property@bCommandMainWindow@@UAE_NHHPAVQVariant@@@Z 004089c0 f   moc_bcommandmainwindow.obj
 0001:000079d0       ?staticMetaObject@bCommandMainWindow@@SAPAVQMetaObject@@XZ 004089d0 f   moc_bcommandmainwindow.obj
 0001:00007b10       ?className@command@@UBEPBDXZ 00408b10 f   moc_commandimpl.obj
 0001:00007b20       ?qt_cast@command@@UAEPAXPBD@Z 00408b20 f   moc_commandimpl.obj
 0001:00007b80       ?qt_emit@command@@UAE_NHPAUQUObject@@@Z 00408b80 f   moc_commandimpl.obj
 0001:00007c90       ?qt_invoke@command@@UAE_NHPAUQUObject@@@Z 00408c90 f   moc_commandimpl.obj
 0001:00007e30       ?qt_property@commandLine@@UAE_NHHPAVQVariant@@@Z 00408e30 f   moc_commandLine.obj
 0001:00007e30       ?qt_property@revertiveDisplay@@UAE_NHHPAVQVariant@@@Z 00408e30 f   moc_revertiveDisplay.obj
 0001:00007e30       ?qt_property@command@@UAE_NHHPAVQVariant@@@Z 00408e30 f   moc_commandimpl.obj
 0001:00007e40       ?sig_commandChanged@command@@IAEX_N@Z 00408e40 f   moc_commandimpl.obj
 0001:00007e60       ?sig_commandRegisterFor@command@@IAEXABH00@Z 00408e60 f   moc_commandimpl.obj
 0001:00007f60       ?staticMetaObject@command@@SAPAVQMetaObject@@XZ 00408f60 f   moc_commandimpl.obj
 0001:00008160       ?className@commandLine@@UBEPBDXZ 00409160 f   moc_commandLine.obj
 0001:00008170       ?log@commandLine@@IAEXABVQString@@@Z 00409170 f   moc_commandLine.obj
 0001:000081e0       ?nextEdit@commandLine@@IAEXH@Z 004091e0 f   moc_commandLine.obj
 0001:00008200       ?previousEdit@commandLine@@IAEXH@Z 00409200 f   moc_commandLine.obj
 0001:00008220       ?qt_cast@commandLine@@UAEPAXPBD@Z 00409220 f   moc_commandLine.obj
 0001:00008280       ?qt_emit@commandLine@@UAE_NHPAUQUObject@@@Z 00409280 f   moc_commandLine.obj
 0001:00008360       ?qt_invoke@commandLine@@UAE_NHPAUQUObject@@@Z 00409360 f   moc_commandLine.obj
 0001:00008540       ?sig_commandLineRegisterFor@commandLine@@IAEXABH00@Z 00409540 f   moc_commandLine.obj
 0001:00008640       ?staticMetaObject@commandLine@@SAPAVQMetaObject@@XZ 00409640 f   moc_commandLine.obj
 0001:00008840       ?className@revertiveDisplay@@UBEPBDXZ 00409840 f   moc_revertiveDisplay.obj
 0001:00008850       ?qt_cast@revertiveDisplay@@UAEPAXPBD@Z 00409850 f   moc_revertiveDisplay.obj
 0001:000088b0       ?qt_emit@revertiveDisplay@@UAE_NHPAUQUObject@@@Z 004098b0 f   moc_revertiveDisplay.obj
 0001:000088c0       ?qt_invoke@revertiveDisplay@@UAE_NHPAUQUObject@@@Z 004098c0 f   moc_revertiveDisplay.obj
 0001:00008950       ?staticMetaObject@revertiveDisplay@@SAPAVQMetaObject@@XZ 00409950 f   moc_revertiveDisplay.obj
 0001:000089a0       ?tr@revertiveDisplay@@SA?AVQString@@PBD0@Z 004099a0 f   moc_revertiveDisplay.obj
 0001:000089f0       ?className@revertiveImpl@@UBEPBDXZ 004099f0 f   moc_revertiveImpl.obj
 0001:00008a00       ?qt_cast@revertiveImpl@@UAEPAXPBD@Z 00409a00 f   moc_revertiveImpl.obj
 0001:00008a60       ?qt_emit@revertiveImpl@@UAE_NHPAUQUObject@@@Z 00409a60 f   moc_revertiveImpl.obj
 0001:00008a70       ?qt_invoke@revertiveImpl@@UAE_NHPAUQUObject@@@Z 00409a70 f   moc_revertiveImpl.obj
 0001:00008ca0       ?qt_property@revertiveImpl@@UAE_NHHPAVQVariant@@@Z 00409ca0 f   moc_revertiveImpl.obj
 0001:00008cb0       ?staticMetaObject@revertiveImpl@@SAPAVQMetaObject@@XZ 00409cb0 f   moc_revertiveImpl.obj
 0001:00008f10       ??0revertiveDisplay@@QAE@PAVQWidget@@PBDI@Z 00409f10 f   revertiveDisplay.obj
 0001:00009930       ??1revertiveDisplay@@UAE@XZ 0040a930 f   revertiveDisplay.obj
 0001:00009943       ??_EQGridLayout@@WCI@AEPAXI@Z 0040a943 f i revertiveDisplay.obj
 0001:0000994b       ??_EQGroupBox@@WCI@AEPAXI@Z 0040a94b f i revertiveDisplay.obj
 0001:00009953       ??_EQLineEdit@@WCI@AEPAXI@Z 0040a953 f i revertiveDisplay.obj
 0001:0000995b       ??_EQListBox@@WCI@AEPAXI@Z 0040a95b f i revertiveDisplay.obj
 0001:00009963       ??_EQTextEdit@@WCI@AEPAXI@Z 0040a963 f i revertiveDisplay.obj
 0001:0000996b       ??_ErevertiveDisplay@@WCI@AEPAXI@Z 0040a96b f i revertiveDisplay.obj
 0001:00009980       ??_GQGridLayout@@UAEPAXI@Z 0040a980 f i revertiveDisplay.obj
 0001:00009980       ??_EQGridLayout@@UAEPAXI@Z 0040a980 f i revertiveDisplay.obj
 0001:000099b0       ??_GQGroupBox@@UAEPAXI@Z   0040a9b0 f i revertiveDisplay.obj
 0001:000099b0       ??_EQGroupBox@@UAEPAXI@Z   0040a9b0 f i revertiveDisplay.obj
 0001:000099e0       ??_GQLineEdit@@UAEPAXI@Z   0040a9e0 f i revertiveDisplay.obj
 0001:000099e0       ??_EQLineEdit@@UAEPAXI@Z   0040a9e0 f i revertiveDisplay.obj
 0001:00009a10       ??_EQListBox@@UAEPAXI@Z    0040aa10 f i revertiveDisplay.obj
 0001:00009a10       ??_GQListBox@@UAEPAXI@Z    0040aa10 f i revertiveDisplay.obj
 0001:00009a40       ??_GQTextEdit@@UAEPAXI@Z   0040aa40 f i revertiveDisplay.obj
 0001:00009a40       ??_EQTextEdit@@UAEPAXI@Z   0040aa40 f i revertiveDisplay.obj
 0001:00009a70       ??_ErevertiveDisplay@@UAEPAXI@Z 0040aa70 f i revertiveDisplay.obj
 0001:00009a70       ??_GrevertiveDisplay@@UAEPAXI@Z 0040aa70 f i revertiveDisplay.obj
 0001:00009aa0       ?languageChange@revertiveDisplay@@MAEXXZ 0040aaa0 f   revertiveDisplay.obj
 0001:00009d50       ?metaObject@revertiveDisplay@@UBEPAVQMetaObject@@XZ 0040ad50 f i revertiveDisplay.obj
 0001:00009d60       ??0?$basic_string@DU?$char_traits@D@std@@V?$allocator@D@2@@std@@QAE@$$QAV01@@Z 0040ad60 f i ccLibrary_vs2013:ccClient.obj
 0001:00009dd0       ??0ccClient@@QAE@PAVIccClientCallback@@ABV?$basic_string@DU?$char_traits@D@std@@V?$allocator@D@2@@std@@@Z 0040add0 f   ccLibrary_vs2013:ccClient.obj
 0001:00009fc0       ??1?$queue@V?$basic_string@DU?$char_traits@D@std@@V?$allocator@D@2@@std@@V?$deque@V?$basic_string@DU?$char_traits@D@std@@V?$allocator@D@2@@std@@V?$allocator@V?$basic_string@DU?$char_traits@D@std@@V?$allocator@D@2@@std@@@2@@2@@std@@QAE@XZ 0040afc0 f i ccLibrary_vs2013:ccClient.obj
 0001:00009ff0       ??1ccClient@@UAE@XZ        0040aff0 f   ccLibrary_vs2013:ccClient.obj
 0001:0000a0a0       ??4?$basic_string@DU?$char_traits@D@std@@V?$allocator@D@2@@std@@QAEAAV01@PBD@Z 0040b0a0 f i ccLibrary_vs2013:ccClient.obj
 0001:0000a0e0       ??_GccClient@@UAEPAXI@Z    0040b0e0 f i ccLibrary_vs2013:ccClient.obj
 0001:0000a0e0       ??_EccClient@@UAEPAXI@Z    0040b0e0 f i ccLibrary_vs2013:ccClient.obj
 0001:0000a110       ?BNCSSendMessage@ccClient@@AAEJIIJHHH@Z 0040b110 f   ccLibrary_vs2013:ccClient.obj
 0001:0000a170       ?WndProc@ccClient@@CGJPAUHWND__@@IIJ@Z 0040b170 f   ccLibrary_vs2013:ccClient.obj
 0001:0000ab20       ?_Growmap@?$deque@V?$basic_string@DU?$char_traits@D@std@@V?$allocator@D@2@@std@@V?$allocator@V?$basic_string@DU?$char_traits@D@std@@V?$allocator@D@2@@std@@@2@@std@@IAEXI@Z 0040bb20 f i ccLibrary_vs2013:ccClient.obj
 0001:0000aca0       ?_Tidy@?$deque@V?$basic_string@DU?$char_traits@D@std@@V?$allocator@D@2@@std@@V?$allocator@V?$basic_string@DU?$char_traits@D@std@@V?$allocator@D@2@@std@@@2@@std@@IAEXXZ 0040bca0 f i ccLibrary_vs2013:ccClient.obj
 0001:0000ad40       ?begin@?$deque@V?$basic_string@DU?$char_traits@D@std@@V?$allocator@D@2@@std@@V?$allocator@V?$basic_string@DU?$char_traits@D@std@@V?$allocator@D@2@@std@@@2@@std@@QAE?AV?$_Deque_iterator@V?$_Deque_val@U?$_Deque_simple_types@V?$basic_string@DU?$char_traits@D@std@@V?$allocator@D@2@@std@@@std@@@std@@@2@XZ 0040bd40 f i ccLibrary_vs2013:ccClient.obj
 0001:0000ad60       ?connect@ccClient@@QAE_NW4ipcType@cc@@J@Z 0040bd60 f   ccLibrary_vs2013:ccClient.obj
 0001:0000aff0       ?databaseModify@ccClient@@QAE_NHHHABV?$basic_string@DU?$char_traits@D@std@@V?$allocator@D@2@@std@@_N1H@Z 0040bff0 f   ccLibrary_vs2013:ccClient.obj
 0001:0000b140       ?databaseName@ccClient@@QAE_NHHHAAV?$basic_string@DU?$char_traits@D@std@@V?$allocator@D@2@@std@@@Z 0040c140 f   ccLibrary_vs2013:ccClient.obj
 0001:0000b2a0       ?deviceLock@ccClient@@AAEXDHHH_N0H@Z 0040c2a0 f   ccLibrary_vs2013:ccClient.obj
 0001:0000b410       ?deviceMessage@ccClient@@QAEXHHABV?$basic_string@DU?$char_traits@D@std@@V?$allocator@D@2@@std@@H@Z 0040c410 f   ccLibrary_vs2013:ccClient.obj
 0001:0000b4d0       ?devicePoll@ccClient@@AAEXDHHH_N@Z 0040c4d0 f   ccLibrary_vs2013:ccClient.obj
 0001:0000b610       ?deviceQuery@ccClient@@AAEXDHHH_N@Z 0040c610 f   ccLibrary_vs2013:ccClient.obj
 0001:0000b750       ?disconnect@ccClient@@QAE_NXZ 0040c750 f   ccLibrary_vs2013:ccClient.obj
 0001:0000b7b0       ?gpiLock@ccClient@@QAEXHHH_N0H@Z 0040c7b0 f   ccLibrary_vs2013:ccClient.obj
 0001:0000b7d0       ?gpiPoll@ccClient@@QAEXHHH_N@Z 0040c7d0 f   ccLibrary_vs2013:ccClient.obj
 0001:0000b7f0       ?gpiQuery@ccClient@@QAEXHHH_N@Z 0040c7f0 f   ccLibrary_vs2013:ccClient.obj
 0001:0000b810       ?gpiSwitch@ccClient@@QAEXHH_N0H@Z 0040c810 f   ccLibrary_vs2013:ccClient.obj
 0001:0000b8f0       ?infoLock@ccClient@@QAEXHHH_N0H@Z 0040c8f0 f   ccLibrary_vs2013:ccClient.obj
 0001:0000b910       ?infoPoll@ccClient@@QAEXHHH_N@Z 0040c910 f   ccLibrary_vs2013:ccClient.obj
 0001:0000b930       ?infoQuery@ccClient@@QAEXHHH_N@Z 0040c930 f   ccLibrary_vs2013:ccClient.obj
 0001:0000b950       ?infoWrite@ccClient@@QAEXHHABV?$basic_string@DU?$char_traits@D@std@@V?$allocator@D@2@@std@@_NH@Z 0040c950 f   ccLibrary_vs2013:ccClient.obj
 0001:0000ba40       ?maxDevices@ccClient@@QAEIXZ 0040ca40 f   ccLibrary_vs2013:ccClient.obj
 0001:0000ba60       ?maxIndexes@ccClient@@QAEIXZ 0040ca60 f   ccLibrary_vs2013:ccClient.obj
 0001:0000ba80       ?push_back@?$deque@V?$basic_string@DU?$char_traits@D@std@@V?$allocator@D@2@@std@@V?$allocator@V?$basic_string@DU?$char_traits@D@std@@V?$allocator@D@2@@std@@@2@@std@@QAEX$$QAV?$basic_string@DU?$char_traits@D@std@@V?$allocator@D@2@@2@@Z 0040ca80 f i ccLibrary_vs2013:ccClient.obj
 0001:0000baf0       ?push_back@?$deque@V?$basic_string@DU?$char_traits@D@std@@V?$allocator@D@2@@std@@V?$allocator@V?$basic_string@DU?$char_traits@D@std@@V?$allocator@D@2@@std@@@2@@std@@QAEXABV?$basic_string@DU?$char_traits@D@std@@V?$allocator@D@2@@2@@Z 0040caf0 f i ccLibrary_vs2013:ccClient.obj
 0001:0000bbb0       ?revertiveDeregisterAll@ccClient@@QAEXXZ 0040cbb0 f   ccLibrary_vs2013:ccClient.obj
 0001:0000bbd0       ?revertiveRegister@ccClient@@QAEXHHH_NH@Z 0040cbd0 f   ccLibrary_vs2013:ccClient.obj
 0001:0000bc70       ?routerCrosspoint@ccClient@@QAEXHHHABV?$basic_string@DU?$char_traits@D@std@@V?$allocator@D@2@@std@@_NH@Z 0040cc70 f   ccLibrary_vs2013:ccClient.obj
 0001:0000bd60       ?routerLock@ccClient@@QAEXHHH_N0H@Z 0040cd60 f   ccLibrary_vs2013:ccClient.obj
 0001:0000bd80       ?routerPoll@ccClient@@QAEXHHH_N@Z 0040cd80 f   ccLibrary_vs2013:ccClient.obj
 0001:0000bda0       ?routerQuery@ccClient@@QAEXHHH_N@Z 0040cda0 f   ccLibrary_vs2013:ccClient.obj
 0001:0000bdc0       ??$?HDU?$char_traits@D@std@@V?$allocator@D@1@@std@@YA?AV?$basic_string@DU?$char_traits@D@std@@V?$allocator@D@2@@0@$$QAV10@ABV10@@Z 0040cdc0 f i ccLibrary_vs2013:ccCheck.obj
 0001:0000be40       ??$?HDU?$char_traits@D@std@@V?$allocator@D@1@@std@@YA?AV?$basic_string@DU?$char_traits@D@std@@V?$allocator@D@2@@0@$$QAV10@PBD@Z 0040ce40 f i ccLibrary_vs2013:ccCheck.obj
 0001:0000bee0       ??$?HDU?$char_traits@D@std@@V?$allocator@D@1@@std@@YA?AV?$basic_string@DU?$char_traits@D@std@@V?$allocator@D@2@@0@ABV10@PBD@Z 0040cee0 f i ccLibrary_vs2013:ccCheck.obj
 0001:0000bfd0       ??$?HDU?$char_traits@D@std@@V?$allocator@D@1@@std@@YA?AV?$basic_string@DU?$char_traits@D@std@@V?$allocator@D@2@@0@PBDABV10@@Z 0040cfd0 f i ccLibrary_vs2013:ccCheck.obj
 0001:0000c0c0       ??0ccCheck@@QAE@ABV?$basic_string@DU?$char_traits@D@std@@V?$allocator@D@2@@std@@@Z 0040d0c0 f   ccLibrary_vs2013:ccCheck.obj
 0001:0000c120       ??1ccCheck@@UAE@XZ         0040d120 f   ccLibrary_vs2013:ccCheck.obj
 0001:0000c150       ??_GccCheck@@UAEPAXI@Z     0040d150 f i ccLibrary_vs2013:ccCheck.obj
 0001:0000c150       ??_EccCheck@@UAEPAXI@Z     0040d150 f i ccLibrary_vs2013:ccCheck.obj
 0001:0000c1a0       ?append@?$basic_string@DU?$char_traits@D@std@@V?$allocator@D@2@@std@@QAEAAV12@ABV12@II@Z 0040d1a0 f i ccLibrary_vs2013:ccCheck.obj
 0001:0000c260       ?append@?$basic_string@DU?$char_traits@D@std@@V?$allocator@D@2@@std@@QAEAAV12@PBDI@Z 0040d260 f i ccLibrary_vs2013:ccCheck.obj
 0001:0000c350       ?checkDatabase@ccCheck@@QAE_NII@Z 0040d350 f   ccLibrary_vs2013:ccCheck.obj
 0001:0000c3f0       ?checkDevice@ccCheck@@QAE_NI@Z 0040d3f0 f   ccLibrary_vs2013:ccCheck.obj
 0001:0000c4d0       ?checkIndex@ccCheck@@QAE_NI@Z 0040d4d0 f   ccLibrary_vs2013:ccCheck.obj
 0001:0000c5b0       ?checkIndexRange@ccCheck@@QAE_NII@Z 0040d5b0 f   ccLibrary_vs2013:ccCheck.obj
 0001:0000c660       ?checkSource@ccCheck@@QAE_NH@Z 0040d660 f   ccLibrary_vs2013:ccCheck.obj
 0001:0000c740       ?checkString@ccCheck@@QAE_NABV?$basic_string@DU?$char_traits@D@std@@V?$allocator@D@2@@std@@@Z 0040d740 f   ccLibrary_vs2013:ccCheck.obj
 0001:0000c7d0       ?checkWorkstation@ccCheck@@QAE_NI@Z 0040d7d0 f   ccLibrary_vs2013:ccCheck.obj
 0001:0000c8f0       ?log@ccCheck@@QAEXABV?$basic_string@DU?$char_traits@D@std@@V?$allocator@D@2@@std@@@Z 0040d8f0 f   ccLibrary_vs2013:ccCheck.obj
 0001:0000c9e0       ?setMaxDatabase@ccCheck@@QAEXI@Z 0040d9e0 f   ccLibrary_vs2013:ccCheck.obj
 0001:0000c9f0       ?setMaxDevice@ccCheck@@QAEXI@Z 0040d9f0 f   ccLibrary_vs2013:ccCheck.obj
 0001:0000ca00       ?setMaxIndex@ccCheck@@QAEXI@Z 0040da00 f   ccLibrary_vs2013:ccCheck.obj
 0001:0000ca10       ?setMaxSource@ccCheck@@QAEXH@Z 0040da10 f   ccLibrary_vs2013:ccCheck.obj
 0001:0000ca20       ?setMaxString@ccCheck@@QAEXI@Z 0040da20 f   ccLibrary_vs2013:ccCheck.obj
 0001:0000ca40       ?getDevPath@ccConfig@@SA?AV?$basic_string@DU?$char_traits@D@std@@V?$allocator@D@2@@std@@XZ 0040da40 f   ccLibrary_vs2013:ccConfig.obj
 0001:0000cc50       ?getInt@ccConfig@@SAHABV?$basic_string@DU?$char_traits@D@std@@V?$allocator@D@2@@std@@00H_N@Z 0040dc50 f   ccLibrary_vs2013:ccConfig.obj
 0001:0000cda0       ?isV3Based@ccConfig@@SA_NXZ 0040dda0 f   ccLibrary_vs2013:ccConfig.obj
 0001:0000ce50       ?workstation@ccConfig@@SAHXZ 0040de50 f   ccLibrary_vs2013:ccConfig.obj
 0001:0000d1b0       ??0cBncsVersion@@QAE@PBD@Z 0040e1b0 f   BncsVersionInfo:cBncsVersion.obj
 0001:0000d7d0       ??1cBncsVersion@@UAE@XZ    0040e7d0 f   BncsVersionInfo:cBncsVersion.obj
 0001:0000d8b0       ??_GcBncsVersion@@UAEPAXI@Z 0040e8b0 f i BncsVersionInfo:cBncsVersion.obj
 0001:0000d8b0       ??_EcBncsVersion@@UAEPAXI@Z 0040e8b0 f i BncsVersionInfo:cBncsVersion.obj
 0001:0000d8e0       ??0decodeBNCSString@@QAE@PBDD@Z 0040e8e0 f   decodecaptionstring:decodeBNCSString.obj
 0001:0000d910       ??1decodeBNCSString@@UAE@XZ 0040e910 f   decodecaptionstring:decodeBNCSString.obj
 0001:0000d930       ??_EdecodeBNCSString@@UAEPAXI@Z 0040e930 f i decodecaptionstring:decodeBNCSString.obj
 0001:0000d930       ??_GdecodeBNCSString@@UAEPAXI@Z 0040e930 f i decodecaptionstring:decodeBNCSString.obj
 0001:0000d970       ?split@decodeBNCSString@@AAEXPBD@Z 0040e970 f i decodecaptionstring:decodeBNCSString.obj
 0001:0000db92       ?setCaption@QWidget@@UAEXABVQString@@@Z 0040eb92 f   qt-mt323:qt-mt323.dll
 0001:0000db98       ?setIcon@QWidget@@UAEXABVQPixmap@@@Z 0040eb98 f   qt-mt323:qt-mt323.dll
 0001:0000db9e       ?setCentralWidget@QMainWindow@@UAEXPAVQWidget@@@Z 0040eb9e f   qt-mt323:qt-mt323.dll
 0001:0000dba4       ?activateItemAt@QPopupMenu@@UAEXH@Z 0040eba4 f   qt-mt323:qt-mt323.dll
 0001:0000dbaa       ?addDockWindow@QMainWindow@@UAEXPAVQDockWindow@@ABVQString@@W4Dock@Qt@@_N@Z 0040ebaa f   qt-mt323:qt-mt323.dll
 0001:0000dbb0       ?addDockWindow@QMainWindow@@UAEXPAVQDockWindow@@W4Dock@Qt@@_N@Z 0040ebb0 f   qt-mt323:qt-mt323.dll
 0001:0000dbb6       ?addItem@QBoxLayout@@UAEXPAVQLayoutItem@@@Z 0040ebb6 f   qt-mt323:qt-mt323.dll
 0001:0000dbbc       ?addTo@QAction@@UAE_NPAVQWidget@@@Z 0040ebbc f   qt-mt323:qt-mt323.dll
 0001:0000dbc2       ?addedTo@QAction@@MAEXHPAVQPopupMenu@@@Z 0040ebc2 f   qt-mt323:qt-mt323.dll
 0001:0000dbc8       ?addedTo@QAction@@MAEXPAVQWidget@@0@Z 0040ebc8 f   qt-mt323:qt-mt323.dll
 0001:0000dbce       ?adjustSize@QWidget@@UAEXXZ 0040ebce f   qt-mt323:qt-mt323.dll
 0001:0000dbd4       ?checkConnectArgs@QObject@@MAE_NPBDPBV1@0@Z 0040ebd4 f   qt-mt323:qt-mt323.dll
 0001:0000dbda       ?childEvent@QLayout@@MAEXPAVQChildEvent@@@Z 0040ebda f   qt-mt323:qt-mt323.dll
 0001:0000dbe0       ?childEvent@QMainWindow@@MAEXPAVQChildEvent@@@Z 0040ebe0 f   qt-mt323:qt-mt323.dll
 0001:0000dbe6       ?childEvent@QObject@@MAEXPAVQChildEvent@@@Z 0040ebe6 f   qt-mt323:qt-mt323.dll
 0001:0000dbec       ?className@QAction@@UBEPBDXZ 0040ebec f   qt-mt323:qt-mt323.dll
 0001:0000dbf2       ?className@QCheckBox@@UBEPBDXZ 0040ebf2 f   qt-mt323:qt-mt323.dll
 0001:0000dbf8       ?className@QFrame@@UBEPBDXZ 0040ebf8 f   qt-mt323:qt-mt323.dll
 0001:0000dbfe       ?className@QHBoxLayout@@UBEPBDXZ 0040ebfe f   qt-mt323:qt-mt323.dll
 0001:0000dc04       ?className@QLabel@@UBEPBDXZ 0040ec04 f   qt-mt323:qt-mt323.dll
 0001:0000dc0a       ?className@QPopupMenu@@UBEPBDXZ 0040ec0a f   qt-mt323:qt-mt323.dll
 0001:0000dc10       ?className@QPushButton@@UBEPBDXZ 0040ec10 f   qt-mt323:qt-mt323.dll
 0001:0000dc16       ?className@QSpinBox@@UBEPBDXZ 0040ec16 f   qt-mt323:qt-mt323.dll
 0001:0000dc1c       ?className@QToolBar@@UBEPBDXZ 0040ec1c f   qt-mt323:qt-mt323.dll
 0001:0000dc22       ?className@QVBoxLayout@@UBEPBDXZ 0040ec22 f   qt-mt323:qt-mt323.dll
 0001:0000dc28       ?cleanText@QSpinBox@@UBE?AVQString@@XZ 0040ec28 f   qt-mt323:qt-mt323.dll
 0001:0000dc2e       ?clear@QToolBar@@UAEXXZ    0040ec2e f   qt-mt323:qt-mt323.dll
 0001:0000dc34       ?close@QWidget@@UAE_N_N@Z  0040ec34 f   qt-mt323:qt-mt323.dll
 0001:0000dc3a       ?closeEvent@QPopupMenu@@MAEXPAVQCloseEvent@@@Z 0040ec3a f   qt-mt323:qt-mt323.dll
 0001:0000dc40       ?closeEvent@QWidget@@MAEXPAVQCloseEvent@@@Z 0040ec40 f   qt-mt323:qt-mt323.dll
 0001:0000dc46       ?cmd@QPaintDevice@@MAE_NHPAVQPainter@@PATQPDevCmdParam@@@Z 0040ec46 f   qt-mt323:qt-mt323.dll
 0001:0000dc4c       ?connectNotify@QObject@@MAEXPBD@Z 0040ec4c f   qt-mt323:qt-mt323.dll
 0001:0000dc52       ?contextMenuEvent@QDockWindow@@MAEXPAVQContextMenuEvent@@@Z 0040ec52 f   qt-mt323:qt-mt323.dll
 0001:0000dc58       ?contextMenuEvent@QWidget@@MAEXPAVQContextMenuEvent@@@Z 0040ec58 f   qt-mt323:qt-mt323.dll
 0001:0000dc5e       ?create@QWidget@@MAEXPAUHWND__@@_N1@Z 0040ec5e f   qt-mt323:qt-mt323.dll
 0001:0000dc64       ?customEvent@QObject@@MAEXPAVQCustomEvent@@@Z 0040ec64 f   qt-mt323:qt-mt323.dll
 0001:0000dc6a       ?customWhatsThis@QPopupMenu@@UBE_NXZ 0040ec6a f   qt-mt323:qt-mt323.dll
 0001:0000dc70       ?customWhatsThis@QWidget@@UBE_NXZ 0040ec70 f   qt-mt323:qt-mt323.dll
 0001:0000dc76       ?customize@QMainWindow@@UAEXXZ 0040ec76 f   qt-mt323:qt-mt323.dll
 0001:0000dc7c       ?destroy@QWidget@@MAEX_N0@Z 0040ec7c f   qt-mt323:qt-mt323.dll
 0001:0000dc82       ?disconnectNotify@QObject@@MAEXPBD@Z 0040ec82 f   qt-mt323:qt-mt323.dll
 0001:0000dc88       ?dock@QDockWindow@@UAEXXZ  0040ec88 f   qt-mt323:qt-mt323.dll
 0001:0000dc8e       ?dockingArea@QMainWindow@@UAEPAVQDockArea@@ABVQPoint@@@Z 0040ec8e f   qt-mt323:qt-mt323.dll
 0001:0000dc94       ?dragEnterEvent@QWidget@@MAEXPAVQDragEnterEvent@@@Z 0040ec94 f   qt-mt323:qt-mt323.dll
 0001:0000dc9a       ?dragLeaveEvent@QWidget@@MAEXPAVQDragLeaveEvent@@@Z 0040ec9a f   qt-mt323:qt-mt323.dll
 0001:0000dca0       ?dragMoveEvent@QWidget@@MAEXPAVQDragMoveEvent@@@Z 0040eca0 f   qt-mt323:qt-mt323.dll
 0001:0000dca6       ?drawButton@QCheckBox@@MAEXPAVQPainter@@@Z 0040eca6 f   qt-mt323:qt-mt323.dll
 0001:0000dcac       ?drawButton@QPushButton@@MAEXPAVQPainter@@@Z 0040ecac f   qt-mt323:qt-mt323.dll
 0001:0000dcb2       ?drawButtonLabel@QCheckBox@@MAEXPAVQPainter@@@Z 0040ecb2 f   qt-mt323:qt-mt323.dll
 0001:0000dcb8       ?drawButtonLabel@QPushButton@@MAEXPAVQPainter@@@Z 0040ecb8 f   qt-mt323:qt-mt323.dll
 0001:0000dcbe       ?drawContents@QDockWindow@@MAEXPAVQPainter@@@Z 0040ecbe f   qt-mt323:qt-mt323.dll
 0001:0000dcc4       ?drawContents@QFrame@@MAEXPAVQPainter@@@Z 0040ecc4 f   qt-mt323:qt-mt323.dll
 0001:0000dcca       ?drawContents@QLabel@@MAEXPAVQPainter@@@Z 0040ecca f   qt-mt323:qt-mt323.dll
 0001:0000dcd0       ?drawContents@QPopupMenu@@MAEXPAVQPainter@@@Z 0040ecd0 f   qt-mt323:qt-mt323.dll
 0001:0000dcd6       ?drawFrame@QDockWindow@@MAEXPAVQPainter@@@Z 0040ecd6 f   qt-mt323:qt-mt323.dll
 0001:0000dcdc       ?drawFrame@QFrame@@MAEXPAVQPainter@@@Z 0040ecdc f   qt-mt323:qt-mt323.dll
 0001:0000dce2       ?dropEvent@QWidget@@MAEXPAVQDropEvent@@@Z 0040ece2 f   qt-mt323:qt-mt323.dll
 0001:0000dce8       ?enabledChange@QButton@@MAEX_N@Z 0040ece8 f   qt-mt323:qt-mt323.dll
 0001:0000dcee       ?enabledChange@QPopupMenu@@MAEX_N@Z 0040ecee f   qt-mt323:qt-mt323.dll
 0001:0000dcf4       ?enabledChange@QWidget@@MAEX_N@Z 0040ecf4 f   qt-mt323:qt-mt323.dll
 0001:0000dcfa       ?enterEvent@QWidget@@MAEXPAVQEvent@@@Z 0040ecfa f   qt-mt323:qt-mt323.dll
 0001:0000dd00       ?event@QMainWindow@@MAE_NPAVQEvent@@@Z 0040ed00 f   qt-mt323:qt-mt323.dll
 0001:0000dd06       ?event@QObject@@UAE_NPAVQEvent@@@Z 0040ed06 f   qt-mt323:qt-mt323.dll
 0001:0000dd0c       ?event@QToolBar@@UAE_NPAVQEvent@@@Z 0040ed0c f   qt-mt323:qt-mt323.dll
 0001:0000dd12       ?event@QWidget@@MAE_NPAVQEvent@@@Z 0040ed12 f   qt-mt323:qt-mt323.dll
 0001:0000dd18       ?eventFilter@QDockWindow@@UAE_NPAVQObject@@PAVQEvent@@@Z 0040ed18 f   qt-mt323:qt-mt323.dll
 0001:0000dd1e       ?eventFilter@QLayout@@MAE_NPAVQObject@@PAVQEvent@@@Z 0040ed1e f   qt-mt323:qt-mt323.dll
 0001:0000dd24       ?eventFilter@QMainWindow@@UAE_NPAVQObject@@PAVQEvent@@@Z 0040ed24 f   qt-mt323:qt-mt323.dll
 0001:0000dd2a       ?eventFilter@QObject@@UAE_NPAV1@PAVQEvent@@@Z 0040ed2a f   qt-mt323:qt-mt323.dll
 0001:0000dd30       ?eventFilter@QSpinBox@@MAE_NPAVQObject@@PAVQEvent@@@Z 0040ed30 f   qt-mt323:qt-mt323.dll
 0001:0000dd36       ?expanding@QBoxLayout@@UBE?AW4ExpandData@QSizePolicy@@XZ 0040ed36 f   qt-mt323:qt-mt323.dll
 0001:0000dd3c       ?expanding@QSpacerItem@@UBE?AW4ExpandData@QSizePolicy@@XZ 0040ed3c f   qt-mt323:qt-mt323.dll
 0001:0000dd42       ?focusInEvent@QButton@@MAEXPAVQFocusEvent@@@Z 0040ed42 f   qt-mt323:qt-mt323.dll
 0001:0000dd48       ?focusInEvent@QPopupMenu@@MAEXPAVQFocusEvent@@@Z 0040ed48 f   qt-mt323:qt-mt323.dll
 0001:0000dd4e       ?focusInEvent@QPushButton@@MAEXPAVQFocusEvent@@@Z 0040ed4e f   qt-mt323:qt-mt323.dll
 0001:0000dd54       ?focusInEvent@QWidget@@MAEXPAVQFocusEvent@@@Z 0040ed54 f   qt-mt323:qt-mt323.dll
 0001:0000dd5a       ?focusNextPrevChild@QPopupMenu@@MAE_N_N@Z 0040ed5a f   qt-mt323:qt-mt323.dll
 0001:0000dd60       ?focusNextPrevChild@QWidget@@MAE_N_N@Z 0040ed60 f   qt-mt323:qt-mt323.dll
 0001:0000dd66       ?focusOutEvent@QButton@@MAEXPAVQFocusEvent@@@Z 0040ed66 f   qt-mt323:qt-mt323.dll
 0001:0000dd6c       ?focusOutEvent@QPopupMenu@@MAEXPAVQFocusEvent@@@Z 0040ed6c f   qt-mt323:qt-mt323.dll
 0001:0000dd72       ?focusOutEvent@QPushButton@@MAEXPAVQFocusEvent@@@Z 0040ed72 f   qt-mt323:qt-mt323.dll
 0001:0000dd78       ?focusOutEvent@QWidget@@MAEXPAVQFocusEvent@@@Z 0040ed78 f   qt-mt323:qt-mt323.dll
 0001:0000dd7e       ?fontChange@QLabel@@MAEXABVQFont@@@Z 0040ed7e f   qt-mt323:qt-mt323.dll
 0001:0000dd84       ?fontChange@QWidget@@MAEXABVQFont@@@Z 0040ed84 f   qt-mt323:qt-mt323.dll
 0001:0000dd8a       ?fontInf@QPaintDevice@@MBEHPAVQFont@@H@Z 0040ed8a f   qt-mt323:qt-mt323.dll
 0001:0000dd90       ?fontMet@QPaintDevice@@MBEHPAVQFont@@HPBDH@Z 0040ed90 f   qt-mt323:qt-mt323.dll
 0001:0000dd96       ?frameChanged@QFrame@@MAEXXZ 0040ed96 f   qt-mt323:qt-mt323.dll
 0001:0000dd9c       ?frameChanged@QPopupMenu@@EAEXXZ 0040ed9c f   qt-mt323:qt-mt323.dll
 0001:0000dda2       ?geometry@QLayout@@UBE?AVQRect@@XZ 0040eda2 f   qt-mt323:qt-mt323.dll
 0001:0000dda8       ?geometry@QSpacerItem@@UBE?AVQRect@@XZ 0040eda8 f   qt-mt323:qt-mt323.dll
 0001:0000ddae       ?handle@QPaintDevice@@UBEPAUHDC__@@XZ 0040edae f   qt-mt323:qt-mt323.dll
 0001:0000ddb4       ?hasHeightForWidth@QBoxLayout@@UBE_NXZ 0040edb4 f   qt-mt323:qt-mt323.dll
 0001:0000ddba       ?hasHeightForWidth@QLayoutItem@@UBE_NXZ 0040edba f   qt-mt323:qt-mt323.dll
 0001:0000ddc0       ?heightForWidth@QBoxLayout@@UBEHH@Z 0040edc0 f   qt-mt323:qt-mt323.dll
 0001:0000ddc6       ?heightForWidth@QLabel@@UBEHH@Z 0040edc6 f   qt-mt323:qt-mt323.dll
 0001:0000ddcc       ?heightForWidth@QLayoutItem@@UBEHH@Z 0040edcc f   qt-mt323:qt-mt323.dll
 0001:0000ddd2       ?heightForWidth@QWidget@@UBEHH@Z 0040edd2 f   qt-mt323:qt-mt323.dll
 0001:0000ddd8       ?hide@QMainWindow@@UAEXXZ  0040edd8 f   qt-mt323:qt-mt323.dll
 0001:0000ddde       ?hide@QPopupMenu@@UAEXXZ   0040edde f   qt-mt323:qt-mt323.dll
 0001:0000dde4       ?hide@QToolBar@@UAEXXZ     0040ede4 f   qt-mt323:qt-mt323.dll
 0001:0000ddea       ?hide@QWidget@@UAEXXZ      0040edea f   qt-mt323:qt-mt323.dll
 0001:0000ddf0       ?hideEvent@QDockWindow@@MAEXPAVQHideEvent@@@Z 0040edf0 f   qt-mt323:qt-mt323.dll
 0001:0000ddf6       ?hideEvent@QWidget@@MAEXPAVQHideEvent@@@Z 0040edf6 f   qt-mt323:qt-mt323.dll
 0001:0000ddfc       ?hitButton@QButton@@MBE_NABVQPoint@@@Z 0040edfc f   qt-mt323:qt-mt323.dll
 0001:0000de02       ?hitButton@QCheckBox@@MBE_NABVQPoint@@@Z 0040ee02 f   qt-mt323:qt-mt323.dll
 0001:0000de08       ?imComposeEvent@QWidget@@MAEXPAVQIMEvent@@@Z 0040ee08 f   qt-mt323:qt-mt323.dll
 0001:0000de0e       ?imEndEvent@QWidget@@MAEXPAVQIMEvent@@@Z 0040ee0e f   qt-mt323:qt-mt323.dll
 0001:0000de14       ?imStartEvent@QWidget@@MAEXPAVQIMEvent@@@Z 0040ee14 f   qt-mt323:qt-mt323.dll
 0001:0000de1a       ?insertChild@QObject@@UAEXPAV1@@Z 0040ee1a f   qt-mt323:qt-mt323.dll
 0001:0000de20       ?interpretText@QSpinBox@@MAEXXZ 0040ee20 f   qt-mt323:qt-mt323.dll
 0001:0000de26       ?invalidate@QBoxLayout@@UAEXXZ 0040ee26 f   qt-mt323:qt-mt323.dll
 0001:0000de2c       ?invalidate@QLayoutItem@@UAEXXZ 0040ee2c f   qt-mt323:qt-mt323.dll
 0001:0000de32       ?isCustomizable@QMainWindow@@UBE_NXZ 0040ee32 f   qt-mt323:qt-mt323.dll
 0001:0000de38       ?isEmpty@QLayout@@UBE_NXZ  0040ee38 f   qt-mt323:qt-mt323.dll
 0001:0000de3e       ?isEmpty@QSpacerItem@@UBE_NXZ 0040ee3e f   qt-mt323:qt-mt323.dll
 0001:0000de44       ?iterator@QBoxLayout@@UAE?AVQLayoutIterator@@XZ 0040ee44 f   qt-mt323:qt-mt323.dll
 0001:0000de4a       ?iterator@QLayoutItem@@UAE?AVQLayoutIterator@@XZ 0040ee4a f   qt-mt323:qt-mt323.dll
 0001:0000de50       ?keyPressEvent@QButton@@MAEXPAVQKeyEvent@@@Z 0040ee50 f   qt-mt323:qt-mt323.dll
 0001:0000de56       ?keyPressEvent@QPopupMenu@@MAEXPAVQKeyEvent@@@Z 0040ee56 f   qt-mt323:qt-mt323.dll
 0001:0000de5c       ?keyPressEvent@QWidget@@MAEXPAVQKeyEvent@@@Z 0040ee5c f   qt-mt323:qt-mt323.dll
 0001:0000de62       ?keyReleaseEvent@QButton@@MAEXPAVQKeyEvent@@@Z 0040ee62 f   qt-mt323:qt-mt323.dll
 0001:0000de68       ?keyReleaseEvent@QWidget@@MAEXPAVQKeyEvent@@@Z 0040ee68 f   qt-mt323:qt-mt323.dll
 0001:0000de6e       ?layout@QLayout@@UAEPAV1@XZ 0040ee6e f   qt-mt323:qt-mt323.dll
 0001:0000de74       ?layout@QLayoutItem@@UAEPAVQLayout@@XZ 0040ee74 f   qt-mt323:qt-mt323.dll
 0001:0000de7a       ?leaveEvent@QPopupMenu@@MAEXPAVQEvent@@@Z 0040ee7a f   qt-mt323:qt-mt323.dll
 0001:0000de80       ?leaveEvent@QSpinBox@@MAEXPAVQEvent@@@Z 0040ee80 f   qt-mt323:qt-mt323.dll
 0001:0000de86       ?leaveEvent@QWidget@@MAEXPAVQEvent@@@Z 0040ee86 f   qt-mt323:qt-mt323.dll
 0001:0000de8c       ?mapTextToValue@QSpinBox@@MAEHPA_N@Z 0040ee8c f   qt-mt323:qt-mt323.dll
 0001:0000de92       ?mapValueToText@QSpinBox@@MAE?AVQString@@H@Z 0040ee92 f   qt-mt323:qt-mt323.dll
 0001:0000de98       ?maximumSize@QBoxLayout@@UBE?AVQSize@@XZ 0040ee98 f   qt-mt323:qt-mt323.dll
 0001:0000de9e       ?maximumSize@QSpacerItem@@UBE?AVQSize@@XZ 0040ee9e f   qt-mt323:qt-mt323.dll
 0001:0000dea4       ?menuContentsChanged@QPopupMenu@@EAEXXZ 0040eea4 f   qt-mt323:qt-mt323.dll
 0001:0000deaa       ?menuDelPopup@QPopupMenu@@EAEXPAV1@@Z 0040eeaa f   qt-mt323:qt-mt323.dll
 0001:0000deb0       ?menuInsPopup@QPopupMenu@@EAEXPAV1@@Z 0040eeb0 f   qt-mt323:qt-mt323.dll
 0001:0000deb6       ?menuStateChanged@QPopupMenu@@EAEXXZ 0040eeb6 f   qt-mt323:qt-mt323.dll
 0001:0000debc       ?metaObject@QAction@@UBEPAVQMetaObject@@XZ 0040eebc f   qt-mt323:qt-mt323.dll
 0001:0000dec2       ?metaObject@QCheckBox@@UBEPAVQMetaObject@@XZ 0040eec2 f   qt-mt323:qt-mt323.dll
 0001:0000dec8       ?metaObject@QFrame@@UBEPAVQMetaObject@@XZ 0040eec8 f   qt-mt323:qt-mt323.dll
 0001:0000dece       ?metaObject@QHBoxLayout@@UBEPAVQMetaObject@@XZ 0040eece f   qt-mt323:qt-mt323.dll
 0001:0000ded4       ?metaObject@QLabel@@UBEPAVQMetaObject@@XZ 0040eed4 f   qt-mt323:qt-mt323.dll
 0001:0000deda       ?metaObject@QPopupMenu@@UBEPAVQMetaObject@@XZ 0040eeda f   qt-mt323:qt-mt323.dll
 0001:0000dee0       ?metaObject@QPushButton@@UBEPAVQMetaObject@@XZ 0040eee0 f   qt-mt323:qt-mt323.dll
 0001:0000dee6       ?metaObject@QSpinBox@@UBEPAVQMetaObject@@XZ 0040eee6 f   qt-mt323:qt-mt323.dll
 0001:0000deec       ?metaObject@QToolBar@@UBEPAVQMetaObject@@XZ 0040eeec f   qt-mt323:qt-mt323.dll
 0001:0000def2       ?metaObject@QVBoxLayout@@UBEPAVQMetaObject@@XZ 0040eef2 f   qt-mt323:qt-mt323.dll
 0001:0000def8       ?metric@QWidget@@MBEHH@Z   0040eef8 f   qt-mt323:qt-mt323.dll
 0001:0000defe       ?minimumSize@QBoxLayout@@UBE?AVQSize@@XZ 0040eefe f   qt-mt323:qt-mt323.dll
 0001:0000df04       ?minimumSize@QSpacerItem@@UBE?AVQSize@@XZ 0040ef04 f   qt-mt323:qt-mt323.dll
 0001:0000df0a       ?minimumSizeHint@QLabel@@UBE?AVQSize@@XZ 0040ef0a f   qt-mt323:qt-mt323.dll
 0001:0000df10       ?minimumSizeHint@QMainWindow@@UBE?AVQSize@@XZ 0040ef10 f   qt-mt323:qt-mt323.dll
 0001:0000df16       ?minimumSizeHint@QSpinBox@@UBE?AVQSize@@XZ 0040ef16 f   qt-mt323:qt-mt323.dll
 0001:0000df1c       ?minimumSizeHint@QToolBar@@UBE?AVQSize@@XZ 0040ef1c f   qt-mt323:qt-mt323.dll
 0001:0000df22       ?minimumSizeHint@QWidget@@UBE?AVQSize@@XZ 0040ef22 f   qt-mt323:qt-mt323.dll
 0001:0000df28       ?mouseDoubleClickEvent@QWidget@@MAEXPAVQMouseEvent@@@Z 0040ef28 f   qt-mt323:qt-mt323.dll
 0001:0000df2e       ?mouseMoveEvent@QButton@@MAEXPAVQMouseEvent@@@Z 0040ef2e f   qt-mt323:qt-mt323.dll
 0001:0000df34       ?mouseMoveEvent@QPopupMenu@@MAEXPAVQMouseEvent@@@Z 0040ef34 f   qt-mt323:qt-mt323.dll
 0001:0000df3a       ?mouseMoveEvent@QWidget@@MAEXPAVQMouseEvent@@@Z 0040ef3a f   qt-mt323:qt-mt323.dll
 0001:0000df40       ?mousePressEvent@QButton@@MAEXPAVQMouseEvent@@@Z 0040ef40 f   qt-mt323:qt-mt323.dll
 0001:0000df46       ?mousePressEvent@QPopupMenu@@MAEXPAVQMouseEvent@@@Z 0040ef46 f   qt-mt323:qt-mt323.dll
 0001:0000df4c       ?mousePressEvent@QWidget@@MAEXPAVQMouseEvent@@@Z 0040ef4c f   qt-mt323:qt-mt323.dll
 0001:0000df52       ?mouseReleaseEvent@QButton@@MAEXPAVQMouseEvent@@@Z 0040ef52 f   qt-mt323:qt-mt323.dll
 0001:0000df58       ?mouseReleaseEvent@QPopupMenu@@MAEXPAVQMouseEvent@@@Z 0040ef58 f   qt-mt323:qt-mt323.dll
 0001:0000df5e       ?mouseReleaseEvent@QWidget@@MAEXPAVQMouseEvent@@@Z 0040ef5e f   qt-mt323:qt-mt323.dll
 0001:0000df64       ?move@QPushButton@@UAEXHH@Z 0040ef64 f   qt-mt323:qt-mt323.dll
 0001:0000df6a       ?move@QWidget@@UAEXHH@Z    0040ef6a f   qt-mt323:qt-mt323.dll
 0001:0000df70       ?moveDockWindow@QMainWindow@@UAEXPAVQDockWindow@@W4Dock@Qt@@@Z 0040ef70 f   qt-mt323:qt-mt323.dll
 0001:0000df76       ?moveDockWindow@QMainWindow@@UAEXPAVQDockWindow@@W4Dock@Qt@@_NHH@Z 0040ef76 f   qt-mt323:qt-mt323.dll
 0001:0000df7c       ?moveEvent@QWidget@@MAEXPAVQMoveEvent@@@Z 0040ef7c f   qt-mt323:qt-mt323.dll
 0001:0000df82       ?paintEvent@QButton@@MAEXPAVQPaintEvent@@@Z 0040ef82 f   qt-mt323:qt-mt323.dll
 0001:0000df88       ?paintEvent@QFrame@@MAEXPAVQPaintEvent@@@Z 0040ef88 f   qt-mt323:qt-mt323.dll
 0001:0000df8e       ?paintEvent@QMainWindow@@MAEXPAVQPaintEvent@@@Z 0040ef8e f   qt-mt323:qt-mt323.dll
 0001:0000df94       ?paintEvent@QPopupMenu@@MAEXPAVQPaintEvent@@@Z 0040ef94 f   qt-mt323:qt-mt323.dll
 0001:0000df9a       ?paintEvent@QWidget@@MAEXPAVQPaintEvent@@@Z 0040ef9a f   qt-mt323:qt-mt323.dll
 0001:0000dfa0       ?paletteChange@QWidget@@MAEXABVQPalette@@@Z 0040efa0 f   qt-mt323:qt-mt323.dll
 0001:0000dfa6       ?polish@QWidget@@UAEXXZ    0040efa6 f   qt-mt323:qt-mt323.dll
 0001:0000dfac       ?prefix@QSpinBox@@UBE?AVQString@@XZ 0040efac f   qt-mt323:qt-mt323.dll
 0001:0000dfb2       ?property@QObject@@UBE?AVQVariant@@PBD@Z 0040efb2 f   qt-mt323:qt-mt323.dll
 0001:0000dfb8       ?qt_cast@QAction@@UAEPAXPBD@Z 0040efb8 f   qt-mt323:qt-mt323.dll
 0001:0000dfbe       ?qt_cast@QCheckBox@@UAEPAXPBD@Z 0040efbe f   qt-mt323:qt-mt323.dll
 0001:0000dfc4       ?qt_cast@QFrame@@UAEPAXPBD@Z 0040efc4 f   qt-mt323:qt-mt323.dll
 0001:0000dfca       ?qt_cast@QHBoxLayout@@UAEPAXPBD@Z 0040efca f   qt-mt323:qt-mt323.dll
 0001:0000dfd0       ?qt_cast@QLabel@@UAEPAXPBD@Z 0040efd0 f   qt-mt323:qt-mt323.dll
 0001:0000dfd6       ?qt_cast@QPopupMenu@@UAEPAXPBD@Z 0040efd6 f   qt-mt323:qt-mt323.dll
 0001:0000dfdc       ?qt_cast@QPushButton@@UAEPAXPBD@Z 0040efdc f   qt-mt323:qt-mt323.dll
 0001:0000dfe2       ?qt_cast@QSpinBox@@UAEPAXPBD@Z 0040efe2 f   qt-mt323:qt-mt323.dll
 0001:0000dfe8       ?qt_cast@QToolBar@@UAEPAXPBD@Z 0040efe8 f   qt-mt323:qt-mt323.dll
 0001:0000dfee       ?qt_cast@QVBoxLayout@@UAEPAXPBD@Z 0040efee f   qt-mt323:qt-mt323.dll
 0001:0000dff4       ?qt_emit@QAction@@UAE_NHPAUQUObject@@@Z 0040eff4 f   qt-mt323:qt-mt323.dll
 0001:0000dffa       ?qt_emit@QCheckBox@@UAE_NHPAUQUObject@@@Z 0040effa f   qt-mt323:qt-mt323.dll
 0001:0000e000       ?qt_emit@QFrame@@UAE_NHPAUQUObject@@@Z 0040f000 f   qt-mt323:qt-mt323.dll
 0001:0000e006       ?qt_emit@QHBoxLayout@@UAE_NHPAUQUObject@@@Z 0040f006 f   qt-mt323:qt-mt323.dll
 0001:0000e00c       ?qt_emit@QLabel@@UAE_NHPAUQUObject@@@Z 0040f00c f   qt-mt323:qt-mt323.dll
 0001:0000e012       ?qt_emit@QPopupMenu@@UAE_NHPAUQUObject@@@Z 0040f012 f   qt-mt323:qt-mt323.dll
 0001:0000e018       ?qt_emit@QPushButton@@UAE_NHPAUQUObject@@@Z 0040f018 f   qt-mt323:qt-mt323.dll
 0001:0000e01e       ?qt_emit@QSpinBox@@UAE_NHPAUQUObject@@@Z 0040f01e f   qt-mt323:qt-mt323.dll
 0001:0000e024       ?qt_emit@QToolBar@@UAE_NHPAUQUObject@@@Z 0040f024 f   qt-mt323:qt-mt323.dll
 0001:0000e02a       ?qt_emit@QVBoxLayout@@UAE_NHPAUQUObject@@@Z 0040f02a f   qt-mt323:qt-mt323.dll
 0001:0000e030       ?qt_invoke@QAction@@UAE_NHPAUQUObject@@@Z 0040f030 f   qt-mt323:qt-mt323.dll
 0001:0000e036       ?qt_invoke@QCheckBox@@UAE_NHPAUQUObject@@@Z 0040f036 f   qt-mt323:qt-mt323.dll
 0001:0000e03c       ?qt_invoke@QFrame@@UAE_NHPAUQUObject@@@Z 0040f03c f   qt-mt323:qt-mt323.dll
 0001:0000e042       ?qt_invoke@QHBoxLayout@@UAE_NHPAUQUObject@@@Z 0040f042 f   qt-mt323:qt-mt323.dll
 0001:0000e048       ?qt_invoke@QLabel@@UAE_NHPAUQUObject@@@Z 0040f048 f   qt-mt323:qt-mt323.dll
 0001:0000e04e       ?qt_invoke@QPopupMenu@@UAE_NHPAUQUObject@@@Z 0040f04e f   qt-mt323:qt-mt323.dll
 0001:0000e054       ?qt_invoke@QPushButton@@UAE_NHPAUQUObject@@@Z 0040f054 f   qt-mt323:qt-mt323.dll
 0001:0000e05a       ?qt_invoke@QSpinBox@@UAE_NHPAUQUObject@@@Z 0040f05a f   qt-mt323:qt-mt323.dll
 0001:0000e060       ?qt_invoke@QToolBar@@UAE_NHPAUQUObject@@@Z 0040f060 f   qt-mt323:qt-mt323.dll
 0001:0000e066       ?qt_invoke@QVBoxLayout@@UAE_NHPAUQUObject@@@Z 0040f066 f   qt-mt323:qt-mt323.dll
 0001:0000e06c       ?qt_property@QAction@@UAE_NHHPAVQVariant@@@Z 0040f06c f   qt-mt323:qt-mt323.dll
 0001:0000e072       ?qt_property@QCheckBox@@UAE_NHHPAVQVariant@@@Z 0040f072 f   qt-mt323:qt-mt323.dll
 0001:0000e078       ?qt_property@QFrame@@UAE_NHHPAVQVariant@@@Z 0040f078 f   qt-mt323:qt-mt323.dll
 0001:0000e07e       ?qt_property@QHBoxLayout@@UAE_NHHPAVQVariant@@@Z 0040f07e f   qt-mt323:qt-mt323.dll
 0001:0000e084       ?qt_property@QLabel@@UAE_NHHPAVQVariant@@@Z 0040f084 f   qt-mt323:qt-mt323.dll
 0001:0000e08a       ?qt_property@QPopupMenu@@UAE_NHHPAVQVariant@@@Z 0040f08a f   qt-mt323:qt-mt323.dll
 0001:0000e090       ?qt_property@QPushButton@@UAE_NHHPAVQVariant@@@Z 0040f090 f   qt-mt323:qt-mt323.dll
 0001:0000e096       ?qt_property@QSpinBox@@UAE_NHHPAVQVariant@@@Z 0040f096 f   qt-mt323:qt-mt323.dll
 0001:0000e09c       ?qt_property@QToolBar@@UAE_NHHPAVQVariant@@@Z 0040f09c f   qt-mt323:qt-mt323.dll
 0001:0000e0a2       ?qt_property@QVBoxLayout@@UAE_NHHPAVQVariant@@@Z 0040f0a2 f   qt-mt323:qt-mt323.dll
 0001:0000e0a8       ?rangeChange@QSpinBox@@MAEXXZ 0040f0a8 f   qt-mt323:qt-mt323.dll
 0001:0000e0ae       ?removeChild@QObject@@UAEXPAV1@@Z 0040f0ae f   qt-mt323:qt-mt323.dll
 0001:0000e0b4       ?removeDockWindow@QMainWindow@@UAEXPAVQDockWindow@@@Z 0040f0b4 f   qt-mt323:qt-mt323.dll
 0001:0000e0ba       ?removeFrom@QAction@@UAE_NPAVQWidget@@@Z 0040f0ba f   qt-mt323:qt-mt323.dll
 0001:0000e0c0       ?reparent@QWidget@@UAEXPAV1@IABVQPoint@@_N@Z 0040f0c0 f   qt-mt323:qt-mt323.dll
 0001:0000e0c6       ?resize@QPushButton@@UAEXHH@Z 0040f0c6 f   qt-mt323:qt-mt323.dll
 0001:0000e0cc       ?resize@QWidget@@UAEXHH@Z  0040f0cc f   qt-mt323:qt-mt323.dll
 0001:0000e0d2       ?resizeEvent@QCheckBox@@MAEXPAVQResizeEvent@@@Z 0040f0d2 f   qt-mt323:qt-mt323.dll
 0001:0000e0d8       ?resizeEvent@QFrame@@MAEXPAVQResizeEvent@@@Z 0040f0d8 f   qt-mt323:qt-mt323.dll
 0001:0000e0de       ?resizeEvent@QLabel@@MAEXPAVQResizeEvent@@@Z 0040f0de f   qt-mt323:qt-mt323.dll
 0001:0000e0e4       ?resizeEvent@QPushButton@@MAEXPAVQResizeEvent@@@Z 0040f0e4 f   qt-mt323:qt-mt323.dll
 0001:0000e0ea       ?resizeEvent@QSpinBox@@MAEXPAVQResizeEvent@@@Z 0040f0ea f   qt-mt323:qt-mt323.dll
 0001:0000e0f0       ?resizeEvent@QToolBar@@MAEXPAVQResizeEvent@@@Z 0040f0f0 f   qt-mt323:qt-mt323.dll
 0001:0000e0f6       ?resizeEvent@QWidget@@MAEXPAVQResizeEvent@@@Z 0040f0f6 f   qt-mt323:qt-mt323.dll
 0001:0000e0fc       ?resolution@QPaintDevice@@UBEHXZ 0040f0fc f   qt-mt323:qt-mt323.dll
 0001:0000e102       ?selectAll@QSpinBox@@UAEXXZ 0040f102 f   qt-mt323:qt-mt323.dll
 0001:0000e108       ?setAccel@QAction@@UAEXABVQKeySequence@@@Z 0040f108 f   qt-mt323:qt-mt323.dll
 0001:0000e10e       ?setAccel@QButton@@UAEXABVQKeySequence@@@Z 0040f10e f   qt-mt323:qt-mt323.dll
 0001:0000e114       ?setAcceptDrops@QWidget@@UAEX_N@Z 0040f114 f   qt-mt323:qt-mt323.dll
 0001:0000e11a       ?setActiveItem@QPopupMenu@@UAEXH@Z 0040f11a f   qt-mt323:qt-mt323.dll
 0001:0000e120       ?setActiveWindow@QWidget@@UAEXXZ 0040f120 f   qt-mt323:qt-mt323.dll
 0001:0000e126       ?setAlignment@QLabel@@UAEXH@Z 0040f126 f   qt-mt323:qt-mt323.dll
 0001:0000e12c       ?setAlignment@QLayoutItem@@UAEXH@Z 0040f12c f   qt-mt323:qt-mt323.dll
 0001:0000e132       ?setAppropriate@QMainWindow@@UAEXPAVQDockWindow@@_N@Z 0040f132 f   qt-mt323:qt-mt323.dll
 0001:0000e138       ?setAutoAdd@QLayout@@UAEX_N@Z 0040f138 f   qt-mt323:qt-mt323.dll
 0001:0000e13e       ?setAutoDefault@QPushButton@@UAEX_N@Z 0040f13e f   qt-mt323:qt-mt323.dll
 0001:0000e144       ?setAutoMask@QWidget@@UAEX_N@Z 0040f144 f   qt-mt323:qt-mt323.dll
 0001:0000e14a       ?setAutoRepeat@QButton@@UAEX_N@Z 0040f14a f   qt-mt323:qt-mt323.dll
 0001:0000e150       ?setAutoResize@QLabel@@UAEX_N@Z 0040f150 f   qt-mt323:qt-mt323.dll
 0001:0000e156       ?setBackgroundColor@QWidget@@UAEXABVQColor@@@Z 0040f156 f   qt-mt323:qt-mt323.dll
 0001:0000e15c       ?setBackgroundMode@QWidget@@UAEXW4BackgroundMode@Qt@@@Z 0040f15c f   qt-mt323:qt-mt323.dll
 0001:0000e162       ?setBackgroundOrigin@QWidget@@UAEXW4BackgroundOrigin@1@@Z 0040f162 f   qt-mt323:qt-mt323.dll
 0001:0000e168       ?setBackgroundPixmap@QWidget@@UAEXABVQPixmap@@@Z 0040f168 f   qt-mt323:qt-mt323.dll
 0001:0000e16e       ?setBuddy@QLabel@@UAEXPAVQWidget@@@Z 0040f16e f   qt-mt323:qt-mt323.dll
 0001:0000e174       ?setButtonSymbols@QSpinBox@@UAEXW4ButtonSymbols@1@@Z 0040f174 f   qt-mt323:qt-mt323.dll
 0001:0000e17a       ?setCaption@QDockWindow@@UAEXABVQString@@@Z 0040f17a f   qt-mt323:qt-mt323.dll
 0001:0000e180       ?setCheckable@QPopupMenu@@UAEX_N@Z 0040f180 f   qt-mt323:qt-mt323.dll
 0001:0000e186       ?setCloseMode@QDockWindow@@UAEXH@Z 0040f186 f   qt-mt323:qt-mt323.dll
 0001:0000e18c       ?setCursor@QWidget@@UAEXABVQCursor@@@Z 0040f18c f   qt-mt323:qt-mt323.dll
 0001:0000e192       ?setDefault@QPushButton@@UAEX_N@Z 0040f192 f   qt-mt323:qt-mt323.dll
 0001:0000e198       ?setDockEnabled@QMainWindow@@UAEXPAVQDockWindow@@W4Dock@Qt@@_N@Z 0040f198 f   qt-mt323:qt-mt323.dll
 0001:0000e19e       ?setDockEnabled@QMainWindow@@UAEXW4Dock@Qt@@_N@Z 0040f19e f   qt-mt323:qt-mt323.dll
 0001:0000e1a4       ?setDockMenuEnabled@QMainWindow@@UAEX_N@Z 0040f1a4 f   qt-mt323:qt-mt323.dll
 0001:0000e1aa       ?setDockWindowsMovable@QMainWindow@@UAEX_N@Z 0040f1aa f   qt-mt323:qt-mt323.dll
 0001:0000e1b0       ?setDown@QButton@@UAEX_N@Z 0040f1b0 f   qt-mt323:qt-mt323.dll
 0001:0000e1b6       ?setEnabled@QAction@@UAEX_N@Z 0040f1b6 f   qt-mt323:qt-mt323.dll
 0001:0000e1bc       ?setEnabled@QSpinBox@@UAEX_N@Z 0040f1bc f   qt-mt323:qt-mt323.dll
 0001:0000e1c2       ?setEnabled@QWidget@@UAEX_N@Z 0040f1c2 f   qt-mt323:qt-mt323.dll
 0001:0000e1c8       ?setEraseColor@QWidget@@UAEXABVQColor@@@Z 0040f1c8 f   qt-mt323:qt-mt323.dll
 0001:0000e1ce       ?setErasePixmap@QWidget@@UAEXABVQPixmap@@@Z 0040f1ce f   qt-mt323:qt-mt323.dll
 0001:0000e1d4       ?setFirstItemActive@QPopupMenu@@EAEXXZ 0040f1d4 f   qt-mt323:qt-mt323.dll
 0001:0000e1da       ?setFixedExtentHeight@QDockWindow@@UAEXH@Z 0040f1da f   qt-mt323:qt-mt323.dll
 0001:0000e1e0       ?setFixedExtentWidth@QDockWindow@@UAEXH@Z 0040f1e0 f   qt-mt323:qt-mt323.dll
 0001:0000e1e6       ?setFocus@QWidget@@UAEXXZ  0040f1e6 f   qt-mt323:qt-mt323.dll
 0001:0000e1ec       ?setFocusPolicy@QWidget@@UAEXW4FocusPolicy@1@@Z 0040f1ec f   qt-mt323:qt-mt323.dll
 0001:0000e1f2       ?setFocusProxy@QWidget@@UAEXPAV1@@Z 0040f1f2 f   qt-mt323:qt-mt323.dll
 0001:0000e1f8       ?setFont@QLabel@@UAEXABVQFont@@@Z 0040f1f8 f   qt-mt323:qt-mt323.dll
 0001:0000e1fe       ?setFont@QPopupMenu@@UAEXABVQFont@@@Z 0040f1fe f   qt-mt323:qt-mt323.dll
 0001:0000e204       ?setFont@QWidget@@UAEXABVQFont@@@Z 0040f204 f   qt-mt323:qt-mt323.dll
 0001:0000e20a       ?setFrameRect@QFrame@@UAEXABVQRect@@@Z 0040f20a f   qt-mt323:qt-mt323.dll
 0001:0000e210       ?setFrameStyle@QFrame@@UAEXH@Z 0040f210 f   qt-mt323:qt-mt323.dll
 0001:0000e216       ?setGeometry@QBoxLayout@@UAEXABVQRect@@@Z 0040f216 f   qt-mt323:qt-mt323.dll
 0001:0000e21c       ?setGeometry@QPushButton@@UAEXABVQRect@@@Z 0040f21c f   qt-mt323:qt-mt323.dll
 0001:0000e222       ?setGeometry@QPushButton@@UAEXHHHH@Z 0040f222 f   qt-mt323:qt-mt323.dll
 0001:0000e228       ?setGeometry@QSpacerItem@@UAEXABVQRect@@@Z 0040f228 f   qt-mt323:qt-mt323.dll
 0001:0000e22e       ?setGeometry@QWidget@@UAEXABVQRect@@@Z 0040f22e f   qt-mt323:qt-mt323.dll
 0001:0000e234       ?setGeometry@QWidget@@UAEXHHHH@Z 0040f234 f   qt-mt323:qt-mt323.dll
 0001:0000e23a       ?setGroup@QButton@@EAEXPAVQButtonGroup@@@Z 0040f23a f   qt-mt323:qt-mt323.dll
 0001:0000e240       ?setHorizontallyStretchable@QDockWindow@@UAEX_N@Z 0040f240 f   qt-mt323:qt-mt323.dll
 0001:0000e246       ?setIconSet@QAction@@UAEXABVQIconSet@@@Z 0040f246 f   qt-mt323:qt-mt323.dll
 0001:0000e24c       ?setIconText@QWidget@@UAEXABVQString@@@Z 0040f24c f   qt-mt323:qt-mt323.dll
 0001:0000e252       ?setId@QMenuData@@UAEXHH@Z 0040f252 f   qt-mt323:qt-mt323.dll
 0001:0000e258       ?setIsMenuButton@QPushButton@@UAEX_N@Z 0040f258 f   qt-mt323:qt-mt323.dll
 0001:0000e25e       ?setKeyCompression@QWidget@@MAEX_N@Z 0040f25e f   qt-mt323:qt-mt323.dll
 0001:0000e264       ?setLabel@QToolBar@@UAEXABVQString@@@Z 0040f264 f   qt-mt323:qt-mt323.dll
 0001:0000e26a       ?setLineWidth@QFrame@@UAEXH@Z 0040f26a f   qt-mt323:qt-mt323.dll
 0001:0000e270       ?setMargin@QFrame@@UAEXH@Z 0040f270 f   qt-mt323:qt-mt323.dll
 0001:0000e276       ?setMargin@QLayout@@UAEXH@Z 0040f276 f   qt-mt323:qt-mt323.dll
 0001:0000e27c       ?setMask@QWidget@@UAEXABVQBitmap@@@Z 0040f27c f   qt-mt323:qt-mt323.dll
 0001:0000e282       ?setMask@QWidget@@UAEXABVQRegion@@@Z 0040f282 f   qt-mt323:qt-mt323.dll
 0001:0000e288       ?setMaximumSize@QWidget@@UAEXHH@Z 0040f288 f   qt-mt323:qt-mt323.dll
 0001:0000e28e       ?setMenuBar@QLayout@@UAEXPAVQMenuBar@@@Z 0040f28e f   qt-mt323:qt-mt323.dll
 0001:0000e294       ?setMenuBar@QMainWindow@@EAEXPAVQMenuBar@@@Z 0040f294 f   qt-mt323:qt-mt323.dll
 0001:0000e29a       ?setMenuText@QAction@@UAEXABVQString@@@Z 0040f29a f   qt-mt323:qt-mt323.dll
 0001:0000e2a0       ?setMicroFocusHint@QWidget@@MAEXHHHH_NPAVQFont@@@Z 0040f2a0 f   qt-mt323:qt-mt323.dll
 0001:0000e2a6       ?setMidLineWidth@QFrame@@UAEXH@Z 0040f2a6 f   qt-mt323:qt-mt323.dll
 0001:0000e2ac       ?setMinimumSize@QToolBar@@UAEXHH@Z 0040f2ac f   qt-mt323:qt-mt323.dll
 0001:0000e2b2       ?setMinimumSize@QWidget@@UAEXHH@Z 0040f2b2 f   qt-mt323:qt-mt323.dll
 0001:0000e2b8       ?setMouseTracking@QWidget@@UAEX_N@Z 0040f2b8 f   qt-mt323:qt-mt323.dll
 0001:0000e2be       ?setMovie@QLabel@@UAEXABVQMovie@@@Z 0040f2be f   qt-mt323:qt-mt323.dll
 0001:0000e2c4       ?setMovingEnabled@QDockWindow@@UAEX_N@Z 0040f2c4 f   qt-mt323:qt-mt323.dll
 0001:0000e2ca       ?setName@QObject@@UAEXPBD@Z 0040f2ca f   qt-mt323:qt-mt323.dll
 0001:0000e2d0       ?setName@QWidget@@UAEXPBD@Z 0040f2d0 f   qt-mt323:qt-mt323.dll
 0001:0000e2d6       ?setNewLine@QDockWindow@@UAEX_N@Z 0040f2d6 f   qt-mt323:qt-mt323.dll
 0001:0000e2dc       ?setNum@QLabel@@UAEXH@Z    0040f2dc f   qt-mt323:qt-mt323.dll
 0001:0000e2e2       ?setNum@QLabel@@UAEXN@Z    0040f2e2 f   qt-mt323:qt-mt323.dll
 0001:0000e2e8       ?setOffset@QDockWindow@@UAEXH@Z 0040f2e8 f   qt-mt323:qt-mt323.dll
 0001:0000e2ee       ?setOn@QAction@@UAEX_N@Z   0040f2ee f   qt-mt323:qt-mt323.dll
 0001:0000e2f4       ?setOn@QPushButton@@UAEX_N@Z 0040f2f4 f   qt-mt323:qt-mt323.dll
 0001:0000e2fa       ?setOpaqueMoving@QDockWindow@@UAEX_N@Z 0040f2fa f   qt-mt323:qt-mt323.dll
 0001:0000e300       ?setOpaqueMoving@QMainWindow@@UAEX_N@Z 0040f300 f   qt-mt323:qt-mt323.dll
 0001:0000e306       ?setOrientation@QToolBar@@UAEXW4Orientation@Qt@@@Z 0040f306 f   qt-mt323:qt-mt323.dll
 0001:0000e30c       ?setPalette@QWidget@@UAEXABVQPalette@@@Z 0040f30c f   qt-mt323:qt-mt323.dll
 0001:0000e312       ?setPaletteBackgroundColor@QWidget@@UAEXABVQColor@@@Z 0040f312 f   qt-mt323:qt-mt323.dll
 0001:0000e318       ?setPaletteBackgroundPixmap@QWidget@@UAEXABVQPixmap@@@Z 0040f318 f   qt-mt323:qt-mt323.dll
 0001:0000e31e       ?setPicture@QLabel@@UAEXABVQPicture@@@Z 0040f31e f   qt-mt323:qt-mt323.dll
 0001:0000e324       ?setPixmap@QButton@@UAEXABVQPixmap@@@Z 0040f324 f   qt-mt323:qt-mt323.dll
 0001:0000e32a       ?setPixmap@QLabel@@UAEXABVQPixmap@@@Z 0040f32a f   qt-mt323:qt-mt323.dll
 0001:0000e330       ?setPrefix@QSpinBox@@UAEXABVQString@@@Z 0040f330 f   qt-mt323:qt-mt323.dll
 0001:0000e336       ?setProperty@QObject@@UAE_NPBDABVQVariant@@@Z 0040f336 f   qt-mt323:qt-mt323.dll
 0001:0000e33c       ?setResizeEnabled@QDockWindow@@UAEX_N@Z 0040f33c f   qt-mt323:qt-mt323.dll
 0001:0000e342       ?setResolution@QPaintDevice@@UAEXH@Z 0040f342 f   qt-mt323:qt-mt323.dll
 0001:0000e348       ?setRightJustification@QMainWindow@@UAEX_N@Z 0040f348 f   qt-mt323:qt-mt323.dll
 0001:0000e34e       ?setSizeIncrement@QWidget@@UAEXHH@Z 0040f34e f   qt-mt323:qt-mt323.dll
 0001:0000e354       ?setSizePolicy@QWidget@@UAEXVQSizePolicy@@@Z 0040f354 f   qt-mt323:qt-mt323.dll
 0001:0000e35a       ?setSpacing@QLayout@@UAEXH@Z 0040f35a f   qt-mt323:qt-mt323.dll
 0001:0000e360       ?setSpecialValueText@QSpinBox@@UAEXABVQString@@@Z 0040f360 f   qt-mt323:qt-mt323.dll
 0001:0000e366       ?setState@QButton@@MAEXW4ToggleState@1@@Z 0040f366 f   qt-mt323:qt-mt323.dll
 0001:0000e36c       ?setStatusBar@QMainWindow@@EAEXPAVQStatusBar@@@Z 0040f36c f   qt-mt323:qt-mt323.dll
 0001:0000e372       ?setStatusTip@QAction@@UAEXABVQString@@@Z 0040f372 f   qt-mt323:qt-mt323.dll
 0001:0000e378       ?setStretchableWidget@QToolBar@@UAEXPAVQWidget@@@Z 0040f378 f   qt-mt323:qt-mt323.dll
 0001:0000e37e       ?setSuffix@QSpinBox@@UAEXABVQString@@@Z 0040f37e f   qt-mt323:qt-mt323.dll
 0001:0000e384       ?setText@QAction@@UAEXABVQString@@@Z 0040f384 f   qt-mt323:qt-mt323.dll
 0001:0000e38a       ?setText@QButton@@UAEXABVQString@@@Z 0040f38a f   qt-mt323:qt-mt323.dll
 0001:0000e390       ?setText@QLabel@@UAEXABVQString@@@Z 0040f390 f   qt-mt323:qt-mt323.dll
 0001:0000e396       ?setToggleAction@QAction@@UAEX_N@Z 0040f396 f   qt-mt323:qt-mt323.dll
 0001:0000e39c       ?setToggleType@QButton@@MAEXW4ToggleType@1@@Z 0040f39c f   qt-mt323:qt-mt323.dll
 0001:0000e3a2       ?setToolTip@QAction@@UAEXABVQString@@@Z 0040f3a2 f   qt-mt323:qt-mt323.dll
 0001:0000e3a8       ?setToolTipGroup@QMainWindow@@EAEXPAVQToolTipGroup@@@Z 0040f3a8 f   qt-mt323:qt-mt323.dll
 0001:0000e3ae       ?setUpLayout@QMainWindow@@MAEXXZ 0040f3ae f   qt-mt323:qt-mt323.dll
 0001:0000e3b4       ?setUpdatesEnabled@QWidget@@UAEX_N@Z 0040f3b4 f   qt-mt323:qt-mt323.dll
 0001:0000e3ba       ?setUsesBigPixmaps@QMainWindow@@UAEX_N@Z 0040f3ba f   qt-mt323:qt-mt323.dll
 0001:0000e3c0       ?setUsesTextLabel@QMainWindow@@UAEX_N@Z 0040f3c0 f   qt-mt323:qt-mt323.dll
 0001:0000e3c6       ?setValidator@QSpinBox@@UAEXPBVQValidator@@@Z 0040f3c6 f   qt-mt323:qt-mt323.dll
 0001:0000e3cc       ?setValue@QSpinBox@@UAEXH@Z 0040f3cc f   qt-mt323:qt-mt323.dll
 0001:0000e3d2       ?setVerticallyStretchable@QDockWindow@@UAEX_N@Z 0040f3d2 f   qt-mt323:qt-mt323.dll
 0001:0000e3d8       ?setWFlags@QWidget@@MAEXI@Z 0040f3d8 f   qt-mt323:qt-mt323.dll
 0001:0000e3de       ?setWState@QWidget@@MAEXI@Z 0040f3de f   qt-mt323:qt-mt323.dll
 0001:0000e3e4       ?setWhatsThis@QAction@@UAEXABVQString@@@Z 0040f3e4 f   qt-mt323:qt-mt323.dll
 0001:0000e3ea       ?setWidget@QDockWindow@@UAEXPAVQWidget@@@Z 0040f3ea f   qt-mt323:qt-mt323.dll
 0001:0000e3f0       ?setWrapping@QSpinBox@@UAEX_N@Z 0040f3f0 f   qt-mt323:qt-mt323.dll
 0001:0000e3f6       ?show@QMainWindow@@UAEXXZ  0040f3f6 f   qt-mt323:qt-mt323.dll
 0001:0000e3fc       ?show@QPopupMenu@@UAEXXZ   0040f3fc f   qt-mt323:qt-mt323.dll
 0001:0000e402       ?show@QToolBar@@UAEXXZ     0040f402 f   qt-mt323:qt-mt323.dll
 0001:0000e408       ?show@QWidget@@UAEXXZ      0040f408 f   qt-mt323:qt-mt323.dll
 0001:0000e40e       ?showDockMenu@QMainWindow@@MAE_NABVQPoint@@@Z 0040f40e f   qt-mt323:qt-mt323.dll
 0001:0000e414       ?showEvent@QDockWindow@@MAEXPAVQShowEvent@@@Z 0040f414 f   qt-mt323:qt-mt323.dll
 0001:0000e41a       ?showEvent@QWidget@@MAEXPAVQShowEvent@@@Z 0040f41a f   qt-mt323:qt-mt323.dll
 0001:0000e420       ?showMaximized@QWidget@@UAEXXZ 0040f420 f   qt-mt323:qt-mt323.dll
 0001:0000e426       ?showMinimized@QWidget@@UAEXXZ 0040f426 f   qt-mt323:qt-mt323.dll
 0001:0000e42c       ?showNormal@QWidget@@UAEXXZ 0040f42c f   qt-mt323:qt-mt323.dll
 0001:0000e432       ?sizeHint@QBoxLayout@@UBE?AVQSize@@XZ 0040f432 f   qt-mt323:qt-mt323.dll
 0001:0000e438       ?sizeHint@QCheckBox@@UBE?AVQSize@@XZ 0040f438 f   qt-mt323:qt-mt323.dll
 0001:0000e43e       ?sizeHint@QDockWindow@@UBE?AVQSize@@XZ 0040f43e f   qt-mt323:qt-mt323.dll
 0001:0000e444       ?sizeHint@QFrame@@UBE?AVQSize@@XZ 0040f444 f   qt-mt323:qt-mt323.dll
 0001:0000e44a       ?sizeHint@QLabel@@UBE?AVQSize@@XZ 0040f44a f   qt-mt323:qt-mt323.dll
 0001:0000e450       ?sizeHint@QMainWindow@@UBE?AVQSize@@XZ 0040f450 f   qt-mt323:qt-mt323.dll
 0001:0000e456       ?sizeHint@QPopupMenu@@UBE?AVQSize@@XZ 0040f456 f   qt-mt323:qt-mt323.dll
 0001:0000e45c       ?sizeHint@QPushButton@@UBE?AVQSize@@XZ 0040f45c f   qt-mt323:qt-mt323.dll
 0001:0000e462       ?sizeHint@QSpacerItem@@UBE?AVQSize@@XZ 0040f462 f   qt-mt323:qt-mt323.dll
 0001:0000e468       ?sizeHint@QSpinBox@@UBE?AVQSize@@XZ 0040f468 f   qt-mt323:qt-mt323.dll
 0001:0000e46e       ?sizePolicy@QWidget@@UBE?AVQSizePolicy@@XZ 0040f46e f   qt-mt323:qt-mt323.dll
 0001:0000e474       ?spacerItem@QLayoutItem@@UAEPAVQSpacerItem@@XZ 0040f474 f   qt-mt323:qt-mt323.dll
 0001:0000e47a       ?spacerItem@QSpacerItem@@UAEPAV1@XZ 0040f47a f   qt-mt323:qt-mt323.dll
 0001:0000e480       ?stepChange@QRangeControl@@MAEXXZ 0040f480 f   qt-mt323:qt-mt323.dll
 0001:0000e486       ?stepDown@QSpinBox@@UAEXXZ 0040f486 f   qt-mt323:qt-mt323.dll
 0001:0000e48c       ?stepUp@QSpinBox@@UAEXXZ   0040f48c f   qt-mt323:qt-mt323.dll
 0001:0000e492       ?styleChange@QFrame@@MAEXAAVQStyle@@@Z 0040f492 f   qt-mt323:qt-mt323.dll
 0001:0000e498       ?styleChange@QMainWindow@@MAEXAAVQStyle@@@Z 0040f498 f   qt-mt323:qt-mt323.dll
 0001:0000e49e       ?styleChange@QPopupMenu@@MAEXAAVQStyle@@@Z 0040f49e f   qt-mt323:qt-mt323.dll
 0001:0000e4a4       ?styleChange@QSpinBox@@MAEXAAVQStyle@@@Z 0040f4a4 f   qt-mt323:qt-mt323.dll
 0001:0000e4aa       ?styleChange@QToolBar@@MAEXAAVQStyle@@@Z 0040f4aa f   qt-mt323:qt-mt323.dll
 0001:0000e4b0       ?styleChange@QWidget@@MAEXAAVQStyle@@@Z 0040f4b0 f   qt-mt323:qt-mt323.dll
 0001:0000e4b6       ?suffix@QSpinBox@@UBE?AVQString@@XZ 0040f4b6 f   qt-mt323:qt-mt323.dll
 0001:0000e4bc       ?tabletEvent@QWidget@@MAEXPAVQTabletEvent@@@Z 0040f4bc f   qt-mt323:qt-mt323.dll
 0001:0000e4c2       ?timerEvent@QObject@@MAEXPAVQTimerEvent@@@Z 0040f4c2 f   qt-mt323:qt-mt323.dll
 0001:0000e4c8       ?timerEvent@QPopupMenu@@MAEXPAVQTimerEvent@@@Z 0040f4c8 f   qt-mt323:qt-mt323.dll
 0001:0000e4ce       ?undock@QDockWindow@@UAEXPAVQWidget@@@Z 0040f4ce f   qt-mt323:qt-mt323.dll
 0001:0000e4d4       ?undock@QDockWindow@@UAEXXZ 0040f4d4 f   qt-mt323:qt-mt323.dll
 0001:0000e4da       ?unsetCursor@QWidget@@UAEXXZ 0040f4da f   qt-mt323:qt-mt323.dll
 0001:0000e4e0       ?updateDisplay@QSpinBox@@MAEXXZ 0040f4e0 f   qt-mt323:qt-mt323.dll
 0001:0000e4e6       ?updateItem@QPopupMenu@@UAEXH@Z 0040f4e6 f   qt-mt323:qt-mt323.dll
 0001:0000e4ec       ?updateMask@QCheckBox@@MAEXXZ 0040f4ec f   qt-mt323:qt-mt323.dll
 0001:0000e4f2       ?updateMask@QPushButton@@MAEXXZ 0040f4f2 f   qt-mt323:qt-mt323.dll
 0001:0000e4f8       ?updateMask@QWidget@@MAEXXZ 0040f4f8 f   qt-mt323:qt-mt323.dll
 0001:0000e4fe       ?valueChange@QSpinBox@@MAEXXZ 0040f4fe f   qt-mt323:qt-mt323.dll
 0001:0000e504       ?whatsThis@QMainWindow@@UAEXXZ 0040f504 f   qt-mt323:qt-mt323.dll
 0001:0000e50a       ?wheelEvent@QSpinBox@@MAEXPAVQWheelEvent@@@Z 0040f50a f   qt-mt323:qt-mt323.dll
 0001:0000e510       ?wheelEvent@QWidget@@MAEXPAVQWheelEvent@@@Z 0040f510 f   qt-mt323:qt-mt323.dll
 0001:0000e516       ?widget@QLayoutItem@@UAEPAVQWidget@@XZ 0040f516 f   qt-mt323:qt-mt323.dll
 0001:0000e51c       ?winEvent@QWidget@@MAE_NPAUtagMSG@@@Z 0040f51c f   qt-mt323:qt-mt323.dll
 0001:0000e522       ?windowActivationChange@QWidget@@MAEX_N@Z 0040f522 f   qt-mt323:qt-mt323.dll
 0001:0000e528       ?keyPressEvent@QLineEdit@@MAEXPAVQKeyEvent@@@Z 0040f528 f   qt-mt323:qt-mt323.dll
 0001:0000e52e       ?clear@QLineEdit@@UAEXXZ   0040f52e f   qt-mt323:qt-mt323.dll
 0001:0000e534       ?clearValidator@QLineEdit@@UAEXXZ 0040f534 f   qt-mt323:qt-mt323.dll
 0001:0000e53a       ?contextMenuEvent@QLineEdit@@MAEXPAVQContextMenuEvent@@@Z 0040f53a f   qt-mt323:qt-mt323.dll
 0001:0000e540       ?copy@QLineEdit@@UBEXXZ    0040f540 f   qt-mt323:qt-mt323.dll
 0001:0000e546       ?createPopupMenu@QLineEdit@@MAEPAVQPopupMenu@@XZ 0040f546 f   qt-mt323:qt-mt323.dll
 0001:0000e54c       ?cut@QLineEdit@@UAEXXZ     0040f54c f   qt-mt323:qt-mt323.dll
 0001:0000e552       ?deselect@QLineEdit@@UAEXXZ 0040f552 f   qt-mt323:qt-mt323.dll
 0001:0000e558       ?dragEnterEvent@QLineEdit@@MAEXPAVQDragEnterEvent@@@Z 0040f558 f   qt-mt323:qt-mt323.dll
 0001:0000e55e       ?dragLeaveEvent@QLineEdit@@MAEXPAVQDragLeaveEvent@@@Z 0040f55e f   qt-mt323:qt-mt323.dll
 0001:0000e564       ?dragMoveEvent@QLineEdit@@MAEXPAVQDragMoveEvent@@@Z 0040f564 f   qt-mt323:qt-mt323.dll
 0001:0000e56a       ?drawContents@QLineEdit@@MAEXPAVQPainter@@@Z 0040f56a f   qt-mt323:qt-mt323.dll
 0001:0000e570       ?dropEvent@QLineEdit@@MAEXPAVQDropEvent@@@Z 0040f570 f   qt-mt323:qt-mt323.dll
 0001:0000e576       ?event@QLineEdit@@MAE_NPAVQEvent@@@Z 0040f576 f   qt-mt323:qt-mt323.dll
 0001:0000e57c       ?focusInEvent@QLineEdit@@MAEXPAVQFocusEvent@@@Z 0040f57c f   qt-mt323:qt-mt323.dll
 0001:0000e582       ?focusOutEvent@QLineEdit@@MAEXPAVQFocusEvent@@@Z 0040f582 f   qt-mt323:qt-mt323.dll
 0001:0000e588       ?imComposeEvent@QLineEdit@@MAEXPAVQIMEvent@@@Z 0040f588 f   qt-mt323:qt-mt323.dll
 0001:0000e58e       ?imEndEvent@QLineEdit@@MAEXPAVQIMEvent@@@Z 0040f58e f   qt-mt323:qt-mt323.dll
 0001:0000e594       ?imStartEvent@QLineEdit@@MAEXPAVQIMEvent@@@Z 0040f594 f   qt-mt323:qt-mt323.dll
 0001:0000e59a       ?insert@QLineEdit@@UAEXABVQString@@@Z 0040f59a f   qt-mt323:qt-mt323.dll
 0001:0000e5a0       ?minimumSizeHint@QLineEdit@@UBE?AVQSize@@XZ 0040f5a0 f   qt-mt323:qt-mt323.dll
 0001:0000e5a6       ?mouseDoubleClickEvent@QLineEdit@@MAEXPAVQMouseEvent@@@Z 0040f5a6 f   qt-mt323:qt-mt323.dll
 0001:0000e5ac       ?mouseMoveEvent@QLineEdit@@MAEXPAVQMouseEvent@@@Z 0040f5ac f   qt-mt323:qt-mt323.dll
 0001:0000e5b2       ?mousePressEvent@QLineEdit@@MAEXPAVQMouseEvent@@@Z 0040f5b2 f   qt-mt323:qt-mt323.dll
 0001:0000e5b8       ?mouseReleaseEvent@QLineEdit@@MAEXPAVQMouseEvent@@@Z 0040f5b8 f   qt-mt323:qt-mt323.dll
 0001:0000e5be       ?paste@QLineEdit@@UAEXXZ   0040f5be f   qt-mt323:qt-mt323.dll
 0001:0000e5c4       ?redo@QLineEdit@@UAEXXZ    0040f5c4 f   qt-mt323:qt-mt323.dll
 0001:0000e5ca       ?resizeEvent@QLineEdit@@MAEXPAVQResizeEvent@@@Z 0040f5ca f   qt-mt323:qt-mt323.dll
 0001:0000e5d0       ?selectAll@QLineEdit@@UAEXXZ 0040f5d0 f   qt-mt323:qt-mt323.dll
 0001:0000e5d6       ?setAlignment@QLineEdit@@UAEXH@Z 0040f5d6 f   qt-mt323:qt-mt323.dll
 0001:0000e5dc       ?setCursorPosition@QLineEdit@@UAEXH@Z 0040f5dc f   qt-mt323:qt-mt323.dll
 0001:0000e5e2       ?setDragEnabled@QLineEdit@@UAEX_N@Z 0040f5e2 f   qt-mt323:qt-mt323.dll
 0001:0000e5e8       ?setEchoMode@QLineEdit@@UAEXW4EchoMode@1@@Z 0040f5e8 f   qt-mt323:qt-mt323.dll
 0001:0000e5ee       ?setFont@QLineEdit@@UAEXABVQFont@@@Z 0040f5ee f   qt-mt323:qt-mt323.dll
 0001:0000e5f4       ?setFrame@QLineEdit@@UAEX_N@Z 0040f5f4 f   qt-mt323:qt-mt323.dll
 0001:0000e5fa       ?setMaxLength@QLineEdit@@UAEXH@Z 0040f5fa f   qt-mt323:qt-mt323.dll
 0001:0000e600       ?setPalette@QLineEdit@@UAEXABVQPalette@@@Z 0040f600 f   qt-mt323:qt-mt323.dll
 0001:0000e606       ?setReadOnly@QLineEdit@@UAEX_N@Z 0040f606 f   qt-mt323:qt-mt323.dll
 0001:0000e60c       ?setSelection@QLineEdit@@UAEXHH@Z 0040f60c f   qt-mt323:qt-mt323.dll
 0001:0000e612       ?setText@QLineEdit@@UAEXABVQString@@@Z 0040f612 f   qt-mt323:qt-mt323.dll
 0001:0000e618       ?setValidator@QLineEdit@@UAEXPBVQValidator@@@Z 0040f618 f   qt-mt323:qt-mt323.dll
 0001:0000e61e       ?sizeHint@QLineEdit@@UBE?AVQSize@@XZ 0040f61e f   qt-mt323:qt-mt323.dll
 0001:0000e624       ?undo@QLineEdit@@UAEXXZ    0040f624 f   qt-mt323:qt-mt323.dll
 0001:0000e62a       ?windowActivationChange@QLineEdit@@MAEX_N@Z 0040f62a f   qt-mt323:qt-mt323.dll
 0001:0000e630       ?compareItems@QGList@@MAEHPAX0@Z 0040f630 f   qt-mt323:qt-mt323.dll
 0001:0000e636       ?newItem@QPtrCollection@@MAEPAXPAX@Z 0040f636 f   qt-mt323:qt-mt323.dll
 0001:0000e63c       ?read@QGList@@MAEAAVQDataStream@@AAV2@AAPAX@Z 0040f63c f   qt-mt323:qt-mt323.dll
 0001:0000e642       ?sizeHint@QWidget@@UBE?AVQSize@@XZ 0040f642 f   qt-mt323:qt-mt323.dll
 0001:0000e648       ?write@QGList@@MBEAAVQDataStream@@AAV2@PAX@Z 0040f648 f   qt-mt323:qt-mt323.dll
 0001:0000e64e       ?qt_cast@QLineEdit@@UAEPAXPBD@Z 0040f64e f   qt-mt323:qt-mt323.dll
 0001:0000e654       ?qt_invoke@QLineEdit@@UAE_NHPAUQUObject@@@Z 0040f654 f   qt-mt323:qt-mt323.dll
 0001:0000e65a       ?qt_emit@QLineEdit@@UAE_NHPAUQUObject@@@Z 0040f65a f   qt-mt323:qt-mt323.dll
[...]
 0002:000096ac       __unwindtable$?cccRtrRevertive@revertiveImpl@@QAEXHHH@Z 0041c6ac     revertiveImpl.obj
 0002:000096ac       __unwindtable$?cccDatabaseChange@revertiveImpl@@QAEXHHH@Z 0041c6ac     revertiveImpl.obj
 0002:000096ac       __unwindtable$?cccGpiRevertive@revertiveImpl@@QAEXHH_N@Z 0041c6ac     revertiveImpl.obj
 0002:000096cc       __ehfuncinfo$?cccRtrRevertive@revertiveImpl@@QAEXHHH@Z 0041c6cc     revertiveImpl.obj
 0002:000096cc       __ehfuncinfo$?cccGpiRevertive@revertiveImpl@@QAEXHH_N@Z 0041c6cc     revertiveImpl.obj
 0002:000096cc       __ehfuncinfo$?cccDatabaseChange@revertiveImpl@@QAEXHHH@Z 0041c6cc     revertiveImpl.obj
 0002:000096f0       __ehfuncinfo$?cccDeviceMessage@revertiveImpl@@QAEXHHABV?$basic_string@DU?$char_traits@D@std@@V?$allocator@D@2@@std@@H@Z 0041c6f0     revertiveImpl.obj
 0002:00009714       __unwindtable$?cccDeviceMessage@revertiveImpl@@QAEXHHABV?$basic_string@DU?$char_traits@D@std@@V?$allocator@D@2@@std@@H@Z 0041c714     revertiveImpl.obj
 0002:00009744       __unwindtable$??_GrevertiveImpl@@UAEPAXI@Z 0041c744     revertiveImpl.obj
 0002:0000974c       __ehfuncinfo$??_GrevertiveImpl@@UAEPAXI@Z 0041c74c     revertiveImpl.obj
 0002:00009770       __unwindtable$?qt_invoke@revertiveImpl@@UAE_NHPAUQUObject@@@Z 0041c770     moc_commandimpl.obj
 0002:00009770       __unwindtable$?qt_invoke@command@@UAE_NHPAUQUObject@@@Z 0041c770     moc_commandimpl.obj
 0002:00009780       __ehfuncinfo$?qt_invoke@revertiveImpl@@UAE_NHPAUQUObject@@@Z 0041c780     moc_commandimpl.obj
 0002:00009780       __ehfuncinfo$?qt_invoke@command@@UAE_NHPAUQUObject@@@Z 0041c780     moc_commandimpl.obj
 0002:000097a4       __unwindtable$?qt_emit@command@@UAE_NHPAUQUObject@@@Z 0041c7a4     moc_commandimpl.obj
 0002:000097ac       __ehfuncinfo$?qt_emit@command@@UAE_NHPAUQUObject@@@Z 0041c7ac     moc_commandimpl.obj
 0002:000097d0       __unwindtable$?qt_invoke@commandLine@@UAE_NHPAUQUObject@@@Z 0041c7d0     moc_commandLine.obj
 0002:000097d8       __ehfuncinfo$?qt_invoke@commandLine@@UAE_NHPAUQUObject@@@Z 0041c7d8     moc_commandLine.obj
 0002:000097fc       __unwindtable$?sig_commandLineRegisterFor@commandLine@@IAEXABH00@Z 0041c7fc     moc_commandLine.obj
 0002:000097fc       __unwindtable$?sig_commandRegisterFor@command@@IAEXABH00@Z 0041c7fc     moc_commandLine.obj
 0002:00009804       __ehfuncinfo$?sig_commandRegisterFor@command@@IAEXABH00@Z 0041c804     moc_commandLine.obj
 0002:00009804       __ehfuncinfo$?sig_commandLineRegisterFor@commandLine@@IAEXABH00@Z 0041c804     moc_commandLine.obj
 0002:00009828       __unwindtable$?log@commandLine@@IAEXABVQString@@@Z 0041c828     moc_commandLine.obj
 0002:00009830       __ehfuncinfo$?log@commandLine@@IAEXABVQString@@@Z 0041c830     moc_commandLine.obj
 0002:00009854       __ehfuncinfo$??0revertiveDisplay@@QAE@PAVQWidget@@PBDI@Z 0041c854     revertiveDisplay.obj
 0002:00009878       __unwindtable$??0revertiveDisplay@@QAE@PAVQWidget@@PBDI@Z 0041c878     revertiveDisplay.obj
 0002:00009938       __ehfuncinfo$?languageChange@revertiveDisplay@@MAEXXZ 0041c938     revertiveDisplay.obj
 0002:0000995c       __unwindtable$?languageChange@revertiveDisplay@@MAEXXZ 0041c95c     revertiveDisplay.obj
 0002:000099b4       __unwindtable$??0ccClient@@QAE@PAVIccClientCallback@@ABV?$basic_string@DU?$char_traits@D@std@@V?$allocator@D@2@@std@@@Z 0041c9b4     ccLibrary_vs2013:ccClient.obj
 0002:000099c4       __ehfuncinfo$??0ccClient@@QAE@PAVIccClientCallback@@ABV?$basic_string@DU?$char_traits@D@std@@V?$allocator@D@2@@std@@@Z 0041c9c4     ccLibrary_vs2013:ccClient.obj
 0002:000099e8       __unwindtable$?push_back@?$deque@V?$basic_string@DU?$char_traits@D@std@@V?$allocator@D@2@@std@@V?$allocator@V?$basic_string@DU?$char_traits@D@std@@V?$allocator@D@2@@std@@@2@@std@@QAEXABV?$basic_string@DU?$char_traits@D@std@@V?$allocator@D@2@@2@@Z 0041c9e8     ccLibrary_vs2013:ccClient.obj
 0002:000099f0       __ehfuncinfo$?push_back@?$deque@V?$basic_string@DU?$char_traits@D@std@@V?$allocator@D@2@@std@@V?$allocator@V?$basic_string@DU?$char_traits@D@std@@V?$allocator@D@2@@std@@@2@@std@@QAEXABV?$basic_string@DU?$char_traits@D@std@@V?$allocator@D@2@@2@@Z 0041c9f0     ccLibrary_vs2013:ccClient.obj
 0002:00009a14       __ehfuncinfo$?WndProc@ccClient@@CGJPAUHWND__@@IIJ@Z 0041ca14     ccLibrary_vs2013:ccClient.obj
 0002:00009a38       __unwindtable$?WndProc@ccClient@@CGJPAUHWND__@@IIJ@Z 0041ca38     ccLibrary_vs2013:ccClient.obj
 0002:00009a78       __unwindtable$?devicePoll@ccClient@@AAEXDHHH_N@Z 0041ca78     ccLibrary_vs2013:ccClient.obj
 0002:00009a78       __unwindtable$?deviceLock@ccClient@@AAEXDHHH_N0H@Z 0041ca78     ccLibrary_vs2013:ccClient.obj
 0002:00009a78       __unwindtable$?deviceQuery@ccClient@@AAEXDHHH_N@Z 0041ca78     ccLibrary_vs2013:ccClient.obj
 0002:00009a80       __ehfuncinfo$?deviceQuery@ccClient@@AAEXDHHH_N@Z 0041ca80     ccLibrary_vs2013:ccClient.obj
 0002:00009a80       __ehfuncinfo$?deviceLock@ccClient@@AAEXDHHH_N0H@Z 0041ca80     ccLibrary_vs2013:ccClient.obj
 0002:00009a80       __ehfuncinfo$?devicePoll@ccClient@@AAEXDHHH_N@Z 0041ca80     ccLibrary_vs2013:ccClient.obj
 0002:00009aa4       __unwindtable$?checkIndex@ccCheck@@QAE_NI@Z 0041caa4     ccLibrary_vs2013:ccCheck.obj
 0002:00009aa4       __unwindtable$?checkSource@ccCheck@@QAE_NH@Z 0041caa4     ccLibrary_vs2013:ccCheck.obj
 0002:00009aa4       __unwindtable$?checkDevice@ccCheck@@QAE_NI@Z 0041caa4     ccLibrary_vs2013:ccCheck.obj
 0002:00009ab4       __ehfuncinfo$?checkDevice@ccCheck@@QAE_NI@Z 0041cab4     ccLibrary_vs2013:ccCheck.obj
 0002:00009ab4       __ehfuncinfo$?checkIndex@ccCheck@@QAE_NI@Z 0041cab4     ccLibrary_vs2013:ccCheck.obj
 0002:00009ab4       __ehfuncinfo$?checkSource@ccCheck@@QAE_NH@Z 0041cab4     ccLibrary_vs2013:ccCheck.obj
 0002:00009ad8       __unwindtable$?checkIndexRange@ccCheck@@QAE_NII@Z 0041cad8     ccLibrary_vs2013:ccCheck.obj
 0002:00009ae0       __ehfuncinfo$?checkIndexRange@ccCheck@@QAE_NII@Z 0041cae0     ccLibrary_vs2013:ccCheck.obj
 0002:00009b04       __unwindtable$?checkDatabase@ccCheck@@QAE_NII@Z 0041cb04     ccLibrary_vs2013:ccCheck.obj
 0002:00009b14       __ehfuncinfo$?checkDatabase@ccCheck@@QAE_NII@Z 0041cb14     ccLibrary_vs2013:ccCheck.obj
 0002:00009b38       __unwindtable$?checkString@ccCheck@@QAE_NABV?$basic_string@DU?$char_traits@D@std@@V?$allocator@D@2@@std@@@Z 0041cb38     ccLibrary_vs2013:ccCheck.obj
 0002:00009b40       __ehfuncinfo$?checkString@ccCheck@@QAE_NABV?$basic_string@DU?$char_traits@D@std@@V?$allocator@D@2@@std@@@Z 0041cb40     ccLibrary_vs2013:ccCheck.obj
 0002:00009b64       __unwindtable$?checkWorkstation@ccCheck@@QAE_NI@Z 0041cb64     ccLibrary_vs2013:ccCheck.obj
 0002:00009b74       __ehfuncinfo$?checkWorkstation@ccCheck@@QAE_NI@Z 0041cb74     ccLibrary_vs2013:ccCheck.obj
 0002:00009b98       __unwindtable$?log@ccCheck@@QAEXABV?$basic_string@DU?$char_traits@D@std@@V?$allocator@D@2@@std@@@Z 0041cb98     ccLibrary_vs2013:ccCheck.obj
 0002:00009ba8       __ehfuncinfo$?log@ccCheck@@QAEXABV?$basic_string@DU?$char_traits@D@std@@V?$allocator@D@2@@std@@@Z 0041cba8     ccLibrary_vs2013:ccCheck.obj
 0002:00009bcc       __unwindtable$??$?HDU?$char_traits@D@std@@V?$allocator@D@1@@std@@YA?AV?$basic_string@DU?$char_traits@D@std@@V?$allocator@D@2@@0@PBDABV10@@Z 0041cbcc     ccLibrary_vs2013:ccCheck.obj
 0002:00009bcc       __unwindtable$??$?HDU?$char_traits@D@std@@V?$allocator@D@1@@std@@YA?AV?$basic_string@DU?$char_traits@D@std@@V?$allocator@D@2@@0@ABV10@PBD@Z 0041cbcc     ccLibrary_vs2013:ccCheck.obj
 0002:00009bd4       __ehfuncinfo$??$?HDU?$char_traits@D@std@@V?$allocator@D@1@@std@@YA?AV?$basic_string@DU?$char_traits@D@std@@V?$allocator@D@2@@0@PBDABV10@@Z 0041cbd4     ccLibrary_vs2013:ccCheck.obj
 0002:00009bd4       __ehfuncinfo$??$?HDU?$char_traits@D@std@@V?$allocator@D@1@@std@@YA?AV?$basic_string@DU?$char_traits@D@std@@V?$allocator@D@2@@0@ABV10@PBD@Z 0041cbd4     ccLibrary_vs2013:ccCheck.obj
 0002:00009bf8       __unwindtable$?getInt@ccConfig@@SAHABV?$basic_string@DU?$char_traits@D@std@@V?$allocator@D@2@@std@@00H_N@Z 0041cbf8     ccLibrary_vs2013:ccConfig.obj
 0002:00009c08       __ehfuncinfo$?getInt@ccConfig@@SAHABV?$basic_string@DU?$char_traits@D@std@@V?$allocator@D@2@@std@@00H_N@Z 0041cc08     ccLibrary_vs2013:ccConfig.obj
 0002:00009c2c       __unwindtable$?getDevPath@ccConfig@@SA?AV?$basic_string@DU?$char_traits@D@std@@V?$allocator@D@2@@std@@XZ 0041cc2c     ccLibrary_vs2013:ccConfig.obj
 0002:00009c44       __ehfuncinfo$?getDevPath@ccConfig@@SA?AV?$basic_string@DU?$char_traits@D@std@@V?$allocator@D@2@@std@@XZ 0041cc44     ccLibrary_vs2013:ccConfig.obj
 0002:00009c68       __ehfuncinfo$?workstation@ccConfig@@SAHXZ 0041cc68     ccLibrary_vs2013:ccConfig.obj
 0002:00009c8c       __unwindtable$?workstation@ccConfig@@SAHXZ 0041cc8c     ccLibrary_vs2013:ccConfig.obj
 0002:00009cd8       __sehtable$__onexit        0041ccd8     MSVCRT:atonexit.obj
 0002:00009cf8       __sehtable$??_L@YGXPAXIHP6EX0@Z1@Z 0041ccf8     MSVCRT:ehvecctr.obj
 0002:00009d18       __sehtable$??_M@YGXPAXIHP6EX0@Z@Z 0041cd18     MSVCRT:ehvecdtr.obj
 0002:00009d38       __sehtable$?__ArrayUnwind@@YGXPAXIHP6EX0@Z@Z 0041cd38     MSVCRT:ehvecdtr.obj
 0002:00009d58       __sehtable$___tmainCRTStartup 0041cd58     MSVCRT:crtexew.obj
 0002:00009d78       __sehtable$__IsNonwritableInCurrentImage 0041cd78     MSVCRT:pesect.obj
 0002:00014770       .idata$6                   00427770     qt-mt323:qt-mt323.dll
 0002:00014832       .idata$6                   00427832     kernel32:KERNEL32.dll
 0002:00014914       .idata$6                   00427914     user32:USER32.dll
 0002:000149ba       .idata$6                   004279ba     msvcprt:MSVCP120.dll
 0002:00014ab6       .idata$6                   00427ab6     MSVCRT:MSVCR120.dll
 0002:00014cb4       .idata$6                   00427cb4     bncsif32:BNCSIF32.dll
 0002:00014d04       .idata$6                   00427d04     version:VERSION.dll
 0003:00000000       _save_pxm                  00428000     bcommandmainwindow.obj
 0003:00000058       _open_xpm                  00428058     bcommandmainwindow.obj
 0003:000000b0       _new_xpm                   004280b0     bcommandmainwindow.obj
 0003:00000100       _bC_large_Icon_32          00428100     bcommandmainwindow.obj
 0003:0000038c       ?param_slot_7@?3??staticMetaObject@bCommandMainWindow@@SAPAVQMetaObject@@XZ@4QBUQUParameter@@B 0042838c     moc_bcommandmainwindow.obj
 0003:0000039c       ?param_slot_8@?3??staticMetaObject@bCommandMainWindow@@SAPAVQMetaObject@@XZ@4QBUQUParameter@@B 0042839c     moc_bcommandmainwindow.obj
 0003:000003ac       ?param_slot_9@?3??staticMetaObject@bCommandMainWindow@@SAPAVQMetaObject@@XZ@4QBUQUParameter@@B 004283ac     moc_bcommandmainwindow.obj
 0003:000003bc       ?param_slot_2@?3??staticMetaObject@command@@SAPAVQMetaObject@@XZ@4QBUQUParameter@@B 004283bc     moc_commandimpl.obj
 0003:000003cc       ?param_slot_6@?3??staticMetaObject@command@@SAPAVQMetaObject@@XZ@4QBUQUParameter@@B 004283cc     moc_commandimpl.obj
 0003:000003fc       ?param_signal_0@?3??staticMetaObject@command@@SAPAVQMetaObject@@XZ@4QBUQUParameter@@B 004283fc     moc_commandimpl.obj
 0003:0000040c       ?param_signal_2@?3??staticMetaObject@command@@SAPAVQMetaObject@@XZ@4QBUQUParameter@@B 0042840c     moc_commandimpl.obj
 0003:0000041c       ?param_slot_5@?3??staticMetaObject@commandLine@@SAPAVQMetaObject@@XZ@4QBUQUParameter@@B 0042841c     moc_commandLine.obj
 0003:0000042c       ?param_signal_4@?3??staticMetaObject@commandLine@@SAPAVQMetaObject@@XZ@4QBUQUParameter@@B 0042842c     moc_commandLine.obj
 0003:0000043c       ?param_slot_0@?3??staticMetaObject@revertiveImpl@@SAPAVQMetaObject@@XZ@4QBUQUParameter@@B 0042843c     moc_revertiveImpl.obj
 0003:0000044c       ?param_slot_3@?3??staticMetaObject@revertiveImpl@@SAPAVQMetaObject@@XZ@4QBUQUParameter@@B 0042844c     moc_revertiveImpl.obj
 0003:0000045c       ?param_slot_5@?3??staticMetaObject@revertiveImpl@@SAPAVQMetaObject@@XZ@4QBUQUParameter@@B 0042845c     moc_revertiveImpl.obj
 0003:0000046c       ?param_slot_7@?3??staticMetaObject@revertiveImpl@@SAPAVQMetaObject@@XZ@4QBUQUParameter@@B 0042846c     moc_revertiveImpl.obj
 0003:0000049c       ?param_slot_8@?3??staticMetaObject@revertiveImpl@@SAPAVQMetaObject@@XZ@4QBUQUParameter@@B 0042849c     moc_revertiveImpl.obj
 0003:000004cc       ?param_slot_9@?3??staticMetaObject@revertiveImpl@@SAPAVQMetaObject@@XZ@4QBUQUParameter@@B 004284cc     moc_revertiveImpl.obj
 0003:000004e0       _BNCS_CCCLIENT_SIG         004284e0     ccLibrary_vs2013:ccClient.obj
 0003:00000548       _BNCS_CCCHECK_SIG          00428548     ccLibrary_vs2013:ccCheck.obj
 0003:000005b0       _BNCS_CCCONFIG_SIG         004285b0     ccLibrary_vs2013:ccConfig.obj
 0003:00000630       _BNCS_BNCSWM32_SIG         00428630     bncswm32:BncsWM32.obj
 0003:00000bc8       _allocator_arg             00428bc8     bcommandmainwindow.obj
 0003:00000bc9       _piecewise_construct       00428bc9     bcommandmainwindow.obj
 0003:00000bd4       _allocator_arg             00428bd4     commandimpl.obj
 0003:00000bd5       _piecewise_construct       00428bd5     commandimpl.obj
 0003:00000bd8       _allocator_arg             00428bd8     commandLine.obj
 0003:00000bd9       _piecewise_construct       00428bd9     commandLine.obj
 0003:00000be4       _allocator_arg             00428be4     main.obj
 0003:00000be5       _piecewise_construct       00428be5     main.obj
 0003:00000bec       _cleanUp_commandEdit       00428bec     moc_commandEdit.obj
 0003:00000bf0       ?param_slot_0@?3??staticMetaObject@commandEdit@@SAPAVQMetaObject@@XZ@4QBUQUParameter@@B 00428bf0     moc_commandEdit.obj
 0003:00000c00       ?$S1@?3??staticMetaObject@commandEdit@@SAPAVQMetaObject@@XZ@4IA 00428c00     moc_commandEdit.obj
 0003:00000c04       _allocator_arg             00428c04     revertiveImpl.obj
 0003:00000c05       _piecewise_construct       00428c05     revertiveImpl.obj
 0003:00000c0c       _cleanUp_bCommandMainWindow 00428c0c     moc_bcommandmainwindow.obj
 0003:00000c10       _allocator_arg             00428c10     moc_bcommandmainwindow.obj
 0003:00000c11       _piecewise_construct       00428c11     moc_bcommandmainwindow.obj
 0003:00000c14       ?$S1@?3??staticMetaObject@bCommandMainWindow@@SAPAVQMetaObject@@XZ@4IA 00428c14     moc_bcommandmainwindow.obj
 0003:00000c18       ?param_slot_10@?3??staticMetaObject@bCommandMainWindow@@SAPAVQMetaObject@@XZ@4QBUQUParameter@@B 00428c18     moc_bcommandmainwindow.obj
 0003:00000c28       ?param_slot_11@?3??staticMetaObject@bCommandMainWindow@@SAPAVQMetaObject@@XZ@4QBUQUParameter@@B 00428c28     moc_bcommandmainwindow.obj
 0003:00000c3c       _cleanUp_command           00428c3c     moc_commandimpl.obj
 0003:00000c40       ?$S1@?3??staticMetaObject@command@@SAPAVQMetaObject@@XZ@4IA 00428c40     moc_commandimpl.obj
 0003:00000c44       ?param_slot_3@?3??staticMetaObject@command@@SAPAVQMetaObject@@XZ@4QBUQUParameter@@B 00428c44     moc_commandimpl.obj
 0003:00000c54       ?param_signal_1@?3??staticMetaObject@command@@SAPAVQMetaObject@@XZ@4QBUQUParameter@@B 00428c54     moc_commandimpl.obj
 0003:00000c88       _allocator_arg             00428c88     moc_commandLine.obj
 0003:00000c89       _piecewise_construct       00428c89     moc_commandLine.obj
 0003:00000c8c       _cleanUp_commandLine       00428c8c     moc_commandLine.obj
 0003:00000c90       ?param_slot_2@?3??staticMetaObject@commandLine@@SAPAVQMetaObject@@XZ@4QBUQUParameter@@B 00428c90     moc_commandLine.obj
 0003:00000cb0       ?$S1@?3??staticMetaObject@commandLine@@SAPAVQMetaObject@@XZ@4IA 00428cb0     moc_commandLine.obj
 0003:00000cb4       ?param_slot_3@?3??staticMetaObject@commandLine@@SAPAVQMetaObject@@XZ@4QBUQUParameter@@B 00428cb4     moc_commandLine.obj
 0003:00000cc4       ?param_signal_0@?3??staticMetaObject@commandLine@@SAPAVQMetaObject@@XZ@4QBUQUParameter@@B 00428cc4     moc_commandLine.obj
 0003:00000cd4       ?param_signal_1@?3??staticMetaObject@commandLine@@SAPAVQMetaObject@@XZ@4QBUQUParameter@@B 00428cd4     moc_commandLine.obj
 0003:00000ce4       ?param_signal_3@?3??staticMetaObject@commandLine@@SAPAVQMetaObject@@XZ@4QBUQUParameter@@B 00428ce4     moc_commandLine.obj
 0003:00000d18       _cleanUp_revertiveDisplay  00428d18     moc_revertiveDisplay.obj
 0003:00000d20       _allocator_arg             00428d20     moc_revertiveImpl.obj
 0003:00000d21       _piecewise_construct       00428d21     moc_revertiveImpl.obj
 0003:00000d24       _cleanUp_revertiveImpl     00428d24     moc_revertiveImpl.obj
 0003:00000d28       ?$S1@?3??staticMetaObject@revertiveImpl@@SAPAVQMetaObject@@XZ@4IA 00428d28     moc_revertiveImpl.obj
 0003:00000d2c       ?param_slot_2@?3??staticMetaObject@revertiveImpl@@SAPAVQMetaObject@@XZ@4QBUQUParameter@@B 00428d2c     moc_revertiveImpl.obj
 0003:00000d3c       ?param_slot_4@?3??staticMetaObject@revertiveImpl@@SAPAVQMetaObject@@XZ@4QBUQUParameter@@B 00428d3c     moc_revertiveImpl.obj
 0003:00000d4c       __Tuple_alloc              00428d4c     ccLibrary_vs2013:ccClient.obj
 0003:00000d4d       _ignore                    00428d4d     ccLibrary_vs2013:ccClient.obj
 0003:00000d4e       _allocator_arg             00428d4e     ccLibrary_vs2013:ccClient.obj
 0003:00000d4f       _piecewise_construct       00428d4f     ccLibrary_vs2013:ccClient.obj
 0003:00000d50       _allocator_arg             00428d50     ccLibrary_vs2013:ccCheck.obj
 0003:00000d51       _piecewise_construct       00428d51     ccLibrary_vs2013:ccCheck.obj
 0003:00000d52       __Tuple_alloc              00428d52     ccLibrary_vs2013:ccConfig.obj
 0003:00000d53       _ignore                    00428d53     ccLibrary_vs2013:ccConfig.obj
 0003:00000d54       _allocator_arg             00428d54     ccLibrary_vs2013:ccConfig.obj
 0003:00000d55       _piecewise_construct       00428d55     ccLibrary_vs2013:ccConfig.obj
 0003:00000d58       _has_cctor                 00428d58     MSVCRT:crtexew.obj
 0003:00000d5c       _mainret                   00428d5c     MSVCRT:crtexew.obj
 0003:00000d60       _managedapp                00428d60     MSVCRT:crtexew.obj
 0003:00000d64       _argc                      00428d64     MSVCRT:crtexew.obj
 0003:00000d68       _argv                      00428d68     MSVCRT:crtexew.obj
 0003:00000d6c       _envp                      00428d6c     MSVCRT:crtexew.obj
 0003:00000d70       _argret                    00428d70     MSVCRT:crtexew.obj
 0003:00000d74       _startinfo                 00428d74     MSVCRT:crtexew.obj
 0003:00000d78       _GS_ExceptionRecord        00428d78     MSVCRT:gs_report.obj
 0003:00000dc8       _GS_ContextRecord          00428dc8     MSVCRT:gs_report.obj
 0003:00001094       _DebuggerWasPresent        00429094     MSVCRT:gs_report.obj
 0003:000010a8       _acCopyDataResult          004290a8     bncswm32:BncsWM32.obj
 0003:000012ac       _lCopyDataResult           004292ac     bncswm32:BncsWM32.obj
 0003:000012b0       ?lResult@?1??BNCS32SendMessage@@9@4JA 004292b0     bncswm32:BncsWM32.obj
 0003:000012b4       ?acNumericData@?1??BNCS32SendMessage@@9@4PADA 004292b4     bncswm32:BncsWM32.obj
 0003:000012c4       ?CDS@?1??BNCS32SendMessage@@9@4UtagCOPYDATASTRUCT@@A 004292c4     bncswm32:BncsWM32.obj
 0003:000012d0       ?uMsg@?1??BNCS32ReceiveMessage@@9@4IA 004292d0     bncswm32:BncsWM32.obj
 0003:000012d4       ?wParam@?1??BNCS32ReceiveMessage@@9@4IA 004292d4     bncswm32:BncsWM32.obj
 0003:000012d8       ?lParam@?1??BNCS32ReceiveMessage@@9@4JA 004292d8     bncswm32:BncsWM32.obj
 0003:000012dc       ?lResult@?1??BNCS32ReceiveMessage@@9@4JA 004292dc     bncswm32:BncsWM32.obj
 0004:00000190       $R000000                   0042a190     version.res
 0004:00000570       $R0003E0                   0042a570     version.res
 0004:00001618       $R001488                   0042b618     version.res
 0004:00003bc0       $R003A30                   0042dbc0     version.res
 0004:00004028       $R003E98                   0042e028     version.res
 0004:00004058       $R003EC8                   0042e058     version.res
