 bCommand

 Timestamp is 56ddffc2 (Mon Mar 07 22:25:06 2016)

 Preferred load address is 00400000

 Start         Length     Name                   Class
 0001:00000000 0000e056H .text                   CODE
 0001:0000e060 0000140dH .text$x                 CODE
 0002:00000000 00000f6cH .idata$5                DATA
 0002:00000f70 00002e34H .rdata                  DATA
 0002:00003da8 000013f8H .xdata$x                DATA
 0002:000051a0 0000008cH .idata$2                DATA
 0002:0000522c 00000014H .idata$3                DATA
 0002:00005240 00000f6cH .idata$4                DATA
 0002:000061ac 0000a278H .idata$6                DATA
 0002:00010424 00000000H .edata                  DATA
 0003:00000000 00000004H .CRT$XCA                DATA
 0003:00000004 00000020H .CRT$XCU                DATA
 0003:00000024 00000004H .CRT$XCZ                DATA
 0003:00000028 00000004H .CRT$XIA                DATA
 0003:0000002c 00000004H .CRT$XIZ                DATA
 0003:00000030 00003424H .data                   DATA
 0003:00003458 00000194H .bss                    DATA
 0004:00000000 00000148H .rsrc$01                DATA
 0004:00000150 00003f80H .rsrc$02                DATA

  Address         Publics by Value              Rva+Base     Lib:Object

 0001:00000000       ??0bCommandMainWindow@@QAE@PAVQWidget@@PBDI@Z 00401000 f   bcommandmainwindow.obj
 0001:00001630       ?cccDisconnected@IccClientCallback@@MAEXXZ 00402630 f i bcommandmainwindow.obj
 0001:00001630       ?cccConnected@IccClientCallback@@MAEXXZ 00402630 f i bcommandmainwindow.obj
 0001:00001640       ?cccGpiRevertive@IccClientCallback@@MAEXHH_N@Z 00402640 f i bcommandmainwindow.obj
 0001:00001640       ?cccDeviceMode@IccClientCallback@@MAEXHHW4redundancyState@cc@@@Z 00402640 f i bcommandmainwindow.obj
 0001:00001640       ?cccDatabaseChange@IccClientCallback@@MAEXHHH@Z 00402640 f i bcommandmainwindow.obj
 0001:00001640       ?cccInfoRevertive@IccClientCallback@@MAEXHHABV?$basic_string@DU?$char_traits@D@std@@V?$allocator@D@2@@std@@@Z 00402640 f i bcommandmainwindow.obj
 0001:00001640       ?cccRtrRevertive@IccClientCallback@@MAEXHHH@Z 00402640 f i bcommandmainwindow.obj
 0001:00001650       ?cccDeviceMessage@IccClientCallback@@MAEXHHABV?$basic_string@DU?$char_traits@D@std@@V?$allocator@D@2@@std@@H@Z 00402650 f i bcommandmainwindow.obj
 0001:00001660       ?cccSerialNumberError@IccClientCallback@@MAEXHH@Z 00402660 f i bcommandmainwindow.obj
 0001:00001660       ?cccPollError@IccClientCallback@@MAEXHH@Z 00402660 f i bcommandmainwindow.obj
 0001:00001670       ?cccConfigChangeMessage@IccClientCallback@@MAEXABV?$basic_string@DU?$char_traits@D@std@@V?$allocator@D@2@@std@@@Z 00402670 f i bcommandmainwindow.obj
 0001:00001680       ?metaObject@bCommandMainWindow@@UBEPAVQMetaObject@@XZ 00402680 f i bcommandmainwindow.obj
 0001:00001690       ??_GQSpacerItem@@UAEPAXI@Z 00402690 f i bcommandmainwindow.obj
 0001:00001690       ??_EQSpacerItem@@UAEPAXI@Z 00402690 f i bcommandmainwindow.obj
 0001:000016b0       ??_EbCommandMainWindow@@UAEPAXI@Z 004026b0 f i bcommandmainwindow.obj
 0001:000016b0       ??_GbCommandMainWindow@@UAEPAXI@Z 004026b0 f i bcommandmainwindow.obj
 0001:000016d0       ??_GQPopupMenu@@UAEPAXI@Z  004026d0 f i bcommandmainwindow.obj
 0001:000016d0       ??_EQPopupMenu@@UAEPAXI@Z  004026d0 f i bcommandmainwindow.obj
 0001:000016f0       ??_GQToolBar@@UAEPAXI@Z    004026f0 f i bcommandmainwindow.obj
 0001:000016f0       ??_EQToolBar@@UAEPAXI@Z    004026f0 f i bcommandmainwindow.obj
 0001:00001710       ??_GQAction@@UAEPAXI@Z     00402710 f i bcommandmainwindow.obj
 0001:00001710       ??_EQAction@@UAEPAXI@Z     00402710 f i bcommandmainwindow.obj
 0001:00001730       ??_GQLabel@@UAEPAXI@Z      00402730 f i bcommandmainwindow.obj
 0001:00001730       ??_EQLabel@@UAEPAXI@Z      00402730 f i bcommandmainwindow.obj
 0001:00001750       ??_GQSpinBox@@UAEPAXI@Z    00402750 f i bcommandmainwindow.obj
 0001:00001750       ??_EQSpinBox@@UAEPAXI@Z    00402750 f i bcommandmainwindow.obj
 0001:00001770       ??_EQCheckBox@@UAEPAXI@Z   00402770 f i bcommandmainwindow.obj
 0001:00001770       ??_GQCheckBox@@UAEPAXI@Z   00402770 f i bcommandmainwindow.obj
 0001:00001790       ??_EQPushButton@@UAEPAXI@Z 00402790 f i bcommandmainwindow.obj
 0001:00001790       ??_GQPushButton@@UAEPAXI@Z 00402790 f i bcommandmainwindow.obj
 0001:000017b0       ??_GQFrame@@UAEPAXI@Z      004027b0 f i bcommandmainwindow.obj
 0001:000017b0       ??_EQFrame@@UAEPAXI@Z      004027b0 f i bcommandmainwindow.obj
 0001:000017d0       ??_GQVBoxLayout@@UAEPAXI@Z 004027d0 f i bcommandmainwindow.obj
 0001:000017d0       ??_EQVBoxLayout@@UAEPAXI@Z 004027d0 f i bcommandmainwindow.obj
 0001:000017f0       ??_EQHBoxLayout@@UAEPAXI@Z 004027f0 f i bcommandmainwindow.obj
 0001:000017f0       ??_GQHBoxLayout@@UAEPAXI@Z 004027f0 f i bcommandmainwindow.obj
 0001:00001810       ??1bCommandMainWindow@@UAE@XZ 00402810 f   bcommandmainwindow.obj
 0001:00001a40       ?toggleTimer@bCommandMainWindow@@QAEX_N@Z 00402a40 f   bcommandmainwindow.obj
 0001:00001aa0       ?timerEvent@bCommandMainWindow@@UAEXPAVQTimerEvent@@@Z 00402aa0 f   bcommandmainwindow.obj
 0001:00001b20       ?timerValueChanged@bCommandMainWindow@@QAEXH@Z 00402b20 f   bcommandmainwindow.obj
 0001:00001b80       ?open@bCommandMainWindow@@QAEXXZ 00402b80 f   bcommandmainwindow.obj
 0001:00001d80       ?save@bCommandMainWindow@@QAEXXZ 00402d80 f   bcommandmainwindow.obj
 0001:00001dc0       ?saveAs@bCommandMainWindow@@QAEXXZ 00402dc0 f   bcommandmainwindow.obj
 0001:00002210       ?saveFile@bCommandMainWindow@@AAEXVQString@@@Z 00403210 f   bcommandmainwindow.obj
 0001:00002590       ?loadFile@bCommandMainWindow@@AAEXVQString@@@Z 00403590 f   bcommandmainwindow.obj
 0001:00002ab0       ?loadSettings@bCommandMainWindow@@AAEXVQStringList@@@Z 00403ab0 f   bcommandmainwindow.obj
 0001:00002c40       ?clearCurrent@bCommandMainWindow@@QAEXXZ 00403c40 f   bcommandmainwindow.obj
 0001:00002e80       ?about@bCommandMainWindow@@QAEXXZ 00403e80 f   bcommandmainwindow.obj
 0001:00003130       ?addRecentFile@bCommandMainWindow@@AAEXVQString@@@Z 00404130 f   bcommandmainwindow.obj
 0001:00003260       ?showFileMenu@bCommandMainWindow@@QAEXXZ 00404260 f   bcommandmainwindow.obj
 0001:000033f0       ?loadRecentFile@bCommandMainWindow@@QAEXABVQVariant@@@Z 004043f0 f   bcommandmainwindow.obj
 0001:00003640       ?copySettings@bCommandMainWindow@@QAEXXZ 00404640 f   bcommandmainwindow.obj
 0001:00003680       ?slot_scriptDirty@bCommandMainWindow@@QAEX_N@Z 00404680 f   bcommandmainwindow.obj
 0001:00003960       ?promptForSave@bCommandMainWindow@@AAE_NXZ 00404960 f   bcommandmainwindow.obj
 0001:00003b10       ?cccDisconnected@bCommandMainWindow@@MAEXXZ 00404b10 f   bcommandmainwindow.obj
 0001:00003b10       ?aboutToQuit@bCommandMainWindow@@QAEXXZ 00404b10 f   bcommandmainwindow.obj
 0001:00003b20       ?derefAndDelete@?$QValueListPrivate@VQString@@@@QAEXXZ 00404b20 f i bcommandmainwindow.obj
 0001:00003b40       ??_E?$QValueListNode@VQString@@@@UAEPAXI@Z 00404b40 f i bcommandmainwindow.obj
 0001:00003b40       ??_G?$QValueListNode@VQString@@@@UAEPAXI@Z 00404b40 f i bcommandmainwindow.obj
 0001:00003b60       ??1?$QValueListNode@VQString@@@@UAE@XZ 00404b60 f i bcommandmainwindow.obj
 0001:00003b90       ??0?$QValueListPrivate@VQString@@@@QAE@XZ 00404b90 f i bcommandmainwindow.obj
 0001:00003c30       ?insert@?$QValueListPrivate@VQString@@@@QAE?AV?$QValueListIterator@VQString@@@@V2@ABVQString@@@Z 00404c30 f i bcommandmainwindow.obj
 0001:00003cb0       ?remove@?$QValueListPrivate@VQString@@@@QAE?AV?$QValueListIterator@VQString@@@@V2@@Z 00404cb0 f i bcommandmainwindow.obj
 0001:00003d10       ?find@?$QValueListPrivate@VQString@@@@QBEPAV?$QValueListNode@VQString@@@@PAV2@ABVQString@@@Z 00404d10 f i bcommandmainwindow.obj
 0001:00003d50       ??_E?$QValueListPrivate@VQString@@@@UAEPAXI@Z 00404d50 f i bcommandmainwindow.obj
 0001:00003d50       ??_G?$QValueListPrivate@VQString@@@@UAEPAXI@Z 00404d50 f i bcommandmainwindow.obj
 0001:00003da0       ??0?$QValueListPrivate@VQString@@@@QAE@ABV0@@Z 00404da0 f i bcommandmainwindow.obj
 0001:00003e80       ?clear@?$QValueListPrivate@VQString@@@@QAEXXZ 00404e80 f i bcommandmainwindow.obj
 0001:00003ec0       ??_EQPopupMenu@@WCI@AEPAXI@Z 00404ec0 f i bcommandmainwindow.obj
 0001:00003ed0       ??_EQPopupMenu@@WIM@AEPAXI@Z 00404ed0 f i bcommandmainwindow.obj
 0001:00003ee0       ??_EQPushButton@@WCI@AEPAXI@Z 00404ee0 f i bcommandmainwindow.obj
 0001:00003ef0       ??_EQLabel@@WCI@AEPAXI@Z   00404ef0 f i bcommandmainwindow.obj
 0001:00003f00       ??_EQHBoxLayout@@WCI@AEPAXI@Z 00404f00 f i bcommandmainwindow.obj
 0001:00003f10       ??_EQVBoxLayout@@WCI@AEPAXI@Z 00404f10 f i bcommandmainwindow.obj
 0001:00003f20       ??_EQToolBar@@WCI@AEPAXI@Z 00404f20 f i bcommandmainwindow.obj
 0001:00003f30       ??_EQFrame@@WCI@AEPAXI@Z   00404f30 f i bcommandmainwindow.obj
 0001:00003f40       ??_EQSpinBox@@WCI@AEPAXI@Z 00404f40 f i bcommandmainwindow.obj
 0001:00003f50       ??_EQSpinBox@@WGM@AEPAXI@Z 00404f50 f i bcommandmainwindow.obj
 0001:00003f60       ??_EQCheckBox@@WCI@AEPAXI@Z 00404f60 f i bcommandmainwindow.obj
 0001:00003f70       ??_EbCommandMainWindow@@WCI@AEPAXI@Z 00404f70 f i bcommandmainwindow.obj
 0001:00003f80       ??0commandEdit@@QAE@PAVQWidget@@PBD@Z 00404f80 f   commandEdit.obj
 0001:00004000       ?metaObject@commandEdit@@UBEPAVQMetaObject@@XZ 00405000 f i commandEdit.obj
 0001:00004010       ??_EcommandEdit@@UAEPAXI@Z 00405010 f i commandEdit.obj
 0001:00004010       ??_GcommandEdit@@UAEPAXI@Z 00405010 f i commandEdit.obj
 0001:00004030       ??1commandEdit@@UAE@XZ     00405030 f   commandEdit.obj
 0001:00004050       ?keyPressEvent@commandEdit@@MAEXPAVQKeyEvent@@@Z 00405050 f   commandEdit.obj
 0001:00004090       ?slot_thisTextChanged@commandEdit@@QAEXABVQString@@@Z 00405090 f   commandEdit.obj
 0001:000040b0       ??_EcommandEdit@@WCI@AEPAXI@Z 004050b0 f i commandEdit.obj
 0001:000040c0       ??0command@@QAE@PAVQWidget@@PBDI@Z 004050c0 f   commandimpl.obj
 0001:000044f0       ?metaObject@command@@UBEPAVQMetaObject@@XZ 004054f0 f i commandimpl.obj
 0001:00004500       ??_Gcommand@@UAEPAXI@Z     00405500 f i commandimpl.obj
 0001:00004500       ??_Ecommand@@UAEPAXI@Z     00405500 f i commandimpl.obj
 0001:00004520       ??1command@@UAE@XZ         00405520 f   commandimpl.obj
 0001:00004580       ?allGo@command@@QAEXXZ     00405580 f   commandimpl.obj
 0001:000045b0       ?save@command@@QAE?AVQStringList@@XZ 004055b0 f   commandimpl.obj
 0001:00004710       ?loadSettings@command@@QAEXVQStringList@@@Z 00405710 f   commandimpl.obj
 0001:000047c0       ?clear@command@@QAEXXZ     004057c0 f   commandimpl.obj
 0001:000047f0       ?setCheckBoxes@command@@QAEXXZ 004057f0 f   commandimpl.obj
 0001:00004900       ?slot_hasChanged@command@@QAEXXZ 00405900 f   commandimpl.obj
 0001:00004910       ?dirty@command@@QAEX_N@Z   00405910 f   commandimpl.obj
 0001:00004920       ?count@?$QPtrList@VcommandLine@@@@UBEIXZ 00405920 f i commandimpl.obj
 0001:00004930       ?clear@?$QPtrList@VcommandLine@@@@UAEXXZ 00405930 f i commandimpl.obj
 0001:00004940       ??_G?$QPtrList@VcommandLine@@@@UAEPAXI@Z 00405940 f i commandimpl.obj
 0001:00004940       ??_E?$QPtrList@VcommandLine@@@@UAEPAXI@Z 00405940 f i commandimpl.obj
 0001:00004960       ??1?$QPtrList@VcommandLine@@@@UAE@XZ 00405960 f i commandimpl.obj
 0001:000049c0       ?deleteItem@?$QPtrList@VcommandLine@@@@EAEXPAX@Z 004059c0 f i commandimpl.obj
 0001:000049e0       ??_Ecommand@@WCI@AEPAXI@Z  004059e0 f i commandimpl.obj
 0001:00004b90       ??0commandLine@@QAE@PAVQWidget@@PBDI@Z 00405b90 f   commandLine.obj
 0001:00004e10       ?metaObject@commandLine@@UBEPAVQMetaObject@@XZ 00405e10 f i commandLine.obj
 0001:00004e20       ??_GcommandLine@@UAEPAXI@Z 00405e20 f i commandLine.obj
 0001:00004e20       ??_EcommandLine@@UAEPAXI@Z 00405e20 f i commandLine.obj
 0001:00004e40       ??_Gbncs_shim_loader@@UAEPAXI@Z 00405e40 f i commandLine.obj
 0001:00004e40       ??_Ebncs_shim_loader@@UAEPAXI@Z 00405e40 f i commandLine.obj
 0001:00004e60       ??1commandLine@@UAE@XZ     00405e60 f   commandLine.obj
 0001:00004ec0       ?sendCommand@commandLine@@QAEXXZ 00405ec0 f   commandLine.obj
 0001:00005a50       ?saveSetting@commandLine@@QAE?AVQString@@XZ 00406a50 f   commandLine.obj
 0001:00005b50       ?loadSetting@commandLine@@QAE_NVQString@@@Z 00406b50 f   commandLine.obj
 0001:00005d00       ?autoGo@commandLine@@QAEXXZ 00406d00 f   commandLine.obj
 0001:00005d40       ?timerEvent@commandLine@@MAEXPAVQTimerEvent@@@Z 00406d40 f   commandLine.obj
 0001:00005d80       ?clear@commandLine@@QAEXXZ 00406d80 f   commandLine.obj
 0001:00005da0       ?setTickBox@commandLine@@QAEX_N@Z 00406da0 f   commandLine.obj
 0001:00005dc0       ?nextCommand@commandLine@@IAEXXZ 00406dc0 f   commandLine.obj
 0001:00005de0       ?prevCommand@commandLine@@IAEXXZ 00406de0 f   commandLine.obj
 0001:00005e00       ?setEdit@commandLine@@IAEXH@Z 00406e00 f   commandLine.obj
 0001:00005e30       ?performMaths@commandLine@@AAEXVQString@@@Z 00406e30 f   commandLine.obj
 0001:00006f10       ?getMathsValue@commandLine@@AAEHVQString@@@Z 00407f10 f   commandLine.obj
 0001:00007040       ?setMathsVariable@commandLine@@AAEXVQString@@H@Z 00408040 f   commandLine.obj
 0001:00007260       ?replaceVariables@commandLine@@AAE?AVQString@@V2@@Z 00408260 f   commandLine.obj
 0001:000075e0       ?getStringValue@commandLine@@AAE?AVQString@@V2@@Z 004085e0 f   commandLine.obj
 0001:00007780       ?setStringVariable@commandLine@@AAEXVQString@@0@Z 00408780 f   commandLine.obj
 0001:000079d0       ?setString@commandLine@@AAEXVQString@@@Z 004089d0 f   commandLine.obj
 0001:00008000       ?setWhatsThis@commandLine@@AAEXXZ 00409000 f   commandLine.obj
 0001:00008120       ??1?$QMapNode@VQString@@V1@@@QAE@XZ 00409120 f i commandLine.obj
 0001:000081a0       ??1?$QMapNode@VQString@@H@@QAE@XZ 004091a0 f i commandLine.obj
 0001:000081c0       ?find@?$QMapPrivate@VQString@@H@@QBE?AV?$QMapConstIterator@VQString@@H@@ABVQString@@@Z 004091c0 f i commandLine.obj
 0001:000081c0       ?find@?$QMapPrivate@VQString@@V1@@@QBE?AV?$QMapConstIterator@VQString@@V1@@@ABVQString@@@Z 004091c0 f i commandLine.obj
 0001:00008230       ?clear@?$QMapPrivate@VQString@@V1@@@QAEXPAU?$QMapNode@VQString@@V1@@@@Z 00409230 f i commandLine.obj
 0001:00008270       ?insertSingle@?$QMapPrivate@VQString@@V1@@@QAE?AV?$QMapIterator@VQString@@V1@@@ABVQString@@@Z 00409270 f i commandLine.obj
 0001:00008350       ?clear@?$QMapPrivate@VQString@@H@@QAEXPAU?$QMapNode@VQString@@H@@@Z 00409350 f i commandLine.obj
 0001:00008390       ?insertSingle@?$QMapPrivate@VQString@@H@@QAE?AV?$QMapIterator@VQString@@H@@ABVQString@@@Z 00409390 f i commandLine.obj
 0001:00008470       ?insert@?$QMapPrivate@VQString@@V1@@@QAE?AV?$QMapIterator@VQString@@V1@@@PAUQMapNodeBase@@0ABVQString@@@Z 00409470 f i commandLine.obj
 0001:000085a0       ?insert@?$QMapPrivate@VQString@@H@@QAE?AV?$QMapIterator@VQString@@H@@PAUQMapNodeBase@@0ABVQString@@@Z 004095a0 f i commandLine.obj
 0001:000086b0       ??_EcommandLine@@WCI@AEPAXI@Z 004096b0 f i commandLine.obj
 0001:000086c0       _main                      004096c0 f   main.obj
 0001:000088f0       ?className@commandEdit@@UBEPBDXZ 004098f0 f   moc_commandEdit.obj
 0001:00008950       ?staticMetaObject@commandEdit@@SAPAVQMetaObject@@XZ 00409950 f   moc_commandEdit.obj
 0001:000089e0       ?qt_cast@commandEdit@@UAEPAXPBD@Z 004099e0 f   moc_commandEdit.obj
 0001:00008a50       ?nextEdit@commandEdit@@IAEXXZ 00409a50 f   moc_commandEdit.obj
 0001:00008a70       ?previousEdit@commandEdit@@IAEXXZ 00409a70 f   moc_commandEdit.obj
 0001:00008a90       ?modified@commandEdit@@IAEXXZ 00409a90 f   moc_commandEdit.obj
 0001:00008ab0       ?qt_invoke@commandEdit@@UAE_NHPAUQUObject@@@Z 00409ab0 f   moc_commandEdit.obj
 0001:00008af0       ?qt_emit@commandEdit@@UAE_NHPAUQUObject@@@Z 00409af0 f   moc_commandEdit.obj
 0001:00008b50       ?qt_property@commandEdit@@UAE_NHHPAVQVariant@@@Z 00409b50 f   moc_commandEdit.obj
 0001:00008b70       ??0revertiveImpl@@QAE@PAVQWidget@@PBDI@Z 00409b70 f   revertiveImpl.obj
 0001:00008d60       ?metaObject@revertiveImpl@@UBEPAVQMetaObject@@XZ 00409d60 f i revertiveImpl.obj
 0001:00008d70       ??_ErevertiveImpl@@UAEPAXI@Z 00409d70 f i revertiveImpl.obj
 0001:00008d70       ??_GrevertiveImpl@@UAEPAXI@Z 00409d70 f i revertiveImpl.obj
 0001:00008d90       ??1revertiveImpl@@UAE@XZ   00409d90 f   revertiveImpl.obj
 0001:00008e20       ?addRegistration@revertiveImpl@@QAEXXZ 00409e20 f   revertiveImpl.obj
 0001:00008e70       ?slot_addRegistration@revertiveImpl@@QAEXABH00@Z 00409e70 f   revertiveImpl.obj
 0001:00008ea0       ?addRegistration@revertiveImpl@@QAEXABH00@Z 00409ea0 f   revertiveImpl.obj
 0001:00009100       ?logRevertiveToDisplay@revertiveImpl@@QAEXABVQString@@@Z 0040a100 f   revertiveImpl.obj
 0001:00009260       ?cccInfoRevertive@revertiveImpl@@EAEXHHABV?$basic_string@DU?$char_traits@D@std@@V?$allocator@D@2@@std@@@Z 0040a260 f   revertiveImpl.obj
 0001:000093e0       ?cccRtrRevertive@revertiveImpl@@EAEXHHH@Z 0040a3e0 f   revertiveImpl.obj
 0001:00009520       ?cccGpiRevertive@revertiveImpl@@EAEXHH_N@Z 0040a520 f   revertiveImpl.obj
 0001:00009660       ?cccDatabaseChange@revertiveImpl@@EAEXHHH@Z 0040a660 f   revertiveImpl.obj
 0001:000097a0       ?cccDisconnected@revertiveImpl@@EAEXXZ 0040a7a0 f   revertiveImpl.obj
 0001:000097c0       ?save@revertiveImpl@@QAE?AVQStringList@@XZ 0040a7c0 f   revertiveImpl.obj
 0001:00009910       ?loadSettings@revertiveImpl@@QAEXVQStringList@@@Z 0040a910 f   revertiveImpl.obj
 0001:00009c80       ?setLogLength@revertiveImpl@@QAEXH@Z 0040ac80 f   revertiveImpl.obj
 0001:00009cc0       ?clear@revertiveImpl@@QAEXXZ 0040acc0 f   revertiveImpl.obj
 0001:00009d00       ?pauseDisplay@revertiveImpl@@QAEX_N@Z 0040ad00 f   revertiveImpl.obj
 0001:00009d10       ??_ErevertiveImpl@@WCI@AEPAXI@Z 0040ad10 f i revertiveImpl.obj
 0001:00009d20       ?className@bCommandMainWindow@@UBEPBDXZ 0040ad20 f   moc_bcommandmainwindow.obj
 0001:00009d80       ?staticMetaObject@bCommandMainWindow@@SAPAVQMetaObject@@XZ 0040ad80 f   moc_bcommandmainwindow.obj
 0001:00009ea0       ?qt_cast@bCommandMainWindow@@UAEPAXPBD@Z 0040aea0 f   moc_bcommandmainwindow.obj
 0001:00009f80       ?qt_invoke@bCommandMainWindow@@UAE_NHPAUQUObject@@@Z 0040af80 f   moc_bcommandmainwindow.obj
 0001:0000a0e0       ?qt_emit@bCommandMainWindow@@UAE_NHPAUQUObject@@@Z 0040b0e0 f   moc_bcommandmainwindow.obj
 0001:0000a100       ?qt_property@bCommandMainWindow@@UAE_NHHPAVQVariant@@@Z 0040b100 f   moc_bcommandmainwindow.obj
 0001:0000a120       ?className@command@@UBEPBDXZ 0040b120 f   moc_commandimpl.obj
 0001:0000a180       ?staticMetaObject@command@@SAPAVQMetaObject@@XZ 0040b180 f   moc_commandimpl.obj
 0001:0000a310       ?qt_cast@command@@UAEPAXPBD@Z 0040b310 f   moc_commandimpl.obj
 0001:0000a380       ?sig_commandChanged@command@@IAEX_N@Z 0040b380 f   moc_commandimpl.obj
 0001:0000a3a0       ?sig_commandRegisterFor@command@@IAEXABH00@Z 0040b3a0 f   moc_commandimpl.obj
 0001:0000a4a0       ?qt_invoke@command@@UAE_NHPAUQUObject@@@Z 0040b4a0 f   moc_commandimpl.obj
 0001:0000a670       ?qt_emit@command@@UAE_NHPAUQUObject@@@Z 0040b670 f   moc_commandimpl.obj
 0001:0000a6d0       ?qt_property@command@@UAE_NHHPAVQVariant@@@Z 0040b6d0 f   moc_commandimpl.obj
 0001:0000a6d0       ?qt_property@commandLine@@UAE_NHHPAVQVariant@@@Z 0040b6d0 f   moc_commandimpl.obj
 0001:0000a6d0       ?qt_property@revertiveDisplay@@UAE_NHHPAVQVariant@@@Z 0040b6d0 f   moc_commandimpl.obj
 0001:0000a6f0       ?className@commandLine@@UBEPBDXZ 0040b6f0 f   moc_commandLine.obj
 0001:0000a750       ?staticMetaObject@commandLine@@SAPAVQMetaObject@@XZ 0040b750 f   moc_commandLine.obj
 0001:0000a8e0       ?qt_cast@commandLine@@UAEPAXPBD@Z 0040b8e0 f   moc_commandLine.obj
 0001:0000a950       ?nextEdit@commandLine@@IAEXH@Z 0040b950 f   moc_commandLine.obj
 0001:0000a970       ?previousEdit@commandLine@@IAEXH@Z 0040b970 f   moc_commandLine.obj
 0001:0000a990       ?sig_commandLineModified@commandLine@@IAEXXZ 0040b990 f   moc_commandLine.obj
 0001:0000a9b0       ?sig_commandLineRegisterFor@commandLine@@IAEXABH00@Z 0040b9b0 f   moc_commandLine.obj
 0001:0000aab0       ?qt_invoke@commandLine@@UAE_NHPAUQUObject@@@Z 0040bab0 f   moc_commandLine.obj
 0001:0000acc0       ?qt_emit@commandLine@@UAE_NHPAUQUObject@@@Z 0040bcc0 f   moc_commandLine.obj
 0001:0000ad60       ?className@revertiveDisplay@@UBEPBDXZ 0040bd60 f   moc_revertiveDisplay.obj
 0001:0000adc0       ?tr@revertiveDisplay@@SA?AVQString@@PBD0@Z 0040bdc0 f   moc_revertiveDisplay.obj
 0001:0000ae10       ?staticMetaObject@revertiveDisplay@@SAPAVQMetaObject@@XZ 0040be10 f   moc_revertiveDisplay.obj
 0001:0000ae60       ?qt_cast@revertiveDisplay@@UAEPAXPBD@Z 0040be60 f   moc_revertiveDisplay.obj
 0001:0000aed0       ?qt_invoke@revertiveDisplay@@UAE_NHPAUQUObject@@@Z 0040bed0 f   moc_revertiveDisplay.obj
 0001:0000af10       ?qt_emit@revertiveDisplay@@UAE_NHPAUQUObject@@@Z 0040bf10 f   moc_revertiveDisplay.obj
 0001:0000af30       ?className@revertiveImpl@@UBEPBDXZ 0040bf30 f   moc_revertiveImpl.obj
 0001:0000af90       ?staticMetaObject@revertiveImpl@@SAPAVQMetaObject@@XZ 0040bf90 f   moc_revertiveImpl.obj
 0001:0000b190       ?qt_cast@revertiveImpl@@UAEPAXPBD@Z 0040c190 f   moc_revertiveImpl.obj
 0001:0000b270       ?qt_invoke@revertiveImpl@@UAE_NHPAUQUObject@@@Z 0040c270 f   moc_revertiveImpl.obj
 0001:0000b4d0       ?qt_emit@revertiveImpl@@UAE_NHPAUQUObject@@@Z 0040c4d0 f   moc_revertiveImpl.obj
 0001:0000b4f0       ?qt_property@revertiveImpl@@UAE_NHHPAVQVariant@@@Z 0040c4f0 f   moc_revertiveImpl.obj
 0001:0000b510       ??0revertiveDisplay@@QAE@PAVQWidget@@PBDI@Z 0040c510 f   revertiveDisplay.obj
 0001:0000bf30       ?metaObject@revertiveDisplay@@UBEPAVQMetaObject@@XZ 0040cf30 f i revertiveDisplay.obj
 0001:0000bf40       ??_ErevertiveDisplay@@UAEPAXI@Z 0040cf40 f i revertiveDisplay.obj
 0001:0000bf40       ??_GrevertiveDisplay@@UAEPAXI@Z 0040cf40 f i revertiveDisplay.obj
 0001:0000bf60       ??_EQGridLayout@@UAEPAXI@Z 0040cf60 f i revertiveDisplay.obj
 0001:0000bf60       ??_GQGridLayout@@UAEPAXI@Z 0040cf60 f i revertiveDisplay.obj
 0001:0000bf80       ??_GQTextEdit@@UAEPAXI@Z   0040cf80 f i revertiveDisplay.obj
 0001:0000bf80       ??_EQTextEdit@@UAEPAXI@Z   0040cf80 f i revertiveDisplay.obj
 0001:0000bfa0       ??_GQListBox@@UAEPAXI@Z    0040cfa0 f i revertiveDisplay.obj
 0001:0000bfa0       ??_EQListBox@@UAEPAXI@Z    0040cfa0 f i revertiveDisplay.obj
 0001:0000bfc0       ??_GQGroupBox@@UAEPAXI@Z   0040cfc0 f i revertiveDisplay.obj
 0001:0000bfc0       ??_EQGroupBox@@UAEPAXI@Z   0040cfc0 f i revertiveDisplay.obj
 0001:0000bfe0       ??_EQLineEdit@@UAEPAXI@Z   0040cfe0 f i revertiveDisplay.obj
 0001:0000bfe0       ??_GQLineEdit@@UAEPAXI@Z   0040cfe0 f i revertiveDisplay.obj
 0001:0000c000       ??1revertiveDisplay@@UAE@XZ 0040d000 f   revertiveDisplay.obj
 0001:0000c020       ?languageChange@revertiveDisplay@@MAEXXZ 0040d020 f   revertiveDisplay.obj
 0001:0000c3a0       ??_EQTextEdit@@WCI@AEPAXI@Z 0040d3a0 f i revertiveDisplay.obj
 0001:0000c3b0       ??_EQListBox@@WCI@AEPAXI@Z 0040d3b0 f i revertiveDisplay.obj
 0001:0000c3c0       ??_EQGroupBox@@WCI@AEPAXI@Z 0040d3c0 f i revertiveDisplay.obj
 0001:0000c3d0       ??_EQLineEdit@@WCI@AEPAXI@Z 0040d3d0 f i revertiveDisplay.obj
 0001:0000c3e0       ??_ErevertiveDisplay@@WCI@AEPAXI@Z 0040d3e0 f i revertiveDisplay.obj
 0001:0000c3f0       ??_EQGridLayout@@WCI@AEPAXI@Z 0040d3f0 f i revertiveDisplay.obj
 0001:0000c400       ??0cBncsVersion@@QAE@PBD@Z 0040d400 f   BncsVersionInfo:cBncsVersion.obj
 0001:0000c910       ??_EcBncsVersion@@UAEPAXI@Z 0040d910 f i BncsVersionInfo:cBncsVersion.obj
 0001:0000c910       ??_GcBncsVersion@@UAEPAXI@Z 0040d910 f i BncsVersionInfo:cBncsVersion.obj
 0001:0000c930       ??1cBncsVersion@@UAE@XZ    0040d930 f   BncsVersionInfo:cBncsVersion.obj
 0001:0000ca10       ?connect@ccClient@@QAE_NW4ipcType@cc@@J@Z 0040da10 f   bncs_shim_loader:bncs_shim_loader.dll
 0001:0000ca16       ??0ccClient@@QAE@PAVIccClientCallback@@ABV?$basic_string@DU?$char_traits@D@std@@V?$allocator@D@2@@std@@@Z 0040da16 f   bncs_shim_loader:bncs_shim_loader.dll
 0001:0000ca20       ??0decodeBNCSString@@QAE@PBDD@Z 0040da20 f   decodecaptionstring:decodeBNCSString.obj
 0001:0000cb70       ??_GdecodeBNCSString@@UAEPAXI@Z 0040db70 f i decodecaptionstring:decodeBNCSString.obj
 0001:0000cb70       ??_EdecodeBNCSString@@UAEPAXI@Z 0040db70 f i decodecaptionstring:decodeBNCSString.obj
 0001:0000cb90       ??1decodeBNCSString@@UAE@XZ 0040db90 f   decodecaptionstring:decodeBNCSString.obj
 0001:0000cbb0       ?setToolTipGroup@QMainWindow@@EAEXPAVQToolTipGroup@@@Z 0040dbb0 f   qt-mt323:qt-mt323.dll
 0001:0000cbb6       ?setStatusBar@QMainWindow@@EAEXPAVQStatusBar@@@Z 0040dbb6 f   qt-mt323:qt-mt323.dll
 0001:0000cbbc       ?setMenuBar@QMainWindow@@EAEXPAVQMenuBar@@@Z 0040dbbc f   qt-mt323:qt-mt323.dll
 0001:0000cbc2       ?showDockMenu@QMainWindow@@MAE_NABVQPoint@@@Z 0040dbc2 f   qt-mt323:qt-mt323.dll
 0001:0000cbc8       ?setUpLayout@QMainWindow@@MAEXXZ 0040dbc8 f   qt-mt323:qt-mt323.dll
 0001:0000cbce       ?customize@QMainWindow@@UAEXXZ 0040dbce f   qt-mt323:qt-mt323.dll
 0001:0000cbd4       ?setAppropriate@QMainWindow@@UAEXPAVQDockWindow@@_N@Z 0040dbd4 f   qt-mt323:qt-mt323.dll
 0001:0000cbda       ?whatsThis@QMainWindow@@UAEXXZ 0040dbda f   qt-mt323:qt-mt323.dll
 0001:0000cbe0       ?setDockMenuEnabled@QMainWindow@@UAEX_N@Z 0040dbe0 f   qt-mt323:qt-mt323.dll
 0001:0000cbe6       ?setOpaqueMoving@QMainWindow@@UAEX_N@Z 0040dbe6 f   qt-mt323:qt-mt323.dll
 0001:0000cbec       ?setDockWindowsMovable@QMainWindow@@UAEX_N@Z 0040dbec f   qt-mt323:qt-mt323.dll
 0001:0000cbf2       ?setUsesTextLabel@QMainWindow@@UAEX_N@Z 0040dbf2 f   qt-mt323:qt-mt323.dll
 0001:0000cbf8       ?setUsesBigPixmaps@QMainWindow@@UAEX_N@Z 0040dbf8 f   qt-mt323:qt-mt323.dll
 0001:0000cbfe       ?setRightJustification@QMainWindow@@UAEX_N@Z 0040dbfe f   qt-mt323:qt-mt323.dll
 0001:0000cc04       ?isCustomizable@QMainWindow@@UBE_NXZ 0040dc04 f   qt-mt323:qt-mt323.dll
 0001:0000cc0a       ?dockingArea@QMainWindow@@UAEPAVQDockArea@@ABVQPoint@@@Z 0040dc0a f   qt-mt323:qt-mt323.dll
 0001:0000cc10       ?removeDockWindow@QMainWindow@@UAEXPAVQDockWindow@@@Z 0040dc10 f   qt-mt323:qt-mt323.dll
 0001:0000cc16       ?moveDockWindow@QMainWindow@@UAEXPAVQDockWindow@@W4Dock@Qt@@@Z 0040dc16 f   qt-mt323:qt-mt323.dll
 0001:0000cc1c       ?moveDockWindow@QMainWindow@@UAEXPAVQDockWindow@@W4Dock@Qt@@_NHH@Z 0040dc1c f   qt-mt323:qt-mt323.dll
 0001:0000cc22       ?addDockWindow@QMainWindow@@UAEXPAVQDockWindow@@W4Dock@Qt@@_N@Z 0040dc22 f   qt-mt323:qt-mt323.dll
 0001:0000cc28       ?addDockWindow@QMainWindow@@UAEXPAVQDockWindow@@ABVQString@@W4Dock@Qt@@_N@Z 0040dc28 f   qt-mt323:qt-mt323.dll
 0001:0000cc2e       ?setDockEnabled@QMainWindow@@UAEXW4Dock@Qt@@_N@Z 0040dc2e f   qt-mt323:qt-mt323.dll
 0001:0000cc34       ?setDockEnabled@QMainWindow@@UAEXPAVQDockWindow@@W4Dock@Qt@@_N@Z 0040dc34 f   qt-mt323:qt-mt323.dll
 0001:0000cc3a       ?setCentralWidget@QMainWindow@@UAEXPAVQWidget@@@Z 0040dc3a f   qt-mt323:qt-mt323.dll
 0001:0000cc40       ?styleChange@QMainWindow@@MAEXAAVQStyle@@@Z 0040dc40 f   qt-mt323:qt-mt323.dll
 0001:0000cc46       ?resizeEvent@QWidget@@MAEXPAVQResizeEvent@@@Z 0040dc46 f   qt-mt323:qt-mt323.dll
 0001:0000cc4c       ?paintEvent@QMainWindow@@MAEXPAVQPaintEvent@@@Z 0040dc4c f   qt-mt323:qt-mt323.dll
 0001:0000cc52       ?minimumSizeHint@QMainWindow@@UBE?AVQSize@@XZ 0040dc52 f   qt-mt323:qt-mt323.dll
 0001:0000cc58       ?sizeHint@QMainWindow@@UBE?AVQSize@@XZ 0040dc58 f   qt-mt323:qt-mt323.dll
 0001:0000cc5e       ?hide@QMainWindow@@UAEXXZ  0040dc5e f   qt-mt323:qt-mt323.dll
 0001:0000cc64       ?show@QMainWindow@@UAEXXZ  0040dc64 f   qt-mt323:qt-mt323.dll
 0001:0000cc6a       ?childEvent@QMainWindow@@MAEXPAVQChildEvent@@@Z 0040dc6a f   qt-mt323:qt-mt323.dll
 0001:0000cc70       ?eventFilter@QMainWindow@@UAE_NPAVQObject@@PAVQEvent@@@Z 0040dc70 f   qt-mt323:qt-mt323.dll
 0001:0000cc76       ?event@QMainWindow@@MAE_NPAVQEvent@@@Z 0040dc76 f   qt-mt323:qt-mt323.dll
 0001:0000cc7c       ?setEnabled@QAction@@UAEX_N@Z 0040dc7c f   qt-mt323:qt-mt323.dll
 0001:0000cc82       ?setOn@QAction@@UAEX_N@Z   0040dc82 f   qt-mt323:qt-mt323.dll
 0001:0000cc88       ?addedTo@QAction@@MAEXPAVQWidget@@0@Z 0040dc88 f   qt-mt323:qt-mt323.dll
 0001:0000cc8e       ?addedTo@QAction@@MAEXHPAVQPopupMenu@@@Z 0040dc8e f   qt-mt323:qt-mt323.dll
 0001:0000cc94       ?removeFrom@QAction@@UAE_NPAVQWidget@@@Z 0040dc94 f   qt-mt323:qt-mt323.dll
 0001:0000cc9a       ?addTo@QAction@@UAE_NPAVQWidget@@@Z 0040dc9a f   qt-mt323:qt-mt323.dll
 0001:0000cca0       ?setToggleAction@QAction@@UAEX_N@Z 0040dca0 f   qt-mt323:qt-mt323.dll
 0001:0000cca6       ?setAccel@QAction@@UAEXABVQKeySequence@@@Z 0040dca6 f   qt-mt323:qt-mt323.dll
 0001:0000ccac       ?setWhatsThis@QAction@@UAEXABVQString@@@Z 0040dcac f   qt-mt323:qt-mt323.dll
 0001:0000ccb2       ?setStatusTip@QAction@@UAEXABVQString@@@Z 0040dcb2 f   qt-mt323:qt-mt323.dll
 0001:0000ccb8       ?setToolTip@QAction@@UAEXABVQString@@@Z 0040dcb8 f   qt-mt323:qt-mt323.dll
 0001:0000ccbe       ?setMenuText@QAction@@UAEXABVQString@@@Z 0040dcbe f   qt-mt323:qt-mt323.dll
 0001:0000ccc4       ?setText@QAction@@UAEXABVQString@@@Z 0040dcc4 f   qt-mt323:qt-mt323.dll
 0001:0000ccca       ?setIconSet@QAction@@UAEXABVQIconSet@@@Z 0040dcca f   qt-mt323:qt-mt323.dll
 0001:0000ccd0       ?qt_property@QAction@@UAE_NHHPAVQVariant@@@Z 0040dcd0 f   qt-mt323:qt-mt323.dll
 0001:0000ccd6       ?qt_emit@QAction@@UAE_NHPAUQUObject@@@Z 0040dcd6 f   qt-mt323:qt-mt323.dll
 0001:0000ccdc       ?qt_invoke@QAction@@UAE_NHPAUQUObject@@@Z 0040dcdc f   qt-mt323:qt-mt323.dll
 0001:0000cce2       ?qt_cast@QAction@@UAEPAXPBD@Z 0040dce2 f   qt-mt323:qt-mt323.dll
 0001:0000cce8       ?className@QAction@@UBEPBDXZ 0040dce8 f   qt-mt323:qt-mt323.dll
 0001:0000ccee       ?metaObject@QAction@@UBEPAVQMetaObject@@XZ 0040dcee f   qt-mt323:qt-mt323.dll
 0001:0000ccf4       ?drawButtonLabel@QCheckBox@@MAEXPAVQPainter@@@Z 0040dcf4 f   qt-mt323:qt-mt323.dll
 0001:0000ccfa       ?drawButton@QCheckBox@@MAEXPAVQPainter@@@Z 0040dcfa f   qt-mt323:qt-mt323.dll
 0001:0000cd00       ?hitButton@QCheckBox@@MBE_NABVQPoint@@@Z 0040dd00 f   qt-mt323:qt-mt323.dll
 0001:0000cd06       ?updateMask@QCheckBox@@MAEXXZ 0040dd06 f   qt-mt323:qt-mt323.dll
 0001:0000cd0c       ?resizeEvent@QCheckBox@@MAEXPAVQResizeEvent@@@Z 0040dd0c f   qt-mt323:qt-mt323.dll
 0001:0000cd12       ?focusOutEvent@QButton@@MAEXPAVQFocusEvent@@@Z 0040dd12 f   qt-mt323:qt-mt323.dll
 0001:0000cd18       ?focusInEvent@QButton@@MAEXPAVQFocusEvent@@@Z 0040dd18 f   qt-mt323:qt-mt323.dll
 0001:0000cd1e       ?sizeHint@QCheckBox@@UBE?AVQSize@@XZ 0040dd1e f   qt-mt323:qt-mt323.dll
 0001:0000cd24       ?qt_property@QCheckBox@@UAE_NHHPAVQVariant@@@Z 0040dd24 f   qt-mt323:qt-mt323.dll
 0001:0000cd2a       ?qt_emit@QCheckBox@@UAE_NHPAUQUObject@@@Z 0040dd2a f   qt-mt323:qt-mt323.dll
 0001:0000cd30       ?qt_invoke@QCheckBox@@UAE_NHPAUQUObject@@@Z 0040dd30 f   qt-mt323:qt-mt323.dll
 0001:0000cd36       ?qt_cast@QCheckBox@@UAEPAXPBD@Z 0040dd36 f   qt-mt323:qt-mt323.dll
 0001:0000cd3c       ?className@QCheckBox@@UBEPBDXZ 0040dd3c f   qt-mt323:qt-mt323.dll
 0001:0000cd42       ?metaObject@QCheckBox@@UBEPAVQMetaObject@@XZ 0040dd42 f   qt-mt323:qt-mt323.dll
 0001:0000cd48       ?stepChange@QRangeControl@@MAEXXZ 0040dd48 f   qt-mt323:qt-mt323.dll
 0001:0000cd4e       ?rangeChange@QSpinBox@@MAEXXZ 0040dd4e f   qt-mt323:qt-mt323.dll
 0001:0000cd54       ?valueChange@QSpinBox@@MAEXXZ 0040dd54 f   qt-mt323:qt-mt323.dll
 0001:0000cd5a       ?interpretText@QSpinBox@@MAEXXZ 0040dd5a f   qt-mt323:qt-mt323.dll
 0001:0000cd60       ?updateDisplay@QSpinBox@@MAEXXZ 0040dd60 f   qt-mt323:qt-mt323.dll
 0001:0000cd66       ?mapTextToValue@QSpinBox@@MAEHPA_N@Z 0040dd66 f   qt-mt323:qt-mt323.dll
 0001:0000cd6c       ?mapValueToText@QSpinBox@@MAE?AVQString@@H@Z 0040dd6c f   qt-mt323:qt-mt323.dll
 0001:0000cd72       ?selectAll@QSpinBox@@UAEXXZ 0040dd72 f   qt-mt323:qt-mt323.dll
 0001:0000cd78       ?stepDown@QSpinBox@@UAEXXZ 0040dd78 f   qt-mt323:qt-mt323.dll
 0001:0000cd7e       ?stepUp@QSpinBox@@UAEXXZ   0040dd7e f   qt-mt323:qt-mt323.dll
 0001:0000cd84       ?setSuffix@QSpinBox@@UAEXABVQString@@@Z 0040dd84 f   qt-mt323:qt-mt323.dll
 0001:0000cd8a       ?setPrefix@QSpinBox@@UAEXABVQString@@@Z 0040dd8a f   qt-mt323:qt-mt323.dll
 0001:0000cd90       ?setValue@QSpinBox@@UAEXH@Z 0040dd90 f   qt-mt323:qt-mt323.dll
 0001:0000cd96       ?setValidator@QSpinBox@@UAEXPBVQValidator@@@Z 0040dd96 f   qt-mt323:qt-mt323.dll
 0001:0000cd9c       ?setButtonSymbols@QSpinBox@@UAEXW4ButtonSymbols@1@@Z 0040dd9c f   qt-mt323:qt-mt323.dll
 0001:0000cda2       ?setWrapping@QSpinBox@@UAEX_N@Z 0040dda2 f   qt-mt323:qt-mt323.dll
 0001:0000cda8       ?setSpecialValueText@QSpinBox@@UAEXABVQString@@@Z 0040dda8 f   qt-mt323:qt-mt323.dll
 0001:0000cdae       ?cleanText@QSpinBox@@UBE?AVQString@@XZ 0040ddae f   qt-mt323:qt-mt323.dll
 0001:0000cdb4       ?suffix@QSpinBox@@UBE?AVQString@@XZ 0040ddb4 f   qt-mt323:qt-mt323.dll
 0001:0000cdba       ?prefix@QSpinBox@@UBE?AVQString@@XZ 0040ddba f   qt-mt323:qt-mt323.dll
 0001:0000cdc0       ?styleChange@QSpinBox@@MAEXAAVQStyle@@@Z 0040ddc0 f   qt-mt323:qt-mt323.dll
 0001:0000cdc6       ?resizeEvent@QSpinBox@@MAEXPAVQResizeEvent@@@Z 0040ddc6 f   qt-mt323:qt-mt323.dll
 0001:0000cdcc       ?paintEvent@QWidget@@MAEXPAVQPaintEvent@@@Z 0040ddcc f   qt-mt323:qt-mt323.dll
 0001:0000cdd2       ?leaveEvent@QSpinBox@@MAEXPAVQEvent@@@Z 0040ddd2 f   qt-mt323:qt-mt323.dll
 0001:0000cdd8       ?wheelEvent@QSpinBox@@MAEXPAVQWheelEvent@@@Z 0040ddd8 f   qt-mt323:qt-mt323.dll
 0001:0000cdde       ?minimumSizeHint@QSpinBox@@UBE?AVQSize@@XZ 0040ddde f   qt-mt323:qt-mt323.dll
 0001:0000cde4       ?sizeHint@QSpinBox@@UBE?AVQSize@@XZ 0040dde4 f   qt-mt323:qt-mt323.dll
 0001:0000cdea       ?setEnabled@QSpinBox@@UAEX_N@Z 0040ddea f   qt-mt323:qt-mt323.dll
 0001:0000cdf0       ?eventFilter@QSpinBox@@MAE_NPAVQObject@@PAVQEvent@@@Z 0040ddf0 f   qt-mt323:qt-mt323.dll
 0001:0000cdf6       ?qt_property@QSpinBox@@UAE_NHHPAVQVariant@@@Z 0040ddf6 f   qt-mt323:qt-mt323.dll
 0001:0000cdfc       ?qt_emit@QSpinBox@@UAE_NHPAUQUObject@@@Z 0040ddfc f   qt-mt323:qt-mt323.dll
 0001:0000ce02       ?qt_invoke@QSpinBox@@UAE_NHPAUQUObject@@@Z 0040de02 f   qt-mt323:qt-mt323.dll
 0001:0000ce08       ?qt_cast@QSpinBox@@UAEPAXPBD@Z 0040de08 f   qt-mt323:qt-mt323.dll
 0001:0000ce0e       ?className@QSpinBox@@UBEPBDXZ 0040de0e f   qt-mt323:qt-mt323.dll
 0001:0000ce14       ?metaObject@QSpinBox@@UBEPAVQMetaObject@@XZ 0040de14 f   qt-mt323:qt-mt323.dll
 0001:0000ce1a       ?spacerItem@QSpacerItem@@UAEPAV1@XZ 0040de1a f   qt-mt323:qt-mt323.dll
 0001:0000ce20       ?layout@QLayoutItem@@UAEPAVQLayout@@XZ 0040de20 f   qt-mt323:qt-mt323.dll
 0001:0000ce26       ?iterator@QLayoutItem@@UAE?AVQLayoutIterator@@XZ 0040de26 f   qt-mt323:qt-mt323.dll
 0001:0000ce2c       ?invalidate@QLayoutItem@@UAEXXZ 0040de2c f   qt-mt323:qt-mt323.dll
 0001:0000ce32       ?heightForWidth@QLayoutItem@@UBEHH@Z 0040de32 f   qt-mt323:qt-mt323.dll
 0001:0000ce38       ?hasHeightForWidth@QLayoutItem@@UBE_NXZ 0040de38 f   qt-mt323:qt-mt323.dll
 0001:0000ce3e       ?isEmpty@QSpacerItem@@UBE_NXZ 0040de3e f   qt-mt323:qt-mt323.dll
 0001:0000ce44       ?geometry@QSpacerItem@@UBE?AVQRect@@XZ 0040de44 f   qt-mt323:qt-mt323.dll
 0001:0000ce4a       ?setGeometry@QSpacerItem@@UAEXABVQRect@@@Z 0040de4a f   qt-mt323:qt-mt323.dll
 0001:0000ce50       ?expanding@QSpacerItem@@UBE?AW4ExpandData@QSizePolicy@@XZ 0040de50 f   qt-mt323:qt-mt323.dll
 0001:0000ce56       ?maximumSize@QSpacerItem@@UBE?AVQSize@@XZ 0040de56 f   qt-mt323:qt-mt323.dll
 0001:0000ce5c       ?minimumSize@QSpacerItem@@UBE?AVQSize@@XZ 0040de5c f   qt-mt323:qt-mt323.dll
 0001:0000ce62       ?sizeHint@QSpacerItem@@UBE?AVQSize@@XZ 0040de62 f   qt-mt323:qt-mt323.dll
 0001:0000ce68       ?drawContents@QFrame@@MAEXPAVQPainter@@@Z 0040de68 f   qt-mt323:qt-mt323.dll
 0001:0000ce6e       ?sizeHint@QFrame@@UBE?AVQSize@@XZ 0040de6e f   qt-mt323:qt-mt323.dll
 0001:0000ce74       ?qt_property@QFrame@@UAE_NHHPAVQVariant@@@Z 0040de74 f   qt-mt323:qt-mt323.dll
 0001:0000ce7a       ?qt_emit@QFrame@@UAE_NHPAUQUObject@@@Z 0040de7a f   qt-mt323:qt-mt323.dll
 0001:0000ce80       ?qt_invoke@QFrame@@UAE_NHPAUQUObject@@@Z 0040de80 f   qt-mt323:qt-mt323.dll
 0001:0000ce86       ?qt_cast@QFrame@@UAEPAXPBD@Z 0040de86 f   qt-mt323:qt-mt323.dll
 0001:0000ce8c       ?className@QFrame@@UBEPBDXZ 0040de8c f   qt-mt323:qt-mt323.dll
 0001:0000ce92       ?metaObject@QFrame@@UBEPAVQMetaObject@@XZ 0040de92 f   qt-mt323:qt-mt323.dll
 0001:0000ce98       ?clear@QToolBar@@UAEXXZ    0040de98 f   qt-mt323:qt-mt323.dll
 0001:0000ce9e       ?setLabel@QToolBar@@UAEXABVQString@@@Z 0040de9e f   qt-mt323:qt-mt323.dll
 0001:0000cea4       ?setStretchableWidget@QToolBar@@UAEXPAVQWidget@@@Z 0040dea4 f   qt-mt323:qt-mt323.dll
 0001:0000ceaa       ?setOrientation@QToolBar@@UAEXW4Orientation@Qt@@@Z 0040deaa f   qt-mt323:qt-mt323.dll
 0001:0000ceb0       ?dock@QDockWindow@@UAEXXZ  0040deb0 f   qt-mt323:qt-mt323.dll
 0001:0000ceb6       ?undock@QDockWindow@@UAEXPAVQWidget@@@Z 0040deb6 f   qt-mt323:qt-mt323.dll
 0001:0000cebc       ?undock@QDockWindow@@UAEXXZ 0040debc f   qt-mt323:qt-mt323.dll
 0001:0000cec2       ?setOpaqueMoving@QDockWindow@@UAEX_N@Z 0040dec2 f   qt-mt323:qt-mt323.dll
 0001:0000cec8       ?setNewLine@QDockWindow@@UAEX_N@Z 0040dec8 f   qt-mt323:qt-mt323.dll
 0001:0000cece       ?setFixedExtentHeight@QDockWindow@@UAEXH@Z 0040dece f   qt-mt323:qt-mt323.dll
 0001:0000ced4       ?setFixedExtentWidth@QDockWindow@@UAEXH@Z 0040ded4 f   qt-mt323:qt-mt323.dll
 0001:0000ceda       ?setOffset@QDockWindow@@UAEXH@Z 0040deda f   qt-mt323:qt-mt323.dll
 0001:0000cee0       ?setVerticallyStretchable@QDockWindow@@UAEX_N@Z 0040dee0 f   qt-mt323:qt-mt323.dll
 0001:0000cee6       ?setHorizontallyStretchable@QDockWindow@@UAEX_N@Z 0040dee6 f   qt-mt323:qt-mt323.dll
 0001:0000ceec       ?setMovingEnabled@QDockWindow@@UAEX_N@Z 0040deec f   qt-mt323:qt-mt323.dll
 0001:0000cef2       ?setResizeEnabled@QDockWindow@@UAEX_N@Z 0040def2 f   qt-mt323:qt-mt323.dll
 0001:0000cef8       ?setCloseMode@QDockWindow@@UAEXH@Z 0040def8 f   qt-mt323:qt-mt323.dll
 0001:0000cefe       ?setWidget@QDockWindow@@UAEXPAVQWidget@@@Z 0040defe f   qt-mt323:qt-mt323.dll
 0001:0000cf04       ?drawContents@QDockWindow@@MAEXPAVQPainter@@@Z 0040df04 f   qt-mt323:qt-mt323.dll
 0001:0000cf0a       ?drawFrame@QDockWindow@@MAEXPAVQPainter@@@Z 0040df0a f   qt-mt323:qt-mt323.dll
 0001:0000cf10       ?styleChange@QToolBar@@MAEXAAVQStyle@@@Z 0040df10 f   qt-mt323:qt-mt323.dll
 0001:0000cf16       ?hideEvent@QDockWindow@@MAEXPAVQHideEvent@@@Z 0040df16 f   qt-mt323:qt-mt323.dll
 0001:0000cf1c       ?showEvent@QDockWindow@@MAEXPAVQShowEvent@@@Z 0040df1c f   qt-mt323:qt-mt323.dll
 0001:0000cf22       ?contextMenuEvent@QDockWindow@@MAEXPAVQContextMenuEvent@@@Z 0040df22 f   qt-mt323:qt-mt323.dll
 0001:0000cf28       ?resizeEvent@QToolBar@@MAEXPAVQResizeEvent@@@Z 0040df28 f   qt-mt323:qt-mt323.dll
 0001:0000cf2e       ?minimumSizeHint@QToolBar@@UBE?AVQSize@@XZ 0040df2e f   qt-mt323:qt-mt323.dll
 0001:0000cf34       ?sizeHint@QDockWindow@@UBE?AVQSize@@XZ 0040df34 f   qt-mt323:qt-mt323.dll
 0001:0000cf3a       ?hide@QToolBar@@UAEXXZ     0040df3a f   qt-mt323:qt-mt323.dll
 0001:0000cf40       ?show@QToolBar@@UAEXXZ     0040df40 f   qt-mt323:qt-mt323.dll
 0001:0000cf46       ?setCaption@QDockWindow@@UAEXABVQString@@@Z 0040df46 f   qt-mt323:qt-mt323.dll
 0001:0000cf4c       ?setMinimumSize@QToolBar@@UAEXHH@Z 0040df4c f   qt-mt323:qt-mt323.dll
 0001:0000cf52       ?eventFilter@QDockWindow@@UAE_NPAVQObject@@PAVQEvent@@@Z 0040df52 f   qt-mt323:qt-mt323.dll
 0001:0000cf58       ?event@QToolBar@@UAE_NPAVQEvent@@@Z 0040df58 f   qt-mt323:qt-mt323.dll
 0001:0000cf5e       ?qt_property@QToolBar@@UAE_NHHPAVQVariant@@@Z 0040df5e f   qt-mt323:qt-mt323.dll
 0001:0000cf64       ?qt_emit@QToolBar@@UAE_NHPAUQUObject@@@Z 0040df64 f   qt-mt323:qt-mt323.dll
 0001:0000cf6a       ?qt_invoke@QToolBar@@UAE_NHPAUQUObject@@@Z 0040df6a f   qt-mt323:qt-mt323.dll
 0001:0000cf70       ?qt_cast@QToolBar@@UAEPAXPBD@Z 0040df70 f   qt-mt323:qt-mt323.dll
 0001:0000cf76       ?className@QToolBar@@UBEPBDXZ 0040df76 f   qt-mt323:qt-mt323.dll
 0001:0000cf7c       ?metaObject@QToolBar@@UBEPAVQMetaObject@@XZ 0040df7c f   qt-mt323:qt-mt323.dll
 0001:0000cf82       ?qt_property@QVBoxLayout@@UAE_NHHPAVQVariant@@@Z 0040df82 f   qt-mt323:qt-mt323.dll
 0001:0000cf88       ?qt_emit@QVBoxLayout@@UAE_NHPAUQUObject@@@Z 0040df88 f   qt-mt323:qt-mt323.dll
 0001:0000cf8e       ?qt_invoke@QVBoxLayout@@UAE_NHPAUQUObject@@@Z 0040df8e f   qt-mt323:qt-mt323.dll
 0001:0000cf94       ?qt_cast@QVBoxLayout@@UAEPAXPBD@Z 0040df94 f   qt-mt323:qt-mt323.dll
 0001:0000cf9a       ?className@QVBoxLayout@@UBEPBDXZ 0040df9a f   qt-mt323:qt-mt323.dll
 0001:0000cfa0       ?metaObject@QVBoxLayout@@UBEPAVQMetaObject@@XZ 0040dfa0 f   qt-mt323:qt-mt323.dll
 0001:0000cfa6       ?setAlignment@QLayoutItem@@UAEXH@Z 0040dfa6 f   qt-mt323:qt-mt323.dll
 0001:0000cfac       ?spacerItem@QLayoutItem@@UAEPAVQSpacerItem@@XZ 0040dfac f   qt-mt323:qt-mt323.dll
 0001:0000cfb2       ?layout@QLayout@@UAEPAV1@XZ 0040dfb2 f   qt-mt323:qt-mt323.dll
 0001:0000cfb8       ?iterator@QBoxLayout@@UAE?AVQLayoutIterator@@XZ 0040dfb8 f   qt-mt323:qt-mt323.dll
 0001:0000cfbe       ?widget@QLayoutItem@@UAEPAVQWidget@@XZ 0040dfbe f   qt-mt323:qt-mt323.dll
 0001:0000cfc4       ?invalidate@QBoxLayout@@UAEXXZ 0040dfc4 f   qt-mt323:qt-mt323.dll
 0001:0000cfca       ?heightForWidth@QBoxLayout@@UBEHH@Z 0040dfca f   qt-mt323:qt-mt323.dll
 0001:0000cfd0       ?hasHeightForWidth@QBoxLayout@@UBE_NXZ 0040dfd0 f   qt-mt323:qt-mt323.dll
 0001:0000cfd6       ?isEmpty@QLayout@@UBE_NXZ  0040dfd6 f   qt-mt323:qt-mt323.dll
 0001:0000cfdc       ?geometry@QLayout@@UBE?AVQRect@@XZ 0040dfdc f   qt-mt323:qt-mt323.dll
 0001:0000cfe2       ?setGeometry@QBoxLayout@@UAEXABVQRect@@@Z 0040dfe2 f   qt-mt323:qt-mt323.dll
 0001:0000cfe8       ?expanding@QBoxLayout@@UBE?AW4ExpandData@QSizePolicy@@XZ 0040dfe8 f   qt-mt323:qt-mt323.dll
 0001:0000cfee       ?maximumSize@QBoxLayout@@UBE?AVQSize@@XZ 0040dfee f   qt-mt323:qt-mt323.dll
 0001:0000cff4       ?minimumSize@QBoxLayout@@UBE?AVQSize@@XZ 0040dff4 f   qt-mt323:qt-mt323.dll
 0001:0000cffa       ?sizeHint@QBoxLayout@@UBE?AVQSize@@XZ 0040dffa f   qt-mt323:qt-mt323.dll
 0001:0000d000       ?addItem@QBoxLayout@@UAEXPAVQLayoutItem@@@Z 0040e000 f   qt-mt323:qt-mt323.dll
 0001:0000d006       ?setAutoAdd@QLayout@@UAEX_N@Z 0040e006 f   qt-mt323:qt-mt323.dll
 0001:0000d00c       ?setMenuBar@QLayout@@UAEXPAVQMenuBar@@@Z 0040e00c f   qt-mt323:qt-mt323.dll
 0001:0000d012       ?setSpacing@QLayout@@UAEXH@Z 0040e012 f   qt-mt323:qt-mt323.dll
 0001:0000d018       ?setMargin@QLayout@@UAEXH@Z 0040e018 f   qt-mt323:qt-mt323.dll
 0001:0000d01e       ?childEvent@QLayout@@MAEXPAVQChildEvent@@@Z 0040e01e f   qt-mt323:qt-mt323.dll
 0001:0000d024       ?setName@QObject@@UAEXPBD@Z 0040e024 f   qt-mt323:qt-mt323.dll
 0001:0000d02a       ?eventFilter@QLayout@@MAE_NPAVQObject@@PAVQEvent@@@Z 0040e02a f   qt-mt323:qt-mt323.dll
 0001:0000d030       ?event@QObject@@UAE_NPAVQEvent@@@Z 0040e030 f   qt-mt323:qt-mt323.dll
 0001:0000d036       ?qt_property@QHBoxLayout@@UAE_NHHPAVQVariant@@@Z 0040e036 f   qt-mt323:qt-mt323.dll
 0001:0000d03c       ?qt_emit@QHBoxLayout@@UAE_NHPAUQUObject@@@Z 0040e03c f   qt-mt323:qt-mt323.dll
 0001:0000d042       ?qt_invoke@QHBoxLayout@@UAE_NHPAUQUObject@@@Z 0040e042 f   qt-mt323:qt-mt323.dll
 0001:0000d048       ?qt_cast@QHBoxLayout@@UAEPAXPBD@Z 0040e048 f   qt-mt323:qt-mt323.dll
 0001:0000d04e       ?className@QHBoxLayout@@UBEPBDXZ 0040e04e f   qt-mt323:qt-mt323.dll
 0001:0000d054       ?metaObject@QHBoxLayout@@UBEPAVQMetaObject@@XZ 0040e054 f   qt-mt323:qt-mt323.dll
 0001:0000d05a       ?setNum@QLabel@@UAEXH@Z    0040e05a f   qt-mt323:qt-mt323.dll
 0001:0000d060       ?setNum@QLabel@@UAEXN@Z    0040e060 f   qt-mt323:qt-mt323.dll
 0001:0000d066       ?setMovie@QLabel@@UAEXABVQMovie@@@Z 0040e066 f   qt-mt323:qt-mt323.dll
 0001:0000d06c       ?setPicture@QLabel@@UAEXABVQPicture@@@Z 0040e06c f   qt-mt323:qt-mt323.dll
 0001:0000d072       ?setPixmap@QLabel@@UAEXABVQPixmap@@@Z 0040e072 f   qt-mt323:qt-mt323.dll
 0001:0000d078       ?setText@QLabel@@UAEXABVQString@@@Z 0040e078 f   qt-mt323:qt-mt323.dll
 0001:0000d07e       ?setBuddy@QLabel@@UAEXPAVQWidget@@@Z 0040e07e f   qt-mt323:qt-mt323.dll
 0001:0000d084       ?setAutoResize@QLabel@@UAEX_N@Z 0040e084 f   qt-mt323:qt-mt323.dll
 0001:0000d08a       ?setAlignment@QLabel@@UAEXH@Z 0040e08a f   qt-mt323:qt-mt323.dll
 0001:0000d090       ?frameChanged@QFrame@@MAEXXZ 0040e090 f   qt-mt323:qt-mt323.dll
 0001:0000d096       ?drawContents@QLabel@@MAEXPAVQPainter@@@Z 0040e096 f   qt-mt323:qt-mt323.dll
 0001:0000d09c       ?fontChange@QLabel@@MAEXABVQFont@@@Z 0040e09c f   qt-mt323:qt-mt323.dll
 0001:0000d0a2       ?enabledChange@QWidget@@MAEX_N@Z 0040e0a2 f   qt-mt323:qt-mt323.dll
 0001:0000d0a8       ?styleChange@QFrame@@MAEXAAVQStyle@@@Z 0040e0a8 f   qt-mt323:qt-mt323.dll
 0001:0000d0ae       ?resizeEvent@QLabel@@MAEXPAVQResizeEvent@@@Z 0040e0ae f   qt-mt323:qt-mt323.dll
 0001:0000d0b4       ?paintEvent@QFrame@@MAEXPAVQPaintEvent@@@Z 0040e0b4 f   qt-mt323:qt-mt323.dll
 0001:0000d0ba       ?focusOutEvent@QWidget@@MAEXPAVQFocusEvent@@@Z 0040e0ba f   qt-mt323:qt-mt323.dll
 0001:0000d0c0       ?focusInEvent@QWidget@@MAEXPAVQFocusEvent@@@Z 0040e0c0 f   qt-mt323:qt-mt323.dll
 0001:0000d0c6       ?keyPressEvent@QWidget@@MAEXPAVQKeyEvent@@@Z 0040e0c6 f   qt-mt323:qt-mt323.dll
 0001:0000d0cc       ?mouseMoveEvent@QWidget@@MAEXPAVQMouseEvent@@@Z 0040e0cc f   qt-mt323:qt-mt323.dll
 0001:0000d0d2       ?mouseReleaseEvent@QWidget@@MAEXPAVQMouseEvent@@@Z 0040e0d2 f   qt-mt323:qt-mt323.dll
 0001:0000d0d8       ?mousePressEvent@QWidget@@MAEXPAVQMouseEvent@@@Z 0040e0d8 f   qt-mt323:qt-mt323.dll
 0001:0000d0de       ?heightForWidth@QLabel@@UBEHH@Z 0040e0de f   qt-mt323:qt-mt323.dll
 0001:0000d0e4       ?minimumSizeHint@QLabel@@UBE?AVQSize@@XZ 0040e0e4 f   qt-mt323:qt-mt323.dll
 0001:0000d0ea       ?sizeHint@QLabel@@UBE?AVQSize@@XZ 0040e0ea f   qt-mt323:qt-mt323.dll
 0001:0000d0f0       ?setFont@QLabel@@UAEXABVQFont@@@Z 0040e0f0 f   qt-mt323:qt-mt323.dll
 0001:0000d0f6       ?qt_property@QLabel@@UAE_NHHPAVQVariant@@@Z 0040e0f6 f   qt-mt323:qt-mt323.dll
 0001:0000d0fc       ?qt_emit@QLabel@@UAE_NHPAUQUObject@@@Z 0040e0fc f   qt-mt323:qt-mt323.dll
 0001:0000d102       ?qt_invoke@QLabel@@UAE_NHPAUQUObject@@@Z 0040e102 f   qt-mt323:qt-mt323.dll
 0001:0000d108       ?qt_cast@QLabel@@UAEPAXPBD@Z 0040e108 f   qt-mt323:qt-mt323.dll
 0001:0000d10e       ?className@QLabel@@UBEPBDXZ 0040e10e f   qt-mt323:qt-mt323.dll
 0001:0000d114       ?metaObject@QLabel@@UBEPAVQMetaObject@@XZ 0040e114 f   qt-mt323:qt-mt323.dll
 0001:0000d11a       ?setOn@QPushButton@@UAEX_N@Z 0040e11a f   qt-mt323:qt-mt323.dll
 0001:0000d120       ?setIsMenuButton@QPushButton@@UAEX_N@Z 0040e120 f   qt-mt323:qt-mt323.dll
 0001:0000d126       ?setDefault@QPushButton@@UAEX_N@Z 0040e126 f   qt-mt323:qt-mt323.dll
 0001:0000d12c       ?setAutoDefault@QPushButton@@UAEX_N@Z 0040e12c f   qt-mt323:qt-mt323.dll
 0001:0000d132       ?setGroup@QButton@@EAEXPAVQButtonGroup@@@Z 0040e132 f   qt-mt323:qt-mt323.dll
 0001:0000d138       ?drawButtonLabel@QPushButton@@MAEXPAVQPainter@@@Z 0040e138 f   qt-mt323:qt-mt323.dll
 0001:0000d13e       ?drawButton@QPushButton@@MAEXPAVQPainter@@@Z 0040e13e f   qt-mt323:qt-mt323.dll
 0001:0000d144       ?hitButton@QButton@@MBE_NABVQPoint@@@Z 0040e144 f   qt-mt323:qt-mt323.dll
 0001:0000d14a       ?setState@QButton@@MAEXW4ToggleState@1@@Z 0040e14a f   qt-mt323:qt-mt323.dll
 0001:0000d150       ?setToggleType@QButton@@MAEXW4ToggleType@1@@Z 0040e150 f   qt-mt323:qt-mt323.dll
 0001:0000d156       ?setAutoRepeat@QButton@@UAEX_N@Z 0040e156 f   qt-mt323:qt-mt323.dll
 0001:0000d15c       ?setDown@QButton@@UAEX_N@Z 0040e15c f   qt-mt323:qt-mt323.dll
 0001:0000d162       ?setAccel@QButton@@UAEXABVQKeySequence@@@Z 0040e162 f   qt-mt323:qt-mt323.dll
 0001:0000d168       ?setPixmap@QButton@@UAEXABVQPixmap@@@Z 0040e168 f   qt-mt323:qt-mt323.dll
 0001:0000d16e       ?setText@QButton@@UAEXABVQString@@@Z 0040e16e f   qt-mt323:qt-mt323.dll
 0001:0000d174       ?focusNextPrevChild@QWidget@@MAE_N_N@Z 0040e174 f   qt-mt323:qt-mt323.dll
 0001:0000d17a       ?enabledChange@QButton@@MAEX_N@Z 0040e17a f   qt-mt323:qt-mt323.dll
 0001:0000d180       ?styleChange@QWidget@@MAEXAAVQStyle@@@Z 0040e180 f   qt-mt323:qt-mt323.dll
 0001:0000d186       ?updateMask@QPushButton@@MAEXXZ 0040e186 f   qt-mt323:qt-mt323.dll
 0001:0000d18c       ?closeEvent@QWidget@@MAEXPAVQCloseEvent@@@Z 0040e18c f   qt-mt323:qt-mt323.dll
 0001:0000d192       ?resizeEvent@QPushButton@@MAEXPAVQResizeEvent@@@Z 0040e192 f   qt-mt323:qt-mt323.dll
 0001:0000d198       ?paintEvent@QButton@@MAEXPAVQPaintEvent@@@Z 0040e198 f   qt-mt323:qt-mt323.dll
 0001:0000d19e       ?leaveEvent@QWidget@@MAEXPAVQEvent@@@Z 0040e19e f   qt-mt323:qt-mt323.dll
 0001:0000d1a4       ?focusOutEvent@QPushButton@@MAEXPAVQFocusEvent@@@Z 0040e1a4 f   qt-mt323:qt-mt323.dll
 0001:0000d1aa       ?focusInEvent@QPushButton@@MAEXPAVQFocusEvent@@@Z 0040e1aa f   qt-mt323:qt-mt323.dll
 0001:0000d1b0       ?keyReleaseEvent@QButton@@MAEXPAVQKeyEvent@@@Z 0040e1b0 f   qt-mt323:qt-mt323.dll
 0001:0000d1b6       ?keyPressEvent@QButton@@MAEXPAVQKeyEvent@@@Z 0040e1b6 f   qt-mt323:qt-mt323.dll
 0001:0000d1bc       ?mouseMoveEvent@QButton@@MAEXPAVQMouseEvent@@@Z 0040e1bc f   qt-mt323:qt-mt323.dll
 0001:0000d1c2       ?mouseReleaseEvent@QButton@@MAEXPAVQMouseEvent@@@Z 0040e1c2 f   qt-mt323:qt-mt323.dll
 0001:0000d1c8       ?mousePressEvent@QButton@@MAEXPAVQMouseEvent@@@Z 0040e1c8 f   qt-mt323:qt-mt323.dll
 0001:0000d1ce       ?customWhatsThis@QWidget@@UBE_NXZ 0040e1ce f   qt-mt323:qt-mt323.dll
 0001:0000d1d4       ?sizeHint@QPushButton@@UBE?AVQSize@@XZ 0040e1d4 f   qt-mt323:qt-mt323.dll
 0001:0000d1da       ?setGeometry@QPushButton@@UAEXHHHH@Z 0040e1da f   qt-mt323:qt-mt323.dll
 0001:0000d1e0       ?setGeometry@QPushButton@@UAEXABVQRect@@@Z 0040e1e0 f   qt-mt323:qt-mt323.dll
 0001:0000d1e6       ?resize@QPushButton@@UAEXHH@Z 0040e1e6 f   qt-mt323:qt-mt323.dll
 0001:0000d1ec       ?move@QPushButton@@UAEXHH@Z 0040e1ec f   qt-mt323:qt-mt323.dll
 0001:0000d1f2       ?hide@QWidget@@UAEXXZ      0040e1f2 f   qt-mt323:qt-mt323.dll
 0001:0000d1f8       ?show@QWidget@@UAEXXZ      0040e1f8 f   qt-mt323:qt-mt323.dll
 0001:0000d1fe       ?setFont@QWidget@@UAEXABVQFont@@@Z 0040e1fe f   qt-mt323:qt-mt323.dll
 0001:0000d204       ?timerEvent@QObject@@MAEXPAVQTimerEvent@@@Z 0040e204 f   qt-mt323:qt-mt323.dll
 0001:0000d20a       ?qt_property@QPushButton@@UAE_NHHPAVQVariant@@@Z 0040e20a f   qt-mt323:qt-mt323.dll
 0001:0000d210       ?qt_emit@QPushButton@@UAE_NHPAUQUObject@@@Z 0040e210 f   qt-mt323:qt-mt323.dll
 0001:0000d216       ?qt_invoke@QPushButton@@UAE_NHPAUQUObject@@@Z 0040e216 f   qt-mt323:qt-mt323.dll
 0001:0000d21c       ?qt_cast@QPushButton@@UAEPAXPBD@Z 0040e21c f   qt-mt323:qt-mt323.dll
 0001:0000d222       ?className@QPushButton@@UBEPBDXZ 0040e222 f   qt-mt323:qt-mt323.dll
 0001:0000d228       ?metaObject@QPushButton@@UBEPAVQMetaObject@@XZ 0040e228 f   qt-mt323:qt-mt323.dll
 0001:0000d22e       ?menuDelPopup@QPopupMenu@@EAEXPAV1@@Z 0040e22e f   qt-mt323:qt-mt323.dll
 0001:0000d234       ?menuInsPopup@QPopupMenu@@EAEXPAV1@@Z 0040e234 f   qt-mt323:qt-mt323.dll
 0001:0000d23a       ?menuStateChanged@QPopupMenu@@EAEXXZ 0040e23a f   qt-mt323:qt-mt323.dll
 0001:0000d240       ?menuContentsChanged@QPopupMenu@@EAEXXZ 0040e240 f   qt-mt323:qt-mt323.dll
 0001:0000d246       ?activateItemAt@QPopupMenu@@UAEXH@Z 0040e246 f   qt-mt323:qt-mt323.dll
 0001:0000d24c       ?setId@QMenuData@@UAEXHH@Z 0040e24c f   qt-mt323:qt-mt323.dll
 0001:0000d252       ?updateItem@QPopupMenu@@UAEXH@Z 0040e252 f   qt-mt323:qt-mt323.dll
 0001:0000d258       ?fontInf@QPaintDevice@@MBEHPAVQFont@@H@Z 0040e258 f   qt-mt323:qt-mt323.dll
 0001:0000d25e       ?fontMet@QPaintDevice@@MBEHPAVQFont@@HPBDH@Z 0040e25e f   qt-mt323:qt-mt323.dll
 0001:0000d264       ?metric@QWidget@@MBEHH@Z   0040e264 f   qt-mt323:qt-mt323.dll
 0001:0000d26a       ?cmd@QPaintDevice@@MAE_NHPAVQPainter@@PATQPDevCmdParam@@@Z 0040e26a f   qt-mt323:qt-mt323.dll
 0001:0000d270       ?handle@QPaintDevice@@UBEPAUHDC__@@XZ 0040e270 f   qt-mt323:qt-mt323.dll
 0001:0000d276       ?resolution@QPaintDevice@@UBEHXZ 0040e276 f   qt-mt323:qt-mt323.dll
 0001:0000d27c       ?setResolution@QPaintDevice@@UAEXH@Z 0040e27c f   qt-mt323:qt-mt323.dll
 0001:0000d282       ?setFirstItemActive@QPopupMenu@@EAEXXZ 0040e282 f   qt-mt323:qt-mt323.dll
 0001:0000d288       ?setActiveItem@QPopupMenu@@UAEXH@Z 0040e288 f   qt-mt323:qt-mt323.dll
 0001:0000d28e       ?setCheckable@QPopupMenu@@UAEX_N@Z 0040e28e f   qt-mt323:qt-mt323.dll
 0001:0000d294       ?frameChanged@QPopupMenu@@EAEXXZ 0040e294 f   qt-mt323:qt-mt323.dll
 0001:0000d29a       ?drawContents@QPopupMenu@@MAEXPAVQPainter@@@Z 0040e29a f   qt-mt323:qt-mt323.dll
 0001:0000d2a0       ?drawFrame@QFrame@@MAEXPAVQPainter@@@Z 0040e2a0 f   qt-mt323:qt-mt323.dll
 0001:0000d2a6       ?setFrameRect@QFrame@@UAEXABVQRect@@@Z 0040e2a6 f   qt-mt323:qt-mt323.dll
 0001:0000d2ac       ?setMidLineWidth@QFrame@@UAEXH@Z 0040e2ac f   qt-mt323:qt-mt323.dll
 0001:0000d2b2       ?setMargin@QFrame@@UAEXH@Z 0040e2b2 f   qt-mt323:qt-mt323.dll
 0001:0000d2b8       ?setLineWidth@QFrame@@UAEXH@Z 0040e2b8 f   qt-mt323:qt-mt323.dll
 0001:0000d2be       ?setFrameStyle@QFrame@@UAEXH@Z 0040e2be f   qt-mt323:qt-mt323.dll
 0001:0000d2c4       ?setMicroFocusHint@QWidget@@MAEXHHHH_NPAVQFont@@@Z 0040e2c4 f   qt-mt323:qt-mt323.dll
 0001:0000d2ca       ?setKeyCompression@QWidget@@MAEX_N@Z 0040e2ca f   qt-mt323:qt-mt323.dll
 0001:0000d2d0       ?focusNextPrevChild@QPopupMenu@@MAE_N_N@Z 0040e2d0 f   qt-mt323:qt-mt323.dll
 0001:0000d2d6       ?setWFlags@QWidget@@MAEXI@Z 0040e2d6 f   qt-mt323:qt-mt323.dll
 0001:0000d2dc       ?setWState@QWidget@@MAEXI@Z 0040e2dc f   qt-mt323:qt-mt323.dll
 0001:0000d2e2       ?destroy@QWidget@@MAEX_N0@Z 0040e2e2 f   qt-mt323:qt-mt323.dll
 0001:0000d2e8       ?create@QWidget@@MAEXPAUHWND__@@_N1@Z 0040e2e8 f   qt-mt323:qt-mt323.dll
 0001:0000d2ee       ?windowActivationChange@QWidget@@MAEX_N@Z 0040e2ee f   qt-mt323:qt-mt323.dll
 0001:0000d2f4       ?fontChange@QWidget@@MAEXABVQFont@@@Z 0040e2f4 f   qt-mt323:qt-mt323.dll
 0001:0000d2fa       ?paletteChange@QWidget@@MAEXABVQPalette@@@Z 0040e2fa f   qt-mt323:qt-mt323.dll
 0001:0000d300       ?enabledChange@QPopupMenu@@MAEX_N@Z 0040e300 f   qt-mt323:qt-mt323.dll
 0001:0000d306       ?styleChange@QPopupMenu@@MAEXAAVQStyle@@@Z 0040e306 f   qt-mt323:qt-mt323.dll
 0001:0000d30c       ?updateMask@QWidget@@MAEXXZ 0040e30c f   qt-mt323:qt-mt323.dll
 0001:0000d312       ?winEvent@QWidget@@MAE_NPAUtagMSG@@@Z 0040e312 f   qt-mt323:qt-mt323.dll
 0001:0000d318       ?hideEvent@QWidget@@MAEXPAVQHideEvent@@@Z 0040e318 f   qt-mt323:qt-mt323.dll
 0001:0000d31e       ?showEvent@QWidget@@MAEXPAVQShowEvent@@@Z 0040e31e f   qt-mt323:qt-mt323.dll
 0001:0000d324       ?dropEvent@QWidget@@MAEXPAVQDropEvent@@@Z 0040e324 f   qt-mt323:qt-mt323.dll
 0001:0000d32a       ?dragLeaveEvent@QWidget@@MAEXPAVQDragLeaveEvent@@@Z 0040e32a f   qt-mt323:qt-mt323.dll
 0001:0000d330       ?dragMoveEvent@QWidget@@MAEXPAVQDragMoveEvent@@@Z 0040e330 f   qt-mt323:qt-mt323.dll
 0001:0000d336       ?dragEnterEvent@QWidget@@MAEXPAVQDragEnterEvent@@@Z 0040e336 f   qt-mt323:qt-mt323.dll
 0001:0000d33c       ?tabletEvent@QWidget@@MAEXPAVQTabletEvent@@@Z 0040e33c f   qt-mt323:qt-mt323.dll
 0001:0000d342       ?imEndEvent@QWidget@@MAEXPAVQIMEvent@@@Z 0040e342 f   qt-mt323:qt-mt323.dll
 0001:0000d348       ?imComposeEvent@QWidget@@MAEXPAVQIMEvent@@@Z 0040e348 f   qt-mt323:qt-mt323.dll
 0001:0000d34e       ?imStartEvent@QWidget@@MAEXPAVQIMEvent@@@Z 0040e34e f   qt-mt323:qt-mt323.dll
 0001:0000d354       ?contextMenuEvent@QWidget@@MAEXPAVQContextMenuEvent@@@Z 0040e354 f   qt-mt323:qt-mt323.dll
 0001:0000d35a       ?closeEvent@QPopupMenu@@MAEXPAVQCloseEvent@@@Z 0040e35a f   qt-mt323:qt-mt323.dll
 0001:0000d360       ?resizeEvent@QFrame@@MAEXPAVQResizeEvent@@@Z 0040e360 f   qt-mt323:qt-mt323.dll
 0001:0000d366       ?moveEvent@QWidget@@MAEXPAVQMoveEvent@@@Z 0040e366 f   qt-mt323:qt-mt323.dll
 0001:0000d36c       ?paintEvent@QPopupMenu@@MAEXPAVQPaintEvent@@@Z 0040e36c f   qt-mt323:qt-mt323.dll
 0001:0000d372       ?leaveEvent@QPopupMenu@@MAEXPAVQEvent@@@Z 0040e372 f   qt-mt323:qt-mt323.dll
 0001:0000d378       ?enterEvent@QWidget@@MAEXPAVQEvent@@@Z 0040e378 f   qt-mt323:qt-mt323.dll
 0001:0000d37e       ?focusOutEvent@QPopupMenu@@MAEXPAVQFocusEvent@@@Z 0040e37e f   qt-mt323:qt-mt323.dll
 0001:0000d384       ?focusInEvent@QPopupMenu@@MAEXPAVQFocusEvent@@@Z 0040e384 f   qt-mt323:qt-mt323.dll
 0001:0000d38a       ?keyReleaseEvent@QWidget@@MAEXPAVQKeyEvent@@@Z 0040e38a f   qt-mt323:qt-mt323.dll
 0001:0000d390       ?keyPressEvent@QPopupMenu@@MAEXPAVQKeyEvent@@@Z 0040e390 f   qt-mt323:qt-mt323.dll
 0001:0000d396       ?wheelEvent@QWidget@@MAEXPAVQWheelEvent@@@Z 0040e396 f   qt-mt323:qt-mt323.dll
 0001:0000d39c       ?mouseMoveEvent@QPopupMenu@@MAEXPAVQMouseEvent@@@Z 0040e39c f   qt-mt323:qt-mt323.dll
 0001:0000d3a2       ?mouseDoubleClickEvent@QWidget@@MAEXPAVQMouseEvent@@@Z 0040e3a2 f   qt-mt323:qt-mt323.dll
 0001:0000d3a8       ?mouseReleaseEvent@QPopupMenu@@MAEXPAVQMouseEvent@@@Z 0040e3a8 f   qt-mt323:qt-mt323.dll
 0001:0000d3ae       ?mousePressEvent@QPopupMenu@@MAEXPAVQMouseEvent@@@Z 0040e3ae f   qt-mt323:qt-mt323.dll
 0001:0000d3b4       ?customWhatsThis@QPopupMenu@@UBE_NXZ 0040e3b4 f   qt-mt323:qt-mt323.dll
 0001:0000d3ba       ?setBackgroundOrigin@QWidget@@UAEXW4BackgroundOrigin@1@@Z 0040e3ba f   qt-mt323:qt-mt323.dll
 0001:0000d3c0       ?setAutoMask@QWidget@@UAEX_N@Z 0040e3c0 f   qt-mt323:qt-mt323.dll
 0001:0000d3c6       ?setAcceptDrops@QWidget@@UAEX_N@Z 0040e3c6 f   qt-mt323:qt-mt323.dll
 0001:0000d3cc       ?reparent@QWidget@@UAEXPAV1@IABVQPoint@@_N@Z 0040e3cc f   qt-mt323:qt-mt323.dll
 0001:0000d3d2       ?adjustSize@QWidget@@UAEXXZ 0040e3d2 f   qt-mt323:qt-mt323.dll
 0001:0000d3d8       ?heightForWidth@QWidget@@UBEHH@Z 0040e3d8 f   qt-mt323:qt-mt323.dll
 0001:0000d3de       ?setSizePolicy@QWidget@@UAEXVQSizePolicy@@@Z 0040e3de f   qt-mt323:qt-mt323.dll
 0001:0000d3e4       ?sizePolicy@QWidget@@UBE?AVQSizePolicy@@XZ 0040e3e4 f   qt-mt323:qt-mt323.dll
 0001:0000d3ea       ?minimumSizeHint@QWidget@@UBE?AVQSize@@XZ 0040e3ea f   qt-mt323:qt-mt323.dll
 0001:0000d3f0       ?sizeHint@QPopupMenu@@UBE?AVQSize@@XZ 0040e3f0 f   qt-mt323:qt-mt323.dll
 0001:0000d3f6       ?setGeometry@QWidget@@UAEXHHHH@Z 0040e3f6 f   qt-mt323:qt-mt323.dll
 0001:0000d3fc       ?setGeometry@QWidget@@UAEXABVQRect@@@Z 0040e3fc f   qt-mt323:qt-mt323.dll
 0001:0000d402       ?resize@QWidget@@UAEXHH@Z  0040e402 f   qt-mt323:qt-mt323.dll
 0001:0000d408       ?move@QWidget@@UAEXHH@Z    0040e408 f   qt-mt323:qt-mt323.dll
 0001:0000d40e       ?close@QWidget@@UAE_N_N@Z  0040e40e f   qt-mt323:qt-mt323.dll
 0001:0000d414       ?polish@QWidget@@UAEXXZ    0040e414 f   qt-mt323:qt-mt323.dll
 0001:0000d41a       ?showNormal@QWidget@@UAEXXZ 0040e41a f   qt-mt323:qt-mt323.dll
 0001:0000d420       ?showMaximized@QWidget@@UAEXXZ 0040e420 f   qt-mt323:qt-mt323.dll
 0001:0000d426       ?showMinimized@QWidget@@UAEXXZ 0040e426 f   qt-mt323:qt-mt323.dll
 0001:0000d42c       ?hide@QPopupMenu@@UAEXXZ   0040e42c f   qt-mt323:qt-mt323.dll
 0001:0000d432       ?show@QPopupMenu@@UAEXXZ   0040e432 f   qt-mt323:qt-mt323.dll
 0001:0000d438       ?setUpdatesEnabled@QWidget@@UAEX_N@Z 0040e438 f   qt-mt323:qt-mt323.dll
 0001:0000d43e       ?setFocusProxy@QWidget@@UAEXPAV1@@Z 0040e43e f   qt-mt323:qt-mt323.dll
 0001:0000d444       ?setFocusPolicy@QWidget@@UAEXW4FocusPolicy@1@@Z 0040e444 f   qt-mt323:qt-mt323.dll
 0001:0000d44a       ?setActiveWindow@QWidget@@UAEXXZ 0040e44a f   qt-mt323:qt-mt323.dll
 0001:0000d450       ?setFocus@QWidget@@UAEXXZ  0040e450 f   qt-mt323:qt-mt323.dll
 0001:0000d456       ?setMouseTracking@QWidget@@UAEX_N@Z 0040e456 f   qt-mt323:qt-mt323.dll
 0001:0000d45c       ?setIconText@QWidget@@UAEXABVQString@@@Z 0040e45c f   qt-mt323:qt-mt323.dll
 0001:0000d462       ?setIcon@QWidget@@UAEXABVQPixmap@@@Z 0040e462 f   qt-mt323:qt-mt323.dll
 0001:0000d468       ?setCaption@QWidget@@UAEXABVQString@@@Z 0040e468 f   qt-mt323:qt-mt323.dll
 0001:0000d46e       ?setBackgroundPixmap@QWidget@@UAEXABVQPixmap@@@Z 0040e46e f   qt-mt323:qt-mt323.dll
 0001:0000d474       ?setBackgroundColor@QWidget@@UAEXABVQColor@@@Z 0040e474 f   qt-mt323:qt-mt323.dll
 0001:0000d47a       ?setMask@QWidget@@UAEXABVQBitmap@@@Z 0040e47a f   qt-mt323:qt-mt323.dll
 0001:0000d480       ?setMask@QWidget@@UAEXABVQRegion@@@Z 0040e480 f   qt-mt323:qt-mt323.dll
 0001:0000d486       ?unsetCursor@QWidget@@UAEXXZ 0040e486 f   qt-mt323:qt-mt323.dll
 0001:0000d48c       ?setCursor@QWidget@@UAEXABVQCursor@@@Z 0040e48c f   qt-mt323:qt-mt323.dll
 0001:0000d492       ?setFont@QPopupMenu@@UAEXABVQFont@@@Z 0040e492 f   qt-mt323:qt-mt323.dll
 0001:0000d498       ?setPaletteBackgroundPixmap@QWidget@@UAEXABVQPixmap@@@Z 0040e498 f   qt-mt323:qt-mt323.dll
 0001:0000d49e       ?setPaletteBackgroundColor@QWidget@@UAEXABVQColor@@@Z 0040e49e f   qt-mt323:qt-mt323.dll
 0001:0000d4a4       ?setPalette@QWidget@@UAEXABVQPalette@@@Z 0040e4a4 f   qt-mt323:qt-mt323.dll
 0001:0000d4aa       ?setErasePixmap@QWidget@@UAEXABVQPixmap@@@Z 0040e4aa f   qt-mt323:qt-mt323.dll
 0001:0000d4b0       ?setEraseColor@QWidget@@UAEXABVQColor@@@Z 0040e4b0 f   qt-mt323:qt-mt323.dll
 0001:0000d4b6       ?setBackgroundMode@QWidget@@UAEXW4BackgroundMode@Qt@@@Z 0040e4b6 f   qt-mt323:qt-mt323.dll
 0001:0000d4bc       ?setSizeIncrement@QWidget@@UAEXHH@Z 0040e4bc f   qt-mt323:qt-mt323.dll
 0001:0000d4c2       ?setMaximumSize@QWidget@@UAEXHH@Z 0040e4c2 f   qt-mt323:qt-mt323.dll
 0001:0000d4c8       ?setMinimumSize@QWidget@@UAEXHH@Z 0040e4c8 f   qt-mt323:qt-mt323.dll
 0001:0000d4ce       ?setEnabled@QWidget@@UAEX_N@Z 0040e4ce f   qt-mt323:qt-mt323.dll
 0001:0000d4d4       ?checkConnectArgs@QObject@@MAE_NPBDPBV1@0@Z 0040e4d4 f   qt-mt323:qt-mt323.dll
 0001:0000d4da       ?disconnectNotify@QObject@@MAEXPBD@Z 0040e4da f   qt-mt323:qt-mt323.dll
 0001:0000d4e0       ?connectNotify@QObject@@MAEXPBD@Z 0040e4e0 f   qt-mt323:qt-mt323.dll
 0001:0000d4e6       ?customEvent@QObject@@MAEXPAVQCustomEvent@@@Z 0040e4e6 f   qt-mt323:qt-mt323.dll
 0001:0000d4ec       ?childEvent@QObject@@MAEXPAVQChildEvent@@@Z 0040e4ec f   qt-mt323:qt-mt323.dll
 0001:0000d4f2       ?timerEvent@QPopupMenu@@MAEXPAVQTimerEvent@@@Z 0040e4f2 f   qt-mt323:qt-mt323.dll
 0001:0000d4f8       ?property@QObject@@UBE?AVQVariant@@PBD@Z 0040e4f8 f   qt-mt323:qt-mt323.dll
 0001:0000d4fe       ?setProperty@QObject@@UAE_NPBDABVQVariant@@@Z 0040e4fe f   qt-mt323:qt-mt323.dll
 0001:0000d504       ?removeChild@QObject@@UAEXPAV1@@Z 0040e504 f   qt-mt323:qt-mt323.dll
 0001:0000d50a       ?insertChild@QObject@@UAEXPAV1@@Z 0040e50a f   qt-mt323:qt-mt323.dll
 0001:0000d510       ?setName@QWidget@@UAEXPBD@Z 0040e510 f   qt-mt323:qt-mt323.dll
 0001:0000d516       ?eventFilter@QObject@@UAE_NPAV1@PAVQEvent@@@Z 0040e516 f   qt-mt323:qt-mt323.dll
 0001:0000d51c       ?event@QWidget@@MAE_NPAVQEvent@@@Z 0040e51c f   qt-mt323:qt-mt323.dll
 0001:0000d522       ?qt_property@QPopupMenu@@UAE_NHHPAVQVariant@@@Z 0040e522 f   qt-mt323:qt-mt323.dll
 0001:0000d528       ?qt_emit@QPopupMenu@@UAE_NHPAUQUObject@@@Z 0040e528 f   qt-mt323:qt-mt323.dll
 0001:0000d52e       ?qt_invoke@QPopupMenu@@UAE_NHPAUQUObject@@@Z 0040e52e f   qt-mt323:qt-mt323.dll
 0001:0000d534       ?qt_cast@QPopupMenu@@UAEPAXPBD@Z 0040e534 f   qt-mt323:qt-mt323.dll
 0001:0000d53a       ?className@QPopupMenu@@UBEPBDXZ 0040e53a f   qt-mt323:qt-mt323.dll
 0001:0000d540       ?metaObject@QPopupMenu@@UBEPAVQMetaObject@@XZ 0040e540 f   qt-mt323:qt-mt323.dll
 0001:0000d546       ?createPopupMenu@QLineEdit@@MAEPAVQPopupMenu@@XZ 0040e546 f   qt-mt323:qt-mt323.dll
 0001:0000d54c       ?setDragEnabled@QLineEdit@@UAEX_N@Z 0040e54c f   qt-mt323:qt-mt323.dll
 0001:0000d552       ?paste@QLineEdit@@UAEXXZ   0040e552 f   qt-mt323:qt-mt323.dll
 0001:0000d558       ?copy@QLineEdit@@UBEXXZ    0040e558 f   qt-mt323:qt-mt323.dll
 0001:0000d55e       ?cut@QLineEdit@@UAEXXZ     0040e55e f   qt-mt323:qt-mt323.dll
 0001:0000d564       ?setAlignment@QLineEdit@@UAEXH@Z 0040e564 f   qt-mt323:qt-mt323.dll
 0001:0000d56a       ?setCursorPosition@QLineEdit@@UAEXH@Z 0040e56a f   qt-mt323:qt-mt323.dll
 0001:0000d570       ?setSelection@QLineEdit@@UAEXHH@Z 0040e570 f   qt-mt323:qt-mt323.dll
 0001:0000d576       ?setValidator@QLineEdit@@UAEXPBVQValidator@@@Z 0040e576 f   qt-mt323:qt-mt323.dll
 0001:0000d57c       ?setReadOnly@QLineEdit@@UAEX_N@Z 0040e57c f   qt-mt323:qt-mt323.dll
 0001:0000d582       ?setEchoMode@QLineEdit@@UAEXW4EchoMode@1@@Z 0040e582 f   qt-mt323:qt-mt323.dll
 0001:0000d588       ?setFrame@QLineEdit@@UAEX_N@Z 0040e588 f   qt-mt323:qt-mt323.dll
 0001:0000d58e       ?setMaxLength@QLineEdit@@UAEXH@Z 0040e58e f   qt-mt323:qt-mt323.dll
 0001:0000d594       ?redo@QLineEdit@@UAEXXZ    0040e594 f   qt-mt323:qt-mt323.dll
 0001:0000d59a       ?undo@QLineEdit@@UAEXXZ    0040e59a f   qt-mt323:qt-mt323.dll
 0001:0000d5a0       ?clear@QLineEdit@@UAEXXZ   0040e5a0 f   qt-mt323:qt-mt323.dll
 0001:0000d5a6       ?insert@QLineEdit@@UAEXABVQString@@@Z 0040e5a6 f   qt-mt323:qt-mt323.dll
 0001:0000d5ac       ?clearValidator@QLineEdit@@UAEXXZ 0040e5ac f   qt-mt323:qt-mt323.dll
 0001:0000d5b2       ?deselect@QLineEdit@@UAEXXZ 0040e5b2 f   qt-mt323:qt-mt323.dll
 0001:0000d5b8       ?selectAll@QLineEdit@@UAEXXZ 0040e5b8 f   qt-mt323:qt-mt323.dll
 0001:0000d5be       ?setText@QLineEdit@@UAEXABVQString@@@Z 0040e5be f   qt-mt323:qt-mt323.dll
 0001:0000d5c4       ?drawContents@QLineEdit@@MAEXPAVQPainter@@@Z 0040e5c4 f   qt-mt323:qt-mt323.dll
 0001:0000d5ca       ?windowActivationChange@QLineEdit@@MAEX_N@Z 0040e5ca f   qt-mt323:qt-mt323.dll
 0001:0000d5d0       ?dropEvent@QLineEdit@@MAEXPAVQDropEvent@@@Z 0040e5d0 f   qt-mt323:qt-mt323.dll
 0001:0000d5d6       ?dragLeaveEvent@QLineEdit@@MAEXPAVQDragLeaveEvent@@@Z 0040e5d6 f   qt-mt323:qt-mt323.dll
 0001:0000d5dc       ?dragMoveEvent@QLineEdit@@MAEXPAVQDragMoveEvent@@@Z 0040e5dc f   qt-mt323:qt-mt323.dll
 0001:0000d5e2       ?dragEnterEvent@QLineEdit@@MAEXPAVQDragEnterEvent@@@Z 0040e5e2 f   qt-mt323:qt-mt323.dll
 0001:0000d5e8       ?imEndEvent@QLineEdit@@MAEXPAVQIMEvent@@@Z 0040e5e8 f   qt-mt323:qt-mt323.dll
 0001:0000d5ee       ?imComposeEvent@QLineEdit@@MAEXPAVQIMEvent@@@Z 0040e5ee f   qt-mt323:qt-mt323.dll
 0001:0000d5f4       ?imStartEvent@QLineEdit@@MAEXPAVQIMEvent@@@Z 0040e5f4 f   qt-mt323:qt-mt323.dll
 0001:0000d5fa       ?contextMenuEvent@QLineEdit@@MAEXPAVQContextMenuEvent@@@Z 0040e5fa f   qt-mt323:qt-mt323.dll
 0001:0000d600       ?resizeEvent@QLineEdit@@MAEXPAVQResizeEvent@@@Z 0040e600 f   qt-mt323:qt-mt323.dll
 0001:0000d606       ?focusOutEvent@QLineEdit@@MAEXPAVQFocusEvent@@@Z 0040e606 f   qt-mt323:qt-mt323.dll
 0001:0000d60c       ?focusInEvent@QLineEdit@@MAEXPAVQFocusEvent@@@Z 0040e60c f   qt-mt323:qt-mt323.dll
 0001:0000d612       ?mouseMoveEvent@QLineEdit@@MAEXPAVQMouseEvent@@@Z 0040e612 f   qt-mt323:qt-mt323.dll
 0001:0000d618       ?mouseDoubleClickEvent@QLineEdit@@MAEXPAVQMouseEvent@@@Z 0040e618 f   qt-mt323:qt-mt323.dll
 0001:0000d61e       ?mouseReleaseEvent@QLineEdit@@MAEXPAVQMouseEvent@@@Z 0040e61e f   qt-mt323:qt-mt323.dll
 0001:0000d624       ?mousePressEvent@QLineEdit@@MAEXPAVQMouseEvent@@@Z 0040e624 f   qt-mt323:qt-mt323.dll
 0001:0000d62a       ?minimumSizeHint@QLineEdit@@UBE?AVQSize@@XZ 0040e62a f   qt-mt323:qt-mt323.dll
 0001:0000d630       ?sizeHint@QLineEdit@@UBE?AVQSize@@XZ 0040e630 f   qt-mt323:qt-mt323.dll
 0001:0000d636       ?setFont@QLineEdit@@UAEXABVQFont@@@Z 0040e636 f   qt-mt323:qt-mt323.dll
 0001:0000d63c       ?setPalette@QLineEdit@@UAEXABVQPalette@@@Z 0040e63c f   qt-mt323:qt-mt323.dll
 0001:0000d642       ?event@QLineEdit@@MAE_NPAVQEvent@@@Z 0040e642 f   qt-mt323:qt-mt323.dll
 0001:0000d648       ?keyPressEvent@QLineEdit@@MAEXPAVQKeyEvent@@@Z 0040e648 f   qt-mt323:qt-mt323.dll
 0001:0000d64e       ?compareItems@QGList@@MAEHPAX0@Z 0040e64e f   qt-mt323:qt-mt323.dll
 0001:0000d654       ?write@QGList@@MBEAAVQDataStream@@AAV2@PAX@Z 0040e654 f   qt-mt323:qt-mt323.dll
 0001:0000d65a       ?read@QGList@@MAEAAVQDataStream@@AAV2@AAPAX@Z 0040e65a f   qt-mt323:qt-mt323.dll
 0001:0000d660       ?newItem@QPtrCollection@@MAEPAXPAX@Z 0040e660 f   qt-mt323:qt-mt323.dll
 0001:0000d666       ?sizeHint@QWidget@@UBE?AVQSize@@XZ 0040e666 f   qt-mt323:qt-mt323.dll
 0001:0000d66c       ?qt_cast@QLineEdit@@UAEPAXPBD@Z 0040e66c f   qt-mt323:qt-mt323.dll
 0001:0000d672       ?qt_invoke@QLineEdit@@UAE_NHPAUQUObject@@@Z 0040e672 f   qt-mt323:qt-mt323.dll
 0001:0000d678       ?qt_emit@QLineEdit@@UAE_NHPAUQUObject@@@Z 0040e678 f   qt-mt323:qt-mt323.dll
 0001:0000d67e       ?qt_property@QLineEdit@@UAE_NHHPAVQVariant@@@Z 0040e67e f   qt-mt323:qt-mt323.dll
 0001:0000d684       ?iterator@QGridLayout@@UAE?AVQLayoutIterator@@XZ 0040e684 f   qt-mt323:qt-mt323.dll
 0001:0000d68a       ?invalidate@QGridLayout@@UAEXXZ 0040e68a f   qt-mt323:qt-mt323.dll
 0001:0000d690       ?heightForWidth@QGridLayout@@UBEHH@Z 0040e690 f   qt-mt323:qt-mt323.dll
 0001:0000d696       ?hasHeightForWidth@QGridLayout@@UBE_NXZ 0040e696 f   qt-mt323:qt-mt323.dll
 0001:0000d69c       ?setGeometry@QGridLayout@@UAEXABVQRect@@@Z 0040e69c f   qt-mt323:qt-mt323.dll
 0001:0000d6a2       ?expanding@QGridLayout@@UBE?AW4ExpandData@QSizePolicy@@XZ 0040e6a2 f   qt-mt323:qt-mt323.dll
 0001:0000d6a8       ?maximumSize@QGridLayout@@UBE?AVQSize@@XZ 0040e6a8 f   qt-mt323:qt-mt323.dll
 0001:0000d6ae       ?minimumSize@QGridLayout@@UBE?AVQSize@@XZ 0040e6ae f   qt-mt323:qt-mt323.dll
 0001:0000d6b4       ?sizeHint@QGridLayout@@UBE?AVQSize@@XZ 0040e6b4 f   qt-mt323:qt-mt323.dll
 0001:0000d6ba       ?setColStretch@QGridLayout@@UAEXHH@Z 0040e6ba f   qt-mt323:qt-mt323.dll
 0001:0000d6c0       ?setRowStretch@QGridLayout@@UAEXHH@Z 0040e6c0 f   qt-mt323:qt-mt323.dll
 0001:0000d6c6       ?addItem@QGridLayout@@UAEXPAVQLayoutItem@@@Z 0040e6c6 f   qt-mt323:qt-mt323.dll
 0001:0000d6cc       ?qt_property@QGridLayout@@UAE_NHHPAVQVariant@@@Z 0040e6cc f   qt-mt323:qt-mt323.dll
 0001:0000d6d2       ?qt_emit@QGridLayout@@UAE_NHPAUQUObject@@@Z 0040e6d2 f   qt-mt323:qt-mt323.dll
 0001:0000d6d8       ?qt_invoke@QGridLayout@@UAE_NHPAUQUObject@@@Z 0040e6d8 f   qt-mt323:qt-mt323.dll
 0001:0000d6de       ?qt_cast@QGridLayout@@UAEPAXPBD@Z 0040e6de f   qt-mt323:qt-mt323.dll
 0001:0000d6e4       ?className@QGridLayout@@UBEPBDXZ 0040e6e4 f   qt-mt323:qt-mt323.dll
 0001:0000d6ea       ?metaObject@QGridLayout@@UBEPAVQMetaObject@@XZ 0040e6ea f   qt-mt323:qt-mt323.dll
 0001:0000d6f0       ?className@QLineEdit@@UBEPBDXZ 0040e6f0 f   qt-mt323:qt-mt323.dll
 0001:0000d6f6       ?metaObject@QLineEdit@@UBEPAVQMetaObject@@XZ 0040e6f6 f   qt-mt323:qt-mt323.dll
 0001:0000d6fc       ?setAlignment@QGroupBox@@UAEXH@Z 0040e6fc f   qt-mt323:qt-mt323.dll
 0001:0000d702       ?setTitle@QGroupBox@@UAEXABVQString@@@Z 0040e702 f   qt-mt323:qt-mt323.dll
 0001:0000d708       ?setColumnLayout@QGroupBox@@UAEXHW4Orientation@Qt@@@Z 0040e708 f   qt-mt323:qt-mt323.dll
 0001:0000d70e       ?fontChange@QGroupBox@@MAEXABVQFont@@@Z 0040e70e f   qt-mt323:qt-mt323.dll
 0001:0000d714       ?resizeEvent@QGroupBox@@MAEXPAVQResizeEvent@@@Z 0040e714 f   qt-mt323:qt-mt323.dll
 0001:0000d71a       ?paintEvent@QGroupBox@@MAEXPAVQPaintEvent@@@Z 0040e71a f   qt-mt323:qt-mt323.dll
 0001:0000d720       ?focusInEvent@QGroupBox@@MAEXPAVQFocusEvent@@@Z 0040e720 f   qt-mt323:qt-mt323.dll
 0001:0000d726       ?sizeHint@QGroupBox@@UBE?AVQSize@@XZ 0040e726 f   qt-mt323:qt-mt323.dll
 0001:0000d72c       ?setEnabled@QGroupBox@@UAEX_N@Z 0040e72c f   qt-mt323:qt-mt323.dll
 0001:0000d732       ?childEvent@QGroupBox@@MAEXPAVQChildEvent@@@Z 0040e732 f   qt-mt323:qt-mt323.dll
 0001:0000d738       ?event@QGroupBox@@MAE_NPAVQEvent@@@Z 0040e738 f   qt-mt323:qt-mt323.dll
 0001:0000d73e       ?qt_property@QGroupBox@@UAE_NHHPAVQVariant@@@Z 0040e73e f   qt-mt323:qt-mt323.dll
 0001:0000d744       ?qt_emit@QGroupBox@@UAE_NHPAUQUObject@@@Z 0040e744 f   qt-mt323:qt-mt323.dll
 0001:0000d74a       ?qt_invoke@QGroupBox@@UAE_NHPAUQUObject@@@Z 0040e74a f   qt-mt323:qt-mt323.dll
 0001:0000d750       ?qt_cast@QGroupBox@@UAEPAXPBD@Z 0040e750 f   qt-mt323:qt-mt323.dll
 0001:0000d756       ?className@QGroupBox@@UBEPBDXZ 0040e756 f   qt-mt323:qt-mt323.dll
 0001:0000d75c       ?metaObject@QGroupBox@@UBEPAVQMetaObject@@XZ 0040e75c f   qt-mt323:qt-mt323.dll
 0001:0000d762       ?paintCell@QListBox@@MAEXPAVQPainter@@HH@Z 0040e762 f   qt-mt323:qt-mt323.dll
 0001:0000d768       ?invertSelection@QListBox@@UAEXXZ 0040e768 f   qt-mt323:qt-mt323.dll
 0001:0000d76e       ?selectAll@QListBox@@UAEX_N@Z 0040e76e f   qt-mt323:qt-mt323.dll
 0001:0000d774       ?clearSelection@QListBox@@UAEXXZ 0040e774 f   qt-mt323:qt-mt323.dll
 0001:0000d77a       ?ensureCurrentVisible@QListBox@@UAEXXZ 0040e77a f   qt-mt323:qt-mt323.dll
 0001:0000d780       ?setVariableHeight@QListBox@@UAEX_N@Z 0040e780 f   qt-mt323:qt-mt323.dll
 0001:0000d786       ?setVariableWidth@QListBox@@UAEX_N@Z 0040e786 f   qt-mt323:qt-mt323.dll
 0001:0000d78c       ?setRowMode@QListBox@@UAEXW4LayoutMode@1@@Z 0040e78c f   qt-mt323:qt-mt323.dll
 0001:0000d792       ?setRowMode@QListBox@@UAEXH@Z 0040e792 f   qt-mt323:qt-mt323.dll
 0001:0000d798       ?setColumnMode@QListBox@@UAEXW4LayoutMode@1@@Z 0040e798 f   qt-mt323:qt-mt323.dll
 0001:0000d79e       ?setColumnMode@QListBox@@UAEXH@Z 0040e79e f   qt-mt323:qt-mt323.dll
 0001:0000d7a4       ?setSelected@QListBox@@UAEXPAVQListBoxItem@@_N@Z 0040e7a4 f   qt-mt323:qt-mt323.dll
 0001:0000d7aa       ?setSelectionMode@QListBox@@UAEXW4SelectionMode@1@@Z 0040e7aa f   qt-mt323:qt-mt323.dll
 0001:0000d7b0       ?setBottomItem@QListBox@@UAEXH@Z 0040e7b0 f   qt-mt323:qt-mt323.dll
 0001:0000d7b6       ?setTopItem@QListBox@@UAEXH@Z 0040e7b6 f   qt-mt323:qt-mt323.dll
 0001:0000d7bc       ?setCurrentItem@QListBox@@UAEXH@Z 0040e7bc f   qt-mt323:qt-mt323.dll
 0001:0000d7c2       ?setCurrentItem@QListBox@@UAEXPAVQListBoxItem@@@Z 0040e7c2 f   qt-mt323:qt-mt323.dll
 0001:0000d7c8       ?viewportResizeEvent@QScrollView@@MAEXPAVQResizeEvent@@@Z 0040e7c8 f   qt-mt323:qt-mt323.dll
 0001:0000d7ce       ?viewportPaintEvent@QListBox@@UAEXPAVQPaintEvent@@@Z 0040e7ce f   qt-mt323:qt-mt323.dll
 0001:0000d7d4       ?contentsContextMenuEvent@QListBox@@MAEXPAVQContextMenuEvent@@@Z 0040e7d4 f   qt-mt323:qt-mt323.dll
 0001:0000d7da       ?contentsWheelEvent@QScrollView@@MAEXPAVQWheelEvent@@@Z 0040e7da f   qt-mt323:qt-mt323.dll
 0001:0000d7e0       ?contentsDropEvent@QScrollView@@MAEXPAVQDropEvent@@@Z 0040e7e0 f   qt-mt323:qt-mt323.dll
 0001:0000d7e6       ?contentsDragLeaveEvent@QScrollView@@MAEXPAVQDragLeaveEvent@@@Z 0040e7e6 f   qt-mt323:qt-mt323.dll
 0001:0000d7ec       ?contentsDragMoveEvent@QScrollView@@MAEXPAVQDragMoveEvent@@@Z 0040e7ec f   qt-mt323:qt-mt323.dll
 0001:0000d7f2       ?contentsDragEnterEvent@QScrollView@@MAEXPAVQDragEnterEvent@@@Z 0040e7f2 f   qt-mt323:qt-mt323.dll
 0001:0000d7f8       ?contentsMouseMoveEvent@QScrollView@@MAEXPAVQMouseEvent@@@Z 0040e7f8 f   qt-mt323:qt-mt323.dll
 0001:0000d7fe       ?contentsMouseDoubleClickEvent@QScrollView@@MAEXPAVQMouseEvent@@@Z 0040e7fe f   qt-mt323:qt-mt323.dll
 0001:0000d804       ?contentsMouseReleaseEvent@QScrollView@@MAEXPAVQMouseEvent@@@Z 0040e804 f   qt-mt323:qt-mt323.dll
 0001:0000d80a       ?contentsMousePressEvent@QScrollView@@MAEXPAVQMouseEvent@@@Z 0040e80a f   qt-mt323:qt-mt323.dll
 0001:0000d810       ?drawContents@QScrollView@@MAEXPAVQPainter@@HHHH@Z 0040e810 f   qt-mt323:qt-mt323.dll
 0001:0000d816       ?drawContents@QScrollView@@EAEXPAVQPainter@@@Z 0040e816 f   qt-mt323:qt-mt323.dll
 0001:0000d81c       ?focusNextPrevChild@QScrollView@@MAE_N_N@Z 0040e81c f   qt-mt323:qt-mt323.dll
 0001:0000d822       ?windowActivationChange@QListBox@@MAEX_N@Z 0040e822 f   qt-mt323:qt-mt323.dll
 0001:0000d828       ?showEvent@QListBox@@MAEXPAVQShowEvent@@@Z 0040e828 f   qt-mt323:qt-mt323.dll
 0001:0000d82e       ?resizeEvent@QListBox@@MAEXPAVQResizeEvent@@@Z 0040e82e f   qt-mt323:qt-mt323.dll
 0001:0000d834       ?focusOutEvent@QListBox@@MAEXPAVQFocusEvent@@@Z 0040e834 f   qt-mt323:qt-mt323.dll
 0001:0000d83a       ?focusInEvent@QListBox@@MAEXPAVQFocusEvent@@@Z 0040e83a f   qt-mt323:qt-mt323.dll
 0001:0000d840       ?keyPressEvent@QListBox@@MAEXPAVQKeyEvent@@@Z 0040e840 f   qt-mt323:qt-mt323.dll
 0001:0000d846       ?mouseMoveEvent@QListBox@@MAEXPAVQMouseEvent@@@Z 0040e846 f   qt-mt323:qt-mt323.dll
 0001:0000d84c       ?mouseDoubleClickEvent@QListBox@@MAEXPAVQMouseEvent@@@Z 0040e84c f   qt-mt323:qt-mt323.dll
 0001:0000d852       ?mouseReleaseEvent@QListBox@@MAEXPAVQMouseEvent@@@Z 0040e852 f   qt-mt323:qt-mt323.dll
 0001:0000d858       ?mousePressEvent@QListBox@@MAEXPAVQMouseEvent@@@Z 0040e858 f   qt-mt323:qt-mt323.dll
 0001:0000d85e       ?minimumSizeHint@QListBox@@UBE?AVQSize@@XZ 0040e85e f   qt-mt323:qt-mt323.dll
 0001:0000d864       ?sizeHint@QListBox@@UBE?AVQSize@@XZ 0040e864 f   qt-mt323:qt-mt323.dll
 0001:0000d86a       ?setFont@QListBox@@UAEXABVQFont@@@Z 0040e86a f   qt-mt323:qt-mt323.dll
 0001:0000d870       ?setEnabled@QScrollView@@UAEX_N@Z 0040e870 f   qt-mt323:qt-mt323.dll
 0001:0000d876       ?eventFilter@QListBox@@MAE_NPAVQObject@@PAVQEvent@@@Z 0040e876 f   qt-mt323:qt-mt323.dll
 0001:0000d87c       ?qt_property@QListBox@@UAE_NHHPAVQVariant@@@Z 0040e87c f   qt-mt323:qt-mt323.dll
 0001:0000d882       ?qt_emit@QListBox@@UAE_NHPAUQUObject@@@Z 0040e882 f   qt-mt323:qt-mt323.dll
 0001:0000d888       ?qt_invoke@QListBox@@UAE_NHPAUQUObject@@@Z 0040e888 f   qt-mt323:qt-mt323.dll
 0001:0000d88e       ?qt_cast@QListBox@@UAEPAXPBD@Z 0040e88e f   qt-mt323:qt-mt323.dll
 0001:0000d894       ?className@QListBox@@UBEPBDXZ 0040e894 f   qt-mt323:qt-mt323.dll
 0001:0000d89a       ?metaObject@QListBox@@UBEPAVQMetaObject@@XZ 0040e89a f   qt-mt323:qt-mt323.dll
 0001:0000d8a0       ?emitLinkClicked@QTextEdit@@EAEXABVQString@@@Z 0040e8a0 f   qt-mt323:qt-mt323.dll
 0001:0000d8a6       ?emitHighlighted@QTextEdit@@EAEXABVQString@@@Z 0040e8a6 f   qt-mt323:qt-mt323.dll
 0001:0000d8ac       ?linksEnabled@QTextEdit@@EBE_NXZ 0040e8ac f   qt-mt323:qt-mt323.dll
 0001:0000d8b2       ?doChangeInterval@QTextEdit@@MAEXXZ 0040e8b2 f   qt-mt323:qt-mt323.dll
 0001:0000d8b8       ?createPopupMenu@QTextEdit@@MAEPAVQPopupMenu@@ABVQPoint@@@Z 0040e8b8 f   qt-mt323:qt-mt323.dll
 0001:0000d8be       ?createPopupMenu@QTextEdit@@MAEPAVQPopupMenu@@XZ 0040e8be f   qt-mt323:qt-mt323.dll
 0001:0000d8c4       ?setUndoRedoEnabled@QTextEdit@@UAEX_N@Z 0040e8c4 f   qt-mt323:qt-mt323.dll
 0001:0000d8ca       ?clearParagraphBackground@QTextEdit@@UAEXH@Z 0040e8ca f   qt-mt323:qt-mt323.dll
 0001:0000d8d0       ?setParagraphBackgroundColor@QTextEdit@@UAEXHABVQColor@@@Z 0040e8d0 f   qt-mt323:qt-mt323.dll
 0001:0000d8d6       ?insertParagraph@QTextEdit@@UAEXABVQString@@H@Z 0040e8d6 f   qt-mt323:qt-mt323.dll
 0001:0000d8dc       ?removeParagraph@QTextEdit@@UAEXH@Z 0040e8dc f   qt-mt323:qt-mt323.dll
 0001:0000d8e2       ?insertAt@QTextEdit@@UAEXABVQString@@HH@Z 0040e8e2 f   qt-mt323:qt-mt323.dll
 0001:0000d8e8       ?insert@QTextEdit@@UAEXABVQString@@_N11@Z 0040e8e8 f   qt-mt323:qt-mt323.dll
 0001:0000d8ee       ?scrollToBottom@QTextEdit@@UAEXXZ 0040e8ee f   qt-mt323:qt-mt323.dll
 0001:0000d8f4       ?setOverwriteMode@QTextEdit@@UAEX_N@Z 0040e8f4 f   qt-mt323:qt-mt323.dll
 0001:0000d8fa       ?setCurrentFont@QTextEdit@@UAEXABVQFont@@@Z 0040e8fa f   qt-mt323:qt-mt323.dll
 0001:0000d900       ?removeSelection@QTextEdit@@UAEXH@Z 0040e900 f   qt-mt323:qt-mt323.dll
 0001:0000d906       ?removeSelectedText@QTextEdit@@UAEXH@Z 0040e906 f   qt-mt323:qt-mt323.dll
 0001:0000d90c       ?doKeyboardAction@QTextEdit@@UAEXW4KeyboardAction@1@@Z 0040e90c f   qt-mt323:qt-mt323.dll
[...]
 0003:0000277c       ??_C@_0N@HIHN@previousEdit?$AA@ 0042477c     moc_commandEdit.obj
 0003:0000278c       ??_C@_08PLHE@nextEdit?$AA@ 0042478c     moc_commandEdit.obj
 0003:00002798       ??_C@_0CF@HIPP@slot_thisTextChanged?$CIconst?5QStri@ 00424798     moc_commandEdit.obj
 0003:000027c0       ??_C@_0BF@CFFF@slot_thisTextChanged?$AA@ 004247c0     moc_commandEdit.obj
 0003:000027d8       ??_C@_0M@KKPP@commandEdit?$AA@ 004247d8     moc_commandEdit.obj
 0003:000027e4       ??_C@_0BM@IDME@1slot_autoRegisterRev?$CIbool?$CJ?$AA@ 004247e4     revertiveImpl.obj
 0003:00002800       ??_C@_0BE@MCHD@1pauseDisplay?$CIbool?$CJ?$AA@ 00424800     revertiveImpl.obj
 0003:00002814       ??_C@_0BD@KAMO@1setLogLength?$CIint?$CJ?$AA@ 00424814     revertiveImpl.obj
 0003:00002828       ??_C@_08JENB@1clear?$CI?$CJ?$AA@ 00424828     revertiveImpl.obj
 0003:00002834       ??_C@_0BD@POCC@1addRegistration?$CI?$CJ?$AA@ 00424834     revertiveImpl.obj
 0003:00002848       ??_C@_08POMI@?$CFd?0?$CFd?0?$CFd?$AA@ 00424848     revertiveImpl.obj
 0003:00002854       ??_C@_01POCP@?7?$AA@       00424854     revertiveImpl.obj
 0003:00002858       ??_C@_0N@NEPC@hh?3mm?3ss?4zzz?$AA@ 00424858     revertiveImpl.obj
 0003:00002868       ??_C@_0O@OIFO@IR?5?$CF1?5?8?$CF2?8?5?$CF3?$AA@ 00424868     revertiveImpl.obj
 0003:00002878       ??_C@_0M@GGO@RR?5?$CF1?5?$CF2?5?$CF3?$AA@ 00424878     revertiveImpl.obj
 0003:00002884       ??_C@_0M@OOCC@GR?5?$CF1?5?$CF2?5?$CF3?$AA@ 00424884     revertiveImpl.obj
 0003:00002890       ??_C@_0M@KCFE@DC?5?$CF1?5?$CF2?5?$CF3?$AA@ 00424890     revertiveImpl.obj
 0003:0000289c       ??_C@_09MGOG@maxLines?$DN?$AA@ 0042489c     revertiveImpl.obj
 0003:000028a8       ??_C@_08FJN@maxLines?$AA@  004248a8     revertiveImpl.obj
 0003:000028b4       ??_C@_0O@MCJA@aboutToQuit?$CI?$CJ?$AA@ 004248b4     moc_bcommandmainwindow.obj
 0003:000028c4       ??_C@_0BH@JAHJ@slot_scriptDirty?$CIbool?$CJ?$AA@ 004248c4     moc_bcommandmainwindow.obj
 0003:000028dc       ??_C@_0CA@FACC@loadRecentFile?$CIconst?5QVariant?$CG?$CJ?$AA@ 004248dc     moc_bcommandmainwindow.obj
 0003:000028fc       ??_C@_0BC@IGAB@toggleTimer?$CIbool?$CJ?$AA@ 004248fc     moc_bcommandmainwindow.obj
 0003:00002910       ??_C@_0BJ@CFBD@timerEvent?$CIQTimerEvent?$CK?$CJ?$AA@ 00424910     moc_bcommandmainwindow.obj
 0003:0000292c       ??_C@_0BH@CANG@timerValueChanged?$CIint?$CJ?$AA@ 0042492c     moc_bcommandmainwindow.obj
 0003:00002944       ??_C@_0P@LMCI@copySettings?$CI?$CJ?$AA@ 00424944     moc_bcommandmainwindow.obj
 0003:00002954       ??_C@_06PAME@save?$CI?$CJ?$AA@ 00424954     moc_bcommandmainwindow.obj
 0003:0000295c       ??_C@_08HGBF@saveAs?$CI?$CJ?$AA@ 0042495c     moc_bcommandmainwindow.obj
 0003:00002968       ??_C@_06KPGO@open?$CI?$CJ?$AA@ 00424968     moc_bcommandmainwindow.obj
 0003:00002970       ??_C@_0P@LCJM@clearCurrent?$CI?$CJ?$AA@ 00424970     moc_bcommandmainwindow.obj
 0003:00002980       ??_C@_07LLFA@about?$CI?$CJ?$AA@ 00424980     moc_bcommandmainwindow.obj
 0003:00002988       ??_C@_0P@CHKA@showFileMenu?$CI?$CJ?$AA@ 00424988     moc_bcommandmainwindow.obj
 0003:00002998       ??_C@_0M@LBLK@aboutToQuit?$AA@ 00424998     moc_bcommandmainwindow.obj
 0003:000029a4       ??_C@_0BB@FNJF@slot_scriptDirty?$AA@ 004249a4     moc_bcommandmainwindow.obj
 0003:000029b8       ??_C@_0P@HINE@loadRecentFile?$AA@ 004249b8     moc_bcommandmainwindow.obj
 0003:000029c8       ??_C@_0M@OCJB@toggleTimer?$AA@ 004249c8     moc_bcommandmainwindow.obj
 0003:00002a08       ??_C@_06PPL@bState?$AA@    00424a08     moc_bcommandmainwindow.obj
 0003:00002a10       ??_C@_0L@GALL@timerEvent?$AA@ 00424a10     moc_bcommandmainwindow.obj
 0003:00002a1c       ??_C@_01PHOL@e?$AA@        00424a1c     moc_bcommandmainwindow.obj
 0003:00002a20       ??_C@_0BC@HIHO@timerValueChanged?$AA@ 00424a20     moc_bcommandmainwindow.obj
 0003:00002a34       ??_C@_06EFMC@iValue?$AA@   00424a34     moc_bcommandmainwindow.obj
 0003:00002a3c       ??_C@_0N@IBAM@copySettings?$AA@ 00424a3c     moc_bcommandmainwindow.obj
 0003:00002a4c       ??_C@_06CBOL@saveAs?$AA@   00424a4c     moc_bcommandmainwindow.obj
 0003:00002a54       ??_C@_0N@GJCI@clearCurrent?$AA@ 00424a54     moc_bcommandmainwindow.obj
 0003:00002a64       ??_C@_05FNEB@about?$AA@    00424a64     moc_bcommandmainwindow.obj
 0003:00002a6c       ??_C@_0N@MHO@showFileMenu?$AA@ 00424a6c     moc_bcommandmainwindow.obj
 0003:00002a7c       ??_C@_0BD@GOCJ@bCommandMainWindow?$AA@ 00424a7c     moc_bcommandmainwindow.obj
 0003:00002a90       ??_C@_0M@HJHB@QTimerEvent?$AA@ 00424a90     moc_bcommandmainwindow.obj
 0003:00002a9c       ??_C@_0BC@EPMA@IccClientCallback?$AA@ 00424a9c     moc_bcommandmainwindow.obj
 0003:00002ab0       ??_C@_0DJ@MLBA@sig_commandRegisterFor?$CIconst?5int@ 00424ab0     moc_commandimpl.obj
 0003:00002aec       ??_C@_0BJ@PJOL@sig_commandChanged?$CIbool?$CJ?$AA@ 00424aec     moc_commandimpl.obj
 0003:00002b08       ??_C@_0BH@NLIL@sig_commandRegisterFor?$AA@ 00424b08     moc_commandimpl.obj
 0003:00002b20       ??_C@_0BD@NGHO@sig_commandChanged?$AA@ 00424b20     moc_commandimpl.obj
 0003:00002b88       ??_C@_06CCDK@bDirty?$AA@   00424b88     moc_commandimpl.obj
 0003:00002b90       ??_C@_0DK@MENM@slot_commandRegisterFor?$CIconst?5in@ 00424b90     moc_commandimpl.obj
 0003:00002bcc       ??_C@_0BC@CHLP@slot_hasChanged?$CI?$CJ?$AA@ 00424bcc     moc_commandimpl.obj
 0003:00002be0       ??_C@_07HJNN@allGo?$CI?$CJ?$AA@ 00424be0     moc_commandimpl.obj
 0003:00002be8       ??_C@_0BK@NPPK@loadSettings?$CIQStringList?$CJ?$AA@ 00424be8     moc_commandimpl.obj
 0003:00002c04       ??_C@_07FLME@clear?$CI?$CJ?$AA@ 00424c04     moc_commandimpl.obj
 0003:00002c0c       ??_C@_0BA@KOPP@setCheckBoxes?$CI?$CJ?$AA@ 00424c0c     moc_commandimpl.obj
 0003:00002c1c       ??_C@_0BI@KNKH@slot_commandRegisterFor?$AA@ 00424c1c     moc_commandimpl.obj
 0003:00002c34       ??_C@_04KOCA@iDev?$AA@     00424c34     moc_commandimpl.obj
 0003:00002c3c       ??_C@_0BA@OIK@slot_hasChanged?$AA@ 00424c3c     moc_commandimpl.obj
 0003:00002c4c       ??_C@_05MONJ@allGo?$AA@    00424c4c     moc_commandimpl.obj
 0003:00002c54       ??_C@_0N@GBIA@loadSettings?$AA@ 00424c54     moc_commandimpl.obj
 0003:00002c64       ??_C@_06EGOP@slCmds?$AA@   00424c64     moc_commandimpl.obj
 0003:00002c6c       ??_C@_05BDJO@clear?$AA@    00424c6c     moc_commandimpl.obj
 0003:00002c74       ??_C@_0O@PJGJ@setCheckBoxes?$AA@ 00424c74     moc_commandimpl.obj
 0003:00002c84       ??_C@_07KAGO@command?$AA@  00424c84     moc_commandimpl.obj
 0003:00002c8c       ??_C@_04JNOD@iMax?$AA@     00424c8c     moc_commandimpl.obj
 0003:00002c94       ??_C@_04HOLF@iMin?$AA@     00424c94     moc_commandimpl.obj
 0003:00002c9c       ??_C@_01KKFM@?$AE?$AA@     00424c9c     moc_commandimpl.obj
 0003:00002ca0       ??_C@_0DN@FFAG@sig_commandLineRegisterFor?$CIconst@ 00424ca0     moc_commandLine.obj
 0003:00002ce0       ??_C@_0BK@POMO@sig_commandLineModified?$CI?$CJ?$AA@ 00424ce0     moc_commandLine.obj
 0003:00002cfc       ??_C@_0BC@GKHC@previousEdit?$CIint?$CJ?$AA@ 00424cfc     moc_commandLine.obj
 0003:00002d10       ??_C@_0O@OEMM@nextEdit?$CIint?$CJ?$AA@ 00424d10     moc_commandLine.obj
 0003:00002d20       ??_C@_0BL@JHD@sig_commandLineRegisterFor?$AA@ 00424d20     moc_commandLine.obj
 0003:00002d3c       ??_C@_0BI@MEEM@sig_commandLineModified?$AA@ 00424d3c     moc_commandLine.obj
 0003:00002d54       ??_C@_0BL@JNPA@slot_commandEditModified?$CI?$CJ?$AA@ 00424d54     moc_commandLine.obj
 0003:00002d70       ??_C@_0O@GHFH@prevCommand?$CI?$CJ?$AA@ 00424d70     moc_commandLine.obj
 0003:00002d80       ??_C@_0O@GBAB@nextCommand?$CI?$CJ?$AA@ 00424d80     moc_commandLine.obj
 0003:00002d90       ??_C@_0N@PAON@setEdit?$CIint?$CJ?$AA@ 00424d90     moc_commandLine.obj
 0003:00002da0       ??_C@_0O@MDJC@sendCommand?$CI?$CJ?$AA@ 00424da0     moc_commandLine.obj
 0003:00002db0       ??_C@_0O@NEAD@saveSetting?$CI?$CJ?$AA@ 00424db0     moc_commandLine.obj
 0003:00002dc0       ??_C@_0BF@KLBD@loadSetting?$CIQString?$CJ?$AA@ 00424dc0     moc_commandLine.obj
 0003:00002dd8       ??_C@_08HLOE@autoGo?$CI?$CJ?$AA@ 00424dd8     moc_commandLine.obj
 0003:00002de4       ??_C@_0BJ@FMP@slot_commandEditModified?$AA@ 00424de4     moc_commandLine.obj
 0003:00002e00       ??_C@_0M@OPEK@prevCommand?$AA@ 00424e00     moc_commandLine.obj
 0003:00002e0c       ??_C@_0M@FCHF@nextCommand?$AA@ 00424e0c     moc_commandLine.obj
 0003:00002e18       ??_C@_07DOJE@setEdit?$AA@  00424e18     moc_commandLine.obj
 0003:00002e30       ??_C@_04FPNK@iPos?$AA@     00424e30     moc_commandLine.obj
 0003:00002e38       ??_C@_0M@MFJM@sendCommand?$AA@ 00424e38     moc_commandLine.obj
 0003:00002e44       ??_C@_0M@HNNG@saveSetting?$AA@ 00424e44     moc_commandLine.obj
 0003:00002e50       ??_C@_0M@GJDA@loadSetting?$AA@ 00424e50     moc_commandLine.obj
 0003:00002e5c       ??_C@_06IMDO@autoGo?$AA@   00424e5c     moc_commandLine.obj
 0003:00002e64       ??_C@_0M@ENHG@commandLine?$AA@ 00424e64     moc_commandLine.obj
 0003:00002e70       ??_C@_08NPJJ@sSetting?$AA@ 00424e70     moc_commandLine.obj
 0003:00002e7c       ??_C@_0BB@MOGM@languageChange?$CI?$CJ?$AA@ 00424e7c     moc_revertiveDisplay.obj
 0003:00002e90       ??_C@_0P@COD@languageChange?$AA@ 00424e90     moc_revertiveDisplay.obj
 0003:00002ea0       ??_C@_0BB@CNGE@revertiveDisplay?$AA@ 00424ea0     moc_revertiveDisplay.obj
 0003:00002eb4       ??_C@_0BL@PNAH@slot_autoRegisterRev?$CIbool?$CJ?$AA@ 00424eb4     moc_revertiveImpl.obj
 0003:00002ed0       ??_C@_0DH@GFMH@slot_addRegistration?$CIconst?5int?$CG?0@ 00424ed0     moc_revertiveImpl.obj
 0003:00002f08       ??_C@_0DC@NODI@addRegistration?$CIconst?5int?$CG?0const@ 00424f08     moc_revertiveImpl.obj
 0003:00002f3c       ??_C@_0BC@KBA@addRegistration?$CI?$CJ?$AA@ 00424f3c     moc_revertiveImpl.obj
 0003:00002f50       ??_C@_0CG@DGAL@logRevertiveToDisplay?$CIconst?5QStr@ 00424f50     moc_revertiveImpl.obj
 0003:00002f78       ??_C@_0BC@FEPM@setLogLength?$CIint?$CJ?$AA@ 00424f78     moc_revertiveImpl.obj
 0003:00002f8c       ??_C@_0BD@BPIH@pauseDisplay?$CIbool?$CJ?$AA@ 00424f8c     moc_revertiveImpl.obj
 0003:00002fa0       ??_C@_0BF@LGHL@slot_autoRegisterRev?$AA@ 00424fa0     moc_revertiveImpl.obj
 0003:00003058       ??_C@_03EBBM@bOn?$AA@      00425058     moc_revertiveImpl.obj
 0003:0000305c       ??_C@_0BF@OHLI@slot_addRegistration?$AA@ 0042505c     moc_revertiveImpl.obj
 0003:00003074       ??_C@_0BA@EPMP@addRegistration?$AA@ 00425074     moc_revertiveImpl.obj
 0003:00003084       ??_C@_0BG@HANI@logRevertiveToDisplay?$AA@ 00425084     moc_revertiveImpl.obj
 0003:0000309c       ??_C@_03MBOC@msg?$AA@      0042509c     moc_revertiveImpl.obj
 0003:000030a0       ??_C@_06OBNF@slRevs?$AA@   004250a0     moc_revertiveImpl.obj
 0003:000030a8       ??_C@_0N@HGLA@setLogLength?$AA@ 004250a8     moc_revertiveImpl.obj
 0003:000030b8       ??_C@_0N@PDFM@pauseDisplay?$AA@ 004250b8     moc_revertiveImpl.obj
 0003:000030c8       ??_C@_08EKPF@bChecked?$AA@ 004250c8     moc_revertiveImpl.obj
 0003:000030d4       ??_C@_0O@GELC@revertiveImpl?$AA@ 004250d4     moc_revertiveImpl.obj
 0003:000030e4       ??_C@_04IOMD@iEnd?$AA@     004250e4     moc_revertiveImpl.obj
 0003:000030ec       ??_C@_06GIAC@iStart?$AA@   004250ec     moc_revertiveImpl.obj
 0003:000030f4       ??_C@_0N@MNFJ@autoRegister?$AA@ 004250f4     revertiveDisplay.obj
 0003:00003104       ??_C@_0L@DNA@pauseCheck?$AA@ 00425104     revertiveDisplay.obj
 0003:00003110       ??_C@_0M@BKGF@clearButton?$AA@ 00425110     revertiveDisplay.obj
 0003:0000311c       ??_C@_0N@GJEL@logCountSpin?$AA@ 0042511c     revertiveDisplay.obj
 0003:0000312c       ??_C@_0N@LMFP@textLabel1_4?$AA@ 0042512c     revertiveDisplay.obj
 0003:0000313c       ??_C@_07MHED@layout3?$AA@  0042513c     revertiveDisplay.obj
 0003:00003144       ??_C@_0BA@LIAG@lineEditComment?$AA@ 00425144     revertiveDisplay.obj
 0003:00003154       ??_C@_09OKP@groupBox1?$AA@ 00425154     revertiveDisplay.obj
 0003:00003160       ??_C@_07IFKI@regList?$AA@  00425160     revertiveDisplay.obj
 0003:00003168       ??_C@_08PJCI@addCheck?$AA@ 00425168     revertiveDisplay.obj
 0003:00003174       ??_C@_0P@IPLF@registerButton?$AA@ 00425174     revertiveDisplay.obj
 0003:00003184       ??_C@_07NIDK@maxSpin?$AA@  00425184     revertiveDisplay.obj
 0003:0000318c       ??_C@_0N@OJLK@textLabel1_3?$AA@ 0042518c     revertiveDisplay.obj
 0003:0000319c       ??_C@_07LHLB@minSpin?$AA@  0042519c     revertiveDisplay.obj
 0003:000031a4       ??_C@_0N@EDCN@textLabel1_2?$AA@ 004251a4     revertiveDisplay.obj
 0003:000031b4       ??_C@_0L@HBCO@deviceSpin?$AA@ 004251b4     revertiveDisplay.obj
 0003:000031c0       ??_C@_0L@KEKH@textLabel1?$AA@ 004251c0     revertiveDisplay.obj
 0003:000031cc       ??_C@_07MHII@layout6?$AA@  004251cc     revertiveDisplay.obj
 0003:000031d4       ??_C@_07NJDF@results?$AA@  004251d4     revertiveDisplay.obj
 0003:000031dc       ??_C@_0N@MFKG@frame6Layout?$AA@ 004251dc     revertiveDisplay.obj
 0003:000031ec       ??_C@_06EPCK@frame6?$AA@   004251ec     revertiveDisplay.obj
 0003:000031f4       ??_C@_0BH@CLKJ@revertiveDisplayLayout?$AA@ 004251f4     revertiveDisplay.obj
 0003:0000320c       ??_C@_0O@JJAB@Auto?5Register?$AA@ 0042520c     revertiveDisplay.obj
 0003:0000321c       ??_C@_0O@OFPH@Pause?5Display?$AA@ 0042521c     revertiveDisplay.obj
 0003:0000322c       ??_C@_09KAAN@Clear?5Log?$AA@ 0042522c     revertiveDisplay.obj
 0003:00003238       ??_C@_0O@PMMJ@Max?5Log?5Lines?$AA@ 00425238     revertiveDisplay.obj
 0003:00003248       ??_C@_0BE@NKPB@Add?5to?5Registration?$AA@ 00425248     revertiveDisplay.obj
 0003:0000325c       ??_C@_08DAEE@Register?$AA@ 0042525c     revertiveDisplay.obj
 0003:00003268       ??_C@_08HKJA@Max?5Slot?$AA@ 00425268     revertiveDisplay.obj
 0003:00003274       ??_C@_08CJPP@Min?5Slot?$AA@ 00425274     revertiveDisplay.obj
 0003:00003280       ??_C@_06NBPC@Device?$AA@   00425280     revertiveDisplay.obj
 0003:00003288       ??_C@_05HCPO@Form1?$AA@    00425288     revertiveDisplay.obj
 0003:00003290       ??_C@_0CA@NIKF@?2StringFileInfo?2?$CFs?2SpecialBuild?$AA@ 00425290     BncsVersionInfo:cBncsVersion.obj
 0003:000032b0       ??_C@_0CE@CKA@?2StringFileInfo?2?$CFs?2OriginalFileN@ 004252b0     BncsVersionInfo:cBncsVersion.obj
 0003:000032d4       ??_C@_0CA@BBDI@?2StringFileInfo?2?$CFs?2PrivateBuild?$AA@ 004252d4     BncsVersionInfo:cBncsVersion.obj
 0003:000032f4       ??_C@_0CD@GCNL@?2StringFileInfo?2?$CFs?2LegalTradeMar@ 004252f4     BncsVersionInfo:cBncsVersion.obj
 0003:00003318       ??_C@_0CC@KILK@?2StringFileInfo?2?$CFs?2ProductVersio@ 00425318     BncsVersionInfo:cBncsVersion.obj
 0003:0000333c       ??_C@_0CC@OKGI@?2StringFileInfo?2?$CFs?2LegalCopyrigh@ 0042533c     BncsVersionInfo:cBncsVersion.obj
 0003:00003360       ??_C@_0BP@HFNO@?2StringFileInfo?2?$CFs?2CompanyName?$AA@ 00425360     BncsVersionInfo:cBncsVersion.obj
 0003:00003380       ??_C@_0BP@OKDL@?2StringFileInfo?2?$CFs?2ProductName?$AA@ 00425380     BncsVersionInfo:cBncsVersion.obj
 0003:000033a0       ??_C@_0CA@FECA@?2StringFileInfo?2?$CFs?2InternalName?$AA@ 004253a0     BncsVersionInfo:cBncsVersion.obj
 0003:000033c0       ??_C@_0BM@IIGK@?2StringFileInfo?2?$CFs?2Comments?$AA@ 004253c0     BncsVersionInfo:cBncsVersion.obj
 0003:000033dc       ??_C@_0CD@LFKN@?2StringFileInfo?2?$CFs?2FileDescripti@ 004253dc     BncsVersionInfo:cBncsVersion.obj
 0003:00003400       ??_C@_01KMAE@?0?$AA@       00425400     BncsVersionInfo:cBncsVersion.obj
 0003:00003404       ??_C@_0BP@EOHM@?2StringFileInfo?2?$CFs?2FileVersion?$AA@ 00425404     BncsVersionInfo:cBncsVersion.obj
 0003:00003424       ??_C@_08CALL@?$CF04X?$CF04X?$AA@ 00425424     BncsVersionInfo:cBncsVersion.obj
 0003:00003430       ??_C@_0BJ@KCFH@?2VarFileInfo?2Translation?$AA@ 00425430     BncsVersionInfo:cBncsVersion.obj
 0003:00003450       ___defaultmatherr          00425450     MSVCRT:merr.obj
 0003:00003458       ??_C@_00A@?$AA@            00425458     bcommandmainwindow.obj
 0003:0000345c       ?stringMap@@3V?$QMap@VQString@@V1@@@A 0042545c     commandLine.obj
 0003:00003460       ?mathsMap@@3V?$QMap@VQString@@H@@A 00425460     commandLine.obj
 0003:00003470       ?metaObj@commandEdit@@0PAVQMetaObject@@A 00425470     moc_commandEdit.obj
 0003:00003490       ?metaObj@bCommandMainWindow@@0PAVQMetaObject@@A 00425490     moc_bcommandmainwindow.obj
 0003:000034c0       ?metaObj@command@@0PAVQMetaObject@@A 004254c0     moc_commandimpl.obj
 0003:00003510       ?metaObj@commandLine@@0PAVQMetaObject@@A 00425510     moc_commandLine.obj
 0003:0000359c       ?metaObj@revertiveDisplay@@0PAVQMetaObject@@A 0042559c     moc_revertiveDisplay.obj
 0003:000035a8       ?metaObj@revertiveImpl@@0PAVQMetaObject@@A 004255a8     moc_revertiveImpl.obj
 0003:000035d0       __dowildcard               004255d0     MSVCRT:wildcard.obj
 0003:000035d4       __newmode                  004255d4     MSVCRT:_newmode.obj
 0003:000035d8       __commode                  004255d8     MSVCRT:xncommod.obj
 0003:000035dc       __fmode                    004255dc     MSVCRT:xtxtmode.obj
 0003:000035e0       __adjust_fdiv              004255e0     <common>
 0003:000035e4       ___onexitend               004255e4     <common>
 0003:000035e8       ___onexitbegin             004255e8     <common>

 entry point at        0001:0000ddc4

 Static symbols

 0001:0000af40       _$E121                     0040bf40 f   moc_revertiveImpl.obj
 0001:0000af50       _$E118                     0040bf50 f   moc_revertiveImpl.obj
 0001:0000af70       _$E120                     0040bf70 f   moc_revertiveImpl.obj
 0001:0000af80       _$E119                     0040bf80 f   moc_revertiveImpl.obj
 0001:0000ad70       _$E99                      0040bd70 f   moc_revertiveDisplay.obj
 0001:0000ad80       _$E96                      0040bd80 f   moc_revertiveDisplay.obj
 0001:0000ada0       _$E98                      0040bda0 f   moc_revertiveDisplay.obj
 0001:0000adb0       _$E97                      0040bdb0 f   moc_revertiveDisplay.obj
 0001:0000a700       _$E99                      0040b700 f   moc_commandLine.obj
 0001:0000a710       _$E96                      0040b710 f   moc_commandLine.obj
 0001:0000a730       _$E98                      0040b730 f   moc_commandLine.obj
 0001:0000a740       _$E97                      0040b740 f   moc_commandLine.obj
 0001:0000a130       _$E99                      0040b130 f   moc_commandimpl.obj
 0001:0000a140       _$E96                      0040b140 f   moc_commandimpl.obj
 0001:0000a160       _$E98                      0040b160 f   moc_commandimpl.obj
 0001:0000a170       _$E97                      0040b170 f   moc_commandimpl.obj
 0001:00009d30       _$E124                     0040ad30 f   moc_bcommandmainwindow.obj
 0001:00009d40       _$E121                     0040ad40 f   moc_bcommandmainwindow.obj
 0001:00009d60       _$E123                     0040ad60 f   moc_bcommandmainwindow.obj
 0001:00009d70       _$E122                     0040ad70 f   moc_bcommandmainwindow.obj
 0001:00008900       _$E101                     00409900 f   moc_commandEdit.obj
 0001:00008910       _$E98                      00409910 f   moc_commandEdit.obj
 0001:00008930       _$E100                     00409930 f   moc_commandEdit.obj
 0001:00008940       _$E99                      00409940 f   moc_commandEdit.obj
 0001:000049f0       _$E106                     004059f0 f   commandLine.obj
 0001:00004a00       _$E103                     00405a00 f   commandLine.obj
 0001:00004a10       _$E105                     00405a10 f   commandLine.obj
 0001:00004a20       _$E104                     00405a20 f   commandLine.obj
 0001:00004ac0       _$E111                     00405ac0 f   commandLine.obj
 0001:00004ad0       _$E108                     00405ad0 f   commandLine.obj
 0001:00004ae0       _$E110                     00405ae0 f   commandLine.obj
 0001:00004af0       _$E109                     00405af0 f   commandLine.obj
 0001:0000dd2c       ?ArrayUnwindFilter@@YAHPAU_EXCEPTION_POINTERS@@@Z 0040ed2c f   MSVCRT:ehvecdtr.obj

 288 bytes saved through ICF

