 bncs_ws_man

 Timestamp is 5e9dbb2f (Mon Apr 20 16:09:35 2020)

 Preferred load address is 00400000

 Start         Length     Name                   Class
 0001:00000000 000000b8H .text                   CODE
 0001:000000c0 00000381H .text$di                CODE
 0001:00000450 000164bcH .text$mn                CODE
 0001:00016910 00003104H .text$x                 CODE
 0001:00019a20 0000014bH .text$yd                CODE
 0002:00000000 00001160H .idata$5                DATA
 0002:00001160 00000004H .CRT$XCA                DATA
 0002:00001164 00000004H .CRT$XCAA               DATA
 0002:00001168 00000054H .CRT$XCU                DATA
 0002:000011bc 00000004H .CRT$XCZ                DATA
 0002:000011c0 00000004H .CRT$XIA                DATA
 0002:000011c4 00000004H .CRT$XIAA               DATA
 0002:000011c8 00000004H .CRT$XIC                DATA
 0002:000011cc 00000004H .CRT$XIY                DATA
 0002:000011d0 00000004H .CRT$XIZ                DATA
 0002:000011d8 0000c328H .rdata                  DATA
 0002:0000d500 00001968H .rdata$r                DATA
 0002:0000ee68 00000004H .rtc$IAA                DATA
 0002:0000ee6c 00000004H .rtc$IZZ                DATA
 0002:0000ee70 00000004H .rtc$TAA                DATA
 0002:0000ee74 00000004H .rtc$TZZ                DATA
 0002:0000ee78 00002c4cH .xdata$x                DATA
 0002:00011ac4 00000000H .edata                  DATA
 0002:00011ac4 000000c8H .idata$2                DATA
 0002:00011b8c 00000014H .idata$3                DATA
 0002:00011ba0 00001160H .idata$4                DATA
 0002:00012d00 0000aa06H .idata$6                DATA
 0003:00000000 000003dcH .data                   DATA
 0003:000003dc 000008e4H .data$r                 DATA
 0003:00000cc0 0000050cH .bss                    DATA
 0004:00000000 00000190H .rsrc$01                DATA
 0004:00000190 00003c58H .rsrc$02                DATA

  Address         Publics by Value              Rva+Base       Lib:Object

 0000:00000000       __except_list              00000000     <absolute>
 0000:00000000       ___guard_fids_table        00000000     <absolute>
 0000:00000000       ___safe_se_handler_count   00000000     <absolute>
 0000:00000000       ___guard_fids_count        00000000     <absolute>
 0000:00000000       ___guard_flags             00000000     <absolute>
 0000:00000000       ___safe_se_handler_table   00000000     <absolute>
 0000:00009876       __ldused                   00009876     <absolute>
 0000:00009876       __fltused                  00009876     <absolute>
 0000:00000000       ___ImageBase               00400000     <linker-defined>
 0001:00000000       _WinMain@16                00401000 f   qtmain:qtmain_win.obj
 0001:0000008d       ?detach@?$QMemArray@PAD@@UAEXXZ 0040108d f i qtmain:qtmain_win.obj
 0001:00000095       ??_G?$QMemArray@PAD@@UAEPAXI@Z 00401095 f i qtmain:qtmain_win.obj
 0001:00000095       ??_E?$QMemArray@PAD@@UAEPAXI@Z 00401095 f i qtmain:qtmain_win.obj
 0001:00000450       ??0decodeBNCSString@@QAE@PBDD@Z 00401450 f   decodeBNCSString.obj
 0001:00000480       ??1decodeBNCSString@@UAE@XZ 00401480 f   decodeBNCSString.obj
 0001:000004a0       ??_EdecodeBNCSString@@UAEPAXI@Z 004014a0 f i decodeBNCSString.obj
 0001:000004a0       ??_GdecodeBNCSString@@UAEPAXI@Z 004014a0 f i decodeBNCSString.obj
 0001:000004e0       ?split@decodeBNCSString@@AAEXPBD@Z 004014e0 f i decodeBNCSString.obj
 0001:00000710       ??0AboutDialog@@QAE@XZ     00401710 f   AboutDialog.obj
 0001:00000890       ??1AboutDialog@@UAE@XZ     00401890 f   AboutDialog.obj
 0001:000008a2       ??_EAboutDialog@@WCI@AEPAXI@Z 004018a2 f i AboutDialog.obj
 0001:000008b0       ??_EAboutDialog@@UAEPAXI@Z 004018b0 f i AboutDialog.obj
 0001:000008b0       ??_GAboutDialog@@UAEPAXI@Z 004018b0 f i AboutDialog.obj
 0001:000008e0       ?GetVersion@AboutDialog@@AAEPADPAD000@Z 004018e0 f   AboutDialog.obj
 0001:00000ad0       ?metaObject@AboutDialogBase@@UBEPAVQMetaObject@@XZ 00401ad0 f i AboutDialog.obj
 0001:00000ae0       ??0bncs_ws_manDialog@@QAE@PAVQWidget@@PBDI@Z 00401ae0 f   bncs_ws_mandialog.obj
 0001:000011d0       ??1bncs_ws_manDialog@@UAE@XZ 004021d0 f   bncs_ws_mandialog.obj
 0001:00001288       ??_Ebncs_ws_manDialog@@WCI@AEPAXI@Z 00402288 f i bncs_ws_mandialog.obj
 0001:00001290       ??_Gbncs_ws_manDialog@@UAEPAXI@Z 00402290 f i bncs_ws_mandialog.obj
 0001:00001290       ??_Ebncs_ws_manDialog@@UAEPAXI@Z 00402290 f i bncs_ws_mandialog.obj
 0001:000012c0       ??_Gerror_category@std@@UAEPAXI@Z 004022c0 f i bncs_ws_mandialog.obj
 0001:000012c0       ??_G_Iostream_error_category@std@@UAEPAXI@Z 004022c0 f i bncs_ws_mandialog.obj
 0001:000012c0       ??_E_Iostream_error_category@std@@UAEPAXI@Z 004022c0 f i bncs_ws_mandialog.obj
 0001:000012c0       ??_E_Generic_error_category@std@@UAEPAXI@Z 004022c0 f i bncs_ws_mandialog.obj
 0001:000012c0       ??_Eerror_category@std@@UAEPAXI@Z 004022c0 f i bncs_ws_mandialog.obj
 0001:000012c0       ??_E_System_error_category@std@@UAEPAXI@Z 004022c0 f i bncs_ws_mandialog.obj
 0001:000012c0       ??_G_Generic_error_category@std@@UAEPAXI@Z 004022c0 f i bncs_ws_mandialog.obj
 0001:000012c0       ??_G_System_error_category@std@@UAEPAXI@Z 004022c0 f i bncs_ws_mandialog.obj
 0001:000012f0       ?AboutClick@bncs_ws_manDialog@@AAEXXZ 004022f0 f   bncs_ws_mandialog.obj
 0001:00001360       ?ButtonsEnable@bncs_ws_manDialog@@ABEXXZ 00402360 f   bncs_ws_mandialog.obj
 0001:00001390       ?RestartButtonClick@bncs_ws_manDialog@@AAEXXZ 00402390 f   bncs_ws_mandialog.obj
 0001:00001450       ?StopButtonClick@bncs_ws_manDialog@@AAEXXZ 00402450 f   bncs_ws_mandialog.obj
 0001:00001550       ?UpdateAndRestartButtonClick@bncs_ws_manDialog@@AAEXXZ 00402550 f   bncs_ws_mandialog.obj
 0001:00001610       ?_Copy@?$basic_string@DU?$char_traits@D@std@@V?$allocator@D@2@@std@@QAEXII@Z 00402610 f i bncs_ws_mandialog.obj
 0001:00001760       ?allocate@?$_Wrap_alloc@V?$allocator@D@std@@@std@@QAEPADI@Z 00402760 f i bncs_ws_mandialog.obj
 0001:00001790       ?assign@?$basic_string@DU?$char_traits@D@std@@V?$allocator@D@2@@std@@QAEAAV12@ABV12@II@Z 00402790 f i bncs_ws_mandialog.obj
 0001:000018b0       ?assign@?$basic_string@DU?$char_traits@D@std@@V?$allocator@D@2@@std@@QAEAAV12@PBDI@Z 004028b0 f i bncs_ws_mandialog.obj
 0001:000019b0       ?default_error_condition@_System_error_category@std@@UBE?AVerror_condition@2@H@Z 004029b0 f i bncs_ws_mandialog.obj
 0001:000019f0       ?default_error_condition@error_category@std@@UBE?AVerror_condition@2@H@Z 004029f0 f i bncs_ws_mandialog.obj
 0001:00001a10       ?deleteCurrentProgram@bncs_ws_manDialog@@AAEXVQString@@@Z 00402a10 f   bncs_ws_mandialog.obj
 0001:00001ae0       ?doLaunch@bncs_ws_manDialog@@AAEXXZ 00402ae0 f   bncs_ws_mandialog.obj
 0001:00001e60       ?doRestart@bncs_ws_manDialog@@AAEXH@Z 00402e60 f   bncs_ws_mandialog.obj
 0001:00002030       ?doRestart@bncs_ws_manDialog@@AAEXXZ 00403030 f   bncs_ws_mandialog.obj
 0001:000020e0       ?doStart@bncs_ws_manDialog@@AAEXH@Z 004030e0 f   bncs_ws_mandialog.obj
 0001:000021c0       ?doStop@bncs_ws_manDialog@@AAEXH@Z 004031c0 f   bncs_ws_mandialog.obj
 0001:00002300       ?doStop@bncs_ws_manDialog@@AAEXXZ 00403300 f   bncs_ws_mandialog.obj
 0001:00002350       ?equivalent@error_category@std@@UBE_NABVerror_code@2@H@Z 00403350 f i bncs_ws_mandialog.obj
 0001:00002370       ?equivalent@error_category@std@@UBE_NHABVerror_condition@2@@Z 00403370 f i bncs_ws_mandialog.obj
 0001:000023b0       ?erase@?$basic_string@DU?$char_traits@D@std@@V?$allocator@D@2@@std@@QAEAAV12@II@Z 004033b0 f i bncs_ws_mandialog.obj
 0001:00002450       ?getWSTrackerMessage@netComms@@QAE?AVQString@@XZ 00403450 f i bncs_ws_mandialog.obj
 0001:00002480       ?message@_Generic_error_category@std@@UBE?AV?$basic_string@DU?$char_traits@D@std@@V?$allocator@D@2@@2@H@Z 00403480 f i bncs_ws_mandialog.obj
 0001:00002500       ?message@_Iostream_error_category@std@@UBE?AV?$basic_string@DU?$char_traits@D@std@@V?$allocator@D@2@@2@H@Z 00403500 f i bncs_ws_mandialog.obj
 0001:00002550       ?message@_System_error_category@std@@UBE?AV?$basic_string@DU?$char_traits@D@std@@V?$allocator@D@2@@2@H@Z 00403550 f i bncs_ws_mandialog.obj
 0001:000025d0       ?metaObject@bncs_ws_manDialog@@UBEPAVQMetaObject@@XZ 004035d0 f i bncs_ws_mandialog.obj
 0001:000025e0       ?name@_Generic_error_category@std@@UBEPBDXZ 004035e0 f i bncs_ws_mandialog.obj
 0001:000025f0       ?name@_Iostream_error_category@std@@UBEPBDXZ 004035f0 f i bncs_ws_mandialog.obj
 0001:00002600       ?name@_System_error_category@std@@UBEPBDXZ 00403600 f i bncs_ws_mandialog.obj
 0001:00002610       ?programSelect@bncs_ws_manDialog@@AAEXH@Z 00403610 f   bncs_ws_mandialog.obj
 0001:00002980       ?setStatus@bncs_ws_manDialog@@AAEXVQString@@@Z 00403980 f   bncs_ws_mandialog.obj
 0001:000029e0       ?showLogViewer@bncs_ws_manDialog@@AAEXXZ 004039e0 f   bncs_ws_mandialog.obj
 0001:00002a70       ?singletonMessageReceived@bncs_ws_manDialog@@AAEXABVQString@@@Z 00403a70 f   bncs_ws_mandialog.obj
 0001:00002b00       ?slotOpenCmd@bncs_ws_manDialog@@AAEXXZ 00403b00 f   bncs_ws_mandialog.obj
 0001:00002b40       ?slotOpenNetViewer@bncs_ws_manDialog@@AAEXXZ 00403b40 f   bncs_ws_mandialog.obj
 0001:00002c10       ?slotOpenV3Caplog@bncs_ws_manDialog@@AAEXXZ 00403c10 f   bncs_ws_mandialog.obj
 0001:00002ce0       ?slotOpenVisEd@bncs_ws_manDialog@@AAEXXZ 00403ce0 f   bncs_ws_mandialog.obj
 0001:00002db0       ?startAll@bncs_ws_manDialog@@AAEXXZ 00403db0 f   bncs_ws_mandialog.obj
 0001:00002e00       ?statusChange@bncs_ws_manDialog@@AAEXW4status@workstationStatus@@@Z 00403e00 f   bncs_ws_mandialog.obj
 0001:000031e0       ?timerEvent@bncs_ws_manDialog@@EAEXPAVQTimerEvent@@@Z 004041e0 f   bncs_ws_mandialog.obj
 0001:00003bc0       ??0?$QMap@PAVprocessBase@@PAVlaunchListViewItem@@@@QAE@XZ 00404bc0 f i csi_startdialog.obj
 0001:00003c70       ??0?$QMapPrivate@PAVprocessBase@@PAVlaunchListViewItem@@@@QAE@PBV0@@Z 00404c70 f i csi_startdialog.obj
 0001:00003d20       ??0csi_startDialog@@QAE@PAVQWidget@@PBDI@Z 00404d20 f   csi_startdialog.obj
 0001:00003ed0       ??1?$QMap@PAVprocessBase@@PAVlaunchListViewItem@@@@QAE@XZ 00404ed0 f i csi_startdialog.obj
 0001:00003f00       ??1?$QPtrList@VprocessBase@@@@UAE@XZ 00404f00 f i csi_startdialog.obj
 0001:00003f60       ??1?$QPtrListIterator@VprocessBase@@@@QAE@XZ 00404f60 f i csi_startdialog.obj
 0001:00003f70       ??1csi_startDialog@@UAE@XZ 00404f70 f   csi_startdialog.obj
 0001:00004210       ??A?$QMap@PAVprocessBase@@PAVlaunchListViewItem@@@@QAEAAPAVlaunchListViewItem@@ABQAVprocessBase@@@Z 00405210 f i csi_startdialog.obj
 0001:00004320       ??_Ecsi_startDialog@@WCI@AEPAXI@Z 00405320 f i csi_startdialog.obj
 0001:00004330       ??_E?$QPtrList@VprocessBase@@@@UAEPAXI@Z 00405330 f i csi_startdialog.obj
 0001:00004330       ??_G?$QPtrList@VprocessBase@@@@UAEPAXI@Z 00405330 f i csi_startdialog.obj
 0001:000043a0       ??_Gcsi_startDialog@@UAEPAXI@Z 004053a0 f i csi_startdialog.obj
 0001:000043a0       ??_Ecsi_startDialog@@UAEPAXI@Z 004053a0 f i csi_startdialog.obj
 0001:000043d0       ?addCsiProc@csi_startDialog@@AAEXVQString@@0_N1@Z 004053d0 f   csi_startdialog.obj
 0001:00004540       ?addOtherProc@csi_startDialog@@AAEXVQString@@00_N1HK@Z 00405540 f   csi_startdialog.obj
 0001:00004770       ?addProc@csi_startDialog@@AAEXPAVprocessBase@@_NVQString@@22HK@Z 00405770 f   csi_startdialog.obj
 0001:000048a0       ?checkStatus@csi_startDialog@@AAEXXZ 004058a0 f   csi_startdialog.obj
 0001:00004a10       ?clear@?$QMapPrivate@PAVprocessBase@@PAVlaunchListViewItem@@@@QAEXPAU?$QMapNode@PAVprocessBase@@PAVlaunchListViewItem@@@@@Z 00405a10 f i csi_startdialog.obj
 0001:00004a50       ?clear@?$QMapPrivate@PAVprocessBase@@PAVlaunchListViewItem@@@@QAEXXZ 00405a50 f i csi_startdialog.obj
 0001:00004ab0       ?clear@?$QPtrList@VprocessBase@@@@UAEXXZ 00405ab0 f i csi_startdialog.obj
 0001:00004ac0       ?contextMenuRequested@csi_startDialog@@AAEXPAVQListViewItem@@ABVQPoint@@H@Z 00405ac0 f   csi_startdialog.obj
 0001:000051d0       ?copy@?$QMapPrivate@PAVprocessBase@@PAVlaunchListViewItem@@@@QAEPAU?$QMapNode@PAVprocessBase@@PAVlaunchListViewItem@@@@PAU2@@Z 004061d0 f i csi_startdialog.obj
 0001:00005260       ?count@?$QPtrList@VprocessBase@@@@UBEIXZ 00406260 f i csi_startdialog.obj
 0001:00005270       ?countLaunches@csi_startDialog@@AAEHXZ 00406270 f   csi_startdialog.obj
 0001:000053e0       ?dec@?$QMapIterator@PAVprocessBase@@PAVlaunchListViewItem@@@@AAEHXZ 004063e0 f i csi_startdialog.obj
 0001:00005440       ?deleteItem@?$QPtrList@VprocessBase@@@@EAEXPAX@Z 00406440 f i csi_startdialog.obj
 0001:00005470       ?doButtonGoFromHere@csi_startDialog@@AAEXXZ 00406470 f   csi_startdialog.obj
 0001:00005770       ?doButtonGoSelected@csi_startDialog@@AAEXXZ 00406770 f   csi_startdialog.obj
 0001:00005a50       ?doButtonStart@csi_startDialog@@AAEXXZ 00406a50 f   csi_startdialog.obj
 0001:00005bf0       ?doButtonStop@csi_startDialog@@AAEXXZ 00406bf0 f   csi_startdialog.obj
 0001:00005cb0       ?fixUpAutoStart@csi_startDialog@@AAEXPAVprocessBase@@@Z 00406cb0 f   csi_startdialog.obj
 0001:00005d00       ?getFirstLaunch@csi_startDialog@@AAEPAVprocessBase@@XZ 00406d00 f   csi_startdialog.obj
 0001:00005e80       ?go@csi_startDialog@@QAEXXZ 00406e80 f   csi_startdialog.obj
 0001:000060f0       ?insert@?$QMapPrivate@PAVprocessBase@@PAVlaunchListViewItem@@@@QAE?AV?$QMapIterator@PAVprocessBase@@PAVlaunchListViewItem@@@@PAUQMapNodeBase@@0ABQAVprocessBase@@@Z 004070f0 f i csi_startdialog.obj
 0001:00006180       ?insertSingle@?$QMapPrivate@PAVprocessBase@@PAVlaunchListViewItem@@@@QAE?AV?$QMapIterator@PAVprocessBase@@PAVlaunchListViewItem@@@@ABQAVprocessBase@@@Z 00407180 f i csi_startdialog.obj
 0001:00006200       ?listItemSelected@csi_startDialog@@AAEXXZ 00407200 f   csi_startdialog.obj
 0001:00006260       ?load@csi_startDialog@@QAEXAA_N@Z 00407260 f   csi_startdialog.obj
 0001:00006c90       ?metaObject@csi_startDialog@@UBEPAVQMetaObject@@XZ 00407c90 f i csi_startdialog.obj
 0001:00006ca0       ?optionEnabled@csi_startDialog@@AAEXAA_N00000@Z 00407ca0 f   csi_startdialog.obj
 0001:00006e40       ?procDone@csi_startDialog@@AAEX_N@Z 00407e40 f   csi_startdialog.obj
 0001:000070f0       ?processExited@csi_startDialog@@AAEXXZ 004080f0 f   csi_startdialog.obj
 0001:000074f0       ?resolveEnvVars@csi_startDialog@@AAE?AVQString@@ABV2@@Z 004084f0 f   csi_startdialog.obj
 0001:00007780       ?startNext@csi_startDialog@@AAEXXZ 00408780 f   csi_startdialog.obj
 0001:000079a0       ?stopAll@csi_startDialog@@QAEXXZ 004089a0 f   csi_startdialog.obj
 0001:00007ac0       ?stoppingActive@csi_startDialog@@QAE_NXZ 00408ac0 f   csi_startdialog.obj
 0001:00007b10       ??0launchListViewItem@@QAE@PAVQListView@@PAVprocessBase@@ABVQString@@W4EProcessState@0@22HK@Z 00408b10 f   launchListViewItem.obj
 0001:00007c90       ??_GlaunchListViewItem@@UAEPAXI@Z 00408c90 f i launchListViewItem.obj
 0001:00007c90       ??_ElaunchListViewItem@@UAEPAXI@Z 00408c90 f i launchListViewItem.obj
 0001:00007cc0       ?getLaunch@launchListViewItem@@QBE_NXZ 00408cc0 f   launchListViewItem.obj
 0001:00007cd0       ?getProcess@launchListViewItem@@QBEPAVprocessBase@@XZ 00408cd0 f   launchListViewItem.obj
 0001:00007ce0       ?getStateText@launchListViewItem@@CA?AVQString@@W4EProcessState@1@@Z 00408ce0 f   launchListViewItem.obj
 0001:00007e10       ?paintCell@launchListViewItem@@EAEXPAVQPainter@@ABVQColorGroup@@HHH@Z 00408e10 f   launchListViewItem.obj
 0001:00008240       ?setAutoStart@launchListViewItem@@QAEX_N@Z 00409240 f   launchListViewItem.obj
 0001:00008280       ?setLaunch@launchListViewItem@@QAEX_N@Z 00409280 f   launchListViewItem.obj
 0001:00008290       ?setProcessState@launchListViewItem@@QAEXW4EProcessState@1@@Z 00409290 f   launchListViewItem.obj
 0001:00008710       ??0logDelete@@QAE@PAVbncs_config@@@Z 00409710 f   logDelete.obj
 0001:00008830       ??1logDelete@@UAE@XZ       00409830 f   logDelete.obj
 0001:000088d0       ??_GlogDelete@@UAEPAXI@Z   004098d0 f i logDelete.obj
 0001:000088d0       ??_ElogDelete@@UAEPAXI@Z   004098d0 f i logDelete.obj
 0001:00008900       ?deleteOldFiles@logDelete@@AAEXVQString@@VQDate@@@Z 00409900 f   logDelete.obj
 0001:00008c30       ?deleteOldFiles@logDelete@@AAEXXZ 00409c30 f   logDelete.obj
 0001:00008d70       ?loadConfig@logDelete@@AAE_NPAVbncs_config@@@Z 00409d70 f   logDelete.obj
 0001:00009280       ?metaObject@logDelete@@UBEPAVQMetaObject@@XZ 0040a280 f i logDelete.obj
 0001:00009290       ?timerEvent@logDelete@@MAEXPAVQTimerEvent@@@Z 0040a290 f   logDelete.obj
 0001:000092e0       ??0logDialog@@QAE@PAVQWidget@@PBD_NI@Z 0040a2e0 f   logdialogimpl.obj
 0001:0000942a       ??_ElogDialog@@WCI@AEPAXI@Z 0040a42a f i logdialogimpl.obj
 0001:00009440       ??_GlogDialog@@UAEPAXI@Z   0040a440 f i logdialogimpl.obj
 0001:00009440       ??_ElogDialog@@UAEPAXI@Z   0040a440 f i logdialogimpl.obj
 0001:00009470       ?doClose@logDialog@@QAEXXZ 0040a470 f   logdialogimpl.obj
 0001:00009480       ?doRefresh@logDialog@@QAEXXZ 0040a480 f   logdialogimpl.obj
 0001:000094f0       ?loadLog@logDialog@@AAEXXZ 0040a4f0 f   logdialogimpl.obj
 0001:000096c0       ?metaObject@logDialog@@UBEPAVQMetaObject@@XZ 0040a6c0 f i logdialogimpl.obj
 0001:000096d0       _main                      0040a6d0 f   main.obj
 0001:00009810       ?className@AboutDialogBase@@UBEPBDXZ 0040a810 f   moc_AboutDialogBase.obj
 0001:00009820       ?qt_cast@AboutDialogBase@@UAEPAXPBD@Z 0040a820 f   moc_AboutDialogBase.obj
 0001:00009880       ?qt_emit@logDialogBase@@UAE_NHPAUQUObject@@@Z 0040a880 f   moc_logdialog.obj
 0001:00009880       ?qt_emit@AboutDialogBase@@UAE_NHPAUQUObject@@@Z 0040a880 f   moc_AboutDialogBase.obj
 0001:00009880       ?qt_emit@restartDialogBase@@UAE_NHPAUQUObject@@@Z 0040a880 f   moc_restartdialog.obj
 0001:00009890       ?qt_invoke@AboutDialogBase@@UAE_NHPAUQUObject@@@Z 0040a890 f   moc_AboutDialogBase.obj
 0001:00009920       ?staticMetaObject@AboutDialogBase@@SAPAVQMetaObject@@XZ 0040a920 f   moc_AboutDialogBase.obj
 0001:00009970       ?tr@AboutDialogBase@@SA?AVQString@@PBD0@Z 0040a970 f   moc_AboutDialogBase.obj
 0001:000099c0       ?className@FileSyncProcess@@UBEPBDXZ 0040a9c0 f   moc_SyncProcess.obj
 0001:000099d0       ?className@NoSyncProcess@@UBEPBDXZ 0040a9d0 f   moc_SyncProcess.obj
 0001:000099e0       ?className@SyncProcess@@UBEPBDXZ 0040a9e0 f   moc_SyncProcess.obj
 0001:000099f0       ?finished@SyncProcess@@IAEXXZ 0040a9f0 f   moc_SyncProcess.obj
 0001:00009a10       ?qt_cast@FileSyncProcess@@UAEPAXPBD@Z 0040aa10 f   moc_SyncProcess.obj
 0001:00009aa0       ?qt_cast@NoSyncProcess@@UAEPAXPBD@Z 0040aaa0 f   moc_SyncProcess.obj
 0001:00009b30       ?qt_cast@SyncProcess@@UAEPAXPBD@Z 0040ab30 f   moc_SyncProcess.obj
 0001:00009b90       ?qt_emit@NoSyncProcess@@UAE_NHPAUQUObject@@@Z 0040ab90 f   moc_SyncProcess.obj
 0001:00009b90       ?qt_emit@FileSyncProcess@@UAE_NHPAUQUObject@@@Z 0040ab90 f   moc_SyncProcess.obj
 0001:00009ba0       ?qt_emit@SyncProcess@@UAE_NHPAUQUObject@@@Z 0040aba0 f   moc_SyncProcess.obj
 0001:00009c80       ?qt_invoke@FileSyncProcess@@UAE_NHPAUQUObject@@@Z 0040ac80 f   moc_SyncProcess.obj
 0001:00009d30       ?qt_invoke@NoSyncProcess@@UAE_NHPAUQUObject@@@Z 0040ad30 f   moc_SyncProcess.obj
 0001:00009de0       ?qt_invoke@SyncProcess@@UAE_NHPAUQUObject@@@Z 0040ade0 f   moc_SyncProcess.obj
 0001:00009e30       ?qt_property@NoSyncProcess@@UAE_NHHPAVQVariant@@@Z 0040ae30 f   moc_SyncProcess.obj
 0001:00009e30       ?qt_property@logDelete@@UAE_NHHPAVQVariant@@@Z 0040ae30 f   moc_logDelete.obj
 0001:00009e30       ?qt_property@netComms@@UAE_NHHPAVQVariant@@@Z 0040ae30 f   moc_netComms.obj
 0001:00009e30       ?qt_property@FileSyncProcess@@UAE_NHHPAVQVariant@@@Z 0040ae30 f   moc_SyncProcess.obj
 0001:00009e30       ?qt_property@SyncProcess@@UAE_NHHPAVQVariant@@@Z 0040ae30 f   moc_SyncProcess.obj
 0001:00009e40       ?setStatus@SyncProcess@@IAEXVQString@@@Z 0040ae40 f   moc_SyncProcess.obj
 0001:00009ec0       ?staticMetaObject@FileSyncProcess@@SAPAVQMetaObject@@XZ 0040aec0 f   moc_SyncProcess.obj
 0001:00009f10       ?staticMetaObject@NoSyncProcess@@SAPAVQMetaObject@@XZ 0040af10 f   moc_SyncProcess.obj
 0001:00009f60       ?staticMetaObject@SyncProcess@@SAPAVQMetaObject@@XZ 0040af60 f   moc_SyncProcess.obj
 0001:00009ff0       ??0netComms@@QAE@XZ        0040aff0 f   netComms.obj
 0001:0000a0d0       ??1netComms@@UAE@XZ        0040b0d0 f   netComms.obj
 0001:0000a190       ??_GQSocketDevice@@UAEPAXI@Z 0040b190 f i netComms.obj
 0001:0000a190       ??_EQSocketDevice@@UAEPAXI@Z 0040b190 f i netComms.obj
 0001:0000a1c0       ??_GQSocketNotifier@@UAEPAXI@Z 0040b1c0 f i netComms.obj
 0001:0000a1c0       ??_EQSocketNotifier@@UAEPAXI@Z 0040b1c0 f i netComms.obj
 0001:0000a1f0       ??_EnetComms@@UAEPAXI@Z    0040b1f0 f i netComms.obj
 0001:0000a1f0       ??_GnetComms@@UAEPAXI@Z    0040b1f0 f i netComms.obj
 0001:0000a220       ?GetOSDisplayString@netComms@@AAE?AVQString@@XZ 0040b220 f   netComms.obj
 0001:0000a720       ?connect@netComms@@AAE_NXZ 0040b720 f   netComms.obj
 0001:0000a970       ?initComms@netComms@@QAE_NXZ 0040b970 f   netComms.obj
 0001:0000b230       ?metaObject@netComms@@UBEPAVQMetaObject@@XZ 0040c230 f i netComms.obj
 0001:0000b240       ?performAction@netComms@@AAEXVQString@@H@Z 0040c240 f   netComms.obj
 0001:0000b330       ?rxData@netComms@@QAEXH@Z  0040c330 f   netComms.obj
 0001:0000b540       ?sendStatus@netComms@@AAE_NXZ 0040c540 f   netComms.obj
 0001:0000b940       ?setStatus@netComms@@QAEXW4status@workstationStatus@@@Z 0040c940 f   netComms.obj
 0001:0000b960       ?timerEvent@netComms@@MAEXPAVQTimerEvent@@@Z 0040c960 f   netComms.obj
 0001:0000b980       ??0processBase@@QAE@PAVQObject@@PBD@Z 0040c980 f   processBase.obj
 0001:0000ba20       ??1processBase@@UAE@XZ     0040ca20 f   processBase.obj
 0001:0000ba30       ??_GprocessBase@@UAEPAXI@Z 0040ca30 f i processBase.obj
 0001:0000ba30       ??_EprocessBase@@UAEPAXI@Z 0040ca30 f i processBase.obj
 0001:0000ba60       ?AutoStart@processBase@@QBE_NXZ 0040ca60 f   processBase.obj
 0001:0000ba70       ?RestartOnCrash@processBase@@QBE_NXZ 0040ca70 f   processBase.obj
 0001:0000ba90       ?SetAutoStart@processBase@@QAEX_N@Z 0040ca90 f   processBase.obj
 0001:0000baa0       ?Stopping@processBase@@QBE_NXZ 0040caa0 f   processBase.obj
 0001:0000bab0       ?delay@processBase@@QAEXH@Z 0040cab0 f   processBase.obj
 0001:0000bac0       ?fixUpAutoStart@processBase@@QAEXXZ 0040cac0 f   processBase.obj
 0001:0000bad0       ?forceTerminate@processBase@@QAEXXZ 0040cad0 f   processBase.obj
 0001:0000bb40       ?metaObject@processBase@@UBEPAVQMetaObject@@XZ 0040cb40 f i processBase.obj
 0001:0000bb50       ?processExited@processBase@@AAEXXZ 0040cb50 f   processBase.obj
 0001:0000bb90       ?restartOnCrash@processBase@@QAEX_N@Z 0040cb90 f   processBase.obj
 0001:0000bba0       ?setWaitForIdle@processBase@@QAEXK@Z 0040cba0 f   processBase.obj
 0001:0000bbb0       ?start@processBase@@UAE_NPAVQStringList@@@Z 0040cbb0 f   processBase.obj
 0001:0000bf60       ?stop@processBase@@QAEXXZ  0040cf60 f   processBase.obj
 0001:0000bf70       ?timerEvent@processBase@@UAEXPAVQTimerEvent@@@Z 0040cf70 f   processBase.obj
 0001:0000bf90       ??0InitializeProgram@@QAE@XZ 0040cf90 f   Program.obj
 0001:0000bfa0       ??0RestartAllProgram@@QAE@XZ 0040cfa0 f   Program.obj
 0001:0000bfb0       ??0RestartNoReloadLauncherProgram@@QAE@XZ 0040cfb0 f   Program.obj
 0001:0000bfc0       ??0ResyncAndReloadLauncherProgram@@QAE@XZ 0040cfc0 f   Program.obj
 0001:0000bfd0       ??0StartAndStopNoSyncProgram@@QAE@XZ 0040cfd0 f   Program.obj
 0001:0000bfe0       ??0StartAndStopWithSyncProgram@@QAE@XZ 0040cfe0 f   Program.obj
 0001:0000bff0       ??0StopAllProgram@@QAE@XZ  0040cff0 f   Program.obj
 0001:0000c000       ??0StopAndReloadLauncherProgram@@QAE@XZ 0040d000 f   Program.obj
 0001:0000c010       ??0StopAndTestProgram@@QAE@XZ 0040d010 f   Program.obj
 0001:0000c020       ??0UpdateAndRestartProgram@@QAE@XZ 0040d020 f   Program.obj
 0001:0000c030       ??_GRestartNoReloadLauncherProgram@@UAEPAXI@Z 0040d030 f i Program.obj
 0001:0000c030       ??_GStopAllProgram@@UAEPAXI@Z 0040d030 f i Program.obj
 0001:0000c030       ??_EProgram@@UAEPAXI@Z     0040d030 f i Program.obj
 0001:0000c030       ??_GStopAndReloadLauncherProgram@@UAEPAXI@Z 0040d030 f i Program.obj
 0001:0000c030       ??_ERestartAllProgram@@UAEPAXI@Z 0040d030 f i Program.obj
 0001:0000c030       ??_EStartAndStopNoSyncProgram@@UAEPAXI@Z 0040d030 f i Program.obj
 0001:0000c030       ??_EInitializeProgram@@UAEPAXI@Z 0040d030 f i Program.obj
 0001:0000c030       ??_EStopAllProgram@@UAEPAXI@Z 0040d030 f i Program.obj
 0001:0000c030       ??_GStartAndStopNoSyncProgram@@UAEPAXI@Z 0040d030 f i Program.obj
 0001:0000c030       ??_EStartAndStopWithSyncProgram@@UAEPAXI@Z 0040d030 f i Program.obj
 0001:0000c030       ??_GResyncAndReloadLauncherProgram@@UAEPAXI@Z 0040d030 f i Program.obj
 0001:0000c030       ??_GProgram@@UAEPAXI@Z     0040d030 f i Program.obj
 0001:0000c030       ??_GRestartAllProgram@@UAEPAXI@Z 0040d030 f i Program.obj
 0001:0000c030       ??_GStopAndTestProgram@@UAEPAXI@Z 0040d030 f i Program.obj
 0001:0000c030       ??_ERestartNoReloadLauncherProgram@@UAEPAXI@Z 0040d030 f i Program.obj
 0001:0000c030       ??_GUpdateAndRestartProgram@@UAEPAXI@Z 0040d030 f i Program.obj
 0001:0000c030       ??_EResyncAndReloadLauncherProgram@@UAEPAXI@Z 0040d030 f i Program.obj
 0001:0000c030       ??_EStopAndTestProgram@@UAEPAXI@Z 0040d030 f i Program.obj
 0001:0000c030       ??_EUpdateAndRestartProgram@@UAEPAXI@Z 0040d030 f i Program.obj
 0001:0000c030       ??_GStartAndStopWithSyncProgram@@UAEPAXI@Z 0040d030 f i Program.obj
 0001:0000c030       ??_EStopAndReloadLauncherProgram@@UAEPAXI@Z 0040d030 f i Program.obj
 0001:0000c030       ??_GInitializeProgram@@UAEPAXI@Z 0040d030 f i Program.obj
 0001:0000c060       ?availableWhenStarted@RestartNoReloadLauncherProgram@@UBE_NXZ 0040d060 f   Program.obj
 0001:0000c060       ?availableWhenStarted@ResyncAndReloadLauncherProgram@@UBE_NXZ 0040d060 f   Program.obj
 0001:0000c060       ?availableWhenStopped@UpdateAndRestartProgram@@UBE_NXZ 0040d060 f   Program.obj
 0001:0000c060       ?availableWhenStarted@StopAllProgram@@UBE_NXZ 0040d060 f   Program.obj
 0001:0000c060       ?doSync@StartAndStopWithSyncProgram@@UBE_NXZ 0040d060 f   Program.obj
 0001:0000c060       ?availableWhenStopped@StartAndStopNoSyncProgram@@UBE_NXZ 0040d060 f   Program.obj
 0001:0000c060       ?availableWhenStopped@StartAndStopWithSyncProgram@@UBE_NXZ 0040d060 f   Program.obj
 0001:0000c060       ?doSync@UpdateAndRestartProgram@@UBE_NXZ 0040d060 f   Program.obj
 0001:0000c060       ?doSync@ResyncAndReloadLauncherProgram@@UBE_NXZ 0040d060 f   Program.obj
 0001:0000c060       ?doSync@InitializeProgram@@UBE_NXZ 0040d060 f   Program.obj
 0001:0000c060       ?availableWhenStarted@UpdateAndRestartProgram@@UBE_NXZ 0040d060 f   Program.obj
 0001:0000c060       ?availableWhenStarted@RestartAllProgram@@UBE_NXZ 0040d060 f   Program.obj
 0001:0000c060       ?availableWhenStopped@RestartAllProgram@@UBE_NXZ 0040d060 f   Program.obj
 0001:0000c060       ?availableWhenStarted@StopAndTestProgram@@UBE_NXZ 0040d060 f   Program.obj
 0001:0000c060       ?availableWhenStopped@RestartNoReloadLauncherProgram@@UBE_NXZ 0040d060 f   Program.obj
 0001:0000c060       ?availableWhenStarted@StopAndReloadLauncherProgram@@UBE_NXZ 0040d060 f   Program.obj
 0001:0000c070       ?availableWhenStopped@StopAndTestProgram@@UBE_NXZ 0040d070 f   Program.obj
 0001:0000c070       ?doSync@RestartAllProgram@@UBE_NXZ 0040d070 f   Program.obj
 0001:0000c070       ?doSync@StopAllProgram@@UBE_NXZ 0040d070 f   Program.obj
 0001:0000c070       ?availableWhenStarted@InitializeProgram@@UBE_NXZ 0040d070 f   Program.obj
 0001:0000c070       ?doSync@RestartNoReloadLauncherProgram@@UBE_NXZ 0040d070 f   Program.obj
 0001:0000c070       ?availableWhenStarted@StartAndStopWithSyncProgram@@UBE_NXZ 0040d070 f   Program.obj
 0001:0000c070       ?availableWhenStopped@InitializeProgram@@UBE_NXZ 0040d070 f   Program.obj
 0001:0000c070       ?availableWhenStarted@StartAndStopNoSyncProgram@@UBE_NXZ 0040d070 f   Program.obj
 0001:0000c070       ?doSync@StopAndReloadLauncherProgram@@UBE_NXZ 0040d070 f   Program.obj
 0001:0000c070       ?availableWhenStopped@ResyncAndReloadLauncherProgram@@UBE_NXZ 0040d070 f   Program.obj
 0001:0000c070       ?doSync@StartAndStopNoSyncProgram@@UBE_NXZ 0040d070 f   Program.obj
 0001:0000c070       ?doSync@StopAndTestProgram@@UBE_NXZ 0040d070 f   Program.obj
 0001:0000c070       ?availableWhenStopped@StopAllProgram@@UBE_NXZ 0040d070 f   Program.obj
 0001:0000c070       ?availableWhenStopped@StopAndReloadLauncherProgram@@UBE_NXZ 0040d070 f   Program.obj
 0001:0000c080       ?launcherStoppedAction@StopAndTestProgram@@UBE?AW4EAction@Program@@XZ 0040d080 f   Program.obj
 0001:0000c080       ?launcherStoppedAction@RestartNoReloadLauncherProgram@@UBE?AW4EAction@Program@@XZ 0040d080 f   Program.obj
 0001:0000c080       ?finishWhen@RestartNoReloadLauncherProgram@@UBE?AW4EFinishWhen@Program@@XZ 0040d080 f   Program.obj
 0001:0000c080       ?finishWhen@RestartAllProgram@@UBE?AW4EFinishWhen@Program@@XZ 0040d080 f   Program.obj
 0001:0000c080       __setargv                  0040d080 f   MSVCRT:dllargv.obj
 0001:0000c080       ?finishWhen@UpdateAndRestartProgram@@UBE?AW4EFinishWhen@Program@@XZ 0040d080 f   Program.obj
 0001:0000c080       ?finishWhen@InitializeProgram@@UBE?AW4EFinishWhen@Program@@XZ 0040d080 f   Program.obj
 0001:0000c080       __matherr                  0040d080 f   MSVCRT:merr.obj
 0001:0000c090       ?finishWhen@StartAndStopNoSyncProgram@@UBE?AW4EFinishWhen@Program@@XZ 0040d090 f   Program.obj
 0001:0000c090       ?finishWhen@StopAndTestProgram@@UBE?AW4EFinishWhen@Program@@XZ 0040d090 f   Program.obj
 0001:0000c090       ?launcherStoppedAction@StopAllProgram@@UBE?AW4EAction@Program@@XZ 0040d090 f   Program.obj
 0001:0000c090       ?finishWhen@StartAndStopWithSyncProgram@@UBE?AW4EFinishWhen@Program@@XZ 0040d090 f   Program.obj
 0001:0000c0a0       ?finishWhen@StopAndReloadLauncherProgram@@UBE?AW4EFinishWhen@Program@@XZ 0040d0a0 f   Program.obj
 0001:0000c0a0       ?finishWhen@ResyncAndReloadLauncherProgram@@UBE?AW4EFinishWhen@Program@@XZ 0040d0a0 f   Program.obj
 0001:0000c0b0       ?launcherStoppedAction@RestartAllProgram@@UBE?AW4EAction@Program@@XZ 0040d0b0 f   Program.obj
 0001:0000c0b0       ?launcherStoppedAction@StartAndStopWithSyncProgram@@UBE?AW4EAction@Program@@XZ 0040d0b0 f   Program.obj
 0001:0000c0b0       ?launcherStoppedAction@UpdateAndRestartProgram@@UBE?AW4EAction@Program@@XZ 0040d0b0 f   Program.obj
 0001:0000c0b0       ?launcherStoppedAction@ResyncAndReloadLauncherProgram@@UBE?AW4EAction@Program@@XZ 0040d0b0 f   Program.obj
 0001:0000c0b0       ?launcherStoppedAction@StartAndStopNoSyncProgram@@UBE?AW4EAction@Program@@XZ 0040d0b0 f   Program.obj
 0001:0000c0b0       ?launcherStoppedAction@StopAndReloadLauncherProgram@@UBE?AW4EAction@Program@@XZ 0040d0b0 f   Program.obj
 0001:0000c0b0       ?launcherStoppedAction@InitializeProgram@@UBE?AW4EAction@Program@@XZ 0040d0b0 f   Program.obj
 0001:0000c0b0       ?finishWhen@StopAllProgram@@UBE?AW4EFinishWhen@Program@@XZ 0040d0b0 f   Program.obj
 0001:0000c0c0       ?name@InitializeProgram@@UBE?AVQString@@XZ 0040d0c0 f   Program.obj
 0001:0000c0f0       ?name@RestartAllProgram@@UBE?AVQString@@XZ 0040d0f0 f   Program.obj
 0001:0000c120       ?name@RestartNoReloadLauncherProgram@@UBE?AVQString@@XZ 0040d120 f   Program.obj
 0001:0000c150       ?name@ResyncAndReloadLauncherProgram@@UBE?AVQString@@XZ 0040d150 f   Program.obj
 0001:0000c180       ?name@StartAndStopNoSyncProgram@@UBE?AVQString@@XZ 0040d180 f   Program.obj
 0001:0000c1b0       ?name@StartAndStopWithSyncProgram@@UBE?AVQString@@XZ 0040d1b0 f   Program.obj
 0001:0000c1e0       ?name@StopAllProgram@@UBE?AVQString@@XZ 0040d1e0 f   Program.obj
 0001:0000c210       ?name@StopAndReloadLauncherProgram@@UBE?AVQString@@XZ 0040d210 f   Program.obj
 0001:0000c240       ?name@StopAndTestProgram@@UBE?AVQString@@XZ 0040d240 f   Program.obj
 0001:0000c270       ?name@UpdateAndRestartProgram@@UBE?AVQString@@XZ 0040d270 f   Program.obj
 0001:0000c2a0       ??0restartDialog@@QAE@PAVQWidget@@PBD_NI@Z 0040d2a0 f   restartdialogimpl.obj
 0001:0000c320       ??1restartDialog@@UAE@XZ   0040d320 f   restartdialogimpl.obj
 0001:0000c332       ??_ErestartDialog@@WCI@AEPAXI@Z 0040d332 f i restartdialogimpl.obj
 0001:0000c340       ??_ErestartDialog@@UAEPAXI@Z 0040d340 f i restartdialogimpl.obj
 0001:0000c340       ??_GrestartDialog@@UAEPAXI@Z 0040d340 f i restartdialogimpl.obj
 0001:0000c370       ?metaObject@restartDialog@@UBEPAVQMetaObject@@XZ 0040d370 f i restartdialogimpl.obj
 0001:0000c380       ?timerEvent@restartDialog@@EAEXPAVQTimerEvent@@@Z 0040d380 f   restartdialogimpl.obj
 0001:0000c450       ??0restartThread@@QAE@XZ   0040d450 f   restartThread.obj
 0001:0000c470       ??_GrestartThread@@UAEPAXI@Z 0040d470 f i restartThread.obj
 0001:0000c470       ??_ErestartThread@@UAEPAXI@Z 0040d470 f i restartThread.obj
 0001:0000c4a0       ?run@restartThread@@UAEXXZ 0040d4a0 f   restartThread.obj
 0001:0000c500       ??0startCSI@@QAE@PAVQObject@@PBD@Z 0040d500 f   startCSI.obj
 0001:0000c690       ??_GstartCSI@@UAEPAXI@Z    0040d690 f i startCSI.obj
 0001:0000c690       ??_EstartCSI@@UAEPAXI@Z    0040d690 f i startCSI.obj
 0001:0000c710       ?csiProcessExited@startCSI@@QAEXXZ 0040d710 f   startCSI.obj
 0001:0000c910       ?metaObject@startCSI@@UBEPAVQMetaObject@@XZ 0040d910 f i startCSI.obj
 0001:0000c920       ?rebootOnCrash@startCSI@@QAEX_N@Z 0040d920 f   startCSI.obj
 0001:0000c930       ?start@startCSI@@UAE_NPAVQStringList@@@Z 0040d930 f   startCSI.obj
 0001:0000cba0       ?timerEvent@startCSI@@UAEXPAVQTimerEvent@@@Z 0040dba0 f   startCSI.obj
 0001:0000cc40       ??0startCSIHelper@@QAE@XZ  0040dc40 f   startCSIHelper.obj
 0001:0000ccb0       ??1startCSIHelper@@UAE@XZ  0040dcb0 f   startCSIHelper.obj
 0001:0000ccc3       ??_EstartCSIHelper@@WCI@AEPAXI@Z 0040dcc3 f i startCSIHelper.obj
 0001:0000ccd0       ??_GstartCSIHelper@@UAEPAXI@Z 0040dcd0 f i startCSIHelper.obj
 0001:0000ccd0       ??_EstartCSIHelper@@UAEPAXI@Z 0040dcd0 f i startCSIHelper.obj
 0001:0000cd00       ?hWndCSI@startCSIHelper@@QAEPAUHWND__@@XZ 0040dd00 f   startCSIHelper.obj
 0001:0000cd10       ?metaObject@startCSIHelper@@UBEPAVQMetaObject@@XZ 0040dd10 f i startCSIHelper.obj
 0001:0000cd20       ?winEvent@startCSIHelper@@UAE_NPAUtagMSG@@@Z 0040dd20 f   startCSIHelper.obj
 0001:0000cd40       ??0FileSyncProcess@@QAE@XZ 0040dd40 f   SyncProcess.obj
 0001:0000d170       ??0NoSyncProcess@@QAE@XZ   0040e170 f   SyncProcess.obj
 0001:0000d340       ??1FileSyncProcess@@UAE@XZ 0040e340 f   SyncProcess.obj
 0001:0000d3f0       ??1SyncProcess@@UAE@XZ     0040e3f0 f   SyncProcess.obj
 0001:0000d480       ??_EFileSyncProcess@@UAEPAXI@Z 0040e480 f i SyncProcess.obj
 0001:0000d480       ??_GFileSyncProcess@@UAEPAXI@Z 0040e480 f i SyncProcess.obj
 0001:0000d4b0       ??_GSyncProcess@@UAEPAXI@Z 0040e4b0 f i SyncProcess.obj
 0001:0000d4b0       ??_GNoSyncProcess@@UAEPAXI@Z 0040e4b0 f i SyncProcess.obj
 0001:0000d4b0       ??_ESyncProcess@@UAEPAXI@Z 0040e4b0 f i SyncProcess.obj
 0001:0000d4b0       ??_ENoSyncProcess@@UAEPAXI@Z 0040e4b0 f i SyncProcess.obj
 0001:0000d550       ??_GQProcess@@UAEPAXI@Z    0040e550 f i SyncProcess.obj
 0001:0000d550       ??_EQProcess@@UAEPAXI@Z    0040e550 f i SyncProcess.obj
 0001:0000d580       ?commonSetUp@SyncProcess@@IAEXVQString@@00@Z 0040e580 f   SyncProcess.obj
 0001:0000d650       ?metaObject@FileSyncProcess@@UBEPAVQMetaObject@@XZ 0040e650 f i SyncProcess.obj
 0001:0000d660       ?metaObject@NoSyncProcess@@UBEPAVQMetaObject@@XZ 0040e660 f i SyncProcess.obj
 0001:0000d670       ?metaObject@SyncProcess@@UBEPAVQMetaObject@@XZ 0040e670 f i SyncProcess.obj
 0001:0000d680       ?moveSettings@SyncProcess@@IAEXXZ 0040e680 f   SyncProcess.obj
 0001:0000daa0       ?processExited@FileSyncProcess@@AAEXXZ 0040eaa0 f   SyncProcess.obj
 0001:0000e3b0       ?processExited@NoSyncProcess@@AAEXXZ 0040f3b0 f   SyncProcess.obj
 0001:0000e3f0       ?readStderr@SyncProcess@@IAEXXZ 0040f3f0 f   SyncProcess.obj
 0001:0000e500       ?readStdout@SyncProcess@@IAEXXZ 0040f500 f   SyncProcess.obj
 0001:0000e5e0       ?startProcess@SyncProcess@@QAEXXZ 0040f5e0 f   SyncProcess.obj
 0001:0000e730       ??0AboutDialogBase@@QAE@PAVQWidget@@PBD_NI@Z 0040f730 f   AboutDialogBase.obj
 0001:0000eed0       ??1AboutDialogBase@@UAE@XZ 0040fed0 f   AboutDialogBase.obj
 0001:0000eee3       ??_EAboutDialogBase@@WCI@AEPAXI@Z 0040fee3 f i AboutDialogBase.obj
 0001:0000eeeb       ??_EQHBoxLayout@@WCI@AEPAXI@Z 0040feeb f i AboutDialogBase.obj
 0001:0000eef3       ??_EQLabel@@WCI@AEPAXI@Z   0040fef3 f i AboutDialogBase.obj
 0001:0000eefb       ??_EQPushButton@@WCI@AEPAXI@Z 0040fefb f i AboutDialogBase.obj
 0001:0000ef03       ??_EQVBoxLayout@@WCI@AEPAXI@Z 0040ff03 f i AboutDialogBase.obj
 0001:0000ef10       ??_GAboutDialogBase@@UAEPAXI@Z 0040ff10 f i AboutDialogBase.obj
 0001:0000ef10       ??_EAboutDialogBase@@UAEPAXI@Z 0040ff10 f i AboutDialogBase.obj
 0001:0000ef40       ??_EQHBoxLayout@@UAEPAXI@Z 0040ff40 f i AboutDialogBase.obj
 0001:0000ef40       ??_GQHBoxLayout@@UAEPAXI@Z 0040ff40 f i AboutDialogBase.obj
 0001:0000ef70       ??_EQLabel@@UAEPAXI@Z      0040ff70 f i AboutDialogBase.obj
 0001:0000ef70       ??_GQLabel@@UAEPAXI@Z      0040ff70 f i AboutDialogBase.obj
 0001:0000efa0       ??_EQPushButton@@UAEPAXI@Z 0040ffa0 f i AboutDialogBase.obj
 0001:0000efa0       ??_GQPushButton@@UAEPAXI@Z 0040ffa0 f i AboutDialogBase.obj
 0001:0000efd0       ??_GQSpacerItem@@UAEPAXI@Z 0040ffd0 f i AboutDialogBase.obj
 0001:0000efd0       ??_EQSpacerItem@@UAEPAXI@Z 0040ffd0 f i AboutDialogBase.obj
 0001:0000f000       ??_GQVBoxLayout@@UAEPAXI@Z 00410000 f i AboutDialogBase.obj
 0001:0000f000       ??_EQVBoxLayout@@UAEPAXI@Z 00410000 f i AboutDialogBase.obj
 0001:0000f030       ?languageChange@AboutDialogBase@@MAEXXZ 00410030 f   AboutDialogBase.obj
 0001:0000f380       ??0bncs_ws_manDialogBase@@QAE@PAVQWidget@@PBDI@Z 00410380 f   bncs_ws_mandialogbase.obj
 0001:000100e0       ??1bncs_ws_manDialogBase@@UAE@XZ 004110e0 f   bncs_ws_mandialogbase.obj
 0001:00010170       ??_EQGroupBox@@WCI@AEPAXI@Z 00411170 f i bncs_ws_mandialogbase.obj
 0001:00010178       ??_EQMenuBar@@WCI@AEPAXI@Z 00411178 f i bncs_ws_mandialogbase.obj
 0001:00010180       ??_EQMenuBar@@WIM@AEPAXI@Z 00411180 f i bncs_ws_mandialogbase.obj
 0001:0001018b       ??_EQPopupMenu@@WCI@AEPAXI@Z 0041118b f i bncs_ws_mandialogbase.obj
 0001:00010193       ??_EQPopupMenu@@WIM@AEPAXI@Z 00411193 f i bncs_ws_mandialogbase.obj
 0001:0001019e       ??_EQToolBar@@WCI@AEPAXI@Z 0041119e f i bncs_ws_mandialogbase.obj
 0001:000101a6       ??_EQWidget@@WCI@AEPAXI@Z  004111a6 f i bncs_ws_mandialogbase.obj
 0001:000101ae       ??_Ebncs_ws_manDialogBase@@WCI@AEPAXI@Z 004111ae f i bncs_ws_mandialogbase.obj
 0001:000101c0       ??_GQAction@@UAEPAXI@Z     004111c0 f i bncs_ws_mandialogbase.obj
 0001:000101c0       ??_EQAction@@UAEPAXI@Z     004111c0 f i bncs_ws_mandialogbase.obj
 0001:000101f0       ??_GQGroupBox@@UAEPAXI@Z   004111f0 f i bncs_ws_mandialogbase.obj
 0001:000101f0       ??_EQGroupBox@@UAEPAXI@Z   004111f0 f i bncs_ws_mandialogbase.obj
 0001:00010220       ??_EQMenuBar@@UAEPAXI@Z    00411220 f i bncs_ws_mandialogbase.obj
 0001:00010220       ??_GQMenuBar@@UAEPAXI@Z    00411220 f i bncs_ws_mandialogbase.obj
 0001:00010250       ??_EQPopupMenu@@UAEPAXI@Z  00411250 f i bncs_ws_mandialogbase.obj
 0001:00010250       ??_GQPopupMenu@@UAEPAXI@Z  00411250 f i bncs_ws_mandialogbase.obj
 0001:00010280       ??_EQToolBar@@UAEPAXI@Z    00411280 f i bncs_ws_mandialogbase.obj
 0001:00010280       ??_GQToolBar@@UAEPAXI@Z    00411280 f i bncs_ws_mandialogbase.obj
 0001:000102b0       ??_GQWidget@@UAEPAXI@Z     004112b0 f i bncs_ws_mandialogbase.obj
 0001:000102b0       ??_EQWidget@@UAEPAXI@Z     004112b0 f i bncs_ws_mandialogbase.obj
 0001:000102e0       ??_Ebncs_ws_manDialogBase@@UAEPAXI@Z 004112e0 f i bncs_ws_mandialogbase.obj
 0001:000102e0       ??_Gbncs_ws_manDialogBase@@UAEPAXI@Z 004112e0 f i bncs_ws_mandialogbase.obj
 0001:00010310       ?languageChange@bncs_ws_manDialogBase@@MAEXXZ 00411310 f   bncs_ws_mandialogbase.obj
 0001:00010920       ?metaObject@bncs_ws_manDialogBase@@UBEPAVQMetaObject@@XZ 00411920 f i bncs_ws_mandialogbase.obj
 0001:00010930       ??0csi_startDialogBase@@QAE@PAVQWidget@@PBDI@Z 00411930 f   csi_startdialogbase.obj
 0001:00010f70       ??1csi_startDialogBase@@UAE@XZ 00411f70 f   csi_startdialogbase.obj
 0001:00010f83       ??_EQListView@@WCI@AEPAXI@Z 00411f83 f i csi_startdialogbase.obj
 0001:00010f8b       ??_Ecsi_startDialogBase@@WCI@AEPAXI@Z 00411f8b f i csi_startdialogbase.obj
 0001:00010fa0       ??_EQListView@@UAEPAXI@Z   00411fa0 f i csi_startdialogbase.obj
 0001:00010fa0       ??_GQListView@@UAEPAXI@Z   00411fa0 f i csi_startdialogbase.obj
 0001:00010fd0       ??_Gcsi_startDialogBase@@UAEPAXI@Z 00411fd0 f i csi_startdialogbase.obj
 0001:00010fd0       ??_Ecsi_startDialogBase@@UAEPAXI@Z 00411fd0 f i csi_startdialogbase.obj
 0001:00011000       ?languageChange@csi_startDialogBase@@MAEXXZ 00412000 f   csi_startdialogbase.obj
 0001:00011350       ?metaObject@csi_startDialogBase@@UBEPAVQMetaObject@@XZ 00412350 f i csi_startdialogbase.obj
 0001:00011360       ??0logDialogBase@@QAE@PAVQWidget@@PBD_NI@Z 00412360 f   logdialog.obj
 0001:00011650       ??1logDialogBase@@UAE@XZ   00412650 f   logdialog.obj
 0001:00011663       ??_EQListBox@@WCI@AEPAXI@Z 00412663 f i logdialog.obj
 0001:0001166b       ??_ElogDialogBase@@WCI@AEPAXI@Z 0041266b f i logdialog.obj
 0001:00011680       ??_EQListBox@@UAEPAXI@Z    00412680 f i logdialog.obj
 0001:00011680       ??_GQListBox@@UAEPAXI@Z    00412680 f i logdialog.obj
 0001:000116b0       ??_ElogDialogBase@@UAEPAXI@Z 004126b0 f i logdialog.obj
 0001:000116b0       ??_GlogDialogBase@@UAEPAXI@Z 004126b0 f i logdialog.obj
 0001:000116e0       ?languageChange@logDialogBase@@MAEXXZ 004126e0 f   logdialog.obj
 0001:000117c0       ?metaObject@logDialogBase@@UBEPAVQMetaObject@@XZ 004127c0 f i logdialog.obj
 0001:000117d0       ?className@bncs_ws_manDialog@@UBEPBDXZ 004127d0 f   moc_bncs_ws_mandialog.obj
 0001:000117e0       ?qt_cast@bncs_ws_manDialog@@UAEPAXPBD@Z 004127e0 f   moc_bncs_ws_mandialog.obj
 0001:00011840       ?qt_emit@bncs_ws_manDialog@@UAE_NHPAUQUObject@@@Z 00412840 f   moc_bncs_ws_mandialog.obj
 0001:00011850       ?qt_invoke@bncs_ws_manDialog@@UAE_NHPAUQUObject@@@Z 00412850 f   moc_bncs_ws_mandialog.obj
 0001:00011a20       ?qt_property@bncs_ws_manDialog@@UAE_NHHPAVQVariant@@@Z 00412a20 f   moc_bncs_ws_mandialog.obj
 0001:00011a30       ?staticMetaObject@bncs_ws_manDialog@@SAPAVQMetaObject@@XZ 00412a30 f   moc_bncs_ws_mandialog.obj
 0001:00011bc0       ?className@bncs_ws_manDialogBase@@UBEPBDXZ 00412bc0 f   moc_bncs_ws_mandialogbase.obj
 0001:00011bd0       ?qt_cast@bncs_ws_manDialogBase@@UAEPAXPBD@Z 00412bd0 f   moc_bncs_ws_mandialogbase.obj
 0001:00011c30       ?qt_emit@bncs_ws_manDialogBase@@UAE_NHPAUQUObject@@@Z 00412c30 f   moc_bncs_ws_mandialogbase.obj
 0001:00011c40       ?qt_invoke@bncs_ws_manDialogBase@@UAE_NHPAUQUObject@@@Z 00412c40 f   moc_bncs_ws_mandialogbase.obj
 0001:00011cd0       ?qt_property@bncs_ws_manDialogBase@@UAE_NHHPAVQVariant@@@Z 00412cd0 f   moc_bncs_ws_mandialogbase.obj
 0001:00011ce0       ?staticMetaObject@bncs_ws_manDialogBase@@SAPAVQMetaObject@@XZ 00412ce0 f   moc_bncs_ws_mandialogbase.obj
 0001:00011d30       ?tr@bncs_ws_manDialogBase@@SA?AVQString@@PBD0@Z 00412d30 f   moc_bncs_ws_mandialogbase.obj
 0001:00011d80       ?className@csi_startDialog@@UBEPBDXZ 00412d80 f   moc_csi_startdialog.obj
 0001:00011d90       ?qt_cast@csi_startDialog@@UAEPAXPBD@Z 00412d90 f   moc_csi_startdialog.obj
 0001:00011df0       ?qt_emit@csi_startDialog@@UAE_NHPAUQUObject@@@Z 00412df0 f   moc_csi_startdialog.obj
 0001:00011e70       ?qt_invoke@csi_startDialog@@UAE_NHPAUQUObject@@@Z 00412e70 f   moc_csi_startdialog.obj
 0001:00011f60       ?qt_property@csi_startDialog@@UAE_NHHPAVQVariant@@@Z 00412f60 f   moc_csi_startdialog.obj
 0001:00011f70       ?stateChanged@csi_startDialog@@IAEXW4status@workstationStatus@@@Z 00412f70 f   moc_csi_startdialog.obj
 0001:00012040       ?staticMetaObject@csi_startDialog@@SAPAVQMetaObject@@XZ 00413040 f   moc_csi_startdialog.obj
 0001:000121a0       ?className@csi_startDialogBase@@UBEPBDXZ 004131a0 f   moc_csi_startdialogbase.obj
 0001:000121b0       ?qt_cast@csi_startDialogBase@@UAEPAXPBD@Z 004131b0 f   moc_csi_startdialogbase.obj
 0001:00012210       ?qt_emit@startCSIHelper@@UAE_NHPAUQUObject@@@Z 00413210 f   moc_startCSIHelper.obj
 0001:00012210       ?qt_emit@csi_startDialogBase@@UAE_NHPAUQUObject@@@Z 00413210 f   moc_csi_startdialogbase.obj
 0001:00012220       ?qt_invoke@csi_startDialogBase@@UAE_NHPAUQUObject@@@Z 00413220 f   moc_csi_startdialogbase.obj
 0001:000122b0       ?staticMetaObject@csi_startDialogBase@@SAPAVQMetaObject@@XZ 004132b0 f   moc_csi_startdialogbase.obj
 0001:00012300       ?tr@csi_startDialogBase@@SA?AVQString@@PBD0@Z 00413300 f   moc_csi_startdialogbase.obj
 0001:00012350       ?className@logDelete@@UBEPBDXZ 00413350 f   moc_logDelete.obj
 0001:00012360       ?qt_cast@logDelete@@UAEPAXPBD@Z 00413360 f   moc_logDelete.obj
 0001:000123c0       ?qt_emit@logDelete@@UAE_NHPAUQUObject@@@Z 004133c0 f   moc_logDelete.obj
 0001:000123d0       ?qt_invoke@logDelete@@UAE_NHPAUQUObject@@@Z 004133d0 f   moc_logDelete.obj
 0001:000123e0       ?staticMetaObject@logDelete@@SAPAVQMetaObject@@XZ 004133e0 f   moc_logDelete.obj
 0001:00012430       ?className@logDialogBase@@UBEPBDXZ 00413430 f   moc_logdialog.obj
 0001:00012440       ?qt_cast@logDialogBase@@UAEPAXPBD@Z 00413440 f   moc_logdialog.obj
 0001:000124a0       ?qt_invoke@logDialogBase@@UAE_NHPAUQUObject@@@Z 004134a0 f   moc_logdialog.obj
 0001:00012530       ?qt_property@AboutDialogBase@@UAE_NHHPAVQVariant@@@Z 00413530 f   moc_AboutDialogBase.obj
 0001:00012530       ?qt_property@restartDialogBase@@UAE_NHHPAVQVariant@@@Z 00413530 f   moc_restartdialog.obj
 0001:00012530       ?qt_property@logDialogBase@@UAE_NHHPAVQVariant@@@Z 00413530 f   moc_logdialog.obj
 0001:00012540       ?staticMetaObject@logDialogBase@@SAPAVQMetaObject@@XZ 00413540 f   moc_logdialog.obj
 0001:00012590       ?tr@logDialogBase@@SA?AVQString@@PBD0@Z 00413590 f   moc_logdialog.obj
 0001:000125e0       ?className@logDialog@@UBEPBDXZ 004135e0 f   moc_logdialogimpl.obj
 0001:000125f0       ?qt_cast@logDialog@@UAEPAXPBD@Z 004135f0 f   moc_logdialogimpl.obj
 0001:00012650       ?qt_emit@logDialog@@UAE_NHPAUQUObject@@@Z 00413650 f   moc_logdialogimpl.obj
 0001:00012650       ?qt_emit@restartDialog@@UAE_NHPAUQUObject@@@Z 00413650 f   moc_restartdialogimpl.obj
 0001:00012660       ?qt_invoke@logDialog@@UAE_NHPAUQUObject@@@Z 00413660 f   moc_logdialogimpl.obj
 0001:000126f0       ?qt_property@restartDialog@@UAE_NHHPAVQVariant@@@Z 004136f0 f   moc_restartdialogimpl.obj
 0001:000126f0       ?qt_property@logDialog@@UAE_NHHPAVQVariant@@@Z 004136f0 f   moc_logdialogimpl.obj
 0001:00012700       ?staticMetaObject@logDialog@@SAPAVQMetaObject@@XZ 00413700 f   moc_logdialogimpl.obj
 0001:00012750       ?className@netComms@@UBEPBDXZ 00413750 f   moc_netComms.obj
 0001:00012760       ?qt_cast@netComms@@UAEPAXPBD@Z 00413760 f   moc_netComms.obj
 0001:000127c0       ?qt_emit@netComms@@UAE_NHPAUQUObject@@@Z 004137c0 f   moc_netComms.obj
 0001:00012860       ?qt_invoke@netComms@@UAE_NHPAUQUObject@@@Z 00413860 f   moc_netComms.obj
 0001:000128a0       ?restart@netComms@@IAEXH@Z 004138a0 f   moc_netComms.obj
 0001:000128c0       ?start@netComms@@IAEXH@Z   004138c0 f   moc_netComms.obj
 0001:000128f0       ?staticMetaObject@netComms@@SAPAVQMetaObject@@XZ 004138f0 f   moc_netComms.obj
 0001:00012a00       ?stop@netComms@@IAEXH@Z    00413a00 f   moc_netComms.obj
 0001:00012a20       ?className@processBase@@UBEPBDXZ 00413a20 f   moc_processBase.obj
 0001:00012a30       ?close@processBase@@IAEXXZ 00413a30 f   moc_processBase.obj
 0001:00012a50       ?done@processBase@@IAEX_N@Z 00413a50 f   moc_processBase.obj
 0001:00012a70       ?qt_cast@processBase@@UAEPAXPBD@Z 00413a70 f   moc_processBase.obj
 0001:00012ad0       ?qt_emit@processBase@@UAE_NHPAUQUObject@@@Z 00413ad0 f   moc_processBase.obj
 0001:00012b60       ?qt_invoke@processBase@@UAE_NHPAUQUObject@@@Z 00413b60 f   moc_processBase.obj
 0001:00012bc0       ?qt_property@processBase@@UAE_NHHPAVQVariant@@@Z 00413bc0 f   moc_processBase.obj
 0001:00012bd0       ?signalFixUpAutoStart@processBase@@IAEXPAV1@@Z 00413bd0 f   moc_processBase.obj
 0001:00012ca0       ?staticMetaObject@processBase@@SAPAVQMetaObject@@XZ 00413ca0 f   moc_processBase.obj
 0001:00012d60       ?className@restartDialogBase@@UBEPBDXZ 00413d60 f   moc_restartdialog.obj
 0001:00012d70       ?qt_cast@restartDialogBase@@UAEPAXPBD@Z 00413d70 f   moc_restartdialog.obj
 0001:00012dd0       ?qt_invoke@restartDialogBase@@UAE_NHPAUQUObject@@@Z 00413dd0 f   moc_restartdialog.obj
 0001:00012e60       ?staticMetaObject@restartDialogBase@@SAPAVQMetaObject@@XZ 00413e60 f   moc_restartdialog.obj
 0001:00012eb0       ?tr@restartDialogBase@@SA?AVQString@@PBD0@Z 00413eb0 f   moc_restartdialog.obj
 0001:00012f00       ?className@restartDialog@@UBEPBDXZ 00413f00 f   moc_restartdialogimpl.obj
 0001:00012f10       ?qt_cast@restartDialog@@UAEPAXPBD@Z 00413f10 f   moc_restartdialogimpl.obj
 0001:00012f70       ?qt_invoke@restartDialog@@UAE_NHPAUQUObject@@@Z 00413f70 f   moc_restartdialogimpl.obj
 0001:00012f80       ?staticMetaObject@restartDialog@@SAPAVQMetaObject@@XZ 00413f80 f   moc_restartdialogimpl.obj
 0001:00012fd0       ?className@startCSI@@UBEPBDXZ 00413fd0 f   moc_startCSI.obj
 0001:00012fe0       ?qt_cast@startCSI@@UAEPAXPBD@Z 00413fe0 f   moc_startCSI.obj
 0001:00013040       ?qt_emit@startCSI@@UAE_NHPAUQUObject@@@Z 00414040 f   moc_startCSI.obj
 0001:00013050       ?qt_invoke@startCSI@@UAE_NHPAUQUObject@@@Z 00414050 f   moc_startCSI.obj
 0001:000130d0       ?qt_property@startCSI@@UAE_NHHPAVQVariant@@@Z 004140d0 f   moc_startCSI.obj
 0001:000130e0       ?staticMetaObject@startCSI@@SAPAVQMetaObject@@XZ 004140e0 f   moc_startCSI.obj
 0001:00013130       ?className@startCSIHelper@@UBEPBDXZ 00414130 f   moc_startCSIHelper.obj
 0001:00013140       ?qt_cast@startCSIHelper@@UAEPAXPBD@Z 00414140 f   moc_startCSIHelper.obj
 0001:000131a0       ?qt_invoke@startCSIHelper@@UAE_NHPAUQUObject@@@Z 004141a0 f   moc_startCSIHelper.obj
 0001:000131b0       ?qt_property@csi_startDialogBase@@UAE_NHHPAVQVariant@@@Z 004141b0 f   moc_csi_startdialogbase.obj
 0001:000131b0       ?qt_property@startCSIHelper@@UAE_NHHPAVQVariant@@@Z 004141b0 f   moc_startCSIHelper.obj
 0001:000131c0       ?staticMetaObject@startCSIHelper@@SAPAVQMetaObject@@XZ 004141c0 f   moc_startCSIHelper.obj
 0001:00013210       ??0restartDialogBase@@QAE@PAVQWidget@@PBD_NI@Z 00414210 f   restartdialog.obj
 0001:00013600       ??1restartDialogBase@@UAE@XZ 00414600 f   restartdialog.obj
 0001:00013613       ??_ErestartDialogBase@@WCI@AEPAXI@Z 00414613 f i restartdialog.obj
 0001:00013620       ??_GrestartDialogBase@@UAEPAXI@Z 00414620 f i restartdialog.obj
 0001:00013620       ??_ErestartDialogBase@@UAEPAXI@Z 00414620 f i restartdialog.obj
 0001:00013650       ?languageChange@restartDialogBase@@MAEXXZ 00414650 f   restartdialog.obj
 0001:00013860       ?metaObject@restartDialogBase@@UBEPAVQMetaObject@@XZ 00414860 f i restartdialog.obj
 0001:00013866       _GetFileVersionInfoSizeA@8 00414866 f   version:VERSION.dll
 0001:0001386c       _GetFileVersionInfoA@16    0041486c f   version:VERSION.dll
 0001:00013872       _VerQueryValueA@16         00414872 f   version:VERSION.dll
 0001:00013878       _setsockopt@20             00414878 f   wsock32:WSOCK32.dll
 0001:00013880       ??0bncs_disklog@@QAE@PBDW4filetype@0@000000@Z 00414880 f   bncs_disklog:bncs_disklog.obj
 0001:000138c0       ??0bncs_disklog@@QAE@PBDW4filetype@0@@Z 004148c0 f   bncs_disklog:bncs_disklog.obj
 0001:000138f0       ??1bncs_disklog@@UAE@XZ    004148f0 f   bncs_disklog:bncs_disklog.obj
 0001:00013900       ??_Gbncs_disklog@@UAEPAXI@Z 00414900 f i bncs_disklog:bncs_disklog.obj
 0001:00013900       ??_Ebncs_disklog@@UAEPAXI@Z 00414900 f i bncs_disklog:bncs_disklog.obj
 0001:00013930       ?cleanup@bncs_disklog@@AAEXXZ 00414930 f   bncs_disklog:bncs_disklog.obj
 0001:00013950       ?createDirectory@bncs_disklog@@AAEXPBD@Z 00414950 f   bncs_disklog:bncs_disklog.obj
 0001:00013a50       ?initVars@bncs_disklog@@AAEXXZ 00414a50 f   bncs_disklog:bncs_disklog.obj
 0001:00013a70       ?openLogFile@bncs_disklog@@AAEXPBDW4filetype@1@@Z 00414a70 f   bncs_disklog:bncs_disklog.obj
 0001:00013ca0       ?write@bncs_disklog@@QAEXPBD00000@Z 00414ca0 f   bncs_disklog:bncs_disklog.obj
 0001:00013ed0       ??0cBncsVersion@@QAE@PBD@Z 00414ed0 f   bncsversioninfo:cBncsVersion.obj
 0001:000144f0       ??1cBncsVersion@@UAE@XZ    004154f0 f   bncsversioninfo:cBncsVersion.obj
 0001:000145d0       ??_GcBncsVersion@@UAEPAXI@Z 004155d0 f i bncsversioninfo:cBncsVersion.obj
 0001:000145d0       ??_EcBncsVersion@@UAEPAXI@Z 004155d0 f i bncsversioninfo:cBncsVersion.obj
 0001:00014600       ??0QtSingleApplication@@QAE@ABVQString@@AAHPAPADW4Type@QApplication@@@Z 00415600 f   qtsingleapplication:qtsingleapplication.obj
 0001:000146a0       ??1QtSingleApplication@@UAE@XZ 004156a0 f   qtsingleapplication:qtsingleapplication.obj
 0001:00014720       ??_EQtSingleApplication@@UAEPAXI@Z 00415720 f i qtsingleapplication:qtsingleapplication.obj
 0001:00014720       ??_GQtSingleApplication@@UAEPAXI@Z 00415720 f i qtsingleapplication:qtsingleapplication.obj
 0001:00014750       ?activateMainWidget@QtSingleApplication@@UAEXXZ 00415750 f   qtsingleapplication:qtsingleapplication.obj
 0001:00014780       ?id@QtSingleApplication@@QBE?AVQString@@XZ 00415780 f   qtsingleapplication:qtsingleapplication.obj
 0001:000147a0       ?metaObject@QtSingleApplication@@UBEPAVQMetaObject@@XZ 004157a0 f i qtsingleapplication:qtsingleapplication.obj
 0001:000147b0       ?initialize@QtSingleApplication@@QAEX_N@Z 004157b0 f   qtsingleapplication:qtsingleapplication_win.obj
 0001:000148a0       ?sendMessage@QtSingleApplication@@QAE_NABVQString@@H@Z 004158a0 f   qtsingleapplication:qtsingleapplication_win.obj
 0001:00014980       ?sysCleanup@QtSingleApplication@@AAEXXZ 00415980 f   qtsingleapplication:qtsingleapplication_win.obj
 0001:00014990       ?sysInit@QtSingleApplication@@AAEXXZ 00415990 f   qtsingleapplication:qtsingleapplication_win.obj
 0001:000149b0       ?winEventFilter@QtSingleApplication@@MAE_NPAUtagMSG@@@Z 004159b0 f   qtsingleapplication:qtsingleapplication_win.obj
 0001:00014a50       ?className@QtSingleApplication@@UBEPBDXZ 00415a50 f   qtsingleapplication:moc_qtsingleapplication.obj
 0001:00014a60       ?messageReceived@QtSingleApplication@@IAEXABVQString@@@Z 00415a60 f   qtsingleapplication:moc_qtsingleapplication.obj
 0001:00014ad0       ?qt_cast@QtSingleApplication@@UAEPAXPBD@Z 00415ad0 f   qtsingleapplication:moc_qtsingleapplication.obj
 0001:00014b30       ?qt_emit@QtSingleApplication@@UAE_NHPAUQUObject@@@Z 00415b30 f   qtsingleapplication:moc_qtsingleapplication.obj
 0001:00014b70       ?qt_invoke@QtSingleApplication@@UAE_NHPAUQUObject@@@Z 00415b70 f   qtsingleapplication:moc_qtsingleapplication.obj
 0001:00014bf0       ?qt_property@QtSingleApplication@@UAE_NHHPAVQVariant@@@Z 00415bf0 f   qtsingleapplication:moc_qtsingleapplication.obj
 0001:00014c00       ?staticMetaObject@QtSingleApplication@@SAPAVQMetaObject@@XZ 00415c00 f   qtsingleapplication:moc_qtsingleapplication.obj
 0001:00014d58       ?accept@QDialog@@MAEXXZ    00415d58 f   qt-mt323:qt-mt323.dll
 0001:00014d5e       ?adjustSize@QWidget@@UAEXXZ 00415d5e f   qt-mt323:qt-mt323.dll
 0001:00014d64       ?checkConnectArgs@QObject@@MAE_NPBDPBV1@0@Z 00415d64 f   qt-mt323:qt-mt323.dll
 0001:00014d6a       ?childEvent@QObject@@MAEXPAVQChildEvent@@@Z 00415d6a f   qt-mt323:qt-mt323.dll
 0001:00014d70       ?close@QWidget@@UAE_N_N@Z  00415d70 f   qt-mt323:qt-mt323.dll
 0001:00014d76       ?closeEvent@QDialog@@MAEXPAVQCloseEvent@@@Z 00415d76 f   qt-mt323:qt-mt323.dll
 0001:00014d7c       ?cmd@QPaintDevice@@MAE_NHPAVQPainter@@PATQPDevCmdParam@@@Z 00415d7c f   qt-mt323:qt-mt323.dll
 0001:00014d82       ?connectNotify@QObject@@MAEXPBD@Z 00415d82 f   qt-mt323:qt-mt323.dll
 0001:00014d88       ?contextMenuEvent@QDialog@@MAEXPAVQContextMenuEvent@@@Z 00415d88 f   qt-mt323:qt-mt323.dll
 0001:00014d8e       ?create@QWidget@@MAEXPAUHWND__@@_N1@Z 00415d8e f   qt-mt323:qt-mt323.dll
 0001:00014d94       ?customEvent@QObject@@MAEXPAVQCustomEvent@@@Z 00415d94 f   qt-mt323:qt-mt323.dll
 0001:00014d9a       ?customWhatsThis@QWidget@@UBE_NXZ 00415d9a f   qt-mt323:qt-mt323.dll
 0001:00014da0       ?destroy@QWidget@@MAEX_N0@Z 00415da0 f   qt-mt323:qt-mt323.dll
 0001:00014da6       ?disconnectNotify@QObject@@MAEXPBD@Z 00415da6 f   qt-mt323:qt-mt323.dll
 0001:00014dac       ?done@QDialog@@MAEXH@Z     00415dac f   qt-mt323:qt-mt323.dll
 0001:00014db2       ?dragEnterEvent@QWidget@@MAEXPAVQDragEnterEvent@@@Z 00415db2 f   qt-mt323:qt-mt323.dll
 0001:00014db8       ?dragLeaveEvent@QWidget@@MAEXPAVQDragLeaveEvent@@@Z 00415db8 f   qt-mt323:qt-mt323.dll
 0001:00014dbe       ?dragMoveEvent@QWidget@@MAEXPAVQDragMoveEvent@@@Z 00415dbe f   qt-mt323:qt-mt323.dll
 0001:00014dc4       ?dropEvent@QWidget@@MAEXPAVQDropEvent@@@Z 00415dc4 f   qt-mt323:qt-mt323.dll
 0001:00014dca       ?enabledChange@QWidget@@MAEX_N@Z 00415dca f   qt-mt323:qt-mt323.dll
 0001:00014dd0       ?enterEvent@QWidget@@MAEXPAVQEvent@@@Z 00415dd0 f   qt-mt323:qt-mt323.dll
 0001:00014dd6       ?event@QWidget@@MAE_NPAVQEvent@@@Z 00415dd6 f   qt-mt323:qt-mt323.dll
 0001:00014ddc       ?eventFilter@QDialog@@MAE_NPAVQObject@@PAVQEvent@@@Z 00415ddc f   qt-mt323:qt-mt323.dll
 0001:00014de2       ?focusInEvent@QWidget@@MAEXPAVQFocusEvent@@@Z 00415de2 f   qt-mt323:qt-mt323.dll
 0001:00014de8       ?focusNextPrevChild@QWidget@@MAE_N_N@Z 00415de8 f   qt-mt323:qt-mt323.dll
 0001:00014dee       ?focusOutEvent@QWidget@@MAEXPAVQFocusEvent@@@Z 00415dee f   qt-mt323:qt-mt323.dll
 0001:00014df4       ?fontChange@QWidget@@MAEXABVQFont@@@Z 00415df4 f   qt-mt323:qt-mt323.dll
 0001:00014dfa       ?fontInf@QPaintDevice@@MBEHPAVQFont@@H@Z 00415dfa f   qt-mt323:qt-mt323.dll
 0001:00014e00       ?fontMet@QPaintDevice@@MBEHPAVQFont@@HPBDH@Z 00415e00 f   qt-mt323:qt-mt323.dll
 0001:00014e06       ?handle@QPaintDevice@@UBEPAUHDC__@@XZ 00415e06 f   qt-mt323:qt-mt323.dll
 0001:00014e0c       ?heightForWidth@QWidget@@UBEHH@Z 00415e0c f   qt-mt323:qt-mt323.dll
 0001:00014e12       ?hide@QDialog@@UAEXXZ      00415e12 f   qt-mt323:qt-mt323.dll
 0001:00014e18       ?hideEvent@QWidget@@MAEXPAVQHideEvent@@@Z 00415e18 f   qt-mt323:qt-mt323.dll
 0001:00014e1e       ?imComposeEvent@QWidget@@MAEXPAVQIMEvent@@@Z 00415e1e f   qt-mt323:qt-mt323.dll
 0001:00014e24       ?imEndEvent@QWidget@@MAEXPAVQIMEvent@@@Z 00415e24 f   qt-mt323:qt-mt323.dll
 0001:00014e2a       ?imStartEvent@QWidget@@MAEXPAVQIMEvent@@@Z 00415e2a f   qt-mt323:qt-mt323.dll
 0001:00014e30       ?insertChild@QObject@@UAEXPAV1@@Z 00415e30 f   qt-mt323:qt-mt323.dll
 0001:00014e36       ?keyPressEvent@QDialog@@MAEXPAVQKeyEvent@@@Z 00415e36 f   qt-mt323:qt-mt323.dll
 0001:00014e3c       ?keyReleaseEvent@QWidget@@MAEXPAVQKeyEvent@@@Z 00415e3c f   qt-mt323:qt-mt323.dll
 0001:00014e42       ?leaveEvent@QWidget@@MAEXPAVQEvent@@@Z 00415e42 f   qt-mt323:qt-mt323.dll
 0001:00014e48       ?metric@QWidget@@MBEHH@Z   00415e48 f   qt-mt323:qt-mt323.dll
 0001:00014e4e       ?minimumSizeHint@QDialog@@UBE?AVQSize@@XZ 00415e4e f   qt-mt323:qt-mt323.dll
 0001:00014e54       ?mouseDoubleClickEvent@QWidget@@MAEXPAVQMouseEvent@@@Z 00415e54 f   qt-mt323:qt-mt323.dll
 0001:00014e5a       ?mouseMoveEvent@QWidget@@MAEXPAVQMouseEvent@@@Z 00415e5a f   qt-mt323:qt-mt323.dll
 0001:00014e60       ?mousePressEvent@QWidget@@MAEXPAVQMouseEvent@@@Z 00415e60 f   qt-mt323:qt-mt323.dll
 0001:00014e66       ?mouseReleaseEvent@QWidget@@MAEXPAVQMouseEvent@@@Z 00415e66 f   qt-mt323:qt-mt323.dll
 0001:00014e6c       ?move@QDialog@@UAEXHH@Z    00415e6c f   qt-mt323:qt-mt323.dll
 0001:00014e72       ?moveEvent@QWidget@@MAEXPAVQMoveEvent@@@Z 00415e72 f   qt-mt323:qt-mt323.dll
 0001:00014e78       ?paintEvent@QWidget@@MAEXPAVQPaintEvent@@@Z 00415e78 f   qt-mt323:qt-mt323.dll
 0001:00014e7e       ?paletteChange@QWidget@@MAEXABVQPalette@@@Z 00415e7e f   qt-mt323:qt-mt323.dll
 0001:00014e84       ?polish@QWidget@@UAEXXZ    00415e84 f   qt-mt323:qt-mt323.dll
 0001:00014e8a       ?property@QObject@@UBE?AVQVariant@@PBD@Z 00415e8a f   qt-mt323:qt-mt323.dll
 0001:00014e90       ?reject@QDialog@@MAEXXZ    00415e90 f   qt-mt323:qt-mt323.dll
 0001:00014e96       ?removeChild@QObject@@UAEXPAV1@@Z 00415e96 f   qt-mt323:qt-mt323.dll
 0001:00014e9c       ?reparent@QWidget@@UAEXPAV1@IABVQPoint@@_N@Z 00415e9c f   qt-mt323:qt-mt323.dll
 0001:00014ea2       ?resize@QDialog@@UAEXHH@Z  00415ea2 f   qt-mt323:qt-mt323.dll
 0001:00014ea8       ?resizeEvent@QDialog@@MAEXPAVQResizeEvent@@@Z 00415ea8 f   qt-mt323:qt-mt323.dll
 0001:00014eae       ?resolution@QPaintDevice@@UBEHXZ 00415eae f   qt-mt323:qt-mt323.dll
 0001:00014eb4       ?setAcceptDrops@QWidget@@UAEX_N@Z 00415eb4 f   qt-mt323:qt-mt323.dll
 0001:00014eba       ?setActiveWindow@QWidget@@UAEXXZ 00415eba f   qt-mt323:qt-mt323.dll
 0001:00014ec0       ?setAutoMask@QWidget@@UAEX_N@Z 00415ec0 f   qt-mt323:qt-mt323.dll
 0001:00014ec6       ?setBackgroundColor@QWidget@@UAEXABVQColor@@@Z 00415ec6 f   qt-mt323:qt-mt323.dll
 0001:00014ecc       ?setBackgroundMode@QWidget@@UAEXW4BackgroundMode@Qt@@@Z 00415ecc f   qt-mt323:qt-mt323.dll
 0001:00014ed2       ?setBackgroundOrigin@QWidget@@UAEXW4BackgroundOrigin@1@@Z 00415ed2 f   qt-mt323:qt-mt323.dll
 0001:00014ed8       ?setBackgroundPixmap@QWidget@@UAEXABVQPixmap@@@Z 00415ed8 f   qt-mt323:qt-mt323.dll
 0001:00014ede       ?setCaption@QWidget@@UAEXABVQString@@@Z 00415ede f   qt-mt323:qt-mt323.dll
 0001:00014ee4       ?setCursor@QWidget@@UAEXABVQCursor@@@Z 00415ee4 f   qt-mt323:qt-mt323.dll
 0001:00014eea       ?setEnabled@QWidget@@UAEX_N@Z 00415eea f   qt-mt323:qt-mt323.dll
 0001:00014ef0       ?setEraseColor@QWidget@@UAEXABVQColor@@@Z 00415ef0 f   qt-mt323:qt-mt323.dll
 0001:00014ef6       ?setErasePixmap@QWidget@@UAEXABVQPixmap@@@Z 00415ef6 f   qt-mt323:qt-mt323.dll
 0001:00014efc       ?setFocus@QWidget@@UAEXXZ  00415efc f   qt-mt323:qt-mt323.dll
 0001:00014f02       ?setFocusPolicy@QWidget@@UAEXW4FocusPolicy@1@@Z 00415f02 f   qt-mt323:qt-mt323.dll
 0001:00014f08       ?setFocusProxy@QWidget@@UAEXPAV1@@Z 00415f08 f   qt-mt323:qt-mt323.dll
 0001:00014f0e       ?setFont@QWidget@@UAEXABVQFont@@@Z 00415f0e f   qt-mt323:qt-mt323.dll
 0001:00014f14       ?setGeometry@QDialog@@UAEXABVQRect@@@Z 00415f14 f   qt-mt323:qt-mt323.dll
 0001:00014f1a       ?setGeometry@QDialog@@UAEXHHHH@Z 00415f1a f   qt-mt323:qt-mt323.dll
 0001:00014f20       ?setIcon@QWidget@@UAEXABVQPixmap@@@Z 00415f20 f   qt-mt323:qt-mt323.dll
 0001:00014f26       ?setIconText@QWidget@@UAEXABVQString@@@Z 00415f26 f   qt-mt323:qt-mt323.dll
 0001:00014f2c       ?setKeyCompression@QWidget@@MAEX_N@Z 00415f2c f   qt-mt323:qt-mt323.dll
 0001:00014f32       ?setMask@QWidget@@UAEXABVQBitmap@@@Z 00415f32 f   qt-mt323:qt-mt323.dll
 0001:00014f38       ?setMask@QWidget@@UAEXABVQRegion@@@Z 00415f38 f   qt-mt323:qt-mt323.dll
 0001:00014f3e       ?setMaximumSize@QWidget@@UAEXHH@Z 00415f3e f   qt-mt323:qt-mt323.dll
 0001:00014f44       ?setMicroFocusHint@QWidget@@MAEXHHHH_NPAVQFont@@@Z 00415f44 f   qt-mt323:qt-mt323.dll
 0001:00014f4a       ?setMinimumSize@QWidget@@UAEXHH@Z 00415f4a f   qt-mt323:qt-mt323.dll
 0001:00014f50       ?setMouseTracking@QWidget@@UAEX_N@Z 00415f50 f   qt-mt323:qt-mt323.dll
 0001:00014f56       ?setName@QWidget@@UAEXPBD@Z 00415f56 f   qt-mt323:qt-mt323.dll
 0001:00014f5c       ?setPalette@QWidget@@UAEXABVQPalette@@@Z 00415f5c f   qt-mt323:qt-mt323.dll
 0001:00014f62       ?setPaletteBackgroundColor@QWidget@@UAEXABVQColor@@@Z 00415f62 f   qt-mt323:qt-mt323.dll
 0001:00014f68       ?setPaletteBackgroundPixmap@QWidget@@UAEXABVQPixmap@@@Z 00415f68 f   qt-mt323:qt-mt323.dll
 0001:00014f6e       ?setProperty@QObject@@UAE_NPBDABVQVariant@@@Z 00415f6e f   qt-mt323:qt-mt323.dll
 0001:00014f74       ?setResolution@QPaintDevice@@UAEXH@Z 00415f74 f   qt-mt323:qt-mt323.dll
 0001:00014f7a       ?setSizeIncrement@QWidget@@UAEXHH@Z 00415f7a f   qt-mt323:qt-mt323.dll
 0001:00014f80       ?setSizePolicy@QWidget@@UAEXVQSizePolicy@@@Z 00415f80 f   qt-mt323:qt-mt323.dll
 0001:00014f86       ?setUpdatesEnabled@QWidget@@UAEX_N@Z 00415f86 f   qt-mt323:qt-mt323.dll
 0001:00014f8c       ?setWFlags@QWidget@@MAEXI@Z 00415f8c f   qt-mt323:qt-mt323.dll
 0001:00014f92       ?setWState@QWidget@@MAEXI@Z 00415f92 f   qt-mt323:qt-mt323.dll
 0001:00014f98       ?show@QDialog@@UAEXXZ      00415f98 f   qt-mt323:qt-mt323.dll
 0001:00014f9e       ?showEvent@QWidget@@MAEXPAVQShowEvent@@@Z 00415f9e f   qt-mt323:qt-mt323.dll
 0001:00014fa4       ?showMaximized@QWidget@@UAEXXZ 00415fa4 f   qt-mt323:qt-mt323.dll
 0001:00014faa       ?showMinimized@QWidget@@UAEXXZ 00415faa f   qt-mt323:qt-mt323.dll
 0001:00014fb0       ?showNormal@QWidget@@UAEXXZ 00415fb0 f   qt-mt323:qt-mt323.dll
 0001:00014fb6       ?sizeHint@QDialog@@UBE?AVQSize@@XZ 00415fb6 f   qt-mt323:qt-mt323.dll
 0001:00014fbc       ?sizePolicy@QWidget@@UBE?AVQSizePolicy@@XZ 00415fbc f   qt-mt323:qt-mt323.dll
 0001:00014fc2       ?styleChange@QWidget@@MAEXAAVQStyle@@@Z 00415fc2 f   qt-mt323:qt-mt323.dll
 0001:00014fc8       ?tabletEvent@QWidget@@MAEXPAVQTabletEvent@@@Z 00415fc8 f   qt-mt323:qt-mt323.dll
 0001:00014fce       ?timerEvent@QObject@@MAEXPAVQTimerEvent@@@Z 00415fce f   qt-mt323:qt-mt323.dll
 0001:00014fd4       ?unsetCursor@QWidget@@UAEXXZ 00415fd4 f   qt-mt323:qt-mt323.dll
 0001:00014fda       ?updateMask@QWidget@@MAEXXZ 00415fda f   qt-mt323:qt-mt323.dll
 0001:00014fe0       ?wheelEvent@QWidget@@MAEXPAVQWheelEvent@@@Z 00415fe0 f   qt-mt323:qt-mt323.dll
 0001:00014fe6       ?winEvent@QWidget@@MAE_NPAUtagMSG@@@Z 00415fe6 f   qt-mt323:qt-mt323.dll
 0001:00014fec       ?windowActivationChange@QWidget@@MAEX_N@Z 00415fec f   qt-mt323:qt-mt323.dll
 0001:00014ff2       ?addArgument@QProcess@@UAEXABVQString@@@Z 00415ff2 f   qt-mt323:qt-mt323.dll
 0001:00014ff8       ?start@QProcess@@UAE_NPAVQStringList@@@Z 00415ff8 f   qt-mt323:qt-mt323.dll
 0001:00014ffe       ?addDockWindow@QMainWindow@@UAEXPAVQDockWindow@@ABVQString@@W4Dock@Qt@@_N@Z 00415ffe f   qt-mt323:qt-mt323.dll
 0001:00015004       ?addDockWindow@QMainWindow@@UAEXPAVQDockWindow@@W4Dock@Qt@@_N@Z 00416004 f   qt-mt323:qt-mt323.dll
 0001:0001500a       ?childEvent@QMainWindow@@MAEXPAVQChildEvent@@@Z 0041600a f   qt-mt323:qt-mt323.dll
 0001:00015010       ?closeEvent@QWidget@@MAEXPAVQCloseEvent@@@Z 00416010 f   qt-mt323:qt-mt323.dll
 0001:00015016       ?contextMenuEvent@QWidget@@MAEXPAVQContextMenuEvent@@@Z 00416016 f   qt-mt323:qt-mt323.dll
 0001:0001501c       ?customize@QMainWindow@@UAEXXZ 0041601c f   qt-mt323:qt-mt323.dll
 0001:00015022       ?dockingArea@QMainWindow@@UAEPAVQDockArea@@ABVQPoint@@@Z 00416022 f   qt-mt323:qt-mt323.dll
 0001:00015028       ?event@QMainWindow@@MAE_NPAVQEvent@@@Z 00416028 f   qt-mt323:qt-mt323.dll
 0001:0001502e       ?eventFilter@QMainWindow@@UAE_NPAVQObject@@PAVQEvent@@@Z 0041602e f   qt-mt323:qt-mt323.dll
 0001:00015034       ?hide@QMainWindow@@UAEXXZ  00416034 f   qt-mt323:qt-mt323.dll
 0001:0001503a       ?isCustomizable@QMainWindow@@UBE_NXZ 0041603a f   qt-mt323:qt-mt323.dll
 0001:00015040       ?keyPressEvent@QWidget@@MAEXPAVQKeyEvent@@@Z 00416040 f   qt-mt323:qt-mt323.dll
 0001:00015046       ?minimumSizeHint@QMainWindow@@UBE?AVQSize@@XZ 00416046 f   qt-mt323:qt-mt323.dll
 0001:0001504c       ?move@QWidget@@UAEXHH@Z    0041604c f   qt-mt323:qt-mt323.dll
 0001:00015052       ?moveDockWindow@QMainWindow@@UAEXPAVQDockWindow@@W4Dock@Qt@@@Z 00416052 f   qt-mt323:qt-mt323.dll
 0001:00015058       ?moveDockWindow@QMainWindow@@UAEXPAVQDockWindow@@W4Dock@Qt@@_NHH@Z 00416058 f   qt-mt323:qt-mt323.dll
 0001:0001505e       ?paintEvent@QMainWindow@@MAEXPAVQPaintEvent@@@Z 0041605e f   qt-mt323:qt-mt323.dll
 0001:00015064       ?removeDockWindow@QMainWindow@@UAEXPAVQDockWindow@@@Z 00416064 f   qt-mt323:qt-mt323.dll
 0001:0001506a       ?resize@QWidget@@UAEXHH@Z  0041606a f   qt-mt323:qt-mt323.dll
 0001:00015070       ?resizeEvent@QWidget@@MAEXPAVQResizeEvent@@@Z 00416070 f   qt-mt323:qt-mt323.dll
 0001:00015076       ?setAppropriate@QMainWindow@@UAEXPAVQDockWindow@@_N@Z 00416076 f   qt-mt323:qt-mt323.dll
 0001:0001507c       ?setCentralWidget@QMainWindow@@UAEXPAVQWidget@@@Z 0041607c f   qt-mt323:qt-mt323.dll
 0001:00015082       ?setDockEnabled@QMainWindow@@UAEXPAVQDockWindow@@W4Dock@Qt@@_N@Z 00416082 f   qt-mt323:qt-mt323.dll
 0001:00015088       ?setDockEnabled@QMainWindow@@UAEXW4Dock@Qt@@_N@Z 00416088 f   qt-mt323:qt-mt323.dll
 0001:0001508e       ?setDockMenuEnabled@QMainWindow@@UAEX_N@Z 0041608e f   qt-mt323:qt-mt323.dll
 0001:00015094       ?setDockWindowsMovable@QMainWindow@@UAEX_N@Z 00416094 f   qt-mt323:qt-mt323.dll
 0001:0001509a       ?setGeometry@QWidget@@UAEXABVQRect@@@Z 0041609a f   qt-mt323:qt-mt323.dll
 0001:000150a0       ?setGeometry@QWidget@@UAEXHHHH@Z 004160a0 f   qt-mt323:qt-mt323.dll
 0001:000150a6       ?setMenuBar@QMainWindow@@EAEXPAVQMenuBar@@@Z 004160a6 f   qt-mt323:qt-mt323.dll
 0001:000150ac       ?setOpaqueMoving@QMainWindow@@UAEX_N@Z 004160ac f   qt-mt323:qt-mt323.dll
 0001:000150b2       ?setRightJustification@QMainWindow@@UAEX_N@Z 004160b2 f   qt-mt323:qt-mt323.dll
 0001:000150b8       ?setStatusBar@QMainWindow@@EAEXPAVQStatusBar@@@Z 004160b8 f   qt-mt323:qt-mt323.dll
 0001:000150be       ?setToolTipGroup@QMainWindow@@EAEXPAVQToolTipGroup@@@Z 004160be f   qt-mt323:qt-mt323.dll
 0001:000150c4       ?setUpLayout@QMainWindow@@MAEXXZ 004160c4 f   qt-mt323:qt-mt323.dll
 0001:000150ca       ?setUsesBigPixmaps@QMainWindow@@UAEX_N@Z 004160ca f   qt-mt323:qt-mt323.dll
 0001:000150d0       ?setUsesTextLabel@QMainWindow@@UAEX_N@Z 004160d0 f   qt-mt323:qt-mt323.dll
 0001:000150d6       ?show@QMainWindow@@UAEXXZ  004160d6 f   qt-mt323:qt-mt323.dll
 0001:000150dc       ?showDockMenu@QMainWindow@@MAE_NABVQPoint@@@Z 004160dc f   qt-mt323:qt-mt323.dll
 0001:000150e2       ?sizeHint@QMainWindow@@UBE?AVQSize@@XZ 004160e2 f   qt-mt323:qt-mt323.dll
 0001:000150e8       ?styleChange@QMainWindow@@MAEXAAVQStyle@@@Z 004160e8 f   qt-mt323:qt-mt323.dll
 0001:000150ee       ?whatsThis@QMainWindow@@UAEXXZ 004160ee f   qt-mt323:qt-mt323.dll
 0001:000150f4       ?compareItems@QGList@@MAEHPAX0@Z 004160f4 f   qt-mt323:qt-mt323.dll
 0001:000150fa       ?eventFilter@QObject@@UAE_NPAV1@PAVQEvent@@@Z 004160fa f   qt-mt323:qt-mt323.dll
 0001:00015100       ?hide@QWidget@@UAEXXZ      00416100 f   qt-mt323:qt-mt323.dll
 0001:00015106       ?minimumSizeHint@QWidget@@UBE?AVQSize@@XZ 00416106 f   qt-mt323:qt-mt323.dll
 0001:0001510c       ?newItem@QPtrCollection@@MAEPAXPAX@Z 0041610c f   qt-mt323:qt-mt323.dll
 0001:00015112       ?read@QGList@@MAEAAVQDataStream@@AAV2@AAPAX@Z 00416112 f   qt-mt323:qt-mt323.dll
 0001:00015118       ?show@QWidget@@UAEXXZ      00416118 f   qt-mt323:qt-mt323.dll
 0001:0001511e       ?sizeHint@QWidget@@UBE?AVQSize@@XZ 0041611e f   qt-mt323:qt-mt323.dll
 0001:00015124       ?write@QGList@@MBEAAVQDataStream@@AAV2@PAX@Z 00416124 f   qt-mt323:qt-mt323.dll
 0001:0001512a       ?setText@QListViewItem@@UAEXHABVQString@@@Z 0041612a f   qt-mt323:qt-mt323.dll
 0001:00015130       ?acceptDrop@QListViewItem@@UBE_NPBVQMimeSource@@@Z 00416130 f   qt-mt323:qt-mt323.dll
 0001:00015136       ?activate@QListViewItem@@MAEXXZ 00416136 f   qt-mt323:qt-mt323.dll
 0001:0001513c       ?cancelRename@QListViewItem@@MAEXH@Z 0041613c f   qt-mt323:qt-mt323.dll
 0001:00015142       ?compare@QListViewItem@@UBEHPAV1@H_N@Z 00416142 f   qt-mt323:qt-mt323.dll
 0001:00015148       ?dragEntered@QListViewItem@@MAEXXZ 00416148 f   qt-mt323:qt-mt323.dll
 0001:0001514e       ?dragLeft@QListViewItem@@MAEXXZ 0041614e f   qt-mt323:qt-mt323.dll
 0001:00015154       ?dropped@QListViewItem@@MAEXPAVQDropEvent@@@Z 00416154 f   qt-mt323:qt-mt323.dll
 0001:0001515a       ?enforceSortOrder@QListViewItem@@MBEXXZ 0041615a f   qt-mt323:qt-mt323.dll
 0001:00015160       ?insertItem@QListViewItem@@UAEXPAV1@@Z 00416160 f   qt-mt323:qt-mt323.dll
 0001:00015166       ?invalidateHeight@QListViewItem@@UAEXXZ 00416166 f   qt-mt323:qt-mt323.dll
 0001:0001516c       ?key@QListViewItem@@UBE?AVQString@@H_N@Z 0041616c f   qt-mt323:qt-mt323.dll
 0001:00015172       ?okRename@QListViewItem@@MAEXH@Z 00416172 f   qt-mt323:qt-mt323.dll
 0001:00015178       ?paintBranches@QListViewItem@@UAEXPAVQPainter@@ABVQColorGroup@@HHH@Z 00416178 f   qt-mt323:qt-mt323.dll
 0001:0001517e       ?paintFocus@QListViewItem@@UAEXPAVQPainter@@ABVQColorGroup@@ABVQRect@@@Z 0041617e f   qt-mt323:qt-mt323.dll
 0001:00015184       ?pixmap@QListViewItem@@UBEPBVQPixmap@@H@Z 00416184 f   qt-mt323:qt-mt323.dll
 0001:0001518a       ?removeItem@QListViewItem@@UAEXPAV1@@Z 0041618a f   qt-mt323:qt-mt323.dll
 0001:00015190       ?rtti@QListViewItem@@UBEHXZ 00416190 f   qt-mt323:qt-mt323.dll
 0001:00015196       ?setDragEnabled@QListViewItem@@UAEX_N@Z 00416196 f   qt-mt323:qt-mt323.dll
 0001:0001519c       ?setDropEnabled@QListViewItem@@UAEX_N@Z 0041619c f   qt-mt323:qt-mt323.dll
 0001:000151a2       ?setEnabled@QListViewItem@@UAEX_N@Z 004161a2 f   qt-mt323:qt-mt323.dll
 0001:000151a8       ?setExpandable@QListViewItem@@UAEX_N@Z 004161a8 f   qt-mt323:qt-mt323.dll
 0001:000151ae       ?setHeight@QListViewItem@@MAEXH@Z 004161ae f   qt-mt323:qt-mt323.dll
 0001:000151b4       ?setMultiLinesEnabled@QListViewItem@@UAEX_N@Z 004161b4 f   qt-mt323:qt-mt323.dll
 0001:000151ba       ?setOpen@QListViewItem@@UAEX_N@Z 004161ba f   qt-mt323:qt-mt323.dll
 0001:000151c0       ?setPixmap@QListViewItem@@UAEXHABVQPixmap@@@Z 004161c0 f   qt-mt323:qt-mt323.dll
 0001:000151c6       ?setRenameEnabled@QListViewItem@@UAEXH_N@Z 004161c6 f   qt-mt323:qt-mt323.dll
 0001:000151cc       ?setSelectable@QListViewItem@@UAEX_N@Z 004161cc f   qt-mt323:qt-mt323.dll
 0001:000151d2       ?setSelected@QListViewItem@@UAEX_N@Z 004161d2 f   qt-mt323:qt-mt323.dll
 0001:000151d8       ?setup@QListViewItem@@UAEXXZ 004161d8 f   qt-mt323:qt-mt323.dll
 0001:000151de       ?sort@QListViewItem@@UAEXXZ 004161de f   qt-mt323:qt-mt323.dll
 0001:000151e4       ?sortChildItems@QListViewItem@@UAEXH_N@Z 004161e4 f   qt-mt323:qt-mt323.dll
 0001:000151ea       ?startRename@QListViewItem@@UAEXH@Z 004161ea f   qt-mt323:qt-mt323.dll
 0001:000151f0       ?takeItem@QListViewItem@@UAEXPAV1@@Z 004161f0 f   qt-mt323:qt-mt323.dll
 0001:000151f6       ?text@QListViewItem@@UBE?AVQString@@H@Z 004161f6 f   qt-mt323:qt-mt323.dll
 0001:000151fc       ?width@QListViewItem@@UBEHABVQFontMetrics@@PBVQListView@@H@Z 004161fc f   qt-mt323:qt-mt323.dll
 0001:00015202       ?event@QObject@@UAE_NPAVQEvent@@@Z 00416202 f   qt-mt323:qt-mt323.dll
 0001:00015208       ?setName@QObject@@UAEXPBD@Z 00416208 f   qt-mt323:qt-mt323.dll
 0001:0001520e       ?setMainWidget@QApplication@@UAEXPAVQWidget@@@Z 0041620e f   qt-mt323:qt-mt323.dll
 0001:00015214       ?accept@QSocketDevice@@UAEHXZ 00416214 f   qt-mt323:qt-mt323.dll
 0001:0001521a       ?at@QSocketDevice@@UAE_NK@Z 0041621a f   qt-mt323:qt-mt323.dll
 0001:00015220       ?at@QSocketDevice@@UBEKXZ  00416220 f   qt-mt323:qt-mt323.dll
 0001:00015226       ?atEnd@QSocketDevice@@UBE_NXZ 00416226 f   qt-mt323:qt-mt323.dll
 0001:0001522c       ?bind@QSocketDevice@@UAE_NABVQHostAddress@@G@Z 0041622c f   qt-mt323:qt-mt323.dll
 0001:00015232       ?className@QSocketNotifier@@UBEPBDXZ 00416232 f   qt-mt323:qt-mt323.dll
 0001:00015238       ?close@QSocketDevice@@UAEXXZ 00416238 f   qt-mt323:qt-mt323.dll
 0001:0001523e       ?connect@QSocketDevice@@UAE_NABVQHostAddress@@G@Z 0041623e f   qt-mt323:qt-mt323.dll
 0001:00015244       ?event@QSocketNotifier@@MAE_NPAVQEvent@@@Z 00416244 f   qt-mt323:qt-mt323.dll
 0001:0001524a       ?flush@QSocketDevice@@UAEXXZ 0041624a f   qt-mt323:qt-mt323.dll
 0001:00015250       ?getch@QSocketDevice@@UAEHXZ 00416250 f   qt-mt323:qt-mt323.dll
 0001:00015256       ?listen@QSocketDevice@@UAE_NH@Z 00416256 f   qt-mt323:qt-mt323.dll
 0001:0001525c       ?metaObject@QSocketNotifier@@UBEPAVQMetaObject@@XZ 0041625c f   qt-mt323:qt-mt323.dll
 0001:00015262       ?open@QSocketDevice@@UAE_NH@Z 00416262 f   qt-mt323:qt-mt323.dll
 0001:00015268       ?putch@QSocketDevice@@UAEHH@Z 00416268 f   qt-mt323:qt-mt323.dll
 0001:0001526e       ?qt_cast@QSocketNotifier@@UAEPAXPBD@Z 0041626e f   qt-mt323:qt-mt323.dll
 0001:00015274       ?qt_emit@QSocketNotifier@@UAE_NHPAUQUObject@@@Z 00416274 f   qt-mt323:qt-mt323.dll
 0001:0001527a       ?qt_invoke@QSocketNotifier@@UAE_NHPAUQUObject@@@Z 0041627a f   qt-mt323:qt-mt323.dll
 0001:00015280       ?qt_property@QSocketNotifier@@UAE_NHHPAVQVariant@@@Z 00416280 f   qt-mt323:qt-mt323.dll
 0001:00015286       ?readAll@QIODevice@@UAE?AV?$QMemArray@D@@XZ 00416286 f   qt-mt323:qt-mt323.dll
 0001:0001528c       ?readBlock@QSocketDevice@@UAEJPADK@Z 0041628c f   qt-mt323:qt-mt323.dll
 0001:00015292       ?readLine@QIODevice@@UAEJPADK@Z 00416292 f   qt-mt323:qt-mt323.dll
 0001:00015298       ?setAddressReusable@QSocketDevice@@UAEX_N@Z 00416298 f   qt-mt323:qt-mt323.dll
 0001:0001529e       ?setBlocking@QSocketDevice@@UAEX_N@Z 0041629e f   qt-mt323:qt-mt323.dll
 0001:000152a4       ?setEnabled@QSocketNotifier@@UAEX_N@Z 004162a4 f   qt-mt323:qt-mt323.dll
 0001:000152aa       ?setOption@QSocketDevice@@EAEXW4Option@1@H@Z 004162aa f   qt-mt323:qt-mt323.dll
 0001:000152b0       ?setReceiveBufferSize@QSocketDevice@@UAEXI@Z 004162b0 f   qt-mt323:qt-mt323.dll
 0001:000152b6       ?setSendBufferSize@QSocketDevice@@UAEXI@Z 004162b6 f   qt-mt323:qt-mt323.dll
 0001:000152bc       ?setSocket@QSocketDevice@@UAEXHW4Type@1@@Z 004162bc f   qt-mt323:qt-mt323.dll
 0001:000152c2       ?size@QSocketDevice@@UBEKXZ 004162c2 f   qt-mt323:qt-mt323.dll
 0001:000152c8       ?ungetch@QSocketDevice@@UAEHH@Z 004162c8 f   qt-mt323:qt-mt323.dll
 0001:000152ce       ?writeBlock@QSocketDevice@@UAEJPBDK@Z 004162ce f   qt-mt323:qt-mt323.dll
 0001:000152d4       ?writeBlock@QSocketDevice@@UAEJPBDKABVQHostAddress@@G@Z 004162d4 f   qt-mt323:qt-mt323.dll
 0001:000152da       ?closeStdin@QProcess@@UAEXXZ 004162da f   qt-mt323:qt-mt323.dll
 0001:000152e0       ?connectNotify@QProcess@@MAEXPBD@Z 004162e0 f   qt-mt323:qt-mt323.dll
 0001:000152e6       ?disconnectNotify@QProcess@@MAEXPBD@Z 004162e6 f   qt-mt323:qt-mt323.dll
 0001:000152ec       ?launch@QProcess@@UAE_NABV?$QMemArray@D@@PAVQStringList@@@Z 004162ec f   qt-mt323:qt-mt323.dll
 0001:000152f2       ?launch@QProcess@@UAE_NABVQString@@PAVQStringList@@@Z 004162f2 f   qt-mt323:qt-mt323.dll
 0001:000152f8       ?readLineStderr@QProcess@@UAE?AVQString@@XZ 004162f8 f   qt-mt323:qt-mt323.dll
 0001:000152fe       ?readLineStdout@QProcess@@UAE?AVQString@@XZ 004162fe f   qt-mt323:qt-mt323.dll
 0001:00015304       ?readStderr@QProcess@@UAE?AV?$QMemArray@D@@XZ 00416304 f   qt-mt323:qt-mt323.dll
 0001:0001530a       ?readStdout@QProcess@@UAE?AV?$QMemArray@D@@XZ 0041630a f   qt-mt323:qt-mt323.dll
 0001:00015310       ?setArguments@QProcess@@UAEXABVQStringList@@@Z 00416310 f   qt-mt323:qt-mt323.dll
 0001:00015316       ?setWorkingDirectory@QProcess@@UAEXABVQDir@@@Z 00416316 f   qt-mt323:qt-mt323.dll
 0001:0001531c       ?writeToStdin@QProcess@@UAEXABV?$QMemArray@D@@@Z 0041631c f   qt-mt323:qt-mt323.dll
 0001:00015322       ?writeToStdin@QProcess@@UAEXABVQString@@@Z 00416322 f   qt-mt323:qt-mt323.dll
 0001:00015328       ?className@QProcess@@UBEPBDXZ 00416328 f   qt-mt323:qt-mt323.dll
 0001:0001532e       ?metaObject@QProcess@@UBEPAVQMetaObject@@XZ 0041632e f   qt-mt323:qt-mt323.dll
 0001:00015334       ?qt_cast@QProcess@@UAEPAXPBD@Z 00416334 f   qt-mt323:qt-mt323.dll
 0001:0001533a       ?qt_emit@QProcess@@UAE_NHPAUQUObject@@@Z 0041633a f   qt-mt323:qt-mt323.dll
[...]
 0002:00010428       __ehfuncinfo$??0logDialog@@QAE@PAVQWidget@@PBD_NI@Z 0042b428     logdialogimpl.obj
 0002:0001044c       __ehfuncinfo$?loadLog@logDialog@@AAEXXZ 0042b44c     logdialogimpl.obj
 0002:00010470       __unwindtable$?loadLog@logDialog@@AAEXXZ 0042b470     logdialogimpl.obj
 0002:000104c0       __ehfuncinfo$_main         0042b4c0     main.obj
 0002:000104e4       __unwindtable$_main        0042b4e4     main.obj
 0002:00010514       __unwindtable$?qt_emit@SyncProcess@@UAE_NHPAUQUObject@@@Z 0042b514     moc_SyncProcess.obj
 0002:00010524       __ehfuncinfo$?qt_emit@SyncProcess@@UAE_NHPAUQUObject@@@Z 0042b524     moc_SyncProcess.obj
 0002:00010548       __unwindtable$?setStatus@SyncProcess@@IAEXVQString@@@Z 0042b548     moc_SyncProcess.obj
 0002:00010558       __ehfuncinfo$?setStatus@SyncProcess@@IAEXVQString@@@Z 0042b558     moc_SyncProcess.obj
 0002:0001057c       __ehfuncinfo$??0netComms@@QAE@XZ 0042b57c     netComms.obj
 0002:000105a0       __unwindtable$??0netComms@@QAE@XZ 0042b5a0     netComms.obj
 0002:000105c8       __ehfuncinfo$??1netComms@@UAE@XZ 0042b5c8     netComms.obj
 0002:000105ec       __unwindtable$??1netComms@@UAE@XZ 0042b5ec     netComms.obj
 0002:0001061c       __ehfuncinfo$?initComms@netComms@@QAE_NXZ 0042b61c     netComms.obj
 0002:00010640       __unwindtable$?initComms@netComms@@QAE_NXZ 0042b640     netComms.obj
 0002:00010750       __ehfuncinfo$?rxData@netComms@@QAEXH@Z 0042b750     netComms.obj
 0002:00010774       __unwindtable$?rxData@netComms@@QAEXH@Z 0042b774     netComms.obj
 0002:000107a4       __unwindtable$?performAction@netComms@@AAEXVQString@@H@Z 0042b7a4     netComms.obj
 0002:000107b4       __ehfuncinfo$?performAction@netComms@@AAEXVQString@@H@Z 0042b7b4     netComms.obj
 0002:000107d8       __ehfuncinfo$?GetOSDisplayString@netComms@@AAE?AVQString@@XZ 0042b7d8     netComms.obj
 0002:000107fc       __unwindtable$?GetOSDisplayString@netComms@@AAE?AVQString@@XZ 0042b7fc     netComms.obj
 0002:0001086c       __ehfuncinfo$?sendStatus@netComms@@AAE_NXZ 0042b86c     netComms.obj
 0002:00010890       __unwindtable$?sendStatus@netComms@@AAE_NXZ 0042b890     netComms.obj
 0002:00010900       __ehfuncinfo$?connect@netComms@@AAE_NXZ 0042b900     netComms.obj
 0002:00010924       __unwindtable$?connect@netComms@@AAE_NXZ 0042b924     netComms.obj
 0002:0001095c       __unwindtable$??0processBase@@QAE@PAVQObject@@PBD@Z 0042b95c     processBase.obj
 0002:00010964       __ehfuncinfo$??0processBase@@QAE@PAVQObject@@PBD@Z 0042b964     processBase.obj
 0002:00010988       __ehfuncinfo$?start@processBase@@UAE_NPAVQStringList@@@Z 0042b988     processBase.obj
 0002:000109ac       __unwindtable$?start@processBase@@UAE_NPAVQStringList@@@Z 0042b9ac     processBase.obj
 0002:00010a8c       __unwindtable$??0restartDialog@@QAE@PAVQWidget@@PBD_NI@Z 0042ba8c     restartdialogimpl.obj
 0002:00010a94       __ehfuncinfo$??0restartDialog@@QAE@PAVQWidget@@PBD_NI@Z 0042ba94     restartdialogimpl.obj
 0002:00010ab8       __unwindtable$?timerEvent@restartDialog@@EAEXPAVQTimerEvent@@@Z 0042bab8     restartdialogimpl.obj
 0002:00010ac8       __ehfuncinfo$?timerEvent@restartDialog@@EAEXPAVQTimerEvent@@@Z 0042bac8     restartdialogimpl.obj
 0002:00010aec       __ehfuncinfo$??0startCSI@@QAE@PAVQObject@@PBD@Z 0042baec     startCSI.obj
 0002:00010b10       __unwindtable$??0startCSI@@QAE@PAVQObject@@PBD@Z 0042bb10     startCSI.obj
 0002:00010b50       __ehfuncinfo$?start@startCSI@@UAE_NPAVQStringList@@@Z 0042bb50     startCSI.obj
 0002:00010b74       __unwindtable$?start@startCSI@@UAE_NPAVQStringList@@@Z 0042bb74     startCSI.obj
 0002:00010bec       __unwindtable$?timerEvent@startCSI@@UAEXPAVQTimerEvent@@@Z 0042bbec     startCSI.obj
 0002:00010bf4       __ehfuncinfo$?timerEvent@startCSI@@UAEXPAVQTimerEvent@@@Z 0042bbf4     startCSI.obj
 0002:00010c18       __unwindtable$?csiProcessExited@startCSI@@QAEXXZ 0042bc18     startCSI.obj
 0002:00010c28       __ehfuncinfo$?csiProcessExited@startCSI@@QAEXXZ 0042bc28     startCSI.obj
 0002:00010c4c       __unwindtable$??_GstartCSI@@UAEPAXI@Z 0042bc4c     startCSI.obj
 0002:00010c54       __ehfuncinfo$??_GstartCSI@@UAEPAXI@Z 0042bc54     startCSI.obj
 0002:00010c78       __unwindtable$??_GSyncProcess@@UAEPAXI@Z 0042bc78     SyncProcess.obj
 0002:00010c78       __unwindtable$??1SyncProcess@@UAE@XZ 0042bc78     SyncProcess.obj
 0002:00010c78       __unwindtable$??_GNoSyncProcess@@UAEPAXI@Z 0042bc78     SyncProcess.obj
 0002:00010c98       __ehfuncinfo$??_GNoSyncProcess@@UAEPAXI@Z 0042bc98     SyncProcess.obj
 0002:00010c98       __ehfuncinfo$??_GSyncProcess@@UAEPAXI@Z 0042bc98     SyncProcess.obj
 0002:00010c98       __ehfuncinfo$??1SyncProcess@@UAE@XZ 0042bc98     SyncProcess.obj
 0002:00010cbc       __unwindtable$?startProcess@SyncProcess@@QAEXXZ 0042bcbc     SyncProcess.obj
 0002:00010cd4       __ehfuncinfo$?startProcess@SyncProcess@@QAEXXZ 0042bcd4     SyncProcess.obj
 0002:00010cf8       __ehfuncinfo$?moveSettings@SyncProcess@@IAEXXZ 0042bcf8     SyncProcess.obj
 0002:00010d1c       __unwindtable$?moveSettings@SyncProcess@@IAEXXZ 0042bd1c     SyncProcess.obj
 0002:00010dc4       __unwindtable$?commonSetUp@SyncProcess@@IAEXVQString@@00@Z 0042bdc4     SyncProcess.obj
 0002:00010ddc       __ehfuncinfo$?commonSetUp@SyncProcess@@IAEXVQString@@00@Z 0042bddc     SyncProcess.obj
 0002:00010e00       __unwindtable$?readStdout@SyncProcess@@IAEXXZ 0042be00     SyncProcess.obj
 0002:00010e18       __ehfuncinfo$?readStdout@SyncProcess@@IAEXXZ 0042be18     SyncProcess.obj
 0002:00010e3c       __ehfuncinfo$?readStderr@SyncProcess@@IAEXXZ 0042be3c     SyncProcess.obj
 0002:00010e60       __unwindtable$?readStderr@SyncProcess@@IAEXXZ 0042be60     SyncProcess.obj
 0002:00010e90       __ehfuncinfo$??0NoSyncProcess@@QAE@XZ 0042be90     SyncProcess.obj
 0002:00010eb4       __unwindtable$??0NoSyncProcess@@QAE@XZ 0042beb4     SyncProcess.obj
 0002:00010f24       __ehfuncinfo$??0FileSyncProcess@@QAE@XZ 0042bf24     SyncProcess.obj
 0002:00010f48       __unwindtable$??0FileSyncProcess@@QAE@XZ 0042bf48     SyncProcess.obj
 0002:00011030       __ehfuncinfo$??1FileSyncProcess@@UAE@XZ 0042c030     SyncProcess.obj
 0002:00011054       __unwindtable$??1FileSyncProcess@@UAE@XZ 0042c054     SyncProcess.obj
 0002:0001107c       __ehfuncinfo$?processExited@FileSyncProcess@@AAEXXZ 0042c07c     SyncProcess.obj
 0002:000110a0       __unwindtable$?processExited@FileSyncProcess@@AAEXXZ 0042c0a0     SyncProcess.obj
 0002:000111e8       __ehfuncinfo$??0AboutDialogBase@@QAE@PAVQWidget@@PBD_NI@Z 0042c1e8     AboutDialogBase.obj
 0002:0001120c       __unwindtable$??0AboutDialogBase@@QAE@PAVQWidget@@PBD_NI@Z 0042c20c     AboutDialogBase.obj
 0002:000112a4       __ehfuncinfo$?languageChange@AboutDialogBase@@MAEXXZ 0042c2a4     AboutDialogBase.obj
 0002:000112c8       __unwindtable$?languageChange@AboutDialogBase@@MAEXXZ 0042c2c8     AboutDialogBase.obj
 0002:00011338       __ehfuncinfo$??0bncs_ws_manDialogBase@@QAE@PAVQWidget@@PBDI@Z 0042c338     bncs_ws_mandialogbase.obj
 0002:0001135c       __unwindtable$??0bncs_ws_manDialogBase@@QAE@PAVQWidget@@PBDI@Z 0042c35c     bncs_ws_mandialogbase.obj
 0002:000114b4       __unwindtable$??1bncs_ws_manDialogBase@@UAE@XZ 0042c4b4     bncs_ws_mandialogbase.obj
 0002:000114d4       __ehfuncinfo$??1bncs_ws_manDialogBase@@UAE@XZ 0042c4d4     bncs_ws_mandialogbase.obj
 0002:000114f8       __ehfuncinfo$?languageChange@bncs_ws_manDialogBase@@MAEXXZ 0042c4f8     bncs_ws_mandialogbase.obj
 0002:0001151c       __unwindtable$?languageChange@bncs_ws_manDialogBase@@MAEXXZ 0042c51c     bncs_ws_mandialogbase.obj
 0002:000115f4       __ehfuncinfo$??0csi_startDialogBase@@QAE@PAVQWidget@@PBDI@Z 0042c5f4     csi_startdialogbase.obj
 0002:00011618       __unwindtable$??0csi_startDialogBase@@QAE@PAVQWidget@@PBDI@Z 0042c618     csi_startdialogbase.obj
 0002:000116a8       __ehfuncinfo$?languageChange@csi_startDialogBase@@MAEXXZ 0042c6a8     csi_startdialogbase.obj
 0002:000116cc       __unwindtable$?languageChange@csi_startDialogBase@@MAEXXZ 0042c6cc     csi_startdialogbase.obj
 0002:00011734       __ehfuncinfo$??0logDialogBase@@QAE@PAVQWidget@@PBD_NI@Z 0042c734     logdialog.obj
 0002:00011758       __unwindtable$??0logDialogBase@@QAE@PAVQWidget@@PBD_NI@Z 0042c758     logdialog.obj
 0002:00011788       __unwindtable$?languageChange@logDialogBase@@MAEXXZ 0042c788     logdialog.obj
 0002:000117a0       __ehfuncinfo$?languageChange@logDialogBase@@MAEXXZ 0042c7a0     logdialog.obj
 0002:000117c4       __unwindtable$?stateChanged@csi_startDialog@@IAEXW4status@workstationStatus@@@Z 0042c7c4     moc_csi_startdialog.obj
 0002:000117cc       __ehfuncinfo$?stateChanged@csi_startDialog@@IAEXW4status@workstationStatus@@@Z 0042c7cc     moc_csi_startdialog.obj
 0002:000117f0       __unwindtable$?signalFixUpAutoStart@processBase@@IAEXPAV1@@Z 0042c7f0     moc_processBase.obj
 0002:000117f8       __ehfuncinfo$?signalFixUpAutoStart@processBase@@IAEXPAV1@@Z 0042c7f8     moc_processBase.obj
 0002:0001181c       __ehfuncinfo$??0restartDialogBase@@QAE@PAVQWidget@@PBD_NI@Z 0042c81c     restartdialog.obj
 0002:00011840       __unwindtable$??0restartDialogBase@@QAE@PAVQWidget@@PBD_NI@Z 0042c840     restartdialog.obj
 0002:00011880       __ehfuncinfo$?languageChange@restartDialogBase@@MAEXXZ 0042c880     restartdialog.obj
 0002:000118a4       __unwindtable$?languageChange@restartDialogBase@@MAEXXZ 0042c8a4     restartdialog.obj
 0002:000118ec       __unwindtable$??0QtSingleApplication@@QAE@ABVQString@@AAHPAPADW4Type@QApplication@@@Z 0042c8ec     qtsingleapplication:qtsingleapplication.obj
 0002:000118fc       __ehfuncinfo$??0QtSingleApplication@@QAE@ABVQString@@AAHPAPADW4Type@QApplication@@@Z 0042c8fc     qtsingleapplication:qtsingleapplication.obj
 0002:00011920       __unwindtable$??1QtSingleApplication@@UAE@XZ 0042c920     qtsingleapplication:qtsingleapplication.obj
 0002:00011928       __ehfuncinfo$??1QtSingleApplication@@UAE@XZ 0042c928     qtsingleapplication:qtsingleapplication.obj
 0002:0001194c       __unwindtable$?initialize@QtSingleApplication@@QAEX_N@Z 0042c94c     qtsingleapplication:qtsingleapplication_win.obj
 0002:0001195c       __ehfuncinfo$?initialize@QtSingleApplication@@QAEX_N@Z 0042c95c     qtsingleapplication:qtsingleapplication_win.obj
 0002:00011980       __unwindtable$?winEventFilter@QtSingleApplication@@MAE_NPAUtagMSG@@@Z 0042c980     qtsingleapplication:qtsingleapplication_win.obj
 0002:00011988       __ehfuncinfo$?winEventFilter@QtSingleApplication@@MAE_NPAUtagMSG@@@Z 0042c988     qtsingleapplication:qtsingleapplication_win.obj
 0002:000119ac       __unwindtable$?sendMessage@QtSingleApplication@@QAE_NABVQString@@H@Z 0042c9ac     qtsingleapplication:qtsingleapplication_win.obj
 0002:000119b4       __ehfuncinfo$?sendMessage@QtSingleApplication@@QAE_NABVQString@@H@Z 0042c9b4     qtsingleapplication:qtsingleapplication_win.obj
 0002:000119d8       __unwindtable$?messageReceived@QtSingleApplication@@IAEXABVQString@@@Z 0042c9d8     qtsingleapplication:moc_qtsingleapplication.obj
 0002:000119e0       __ehfuncinfo$?messageReceived@QtSingleApplication@@IAEXABVQString@@@Z 0042c9e0     qtsingleapplication:moc_qtsingleapplication.obj
 0002:00011a08       __sehtable$__onexit        0042ca08     MSVCRT:atonexit.obj
 0002:00011a28       __sehtable$??_L@YGXPAXIHP6EX0@Z1@Z 0042ca28     MSVCRT:ehvecctr.obj
 0002:00011a48       __sehtable$??_M@YGXPAXIHP6EX0@Z@Z 0042ca48     MSVCRT:ehvecdtr.obj
 0002:00011a68       __sehtable$?__ArrayUnwind@@YGXPAXIHP6EX0@Z@Z 0042ca68     MSVCRT:ehvecdtr.obj
 0002:00011a88       __sehtable$___tmainCRTStartup 0042ca88     MSVCRT:crtexew.obj
 0002:00011aa8       __sehtable$__IsNonwritableInCurrentImage 0042caa8     MSVCRT:pesect.obj
 0002:00012d42       .idata$6                   0042dd42     version:VERSION.dll
 0002:00012d4e       .idata$6                   0042dd4e     wsock32:WSOCK32.dll
 0002:00012e2c       .idata$6                   0042de2c     bncs_string:bncs_string.dll
 0002:00012f70       .idata$6                   0042df70     bncs_config:bncs_config.dll
 0002:0001cf1e       .idata$6                   00437f1e     qt-mt323:qt-mt323.dll
 0002:0001d0a2       .idata$6                   004380a2     kernel32:KERNEL32.dll
 0002:0001d122       .idata$6                   00438122     user32:USER32.dll
 0002:0001d182       .idata$6                   00438182     advapi32:ADVAPI32.dll
 0002:0001d2b2       .idata$6                   004382b2     MSVCRT:MSVCR120.dll
 0002:0001d54a       .idata$6                   0043854a     msvcprt:MSVCP120.dll
 0003:00000000       _WM_large_Icon_32          00439000     bncs_ws_mandialog.obj
 0003:0000029c       ?param_signal_0@?3??staticMetaObject@SyncProcess@@SAPAVQMetaObject@@XZ@4QBUQUParameter@@B 0043929c     moc_SyncProcess.obj
 0003:000002ac       ?param_slot_2@?3??staticMetaObject@bncs_ws_manDialog@@SAPAVQMetaObject@@XZ@4QBUQUParameter@@B 004392ac     moc_bncs_ws_mandialog.obj
 0003:000002bc       ?param_slot_3@?3??staticMetaObject@bncs_ws_manDialog@@SAPAVQMetaObject@@XZ@4QBUQUParameter@@B 004392bc     moc_bncs_ws_mandialog.obj
 0003:000002cc       ?param_slot_4@?3??staticMetaObject@bncs_ws_manDialog@@SAPAVQMetaObject@@XZ@4QBUQUParameter@@B 004392cc     moc_bncs_ws_mandialog.obj
 0003:000002dc       ?param_slot_12@?3??staticMetaObject@bncs_ws_manDialog@@SAPAVQMetaObject@@XZ@4QBUQUParameter@@B 004392dc     moc_bncs_ws_mandialog.obj
 0003:000002ec       ?param_slot_15@?3??staticMetaObject@bncs_ws_manDialog@@SAPAVQMetaObject@@XZ@4QBUQUParameter@@B 004392ec     moc_bncs_ws_mandialog.obj
 0003:000002fc       ?param_slot_0@?3??staticMetaObject@csi_startDialog@@SAPAVQMetaObject@@XZ@4QBUQUParameter@@B 004392fc     moc_csi_startdialog.obj
 0003:0000030c       ?param_slot_0@?3??staticMetaObject@netComms@@SAPAVQMetaObject@@XZ@4QBUQUParameter@@B 0043930c     moc_netComms.obj
 0003:0000031c       ?param_signal_0@?3??staticMetaObject@processBase@@SAPAVQMetaObject@@XZ@4QBUQUParameter@@B 0043931c     moc_processBase.obj
 0003:0000032c       ?param_signal_1@?3??staticMetaObject@processBase@@SAPAVQMetaObject@@XZ@4QBUQUParameter@@B 0043932c     moc_processBase.obj
 0003:00000340       _BNCS_DISKLOG_SIG          00439340     bncs_disklog:bncs_disklog.obj
 0003:000003ac       ?param_signal_0@?3??staticMetaObject@QtSingleApplication@@SAPAVQMetaObject@@XZ@4QBUQUParameter@@B 004393ac     qtsingleapplication:moc_qtsingleapplication.obj
 0003:00000cc0       _allocator_arg             00439cc0     bncs_ws_mandialog.obj
 0003:00000cc1       _piecewise_construct       00439cc1     bncs_ws_mandialog.obj
 0003:00000ccc       _allocator_arg             00439ccc     csi_startdialog.obj
 0003:00000ccd       _piecewise_construct       00439ccd     csi_startdialog.obj
 0003:00000cce       _allocator_arg             00439cce     logDelete.obj
 0003:00000ccf       _piecewise_construct       00439ccf     logDelete.obj
 0003:00000cd4       _cleanUp_AboutDialogBase   00439cd4     moc_AboutDialogBase.obj
 0003:00000ce4       _cleanUp_SyncProcess       00439ce4     moc_SyncProcess.obj
 0003:00000ce8       _cleanUp_FileSyncProcess   00439ce8     moc_SyncProcess.obj
 0003:00000cec       _cleanUp_NoSyncProcess     00439cec     moc_SyncProcess.obj
 0003:00000cf0       ?$S1@?3??staticMetaObject@SyncProcess@@SAPAVQMetaObject@@XZ@4IA 00439cf0     moc_SyncProcess.obj
 0003:00000cf8       _cleanUp_bncs_ws_manDialog 00439cf8     moc_bncs_ws_mandialog.obj
 0003:00000cfc       ?$S1@?3??staticMetaObject@bncs_ws_manDialog@@SAPAVQMetaObject@@XZ@4IA 00439cfc     moc_bncs_ws_mandialog.obj
 0003:00000d00       ?param_slot_6@?3??staticMetaObject@bncs_ws_manDialog@@SAPAVQMetaObject@@XZ@4QBUQUParameter@@B 00439d00     moc_bncs_ws_mandialog.obj
 0003:00000d10       ?param_slot_14@?3??staticMetaObject@bncs_ws_manDialog@@SAPAVQMetaObject@@XZ@4QBUQUParameter@@B 00439d10     moc_bncs_ws_mandialog.obj
 0003:00000d24       _cleanUp_bncs_ws_manDialogBase 00439d24     moc_bncs_ws_mandialogbase.obj
 0003:00000d2c       _cleanUp_csi_startDialog   00439d2c     moc_csi_startdialog.obj
 0003:00000d30       ?$S1@?3??staticMetaObject@csi_startDialog@@SAPAVQMetaObject@@XZ@4IA 00439d30     moc_csi_startdialog.obj
 0003:00000d34       ?param_slot_2@?3??staticMetaObject@csi_startDialog@@SAPAVQMetaObject@@XZ@4QBUQUParameter@@B 00439d34     moc_csi_startdialog.obj
 0003:00000d64       ?param_slot_8@?3??staticMetaObject@csi_startDialog@@SAPAVQMetaObject@@XZ@4QBUQUParameter@@B 00439d64     moc_csi_startdialog.obj
 0003:00000d74       ?param_signal_1@?3??staticMetaObject@csi_startDialog@@SAPAVQMetaObject@@XZ@4QBUQUParameter@@B 00439d74     moc_csi_startdialog.obj
 0003:00000d88       _cleanUp_csi_startDialogBase 00439d88     moc_csi_startdialogbase.obj
 0003:00000d90       _cleanUp_logDelete         00439d90     moc_logDelete.obj
 0003:00000d98       _cleanUp_logDialogBase     00439d98     moc_logdialog.obj
 0003:00000da0       _cleanUp_logDialog         00439da0     moc_logdialogimpl.obj
 0003:00000da8       _cleanUp_netComms          00439da8     moc_netComms.obj
 0003:00000dac       ?$S1@?3??staticMetaObject@netComms@@SAPAVQMetaObject@@XZ@4IA 00439dac     moc_netComms.obj
 0003:00000db0       ?param_signal_0@?3??staticMetaObject@netComms@@SAPAVQMetaObject@@XZ@4QBUQUParameter@@B 00439db0     moc_netComms.obj
 0003:00000dc0       ?param_signal_1@?3??staticMetaObject@netComms@@SAPAVQMetaObject@@XZ@4QBUQUParameter@@B 00439dc0     moc_netComms.obj
 0003:00000dd0       ?param_signal_2@?3??staticMetaObject@netComms@@SAPAVQMetaObject@@XZ@4QBUQUParameter@@B 00439dd0     moc_netComms.obj
 0003:00000de4       _cleanUp_processBase       00439de4     moc_processBase.obj
 0003:00000de8       ?$S1@?3??staticMetaObject@processBase@@SAPAVQMetaObject@@XZ@4IA 00439de8     moc_processBase.obj
 0003:00000df0       _cleanUp_restartDialogBase 00439df0     moc_restartdialog.obj
 0003:00000df8       _cleanUp_restartDialog     00439df8     moc_restartdialogimpl.obj
 0003:00000e00       _cleanUp_startCSI          00439e00     moc_startCSI.obj
 0003:00000e08       _cleanUp_startCSIHelper    00439e08     moc_startCSIHelper.obj
 0003:00000e10       _cleanUp_QtSingleApplication 00439e10     qtsingleapplication:moc_qtsingleapplication.obj
 0003:00000e14       ?param_slot_0@?3??staticMetaObject@QtSingleApplication@@SAPAVQMetaObject@@XZ@4QBUQUParameter@@B 00439e14     qtsingleapplication:moc_qtsingleapplication.obj
 0003:00000e34       ?$S1@?3??staticMetaObject@QtSingleApplication@@SAPAVQMetaObject@@XZ@4IA 00439e34     qtsingleapplication:moc_qtsingleapplication.obj
 0003:00000e38       ?param_slot_1@?3??staticMetaObject@QtSingleApplication@@SAPAVQMetaObject@@XZ@4QBUQUParameter@@B 00439e38     qtsingleapplication:moc_qtsingleapplication.obj
 0003:00000e68       _GS_ExceptionRecord        00439e68     MSVCRT:gs_report.obj
 0003:00000eb8       _GS_ContextRecord          00439eb8     MSVCRT:gs_report.obj
 0003:00001184       _DebuggerWasPresent        0043a184     MSVCRT:gs_report.obj
 0003:00001188       _has_cctor                 0043a188     MSVCRT:crtexew.obj
 0003:0000118c       _mainret                   0043a18c     MSVCRT:crtexew.obj
 0003:00001190       _managedapp                0043a190     MSVCRT:crtexew.obj
 0003:00001194       _argc                      0043a194     MSVCRT:crtexew.obj
 0003:00001198       _argv                      0043a198     MSVCRT:crtexew.obj
 0003:0000119c       _envp                      0043a19c     MSVCRT:crtexew.obj
 0003:000011a0       _argret                    0043a1a0     MSVCRT:crtexew.obj
 0003:000011a4       _startinfo                 0043a1a4     MSVCRT:crtexew.obj
 0004:00000190       $R000000                   0043b190     Script1.res
 0004:00000580       $R0003F0                   0043b580     Script1.res
 0004:00001228       $R001098                   0043c228     Script1.res
 0004:000037d0       $R003640                   0043e7d0     Script1.res
 0004:00003c38       $R003AA8                   0043ec38     Script1.res
 0004:00003c68       $R003AD8                   0043ec68     Script1.res
