 bncs_v45_host

 Timestamp is 5e9dbbcb (Mon Apr 20 16:12:11 2020)

 Preferred load address is 00400000

 Start         Length     Name                   Class
 0001:00000000 000000b8H .text                   CODE
 0001:000000c0 000000b1H .text$di                CODE
 0001:00000180 00005722H .text$mn                CODE
 0001:000058b0 00000a94H .text$x                 CODE
 0001:00006350 0000005bH .text$yd                CODE
 0002:00000000 00000538H .idata$5                DATA
 0002:00000538 00000004H .CRT$XCA                DATA
 0002:0000053c 00000004H .CRT$XCAA               DATA
 0002:00000540 00000018H .CRT$XCU                DATA
 0002:00000558 00000004H .CRT$XCZ                DATA
 0002:0000055c 00000004H .CRT$XIA                DATA
 0002:00000560 00000004H .CRT$XIAA               DATA
 0002:00000564 00000004H .CRT$XIC                DATA
 0002:00000568 00000004H .CRT$XIY                DATA
 0002:0000056c 00000004H .CRT$XIZ                DATA
 0002:00000570 00001f80H .rdata                  DATA
 0002:000024f0 000005fcH .rdata$r                DATA
 0002:00002aec 00000004H .rtc$IAA                DATA
 0002:00002af0 00000004H .rtc$IZZ                DATA
 0002:00002af4 00000004H .rtc$TAA                DATA
 0002:00002af8 00000004H .rtc$TZZ                DATA
 0002:00002b00 00000ae4H .xdata$x                DATA
 0002:000035f0 000016efH .edata                  DATA
 0002:00004ce0 0000008cH .idata$2                DATA
 0002:00004d6c 00000014H .idata$3                DATA
 0002:00004d80 00000538H .idata$4                DATA
 0002:000052b8 00002bf2H .idata$6                DATA
 0003:00000000 0000033cH .data                   DATA
 0003:0000033c 0000027cH .data$r                 DATA
 0003:000005b8 000003fcH .bss                    DATA
 0004:00000000 00000190H .rsrc$01                DATA
 0004:00000190 00004058H .rsrc$02                DATA

  Address         Publics by Value              Rva+Base       Lib:Object

 0000:00000000       ___guard_fids_count        00000000     <absolute>
 0000:00000000       ___guard_fids_table        00000000     <absolute>
 0000:00000000       ___safe_se_handler_table   00000000     <absolute>
 0000:00000000       ___guard_flags             00000000     <absolute>
 0000:00000000       __except_list              00000000     <absolute>
 0000:00000000       ___safe_se_handler_count   00000000     <absolute>
 0000:00009876       __ldused                   00009876     <absolute>
 0000:00009876       __fltused                  00009876     <absolute>
 0000:00000000       ___ImageBase               00400000     <linker-defined>
 0001:00000000       _WinMain@16                00401000 f   qtmain:qtmain_win.obj
 0001:0000008d       ?detach@?$QMemArray@PAD@@UAEXXZ 0040108d f i qtmain:qtmain_win.obj
 0001:00000095       ??_E?$QMemArray@PAD@@UAEPAXI@Z 00401095 f i qtmain:qtmain_win.obj
 0001:00000095       ??_G?$QMemArray@PAD@@UAEPAXI@Z 00401095 f i qtmain:qtmain_win.obj
 0001:00000180       ??0?$QPtrList@VsignalConnection@@@@QAE@ABV0@@Z 00401180 f i bncs_clientmainwindowimpl.obj
 0001:000001a0       ??0?$QPtrList@VsignalConnection@@@@QAE@XZ 004011a0 f i bncs_clientmainwindowimpl.obj
 0001:000001c0       ??0?$QPtrListIterator@VsignalConnection@@@@QAE@ABV0@@Z 004011c0 f i bncs_clientmainwindowimpl.obj
 0001:000001c0       ??0signalConnectionRefListIt@@QAE@ABV0@@Z 004011c0 f i bncs_clientmainwindowimpl.obj
 0001:000001e0       ??0signalConnectionRefListIt@@QAE@ABVsignalConnectionRefList@@@Z 004011e0 f i bncs_clientmainwindowimpl.obj
 0001:000001e0       ??0?$QPtrListIterator@VsignalConnection@@@@QAE@ABV?$QPtrList@VsignalConnection@@@@@Z 004011e0 f i bncs_clientmainwindowimpl.obj
 0001:00000200       ??0?$basic_string@DU?$char_traits@D@std@@V?$allocator@D@2@@std@@QAE@PBD@Z 00401200 f i bncs_clientmainwindowimpl.obj
 0001:00000260       ??0bncs_clientMainWindowImpl@@QAE@PAVQWidget@@PBDI@Z 00401260 f   bncs_clientmainwindowimpl.obj
 0001:00000320       ??0signalConnection@@QAE@ABV0@@Z 00401320 f i bncs_clientmainwindowimpl.obj
 0001:000003b0       ??0signalConnection@@QAE@ABVQString@@0000@Z 004013b0 f i bncs_clientmainwindowimpl.obj
 0001:00000470       ??0signalConnectionRefList@@QAE@ABV0@@Z 00401470 f i bncs_clientmainwindowimpl.obj
 0001:00000490       ??0signalConnectionRefList@@QAE@XZ 00401490 f i bncs_clientmainwindowimpl.obj
 0001:000004b0       ??1?$QPtrList@VsignalConnection@@@@UAE@XZ 004014b0 f i bncs_clientmainwindowimpl.obj
 0001:00000510       ??1?$basic_string@DU?$char_traits@D@std@@V?$allocator@D@2@@std@@QAE@XZ 00401510 f i bncs_clientmainwindowimpl.obj
 0001:00000540       ??1bncs_clientMainWindowImpl@@UAE@XZ 00401540 f i bncs_clientmainwindowimpl.obj
 0001:00000550       ??1signalConnection@@QAE@XZ 00401550 f i bncs_clientmainwindowimpl.obj
 0001:000005d0       ??1signalConnectionRefList@@UAE@XZ 004015d0 f i bncs_clientmainwindowimpl.obj
 0001:00000640       ??1signalConnectionRefListIt@@QAE@XZ 00401640 f i bncs_clientmainwindowimpl.obj
 0001:00000640       ??1?$QPtrListIterator@VsignalConnection@@@@QAE@XZ 00401640 f i bncs_clientmainwindowimpl.obj
 0001:00000650       ??4signalConnection@@QAEAAV0@ABV0@@Z 00401650 f i bncs_clientmainwindowimpl.obj
 0001:000006a0       ??4signalConnectionRefList@@QAEAAV0@ABV0@@Z 004016a0 f i bncs_clientmainwindowimpl.obj
 0001:000006a0       ??4?$QPtrList@VsignalConnection@@@@QAEAAV0@ABV0@@Z 004016a0 f i bncs_clientmainwindowimpl.obj
 0001:000006b0       ??4?$QPtrListIterator@VsignalConnection@@@@QAEAAV0@ABV0@@Z 004016b0 f i bncs_clientmainwindowimpl.obj
 0001:000006b0       ??4signalConnectionRefListIt@@QAEAAV0@ABV0@@Z 004016b0 f i bncs_clientmainwindowimpl.obj
 0001:000006d0       ??8?$QPtrList@VsignalConnection@@@@QBE_NABV0@@Z 004016d0 f i bncs_clientmainwindowimpl.obj
 0001:000006e0       ??9?$QPtrList@VsignalConnection@@@@QBE_NABV0@@Z 004016e0 f i bncs_clientmainwindowimpl.obj
 0001:00000700       ?current@?$QPtrListIterator@VsignalConnection@@@@QBEPAVsignalConnection@@XZ 00401700 f i bncs_clientmainwindowimpl.obj
 0001:00000700       ??D?$QPtrListIterator@VsignalConnection@@@@QAEPAVsignalConnection@@XZ 00401700 f i bncs_clientmainwindowimpl.obj
 0001:00000700       ??B?$QPtrListIterator@VsignalConnection@@@@QBEPAVsignalConnection@@XZ 00401700 f i bncs_clientmainwindowimpl.obj
 0001:00000710       ??E?$QPtrListIterator@VsignalConnection@@@@QAEPAVsignalConnection@@XZ 00401710 f i bncs_clientmainwindowimpl.obj
 0001:00000720       ??F?$QPtrListIterator@VsignalConnection@@@@QAEPAVsignalConnection@@XZ 00401720 f i bncs_clientmainwindowimpl.obj
 0001:00000730       ??R?$QPtrListIterator@VsignalConnection@@@@QAEPAVsignalConnection@@XZ 00401730 f i bncs_clientmainwindowimpl.obj
 0001:00000740       ??Y?$QPtrListIterator@VsignalConnection@@@@QAEPAVsignalConnection@@I@Z 00401740 f i bncs_clientmainwindowimpl.obj
 0001:00000750       ??Z?$QPtrListIterator@VsignalConnection@@@@QAEPAVsignalConnection@@I@Z 00401750 f i bncs_clientmainwindowimpl.obj
 0001:00000760       ??_E?$QPtrList@VsignalConnection@@@@UAEPAXI@Z 00401760 f i bncs_clientmainwindowimpl.obj
 0001:00000812       ??_Ebncs_clientMainWindowImpl@@WCI@AEPAXI@Z 00401812 f i bncs_clientmainwindowimpl.obj
 0001:00000820       ??_EsignalConnectionRefList@@UAEPAXI@Z 00401820 f i bncs_clientmainwindowimpl.obj
 0001:000008f0       ??_Gbncs_clientMainWindowImpl@@UAEPAXI@Z 004018f0 f i bncs_clientmainwindowimpl.obj
 0001:000008f0       ??_Ebncs_clientMainWindowImpl@@UAEPAXI@Z 004018f0 f i bncs_clientmainwindowimpl.obj
 0001:00000920       ??_G_Generic_error_category@std@@UAEPAXI@Z 00401920 f i bncs_clientmainwindowimpl.obj
 0001:00000920       ??_Eerror_category@std@@UAEPAXI@Z 00401920 f i bncs_clientmainwindowimpl.obj
 0001:00000920       ??_G_System_error_category@std@@UAEPAXI@Z 00401920 f i bncs_clientmainwindowimpl.obj
 0001:00000920       ??_E_Iostream_error_category@std@@UAEPAXI@Z 00401920 f i bncs_clientmainwindowimpl.obj
 0001:00000920       ??_E_Generic_error_category@std@@UAEPAXI@Z 00401920 f i bncs_clientmainwindowimpl.obj
 0001:00000920       ??_Gerror_category@std@@UAEPAXI@Z 00401920 f i bncs_clientmainwindowimpl.obj
 0001:00000920       ??_E_System_error_category@std@@UAEPAXI@Z 00401920 f i bncs_clientmainwindowimpl.obj
 0001:00000920       ??_G_Iostream_error_category@std@@UAEPAXI@Z 00401920 f i bncs_clientmainwindowimpl.obj
 0001:00000950       ?_Copy@?$basic_string@DU?$char_traits@D@std@@V?$allocator@D@2@@std@@QAEXII@Z 00401950 f i bncs_clientmainwindowimpl.obj
 0001:00000aa0       ?_Grow@?$basic_string@DU?$char_traits@D@std@@V?$allocator@D@2@@std@@QAE_NI_N@Z 00401aa0 f i bncs_clientmainwindowimpl.obj
 0001:00000b50       ?allocate@?$_Wrap_alloc@V?$allocator@D@std@@@std@@QAEPADI@Z 00401b50 f i bncs_clientmainwindowimpl.obj
 0001:00000b80       ?append@?$QPtrList@VsignalConnection@@@@QAEXPBVsignalConnection@@@Z 00401b80 f i bncs_clientmainwindowimpl.obj
 0001:00000b90       ?assign@?$basic_string@DU?$char_traits@D@std@@V?$allocator@D@2@@std@@QAEAAV12@ABV12@II@Z 00401b90 f i bncs_clientmainwindowimpl.obj
 0001:00000cb0       ?assign@?$basic_string@DU?$char_traits@D@std@@V?$allocator@D@2@@std@@QAEAAV12@PBDI@Z 00401cb0 f i bncs_clientmainwindowimpl.obj
 0001:00000db0       ?at@?$QPtrList@VsignalConnection@@@@QAEPAVsignalConnection@@I@Z 00401db0 f i bncs_clientmainwindowimpl.obj
 0001:00000dd0       ?at@?$QPtrList@VsignalConnection@@@@QBEHXZ 00401dd0 f i bncs_clientmainwindowimpl.obj
 0001:00000de0       ?atFirst@?$QPtrListIterator@VsignalConnection@@@@QBE_NXZ 00401de0 f i bncs_clientmainwindowimpl.obj
 0001:00000df0       ?atLast@?$QPtrListIterator@VsignalConnection@@@@QBE_NXZ 00401df0 f i bncs_clientmainwindowimpl.obj
 0001:00000e00       ?begin@?$QPtrList@VsignalConnection@@@@QAE?AV?$QPtrListStdIterator@VsignalConnection@@@@XZ 00401e00 f i bncs_clientmainwindowimpl.obj
 0001:00000e00       ?begin@?$QPtrList@VsignalConnection@@@@QBE?AV?$QPtrListStdIterator@VsignalConnection@@@@XZ 00401e00 f i bncs_clientmainwindowimpl.obj
 0001:00000e00       ?constBegin@?$QPtrList@VsignalConnection@@@@QBE?AV?$QPtrListStdIterator@VsignalConnection@@@@XZ 00401e00 f i bncs_clientmainwindowimpl.obj
 0001:00000e10       ?cccConfigChangeMessage@IccClientCallback@@MAEXABV?$basic_string@DU?$char_traits@D@std@@V?$allocator@D@2@@std@@@Z 00401e10 f i bncs_clientmainwindowimpl.obj
 0001:00000e20       ?cccDatabaseChange@IccClientCallback@@MAEXHHH@Z 00401e20 f i bncs_clientmainwindowimpl.obj
 0001:00000e20       ?cccRtrRevertive@IccClientCallback@@MAEXHHH@Z 00401e20 f i bncs_clientmainwindowimpl.obj
 0001:00000e20       ?cccInfoRevertive@IccClientCallback@@MAEXHHABV?$basic_string@DU?$char_traits@D@std@@V?$allocator@D@2@@std@@@Z 00401e20 f i bncs_clientmainwindowimpl.obj
 0001:00000e20       ?cccDeviceMode@IccClientCallback@@MAEXHHW4redundancyState@cc@@@Z 00401e20 f i bncs_clientmainwindowimpl.obj
 0001:00000e20       ?cccGpiRevertive@IccClientCallback@@MAEXHH_N@Z 00401e20 f i bncs_clientmainwindowimpl.obj
 0001:00000e30       ?cccDeviceMessage@IccClientCallback@@MAEXHHABV?$basic_string@DU?$char_traits@D@std@@V?$allocator@D@2@@std@@H@Z 00401e30 f i bncs_clientmainwindowimpl.obj
 0001:00000e40       ?cccDisconnected@bncs_clientMainWindowImpl@@MAEXXZ 00401e40 f   bncs_clientmainwindowimpl.obj
 0001:00000e60       ?cccSerialNumberError@IccClientCallback@@MAEXHH@Z 00401e60 f i bncs_clientmainwindowimpl.obj
 0001:00000e60       ?cccPollError@IccClientCallback@@MAEXHH@Z 00401e60 f i bncs_clientmainwindowimpl.obj
 0001:00000e70       ?clear@?$QPtrList@VsignalConnection@@@@UAEXXZ 00401e70 f i bncs_clientmainwindowimpl.obj
 0001:00000e80       ?contains@?$QPtrList@VsignalConnection@@@@QBEIPBVsignalConnection@@@Z 00401e80 f i bncs_clientmainwindowimpl.obj
 0001:00000e90       ?containsRef@?$QPtrList@VsignalConnection@@@@QBEIPBVsignalConnection@@@Z 00401e90 f i bncs_clientmainwindowimpl.obj
 0001:00000ea0       ?count@?$QPtrList@VsignalConnection@@@@UBEIXZ 00401ea0 f i bncs_clientmainwindowimpl.obj
 0001:00000eb0       ?count@?$QPtrListIterator@VsignalConnection@@@@QBEIXZ 00401eb0 f i bncs_clientmainwindowimpl.obj
 0001:00000ec0       ?current@?$QPtrList@VsignalConnection@@@@QBEPAVsignalConnection@@XZ 00401ec0 f i bncs_clientmainwindowimpl.obj
 0001:00000ed0       ?currentNode@?$QPtrList@VsignalConnection@@@@QBEPAVQLNode@@XZ 00401ed0 f i bncs_clientmainwindowimpl.obj
 0001:00000ee0       ?default_error_condition@_System_error_category@std@@UBE?AVerror_condition@2@H@Z 00401ee0 f i bncs_clientmainwindowimpl.obj
 0001:00000f20       ?default_error_condition@error_category@std@@UBE?AVerror_condition@2@H@Z 00401f20 f i bncs_clientmainwindowimpl.obj
 0001:00000f40       ?deleteItem@?$QPtrList@VsignalConnection@@@@EAEXPAX@Z 00401f40 f i bncs_clientmainwindowimpl.obj
 0001:00000fe0       ?constEnd@?$QPtrList@VsignalConnection@@@@QBE?AV?$QPtrListStdIterator@VsignalConnection@@@@XZ 00401fe0 f i bncs_clientmainwindowimpl.obj
 0001:00000fe0       ?end@?$QPtrList@VsignalConnection@@@@QAE?AV?$QPtrListStdIterator@VsignalConnection@@@@XZ 00401fe0 f i bncs_clientmainwindowimpl.obj
 0001:00000fe0       ?end@?$QPtrList@VsignalConnection@@@@QBE?AV?$QPtrListStdIterator@VsignalConnection@@@@XZ 00401fe0 f i bncs_clientmainwindowimpl.obj
 0001:00000ff0       ?equivalent@error_category@std@@UBE_NABVerror_code@2@H@Z 00401ff0 f i bncs_clientmainwindowimpl.obj
 0001:00001010       ?equivalent@error_category@std@@UBE_NHABVerror_condition@2@@Z 00402010 f i bncs_clientmainwindowimpl.obj
 0001:00001050       ?erase@?$QPtrList@VsignalConnection@@@@QAE?AV?$QPtrListStdIterator@VsignalConnection@@@@V2@@Z 00402050 f i bncs_clientmainwindowimpl.obj
 0001:00001070       ?erase@?$basic_string@DU?$char_traits@D@std@@V?$allocator@D@2@@std@@QAEAAV12@II@Z 00402070 f i bncs_clientmainwindowimpl.obj
 0001:00001110       ?find@?$QPtrList@VsignalConnection@@@@QAEHPBVsignalConnection@@@Z 00402110 f i bncs_clientmainwindowimpl.obj
 0001:00001130       ?findNext@?$QPtrList@VsignalConnection@@@@QAEHPBVsignalConnection@@@Z 00402130 f i bncs_clientmainwindowimpl.obj
 0001:00001150       ?findNextRef@?$QPtrList@VsignalConnection@@@@QAEHPBVsignalConnection@@@Z 00402150 f i bncs_clientmainwindowimpl.obj
 0001:00001170       ?findRef@?$QPtrList@VsignalConnection@@@@QAEHPBVsignalConnection@@@Z 00402170 f i bncs_clientmainwindowimpl.obj
 0001:00001190       ?first@?$QPtrList@VsignalConnection@@@@QAEPAVsignalConnection@@XZ 00402190 f i bncs_clientmainwindowimpl.obj
 0001:000011a0       ?getFirst@?$QPtrList@VsignalConnection@@@@QBEPAVsignalConnection@@XZ 004021a0 f i bncs_clientmainwindowimpl.obj
 0001:000011b0       ?getLast@?$QPtrList@VsignalConnection@@@@QBEPAVsignalConnection@@XZ 004021b0 f i bncs_clientmainwindowimpl.obj
 0001:000011c0       ?inSort@?$QPtrList@VsignalConnection@@@@QAEXPBVsignalConnection@@@Z 004021c0 f i bncs_clientmainwindowimpl.obj
 0001:000011d0       ?insert@?$QPtrList@VsignalConnection@@@@QAE_NIPBVsignalConnection@@@Z 004021d0 f i bncs_clientmainwindowimpl.obj
 0001:000011e0       ?isEmpty@?$QPtrList@VsignalConnection@@@@QBE_NXZ 004021e0 f i bncs_clientmainwindowimpl.obj
 0001:000011f0       ?isEmpty@?$QPtrListIterator@VsignalConnection@@@@QBE_NXZ 004021f0 f i bncs_clientmainwindowimpl.obj
 0001:00001200       ?last@?$QPtrList@VsignalConnection@@@@QAEPAVsignalConnection@@XZ 00402200 f i bncs_clientmainwindowimpl.obj
 0001:00001210       ?message@_Generic_error_category@std@@UBE?AV?$basic_string@DU?$char_traits@D@std@@V?$allocator@D@2@@2@H@Z 00402210 f i bncs_clientmainwindowimpl.obj
 0001:00001290       ?message@_Iostream_error_category@std@@UBE?AV?$basic_string@DU?$char_traits@D@std@@V?$allocator@D@2@@2@H@Z 00402290 f i bncs_clientmainwindowimpl.obj
 0001:000012e0       ?message@_System_error_category@std@@UBE?AV?$basic_string@DU?$char_traits@D@std@@V?$allocator@D@2@@2@H@Z 004022e0 f i bncs_clientmainwindowimpl.obj
 0001:00001360       ?metaObject@bncs_clientMainWindowImpl@@UBEPAVQMetaObject@@XZ 00402360 f i bncs_clientmainwindowimpl.obj
 0001:00001370       ?mySetForegroundWindow@bncs_clientMainWindowImpl@@AAEXPAUHWND__@@@Z 00402370 f   bncs_clientmainwindowimpl.obj
 0001:00001410       ?name@_Generic_error_category@std@@UBEPBDXZ 00402410 f i bncs_clientmainwindowimpl.obj
 0001:00001420       ?name@_Iostream_error_category@std@@UBEPBDXZ 00402420 f i bncs_clientmainwindowimpl.obj
 0001:00001430       ?name@_System_error_category@std@@UBEPBDXZ 00402430 f i bncs_clientmainwindowimpl.obj
 0001:00001440       ?next@?$QPtrList@VsignalConnection@@@@QAEPAVsignalConnection@@XZ 00402440 f i bncs_clientmainwindowimpl.obj
 0001:00001450       ?notifyIn@bncs_clientMainWindowImpl@@QAEXAAVQString@@@Z 00402450 f   bncs_clientmainwindowimpl.obj
 0001:00001960       ?path@global@@SA?AVQString@@XZ 00402960 f i bncs_clientmainwindowimpl.obj
 0001:00001a10       ?prepend@?$QPtrList@VsignalConnection@@@@QAEXPBVsignalConnection@@@Z 00402a10 f i bncs_clientmainwindowimpl.obj
 0001:00001a30       ?prev@?$QPtrList@VsignalConnection@@@@QAEPAVsignalConnection@@XZ 00402a30 f i bncs_clientmainwindowimpl.obj
 0001:00001a40       ?remove@?$QPtrList@VsignalConnection@@@@QAE_NI@Z 00402a40 f i bncs_clientmainwindowimpl.obj
 0001:00001a50       ?remove@?$QPtrList@VsignalConnection@@@@QAE_NPBVsignalConnection@@@Z 00402a50 f i bncs_clientmainwindowimpl.obj
 0001:00001a60       ?remove@?$QPtrList@VsignalConnection@@@@QAE_NXZ 00402a60 f i bncs_clientmainwindowimpl.obj
 0001:00001a70       ?removeFirst@?$QPtrList@VsignalConnection@@@@QAE_NXZ 00402a70 f i bncs_clientmainwindowimpl.obj
 0001:00001a90       ?removeLast@?$QPtrList@VsignalConnection@@@@QAE_NXZ 00402a90 f i bncs_clientmainwindowimpl.obj
 0001:00001ab0       ?removeNode@?$QPtrList@VsignalConnection@@@@QAEXPAVQLNode@@@Z 00402ab0 f i bncs_clientmainwindowimpl.obj
 0001:00001ac0       ?removeRef@?$QPtrList@VsignalConnection@@@@QAE_NPBVsignalConnection@@@Z 00402ac0 f i bncs_clientmainwindowimpl.obj
 0001:00001ad0       ?replace@?$QPtrList@VsignalConnection@@@@QAE_NIPBVsignalConnection@@@Z 00402ad0 f i bncs_clientmainwindowimpl.obj
 0001:00001ae0       ?singletonMessageReceived@bncs_clientMainWindowImpl@@QAEXABVQString@@@Z 00402ae0 f   bncs_clientmainwindowimpl.obj
 0001:00001b80       ?sort@?$QPtrList@VsignalConnection@@@@QAEXXZ 00402b80 f i bncs_clientmainwindowimpl.obj
 0001:00001b90       ?take@?$QPtrList@VsignalConnection@@@@QAEPAVsignalConnection@@I@Z 00402b90 f i bncs_clientmainwindowimpl.obj
 0001:00001ba0       ?take@?$QPtrList@VsignalConnection@@@@QAEPAVsignalConnection@@XZ 00402ba0 f i bncs_clientmainwindowimpl.obj
 0001:00001bb0       ?takeNode@?$QPtrList@VsignalConnection@@@@QAEPAVsignalConnection@@PAVQLNode@@@Z 00402bb0 f i bncs_clientmainwindowimpl.obj
 0001:00001bc0       ?timerEvent@bncs_clientMainWindowImpl@@UAEXPAVQTimerEvent@@@Z 00402bc0 f   bncs_clientmainwindowimpl.obj
 0001:00002560       ?toFirst@?$QPtrListIterator@VsignalConnection@@@@QAEPAVsignalConnection@@XZ 00403560 f i bncs_clientmainwindowimpl.obj
 0001:00002570       ?toLast@?$QPtrListIterator@VsignalConnection@@@@QAEPAVsignalConnection@@XZ 00403570 f i bncs_clientmainwindowimpl.obj
 0001:00002580       ?toVector@?$QPtrList@VsignalConnection@@@@QBEXPAVQGVector@@@Z 00403580 f i bncs_clientmainwindowimpl.obj
 0001:00002590       ??$?HDU?$char_traits@D@std@@V?$allocator@D@1@@std@@YA?AV?$basic_string@DU?$char_traits@D@std@@V?$allocator@D@2@@0@$$QAV10@ABV10@@Z 00403590 f i ccConfig.obj
 0001:00002610       ??$?HDU?$char_traits@D@std@@V?$allocator@D@1@@std@@YA?AV?$basic_string@DU?$char_traits@D@std@@V?$allocator@D@2@@0@$$QAV10@PBD@Z 00403610 f i ccConfig.obj
 0001:000026b0       ??$?HDU?$char_traits@D@std@@V?$allocator@D@1@@std@@YA?AV?$basic_string@DU?$char_traits@D@std@@V?$allocator@D@2@@0@ABV10@PBD@Z 004036b0 f i ccConfig.obj
 0001:000027a0       ?append@?$basic_string@DU?$char_traits@D@std@@V?$allocator@D@2@@std@@QAEAAV12@ABV12@II@Z 004037a0 f i ccConfig.obj
 0001:00002860       ?append@?$basic_string@DU?$char_traits@D@std@@V?$allocator@D@2@@std@@QAEAAV12@PBDI@Z 00403860 f i ccConfig.obj
 0001:00002950       ?compare@?$char_traits@D@std@@SAHPBD0I@Z 00403950 f i ccConfig.obj
 0001:000029c0       ?getDevPath@ccConfig@@SA?AV?$basic_string@DU?$char_traits@D@std@@V?$allocator@D@2@@std@@XZ 004039c0 f   ccConfig.obj
 0001:00002bd0       ?getInt@ccConfig@@SAHABV?$basic_string@DU?$char_traits@D@std@@V?$allocator@D@2@@std@@00H_N@Z 00403bd0 f   ccConfig.obj
 0001:00002d20       ?getString@ccConfig@@SA?AV?$basic_string@DU?$char_traits@D@std@@V?$allocator@D@2@@std@@ABV23@000_N@Z 00403d20 f   ccConfig.obj
 0001:00002f90       ?isV3Based@ccConfig@@SA_NXZ 00403f90 f   ccConfig.obj
 0001:00003040       ?workstation@ccConfig@@SAHXZ 00404040 f   ccConfig.obj
 0001:000033a0       _main                      004043a0 f   main.obj
 0001:00003ca0       ??0bncs_clientMainWindow@@QAE@PAVQWidget@@PBDI@Z 00404ca0 f   bncs_clientmainwindow.obj
 0001:00003d60       ??1bncs_clientMainWindow@@UAE@XZ 00404d60 f   bncs_clientmainwindow.obj
 0001:00003d73       ??_Ebncs_clientMainWindow@@WCI@AEPAXI@Z 00404d73 f i bncs_clientmainwindow.obj
 0001:00003d80       ??_Gbncs_clientMainWindow@@UAEPAXI@Z 00404d80 f i bncs_clientmainwindow.obj
 0001:00003d80       ??_Ebncs_clientMainWindow@@UAEPAXI@Z 00404d80 f i bncs_clientmainwindow.obj
 0001:00003db0       ?languageChange@bncs_clientMainWindow@@MAEXXZ 00404db0 f   bncs_clientmainwindow.obj
 0001:00003db0       ?cccDisconnected@IccClientCallback@@MAEXXZ 00404db0 f   bncs_clientmainwindowimpl.obj
 0001:00003db0       ?cccConnected@IccClientCallback@@MAEXXZ 00404db0 f   bncs_clientmainwindowimpl.obj
 0001:00003dc0       ?metaObject@bncs_clientMainWindow@@UBEPAVQMetaObject@@XZ 00404dc0 f i bncs_clientmainwindow.obj
 0001:00003dd0       ?className@bncs_clientMainWindow@@UBEPBDXZ 00404dd0 f   moc_bncs_clientmainwindow.obj
 0001:00003de0       ?qt_cast@bncs_clientMainWindow@@UAEPAXPBD@Z 00404de0 f   moc_bncs_clientmainwindow.obj
 0001:00003e40       ?qt_emit@bncs_clientMainWindow@@UAE_NHPAUQUObject@@@Z 00404e40 f   moc_bncs_clientmainwindow.obj
 0001:00003e50       ?qt_invoke@bncs_clientMainWindow@@UAE_NHPAUQUObject@@@Z 00404e50 f   moc_bncs_clientmainwindow.obj
 0001:00003ee0       ?qt_property@bncs_clientMainWindow@@UAE_NHHPAVQVariant@@@Z 00404ee0 f   moc_bncs_clientmainwindow.obj
 0001:00003ef0       ?staticMetaObject@bncs_clientMainWindow@@SAPAVQMetaObject@@XZ 00404ef0 f   moc_bncs_clientmainwindow.obj
 0001:00003f40       ?className@bncs_clientMainWindowImpl@@UBEPBDXZ 00404f40 f   moc_bncs_clientmainwindowimpl.obj
 0001:00003f50       ?qt_cast@bncs_clientMainWindowImpl@@UAEPAXPBD@Z 00404f50 f   moc_bncs_clientmainwindowimpl.obj
 0001:00004000       ?qt_emit@bncs_clientMainWindowImpl@@UAE_NHPAUQUObject@@@Z 00405000 f   moc_bncs_clientmainwindowimpl.obj
 0001:00004010       ?qt_invoke@bncs_clientMainWindowImpl@@UAE_NHPAUQUObject@@@Z 00405010 f   moc_bncs_clientmainwindowimpl.obj
 0001:00004080       ?qt_property@bncs_clientMainWindowImpl@@UAE_NHHPAVQVariant@@@Z 00405080 f   moc_bncs_clientmainwindowimpl.obj
 0001:00004090       ?staticMetaObject@bncs_clientMainWindowImpl@@SAPAVQMetaObject@@XZ 00405090 f   moc_bncs_clientmainwindowimpl.obj
 0001:00004170       ??0QtSingleApplication@@QAE@ABVQString@@AAHPAPADW4Type@QApplication@@@Z 00405170 f   qtsingleapplication:qtsingleapplication.obj
 0001:00004210       ??1QtSingleApplication@@UAE@XZ 00405210 f   qtsingleapplication:qtsingleapplication.obj
 0001:00004290       ??_GQtSingleApplication@@UAEPAXI@Z 00405290 f i qtsingleapplication:qtsingleapplication.obj
 0001:00004290       ??_EQtSingleApplication@@UAEPAXI@Z 00405290 f i qtsingleapplication:qtsingleapplication.obj
 0001:000042c0       ?activateMainWidget@QtSingleApplication@@UAEXXZ 004052c0 f   qtsingleapplication:qtsingleapplication.obj
 0001:000042f0       ?id@QtSingleApplication@@QBE?AVQString@@XZ 004052f0 f   qtsingleapplication:qtsingleapplication.obj
 0001:00004310       ?metaObject@QtSingleApplication@@UBEPAVQMetaObject@@XZ 00405310 f i qtsingleapplication:qtsingleapplication.obj
 0001:00004315       ??_EQWidget@@WCI@AEPAXI@Z  00405315 f i qtsingleapplication:qtsingleapplication_win.obj
 0001:00004320       ??_GQWidget@@UAEPAXI@Z     00405320 f i qtsingleapplication:qtsingleapplication_win.obj
 0001:00004320       ??_EQWidget@@UAEPAXI@Z     00405320 f i qtsingleapplication:qtsingleapplication_win.obj
 0001:00004350       ?initialize@QtSingleApplication@@QAEX_N@Z 00405350 f   qtsingleapplication:qtsingleapplication_win.obj
 0001:00004440       ?sendMessage@QtSingleApplication@@QAE_NABVQString@@H@Z 00405440 f   qtsingleapplication:qtsingleapplication_win.obj
 0001:00004520       ?sysCleanup@QtSingleApplication@@AAEXXZ 00405520 f   qtsingleapplication:qtsingleapplication_win.obj
 0001:00004530       ?sysInit@QtSingleApplication@@AAEXXZ 00405530 f   qtsingleapplication:qtsingleapplication_win.obj
 0001:00004550       ?winEventFilter@QtSingleApplication@@MAE_NPAUtagMSG@@@Z 00405550 f   qtsingleapplication:qtsingleapplication_win.obj
 0001:000045f0       ?className@QtSingleApplication@@UBEPBDXZ 004055f0 f   qtsingleapplication:moc_qtsingleapplication.obj
 0001:00004600       ?messageReceived@QtSingleApplication@@IAEXABVQString@@@Z 00405600 f   qtsingleapplication:moc_qtsingleapplication.obj
 0001:00004670       ?qt_cast@QtSingleApplication@@UAEPAXPBD@Z 00405670 f   qtsingleapplication:moc_qtsingleapplication.obj
 0001:000046d0       ?qt_emit@QtSingleApplication@@UAE_NHPAUQUObject@@@Z 004056d0 f   qtsingleapplication:moc_qtsingleapplication.obj
 0001:00004710       ?qt_invoke@QtSingleApplication@@UAE_NHPAUQUObject@@@Z 00405710 f   qtsingleapplication:moc_qtsingleapplication.obj
 0001:00004790       ?qt_property@QtSingleApplication@@UAE_NHHPAVQVariant@@@Z 00405790 f   qtsingleapplication:moc_qtsingleapplication.obj
 0001:000047a0       ?staticMetaObject@QtSingleApplication@@SAPAVQMetaObject@@XZ 004057a0 f   qtsingleapplication:moc_qtsingleapplication.obj
 0001:00004900       ??0decodeBNCSString@@QAE@PBDD@Z 00405900 f   decodecaptionstring:decodeBNCSString.obj
 0001:00004930       ??1decodeBNCSString@@UAE@XZ 00405930 f   decodecaptionstring:decodeBNCSString.obj
 0001:00004950       ??_EdecodeBNCSString@@UAEPAXI@Z 00405950 f i decodecaptionstring:decodeBNCSString.obj
 0001:00004950       ??_GdecodeBNCSString@@UAEPAXI@Z 00405950 f i decodecaptionstring:decodeBNCSString.obj
 0001:00004990       ?split@decodeBNCSString@@AAEXPBD@Z 00405990 f i decodecaptionstring:decodeBNCSString.obj
 0001:00004bb2       ??0dCW@@QAE@XZ             00405bb2 f   dcw:dcw.dll
 0001:00004bb8       ?create@dCW@@QAEPAVQWidget@@ABVQString@@PAVQObject@@PAV2@PBD_N4NN44@Z 00405bb8 f   dcw:dcw.dll
 0001:00004bbe       ??1dCW@@UAE@XZ             00405bbe f   dcw:dcw.dll
 0001:00004bc4       ?setIcon@QWidget@@UAEXABVQPixmap@@@Z 00405bc4 f   qt-mt323:qt-mt323.dll
 0001:00004bca       ?adjustSize@QWidget@@UAEXXZ 00405bca f   qt-mt323:qt-mt323.dll
 0001:00004bd0       ?checkConnectArgs@QObject@@MAE_NPBDPBV1@0@Z 00405bd0 f   qt-mt323:qt-mt323.dll
 0001:00004bd6       ?childEvent@QObject@@MAEXPAVQChildEvent@@@Z 00405bd6 f   qt-mt323:qt-mt323.dll
 0001:00004bdc       ?close@QWidget@@UAE_N_N@Z  00405bdc f   qt-mt323:qt-mt323.dll
 0001:00004be2       ?closeEvent@QWidget@@MAEXPAVQCloseEvent@@@Z 00405be2 f   qt-mt323:qt-mt323.dll
 0001:00004be8       ?cmd@QPaintDevice@@MAE_NHPAVQPainter@@PATQPDevCmdParam@@@Z 00405be8 f   qt-mt323:qt-mt323.dll
 0001:00004bee       ?compareItems@QGList@@MAEHPAX0@Z 00405bee f   qt-mt323:qt-mt323.dll
 0001:00004bf4       ?connectNotify@QObject@@MAEXPBD@Z 00405bf4 f   qt-mt323:qt-mt323.dll
 0001:00004bfa       ?contextMenuEvent@QWidget@@MAEXPAVQContextMenuEvent@@@Z 00405bfa f   qt-mt323:qt-mt323.dll
 0001:00004c00       ?create@QWidget@@MAEXPAUHWND__@@_N1@Z 00405c00 f   qt-mt323:qt-mt323.dll
 0001:00004c06       ?customEvent@QObject@@MAEXPAVQCustomEvent@@@Z 00405c06 f   qt-mt323:qt-mt323.dll
 0001:00004c0c       ?customWhatsThis@QWidget@@UBE_NXZ 00405c0c f   qt-mt323:qt-mt323.dll
 0001:00004c12       ?destroy@QWidget@@MAEX_N0@Z 00405c12 f   qt-mt323:qt-mt323.dll
 0001:00004c18       ?disconnectNotify@QObject@@MAEXPBD@Z 00405c18 f   qt-mt323:qt-mt323.dll
 0001:00004c1e       ?dragEnterEvent@QWidget@@MAEXPAVQDragEnterEvent@@@Z 00405c1e f   qt-mt323:qt-mt323.dll
 0001:00004c24       ?dragLeaveEvent@QWidget@@MAEXPAVQDragLeaveEvent@@@Z 00405c24 f   qt-mt323:qt-mt323.dll
 0001:00004c2a       ?dragMoveEvent@QWidget@@MAEXPAVQDragMoveEvent@@@Z 00405c2a f   qt-mt323:qt-mt323.dll
 0001:00004c30       ?dropEvent@QWidget@@MAEXPAVQDropEvent@@@Z 00405c30 f   qt-mt323:qt-mt323.dll
 0001:00004c36       ?enabledChange@QWidget@@MAEX_N@Z 00405c36 f   qt-mt323:qt-mt323.dll
 0001:00004c3c       ?enterEvent@QWidget@@MAEXPAVQEvent@@@Z 00405c3c f   qt-mt323:qt-mt323.dll
 0001:00004c42       ?event@QWidget@@MAE_NPAVQEvent@@@Z 00405c42 f   qt-mt323:qt-mt323.dll
 0001:00004c48       ?eventFilter@QObject@@UAE_NPAV1@PAVQEvent@@@Z 00405c48 f   qt-mt323:qt-mt323.dll
 0001:00004c4e       ?focusInEvent@QWidget@@MAEXPAVQFocusEvent@@@Z 00405c4e f   qt-mt323:qt-mt323.dll
 0001:00004c54       ?focusNextPrevChild@QWidget@@MAE_N_N@Z 00405c54 f   qt-mt323:qt-mt323.dll
 0001:00004c5a       ?focusOutEvent@QWidget@@MAEXPAVQFocusEvent@@@Z 00405c5a f   qt-mt323:qt-mt323.dll
 0001:00004c60       ?fontChange@QWidget@@MAEXABVQFont@@@Z 00405c60 f   qt-mt323:qt-mt323.dll
 0001:00004c66       ?fontInf@QPaintDevice@@MBEHPAVQFont@@H@Z 00405c66 f   qt-mt323:qt-mt323.dll
 0001:00004c6c       ?fontMet@QPaintDevice@@MBEHPAVQFont@@HPBDH@Z 00405c6c f   qt-mt323:qt-mt323.dll
 0001:00004c72       ?handle@QPaintDevice@@UBEPAUHDC__@@XZ 00405c72 f   qt-mt323:qt-mt323.dll
 0001:00004c78       ?heightForWidth@QWidget@@UBEHH@Z 00405c78 f   qt-mt323:qt-mt323.dll
 0001:00004c7e       ?hide@QWidget@@UAEXXZ      00405c7e f   qt-mt323:qt-mt323.dll
 0001:00004c84       ?hideEvent@QWidget@@MAEXPAVQHideEvent@@@Z 00405c84 f   qt-mt323:qt-mt323.dll
 0001:00004c8a       ?imComposeEvent@QWidget@@MAEXPAVQIMEvent@@@Z 00405c8a f   qt-mt323:qt-mt323.dll
 0001:00004c90       ?imEndEvent@QWidget@@MAEXPAVQIMEvent@@@Z 00405c90 f   qt-mt323:qt-mt323.dll
 0001:00004c96       ?imStartEvent@QWidget@@MAEXPAVQIMEvent@@@Z 00405c96 f   qt-mt323:qt-mt323.dll
 0001:00004c9c       ?insertChild@QObject@@UAEXPAV1@@Z 00405c9c f   qt-mt323:qt-mt323.dll
 0001:00004ca2       ?keyPressEvent@QWidget@@MAEXPAVQKeyEvent@@@Z 00405ca2 f   qt-mt323:qt-mt323.dll
 0001:00004ca8       ?keyReleaseEvent@QWidget@@MAEXPAVQKeyEvent@@@Z 00405ca8 f   qt-mt323:qt-mt323.dll
 0001:00004cae       ?leaveEvent@QWidget@@MAEXPAVQEvent@@@Z 00405cae f   qt-mt323:qt-mt323.dll
 0001:00004cb4       ?metric@QWidget@@MBEHH@Z   00405cb4 f   qt-mt323:qt-mt323.dll
 0001:00004cba       ?minimumSizeHint@QWidget@@UBE?AVQSize@@XZ 00405cba f   qt-mt323:qt-mt323.dll
 0001:00004cc0       ?mouseDoubleClickEvent@QWidget@@MAEXPAVQMouseEvent@@@Z 00405cc0 f   qt-mt323:qt-mt323.dll
 0001:00004cc6       ?mouseMoveEvent@QWidget@@MAEXPAVQMouseEvent@@@Z 00405cc6 f   qt-mt323:qt-mt323.dll
 0001:00004ccc       ?mousePressEvent@QWidget@@MAEXPAVQMouseEvent@@@Z 00405ccc f   qt-mt323:qt-mt323.dll
 0001:00004cd2       ?mouseReleaseEvent@QWidget@@MAEXPAVQMouseEvent@@@Z 00405cd2 f   qt-mt323:qt-mt323.dll
 0001:00004cd8       ?move@QWidget@@UAEXHH@Z    00405cd8 f   qt-mt323:qt-mt323.dll
 0001:00004cde       ?moveEvent@QWidget@@MAEXPAVQMoveEvent@@@Z 00405cde f   qt-mt323:qt-mt323.dll
 0001:00004ce4       ?newItem@QPtrCollection@@MAEPAXPAX@Z 00405ce4 f   qt-mt323:qt-mt323.dll
 0001:00004cea       ?paintEvent@QWidget@@MAEXPAVQPaintEvent@@@Z 00405cea f   qt-mt323:qt-mt323.dll
 0001:00004cf0       ?paletteChange@QWidget@@MAEXABVQPalette@@@Z 00405cf0 f   qt-mt323:qt-mt323.dll
 0001:00004cf6       ?polish@QWidget@@UAEXXZ    00405cf6 f   qt-mt323:qt-mt323.dll
 0001:00004cfc       ?property@QObject@@UBE?AVQVariant@@PBD@Z 00405cfc f   qt-mt323:qt-mt323.dll
 0001:00004d02       ?read@QGList@@MAEAAVQDataStream@@AAV2@AAPAX@Z 00405d02 f   qt-mt323:qt-mt323.dll
 0001:00004d08       ?removeChild@QObject@@UAEXPAV1@@Z 00405d08 f   qt-mt323:qt-mt323.dll
 0001:00004d0e       ?reparent@QWidget@@UAEXPAV1@IABVQPoint@@_N@Z 00405d0e f   qt-mt323:qt-mt323.dll
 0001:00004d14       ?resize@QWidget@@UAEXHH@Z  00405d14 f   qt-mt323:qt-mt323.dll
 0001:00004d1a       ?resizeEvent@QWidget@@MAEXPAVQResizeEvent@@@Z 00405d1a f   qt-mt323:qt-mt323.dll
 0001:00004d20       ?resolution@QPaintDevice@@UBEHXZ 00405d20 f   qt-mt323:qt-mt323.dll
 0001:00004d26       ?setAcceptDrops@QWidget@@UAEX_N@Z 00405d26 f   qt-mt323:qt-mt323.dll
 0001:00004d2c       ?setActiveWindow@QWidget@@UAEXXZ 00405d2c f   qt-mt323:qt-mt323.dll
 0001:00004d32       ?setAutoMask@QWidget@@UAEX_N@Z 00405d32 f   qt-mt323:qt-mt323.dll
 0001:00004d38       ?setBackgroundColor@QWidget@@UAEXABVQColor@@@Z 00405d38 f   qt-mt323:qt-mt323.dll
 0001:00004d3e       ?setBackgroundMode@QWidget@@UAEXW4BackgroundMode@Qt@@@Z 00405d3e f   qt-mt323:qt-mt323.dll
 0001:00004d44       ?setBackgroundOrigin@QWidget@@UAEXW4BackgroundOrigin@1@@Z 00405d44 f   qt-mt323:qt-mt323.dll
 0001:00004d4a       ?setBackgroundPixmap@QWidget@@UAEXABVQPixmap@@@Z 00405d4a f   qt-mt323:qt-mt323.dll
 0001:00004d50       ?setCaption@QWidget@@UAEXABVQString@@@Z 00405d50 f   qt-mt323:qt-mt323.dll
 0001:00004d56       ?setCursor@QWidget@@UAEXABVQCursor@@@Z 00405d56 f   qt-mt323:qt-mt323.dll
 0001:00004d5c       ?setEnabled@QWidget@@UAEX_N@Z 00405d5c f   qt-mt323:qt-mt323.dll
 0001:00004d62       ?setEraseColor@QWidget@@UAEXABVQColor@@@Z 00405d62 f   qt-mt323:qt-mt323.dll
 0001:00004d68       ?setErasePixmap@QWidget@@UAEXABVQPixmap@@@Z 00405d68 f   qt-mt323:qt-mt323.dll
 0001:00004d6e       ?setFocus@QWidget@@UAEXXZ  00405d6e f   qt-mt323:qt-mt323.dll
 0001:00004d74       ?setFocusPolicy@QWidget@@UAEXW4FocusPolicy@1@@Z 00405d74 f   qt-mt323:qt-mt323.dll
 0001:00004d7a       ?setFocusProxy@QWidget@@UAEXPAV1@@Z 00405d7a f   qt-mt323:qt-mt323.dll
 0001:00004d80       ?setFont@QWidget@@UAEXABVQFont@@@Z 00405d80 f   qt-mt323:qt-mt323.dll
 0001:00004d86       ?setGeometry@QWidget@@UAEXABVQRect@@@Z 00405d86 f   qt-mt323:qt-mt323.dll
 0001:00004d8c       ?setGeometry@QWidget@@UAEXHHHH@Z 00405d8c f   qt-mt323:qt-mt323.dll
 0001:00004d92       ?setIconText@QWidget@@UAEXABVQString@@@Z 00405d92 f   qt-mt323:qt-mt323.dll
 0001:00004d98       ?setKeyCompression@QWidget@@MAEX_N@Z 00405d98 f   qt-mt323:qt-mt323.dll
 0001:00004d9e       ?setMask@QWidget@@UAEXABVQBitmap@@@Z 00405d9e f   qt-mt323:qt-mt323.dll
 0001:00004da4       ?setMask@QWidget@@UAEXABVQRegion@@@Z 00405da4 f   qt-mt323:qt-mt323.dll
 0001:00004daa       ?setMaximumSize@QWidget@@UAEXHH@Z 00405daa f   qt-mt323:qt-mt323.dll
 0001:00004db0       ?setMicroFocusHint@QWidget@@MAEXHHHH_NPAVQFont@@@Z 00405db0 f   qt-mt323:qt-mt323.dll
 0001:00004db6       ?setMinimumSize@QWidget@@UAEXHH@Z 00405db6 f   qt-mt323:qt-mt323.dll
 0001:00004dbc       ?setMouseTracking@QWidget@@UAEX_N@Z 00405dbc f   qt-mt323:qt-mt323.dll
 0001:00004dc2       ?setName@QWidget@@UAEXPBD@Z 00405dc2 f   qt-mt323:qt-mt323.dll
 0001:00004dc8       ?setPalette@QWidget@@UAEXABVQPalette@@@Z 00405dc8 f   qt-mt323:qt-mt323.dll
 0001:00004dce       ?setPaletteBackgroundColor@QWidget@@UAEXABVQColor@@@Z 00405dce f   qt-mt323:qt-mt323.dll
 0001:00004dd4       ?setPaletteBackgroundPixmap@QWidget@@UAEXABVQPixmap@@@Z 00405dd4 f   qt-mt323:qt-mt323.dll
 0001:00004dda       ?setProperty@QObject@@UAE_NPBDABVQVariant@@@Z 00405dda f   qt-mt323:qt-mt323.dll
 0001:00004de0       ?setResolution@QPaintDevice@@UAEXH@Z 00405de0 f   qt-mt323:qt-mt323.dll
 0001:00004de6       ?setSizeIncrement@QWidget@@UAEXHH@Z 00405de6 f   qt-mt323:qt-mt323.dll
 0001:00004dec       ?setSizePolicy@QWidget@@UAEXVQSizePolicy@@@Z 00405dec f   qt-mt323:qt-mt323.dll
 0001:00004df2       ?setUpdatesEnabled@QWidget@@UAEX_N@Z 00405df2 f   qt-mt323:qt-mt323.dll
 0001:00004df8       ?setWFlags@QWidget@@MAEXI@Z 00405df8 f   qt-mt323:qt-mt323.dll
 0001:00004dfe       ?setWState@QWidget@@MAEXI@Z 00405dfe f   qt-mt323:qt-mt323.dll
 0001:00004e04       ?show@QWidget@@UAEXXZ      00405e04 f   qt-mt323:qt-mt323.dll
 0001:00004e0a       ?showEvent@QWidget@@MAEXPAVQShowEvent@@@Z 00405e0a f   qt-mt323:qt-mt323.dll
 0001:00004e10       ?showMaximized@QWidget@@UAEXXZ 00405e10 f   qt-mt323:qt-mt323.dll
 0001:00004e16       ?showMinimized@QWidget@@UAEXXZ 00405e16 f   qt-mt323:qt-mt323.dll
 0001:00004e1c       ?showNormal@QWidget@@UAEXXZ 00405e1c f   qt-mt323:qt-mt323.dll
 0001:00004e22       ?sizeHint@QWidget@@UBE?AVQSize@@XZ 00405e22 f   qt-mt323:qt-mt323.dll
 0001:00004e28       ?sizePolicy@QWidget@@UBE?AVQSizePolicy@@XZ 00405e28 f   qt-mt323:qt-mt323.dll
 0001:00004e2e       ?styleChange@QWidget@@MAEXAAVQStyle@@@Z 00405e2e f   qt-mt323:qt-mt323.dll
 0001:00004e34       ?tabletEvent@QWidget@@MAEXPAVQTabletEvent@@@Z 00405e34 f   qt-mt323:qt-mt323.dll
 0001:00004e3a       ?unsetCursor@QWidget@@UAEXXZ 00405e3a f   qt-mt323:qt-mt323.dll
 0001:00004e40       ?updateMask@QWidget@@MAEXXZ 00405e40 f   qt-mt323:qt-mt323.dll
 0001:00004e46       ?wheelEvent@QWidget@@MAEXPAVQWheelEvent@@@Z 00405e46 f   qt-mt323:qt-mt323.dll
 0001:00004e4c       ?winEvent@QWidget@@MAE_NPAUtagMSG@@@Z 00405e4c f   qt-mt323:qt-mt323.dll
 0001:00004e52       ?windowActivationChange@QWidget@@MAEX_N@Z 00405e52 f   qt-mt323:qt-mt323.dll
 0001:00004e58       ?write@QGList@@MBEAAVQDataStream@@AAV2@PAX@Z 00405e58 f   qt-mt323:qt-mt323.dll
 0001:00004e5e       ?setMainWidget@QApplication@@UAEXPAVQWidget@@@Z 00405e5e f   qt-mt323:qt-mt323.dll
 0001:00004e64       ?timerEvent@QObject@@MAEXPAVQTimerEvent@@@Z 00405e64 f   qt-mt323:qt-mt323.dll
 0001:00004e6a       ?qt_cast@QWidget@@UAEPAXPBD@Z 00405e6a f   qt-mt323:qt-mt323.dll
 0001:00004e70       ?qt_invoke@QWidget@@UAE_NHPAUQUObject@@@Z 00405e70 f   qt-mt323:qt-mt323.dll
 0001:00004e76       ?qt_emit@QWidget@@UAE_NHPAUQUObject@@@Z 00405e76 f   qt-mt323:qt-mt323.dll
 0001:00004e7c       ?qt_property@QWidget@@UAE_NHHPAVQVariant@@@Z 00405e7c f   qt-mt323:qt-mt323.dll
 0001:00004e82       ?commitData@QApplication@@UAEXAAVQSessionManager@@@Z 00405e82 f   qt-mt323:qt-mt323.dll
 0001:00004e88       ?event@QApplication@@MAE_NPAVQEvent@@@Z 00405e88 f   qt-mt323:qt-mt323.dll
 0001:00004e8e       ?notify@QApplication@@UAE_NPAVQObject@@PAVQEvent@@@Z 00405e8e f   qt-mt323:qt-mt323.dll
 0001:00004e94       ?polish@QApplication@@UAEXPAVQWidget@@@Z 00405e94 f   qt-mt323:qt-mt323.dll
 0001:00004e9a       ?saveState@QApplication@@UAEXAAVQSessionManager@@@Z 00405e9a f   qt-mt323:qt-mt323.dll
 0001:00004ea0       ?setName@QObject@@UAEXPBD@Z 00405ea0 f   qt-mt323:qt-mt323.dll
 0001:00004ea6       ?className@QWidget@@UBEPBDXZ 00405ea6 f   qt-mt323:qt-mt323.dll
 0001:00004eac       ?metaObject@QWidget@@UBEPAVQMetaObject@@XZ 00405eac f   qt-mt323:qt-mt323.dll
 0001:00004eb2       ??_M@YGXPAXIHP6EX0@Z@Z     00405eb2 f   MSVCRT:ehvecdtr.obj
 0001:00004f21       ?__ArrayUnwind@@YGXPAXIHP6EX0@Z@Z 00405f21 f   MSVCRT:ehvecdtr.obj
 0001:00004f80       __purecall                 00405f80 f   MSVCRT:MSVCR120.dll
 0001:00004f86       ??2@YAPAXI@Z               00405f86 f   MSVCRT:MSVCR120.dll
 0001:00004f8c       ??3@YAXPAX@Z               00405f8c f   MSVCRT:MSVCR120.dll
 0001:00004f92       ___atonexitinit            00405f92 f   MSVCRT:atonexit.obj
 0001:00004fce       __onexit                   00405fce f   MSVCRT:atonexit.obj
 0001:00005077       _atexit                    00406077 f   MSVCRT:atonexit.obj
 0001:0000508c       ??_V@YAXPAX@Z              0040608c f   MSVCRT:MSVCR120.dll
 0001:00005092       @__security_check_cookie@4 00406092 f   MSVCRT:secchk.obj
 0001:000050a2       __CxxThrowException@8      004060a2 f   MSVCRT:MSVCR120.dll
 0001:000050a8       ___CxxFrameHandler3        004060a8 f   MSVCRT:MSVCR120.dll
 0001:000050ae       _memcpy                    004060ae f   MSVCRT:MSVCR120.dll
 0001:000050b4       ??_Etype_info@@UAEPAXI@Z   004060b4 f i MSVCRT:ti_inst.obj
 0001:00005204       _WinMainCRTStartup         00406204 f   MSVCRT:crtexew.obj
 0001:000053c2       ?terminate@@YAXXZ          004063c2 f   MSVCRT:MSVCR120.dll
 0001:000053d0       __SEH_prolog4              004063d0 f   MSVCRT:sehprolg4.obj
 0001:00005415       __SEH_epilog4              00406415 f   MSVCRT:sehprolg4.obj
 0001:00005429       __except_handler4          00406429 f   MSVCRT:chandler4gs.obj
 0001:0000544c       __lock                     0040644c f   MSVCRT:MSVCR120.dll
 0001:00005452       __unlock                   00406452 f   MSVCRT:MSVCR120.dll
 0001:00005458       ___dllonexit               00406458 f   MSVCRT:MSVCR120.dll
 0001:0000545e       ___raise_securityfailure   0040645e f   MSVCRT:gs_report.obj
 0001:0000549b       ___report_gsfailure        0040649b f   MSVCRT:gs_report.obj
 0001:00005596       ??1type_info@@UAE@XZ       00406596 f   MSVCRT:MSVCR120.dll
 0001:0000559c       ?__CxxUnhandledExceptionFilter@@YGJPAU_EXCEPTION_POINTERS@@@Z 0040659c f   MSVCRT:unhandld.obj
 0001:000055dd       ___CxxSetUnhandledExceptionFilter 004065dd f   MSVCRT:unhandld.obj
 0001:000055ec       __XcptFilter               004065ec f   MSVCRT:MSVCR120.dll
 0001:000055f2       __amsg_exit                004065f2 f   MSVCRT:MSVCR120.dll
 0001:00005600       __FindPESection            00406600 f   MSVCRT:pesect.obj
 0001:00005650       __IsNonwritableInCurrentImage 00406650 f   MSVCRT:pesect.obj
 0001:00005710       __ValidateImageBase        00406710 f   MSVCRT:pesect.obj
 0001:00005741       ___security_init_cookie    00406741 f   MSVCRT:gs_support.obj
 0001:000057dd       __setargv                  004067dd f   MSVCRT:dllargv.obj
 0001:000057dd       __matherr                  004067dd f   MSVCRT:merr.obj
 0001:000057e0       __RTC_Initialize           004067e0 f   MSVCRT:initsect.obj
 0001:00005800       __RTC_Terminate            00406800 f   MSVCRT:initsect.obj
 0001:00005820       __setdefaultprecision      00406820 f   MSVCRT:fp8.obj
 0001:00005848       __initterm_e               00406848 f   MSVCRT:MSVCR120.dll
 0001:0000584e       __initterm                 0040684e f   MSVCRT:MSVCR120.dll
 0001:00005854       __except_handler4_common   00406854 f   MSVCRT:MSVCR120.dll
 0001:0000585a       __crt_debugger_hook        0040685a f   MSVCRT:MSVCR120.dll
 0001:00005860       ___crtUnhandledException   00406860 f   MSVCRT:MSVCR120.dll
 0001:00005866       ___crtTerminateProcess     00406866 f   MSVCRT:MSVCR120.dll
 0001:0000586c       ___crtSetUnhandledExceptionFilter 0040686c f   MSVCRT:MSVCR120.dll
 0001:00005872       __invoke_watson            00406872 f   MSVCRT:MSVCR120.dll
 0001:00005878       __controlfp_s              00406878 f   MSVCRT:MSVCR120.dll
 0001:0000587e       _IsProcessorFeaturePresent@4 0040687e f   kernel32:KERNEL32.dll
 0001:00005884       _strcpy                    00406884 f   MSVCRT:MSVCR120.dll
 0001:0000588a       _strlen                    0040688a f   MSVCRT:MSVCR120.dll
 0001:00005890       ?deleteData@QGArray@@MAEXPAUarray_data@1@@Z 00406890 f   qt-mt323:qt-mt323.dll
 0001:00005896       ?newData@QGArray@@MAEPAUarray_data@1@XZ 00406896 f   qt-mt323:qt-mt323.dll
 0001:0000589c       ?qWinMain@@YAXPAUHINSTANCE__@@0PADHAAHAAV?$QMemArray@PAD@@@Z 0040689c f   qt-mt323:qt-mt323.dll
 0002:00000000       __imp__GetPrivateProfileIntA@16 00408000     kernel32:KERNEL32.dll
 0002:00000004       __imp__GetPrivateProfileStringA@24 00408004     kernel32:KERNEL32.dll
 0002:00000008       __imp__WritePrivateProfileStringA@16 00408008     kernel32:KERNEL32.dll
 0002:0000000c       __imp__GetSystemTimeAsFileTime@4 0040800c     kernel32:KERNEL32.dll
 0002:00000010       __imp__GetCurrentThreadId@0 00408010     kernel32:KERNEL32.dll
 0002:00000014       __imp__GetCurrentProcessId@0 00408014     kernel32:KERNEL32.dll
 0002:00000018       __imp__QueryPerformanceCounter@4 00408018     kernel32:KERNEL32.dll
 0002:0000001c       __imp__IsProcessorFeaturePresent@4 0040801c     kernel32:KERNEL32.dll
 0002:00000020       __imp__IsDebuggerPresent@0 00408020     kernel32:KERNEL32.dll
 0002:00000024       __imp__DecodePointer@4     00408024     kernel32:KERNEL32.dll
 0002:00000028       __imp__EncodePointer@4     00408028     kernel32:KERNEL32.dll
 0002:0000002c       \177KERNEL32_NULL_THUNK_DATA 0040802c     kernel32:KERNEL32.dll
 0002:00000030       __imp_?_Xbad_alloc@std@@YAXXZ 00408030     msvcprt:MSVCP120.dll
 0002:00000034       __imp_?_Xout_of_range@std@@YAXPBD@Z 00408034     msvcprt:MSVCP120.dll
 0002:00000038       __imp_?_Syserror_map@std@@YAPBDH@Z 00408038     msvcprt:MSVCP120.dll
 0002:0000003c       __imp_?_Winerror_map@std@@YAPBDH@Z 0040803c     msvcprt:MSVCP120.dll
 0002:00000040       __imp_?_Xlength_error@std@@YAXPBD@Z 00408040     msvcprt:MSVCP120.dll
 0002:00000044       \177MSVCP120_NULL_THUNK_DATA 00408044     msvcprt:MSVCP120.dll
 0002:00000048       __imp___except_handler4_common 00408048     MSVCRT:MSVCR120.dll
 0002:0000004c       __imp___commode            0040804c     MSVCRT:MSVCR120.dll
 0002:00000050       __imp___fmode              00408050     MSVCRT:MSVCR120.dll
 0002:00000054       __imp___acmdln             00408054     MSVCRT:MSVCR120.dll
 0002:00000058       __imp___initterm           00408058     MSVCRT:MSVCR120.dll
 0002:0000005c       __imp___initterm_e         0040805c     MSVCRT:MSVCR120.dll
 0002:00000060       __imp____setusermatherr    00408060     MSVCRT:MSVCR120.dll
 0002:00000064       __imp___configthreadlocale 00408064     MSVCRT:MSVCR120.dll
 0002:00000068       __imp___ismbblead          00408068     MSVCRT:MSVCR120.dll
 0002:0000006c       __imp___cexit              0040806c     MSVCRT:MSVCR120.dll
 0002:00000070       __imp___exit               00408070     MSVCRT:MSVCR120.dll
 0002:00000074       __imp__exit                00408074     MSVCRT:MSVCR120.dll
 0002:00000078       __imp____set_app_type      00408078     MSVCRT:MSVCR120.dll
 0002:0000007c       __imp____getmainargs       0040807c     MSVCRT:MSVCR120.dll
 0002:00000080       __imp___amsg_exit          00408080     MSVCRT:MSVCR120.dll
 0002:00000084       __imp____crtGetShowWindowMode 00408084     MSVCRT:MSVCR120.dll
 0002:00000088       __imp___XcptFilter         00408088     MSVCRT:MSVCR120.dll
 0002:0000008c       __imp_??1type_info@@UAE@XZ 0040808c     MSVCRT:MSVCR120.dll
 0002:00000090       __imp___onexit             00408090     MSVCRT:MSVCR120.dll
 0002:00000094       __imp____dllonexit         00408094     MSVCRT:MSVCR120.dll
 0002:00000098       __imp___controlfp_s        00408098     MSVCRT:MSVCR120.dll
 0002:0000009c       __imp___unlock             0040809c     MSVCRT:MSVCR120.dll
 0002:000000a0       __imp___lock               004080a0     MSVCRT:MSVCR120.dll
 0002:000000a4       __imp_?terminate@@YAXXZ    004080a4     MSVCRT:MSVCR120.dll
 0002:000000a8       __imp__strncpy             004080a8     MSVCRT:MSVCR120.dll
 0002:000000ac       __imp__sprintf             004080ac     MSVCRT:MSVCR120.dll
 0002:000000b0       __imp__memcpy              004080b0     MSVCRT:MSVCR120.dll
 0002:000000b4       __imp____CxxFrameHandler3  004080b4     MSVCRT:MSVCR120.dll
 0002:000000b8       __imp___CxxThrowException@8 004080b8     MSVCRT:MSVCR120.dll
 0002:000000bc       __imp_??_V@YAXPAX@Z        004080bc     MSVCRT:MSVCR120.dll
 0002:000000c0       __imp__getenv              004080c0     MSVCRT:MSVCR120.dll
 0002:000000c4       __imp__atoi                004080c4     MSVCRT:MSVCR120.dll
 0002:000000c8       __imp__memmove             004080c8     MSVCRT:MSVCR120.dll
 0002:000000cc       __imp_??3@YAXPAX@Z         004080cc     MSVCRT:MSVCR120.dll
 0002:000000d0       __imp_??2@YAPAXI@Z         004080d0     MSVCRT:MSVCR120.dll
 0002:000000d4       __imp___purecall           004080d4     MSVCRT:MSVCR120.dll
 0002:000000d8       __imp___crt_debugger_hook  004080d8     MSVCRT:MSVCR120.dll
 0002:000000dc       __imp____crtUnhandledException 004080dc     MSVCRT:MSVCR120.dll
 0002:000000e0       __imp____crtTerminateProcess 004080e0     MSVCRT:MSVCR120.dll
 0002:000000e4       __imp____crtSetUnhandledExceptionFilter 004080e4     MSVCRT:MSVCR120.dll
 0002:000000e8       __imp___chdir              004080e8     MSVCRT:MSVCR120.dll
 0002:000000ec       __imp___invoke_watson      004080ec     MSVCRT:MSVCR120.dll
 0002:000000f0       __imp__strcpy              004080f0     MSVCRT:MSVCR120.dll
 0002:000000f4       __imp___calloc_crt         004080f4     MSVCRT:MSVCR120.dll
 0002:000000f8       __imp__strlen              004080f8     MSVCRT:MSVCR120.dll
 0002:000000fc       \177MSVCR120_NULL_THUNK_DATA 004080fc     MSVCRT:MSVCR120.dll
 0002:00000100       __imp__GetWindowThreadProcessId@8 00408100     user32:USER32.dll
 0002:00000104       __imp__FindWindowA@8       00408104     user32:USER32.dll
 0002:00000108       __imp__MessageBoxA@16      00408108     user32:USER32.dll
 0002:0000010c       __imp__SetForegroundWindow@4 0040810c     user32:USER32.dll
 0002:00000110       __imp__GetForegroundWindow@0 00408110     user32:USER32.dll
 0002:00000114       __imp__GetSystemMetrics@4  00408114     user32:USER32.dll
 0002:00000118       __imp__IsIconic@4          00408118     user32:USER32.dll
 0002:0000011c       __imp__ShowWindow@8        0040811c     user32:USER32.dll
 0002:00000120       __imp__AttachThreadInput@12 00408120     user32:USER32.dll
 0002:00000124       __imp__SendMessageTimeoutA@28 00408124     user32:USER32.dll
 0002:00000128       __imp__SystemParametersInfoA@16 00408128     user32:USER32.dll
 0002:0000012c       \177USER32_NULL_THUNK_DATA 0040812c     user32:USER32.dll
 0002:00000130       __imp_?reg@bncs_dll_client_shim@@QAE_NPAVIccClientCallback@@HHHH@Z 00408130     bncs_shim_loader:bncs_shim_loader.dll
 0002:00000134       __imp_?csiShim@bncs_shim_loader@@SAPAVbncs_dll_client_shim@@XZ 00408134     bncs_shim_loader:bncs_shim_loader.dll
 0002:00000138       \177bncs_shim_loader_NULL_THUNK_DATA 00408138     bncs_shim_loader:bncs_shim_loader.dll
 0002:0000013c       __imp_??0dCW@@QAE@XZ       0040813c     dcw:dcw.dll
 0002:00000140       __imp_??1dCW@@UAE@XZ       00408140     dcw:dcw.dll
 0002:00000144       __imp_?create@dCW@@QAEPAVQWidget@@ABVQString@@PAVQObject@@PAV2@PBD_N4NN44@Z 00408144     dcw:dcw.dll
 0002:00000148       \177dcw_NULL_THUNK_DATA    00408148     dcw:dcw.dll
 0002:0000014c       __imp_?create@QWidget@@MAEXPAUHWND__@@_N1@Z 0040814c     qt-mt323:qt-mt323.dll
 0002:00000150       __imp_?customEvent@QObject@@MAEXPAVQCustomEvent@@@Z 00408150     qt-mt323:qt-mt323.dll
 0002:00000154       __imp_?customWhatsThis@QWidget@@UBE_NXZ 00408154     qt-mt323:qt-mt323.dll
 0002:00000158       __imp_?destroy@QWidget@@MAEX_N0@Z 00408158     qt-mt323:qt-mt323.dll
 0002:0000015c       __imp_?disconnectNotify@QObject@@MAEXPBD@Z 0040815c     qt-mt323:qt-mt323.dll
 0002:00000160       __imp_?dragEnterEvent@QWidget@@MAEXPAVQDragEnterEvent@@@Z 00408160     qt-mt323:qt-mt323.dll
 0002:00000164       __imp_?dragLeaveEvent@QWidget@@MAEXPAVQDragLeaveEvent@@@Z 00408164     qt-mt323:qt-mt323.dll
 0002:00000168       __imp_?dragMoveEvent@QWidget@@MAEXPAVQDragMoveEvent@@@Z 00408168     qt-mt323:qt-mt323.dll
 0002:0000016c       __imp_?dropEvent@QWidget@@MAEXPAVQDropEvent@@@Z 0040816c     qt-mt323:qt-mt323.dll
 0002:00000170       __imp_?enabledChange@QWidget@@MAEX_N@Z 00408170     qt-mt323:qt-mt323.dll
 0002:00000174       __imp_?enterEvent@QWidget@@MAEXPAVQEvent@@@Z 00408174     qt-mt323:qt-mt323.dll
 0002:00000178       __imp_?event@QWidget@@MAE_NPAVQEvent@@@Z 00408178     qt-mt323:qt-mt323.dll
 0002:0000017c       __imp_?eventFilter@QObject@@UAE_NPAV1@PAVQEvent@@@Z 0040817c     qt-mt323:qt-mt323.dll
 0002:00000180       __imp_?focusInEvent@QWidget@@MAEXPAVQFocusEvent@@@Z 00408180     qt-mt323:qt-mt323.dll
 0002:00000184       __imp_?focusNextPrevChild@QWidget@@MAE_N_N@Z 00408184     qt-mt323:qt-mt323.dll
 0002:00000188       __imp_?focusOutEvent@QWidget@@MAEXPAVQFocusEvent@@@Z 00408188     qt-mt323:qt-mt323.dll
 0002:0000018c       __imp_?fontChange@QWidget@@MAEXABVQFont@@@Z 0040818c     qt-mt323:qt-mt323.dll
 0002:00000190       __imp_?fontInf@QPaintDevice@@MBEHPAVQFont@@H@Z 00408190     qt-mt323:qt-mt323.dll
 0002:00000194       __imp_?fontMet@QPaintDevice@@MBEHPAVQFont@@HPBDH@Z 00408194     qt-mt323:qt-mt323.dll
 0002:00000198       __imp_?handle@QPaintDevice@@UBEPAUHDC__@@XZ 00408198     qt-mt323:qt-mt323.dll
 0002:0000019c       __imp_?heightForWidth@QWidget@@UBEHH@Z 0040819c     qt-mt323:qt-mt323.dll
 0002:000001a0       __imp_?hide@QWidget@@UAEXXZ 004081a0     qt-mt323:qt-mt323.dll
 0002:000001a4       __imp_?hideEvent@QWidget@@MAEXPAVQHideEvent@@@Z 004081a4     qt-mt323:qt-mt323.dll
 0002:000001a8       __imp_?imComposeEvent@QWidget@@MAEXPAVQIMEvent@@@Z 004081a8     qt-mt323:qt-mt323.dll
 0002:000001ac       __imp_?imEndEvent@QWidget@@MAEXPAVQIMEvent@@@Z 004081ac     qt-mt323:qt-mt323.dll
 0002:000001b0       __imp_?imStartEvent@QWidget@@MAEXPAVQIMEvent@@@Z 004081b0     qt-mt323:qt-mt323.dll
 0002:000001b4       __imp_?insertChild@QObject@@UAEXPAV1@@Z 004081b4     qt-mt323:qt-mt323.dll
 0002:000001b8       __imp_?keyPressEvent@QWidget@@MAEXPAVQKeyEvent@@@Z 004081b8     qt-mt323:qt-mt323.dll
 0002:000001bc       __imp_?keyReleaseEvent@QWidget@@MAEXPAVQKeyEvent@@@Z 004081bc     qt-mt323:qt-mt323.dll
 0002:000001c0       __imp_?leaveEvent@QWidget@@MAEXPAVQEvent@@@Z 004081c0     qt-mt323:qt-mt323.dll
 0002:000001c4       __imp_?metric@QWidget@@MBEHH@Z 004081c4     qt-mt323:qt-mt323.dll
 0002:000001c8       __imp_?minimumSizeHint@QWidget@@UBE?AVQSize@@XZ 004081c8     qt-mt323:qt-mt323.dll
 0002:000001cc       __imp_?mouseDoubleClickEvent@QWidget@@MAEXPAVQMouseEvent@@@Z 004081cc     qt-mt323:qt-mt323.dll
 0002:000001d0       __imp_?mouseMoveEvent@QWidget@@MAEXPAVQMouseEvent@@@Z 004081d0     qt-mt323:qt-mt323.dll
 0002:000001d4       __imp_?mousePressEvent@QWidget@@MAEXPAVQMouseEvent@@@Z 004081d4     qt-mt323:qt-mt323.dll
 0002:000001d8       __imp_?mouseReleaseEvent@QWidget@@MAEXPAVQMouseEvent@@@Z 004081d8     qt-mt323:qt-mt323.dll
 0002:000001dc       __imp_?move@QWidget@@UAEXHH@Z 004081dc     qt-mt323:qt-mt323.dll
 0002:000001e0       __imp_?moveEvent@QWidget@@MAEXPAVQMoveEvent@@@Z 004081e0     qt-mt323:qt-mt323.dll
 0002:000001e4       __imp_?newItem@QPtrCollection@@MAEPAXPAX@Z 004081e4     qt-mt323:qt-mt323.dll
 0002:000001e8       __imp_?paintEvent@QWidget@@MAEXPAVQPaintEvent@@@Z 004081e8     qt-mt323:qt-mt323.dll
 0002:000001ec       __imp_?paletteChange@QWidget@@MAEXABVQPalette@@@Z 004081ec     qt-mt323:qt-mt323.dll
 0002:000001f0       __imp_?polish@QWidget@@UAEXXZ 004081f0     qt-mt323:qt-mt323.dll
 0002:000001f4       __imp_?property@QObject@@UBE?AVQVariant@@PBD@Z 004081f4     qt-mt323:qt-mt323.dll
 0002:000001f8       __imp_?read@QGList@@MAEAAVQDataStream@@AAV2@AAPAX@Z 004081f8     qt-mt323:qt-mt323.dll
 0002:000001fc       __imp_?removeChild@QObject@@UAEXPAV1@@Z 004081fc     qt-mt323:qt-mt323.dll
 0002:00000200       __imp_?reparent@QWidget@@UAEXPAV1@IABVQPoint@@_N@Z 00408200     qt-mt323:qt-mt323.dll
 0002:00000204       __imp_?resize@QWidget@@UAEXHH@Z 00408204     qt-mt323:qt-mt323.dll
 0002:00000208       __imp_?resizeEvent@QWidget@@MAEXPAVQResizeEvent@@@Z 00408208     qt-mt323:qt-mt323.dll
 0002:0000020c       __imp_?resolution@QPaintDevice@@UBEHXZ 0040820c     qt-mt323:qt-mt323.dll
 0002:00000210       __imp_?setAcceptDrops@QWidget@@UAEX_N@Z 00408210     qt-mt323:qt-mt323.dll
 0002:00000214       __imp_?setActiveWindow@QWidget@@UAEXXZ 00408214     qt-mt323:qt-mt323.dll
 0002:00000218       __imp_?setAutoMask@QWidget@@UAEX_N@Z 00408218     qt-mt323:qt-mt323.dll
 0002:0000021c       __imp_?setBackgroundColor@QWidget@@UAEXABVQColor@@@Z 0040821c     qt-mt323:qt-mt323.dll
 0002:00000220       __imp_?setBackgroundMode@QWidget@@UAEXW4BackgroundMode@Qt@@@Z 00408220     qt-mt323:qt-mt323.dll
 0002:00000224       __imp_?setBackgroundOrigin@QWidget@@UAEXW4BackgroundOrigin@1@@Z 00408224     qt-mt323:qt-mt323.dll
 0002:00000228       __imp_?setBackgroundPixmap@QWidget@@UAEXABVQPixmap@@@Z 00408228     qt-mt323:qt-mt323.dll
 0002:0000022c       __imp_?setCaption@QWidget@@UAEXABVQString@@@Z 0040822c     qt-mt323:qt-mt323.dll
 0002:00000230       __imp_?setCursor@QWidget@@UAEXABVQCursor@@@Z 00408230     qt-mt323:qt-mt323.dll
 0002:00000234       __imp_?setEnabled@QWidget@@UAEX_N@Z 00408234     qt-mt323:qt-mt323.dll
 0002:00000238       __imp_?setEraseColor@QWidget@@UAEXABVQColor@@@Z 00408238     qt-mt323:qt-mt323.dll
 0002:0000023c       __imp_?setErasePixmap@QWidget@@UAEXABVQPixmap@@@Z 0040823c     qt-mt323:qt-mt323.dll
 0002:00000240       __imp_?setFocus@QWidget@@UAEXXZ 00408240     qt-mt323:qt-mt323.dll
 0002:00000244       __imp_?setFocusPolicy@QWidget@@UAEXW4FocusPolicy@1@@Z 00408244     qt-mt323:qt-mt323.dll
 0002:00000248       __imp_?setFocusProxy@QWidget@@UAEXPAV1@@Z 00408248     qt-mt323:qt-mt323.dll
 0002:0000024c       __imp_?setFont@QWidget@@UAEXABVQFont@@@Z 0040824c     qt-mt323:qt-mt323.dll
 0002:00000250       __imp_?setGeometry@QWidget@@UAEXABVQRect@@@Z 00408250     qt-mt323:qt-mt323.dll
 0002:00000254       __imp_?setGeometry@QWidget@@UAEXHHHH@Z 00408254     qt-mt323:qt-mt323.dll
 0002:00000258       __imp_?setIconText@QWidget@@UAEXABVQString@@@Z 00408258     qt-mt323:qt-mt323.dll
 0002:0000025c       __imp_?setKeyCompression@QWidget@@MAEX_N@Z 0040825c     qt-mt323:qt-mt323.dll
 0002:00000260       __imp_?setMask@QWidget@@UAEXABVQBitmap@@@Z 00408260     qt-mt323:qt-mt323.dll
 0002:00000264       __imp_?setMask@QWidget@@UAEXABVQRegion@@@Z 00408264     qt-mt323:qt-mt323.dll
 0002:00000268       __imp_?setMaximumSize@QWidget@@UAEXHH@Z 00408268     qt-mt323:qt-mt323.dll
 0002:0000026c       __imp_?setMicroFocusHint@QWidget@@MAEXHHHH_NPAVQFont@@@Z 0040826c     qt-mt323:qt-mt323.dll
 0002:00000270       __imp_?setMinimumSize@QWidget@@UAEXHH@Z 00408270     qt-mt323:qt-mt323.dll
 0002:00000274       __imp_?setMouseTracking@QWidget@@UAEX_N@Z 00408274     qt-mt323:qt-mt323.dll
 0002:00000278       __imp_?closeEvent@QWidget@@MAEXPAVQCloseEvent@@@Z 00408278     qt-mt323:qt-mt323.dll
 0002:0000027c       __imp_?setPalette@QWidget@@UAEXABVQPalette@@@Z 0040827c     qt-mt323:qt-mt323.dll
 0002:00000280       __imp_?setPaletteBackgroundColor@QWidget@@UAEXABVQColor@@@Z 00408280     qt-mt323:qt-mt323.dll
 0002:00000284       __imp_?setPaletteBackgroundPixmap@QWidget@@UAEXABVQPixmap@@@Z 00408284     qt-mt323:qt-mt323.dll
 0002:00000288       __imp_?setProperty@QObject@@UAE_NPBDABVQVariant@@@Z 00408288     qt-mt323:qt-mt323.dll
 0002:0000028c       __imp_?setResolution@QPaintDevice@@UAEXH@Z 0040828c     qt-mt323:qt-mt323.dll
 0002:00000290       __imp_?setSizeIncrement@QWidget@@UAEXHH@Z 00408290     qt-mt323:qt-mt323.dll
 0002:00000294       __imp_?setSizePolicy@QWidget@@UAEXVQSizePolicy@@@Z 00408294     qt-mt323:qt-mt323.dll
 0002:00000298       __imp_?setUpdatesEnabled@QWidget@@UAEX_N@Z 00408298     qt-mt323:qt-mt323.dll
 0002:0000029c       __imp_?setWFlags@QWidget@@MAEXI@Z 0040829c     qt-mt323:qt-mt323.dll
 0002:000002a0       __imp_?setWState@QWidget@@MAEXI@Z 004082a0     qt-mt323:qt-mt323.dll
 0002:000002a4       __imp_?show@QWidget@@UAEXXZ 004082a4     qt-mt323:qt-mt323.dll
 0002:000002a8       __imp_?showEvent@QWidget@@MAEXPAVQShowEvent@@@Z 004082a8     qt-mt323:qt-mt323.dll
 0002:000002ac       __imp_?showMaximized@QWidget@@UAEXXZ 004082ac     qt-mt323:qt-mt323.dll
 0002:000002b0       __imp_?showMinimized@QWidget@@UAEXXZ 004082b0     qt-mt323:qt-mt323.dll
 0002:000002b4       __imp_?showNormal@QWidget@@UAEXXZ 004082b4     qt-mt323:qt-mt323.dll
 0002:000002b8       __imp_?sizeHint@QWidget@@UBE?AVQSize@@XZ 004082b8     qt-mt323:qt-mt323.dll
 0002:000002bc       __imp_?sizePolicy@QWidget@@UBE?AVQSizePolicy@@XZ 004082bc     qt-mt323:qt-mt323.dll
 0002:000002c0       __imp_?styleChange@QWidget@@MAEXAAVQStyle@@@Z 004082c0     qt-mt323:qt-mt323.dll
 0002:000002c4       __imp_?tabletEvent@QWidget@@MAEXPAVQTabletEvent@@@Z 004082c4     qt-mt323:qt-mt323.dll
 0002:000002c8       __imp_?unsetCursor@QWidget@@UAEXXZ 004082c8     qt-mt323:qt-mt323.dll
 0002:000002cc       __imp_?updateMask@QWidget@@MAEXXZ 004082cc     qt-mt323:qt-mt323.dll
 0002:000002d0       __imp_?wheelEvent@QWidget@@MAEXPAVQWheelEvent@@@Z 004082d0     qt-mt323:qt-mt323.dll
 0002:000002d4       __imp_?winEvent@QWidget@@MAE_NPAUtagMSG@@@Z 004082d4     qt-mt323:qt-mt323.dll
 0002:000002d8       __imp_?windowActivationChange@QWidget@@MAEX_N@Z 004082d8     qt-mt323:qt-mt323.dll
 0002:000002dc       __imp_?write@QGList@@MBEAAVQDataStream@@AAV2@PAX@Z 004082dc     qt-mt323:qt-mt323.dll
 0002:000002e0       __imp_?null@QString@@2V1@A 004082e0     qt-mt323:qt-mt323.dll
 0002:000002e4       __imp_?qApp@@3PAVQApplication@@A 004082e4     qt-mt323:qt-mt323.dll
 0002:000002e8       __imp_??YQString@@QAEAAV0@ABV0@@Z 004082e8     qt-mt323:qt-mt323.dll
 0002:000002ec       __imp_??YQString@@QAEAAV0@PBD@Z 004082ec     qt-mt323:qt-mt323.dll
 0002:000002f0       __imp_?setStyle@QApplication@@SAPAVQStyle@@ABVQString@@@Z 004082f0     qt-mt323:qt-mt323.dll
 0002:000002f4       __imp_?setMainWidget@QApplication@@UAEXPAVQWidget@@@Z 004082f4     qt-mt323:qt-mt323.dll
 0002:000002f8       __imp_?exec@QApplication@@QAEHXZ 004082f8     qt-mt323:qt-mt323.dll
 0002:000002fc       __imp_?addLibraryPath@QApplication@@SAXABVQString@@@Z 004082fc     qt-mt323:qt-mt323.dll
 0002:00000300       __imp_??0QDir@@QAE@ABVQString@@0HH@Z 00408300     qt-mt323:qt-mt323.dll
 0002:00000304       __imp_??1QDir@@UAE@XZ      00408304     qt-mt323:qt-mt323.dll
 0002:00000308       __imp_?exists@QDir@@UBE_NXZ 00408308     qt-mt323:qt-mt323.dll
 0002:0000030c       __imp_??0QWidget@@QAE@PAV0@PBDI@Z 0040830c     qt-mt323:qt-mt323.dll
 0002:00000310       __imp_??1QWidget@@UAE@XZ   00408310     qt-mt323:qt-mt323.dll
 0002:00000314       __imp_?resize@QWidget@@QAEXABVQSize@@@Z 00408314     qt-mt323:qt-mt323.dll
 0002:00000318       __imp_?timerEvent@QObject@@MAEXPAVQTimerEvent@@@Z 00408318     qt-mt323:qt-mt323.dll
 0002:0000031c       __imp_?qt_cast@QWidget@@UAEPAXPBD@Z 0040831c     qt-mt323:qt-mt323.dll
 0002:00000320       __imp_?qt_invoke@QWidget@@UAE_NHPAUQUObject@@@Z 00408320     qt-mt323:qt-mt323.dll
 0002:00000324       __imp_?qt_emit@QWidget@@UAE_NHPAUQUObject@@@Z 00408324     qt-mt323:qt-mt323.dll
 0002:00000328       __imp_?contextMenuEvent@QWidget@@MAEXPAVQContextMenuEvent@@@Z 00408328     qt-mt323:qt-mt323.dll
 0002:0000032c       __imp_?staticMetaObject@QWidget@@SAPAVQMetaObject@@XZ 0040832c     qt-mt323:qt-mt323.dll
 0002:00000330       __imp_?new_metaobject@QMetaObject@@SAPAV1@PBDPAV1@QBUQMetaData@@H2HQBVQMetaProperty@@HQBUQMetaEnum@@HQBUQClassInfo@@H@Z 00408330     qt-mt323:qt-mt323.dll
 0002:00000334       __imp_??0QMetaObjectCleanUp@@QAE@PBDP6APAVQMetaObject@@XZ@Z 00408334     qt-mt323:qt-mt323.dll
 0002:00000338       __imp_??1QMetaObjectCleanUp@@QAE@XZ 00408338     qt-mt323:qt-mt323.dll
 0002:0000033c       __imp_?setMetaObject@QMetaObjectCleanUp@@QAEXAAPAVQMetaObject@@@Z 0040833c     qt-mt323:qt-mt323.dll
 0002:00000340       __imp_?static_QUType_ptr@@3UQUType_ptr@@A 00408340     qt-mt323:qt-mt323.dll
 0002:00000344       __imp_?static_QUType_QString@@3UQUType_QString@@A 00408344     qt-mt323:qt-mt323.dll
 0002:00000348       __imp_?raise@QWidget@@QAEXXZ 00408348     qt-mt323:qt-mt323.dll
 0002:0000034c       __imp_??0QApplication@@QAE@AAHPAPADW4Type@0@@Z 0040834c     qt-mt323:qt-mt323.dll
 0002:00000350       __imp_??1QApplication@@UAE@XZ 00408350     qt-mt323:qt-mt323.dll
 0002:00000354       __imp_?commitData@QApplication@@UAEXAAVQSessionManager@@@Z 00408354     qt-mt323:qt-mt323.dll
 0002:00000358       __imp_?event@QApplication@@MAE_NPAVQEvent@@@Z 00408358     qt-mt323:qt-mt323.dll
 0002:0000035c       __imp_?notify@QApplication@@UAE_NPAVQObject@@PAVQEvent@@@Z 0040835c     qt-mt323:qt-mt323.dll
 0002:00000360       __imp_?polish@QApplication@@UAEXPAVQWidget@@@Z 00408360     qt-mt323:qt-mt323.dll
 0002:00000364       __imp_?saveState@QApplication@@UAEXAAVQSessionManager@@@Z 00408364     qt-mt323:qt-mt323.dll
 0002:00000368       __imp_?setName@QObject@@UAEXPBD@Z 00408368     qt-mt323:qt-mt323.dll
 0002:0000036c       __imp_?main_widget@QApplication@@0PAVQWidget@@A 0040836c     qt-mt323:qt-mt323.dll
 0002:00000370       __imp_??1QCString@@UAE@XZ  00408370     qt-mt323:qt-mt323.dll
 0002:00000374       __imp_?local8Bit@QString@@QBE?AVQCString@@XZ 00408374     qt-mt323:qt-mt323.dll
 0002:00000378       __imp_?fromUcs2@QString@@SA?AV1@PBG@Z 00408378     qt-mt323:qt-mt323.dll
 0002:0000037c       __imp_?ucs2@QString@@QBEPBGXZ 0040837c     qt-mt323:qt-mt323.dll
 0002:00000380       __imp_?winEventFilter@QApplication@@UAE_NPAUtagMSG@@@Z 00408380     qt-mt323:qt-mt323.dll
 0002:00000384       __imp_?className@QWidget@@UBEPBDXZ 00408384     qt-mt323:qt-mt323.dll
 0002:00000388       __imp_?metaObject@QWidget@@UBEPAVQMetaObject@@XZ 00408388     qt-mt323:qt-mt323.dll
 0002:0000038c       __imp_?activate_signal@QObject@@IAEXHVQString@@@Z 0040838c     qt-mt323:qt-mt323.dll
 0002:00000390       __imp_?qt_cast@QApplication@@UAEPAXPBD@Z 00408390     qt-mt323:qt-mt323.dll
 0002:00000394       __imp_?qt_invoke@QApplication@@UAE_NHPAUQUObject@@@Z 00408394     qt-mt323:qt-mt323.dll
 0002:00000398       __imp_?qt_emit@QApplication@@UAE_NHPAUQUObject@@@Z 00408398     qt-mt323:qt-mt323.dll
 0002:0000039c       __imp_?qt_property@QApplication@@UAE_NHHPAVQVariant@@@Z 0040839c     qt-mt323:qt-mt323.dll
 0002:000003a0       __imp_?staticMetaObject@QApplication@@SAPAVQMetaObject@@XZ 004083a0     qt-mt323:qt-mt323.dll
 0002:000003a4       __imp_?set@QUType_bool@@QAEXPAUQUObject@@_N@Z 004083a4     qt-mt323:qt-mt323.dll
 0002:000003a8       __imp_?static_QUType_bool@@3UQUType_bool@@A 004083a8     qt-mt323:qt-mt323.dll
 0002:000003ac       __imp_?static_QUType_int@@3UQUType_int@@A 004083ac     qt-mt323:qt-mt323.dll
 0002:000003b0       __imp_?close@QWidget@@UAE_N_N@Z 004083b0     qt-mt323:qt-mt323.dll
 0002:000003b4       __imp_?childEvent@QObject@@MAEXPAVQChildEvent@@@Z 004083b4     qt-mt323:qt-mt323.dll
 0002:000003b8       __imp_?checkConnectArgs@QObject@@MAE_NPBDPBV1@0@Z 004083b8     qt-mt323:qt-mt323.dll
 0002:000003bc       __imp_?adjustSize@QWidget@@UAEXXZ 004083bc     qt-mt323:qt-mt323.dll
 0002:000003c0       __imp_??1QPixmap@@UAE@XZ   004083c0     qt-mt323:qt-mt323.dll
 0002:000003c4       __imp_??0QPixmap@@QAE@QAPBD@Z 004083c4     qt-mt323:qt-mt323.dll
 0002:000003c8       __imp_?start@QProcess@@UAE_NPAVQStringList@@@Z 004083c8     qt-mt323:qt-mt323.dll
 0002:000003cc       __imp_?addArgument@QProcess@@UAEXABVQString@@@Z 004083cc     qt-mt323:qt-mt323.dll
 0002:000003d0       __imp_??1QProcess@@UAE@XZ  004083d0     qt-mt323:qt-mt323.dll
 0002:000003d4       __imp_??0QProcess@@QAE@PAVQObject@@PBD@Z 004083d4     qt-mt323:qt-mt323.dll
 0002:000003d8       __imp_?critical@QMessageBox@@SAHPAVQWidget@@ABVQString@@1111HH@Z 004083d8     qt-mt323:qt-mt323.dll
 0002:000003dc       __imp_?isFile@QFileInfo@@QBE_NXZ 004083dc     qt-mt323:qt-mt323.dll
 0002:000003e0       __imp_?dirPath@QFileInfo@@QBE?AVQString@@_N@Z 004083e0     qt-mt323:qt-mt323.dll
 0002:000003e4       __imp_?baseName@QFileInfo@@QBE?AVQString@@_N@Z 004083e4     qt-mt323:qt-mt323.dll
 0002:000003e8       __imp_?exists@QFileInfo@@QBE_NXZ 004083e8     qt-mt323:qt-mt323.dll
 0002:000003ec       __imp_??1QFileInfo@@QAE@XZ 004083ec     qt-mt323:qt-mt323.dll
 0002:000003f0       __imp_??0QFileInfo@@QAE@ABVQString@@@Z 004083f0     qt-mt323:qt-mt323.dll
 0002:000003f4       __imp_?close@QWidget@@QAE_NXZ 004083f4     qt-mt323:qt-mt323.dll
 0002:000003f8       __imp_?update@QWidget@@QAEXXZ 004083f8     qt-mt323:qt-mt323.dll
 0002:000003fc       __imp_?setIcon@QWidget@@UAEXABVQPixmap@@@Z 004083fc     qt-mt323:qt-mt323.dll
 0002:00000400       __imp_?y@QWidget@@QBEHXZ   00408400     qt-mt323:qt-mt323.dll
 0002:00000404       __imp_?x@QWidget@@QBEHXZ   00408404     qt-mt323:qt-mt323.dll
 0002:00000408       __imp_?connect@QObject@@SA_NPBV1@PBD01@Z 00408408     qt-mt323:qt-mt323.dll
 0002:0000040c       __imp_?killTimer@QObject@@QAEXH@Z 0040840c     qt-mt323:qt-mt323.dll
 0002:00000410       __imp_?startTimer@QObject@@QAEHH@Z 00408410     qt-mt323:qt-mt323.dll
 0002:00000414       __imp_??1QStringList@@QAE@XZ 00408414     qt-mt323:qt-mt323.dll
 0002:00000418       __imp_?split@QStringList@@SA?AV1@ABVQString@@0_N@Z 00408418     qt-mt323:qt-mt323.dll
 0002:0000041c       __imp_??ZQGListIterator@@IAEPAXI@Z 0040841c     qt-mt323:qt-mt323.dll
 0002:00000420       __imp_??FQGListIterator@@IAEPAXXZ 00408420     qt-mt323:qt-mt323.dll
 0002:00000424       __imp_??YQGListIterator@@IAEPAXI@Z 00408424     qt-mt323:qt-mt323.dll
 0002:00000428       __imp_??EQGListIterator@@IAEPAXXZ 00408428     qt-mt323:qt-mt323.dll
 0002:0000042c       __imp_??RQGListIterator@@IAEPAXXZ 0040842c     qt-mt323:qt-mt323.dll
 0002:00000430       __imp_?toLast@QGListIterator@@IAEPAXXZ 00408430     qt-mt323:qt-mt323.dll
 0002:00000434       __imp_?toFirst@QGListIterator@@IAEPAXXZ 00408434     qt-mt323:qt-mt323.dll
 0002:00000438       __imp_??1QGListIterator@@IAE@XZ 00408438     qt-mt323:qt-mt323.dll
 0002:0000043c       __imp_??4QGListIterator@@IAEAAV0@ABV0@@Z 0040843c     qt-mt323:qt-mt323.dll
 0002:00000440       __imp_??0QGListIterator@@IAE@ABV0@@Z 00408440     qt-mt323:qt-mt323.dll
 0002:00000444       __imp_??0QGListIterator@@IAE@ABVQGList@@@Z 00408444     qt-mt323:qt-mt323.dll
 0002:00000448       __imp_?locate@QGList@@AAEPAVQLNode@@I@Z 00408448     qt-mt323:qt-mt323.dll
 0002:0000044c       __imp_?erase@QGList@@IAEPAVQLNode@@PAV2@@Z 0040844c     qt-mt323:qt-mt323.dll
 0002:00000450       __imp_?toVector@QGList@@IBEXPAVQGVector@@@Z 00408450     qt-mt323:qt-mt323.dll
 0002:00000454       __imp_?prev@QGList@@IAEPAXXZ 00408454     qt-mt323:qt-mt323.dll
 0002:00000458       __imp_?next@QGList@@IAEPAXXZ 00408458     qt-mt323:qt-mt323.dll
 0002:0000045c       __imp_?last@QGList@@IAEPAXXZ 0040845c     qt-mt323:qt-mt323.dll
 0002:00000460       __imp_?first@QGList@@IAEPAXXZ 00408460     qt-mt323:qt-mt323.dll
 0002:00000464       __imp_?contains@QGList@@IBEIPAX@Z 00408464     qt-mt323:qt-mt323.dll
 0002:00000468       __imp_?containsRef@QGList@@IBEIPAX@Z 00408468     qt-mt323:qt-mt323.dll
 0002:0000046c       __imp_?find@QGList@@IAEHPAX_N@Z 0040846c     qt-mt323:qt-mt323.dll
 0002:00000470       __imp_?findRef@QGList@@IAEHPAX_N@Z 00408470     qt-mt323:qt-mt323.dll
 0002:00000474       __imp_?clear@QGList@@MAEXXZ 00408474     qt-mt323:qt-mt323.dll
 0002:00000478       __imp_?sort@QGList@@IAEXXZ 00408478     qt-mt323:qt-mt323.dll
 0002:0000047c       __imp_?takeAt@QGList@@IAEPAXI@Z 0040847c     qt-mt323:qt-mt323.dll
 0002:00000480       __imp_?take@QGList@@IAEPAXXZ 00408480     qt-mt323:qt-mt323.dll
 0002:00000484       __imp_?takeNode@QGList@@IAEPAXPAVQLNode@@@Z 00408484     qt-mt323:qt-mt323.dll
 0002:00000488       __imp_?replaceAt@QGList@@IAE_NIPAX@Z 00408488     qt-mt323:qt-mt323.dll
 0002:0000048c       __imp_?removeAt@QGList@@IAE_NI@Z 0040848c     qt-mt323:qt-mt323.dll
 0002:00000490       __imp_?removeRef@QGList@@IAE_NPAX@Z 00408490     qt-mt323:qt-mt323.dll
 0002:00000494       __imp_?remove@QGList@@IAE_NPAX@Z 00408494     qt-mt323:qt-mt323.dll
 0002:00000498       __imp_?removeNode@QGList@@IAE_NPAVQLNode@@@Z 00408498     qt-mt323:qt-mt323.dll
 0002:0000049c       __imp_?insertAt@QGList@@IAE_NIPAX@Z 0040849c     qt-mt323:qt-mt323.dll
 0002:000004a0       __imp_?append@QGList@@IAEXPAX@Z 004084a0     qt-mt323:qt-mt323.dll
 0002:000004a4       __imp_?inSort@QGList@@IAEXPAX@Z 004084a4     qt-mt323:qt-mt323.dll
 0002:000004a8       __imp_??8QGList@@IBE_NABV0@@Z 004084a8     qt-mt323:qt-mt323.dll
 0002:000004ac       __imp_??4QGList@@IAEAAV0@ABV0@@Z 004084ac     qt-mt323:qt-mt323.dll
 0002:000004b0       __imp_??1QGList@@MAE@XZ    004084b0     qt-mt323:qt-mt323.dll
 0002:000004b4       __imp_??0QGList@@IAE@ABV0@@Z 004084b4     qt-mt323:qt-mt323.dll
 0002:000004b8       __imp_??0QGList@@IAE@XZ    004084b8     qt-mt323:qt-mt323.dll
 0002:000004bc       __imp_??A?$QValueList@VQString@@@@QAEAAVQString@@I@Z 004084bc     qt-mt323:qt-mt323.dll
 0002:000004c0       __imp_??H@YA?BVQString@@PBDABV0@@Z 004084c0     qt-mt323:qt-mt323.dll
 0002:000004c4       __imp_??H@YA?BVQString@@ABV0@PBD@Z 004084c4     qt-mt323:qt-mt323.dll
 0002:000004c8       __imp_??8@YA_NABVQString@@PBD@Z 004084c8     qt-mt323:qt-mt323.dll
 0002:000004cc       __imp_?startsWith@QString@@QBE_NABV1@@Z 004084cc     qt-mt323:qt-mt323.dll
 0002:000004d0       __imp_?latin1@QString@@QBEPBDXZ 004084d0     qt-mt323:qt-mt323.dll
 0002:000004d4       __imp_?ascii@QString@@QBEPBDXZ 004084d4     qt-mt323:qt-mt323.dll
 0002:000004d8       __imp_?toInt@QString@@QBEHPA_NH@Z 004084d8     qt-mt323:qt-mt323.dll
 0002:000004dc       __imp_?upper@QString@@QBE?AV1@XZ 004084dc     qt-mt323:qt-mt323.dll
 0002:000004e0       __imp_?rightJustify@QString@@QBE?AV1@IVQChar@@_N@Z 004084e0     qt-mt323:qt-mt323.dll
 0002:000004e4       __imp_?leftJustify@QString@@QBE?AV1@IVQChar@@_N@Z 004084e4     qt-mt323:qt-mt323.dll
 0002:000004e8       __imp_?arg@QString@@QBE?AV1@ABV1@H@Z 004084e8     qt-mt323:qt-mt323.dll
 0002:000004ec       __imp_?arg@QString@@QBE?AV1@HHH@Z 004084ec     qt-mt323:qt-mt323.dll
 0002:000004f0       __imp_??4QString@@QAEAAV0@ABV0@@Z 004084f0     qt-mt323:qt-mt323.dll
 0002:000004f4       __imp_??1QString@@QAE@XZ   004084f4     qt-mt323:qt-mt323.dll
 0002:000004f8       __imp_??0QString@@QAE@PBD@Z 004084f8     qt-mt323:qt-mt323.dll
 0002:000004fc       __imp_??0QString@@QAE@ABV0@@Z 004084fc     qt-mt323:qt-mt323.dll
 0002:00000500       __imp_??0QString@@QAE@XZ   00408500     qt-mt323:qt-mt323.dll
 0002:00000504       __imp_?qDebug@@YAXPBDZZ    00408504     qt-mt323:qt-mt323.dll
 0002:00000508       __imp_?connectNotify@QObject@@MAEXPBD@Z 00408508     qt-mt323:qt-mt323.dll
 0002:0000050c       __imp_?compareItems@QGList@@MAEHPAX0@Z 0040850c     qt-mt323:qt-mt323.dll
 0002:00000510       __imp_?qt_property@QWidget@@UAE_NHHPAVQVariant@@@Z 00408510     qt-mt323:qt-mt323.dll
 0002:00000514       __imp_?cmd@QPaintDevice@@MAE_NHPAVQPainter@@PATQPDevCmdParam@@@Z 00408514     qt-mt323:qt-mt323.dll
 0002:00000518       __imp_?setName@QWidget@@UAEXPBD@Z 00408518     qt-mt323:qt-mt323.dll
 0002:0000051c       __imp_?deleteData@QGArray@@MAEXPAUarray_data@1@@Z 0040851c     qt-mt323:qt-mt323.dll
 0002:00000520       __imp_?newData@QGArray@@MAEPAUarray_data@1@XZ 00408520     qt-mt323:qt-mt323.dll
 0002:00000524       __imp_??1QGArray@@MAE@XZ   00408524     qt-mt323:qt-mt323.dll
 0002:00000528       __imp_?qWinMain@@YAXPAUHINSTANCE__@@0PADHAAHAAV?$QMemArray@PAD@@@Z 00408528     qt-mt323:qt-mt323.dll
 0002:0000052c       __imp_??0QGArray@@IAE@H@Z  0040852c     qt-mt323:qt-mt323.dll
 0002:00000530       __imp_?duplicate@QGArray@@IAEAAV1@ABV1@@Z 00408530     qt-mt323:qt-mt323.dll
 0002:00000534       \177qt-mt323_NULL_THUNK_DATA 00408534     qt-mt323:qt-mt323.dll
 0002:00000538       ___xc_a                    00408538     MSVCRT:cinitexe.obj
 0002:00000558       ___xc_z                    00408558     MSVCRT:cinitexe.obj
 0002:0000055c       ___xi_a                    0040855c     MSVCRT:cinitexe.obj
 0002:0000056c       ___xi_z                    0040856c     MSVCRT:cinitexe.obj
 0002:00000570       ??_C@_0N@DFFNFDON@32?532?5126?52?5?$AA@ 00408570     bncs_clientmainwindowimpl.obj
 0002:00000580       ??_C@_0N@PKEHNDKL@?5?5?5c?5?$CD6C006C?$AA@ 00408580     bncs_clientmainwindowimpl.obj
 0002:00000590       ??_C@_0N@GAFGBKHE@?4?5?5c?5?$CD7A017A?$AA@ 00408590     bncs_clientmainwindowimpl.obj
 0002:000005a0       ??_C@_0N@OOIFJOKD@X?5?5c?5?$CD7E0A7E?$AA@ 004085a0     bncs_clientmainwindowimpl.obj
 0002:000005b0       ??_C@_0N@GPGJNNJF@o?5?5c?5?$CD7F117F?$AA@ 004085b0     bncs_clientmainwindowimpl.obj
 0002:000005c0       ??_C@_0N@KNHIPOKA@O?5?5c?5?$CD830083?$AA@ 004085c0     bncs_clientmainwindowimpl.obj
 0002:000005d0       ??_C@_0N@PIJBLKCK@?$CL?5?5c?5?$CD810D81?$AA@ 004085d0     bncs_clientmainwindowimpl.obj
 0002:000005e0       ??_C@_0N@MEOONKCD@?$EA?5?5c?5?$CD8B018B?$AA@ 004085e0     bncs_clientmainwindowimpl.obj
 0002:000005f0       ??_C@_0N@BGOEBLFL@?$CD?5?5c?5?$CD831383?$AA@ 004085f0     bncs_clientmainwindowimpl.obj
 0002:00000600       ??_C@_0N@FCOMBLOA@$?5?5c?5?$CD841C84?$AA@ 00408600     bncs_clientmainwindowimpl.obj
 0002:00000610       ??_C@_0N@OMLBCKHH@?$CF?5?5c?5?$CD881B88?$AA@ 00408610     bncs_clientmainwindowimpl.obj
 0002:00000620       ??_C@_0N@NOIODKCG@?$CG?5?5c?5?$CD920492?$AA@ 00408620     bncs_clientmainwindowimpl.obj
 0002:00000630       ??_C@_0N@IKGDDIAG@?$CK?5?5c?5?$CD940B94?$AA@ 00408630     bncs_clientmainwindowimpl.obj
 0002:00000640       ??_C@_0N@GPNLNGJJ@?$DN?5?5c?5?$CD9A0D9A?$AA@ 00408640     bncs_clientmainwindowimpl.obj
 0002:00000650       ??_C@_0N@NHBGGFDK@?9?5?5c?5?$CD9C129C?$AA@ 00408650     bncs_clientmainwindowimpl.obj
 0002:00000660       ??_C@_0N@EALNJDCO@?$DL?5?5c?5?$CD872387?$AA@ 00408660     bncs_clientmainwindowimpl.obj
 0002:00000670       ??_C@_0N@JFLGDND@?3?5?5c?5?$CD8B248B?$AA@ 00408670     bncs_clientmainwindowimpl.obj
 0002:00000680       ??_C@_0N@DPAKJBGA@?$DO?5?5c?5?$CD8B2C8B?$AA@ 00408680     bncs_clientmainwindowimpl.obj
 0002:00000690       ??_C@_0N@PKEPOLKK@?0?5?5c?5?$CD8F328F?$AA@ 00408690     bncs_clientmainwindowimpl.obj
 0002:000006a0       ??_C@_0N@BLLMJFHD@?$DM?5?5c?5?$CD902B90?$AA@ 004086a0     bncs_clientmainwindowimpl.obj
 0002:000006b0       ??_C@_0N@FAFKOAHE@1?5?5c?5?$CD923492?$AA@ 004086b0     bncs_clientmainwindowimpl.obj
 0002:000006c0       ??_C@_0N@JLHLFAAE@2?5?5c?5?$CD943C94?$AA@ 004086c0     bncs_clientmainwindowimpl.obj
 0002:000006d0       ??_C@_0N@NFCNEJBP@3?5?5c?5?$CD9B3F9B?$AA@ 004086d0     bncs_clientmainwindowimpl.obj
 0002:000006e0       ??_C@_0N@MKJOINMM@4?5?5c?5?$CDA316A3?$AA@ 004086e0     bncs_clientmainwindowimpl.obj
 0002:000006f0       ??_C@_0N@KBBBMFPN@5?5?5c?5?$CDA41BA4?$AA@ 004086f0     bncs_clientmainwindowimpl.obj
 0002:00000700       ??_C@_0N@DABHOHCO@6?5?5c?5?$CDAA1DAA?$AA@ 00408700     bncs_clientmainwindowimpl.obj
 0002:00000710       ??_C@_0N@HBCIEBE@7?5?5c?5?$CDBA00BA?$AA@ 00408710     bncs_clientmainwindowimpl.obj
 0002:00000720       ??_C@_0N@FGADGMJN@8?5?5c?5?$CDAD23AD?$AA@ 00408720     bncs_clientmainwindowimpl.obj
 0002:00000730       ??_C@_0N@EPKFKCBC@9?5?5c?5?$CDB42BB4?$AA@ 00408730     bncs_clientmainwindowimpl.obj
 0002:00000740       ??_C@_0N@HJLMKCAM@0?5?5c?5?$CDB92CB9?$AA@ 00408740     bncs_clientmainwindowimpl.obj
 0002:00000750       ??_C@_0N@OCNGDODB@q?5?5c?5?$CDBB33BB?$AA@ 00408750     bncs_clientmainwindowimpl.obj
 0002:00000760       ??_C@_0N@HLEIOHAP@w?5?5c?5?$CDBE3CBE?$AA@ 00408760     bncs_clientmainwindowimpl.obj
 0002:00000770       ??_C@_0N@JNFOHEFE@e?5?5c?5?$CD884888?$AA@ 00408770     bncs_clientmainwindowimpl.obj
 0002:00000780       ??_C@_0N@NMPGLJJO@r?5?5c?5?$CD8D548D?$AA@ 00408780     bncs_clientmainwindowimpl.obj
 0002:00000790       ??_C@_0N@OAAAOMHN@t?5?5c?5?$CD974097?$AA@ 00408790     bncs_clientmainwindowimpl.obj
 0002:000007a0       ??_C@_0N@CBOJAKJF@y?5?5c?5?$CD9B449B?$AA@ 004087a0     bncs_clientmainwindowimpl.obj
 0002:000007b0       ??_C@_0N@BPPPINDE@u?5?5c?5?$CD9E4C9E?$AA@ 004087b0     bncs_clientmainwindowimpl.obj
 0002:000007c0       ??_C@_0N@IGMMCFHH@i?5?5c?5?$CD8D6B8D?$AA@ 004087c0     bncs_clientmainwindowimpl.obj
 0002:000007d0       ??_C@_0N@GIFNFNFD@p?5?5c?5?$CD987C98?$AA@ 004087d0     bncs_clientmainwindowimpl.obj
 0002:000007e0       ??_C@_0N@HNOECGEC@a?5?5c?5?$CDA34FA3?$AA@ 004087e0     bncs_clientmainwindowimpl.obj
 0002:000007f0       ??_C@_0N@DKHPPFEN@s?5?5c?5?$CDAE4CAE?$AA@ 004087f0     bncs_clientmainwindowimpl.obj
 0002:00000800       ??_C@_0N@JMJNNEPG@d?5?5c?5?$CDA354A3?$AA@ 00408800     bncs_clientmainwindowimpl.obj
 0002:00000810       ??_C@_0N@ENGIBJOP@f?5?5c?5?$CDA75BA7?$AA@ 00408810     bncs_clientmainwindowimpl.obj
 0002:00000820       ??_C@_0N@BBBMNDEI@g?5?5c?5?$CDA95DA9?$AA@ 00408820     bncs_clientmainwindowimpl.obj
 0002:00000830       ??_C@_0N@PJLBJBLK@h?5?5c?5?$CDB04AB0?$AA@ 00408830     bncs_clientmainwindowimpl.obj
 0002:00000840       ??_C@_0N@OPDOBHLL@j?5?5c?5?$CDAD65AD?$AA@ 00408840     bncs_clientmainwindowimpl.obj
 0002:00000850       ??_C@_0N@LPDMNFGK@k?5?5c?5?$CDAF68AF?$AA@ 00408850     bncs_clientmainwindowimpl.obj
[...]
 0002:0000248c       _GS_ExceptionPointers      0040a48c     MSVCRT:gs_report.obj
 0002:00002b00       __catchsym$?_Copy@?$basic_string@DU?$char_traits@D@std@@V?$allocator@D@2@@std@@QAEXII@Z$5 0040ab00     bncs_clientmainwindowimpl.obj
 0002:00002b10       __catchsym$?_Copy@?$basic_string@DU?$char_traits@D@std@@V?$allocator@D@2@@std@@QAEXII@Z$4 0040ab10     bncs_clientmainwindowimpl.obj
 0002:00002b20       __unwindtable$?_Copy@?$basic_string@DU?$char_traits@D@std@@V?$allocator@D@2@@std@@QAEXII@Z 0040ab20     bncs_clientmainwindowimpl.obj
 0002:00002b40       __ehfuncinfo$?_Copy@?$basic_string@DU?$char_traits@D@std@@V?$allocator@D@2@@std@@QAEXII@Z 0040ab40     bncs_clientmainwindowimpl.obj
 0002:00002b64       __tryblocktable$?_Copy@?$basic_string@DU?$char_traits@D@std@@V?$allocator@D@2@@std@@QAEXII@Z 0040ab64     bncs_clientmainwindowimpl.obj
 0002:00002b8c       __unwindtable$??0bncs_clientMainWindowImpl@@QAE@PAVQWidget@@PBDI@Z 0040ab8c     bncs_clientmainwindowimpl.obj
 0002:00002b9c       __ehfuncinfo$??0bncs_clientMainWindowImpl@@QAE@PAVQWidget@@PBDI@Z 0040ab9c     bncs_clientmainwindowimpl.obj
 0002:00002bc0       __ehfuncinfo$?notifyIn@bncs_clientMainWindowImpl@@QAEXAAVQString@@@Z 0040abc0     bncs_clientmainwindowimpl.obj
 0002:00002be4       __unwindtable$?notifyIn@bncs_clientMainWindowImpl@@QAEXAAVQString@@@Z 0040abe4     bncs_clientmainwindowimpl.obj
 0002:00002cf4       __unwindtable$?singletonMessageReceived@bncs_clientMainWindowImpl@@QAEXABVQString@@@Z 0040acf4     bncs_clientmainwindowimpl.obj
 0002:00002cfc       __ehfuncinfo$?singletonMessageReceived@bncs_clientMainWindowImpl@@QAEXABVQString@@@Z 0040acfc     bncs_clientmainwindowimpl.obj
 0002:00002d20       __ehfuncinfo$?timerEvent@bncs_clientMainWindowImpl@@UAEXPAVQTimerEvent@@@Z 0040ad20     bncs_clientmainwindowimpl.obj
 0002:00002d44       __unwindtable$?timerEvent@bncs_clientMainWindowImpl@@UAEXPAVQTimerEvent@@@Z 0040ad44     bncs_clientmainwindowimpl.obj
 0002:00002ee4       __ehfuncinfo$??0signalConnection@@QAE@ABVQString@@0000@Z 0040aee4     bncs_clientmainwindowimpl.obj
 0002:00002f08       __unwindtable$??0signalConnection@@QAE@ABVQString@@0000@Z 0040af08     bncs_clientmainwindowimpl.obj
 0002:00002f30       __unwindtable$??1signalConnection@@QAE@XZ 0040af30     bncs_clientmainwindowimpl.obj
 0002:00002f50       __ehfuncinfo$??1signalConnection@@QAE@XZ 0040af50     bncs_clientmainwindowimpl.obj
 0002:00002f74       __unwindtable$??0signalConnection@@QAE@ABV0@@Z 0040af74     bncs_clientmainwindowimpl.obj
 0002:00002f94       __ehfuncinfo$??0signalConnection@@QAE@ABV0@@Z 0040af94     bncs_clientmainwindowimpl.obj
 0002:00002fb8       __unwindtable$??1?$QPtrList@VsignalConnection@@@@UAE@XZ 0040afb8     bncs_clientmainwindowimpl.obj
 0002:00002fc0       __ehfuncinfo$??1?$QPtrList@VsignalConnection@@@@UAE@XZ 0040afc0     bncs_clientmainwindowimpl.obj
 0002:00002fe4       __unwindtable$?deleteItem@?$QPtrList@VsignalConnection@@@@EAEXPAX@Z 0040afe4     bncs_clientmainwindowimpl.obj
 0002:00003004       __ehfuncinfo$?deleteItem@?$QPtrList@VsignalConnection@@@@EAEXPAX@Z 0040b004     bncs_clientmainwindowimpl.obj
 0002:00003028       __unwindtable$??_E?$QPtrList@VsignalConnection@@@@UAEPAXI@Z 0040b028     bncs_clientmainwindowimpl.obj
 0002:00003030       __ehfuncinfo$??_E?$QPtrList@VsignalConnection@@@@UAEPAXI@Z 0040b030     bncs_clientmainwindowimpl.obj
 0002:00003054       __unwindtable$??1signalConnectionRefList@@UAE@XZ 0040b054     bncs_clientmainwindowimpl.obj
 0002:00003064       __ehfuncinfo$??1signalConnectionRefList@@UAE@XZ 0040b064     bncs_clientmainwindowimpl.obj
 0002:00003088       __unwindtable$??_EsignalConnectionRefList@@UAEPAXI@Z 0040b088     bncs_clientmainwindowimpl.obj
 0002:00003098       __ehfuncinfo$??_EsignalConnectionRefList@@UAEPAXI@Z 0040b098     bncs_clientmainwindowimpl.obj
 0002:000030bc       __unwindtable$?path@global@@SA?AVQString@@XZ 0040b0bc     bncs_clientmainwindowimpl.obj
 0002:000030d4       __ehfuncinfo$?path@global@@SA?AVQString@@XZ 0040b0d4     bncs_clientmainwindowimpl.obj
 0002:000030f8       __unwindtable$?getString@ccConfig@@SA?AV?$basic_string@DU?$char_traits@D@std@@V?$allocator@D@2@@std@@ABV23@000_N@Z 0040b0f8     ccConfig.obj
 0002:00003118       __ehfuncinfo$?getString@ccConfig@@SA?AV?$basic_string@DU?$char_traits@D@std@@V?$allocator@D@2@@std@@ABV23@000_N@Z 0040b118     ccConfig.obj
 0002:0000313c       __unwindtable$?getInt@ccConfig@@SAHABV?$basic_string@DU?$char_traits@D@std@@V?$allocator@D@2@@std@@00H_N@Z 0040b13c     ccConfig.obj
 0002:0000314c       __ehfuncinfo$?getInt@ccConfig@@SAHABV?$basic_string@DU?$char_traits@D@std@@V?$allocator@D@2@@std@@00H_N@Z 0040b14c     ccConfig.obj
 0002:00003170       __unwindtable$?getDevPath@ccConfig@@SA?AV?$basic_string@DU?$char_traits@D@std@@V?$allocator@D@2@@std@@XZ 0040b170     ccConfig.obj
 0002:00003188       __ehfuncinfo$?getDevPath@ccConfig@@SA?AV?$basic_string@DU?$char_traits@D@std@@V?$allocator@D@2@@std@@XZ 0040b188     ccConfig.obj
 0002:000031ac       __ehfuncinfo$?workstation@ccConfig@@SAHXZ 0040b1ac     ccConfig.obj
 0002:000031d0       __unwindtable$?workstation@ccConfig@@SAHXZ 0040b1d0     ccConfig.obj
 0002:00003218       __unwindtable$??$?HDU?$char_traits@D@std@@V?$allocator@D@1@@std@@YA?AV?$basic_string@DU?$char_traits@D@std@@V?$allocator@D@2@@0@ABV10@PBD@Z 0040b218     ccConfig.obj
 0002:00003220       __ehfuncinfo$??$?HDU?$char_traits@D@std@@V?$allocator@D@1@@std@@YA?AV?$basic_string@DU?$char_traits@D@std@@V?$allocator@D@2@@0@ABV10@PBD@Z 0040b220     ccConfig.obj
 0002:00003244       __ehfuncinfo$_main         0040b244     main.obj
 0002:00003268       __unwindtable$_main        0040b268     main.obj
 0002:00003400       __unwindtable$??0bncs_clientMainWindow@@QAE@PAVQWidget@@PBDI@Z 0040b400     bncs_clientmainwindow.obj
 0002:00003408       __ehfuncinfo$??0bncs_clientMainWindow@@QAE@PAVQWidget@@PBDI@Z 0040b408     bncs_clientmainwindow.obj
 0002:0000342c       __unwindtable$??0QtSingleApplication@@QAE@ABVQString@@AAHPAPADW4Type@QApplication@@@Z 0040b42c     qtsingleapplication:qtsingleapplication.obj
 0002:0000343c       __ehfuncinfo$??0QtSingleApplication@@QAE@ABVQString@@AAHPAPADW4Type@QApplication@@@Z 0040b43c     qtsingleapplication:qtsingleapplication.obj
 0002:00003460       __unwindtable$??1QtSingleApplication@@UAE@XZ 0040b460     qtsingleapplication:qtsingleapplication.obj
 0002:00003468       __ehfuncinfo$??1QtSingleApplication@@UAE@XZ 0040b468     qtsingleapplication:qtsingleapplication.obj
 0002:0000348c       __unwindtable$?initialize@QtSingleApplication@@QAEX_N@Z 0040b48c     qtsingleapplication:qtsingleapplication_win.obj
 0002:0000349c       __ehfuncinfo$?initialize@QtSingleApplication@@QAEX_N@Z 0040b49c     qtsingleapplication:qtsingleapplication_win.obj
 0002:000034c0       __unwindtable$?winEventFilter@QtSingleApplication@@MAE_NPAUtagMSG@@@Z 0040b4c0     qtsingleapplication:qtsingleapplication_win.obj
 0002:000034c8       __ehfuncinfo$?winEventFilter@QtSingleApplication@@MAE_NPAUtagMSG@@@Z 0040b4c8     qtsingleapplication:qtsingleapplication_win.obj
 0002:000034ec       __unwindtable$?sendMessage@QtSingleApplication@@QAE_NABVQString@@H@Z 0040b4ec     qtsingleapplication:qtsingleapplication_win.obj
 0002:000034f4       __ehfuncinfo$?sendMessage@QtSingleApplication@@QAE_NABVQString@@H@Z 0040b4f4     qtsingleapplication:qtsingleapplication_win.obj
 0002:00003518       __unwindtable$?messageReceived@QtSingleApplication@@IAEXABVQString@@@Z 0040b518     qtsingleapplication:moc_qtsingleapplication.obj
 0002:00003520       __ehfuncinfo$?messageReceived@QtSingleApplication@@IAEXABVQString@@@Z 0040b520     qtsingleapplication:moc_qtsingleapplication.obj
 0002:00003548       __sehtable$??_M@YGXPAXIHP6EX0@Z@Z 0040b548     MSVCRT:ehvecdtr.obj
 0002:00003568       __sehtable$?__ArrayUnwind@@YGXPAXIHP6EX0@Z@Z 0040b568     MSVCRT:ehvecdtr.obj
 0002:00003588       __sehtable$__onexit        0040b588     MSVCRT:atonexit.obj
 0002:000035a8       __sehtable$___tmainCRTStartup 0040b5a8     MSVCRT:crtexew.obj
 0002:000035c8       __sehtable$__IsNonwritableInCurrentImage 0040b5c8     MSVCRT:pesect.obj
 0002:000035f0       .edata                     0040b5f0     bncs_v45_host.exp
 0002:00003618       rgpv                       0040b618     bncs_v45_host.exp
 0002:00003760       rgszName                   0040b760     bncs_v45_host.exp
 0002:000038a8       rgwOrd                     0040b8a8     bncs_v45_host.exp
 0002:0000394c       szName                     0040b94c     bncs_v45_host.exp
 0002:0000395e       $N00001                    0040b95e     bncs_v45_host.exp
 0002:0000398d       $N00002                    0040b98d     bncs_v45_host.exp
 0002:000039b7       $N00003                    0040b9b7     bncs_v45_host.exp
 0002:000039ee       $N00004                    0040b9ee     bncs_v45_host.exp
 0002:00003a43       $N00005                    0040ba43     bncs_v45_host.exp
 0002:00003a64       $N00006                    0040ba64     bncs_v45_host.exp
 0002:00003a90       $N00007                    0040ba90     bncs_v45_host.exp
 0002:00003ab8       $N00008                    0040bab8     bncs_v45_host.exp
 0002:00003adb       $N00009                    0040badb     bncs_v45_host.exp
 0002:00003b05       $N00010                    0040bb05     bncs_v45_host.exp
 0002:00003b46       $N00011                    0040bb46     bncs_v45_host.exp
 0002:00003b70       $N00012                    0040bb70     bncs_v45_host.exp
 0002:00003ba2       $N00013                    0040bba2     bncs_v45_host.exp
 0002:00003bbe       $N00014                    0040bbbe     bncs_v45_host.exp
 0002:00003be1       $N00015                    0040bbe1     bncs_v45_host.exp
 0002:00003c06       $N00016                    0040bc06     bncs_v45_host.exp
 0002:00003c39       $N00017                    0040bc39     bncs_v45_host.exp
 0002:00003c74       $N00018                    0040bc74     bncs_v45_host.exp
 0002:00003c99       $N00019                    0040bc99     bncs_v45_host.exp
 0002:00003cc5       $N00020                    0040bcc5     bncs_v45_host.exp
 0002:00003cf3       $N00021                    0040bcf3     bncs_v45_host.exp
 0002:00003d23       $N00022                    0040bd23     bncs_v45_host.exp
 0002:00003d53       $N00023                    0040bd53     bncs_v45_host.exp
 0002:00003d99       $N00024                    0040bd99     bncs_v45_host.exp
 0002:00003ddf       $N00025                    0040bddf     bncs_v45_host.exp
 0002:00003e25       $N00026                    0040be25     bncs_v45_host.exp
 0002:00003e6b       $N00027                    0040be6b     bncs_v45_host.exp
 0002:00003eb1       $N00028                    0040beb1     bncs_v45_host.exp
 0002:00003ef8       $N00029                    0040bef8     bncs_v45_host.exp
 0002:00003f3f       $N00030                    0040bf3f     bncs_v45_host.exp
 0002:00003f67       $N00031                    0040bf67     bncs_v45_host.exp
 0002:00003f88       $N00032                    0040bf88     bncs_v45_host.exp
 0002:00003fcc       $N00033                    0040bfcc     bncs_v45_host.exp
 0002:0000400c       $N00034                    0040c00c     bncs_v45_host.exp
 0002:00004037       $N00035                    0040c037     bncs_v45_host.exp
 0002:00004070       $N00036                    0040c070     bncs_v45_host.exp
 0002:000040a8       $N00037                    0040c0a8     bncs_v45_host.exp
 0002:00004103       $N00038                    0040c103     bncs_v45_host.exp
 0002:0000415e       $N00039                    0040c15e     bncs_v45_host.exp
 0002:0000418c       $N00040                    0040c18c     bncs_v45_host.exp
 0002:000041ec       $N00041                    0040c1ec     bncs_v45_host.exp
 0002:0000424a       $N00042                    0040c24a     bncs_v45_host.exp
 0002:00004290       $N00043                    0040c290     bncs_v45_host.exp
 0002:000042d9       $N00044                    0040c2d9     bncs_v45_host.exp
 0002:00004307       $N00045                    0040c307     bncs_v45_host.exp
 0002:0000433d       $N00046                    0040c33d     bncs_v45_host.exp
 0002:00004381       $N00047                    0040c381     bncs_v45_host.exp
 0002:000043cd       $N00048                    0040c3cd     bncs_v45_host.exp
 0002:0000440b       $N00049                    0040c40b     bncs_v45_host.exp
 0002:00004441       $N00050                    0040c441     bncs_v45_host.exp
 0002:0000449a       $N00051                    0040c49a     bncs_v45_host.exp
 0002:000044f3       $N00052                    0040c4f3     bncs_v45_host.exp
 0002:00004551       $N00053                    0040c551     bncs_v45_host.exp
 0002:00004593       $N00054                    0040c593     bncs_v45_host.exp
 0002:000045d9       $N00055                    0040c5d9     bncs_v45_host.exp
 0002:00004622       $N00056                    0040c622     bncs_v45_host.exp
 0002:00004667       $N00057                    0040c667     bncs_v45_host.exp
 0002:000046a9       $N00058                    0040c6a9     bncs_v45_host.exp
 0002:000046ee       $N00059                    0040c6ee     bncs_v45_host.exp
 0002:00004732       $N00060                    0040c732     bncs_v45_host.exp
 0002:00004776       $N00061                    0040c776     bncs_v45_host.exp
 0002:000047bc       $N00062                    0040c7bc     bncs_v45_host.exp
 0002:000047ed       $N00063                    0040c7ed     bncs_v45_host.exp
 0002:00004826       $N00064                    0040c826     bncs_v45_host.exp
 0002:00004867       $N00065                    0040c867     bncs_v45_host.exp
 0002:000048a8       $N00066                    0040c8a8     bncs_v45_host.exp
 0002:000048ed       $N00067                    0040c8ed     bncs_v45_host.exp
 0002:0000492e       $N00068                    0040c92e     bncs_v45_host.exp
 0002:0000495f       $N00069                    0040c95f     bncs_v45_host.exp
 0002:000049a4       $N00070                    0040c9a4     bncs_v45_host.exp
 0002:000049d4       $N00071                    0040c9d4     bncs_v45_host.exp
 0002:00004a09       $N00072                    0040ca09     bncs_v45_host.exp
 0002:00004a3d       $N00073                    0040ca3d     bncs_v45_host.exp
 0002:00004a7b       $N00074                    0040ca7b     bncs_v45_host.exp
 0002:00004ac3       $N00075                    0040cac3     bncs_v45_host.exp
 0002:00004b0a       $N00076                    0040cb0a     bncs_v45_host.exp
 0002:00004b37       $N00077                    0040cb37     bncs_v45_host.exp
 0002:00004b79       $N00078                    0040cb79     bncs_v45_host.exp
 0002:00004bba       $N00079                    0040cbba     bncs_v45_host.exp
 0002:00004c0a       $N00080                    0040cc0a     bncs_v45_host.exp
 0002:00004c56       $N00081                    0040cc56     bncs_v45_host.exp
 0002:00004ca1       $N00082                    0040cca1     bncs_v45_host.exp
 0002:00005334       .idata$6                   0040d334     bncs_shim_loader:bncs_shim_loader.dll
 0002:000053b6       .idata$6                   0040d3b6     dcw:dcw.dll
 0002:0000785c       .idata$6                   0040f85c     qt-mt323:qt-mt323.dll
 0002:000078bc       .idata$6                   0040f8bc     kernel32:KERNEL32.dll
 0002:0000799e       .idata$6                   0040f99e     user32:USER32.dll
 0002:00007a44       .idata$6                   0040fa44     msvcprt:MSVCP120.dll
 0002:00007b12       .idata$6                   0040fb12     MSVCRT:MSVCR120.dll
 0003:00000000       _HP_large_Icon_32          00410000     bncs_clientmainwindowimpl.obj
 0003:00000288       _BNCS_CCCONFIG_SIG         00410288     ccConfig.obj
 0003:000002f0       ?param_slot_0@?3??staticMetaObject@bncs_clientMainWindowImpl@@SAPAVQMetaObject@@XZ@4QBUQUParameter@@B 004102f0     moc_bncs_clientmainwindowimpl.obj
 0003:00000300       ?param_slot_2@?3??staticMetaObject@bncs_clientMainWindowImpl@@SAPAVQMetaObject@@XZ@4QBUQUParameter@@B 00410300     moc_bncs_clientmainwindowimpl.obj
 0003:00000310       ?param_signal_0@?3??staticMetaObject@QtSingleApplication@@SAPAVQMetaObject@@XZ@4QBUQUParameter@@B 00410310     qtsingleapplication:moc_qtsingleapplication.obj
 0003:000005b8       __Tuple_alloc              004105b8     bncs_clientmainwindowimpl.obj
 0003:000005b9       _ignore                    004105b9     bncs_clientmainwindowimpl.obj
 0003:000005ba       _allocator_arg             004105ba     bncs_clientmainwindowimpl.obj
 0003:000005bb       _piecewise_construct       004105bb     bncs_clientmainwindowimpl.obj
 0003:000005c4       __Tuple_alloc              004105c4     ccConfig.obj
 0003:000005c5       _ignore                    004105c5     ccConfig.obj
 0003:000005c6       _allocator_arg             004105c6     ccConfig.obj
 0003:000005c7       _piecewise_construct       004105c7     ccConfig.obj
 0003:000005c8       __Tuple_alloc              004105c8     main.obj
 0003:000005c9       _ignore                    004105c9     main.obj
 0003:000005ca       _allocator_arg             004105ca     main.obj
 0003:000005cb       _piecewise_construct       004105cb     main.obj
 0003:000005d0       _cleanUp_bncs_clientMainWindow 004105d0     moc_bncs_clientmainwindow.obj
 0003:000005d8       _allocator_arg             004105d8     moc_bncs_clientmainwindowimpl.obj
 0003:000005d9       _piecewise_construct       004105d9     moc_bncs_clientmainwindowimpl.obj
 0003:000005dc       _cleanUp_bncs_clientMainWindowImpl 004105dc     moc_bncs_clientmainwindowimpl.obj
 0003:000005e0       ?$S1@?3??staticMetaObject@bncs_clientMainWindowImpl@@SAPAVQMetaObject@@XZ@4IA 004105e0     moc_bncs_clientmainwindowimpl.obj
 0003:000005e4       ?param_slot_1@?3??staticMetaObject@bncs_clientMainWindowImpl@@SAPAVQMetaObject@@XZ@4QBUQUParameter@@B 004105e4     moc_bncs_clientmainwindowimpl.obj
 0003:000005f8       _cleanUp_QtSingleApplication 004105f8     qtsingleapplication:moc_qtsingleapplication.obj
 0003:000005fc       ?param_slot_0@?3??staticMetaObject@QtSingleApplication@@SAPAVQMetaObject@@XZ@4QBUQUParameter@@B 004105fc     qtsingleapplication:moc_qtsingleapplication.obj
 0003:0000061c       ?$S1@?3??staticMetaObject@QtSingleApplication@@SAPAVQMetaObject@@XZ@4IA 0041061c     qtsingleapplication:moc_qtsingleapplication.obj
 0003:00000620       ?param_slot_1@?3??staticMetaObject@QtSingleApplication@@SAPAVQMetaObject@@XZ@4QBUQUParameter@@B 00410620     qtsingleapplication:moc_qtsingleapplication.obj
 0003:00000650       _has_cctor                 00410650     MSVCRT:crtexew.obj
 0003:00000654       _mainret                   00410654     MSVCRT:crtexew.obj
 0003:00000658       _managedapp                00410658     MSVCRT:crtexew.obj
 0003:0000065c       _argc                      0041065c     MSVCRT:crtexew.obj
 0003:00000660       _argv                      00410660     MSVCRT:crtexew.obj
 0003:00000664       _envp                      00410664     MSVCRT:crtexew.obj
 0003:00000668       _argret                    00410668     MSVCRT:crtexew.obj
 0003:0000066c       _startinfo                 0041066c     MSVCRT:crtexew.obj
 0003:00000670       _GS_ExceptionRecord        00410670     MSVCRT:gs_report.obj
 0003:000006c0       _GS_ContextRecord          004106c0     MSVCRT:gs_report.obj
 0003:0000098c       _DebuggerWasPresent        0041098c     MSVCRT:gs_report.obj
 0004:00000190       $R000000                   00411190     Script1.res
 0004:00000580       $R0003F0                   00411580     Script1.res
 0004:00001628       $R001498                   00412628     Script1.res
 0004:00003bd0       $R003A40                   00414bd0     Script1.res
 0004:00004038       $R003EA8                   00415038     Script1.res
 0004:00004068       $R003ED8                   00415068     Script1.res
