 bncs_ws_mandb

 Timestamp is 5e9dbb18 (Mon Apr 20 16:09:12 2020)

 Preferred load address is 00400000

 Start         Length     Name                   Class
 0001:00000000 00021fb6H .textbss                DATA
 0002:00000000 00004da7H .text                   CODE
 0002:00004db0 00002024H .text$di                CODE
 0002:00006de0 0003dda9H .text$mn                CODE
 0002:00044b90 00007002H .text$x                 CODE
 0002:0004bba0 00001977H .text$yd                CODE
 0003:00000000 00000104H .CRT$XCA                DATA
 0003:00000104 00000104H .CRT$XCAA               DATA
 0003:00000208 00000198H .CRT$XCU                DATA
 0003:000003a0 00000104H .CRT$XCZ                DATA
 0003:000004a4 00000104H .CRT$XIA                DATA
 0003:000005a8 00000104H .CRT$XIAA               DATA
 0003:000006ac 00000104H .CRT$XIC                DATA
 0003:000007b0 00000104H .CRT$XIY                DATA
 0003:000008b4 00000104H .CRT$XIZ                DATA
 0003:000009c0 0000f264H .rdata                  DATA
 0003:0000fc24 00000173H .rdata$debug            DATA
 0003:0000fd98 00002086H .rdata$r                DATA
 0003:00011e20 00000104H .rtc$IAA                DATA
 0003:00011f24 000001b6H .rtc$IMZ                DATA
 0003:000120dc 00000104H .rtc$IZZ                DATA
 0003:000121e0 00000104H .rtc$TAA                DATA
 0003:000122e4 000001b6H .rtc$TMZ                DATA
 0003:0001249c 00000104H .rtc$TZZ                DATA
 0003:000125a0 00003856H .xdata$x                DATA
 0003:00015df6 00000000H .edata                  DATA
 0004:00000000 000005caH .data                   DATA
 0004:000005cc 00000b9bH .data$r                 DATA
 0004:00001168 00000670H .bss                    DATA
 0005:00000000 000017acH .idata$5                DATA
 0005:000017ac 000000c8H .idata$2                DATA
 0005:00001874 00000014H .idata$3                DATA
 0005:00001888 000017acH .idata$4                DATA
 0005:00003034 0000c5a2H .idata$6                DATA
 0006:00000000 000002e0H .rsrc$01                DATA
 0006:000002e0 00004969H .rsrc$02                DATA

  Address         Publics by Value              Rva+Base       Lib:Object

 0000:00000000       ___safe_se_handler_table   00000000     <absolute>
 0000:00000000       ___guard_flags             00000000     <absolute>
 0000:00000000       __except_list              00000000     <absolute>
 0000:00000000       ___guard_fids_table        00000000     <absolute>
 0000:00000000       ___safe_se_handler_count   00000000     <absolute>
 0000:00000000       ___guard_fids_count        00000000     <absolute>
 0000:00009876       __ldused                   00009876     <absolute>
 0000:00009876       __fltused                  00009876     <absolute>
 0000:00000000       ___ImageBase               00400000     <linker-defined>
 0001:00000000       __enc$textbss$begin        00401000     <linker-defined>
 0001:00021fb6       __enc$textbss$end          00422fb6     <linker-defined>
 0002:00004b69       _WinMain@16                00427b69 f   qtmain:qtmain_win.obj
 0002:00004c19       ?detach@?$QMemArray@PAD@@UAEXXZ 00427c19 f i qtmain:qtmain_win.obj
 0002:00004c23       ??_G?$QMemArray@H@@UAEPAXI@Z 00427c23 f i qtmain:qtmain_win.obj
 0002:00004c50       ??_G?$QMemArray@_N@@UAEPAXI@Z 00427c50 f i qtmain:qtmain_win.obj
 0002:00004c7d       ??_G?$QMemArray@D@@UAEPAXI@Z 00427c7d f i qtmain:qtmain_win.obj
 0002:00004caa       ??_G?$QMemArray@VQPoint@@@@UAEPAXI@Z 00427caa f i qtmain:qtmain_win.obj
 0002:00004cd7       ??_G?$QPtrList@D@@UAEPAXI@Z 00427cd7 f i qtmain:qtmain_win.obj
 0002:00004d0e       ??_G?$QPtrList@VQObject@@@@UAEPAXI@Z 00427d0e f i qtmain:qtmain_win.obj
 0002:00004d45       ??_G?$QPtrList@VQWidget@@@@UAEPAXI@Z 00427d45 f i qtmain:qtmain_win.obj
 0002:00004d7c       ??_G?$QMemArray@PAD@@UAEPAXI@Z 00427d7c f i qtmain:qtmain_win.obj
 0002:00004d7c       ??_E?$QMemArray@PAD@@UAEPAXI@Z 00427d7c f i qtmain:qtmain_win.obj
 0002:00006de0       ??0decodeBNCSString@@QAE@PBDD@Z 00429de0 f   decodeBNCSString.obj
 0002:00006e40       ??0decodeBNCSString@@QAE@ABV0@@Z 00429e40 f   decodeBNCSString.obj
 0002:00006ec0       ??1decodeBNCSString@@UAE@XZ 00429ec0 f   decodeBNCSString.obj
 0002:00006f80       ??_EdecodeBNCSString@@UAEPAXI@Z 00429f80 f i decodeBNCSString.obj
 0002:00006f80       ??_GdecodeBNCSString@@UAEPAXI@Z 00429f80 f i decodeBNCSString.obj
 0002:00006ff0       ?split@decodeBNCSString@@AAEXPBD@Z 00429ff0 f i decodeBNCSString.obj
 0002:00007370       ??0AboutDialog@@QAE@XZ     0042a370 f   AboutDialog.obj
 0002:00007730       ??1AboutDialog@@UAE@XZ     0042a730 f   AboutDialog.obj
 0002:00007790       ?GetVersion@AboutDialog@@AAEPADPAD000@Z 0042a790 f   AboutDialog.obj
 0002:00007dc2       ??_EAboutDialog@@WCI@AEPAXI@Z 0042adc2 f i AboutDialog.obj
 0002:00007dd0       ??_GAboutDialog@@UAEPAXI@Z 0042add0 f i AboutDialog.obj
 0002:00007dd0       ??_EAboutDialog@@UAEPAXI@Z 0042add0 f i AboutDialog.obj
 0002:00007e40       ?metaObject@AboutDialogBase@@UBEPAVQMetaObject@@XZ 0042ae40 f i AboutDialog.obj
 0002:00007e90       ?strchr@@YAPADPADH@Z       0042ae90 f i AboutDialog.obj
 0002:00007ef0       ??0bncs_ws_manDialog@@QAE@PAVQWidget@@PBDI@Z 0042aef0 f   bncs_ws_mandialog.obj
 0002:00008d10       ??1bncs_ws_manDialog@@UAE@XZ 0042bd10 f   bncs_ws_mandialog.obj
 0002:00008f00       ?timerEvent@bncs_ws_manDialog@@EAEXPAVQTimerEvent@@@Z 0042bf00 f   bncs_ws_mandialog.obj
 0002:0000a450       ?ButtonsEnable@bncs_ws_manDialog@@ABEXXZ 0042d450 f   bncs_ws_mandialog.obj
 0002:0000a500       ?ButtonsDisable@bncs_ws_manDialog@@ABEXXZ 0042d500 f   bncs_ws_mandialog.obj
 0002:0000a5b0       ?deleteCurrentProgram@bncs_ws_manDialog@@AAEXVQString@@@Z 0042d5b0 f   bncs_ws_mandialog.obj
 0002:0000a750       ?doStop@bncs_ws_manDialog@@AAEXXZ 0042d750 f   bncs_ws_mandialog.obj
 0002:0000a830       ?doRestart@bncs_ws_manDialog@@AAEXXZ 0042d830 f   bncs_ws_mandialog.obj
 0002:0000a8c0       ?doRestart@bncs_ws_manDialog@@AAEXH@Z 0042d8c0 f   bncs_ws_mandialog.obj
 0002:0000abe0       ?doStart@bncs_ws_manDialog@@AAEXH@Z 0042dbe0 f   bncs_ws_mandialog.obj
 0002:0000ad90       ?doStop@bncs_ws_manDialog@@AAEXH@Z 0042dd90 f   bncs_ws_mandialog.obj
 0002:0000af40       ?startAll@bncs_ws_manDialog@@AAEXXZ 0042df40 f   bncs_ws_mandialog.obj
 0002:0000aff0       ?statusChange@bncs_ws_manDialog@@AAEXW4status@workstationStatus@@@Z 0042dff0 f   bncs_ws_mandialog.obj
 0002:0000b750       ?RestartButtonClick@bncs_ws_manDialog@@AAEXXZ 0042e750 f   bncs_ws_mandialog.obj
 0002:0000b8d0       ?UpdateAndRestartButtonClick@bncs_ws_manDialog@@AAEXXZ 0042e8d0 f   bncs_ws_mandialog.obj
 0002:0000ba50       ?StopButtonClick@bncs_ws_manDialog@@AAEXXZ 0042ea50 f   bncs_ws_mandialog.obj
 0002:0000bbd0       ?AboutClick@bncs_ws_manDialog@@AAEXXZ 0042ebd0 f   bncs_ws_mandialog.obj
 0002:0000bca0       ?showLogViewer@bncs_ws_manDialog@@AAEXXZ 0042eca0 f   bncs_ws_mandialog.obj
 0002:0000be00       ?setStatus@bncs_ws_manDialog@@AAEXVQString@@@Z 0042ee00 f   bncs_ws_mandialog.obj
 0002:0000beb0       ?doLaunch@bncs_ws_manDialog@@AAEXXZ 0042eeb0 f   bncs_ws_mandialog.obj
 0002:0000c5a0       ?programSelect@bncs_ws_manDialog@@AAEXH@Z 0042f5a0 f   bncs_ws_mandialog.obj
 0002:0000cd80       ?singletonMessageReceived@bncs_ws_manDialog@@AAEXABVQString@@@Z 0042fd80 f   bncs_ws_mandialog.obj
 0002:0000ce90       ?slotOpenCmd@bncs_ws_manDialog@@AAEXXZ 0042fe90 f   bncs_ws_mandialog.obj
 0002:0000cef0       ?slotOpenVisEd@bncs_ws_manDialog@@AAEXXZ 0042fef0 f   bncs_ws_mandialog.obj
 0002:0000d050       ?slotOpenV3Caplog@bncs_ws_manDialog@@AAEXXZ 00430050 f   bncs_ws_mandialog.obj
 0002:0000d1b0       ?slotOpenNetViewer@bncs_ws_manDialog@@AAEXXZ 004301b0 f   bncs_ws_mandialog.obj
 0002:0000d310       ?isDeveloper@@YA_NXZ       00430310 f   bncs_ws_mandialog.obj
 0002:0000e8d0       ??$_Allocate@D@std@@YAPADIPAD@Z 004318d0 f i bncs_ws_mandialog.obj
 0002:0000e960       ??$_Allocate@U_Container_proxy@std@@@std@@YAPAU_Container_proxy@0@IPAU10@@Z 00431960 f i bncs_ws_mandialog.obj
 0002:0000ea00       ??$_Debug_pointer@D@std@@YAXPBDPB_WI@Z 00431a00 f i bncs_ws_mandialog.obj
 0002:0000ea70       ??$addressof@D@std@@YAPADAAD@Z 00431a70 f i bncs_ws_mandialog.obj
 0002:0000eab0       ??$construct@PADAAPAD@?$_Wrap_alloc@V?$allocator@D@std@@@std@@QAEXPAPADAAPAD@Z 00431ab0 f i bncs_ws_mandialog.obj
 0002:0000eb20       ??$construct@PADAAPAD@?$allocator@D@std@@QAEXPAPADAAPAD@Z 00431b20 f i bncs_ws_mandialog.obj
 0002:0000ec20       ??$construct@PADAAPAD@?$allocator_traits@V?$allocator@D@std@@@std@@SAXAAV?$allocator@D@1@PAPADAAPAD@Z 00431c20 f i bncs_ws_mandialog.obj
 0002:0000ec80       ??$construct@U_Container_proxy@std@@U12@@?$allocator@U_Container_proxy@std@@@std@@QAEXPAU_Container_proxy@1@$$QAU21@@Z 00431c80 f i bncs_ws_mandialog.obj
 0002:0000ed90       ??$destroy@PAD@?$_Wrap_alloc@V?$allocator@D@std@@@std@@QAEXPAPAD@Z 00431d90 f i bncs_ws_mandialog.obj
 0002:0000edf0       ??$destroy@PAD@?$allocator@D@std@@QAEXPAPAD@Z 00431df0 f i bncs_ws_mandialog.obj
 0002:0000ee30       ??$destroy@PAD@?$allocator_traits@V?$allocator@D@std@@@std@@SAXAAV?$allocator@D@1@PAPAD@Z 00431e30 f i bncs_ws_mandialog.obj
 0002:0000ee80       ??$destroy@U_Container_proxy@std@@@?$allocator@U_Container_proxy@std@@@std@@QAEXPAU_Container_proxy@1@@Z 00431e80 f i bncs_ws_mandialog.obj
 0002:0000eec0       ??$forward@AAPAD@std@@YAAAPADAAPAD@Z 00431ec0 f i bncs_ws_mandialog.obj
 0002:0000ef00       ??$forward@U_Container_proxy@std@@@std@@YA$$QAU_Container_proxy@0@AAU10@@Z 00431f00 f i bncs_ws_mandialog.obj
 0002:0000ef40       ??0?$_String_alloc@$0A@U?$_String_base_types@DV?$allocator@D@std@@@std@@@std@@QAE@ABV?$allocator@D@1@@Z 00431f40 f i bncs_ws_mandialog.obj
 0002:0000eff0       ??0?$_String_val@U?$_Simple_types@D@std@@@std@@QAE@XZ 00431ff0 f i bncs_ws_mandialog.obj
 0002:0000f070       ??0?$_Wrap_alloc@V?$allocator@D@std@@@std@@QAE@XZ 00432070 f i bncs_ws_mandialog.obj
 0002:0000f0d0       ??0?$allocator@D@std@@QAE@XZ 004320d0 f i bncs_ws_mandialog.obj
 0002:0000f110       ??0?$allocator@U_Container_proxy@std@@@std@@QAE@XZ 00432110 f i bncs_ws_mandialog.obj
 0002:0000f150       ??0?$basic_string@DU?$char_traits@D@std@@V?$allocator@D@2@@std@@QAE@PBD@Z 00432150 f i bncs_ws_mandialog.obj
 0002:0000f220       ??0_Container_proxy@std@@QAE@XZ 00432220 f i bncs_ws_mandialog.obj
 0002:0000f270       ??0_Generic_error_category@std@@QAE@XZ 00432270 f i bncs_ws_mandialog.obj
 0002:0000f2d0       ??0_Iostream_error_category@std@@QAE@XZ 004322d0 f i bncs_ws_mandialog.obj
 0002:0000f330       ??0_System_error_category@std@@QAE@XZ 00432330 f i bncs_ws_mandialog.obj
 0002:0000f390       ??0error_category@std@@QAE@XZ 00432390 f i bncs_ws_mandialog.obj
 0002:0000f3e0       ??0error_condition@std@@QAE@HABVerror_category@1@@Z 004323e0 f i bncs_ws_mandialog.obj
 0002:0000f430       ??1?$_String_alloc@$0A@U?$_String_base_types@DV?$allocator@D@std@@@std@@@std@@QAE@XZ 00432430 f i bncs_ws_mandialog.obj
 0002:0000f490       ??1?$_String_val@U?$_Simple_types@D@std@@@std@@QAE@XZ 00432490 f i bncs_ws_mandialog.obj
 0002:0000f4f0       ??1_Generic_error_category@std@@UAE@XZ 004324f0 f i bncs_ws_mandialog.obj
 0002:0000f540       ??1_Iostream_error_category@std@@UAE@XZ 00432540 f i bncs_ws_mandialog.obj
 0002:0000f590       ??1_System_error_category@std@@UAE@XZ 00432590 f i bncs_ws_mandialog.obj
 0002:0000f5e0       ??1error_category@std@@UAE@XZ 004325e0 f i bncs_ws_mandialog.obj
 0002:0000f620       ??2@YAPAXIPAX@Z            00432620 f i bncs_ws_mandialog.obj
 0002:0000f660       ??3@YAXPAX0@Z              00432660 f i bncs_ws_mandialog.obj
 0002:0000f690       ??8@YA_NVQChar@@0@Z        00432690 f i bncs_ws_mandialog.obj
 0002:0000f6f0       ??8error_category@std@@QBE_NABV01@@Z 004326f0 f i bncs_ws_mandialog.obj
 0002:0000f760       ??8error_condition@std@@QBE_NABV01@@Z 00432760 f i bncs_ws_mandialog.obj
 0002:0000f80c       ??_Ebncs_ws_manDialog@@WCI@AEPAXI@Z 0043280c f i bncs_ws_mandialog.obj
 0002:0000f820       ??_E_Generic_error_category@std@@UAEPAXI@Z 00432820 f i bncs_ws_mandialog.obj
 0002:0000f820       ??_G_Generic_error_category@std@@UAEPAXI@Z 00432820 f i bncs_ws_mandialog.obj
 0002:0000f890       ??_G_Iostream_error_category@std@@UAEPAXI@Z 00432890 f i bncs_ws_mandialog.obj
 0002:0000f890       ??_E_Iostream_error_category@std@@UAEPAXI@Z 00432890 f i bncs_ws_mandialog.obj
 0002:0000f900       ??_E_System_error_category@std@@UAEPAXI@Z 00432900 f i bncs_ws_mandialog.obj
 0002:0000f900       ??_G_System_error_category@std@@UAEPAXI@Z 00432900 f i bncs_ws_mandialog.obj
 0002:0000f970       ??_Ebncs_ws_manDialog@@UAEPAXI@Z 00432970 f i bncs_ws_mandialog.obj
 0002:0000f970       ??_Gbncs_ws_manDialog@@UAEPAXI@Z 00432970 f i bncs_ws_mandialog.obj
 0002:0000f9e0       ??_Eerror_category@std@@UAEPAXI@Z 004329e0 f i bncs_ws_mandialog.obj
 0002:0000f9e0       ??_Gerror_category@std@@UAEPAXI@Z 004329e0 f i bncs_ws_mandialog.obj
 0002:0000fa50       ?_Alloc_proxy@?$_String_alloc@$0A@U?$_String_base_types@DV?$allocator@D@std@@@std@@@std@@QAEXXZ 00432a50 f i bncs_ws_mandialog.obj
 0002:0000fb20       ?_Copy@?$basic_string@DU?$char_traits@D@std@@V?$allocator@D@2@@std@@QAEXII@Z 00432b20 f i bncs_ws_mandialog.obj
 0002:0000fde0       ?_Eos@?$basic_string@DU?$char_traits@D@std@@V?$allocator@D@2@@std@@QAEXI@Z 00432de0 f i bncs_ws_mandialog.obj
 0002:0000fe60       ?_Free_proxy@?$_String_alloc@$0A@U?$_String_base_types@DV?$allocator@D@std@@@std@@@std@@QAEXXZ 00432e60 f i bncs_ws_mandialog.obj
 0002:0000ff40       ?_Getal@?$_String_alloc@$0A@U?$_String_base_types@DV?$allocator@D@std@@@std@@@std@@QBE?AU?$_Wrap_alloc@V?$allocator@D@std@@@2@XZ 00432f40 f i bncs_ws_mandialog.obj
 0002:0000ffa0       ?_Grow@?$basic_string@DU?$char_traits@D@std@@V?$allocator@D@2@@std@@QAE_NI_N@Z 00432fa0 f i bncs_ws_mandialog.obj
 0002:000100c0       ?_Inside@?$basic_string@DU?$char_traits@D@std@@V?$allocator@D@2@@std@@QAE_NPBD@Z 004330c0 f i bncs_ws_mandialog.obj
 0002:00010140       ?_Myptr@?$_String_val@U?$_Simple_types@D@std@@@std@@QAEPADXZ 00433140 f i bncs_ws_mandialog.obj
 0002:000101d0       ?_Myptr@?$_String_val@U?$_Simple_types@D@std@@@std@@QBEPBDXZ 004331d0 f i bncs_ws_mandialog.obj
 0002:00010260       ?_Tidy@?$basic_string@DU?$char_traits@D@std@@V?$allocator@D@2@@std@@QAEX_NI@Z 00433260 f i bncs_ws_mandialog.obj
 0002:00010370       ?_Xlen@?$basic_string@DU?$char_traits@D@std@@V?$allocator@D@2@@std@@QBEXXZ 00433370 f i bncs_ws_mandialog.obj
 0002:000103d0       ?_Xran@?$basic_string@DU?$char_traits@D@std@@V?$allocator@D@2@@std@@QBEXXZ 004333d0 f i bncs_ws_mandialog.obj
 0002:00010430       ?allocate@?$_Wrap_alloc@V?$allocator@D@std@@@std@@QAEPADI@Z 00433430 f i bncs_ws_mandialog.obj
 0002:00010490       ?allocate@?$allocator@D@std@@QAEPADI@Z 00433490 f i bncs_ws_mandialog.obj
 0002:000104f0       ?allocate@?$allocator@U_Container_proxy@std@@@std@@QAEPAU_Container_proxy@2@I@Z 004334f0 f i bncs_ws_mandialog.obj
 0002:00010550       ?assign@?$basic_string@DU?$char_traits@D@std@@V?$allocator@D@2@@std@@QAEAAV12@ABV12@II@Z 00433550 f i bncs_ws_mandialog.obj
 0002:00010660       ?assign@?$basic_string@DU?$char_traits@D@std@@V?$allocator@D@2@@std@@QAEAAV12@PBD@Z 00433660 f i bncs_ws_mandialog.obj
 0002:000106f0       ?assign@?$basic_string@DU?$char_traits@D@std@@V?$allocator@D@2@@std@@QAEAAV12@PBDI@Z 004336f0 f i bncs_ws_mandialog.obj
 0002:000107f0       ?assign@?$char_traits@D@std@@SAXAADABD@Z 004337f0 f i bncs_ws_mandialog.obj
 0002:00010830       ?category@error_code@std@@QBEABVerror_category@2@XZ 00433830 f i bncs_ws_mandialog.obj
 0002:00010870       ?category@error_condition@std@@QBEABVerror_category@2@XZ 00433870 f i bncs_ws_mandialog.obj
 0002:000108b0       ?copy@?$char_traits@D@std@@SAPADPADPBDI@Z 004338b0 f i bncs_ws_mandialog.obj
 0002:00010930       ?deallocate@?$_Wrap_alloc@V?$allocator@D@std@@@std@@QAEXPADI@Z 00433930 f i bncs_ws_mandialog.obj
 0002:00010990       ?deallocate@?$allocator@D@std@@QAEXPADI@Z 00433990 f i bncs_ws_mandialog.obj
 0002:000109f0       ?deallocate@?$allocator@U_Container_proxy@std@@@std@@QAEXPAU_Container_proxy@2@I@Z 004339f0 f i bncs_ws_mandialog.obj
 0002:00010a50       ?default_error_condition@_System_error_category@std@@UBE?AVerror_condition@2@H@Z 00433a50 f i bncs_ws_mandialog.obj
 0002:00010b00       ?default_error_condition@error_category@std@@UBE?AVerror_condition@2@H@Z 00433b00 f i bncs_ws_mandialog.obj
 0002:00010b60       ?equivalent@error_category@std@@UBE_NABVerror_code@2@H@Z 00433b60 f i bncs_ws_mandialog.obj
 0002:00010c00       ?equivalent@error_category@std@@UBE_NHABVerror_condition@2@@Z 00433c00 f i bncs_ws_mandialog.obj
 0002:00010c80       ?erase@?$basic_string@DU?$char_traits@D@std@@V?$allocator@D@2@@std@@QAEAAV12@I@Z 00433c80 f i bncs_ws_mandialog.obj
 0002:00010d00       ?erase@?$basic_string@DU?$char_traits@D@std@@V?$allocator@D@2@@std@@QAEAAV12@II@Z 00433d00 f i bncs_ws_mandialog.obj
 0002:00010de0       ?generic_category@std@@YAABVerror_category@1@XZ 00433de0 f i bncs_ws_mandialog.obj
 0002:00010e20       ?getWSTrackerMessage@netComms@@QAE?AVQString@@XZ 00433e20 f i bncs_ws_mandialog.obj
 0002:00010eb0       ?length@?$char_traits@D@std@@SAIPBD@Z 00433eb0 f i bncs_ws_mandialog.obj
 0002:00010f30       ?max_size@?$_Wrap_alloc@V?$allocator@D@std@@@std@@QBEIXZ 00433f30 f i bncs_ws_mandialog.obj
 0002:00010f90       ?max_size@?$allocator@D@std@@QBEIXZ 00433f90 f i bncs_ws_mandialog.obj
 0002:00010fd0       ?max_size@?$allocator_traits@V?$allocator@D@std@@@std@@SAIABV?$allocator@D@2@@Z 00433fd0 f i bncs_ws_mandialog.obj
 0002:00011020       ?max_size@?$basic_string@DU?$char_traits@D@std@@V?$allocator@D@2@@std@@QBEIXZ 00434020 f i bncs_ws_mandialog.obj
 0002:000110c0       ?message@_Generic_error_category@std@@UBE?AV?$basic_string@DU?$char_traits@D@std@@V?$allocator@D@2@@2@H@Z 004340c0 f i bncs_ws_mandialog.obj
 0002:00011180       ?message@_Iostream_error_category@std@@UBE?AV?$basic_string@DU?$char_traits@D@std@@V?$allocator@D@2@@2@H@Z 00434180 f i bncs_ws_mandialog.obj
 0002:00011240       ?message@_System_error_category@std@@UBE?AV?$basic_string@DU?$char_traits@D@std@@V?$allocator@D@2@@2@H@Z 00434240 f i bncs_ws_mandialog.obj
 0002:00011300       ?metaObject@bncs_ws_manDialog@@UBEPAVQMetaObject@@XZ 00434300 f i bncs_ws_mandialog.obj
 0002:00011350       ?move@?$char_traits@D@std@@SAPADPADPBDI@Z 00434350 f i bncs_ws_mandialog.obj
 0002:000113e0       ?name@_Generic_error_category@std@@UBEPBDXZ 004343e0 f i bncs_ws_mandialog.obj
 0002:00011420       ?name@_Iostream_error_category@std@@UBEPBDXZ 00434420 f i bncs_ws_mandialog.obj
 0002:00011460       ?name@_System_error_category@std@@UBEPBDXZ 00434460 f i bncs_ws_mandialog.obj
 0002:000114a0       ?size@?$basic_string@DU?$char_traits@D@std@@V?$allocator@D@2@@std@@QBEIXZ 004344a0 f i bncs_ws_mandialog.obj
 0002:000114e0       ?system_category@std@@YAABVerror_category@1@XZ 004344e0 f i bncs_ws_mandialog.obj
 0002:00011520       ?value@error_code@std@@QBEHXZ 00434520 f i bncs_ws_mandialog.obj
 0002:00011560       ?value@error_condition@std@@QBEHXZ 00434560 f i bncs_ws_mandialog.obj
 0002:000115a0       _hypot                     004345a0 f i bncs_ws_mandialog.obj
 0002:00011620       ??0csi_startDialog@@QAE@PAVQWidget@@PBDI@Z 00434620 f   csi_startdialog.obj
 0002:00011930       ??1csi_startDialog@@UAE@XZ 00434930 f   csi_startdialog.obj
 0002:00011ce0       ?load@csi_startDialog@@QAEXAA_N@Z 00434ce0 f   csi_startdialog.obj
 0002:00013260       ?go@csi_startDialog@@QAEXXZ 00436260 f   csi_startdialog.obj
 0002:00013730       ?getStatus@csi_startDialog@@QBE?AW4status@workstationStatus@@XZ 00436730 f   csi_startdialog.obj
 0002:00013770       ?stopAll@csi_startDialog@@QAEXXZ 00436770 f   csi_startdialog.obj
 0002:00013930       ?stoppingActive@csi_startDialog@@QAE_NXZ 00436930 f   csi_startdialog.obj
 0002:000139f0       ?checkStatus@csi_startDialog@@AAEXXZ 004369f0 f   csi_startdialog.obj
 0002:00013bd0       ?setStatus@csi_startDialog@@AAEXW4status@workstationStatus@@_N@Z 00436bd0 f   csi_startdialog.obj
 0002:00013c40       ?startNext@csi_startDialog@@AAEXXZ 00436c40 f   csi_startdialog.obj
 0002:00014000       ?addProc@csi_startDialog@@AAEXPAVprocessBase@@_NVQString@@22HK@Z 00437000 f   csi_startdialog.obj
 0002:00014230       ?addCsiProc@csi_startDialog@@AAEXVQString@@0_N1@Z 00437230 f   csi_startdialog.obj
 0002:000144f0       ?addOtherProc@csi_startDialog@@AAEXVQString@@00_N1HK@Z 004374f0 f   csi_startdialog.obj
 0002:00014940       ?countLaunches@csi_startDialog@@AAEHXZ 00437940 f   csi_startdialog.obj
 0002:00014a10       ?getFirstLaunch@csi_startDialog@@AAEPAVprocessBase@@XZ 00437a10 f   csi_startdialog.obj
 0002:00014ae0       ?optionEnabled@csi_startDialog@@AAEXAA_N00000@Z 00437ae0 f   csi_startdialog.obj
 0002:00014e10       ?resolveEnvVars@csi_startDialog@@AAE?AVQString@@ABV2@@Z 00437e10 f   csi_startdialog.obj
 0002:00015230       ?procDone@csi_startDialog@@AAEX_N@Z 00438230 f   csi_startdialog.obj
 0002:00015640       ?processExited@csi_startDialog@@AAEXXZ 00438640 f   csi_startdialog.obj
 0002:00015ca0       ?contextMenuRequested@csi_startDialog@@AAEXPAVQListViewItem@@ABVQPoint@@H@Z 00438ca0 f   csi_startdialog.obj
 0002:00016980       ?listItemSelected@csi_startDialog@@AAEXXZ 00439980 f   csi_startdialog.obj
 0002:00016b00       ?doButtonStart@csi_startDialog@@AAEXXZ 00439b00 f   csi_startdialog.obj
 0002:00016db0       ?doButtonStop@csi_startDialog@@AAEXXZ 00439db0 f   csi_startdialog.obj
 0002:00016f20       ?doButtonGoFromHere@csi_startDialog@@AAEXXZ 00439f20 f   csi_startdialog.obj
 0002:000170d0       ?doButtonGoSelected@csi_startDialog@@AAEXXZ 0043a0d0 f   csi_startdialog.obj
 0002:00017270       ?fixUpAutoStart@csi_startDialog@@AAEXPAVprocessBase@@@Z 0043a270 f   csi_startdialog.obj
 0002:00018a30       ??0?$QMap@PAVprocessBase@@PAVlaunchListViewItem@@@@QAE@XZ 0043ba30 f i csi_startdialog.obj
 0002:00018b20       ??0?$QMapConstIterator@PAVprocessBase@@PAVlaunchListViewItem@@@@QAE@PAU?$QMapNode@PAVprocessBase@@PAVlaunchListViewItem@@@@@Z 0043bb20 f i csi_startdialog.obj
 0002:00018b70       ??0?$QMapIterator@PAVprocessBase@@PAVlaunchListViewItem@@@@QAE@ABV0@@Z 0043bb70 f i csi_startdialog.obj
 0002:00018bc0       ??0?$QMapIterator@PAVprocessBase@@PAVlaunchListViewItem@@@@QAE@PAU?$QMapNode@PAVprocessBase@@PAVlaunchListViewItem@@@@@Z 0043bbc0 f i csi_startdialog.obj
 0002:00018c10       ??0?$QMapNode@PAVprocessBase@@PAVlaunchListViewItem@@@@QAE@ABQAVprocessBase@@@Z 0043bc10 f i csi_startdialog.obj
 0002:00018c60       ??0?$QMapNode@PAVprocessBase@@PAVlaunchListViewItem@@@@QAE@ABU0@@Z 0043bc60 f i csi_startdialog.obj
 0002:00018cc0       ??0?$QMapNode@PAVprocessBase@@PAVlaunchListViewItem@@@@QAE@XZ 0043bcc0 f i csi_startdialog.obj
 0002:00018d00       ??0?$QMapPrivate@PAVprocessBase@@PAVlaunchListViewItem@@@@QAE@PBV0@@Z 0043bd00 f i csi_startdialog.obj
 0002:00018f00       ??0?$QMapPrivate@PAVprocessBase@@PAVlaunchListViewItem@@@@QAE@XZ 0043bf00 f i csi_startdialog.obj
 0002:00019050       ??0?$QPtrList@VprocessBase@@@@QAE@XZ 0043c050 f i csi_startdialog.obj
 0002:000190c0       ??0?$QPtrListIterator@VprocessBase@@@@QAE@ABV?$QPtrList@VprocessBase@@@@@Z 0043c0c0 f i csi_startdialog.obj
 0002:00019130       ??1?$QMap@PAVprocessBase@@PAVlaunchListViewItem@@@@QAE@XZ 0043c130 f i csi_startdialog.obj
 0002:000191f0       ??1?$QMapPrivate@PAVprocessBase@@PAVlaunchListViewItem@@@@QAE@XZ 0043c1f0 f i csi_startdialog.obj
 0002:00019260       ??1?$QPtrList@VprocessBase@@@@UAE@XZ 0043c260 f i csi_startdialog.obj
 0002:00019320       ??1?$QPtrListIterator@VprocessBase@@@@QAE@XZ 0043c320 f i csi_startdialog.obj
 0002:00019380       ??8?$QMapIterator@PAVprocessBase@@PAVlaunchListViewItem@@@@QBE_NABV0@@Z 0043c380 f i csi_startdialog.obj
 0002:000193f0       ??A?$QMap@PAVprocessBase@@PAVlaunchListViewItem@@@@QAEAAPAVlaunchListViewItem@@ABQAVprocessBase@@@Z 0043c3f0 f i csi_startdialog.obj
 0002:000194d0       ??F?$QMapIterator@PAVprocessBase@@PAVlaunchListViewItem@@@@QAEAAV0@XZ 0043c4d0 f i csi_startdialog.obj
 0002:00019530       ??F?$QPtrListIterator@VprocessBase@@@@QAEPAVprocessBase@@XZ 0043c530 f i csi_startdialog.obj
 0002:0001958b       ??_Ecsi_startDialog@@WCI@AEPAXI@Z 0043c58b f i csi_startdialog.obj
 0002:000195a0       ??_G?$QMapPrivate@PAVprocessBase@@PAVlaunchListViewItem@@@@QAEPAXI@Z 0043c5a0 f i csi_startdialog.obj
 0002:00019610       ??_E?$QPtrList@VprocessBase@@@@UAEPAXI@Z 0043c610 f i csi_startdialog.obj
 0002:00019610       ??_G?$QPtrList@VprocessBase@@@@UAEPAXI@Z 0043c610 f i csi_startdialog.obj
 0002:00019680       ??_Ecsi_startDialog@@UAEPAXI@Z 0043c680 f i csi_startdialog.obj
 0002:00019680       ??_Gcsi_startDialog@@UAEPAXI@Z 0043c680 f i csi_startdialog.obj
 0002:000196f0       ?append@?$QPtrList@VprocessBase@@@@QAEXPBVprocessBase@@@Z 0043c6f0 f i csi_startdialog.obj
 0002:00019760       ?begin@?$QMapPrivate@PAVprocessBase@@PAVlaunchListViewItem@@@@QAE?AV?$QMapIterator@PAVprocessBase@@PAVlaunchListViewItem@@@@XZ 0043c760 f i csi_startdialog.obj
 0002:000197c0       ?clear@?$QMapPrivate@PAVprocessBase@@PAVlaunchListViewItem@@@@QAEXPAU?$QMapNode@PAVprocessBase@@PAVlaunchListViewItem@@@@@Z 0043c7c0 f i csi_startdialog.obj
 0002:00019860       ?clear@?$QMapPrivate@PAVprocessBase@@PAVlaunchListViewItem@@@@QAEXXZ 0043c860 f i csi_startdialog.obj
 0002:00019910       ?clear@?$QPtrList@VprocessBase@@@@UAEXXZ 0043c910 f i csi_startdialog.obj
 0002:00019970       ?copy@?$QMapPrivate@PAVprocessBase@@PAVlaunchListViewItem@@@@QAEPAU?$QMapNode@PAVprocessBase@@PAVlaunchListViewItem@@@@PAU2@@Z 0043c970 f i csi_startdialog.obj
 0002:00019b10       ?count@?$QPtrList@VprocessBase@@@@UBEIXZ 0043cb10 f i csi_startdialog.obj
 0002:00019b70       ?current@?$QPtrListIterator@VprocessBase@@@@QBEPAVprocessBase@@XZ 0043cb70 f i csi_startdialog.obj
 0002:00019bd0       ?data@?$QMapIterator@PAVprocessBase@@PAVlaunchListViewItem@@@@QAEAAPAVlaunchListViewItem@@XZ 0043cbd0 f i csi_startdialog.obj
 0002:00019c10       ?dec@?$QMapIterator@PAVprocessBase@@PAVlaunchListViewItem@@@@AAEHXZ 0043cc10 f i csi_startdialog.obj
 0002:00019d00       ?deleteItem@?$QPtrList@VprocessBase@@@@EAEXPAX@Z 0043cd00 f i csi_startdialog.obj
 0002:00019dc0       ?detach@?$QMap@PAVprocessBase@@PAVlaunchListViewItem@@@@IAEXXZ 0043cdc0 f i csi_startdialog.obj
 0002:00019e20       ?detachInternal@?$QMap@PAVprocessBase@@PAVlaunchListViewItem@@@@AAEXXZ 0043ce20 f i csi_startdialog.obj
 0002:00019f30       ?end@?$QMapPrivate@PAVprocessBase@@PAVlaunchListViewItem@@@@QAE?AV?$QMapIterator@PAVprocessBase@@PAVlaunchListViewItem@@@@XZ 0043cf30 f i csi_startdialog.obj
 0002:00019f90       ?find@?$QMapPrivate@PAVprocessBase@@PAVlaunchListViewItem@@@@QBE?AV?$QMapConstIterator@PAVprocessBase@@PAVlaunchListViewItem@@@@ABQAVprocessBase@@@Z 0043cf90 f i csi_startdialog.obj
 0002:0001a090       ?first@?$QPtrList@VprocessBase@@@@QAEPAVprocessBase@@XZ 0043d090 f i csi_startdialog.obj
 0002:0001a0f0       ?insert@?$QMap@PAVprocessBase@@PAVlaunchListViewItem@@@@QAE?AV?$QMapIterator@PAVprocessBase@@PAVlaunchListViewItem@@@@ABQAVprocessBase@@ABQAVlaunchListViewItem@@_N@Z 0043d0f0 f i csi_startdialog.obj
 0002:0001a1e0       ?insert@?$QMapPrivate@PAVprocessBase@@PAVlaunchListViewItem@@@@QAE?AV?$QMapIterator@PAVprocessBase@@PAVlaunchListViewItem@@@@PAUQMapNodeBase@@0ABQAVprocessBase@@@Z 0043d1e0 f i csi_startdialog.obj
 0002:0001a400       ?insertSingle@?$QMapPrivate@PAVprocessBase@@PAVlaunchListViewItem@@@@QAE?AV?$QMapIterator@PAVprocessBase@@PAVlaunchListViewItem@@@@ABQAVprocessBase@@@Z 0043d400 f i csi_startdialog.obj
 0002:0001a5e0       ?key@?$QMapPrivate@PAVprocessBase@@PAVlaunchListViewItem@@@@IBEABQAVprocessBase@@PAUQMapNodeBase@@@Z 0043d5e0 f i csi_startdialog.obj
 0002:0001a620       ?metaObject@csi_startDialog@@UBEPAVQMetaObject@@XZ 0043d620 f i csi_startdialog.obj
 0002:0001a670       ?next@?$QPtrList@VprocessBase@@@@QAEPAVprocessBase@@XZ 0043d670 f i csi_startdialog.obj
 0002:0001a6d0       ?size@?$QMap@PAVprocessBase@@PAVlaunchListViewItem@@@@QBEIXZ 0043d6d0 f i csi_startdialog.obj
 0002:0001a710       ?toLast@?$QPtrListIterator@VprocessBase@@@@QAEPAVprocessBase@@XZ 0043d710 f i csi_startdialog.obj
 0002:0001a770       ??0launchListViewItem@@QAE@PAVQListView@@PAVprocessBase@@ABVQString@@W4EProcessState@0@22HK@Z 0043d770 f   launchListViewItem.obj
 0002:0001ab00       ??1launchListViewItem@@UAE@XZ 0043db00 f   launchListViewItem.obj
 0002:0001ab60       ?setProcessState@launchListViewItem@@QAEXW4EProcessState@1@@Z 0043db60 f   launchListViewItem.obj
 0002:0001b5e0       ?setAutoStart@launchListViewItem@@QAEX_N@Z 0043e5e0 f   launchListViewItem.obj
 0002:0001b680       ?setLaunch@launchListViewItem@@QAEX_N@Z 0043e680 f   launchListViewItem.obj
 0002:0001b6c0       ?getLaunch@launchListViewItem@@QBE_NXZ 0043e6c0 f   launchListViewItem.obj
 0002:0001b6f0       ?getProcess@launchListViewItem@@QBEPAVprocessBase@@XZ 0043e6f0 f   launchListViewItem.obj
 0002:0001b720       ?paintCell@launchListViewItem@@EAEXPAVQPainter@@ABVQColorGroup@@HHH@Z 0043e720 f   launchListViewItem.obj
 0002:0001c0d0       ?getStateText@launchListViewItem@@CA?AVQString@@W4EProcessState@1@@Z 0043f0d0 f   launchListViewItem.obj
 0002:0001ca30       ??_GlaunchListViewItem@@UAEPAXI@Z 0043fa30 f i launchListViewItem.obj
 0002:0001ca30       ??_ElaunchListViewItem@@UAEPAXI@Z 0043fa30 f i launchListViewItem.obj
 0002:0001caa0       ?startCount@processBase@@QAEHXZ 0043faa0 f i launchListViewItem.obj
 0002:0001cae0       ??0logDelete@@QAE@PAVbncs_config@@@Z 0043fae0 f   logDelete.obj
 0002:0001cd30       ??1logDelete@@UAE@XZ       0043fd30 f   logDelete.obj
 0002:0001ce90       ?timerEvent@logDelete@@MAEXPAVQTimerEvent@@@Z 0043fe90 f   logDelete.obj
 0002:0001cf50       ?deleteOldFiles@logDelete@@AAEXVQString@@VQDate@@@Z 0043ff50 f   logDelete.obj
 0002:0001d5c0       ?deleteOldFiles@logDelete@@AAEXXZ 004405c0 f   logDelete.obj
 0002:0001d850       ?loadConfig@logDelete@@AAE_NPAVbncs_config@@@Z 00440850 f   logDelete.obj
 0002:0001e710       ??_GQStringList@@QAEPAXI@Z 00441710 f i logDelete.obj
 0002:0001e790       ??_ElogDelete@@UAEPAXI@Z   00441790 f i logDelete.obj
 0002:0001e790       ??_GlogDelete@@UAEPAXI@Z   00441790 f i logDelete.obj
 0002:0001e800       ?metaObject@logDelete@@UBEPAVQMetaObject@@XZ 00441800 f i logDelete.obj
 0002:0001e850       ??0logDialog@@QAE@PAVQWidget@@PBD_NI@Z 00441850 f   logdialogimpl.obj
 0002:0001ea50       ??1logDialog@@UAE@XZ       00441a50 f   logdialogimpl.obj
 0002:0001eab0       ?doClose@logDialog@@QAEXXZ 00441ab0 f   logdialogimpl.obj
 0002:0001eb00       ?doRefresh@logDialog@@QAEXXZ 00441b00 f   logdialogimpl.obj
 0002:0001ec00       ?loadLog@logDialog@@AAEXXZ 00441c00 f   logdialogimpl.obj
 0002:0001f179       ??_ElogDialog@@WCI@AEPAXI@Z 00442179 f i logdialogimpl.obj
 0002:0001f190       ??_GlogDialog@@UAEPAXI@Z   00442190 f i logdialogimpl.obj
 0002:0001f190       ??_ElogDialog@@UAEPAXI@Z   00442190 f i logdialogimpl.obj
 0002:0001f200       ?metaObject@logDialog@@UBEPAVQMetaObject@@XZ 00442200 f i logdialogimpl.obj
 0002:0001f250       _main                      00442250 f   main.obj
 0002:0001f5c0       ?className@AboutDialogBase@@UBEPBDXZ 004425c0 f   moc_AboutDialogBase.obj
 0002:0001f5f0       ?qt_cast@AboutDialogBase@@UAEPAXPBD@Z 004425f0 f   moc_AboutDialogBase.obj
 0002:0001f670       ?qt_invoke@AboutDialogBase@@UAE_NHPAUQUObject@@@Z 00442670 f   moc_AboutDialogBase.obj
 0002:0001f710       ?qt_emit@AboutDialogBase@@UAE_NHPAUQUObject@@@Z 00442710 f   moc_AboutDialogBase.obj
 0002:0001f770       ?qt_property@AboutDialogBase@@UAE_NHHPAVQVariant@@@Z 00442770 f   moc_AboutDialogBase.obj
 0002:0001f7d0       ?qt_static_property@AboutDialogBase@@SA_NPAVQObject@@HHPAVQVariant@@@Z 004427d0 f   moc_AboutDialogBase.obj
 0002:0001f800       ?staticMetaObject@AboutDialogBase@@SAPAVQMetaObject@@XZ 00442800 f   moc_AboutDialogBase.obj
 0002:0001f8b0       ?tr@AboutDialogBase@@SA?AVQString@@PBD0@Z 004428b0 f   moc_AboutDialogBase.obj
 0002:0001f970       ?trUtf8@AboutDialogBase@@SA?AVQString@@PBD0@Z 00442970 f   moc_AboutDialogBase.obj
 0002:0001fb40       ?className@SyncProcess@@UBEPBDXZ 00442b40 f   moc_SyncProcess.obj
 0002:0001fb70       ?qt_cast@SyncProcess@@UAEPAXPBD@Z 00442b70 f   moc_SyncProcess.obj
 0002:0001fbf0       ?qt_invoke@SyncProcess@@UAE_NHPAUQUObject@@@Z 00442bf0 f   moc_SyncProcess.obj
 0002:0001fc90       ?qt_emit@SyncProcess@@UAE_NHPAUQUObject@@@Z 00442c90 f   moc_SyncProcess.obj
 0002:0001fd70       ?qt_property@SyncProcess@@UAE_NHHPAVQVariant@@@Z 00442d70 f   moc_SyncProcess.obj
 0002:0001fdd0       ?qt_static_property@SyncProcess@@SA_NPAVQObject@@HHPAVQVariant@@@Z 00442dd0 f   moc_SyncProcess.obj
 0002:0001fe00       ?staticMetaObject@SyncProcess@@SAPAVQMetaObject@@XZ 00442e00 f   moc_SyncProcess.obj
 0002:0001fef0       ?tr@SyncProcess@@SA?AVQString@@PBD0@Z 00442ef0 f   moc_SyncProcess.obj
 0002:0001ffb0       ?trUtf8@SyncProcess@@SA?AVQString@@PBD0@Z 00442fb0 f   moc_SyncProcess.obj
 0002:00020070       ?setStatus@SyncProcess@@IAEXVQString@@@Z 00443070 f   moc_SyncProcess.obj
 0002:00020150       ?finished@SyncProcess@@IAEXXZ 00443150 f   moc_SyncProcess.obj
 0002:000201c0       ?className@NoSyncProcess@@UBEPBDXZ 004431c0 f   moc_SyncProcess.obj
 0002:000201f0       ?qt_cast@NoSyncProcess@@UAEPAXPBD@Z 004431f0 f   moc_SyncProcess.obj
 0002:00020260       ?qt_invoke@NoSyncProcess@@UAE_NHPAUQUObject@@@Z 00443260 f   moc_SyncProcess.obj
 0002:000202e0       ?qt_emit@NoSyncProcess@@UAE_NHPAUQUObject@@@Z 004432e0 f   moc_SyncProcess.obj
 0002:00020330       ?qt_property@NoSyncProcess@@UAE_NHHPAVQVariant@@@Z 00443330 f   moc_SyncProcess.obj
 0002:00020380       ?qt_static_property@NoSyncProcess@@SA_NPAVQObject@@HHPAVQVariant@@@Z 00443380 f   moc_SyncProcess.obj
 0002:000203b0       ?staticMetaObject@NoSyncProcess@@SAPAVQMetaObject@@XZ 004433b0 f   moc_SyncProcess.obj
 0002:00020450       ?tr@NoSyncProcess@@SA?AVQString@@PBD0@Z 00443450 f   moc_SyncProcess.obj
 0002:00020510       ?trUtf8@NoSyncProcess@@SA?AVQString@@PBD0@Z 00443510 f   moc_SyncProcess.obj
 0002:000205d0       ?className@FileSyncProcess@@UBEPBDXZ 004435d0 f   moc_SyncProcess.obj
 0002:00020600       ?qt_cast@FileSyncProcess@@UAEPAXPBD@Z 00443600 f   moc_SyncProcess.obj
 0002:00020670       ?qt_invoke@FileSyncProcess@@UAE_NHPAUQUObject@@@Z 00443670 f   moc_SyncProcess.obj
 0002:000206f0       ?qt_emit@FileSyncProcess@@UAE_NHPAUQUObject@@@Z 004436f0 f   moc_SyncProcess.obj
 0002:00020740       ?qt_property@FileSyncProcess@@UAE_NHHPAVQVariant@@@Z 00443740 f   moc_SyncProcess.obj
 0002:00020790       ?qt_static_property@FileSyncProcess@@SA_NPAVQObject@@HHPAVQVariant@@@Z 00443790 f   moc_SyncProcess.obj
 0002:000207c0       ?staticMetaObject@FileSyncProcess@@SAPAVQMetaObject@@XZ 004437c0 f   moc_SyncProcess.obj
 0002:00020860       ?tr@FileSyncProcess@@SA?AVQString@@PBD0@Z 00443860 f   moc_SyncProcess.obj
 0002:00020920       ?trUtf8@FileSyncProcess@@SA?AVQString@@PBD0@Z 00443920 f   moc_SyncProcess.obj
 0002:00020d80       ??0netComms@@QAE@XZ        00443d80 f   netComms.obj
 0002:00020f10       ??1netComms@@UAE@XZ        00443f10 f   netComms.obj
 0002:000210d0       ?initComms@netComms@@QAE_NXZ 004440d0 f   netComms.obj
 0002:00022360       ?setStatus@netComms@@QAEXW4status@workstationStatus@@@Z 00445360 f   netComms.obj
 0002:000223c0       ?rxData@netComms@@QAEXH@Z  004453c0 f   netComms.obj
 0002:00022840       ?performAction@netComms@@AAEXVQString@@H@Z 00445840 f   netComms.obj
 0002:000229e0       ?GetOSDisplayString@netComms@@AAE?AVQString@@XZ 004459e0 f   netComms.obj
 0002:00023350       ?sendStatus@netComms@@AAE_NXZ 00446350 f   netComms.obj
 0002:00023b10       ?connect@netComms@@AAE_NXZ 00446b10 f   netComms.obj
 0002:00024050       ?timerEvent@netComms@@MAEXPAVQTimerEvent@@@Z 00447050 f   netComms.obj
 0002:00024d80       ??_GQSocketDevice@@UAEPAXI@Z 00447d80 f i netComms.obj
 0002:00024d80       ??_EQSocketDevice@@UAEPAXI@Z 00447d80 f i netComms.obj
 0002:00024e00       ??_EQSocketNotifier@@UAEPAXI@Z 00447e00 f i netComms.obj
 0002:00024e00       ??_GQSocketNotifier@@UAEPAXI@Z 00447e00 f i netComms.obj
 0002:00024e80       ??_EnetComms@@UAEPAXI@Z    00447e80 f i netComms.obj
 0002:00024e80       ??_GnetComms@@UAEPAXI@Z    00447e80 f i netComms.obj
 0002:00024ef0       ?metaObject@netComms@@UBEPAVQMetaObject@@XZ 00447ef0 f i netComms.obj
 0002:00024f40       ??0processBase@@QAE@PAVQObject@@PBD@Z 00447f40 f   processBase.obj
 0002:00025060       ??1processBase@@UAE@XZ     00448060 f   processBase.obj
 0002:000250c0       ?start@processBase@@UAE_NPAVQStringList@@@Z 004480c0 f   processBase.obj
 0002:00025910       ?stop@processBase@@QAEXXZ  00448910 f   processBase.obj
 0002:00025970       ?timerEvent@processBase@@UAEXPAVQTimerEvent@@@Z 00448970 f   processBase.obj
 0002:000259e0       ?delay@processBase@@QAEXH@Z 004489e0 f   processBase.obj
 0002:00025a20       ?restartOnCrash@processBase@@QAEX_N@Z 00448a20 f   processBase.obj
 0002:00025a60       ?RestartOnCrash@processBase@@QBE_NXZ 00448a60 f   processBase.obj
 0002:00025ab0       ?Stopping@processBase@@QBE_NXZ 00448ab0 f   processBase.obj
 0002:00025ae0       ?AutoStart@processBase@@QBE_NXZ 00448ae0 f   processBase.obj
 0002:00025b10       ?SetAutoStart@processBase@@QAEX_N@Z 00448b10 f   processBase.obj
 0002:00025b50       ?setWaitForIdle@processBase@@QAEXK@Z 00448b50 f   processBase.obj
 0002:00025b90       ?processExited@processBase@@AAEXXZ 00448b90 f   processBase.obj
 0002:00025c30       ?forceTerminate@processBase@@QAEXXZ 00448c30 f   processBase.obj
 0002:00025d20       ?fixUpAutoStart@processBase@@QAEXXZ 00448d20 f   processBase.obj
 0002:000260f0       ??_GprocessBase@@UAEPAXI@Z 004490f0 f i processBase.obj
 0002:000260f0       ??_EprocessBase@@UAEPAXI@Z 004490f0 f i processBase.obj
 0002:00026160       ?metaObject@processBase@@UBEPAVQMetaObject@@XZ 00449160 f i processBase.obj
 0002:000261b0       ??0Program@@QAE@XZ         004491b0 f   Program.obj
 0002:000261f0       ??1Program@@UAE@XZ         004491f0 f   Program.obj
 0002:00026230       ??0StopAllProgram@@QAE@XZ  00449230 f   Program.obj
 0002:00026280       ??1StopAllProgram@@UAE@XZ  00449280 f   Program.obj
 0002:000262d0       ?doSync@StopAllProgram@@UBE_NXZ 004492d0 f   Program.obj
 0002:00026300       ?finishWhen@StopAllProgram@@UBE?AW4EFinishWhen@Program@@XZ 00449300 f   Program.obj
 0002:00026330       ?availableWhenStopped@StopAllProgram@@UBE_NXZ 00449330 f   Program.obj
 0002:00026360       ?availableWhenStarted@StopAllProgram@@UBE_NXZ 00449360 f   Program.obj
 0002:00026390       ?launcherStoppedAction@StopAllProgram@@UBE?AW4EAction@Program@@XZ 00449390 f   Program.obj
 0002:000263c0       ?name@StopAllProgram@@UBE?AVQString@@XZ 004493c0 f   Program.obj
 0002:00026430       ??0RestartAllProgram@@QAE@XZ 00449430 f   Program.obj
 0002:00026480       ??1RestartAllProgram@@UAE@XZ 00449480 f   Program.obj
 0002:000264d0       ?doSync@RestartAllProgram@@UBE_NXZ 004494d0 f   Program.obj
 0002:00026500       ?finishWhen@RestartAllProgram@@UBE?AW4EFinishWhen@Program@@XZ 00449500 f   Program.obj
 0002:00026530       ?availableWhenStopped@RestartAllProgram@@UBE_NXZ 00449530 f   Program.obj
 0002:00026560       ?availableWhenStarted@RestartAllProgram@@UBE_NXZ 00449560 f   Program.obj
 0002:00026590       ?launcherStoppedAction@RestartAllProgram@@UBE?AW4EAction@Program@@XZ 00449590 f   Program.obj
 0002:000265c0       ?name@RestartAllProgram@@UBE?AVQString@@XZ 004495c0 f   Program.obj
 0002:00026630       ??0UpdateAndRestartProgram@@QAE@XZ 00449630 f   Program.obj
 0002:00026680       ??1UpdateAndRestartProgram@@UAE@XZ 00449680 f   Program.obj
 0002:000266d0       ?doSync@UpdateAndRestartProgram@@UBE_NXZ 004496d0 f   Program.obj
 0002:00026700       ?finishWhen@UpdateAndRestartProgram@@UBE?AW4EFinishWhen@Program@@XZ 00449700 f   Program.obj
 0002:00026730       ?availableWhenStopped@UpdateAndRestartProgram@@UBE_NXZ 00449730 f   Program.obj
 0002:00026760       ?availableWhenStarted@UpdateAndRestartProgram@@UBE_NXZ 00449760 f   Program.obj
 0002:00026790       ?launcherStoppedAction@UpdateAndRestartProgram@@UBE?AW4EAction@Program@@XZ 00449790 f   Program.obj
 0002:000267c0       ?name@UpdateAndRestartProgram@@UBE?AVQString@@XZ 004497c0 f   Program.obj
 0002:00026830       ??0InitializeProgram@@QAE@XZ 00449830 f   Program.obj
 0002:00026880       ??1InitializeProgram@@UAE@XZ 00449880 f   Program.obj
 0002:000268d0       ?doSync@InitializeProgram@@UBE_NXZ 004498d0 f   Program.obj
 0002:00026900       ?finishWhen@InitializeProgram@@UBE?AW4EFinishWhen@Program@@XZ 00449900 f   Program.obj
 0002:00026930       ?availableWhenStopped@InitializeProgram@@UBE_NXZ 00449930 f   Program.obj
 0002:00026960       ?availableWhenStarted@InitializeProgram@@UBE_NXZ 00449960 f   Program.obj
 0002:00026990       ?launcherStoppedAction@InitializeProgram@@UBE?AW4EAction@Program@@XZ 00449990 f   Program.obj
 0002:000269c0       ?name@InitializeProgram@@UBE?AVQString@@XZ 004499c0 f   Program.obj
 0002:00026a30       ??0StopAndTestProgram@@QAE@XZ 00449a30 f   Program.obj
 0002:00026a80       ??1StopAndTestProgram@@UAE@XZ 00449a80 f   Program.obj
 0002:00026ad0       ?doSync@StopAndTestProgram@@UBE_NXZ 00449ad0 f   Program.obj
 0002:00026b00       ?finishWhen@StopAndTestProgram@@UBE?AW4EFinishWhen@Program@@XZ 00449b00 f   Program.obj
 0002:00026b30       ?availableWhenStopped@StopAndTestProgram@@UBE_NXZ 00449b30 f   Program.obj
 0002:00026b60       ?availableWhenStarted@StopAndTestProgram@@UBE_NXZ 00449b60 f   Program.obj
 0002:00026b90       ?launcherStoppedAction@StopAndTestProgram@@UBE?AW4EAction@Program@@XZ 00449b90 f   Program.obj
 0002:00026bc0       ?name@StopAndTestProgram@@UBE?AVQString@@XZ 00449bc0 f   Program.obj
 0002:00026c30       ??0StopAndReloadLauncherProgram@@QAE@XZ 00449c30 f   Program.obj
 0002:00026c80       ??1StopAndReloadLauncherProgram@@UAE@XZ 00449c80 f   Program.obj
 0002:00026cd0       ?doSync@StopAndReloadLauncherProgram@@UBE_NXZ 00449cd0 f   Program.obj
 0002:00026d00       ?finishWhen@StopAndReloadLauncherProgram@@UBE?AW4EFinishWhen@Program@@XZ 00449d00 f   Program.obj
 0002:00026d30       ?availableWhenStopped@StopAndReloadLauncherProgram@@UBE_NXZ 00449d30 f   Program.obj
 0002:00026d60       ?availableWhenStarted@StopAndReloadLauncherProgram@@UBE_NXZ 00449d60 f   Program.obj
 0002:00026d90       ?launcherStoppedAction@StopAndReloadLauncherProgram@@UBE?AW4EAction@Program@@XZ 00449d90 f   Program.obj
 0002:00026dc0       ?name@StopAndReloadLauncherProgram@@UBE?AVQString@@XZ 00449dc0 f   Program.obj
 0002:00026e30       ??0StartAndStopWithSyncProgram@@QAE@XZ 00449e30 f   Program.obj
 0002:00026e80       ??1StartAndStopWithSyncProgram@@UAE@XZ 00449e80 f   Program.obj
 0002:00026ed0       ?doSync@StartAndStopWithSyncProgram@@UBE_NXZ 00449ed0 f   Program.obj
 0002:00026f00       ?finishWhen@StartAndStopWithSyncProgram@@UBE?AW4EFinishWhen@Program@@XZ 00449f00 f   Program.obj
 0002:00026f30       ?availableWhenStopped@StartAndStopWithSyncProgram@@UBE_NXZ 00449f30 f   Program.obj
 0002:00026f60       ?availableWhenStarted@StartAndStopWithSyncProgram@@UBE_NXZ 00449f60 f   Program.obj
 0002:00026f90       ?launcherStoppedAction@StartAndStopWithSyncProgram@@UBE?AW4EAction@Program@@XZ 00449f90 f   Program.obj
 0002:00026fc0       ?name@StartAndStopWithSyncProgram@@UBE?AVQString@@XZ 00449fc0 f   Program.obj
 0002:00027030       ??0StartAndStopNoSyncProgram@@QAE@XZ 0044a030 f   Program.obj
 0002:00027080       ??1StartAndStopNoSyncProgram@@UAE@XZ 0044a080 f   Program.obj
 0002:000270d0       ?doSync@StartAndStopNoSyncProgram@@UBE_NXZ 0044a0d0 f   Program.obj
 0002:00027100       ?finishWhen@StartAndStopNoSyncProgram@@UBE?AW4EFinishWhen@Program@@XZ 0044a100 f   Program.obj
 0002:00027130       ?availableWhenStopped@StartAndStopNoSyncProgram@@UBE_NXZ 0044a130 f   Program.obj
 0002:00027160       ?availableWhenStarted@StartAndStopNoSyncProgram@@UBE_NXZ 0044a160 f   Program.obj
 0002:00027190       ?launcherStoppedAction@StartAndStopNoSyncProgram@@UBE?AW4EAction@Program@@XZ 0044a190 f   Program.obj
 0002:000271c0       ?name@StartAndStopNoSyncProgram@@UBE?AVQString@@XZ 0044a1c0 f   Program.obj
 0002:00027230       ??0RestartNoReloadLauncherProgram@@QAE@XZ 0044a230 f   Program.obj
 0002:00027280       ??1RestartNoReloadLauncherProgram@@UAE@XZ 0044a280 f   Program.obj
 0002:000272d0       ?doSync@RestartNoReloadLauncherProgram@@UBE_NXZ 0044a2d0 f   Program.obj
 0002:00027300       ?finishWhen@RestartNoReloadLauncherProgram@@UBE?AW4EFinishWhen@Program@@XZ 0044a300 f   Program.obj
 0002:00027330       ?availableWhenStopped@RestartNoReloadLauncherProgram@@UBE_NXZ 0044a330 f   Program.obj
 0002:00027360       ?availableWhenStarted@RestartNoReloadLauncherProgram@@UBE_NXZ 0044a360 f   Program.obj
 0002:00027390       ?launcherStoppedAction@RestartNoReloadLauncherProgram@@UBE?AW4EAction@Program@@XZ 0044a390 f   Program.obj
 0002:000273c0       ?name@RestartNoReloadLauncherProgram@@UBE?AVQString@@XZ 0044a3c0 f   Program.obj
 0002:00027430       ??0ResyncAndReloadLauncherProgram@@QAE@XZ 0044a430 f   Program.obj
 0002:00027480       ??1ResyncAndReloadLauncherProgram@@UAE@XZ 0044a480 f   Program.obj
 0002:000274d0       ?doSync@ResyncAndReloadLauncherProgram@@UBE_NXZ 0044a4d0 f   Program.obj
 0002:00027500       ?finishWhen@ResyncAndReloadLauncherProgram@@UBE?AW4EFinishWhen@Program@@XZ 0044a500 f   Program.obj
 0002:00027530       ?availableWhenStopped@ResyncAndReloadLauncherProgram@@UBE_NXZ 0044a530 f   Program.obj
 0002:00027560       ?availableWhenStarted@ResyncAndReloadLauncherProgram@@UBE_NXZ 0044a560 f   Program.obj
 0002:00027590       ?launcherStoppedAction@ResyncAndReloadLauncherProgram@@UBE?AW4EAction@Program@@XZ 0044a590 f   Program.obj
 0002:000275c0       ?name@ResyncAndReloadLauncherProgram@@UBE?AVQString@@XZ 0044a5c0 f   Program.obj
 0002:00027b50       ??_GInitializeProgram@@UAEPAXI@Z 0044ab50 f i Program.obj
 0002:00027b50       ??_EInitializeProgram@@UAEPAXI@Z 0044ab50 f i Program.obj
 0002:00027bc0       ??_GProgram@@UAEPAXI@Z     0044abc0 f i Program.obj
 0002:00027bc0       ??_EProgram@@UAEPAXI@Z     0044abc0 f i Program.obj
 0002:00027c30       ??_ERestartAllProgram@@UAEPAXI@Z 0044ac30 f i Program.obj
 0002:00027c30       ??_GRestartAllProgram@@UAEPAXI@Z 0044ac30 f i Program.obj
 0002:00027ca0       ??_GRestartNoReloadLauncherProgram@@UAEPAXI@Z 0044aca0 f i Program.obj
 0002:00027ca0       ??_ERestartNoReloadLauncherProgram@@UAEPAXI@Z 0044aca0 f i Program.obj
 0002:00027d10       ??_EResyncAndReloadLauncherProgram@@UAEPAXI@Z 0044ad10 f i Program.obj
 0002:00027d10       ??_GResyncAndReloadLauncherProgram@@UAEPAXI@Z 0044ad10 f i Program.obj
 0002:00027d80       ??_GStartAndStopNoSyncProgram@@UAEPAXI@Z 0044ad80 f i Program.obj
 0002:00027d80       ??_EStartAndStopNoSyncProgram@@UAEPAXI@Z 0044ad80 f i Program.obj
 0002:00027df0       ??_EStartAndStopWithSyncProgram@@UAEPAXI@Z 0044adf0 f i Program.obj
 0002:00027df0       ??_GStartAndStopWithSyncProgram@@UAEPAXI@Z 0044adf0 f i Program.obj
 0002:00027e60       ??_EStopAllProgram@@UAEPAXI@Z 0044ae60 f i Program.obj
 0002:00027e60       ??_GStopAllProgram@@UAEPAXI@Z 0044ae60 f i Program.obj
 0002:00027ed0       ??_GStopAndReloadLauncherProgram@@UAEPAXI@Z 0044aed0 f i Program.obj
 0002:00027ed0       ??_EStopAndReloadLauncherProgram@@UAEPAXI@Z 0044aed0 f i Program.obj
 0002:00027f40       ??_EStopAndTestProgram@@UAEPAXI@Z 0044af40 f i Program.obj
 0002:00027f40       ??_GStopAndTestProgram@@UAEPAXI@Z 0044af40 f i Program.obj
 0002:00027fb0       ??_GUpdateAndRestartProgram@@UAEPAXI@Z 0044afb0 f i Program.obj
 0002:00027fb0       ??_EUpdateAndRestartProgram@@UAEPAXI@Z 0044afb0 f i Program.obj
 0002:00028020       ??0restartDialog@@QAE@PAVQWidget@@PBD_NI@Z 0044b020 f   restartdialogimpl.obj
 0002:000280f0       ??1restartDialog@@UAE@XZ   0044b0f0 f   restartdialogimpl.obj
 0002:00028150       ?timerEvent@restartDialog@@EAEXPAVQTimerEvent@@@Z 0044b150 f   restartdialogimpl.obj
 0002:000283d3       ??_ErestartDialog@@WCI@AEPAXI@Z 0044b3d3 f i restartdialogimpl.obj
 0002:000283e0       ??_GrestartDialog@@UAEPAXI@Z 0044b3e0 f i restartdialogimpl.obj
 0002:000283e0       ??_ErestartDialog@@UAEPAXI@Z 0044b3e0 f i restartdialogimpl.obj
 0002:00028450       ?metaObject@restartDialog@@UBEPAVQMetaObject@@XZ 0044b450 f i restartdialogimpl.obj
 0002:000284a0       ??0restartThread@@QAE@XZ   0044b4a0 f   restartThread.obj
 0002:00028500       ??1restartThread@@UAE@XZ   0044b500 f   restartThread.obj
 0002:00028560       ?run@restartThread@@UAEXXZ 0044b560 f   restartThread.obj
 0002:000286a0       ??_GrestartThread@@UAEPAXI@Z 0044b6a0 f i restartThread.obj
 0002:000286a0       ??_ErestartThread@@UAEPAXI@Z 0044b6a0 f i restartThread.obj
 0002:00028710       ??0startCSI@@QAE@PAVQObject@@PBD@Z 0044b710 f   startCSI.obj
 0002:00028a60       ??1startCSI@@UAE@XZ        0044ba60 f   startCSI.obj
 0002:00028b40       ?start@startCSI@@UAE_NPAVQStringList@@@Z 0044bb40 f   startCSI.obj
 0002:00029110       ?timerEvent@startCSI@@UAEXPAVQTimerEvent@@@Z 0044c110 f   startCSI.obj
 0002:00029230       ?rebootOnCrash@startCSI@@QAEX_N@Z 0044c230 f   startCSI.obj
 0002:00029270       ?csiProcessExited@startCSI@@QAEXXZ 0044c270 f   startCSI.obj
 0002:00029990       ??_GstartCSI@@UAEPAXI@Z    0044c990 f i startCSI.obj
 0002:00029990       ??_EstartCSI@@UAEPAXI@Z    0044c990 f i startCSI.obj
 0002:00029a00       ?metaObject@startCSI@@UBEPAVQMetaObject@@XZ 0044ca00 f i startCSI.obj
 0002:00029a50       ??0startCSIHelper@@QAE@XZ  0044ca50 f   startCSIHelper.obj
 0002:00029b70       ??1startCSIHelper@@UAE@XZ  0044cb70 f   startCSIHelper.obj
 0002:00029bd0       ?winEvent@startCSIHelper@@UAE_NPAUtagMSG@@@Z 0044cbd0 f   startCSIHelper.obj
 0002:00029c20       ?hWndCSI@startCSIHelper@@QAEPAUHWND__@@XZ 0044cc20 f   startCSIHelper.obj
 0002:00029cd0       ??_EstartCSIHelper@@WCI@AEPAXI@Z 0044ccd0 f i startCSIHelper.obj
 0002:00029ce0       ??_EstartCSIHelper@@UAEPAXI@Z 0044cce0 f i startCSIHelper.obj
 0002:00029ce0       ??_GstartCSIHelper@@UAEPAXI@Z 0044cce0 f i startCSIHelper.obj
 0002:00029d50       ?metaObject@startCSIHelper@@UBEPAVQMetaObject@@XZ 0044cd50 f i startCSIHelper.obj
 0002:00029da0       ??0SyncProcess@@QAE@XZ     0044cda0 f   SyncProcess.obj
 0002:00029e90       ??1SyncProcess@@UAE@XZ     0044ce90 f   SyncProcess.obj
 0002:00029fc0       ?startProcess@SyncProcess@@QAEXXZ 0044cfc0 f   SyncProcess.obj
 0002:0002a230       ?processFinished@SyncProcess@@IAEXXZ 0044d230 f   SyncProcess.obj
 0002:0002a280       ?moveSettings@SyncProcess@@IAEXXZ 0044d280 f   SyncProcess.obj
 0002:0002aa70       ?commonSetUp@SyncProcess@@IAEXVQString@@00@Z 0044da70 f   SyncProcess.obj
 0002:0002abe0       ?readStdout@SyncProcess@@IAEXXZ 0044dbe0 f   SyncProcess.obj
 0002:0002ad60       ?readStderr@SyncProcess@@IAEXXZ 0044dd60 f   SyncProcess.obj
 0002:0002af30       ??0NoSyncProcess@@QAE@XZ   0044df30 f   SyncProcess.obj
 0002:0002b2b0       ??1NoSyncProcess@@UAE@XZ   0044e2b0 f   SyncProcess.obj
 0002:0002b300       ?processExited@NoSyncProcess@@AAEXXZ 0044e300 f   SyncProcess.obj
 0002:0002b390       ??0FileSyncProcess@@QAE@XZ 0044e390 f   SyncProcess.obj
 0002:0002bcf0       ??1FileSyncProcess@@UAE@XZ 0044ecf0 f   SyncProcess.obj
 0002:0002bde0       ?processExited@FileSyncProcess@@AAEXXZ 0044ede0 f   SyncProcess.obj
 0002:0002d9e0       ??_EFileSyncProcess@@UAEPAXI@Z 004509e0 f i SyncProcess.obj
 0002:0002d9e0       ??_GFileSyncProcess@@UAEPAXI@Z 004509e0 f i SyncProcess.obj
 0002:0002da50       ??_GNoSyncProcess@@UAEPAXI@Z 00450a50 f i SyncProcess.obj
 0002:0002da50       ??_ENoSyncProcess@@UAEPAXI@Z 00450a50 f i SyncProcess.obj
 0002:0002dac0       ??_GQProcess@@UAEPAXI@Z    00450ac0 f i SyncProcess.obj
 0002:0002dac0       ??_EQProcess@@UAEPAXI@Z    00450ac0 f i SyncProcess.obj
 0002:0002db40       ??_GSyncProcess@@UAEPAXI@Z 00450b40 f i SyncProcess.obj
 0002:0002db40       ??_ESyncProcess@@UAEPAXI@Z 00450b40 f i SyncProcess.obj
 0002:0002dbb0       ?metaObject@FileSyncProcess@@UBEPAVQMetaObject@@XZ 00450bb0 f i SyncProcess.obj
 0002:0002dc00       ?metaObject@NoSyncProcess@@UBEPAVQMetaObject@@XZ 00450c00 f i SyncProcess.obj
 0002:0002dc50       ?metaObject@SyncProcess@@UBEPAVQMetaObject@@XZ 00450c50 f i SyncProcess.obj
 0002:0002dca0       ??0AboutDialogBase@@QAE@PAVQWidget@@PBD_NI@Z 00450ca0 f   AboutDialogBase.obj
 0002:0002ec70       ??1AboutDialogBase@@UAE@XZ 00451c70 f   AboutDialogBase.obj
 0002:0002ecd0       ?languageChange@AboutDialogBase@@MAEXXZ 00451cd0 f   AboutDialogBase.obj
 0002:0002f960       ??_EAboutDialogBase@@WCI@AEPAXI@Z 00452960 f i AboutDialogBase.obj
 0002:0002f96a       ??_EQHBoxLayout@@WCI@AEPAXI@Z 0045296a f i AboutDialogBase.obj
 0002:0002f974       ??_EQLabel@@WCI@AEPAXI@Z   00452974 f i AboutDialogBase.obj
 0002:0002f97e       ??_EQPushButton@@WCI@AEPAXI@Z 0045297e f i AboutDialogBase.obj
 0002:0002f988       ??_EQVBoxLayout@@WCI@AEPAXI@Z 00452988 f i AboutDialogBase.obj
 0002:0002f9a0       ??_EAboutDialogBase@@UAEPAXI@Z 004529a0 f i AboutDialogBase.obj
 0002:0002f9a0       ??_GAboutDialogBase@@UAEPAXI@Z 004529a0 f i AboutDialogBase.obj
 0002:0002fa10       ??_EQHBoxLayout@@UAEPAXI@Z 00452a10 f i AboutDialogBase.obj
 0002:0002fa10       ??_GQHBoxLayout@@UAEPAXI@Z 00452a10 f i AboutDialogBase.obj
 0002:0002fa90       ??_EQLabel@@UAEPAXI@Z      00452a90 f i AboutDialogBase.obj
 0002:0002fa90       ??_GQLabel@@UAEPAXI@Z      00452a90 f i AboutDialogBase.obj
 0002:0002fb10       ??_EQPushButton@@UAEPAXI@Z 00452b10 f i AboutDialogBase.obj
 0002:0002fb10       ??_GQPushButton@@UAEPAXI@Z 00452b10 f i AboutDialogBase.obj
 0002:0002fb90       ??_GQSpacerItem@@UAEPAXI@Z 00452b90 f i AboutDialogBase.obj
 0002:0002fb90       ??_EQSpacerItem@@UAEPAXI@Z 00452b90 f i AboutDialogBase.obj
 0002:0002fc10       ??_GQVBoxLayout@@UAEPAXI@Z 00452c10 f i AboutDialogBase.obj
 0002:0002fc10       ??_EQVBoxLayout@@UAEPAXI@Z 00452c10 f i AboutDialogBase.obj
 0002:0002fc90       ??0bncs_ws_manDialogBase@@QAE@PAVQWidget@@PBDI@Z 00452c90 f   bncs_ws_mandialogbase.obj
 0002:00031a60       ??1bncs_ws_manDialogBase@@UAE@XZ 00454a60 f   bncs_ws_mandialogbase.obj
 0002:00031b60       ?languageChange@bncs_ws_manDialogBase@@MAEXXZ 00454b60 f   bncs_ws_mandialogbase.obj
 0002:00033293       ??_EQGroupBox@@WCI@AEPAXI@Z 00456293 f i bncs_ws_mandialogbase.obj
 0002:0003329d       ??_EQMenuBar@@WCI@AEPAXI@Z 0045629d f i bncs_ws_mandialogbase.obj
 0002:000332a7       ??_EQMenuBar@@WIM@AEPAXI@Z 004562a7 f i bncs_ws_mandialogbase.obj
 0002:000332b4       ??_EQPopupMenu@@WCI@AEPAXI@Z 004562b4 f i bncs_ws_mandialogbase.obj
 0002:000332be       ??_EQPopupMenu@@WIM@AEPAXI@Z 004562be f i bncs_ws_mandialogbase.obj
 0002:000332cb       ??_EQToolBar@@WCI@AEPAXI@Z 004562cb f i bncs_ws_mandialogbase.obj
 0002:000332d5       ??_EQWidget@@WCI@AEPAXI@Z  004562d5 f i bncs_ws_mandialogbase.obj
 0002:000332df       ??_Ebncs_ws_manDialogBase@@WCI@AEPAXI@Z 004562df f i bncs_ws_mandialogbase.obj
 0002:000332f0       ??_GQAction@@UAEPAXI@Z     004562f0 f i bncs_ws_mandialogbase.obj
 0002:000332f0       ??_EQAction@@UAEPAXI@Z     004562f0 f i bncs_ws_mandialogbase.obj
 0002:00033370       ??_EQGroupBox@@UAEPAXI@Z   00456370 f i bncs_ws_mandialogbase.obj
 0002:00033370       ??_GQGroupBox@@UAEPAXI@Z   00456370 f i bncs_ws_mandialogbase.obj
 0002:000333f0       ??_EQMenuBar@@UAEPAXI@Z    004563f0 f i bncs_ws_mandialogbase.obj
 0002:000333f0       ??_GQMenuBar@@UAEPAXI@Z    004563f0 f i bncs_ws_mandialogbase.obj
 0002:00033470       ??_EQPopupMenu@@UAEPAXI@Z  00456470 f i bncs_ws_mandialogbase.obj
 0002:00033470       ??_GQPopupMenu@@UAEPAXI@Z  00456470 f i bncs_ws_mandialogbase.obj
 0002:000334f0       ??_EQToolBar@@UAEPAXI@Z    004564f0 f i bncs_ws_mandialogbase.obj
 0002:000334f0       ??_GQToolBar@@UAEPAXI@Z    004564f0 f i bncs_ws_mandialogbase.obj
 0002:00033570       ??_GQWidget@@UAEPAXI@Z     00456570 f i bncs_ws_mandialogbase.obj
 0002:00033570       ??_EQWidget@@UAEPAXI@Z     00456570 f i bncs_ws_mandialogbase.obj
 0002:000335f0       ??_Ebncs_ws_manDialogBase@@UAEPAXI@Z 004565f0 f i bncs_ws_mandialogbase.obj
 0002:000335f0       ??_Gbncs_ws_manDialogBase@@UAEPAXI@Z 004565f0 f i bncs_ws_mandialogbase.obj
 0002:00033660       ?metaObject@bncs_ws_manDialogBase@@UBEPAVQMetaObject@@XZ 00456660 f i bncs_ws_mandialogbase.obj
 0002:000336b0       ??0csi_startDialogBase@@QAE@PAVQWidget@@PBDI@Z 004566b0 f   csi_startdialogbase.obj
 0002:00034370       ??1csi_startDialogBase@@UAE@XZ 00457370 f   csi_startdialogbase.obj
 0002:000343d0       ?languageChange@csi_startDialogBase@@MAEXXZ 004573d0 f   csi_startdialogbase.obj
 0002:00034fec       ??_EQListView@@WCI@AEPAXI@Z 00457fec f i csi_startdialogbase.obj
 0002:00034ff6       ??_Ecsi_startDialogBase@@WCI@AEPAXI@Z 00457ff6 f i csi_startdialogbase.obj
 0002:00035000       ??_GQListView@@UAEPAXI@Z   00458000 f i csi_startdialogbase.obj
 0002:00035000       ??_EQListView@@UAEPAXI@Z   00458000 f i csi_startdialogbase.obj
 0002:00035080       ??_Ecsi_startDialogBase@@UAEPAXI@Z 00458080 f i csi_startdialogbase.obj
 0002:00035080       ??_Gcsi_startDialogBase@@UAEPAXI@Z 00458080 f i csi_startdialogbase.obj
 0002:000350f0       ?metaObject@csi_startDialogBase@@UBEPAVQMetaObject@@XZ 004580f0 f i csi_startdialogbase.obj
 0002:00035140       ??0logDialogBase@@QAE@PAVQWidget@@PBD_NI@Z 00458140 f   logdialog.obj
 0002:000356f0       ??1logDialogBase@@UAE@XZ   004586f0 f   logdialog.obj
 0002:00035750       ?languageChange@logDialogBase@@MAEXXZ 00458750 f   logdialog.obj
 0002:00035af5       ??_EQListBox@@WCI@AEPAXI@Z 00458af5 f i logdialog.obj
 0002:00035aff       ??_ElogDialogBase@@WCI@AEPAXI@Z 00458aff f i logdialog.obj
 0002:00035b10       ??_EQListBox@@UAEPAXI@Z    00458b10 f i logdialog.obj
 0002:00035b10       ??_GQListBox@@UAEPAXI@Z    00458b10 f i logdialog.obj
 0002:00035b90       ??_GlogDialogBase@@UAEPAXI@Z 00458b90 f i logdialog.obj
 0002:00035b90       ??_ElogDialogBase@@UAEPAXI@Z 00458b90 f i logdialog.obj
 0002:00035c00       ?metaObject@logDialogBase@@UBEPAVQMetaObject@@XZ 00458c00 f i logdialog.obj
 0002:00035c50       ?className@bncs_ws_manDialog@@UBEPBDXZ 00458c50 f   moc_bncs_ws_mandialog.obj
 0002:00035c80       ?qt_cast@bncs_ws_manDialog@@UAEPAXPBD@Z 00458c80 f   moc_bncs_ws_mandialog.obj
 0002:00035cf0       ?qt_invoke@bncs_ws_manDialog@@UAE_NHPAUQUObject@@@Z 00458cf0 f   moc_bncs_ws_mandialog.obj
 0002:00035fb0       ?qt_emit@bncs_ws_manDialog@@UAE_NHPAUQUObject@@@Z 00458fb0 f   moc_bncs_ws_mandialog.obj
 0002:00036000       ?qt_property@bncs_ws_manDialog@@UAE_NHHPAVQVariant@@@Z 00459000 f   moc_bncs_ws_mandialog.obj
 0002:00036050       ?qt_static_property@bncs_ws_manDialog@@SA_NPAVQObject@@HHPAVQVariant@@@Z 00459050 f   moc_bncs_ws_mandialog.obj
 0002:00036080       ?staticMetaObject@bncs_ws_manDialog@@SAPAVQMetaObject@@XZ 00459080 f   moc_bncs_ws_mandialog.obj
 0002:000362a0       ?tr@bncs_ws_manDialog@@SA?AVQString@@PBD0@Z 004592a0 f   moc_bncs_ws_mandialog.obj
 0002:00036360       ?trUtf8@bncs_ws_manDialog@@SA?AVQString@@PBD0@Z 00459360 f   moc_bncs_ws_mandialog.obj
 0002:00036610       ?className@bncs_ws_manDialogBase@@UBEPBDXZ 00459610 f   moc_bncs_ws_mandialogbase.obj
 0002:00036640       ?qt_cast@bncs_ws_manDialogBase@@UAEPAXPBD@Z 00459640 f   moc_bncs_ws_mandialogbase.obj
 0002:000366c0       ?qt_invoke@bncs_ws_manDialogBase@@UAE_NHPAUQUObject@@@Z 004596c0 f   moc_bncs_ws_mandialogbase.obj
 0002:00036760       ?qt_emit@bncs_ws_manDialogBase@@UAE_NHPAUQUObject@@@Z 00459760 f   moc_bncs_ws_mandialogbase.obj
 0002:000367c0       ?qt_property@bncs_ws_manDialogBase@@UAE_NHHPAVQVariant@@@Z 004597c0 f   moc_bncs_ws_mandialogbase.obj
 0002:00036820       ?qt_static_property@bncs_ws_manDialogBase@@SA_NPAVQObject@@HHPAVQVariant@@@Z 00459820 f   moc_bncs_ws_mandialogbase.obj
 0002:00036850       ?staticMetaObject@bncs_ws_manDialogBase@@SAPAVQMetaObject@@XZ 00459850 f   moc_bncs_ws_mandialogbase.obj
 0002:00036900       ?tr@bncs_ws_manDialogBase@@SA?AVQString@@PBD0@Z 00459900 f   moc_bncs_ws_mandialogbase.obj
 0002:000369c0       ?trUtf8@bncs_ws_manDialogBase@@SA?AVQString@@PBD0@Z 004599c0 f   moc_bncs_ws_mandialogbase.obj
 0002:00036b90       ?className@csi_startDialog@@UBEPBDXZ 00459b90 f   moc_csi_startdialog.obj
 0002:00036bc0       ?qt_cast@csi_startDialog@@UAEPAXPBD@Z 00459bc0 f   moc_csi_startdialog.obj
 0002:00036c30       ?qt_invoke@csi_startDialog@@UAE_NHPAUQUObject@@@Z 00459c30 f   moc_csi_startdialog.obj
 0002:00036de0       ?qt_emit@csi_startDialog@@UAE_NHPAUQUObject@@@Z 00459de0 f   moc_csi_startdialog.obj
 0002:00036eb0       ?qt_property@csi_startDialog@@UAE_NHHPAVQVariant@@@Z 00459eb0 f   moc_csi_startdialog.obj
 0002:00036f00       ?qt_static_property@csi_startDialog@@SA_NPAVQObject@@HHPAVQVariant@@@Z 00459f00 f   moc_csi_startdialog.obj
 0002:00036f30       ?staticMetaObject@csi_startDialog@@SAPAVQMetaObject@@XZ 00459f30 f   moc_csi_startdialog.obj
 0002:00037100       ?tr@csi_startDialog@@SA?AVQString@@PBD0@Z 0045a100 f   moc_csi_startdialog.obj
 0002:000371c0       ?trUtf8@csi_startDialog@@SA?AVQString@@PBD0@Z 0045a1c0 f   moc_csi_startdialog.obj
 0002:00037280       ?restart@csi_startDialog@@IAEXXZ 0045a280 f   moc_csi_startdialog.obj
 0002:000372e0       ?stateChanged@csi_startDialog@@IAEXW4status@workstationStatus@@@Z 0045a2e0 f   moc_csi_startdialog.obj
 0002:00037440       ?close@csi_startDialog@@IAEXXZ 0045a440 f   moc_csi_startdialog.obj
 0002:000376f0       ?className@csi_startDialogBase@@UBEPBDXZ 0045a6f0 f   moc_csi_startdialogbase.obj
 0002:00037720       ?qt_cast@csi_startDialogBase@@UAEPAXPBD@Z 0045a720 f   moc_csi_startdialogbase.obj
 0002:000377a0       ?qt_invoke@csi_startDialogBase@@UAE_NHPAUQUObject@@@Z 0045a7a0 f   moc_csi_startdialogbase.obj
 0002:00037840       ?qt_emit@csi_startDialogBase@@UAE_NHPAUQUObject@@@Z 0045a840 f   moc_csi_startdialogbase.obj
 0002:000378a0       ?qt_property@csi_startDialogBase@@UAE_NHHPAVQVariant@@@Z 0045a8a0 f   moc_csi_startdialogbase.obj
 0002:00037900       ?qt_static_property@csi_startDialogBase@@SA_NPAVQObject@@HHPAVQVariant@@@Z 0045a900 f   moc_csi_startdialogbase.obj
 0002:00037930       ?staticMetaObject@csi_startDialogBase@@SAPAVQMetaObject@@XZ 0045a930 f   moc_csi_startdialogbase.obj
 0002:000379e0       ?tr@csi_startDialogBase@@SA?AVQString@@PBD0@Z 0045a9e0 f   moc_csi_startdialogbase.obj
 0002:00037aa0       ?trUtf8@csi_startDialogBase@@SA?AVQString@@PBD0@Z 0045aaa0 f   moc_csi_startdialogbase.obj
 0002:00037c70       ?className@logDelete@@UBEPBDXZ 0045ac70 f   moc_logDelete.obj
 0002:00037ca0       ?qt_cast@logDelete@@UAEPAXPBD@Z 0045aca0 f   moc_logDelete.obj
 0002:00037d20       ?qt_invoke@logDelete@@UAE_NHPAUQUObject@@@Z 0045ad20 f   moc_logDelete.obj
 0002:00037d80       ?qt_emit@logDelete@@UAE_NHPAUQUObject@@@Z 0045ad80 f   moc_logDelete.obj
 0002:00037de0       ?qt_property@logDelete@@UAE_NHHPAVQVariant@@@Z 0045ade0 f   moc_logDelete.obj
 0002:00037e40       ?qt_static_property@logDelete@@SA_NPAVQObject@@HHPAVQVariant@@@Z 0045ae40 f   moc_logDelete.obj
 0002:00037e70       ?staticMetaObject@logDelete@@SAPAVQMetaObject@@XZ 0045ae70 f   moc_logDelete.obj
 0002:00037f20       ?tr@logDelete@@SA?AVQString@@PBD0@Z 0045af20 f   moc_logDelete.obj
 0002:00037fe0       ?trUtf8@logDelete@@SA?AVQString@@PBD0@Z 0045afe0 f   moc_logDelete.obj
 0002:000381a0       ?className@logDialogBase@@UBEPBDXZ 0045b1a0 f   moc_logdialog.obj
 0002:000381d0       ?qt_cast@logDialogBase@@UAEPAXPBD@Z 0045b1d0 f   moc_logdialog.obj
 0002:00038250       ?qt_invoke@logDialogBase@@UAE_NHPAUQUObject@@@Z 0045b250 f   moc_logdialog.obj
 0002:000382f0       ?qt_emit@logDialogBase@@UAE_NHPAUQUObject@@@Z 0045b2f0 f   moc_logdialog.obj
 0002:00038350       ?qt_property@logDialogBase@@UAE_NHHPAVQVariant@@@Z 0045b350 f   moc_logdialog.obj
 0002:000383b0       ?qt_static_property@logDialogBase@@SA_NPAVQObject@@HHPAVQVariant@@@Z 0045b3b0 f   moc_logdialog.obj
 0002:000383e0       ?staticMetaObject@logDialogBase@@SAPAVQMetaObject@@XZ 0045b3e0 f   moc_logdialog.obj
 0002:00038490       ?tr@logDialogBase@@SA?AVQString@@PBD0@Z 0045b490 f   moc_logdialog.obj
 0002:00038550       ?trUtf8@logDialogBase@@SA?AVQString@@PBD0@Z 0045b550 f   moc_logdialog.obj
 0002:00038720       ?className@logDialog@@UBEPBDXZ 0045b720 f   moc_logdialogimpl.obj
 0002:00038750       ?qt_cast@logDialog@@UAEPAXPBD@Z 0045b750 f   moc_logdialogimpl.obj
 0002:000387c0       ?qt_invoke@logDialog@@UAE_NHPAUQUObject@@@Z 0045b7c0 f   moc_logdialogimpl.obj
 0002:00038850       ?qt_emit@logDialog@@UAE_NHPAUQUObject@@@Z 0045b850 f   moc_logdialogimpl.obj
 0002:000388a0       ?qt_property@logDialog@@UAE_NHHPAVQVariant@@@Z 0045b8a0 f   moc_logdialogimpl.obj
 0002:000388f0       ?qt_static_property@logDialog@@SA_NPAVQObject@@HHPAVQVariant@@@Z 0045b8f0 f   moc_logdialogimpl.obj
 0002:00038920       ?staticMetaObject@logDialog@@SAPAVQMetaObject@@XZ 0045b920 f   moc_logdialogimpl.obj
 0002:000389c0       ?tr@logDialog@@SA?AVQString@@PBD0@Z 0045b9c0 f   moc_logdialogimpl.obj
 0002:00038a80       ?trUtf8@logDialog@@SA?AVQString@@PBD0@Z 0045ba80 f   moc_logdialogimpl.obj
 0002:00038c40       ?className@netComms@@UBEPBDXZ 0045bc40 f   moc_netComms.obj
 0002:00038c70       ?qt_cast@netComms@@UAEPAXPBD@Z 0045bc70 f   moc_netComms.obj
 0002:00038cf0       ?qt_invoke@netComms@@UAE_NHPAUQUObject@@@Z 0045bcf0 f   moc_netComms.obj
 0002:00038da0       ?qt_emit@netComms@@UAE_NHPAUQUObject@@@Z 0045bda0 f   moc_netComms.obj
 0002:00038eb0       ?qt_property@netComms@@UAE_NHHPAVQVariant@@@Z 0045beb0 f   moc_netComms.obj
 0002:00038f10       ?qt_static_property@netComms@@SA_NPAVQObject@@HHPAVQVariant@@@Z 0045bf10 f   moc_netComms.obj
 0002:00038f40       ?staticMetaObject@netComms@@SAPAVQMetaObject@@XZ 0045bf40 f   moc_netComms.obj
 0002:000390d0       ?tr@netComms@@SA?AVQString@@PBD0@Z 0045c0d0 f   moc_netComms.obj
 0002:00039190       ?trUtf8@netComms@@SA?AVQString@@PBD0@Z 0045c190 f   moc_netComms.obj
 0002:00039250       ?restart@netComms@@IAEXH@Z 0045c250 f   moc_netComms.obj
 0002:000392c0       ?stop@netComms@@IAEXH@Z    0045c2c0 f   moc_netComms.obj
 0002:00039330       ?start@netComms@@IAEXH@Z   0045c330 f   moc_netComms.obj
 0002:00039570       ?className@processBase@@UBEPBDXZ 0045c570 f   moc_processBase.obj
 0002:000395a0       ?qt_cast@processBase@@UAEPAXPBD@Z 0045c5a0 f   moc_processBase.obj
 0002:00039620       ?qt_invoke@processBase@@UAE_NHPAUQUObject@@@Z 0045c620 f   moc_processBase.obj
 0002:000396d0       ?qt_emit@processBase@@UAE_NHPAUQUObject@@@Z 0045c6d0 f   moc_processBase.obj
 0002:000397c0       ?qt_property@processBase@@UAE_NHHPAVQVariant@@@Z 0045c7c0 f   moc_processBase.obj
 0002:00039820       ?qt_static_property@processBase@@SA_NPAVQObject@@HHPAVQVariant@@@Z 0045c820 f   moc_processBase.obj
 0002:00039850       ?staticMetaObject@processBase@@SAPAVQMetaObject@@XZ 0045c850 f   moc_processBase.obj
 0002:00039970       ?tr@processBase@@SA?AVQString@@PBD0@Z 0045c970 f   moc_processBase.obj
 0002:00039a30       ?trUtf8@processBase@@SA?AVQString@@PBD0@Z 0045ca30 f   moc_processBase.obj
 0002:00039af0       ?done@processBase@@IAEX_N@Z 0045caf0 f   moc_processBase.obj
 0002:00039b60       ?signalFixUpAutoStart@processBase@@IAEXPAV1@@Z 0045cb60 f   moc_processBase.obj
 0002:00039cc0       ?close@processBase@@IAEXXZ 0045ccc0 f   moc_processBase.obj
 0002:00039f10       ?className@restartDialogBase@@UBEPBDXZ 0045cf10 f   moc_restartdialog.obj
 0002:00039f40       ?qt_cast@restartDialogBase@@UAEPAXPBD@Z 0045cf40 f   moc_restartdialog.obj
 0002:00039fc0       ?qt_invoke@restartDialogBase@@UAE_NHPAUQUObject@@@Z 0045cfc0 f   moc_restartdialog.obj
 0002:0003a060       ?qt_emit@restartDialogBase@@UAE_NHPAUQUObject@@@Z 0045d060 f   moc_restartdialog.obj
 0002:0003a0c0       ?qt_property@restartDialogBase@@UAE_NHHPAVQVariant@@@Z 0045d0c0 f   moc_restartdialog.obj
 0002:0003a120       ?qt_static_property@restartDialogBase@@SA_NPAVQObject@@HHPAVQVariant@@@Z 0045d120 f   moc_restartdialog.obj
 0002:0003a150       ?staticMetaObject@restartDialogBase@@SAPAVQMetaObject@@XZ 0045d150 f   moc_restartdialog.obj
 0002:0003a200       ?tr@restartDialogBase@@SA?AVQString@@PBD0@Z 0045d200 f   moc_restartdialog.obj
 0002:0003a2c0       ?trUtf8@restartDialogBase@@SA?AVQString@@PBD0@Z 0045d2c0 f   moc_restartdialog.obj
 0002:0003a490       ?className@restartDialog@@UBEPBDXZ 0045d490 f   moc_restartdialogimpl.obj
 0002:0003a4c0       ?qt_cast@restartDialog@@UAEPAXPBD@Z 0045d4c0 f   moc_restartdialogimpl.obj
 0002:0003a530       ?qt_invoke@restartDialog@@UAE_NHPAUQUObject@@@Z 0045d530 f   moc_restartdialogimpl.obj
 0002:0003a580       ?qt_emit@restartDialog@@UAE_NHPAUQUObject@@@Z 0045d580 f   moc_restartdialogimpl.obj
 0002:0003a5d0       ?qt_property@restartDialog@@UAE_NHHPAVQVariant@@@Z 0045d5d0 f   moc_restartdialogimpl.obj
 0002:0003a620       ?qt_static_property@restartDialog@@SA_NPAVQObject@@HHPAVQVariant@@@Z 0045d620 f   moc_restartdialogimpl.obj
 0002:0003a650       ?staticMetaObject@restartDialog@@SAPAVQMetaObject@@XZ 0045d650 f   moc_restartdialogimpl.obj
 0002:0003a6f0       ?tr@restartDialog@@SA?AVQString@@PBD0@Z 0045d6f0 f   moc_restartdialogimpl.obj
 0002:0003a7b0       ?trUtf8@restartDialog@@SA?AVQString@@PBD0@Z 0045d7b0 f   moc_restartdialogimpl.obj
 0002:0003a960       ?className@startCSI@@UBEPBDXZ 0045d960 f   moc_startCSI.obj
 0002:0003a990       ?qt_cast@startCSI@@UAEPAXPBD@Z 0045d990 f   moc_startCSI.obj
 0002:0003aa00       ?qt_invoke@startCSI@@UAE_NHPAUQUObject@@@Z 0045da00 f   moc_startCSI.obj
 0002:0003aa80       ?qt_emit@startCSI@@UAE_NHPAUQUObject@@@Z 0045da80 f   moc_startCSI.obj
 0002:0003aad0       ?qt_property@startCSI@@UAE_NHHPAVQVariant@@@Z 0045dad0 f   moc_startCSI.obj
 0002:0003ab20       ?qt_static_property@startCSI@@SA_NPAVQObject@@HHPAVQVariant@@@Z 0045db20 f   moc_startCSI.obj
 0002:0003ab50       ?staticMetaObject@startCSI@@SAPAVQMetaObject@@XZ 0045db50 f   moc_startCSI.obj
 0002:0003abf0       ?tr@startCSI@@SA?AVQString@@PBD0@Z 0045dbf0 f   moc_startCSI.obj
 0002:0003acb0       ?trUtf8@startCSI@@SA?AVQString@@PBD0@Z 0045dcb0 f   moc_startCSI.obj
 0002:0003ae70       ?className@startCSIHelper@@UBEPBDXZ 0045de70 f   moc_startCSIHelper.obj
 0002:0003aea0       ?qt_cast@startCSIHelper@@UAEPAXPBD@Z 0045dea0 f   moc_startCSIHelper.obj
 0002:0003af20       ?qt_invoke@startCSIHelper@@UAE_NHPAUQUObject@@@Z 0045df20 f   moc_startCSIHelper.obj
 0002:0003af80       ?qt_emit@startCSIHelper@@UAE_NHPAUQUObject@@@Z 0045df80 f   moc_startCSIHelper.obj
 0002:0003afe0       ?qt_property@startCSIHelper@@UAE_NHHPAVQVariant@@@Z 0045dfe0 f   moc_startCSIHelper.obj
 0002:0003b040       ?qt_static_property@startCSIHelper@@SA_NPAVQObject@@HHPAVQVariant@@@Z 0045e040 f   moc_startCSIHelper.obj
 0002:0003b070       ?staticMetaObject@startCSIHelper@@SAPAVQMetaObject@@XZ 0045e070 f   moc_startCSIHelper.obj
 0002:0003b120       ?tr@startCSIHelper@@SA?AVQString@@PBD0@Z 0045e120 f   moc_startCSIHelper.obj
 0002:0003b1e0       ?trUtf8@startCSIHelper@@SA?AVQString@@PBD0@Z 0045e1e0 f   moc_startCSIHelper.obj
 0002:0003b3a0       ??0restartDialogBase@@QAE@PAVQWidget@@PBD_NI@Z 0045e3a0 f   restartdialog.obj
 0002:0003bb80       ??1restartDialogBase@@UAE@XZ 0045eb80 f   restartdialog.obj
 0002:0003bbe0       ?languageChange@restartDialogBase@@MAEXXZ 0045ebe0 f   restartdialog.obj
 0002:0003c34d       ??_ErestartDialogBase@@WCI@AEPAXI@Z 0045f34d f i restartdialog.obj
 0002:0003c360       ??_ErestartDialogBase@@UAEPAXI@Z 0045f360 f i restartdialog.obj
 0002:0003c360       ??_GrestartDialogBase@@UAEPAXI@Z 0045f360 f i restartdialog.obj
 0002:0003c3d0       ?metaObject@restartDialogBase@@UBEPAVQMetaObject@@XZ 0045f3d0 f i restartdialog.obj
 0002:0003c4a0       ??0bncs_disklog@@QAE@PBDW4filetype@0@000000@Z 0045f4a0 f   bncs_disklogdb:bncs_disklog.obj
 0002:0003c520       ??0bncs_disklog@@QAE@PBDW4filetype@0@@Z 0045f520 f   bncs_disklogdb:bncs_disklog.obj
 0002:0003c580       ?write@bncs_disklog@@QAEXPBD00000@Z 0045f580 f   bncs_disklogdb:bncs_disklog.obj
 0002:0003c920       ??1bncs_disklog@@UAE@XZ    0045f920 f   bncs_disklogdb:bncs_disklog.obj
 0002:0003c970       ?ref@bncs_disklog@@QAEPBDXZ 0045f970 f   bncs_disklogdb:bncs_disklog.obj
 0002:0003c9a0       ?clear@bncs_disklog@@QAEXXZ 0045f9a0 f   bncs_disklogdb:bncs_disklog.obj
 0002:0003ca20       ?openLogFile@bncs_disklog@@AAEXPBDW4filetype@1@@Z 0045fa20 f   bncs_disklogdb:bncs_disklog.obj
 0002:0003cdb0       ?initVars@bncs_disklog@@AAEXXZ 0045fdb0 f   bncs_disklogdb:bncs_disklog.obj
 0002:0003ce00       ?createDirectory@bncs_disklog@@AAEXPBD@Z 0045fe00 f   bncs_disklogdb:bncs_disklog.obj
 0002:0003cf40       ?cleanup@bncs_disklog@@AAEXXZ 0045ff40 f   bncs_disklogdb:bncs_disklog.obj
 0002:0003d280       ??_Ebncs_disklog@@UAEPAXI@Z 00460280 f i bncs_disklogdb:bncs_disklog.obj
 0002:0003d280       ??_Gbncs_disklog@@UAEPAXI@Z 00460280 f i bncs_disklogdb:bncs_disklog.obj
 0002:0003d2f0       ??0cBncsVersion@@QAE@PBD@Z 004602f0 f   bncsversioninfodb:cBncsVersion.obj
 0002:0003dbd0       ??1cBncsVersion@@UAE@XZ    00460bd0 f   bncsversioninfodb:cBncsVersion.obj
 0002:0003e0b0       ??_EcBncsVersion@@UAEPAXI@Z 004610b0 f i bncsversioninfodb:cBncsVersion.obj
 0002:0003e0b0       ??_GcBncsVersion@@UAEPAXI@Z 004610b0 f i bncsversioninfodb:cBncsVersion.obj
 0002:0003e120       ?strpbrk@@YAPADPADPBD@Z    00461120 f i bncsversioninfodb:cBncsVersion.obj
 0002:0003e172       _GetFileVersionInfoSizeA@8 00461172 f   version:VERSION.dll
 0002:0003e178       _GetFileVersionInfoA@16    00461178 f   version:VERSION.dll
 0002:0003e17e       _VerQueryValueA@16         0046117e f   version:VERSION.dll
 0002:0003e184       ??0bncs_string@@QAE@PBD@Z  00461184 f   bncs_stringdb:bncs_stringdb.dll
 0002:0003e18a       ??1bncs_string@@UAE@XZ     0046118a f   bncs_stringdb:bncs_stringdb.dll
 0002:0003e190       ??Bbncs_string@@QBEPBDXZ   00461190 f   bncs_stringdb:bncs_stringdb.dll
 0002:0003e196       ??Bbncs_string@@QBEHXZ     00461196 f   bncs_stringdb:bncs_stringdb.dll
 0002:0003e19c       ??H@YA?BVbncs_string@@PBDABV0@@Z 0046119c f   bncs_stringdb:bncs_stringdb.dll
 0002:0003e1a2       ??8@YA_NABVbncs_string@@PBD@Z 004611a2 f   bncs_stringdb:bncs_stringdb.dll
 0002:0003e1a8       ?arg@bncs_string@@QBE?AV1@PBD@Z 004611a8 f   bncs_stringdb:bncs_stringdb.dll
 0002:0003e1ae       ?clearCache@bncs_config@@SAXXZ 004611ae f   bncs_configdb:bncs_configdb.dll
 0002:0003e1b4       ??0bncs_config@@QAE@ABVbncs_string@@@Z 004611b4 f   bncs_configdb:bncs_configdb.dll
 0002:0003e1ba       ??1bncs_config@@UAE@XZ     004611ba f   bncs_configdb:bncs_configdb.dll
 0002:0003e1c0       ?isValid@bncs_config@@QAE_NXZ 004611c0 f   bncs_configdb:bncs_configdb.dll
 0002:0003e1c6       ?isChildValid@bncs_config@@QAE_NXZ 004611c6 f   bncs_configdb:bncs_configdb.dll
 0002:0003e1cc       ?nextChild@bncs_config@@QAE_NXZ 004611cc f   bncs_configdb:bncs_configdb.dll
 0002:0003e1d2       ?childAttr@bncs_config@@QAE?AVbncs_string@@ABV2@@Z 004611d2 f   bncs_configdb:bncs_configdb.dll
 0002:0003e1d8       ?attr@bncs_config@@QAE?AVbncs_string@@ABV2@@Z 004611d8 f   bncs_configdb:bncs_configdb.dll
 0002:0003e1de       _setsockopt@20             004611de f   wsock32:WSOCK32.dll
 0002:0003e1f0       ??0QtSingleApplication@@QAE@ABVQString@@AAHPAPADW4Type@QApplication@@@Z 004611f0 f   qtsingleapplication:qtsingleapplication.obj
 0002:0003e2b0       ??0QtSingletonPrivate@@QAE@XZ 004612b0 f i qtsingleapplication:qtsingleapplication.obj
 0002:0003e2c0       ??1QtSingleApplication@@UAE@XZ 004612c0 f   qtsingleapplication:qtsingleapplication.obj
 0002:0003e360       ??1QtSingletonPrivate@@QAE@XZ 00461360 f i qtsingleapplication:qtsingleapplication.obj
 0002:0003e370       ??_GQtSingleApplication@@UAEPAXI@Z 00461370 f i qtsingleapplication:qtsingleapplication.obj
 0002:0003e370       ??_EQtSingleApplication@@UAEPAXI@Z 00461370 f i qtsingleapplication:qtsingleapplication.obj
 0002:0003e3a0       ??_GQtSingletonPrivate@@QAEPAXI@Z 004613a0 f i qtsingleapplication:qtsingleapplication.obj
 0002:0003e3d0       ?activateMainWidget@QtSingleApplication@@UAEXXZ 004613d0 f   qtsingleapplication:qtsingleapplication.obj
 0002:0003e400       ?id@QtSingleApplication@@QBE?AVQString@@XZ 00461400 f   qtsingleapplication:qtsingleapplication.obj
 0002:0003e430       ?metaObject@QtSingleApplication@@UBEPAVQMetaObject@@XZ 00461430 f i qtsingleapplication:qtsingleapplication.obj
 0002:0003e440       ?initialize@QtSingleApplication@@QAEX_N@Z 00461440 f   qtsingleapplication:qtsingleapplication_win.obj
 0002:0003e560       ?isRunning@QtSingleApplication@@QBE_NXZ 00461560 f   qtsingleapplication:qtsingleapplication_win.obj
 0002:0003e610       ?sendMessage@QtSingleApplication@@QAE_NABVQString@@H@Z 00461610 f   qtsingleapplication:qtsingleapplication_win.obj
 0002:0003e720       ?sysCleanup@QtSingleApplication@@AAEXXZ 00461720 f   qtsingleapplication:qtsingleapplication_win.obj
 0002:0003e730       ?sysInit@QtSingleApplication@@AAEXXZ 00461730 f   qtsingleapplication:qtsingleapplication_win.obj
 0002:0003e750       ?winEventFilter@QtSingleApplication@@MAE_NPAUtagMSG@@@Z 00461750 f   qtsingleapplication:qtsingleapplication_win.obj
 0002:0003e820       ?className@QtSingleApplication@@UBEPBDXZ 00461820 f   qtsingleapplication:moc_qtsingleapplication.obj
 0002:0003e830       ?messageReceived@QtSingleApplication@@IAEXABVQString@@@Z 00461830 f   qtsingleapplication:moc_qtsingleapplication.obj
 0002:0003e8b0       ?qt_cast@QtSingleApplication@@UAEPAXPBD@Z 004618b0 f   qtsingleapplication:moc_qtsingleapplication.obj
 0002:0003e920       ?qt_emit@QtSingleApplication@@UAE_NHPAUQUObject@@@Z 00461920 f   qtsingleapplication:moc_qtsingleapplication.obj
 0002:0003e970       ?qt_invoke@QtSingleApplication@@UAE_NHPAUQUObject@@@Z 00461970 f   qtsingleapplication:moc_qtsingleapplication.obj
 0002:0003ea00       ?qt_property@QtSingleApplication@@UAE_NHHPAVQVariant@@@Z 00461a00 f   qtsingleapplication:moc_qtsingleapplication.obj
 0002:0003ea10       ?qt_static_property@QtSingleApplication@@SA_NPAVQObject@@HHPAVQVariant@@@Z 00461a10 f   qtsingleapplication:moc_qtsingleapplication.obj
 0002:0003ea20       ?staticMetaObject@QtSingleApplication@@SAPAVQMetaObject@@XZ 00461a20 f   qtsingleapplication:moc_qtsingleapplication.obj
 0002:0003ebd0       ?tr@QtSingleApplication@@SA?AVQString@@PBD0@Z 00461bd0 f   qtsingleapplication:moc_qtsingleapplication.obj
 0002:0003ec30       ?trUtf8@QtSingleApplication@@SA?AVQString@@PBD0@Z 00461c30 f   qtsingleapplication:moc_qtsingleapplication.obj
 0002:0003ec8e       ??0QString@@QAE@PBD@Z      00461c8e f   qt-mt323:qt-mt323.dll
 0002:0003ec94       ??1QString@@QAE@XZ         00461c94 f   qt-mt323:qt-mt323.dll
 0002:0003ec9a       ?accept@QDialog@@MAEXXZ    00461c9a f   qt-mt323:qt-mt323.dll
 0002:0003eca0       ?adjustSize@QWidget@@UAEXXZ 00461ca0 f   qt-mt323:qt-mt323.dll
 0002:0003eca6       ?checkConnectArgs@QObject@@MAE_NPBDPBV1@0@Z 00461ca6 f   qt-mt323:qt-mt323.dll
 0002:0003ecac       ?childEvent@QObject@@MAEXPAVQChildEvent@@@Z 00461cac f   qt-mt323:qt-mt323.dll
 0002:0003ecb2       ?close@QWidget@@UAE_N_N@Z  00461cb2 f   qt-mt323:qt-mt323.dll
 0002:0003ecb8       ?closeEvent@QDialog@@MAEXPAVQCloseEvent@@@Z 00461cb8 f   qt-mt323:qt-mt323.dll
 0002:0003ecbe       ?cmd@QPaintDevice@@MAE_NHPAVQPainter@@PATQPDevCmdParam@@@Z 00461cbe f   qt-mt323:qt-mt323.dll
 0002:0003ecc4       ?connectNotify@QObject@@MAEXPBD@Z 00461cc4 f   qt-mt323:qt-mt323.dll
 0002:0003ecca       ?contextMenuEvent@QDialog@@MAEXPAVQContextMenuEvent@@@Z 00461cca f   qt-mt323:qt-mt323.dll
 0002:0003ecd0       ?create@QWidget@@MAEXPAUHWND__@@_N1@Z 00461cd0 f   qt-mt323:qt-mt323.dll
 0002:0003ecd6       ?customEvent@QObject@@MAEXPAVQCustomEvent@@@Z 00461cd6 f   qt-mt323:qt-mt323.dll
 0002:0003ecdc       ?customWhatsThis@QWidget@@UBE_NXZ 00461cdc f   qt-mt323:qt-mt323.dll
 0002:0003ece2       ?destroy@QWidget@@MAEX_N0@Z 00461ce2 f   qt-mt323:qt-mt323.dll
 0002:0003ece8       ?disconnectNotify@QObject@@MAEXPBD@Z 00461ce8 f   qt-mt323:qt-mt323.dll
 0002:0003ecee       ?done@QDialog@@MAEXH@Z     00461cee f   qt-mt323:qt-mt323.dll
[...]
 0005:00001154       __imp_?viewportPaintEvent@QListBox@@UAEXPAVQPaintEvent@@@Z 0048a154     qt-mt323:qt-mt323.dll
 0005:00001158       __imp_?viewportResizeEvent@QScrollView@@MAEXPAVQResizeEvent@@@Z 0048a158     qt-mt323:qt-mt323.dll
 0005:0000115c       __imp_?windowActivationChange@QListBox@@MAEX_N@Z 0048a15c     qt-mt323:qt-mt323.dll
 0005:00001160       __imp_?get@QUType_ptr@@QAEAAPAXPAUQUObject@@@Z 0048a160     qt-mt323:qt-mt323.dll
 0005:00001164       __imp_?get@QUType_int@@QAEAAHPAUQUObject@@@Z 0048a164     qt-mt323:qt-mt323.dll
 0005:00001168       __imp_?static_QUType_ptr@@3UQUType_ptr@@A 0048a168     qt-mt323:qt-mt323.dll
 0005:0000116c       __imp_?static_QUType_int@@3UQUType_int@@A 0048a16c     qt-mt323:qt-mt323.dll
 0005:00001170       __imp_?qt_cast@QMainWindow@@UAEPAXPBD@Z 0048a170     qt-mt323:qt-mt323.dll
 0005:00001174       __imp_?qt_invoke@QMainWindow@@UAE_NHPAUQUObject@@@Z 0048a174     qt-mt323:qt-mt323.dll
 0005:00001178       __imp_?qt_emit@QMainWindow@@UAE_NHPAUQUObject@@@Z 0048a178     qt-mt323:qt-mt323.dll
 0005:0000117c       __imp_?qt_property@QMainWindow@@UAE_NHHPAVQVariant@@@Z 0048a17c     qt-mt323:qt-mt323.dll
 0005:00001180       __imp_?staticMetaObject@QMainWindow@@SAPAVQMetaObject@@XZ 0048a180     qt-mt323:qt-mt323.dll
 0005:00001184       __imp_?signalsBlocked@QObject@@QBE_NXZ 0048a184     qt-mt323:qt-mt323.dll
 0005:00001188       __imp_?receivers@QObject@@IBEPAVQConnectionList@@H@Z 0048a188     qt-mt323:qt-mt323.dll
 0005:0000118c       __imp_?activate_signal@QObject@@IAEXPAVQConnectionList@@PAUQUObject@@@Z 0048a18c     qt-mt323:qt-mt323.dll
 0005:00001190       __imp_??0QUObject@@QAE@XZ  0048a190     qt-mt323:qt-mt323.dll
 0005:00001194       __imp_??1QUObject@@QAE@XZ  0048a194     qt-mt323:qt-mt323.dll
 0005:00001198       __imp_?set@QUType_ptr@@QAEXPAUQUObject@@PBX@Z 0048a198     qt-mt323:qt-mt323.dll
 0005:0000119c       __imp_?get@QUType_bool@@QAEAA_NPAUQUObject@@@Z 0048a19c     qt-mt323:qt-mt323.dll
 0005:000011a0       __imp_?static_QUType_bool@@3UQUType_bool@@A 0048a1a0     qt-mt323:qt-mt323.dll
 0005:000011a4       __imp_?static_QUType_varptr@@3UQUType_varptr@@A 0048a1a4     qt-mt323:qt-mt323.dll
 0005:000011a8       __imp_?staticMetaObject@QWidget@@SAPAVQMetaObject@@XZ 0048a1a8     qt-mt323:qt-mt323.dll
 0005:000011ac       __imp_?activate_signal@QObject@@IAEXHH@Z 0048a1ac     qt-mt323:qt-mt323.dll
 0005:000011b0       __imp_?activate_signal_bool@QObject@@IAEXH_N@Z 0048a1b0     qt-mt323:qt-mt323.dll
 0005:000011b4       __imp_?staticMetaObject@QProcess@@SAPAVQMetaObject@@XZ 0048a1b4     qt-mt323:qt-mt323.dll
 0005:000011b8       __imp_?raise@QWidget@@QAEXXZ 0048a1b8     qt-mt323:qt-mt323.dll
 0005:000011bc       __imp_??0QApplication@@QAE@AAHPAPADW4Type@0@@Z 0048a1bc     qt-mt323:qt-mt323.dll
 0005:000011c0       __imp_??1QApplication@@UAE@XZ 0048a1c0     qt-mt323:qt-mt323.dll
 0005:000011c4       __imp_?commitData@QApplication@@UAEXAAVQSessionManager@@@Z 0048a1c4     qt-mt323:qt-mt323.dll
 0005:000011c8       __imp_?event@QApplication@@MAE_NPAVQEvent@@@Z 0048a1c8     qt-mt323:qt-mt323.dll
 0005:000011cc       __imp_?notify@QApplication@@UAE_NPAVQObject@@PAVQEvent@@@Z 0048a1cc     qt-mt323:qt-mt323.dll
 0005:000011d0       __imp_?polish@QApplication@@UAEXPAVQWidget@@@Z 0048a1d0     qt-mt323:qt-mt323.dll
 0005:000011d4       __imp_?saveState@QApplication@@UAEXAAVQSessionManager@@@Z 0048a1d4     qt-mt323:qt-mt323.dll
 0005:000011d8       __imp_?main_widget@QApplication@@0PAVQWidget@@A 0048a1d8     qt-mt323:qt-mt323.dll
 0005:000011dc       __imp_??1QCString@@UAE@XZ  0048a1dc     qt-mt323:qt-mt323.dll
 0005:000011e0       __imp_?local8Bit@QString@@QBE?AVQCString@@XZ 0048a1e0     qt-mt323:qt-mt323.dll
 0005:000011e4       __imp_?fromUcs2@QString@@SA?AV1@PBG@Z 0048a1e4     qt-mt323:qt-mt323.dll
 0005:000011e8       __imp_?ucs2@QString@@QBEPBGXZ 0048a1e8     qt-mt323:qt-mt323.dll
 0005:000011ec       __imp_?winEventFilter@QApplication@@UAE_NPAUtagMSG@@@Z 0048a1ec     qt-mt323:qt-mt323.dll
 0005:000011f0       __imp_?qt_cast@QApplication@@UAEPAXPBD@Z 0048a1f0     qt-mt323:qt-mt323.dll
 0005:000011f4       __imp_?qt_invoke@QApplication@@UAE_NHPAUQUObject@@@Z 0048a1f4     qt-mt323:qt-mt323.dll
 0005:000011f8       __imp_?qt_emit@QApplication@@UAE_NHPAUQUObject@@@Z 0048a1f8     qt-mt323:qt-mt323.dll
 0005:000011fc       __imp_?qt_property@QApplication@@UAE_NHHPAVQVariant@@@Z 0048a1fc     qt-mt323:qt-mt323.dll
 0005:00001200       __imp_?staticMetaObject@QApplication@@SAPAVQMetaObject@@XZ 0048a200     qt-mt323:qt-mt323.dll
 0005:00001204       __imp_?set@QUType_bool@@QAEXPAUQUObject@@_N@Z 0048a204     qt-mt323:qt-mt323.dll
 0005:00001208       __imp_?winEvent@QWidget@@MAE_NPAUtagMSG@@@Z 0048a208     qt-mt323:qt-mt323.dll
 0005:0000120c       __imp_?wheelEvent@QWidget@@MAEXPAVQWheelEvent@@@Z 0048a20c     qt-mt323:qt-mt323.dll
 0005:00001210       __imp_?updateMask@QWidget@@MAEXXZ 0048a210     qt-mt323:qt-mt323.dll
 0005:00001214       __imp_?unsetCursor@QWidget@@UAEXXZ 0048a214     qt-mt323:qt-mt323.dll
 0005:00001218       __imp_?timerEvent@QObject@@MAEXPAVQTimerEvent@@@Z 0048a218     qt-mt323:qt-mt323.dll
 0005:0000121c       __imp_?tabletEvent@QWidget@@MAEXPAVQTabletEvent@@@Z 0048a21c     qt-mt323:qt-mt323.dll
 0005:00001220       __imp_?styleChange@QWidget@@MAEXAAVQStyle@@@Z 0048a220     qt-mt323:qt-mt323.dll
 0005:00001224       __imp_?sizePolicy@QWidget@@UBE?AVQSizePolicy@@XZ 0048a224     qt-mt323:qt-mt323.dll
 0005:00001228       __imp_?sizeHint@QDialog@@UBE?AVQSize@@XZ 0048a228     qt-mt323:qt-mt323.dll
 0005:0000122c       __imp_?showNormal@QWidget@@UAEXXZ 0048a22c     qt-mt323:qt-mt323.dll
 0005:00001230       __imp_?showMinimized@QWidget@@UAEXXZ 0048a230     qt-mt323:qt-mt323.dll
 0005:00001234       __imp_?showMaximized@QWidget@@UAEXXZ 0048a234     qt-mt323:qt-mt323.dll
 0005:00001238       __imp_?showEvent@QWidget@@MAEXPAVQShowEvent@@@Z 0048a238     qt-mt323:qt-mt323.dll
 0005:0000123c       __imp_?show@QDialog@@UAEXXZ 0048a23c     qt-mt323:qt-mt323.dll
 0005:00001240       __imp_?setWState@QWidget@@MAEXI@Z 0048a240     qt-mt323:qt-mt323.dll
 0005:00001244       __imp_?setWFlags@QWidget@@MAEXI@Z 0048a244     qt-mt323:qt-mt323.dll
 0005:00001248       __imp_?setUpdatesEnabled@QWidget@@UAEX_N@Z 0048a248     qt-mt323:qt-mt323.dll
 0005:0000124c       __imp_?setSizePolicy@QWidget@@UAEXVQSizePolicy@@@Z 0048a24c     qt-mt323:qt-mt323.dll
 0005:00001250       __imp_?setSizeIncrement@QWidget@@UAEXHH@Z 0048a250     qt-mt323:qt-mt323.dll
 0005:00001254       __imp_?setResolution@QPaintDevice@@UAEXH@Z 0048a254     qt-mt323:qt-mt323.dll
 0005:00001258       __imp_?setProperty@QObject@@UAE_NPBDABVQVariant@@@Z 0048a258     qt-mt323:qt-mt323.dll
 0005:0000125c       __imp_?setPaletteBackgroundPixmap@QWidget@@UAEXABVQPixmap@@@Z 0048a25c     qt-mt323:qt-mt323.dll
 0005:00001260       __imp_?setPaletteBackgroundColor@QWidget@@UAEXABVQColor@@@Z 0048a260     qt-mt323:qt-mt323.dll
 0005:00001264       __imp_?setPalette@QWidget@@UAEXABVQPalette@@@Z 0048a264     qt-mt323:qt-mt323.dll
 0005:00001268       __imp_?setName@QWidget@@UAEXPBD@Z 0048a268     qt-mt323:qt-mt323.dll
 0005:0000126c       __imp_?setMouseTracking@QWidget@@UAEX_N@Z 0048a26c     qt-mt323:qt-mt323.dll
 0005:00001270       __imp_?setMinimumSize@QWidget@@UAEXHH@Z 0048a270     qt-mt323:qt-mt323.dll
 0005:00001274       __imp_?setMicroFocusHint@QWidget@@MAEXHHHH_NPAVQFont@@@Z 0048a274     qt-mt323:qt-mt323.dll
 0005:00001278       __imp_?setMaximumSize@QWidget@@UAEXHH@Z 0048a278     qt-mt323:qt-mt323.dll
 0005:0000127c       __imp_?setMask@QWidget@@UAEXABVQRegion@@@Z 0048a27c     qt-mt323:qt-mt323.dll
 0005:00001280       __imp_?setMask@QWidget@@UAEXABVQBitmap@@@Z 0048a280     qt-mt323:qt-mt323.dll
 0005:00001284       __imp_?setKeyCompression@QWidget@@MAEX_N@Z 0048a284     qt-mt323:qt-mt323.dll
 0005:00001288       __imp_?setIconText@QWidget@@UAEXABVQString@@@Z 0048a288     qt-mt323:qt-mt323.dll
 0005:0000128c       __imp_?setIcon@QWidget@@UAEXABVQPixmap@@@Z 0048a28c     qt-mt323:qt-mt323.dll
 0005:00001290       __imp_?setGeometry@QDialog@@UAEXHHHH@Z 0048a290     qt-mt323:qt-mt323.dll
 0005:00001294       __imp_?setGeometry@QDialog@@UAEXABVQRect@@@Z 0048a294     qt-mt323:qt-mt323.dll
 0005:00001298       __imp_?setFont@QWidget@@UAEXABVQFont@@@Z 0048a298     qt-mt323:qt-mt323.dll
 0005:0000129c       __imp_?setFocusProxy@QWidget@@UAEXPAV1@@Z 0048a29c     qt-mt323:qt-mt323.dll
 0005:000012a0       __imp_?setFocusPolicy@QWidget@@UAEXW4FocusPolicy@1@@Z 0048a2a0     qt-mt323:qt-mt323.dll
 0005:000012a4       __imp_?setFocus@QWidget@@UAEXXZ 0048a2a4     qt-mt323:qt-mt323.dll
 0005:000012a8       __imp_?setErasePixmap@QWidget@@UAEXABVQPixmap@@@Z 0048a2a8     qt-mt323:qt-mt323.dll
 0005:000012ac       __imp_?setEraseColor@QWidget@@UAEXABVQColor@@@Z 0048a2ac     qt-mt323:qt-mt323.dll
 0005:000012b0       __imp_?setEnabled@QWidget@@UAEX_N@Z 0048a2b0     qt-mt323:qt-mt323.dll
 0005:000012b4       __imp_?setCursor@QWidget@@UAEXABVQCursor@@@Z 0048a2b4     qt-mt323:qt-mt323.dll
 0005:000012b8       __imp_?setCaption@QWidget@@UAEXABVQString@@@Z 0048a2b8     qt-mt323:qt-mt323.dll
 0005:000012bc       __imp_?setBackgroundPixmap@QWidget@@UAEXABVQPixmap@@@Z 0048a2bc     qt-mt323:qt-mt323.dll
 0005:000012c0       __imp_?setBackgroundOrigin@QWidget@@UAEXW4BackgroundOrigin@1@@Z 0048a2c0     qt-mt323:qt-mt323.dll
 0005:000012c4       __imp_?setBackgroundMode@QWidget@@UAEXW4BackgroundMode@Qt@@@Z 0048a2c4     qt-mt323:qt-mt323.dll
 0005:000012c8       __imp_?setBackgroundColor@QWidget@@UAEXABVQColor@@@Z 0048a2c8     qt-mt323:qt-mt323.dll
 0005:000012cc       __imp_?setAutoMask@QWidget@@UAEX_N@Z 0048a2cc     qt-mt323:qt-mt323.dll
 0005:000012d0       __imp_?setActiveWindow@QWidget@@UAEXXZ 0048a2d0     qt-mt323:qt-mt323.dll
 0005:000012d4       __imp_?setAcceptDrops@QWidget@@UAEX_N@Z 0048a2d4     qt-mt323:qt-mt323.dll
 0005:000012d8       __imp_?resolution@QPaintDevice@@UBEHXZ 0048a2d8     qt-mt323:qt-mt323.dll
 0005:000012dc       __imp_?resizeEvent@QDialog@@MAEXPAVQResizeEvent@@@Z 0048a2dc     qt-mt323:qt-mt323.dll
 0005:000012e0       __imp_?resize@QDialog@@UAEXHH@Z 0048a2e0     qt-mt323:qt-mt323.dll
 0005:000012e4       __imp_?reparent@QWidget@@UAEXPAV1@IABVQPoint@@_N@Z 0048a2e4     qt-mt323:qt-mt323.dll
 0005:000012e8       __imp_?removeChild@QObject@@UAEXPAV1@@Z 0048a2e8     qt-mt323:qt-mt323.dll
 0005:000012ec       __imp_?reject@QDialog@@MAEXXZ 0048a2ec     qt-mt323:qt-mt323.dll
 0005:000012f0       __imp_?property@QObject@@UBE?AVQVariant@@PBD@Z 0048a2f0     qt-mt323:qt-mt323.dll
 0005:000012f4       __imp_?polish@QWidget@@UAEXXZ 0048a2f4     qt-mt323:qt-mt323.dll
 0005:000012f8       __imp_?paletteChange@QWidget@@MAEXABVQPalette@@@Z 0048a2f8     qt-mt323:qt-mt323.dll
 0005:000012fc       __imp_?paintEvent@QWidget@@MAEXPAVQPaintEvent@@@Z 0048a2fc     qt-mt323:qt-mt323.dll
 0005:00001300       __imp_?moveEvent@QWidget@@MAEXPAVQMoveEvent@@@Z 0048a300     qt-mt323:qt-mt323.dll
 0005:00001304       __imp_?move@QDialog@@UAEXHH@Z 0048a304     qt-mt323:qt-mt323.dll
 0005:00001308       __imp_?mouseReleaseEvent@QWidget@@MAEXPAVQMouseEvent@@@Z 0048a308     qt-mt323:qt-mt323.dll
 0005:0000130c       __imp_?mousePressEvent@QWidget@@MAEXPAVQMouseEvent@@@Z 0048a30c     qt-mt323:qt-mt323.dll
 0005:00001310       __imp_?mouseMoveEvent@QWidget@@MAEXPAVQMouseEvent@@@Z 0048a310     qt-mt323:qt-mt323.dll
 0005:00001314       __imp_?mouseDoubleClickEvent@QWidget@@MAEXPAVQMouseEvent@@@Z 0048a314     qt-mt323:qt-mt323.dll
 0005:00001318       __imp_?minimumSizeHint@QDialog@@UBE?AVQSize@@XZ 0048a318     qt-mt323:qt-mt323.dll
 0005:0000131c       __imp_?metric@QWidget@@MBEHH@Z 0048a31c     qt-mt323:qt-mt323.dll
 0005:00001320       __imp_?leaveEvent@QWidget@@MAEXPAVQEvent@@@Z 0048a320     qt-mt323:qt-mt323.dll
 0005:00001324       __imp_?keyReleaseEvent@QWidget@@MAEXPAVQKeyEvent@@@Z 0048a324     qt-mt323:qt-mt323.dll
 0005:00001328       __imp_?keyPressEvent@QDialog@@MAEXPAVQKeyEvent@@@Z 0048a328     qt-mt323:qt-mt323.dll
 0005:0000132c       __imp_?insertChild@QObject@@UAEXPAV1@@Z 0048a32c     qt-mt323:qt-mt323.dll
 0005:00001330       __imp_?imStartEvent@QWidget@@MAEXPAVQIMEvent@@@Z 0048a330     qt-mt323:qt-mt323.dll
 0005:00001334       __imp_?imEndEvent@QWidget@@MAEXPAVQIMEvent@@@Z 0048a334     qt-mt323:qt-mt323.dll
 0005:00001338       __imp_?imComposeEvent@QWidget@@MAEXPAVQIMEvent@@@Z 0048a338     qt-mt323:qt-mt323.dll
 0005:0000133c       __imp_?hideEvent@QWidget@@MAEXPAVQHideEvent@@@Z 0048a33c     qt-mt323:qt-mt323.dll
 0005:00001340       __imp_?hide@QDialog@@UAEXXZ 0048a340     qt-mt323:qt-mt323.dll
 0005:00001344       __imp_?heightForWidth@QWidget@@UBEHH@Z 0048a344     qt-mt323:qt-mt323.dll
 0005:00001348       __imp_?handle@QPaintDevice@@UBEPAUHDC__@@XZ 0048a348     qt-mt323:qt-mt323.dll
 0005:0000134c       __imp_?fontMet@QPaintDevice@@MBEHPAVQFont@@HPBDH@Z 0048a34c     qt-mt323:qt-mt323.dll
 0005:00001350       __imp_?fontInf@QPaintDevice@@MBEHPAVQFont@@H@Z 0048a350     qt-mt323:qt-mt323.dll
 0005:00001354       __imp_?fontChange@QWidget@@MAEXABVQFont@@@Z 0048a354     qt-mt323:qt-mt323.dll
 0005:00001358       __imp_?focusOutEvent@QWidget@@MAEXPAVQFocusEvent@@@Z 0048a358     qt-mt323:qt-mt323.dll
 0005:0000135c       __imp_?focusNextPrevChild@QWidget@@MAE_N_N@Z 0048a35c     qt-mt323:qt-mt323.dll
 0005:00001360       __imp_?focusInEvent@QWidget@@MAEXPAVQFocusEvent@@@Z 0048a360     qt-mt323:qt-mt323.dll
 0005:00001364       __imp_?eventFilter@QDialog@@MAE_NPAVQObject@@PAVQEvent@@@Z 0048a364     qt-mt323:qt-mt323.dll
 0005:00001368       __imp_?event@QWidget@@MAE_NPAVQEvent@@@Z 0048a368     qt-mt323:qt-mt323.dll
 0005:0000136c       __imp_?enterEvent@QWidget@@MAEXPAVQEvent@@@Z 0048a36c     qt-mt323:qt-mt323.dll
 0005:00001370       __imp_?enabledChange@QWidget@@MAEX_N@Z 0048a370     qt-mt323:qt-mt323.dll
 0005:00001374       __imp_?dropEvent@QWidget@@MAEXPAVQDropEvent@@@Z 0048a374     qt-mt323:qt-mt323.dll
 0005:00001378       __imp_?dragMoveEvent@QWidget@@MAEXPAVQDragMoveEvent@@@Z 0048a378     qt-mt323:qt-mt323.dll
 0005:0000137c       __imp_?dragLeaveEvent@QWidget@@MAEXPAVQDragLeaveEvent@@@Z 0048a37c     qt-mt323:qt-mt323.dll
 0005:00001380       __imp_?dragEnterEvent@QWidget@@MAEXPAVQDragEnterEvent@@@Z 0048a380     qt-mt323:qt-mt323.dll
 0005:00001384       __imp_?done@QDialog@@MAEXH@Z 0048a384     qt-mt323:qt-mt323.dll
 0005:00001388       __imp_?disconnectNotify@QObject@@MAEXPBD@Z 0048a388     qt-mt323:qt-mt323.dll
 0005:0000138c       __imp_?destroy@QWidget@@MAEX_N0@Z 0048a38c     qt-mt323:qt-mt323.dll
 0005:00001390       __imp_?customWhatsThis@QWidget@@UBE_NXZ 0048a390     qt-mt323:qt-mt323.dll
 0005:00001394       __imp_?customEvent@QObject@@MAEXPAVQCustomEvent@@@Z 0048a394     qt-mt323:qt-mt323.dll
 0005:00001398       __imp_?create@QWidget@@MAEXPAUHWND__@@_N1@Z 0048a398     qt-mt323:qt-mt323.dll
 0005:0000139c       __imp_?contextMenuEvent@QDialog@@MAEXPAVQContextMenuEvent@@@Z 0048a39c     qt-mt323:qt-mt323.dll
 0005:000013a0       __imp_?connectNotify@QObject@@MAEXPBD@Z 0048a3a0     qt-mt323:qt-mt323.dll
 0005:000013a4       __imp_?cmd@QPaintDevice@@MAE_NHPAVQPainter@@PATQPDevCmdParam@@@Z 0048a3a4     qt-mt323:qt-mt323.dll
 0005:000013a8       __imp_?closeEvent@QDialog@@MAEXPAVQCloseEvent@@@Z 0048a3a8     qt-mt323:qt-mt323.dll
 0005:000013ac       __imp_?close@QWidget@@UAE_N_N@Z 0048a3ac     qt-mt323:qt-mt323.dll
 0005:000013b0       __imp_?childEvent@QObject@@MAEXPAVQChildEvent@@@Z 0048a3b0     qt-mt323:qt-mt323.dll
 0005:000013b4       __imp_?checkConnectArgs@QObject@@MAE_NPBDPBV1@0@Z 0048a3b4     qt-mt323:qt-mt323.dll
 0005:000013b8       __imp_?adjustSize@QWidget@@UAEXXZ 0048a3b8     qt-mt323:qt-mt323.dll
 0005:000013bc       __imp_?accept@QDialog@@MAEXXZ 0048a3bc     qt-mt323:qt-mt323.dll
 0005:000013c0       __imp_??1QString@@QAE@XZ   0048a3c0     qt-mt323:qt-mt323.dll
 0005:000013c4       __imp_??0QString@@QAE@PBD@Z 0048a3c4     qt-mt323:qt-mt323.dll
 0005:000013c8       __imp_?timerId@QTimerEvent@@QBEHXZ 0048a3c8     qt-mt323:qt-mt323.dll
 0005:000013cc       __imp_??H@YA?BVQString@@ABV0@PBD@Z 0048a3cc     qt-mt323:qt-mt323.dll
 0005:000013d0       __imp_??8@YA_NABVQString@@PBD@Z 0048a3d0     qt-mt323:qt-mt323.dll
 0005:000013d4       __imp_??9@YA_NABVQString@@PBD@Z 0048a3d4     qt-mt323:qt-mt323.dll
 0005:000013d8       __imp_??9@YA_NABVQString@@0@Z 0048a3d8     qt-mt323:qt-mt323.dll
 0005:000013dc       __imp_??BQCharRef@@QBE?AVQChar@@XZ 0048a3dc     qt-mt323:qt-mt323.dll
 0005:000013e0       __imp_??BQString@@QBEPBDXZ 0048a3e0     qt-mt323:qt-mt323.dll
 0005:000013e4       __imp_??AQString@@QAE?AVQCharRef@@H@Z 0048a3e4     qt-mt323:qt-mt323.dll
 0005:000013e8       __imp_?replace@QString@@QAEAAV1@ABV1@0@Z 0048a3e8     qt-mt323:qt-mt323.dll
 0005:000013ec       __imp_?upper@QString@@QBE?AV1@XZ 0048a3ec     qt-mt323:qt-mt323.dll
 0005:000013f0       __imp_?lower@QString@@QBE?AV1@XZ 0048a3f0     qt-mt323:qt-mt323.dll
 0005:000013f4       __imp_?arg@QString@@QBE?AV1@ABV1@H@Z 0048a3f4     qt-mt323:qt-mt323.dll
 0005:000013f8       __imp_?arg@QString@@QBE?AV1@HHH@Z 0048a3f8     qt-mt323:qt-mt323.dll
 0005:000013fc       __imp_??4QString@@QAEAAV0@ABV0@@Z 0048a3fc     qt-mt323:qt-mt323.dll
 0005:00001400       __imp_??0QString@@QAE@ABV0@@Z 0048a400     qt-mt323:qt-mt323.dll
 0005:00001404       __imp_??0QString@@QAE@XZ   0048a404     qt-mt323:qt-mt323.dll
 0005:00001408       __imp_??0QChar@@QAE@D@Z    0048a408     qt-mt323:qt-mt323.dll
 0005:0000140c       __imp_?sizeHint@QLabel@@UBE?AVQSize@@XZ 0048a40c     qt-mt323:qt-mt323.dll
 0005:00001410       __imp_?qDebug@@YAXPBDZZ    0048a410     qt-mt323:qt-mt323.dll
 0005:00001414       __imp_?metaObject@QPushButton@@UBEPAVQMetaObject@@XZ 0048a414     qt-mt323:qt-mt323.dll
 0005:00001418       __imp_?deleteData@QGArray@@MAEXPAUarray_data@1@@Z 0048a418     qt-mt323:qt-mt323.dll
 0005:0000141c       __imp_?newData@QGArray@@MAEPAUarray_data@1@XZ 0048a41c     qt-mt323:qt-mt323.dll
 0005:00001420       __imp_??1QGArray@@MAE@XZ   0048a420     qt-mt323:qt-mt323.dll
 0005:00001424       __imp_?qWinMain@@YAXPAUHINSTANCE__@@0PADHAAHAAV?$QMemArray@PAD@@@Z 0048a424     qt-mt323:qt-mt323.dll
 0005:00001428       __imp_??0QGArray@@IAE@H@Z  0048a428     qt-mt323:qt-mt323.dll
 0005:0000142c       __imp_?duplicate@QGArray@@IAEAAV1@ABV1@@Z 0048a42c     qt-mt323:qt-mt323.dll
 0005:00001430       __imp_??_7?$QMemArray@H@@6B@ 0048a430     qt-mt323:qt-mt323.dll
 0005:00001434       __imp_??_7?$QMemArray@_N@@6B@ 0048a434     qt-mt323:qt-mt323.dll
 0005:00001438       __imp_??_7?$QMemArray@D@@6B@ 0048a438     qt-mt323:qt-mt323.dll
 0005:0000143c       __imp_??_7?$QMemArray@VQPoint@@@@6B@ 0048a43c     qt-mt323:qt-mt323.dll
 0005:00001440       __imp_??_7?$QPtrList@D@@6B@ 0048a440     qt-mt323:qt-mt323.dll
 0005:00001444       __imp_??_7?$QPtrList@VQObject@@@@6B@ 0048a444     qt-mt323:qt-mt323.dll
 0005:00001448       __imp_??_7?$QPtrList@VQWidget@@@@6B@ 0048a448     qt-mt323:qt-mt323.dll
 0005:0000144c       \177qt-mt323_NULL_THUNK_DATA 0048a44c     qt-mt323:qt-mt323.dll
 0005:000017ac       __IMPORT_DESCRIPTOR_VERSION 0048a7ac     version:VERSION.dll
 0005:000017c0       __IMPORT_DESCRIPTOR_bncs_stringdb 0048a7c0     bncs_stringdb:bncs_stringdb.dll
 0005:000017d4       __IMPORT_DESCRIPTOR_bncs_configdb 0048a7d4     bncs_configdb:bncs_configdb.dll
 0005:000017e8       __IMPORT_DESCRIPTOR_WSOCK32 0048a7e8     wsock32:WSOCK32.dll
 0005:000017fc       __IMPORT_DESCRIPTOR_qt-mt323 0048a7fc     qt-mt323:qt-mt323.dll
 0005:00001810       __IMPORT_DESCRIPTOR_KERNEL32 0048a810     kernel32:KERNEL32.dll
 0005:00001824       __IMPORT_DESCRIPTOR_USER32 0048a824     user32:USER32.dll
 0005:00001838       __IMPORT_DESCRIPTOR_ADVAPI32 0048a838     advapi32:ADVAPI32.dll
 0005:0000184c       __IMPORT_DESCRIPTOR_MSVCR120D 0048a84c     MSVCRTD:MSVCR120D.dll
 0005:00001860       __IMPORT_DESCRIPTOR_MSVCP120D 0048a860     msvcprtd:MSVCP120D.dll
 0005:00001874       __NULL_IMPORT_DESCRIPTOR   0048a874     version:VERSION.dll
