 bncs_vis_ed

 Timestamp is 56ddff88 (Mon Mar 07 22:24:08 2016)

 Preferred load address is 00400000

 Start         Length     Name                   Class
 0001:00000000 0004feb8H .text                   CODE
 0001:0004fec0 0000a533H .text$x                 CODE
 0002:00000000 00001c30H .idata$5                DATA
 0002:00001c30 0000a11cH .rdata                  DATA
 0002:0000bd50 00009690H .xdata$x                DATA
 0002:000153e0 000000b4H .idata$2                DATA
 0002:00015494 00000014H .idata$3                DATA
 0002:000154a8 00001c30H .idata$4                DATA
 0002:000170d8 00012686H .idata$6                DATA
 0002:00029760 00000d2bH .edata                  DATA
 0003:00000000 00000004H .CRT$XCA                DATA
 0003:00000004 0000009cH .CRT$XCU                DATA
 0003:000000a0 00000004H .CRT$XCZ                DATA
 0003:000000a4 00000004H .CRT$XIA                DATA
 0003:000000a8 00000004H .CRT$XIZ                DATA
 0003:000000b0 000135d4H .data                   DATA
 0003:00013688 0000054cH .bss                    DATA
 0004:00000000 00000148H .rsrc$01                DATA
 0004:00000150 00003b98H .rsrc$02                DATA

  Address         Publics by Value              Rva+Base     Lib:Object

 0001:00000000       ??0controldrag@@QAE@ABVQString@@0PAVQWidget@@0_N@Z 00401000 f   controldrag.obj
 0001:00001030       ??_Gcontroldrag@@UAEPAXI@Z 00402030 f i controldrag.obj
 0001:00001030       ??_Econtroldrag@@UAEPAXI@Z 00402030 f i controldrag.obj
 0001:00001050       ??_EQTextDrag@@UAEPAXI@Z   00402050 f i controldrag.obj
 0001:00001050       ??_GQTextDrag@@UAEPAXI@Z   00402050 f i controldrag.obj
 0001:00001070       ??1controldrag@@UAE@XZ     00402070 f   controldrag.obj
 0001:00001080       ?readTemplate@controldrag@@AAEXAAVQString@@0@Z 00402080 f   controldrag.obj
 0001:000018e0       ?path@global@@SA?AVQString@@XZ 004028e0 f i controldrag.obj
 0001:000019c0       ?getNamedNode@controldrag@@AAE?AVQString@@ABV2@0@Z 004029c0 f   controldrag.obj
 0001:00001ed0       ?getDocumentElement@controldrag@@AAE_NABVQString@@0AAVQDomElement@@AAV2@@Z 00402ed0 f   controldrag.obj
 0001:000021c0       ??_EQTextDrag@@WCI@AEPAXI@Z 004031c0 f i controldrag.obj
 0001:000021d0       ??0device_list@@QAE@PAVQWidget@@PBDI@Z 004031d0 f   device_list.obj
 0001:000023a0       ?metaObject@device_list@@UBEPAVQMetaObject@@XZ 004033a0 f i device_list.obj
 0001:000023b0       ??_Edevice_list@@UAEPAXI@Z 004033b0 f i device_list.obj
 0001:000023b0       ??_Gdevice_list@@UAEPAXI@Z 004033b0 f i device_list.obj
 0001:000023d0       ??1device_list@@UAE@XZ     004033d0 f   device_list.obj
 0001:00002480       ?load@device_list@@QAEXAAVQString@@@Z 00403480 f   device_list.obj
 0001:00002dc0       ??_GQListViewItem@@UAEPAXI@Z 00403dc0 f i device_list.obj
 0001:00002dc0       ??_EQListViewItem@@UAEPAXI@Z 00403dc0 f i device_list.obj
 0001:00002de0       ?windowActivationChange@device_list@@EAEX_N@Z 00403de0 f   device_list.obj
 0001:00002f40       ?save@device_list@@QAEXXZ  00403f40 f   device_list.obj
 0001:000031d0       ?close@device_list@@UAE_N_N@Z 004041d0 f   device_list.obj
 0001:000032e0       ?contextMenuRequested@device_list@@AAEXPAVQListViewItem@@ABVQPoint@@H@Z 004042e0 f   device_list.obj
 0001:000039e0       ?copy@device_list@@QAEXXZ  004049e0 f   device_list.obj
 0001:000039f0       ?cut@device_list@@QAEXXZ   004049f0 f   device_list.obj
 0001:00003a00       ?copy@device_list@@QAEX_N@Z 00404a00 f   device_list.obj
 0001:00003dd0       ??0delete_undo@@QAE@HAAVQString@@PAVQWidget@@V1@22@Z 00404dd0 f i device_list.obj
 0001:00003f50       ?undo@delete_undo@@UAEXXZ  00404f50 f i device_list.obj
 0001:00004060       ?paste@device_list@@QAEXXZ 00405060 f   device_list.obj
 0001:000045d0       ?undo@new_undo@@UAEXXZ     004055d0 f i device_list.obj
 0001:00004740       ?undo@device_list@@QAEXXZ  00405740 f   device_list.obj
 0001:000047e0       ?del@device_list@@QAEXXZ   004057e0 f   device_list.obj
 0001:00004950       ?doubleClicked@device_list@@AAEXPAVQListViewItem@@@Z 00405950 f   device_list.obj
 0001:00004bc0       ??0change_undo@@QAE@HAAVQString@@PAVQWidget@@PAVQListViewItem@@V1@33@Z 00405bc0 f i device_list.obj
 0001:00004e50       ?undo@change_undo@@UAEXXZ  00405e50 f i device_list.obj
 0001:00004fe0       ?newline@device_list@@QAEXXZ 00405fe0 f   device_list.obj
 0001:00005390       ?keyPressEvent@device_list@@EAEXPAVQKeyEvent@@@Z 00406390 f   device_list.obj
 0001:00005410       ?revert@device_list@@QAEXXZ 00406410 f   device_list.obj
 0001:00005540       ?checkForDuplicates@device_list@@AAEHH@Z 00406540 f   device_list.obj
 0001:00005700       ??1?$QPtrStack@Vundo_event@@@@UAE@XZ 00406700 f i device_list.obj
 0001:00005760       ?count@?$QPtrStack@Vundo_event@@@@UBEIXZ 00406760 f i device_list.obj
 0001:00005760       ?count@?$QPtrStack@Vw_undo_event@@@@UBEIXZ 00406760 f i device_list.obj
 0001:00005760       ?count@?$QPtrList@VsignalConnection@@@@UBEIXZ 00406760 f i device_list.obj
 0001:00005770       ??_E?$QPtrStack@Vundo_event@@@@UAEPAXI@Z 00406770 f i device_list.obj
 0001:00005770       ??_G?$QPtrStack@Vundo_event@@@@UAEPAXI@Z 00406770 f i device_list.obj
 0001:00005790       ?deleteItem@?$QPtrStack@Vundo_event@@@@EAEXPAX@Z 00406790 f i device_list.obj
 0001:00005790       ?deleteItem@?$QPtrStack@Vw_undo_event@@@@EAEXPAX@Z 00406790 f i device_list.obj
 0001:000057c0       ?at@?$QValueListPrivate@VQString@@@@QBEPAV?$QValueListNode@VQString@@@@I@Z 004067c0 f i device_list.obj
 0001:00005800       ??_Edevice_list@@WCI@AEPAXI@Z 00406800 f i device_list.obj
 0001:00005810       ?metaObject@device_list_editBase@@UBEPAVQMetaObject@@XZ 00406810 f i device_list_edit_imp.obj
 0001:00005820       ??_Gdevice_list_edit@@UAEPAXI@Z 00406820 f i device_list_edit_imp.obj
 0001:00005820       ??_Edevice_list_edit@@UAEPAXI@Z 00406820 f i device_list_edit_imp.obj
 0001:00005840       ??0device_list_edit@@QAE@PAVQWidget@@PAVQListViewItem@@@Z 00406840 f   device_list_edit_imp.obj
 0001:000059d0       ??1device_list_edit@@UAE@XZ 004069d0 f   device_list_edit_imp.obj
 0001:000059f0       ?loadTypes@device_list_edit@@QAEXXZ 004069f0 f   device_list_edit_imp.obj
 0001:00005ab0       ?loadDrivers@device_list_edit@@QAEXXZ 00406ab0 f   device_list_edit_imp.obj
 0001:00005b70       ?xmlToComboBox@device_list_edit@@QAEXVQString@@00PAVQComboBox@@@Z 00406b70 f   device_list_edit_imp.obj
 0001:00006200       ??_Edevice_list_edit@@WCI@AEPAXI@Z 00407200 f i device_list_edit_imp.obj
 0001:00006210       ??0deviceTypeListView@@QAE@PAVQWidget@@PBDI@Z 00407210 f   deviceTypeListView.obj
 0001:000063c0       ?metaObject@deviceTypeListView@@UBEPAVQMetaObject@@XZ 004073c0 f i deviceTypeListView.obj
 0001:000063d0       ??_EdeviceTypeListView@@UAEPAXI@Z 004073d0 f i deviceTypeListView.obj
 0001:000063d0       ??_GdeviceTypeListView@@UAEPAXI@Z 004073d0 f i deviceTypeListView.obj
 0001:000063f0       ??1deviceTypeListView@@UAE@XZ 004073f0 f   deviceTypeListView.obj
 0001:00006470       ?load@deviceTypeListView@@QAEXAAVQString@@@Z 00407470 f   deviceTypeListView.obj
 0001:00006d10       ?startDrag@deviceTypeListView@@UAEXXZ 00407d10 f   deviceTypeListView.obj
 0001:00006d30       ?setWithSlotSet@deviceTypeListView@@QAEX_N@Z 00407d30 f   deviceTypeListView.obj
 0001:00006d50       ??_EdeviceTypeListView@@WCI@AEPAXI@Z 00407d50 f i deviceTypeListView.obj
 0001:00006d60       ??0signalConnection@@QAE@ABVQString@@0000@Z 00407d60 f i dialog.obj
 0001:00006e60       ??0signalConnection@@QAE@ABV0@@Z 00407e60 f i dialog.obj
 0001:00006ee0       ??4signalConnection@@QAEAAV0@ABV0@@Z 00407ee0 f i dialog.obj
 0001:00006f20       ??1signalConnection@@QAE@XZ 00407f20 f i dialog.obj
 0001:00006ff0       ??0signalConnectionRefList@@QAE@XZ 00407ff0 f i dialog.obj
 0001:00007010       ??0signalConnectionRefList@@QAE@ABV0@@Z 00408010 f i dialog.obj
 0001:00007030       ??1signalConnectionRefList@@UAE@XZ 00408030 f i dialog.obj
 0001:000070a0       ??4signalConnectionRefList@@QAEAAV0@ABV0@@Z 004080a0 f i dialog.obj
 0001:000070b0       ??_EsignalConnectionRefList@@UAEPAXI@Z 004080b0 f i dialog.obj
 0001:00007110       ??0signalConnectionRefListIt@@QAE@ABVsignalConnectionRefList@@@Z 00408110 f i dialog.obj
 0001:00007130       ??4signalConnectionRefListIt@@QAEAAV0@ABV0@@Z 00408130 f i dialog.obj
 0001:00007150       ??0signalConnectionRefListIt@@QAE@ABV0@@Z 00408150 f i dialog.obj
 0001:00007170       ??1?$QPtrListIterator@VsignalConnection@@@@QAE@XZ 00408170 f i dialog.obj
 0001:00007170       ??1signalConnectionRefListIt@@QAE@XZ 00408170 f i dialog.obj
 0001:00007180       ??0dialog@@QAE@PAVQWidget@@PAVQMainWindow@@PBDIABVQString@@@Z 00408180 f   dialog.obj
 0001:000072d0       ?metaObject@dialog@@UBEPAVQMetaObject@@XZ 004082d0 f i dialog.obj
 0001:000072e0       ??_Gdialog@@UAEPAXI@Z      004082e0 f i dialog.obj
 0001:000072e0       ??_Edialog@@UAEPAXI@Z      004082e0 f i dialog.obj
 0001:00007300       ??1dialog@@UAE@XZ          00408300 f   dialog.obj
 0001:00007370       ?styleChange@dialog@@EAEXAAVQStyle@@@Z 00408370 f   dialog.obj
 0001:00007390       ?setFilename@dialog@@QAEXPBD@Z 00408390 f   dialog.obj
 0001:000073c0       ?close@dialog@@UAE_N_N@Z   004083c0 f   dialog.obj
 0001:00007410       ?windowActivated@dialog@@QAEXPAVQWidget@@@Z 00408410 f   dialog.obj
 0001:00007450       ?save@dialog@@QAEXXZ       00408450 f   dialog.obj
 0001:00007470       ?saveas@dialog@@QAEXXZ     00408470 f   dialog.obj
 0001:00007490       ?caption@dialog@@QAEXAAVQString@@@Z 00408490 f   dialog.obj
 0001:000074a0       ?comboBoxesMessage@dialog@@QAEXABVQString@@@Z 004084a0 f   dialog.obj
 0001:000074c0       ?showEvent@dialog@@EAEXPAVQShowEvent@@@Z 004084c0 f   dialog.obj
 0001:000074f0       ?hideEvent@dialog@@EAEXPAVQHideEvent@@@Z 004084f0 f   dialog.obj
 0001:00007520       ??1?$QPtrList@VsignalConnection@@@@UAE@XZ 00408520 f i dialog.obj
 0001:00007580       ?clear@?$QPtrStack@Vw_undo_event@@@@UAEXXZ 00408580 f i dialog.obj
 0001:00007580       ?clear@?$QPtrStack@Vundo_event@@@@UAEXXZ 00408580 f i dialog.obj
 0001:00007580       ?clear@?$QPtrList@VsignalConnection@@@@UAEXXZ 00408580 f i dialog.obj
 0001:00007590       ??_G?$QPtrList@VsignalConnection@@@@UAEPAXI@Z 00408590 f i dialog.obj
 0001:00007590       ??_E?$QPtrList@VsignalConnection@@@@UAEPAXI@Z 00408590 f i dialog.obj
 0001:000075b0       ?deleteItem@?$QPtrList@VsignalConnection@@@@EAEXPAX@Z 004085b0 f i dialog.obj
 0001:000075e0       ??_Edialog@@WCI@AEPAXI@Z   004085e0 f i dialog.obj
 0001:000075f0       ??0dialogedit@@QAE@PAVQWidget@@PBD_NI@Z 004085f0 f   dialogeditimpl.obj
 0001:00007630       ?metaObject@dialogedit@@UBEPAVQMetaObject@@XZ 00408630 f i dialogeditimpl.obj
 0001:00007640       ??_Gdialogedit@@UAEPAXI@Z  00408640 f i dialogeditimpl.obj
 0001:00007640       ??_Edialogedit@@UAEPAXI@Z  00408640 f i dialogeditimpl.obj
 0001:00007660       ??1dialogedit@@UAE@XZ      00408660 f   dialogeditimpl.obj
 0001:00007680       ??_Edialogedit@@WCI@AEPAXI@Z 00408680 f i dialogeditimpl.obj
 0001:00007690       ??_GQSpacerItem@@UAEPAXI@Z 00408690 f i distribute.obj
 0001:00007690       ??_EQSpacerItem@@UAEPAXI@Z 00408690 f i distribute.obj
 0001:000076b0       ??_EQVBoxLayout@@UAEPAXI@Z 004086b0 f i distribute.obj
 0001:000076b0       ??_GQVBoxLayout@@UAEPAXI@Z 004086b0 f i distribute.obj
 0001:000076d0       ??_EQHBoxLayout@@UAEPAXI@Z 004086d0 f i distribute.obj
 0001:000076d0       ??_GQHBoxLayout@@UAEPAXI@Z 004086d0 f i distribute.obj
 0001:000076f0       ??_GQButtonGroup@@UAEPAXI@Z 004086f0 f i distribute.obj
 0001:000076f0       ??_EQButtonGroup@@UAEPAXI@Z 004086f0 f i distribute.obj
 0001:00007710       ??_GQRadioButton@@UAEPAXI@Z 00408710 f i distribute.obj
 0001:00007710       ??_EQRadioButton@@UAEPAXI@Z 00408710 f i distribute.obj
 0001:00007730       ??_EQPushButton@@UAEPAXI@Z 00408730 f i distribute.obj
 0001:00007730       ??_GQPushButton@@UAEPAXI@Z 00408730 f i distribute.obj
 0001:00007750       ??_EQPushButton@@WCI@AEPAXI@Z 00408750 f i distribute.obj
 0001:00007760       ??_EQVBoxLayout@@WCI@AEPAXI@Z 00408760 f i distribute.obj
 0001:00007770       ??_EQHBoxLayout@@WCI@AEPAXI@Z 00408770 f i distribute.obj
 0001:00007780       ??_EQButtonGroup@@WCI@AEPAXI@Z 00408780 f i distribute.obj
 0001:00007790       ??_EQRadioButton@@WCI@AEPAXI@Z 00408790 f i distribute.obj
 0001:000077a0       ??0duplicateDlg@@QAE@PAVQWidget@@PBD_NI@Z 004087a0 f   duplicatedlgimpl.obj
 0001:000077e0       ?metaObject@duplicateDlg@@UBEPAVQMetaObject@@XZ 004087e0 f i duplicatedlgimpl.obj
 0001:000077f0       ??_GduplicateDlg@@UAEPAXI@Z 004087f0 f i duplicatedlgimpl.obj
 0001:000077f0       ??_EduplicateDlg@@UAEPAXI@Z 004087f0 f i duplicatedlgimpl.obj
 0001:00007810       ??1duplicateDlg@@UAE@XZ    00408810 f   duplicatedlgimpl.obj
 0001:00007830       ??_EduplicateDlg@@WCI@AEPAXI@Z 00408830 f i duplicatedlgimpl.obj
 0001:00007840       ??0editHandles@@QAE@PAVQWidget@@0_N@Z 00408840 f   editHandles.obj
 0001:00007a00       ?metaObject@editHandles@@UBEPAVQMetaObject@@XZ 00408a00 f i editHandles.obj
 0001:00007a10       ??_GeditHandles@@UAEPAXI@Z 00408a10 f i editHandles.obj
 0001:00007a10       ??_EeditHandles@@UAEPAXI@Z 00408a10 f i editHandles.obj
 0001:00007a30       ??1editHandles@@UAE@XZ     00408a30 f   editHandles.obj
 0001:00007a50       ?paintEvent@editHandles@@MAEXPAVQPaintEvent@@@Z 00408a50 f   editHandles.obj
 0001:00007c80       ?resizeEvent@editHandles@@MAEXPAVQResizeEvent@@@Z 00408c80 f   editHandles.obj
 0001:00008090       ?mouseMoveEvent@editHandles@@MAEXPAVQMouseEvent@@@Z 00409090 f   editHandles.obj
 0001:000085e0       ?mousePressEvent@editHandles@@MAEXPAVQMouseEvent@@@Z 004095e0 f   editHandles.obj
 0001:00008640       ?mouseReleaseEvent@editHandles@@MAEXPAVQMouseEvent@@@Z 00409640 f   editHandles.obj
 0001:000087f0       ?getCorner@editHandles@@AAE?AW4corner@@HH@Z 004097f0 f   editHandles.obj
 0001:000088a0       ??_EeditHandles@@WCI@AEPAXI@Z 004098a0 f i editHandles.obj
 0001:000088b0       ?encodeReservedChar@@YA?AVQString@@ABV1@@Z 004098b0 f   encodeReservedChar.obj
 0001:00008bb0       ??0file_new@@QAE@PAVQWidget@@PBD_NI@Z 00409bb0 f   file_new_imp.obj
 0001:00009030       ?metaObject@file_new@@UBEPAVQMetaObject@@XZ 0040a030 f i file_new_imp.obj
 0001:00009040       ??_Gfile_new@@UAEPAXI@Z    0040a040 f i file_new_imp.obj
 0001:00009040       ??_Efile_new@@UAEPAXI@Z    0040a040 f i file_new_imp.obj
 0001:00009060       ??_GQIconViewItem@@UAEPAXI@Z 0040a060 f i file_new_imp.obj
 0001:00009060       ??_EQIconViewItem@@UAEPAXI@Z 0040a060 f i file_new_imp.obj
 0001:00009080       ??1file_new@@UAE@XZ        0040a080 f   file_new_imp.obj
 0001:000090a0       ?doubleClicked@file_new@@QAEXPAVQIconViewItem@@@Z 0040a0a0 f   file_new_imp.obj
 0001:000090b0       ?doHelp@file_new@@QAEXXZ   0040a0b0 f   file_new_imp.obj
 0001:00009170       ?selection@file_new@@QAE?AVQString@@XZ 0040a170 f   file_new_imp.obj
 0001:000091c0       ??_Efile_new@@WCI@AEPAXI@Z 0040a1c0 f i file_new_imp.obj
 0001:000091d0       ??0globalStyleDlg@@QAE@PAVQWidget@@PBD_NI@Z 0040a1d0 f   globalstyledlgimpl.obj
 0001:00009270       ?metaObject@globalStyleDlg@@UBEPAVQMetaObject@@XZ 0040a270 f i globalstyledlgimpl.obj
 0001:00009280       ??_GglobalStyleDlg@@UAEPAXI@Z 0040a280 f i globalstyledlgimpl.obj
 0001:00009280       ??_EglobalStyleDlg@@UAEPAXI@Z 0040a280 f i globalstyledlgimpl.obj
 0001:000092a0       ??1globalStyleDlg@@UAE@XZ  0040a2a0 f   globalstyledlgimpl.obj
 0001:000092c0       ?backgroundColourPicker@globalStyleDlg@@QAEXXZ 0040a2c0 f   globalstyledlgimpl.obj
 0001:000093b0       ?defaultBgColourSelected@globalStyleDlg@@QAEX_N@Z 0040a3b0 f   globalstyledlgimpl.obj
 0001:000093e0       ??_EglobalStyleDlg@@WCI@AEPAXI@Z 0040a3e0 f i globalstyledlgimpl.obj
 0001:000093f0       ??0handleBlock@@QAE@PAVQWidget@@0H_N@Z 0040a3f0 f   handleBlock.obj
 0001:000096f0       ?metaObject@handleBlock@@UBEPAVQMetaObject@@XZ 0040a6f0 f i handleBlock.obj
 0001:00009700       ??_GhandleBlock@@UAEPAXI@Z 0040a700 f i handleBlock.obj
 0001:00009700       ??_EhandleBlock@@UAEPAXI@Z 0040a700 f i handleBlock.obj
 0001:00009720       ??1handleBlock@@UAE@XZ     0040a720 f i handleBlock.obj
 0001:00009730       ?paintEvent@handleBlock@@UAEXPAVQPaintEvent@@@Z 0040a730 f   handleBlock.obj
 0001:00009830       ?mousePressEvent@handleBlock@@UAEXPAVQMouseEvent@@@Z 0040a830 f   handleBlock.obj
 0001:00009860       ?mouseReleaseEvent@handleBlock@@UAEXPAVQMouseEvent@@@Z 0040a860 f   handleBlock.obj
 0001:000099e0       ?mouseMoveEvent@handleBlock@@UAEXPAVQMouseEvent@@@Z 0040a9e0 f   handleBlock.obj
 0001:00009ce0       ??_EhandleBlock@@WCI@AEPAXI@Z 0040ace0 f i handleBlock.obj
 0001:00009cf0       ??0importSettings@@QAE@PAVQWidget@@PBD_NI@Z 0040acf0 f   importsettingsimpl.obj
 0001:0000a390       ?metaObject@importSettings@@UBEPAVQMetaObject@@XZ 0040b390 f i importsettingsimpl.obj
 0001:0000a3a0       ??_EimportSettings@@UAEPAXI@Z 0040b3a0 f i importsettingsimpl.obj
 0001:0000a3a0       ??_GimportSettings@@UAEPAXI@Z 0040b3a0 f i importsettingsimpl.obj
 0001:0000a3c0       ??1?$map@VQString@@VQStringList@@U?$less@VQString@@@std@@V?$allocator@VQStringList@@@4@@std@@QAE@XZ 0040b3c0 f i importsettingsimpl.obj
 0001:0000a4c0       ??1?$pair@VQString@@VQStringList@@@std@@QAE@XZ 0040b4c0 f i importsettingsimpl.obj
 0001:0000a530       ??1?$pair@$$CBVQString@@VQStringList@@@std@@QAE@XZ 0040b530 f i importsettingsimpl.obj
 0001:0000a5a0       ??1importSettings@@UAE@XZ  0040b5a0 f   importsettingsimpl.obj
 0001:0000a700       ?getSettings@importSettings@@QAEXAAV?$map@VQString@@VQStringList@@U?$less@VQString@@@std@@V?$allocator@VQStringList@@@4@@std@@@Z 0040b700 f   importsettingsimpl.obj
 0001:0000a880       ?doHelp@importSettings@@AAEXXZ 0040b880 f   importsettingsimpl.obj
 0001:0000a940       ?insert@?$_Tree@VQString@@U?$pair@$$CBVQString@@VQStringList@@@std@@U_Kfn@?$map@VQString@@VQStringList@@U?$less@VQString@@@std@@V?$allocator@VQStringList@@@4@@3@U?$less@VQString@@@3@V?$allocator@VQStringList@@@3@@std@@QAE?AU?$pair@Viterator@?$_Tree@VQString@@U?$pair@$$CBVQString@@VQStringList@@@std@@U_Kfn@?$map@VQString@@VQStringList@@U?$less@VQString@@@std@@V?$allocator@VQStringList@@@4@@3@U?$less@VQString@@@3@V?$allocator@VQStringList@@@3@@std@@_N@2@ABU?$pair@$$CBVQString@@VQStringList@@@2@@Z 0040b940 f i importsettingsimpl.obj
 0001:0000ab90       ?erase@?$_Tree@VQString@@U?$pair@$$CBVQString@@VQStringList@@@std@@U_Kfn@?$map@VQString@@VQStringList@@U?$less@VQString@@@std@@V?$allocator@VQStringList@@@4@@3@U?$less@VQString@@@3@V?$allocator@VQStringList@@@3@@std@@QAE?AViterator@12@V312@@Z 0040bb90 f i importsettingsimpl.obj
 0001:0000b020       ?_Erase@?$_Tree@VQString@@U?$pair@$$CBVQString@@VQStringList@@@std@@U_Kfn@?$map@VQString@@VQStringList@@U?$less@VQString@@@std@@V?$allocator@VQStringList@@@4@@3@U?$less@VQString@@@3@V?$allocator@VQStringList@@@3@@std@@IAEXPAU_Node@12@@Z 0040c020 f i importsettingsimpl.obj
 0001:0000b070       ?_Init@?$_Tree@VQString@@U?$pair@$$CBVQString@@VQStringList@@@std@@U_Kfn@?$map@VQString@@VQStringList@@U?$less@VQString@@@std@@V?$allocator@VQStringList@@@4@@3@U?$less@VQString@@@3@V?$allocator@VQStringList@@@3@@std@@IAEXXZ 0040c070 f i importsettingsimpl.obj
 0001:0000b110       ?_Insert@?$_Tree@VQString@@U?$pair@$$CBVQString@@VQStringList@@@std@@U_Kfn@?$map@VQString@@VQStringList@@U?$less@VQString@@@std@@V?$allocator@VQStringList@@@4@@3@U?$less@VQString@@@3@V?$allocator@VQStringList@@@3@@std@@IAE?AViterator@12@PAU_Node@12@0ABU?$pair@$$CBVQString@@VQStringList@@@2@@Z 0040c110 f i importsettingsimpl.obj
 0001:0000b380       ?_Copy@?$_Tree@VQString@@U?$pair@$$CBVQString@@VQStringList@@@std@@U_Kfn@?$map@VQString@@VQStringList@@U?$less@VQString@@@std@@V?$allocator@VQStringList@@@4@@3@U?$less@VQString@@@3@V?$allocator@VQStringList@@@3@@std@@IAEPAU_Node@12@PAU312@0@Z 0040c380 f i importsettingsimpl.obj
 0001:0000b410       ?_Lrotate@?$_Tree@VQString@@U?$pair@$$CBVQString@@VQStringList@@@std@@U_Kfn@?$map@VQString@@VQStringList@@U?$less@VQString@@@std@@V?$allocator@VQStringList@@@4@@3@U?$less@VQString@@@3@V?$allocator@VQStringList@@@3@@std@@IAEXPAU_Node@12@@Z 0040c410 f i importsettingsimpl.obj
 0001:0000b470       ?_Rrotate@?$_Tree@VQString@@U?$pair@$$CBVQString@@VQStringList@@@std@@U_Kfn@?$map@VQString@@VQStringList@@U?$less@VQString@@@std@@V?$allocator@VQStringList@@@4@@3@U?$less@VQString@@@3@V?$allocator@VQStringList@@@3@@std@@IAEXPAU_Node@12@@Z 0040c470 f i importsettingsimpl.obj
 0001:0000b4d0       ?_Buynode@?$_Tree@VQString@@U?$pair@$$CBVQString@@VQStringList@@@std@@U_Kfn@?$map@VQString@@VQStringList@@U?$less@VQString@@@std@@V?$allocator@VQStringList@@@4@@3@U?$less@VQString@@@3@V?$allocator@VQStringList@@@3@@std@@IAEPAU_Node@12@PAU312@W4_Redbl@12@@Z 0040c4d0 f i importsettingsimpl.obj
 0001:0000b4f0       ?_Dec@const_iterator@?$_Tree@VQString@@U?$pair@$$CBVQString@@VQStringList@@@std@@U_Kfn@?$map@VQString@@VQStringList@@U?$less@VQString@@@std@@V?$allocator@VQStringList@@@4@@3@U?$less@VQString@@@3@V?$allocator@VQStringList@@@3@@std@@QAEXXZ 0040c4f0 f i importsettingsimpl.obj
 0001:0000b550       ?_Inc@const_iterator@?$_Tree@VQString@@U?$pair@$$CBVQString@@VQStringList@@@std@@U_Kfn@?$map@VQString@@VQStringList@@U?$less@VQString@@@std@@V?$allocator@VQStringList@@@4@@3@U?$less@VQString@@@3@V?$allocator@VQStringList@@@3@@std@@QAEXXZ 0040c550 f i importsettingsimpl.obj
 0001:0000b5a0       ?make_pair@std@@YA?AU?$pair@VQString@@VQStringList@@@1@ABVQString@@ABVQStringList@@@Z 0040c5a0 f i importsettingsimpl.obj
 0001:0000b5d0       ??0?$QValueListPrivate@VQString@@@@QAE@XZ 0040c5d0 f i importsettingsimpl.obj
 0001:0000b670       ??_E?$QValueListNode@VQString@@@@UAEPAXI@Z 0040c670 f i importsettingsimpl.obj
 0001:0000b670       ??_G?$QValueListNode@VQString@@@@UAEPAXI@Z 0040c670 f i importsettingsimpl.obj
 0001:0000b690       ??1?$QValueListNode@VQString@@@@UAE@XZ 0040c690 f i importsettingsimpl.obj
 0001:0000b6c0       ?insert@?$QValueListPrivate@VQString@@@@QAE?AV?$QValueListIterator@VQString@@@@V2@ABVQString@@@Z 0040c6c0 f i importsettingsimpl.obj
 0001:0000b740       ?_Construct@std@@YAXPAU?$pair@$$CBVQString@@VQStringList@@@1@ABU21@@Z 0040c740 f i importsettingsimpl.obj
 0001:0000b7a0       ??3@YAXPAX0@Z              0040c7a0 f i importsettingsimpl.obj
 0001:0000b7b0       ??_G?$QValueListPrivate@VQString@@@@UAEPAXI@Z 0040c7b0 f i importsettingsimpl.obj
 0001:0000b7b0       ??_E?$QValueListPrivate@VQString@@@@UAEPAXI@Z 0040c7b0 f i importsettingsimpl.obj
 0001:0000b800       ??_G?$pair@$$CBVQString@@VQStringList@@@std@@QAEPAXI@Z 0040c800 f i importsettingsimpl.obj
 0001:0000b820       ??_EimportSettings@@WCI@AEPAXI@Z 0040c820 f i importsettingsimpl.obj
 0001:0000b830       ??0lassoo@@QAE@PAVQWidget@@PBDI@Z 0040c830 f   lassoo.obj
 0001:0000ba00       ??_Elassoo@@UAEPAXI@Z      0040ca00 f i lassoo.obj
 0001:0000ba00       ??_Glassoo@@UAEPAXI@Z      0040ca00 f i lassoo.obj
 0001:0000ba20       ??_EQFrame@@UAEPAXI@Z      0040ca20 f i lassoo.obj
 0001:0000ba20       ??_GQFrame@@UAEPAXI@Z      0040ca20 f i lassoo.obj
 0001:0000ba40       ??1lassoo@@UAE@XZ          0040ca40 f   lassoo.obj
 0001:0000bae0       ?setRects@lassoo@@QAEXXZ   0040cae0 f   lassoo.obj
 0001:0000bc40       ?moveEvent@lassoo@@UAEXPAVQMoveEvent@@@Z 0040cc40 f   lassoo.obj
 0001:0000bc40       ?resizeEvent@lassoo@@UAEXPAVQResizeEvent@@@Z 0040cc40 f   lassoo.obj
 0001:0000bc50       ?setPoints@lassoo@@QAEXVQPoint@@0@Z 0040cc50 f   lassoo.obj
 0001:0000bcf0       ??_EQFrame@@WCI@AEPAXI@Z   0040ccf0 f i lassoo.obj
 0001:0000bd00       ??_Elassoo@@WCI@AEPAXI@Z   0040cd00 f i lassoo.obj
 0001:0000bd10       _main                      0040cd10 f   main.obj
 0001:0000c590       ?derefAndDelete@?$QValueListPrivate@VQString@@@@QAEXXZ 0040d590 f i main.obj
 0001:0000c5b0       ??0manualSettings@@QAE@PAVQWidget@@PBD_NI@Z 0040d5b0 f   manualsettingsimpl.obj
 0001:0000c630       ?metaObject@manualSettings@@UBEPAVQMetaObject@@XZ 0040d630 f i manualsettingsimpl.obj
 0001:0000c640       ??_EmanualSettings@@UAEPAXI@Z 0040d640 f i manualsettingsimpl.obj
 0001:0000c640       ??_GmanualSettings@@UAEPAXI@Z 0040d640 f i manualsettingsimpl.obj
 0001:0000c660       ??1manualSettings@@UAE@XZ  0040d660 f   manualsettingsimpl.obj
 0001:0000c680       ?doHelp@manualSettings@@AAEXXZ 0040d680 f   manualsettingsimpl.obj
 0001:0000c740       ??_EmanualSettings@@WCI@AEPAXI@Z 0040d740 f i manualsettingsimpl.obj
 0001:0000c750       ??0objectView@@QAE@PAVQWidget@@PBD_NI@Z 0040d750 f   objectviewimpl.obj
 0001:0000c7f0       ?metaObject@objectView@@UBEPAVQMetaObject@@XZ 0040d7f0 f i objectviewimpl.obj
 0001:0000c800       ??_EobjectView@@UAEPAXI@Z  0040d800 f i objectviewimpl.obj
 0001:0000c800       ??_GobjectView@@UAEPAXI@Z  0040d800 f i objectviewimpl.obj
 0001:0000c820       ??1objectView@@UAE@XZ      0040d820 f   objectviewimpl.obj
 0001:0000c840       ?load@objectView@@QAEXABVQWidgetList@@@Z 0040d840 f   objectviewimpl.obj
 0001:0000c9a0       ?clear@objectView@@QAEXXZ  0040d9a0 f   objectviewimpl.obj
 0001:0000c9b0       ?widgetAdded@objectView@@QAEXABVQString@@0@Z 0040d9b0 f   objectviewimpl.obj
 0001:0000cb00       ?widgetRemoved@objectView@@QAEXABVQString@@@Z 0040db00 f   objectviewimpl.obj
 0001:0000cbc0       ?widgetRenamed@objectView@@QAEXABVQString@@0@Z 0040dbc0 f   objectviewimpl.obj
 0001:0000cd50       ??_EQListBoxText@@UAEPAXI@Z 0040dd50 f i objectviewimpl.obj
 0001:0000cd50       ??_GQListBoxText@@UAEPAXI@Z 0040dd50 f i objectviewimpl.obj
 0001:0000cd70       ?timerEvent@objectView@@EAEXPAVQTimerEvent@@@Z 0040dd70 f   objectviewimpl.obj
 0001:0000cda0       ?itemHighlighted@objectView@@AAEXPAVQListBoxItem@@@Z 0040dda0 f   objectviewimpl.obj
 0001:0000ce50       ?itemDoubleClicked@objectView@@AAEXPAVQListBoxItem@@@Z 0040de50 f   objectviewimpl.obj
 0001:0000d070       ??_EobjectView@@WCI@AEPAXI@Z 0040e070 f i objectviewimpl.obj
 0001:0000d080       ??0pasteTable@@QAE@PAVQWidget@@PBD@Z 0040e080 f   pasteTable.obj
 0001:0000d110       ?metaObject@pasteTable@@UBEPAVQMetaObject@@XZ 0040e110 f i pasteTable.obj
 0001:0000d120       ??_GpasteTable@@UAEPAXI@Z  0040e120 f i pasteTable.obj
 0001:0000d120       ??_EpasteTable@@UAEPAXI@Z  0040e120 f i pasteTable.obj
 0001:0000d140       ?init@pasteTable@@AAEXXZ   0040e140 f   pasteTable.obj
 0001:0000d180       ??1pasteTable@@UAE@XZ      0040e180 f   pasteTable.obj
 0001:0000d200       ?paste@pasteTable@@QAEXXZ  0040e200 f   pasteTable.obj
 0001:0000e090       ?copy@pasteTable@@QAEXXZ   0040f090 f   pasteTable.obj
 0001:0000e380       ?clipboardDataChanged@pasteTable@@AAEXXZ 0040f380 f   pasteTable.obj
 0001:0000e430       ?paintCell@pasteTable@@MAEXPAVQPainter@@HHABVQRect@@_NABVQColorGroup@@@Z 0040f430 f   pasteTable.obj
 0001:0000e550       ?isCellValid@pasteTable@@MAE_NHH@Z 0040f550 f i pasteTable.obj
 0001:0000e600       ?setColumnValidator@pasteTable@@QAEXHPAVQValidator@@@Z 0040f600 f   pasteTable.obj
 0001:0000e650       ?endEdit@pasteTable@@QAEXXZ 0040f650 f   pasteTable.obj
 0001:0000e670       ??1?$QIntDict@VQValidator@@@@UAE@XZ 0040f670 f i pasteTable.obj
 0001:0000e6d0       ??_E?$QIntDict@VQValidator@@@@UAEPAXI@Z 0040f6d0 f i pasteTable.obj
 0001:0000e6d0       ??_G?$QIntDict@VQValidator@@@@UAEPAXI@Z 0040f6d0 f i pasteTable.obj
 0001:0000e6f0       ??1?$QMapPrivate@VQString@@H@@QAE@XZ 0040f6f0 f i pasteTable.obj
 0001:0000e770       ??1?$QMapNode@VQString@@H@@QAE@XZ 0040f770 f i pasteTable.obj
 0001:0000e790       ?deleteItem@?$QDict@VQAction@@@@EAEXPAX@Z 0040f790 f i pasteTable.obj
 0001:0000e790       ?deleteItem@?$QIntDict@VQValidator@@@@EAEXPAX@Z 0040f790 f i pasteTable.obj
 0001:0000e7b0       ??0?$QMapPrivate@VQString@@H@@QAE@XZ 0040f7b0 f i pasteTable.obj
 0001:0000e840       ?find@?$QMapPrivate@VQString@@H@@QBE?AV?$QMapConstIterator@VQString@@H@@ABVQString@@@Z 0040f840 f i pasteTable.obj
 0001:0000e8b0       ?clear@?$QMapPrivate@VQString@@H@@QAEXPAU?$QMapNode@VQString@@H@@@Z 0040f8b0 f i pasteTable.obj
 0001:0000e8f0       ??_EpasteTable@@WCI@AEPAXI@Z 0040f8f0 f i pasteTable.obj
 0001:0000e900       ??0pickbox@@QAE@PAVQWidget@@PBDI@Z 0040f900 f   pickbox.obj
 0001:0000f200       ?metaObject@pickbox@@UBEPAVQMetaObject@@XZ 00410200 f i pickbox.obj
 0001:0000f210       ??_Epickbox@@UAEPAXI@Z     00410210 f i pickbox.obj
 0001:0000f210       ??_Gpickbox@@UAEPAXI@Z     00410210 f i pickbox.obj
 0001:0000f230       ??_GQTabWidget@@UAEPAXI@Z  00410230 f i pickbox.obj
 0001:0000f230       ??_EQTabWidget@@UAEPAXI@Z  00410230 f i pickbox.obj
 0001:0000f250       ??1pickbox@@UAE@XZ         00410250 f   pickbox.obj
 0001:0000f270       ?byNameSelectionChanged@pickbox@@QAEXPAVQListViewItem@@@Z 00410270 f   pickbox.obj
 0001:0000f380       ?byTypeSelectionChanged@pickbox@@QAEXPAVQListViewItem@@@Z 00410380 f   pickbox.obj
 0001:0000f570       ?windowActivationChange@pickbox@@UAEX_N@Z 00410570 f   pickbox.obj
 0001:0000f6d0       ?checkFileDate@pickbox@@QAE_NAAVQString@@AAVQDateTime@@@Z 004106d0 f   pickbox.obj
 0001:0000f790       ?reload@pickbox@@QAEXAAVQString@@AAVQDateTime@@PAVxml_listview@@@Z 00410790 f   pickbox.obj
 0001:0000f850       ?clear@?$QValueListPrivate@VQString@@@@QAEXXZ 00410850 f i pickbox.obj
 0001:0000f890       ??_EQTabWidget@@WCI@AEPAXI@Z 00410890 f i pickbox.obj
 0001:0000f8a0       ??_Epickbox@@WCI@AEPAXI@Z  004108a0 f i pickbox.obj
 0001:0000f8b0       ??0pickbox_buttonlist@@QAE@PAVQWidget@@@Z 004108b0 f   pickbox_buttonlist.obj
 0001:00010020       ??_Epickbox_buttonlist@@UAEPAXI@Z 00411020 f i pickbox_buttonlist.obj
 0001:00010020       ??_Gpickbox_buttonlist@@UAEPAXI@Z 00411020 f i pickbox_buttonlist.obj
 0001:00010040       ??1pickbox_buttonlist@@UAE@XZ 00411040 f   pickbox_buttonlist.obj
 0001:00010060       ?startDrag@pickbox_buttonlist@@UAEXXZ 00411060 f   pickbox_buttonlist.obj
 0001:000109f0       ??_Epickbox_buttonlist@@WCI@AEPAXI@Z 004119f0 f i pickbox_buttonlist.obj
 0001:00010a00       ??0pickbox_paramlist@@QAE@PAVQWidget@@@Z 00411a00 f   pickbox_paramlist.obj
 0001:00010f50       ?metaObject@pickbox_paramlist@@UBEPAVQMetaObject@@XZ 00411f50 f i pickbox_paramlist.obj
 0001:00010f60       ??_Epickbox_paramlist@@UAEPAXI@Z 00411f60 f i pickbox_paramlist.obj
 0001:00010f60       ??_Gpickbox_paramlist@@UAEPAXI@Z 00411f60 f i pickbox_paramlist.obj
 0001:00010f80       ??_EQLabel@@UAEPAXI@Z      00411f80 f i pickbox_paramlist.obj
 0001:00010f80       ??_GQLabel@@UAEPAXI@Z      00411f80 f i pickbox_paramlist.obj
 0001:00010fa0       ??_EQCheckBox@@UAEPAXI@Z   00411fa0 f i pickbox_paramlist.obj
 0001:00010fa0       ??_GQCheckBox@@UAEPAXI@Z   00411fa0 f i pickbox_paramlist.obj
 0001:00010fc0       ??1pickbox_paramlist@@UAE@XZ 00411fc0 f   pickbox_paramlist.obj
 0001:00011070       ?load@pickbox_paramlist@@QAEXABVQString@@00@Z 00412070 f   pickbox_paramlist.obj
 0001:000112d0       ?startDrag@pickbox_paramlist@@QAEXPAVQListViewItem@@@Z 004122d0 f   pickbox_paramlist.obj
 0001:000113b0       ?clear@pickbox_paramlist@@QAEXXZ 004123b0 f   pickbox_paramlist.obj
 0001:00011490       ?withLabelClicked@pickbox_paramlist@@QAEXXZ 00412490 f   pickbox_paramlist.obj
 0001:000115e0       ?withSlotSetClicked@pickbox_paramlist@@QAEXXZ 004125e0 f   pickbox_paramlist.obj
 0001:00011620       ??_Epickbox_paramlist@@WCI@AEPAXI@Z 00412620 f i pickbox_paramlist.obj
 0001:00011630       ??_EQCheckBox@@WCI@AEPAXI@Z 00412630 f i pickbox_paramlist.obj
 0001:00011640       ??_EQLabel@@WCI@AEPAXI@Z   00412640 f i pickbox_paramlist.obj
 0001:00011650       ?getInt@preferences@@SAHABVQString@@H@Z 00412650 f   preferences.obj
 0001:00011680       ?setInt@preferences@@SAXABVQString@@H@Z 00412680 f   preferences.obj
 0001:00011760       ??0recentlyusedlist@@QAE@VQString@@H@Z 00412760 f   recentlyusedlist.obj
 0001:00011800       ??_Erecentlyusedlist@@UAEPAXI@Z 00412800 f i recentlyusedlist.obj
 0001:00011800       ??_Grecentlyusedlist@@UAEPAXI@Z 00412800 f i recentlyusedlist.obj
 0001:00011820       ??1recentlyusedlist@@UAE@XZ 00412820 f   recentlyusedlist.obj
 0001:00011850       ?get@recentlyusedlist@@QAE?AVQStringList@@XZ 00412850 f   recentlyusedlist.obj
 0001:00011b60       ?set@recentlyusedlist@@QAE_NVQString@@@Z 00412b60 f   recentlyusedlist.obj
 0001:00012120       ?find@?$QValueListPrivate@VQString@@@@QBEPAV?$QValueListNode@VQString@@@@PAV2@ABVQString@@@Z 00413120 f i recentlyusedlist.obj
 0001:00012160       ??0signalConnectionListDlgImpl@@QAE@ABVsignalConnectionRefList@@PAVvis_ed_widget@@PBD_NI@Z 00413160 f   signalConnectionListDlgimpl.obj
 0001:000126e0       ?metaObject@signalConnectionListDlgImpl@@UBEPAVQMetaObject@@XZ 004136e0 f i signalConnectionListDlgimpl.obj
 0001:000126f0       ?validate@mustHaveACommentValidator@@UBE?AW4State@QValidator@@AAVQString@@AAH@Z 004136f0 f i signalConnectionListDlgimpl.obj
 0001:00012710       ?validate@mustHaveAnEqualsValidator@@UBE?AW4State@QValidator@@AAVQString@@AAH@Z 00413710 f i signalConnectionListDlgimpl.obj
 0001:00012740       ?validate@commandValidator@@UBE?AW4State@QValidator@@AAVQString@@AAH@Z 00413740 f i signalConnectionListDlgimpl.obj
 0001:00012a60       ??_EcommandValidator@@UAEPAXI@Z 00413a60 f i signalConnectionListDlgimpl.obj
 0001:00012a60       ??_GcommandValidator@@UAEPAXI@Z 00413a60 f i signalConnectionListDlgimpl.obj
 0001:00012a60       ??_EmustHaveACommentValidator@@UAEPAXI@Z 00413a60 f i signalConnectionListDlgimpl.obj
 0001:00012a60       ??_GmustHaveACommentValidator@@UAEPAXI@Z 00413a60 f i signalConnectionListDlgimpl.obj
 0001:00012a60       ??_EmustHaveAnEqualsValidator@@UAEPAXI@Z 00413a60 f i signalConnectionListDlgimpl.obj
 0001:00012a60       ??_GmustHaveAnEqualsValidator@@UAEPAXI@Z 00413a60 f i signalConnectionListDlgimpl.obj
 0001:00012a80       ??1mustHaveAnEqualsValidator@@UAE@XZ 00413a80 f i signalConnectionListDlgimpl.obj
 0001:00012a80       ??1commandValidator@@UAE@XZ 00413a80 f i signalConnectionListDlgimpl.obj
 0001:00012a80       ??1mustHaveACommentValidator@@UAE@XZ 00413a80 f i signalConnectionListDlgimpl.obj
 0001:00012a90       ??_GsignalConnectionListDlgImpl@@UAEPAXI@Z 00413a90 f i signalConnectionListDlgimpl.obj
 0001:00012a90       ??_EsignalConnectionListDlgImpl@@UAEPAXI@Z 00413a90 f i signalConnectionListDlgimpl.obj
 0001:00012ab0       ??1signalConnectionListDlgImpl@@UAE@XZ 00413ab0 f   signalConnectionListDlgimpl.obj
 0001:00012b50       ?tableClicked@signalConnectionListDlgImpl@@QAEXHHHABVQPoint@@@Z 00413b50 f   signalConnectionListDlgimpl.obj
 0001:00012d40       ?accept@signalConnectionListDlgImpl@@UAEXXZ 00413d40 f   signalConnectionListDlgimpl.obj
 0001:000136f0       ?doHelp@signalConnectionListDlgImpl@@QAEXXZ 004146f0 f   signalConnectionListDlgimpl.obj
 0001:000137b0       ?connectionList@signalConnectionListDlgImpl@@QAEAAVsignalConnectionRefList@@XZ 004147b0 f   signalConnectionListDlgimpl.obj
 0001:000137c0       ?addConnection@signalConnectionListDlgImpl@@QAEXABVQString@@000@Z 004147c0 f   signalConnectionListDlgimpl.obj
 0001:00013a10       ?highlightDest@signalConnectionListDlgImpl@@QAEXABVQString@@@Z 00414a10 f   signalConnectionListDlgimpl.obj
 0001:00013b50       ?highlightSource@signalConnectionListDlgImpl@@QAEXABVQString@@@Z 00414b50 f   signalConnectionListDlgimpl.obj
 0001:00013c90       ?doMoveUp@signalConnectionListDlgImpl@@QAEXXZ 00414c90 f   signalConnectionListDlgimpl.obj
 0001:00013d00       ?doMoveDown@signalConnectionListDlgImpl@@QAEXXZ 00414d00 f   signalConnectionListDlgimpl.obj
 0001:00013d80       ?doDel@signalConnectionListDlgImpl@@QAEXXZ 00414d80 f   signalConnectionListDlgimpl.obj
 0001:00013dd0       ?tableValueChanged@signalConnectionListDlgImpl@@QAEXHH@Z 00414dd0 f   signalConnectionListDlgimpl.obj
 0001:00014550       ?populateEvents@signalConnectionListDlgImpl@@AAEXHAAVQWidgetList@@ABVQString@@1@Z 00415550 f   signalConnectionListDlgimpl.obj
 0001:00014a50       ??1?$set@VQString@@U?$less@VQString@@@std@@V?$allocator@VQString@@@3@@std@@QAE@XZ 00415a50 f i signalConnectionListDlgimpl.obj
 0001:00014b50       ??_EQComboTableItem@@UAEPAXI@Z 00415b50 f i signalConnectionListDlgimpl.obj
 0001:00014b50       ??_GQComboTableItem@@UAEPAXI@Z 00415b50 f i signalConnectionListDlgimpl.obj
 0001:00014b70       ?populateCommands@signalConnectionListDlgImpl@@AAEXHAAVQWidgetList@@ABVQString@@1@Z 00415b70 f   signalConnectionListDlgimpl.obj
 0001:00015170       ?doImport@signalConnectionListDlgImpl@@QAEXXZ 00416170 f   signalConnectionListDlgimpl.obj
 0001:00015550       ??0?$_Tree@VQString@@V1@U_Kfn@?$set@VQString@@U?$less@VQString@@@std@@V?$allocator@VQString@@@3@@std@@U?$less@VQString@@@4@V?$allocator@VQString@@@4@@std@@QAE@ABU?$less@VQString@@@1@_NABV?$allocator@VQString@@@1@@Z 00416550 f i signalConnectionListDlgimpl.obj
 0001:00015580       ?insert@?$_Tree@VQString@@V1@U_Kfn@?$set@VQString@@U?$less@VQString@@@std@@V?$allocator@VQString@@@3@@std@@U?$less@VQString@@@4@V?$allocator@VQString@@@4@@std@@QAE?AU?$pair@Viterator@?$_Tree@VQString@@V1@U_Kfn@?$set@VQString@@U?$less@VQString@@@std@@V?$allocator@VQString@@@3@@std@@U?$less@VQString@@@4@V?$allocator@VQString@@@4@@std@@_N@2@ABVQString@@@Z 00416580 f i signalConnectionListDlgimpl.obj
 0001:000157d0       ?erase@?$_Tree@VQString@@V1@U_Kfn@?$set@VQString@@U?$less@VQString@@@std@@V?$allocator@VQString@@@3@@std@@U?$less@VQString@@@4@V?$allocator@VQString@@@4@@std@@QAE?AViterator@12@V312@0@Z 004167d0 f i signalConnectionListDlgimpl.obj
 0001:000158b0       ?_Inc@const_iterator@?$_Tree@VQString@@V1@U_Kfn@?$set@VQString@@U?$less@VQString@@@std@@V?$allocator@VQString@@@3@@std@@U?$less@VQString@@@4@V?$allocator@VQString@@@4@@std@@QAEXXZ 004168b0 f i signalConnectionListDlgimpl.obj
 0001:00015900       ?erase@?$_Tree@VQString@@V1@U_Kfn@?$set@VQString@@U?$less@VQString@@@std@@V?$allocator@VQString@@@3@@std@@U?$less@VQString@@@4@V?$allocator@VQString@@@4@@std@@QAE?AViterator@12@V312@@Z 00416900 f i signalConnectionListDlgimpl.obj
 0001:00015d20       ?_Erase@?$_Tree@VQString@@V1@U_Kfn@?$set@VQString@@U?$less@VQString@@@std@@V?$allocator@VQString@@@3@@std@@U?$less@VQString@@@4@V?$allocator@VQString@@@4@@std@@IAEXPAU_Node@12@@Z 00416d20 f i signalConnectionListDlgimpl.obj
 0001:00015d80       ?_Init@?$_Tree@VQString@@V1@U_Kfn@?$set@VQString@@U?$less@VQString@@@std@@V?$allocator@VQString@@@3@@std@@U?$less@VQString@@@4@V?$allocator@VQString@@@4@@std@@IAEXXZ 00416d80 f i signalConnectionListDlgimpl.obj
 0001:00015e20       ?_Insert@?$_Tree@VQString@@V1@U_Kfn@?$set@VQString@@U?$less@VQString@@@std@@V?$allocator@VQString@@@3@@std@@U?$less@VQString@@@4@V?$allocator@VQString@@@4@@std@@IAE?AViterator@12@PAU_Node@12@0ABVQString@@@Z 00416e20 f i signalConnectionListDlgimpl.obj
 0001:00016090       ?_Min@?$_Tree@VQString@@V1@U_Kfn@?$set@VQString@@U?$less@VQString@@@std@@V?$allocator@VQString@@@3@@std@@U?$less@VQString@@@4@V?$allocator@VQString@@@4@@std@@KAPAU_Node@12@PAU312@@Z 00417090 f i signalConnectionListDlgimpl.obj
 0001:000160b0       ??Eiterator@?$_Tree@VQString@@V1@U_Kfn@?$set@VQString@@U?$less@VQString@@@std@@V?$allocator@VQString@@@3@@std@@U?$less@VQString@@@4@V?$allocator@VQString@@@4@@std@@QAE?AV012@H@Z 004170b0 f i signalConnectionListDlgimpl.obj
 0001:00016110       ?_Lrotate@?$_Tree@VQString@@V1@U_Kfn@?$set@VQString@@U?$less@VQString@@@std@@V?$allocator@VQString@@@3@@std@@U?$less@VQString@@@4@V?$allocator@VQString@@@4@@std@@IAEXPAU_Node@12@@Z 00417110 f i signalConnectionListDlgimpl.obj
 0001:00016170       ?_Rrotate@?$_Tree@VQString@@V1@U_Kfn@?$set@VQString@@U?$less@VQString@@@std@@V?$allocator@VQString@@@3@@std@@U?$less@VQString@@@4@V?$allocator@VQString@@@4@@std@@IAEXPAU_Node@12@@Z 00417170 f i signalConnectionListDlgimpl.obj
 0001:000161d0       ?_Buynode@?$_Tree@VQString@@V1@U_Kfn@?$set@VQString@@U?$less@VQString@@@std@@V?$allocator@VQString@@@3@@std@@U?$less@VQString@@@4@V?$allocator@VQString@@@4@@std@@IAEPAU_Node@12@PAU312@W4_Redbl@12@@Z 004171d0 f i signalConnectionListDlgimpl.obj
 0001:000161f0       ?_Dec@const_iterator@?$_Tree@VQString@@V1@U_Kfn@?$set@VQString@@U?$less@VQString@@@std@@V?$allocator@VQString@@@3@@std@@U?$less@VQString@@@4@V?$allocator@VQString@@@4@@std@@QAEXXZ 004171f0 f i signalConnectionListDlgimpl.obj
 0001:00016250       ?_Construct@std@@YAXPAVQString@@ABV2@@Z 00417250 f i signalConnectionListDlgimpl.obj
 0001:000162a0       ??_GQString@@QAEPAXI@Z     004172a0 f i signalConnectionListDlgimpl.obj
 0001:000162e0       ??_EsignalConnectionListDlgImpl@@WCI@AEPAXI@Z 004172e0 f i signalConnectionListDlgimpl.obj
 0001:000162f0       ??0sizePosEdit@@QAE@PAVQWidget@@PBD_NI@Z 004172f0 f   sizeposeditimpl.obj
 0001:00016370       ?metaObject@sizePosEdit@@UBEPAVQMetaObject@@XZ 00417370 f i sizeposeditimpl.obj
 0001:00016380       ??_EsizePosEdit@@UAEPAXI@Z 00417380 f i sizeposeditimpl.obj
 0001:00016380       ??_GsizePosEdit@@UAEPAXI@Z 00417380 f i sizeposeditimpl.obj
 0001:000163a0       ??1sizePosEdit@@UAE@XZ     004173a0 f   sizeposeditimpl.obj
 0001:000163c0       ?doHelp@sizePosEdit@@QAEXXZ 004173c0 f   sizeposeditimpl.obj
 0001:00016480       ??_EsizePosEdit@@WCI@AEPAXI@Z 00417480 f i sizeposeditimpl.obj
 0001:00016490       ??0system_setup@@QAE@PAVQWidget@@PBD_NI@Z 00417490 f   system_setupimpl.obj
 0001:00016810       ?metaObject@system_setup@@UBEPAVQMetaObject@@XZ 00417810 f i system_setupimpl.obj
 0001:00016820       ??_Gsystem_setup@@UAEPAXI@Z 00417820 f i system_setupimpl.obj
 0001:00016820       ??_Esystem_setup@@UAEPAXI@Z 00417820 f i system_setupimpl.obj
 0001:00016840       ??1system_setup@@UAE@XZ    00417840 f   system_setupimpl.obj
 0001:00016860       ??_Esystem_setup@@WCI@AEPAXI@Z 00417860 f i system_setupimpl.obj
 0001:00016870       ??0testSettingsBase@@QAE@PAVQWidget@@PBD_NI@Z 00417870 f   testsettings.obj
 0001:00016e20       ?metaObject@testSettingsBase@@UBEPAVQMetaObject@@XZ 00417e20 f i testsettings.obj
 0001:00016e30       ??_GtestSettingsBase@@UAEPAXI@Z 00417e30 f i testsettings.obj
 0001:00016e30       ??_EtestSettingsBase@@UAEPAXI@Z 00417e30 f i testsettings.obj
 0001:00016e50       ??_GQComboBox@@UAEPAXI@Z   00417e50 f i testsettings.obj
 0001:00016e50       ??_EQComboBox@@UAEPAXI@Z   00417e50 f i testsettings.obj
 0001:00016e70       ??_EQLineEdit@@UAEPAXI@Z   00417e70 f i testsettings.obj
 0001:00016e70       ??_GQLineEdit@@UAEPAXI@Z   00417e70 f i testsettings.obj
 0001:00016e90       ??1testSettingsBase@@UAE@XZ 00417e90 f   testsettings.obj
 0001:00016eb0       ?languageChange@testSettingsBase@@MAEXXZ 00417eb0 f   testsettings.obj
 0001:00017300       ??_EQComboBox@@WCI@AEPAXI@Z 00418300 f i testsettings.obj
 0001:00017310       ??_EQLineEdit@@WCI@AEPAXI@Z 00418310 f i testsettings.obj
 0001:00017320       ??_EtestSettingsBase@@WCI@AEPAXI@Z 00418320 f i testsettings.obj
 0001:00017330       ??0testSettings@@QAE@PAVQWidget@@PBD_NI@Z 00418330 f   testsettingsimpl.obj
 0001:00017370       ?metaObject@testSettings@@UBEPAVQMetaObject@@XZ 00418370 f i testsettingsimpl.obj
 0001:00017380       ??_EtestSettings@@UAEPAXI@Z 00418380 f i testsettingsimpl.obj
 0001:00017380       ??_GtestSettings@@UAEPAXI@Z 00418380 f i testsettingsimpl.obj
 0001:000173a0       ??1testSettings@@UAE@XZ    004183a0 f   testsettingsimpl.obj
 0001:000173c0       ??_EtestSettings@@WCI@AEPAXI@Z 004183c0 f i testsettingsimpl.obj
 0001:000173d0       ??0textedit@@QAE@PAVQWidget@@PBDI@Z 004183d0 f   textedit.obj
 0001:00017480       ?metaObject@textedit@@UBEPAVQMetaObject@@XZ 00418480 f i textedit.obj
 0001:00017490       ??_Gtextedit@@UAEPAXI@Z    00418490 f i textedit.obj
 0001:00017490       ??_Etextedit@@UAEPAXI@Z    00418490 f i textedit.obj
 0001:000174b0       ??1textedit@@UAE@XZ        004184b0 f   textedit.obj
 0001:00017550       ?load@textedit@@QAEXPBD@Z  00418550 f   textedit.obj
 0001:00017650       ?save@textedit@@QAEXXZ     00418650 f   textedit.obj
 0001:00017840       ?close@textedit@@EAE_N_N@Z 00418840 f   textedit.obj
 0001:00017b10       ?filename@textedit@@QAE?AVQString@@XZ 00418b10 f i textedit.obj
 0001:00017b40       ?gotoidentifier@textedit@@QAEXAAVQString@@@Z 00418b40 f   textedit.obj
 0001:00017b80       ?showtools@textedit@@QAEXPAVQMainWindow@@PAVQPopupMenu@@_NH@Z 00418b80 f   textedit.obj
 0001:00017ea0       ??_EQAction@@UAEPAXI@Z     00418ea0 f i textedit.obj
 0001:00017ea0       ??_GQAction@@UAEPAXI@Z     00418ea0 f i textedit.obj
 0001:00017ec0       ??_GQPopupMenu@@UAEPAXI@Z  00418ec0 f i textedit.obj
 0001:00017ec0       ??_EQPopupMenu@@UAEPAXI@Z  00418ec0 f i textedit.obj
 0001:00017ee0       ??_Etextedit@@WCI@AEPAXI@Z 00418ee0 f i textedit.obj
 0001:00017ef0       ??_EQPopupMenu@@WCI@AEPAXI@Z 00418ef0 f i textedit.obj
 0001:00017f00       ??_EQPopupMenu@@WIM@AEPAXI@Z 00418f00 f i textedit.obj
 0001:00017f10       ??0vis_ed_mdi@@QAE@PAVQApplication@@PAVQWidget@@PBDI@Z 00418f10 f   vis_ed_mdi.obj
 0001:00018730       ?metaObject@vis_ed_mdi@@UBEPAVQMetaObject@@XZ 00419730 f i vis_ed_mdi.obj
 0001:00018740       ??_Gvis_ed_mdi@@UAEPAXI@Z  00419740 f i vis_ed_mdi.obj
 0001:00018740       ??_Evis_ed_mdi@@UAEPAXI@Z  00419740 f i vis_ed_mdi.obj
 0001:00018760       ??_EQWorkspace@@UAEPAXI@Z  00419760 f i vis_ed_mdi.obj
 0001:00018760       ??_GQWorkspace@@UAEPAXI@Z  00419760 f i vis_ed_mdi.obj
 0001:00018780       ??_GQDockWindow@@UAEPAXI@Z 00419780 f i vis_ed_mdi.obj
 0001:00018780       ??_EQDockWindow@@UAEPAXI@Z 00419780 f i vis_ed_mdi.obj
 0001:000187a0       ??1vis_ed_mdi@@UAE@XZ      004197a0 f   vis_ed_mdi.obj
 0001:00018c40       ?fileNew@vis_ed_mdi@@IAEXXZ 00419c40 f   vis_ed_mdi.obj
 0001:00018ed0       ?closeEvent@vis_ed_mdi@@MAEXPAVQCloseEvent@@@Z 00419ed0 f   vis_ed_mdi.obj
 0001:00019000       ?windowsMenuAboutToShow@vis_ed_mdi@@IAEXXZ 0041a000 f   vis_ed_mdi.obj
 0001:000194b0       ?closeAll@vis_ed_mdi@@IAEXXZ 0041a4b0 f   vis_ed_mdi.obj
 0001:00019570       ?windowsMenuActivated@vis_ed_mdi@@IAEXH@Z 0041a570 f   vis_ed_mdi.obj
 0001:000196e0       ?fileOpen@vis_ed_mdi@@IAEXXZ 0041a6e0 f   vis_ed_mdi.obj
 0001:00019a70       ?fileReload@vis_ed_mdi@@IAEXXZ 0041aa70 f   vis_ed_mdi.obj
 0001:00019be0       ?viewDevices@vis_ed_mdi@@IAEXXZ 0041abe0 f   vis_ed_mdi.obj
 0001:00019c50       ?newWindow@vis_ed_mdi@@AAEPAVQWidget@@ABVQString@@00@Z 0041ac50 f   vis_ed_mdi.obj
 0001:0001a5c0       ?createToolsAndMenus@vis_ed_mdi@@AAEXXZ 0041b5c0 f   vis_ed_mdi.obj
 0001:0001c380       ??_EQToolBar@@UAEPAXI@Z    0041d380 f i vis_ed_mdi.obj
 0001:0001c380       ??_GQToolBar@@UAEPAXI@Z    0041d380 f i vis_ed_mdi.obj
 0001:0001c3a0       ?fileClose@vis_ed_mdi@@IAEXXZ 0041d3a0 f   vis_ed_mdi.obj
 0001:0001c3c0       ?fileSave@vis_ed_mdi@@IAEXXZ 0041d3c0 f   vis_ed_mdi.obj
 0001:0001c410       ?fileSaveAs@vis_ed_mdi@@IAEXXZ 0041d410 f   vis_ed_mdi.obj
 0001:0001c460       ?scriptedit@vis_ed_mdi@@IAEXVQString@@0@Z 0041d460 f   vis_ed_mdi.obj
 0001:0001c590       ?load@vis_ed_mdi@@AAEPAVQWidget@@ABVQString@@@Z 0041d590 f   vis_ed_mdi.obj
 0001:0001d1d0       ?recentFilesAboutToShow@vis_ed_mdi@@IAEXXZ 0041e1d0 f   vis_ed_mdi.obj
 0001:0001d4b0       ?recentyusedactivated@vis_ed_mdi@@IAEXH@Z 0041e4b0 f   vis_ed_mdi.obj
 0001:0001d530       ?about@vis_ed_mdi@@IAEXXZ  0041e530 f   vis_ed_mdi.obj
 0001:0001d670       ?widgetAdded@vis_ed_mdi@@IAEXABVQString@@0@Z 0041e670 f   vis_ed_mdi.obj
 0001:0001d690       ?widgetRemoved@vis_ed_mdi@@IAEXABVQString@@@Z 0041e690 f   vis_ed_mdi.obj
 0001:0001d6b0       ?widgetRenamed@vis_ed_mdi@@IAEXABVQString@@0@Z 0041e6b0 f   vis_ed_mdi.obj
 0001:0001d6d0       ?windowActivationChange@vis_ed_mdi@@IAEXPAVQWidget@@@Z 0041e6d0 f   vis_ed_mdi.obj
 0001:0001d940       ?statusBarMessage@vis_ed_mdi@@QAEXABVQString@@@Z 0041e940 f   vis_ed_mdi.obj
 0001:0001d960       ?toggleIdList@vis_ed_mdi@@QAEXXZ 0041e960 f   vis_ed_mdi.obj
 0001:0001d980       ?doLoad@vis_ed_mdi@@IAEXABVQString@@@Z 0041e980 f   vis_ed_mdi.obj
 0001:0001de20       ?browseGlobalStyle@vis_ed_mdi@@IAEXXZ 0041ee20 f   vis_ed_mdi.obj
 0001:0001f1b0       ?doHelpSlot@vis_ed_mdi@@IAEXXZ 004201b0 f   vis_ed_mdi.obj
 0001:0001f270       ?doHelp@vis_ed_mdi@@SAXABVQString@@0@Z 00420270 f   vis_ed_mdi.obj
 0001:0001f5e0       ?dragEnterEvent@vis_ed_mdi@@EAEXPAVQDragEnterEvent@@@Z 004205e0 f   vis_ed_mdi.obj
 0001:0001f610       ?dropEvent@vis_ed_mdi@@EAEXPAVQDropEvent@@@Z 00420610 f   vis_ed_mdi.obj
 0001:0001f740       ?singletonMessageReceived@vis_ed_mdi@@QAEXABVQString@@@Z 00420740 f   vis_ed_mdi.obj
 0001:0001f7d0       ?mySetForegroundWindow@vis_ed_mdi@@AAEXPAUHWND__@@@Z 004207d0 f   vis_ed_mdi.obj
 0001:0001f860       ?maximised@vis_ed_mdi@@QAE_NXZ 00420860 f   vis_ed_mdi.obj
 0001:0001f870       ??1?$QDict@VQAction@@@@UAE@XZ 00420870 f i vis_ed_mdi.obj
 0001:0001f8d0       ?count@?$QIntDict@VQValidator@@@@UBEIXZ 004208d0 f i vis_ed_mdi.obj
 0001:0001f8d0       ?count@?$QDict@VQAction@@@@UBEIXZ 004208d0 f i vis_ed_mdi.obj
 0001:0001f8e0       ?clear@?$QIntDict@VQValidator@@@@UAEXXZ 004208e0 f i vis_ed_mdi.obj
 0001:0001f8e0       ?clear@?$QDict@VQAction@@@@UAEXXZ 004208e0 f i vis_ed_mdi.obj
 0001:0001f8f0       ??_E?$QDict@VQAction@@@@UAEPAXI@Z 004208f0 f i vis_ed_mdi.obj
 0001:0001f8f0       ??_G?$QDict@VQAction@@@@UAEPAXI@Z 004208f0 f i vis_ed_mdi.obj
 0001:0001f910       ?remove@?$QValueListPrivate@VQString@@@@QAEIABVQString@@@Z 00420910 f i vis_ed_mdi.obj
 0001:0001f960       ?remove@?$QValueListPrivate@VQString@@@@QAE?AV?$QValueListIterator@VQString@@@@V2@@Z 00420960 f i vis_ed_mdi.obj
 0001:0001f9c0       ??0?$QValueListPrivate@VQString@@@@QAE@ABV0@@Z 004209c0 f i vis_ed_mdi.obj
 0001:0001faa0       ??_EQDockWindow@@WCI@AEPAXI@Z 00420aa0 f i vis_ed_mdi.obj
 0001:0001fab0       ??_EQToolBar@@WCI@AEPAXI@Z 00420ab0 f i vis_ed_mdi.obj
 0001:0001fac0       ??_EQWorkspace@@WCI@AEPAXI@Z 00420ac0 f i vis_ed_mdi.obj
 0001:0001fad0       ??_Evis_ed_mdi@@WCI@AEPAXI@Z 00420ad0 f i vis_ed_mdi.obj
 0001:0001fae0       ??0vis_ed_toolbars@@QAE@PAVvis_ed_widget@@PAVQMainWindow@@@Z 00420ae0 f   vis_ed_toolbars.obj
 0001:0001fc20       ?metaObject@vis_ed_toolbars@@UBEPAVQMetaObject@@XZ 00420c20 f i vis_ed_toolbars.obj
 0001:0001fc30       ??_Evis_ed_toolbars@@UAEPAXI@Z 00420c30 f i vis_ed_toolbars.obj
 0001:0001fc30       ??_Gvis_ed_toolbars@@UAEPAXI@Z 00420c30 f i vis_ed_toolbars.obj
 0001:0001fc50       ??1vis_ed_toolbars@@UAE@XZ 00420c50 f   vis_ed_toolbars.obj
 0001:0001fcd0       ?show@vis_ed_toolbars@@QAEXXZ 00420cd0 f   vis_ed_toolbars.obj
 0001:00027170       ?hide@vis_ed_toolbars@@QAEXXZ 00428170 f   vis_ed_toolbars.obj
 0001:00027300       ?comboBoxesMessage@vis_ed_toolbars@@QAEXABVQString@@@Z 00428300 f   vis_ed_toolbars.obj
 0001:000276a0       ?itemsSelected@vis_ed_toolbars@@QAEXH@Z 004286a0 f   vis_ed_toolbars.obj
 0001:00027910       ?undoAvailable@vis_ed_toolbars@@QAEX_NABVQString@@@Z 00428910 f   vis_ed_toolbars.obj
 0001:000279b0       ?redoAvailable@vis_ed_toolbars@@QAEX_NABVQString@@@Z 004289b0 f   vis_ed_toolbars.obj
 0001:00027a50       ?pasteWidgetAvailable@vis_ed_toolbars@@QAEX_N@Z 00428a50 f   vis_ed_toolbars.obj
 0001:00027a70       ?pasteSettingsAvailable@vis_ed_toolbars@@QAEX_N@Z 00428a70 f   vis_ed_toolbars.obj
 0001:00027a90       ?scriptOpenExplorerAvailable@vis_ed_toolbars@@QAEX_N@Z 00428a90 f   vis_ed_toolbars.obj
 0001:00027ab0       ?scriptOpenVisEdAvailable@vis_ed_toolbars@@QAEX_N@Z 00428ab0 f   vis_ed_toolbars.obj
 0001:00027ad0       ?insert@?$QDict@VQAction@@@@QAEXABVQString@@PBVQAction@@@Z 00428ad0 f i vis_ed_toolbars.obj
 0001:00027af0       ??0?$QMap@VQString@@Vstyleentry@@@@QAE@XZ 00428af0 f i vis_ed_toolbars.obj
 0001:00027c30       ??0?$QMap@VQString@@Vstyleentry@@@@QAE@ABV0@@Z 00428c30 f i vis_ed_toolbars.obj
 0001:00027c40       ??1?$QMap@VQString@@Vstyleentry@@@@QAE@XZ 00428c40 f i vis_ed_toolbars.obj
 0001:00027ce0       ?begin@?$QMap@VQString@@Vstyleentry@@@@QAE?AV?$QMapIterator@VQString@@Vstyleentry@@@@XZ 00428ce0 f i vis_ed_toolbars.obj
 0001:00027d10       ?end@?$QMap@VQString@@Vstyleentry@@@@QAE?AV?$QMapIterator@VQString@@Vstyleentry@@@@XZ 00428d10 f i vis_ed_toolbars.obj
 0001:00027d30       ?constBegin@?$QMap@VQString@@Vstyleentry@@@@QBE?AV?$QMapConstIterator@VQString@@Vstyleentry@@@@XZ 00428d30 f i vis_ed_toolbars.obj
 0001:00027d30       ?begin@?$QMap@VQString@@Vstyleentry@@@@QBE?AV?$QMapConstIterator@VQString@@Vstyleentry@@@@XZ 00428d30 f i vis_ed_toolbars.obj
 0001:00027d40       ?end@?$QMap@VQString@@Vstyleentry@@@@QBE?AV?$QMapConstIterator@VQString@@Vstyleentry@@@@XZ 00428d40 f i vis_ed_toolbars.obj
 0001:00027d40       ?constEnd@?$QMap@VQString@@Vstyleentry@@@@QBE?AV?$QMapConstIterator@VQString@@Vstyleentry@@@@XZ 00428d40 f i vis_ed_toolbars.obj
 0001:00027d50       ?replace@?$QMap@VQString@@Vstyleentry@@@@QAE?AV?$QMapIterator@VQString@@Vstyleentry@@@@ABVQString@@ABVstyleentry@@@Z 00428d50 f i vis_ed_toolbars.obj
 0001:00027ed0       ?count@?$QMap@VQString@@Vstyleentry@@@@QBEIXZ 00428ed0 f i vis_ed_toolbars.obj
 0001:00027ed0       ?size@?$QMap@VQString@@Vstyleentry@@@@QBEIXZ 00428ed0 f i vis_ed_toolbars.obj
 0001:00027ee0       ?isEmpty@?$QMap@VQString@@Vstyleentry@@@@QBE_NXZ 00428ee0 f i vis_ed_toolbars.obj
 0001:00027ee0       ?empty@?$QMap@VQString@@Vstyleentry@@@@QBE_NXZ 00428ee0 f i vis_ed_toolbars.obj
 0001:00027ef0       ?remove@?$QMap@VQString@@Vstyleentry@@@@QAEXV?$QMapIterator@VQString@@Vstyleentry@@@@@Z 00428ef0 f i vis_ed_toolbars.obj
 0001:00027ef0       ?erase@?$QMap@VQString@@Vstyleentry@@@@QAEXV?$QMapIterator@VQString@@Vstyleentry@@@@@Z 00428ef0 f i vis_ed_toolbars.obj
 0001:00027f20       ?find@?$QMap@VQString@@Vstyleentry@@@@QAE?AV?$QMapIterator@VQString@@Vstyleentry@@@@ABVQString@@@Z 00428f20 f i vis_ed_toolbars.obj
 0001:00027fa0       ?find@?$QMap@VQString@@Vstyleentry@@@@QBE?AV?$QMapConstIterator@VQString@@Vstyleentry@@@@ABVQString@@@Z 00428fa0 f i vis_ed_toolbars.obj
 0001:00028010       ??A?$QMap@VQString@@Vstyleentry@@@@QBEABVstyleentry@@ABVQString@@@Z 00429010 f i vis_ed_toolbars.obj
 0001:00028080       ?contains@?$QMap@VQString@@Vstyleentry@@@@QBE_NABVQString@@@Z 00429080 f i vis_ed_toolbars.obj
 0001:000280f0       ?keys@?$QMap@VQString@@Vstyleentry@@@@QBE?AV?$QValueList@VQString@@@@XZ 004290f0 f i vis_ed_toolbars.obj
 0001:00028210       ?values@?$QMap@VQString@@Vstyleentry@@@@QBE?AV?$QValueList@Vstyleentry@@@@XZ 00429210 f i vis_ed_toolbars.obj
 0001:00028330       ?detach@?$QMap@VQString@@Vstyleentry@@@@IAEXXZ 00429330 f i vis_ed_toolbars.obj
 0001:00028340       ??9?$QMapIterator@VQString@@Vstyleentry@@@@QBE_NABV0@@Z 00429340 f i vis_ed_toolbars.obj
 0001:00028360       ?key@?$QMapIterator@VQString@@Vstyleentry@@@@QBEABVQString@@XZ 00429360 f i vis_ed_toolbars.obj
 0001:00028370       ?data@?$QMapIterator@VQString@@Vstyleentry@@@@QAEAAVstyleentry@@XZ 00429370 f i vis_ed_toolbars.obj
 0001:00028380       ?begin@?$QMapPrivate@VQString@@Vstyleentry@@@@QAE?AV?$QMapIterator@VQString@@Vstyleentry@@@@XZ 00429380 f i vis_ed_toolbars.obj
 0001:00028390       ?end@?$QMapPrivate@VQString@@Vstyleentry@@@@QAE?AV?$QMapIterator@VQString@@Vstyleentry@@@@XZ 00429390 f i vis_ed_toolbars.obj
 0001:000283a0       ?remove@?$QMapPrivate@VQString@@Vstyleentry@@@@QAEXV?$QMapIterator@VQString@@Vstyleentry@@@@@Z 004293a0 f i vis_ed_toolbars.obj
 0001:000283e0       ??1?$QValueList@Vstyleentry@@@@QAE@XZ 004293e0 f i vis_ed_toolbars.obj
 0001:00028400       ??1?$QMapNode@VQString@@Vstyleentry@@@@QAE@XZ 00429400 f i vis_ed_toolbars.obj
 0001:000284c0       ?end@?$QValueList@Vstyleentry@@@@QAE?AV?$QValueListIterator@Vstyleentry@@@@XZ 004294c0 f i vis_ed_toolbars.obj
 0001:000284f0       ??4?$QMap@VQString@@Vstyleentry@@@@QAEAAV0@ABV0@@Z 004294f0 f i vis_ed_toolbars.obj
 0001:000285b0       ?insert@?$QMap@VQString@@Vstyleentry@@@@QAE?AV?$QMapIterator@VQString@@Vstyleentry@@@@ABVQString@@ABVstyleentry@@_N@Z 004295b0 f i vis_ed_toolbars.obj
 0001:000286f0       ?insert@?$QMap@VQString@@Vstyleentry@@@@QAE?AU?$QPair@V?$QMapIterator@VQString@@Vstyleentry@@@@_N@@ABU?$QPair@$$CBVQString@@Vstyleentry@@@@@Z 004296f0 f i vis_ed_toolbars.obj
 0001:00028810       ?erase@?$QMap@VQString@@Vstyleentry@@@@QAEXABVQString@@@Z 00429810 f i vis_ed_toolbars.obj
 0001:00028810       ?remove@?$QMap@VQString@@Vstyleentry@@@@QAEXABVQString@@@Z 00429810 f i vis_ed_toolbars.obj
 0001:000288a0       ?count@?$QMap@VQString@@Vstyleentry@@@@QBEIABVQString@@@Z 004298a0 f i vis_ed_toolbars.obj
 0001:00028950       ??A?$QMap@VQString@@Vstyleentry@@@@QAEAAVstyleentry@@ABVQString@@@Z 00429950 f i vis_ed_toolbars.obj
 0001:00028b30       ?clear@?$QMap@VQString@@Vstyleentry@@@@QAEXXZ 00429b30 f i vis_ed_toolbars.obj
 0001:00028ce0       ?detachInternal@?$QMap@VQString@@Vstyleentry@@@@AAEXXZ 00429ce0 f i vis_ed_toolbars.obj
 0001:00028ec0       ?inc@?$QMapConstIterator@VQString@@Vstyleentry@@@@AAEHXZ 00429ec0 f i vis_ed_toolbars.obj
 0001:00028f00       ?detachInternal@?$QValueList@Vstyleentry@@@@AAEXXZ 00429f00 f i vis_ed_toolbars.obj
 0001:00029010       ??0?$QValueListPrivate@Vstyleentry@@@@QAE@XZ 0042a010 f i vis_ed_toolbars.obj
 0001:00029150       ?insert@?$QValueListPrivate@Vstyleentry@@@@QAE?AV?$QValueListIterator@Vstyleentry@@@@V2@ABVstyleentry@@@Z 0042a150 f i vis_ed_toolbars.obj
 0001:00029210       ??_G?$QValueListPrivate@Vstyleentry@@@@UAEPAXI@Z 0042a210 f i vis_ed_toolbars.obj
 0001:00029210       ??_E?$QValueListPrivate@Vstyleentry@@@@UAEPAXI@Z 0042a210 f i vis_ed_toolbars.obj
 0001:00029260       ??_G?$QValueListNode@Vstyleentry@@@@UAEPAXI@Z 0042a260 f i vis_ed_toolbars.obj
 0001:00029260       ??_E?$QValueListNode@Vstyleentry@@@@UAEPAXI@Z 0042a260 f i vis_ed_toolbars.obj
 0001:00029280       ??1?$QValueListNode@Vstyleentry@@@@UAE@XZ 0042a280 f i vis_ed_toolbars.obj
 0001:00029320       ??0?$QMapPrivate@VQString@@Vstyleentry@@@@QAE@PBV0@@Z 0042a320 f i vis_ed_toolbars.obj
 0001:000294f0       ?clear@?$QMapPrivate@VQString@@Vstyleentry@@@@QAEXPAU?$QMapNode@VQString@@Vstyleentry@@@@@Z 0042a4f0 f i vis_ed_toolbars.obj
 0001:00029530       ?insertSingle@?$QMapPrivate@VQString@@Vstyleentry@@@@QAE?AV?$QMapIterator@VQString@@Vstyleentry@@@@ABVQString@@@Z 0042a530 f i vis_ed_toolbars.obj
 0001:00029610       ??0?$QValueListPrivate@Vstyleentry@@@@QAE@ABV0@@Z 0042a610 f i vis_ed_toolbars.obj
 0001:00029700       ??0?$QValueListIterator@Vstyleentry@@@@QAE@ABV0@@Z 0042a700 f i vis_ed_toolbars.obj
 0001:00029710       ?copy@?$QMapPrivate@VQString@@Vstyleentry@@@@QAEPAU?$QMapNode@VQString@@Vstyleentry@@@@PAU2@@Z 0042a710 f i vis_ed_toolbars.obj
 0001:000298b0       ?insert@?$QMapPrivate@VQString@@Vstyleentry@@@@QAE?AV?$QMapIterator@VQString@@Vstyleentry@@@@PAUQMapNodeBase@@0ABVQString@@@Z 0042a8b0 f i vis_ed_toolbars.obj
 0001:00029a00       ?dec@?$QMapIterator@VQString@@Vstyleentry@@@@AAEHXZ 0042aa00 f i vis_ed_toolbars.obj
 0001:00029a50       ??0?$QMapNode@VQString@@Vstyleentry@@@@QAE@ABU0@@Z 0042aa50 f i vis_ed_toolbars.obj
 0001:00029b80       ??0vis_ed_widget@@QAE@PAVQWidget@@PAVQMainWindow@@PBDI@Z 0042ab80 f   vis_ed_widget.obj
 0001:00029ee0       ?metaObject@vis_ed_widget@@UBEPAVQMetaObject@@XZ 0042aee0 f i vis_ed_widget.obj
 0001:00029ef0       ??_Gvis_ed_widget@@UAEPAXI@Z 0042aef0 f i vis_ed_widget.obj
 0001:00029ef0       ??_Evis_ed_widget@@UAEPAXI@Z 0042aef0 f i vis_ed_widget.obj
 0001:00029f10       ??1?$map@PAVQWidget@@PAV1@U?$less@PAVQWidget@@@std@@V?$allocator@PAVQWidget@@@3@@std@@QAE@XZ 0042af10 f i vis_ed_widget.obj
 0001:0002a000       ??1vis_ed_widget@@UAE@XZ   0042b000 f   vis_ed_widget.obj
 0001:0002a200       ?paintEvent@vis_ed_widget@@UAEXPAVQPaintEvent@@@Z 0042b200 f   vis_ed_widget.obj
 0001:0002a2f0       ?dblClickTimer_timeout@vis_ed_widget@@AAEXXZ 0042b2f0 f   vis_ed_widget.obj
 0001:0002a390       ?contextMenuEvent@vis_ed_widget@@UAEXPAVQContextMenuEvent@@@Z 0042b390 f   vis_ed_widget.obj
 0001:0002a3d0       ?contextMenu@vis_ed_widget@@AAEXPAVQWidget@@@Z 0042b3d0 f   vis_ed_widget.obj
 0001:0002b8c0       ?dialogContextMenu@vis_ed_widget@@AAEXXZ 0042c8c0 f   vis_ed_widget.obj
 0001:0002bcb0       ?dialogInvokeEdit@vis_ed_widget@@AAEXXZ 0042ccb0 f   vis_ed_widget.obj
 0001:0002c560       ??0w_undo_event@@QAE@HABVQString@@PAVvis_ed_widget@@@Z 0042d560 f i vis_ed_widget.obj
 0001:0002c5e0       ??1undo_event@@QAE@XZ      0042d5e0 f i vis_ed_widget.obj
 0001:0002c5e0       ??1w_undo_event@@QAE@XZ    0042d5e0 f i vis_ed_widget.obj
 0001:0002c600       ?undo@w_dialog_settings_undo@@UAEXXZ 0042d600 f i vis_ed_widget.obj
 0001:0002c6a0       ?fileSave@vis_ed_widget@@QAE_N_N@Z 0042d6a0 f   vis_ed_widget.obj
 0001:0002d0d0       ?load@vis_ed_widget@@QAEXPBD_N@Z 0042e0d0 f   vis_ed_widget.obj
 0001:0002d5d0       ?widgetList@dCW@@QAE?AVQWidgetList@@XZ 0042e5d0 f i vis_ed_widget.obj
 0001:0002d600       ?bpixmap@dCW@@QAE?AVQString@@XZ 0042e600 f i vis_ed_widget.obj
 0001:0002d630       ?bcolour@dCW@@QAE?AVQString@@XZ 0042e630 f i vis_ed_widget.obj
 0001:0002d660       ?scriptfile@dCW@@QAE?AVQString@@XZ 0042e660 f i vis_ed_widget.obj
 0001:0002d690       ?mouseReleaseEvent@vis_ed_widget@@UAEXPAVQMouseEvent@@@Z 0042e690 f   vis_ed_widget.obj
 0001:0002d900       ?mouseMoveEvent@vis_ed_widget@@UAEXPAVQMouseEvent@@@Z 0042e900 f   vis_ed_widget.obj
 0001:0002d960       ?mousePressEvent@vis_ed_widget@@UAEXPAVQMouseEvent@@@Z 0042e960 f   vis_ed_widget.obj
 0001:0002da60       ?eventFilter@vis_ed_widget@@UAE_NPAVQObject@@PAVQEvent@@@Z 0042ea60 f   vis_ed_widget.obj
 0001:0002e0e0       ?addEditHandles@vis_ed_widget@@QAEXPAVQWidget@@_N1@Z 0042f0e0 f   vis_ed_widget.obj
 0001:0002e1f0       ?countSelectedItems@vis_ed_widget@@AAEHXZ 0042f1f0 f   vis_ed_widget.obj
 0001:0002e280       ?removeAllEditHandles@vis_ed_widget@@QAEXXZ 0042f280 f   vis_ed_widget.obj
 0001:0002e310       ?removeAllEditHandlesExcept@vis_ed_widget@@QAEXPAVQWidget@@@Z 0042f310 f   vis_ed_widget.obj
 0001:0002e3a0       ?removeEditHandles@vis_ed_widget@@QAEXPAVQWidget@@@Z 0042f3a0 f   vis_ed_widget.obj
 0001:0002e410       ?dragEnterEvent@vis_ed_widget@@UAEXPAVQDragEnterEvent@@@Z 0042f410 f   vis_ed_widget.obj
 0001:0002e440       ?dropEvent@vis_ed_widget@@UAEXPAVQDropEvent@@@Z 0042f440 f   vis_ed_widget.obj
 0001:0002ea90       ?undo@w_new_undo@@UAEXXZ   0042fa90 f i vis_ed_widget.obj
 0001:0002eae0       ?paste@vis_ed_widget@@QAEXXZ 0042fae0 f   vis_ed_widget.obj
 0001:0002ebb0       ?paste@vis_ed_widget@@AAE?AVQWidgetList@@ABVQString@@VQPoint@@@Z 0042fbb0 f   vis_ed_widget.obj
 0001:0002efd0       ?editHandleCount@vis_ed_widget@@QAEHXZ 0042ffd0 f   vis_ed_widget.obj
 0001:0002f030       ?editHandleSelectAll@vis_ed_widget@@QAEXXZ 00430030 f   vis_ed_widget.obj
 0001:0002f0a0       ?Selected_Size_H_Smallest@vis_ed_widget@@QAEXXZ 004300a0 f   vis_ed_widget.obj
 0001:0002f180       ?Selected_Size_H_Largest@vis_ed_widget@@QAEXXZ 00430180 f   vis_ed_widget.obj
 0001:0002f250       ?Selected_Size_V_Largest@vis_ed_widget@@QAEXXZ 00430250 f   vis_ed_widget.obj
 0001:0002f320       ?Selected_Size_V_Smallest@vis_ed_widget@@QAEXXZ 00430320 f   vis_ed_widget.obj
 0001:0002f400       ?Align@vis_ed_widget@@QAEXH@Z 00430400 f   vis_ed_widget.obj
 0001:0002f990       ?undo@w_move_undo@@UAEXXZ  00430990 f i vis_ed_widget.obj
 0001:0002fb80       ?setEditHandledSize@vis_ed_widget@@QAEXHH@Z 00430b80 f   vis_ed_widget.obj
 0001:0002fea0       ?deleteEditHandled@vis_ed_widget@@QAEXXZ 00430ea0 f   vis_ed_widget.obj
 0001:000302d0       ??0w_delete_undo@@QAE@HAAVQString@@PAVvis_ed_widget@@V1@2VQRect@@VQStringList@@2@Z 004312d0 f i vis_ed_widget.obj
 0001:000304e0       ?undo@w_delete_undo@@UAEXXZ 004314e0 f i vis_ed_widget.obj
 0001:00030a20       ?Align_Left@vis_ed_widget@@QAEXXZ 00431a20 f   vis_ed_widget.obj
 0001:00030a30       ?Align_Top@vis_ed_widget@@QAEXXZ 00431a30 f   vis_ed_widget.obj
 0001:00030a40       ?Align_Right@vis_ed_widget@@QAEXXZ 00431a40 f   vis_ed_widget.obj
 0001:00030a50       ?Align_Bottom@vis_ed_widget@@QAEXXZ 00431a50 f   vis_ed_widget.obj
 0001:00030a60       ?Align_HMid@vis_ed_widget@@QAEXXZ 00431a60 f   vis_ed_widget.obj
 0001:00030a70       ?Align_VMid@vis_ed_widget@@QAEXXZ 00431a70 f   vis_ed_widget.obj
 0001:00030a80       ?copy@vis_ed_widget@@QAEXXZ 00431a80 f   vis_ed_widget.obj
 0001:00030b20       ?cut@vis_ed_widget@@QAEXXZ 00431b20 f   vis_ed_widget.obj
 0001:00030b40       ?resizeEvent@vis_ed_widget@@UAEXPAVQResizeEvent@@@Z 00431b40 f   vis_ed_widget.obj
 0001:00030b70       ?close@vis_ed_widget@@UAE_N_N@Z 00431b70 f   vis_ed_widget.obj
 0001:00030ea0       ?filename@vis_ed_widget@@QAE?AVQString@@XZ 00431ea0 f i vis_ed_widget.obj
 0001:00030ed0       ?moveEditHandled@vis_ed_widget@@QAEXVQPoint@@@Z 00431ed0 f   vis_ed_widget.obj
 0001:00031370       ?moveUp@vis_ed_widget@@QAEXXZ 00432370 f   vis_ed_widget.obj
 0001:00031380       ?moveDown@vis_ed_widget@@QAEXXZ 00432380 f   vis_ed_widget.obj
 0001:00031390       ?moveLeft@vis_ed_widget@@QAEXXZ 00432390 f   vis_ed_widget.obj
 0001:000313a0       ?moveRight@vis_ed_widget@@QAEXXZ 004323a0 f   vis_ed_widget.obj
 0001:000313b0       ?moveUpFast@vis_ed_widget@@QAEXXZ 004323b0 f   vis_ed_widget.obj
 0001:000313c0       ?moveDownFast@vis_ed_widget@@QAEXXZ 004323c0 f   vis_ed_widget.obj
 0001:000313d0       ?moveLeftFast@vis_ed_widget@@QAEXXZ 004323d0 f   vis_ed_widget.obj
 0001:000313e0       ?moveRightFast@vis_ed_widget@@QAEXXZ 004323e0 f   vis_ed_widget.obj
 0001:000313f0       ?saveXML@vis_ed_widget@@QAEHAAVQString@@_N@Z 004323f0 f   vis_ed_widget.obj
 0001:00031e50       ?setDirty@vis_ed_widget@@QAEX_N@Z 00432e50 f   vis_ed_widget.obj
 0001:00031e60       ?undo@vis_ed_widget@@QAEXXZ 00432e60 f   vis_ed_widget.obj
 0001:00032070       ?redo@vis_ed_widget@@QAEXXZ 00433070 f   vis_ed_widget.obj
 0001:00032270       ?fillStack@vis_ed_widget@@QAEXPAV?$QPtrStack@Vw_undo_event@@@@PAVw_undo_event@@@Z 00433270 f   vis_ed_widget.obj
 0001:00032ff0       ?serial@w_undo_event@@QAEHXZ 00433ff0 f i vis_ed_widget.obj
 0001:00033000       ?getNewName@w_rename_undo@@QAE?AVQString@@XZ 00434000 f i vis_ed_widget.obj
 0001:00033000       ?getName@w_delete_undo@@QAE?AVQString@@XZ 00434000 f i vis_ed_widget.obj
 0001:00033030       ?undo@w_rename_undo@@UAEXXZ 00434030 f i vis_ed_widget.obj
 0001:00033080       ?undo@w_settings_undo@@UAEXXZ 00434080 f i vis_ed_widget.obj
 0001:00033230       ?getOldName@w_rename_undo@@QAE?AVQString@@XZ 00434230 f i vis_ed_widget.obj
 0001:00033230       ?getName@w_move_undo@@QAE?AVQString@@XZ 00434230 f i vis_ed_widget.obj
 0001:00033230       ?getName@w_settings_undo@@QAE?AVQString@@XZ 00434230 f i vis_ed_widget.obj
 0001:00033230       ?getName@w_new_undo@@QAE?AVQString@@XZ 00434230 f i vis_ed_widget.obj
 0001:00033260       ?getSettings@vis_ed_widget@@QAE?AVQStringList@@PAVQWidget@@@Z 00434260 f   vis_ed_widget.obj
 0001:00033370       ?installMessageTrap@vis_ed_widget@@SAXPAVQWidget@@0@Z 00434370 f   vis_ed_widget.obj
 0001:00033420       ?rectChanged@vis_ed_widget@@QAEXPAVQWidget@@VQRect@@@Z 00434420 f   vis_ed_widget.obj
 0001:00033600       ?dialogRectChanged@vis_ed_widget@@QAEXPAVQWidget@@VQRect@@@Z 00434600 f   vis_ed_widget.obj
 0001:00033860       ?setScriptfile@vis_ed_widget@@QAEXAAVQString@@@Z 00434860 f   vis_ed_widget.obj
 0001:00033880       ?highestWidget@vis_ed_widget@@QAEPAVQWidget@@PAV2@@Z 00434880 f   vis_ed_widget.obj
 0001:000338f0       ?invokeEdit@vis_ed_widget@@AAEXPAVQWidget@@@Z 004348f0 f   vis_ed_widget.obj
 0001:00033c50       ?setDlgPos@vis_ed_widget@@QAEXHH@Z 00434c50 f   vis_ed_widget.obj
 0001:00033c70       ?setDialogType@vis_ed_widget@@QAEX_N0@Z 00434c70 f   vis_ed_widget.obj
 0001:00033c90       ?test@vis_ed_widget@@QAEXXZ 00434c90 f   vis_ed_widget.obj
 0001:000348c0       ?widget_count@vis_ed_widget@@QAEXXZ 004358c0 f   vis_ed_widget.obj
 0001:00034ae0       ?getEditHandled@vis_ed_widget@@AAE?AVQWidgetList@@XZ 00435ae0 f   vis_ed_widget.obj
 0001:00034be0       ?getEditHandledOrdered@vis_ed_widget@@AAE?AVQWidgetList@@XZ 00435be0 f   vis_ed_widget.obj
 0001:00034d50       ?getWidgetList@vis_ed_widget@@QAE?AVQWidgetList@@XZ 00435d50 f   vis_ed_widget.obj
 0001:00034e50       ?getWidgetListOrdered@vis_ed_widget@@QAE?AVQWidgetList@@XZ 00435e50 f   vis_ed_widget.obj
 0001:00034fe0       ?gridCorrect@vis_ed_widget@@AAEXVQWidgetList@@@Z 00435fe0 f   vis_ed_widget.obj
 0001:00035160       ?setShowGrid@vis_ed_widget@@QAEX_N@Z 00436160 f   vis_ed_widget.obj
 0001:00035180       ?showGrid@vis_ed_widget@@QAE_NXZ 00436180 f   vis_ed_widget.obj
 0001:00035190       ?gridSize@vis_ed_widget@@QAEHXZ 00436190 f   vis_ed_widget.obj
 0001:000351a0       ?setGridSize@vis_ed_widget@@QAEXH@Z 004361a0 f   vis_ed_widget.obj
 0001:000351d0       ?toggleGrid@vis_ed_widget@@QAEXXZ 004361d0 f   vis_ed_widget.obj
 0001:00035270       ?doDistribute@vis_ed_widget@@QAEXXZ 00436270 f   vis_ed_widget.obj
 0001:00035270       ?fileMenuAboutToShow@vis_ed_mdi@@IAEXXZ 00436270 f   vis_ed_widget.obj
 0001:00035280       ?distributeEvenlyHor@vis_ed_widget@@QAEXXZ 00436280 f   vis_ed_widget.obj
 0001:00035290       ?distributeEvenlyVer@vis_ed_widget@@QAEXXZ 00436290 f   vis_ed_widget.obj
 0001:000352a0       ?distributeEvenly@vis_ed_widget@@AAEXW4distribute@1@@Z 004362a0 f   vis_ed_widget.obj
 0001:00035860       ??1hPosSortedWidgetList@@UAE@XZ 00436860 f i vis_ed_widget.obj
 0001:000358d0       ?compareItems@hPosSortedWidgetList@@UAEHPAX0@Z 004368d0 f i vis_ed_widget.obj
 0001:00035900       ??_EhPosSortedWidgetList@@UAEPAXI@Z 00436900 f i vis_ed_widget.obj
 0001:00035900       ??_GhPosSortedWidgetList@@UAEPAXI@Z 00436900 f i vis_ed_widget.obj
 0001:00035920       ??1vPosSortedWidgetList@@UAE@XZ 00436920 f i vis_ed_widget.obj
 0001:00035990       ?compareItems@vPosSortedWidgetList@@UAEHPAX0@Z 00436990 f i vis_ed_widget.obj
 0001:000359c0       ??_EvPosSortedWidgetList@@UAEPAXI@Z 004369c0 f i vis_ed_widget.obj
 0001:000359c0       ??_GvPosSortedWidgetList@@UAEPAXI@Z 004369c0 f i vis_ed_widget.obj
 0001:000359e0       ?stackWidgetsLeft@vis_ed_widget@@QAEXXZ 004369e0 f   vis_ed_widget.obj
 0001:000359f0       ?stackWidgets@vis_ed_widget@@AAEXW4align@1@H@Z 004369f0 f   vis_ed_widget.obj
 0001:00036080       ?stackWidgetsRight@vis_ed_widget@@QAEXXZ 00437080 f   vis_ed_widget.obj
 0001:00036090       ?stackWidgetsTop@vis_ed_widget@@QAEXXZ 00437090 f   vis_ed_widget.obj
 0001:000360a0       ?stackWidgetsBottom@vis_ed_widget@@QAEXXZ 004370a0 f   vis_ed_widget.obj
 0001:000360b0       ?centreWidgetsHor@vis_ed_widget@@QAEXXZ 004370b0 f   vis_ed_widget.obj
 0001:000360c0       ?centreWidgetsVer@vis_ed_widget@@QAEXXZ 004370c0 f   vis_ed_widget.obj
 0001:000360d0       ?centreWidgets@vis_ed_widget@@AAEXH@Z 004370d0 f   vis_ed_widget.obj
 0001:00036290       ?getWidgetsExtent@vis_ed_widget@@AAE_NVQWidgetList@@AAH111@Z 00437290 f   vis_ed_widget.obj
 0001:000363e0       ?doDuplicate@vis_ed_widget@@QAEXXZ 004373e0 f   vis_ed_widget.obj
 0001:000364b0       ?duplicateWidget@vis_ed_widget@@AAEXHHH_N@Z 004374b0 f   vis_ed_widget.obj
 0001:000368a0       ?highlightItem@vis_ed_widget@@QAEXABVQString@@@Z 004378a0 f   vis_ed_widget.obj
 0001:00036990       ?renameItem@vis_ed_widget@@QAEXABVQString@@0@Z 00437990 f   vis_ed_widget.obj
 0001:00036ab0       ?doWidgetRename@vis_ed_widget@@AAEXPAVQWidget@@ABVQString@@1@Z 00437ab0 f   vis_ed_widget.obj
 0001:00036ea0       ?openVisualStudio@vis_ed_widget@@QAEXXZ 00437ea0 f   vis_ed_widget.obj
 0001:000378d0       ??_EQProcess@@UAEPAXI@Z    004388d0 f i vis_ed_widget.obj
 0001:000378d0       ??_GQProcess@@UAEPAXI@Z    004388d0 f i vis_ed_widget.obj
 0001:000378f0       ?openInExplorer@vis_ed_widget@@QAEXXZ 004388f0 f   vis_ed_widget.obj
 0001:00037a80       ?openScriptUI@vis_ed_widget@@QAEXXZ 00438a80 f   vis_ed_widget.obj
 0001:00037dc0       ?openScriptVS@vis_ed_widget@@QAEXXZ 00438dc0 f   vis_ed_widget.obj
 0001:00038610       ?wizProcessExited@vis_ed_widget@@QAEXXZ 00439610 f   vis_ed_widget.obj
 0001:00038950       ?openShell@vis_ed_widget@@AAEHABVQString@@@Z 00439950 f   vis_ed_widget.obj
 0001:00038b30       ?propertiesEdit@vis_ed_widget@@QAEXXZ 00439b30 f   vis_ed_widget.obj
 0001:00038cc0       ?contextMenu@vis_ed_widget@@QAEXXZ 00439cc0 f   vis_ed_widget.obj
 0001:00038e50       ?setStyleSheet@vis_ed_widget@@QAEXABVQString@@@Z 00439e50 f   vis_ed_widget.obj
 0001:00038ef0       ?setStateSheet@vis_ed_widget@@QAEXABVQString@@@Z 00439ef0 f   vis_ed_widget.obj
 0001:00038f60       ?setSheet@vis_ed_widget@@AAEXVQString@@0@Z 00439f60 f   vis_ed_widget.obj
 0001:000397a0       ?browseStyleSheet@vis_ed_widget@@QAEXXZ 0043a7a0 f   vis_ed_widget.obj
 0001:000397c0       ?browseStateSheet@vis_ed_widget@@QAEXXZ 0043a7c0 f   vis_ed_widget.obj
 0001:000397e0       ?stylesheetBrowser@vis_ed_widget@@AAEXVQString@@@Z 0043a7e0 f   vis_ed_widget.obj
 0001:00039f50       ?doConnectionsDialog@vis_ed_widget@@QAEXXZ 0043af50 f   vis_ed_widget.obj
 0001:0003a080       ?doConnectionsDialog@vis_ed_widget@@AAEXABVQString@@000@Z 0043b080 f   vis_ed_widget.obj
 0001:0003a410       ?nextserial@w_undo_event@@SAHXZ 0043b410 f i vis_ed_widget.obj
 0001:0003a420       ??0w_connection_undo@@QAE@HABVQString@@PAVvis_ed_widget@@VsignalConnectionRefList@@@Z 0043b420 f i vis_ed_widget.obj
 0001:0003a670       ?undo@w_connection_undo@@UAEXXZ 0043b670 f i vis_ed_widget.obj
 0001:0003a830       ?addWidget@vis_ed_widget@@AAEXPAVQWidget@@@Z 0043b830 f   vis_ed_widget.obj
 0001:0003a9c0       ?removeWidget@vis_ed_widget@@AAEXPAVQWidget@@@Z 0043b9c0 f   vis_ed_widget.obj
 0001:0003aaa0       ?doPullForward@vis_ed_widget@@QAEXXZ 0043baa0 f   vis_ed_widget.obj
 0001:0003ab10       ?doPushBack@vis_ed_widget@@QAEXXZ 0043bb10 f   vis_ed_widget.obj
 0001:0003abc0       ?showEditHandles@vis_ed_widget@@QAEX_N@Z 0043bbc0 f   vis_ed_widget.obj
 0001:0003ac50       ?hasEditHandles@vis_ed_widget@@QAE_NPAVQWidget@@@Z 0043bc50 f   vis_ed_widget.obj
 0001:0003acc0       ?showWidgetStatsOnStatusBar@vis_ed_widget@@AAEXPAVQWidget@@@Z 0043bcc0 f   vis_ed_widget.obj
 0001:0003aed0       ?flagUndoRedoAvailable@vis_ed_widget@@QAEXXZ 0043bed0 f   vis_ed_widget.obj
 0001:0003b040       ?doSizePositionManual@vis_ed_widget@@QAEXXZ 0043c040 f   vis_ed_widget.obj
 0001:0003c410       ?clipboardDataChanged@vis_ed_widget@@QAEXXZ 0043d410 f   vis_ed_widget.obj
 0001:0003c440       ?isPasteWidgetAvailable@vis_ed_widget@@QAE_NXZ 0043d440 f   vis_ed_widget.obj
 0001:0003c570       ?isPasteSettingsAvailable@vis_ed_widget@@QAE_NXZ 0043d570 f   vis_ed_widget.obj
 0001:0003c8a0       ?doManualSettings@vis_ed_widget@@QAEXXZ 0043d8a0 f   vis_ed_widget.obj
 0001:0003ccb0       ?doExportSettings@vis_ed_widget@@QAEXXZ 0043dcb0 f   vis_ed_widget.obj
 0001:0003d0f0       ?doImportSettings@vis_ed_widget@@QAEXXZ 0043e0f0 f   vis_ed_widget.obj
 0001:0003d600       ?evaluateCanOpenScript@vis_ed_widget@@AAEXPAVQWidget@@@Z 0043e600 f   vis_ed_widget.obj
 0001:0003d830       ?setTestInstance@vis_ed_widget@@QAEXABVQString@@@Z 0043e830 f   vis_ed_widget.obj
 0001:0003d850       ?setPanelmanSize@vis_ed_widget@@QAEXABVQString@@@Z 0043e850 f   vis_ed_widget.obj
 0001:0003d870       ?setShowTestDialog@vis_ed_widget@@QAEX_N@Z 0043e870 f   vis_ed_widget.obj
 0001:0003d880       ??0?$QPtrList@VsignalConnection@@@@QAE@ABV0@@Z 0043e880 f i vis_ed_widget.obj
 0001:0003d8a0       ??1?$QPtrStack@Vw_undo_event@@@@UAE@XZ 0043e8a0 f i vis_ed_widget.obj
 0001:0003d900       ??1?$_Tree@PAVQWidget@@U?$pair@QAVQWidget@@PAV1@@std@@U_Kfn@?$map@PAVQWidget@@PAV1@U?$less@PAVQWidget@@@std@@V?$allocator@PAVQWidget@@@3@@3@U?$less@PAVQWidget@@@3@V?$allocator@PAVQWidget@@@3@@std@@QAE@XZ 0043e900 f i vis_ed_widget.obj
 0001:0003d9e0       ??1?$_Tree@VQString@@U?$pair@$$CBVQString@@VQStringList@@@std@@U_Kfn@?$map@VQString@@VQStringList@@U?$less@VQString@@@std@@V?$allocator@VQStringList@@@4@@3@U?$less@VQString@@@3@V?$allocator@VQStringList@@@3@@std@@QAE@XZ 0043e9e0 f i vis_ed_widget.obj
 0001:0003dad0       ??_E?$QPtrStack@Vw_undo_event@@@@UAEPAXI@Z 0043ead0 f i vis_ed_widget.obj
 0001:0003dad0       ??_G?$QPtrStack@Vw_undo_event@@@@UAEPAXI@Z 0043ead0 f i vis_ed_widget.obj
 0001:0003daf0       ?begin@?$_Tree@VQString@@U?$pair@$$CBVQString@@VQStringList@@@std@@U_Kfn@?$map@VQString@@VQStringList@@U?$less@VQString@@@std@@V?$allocator@VQStringList@@@4@@3@U?$less@VQString@@@3@V?$allocator@VQStringList@@@3@@std@@QAE?AViterator@12@XZ 0043eaf0 f i vis_ed_widget.obj
 0001:0003daf0       ?begin@?$_Tree@VQString@@V1@U_Kfn@?$set@VQString@@U?$less@VQString@@@std@@V?$allocator@VQString@@@3@@std@@U?$less@VQString@@@4@V?$allocator@VQString@@@4@@std@@QAE?AViterator@12@XZ 0043eaf0 f i vis_ed_widget.obj
 0001:0003daf0       ?begin@?$_Tree@PAVQWidget@@U?$pair@QAVQWidget@@PAV1@@std@@U_Kfn@?$map@PAVQWidget@@PAV1@U?$less@PAVQWidget@@@std@@V?$allocator@PAVQWidget@@@3@@3@U?$less@PAVQWidget@@@3@V?$allocator@PAVQWidget@@@3@@std@@QAE?AViterator@12@XZ 0043eaf0 f i vis_ed_widget.obj
 0001:0003db00       ?erase@?$_Tree@PAVQWidget@@U?$pair@QAVQWidget@@PAV1@@std@@U_Kfn@?$map@PAVQWidget@@PAV1@U?$less@PAVQWidget@@@std@@V?$allocator@PAVQWidget@@@3@@3@U?$less@PAVQWidget@@@3@V?$allocator@PAVQWidget@@@3@@std@@QAE?AViterator@12@V312@@Z 0043eb00 f i vis_ed_widget.obj
 0001:0003df00       ?find@?$_Tree@PAVQWidget@@U?$pair@QAVQWidget@@PAV1@@std@@U_Kfn@?$map@PAVQWidget@@PAV1@U?$less@PAVQWidget@@@std@@V?$allocator@PAVQWidget@@@3@@3@U?$less@PAVQWidget@@@3@V?$allocator@PAVQWidget@@@3@@std@@QAE?AViterator@12@ABQAVQWidget@@@Z 0043ef00 f i vis_ed_widget.obj
 0001:0003df70       ?_Inc@const_iterator@?$_Tree@PAVQWidget@@U?$pair@QAVQWidget@@PAV1@@std@@U_Kfn@?$map@PAVQWidget@@PAV1@U?$less@PAVQWidget@@@std@@V?$allocator@PAVQWidget@@@3@@3@U?$less@PAVQWidget@@@3@V?$allocator@PAVQWidget@@@3@@std@@QAEXXZ 0043ef70 f i vis_ed_widget.obj
 0001:0003dfc0       ??0?$_Tree@VQString@@U?$pair@$$CBVQString@@VQStringList@@@std@@U_Kfn@?$map@VQString@@VQStringList@@U?$less@VQString@@@std@@V?$allocator@VQStringList@@@4@@3@U?$less@VQString@@@3@V?$allocator@VQStringList@@@3@@std@@QAE@ABU?$less@VQString@@@1@_NABV?$allocator@VQStringList@@@1@@Z 0043efc0 f i vis_ed_widget.obj
 0001:0003dff0       ??0?$pair@Viterator@?$_Tree@PAVQWidget@@U?$pair@QAVQWidget@@PAV1@@std@@U_Kfn@?$map@PAVQWidget@@PAV1@U?$less@PAVQWidget@@@std@@V?$allocator@PAVQWidget@@@3@@3@U?$less@PAVQWidget@@@3@V?$allocator@PAVQWidget@@@3@@std@@_N@std@@QAE@ABViterator@?$_Tree@PAVQWidget@@U?$pair@QAVQWidget@@PAV1@@std@@U_Kfn@?$map@PAVQWidget@@PAV1@U?$less@PAVQWidget@@@std@@V?$allocator@PAVQWidget@@@3@@3@U?$less@PAVQWidget@@@3@V?$allocator@PAVQWidget@@@3@@1@AB_N@Z 0043eff0 f i vis_ed_widget.obj
 0001:0003e010       ?lower_bound@?$_Tree@PAVQWidget@@U?$pair@QAVQWidget@@PAV1@@std@@U_Kfn@?$map@PAVQWidget@@PAV1@U?$less@PAVQWidget@@@std@@V?$allocator@PAVQWidget@@@3@@3@U?$less@PAVQWidget@@@3@V?$allocator@PAVQWidget@@@3@@std@@QAE?AViterator@12@ABQAVQWidget@@@Z 0043f010 f i vis_ed_widget.obj
 0001:0003e050       ?_Erase@?$_Tree@PAVQWidget@@U?$pair@QAVQWidget@@PAV1@@std@@U_Kfn@?$map@PAVQWidget@@PAV1@U?$less@PAVQWidget@@@std@@V?$allocator@PAVQWidget@@@3@@3@U?$less@PAVQWidget@@@3@V?$allocator@PAVQWidget@@@3@@std@@IAEXPAU_Node@12@@Z 0043f050 f i vis_ed_widget.obj
 0001:0003e090       ?_Init@?$_Tree@PAVQWidget@@U?$pair@QAVQWidget@@PAV1@@std@@U_Kfn@?$map@PAVQWidget@@PAV1@U?$less@PAVQWidget@@@std@@V?$allocator@PAVQWidget@@@3@@3@U?$less@PAVQWidget@@@3@V?$allocator@PAVQWidget@@@3@@std@@IAEXXZ 0043f090 f i vis_ed_widget.obj
 0001:0003e130       ?_Insert@?$_Tree@PAVQWidget@@U?$pair@QAVQWidget@@PAV1@@std@@U_Kfn@?$map@PAVQWidget@@PAV1@U?$less@PAVQWidget@@@std@@V?$allocator@PAVQWidget@@@3@@3@U?$less@PAVQWidget@@@3@V?$allocator@PAVQWidget@@@3@@std@@IAE?AViterator@12@PAU_Node@12@0ABU?$pair@QAVQWidget@@PAV1@@2@@Z 0043f130 f i vis_ed_widget.obj
 0001:0003e3a0       ?_Min@?$_Tree@PAVQWidget@@U?$pair@QAVQWidget@@PAV1@@std@@U_Kfn@?$map@PAVQWidget@@PAV1@U?$less@PAVQWidget@@@std@@V?$allocator@PAVQWidget@@@3@@3@U?$less@PAVQWidget@@@3@V?$allocator@PAVQWidget@@@3@@std@@KAPAU_Node@12@PAU312@@Z 0043f3a0 f i vis_ed_widget.obj
 0001:0003e3c0       ?_Lbound@?$_Tree@PAVQWidget@@U?$pair@QAVQWidget@@PAV1@@std@@U_Kfn@?$map@PAVQWidget@@PAV1@U?$less@PAVQWidget@@@std@@V?$allocator@PAVQWidget@@@3@@3@U?$less@PAVQWidget@@@3@V?$allocator@PAVQWidget@@@3@@std@@IBEPAU_Node@12@ABQAVQWidget@@@Z 0043f3c0 f i vis_ed_widget.obj
 0001:0003e3f0       ?_Dec@const_iterator@?$_Tree@PAVQWidget@@U?$pair@QAVQWidget@@PAV1@@std@@U_Kfn@?$map@PAVQWidget@@PAV1@U?$less@PAVQWidget@@@std@@V?$allocator@PAVQWidget@@@3@@3@U?$less@PAVQWidget@@@3@V?$allocator@PAVQWidget@@@3@@std@@QAEXXZ 0043f3f0 f i vis_ed_widget.obj
[...]
 0003:00013680       ___defaultmatherr          0049a680     MSVCRT:merr.obj
 0003:00013688       ??_C@_00A@?$AA@            0049a688     controldrag.obj
 0003:00013690       ?_Nilrefs@?$_Tree@VQString@@U?$pair@$$CBVQString@@VQStringList@@@std@@U_Kfn@?$map@VQString@@VQStringList@@U?$less@VQString@@@std@@V?$allocator@VQStringList@@@4@@3@U?$less@VQString@@@3@V?$allocator@VQStringList@@@3@@std@@1IA 0049a690     importsettingsimpl.obj
 0003:00013694       ?_Nil@?$_Tree@VQString@@U?$pair@$$CBVQString@@VQStringList@@@std@@U_Kfn@?$map@VQString@@VQStringList@@U?$less@VQString@@@std@@V?$allocator@VQStringList@@@4@@3@U?$less@VQString@@@3@V?$allocator@VQStringList@@@3@@std@@1PAU_Node@12@A 0049a694     importsettingsimpl.obj
 0003:00013698       ?_Nilrefs@?$_Tree@VQString@@V1@U_Kfn@?$set@VQString@@U?$less@VQString@@@std@@V?$allocator@VQString@@@3@@std@@U?$less@VQString@@@4@V?$allocator@VQString@@@4@@std@@1IA 0049a698     signalConnectionListDlgimpl.obj
 0003:0001369c       ?_Nil@?$_Tree@VQString@@V1@U_Kfn@?$set@VQString@@U?$less@VQString@@@std@@V?$allocator@VQString@@@3@@std@@U?$less@VQString@@@4@V?$allocator@VQString@@@4@@std@@1PAU_Node@12@A 0049a69c     signalConnectionListDlgimpl.obj
 0003:000136a4       ?m_pPanelStyle@vis_ed_mdi@@0PAVQStyle@@A 0049a6a4     vis_ed_mdi.obj
 0003:000136a8       ?serialno@w_undo_event@@2HA 0049a6a8     vis_ed_widget.obj
 0003:000136ac       ?_Nilrefs@?$_Tree@PAVQWidget@@U?$pair@QAVQWidget@@PAV1@@std@@U_Kfn@?$map@PAVQWidget@@PAV1@U?$less@PAVQWidget@@@std@@V?$allocator@PAVQWidget@@@3@@3@U?$less@PAVQWidget@@@3@V?$allocator@PAVQWidget@@@3@@std@@1IA 0049a6ac     vis_ed_widget.obj
 0003:000136b0       ?_Nil@?$_Tree@PAVQWidget@@U?$pair@QAVQWidget@@PAV1@@std@@U_Kfn@?$map@PAVQWidget@@PAV1@U?$less@PAVQWidget@@@std@@V?$allocator@PAVQWidget@@@3@@3@U?$less@PAVQWidget@@@3@V?$allocator@PAVQWidget@@@3@@std@@1PAU_Node@12@A 0049a6b0     vis_ed_widget.obj
 0003:000136c4       ?metaObj@device_list@@0PAVQMetaObject@@A 0049a6c4     moc_device_list.obj
 0003:0001371c       ?metaObj@device_list_editBase@@0PAVQMetaObject@@A 0049a71c     moc_device_list_edit.obj
 0003:00013728       ?metaObj@deviceTypeListView@@0PAVQMetaObject@@A 0049a728     moc_deviceTypeListView.obj
 0003:00013738       ?metaObj@dialog@@0PAVQMetaObject@@A 0049a738     moc_dialog.obj
 0003:00013754       ?metaObj@dialogeditBase@@0PAVQMetaObject@@A 0049a754     moc_dialogedit.obj
 0003:0001375c       ?metaObj@dialogedit@@0PAVQMetaObject@@A 0049a75c     moc_dialogeditimpl.obj
 0003:00013764       ?metaObj@distributeBase@@0PAVQMetaObject@@A 0049a764     moc_distribute.obj
 0003:0001376c       ?metaObj@distribute@@0PAVQMetaObject@@A 0049a76c     moc_distributeimpl.obj
 0003:00013774       ?metaObj@duplicateDlgBase@@0PAVQMetaObject@@A 0049a774     moc_duplicatedlg.obj
 0003:0001377c       ?metaObj@duplicateDlg@@0PAVQMetaObject@@A 0049a77c     moc_duplicatedlgimpl.obj
 0003:00013788       ?metaObj@editHandles@@0PAVQMetaObject@@A 0049a788     moc_editHandles.obj
 0003:000137b4       ?metaObj@file_newBase@@0PAVQMetaObject@@A 0049a7b4     moc_file_new.obj
 0003:000137c0       ?metaObj@file_new@@0PAVQMetaObject@@A 0049a7c0     moc_file_new_imp.obj
 0003:000137dc       ?metaObj@globalstyleDlgBase@@0PAVQMetaObject@@A 0049a7dc     moc_globalstyledlg.obj
 0003:000137e8       ?metaObj@globalStyleDlg@@0PAVQMetaObject@@A 0049a7e8     moc_globalstyledlgimpl.obj
 0003:000137f8       ?metaObj@handleBlock@@0PAVQMetaObject@@A 0049a7f8     moc_handleBlock.obj
 0003:00013824       ?metaObj@importSettingsBase@@0PAVQMetaObject@@A 0049a824     moc_importsettings.obj
 0003:0001382c       ?metaObj@importSettings@@0PAVQMetaObject@@A 0049a82c     moc_importsettingsimpl.obj
 0003:00013834       ?metaObj@manualSettingsBase@@0PAVQMetaObject@@A 0049a834     moc_manualsettings.obj
 0003:0001383c       ?metaObj@manualSettings@@0PAVQMetaObject@@A 0049a83c     moc_manualsettingsimpl.obj
 0003:00013844       ?metaObj@objectViewBase@@0PAVQMetaObject@@A 0049a844     moc_objectview.obj
 0003:00013850       ?metaObj@objectView@@0PAVQMetaObject@@A 0049a850     moc_objectviewimpl.obj
 0003:00013890       ?metaObj@pasteTable@@0PAVQMetaObject@@A 0049a890     moc_pasteTable.obj
 0003:000138a0       ?metaObj@pickbox@@0PAVQMetaObject@@A 0049a8a0     moc_pickbox.obj
 0003:000138c0       ?metaObj@pickbox_paramlist@@0PAVQMetaObject@@A 0049a8c0     moc_pickbox_paramlist.obj
 0003:000138c8       ?metaObj@signalConnectionListDlg@@0PAVQMetaObject@@A 0049a8c8     moc_signalConnectionListDlg.obj
 0003:000138d8       ?metaObj@signalConnectionListDlgImpl@@0PAVQMetaObject@@A 0049a8d8     moc_signalConnectionListDlgimpl.obj
 0003:00013924       ?metaObj@sizePosEditBase@@0PAVQMetaObject@@A 0049a924     moc_sizeposedit.obj
 0003:0001392c       ?metaObj@sizePosEdit@@0PAVQMetaObject@@A 0049a92c     moc_sizeposeditimpl.obj
 0003:00013934       ?metaObj@system_setupBase@@0PAVQMetaObject@@A 0049a934     moc_system_setup.obj
 0003:0001393c       ?metaObj@system_setup@@0PAVQMetaObject@@A 0049a93c     moc_system_setupimpl.obj
 0003:00013944       ?metaObj@testSettingsBase@@0PAVQMetaObject@@A 0049a944     moc_testsettings.obj
 0003:0001394c       ?metaObj@testSettings@@0PAVQMetaObject@@A 0049a94c     moc_testsettingsimpl.obj
 0003:00013958       ?metaObj@textedit@@0PAVQMetaObject@@A 0049a958     moc_textedit.obj
 0003:0001398c       ?metaObj@vis_ed_mdi@@0PAVQMetaObject@@A 0049a98c     moc_vis_ed_mdi.obj
 0003:000139e8       ?metaObj@vis_ed_toolbars@@0PAVQMetaObject@@A 0049a9e8     moc_vis_ed_toolbars.obj
 0003:00013a18       ?metaObj@vis_ed_widget@@0PAVQMetaObject@@A 0049aa18     moc_vis_ed_widget.obj
 0003:00013b38       ?metaObj@xml_listview@@0PAVQMetaObject@@A 0049ab38     moc_xml_listview.obj
 0003:00013b48       ?metaObj@QtSingleApplication@@0PAVQMetaObject@@A 0049ab48     qtsingleapplication:moc_qtsingleapplication.obj
 0003:00013bb0       ?pHtmlHelpW@@3P6GPAUHWND__@@PAU1@PBGIK@ZA 0049abb0     htmlhelp:init.obj
 0003:00013bb4       ?pHtmlHelpA@@3P6GPAUHWND__@@PAU1@PBDIK@ZA 0049abb4     htmlhelp:init.obj
 0003:00013bb8       __dowildcard               0049abb8     MSVCRT:wildcard.obj
 0003:00013bbc       __newmode                  0049abbc     MSVCRT:_newmode.obj
 0003:00013bc0       __commode                  0049abc0     MSVCRT:xncommod.obj
 0003:00013bc4       __fmode                    0049abc4     MSVCRT:xtxtmode.obj
 0003:00013bc8       __adjust_fdiv              0049abc8     <common>
 0003:00013bcc       ___onexitend               0049abcc     <common>
 0003:00013bd0       ___onexitbegin             0049abd0     <common>

 entry point at        0001:0004fc4a

 Static symbols

 0001:0004ad20       _$E106                     0044bd20 f   moc_xml_listview.obj
 0001:0004ad30       _$E103                     0044bd30 f   moc_xml_listview.obj
 0001:0004ad50       _$E105                     0044bd50 f   moc_xml_listview.obj
 0001:0004ad60       _$E104                     0044bd60 f   moc_xml_listview.obj
 0001:00049330       _$E120                     0044a330 f   moc_vis_ed_widget.obj
 0001:00049340       _$E117                     0044a340 f   moc_vis_ed_widget.obj
 0001:00049360       _$E119                     0044a360 f   moc_vis_ed_widget.obj
 0001:00049370       _$E118                     0044a370 f   moc_vis_ed_widget.obj
 0001:00048f90       _$E109                     00449f90 f   moc_vis_ed_toolbars.obj
 0001:00048fa0       _$E106                     00449fa0 f   moc_vis_ed_toolbars.obj
 0001:00048fc0       _$E108                     00449fc0 f   moc_vis_ed_toolbars.obj
 0001:00048fd0       _$E107                     00449fd0 f   moc_vis_ed_toolbars.obj
 0001:00048610       _$E116                     00449610 f   moc_vis_ed_mdi.obj
 0001:00048620       _$E113                     00449620 f   moc_vis_ed_mdi.obj
 0001:00048640       _$E115                     00449640 f   moc_vis_ed_mdi.obj
 0001:00048650       _$E114                     00449650 f   moc_vis_ed_mdi.obj
 0001:00048280       _$E113                     00449280 f   moc_textedit.obj
 0001:00048290       _$E110                     00449290 f   moc_textedit.obj
 0001:000482b0       _$E112                     004492b0 f   moc_textedit.obj
 0001:000482c0       _$E111                     004492c0 f   moc_textedit.obj
 0001:00048140       _$E101                     00449140 f   moc_testsettingsimpl.obj
 0001:00048150       _$E98                      00449150 f   moc_testsettingsimpl.obj
 0001:00048170       _$E100                     00449170 f   moc_testsettingsimpl.obj
 0001:00048180       _$E99                      00449180 f   moc_testsettingsimpl.obj
 0001:00047f90       _$E100                     00448f90 f   moc_testsettings.obj
 0001:00047fa0       _$E97                      00448fa0 f   moc_testsettings.obj
 0001:00047fc0       _$E99                      00448fc0 f   moc_testsettings.obj
 0001:00047fd0       _$E98                      00448fd0 f   moc_testsettings.obj
 0001:00047e50       _$E102                     00448e50 f   moc_system_setupimpl.obj
 0001:00047e60       _$E99                      00448e60 f   moc_system_setupimpl.obj
 0001:00047e80       _$E101                     00448e80 f   moc_system_setupimpl.obj
 0001:00047e90       _$E100                     00448e90 f   moc_system_setupimpl.obj
 0001:00047ca0       _$E101                     00448ca0 f   moc_system_setup.obj
 0001:00047cb0       _$E98                      00448cb0 f   moc_system_setup.obj
 0001:00047cd0       _$E100                     00448cd0 f   moc_system_setup.obj
 0001:00047ce0       _$E99                      00448ce0 f   moc_system_setup.obj
 0001:00047b20       _$E101                     00448b20 f   moc_sizeposeditimpl.obj
 0001:00047b30       _$E98                      00448b30 f   moc_sizeposeditimpl.obj
 0001:00047b50       _$E100                     00448b50 f   moc_sizeposeditimpl.obj
 0001:00047b60       _$E99                      00448b60 f   moc_sizeposeditimpl.obj
 0001:00047930       _$E100                     00448930 f   moc_sizeposedit.obj
 0001:00047940       _$E97                      00448940 f   moc_sizeposedit.obj
 0001:00047960       _$E99                      00448960 f   moc_sizeposedit.obj
 0001:00047970       _$E98                      00448970 f   moc_sizeposedit.obj
 0001:00047640       _$E106                     00448640 f   moc_signalConnectionListDlgimpl.obj
 0001:00047650       _$E103                     00448650 f   moc_signalConnectionListDlgimpl.obj
 0001:00047670       _$E105                     00448670 f   moc_signalConnectionListDlgimpl.obj
 0001:00047680       _$E104                     00448680 f   moc_signalConnectionListDlgimpl.obj
 0001:00047490       _$E101                     00448490 f   moc_signalConnectionListDlg.obj
 0001:000474a0       _$E98                      004484a0 f   moc_signalConnectionListDlg.obj
 0001:000474c0       _$E100                     004484c0 f   moc_signalConnectionListDlg.obj
 0001:000474d0       _$E99                      004484d0 f   moc_signalConnectionListDlg.obj
 0001:00047280       _$E99                      00448280 f   moc_pickbox_paramlist.obj
 0001:00047290       _$E96                      00448290 f   moc_pickbox_paramlist.obj
 0001:000472b0       _$E98                      004482b0 f   moc_pickbox_paramlist.obj
 0001:000472c0       _$E97                      004482c0 f   moc_pickbox_paramlist.obj
 0001:00047060       _$E101                     00448060 f   moc_pickbox.obj
 0001:00047070       _$E98                      00448070 f   moc_pickbox.obj
 0001:00047090       _$E100                     00448090 f   moc_pickbox.obj
 0001:000470a0       _$E99                      004480a0 f   moc_pickbox.obj
 0001:00046d70       _$E115                     00447d70 f   moc_pasteTable.obj
 0001:00046d80       _$E112                     00447d80 f   moc_pasteTable.obj
 0001:00046da0       _$E114                     00447da0 f   moc_pasteTable.obj
 0001:00046db0       _$E113                     00447db0 f   moc_pasteTable.obj
 0001:000469a0       _$E101                     004479a0 f   moc_objectviewimpl.obj
 0001:000469b0       _$E98                      004479b0 f   moc_objectviewimpl.obj
 0001:000469d0       _$E100                     004479d0 f   moc_objectviewimpl.obj
 0001:000469e0       _$E99                      004479e0 f   moc_objectviewimpl.obj
 0001:000467f0       _$E100                     004477f0 f   moc_objectview.obj
 0001:00046800       _$E97                      00447800 f   moc_objectview.obj
 0001:00046820       _$E99                      00447820 f   moc_objectview.obj
 0001:00046830       _$E98                      00447830 f   moc_objectview.obj
 0001:00046690       _$E101                     00447690 f   moc_manualsettingsimpl.obj
 0001:000466a0       _$E98                      004476a0 f   moc_manualsettingsimpl.obj
 0001:000466c0       _$E100                     004476c0 f   moc_manualsettingsimpl.obj
 0001:000466d0       _$E99                      004476d0 f   moc_manualsettingsimpl.obj
 0001:000464e0       _$E100                     004474e0 f   moc_manualsettings.obj
 0001:000464f0       _$E97                      004474f0 f   moc_manualsettings.obj
 0001:00046510       _$E99                      00447510 f   moc_manualsettings.obj
 0001:00046520       _$E98                      00447520 f   moc_manualsettings.obj
 0001:00046380       _$E103                     00447380 f   moc_importsettingsimpl.obj
 0001:00046390       _$E100                     00447390 f   moc_importsettingsimpl.obj
 0001:000463b0       _$E102                     004473b0 f   moc_importsettingsimpl.obj
 0001:000463c0       _$E101                     004473c0 f   moc_importsettingsimpl.obj
 0001:000461d0       _$E100                     004471d0 f   moc_importsettings.obj
 0001:000461e0       _$E97                      004471e0 f   moc_importsettings.obj
 0001:00046200       _$E99                      00447200 f   moc_importsettings.obj
 0001:00046210       _$E98                      00447210 f   moc_importsettings.obj
 0001:00045f20       _$E99                      00446f20 f   moc_handleBlock.obj
 0001:00045f30       _$E96                      00446f30 f   moc_handleBlock.obj
 0001:00045f50       _$E98                      00446f50 f   moc_handleBlock.obj
 0001:00045f60       _$E97                      00446f60 f   moc_handleBlock.obj
 0001:00045d60       _$E101                     00446d60 f   moc_globalstyledlgimpl.obj
 0001:00045d70       _$E98                      00446d70 f   moc_globalstyledlgimpl.obj
 0001:00045d90       _$E100                     00446d90 f   moc_globalstyledlgimpl.obj
 0001:00045da0       _$E99                      00446da0 f   moc_globalstyledlgimpl.obj
 0001:00045bb0       _$E100                     00446bb0 f   moc_globalstyledlg.obj
 0001:00045bc0       _$E97                      00446bc0 f   moc_globalstyledlg.obj
 0001:00045be0       _$E99                      00446be0 f   moc_globalstyledlg.obj
 0001:00045bf0       _$E98                      00446bf0 f   moc_globalstyledlg.obj
 0001:000459f0       _$E101                     004469f0 f   moc_file_new_imp.obj
 0001:00045a00       _$E98                      00446a00 f   moc_file_new_imp.obj
 0001:00045a20       _$E100                     00446a20 f   moc_file_new_imp.obj
 0001:00045a30       _$E99                      00446a30 f   moc_file_new_imp.obj
 0001:00045840       _$E100                     00446840 f   moc_file_new.obj
 0001:00045850       _$E97                      00446850 f   moc_file_new.obj
 0001:00045870       _$E99                      00446870 f   moc_file_new.obj
 0001:00045880       _$E98                      00446880 f   moc_file_new.obj
 0001:000454c0       _$E99                      004464c0 f   moc_editHandles.obj
 0001:000454d0       _$E96                      004464d0 f   moc_editHandles.obj
 0001:000454f0       _$E98                      004464f0 f   moc_editHandles.obj
 0001:00045500       _$E97                      00446500 f   moc_editHandles.obj
 0001:00045380       _$E101                     00446380 f   moc_duplicatedlgimpl.obj
 0001:00045390       _$E98                      00446390 f   moc_duplicatedlgimpl.obj
 0001:000453b0       _$E100                     004463b0 f   moc_duplicatedlgimpl.obj
 0001:000453c0       _$E99                      004463c0 f   moc_duplicatedlgimpl.obj
 0001:000451d0       _$E100                     004461d0 f   moc_duplicatedlg.obj
 0001:000451e0       _$E97                      004461e0 f   moc_duplicatedlg.obj
 0001:00045200       _$E99                      00446200 f   moc_duplicatedlg.obj
 0001:00045210       _$E98                      00446210 f   moc_duplicatedlg.obj
 0001:00045120       _$E101                     00446120 f   moc_distributeimpl.obj
 0001:00045130       _$E98                      00446130 f   moc_distributeimpl.obj
 0001:00045150       _$E100                     00446150 f   moc_distributeimpl.obj
 0001:00045160       _$E99                      00446160 f   moc_distributeimpl.obj
 0001:00045080       _$E100                     00446080 f   moc_distribute.obj
 0001:00045090       _$E97                      00446090 f   moc_distribute.obj
 0001:000450b0       _$E99                      004460b0 f   moc_distribute.obj
 0001:000450c0       _$E98                      004460c0 f   moc_distribute.obj
 0001:00044f50       _$E101                     00445f50 f   moc_dialogeditimpl.obj
 0001:00044f60       _$E98                      00445f60 f   moc_dialogeditimpl.obj
 0001:00044f80       _$E100                     00445f80 f   moc_dialogeditimpl.obj
 0001:00044f90       _$E99                      00445f90 f   moc_dialogeditimpl.obj
 0001:00044da0       _$E100                     00445da0 f   moc_dialogedit.obj
 0001:00044db0       _$E97                      00445db0 f   moc_dialogedit.obj
 0001:00044dd0       _$E99                      00445dd0 f   moc_dialogedit.obj
 0001:00044de0       _$E98                      00445de0 f   moc_dialogedit.obj
 0001:00044b00       _$E126                     00445b00 f   moc_dialog.obj
 0001:00044b10       _$E123                     00445b10 f   moc_dialog.obj
 0001:00044b30       _$E125                     00445b30 f   moc_dialog.obj
 0001:00044b40       _$E124                     00445b40 f   moc_dialog.obj
 0001:000448a0       _$E106                     004458a0 f   moc_deviceTypeListView.obj
 0001:000448b0       _$E103                     004458b0 f   moc_deviceTypeListView.obj
 0001:000448d0       _$E105                     004458d0 f   moc_deviceTypeListView.obj
 0001:000448e0       _$E104                     004458e0 f   moc_deviceTypeListView.obj
 0001:000446f0       _$E100                     004456f0 f   moc_device_list_edit.obj
 0001:00044700       _$E97                      00445700 f   moc_device_list_edit.obj
 0001:00044720       _$E99                      00445720 f   moc_device_list_edit.obj
 0001:00044730       _$E98                      00445730 f   moc_device_list_edit.obj
 0001:000443d0       _$E106                     004453d0 f   moc_device_list.obj
 0001:000443e0       _$E103                     004453e0 f   moc_device_list.obj
 0001:00044400       _$E105                     00445400 f   moc_device_list.obj
 0001:00044410       _$E104                     00445410 f   moc_device_list.obj
 0001:0004d9a0       _$E98                      0044e9a0 f   qtsingleapplication:moc_qtsingleapplication.obj
 0001:0004d9b0       _$E95                      0044e9b0 f   qtsingleapplication:moc_qtsingleapplication.obj
 0001:0004d9d0       _$E97                      0044e9d0 f   qtsingleapplication:moc_qtsingleapplication.obj
 0001:0004d9e0       _$E96                      0044e9e0 f   qtsingleapplication:moc_qtsingleapplication.obj
 0001:0004dd9f       ?GetRegisteredLocation@@YGHPAD@Z 0044ed9f f   htmlhelp:init.obj
 0001:0004fb74       ?ArrayUnwindFilter@@YAHPAU_EXCEPTION_POINTERS@@@Z 00450b74 f   MSVCRT:ehvecdtr.obj

 2432 bytes saved through ICF

