 bncs_csi

 Timestamp is 5e9dbcd1 (Mon Apr 20 16:16:33 2020)

 Preferred load address is 00400000

 Start         Length     Name                   Class
 0001:00000000 000000f8H .text                   CODE
 0001:00000100 0000006bH .text$di                CODE
 0001:00000170 00017f84H .text$mn                CODE
 0001:00018100 00001e14H .text$x                 CODE
 0001:00019f20 0000004aH .text$yd                CODE
 0002:00000000 00000900H .idata$5                DATA
 0002:00000900 00000004H .CRT$XCA                DATA
 0002:00000904 00000004H .CRT$XCAA               DATA
 0002:00000908 00000018H .CRT$XCU                DATA
 0002:00000920 00000004H .CRT$XCZ                DATA
 0002:00000924 00000004H .CRT$XIA                DATA
 0002:00000928 00000004H .CRT$XIAA               DATA
 0002:0000092c 00000004H .CRT$XIC                DATA
 0002:00000930 00000004H .CRT$XIY                DATA
 0002:00000934 00000004H .CRT$XIZ                DATA
 0002:00000940 00003fc0H .rdata                  DATA
 0002:00004900 00000f0cH .rdata$r                DATA
 0002:0000580c 00000004H .rtc$IAA                DATA
 0002:00005810 00000004H .rtc$IZZ                DATA
 0002:00005814 00000004H .rtc$TAA                DATA
 0002:00005818 00000004H .rtc$TZZ                DATA
 0002:00005820 00001f04H .xdata$x                DATA
 0002:00007724 00000000H .edata                  DATA
 0002:00007724 0000012cH .idata$2                DATA
 0002:00007850 00000014H .idata$3                DATA
 0002:00007864 00000900H .idata$4                DATA
 0002:00008164 00005972H .idata$6                DATA
 0003:00000000 000003fcH .data                   DATA
 0003:000003fc 00000544H .data$r                 DATA
 0003:00000940 00000608H .bss                    DATA
 0004:00000000 00000190H .rsrc$01                DATA
 0004:00000190 00004058H .rsrc$02                DATA

  Address         Publics by Value              Rva+Base       Lib:Object

 0000:00000000       ___safe_se_handler_count   00000000     <absolute>
 0000:00000000       ___guard_fids_table        00000000     <absolute>
 0000:00000000       __except_list              00000000     <absolute>
 0000:00000000       ___safe_se_handler_table   00000000     <absolute>
 0000:00000000       ___guard_flags             00000000     <absolute>
 0000:00000000       ___guard_fids_count        00000000     <absolute>
 0000:00009876       __ldused                   00009876     <absolute>
 0000:00009876       __fltused                  00009876     <absolute>
 0000:00000000       ___ImageBase               00400000     <linker-defined>
 0001:00000000       _HtmlHelpA@16              00401000 f   htmlhelp:init.obj
 0001:00000170       ??$?HDU?$char_traits@D@std@@V?$allocator@D@1@@std@@YA?AV?$basic_string@DU?$char_traits@D@std@@V?$allocator@D@2@@0@$$QAV10@ABV10@@Z 00401170 f i ccConfig.obj
 0001:000001f0       ??$?HDU?$char_traits@D@std@@V?$allocator@D@1@@std@@YA?AV?$basic_string@DU?$char_traits@D@std@@V?$allocator@D@2@@0@$$QAV10@PBD@Z 004011f0 f i ccConfig.obj
 0001:00000290       ??$?HDU?$char_traits@D@std@@V?$allocator@D@1@@std@@YA?AV?$basic_string@DU?$char_traits@D@std@@V?$allocator@D@2@@0@ABV10@PBD@Z 00401290 f i ccConfig.obj
 0001:00000380       ??0?$basic_string@DU?$char_traits@D@std@@V?$allocator@D@2@@std@@QAE@PBD@Z 00401380 f i ccConfig.obj
 0001:000003e0       ??1?$basic_string@DU?$char_traits@D@std@@V?$allocator@D@2@@std@@QAE@XZ 004013e0 f i ccConfig.obj
 0001:00000410       ??1initializer@?A0x81f7e962@@QAE@XZ 00401410 f i qrc_bncs_csi.obj
 0001:00000410       ??3@YAXPAX0@Z              00401410 f i ccConfig.obj
 0001:00000420       ??_G_System_error_category@std@@UAEPAXI@Z 00401420 f i ccConfig.obj
 0001:00000420       ??_E_Iostream_error_category@std@@UAEPAXI@Z 00401420 f i ccConfig.obj
 0001:00000420       ??_G_Iostream_error_category@std@@UAEPAXI@Z 00401420 f i ccConfig.obj
 0001:00000420       ??_G_Generic_error_category@std@@UAEPAXI@Z 00401420 f i ccConfig.obj
 0001:00000420       ??_E_Generic_error_category@std@@UAEPAXI@Z 00401420 f i ccConfig.obj
 0001:00000420       ??_Eerror_category@std@@UAEPAXI@Z 00401420 f i ccConfig.obj
 0001:00000420       ??_E_System_error_category@std@@UAEPAXI@Z 00401420 f i ccConfig.obj
 0001:00000420       ??_Gerror_category@std@@UAEPAXI@Z 00401420 f i ccConfig.obj
 0001:00000450       ?_Assign_rv@?$basic_string@DU?$char_traits@D@std@@V?$allocator@D@2@@std@@QAEX$$QAV12@@Z 00401450 f i ccConfig.obj
 0001:000004b0       ?_Copy@?$basic_string@DU?$char_traits@D@std@@V?$allocator@D@2@@std@@QAEXII@Z 004014b0 f i ccConfig.obj
 0001:00000600       ?_Grow@?$basic_string@DU?$char_traits@D@std@@V?$allocator@D@2@@std@@QAE_NI_N@Z 00401600 f i ccConfig.obj
 0001:000006b0       ?allocate@?$_Wrap_alloc@V?$allocator@D@std@@@std@@QAEPADI@Z 004016b0 f i ccConfig.obj
 0001:000006e0       ?append@?$basic_string@DU?$char_traits@D@std@@V?$allocator@D@2@@std@@QAEAAV12@ABV12@II@Z 004016e0 f i ccConfig.obj
 0001:000007a0       ?append@?$basic_string@DU?$char_traits@D@std@@V?$allocator@D@2@@std@@QAEAAV12@PBDI@Z 004017a0 f i ccConfig.obj
 0001:00000890       ?assign@?$basic_string@DU?$char_traits@D@std@@V?$allocator@D@2@@std@@QAEAAV12@ABV12@II@Z 00401890 f i ccConfig.obj
 0001:000009b0       ?assign@?$basic_string@DU?$char_traits@D@std@@V?$allocator@D@2@@std@@QAEAAV12@PBDI@Z 004019b0 f i ccConfig.obj
 0001:00000ab0       ?compare@?$basic_string@DU?$char_traits@D@std@@V?$allocator@D@2@@std@@QBEHIIPBDI@Z 00401ab0 f i ccConfig.obj
 0001:00000b20       ?compare@?$char_traits@D@std@@SAHPBD0I@Z 00401b20 f i ccConfig.obj
 0001:00000b90       ?default_error_condition@_System_error_category@std@@UBE?AVerror_condition@2@H@Z 00401b90 f i ccConfig.obj
 0001:00000bd0       ?default_error_condition@error_category@std@@UBE?AVerror_condition@2@H@Z 00401bd0 f i ccConfig.obj
 0001:00000bf0       ?equivalent@error_category@std@@UBE_NABVerror_code@2@H@Z 00401bf0 f i ccConfig.obj
 0001:00000c10       ?equivalent@error_category@std@@UBE_NHABVerror_condition@2@@Z 00401c10 f i ccConfig.obj
 0001:00000c50       ?erase@?$basic_string@DU?$char_traits@D@std@@V?$allocator@D@2@@std@@QAEAAV12@II@Z 00401c50 f i ccConfig.obj
 0001:00000cf0       ?getDevPath@ccConfig@@SA?AV?$basic_string@DU?$char_traits@D@std@@V?$allocator@D@2@@std@@ABV23@@Z 00401cf0 f   ccConfig.obj
 0001:00000db0       ?getDevPath@ccConfig@@SA?AV?$basic_string@DU?$char_traits@D@std@@V?$allocator@D@2@@std@@XZ 00401db0 f   ccConfig.obj
 0001:00000fc0       ?getInt@ccConfig@@SAHABV?$basic_string@DU?$char_traits@D@std@@V?$allocator@D@2@@std@@00H_N@Z 00401fc0 f   ccConfig.obj
 0001:00001110       ?isV3Based@ccConfig@@SA_NXZ 00402110 f   ccConfig.obj
 0001:000011c0       ?message@_Generic_error_category@std@@UBE?AV?$basic_string@DU?$char_traits@D@std@@V?$allocator@D@2@@2@H@Z 004021c0 f i ccConfig.obj
 0001:00001240       ?message@_Iostream_error_category@std@@UBE?AV?$basic_string@DU?$char_traits@D@std@@V?$allocator@D@2@@2@H@Z 00402240 f i ccConfig.obj
 0001:00001290       ?message@_System_error_category@std@@UBE?AV?$basic_string@DU?$char_traits@D@std@@V?$allocator@D@2@@2@H@Z 00402290 f i ccConfig.obj
 0001:00001310       ?name@_Generic_error_category@std@@UBEPBDXZ 00402310 f i ccConfig.obj
 0001:00001320       ?name@_Iostream_error_category@std@@UBEPBDXZ 00402320 f i ccConfig.obj
 0001:00001330       ?name@_System_error_category@std@@UBEPBDXZ 00402330 f i ccConfig.obj
 0001:00001340       ?workstation@ccConfig@@SAHXZ 00402340 f   ccConfig.obj
 0001:000016a0       ??$?0HV?$basic_string@DU?$char_traits@D@std@@V?$allocator@D@2@@std@@X@?$pair@$$CBHV?$basic_string@DU?$char_traits@D@std@@V?$allocator@D@2@@std@@@std@@QAE@$$QAU?$pair@HV?$basic_string@DU?$char_traits@D@std@@V?$allocator@D@2@@std@@@1@@Z 004026a0 f i database.obj
 0001:00001710       ??$_Buynode@U?$pair@HV?$basic_string@DU?$char_traits@D@std@@V?$allocator@D@2@@std@@@std@@@?$_Tree_buy@U?$pair@$$CBHV?$basic_string@DU?$char_traits@D@std@@V?$allocator@D@2@@std@@@std@@V?$allocator@U?$pair@$$CBHV?$basic_string@DU?$char_traits@D@std@@V?$allocator@D@2@@std@@@std@@@2@@std@@QAEPAU?$_Tree_node@U?$pair@$$CBHV?$basic_string@DU?$char_traits@D@std@@V?$allocator@D@2@@std@@@std@@PAX@1@$$QAU?$pair@HV?$basic_string@DU?$char_traits@D@std@@V?$allocator@D@2@@std@@@1@@Z 00402710 f i database.obj
 0001:00001740       ??$_Insert_at@AAU?$pair@$$CBHV?$basic_string@DU?$char_traits@D@std@@V?$allocator@D@2@@std@@@std@@PAU?$_Tree_node@U?$pair@$$CBHV?$basic_string@DU?$char_traits@D@std@@V?$allocator@D@2@@std@@@std@@PAX@2@@?$_Tree@V?$_Tmap_traits@HV?$basic_string@DU?$char_traits@D@std@@V?$allocator@D@2@@std@@U?$less@H@2@V?$allocator@U?$pair@$$CBHV?$basic_string@DU?$char_traits@D@std@@V?$allocator@D@2@@std@@@std@@@2@$0A@@std@@@std@@IAE?AV?$_Tree_iterator@V?$_Tree_val@U?$_Tree_simple_types@U?$pair@$$CBHV?$basic_string@DU?$char_traits@D@std@@V?$allocator@D@2@@std@@@std@@@std@@@std@@@1@_NPAU?$_Tree_node@U?$pair@$$CBHV?$basic_string@DU?$char_traits@D@std@@V?$allocator@D@2@@std@@@std@@PAX@1@AAU?$pair@$$CBHV?$basic_string@DU?$char_traits@D@std@@V?$allocator@D@2@@std@@@1@1@Z 00402740 f i database.obj
 0001:00001970       ??$_Insert_nohint@AAU?$pair@$$CBHV?$basic_string@DU?$char_traits@D@std@@V?$allocator@D@2@@std@@@std@@PAU?$_Tree_node@U?$pair@$$CBHV?$basic_string@DU?$char_traits@D@std@@V?$allocator@D@2@@std@@@std@@PAX@2@@?$_Tree@V?$_Tmap_traits@HV?$basic_string@DU?$char_traits@D@std@@V?$allocator@D@2@@std@@U?$less@H@2@V?$allocator@U?$pair@$$CBHV?$basic_string@DU?$char_traits@D@std@@V?$allocator@D@2@@std@@@std@@@2@$0A@@std@@@std@@IAE?AU?$pair@V?$_Tree_iterator@V?$_Tree_val@U?$_Tree_simple_types@U?$pair@$$CBHV?$basic_string@DU?$char_traits@D@std@@V?$allocator@D@2@@std@@@std@@@std@@@std@@@std@@_N@1@_NAAU?$pair@$$CBHV?$basic_string@DU?$char_traits@D@std@@V?$allocator@D@2@@std@@@1@PAU?$_Tree_node@U?$pair@$$CBHV?$basic_string@DU?$char_traits@D@std@@V?$allocator@D@2@@std@@@std@@PAX@1@@Z 00402970 f i database.obj
 0001:00001ab0       ??0database@@QAE@PBDHH@Z   00402ab0 f   database.obj
 0001:00001b60       ??1?$map@HV?$basic_string@DU?$char_traits@D@std@@V?$allocator@D@2@@std@@U?$less@H@2@V?$allocator@U?$pair@$$CBHV?$basic_string@DU?$char_traits@D@std@@V?$allocator@D@2@@std@@@std@@@2@@std@@QAE@XZ 00402b60 f i database.obj
 0001:00001b90       ??1?$pair@HV?$basic_string@DU?$char_traits@D@std@@V?$allocator@D@2@@std@@@std@@QAE@XZ 00402b90 f i database.obj
 0001:00001bc0       ??_Edatabase@@UAEPAXI@Z    00402bc0 f i database.obj
 0001:00001bc0       ??_Gdatabase@@UAEPAXI@Z    00402bc0 f i database.obj
 0001:00001c30       ?_Buyheadnode@?$_Tree_alloc@$0A@U?$_Tree_base_types@U?$pair@$$CBHV?$basic_string@DU?$char_traits@D@std@@V?$allocator@D@2@@std@@@std@@V?$allocator@U?$pair@$$CBHV?$basic_string@DU?$char_traits@D@std@@V?$allocator@D@2@@std@@@std@@@2@@std@@@std@@QAEPAU?$_Tree_node@U?$pair@$$CBHV?$basic_string@DU?$char_traits@D@std@@V?$allocator@D@2@@std@@@std@@PAX@2@XZ 00402c30 f i database.obj
 0001:00001c60       ?_Buynode0@?$_Tree_buy@U?$pair@$$CBHV?$basic_string@DU?$char_traits@D@std@@V?$allocator@D@2@@std@@@std@@V?$allocator@U?$pair@$$CBHV?$basic_string@DU?$char_traits@D@std@@V?$allocator@D@2@@std@@@std@@@2@@std@@QAEPAU?$_Tree_node@U?$pair@$$CBHV?$basic_string@DU?$char_traits@D@std@@V?$allocator@D@2@@std@@@std@@PAX@2@XZ 00402c60 f i database.obj
 0001:00001ca0       ?_Destroy_if_not_nil@?$_Tree@V?$_Tmap_traits@HV?$basic_string@DU?$char_traits@D@std@@V?$allocator@D@2@@std@@U?$less@H@2@V?$allocator@U?$pair@$$CBHV?$basic_string@DU?$char_traits@D@std@@V?$allocator@D@2@@std@@@std@@@2@$0A@@std@@@std@@IAEXPAU?$_Tree_node@U?$pair@$$CBHV?$basic_string@DU?$char_traits@D@std@@V?$allocator@D@2@@std@@@std@@PAX@2@@Z 00402ca0 f i database.obj
 0001:00001ce0       ?_Erase@?$_Tree@V?$_Tmap_traits@HV?$basic_string@DU?$char_traits@D@std@@V?$allocator@D@2@@std@@U?$less@H@2@V?$allocator@U?$pair@$$CBHV?$basic_string@DU?$char_traits@D@std@@V?$allocator@D@2@@std@@@std@@@2@$0A@@std@@@std@@IAEXPAU?$_Tree_node@U?$pair@$$CBHV?$basic_string@DU?$char_traits@D@std@@V?$allocator@D@2@@std@@@std@@PAX@2@@Z 00402ce0 f i database.obj
 0001:00001d40       ?erase@?$_Tree@V?$_Tmap_traits@HV?$basic_string@DU?$char_traits@D@std@@V?$allocator@D@2@@std@@U?$less@H@2@V?$allocator@U?$pair@$$CBHV?$basic_string@DU?$char_traits@D@std@@V?$allocator@D@2@@std@@@std@@@2@$0A@@std@@@std@@QAE?AV?$_Tree_iterator@V?$_Tree_val@U?$_Tree_simple_types@U?$pair@$$CBHV?$basic_string@DU?$char_traits@D@std@@V?$allocator@D@2@@std@@@std@@@std@@@std@@@2@V?$_Tree_const_iterator@V?$_Tree_val@U?$_Tree_simple_types@U?$pair@$$CBHV?$basic_string@DU?$char_traits@D@std@@V?$allocator@D@2@@std@@@std@@@std@@@std@@@2@0@Z 00402d40 f i database.obj
 0001:00001e00       ?erase@?$_Tree@V?$_Tmap_traits@HV?$basic_string@DU?$char_traits@D@std@@V?$allocator@D@2@@std@@U?$less@H@2@V?$allocator@U?$pair@$$CBHV?$basic_string@DU?$char_traits@D@std@@V?$allocator@D@2@@std@@@std@@@2@$0A@@std@@@std@@QAE?AV?$_Tree_iterator@V?$_Tree_val@U?$_Tree_simple_types@U?$pair@$$CBHV?$basic_string@DU?$char_traits@D@std@@V?$allocator@D@2@@std@@@std@@@std@@@std@@@2@V?$_Tree_const_iterator@V?$_Tree_val@U?$_Tree_simple_types@U?$pair@$$CBHV?$basic_string@DU?$char_traits@D@std@@V?$allocator@D@2@@std@@@std@@@std@@@std@@@2@@Z 00402e00 f i database.obj
 0001:000020b0       ?exists@database@@QAE_NH@Z 004030b0 f   database.obj
 0001:00002100       ?find@?$_Tree@V?$_Tmap_traits@HV?$basic_string@DU?$char_traits@D@std@@V?$allocator@D@2@@std@@U?$less@H@2@V?$allocator@U?$pair@$$CBHV?$basic_string@DU?$char_traits@D@std@@V?$allocator@D@2@@std@@@std@@@2@$0A@@std@@@std@@QAE?AV?$_Tree_iterator@V?$_Tree_val@U?$_Tree_simple_types@U?$pair@$$CBHV?$basic_string@DU?$char_traits@D@std@@V?$allocator@D@2@@std@@@std@@@std@@@std@@@2@ABH@Z 00403100 f i database.obj
 0001:00002150       ?getIndex@database@@QAEHPBDHH@Z 00403150 f   database.obj
 0001:00002300       ?getIndex@database@@QAEHPBD_N1@Z 00403300 f   database.obj
 0001:00002480       ?getName@database@@QAEPBDH@Z 00403480 f   database.obj
 0001:00002500       ?getName@database@@QAE_NHPADH@Z 00403500 f   database.obj
 0001:00002580       ?load@database@@AAEXPBDHH@Z 00403580 f   database.obj
 0001:00002aa0       ?setName@database@@QAE_NHPBD_NPA_N@Z 00403aa0 f   database.obj
 0001:00002d50       ?numLoaded@databaseMgr@@QAEHXZ 00403d50 f   databaseMgr.obj
 0001:00002d50       ?size@database@@QAEHXZ     00403d50 f   database.obj
 0001:00002d60       ??$_Buynode@U?$pair@HPAVdatabase@@@std@@@?$_Tree_buy@U?$pair@$$CBHPAVdatabase@@@std@@V?$allocator@U?$pair@$$CBHPAVdatabase@@@std@@@2@@std@@QAEPAU?$_Tree_node@U?$pair@$$CBHPAVdatabase@@@std@@PAX@1@$$QAU?$pair@HPAVdatabase@@@1@@Z 00403d60 f i databaseMgr.obj
 0001:00002d90       ??$_Insert_at@AAU?$pair@$$CBHPAVdatabase@@@std@@PAU?$_Tree_node@U?$pair@$$CBHPAVdatabase@@@std@@PAX@2@@?$_Tree@V?$_Tmap_traits@HPAVdatabase@@U?$less@H@std@@V?$allocator@U?$pair@$$CBHPAVdatabase@@@std@@@3@$0A@@std@@@std@@IAE?AV?$_Tree_iterator@V?$_Tree_val@U?$_Tree_simple_types@U?$pair@$$CBHPAVdatabase@@@std@@@std@@@std@@@1@_NPAU?$_Tree_node@U?$pair@$$CBHPAVdatabase@@@std@@PAX@1@AAU?$pair@$$CBHPAVdatabase@@@1@1@Z 00403d90 f i databaseMgr.obj
 0001:00002fa0       ??$_Insert_nohint@AAU?$pair@$$CBHPAVdatabase@@@std@@PAU?$_Tree_node@U?$pair@$$CBHPAVdatabase@@@std@@PAX@2@@?$_Tree@V?$_Tmap_traits@HPAVdatabase@@U?$less@H@std@@V?$allocator@U?$pair@$$CBHPAVdatabase@@@std@@@3@$0A@@std@@@std@@IAE?AU?$pair@V?$_Tree_iterator@V?$_Tree_val@U?$_Tree_simple_types@U?$pair@$$CBHPAVdatabase@@@std@@@std@@@std@@@std@@_N@1@_NAAU?$pair@$$CBHPAVdatabase@@@1@PAU?$_Tree_node@U?$pair@$$CBHPAVdatabase@@@std@@PAX@1@@Z 00403fa0 f i databaseMgr.obj
 0001:000030c0       ??0databaseMgr@@QAE@PBD@Z  004040c0 f   databaseMgr.obj
 0001:00003130       ??0databaseMgr@@QAE@XZ     00404130 f   databaseMgr.obj
 0001:00003220       ??_GdatabaseMgr@@UAEPAXI@Z 00404220 f i databaseMgr.obj
 0001:00003220       ??_EdatabaseMgr@@UAEPAXI@Z 00404220 f i databaseMgr.obj
 0001:000032a0       ?_Buyheadnode@?$_Tree_alloc@$0A@U?$_Tree_base_types@U?$pair@$$CBHPAVdatabase@@@std@@V?$allocator@U?$pair@$$CBHPAVdatabase@@@std@@@2@@std@@@std@@QAEPAU?$_Tree_node@U?$pair@$$CBHPAVdatabase@@@std@@PAX@2@XZ 004042a0 f i databaseMgr.obj
 0001:000032d0       ?_Buynode0@?$_Tree_buy@U?$pair@$$CBHPAVdatabase@@@std@@V?$allocator@U?$pair@$$CBHPAVdatabase@@@std@@@2@@std@@QAEPAU?$_Tree_node@U?$pair@$$CBHPAVdatabase@@@std@@PAX@2@XZ 004042d0 f i databaseMgr.obj
 0001:00003310       ?clear@databaseMgr@@QAEXH@Z 00404310 f   databaseMgr.obj
 0001:00003450       ?exists@databaseMgr@@QAEHHH@Z 00404450 f   databaseMgr.obj
 0001:00003470       ?exists@databaseMgr@@QAE_NHHHH@Z 00404470 f   databaseMgr.obj
 0001:000034d0       ?getDatabaseObject@databaseMgr@@AAEPAVdatabase@@HH_N@Z 004044d0 f i databaseMgr.obj
 0001:000035f0       ?getIndex@databaseMgr@@QAEHHHPBDHH@Z 004045f0 f   databaseMgr.obj
 0001:00003620       ?getIndex@databaseMgr@@QAEHHHPBD_N1@Z 00404620 f   databaseMgr.obj
 0001:00003650       ?getName@databaseMgr@@QAEPBDHHH@Z 00404650 f   databaseMgr.obj
 0001:00003690       ?getName@databaseMgr@@QAE_NHHHPADH@Z 00404690 f   databaseMgr.obj
 0001:000036f0       ?setName@databaseMgr@@QAE_NHHHPBD_NPA_N@Z 004046f0 f   databaseMgr.obj
 0001:00003730       ?setPath@databaseMgr@@QAEXPBD@Z 00404730 f   databaseMgr.obj
 0001:000037a0       ?size@databaseMgr@@QAEHHH@Z 004047a0 f   databaseMgr.obj
 0001:00003810       ??0decodeBNCSString@@QAE@PBDD@Z 00404810 f   decodeBNCSString.obj
 0001:00003840       ??1decodeBNCSString@@UAE@XZ 00404840 f   decodeBNCSString.obj
 0001:00003860       ??_EdecodeBNCSString@@UAEPAXI@Z 00404860 f i decodeBNCSString.obj
 0001:00003860       ??_GdecodeBNCSString@@UAEPAXI@Z 00404860 f i decodeBNCSString.obj
 0001:000038a0       ?split@decodeBNCSString@@AAEXPBD@Z 004048a0 f i decodeBNCSString.obj
 0001:00003ad0       ??$_Buynode@ABK@?$_Tree_buy@KV?$allocator@K@std@@@std@@QAEPAU?$_Tree_node@KPAX@1@ABK@Z 00404ad0 f i bncs_csi.obj
 0001:00003ad0       ??$_Buynode@K@?$_Tree_buy@KV?$allocator@K@std@@@std@@QAEPAU?$_Tree_node@KPAX@1@$$QAK@Z 00404ad0 f i bncs_csi.obj
 0001:00003af0       ??$_Buynode@U?$pair@HVdriver@@@std@@@?$_Tree_buy@U?$pair@$$CBKVdriver@@@std@@V?$allocator@U?$pair@$$CBKVdriver@@@std@@@2@@std@@QAEPAU?$_Tree_node@U?$pair@$$CBKVdriver@@@std@@PAX@1@$$QAU?$pair@HVdriver@@@1@@Z 00404af0 f i bncs_csi.obj
 0001:00003b40       ??$_Buynode@U?$pair@KVdeviceStatus@@@std@@@?$_Tree_buy@U?$pair@$$CBKVdeviceStatus@@@std@@V?$allocator@U?$pair@$$CBKVdeviceStatus@@@std@@@2@@std@@QAEPAU?$_Tree_node@U?$pair@$$CBKVdeviceStatus@@@std@@PAX@1@$$QAU?$pair@KVdeviceStatus@@@1@@Z 00404b40 f i bncs_csi.obj
 0001:00003bf0       ??$_Buynode@U?$pair@KVworkstationStatus@@@std@@@?$_Tree_buy@U?$pair@$$CBKVworkstationStatus@@@std@@V?$allocator@U?$pair@$$CBKVworkstationStatus@@@std@@@2@@std@@QAEPAU?$_Tree_node@U?$pair@$$CBKVworkstationStatus@@@std@@PAX@1@$$QAU?$pair@KVworkstationStatus@@@1@@Z 00404bf0 f i bncs_csi.obj
 0001:00003c30       ??$_Copy@U?$integral_constant@_N$0A@@std@@@?$_Tree@V?$_Tmap_traits@HVdeviceStatusOnHost@@U?$less@H@std@@V?$allocator@U?$pair@$$CBHVdeviceStatusOnHost@@@std@@@3@$0A@@std@@@std@@IAEXABV01@U?$integral_constant@_N$0A@@1@@Z 00404c30 f i bncs_csi.obj
 0001:00003c30       ??$_Copy@U?$integral_constant@_N$0A@@std@@@?$_Tree@V?$_Tset_traits@VclientIPC@@U?$less@VclientIPC@@@std@@V?$allocator@VclientIPC@@@3@$0A@@std@@@std@@IAEXABV01@U?$integral_constant@_N$0A@@1@@Z 00404c30 f i messageWindow.obj
 0001:00003cb0       ??$_Copy_nodes@U?$integral_constant@_N$0A@@std@@@?$_Tree@V?$_Tset_traits@VclientIPC@@U?$less@VclientIPC@@@std@@V?$allocator@VclientIPC@@@3@$0A@@std@@@std@@IAEPAU?$_Tree_node@VclientIPC@@PAX@1@PAU21@0U?$integral_constant@_N$0A@@1@@Z 00404cb0 f i messageWindow.obj
 0001:00003cb0       ??$_Copy_nodes@U?$integral_constant@_N$0A@@std@@@?$_Tree@V?$_Tmap_traits@HVdeviceStatusOnHost@@U?$less@H@std@@V?$allocator@U?$pair@$$CBHVdeviceStatusOnHost@@@std@@@3@$0A@@std@@@std@@IAEPAU?$_Tree_node@U?$pair@$$CBHVdeviceStatusOnHost@@@std@@PAX@1@PAU21@0U?$integral_constant@_N$0A@@1@@Z 00404cb0 f i bncs_csi.obj
 0001:00003d70       ??$_Insert_at@AAU?$pair@$$CBKVdeviceStatus@@@std@@PAU?$_Tree_node@U?$pair@$$CBKVdeviceStatus@@@std@@PAX@2@@?$_Tree@V?$_Tmap_traits@KVdeviceStatus@@U?$less@K@std@@V?$allocator@U?$pair@$$CBKVdeviceStatus@@@std@@@3@$0A@@std@@@std@@IAE?AV?$_Tree_iterator@V?$_Tree_val@U?$_Tree_simple_types@U?$pair@$$CBKVdeviceStatus@@@std@@@std@@@std@@@1@_NPAU?$_Tree_node@U?$pair@$$CBKVdeviceStatus@@@std@@PAX@1@AAU?$pair@$$CBKVdeviceStatus@@@1@1@Z 00404d70 f i bncs_csi.obj
 0001:00003f80       ??$_Insert_at@AAU?$pair@$$CBKVdriver@@@std@@PAU?$_Tree_node@U?$pair@$$CBKVdriver@@@std@@PAX@2@@?$_Tree@V?$_Tmap_traits@KVdriver@@U?$less@K@std@@V?$allocator@U?$pair@$$CBKVdriver@@@std@@@3@$0A@@std@@@std@@IAE?AV?$_Tree_iterator@V?$_Tree_val@U?$_Tree_simple_types@U?$pair@$$CBKVdriver@@@std@@@std@@@std@@@1@_NPAU?$_Tree_node@U?$pair@$$CBKVdriver@@@std@@PAX@1@AAU?$pair@$$CBKVdriver@@@1@1@Z 00404f80 f i bncs_csi.obj
 0001:00004190       ??$_Insert_at@AAU?$pair@$$CBKVworkstationStatus@@@std@@PAU?$_Tree_node@U?$pair@$$CBKVworkstationStatus@@@std@@PAX@2@@?$_Tree@V?$_Tmap_traits@KVworkstationStatus@@U?$less@K@std@@V?$allocator@U?$pair@$$CBKVworkstationStatus@@@std@@@3@$0A@@std@@@std@@IAE?AV?$_Tree_iterator@V?$_Tree_val@U?$_Tree_simple_types@U?$pair@$$CBKVworkstationStatus@@@std@@@std@@@std@@@1@_NPAU?$_Tree_node@U?$pair@$$CBKVworkstationStatus@@@std@@PAX@1@AAU?$pair@$$CBKVworkstationStatus@@@1@1@Z 00405190 f i bncs_csi.obj
 0001:000043a0       ??$_Insert_at@ABKU_Nil@std@@@?$_Tree@V?$_Tset_traits@KU?$less@K@std@@V?$allocator@K@2@$0A@@std@@@std@@IAE?AV?$_Tree_const_iterator@V?$_Tree_val@U?$_Tree_simple_types@K@std@@@std@@@1@_NPAU?$_Tree_node@KPAX@1@ABKU_Nil@1@@Z 004053a0 f i bncs_csi.obj
 0001:000043a0       ??$_Insert_at@KU_Nil@std@@@?$_Tree@V?$_Tset_traits@KU?$less@K@std@@V?$allocator@K@2@$0A@@std@@@std@@IAE?AV?$_Tree_const_iterator@V?$_Tree_val@U?$_Tree_simple_types@K@std@@@std@@@1@_NPAU?$_Tree_node@KPAX@1@$$QAKU_Nil@1@@Z 004053a0 f i bncs_csi.obj
 0001:000045a0       ??$_Insert_nohint@AAU?$pair@$$CBKVdeviceStatus@@@std@@PAU?$_Tree_node@U?$pair@$$CBKVdeviceStatus@@@std@@PAX@2@@?$_Tree@V?$_Tmap_traits@KVdeviceStatus@@U?$less@K@std@@V?$allocator@U?$pair@$$CBKVdeviceStatus@@@std@@@3@$0A@@std@@@std@@IAE?AU?$pair@V?$_Tree_iterator@V?$_Tree_val@U?$_Tree_simple_types@U?$pair@$$CBKVdeviceStatus@@@std@@@std@@@std@@@std@@_N@1@_NAAU?$pair@$$CBKVdeviceStatus@@@1@PAU?$_Tree_node@U?$pair@$$CBKVdeviceStatus@@@std@@PAX@1@@Z 004055a0 f i bncs_csi.obj
 0001:000046c0       ??$_Insert_nohint@AAU?$pair@$$CBKVdriver@@@std@@PAU?$_Tree_node@U?$pair@$$CBKVdriver@@@std@@PAX@2@@?$_Tree@V?$_Tmap_traits@KVdriver@@U?$less@K@std@@V?$allocator@U?$pair@$$CBKVdriver@@@std@@@3@$0A@@std@@@std@@IAE?AU?$pair@V?$_Tree_iterator@V?$_Tree_val@U?$_Tree_simple_types@U?$pair@$$CBKVdriver@@@std@@@std@@@std@@@std@@_N@1@_NAAU?$pair@$$CBKVdriver@@@1@PAU?$_Tree_node@U?$pair@$$CBKVdriver@@@std@@PAX@1@@Z 004056c0 f i bncs_csi.obj
 0001:000047e0       ??$_Insert_nohint@AAU?$pair@$$CBKVworkstationStatus@@@std@@PAU?$_Tree_node@U?$pair@$$CBKVworkstationStatus@@@std@@PAX@2@@?$_Tree@V?$_Tmap_traits@KVworkstationStatus@@U?$less@K@std@@V?$allocator@U?$pair@$$CBKVworkstationStatus@@@std@@@3@$0A@@std@@@std@@IAE?AU?$pair@V?$_Tree_iterator@V?$_Tree_val@U?$_Tree_simple_types@U?$pair@$$CBKVworkstationStatus@@@std@@@std@@@std@@@std@@_N@1@_NAAU?$pair@$$CBKVworkstationStatus@@@1@PAU?$_Tree_node@U?$pair@$$CBKVworkstationStatus@@@std@@PAX@1@@Z 004057e0 f i bncs_csi.obj
 0001:00004900       ??$_Insert_nohint@ABKU_Nil@std@@@?$_Tree@V?$_Tset_traits@KU?$less@K@std@@V?$allocator@K@2@$0A@@std@@@std@@IAE?AU?$pair@V?$_Tree_const_iterator@V?$_Tree_val@U?$_Tree_simple_types@K@std@@@std@@@std@@_N@1@_NABKU_Nil@1@@Z 00405900 f i bncs_csi.obj
 0001:00004900       ??$_Insert_nohint@KU_Nil@std@@@?$_Tree@V?$_Tset_traits@KU?$less@K@std@@V?$allocator@K@2@$0A@@std@@@std@@IAE?AU?$pair@V?$_Tree_const_iterator@V?$_Tree_val@U?$_Tree_simple_types@K@std@@@std@@@std@@_N@1@_N$$QAKU_Nil@1@@Z 00405900 f i bncs_csi.obj
 0001:00004a10       ??0?$_Tree@V?$_Tmap_traits@HVdeviceStatusOnHost@@U?$less@H@std@@V?$allocator@U?$pair@$$CBHVdeviceStatusOnHost@@@std@@@3@$0A@@std@@@std@@QAE@ABV01@ABV?$allocator@U?$pair@$$CBHVdeviceStatusOnHost@@@std@@@1@@Z 00405a10 f i bncs_csi.obj
 0001:00004a10       ??0?$_Tree@V?$_Tset_traits@VclientIPC@@U?$less@VclientIPC@@@std@@V?$allocator@VclientIPC@@@3@$0A@@std@@@std@@QAE@ABV01@ABV?$allocator@VclientIPC@@@1@@Z 00405a10 f i messageWindow.obj
 0001:00004ab0       ??0?$list@IV?$allocator@I@std@@@std@@QAE@XZ 00405ab0 f i bncs_csi.obj
 0001:00004ad0       ??0bncs_csi@@QAE@PAVQWidget@@@Z 00405ad0 f   bncs_csi.obj
 0001:00005850       ??0deferredPoll@@QAE@DHHH@Z 00406850 f i bncs_csi.obj
 0001:00005890       ??1?$QList@PAVQTreeWidgetItem@@@@QAE@XZ 00406890 f i bncs_csi.obj
 0001:000058c0       ??1?$QList@VQString@@@@QAE@XZ 004068c0 f i bncs_csi.obj
 0001:00005920       ??1?$list@VdeviceStatusOnHost@@V?$allocator@VdeviceStatusOnHost@@@std@@@std@@QAE@XZ 00406920 f i bncs_csi.obj
 0001:00005920       ??1?$list@VclientIPC@@V?$allocator@VclientIPC@@@std@@@std@@QAE@XZ 00406920 f i messageWindow.obj
 0001:00005920       ??1?$list@IV?$allocator@I@std@@@std@@QAE@XZ 00406920 f i bncs_csi.obj
 0001:00005920       ??1?$list@PAVsingleReg@@V?$allocator@PAVsingleReg@@@std@@@std@@QAE@XZ 00406920 f i clientsRegistration.obj
 0001:00005960       ??1?$map@KVdeviceStatus@@U?$less@K@std@@V?$allocator@U?$pair@$$CBKVdeviceStatus@@@std@@@3@@std@@QAE@XZ 00406960 f i bncs_csi.obj
 0001:00005990       ??1?$map@KVdriver@@U?$less@K@std@@V?$allocator@U?$pair@$$CBKVdriver@@@std@@@3@@std@@QAE@XZ 00406990 f i bncs_csi.obj
 0001:000059c0       ??1?$map@HPAVdatabase@@U?$less@H@std@@V?$allocator@U?$pair@$$CBHPAVdatabase@@@std@@@3@@std@@QAE@XZ 004069c0 f i databaseMgr.obj
 0001:000059c0       ??1?$set@KU?$less@K@std@@V?$allocator@K@2@@std@@QAE@XZ 004069c0 f i bncs_csi.obj
 0001:000059c0       ??1?$map@IVdriverIPC@@U?$less@I@std@@V?$allocator@U?$pair@$$CBIVdriverIPC@@@std@@@3@@std@@QAE@XZ 004069c0 f i messageWindow.obj
 0001:000059c0       ??1?$set@VclientIPC@@U?$less@VclientIPC@@@std@@V?$allocator@VclientIPC@@@3@@std@@QAE@XZ 004069c0 f i messageWindow.obj
 0001:000059c0       ??1?$map@KVworkstationStatus@@U?$less@K@std@@V?$allocator@U?$pair@$$CBKVworkstationStatus@@@std@@@3@@std@@QAE@XZ 004069c0 f i bncs_csi.obj
 0001:000059f0       ??1?$pair@HVdriver@@@std@@QAE@XZ 004069f0 f i bncs_csi.obj
 0001:00005a00       ??1?$pair@KVdeviceStatus@@@std@@QAE@XZ 00406a00 f i bncs_csi.obj
 0001:00005a10       ??1QStringList@@QAE@XZ     00406a10 f i bncs_csi.obj
 0001:00005a20       ??1bncs_csi@@UAE@XZ        00406a20 f   bncs_csi.obj
 0001:00005c00       ??1driver@@UAE@XZ          00406c00 f i bncs_csi.obj
 0001:00005c10       ??A?$QList@VQString@@@@QAEAAVQString@@H@Z 00406c10 f i bncs_csi.obj
 0001:00005c40       ??E?$_Tree_unchecked_const_iterator@V?$_Tree_val@U?$_Tree_simple_types@U?$pair@$$CBIVdriverIPC@@@std@@@std@@@std@@U_Iterator_base0@2@@std@@QAEAAV01@XZ 00406c40 f i messageWindow.obj
 0001:00005c40       ??E?$_Tree_unchecked_const_iterator@V?$_Tree_val@U?$_Tree_simple_types@U?$pair@$$CBKVworkstationStatus@@@std@@@std@@@std@@U_Iterator_base0@2@@std@@QAEAAV01@XZ 00406c40 f i bncs_csi.obj
 0001:00005c40       ??E?$_Tree_unchecked_const_iterator@V?$_Tree_val@U?$_Tree_simple_types@U?$pair@$$CBHPAVdatabase@@@std@@@std@@@std@@U_Iterator_base0@2@@std@@QAEAAV01@XZ 00406c40 f i databaseMgr.obj
 0001:00005c40       ??E?$_Tree_unchecked_const_iterator@V?$_Tree_val@U?$_Tree_simple_types@VclientIPC@@@std@@@std@@U_Iterator_base0@2@@std@@QAEAAV01@XZ 00406c40 f i messageWindow.obj
 0001:00005c40       ??E?$_Tree_unchecked_const_iterator@V?$_Tree_val@U?$_Tree_simple_types@U?$pair@$$CBKVdriver@@@std@@@std@@@std@@U_Iterator_base0@2@@std@@QAEAAV01@XZ 00406c40 f i bncs_csi.obj
 0001:00005c40       ??E?$_Tree_unchecked_const_iterator@V?$_Tree_val@U?$_Tree_simple_types@U?$pair@$$CBHV?$basic_string@DU?$char_traits@D@std@@V?$allocator@D@2@@std@@@std@@@std@@@std@@U_Iterator_base0@2@@std@@QAEAAV01@XZ 00406c40 f i database.obj
 0001:00005c40       ??E?$_Tree_unchecked_const_iterator@V?$_Tree_val@U?$_Tree_simple_types@K@std@@@std@@U_Iterator_base0@2@@std@@QAEAAV01@XZ 00406c40 f i bncs_csi.obj
 0001:00005c40       ??E?$_Tree_unchecked_const_iterator@V?$_Tree_val@U?$_Tree_simple_types@U?$pair@$$CBKVdeviceStatus@@@std@@@std@@@std@@U_Iterator_base0@2@@std@@QAEAAV01@XZ 00406c40 f i bncs_csi.obj
 0001:00005c40       ??E?$_Tree_unchecked_const_iterator@V?$_Tree_val@U?$_Tree_simple_types@U?$pair@$$CBHVdeviceStatusOnHost@@@std@@@std@@@std@@U_Iterator_base0@2@@std@@QAEAAV01@XZ 00406c40 f i bncs_csi.obj
 0001:00005c90       ??H@YA?BVQString@@PBDABV0@@Z 00406c90 f i bncs_csi.obj
 0001:000063da       ??_EQGroupBox@@W7AEPAXI@Z  004073da f i bncs_csi.obj
 0001:000063e2       ??_EQHBoxLayout@@W7AEPAXI@Z 004073e2 f i bncs_csi.obj
 0001:000063ea       ??_EQLabel@@W7AEPAXI@Z     004073ea f i bncs_csi.obj
 0001:000063f2       ??_EQMenu@@W7AEPAXI@Z      004073f2 f i bncs_csi.obj
 0001:000063fa       ??_EQMenuBar@@W7AEPAXI@Z   004073fa f i bncs_csi.obj
 0001:00006402       ??_EQSplitter@@W7AEPAXI@Z  00407402 f i bncs_csi.obj
 0001:0000640a       ??_EQStatusBar@@W7AEPAXI@Z 0040740a f i bncs_csi.obj
 0001:00006412       ??_EQToolBar@@W7AEPAXI@Z   00407412 f i bncs_csi.obj
 0001:0000641a       ??_EQTreeWidget@@W7AEPAXI@Z 0040741a f i bncs_csi.obj
 0001:00006422       ??_EQVBoxLayout@@W7AEPAXI@Z 00407422 f i bncs_csi.obj
 0001:0000642a       ??_EQWidget@@W7AEPAXI@Z    0040742a f i bncs_csi.obj
 0001:00006432       ??_Ebncs_csi@@W7AEPAXI@Z   00407432 f i bncs_csi.obj
 0001:00006440       ??_GQAction@@UAEPAXI@Z     00407440 f i bncs_csi.obj
 0001:00006440       ??_EQAction@@UAEPAXI@Z     00407440 f i bncs_csi.obj
 0001:00006470       ??_GQGroupBox@@UAEPAXI@Z   00407470 f i bncs_csi.obj
 0001:00006470       ??_EQGroupBox@@UAEPAXI@Z   00407470 f i bncs_csi.obj
 0001:000064a0       ??_GQHBoxLayout@@UAEPAXI@Z 004074a0 f i bncs_csi.obj
 0001:000064a0       ??_EQHBoxLayout@@UAEPAXI@Z 004074a0 f i bncs_csi.obj
 0001:000064d0       ??_GQLabel@@UAEPAXI@Z      004074d0 f i bncs_csi.obj
 0001:000064d0       ??_EQLabel@@UAEPAXI@Z      004074d0 f i bncs_csi.obj
 0001:00006500       ??_EQMenu@@UAEPAXI@Z       00407500 f i bncs_csi.obj
 0001:00006500       ??_GQMenu@@UAEPAXI@Z       00407500 f i bncs_csi.obj
 0001:00006530       ??_EQMenuBar@@UAEPAXI@Z    00407530 f i bncs_csi.obj
 0001:00006530       ??_GQMenuBar@@UAEPAXI@Z    00407530 f i bncs_csi.obj
 0001:00006560       ??_EQSpacerItem@@UAEPAXI@Z 00407560 f i bncs_csi.obj
 0001:00006560       ??_GQSpacerItem@@UAEPAXI@Z 00407560 f i bncs_csi.obj
 0001:00006590       ??_GQSplitter@@UAEPAXI@Z   00407590 f i bncs_csi.obj
 0001:00006590       ??_EQSplitter@@UAEPAXI@Z   00407590 f i bncs_csi.obj
 0001:000065c0       ??_GQStatusBar@@UAEPAXI@Z  004075c0 f i bncs_csi.obj
 0001:000065c0       ??_EQStatusBar@@UAEPAXI@Z  004075c0 f i bncs_csi.obj
 0001:000065f0       ??_EQToolBar@@UAEPAXI@Z    004075f0 f i bncs_csi.obj
 0001:000065f0       ??_GQToolBar@@UAEPAXI@Z    004075f0 f i bncs_csi.obj
 0001:00006620       ??_GQTreeWidget@@UAEPAXI@Z 00407620 f i bncs_csi.obj
 0001:00006620       ??_EQTreeWidget@@UAEPAXI@Z 00407620 f i bncs_csi.obj
 0001:00006650       ??_EQTreeWidgetItem@@UAEPAXI@Z 00407650 f i bncs_csi.obj
 0001:00006650       ??_GQTreeWidgetItem@@UAEPAXI@Z 00407650 f i bncs_csi.obj
 0001:00006680       ??_GQVBoxLayout@@UAEPAXI@Z 00407680 f i bncs_csi.obj
 0001:00006680       ??_EQVBoxLayout@@UAEPAXI@Z 00407680 f i bncs_csi.obj
 0001:000066b0       ??_GQWidget@@UAEPAXI@Z     004076b0 f i bncs_csi.obj
 0001:000066b0       ??_EQWidget@@UAEPAXI@Z     004076b0 f i bncs_csi.obj
 0001:000066e0       ??_Gbncs_csi@@UAEPAXI@Z    004076e0 f i bncs_csi.obj
 0001:000066e0       ??_Ebncs_csi@@UAEPAXI@Z    004076e0 f i bncs_csi.obj
 0001:00006710       ??_EdeferredPoll@@UAEPAXI@Z 00407710 f i bncs_csi.obj
 0001:00006710       ??_GdeferredPoll@@UAEPAXI@Z 00407710 f i bncs_csi.obj
 0001:00006740       ??_GdeviceStatus@@UAEPAXI@Z 00407740 f i bncs_csi.obj
 0001:00006740       ??_EdeviceStatus@@UAEPAXI@Z 00407740 f i bncs_csi.obj
 0001:00006770       ??_Edriver@@UAEPAXI@Z      00407770 f i bncs_csi.obj
 0001:00006770       ??_Gdriver@@UAEPAXI@Z      00407770 f i bncs_csi.obj
 0001:000067a0       ?EnumChildProc@@YGHPAUHWND__@@J@Z 004077a0 f   bncs_csi.obj
 0001:000067e0       ?_Buyheadnode@?$_Tree_alloc@$0A@U?$_Tree_base_types@KV?$allocator@K@std@@@std@@@std@@QAEPAU?$_Tree_node@KPAX@2@XZ 004077e0 f i bncs_csi.obj
 0001:00006810       ?_Buyheadnode@?$_Tree_alloc@$0A@U?$_Tree_base_types@U?$pair@$$CBHVdeviceStatusOnHost@@@std@@V?$allocator@U?$pair@$$CBHVdeviceStatusOnHost@@@std@@@2@@std@@@std@@QAEPAU?$_Tree_node@U?$pair@$$CBHVdeviceStatusOnHost@@@std@@PAX@2@XZ 00407810 f i bncs_csi.obj
 0001:00006810       ?_Buyheadnode@?$_Tree_alloc@$0A@U?$_Tree_base_types@VclientIPC@@V?$allocator@VclientIPC@@@std@@@std@@@std@@QAEPAU?$_Tree_node@VclientIPC@@PAX@2@XZ 00407810 f i messageWindow.obj
 0001:00006840       ?_Buyheadnode@?$_Tree_alloc@$0A@U?$_Tree_base_types@U?$pair@$$CBKVdriver@@@std@@V?$allocator@U?$pair@$$CBKVdriver@@@std@@@2@@std@@@std@@QAEPAU?$_Tree_node@U?$pair@$$CBKVdriver@@@std@@PAX@2@XZ 00407840 f i bncs_csi.obj
 0001:00006840       ?_Buyheadnode@?$_Tree_alloc@$0A@U?$_Tree_base_types@U?$pair@$$CBKVdeviceStatus@@@std@@V?$allocator@U?$pair@$$CBKVdeviceStatus@@@std@@@2@@std@@@std@@QAEPAU?$_Tree_node@U?$pair@$$CBKVdeviceStatus@@@std@@PAX@2@XZ 00407840 f i bncs_csi.obj
 0001:00006870       ?_Buyheadnode@?$_Tree_alloc@$0A@U?$_Tree_base_types@U?$pair@$$CBKVworkstationStatus@@@std@@V?$allocator@U?$pair@$$CBKVworkstationStatus@@@std@@@2@@std@@@std@@QAEPAU?$_Tree_node@U?$pair@$$CBKVworkstationStatus@@@std@@PAX@2@XZ 00407870 f i bncs_csi.obj
 0001:000068a0       ?_Buynode0@?$_List_alloc@$0A@U?$_List_base_types@PAVsingleReg@@V?$allocator@PAVsingleReg@@@std@@@std@@@std@@QAEPAU?$_List_node@PAVsingleReg@@PAX@2@PAU32@0@Z 004078a0 f i clientsRegistration.obj
 0001:000068a0       ?_Buynode0@?$_List_alloc@$0A@U?$_List_base_types@IV?$allocator@I@std@@@std@@@std@@QAEPAU?$_List_node@IPAX@2@PAU32@0@Z 004078a0 f i bncs_csi.obj
 0001:000068e0       ?_Buynode0@?$_List_alloc@$0A@U?$_List_base_types@VdeviceStatusOnHost@@V?$allocator@VdeviceStatusOnHost@@@std@@@std@@@std@@QAEPAU?$_List_node@VdeviceStatusOnHost@@PAX@2@PAU32@0@Z 004078e0 f i bncs_csi.obj
 0001:00006920       ?_Buynode0@?$_Tree_buy@KV?$allocator@K@std@@@std@@QAEPAU?$_Tree_node@KPAX@2@XZ 00407920 f i bncs_csi.obj
 0001:00006960       ?_Buynode0@?$_Tree_buy@U?$pair@$$CBKVdriver@@@std@@V?$allocator@U?$pair@$$CBKVdriver@@@std@@@2@@std@@QAEPAU?$_Tree_node@U?$pair@$$CBKVdriver@@@std@@PAX@2@XZ 00407960 f i bncs_csi.obj
 0001:00006960       ?_Buynode0@?$_Tree_buy@U?$pair@$$CBKVdeviceStatus@@@std@@V?$allocator@U?$pair@$$CBKVdeviceStatus@@@std@@@2@@std@@QAEPAU?$_Tree_node@U?$pair@$$CBKVdeviceStatus@@@std@@PAX@2@XZ 00407960 f i bncs_csi.obj
 0001:000069a0       ?_Buynode0@?$_Tree_buy@U?$pair@$$CBKVworkstationStatus@@@std@@V?$allocator@U?$pair@$$CBKVworkstationStatus@@@std@@@2@@std@@QAEPAU?$_Tree_node@U?$pair@$$CBKVworkstationStatus@@@std@@PAX@2@XZ 004079a0 f i bncs_csi.obj
 0001:000069e0       ?_Destroy_if_not_nil@?$_Tree@V?$_Tmap_traits@KVdeviceStatus@@U?$less@K@std@@V?$allocator@U?$pair@$$CBKVdeviceStatus@@@std@@@3@$0A@@std@@@std@@IAEXPAU?$_Tree_node@U?$pair@$$CBKVdeviceStatus@@@std@@PAX@2@@Z 004079e0 f i bncs_csi.obj
 0001:00006a00       ?_Destroy_if_not_nil@?$_Tree@V?$_Tmap_traits@KVdriver@@U?$less@K@std@@V?$allocator@U?$pair@$$CBKVdriver@@@std@@@3@$0A@@std@@@std@@IAEXPAU?$_Tree_node@U?$pair@$$CBKVdriver@@@std@@PAX@2@@Z 00407a00 f i bncs_csi.obj
 0001:00006a20       ?_Eqrange@?$_Tree@V?$_Tmap_traits@KVdriver@@U?$less@K@std@@V?$allocator@U?$pair@$$CBKVdriver@@@std@@@3@$0A@@std@@@std@@IAE?AU?$pair@V?$_Tree_iterator@V?$_Tree_val@U?$_Tree_simple_types@U?$pair@$$CBKVdriver@@@std@@@std@@@std@@@std@@V12@@2@ABK@Z 00407a20 f i bncs_csi.obj
 0001:00006aa0       ?_Erase@?$_Tree@V?$_Tmap_traits@KVdeviceStatus@@U?$less@K@std@@V?$allocator@U?$pair@$$CBKVdeviceStatus@@@std@@@3@$0A@@std@@@std@@IAEXPAU?$_Tree_node@U?$pair@$$CBKVdeviceStatus@@@std@@PAX@2@@Z 00407aa0 f i bncs_csi.obj
 0001:00006ae0       ?_Erase@?$_Tree@V?$_Tmap_traits@KVdriver@@U?$less@K@std@@V?$allocator@U?$pair@$$CBKVdriver@@@std@@@3@$0A@@std@@@std@@IAEXPAU?$_Tree_node@U?$pair@$$CBKVdriver@@@std@@PAX@2@@Z 00407ae0 f i bncs_csi.obj
 0001:00006b20       ?_Erase@?$_Tree@V?$_Tset_traits@KU?$less@K@std@@V?$allocator@K@2@$0A@@std@@@std@@IAEXPAU?$_Tree_node@KPAX@2@@Z 00407b20 f i bncs_csi.obj
 0001:00006b20       ?_Erase@?$_Tree@V?$_Tmap_traits@IVdriverIPC@@U?$less@I@std@@V?$allocator@U?$pair@$$CBIVdriverIPC@@@std@@@3@$0A@@std@@@std@@IAEXPAU?$_Tree_node@U?$pair@$$CBIVdriverIPC@@@std@@PAX@2@@Z 00407b20 f i messageWindow.obj
 0001:00006b20       ?_Erase@?$_Tree@V?$_Tmap_traits@HVdeviceStatusOnHost@@U?$less@H@std@@V?$allocator@U?$pair@$$CBHVdeviceStatusOnHost@@@std@@@3@$0A@@std@@@std@@IAEXPAU?$_Tree_node@U?$pair@$$CBHVdeviceStatusOnHost@@@std@@PAX@2@@Z 00407b20 f i bncs_csi.obj
 0001:00006b20       ?_Erase@?$_Tree@V?$_Tmap_traits@HPAVdatabase@@U?$less@H@std@@V?$allocator@U?$pair@$$CBHPAVdatabase@@@std@@@3@$0A@@std@@@std@@IAEXPAU?$_Tree_node@U?$pair@$$CBHPAVdatabase@@@std@@PAX@2@@Z 00407b20 f i databaseMgr.obj
 0001:00006b20       ?_Erase@?$_Tree@V?$_Tmap_traits@KVworkstationStatus@@U?$less@K@std@@V?$allocator@U?$pair@$$CBKVworkstationStatus@@@std@@@3@$0A@@std@@@std@@IAEXPAU?$_Tree_node@U?$pair@$$CBKVworkstationStatus@@@std@@PAX@2@@Z 00407b20 f i bncs_csi.obj
 0001:00006b20       ?_Erase@?$_Tree@V?$_Tset_traits@VclientIPC@@U?$less@VclientIPC@@@std@@V?$allocator@VclientIPC@@@3@$0A@@std@@@std@@IAEXPAU?$_Tree_node@VclientIPC@@PAX@2@@Z 00407b20 f i messageWindow.obj
 0001:00006b60       ?append@?$QList@VQString@@@@QAEXABVQString@@@Z 00407b60 f i bncs_csi.obj
 0001:00006c10       ?buildDeviceStatusSlot@bncs_csi@@AAEXABVdeviceStatus@@AAV?$basic_string@DU?$char_traits@D@std@@V?$allocator@D@2@@std@@@Z 00407c10 f   bncs_csi.obj
 0001:00006df0       ?clear@?$_Tree@V?$_Tmap_traits@KVdriver@@U?$less@K@std@@V?$allocator@U?$pair@$$CBKVdriver@@@std@@@3@$0A@@std@@@std@@QAEXXZ 00407df0 f i bncs_csi.obj
 0001:00006e40       ?clear@?$_Tree@V?$_Tset_traits@VclientIPC@@U?$less@VclientIPC@@@std@@V?$allocator@VclientIPC@@@3@$0A@@std@@@std@@QAEXXZ 00407e40 f i messageWindow.obj
 0001:00006e40       ?clear@?$_Tree@V?$_Tmap_traits@KVworkstationStatus@@U?$less@K@std@@V?$allocator@U?$pair@$$CBKVworkstationStatus@@@std@@@3@$0A@@std@@@std@@QAEXXZ 00407e40 f i bncs_csi.obj
 0001:00006e40       ?clear@?$_Tree@V?$_Tset_traits@KU?$less@K@std@@V?$allocator@K@2@$0A@@std@@@std@@QAEXXZ 00407e40 f i bncs_csi.obj
 0001:00006e40       ?clear@?$_Tree@V?$_Tmap_traits@HVdeviceStatusOnHost@@U?$less@H@std@@V?$allocator@U?$pair@$$CBHVdeviceStatusOnHost@@@std@@@3@$0A@@std@@@std@@QAEXXZ 00407e40 f i bncs_csi.obj
 0001:00006e40       ?clear@?$_Tree@V?$_Tmap_traits@IVdriverIPC@@U?$less@I@std@@V?$allocator@U?$pair@$$CBIVdriverIPC@@@std@@@3@$0A@@std@@@std@@QAEXXZ 00407e40 f i messageWindow.obj
 0001:00006e40       ?clear@?$_Tree@V?$_Tmap_traits@HPAVdatabase@@U?$less@H@std@@V?$allocator@U?$pair@$$CBHPAVdatabase@@@std@@@3@$0A@@std@@@std@@QAEXXZ 00407e40 f i databaseMgr.obj
 0001:00006e90       ?clearDriverFlag@bncs_csi@@AAE_NKI@Z 00407e90 f   bncs_csi.obj
 0001:00006f10       ?clientConnected@bncs_csi@@MAEXABVclientIPC@@@Z 00407f10 f   bncs_csi.obj
 0001:00007060       ?clientDisconnected@bncs_csi@@MAEXABVclientIPC@@_N@Z 00408060 f   bncs_csi.obj
 0001:00007180       ?customEvent@bncs_csi@@MAEXPAVQEvent@@@Z 00408180 f   bncs_csi.obj
 0001:000072c0       ?detach_helper@?$QList@PAVQTreeWidgetItem@@@@AAEXH@Z 004082c0 f i bncs_csi.obj
 0001:00007390       ?detach_helper@?$QList@VQString@@@@AAEXH@Z 00408390 f i bncs_csi.obj
 0001:00007480       ?detach_helper_grow@?$QList@VQString@@@@AAEPAUNode@1@HH@Z 00408480 f i bncs_csi.obj
 0001:00007600       ?deviceStatusFindOrCreate@bncs_csi@@AAEAAVdeviceStatus@@K@Z 00408600 f   bncs_csi.obj
 0001:00007700       ?doAbout@bncs_csi@@AAEXXZ  00408700 f   bncs_csi.obj
 0001:00007980       ?doFlushCache@bncs_csi@@AAEXXZ 00408980 f   bncs_csi.obj
 0001:00007990       ?doFlushDatabases@bncs_csi@@AAEXXZ 00408990 f   bncs_csi.obj
 0001:000079a0       ?doHelp@bncs_csi@@AAEXXZ   004089a0 f   bncs_csi.obj
 0001:00007b70       ?doOpenOSPL@bncs_csi@@AAEXXZ 00408b70 f   bncs_csi.obj
 0001:00007d30       ?doOpenOsplError@bncs_csi@@AAEXXZ 00408d30 f   bncs_csi.obj
 0001:00007e30       ?doOpenOsplInfo@bncs_csi@@AAEXXZ 00408e30 f   bncs_csi.obj
 0001:00007f30       ?doOpenQoS@bncs_csi@@AAEXXZ 00408f30 f   bncs_csi.obj
 0001:000080f0       ?driverConnected@bncs_csi@@MAEXABVdriverIPC@@@Z 004090f0 f   bncs_csi.obj
 0001:00008390       ?driverDisconnected@bncs_csi@@MAEXABVdriverIPC@@_N@Z 00409390 f   bncs_csi.obj
 0001:00008630       ?driverObj@bncs_csi@@AAEAAVdriver@@K@Z 00409630 f   bncs_csi.obj
 0001:00008700       ?erase@?$_Tree@V?$_Tmap_traits@KVdeviceStatus@@U?$less@K@std@@V?$allocator@U?$pair@$$CBKVdeviceStatus@@@std@@@3@$0A@@std@@@std@@QAE?AV?$_Tree_iterator@V?$_Tree_val@U?$_Tree_simple_types@U?$pair@$$CBKVdeviceStatus@@@std@@@std@@@std@@@2@V?$_Tree_const_iterator@V?$_Tree_val@U?$_Tree_simple_types@U?$pair@$$CBKVdeviceStatus@@@std@@@std@@@std@@@2@0@Z 00409700 f i bncs_csi.obj
 0001:000087c0       ?erase@?$_Tree@V?$_Tmap_traits@KVdeviceStatus@@U?$less@K@std@@V?$allocator@U?$pair@$$CBKVdeviceStatus@@@std@@@3@$0A@@std@@@std@@QAE?AV?$_Tree_iterator@V?$_Tree_val@U?$_Tree_simple_types@U?$pair@$$CBKVdeviceStatus@@@std@@@std@@@std@@@2@V?$_Tree_const_iterator@V?$_Tree_val@U?$_Tree_simple_types@U?$pair@$$CBKVdeviceStatus@@@std@@@std@@@std@@@2@@Z 004097c0 f i bncs_csi.obj
 0001:00008a30       ?erase@?$_Tree@V?$_Tmap_traits@KVdriver@@U?$less@K@std@@V?$allocator@U?$pair@$$CBKVdriver@@@std@@@3@$0A@@std@@@std@@QAE?AV?$_Tree_iterator@V?$_Tree_val@U?$_Tree_simple_types@U?$pair@$$CBKVdriver@@@std@@@std@@@std@@@2@V?$_Tree_const_iterator@V?$_Tree_val@U?$_Tree_simple_types@U?$pair@$$CBKVdriver@@@std@@@std@@@std@@@2@0@Z 00409a30 f i bncs_csi.obj
 0001:00008ad0       ?erase@?$_Tree@V?$_Tmap_traits@KVdriver@@U?$less@K@std@@V?$allocator@U?$pair@$$CBKVdriver@@@std@@@3@$0A@@std@@@std@@QAE?AV?$_Tree_iterator@V?$_Tree_val@U?$_Tree_simple_types@U?$pair@$$CBKVdriver@@@std@@@std@@@std@@@2@V?$_Tree_const_iterator@V?$_Tree_val@U?$_Tree_simple_types@U?$pair@$$CBKVdriver@@@std@@@std@@@std@@@2@@Z 00409ad0 f i bncs_csi.obj
 0001:00008d40       ?erase@?$_Tree@V?$_Tset_traits@KU?$less@K@std@@V?$allocator@K@2@$0A@@std@@@std@@QAE?AV?$_Tree_const_iterator@V?$_Tree_val@U?$_Tree_simple_types@K@std@@@std@@@2@V32@0@Z 00409d40 f i bncs_csi.obj
 0001:00008d40       ?erase@?$_Tree@V?$_Tmap_traits@HVdeviceStatusOnHost@@U?$less@H@std@@V?$allocator@U?$pair@$$CBHVdeviceStatusOnHost@@@std@@@3@$0A@@std@@@std@@QAE?AV?$_Tree_iterator@V?$_Tree_val@U?$_Tree_simple_types@U?$pair@$$CBHVdeviceStatusOnHost@@@std@@@std@@@std@@@2@V?$_Tree_const_iterator@V?$_Tree_val@U?$_Tree_simple_types@U?$pair@$$CBHVdeviceStatusOnHost@@@std@@@std@@@std@@@2@0@Z 00409d40 f i bncs_csi.obj
 0001:00008d40       ?erase@?$_Tree@V?$_Tmap_traits@IVdriverIPC@@U?$less@I@std@@V?$allocator@U?$pair@$$CBIVdriverIPC@@@std@@@3@$0A@@std@@@std@@QAE?AV?$_Tree_iterator@V?$_Tree_val@U?$_Tree_simple_types@U?$pair@$$CBIVdriverIPC@@@std@@@std@@@std@@@2@V?$_Tree_const_iterator@V?$_Tree_val@U?$_Tree_simple_types@U?$pair@$$CBIVdriverIPC@@@std@@@std@@@std@@@2@0@Z 00409d40 f i messageWindow.obj
 0001:00008d40       ?erase@?$_Tree@V?$_Tmap_traits@KVworkstationStatus@@U?$less@K@std@@V?$allocator@U?$pair@$$CBKVworkstationStatus@@@std@@@3@$0A@@std@@@std@@QAE?AV?$_Tree_iterator@V?$_Tree_val@U?$_Tree_simple_types@U?$pair@$$CBKVworkstationStatus@@@std@@@std@@@std@@@2@V?$_Tree_const_iterator@V?$_Tree_val@U?$_Tree_simple_types@U?$pair@$$CBKVworkstationStatus@@@std@@@std@@@std@@@2@0@Z 00409d40 f i bncs_csi.obj
 0001:00008d40       ?erase@?$_Tree@V?$_Tset_traits@VclientIPC@@U?$less@VclientIPC@@@std@@V?$allocator@VclientIPC@@@3@$0A@@std@@@std@@QAE?AV?$_Tree_const_iterator@V?$_Tree_val@U?$_Tree_simple_types@VclientIPC@@@std@@@std@@@2@V32@0@Z 00409d40 f i messageWindow.obj
 0001:00008d40       ?erase@?$_Tree@V?$_Tmap_traits@HPAVdatabase@@U?$less@H@std@@V?$allocator@U?$pair@$$CBHPAVdatabase@@@std@@@3@$0A@@std@@@std@@QAE?AV?$_Tree_iterator@V?$_Tree_val@U?$_Tree_simple_types@U?$pair@$$CBHPAVdatabase@@@std@@@std@@@std@@@2@V?$_Tree_const_iterator@V?$_Tree_val@U?$_Tree_simple_types@U?$pair@$$CBHPAVdatabase@@@std@@@std@@@std@@@2@0@Z 00409d40 f i databaseMgr.obj
 0001:00008de0       ?erase@?$_Tree@V?$_Tset_traits@KU?$less@K@std@@V?$allocator@K@2@$0A@@std@@@std@@QAE?AV?$_Tree_const_iterator@V?$_Tree_val@U?$_Tree_simple_types@K@std@@@std@@@2@V32@@Z 00409de0 f i bncs_csi.obj
 0001:00008de0       ?erase@?$_Tree@V?$_Tset_traits@VclientIPC@@U?$less@VclientIPC@@@std@@V?$allocator@VclientIPC@@@3@$0A@@std@@@std@@QAE?AV?$_Tree_const_iterator@V?$_Tree_val@U?$_Tree_simple_types@VclientIPC@@@std@@@std@@@2@V32@@Z 00409de0 f i messageWindow.obj
 0001:00008de0       ?erase@?$_Tree@V?$_Tmap_traits@HPAVdatabase@@U?$less@H@std@@V?$allocator@U?$pair@$$CBHPAVdatabase@@@std@@@3@$0A@@std@@@std@@QAE?AV?$_Tree_iterator@V?$_Tree_val@U?$_Tree_simple_types@U?$pair@$$CBHPAVdatabase@@@std@@@std@@@std@@@2@V?$_Tree_const_iterator@V?$_Tree_val@U?$_Tree_simple_types@U?$pair@$$CBHPAVdatabase@@@std@@@std@@@std@@@2@@Z 00409de0 f i databaseMgr.obj
 0001:00008de0       ?erase@?$_Tree@V?$_Tmap_traits@IVdriverIPC@@U?$less@I@std@@V?$allocator@U?$pair@$$CBIVdriverIPC@@@std@@@3@$0A@@std@@@std@@QAE?AV?$_Tree_iterator@V?$_Tree_val@U?$_Tree_simple_types@U?$pair@$$CBIVdriverIPC@@@std@@@std@@@std@@@2@V?$_Tree_const_iterator@V?$_Tree_val@U?$_Tree_simple_types@U?$pair@$$CBIVdriverIPC@@@std@@@std@@@std@@@2@@Z 00409de0 f i messageWindow.obj
 0001:00008de0       ?erase@?$_Tree@V?$_Tmap_traits@HVdeviceStatusOnHost@@U?$less@H@std@@V?$allocator@U?$pair@$$CBHVdeviceStatusOnHost@@@std@@@3@$0A@@std@@@std@@QAE?AV?$_Tree_iterator@V?$_Tree_val@U?$_Tree_simple_types@U?$pair@$$CBHVdeviceStatusOnHost@@@std@@@std@@@std@@@2@V?$_Tree_const_iterator@V?$_Tree_val@U?$_Tree_simple_types@U?$pair@$$CBHVdeviceStatusOnHost@@@std@@@std@@@std@@@2@@Z 00409de0 f i bncs_csi.obj
 0001:00008de0       ?erase@?$_Tree@V?$_Tmap_traits@KVworkstationStatus@@U?$less@K@std@@V?$allocator@U?$pair@$$CBKVworkstationStatus@@@std@@@3@$0A@@std@@@std@@QAE?AV?$_Tree_iterator@V?$_Tree_val@U?$_Tree_simple_types@U?$pair@$$CBKVworkstationStatus@@@std@@@std@@@std@@@2@V?$_Tree_const_iterator@V?$_Tree_val@U?$_Tree_simple_types@U?$pair@$$CBKVworkstationStatus@@@std@@@std@@@std@@@2@@Z 00409de0 f i bncs_csi.obj
 0001:00009050       ?heartbeatTimeout@bncs_csi@@AAEXXZ 0040a050 f   bncs_csi.obj
 0001:00009220       ?isTxRx@bncs_csi@@AAE_NK@Z 0040a220 f   bncs_csi.obj
 0001:00009290       ?mwDeviceMessage@bncs_csi@@EAEXIIABVQString@@III@Z 0040a290 f   bncs_csi.obj
 0001:00009470       ?mwDeviceResponse@bncs_csi@@EAEXIIABVQString@@III@Z 0040a470 f   bncs_csi.obj
 0001:00009650       ?mwGetDevTxRxMode@bncs_csi@@EAEII@Z 0040a650 f   bncs_csi.obj
 0001:00009700       ?mwGpiLock@bncs_csi@@EAEXIIIII@Z 0040a700 f   bncs_csi.obj
 0001:000097a0       ?mwGpiPoll@bncs_csi@@EAEXIIII@Z 0040a7a0 f   bncs_csi.obj
 0001:00009830       ?mwGpiRevertive@bncs_csi@@EAEXIIII@Z 0040a830 f   bncs_csi.obj
 0001:000098e0       ?mwGpiSwitch@bncs_csi@@EAEXIIII@Z 0040a8e0 f   bncs_csi.obj
 0001:00009980       ?mwInfoLock@bncs_csi@@EAEXIIIII@Z 0040a980 f   bncs_csi.obj
 0001:00009a20       ?mwInfoPoll@bncs_csi@@EAEXIIII@Z 0040aa20 f   bncs_csi.obj
 0001:00009b30       ?mwInfoRevertive@bncs_csi@@EAEXIIABVQString@@I@Z 0040ab30 f   bncs_csi.obj
 0001:00009c30       ?mwInfoWrite@bncs_csi@@EAEXIIABVQString@@I@Z 0040ac30 f   bncs_csi.obj
 0001:00009d20       ?mwRouterCrosspoint@bncs_csi@@EAEXIIIABVQString@@I@Z 0040ad20 f   bncs_csi.obj
 0001:00009e10       ?mwRouterDatabase@bncs_csi@@EAEXIIIABVQString@@_NI@Z 0040ae10 f   bncs_csi.obj
 0001:00009f00       ?mwRouterLock@bncs_csi@@EAEXIIIII@Z 0040af00 f   bncs_csi.obj
 0001:00009fa0       ?mwRouterModify@bncs_csi@@EAEXIIIABVQString@@_NIPAUHWND__@@@Z 0040afa0 f   bncs_csi.obj
 0001:0000a0a0       ?mwRouterPoll@bncs_csi@@EAEXIIII@Z 0040b0a0 f   bncs_csi.obj
 0001:0000a130       ?mwRouterRevertive@bncs_csi@@EAEXIIII@Z 0040b130 f   bncs_csi.obj
 0001:0000a1e0       ?mwSetDevTxRxMode@bncs_csi@@EAEXII@Z 0040b1e0 f   bncs_csi.obj
 0001:0000a4e0       ?mwSetRedundancyMaster@bncs_csi@@EAEIII@Z 0040b4e0 f   bncs_csi.obj
 0001:0000a5c0       ?netWsStatusMsg@bncs_csi@@EAEXK_K00@Z 0040b5c0 f   bncs_csi.obj
 0001:0000a6c0       ?node_copy@?$QList@PAVQTreeWidgetItem@@@@AAEXPAUNode@1@00@Z 0040b6c0 f i bncs_csi.obj
 0001:0000a6f0       ?node_copy@?$QList@VQString@@@@AAEXPAUNode@1@00@Z 0040b6f0 f i bncs_csi.obj
 0001:0000a730       ?node_destruct@?$QList@VQString@@@@AAEXPAUNode@1@0@Z 0040b730 f i bncs_csi.obj
 0001:0000a760       ?processNameFromWindowHandle@bncs_csi@@AAE?AVQString@@PAUHWND__@@@Z 0040b760 f   bncs_csi.obj
 0001:0000a970       ?receive_bncs_legacyMessage@bncs_csi@@MAEXPAVIbncs_legacyMessageCommand@@ABVbncs_legacyMessage@@@Z 0040b970 f   bncs_csi.obj
 0001:0000ae60       ?receive_bncs_netStatusMessage@bncs_csi@@MAEXPAVIbncs_netStatusMessageCommand@@ABVbncs_netStatusMessage@@@Z 0040be60 f   bncs_csi.obj
 0001:0000b060       ?receive_bncs_redundancyMessage@bncs_csi@@MAEXPAVIbncs_redundancyMessageCommand@@ABVbncs_redundancyMessage@@@Z 0040c060 f   bncs_csi.obj
 0001:0000b2a0       ?reconcileTxRxStates@bncs_csi@@AAEXI@Z 0040c2a0 f   bncs_csi.obj
 0001:0000b510       ?removeDriverFromUI@bncs_csi@@AAEXI@Z 0040c510 f   bncs_csi.obj
 0001:0000b630       ?retranslateUi@Ui_bncs_csiClass@@QAEXPAVQMainWindow@@@Z 0040c630 f i bncs_csi.obj
 0001:0000c150       ?sendDeviceStatus@bncs_csi@@AAEXXZ 0040d150 f   bncs_csi.obj
 0001:0000c400       ?sendDeviceStatusRevertive@bncs_csi@@AAEXABVdeviceStatus@@@Z 0040d400 f   bncs_csi.obj
 0001:0000c4f0       ?setDeviceListUi@bncs_csi@@AAEXKHABVQString@@@Z 0040d4f0 f   bncs_csi.obj
 0001:0000c690       ?setDriverFlag@bncs_csi@@AAE_NKI@Z 0040d690 f   bncs_csi.obj
 0001:0000c710       ?setupUi@Ui_bncs_csiClass@@QAEXPAVQMainWindow@@@Z 0040d710 f i bncs_csi.obj
 0001:0000e250       ?statusTimeout@bncs_csi@@AAEXXZ 0040f250 f   bncs_csi.obj
 0001:0000e3d0       ?timerEvent@bncs_csi@@MAEXPAVQTimerEvent@@@Z 0040f3d0 f   bncs_csi.obj
 0001:0000e4a0       ?updateUI@bncs_csi@@AAEXXZ 0040f4a0 f   bncs_csi.obj
 0001:0000e880       ??$_Buynode@ABI@?$_List_buy@IV?$allocator@I@std@@@std@@QAEPAU?$_List_node@IPAX@1@PAU21@0ABI@Z 0040f880 f i bncs_csi.obj
 0001:0000e880       ??$_Buynode@I@?$_List_buy@IV?$allocator@I@std@@@std@@QAEPAU?$_List_node@IPAX@1@PAU21@0$$QAI@Z 0040f880 f i clientsRegistration.obj
 0001:0000e880       ??$_Buynode@ABQAVsingleReg@@@?$_List_buy@PAVsingleReg@@V?$allocator@PAVsingleReg@@@std@@@std@@QAEPAU?$_List_node@PAVsingleReg@@PAX@1@PAU21@0ABQAVsingleReg@@@Z 0040f880 f i clientsRegistration.obj
 0001:0000e8a0       ??$_Buynode@VclientIPC@@@?$_List_buy@VclientIPC@@V?$allocator@VclientIPC@@@std@@@std@@QAEPAU?$_List_node@VclientIPC@@PAX@1@PAU21@0$$QAVclientIPC@@@Z 0040f8a0 f i clientsRegistration.obj
 0001:0000e8d0       ??0clientsRegistration@@QAE@XZ 0040f8d0 f   clientsRegistration.obj
 0001:0000e910       ??1clientsRegistration@@UAE@XZ 0040f910 f   clientsRegistration.obj
 0001:0000e9d0       ??_GclientsRegistration@@UAEPAXI@Z 0040f9d0 f i clientsRegistration.obj
 0001:0000e9d0       ??_EclientsRegistration@@UAEPAXI@Z 0040f9d0 f i clientsRegistration.obj
 0001:0000ea00       ?_Buynode0@?$_List_alloc@$0A@U?$_List_base_types@VclientIPC@@V?$allocator@VclientIPC@@@std@@@std@@@std@@QAEPAU?$_List_node@VclientIPC@@PAX@2@PAU32@0@Z 0040fa00 f i clientsRegistration.obj
 0001:0000ea40       ?addRegistration@clientsRegistration@@QAEXVclientIPC@@III_N@Z 0040fa40 f   clientsRegistration.obj
 0001:0000eaa0       ?deleteAllRegistrations@clientsRegistration@@QAEXVclientIPC@@I@Z 0040faa0 f   clientsRegistration.obj
 0001:0000eb30       ?deleteRegistration@clientsRegistration@@QAEXVclientIPC@@III@Z 0040fb30 f   clientsRegistration.obj
 0001:0000ebe0       ?getClientList@clientsRegistration@@QAEXAAV?$list@VclientIPC@@V?$allocator@VclientIPC@@@std@@@std@@@Z 0040fbe0 f   clientsRegistration.obj
 0001:0000ec70       ?getClientList@clientsRegistration@@QAEXIAAV?$list@VclientIPC@@V?$allocator@VclientIPC@@@std@@@std@@@Z 0040fc70 f   clientsRegistration.obj
 0001:0000ed10       ?getClientList@clientsRegistration@@QAEXIIAAV?$list@VclientIPC@@V?$allocator@VclientIPC@@@std@@@std@@@Z 0040fd10 f   clientsRegistration.obj
 0001:0000edc0       ?getRegForClient@clientsRegistration@@QAEXVclientIPC@@AAV?$list@IV?$allocator@I@std@@@std@@@Z 0040fdc0 f   clientsRegistration.obj
 0001:0000ee60       ?getRegObject@clientsRegistration@@AAEPAVsingleReg@@VclientIPC@@I_N@Z 0040fe60 f   clientsRegistration.obj
 0001:0000ef80       ??$_Buynode@ABVdeviceStatusOnHost@@@?$_List_buy@VdeviceStatusOnHost@@V?$allocator@VdeviceStatusOnHost@@@std@@@std@@QAEPAU?$_List_node@VdeviceStatusOnHost@@PAX@1@PAU21@0ABVdeviceStatusOnHost@@@Z 0040ff80 f i deviceStatus.obj
 0001:0000efb0       ??$_Buynode@U?$pair@HVdeviceStatusOnHost@@@std@@@?$_Tree_buy@U?$pair@$$CBHVdeviceStatusOnHost@@@std@@V?$allocator@U?$pair@$$CBHVdeviceStatusOnHost@@@std@@@2@@std@@QAEPAU?$_Tree_node@U?$pair@$$CBHVdeviceStatusOnHost@@@std@@PAX@1@$$QAU?$pair@HVdeviceStatusOnHost@@@1@@Z 0040ffb0 f i deviceStatus.obj
 0001:0000eff0       ??$_Insert_at@AAU?$pair@$$CBHVdeviceStatusOnHost@@@std@@PAU?$_Tree_node@U?$pair@$$CBHVdeviceStatusOnHost@@@std@@PAX@2@@?$_Tree@V?$_Tmap_traits@HVdeviceStatusOnHost@@U?$less@H@std@@V?$allocator@U?$pair@$$CBHVdeviceStatusOnHost@@@std@@@3@$0A@@std@@@std@@IAE?AV?$_Tree_iterator@V?$_Tree_val@U?$_Tree_simple_types@U?$pair@$$CBHVdeviceStatusOnHost@@@std@@@std@@@std@@@1@_NPAU?$_Tree_node@U?$pair@$$CBHVdeviceStatusOnHost@@@std@@PAX@1@AAU?$pair@$$CBHVdeviceStatusOnHost@@@1@1@Z 0040fff0 f i deviceStatus.obj
 0001:0000f200       ??$_Insert_nohint@AAU?$pair@$$CBHVdeviceStatusOnHost@@@std@@PAU?$_Tree_node@U?$pair@$$CBHVdeviceStatusOnHost@@@std@@PAX@2@@?$_Tree@V?$_Tmap_traits@HVdeviceStatusOnHost@@U?$less@H@std@@V?$allocator@U?$pair@$$CBHVdeviceStatusOnHost@@@std@@@3@$0A@@std@@@std@@IAE?AU?$pair@V?$_Tree_iterator@V?$_Tree_val@U?$_Tree_simple_types@U?$pair@$$CBHVdeviceStatusOnHost@@@std@@@std@@@std@@@std@@_N@1@_NAAU?$pair@$$CBHVdeviceStatusOnHost@@@1@PAU?$_Tree_node@U?$pair@$$CBHVdeviceStatusOnHost@@@std@@PAX@1@@Z 00410200 f i deviceStatus.obj
 0001:0000f320       ??0deviceStatus@@QAE@H@Z   00410320 f   deviceStatus.obj
 0001:0000f360       ??1deviceStatus@@UAE@XZ    00410360 f   deviceStatus.obj
 0001:0000f390       ??F?$_Tree_unchecked_const_iterator@V?$_Tree_val@U?$_Tree_simple_types@U?$pair@$$CBHVdeviceStatusOnHost@@@std@@@std@@@std@@U_Iterator_base0@2@@std@@QAEAAV01@XZ 00410390 f i deviceStatus.obj
 0001:0000f390       ??F?$_Tree_unchecked_const_iterator@V?$_Tree_val@U?$_Tree_simple_types@U?$pair@$$CBKVdriver@@@std@@@std@@@std@@U_Iterator_base0@2@@std@@QAEAAV01@XZ 00410390 f i bncs_csi.obj
 0001:0000f390       ??F?$_Tree_unchecked_const_iterator@V?$_Tree_val@U?$_Tree_simple_types@U?$pair@$$CBHV?$basic_string@DU?$char_traits@D@std@@V?$allocator@D@2@@std@@@std@@@std@@@std@@U_Iterator_base0@2@@std@@QAEAAV01@XZ 00410390 f i database.obj
 0001:0000f390       ??F?$_Tree_unchecked_const_iterator@V?$_Tree_val@U?$_Tree_simple_types@U?$pair@$$CBKVdeviceStatus@@@std@@@std@@@std@@U_Iterator_base0@2@@std@@QAEAAV01@XZ 00410390 f i bncs_csi.obj
 0001:0000f390       ??F?$_Tree_unchecked_const_iterator@V?$_Tree_val@U?$_Tree_simple_types@VclientIPC@@@std@@@std@@U_Iterator_base0@2@@std@@QAEAAV01@XZ 00410390 f i messageWindow.obj
 0001:0000f390       ??F?$_Tree_unchecked_const_iterator@V?$_Tree_val@U?$_Tree_simple_types@U?$pair@$$CBKVworkstationStatus@@@std@@@std@@@std@@U_Iterator_base0@2@@std@@QAEAAV01@XZ 00410390 f i bncs_csi.obj
 0001:0000f390       ??F?$_Tree_unchecked_const_iterator@V?$_Tree_val@U?$_Tree_simple_types@U?$pair@$$CBIVdriverIPC@@@std@@@std@@@std@@U_Iterator_base0@2@@std@@QAEAAV01@XZ 00410390 f i messageWindow.obj
 0001:0000f390       ??F?$_Tree_unchecked_const_iterator@V?$_Tree_val@U?$_Tree_simple_types@K@std@@@std@@U_Iterator_base0@2@@std@@QAEAAV01@XZ 00410390 f i bncs_csi.obj
 0001:0000f390       ??F?$_Tree_unchecked_const_iterator@V?$_Tree_val@U?$_Tree_simple_types@U?$pair@$$CBHPAVdatabase@@@std@@@std@@@std@@U_Iterator_base0@2@@std@@QAEAAV01@XZ 00410390 f i databaseMgr.obj
 0001:0000f3f0       ?decrementTimeout@deviceStatus@@QAE_NH@Z 004103f0 f   deviceStatus.obj
 0001:0000f480       ?device@deviceStatus@@QBEHXZ 00410480 f   deviceStatus.obj
 0001:0000f490       ?deviceUpdate@deviceStatus@@QAE_NHHH@Z 00410490 f   deviceStatus.obj
 0001:0000f5d0       ?hosts@deviceStatus@@QBEHXZ 004105d0 f   deviceStatus.obj
 0001:0000f5e0       ?status@deviceStatus@@QBEXAAV?$list@VdeviceStatusOnHost@@V?$allocator@VdeviceStatusOnHost@@@std@@@std@@@Z 004105e0 f   deviceStatus.obj
 0001:0000f690       ?domainFromOspl@@YAHH@Z    00410690 f   domainFromOspl.obj
 0001:0000f940       ??0initializer@?A0x81f7e962@@QAE@XZ 00410940 f i qrc_bncs_csi.obj
 0001:0000f950       ?metaObject@bncs_csi@@UBEPBUQMetaObject@@XZ 00410950 f   moc_bncs_csi.obj
 0001:0000f970       ?qt_metacall@bncs_csi@@UAEHW4Call@QMetaObject@@HPAPAX@Z 00410970 f   moc_bncs_csi.obj
 0001:0000f9e0       ?qt_metacast@bncs_csi@@UAEPAXPBD@Z 004109e0 f   moc_bncs_csi.obj
 0001:0000fb40       ?qt_static_metacall@bncs_csi@@CAXPAVQObject@@W4Call@QMetaObject@@HPAPAX@Z 00410b40 f   moc_bncs_csi.obj
 0001:0000fc70       ?sigReconcileTxRxStates@bncs_csi@@QAEXI@Z 00410c70 f   moc_bncs_csi.obj
 0001:0000fca0       ?sigRemoveDriverFromUI@bncs_csi@@QAEXI@Z 00410ca0 f   moc_bncs_csi.obj
 0001:0000fcd0       ?log@messageWindow@@QAEXABVQString@@@Z 00410cd0 f   moc_messageWindow.obj
 0001:0000fd00       ?logError@messageWindow@@QAEXABVQString@@@Z 00410d00 f   moc_messageWindow.obj
 0001:0000fd30       ?metaObject@messageWindow@@UBEPBUQMetaObject@@XZ 00410d30 f   moc_messageWindow.obj
 0001:0000fd50       ?qt_metacall@messageWindow@@UAEHW4Call@QMetaObject@@HPAPAX@Z 00410d50 f   moc_messageWindow.obj
 0001:0000fdc0       ?qt_metacast@messageWindow@@UAEPAXPBD@Z 00410dc0 f   moc_messageWindow.obj
 0001:0000fe20       ?qt_static_metacall@messageWindow@@CAXPAVQObject@@W4Call@QMetaObject@@HPAPAX@Z 00410e20 f   moc_messageWindow.obj
 0001:0000feb0       _main                      00410eb0 f   main.obj
 0001:00010120       ??$_Buynode@AAU?$pair@$$CBIVdriverIPC@@@std@@@?$_Tree_buy@U?$pair@$$CBIVdriverIPC@@@std@@V?$allocator@U?$pair@$$CBIVdriverIPC@@@std@@@2@@std@@QAEPAU?$_Tree_node@U?$pair@$$CBIVdriverIPC@@@std@@PAX@1@AAU?$pair@$$CBIVdriverIPC@@@1@@Z 00411120 f i messageWindow.obj
 0001:00010150       ??$_Buynode@AAVclientIPC@@@?$_Tree_buy@VclientIPC@@V?$allocator@VclientIPC@@@std@@@std@@QAEPAU?$_Tree_node@VclientIPC@@PAX@1@AAVclientIPC@@@Z 00411150 f i messageWindow.obj
 0001:00010150       ??$_Buynode@AAU?$pair@$$CBHVdeviceStatusOnHost@@@std@@@?$_Tree_buy@U?$pair@$$CBHVdeviceStatusOnHost@@@std@@V?$allocator@U?$pair@$$CBHVdeviceStatusOnHost@@@std@@@2@@std@@QAEPAU?$_Tree_node@U?$pair@$$CBHVdeviceStatusOnHost@@@std@@PAX@1@AAU?$pair@$$CBHVdeviceStatusOnHost@@@1@@Z 00411150 f i bncs_csi.obj
 0001:00010150       ??$_Buynode@ABVclientIPC@@@?$_Tree_buy@VclientIPC@@V?$allocator@VclientIPC@@@std@@@std@@QAEPAU?$_Tree_node@VclientIPC@@PAX@1@ABVclientIPC@@@Z 00411150 f i messageWindow.obj
 0001:00010180       ??$_Buynode@U?$pair@HVdriverIPC@@@std@@@?$_Tree_buy@U?$pair@$$CBIVdriverIPC@@@std@@V?$allocator@U?$pair@$$CBIVdriverIPC@@@std@@@2@@std@@QAEPAU?$_Tree_node@U?$pair@$$CBIVdriverIPC@@@std@@PAX@1@$$QAU?$pair@HVdriverIPC@@@1@@Z 00411180 f i messageWindow.obj
 0001:000101c0       ??$_Copy@U?$integral_constant@_N$0A@@std@@@?$_Tree@V?$_Tmap_traits@IVdriverIPC@@U?$less@I@std@@V?$allocator@U?$pair@$$CBIVdriverIPC@@@std@@@3@$0A@@std@@@std@@IAEXABV01@U?$integral_constant@_N$0A@@1@@Z 004111c0 f i messageWindow.obj
 0001:00010240       ??$_Copy_nodes@U?$integral_constant@_N$0A@@std@@@?$_Tree@V?$_Tmap_traits@IVdriverIPC@@U?$less@I@std@@V?$allocator@U?$pair@$$CBIVdriverIPC@@@std@@@3@$0A@@std@@@std@@IAEPAU?$_Tree_node@U?$pair@$$CBIVdriverIPC@@@std@@PAX@1@PAU21@0U?$integral_constant@_N$0A@@1@@Z 00411240 f i messageWindow.obj
 0001:00010300       ??$_Insert_at@AAU?$pair@$$CBIVdriverIPC@@@std@@PAU?$_Tree_node@U?$pair@$$CBIVdriverIPC@@@std@@PAX@2@@?$_Tree@V?$_Tmap_traits@IVdriverIPC@@U?$less@I@std@@V?$allocator@U?$pair@$$CBIVdriverIPC@@@std@@@3@$0A@@std@@@std@@IAE?AV?$_Tree_iterator@V?$_Tree_val@U?$_Tree_simple_types@U?$pair@$$CBIVdriverIPC@@@std@@@std@@@std@@@1@_NPAU?$_Tree_node@U?$pair@$$CBIVdriverIPC@@@std@@PAX@1@AAU?$pair@$$CBIVdriverIPC@@@1@1@Z 00411300 f i messageWindow.obj
 0001:00010510       ??$_Insert_at@ABVclientIPC@@U_Nil@std@@@?$_Tree@V?$_Tset_traits@VclientIPC@@U?$less@VclientIPC@@@std@@V?$allocator@VclientIPC@@@3@$0A@@std@@@std@@IAE?AV?$_Tree_const_iterator@V?$_Tree_val@U?$_Tree_simple_types@VclientIPC@@@std@@@std@@@1@_NPAU?$_Tree_node@VclientIPC@@PAX@1@ABVclientIPC@@U_Nil@1@@Z 00411510 f i messageWindow.obj
 0001:00010710       ??$_Insert_nohint@AAU?$pair@$$CBIVdriverIPC@@@std@@PAU?$_Tree_node@U?$pair@$$CBIVdriverIPC@@@std@@PAX@2@@?$_Tree@V?$_Tmap_traits@IVdriverIPC@@U?$less@I@std@@V?$allocator@U?$pair@$$CBIVdriverIPC@@@std@@@3@$0A@@std@@@std@@IAE?AU?$pair@V?$_Tree_iterator@V?$_Tree_val@U?$_Tree_simple_types@U?$pair@$$CBIVdriverIPC@@@std@@@std@@@std@@@std@@_N@1@_NAAU?$pair@$$CBIVdriverIPC@@@1@PAU?$_Tree_node@U?$pair@$$CBIVdriverIPC@@@std@@PAX@1@@Z 00411710 f i messageWindow.obj
 0001:00010830       ??$_Insert_nohint@ABVclientIPC@@U_Nil@std@@@?$_Tree@V?$_Tset_traits@VclientIPC@@U?$less@VclientIPC@@@std@@V?$allocator@VclientIPC@@@3@$0A@@std@@@std@@IAE?AU?$pair@V?$_Tree_const_iterator@V?$_Tree_val@U?$_Tree_simple_types@VclientIPC@@@std@@@std@@@std@@_N@1@_NABVclientIPC@@U_Nil@1@@Z 00411830 f i messageWindow.obj
 0001:00010940       ??0?$_Tree@V?$_Tmap_traits@IVdriverIPC@@U?$less@I@std@@V?$allocator@U?$pair@$$CBIVdriverIPC@@@std@@@3@$0A@@std@@@std@@QAE@ABV01@ABV?$allocator@U?$pair@$$CBIVdriverIPC@@@std@@@1@@Z 00411940 f i messageWindow.obj
 0001:000109e0       ??0messageWindow@@QAE@PAVmessageWindowCallback@@PAUHINSTANCE__@@PADH@Z 004119e0 f   messageWindow.obj
 0001:00010bb0       ??1?$_Tree_comp@$0A@V?$_Tset_traits@VclientIPC@@U?$less@VclientIPC@@@std@@V?$allocator@VclientIPC@@@3@$0A@@std@@@std@@QAE@XZ 00411bb0 f i messageWindow.obj
 0001:00010bb0       ??1?$_Tree_comp@$0A@V?$_Tmap_traits@HVdeviceStatusOnHost@@U?$less@H@std@@V?$allocator@U?$pair@$$CBHVdeviceStatusOnHost@@@std@@@3@$0A@@std@@@std@@QAE@XZ 00411bb0 f i bncs_csi.obj
 0001:00010bb0       ??1?$_Tree_comp@$0A@V?$_Tmap_traits@IVdriverIPC@@U?$less@I@std@@V?$allocator@U?$pair@$$CBIVdriverIPC@@@std@@@3@$0A@@std@@@std@@QAE@XZ 00411bb0 f i messageWindow.obj
 0001:00010bc0       ??1messageWindow@@UAE@XZ   00411bc0 f   messageWindow.obj
 0001:00010fe0       ??_GmessageWindow@@UAEPAXI@Z 00411fe0 f i messageWindow.obj
 0001:00010fe0       ??_EmessageWindow@@UAEPAXI@Z 00411fe0 f i messageWindow.obj
 0001:00011010       ?InitInstance@messageWindow@@AAEHPAUHINSTANCE__@@H@Z 00412010 f   messageWindow.obj
 0001:00011080       ?WndProc@@YGJPAUHWND__@@IIJ@Z 00412080 f   messageWindow.obj
 0001:000132c0       ?_Buyheadnode@?$_Tree_alloc@$0A@U?$_Tree_base_types@U?$pair@$$CBIVdriverIPC@@@std@@V?$allocator@U?$pair@$$CBIVdriverIPC@@@std@@@2@@std@@@std@@QAEPAU?$_Tree_node@U?$pair@$$CBIVdriverIPC@@@std@@PAX@2@XZ 004142c0 f i messageWindow.obj
 0001:000132f0       ?_Buynode0@?$_Tree_buy@U?$pair@$$CBIVdriverIPC@@@std@@V?$allocator@U?$pair@$$CBIVdriverIPC@@@std@@@2@@std@@QAEPAU?$_Tree_node@U?$pair@$$CBIVdriverIPC@@@std@@PAX@2@XZ 004142f0 f i messageWindow.obj
 0001:00013330       ?_Buynode0@?$_Tree_buy@U?$pair@$$CBHVdeviceStatusOnHost@@@std@@V?$allocator@U?$pair@$$CBHVdeviceStatusOnHost@@@std@@@2@@std@@QAEPAU?$_Tree_node@U?$pair@$$CBHVdeviceStatusOnHost@@@std@@PAX@2@XZ 00414330 f i bncs_csi.obj
 0001:00013330       ?_Buynode0@?$_Tree_buy@VclientIPC@@V?$allocator@VclientIPC@@@std@@@std@@QAEPAU?$_Tree_node@VclientIPC@@PAX@2@XZ 00414330 f i messageWindow.obj
 0001:00013370       ?_Lrotate@?$_Tree@V?$_Tset_traits@VclientIPC@@U?$less@VclientIPC@@@std@@V?$allocator@VclientIPC@@@3@$0A@@std@@@std@@IAEXPAU?$_Tree_node@VclientIPC@@PAX@2@@Z 00414370 f i messageWindow.obj
 0001:00013370       ?_Lrotate@?$_Tree@V?$_Tmap_traits@KVworkstationStatus@@U?$less@K@std@@V?$allocator@U?$pair@$$CBKVworkstationStatus@@@std@@@3@$0A@@std@@@std@@IAEXPAU?$_Tree_node@U?$pair@$$CBKVworkstationStatus@@@std@@PAX@2@@Z 00414370 f i bncs_csi.obj
 0001:00013370       ?_Lrotate@?$_Tree@V?$_Tmap_traits@KVdriver@@U?$less@K@std@@V?$allocator@U?$pair@$$CBKVdriver@@@std@@@3@$0A@@std@@@std@@IAEXPAU?$_Tree_node@U?$pair@$$CBKVdriver@@@std@@PAX@2@@Z 00414370 f i bncs_csi.obj
 0001:00013370       ?_Lrotate@?$_Tree@V?$_Tmap_traits@KVdeviceStatus@@U?$less@K@std@@V?$allocator@U?$pair@$$CBKVdeviceStatus@@@std@@@3@$0A@@std@@@std@@IAEXPAU?$_Tree_node@U?$pair@$$CBKVdeviceStatus@@@std@@PAX@2@@Z 00414370 f i bncs_csi.obj
 0001:00013370       ?_Lrotate@?$_Tree@V?$_Tmap_traits@IVdriverIPC@@U?$less@I@std@@V?$allocator@U?$pair@$$CBIVdriverIPC@@@std@@@3@$0A@@std@@@std@@IAEXPAU?$_Tree_node@U?$pair@$$CBIVdriverIPC@@@std@@PAX@2@@Z 00414370 f i messageWindow.obj
 0001:00013370       ?_Lrotate@?$_Tree@V?$_Tmap_traits@HV?$basic_string@DU?$char_traits@D@std@@V?$allocator@D@2@@std@@U?$less@H@2@V?$allocator@U?$pair@$$CBHV?$basic_string@DU?$char_traits@D@std@@V?$allocator@D@2@@std@@@std@@@2@$0A@@std@@@std@@IAEXPAU?$_Tree_node@U?$pair@$$CBHV?$basic_string@DU?$char_traits@D@std@@V?$allocator@D@2@@std@@@std@@PAX@2@@Z 00414370 f i database.obj
 0001:00013370       ?_Lrotate@?$_Tree@V?$_Tmap_traits@HVdeviceStatusOnHost@@U?$less@H@std@@V?$allocator@U?$pair@$$CBHVdeviceStatusOnHost@@@std@@@3@$0A@@std@@@std@@IAEXPAU?$_Tree_node@U?$pair@$$CBHVdeviceStatusOnHost@@@std@@PAX@2@@Z 00414370 f i bncs_csi.obj
 0001:00013370       ?_Lrotate@?$_Tree@V?$_Tset_traits@KU?$less@K@std@@V?$allocator@K@2@$0A@@std@@@std@@IAEXPAU?$_Tree_node@KPAX@2@@Z 00414370 f i bncs_csi.obj
 0001:00013370       ?_Lrotate@?$_Tree@V?$_Tmap_traits@HPAVdatabase@@U?$less@H@std@@V?$allocator@U?$pair@$$CBHPAVdatabase@@@std@@@3@$0A@@std@@@std@@IAEXPAU?$_Tree_node@U?$pair@$$CBHPAVdatabase@@@std@@PAX@2@@Z 00414370 f i databaseMgr.obj
 0001:000133d0       ?_Rrotate@?$_Tree@V?$_Tmap_traits@HPAVdatabase@@U?$less@H@std@@V?$allocator@U?$pair@$$CBHPAVdatabase@@@std@@@3@$0A@@std@@@std@@IAEXPAU?$_Tree_node@U?$pair@$$CBHPAVdatabase@@@std@@PAX@2@@Z 004143d0 f i databaseMgr.obj
 0001:000133d0       ?_Rrotate@?$_Tree@V?$_Tmap_traits@KVworkstationStatus@@U?$less@K@std@@V?$allocator@U?$pair@$$CBKVworkstationStatus@@@std@@@3@$0A@@std@@@std@@IAEXPAU?$_Tree_node@U?$pair@$$CBKVworkstationStatus@@@std@@PAX@2@@Z 004143d0 f i bncs_csi.obj
 0001:000133d0       ?_Rrotate@?$_Tree@V?$_Tmap_traits@HV?$basic_string@DU?$char_traits@D@std@@V?$allocator@D@2@@std@@U?$less@H@2@V?$allocator@U?$pair@$$CBHV?$basic_string@DU?$char_traits@D@std@@V?$allocator@D@2@@std@@@std@@@2@$0A@@std@@@std@@IAEXPAU?$_Tree_node@U?$pair@$$CBHV?$basic_string@DU?$char_traits@D@std@@V?$allocator@D@2@@std@@@std@@PAX@2@@Z 004143d0 f i database.obj
 0001:000133d0       ?_Rrotate@?$_Tree@V?$_Tset_traits@VclientIPC@@U?$less@VclientIPC@@@std@@V?$allocator@VclientIPC@@@3@$0A@@std@@@std@@IAEXPAU?$_Tree_node@VclientIPC@@PAX@2@@Z 004143d0 f i messageWindow.obj
 0001:000133d0       ?_Rrotate@?$_Tree@V?$_Tmap_traits@KVdriver@@U?$less@K@std@@V?$allocator@U?$pair@$$CBKVdriver@@@std@@@3@$0A@@std@@@std@@IAEXPAU?$_Tree_node@U?$pair@$$CBKVdriver@@@std@@PAX@2@@Z 004143d0 f i bncs_csi.obj
 0001:000133d0       ?_Rrotate@?$_Tree@V?$_Tmap_traits@HVdeviceStatusOnHost@@U?$less@H@std@@V?$allocator@U?$pair@$$CBHVdeviceStatusOnHost@@@std@@@3@$0A@@std@@@std@@IAEXPAU?$_Tree_node@U?$pair@$$CBHVdeviceStatusOnHost@@@std@@PAX@2@@Z 004143d0 f i bncs_csi.obj
 0001:000133d0       ?_Rrotate@?$_Tree@V?$_Tmap_traits@IVdriverIPC@@U?$less@I@std@@V?$allocator@U?$pair@$$CBIVdriverIPC@@@std@@@3@$0A@@std@@@std@@IAEXPAU?$_Tree_node@U?$pair@$$CBIVdriverIPC@@@std@@PAX@2@@Z 004143d0 f i messageWindow.obj
 0001:000133d0       ?_Rrotate@?$_Tree@V?$_Tset_traits@KU?$less@K@std@@V?$allocator@K@2@$0A@@std@@@std@@IAEXPAU?$_Tree_node@KPAX@2@@Z 004143d0 f i bncs_csi.obj
 0001:000133d0       ?_Rrotate@?$_Tree@V?$_Tmap_traits@KVdeviceStatus@@U?$less@K@std@@V?$allocator@U?$pair@$$CBKVdeviceStatus@@@std@@@3@$0A@@std@@@std@@IAEXPAU?$_Tree_node@U?$pair@$$CBKVdeviceStatus@@@std@@PAX@2@@Z 004143d0 f i bncs_csi.obj
 0001:00013430       ?addClient@messageWindow@@AAEXPAUHWND__@@W4messagingScheme@clientIPC@@@Z 00414430 f   messageWindow.obj
 0001:000134a0       ?cacheClear@messageWindow@@QAEXXZ 004144a0 f   messageWindow.obj
 0001:000134d0       ?checkClientAlive@messageWindow@@AAEXABVclientIPC@@@Z 004144d0 f   messageWindow.obj
 0001:00013620       ?checkDriverAlive@messageWindow@@AAEXABVdriverIPC@@@Z 00414620 f   messageWindow.obj
 0001:00013780       ?clientDeviceMessage@messageWindow@@QAEXIIABVQString@@III@Z 00414780 f   messageWindow.obj
 0001:00013990       ?clientGpiRevertive@messageWindow@@QAEXII_NI@Z 00414990 f   messageWindow.obj
 0001:00013b80       ?clientInfoRevertive@messageWindow@@QAEXIIABVQString@@I@Z 00414b80 f   messageWindow.obj
 0001:00013d70       ?clientRouterModify@messageWindow@@QAEXPAUHWND__@@IIIABVQString@@I@Z 00414d70 f   messageWindow.obj
 0001:00014170       ?clientRouterRevertive@messageWindow@@QAEXIIHI@Z 00415170 f   messageWindow.obj
 0001:000143b0       ?customEvent@messageWindow@@EAEXPAVQEvent@@@Z 004153b0 f   messageWindow.obj
 0001:00014670       ?databaseClear@messageWindow@@QAEXI@Z 00415670 f   messageWindow.obj
 0001:00014680       ?databasesLoaded@messageWindow@@QAEIXZ 00415680 f   messageWindow.obj
 0001:00014690       ?deleteClient@messageWindow@@AAEXPAUHWND__@@@Z 00415690 f   messageWindow.obj
 0001:000146e0       ?deleteDriverByDevice@messageWindow@@QAEXI@Z 004156e0 f   messageWindow.obj
 0001:000147c0       ?deleteDriverByHWND@messageWindow@@AAEXPAUHWND__@@_N@Z 004157c0 f   messageWindow.obj
 0001:000148a0       ?devicesCached@messageWindow@@QAEIXZ 004158a0 f   messageWindow.obj
 0001:000148d0       ?driverDeviceInUse@messageWindow@@QAEXII@Z 004158d0 f   messageWindow.obj
 0001:00014940       ?driverDeviceMessage@messageWindow@@QAEXIIABVQString@@III@Z 00415940 f   messageWindow.obj
 0001:00014ae0       ?driverGoTxRx@messageWindow@@QAEXI@Z 00415ae0 f   messageWindow.obj
 0001:00014b50       ?driverGpiLock@messageWindow@@QAEXIIIII@Z 00415b50 f   messageWindow.obj
 0001:00014cc0       ?driverGpiPoll@messageWindow@@QAEXIIII@Z 00415cc0 f   messageWindow.obj
 0001:00014e30       ?driverGpiSwitch@messageWindow@@QAEXIIII@Z 00415e30 f   messageWindow.obj
 0001:00014f80       ?driverInfoLock@messageWindow@@QAEXIIIII@Z 00415f80 f   messageWindow.obj
 0001:000150f0       ?driverInfoPoll@messageWindow@@QAEXIIII@Z 004160f0 f   messageWindow.obj
 0001:00015240       ?driverInfoWrite@messageWindow@@QAEXIIABVQString@@I@Z 00416240 f   messageWindow.obj
 0001:000153e0       ?driverInquireGoTxRx@messageWindow@@QAE_NI@Z 004163e0 f   messageWindow.obj
 0001:00015470       ?driverRequestGoRxOnly@messageWindow@@QAE_NII_N@Z 00416470 f   messageWindow.obj
 0001:00015520       ?driverRequestTxRx@messageWindow@@QAE_NI@Z 00416520 f   messageWindow.obj
 0001:000155b0       ?driverRouterCrosspoint@messageWindow@@QAEXIIIABVQString@@I@Z 004165b0 f   messageWindow.obj
 0001:00015750       ?driverRouterLock@messageWindow@@QAEXIIIII@Z 00416750 f   messageWindow.obj
 0001:000158c0       ?driverRouterModify@messageWindow@@QAEXPAUHWND__@@IIIABVQString@@I@Z 004168c0 f   messageWindow.obj
 0001:00015ae0       ?driverRouterPoll@messageWindow@@QAEXIIII@Z 00416ae0 f   messageWindow.obj
 0001:00015c50       ?find@?$_Tree@V?$_Tmap_traits@IVdriverIPC@@U?$less@I@std@@V?$allocator@U?$pair@$$CBIVdriverIPC@@@std@@@3@$0A@@std@@@std@@QAE?AV?$_Tree_iterator@V?$_Tree_val@U?$_Tree_simple_types@U?$pair@$$CBIVdriverIPC@@@std@@@std@@@std@@@2@ABI@Z 00416c50 f i messageWindow.obj
 0001:00015c50       ?find@?$_Tree@V?$_Tmap_traits@KVdriver@@U?$less@K@std@@V?$allocator@U?$pair@$$CBKVdriver@@@std@@@3@$0A@@std@@@std@@QAE?AV?$_Tree_iterator@V?$_Tree_val@U?$_Tree_simple_types@U?$pair@$$CBKVdriver@@@std@@@std@@@std@@@2@ABK@Z 00416c50 f i bncs_csi.obj
 0001:00015ca0       ?removeClient@messageWindow@@AAEXPAUHWND__@@@Z 00416ca0 f   messageWindow.obj
 0001:00015d60       ??0singleReg@@QAE@VclientIPC@@H@Z 00416d60 f   singleReg.obj
 0001:00015dc0       ??_EsingleReg@@UAEPAXI@Z   00416dc0 f i singleReg.obj
 0001:00015dc0       ??_GsingleReg@@UAEPAXI@Z   00416dc0 f i singleReg.obj
 0001:00015df0       ?addRegistration@singleReg@@QAEXHH@Z 00416df0 f   singleReg.obj
 0001:00015e60       ?client@singleReg@@QBE?AVclientIPC@@XZ 00416e60 f   singleReg.obj
 0001:00015e80       ?device@singleReg@@QBEHXZ  00416e80 f   singleReg.obj
 0001:00015e90       ?hasAnyRegistrations@singleReg@@QBE_NXZ 00416e90 f   singleReg.obj
 0001:00015eb0       ?isRegistered@singleReg@@QBE_NH@Z 00416eb0 f   singleReg.obj
 0001:00015f00       ?removeAllRegistration@singleReg@@QAEXXZ 00416f00 f   singleReg.obj
 0001:00015f20       ?removeRegistration@singleReg@@QAEXHH@Z 00416f20 f   singleReg.obj
 0001:00015f90       ??0bncs_disklog@@QAE@PBDW4filetype@0@@Z 00416f90 f   bncs_disklog:bncs_disklog.obj
 0001:00015fc0       ??1bncs_disklog@@UAE@XZ    00416fc0 f   bncs_disklog:bncs_disklog.obj
 0001:00015fd0       ??_Gbncs_disklog@@UAEPAXI@Z 00416fd0 f i bncs_disklog:bncs_disklog.obj
 0001:00015fd0       ??_Ebncs_disklog@@UAEPAXI@Z 00416fd0 f i bncs_disklog:bncs_disklog.obj
 0001:00016000       ?cleanup@bncs_disklog@@AAEXXZ 00417000 f   bncs_disklog:bncs_disklog.obj
 0001:00016020       ?createDirectory@bncs_disklog@@AAEXPBD@Z 00417020 f   bncs_disklog:bncs_disklog.obj
 0001:00016120       ?initVars@bncs_disklog@@AAEXXZ 00417120 f   bncs_disklog:bncs_disklog.obj
 0001:00016140       ?openLogFile@bncs_disklog@@AAEXPBDW4filetype@1@@Z 00417140 f   bncs_disklog:bncs_disklog.obj
 0001:00016370       ?write@bncs_disklog@@QAEXPBD00000@Z 00417370 f   bncs_disklog:bncs_disklog.obj
 0001:000165a0       ??0cBncsVersion@@QAE@PBD@Z 004175a0 f   BncsVersionInfo:cBncsVersion.obj
 0001:00016bc0       ??1cBncsVersion@@UAE@XZ    00417bc0 f   BncsVersionInfo:cBncsVersion.obj
 0001:00016ca0       ??_GcBncsVersion@@UAEPAXI@Z 00417ca0 f i BncsVersionInfo:cBncsVersion.obj
 0001:00016ca0       ??_EcBncsVersion@@UAEPAXI@Z 00417ca0 f i BncsVersionInfo:cBncsVersion.obj
 0001:00016cd0       _BNCS32ReceiveMessage      00417cd0 f   bncswm32:BncsWM32.obj
 0001:00016e20       _BNCS32SendMessage         00417e20 f   bncswm32:BncsWM32.obj
 0001:00016ef4       ?childEvent@QObject@@MAEXPAVQChildEvent@@@Z 00417ef4 f   Qt5Core:Qt5Core.dll
 0001:00016efa       ?connectNotify@QObject@@MAEXABVQMetaMethod@@@Z 00417efa f   Qt5Core:Qt5Core.dll
 0001:00016f00       ?customEvent@QObject@@MAEXPAVQEvent@@@Z 00417f00 f   Qt5Core:Qt5Core.dll
 0001:00016f06       ?disconnectNotify@QObject@@MAEXABVQMetaMethod@@@Z 00417f06 f   Qt5Core:Qt5Core.dll
 0001:00016f0c       ?event@QObject@@UAE_NPAVQEvent@@@Z 00417f0c f   Qt5Core:Qt5Core.dll
 0001:00016f12       ?eventFilter@QObject@@UAE_NPAV1@PAVQEvent@@@Z 00417f12 f   Qt5Core:Qt5Core.dll
 0001:00016f18       ?timerEvent@QObject@@MAEXPAVQTimerEvent@@@Z 00417f18 f   Qt5Core:Qt5Core.dll
 0001:00016f1e       ??MQTreeWidgetItem@@UBE_NABV0@@Z 00417f1e f   Qt5Widgets:Qt5Widgets.dll
 0001:00016f24       ?actionEvent@QMenu@@MAEXPAVQActionEvent@@@Z 00417f24 f   Qt5Widgets:Qt5Widgets.dll
 0001:00016f2a       ?actionEvent@QMenuBar@@MAEXPAVQActionEvent@@@Z 00417f2a f   Qt5Widgets:Qt5Widgets.dll
 0001:00016f30       ?actionEvent@QToolBar@@MAEXPAVQActionEvent@@@Z 00417f30 f   Qt5Widgets:Qt5Widgets.dll
 0001:00016f36       ?actionEvent@QWidget@@MAEXPAVQActionEvent@@@Z 00417f36 f   Qt5Widgets:Qt5Widgets.dll
 0001:00016f3c       ?addItem@QBoxLayout@@UAEXPAVQLayoutItem@@@Z 00417f3c f   Qt5Widgets:Qt5Widgets.dll
 0001:00016f42       ?changeEvent@QFrame@@MAEXPAVQEvent@@@Z 00417f42 f   Qt5Widgets:Qt5Widgets.dll
 0001:00016f48       ?changeEvent@QGroupBox@@MAEXPAVQEvent@@@Z 00417f48 f   Qt5Widgets:Qt5Widgets.dll
 0001:00016f4e       ?changeEvent@QLabel@@MAEXPAVQEvent@@@Z 00417f4e f   Qt5Widgets:Qt5Widgets.dll
 0001:00016f54       ?changeEvent@QMenu@@MAEXPAVQEvent@@@Z 00417f54 f   Qt5Widgets:Qt5Widgets.dll
 0001:00016f5a       ?changeEvent@QMenuBar@@MAEXPAVQEvent@@@Z 00417f5a f   Qt5Widgets:Qt5Widgets.dll
 0001:00016f60       ?changeEvent@QSplitter@@MAEXPAVQEvent@@@Z 00417f60 f   Qt5Widgets:Qt5Widgets.dll
 0001:00016f66       ?changeEvent@QToolBar@@MAEXPAVQEvent@@@Z 00417f66 f   Qt5Widgets:Qt5Widgets.dll
 0001:00016f6c       ?changeEvent@QWidget@@MAEXPAVQEvent@@@Z 00417f6c f   Qt5Widgets:Qt5Widgets.dll
 0001:00016f72       ?childEvent@QGroupBox@@MAEXPAVQChildEvent@@@Z 00417f72 f   Qt5Widgets:Qt5Widgets.dll
 0001:00016f78       ?childEvent@QLayout@@MAEXPAVQChildEvent@@@Z 00417f78 f   Qt5Widgets:Qt5Widgets.dll
 0001:00016f7e       ?childEvent@QSplitter@@MAEXPAVQChildEvent@@@Z 00417f7e f   Qt5Widgets:Qt5Widgets.dll
 0001:00016f84       ?clone@QTreeWidgetItem@@UBEPAV1@XZ 00417f84 f   Qt5Widgets:Qt5Widgets.dll
 0001:00016f8a       ?closeEditor@QAbstractItemView@@MAEXPAVQWidget@@W4EndEditHint@QAbstractItemDelegate@@@Z 00417f8a f   Qt5Widgets:Qt5Widgets.dll
 0001:00016f90       ?closeEvent@QWidget@@MAEXPAVQCloseEvent@@@Z 00417f90 f   Qt5Widgets:Qt5Widgets.dll
 0001:00016f96       ?commitData@QAbstractItemView@@MAEXPAVQWidget@@@Z 00417f96 f   Qt5Widgets:Qt5Widgets.dll
 0001:00016f9c       ?contextMenuEvent@QAbstractScrollArea@@MAEXPAVQContextMenuEvent@@@Z 00417f9c f   Qt5Widgets:Qt5Widgets.dll
 0001:00016fa2       ?contextMenuEvent@QLabel@@MAEXPAVQContextMenuEvent@@@Z 00417fa2 f   Qt5Widgets:Qt5Widgets.dll
 0001:00016fa8       ?contextMenuEvent@QMainWindow@@MAEXPAVQContextMenuEvent@@@Z 00417fa8 f   Qt5Widgets:Qt5Widgets.dll
 0001:00016fae       ?contextMenuEvent@QWidget@@MAEXPAVQContextMenuEvent@@@Z 00417fae f   Qt5Widgets:Qt5Widgets.dll
 0001:00016fb4       ?controlTypes@QLayout@@UBE?AV?$QFlags@W4ControlType@QSizePolicy@@@@XZ 00417fb4 f   Qt5Widgets:Qt5Widgets.dll
 0001:00016fba       ?controlTypes@QLayoutItem@@UBE?AV?$QFlags@W4ControlType@QSizePolicy@@@@XZ 00417fba f   Qt5Widgets:Qt5Widgets.dll
 0001:00016fc0       ?count@QBoxLayout@@UBEHXZ  00417fc0 f   Qt5Widgets:Qt5Widgets.dll
 0001:00016fc6       ?createHandle@QSplitter@@MAEPAVQSplitterHandle@@XZ 00417fc6 f   Qt5Widgets:Qt5Widgets.dll
 0001:00016fcc       ?createPopupMenu@QMainWindow@@UAEPAVQMenu@@XZ 00417fcc f   Qt5Widgets:Qt5Widgets.dll
 0001:00016fd2       ?currentChanged@QTreeView@@MAEXABVQModelIndex@@0@Z 00417fd2 f   Qt5Widgets:Qt5Widgets.dll
 0001:00016fd8       ?data@QTreeWidgetItem@@UBE?AVQVariant@@HH@Z 00417fd8 f   Qt5Widgets:Qt5Widgets.dll
 0001:00016fde       ?dataChanged@QTreeView@@UAEXABVQModelIndex@@0ABV?$QVector@H@@@Z 00417fde f   Qt5Widgets:Qt5Widgets.dll
 0001:00016fe4       ?devType@QWidget@@UBEHXZ   00417fe4 f   Qt5Widgets:Qt5Widgets.dll
 0001:00016fea       ?doItemsLayout@QTreeView@@UAEXXZ 00417fea f   Qt5Widgets:Qt5Widgets.dll
 0001:00016ff0       ?dragEnterEvent@QAbstractItemView@@MAEXPAVQDragEnterEvent@@@Z 00417ff0 f   Qt5Widgets:Qt5Widgets.dll
 0001:00016ff6       ?dragEnterEvent@QWidget@@MAEXPAVQDragEnterEvent@@@Z 00417ff6 f   Qt5Widgets:Qt5Widgets.dll
 0001:00016ffe       ?dragLeaveEvent@QAbstractItemView@@MAEXPAVQDragLeaveEvent@@@Z 00417ffe f   Qt5Widgets:Qt5Widgets.dll
 0001:00017004       ?dragLeaveEvent@QWidget@@MAEXPAVQDragLeaveEvent@@@Z 00418004 f   Qt5Widgets:Qt5Widgets.dll
 0001:0001700a       ?dragMoveEvent@QTreeView@@MAEXPAVQDragMoveEvent@@@Z 0041800a f   Qt5Widgets:Qt5Widgets.dll
 0001:00017010       ?dragMoveEvent@QWidget@@MAEXPAVQDragMoveEvent@@@Z 00418010 f   Qt5Widgets:Qt5Widgets.dll
 0001:00017016       ?drawBranches@QTreeView@@MBEXPAVQPainter@@ABVQRect@@ABVQModelIndex@@@Z 00418016 f   Qt5Widgets:Qt5Widgets.dll
 0001:0001701c       ?drawRow@QTreeView@@MBEXPAVQPainter@@ABVQStyleOptionViewItem@@ABVQModelIndex@@@Z 0041801c f   Qt5Widgets:Qt5Widgets.dll
 0001:00017022       ?dropEvent@QTreeWidget@@MAEXPAVQDropEvent@@@Z 00418022 f   Qt5Widgets:Qt5Widgets.dll
[...]
 0002:00006ef4       __unwindtable$??$_Insert_nohint@AAU?$pair@$$CBHVdeviceStatusOnHost@@@std@@PAU?$_Tree_node@U?$pair@$$CBHVdeviceStatusOnHost@@@std@@PAX@2@@?$_Tree@V?$_Tmap_traits@HVdeviceStatusOnHost@@U?$less@H@std@@V?$allocator@U?$pair@$$CBHVdeviceStatusOnHost@@@std@@@3@$0A@@std@@@std@@IAE?AU?$pair@V?$_Tree_iterator@V?$_Tree_val@U?$_Tree_simple_types@U?$pair@$$CBHVdeviceStatusOnHost@@@std@@@std@@@std@@@std@@_N@1@_NAAU?$pair@$$CBHVdeviceStatusOnHost@@@1@PAU?$_Tree_node@U?$pair@$$CBHVdeviceStatusOnHost@@@std@@PAX@1@@Z 00421ef4     deviceStatus.obj
 0002:00006f04       __tryblocktable$??$_Insert_nohint@AAU?$pair@$$CBHVdeviceStatusOnHost@@@std@@PAU?$_Tree_node@U?$pair@$$CBHVdeviceStatusOnHost@@@std@@PAX@2@@?$_Tree@V?$_Tmap_traits@HVdeviceStatusOnHost@@U?$less@H@std@@V?$allocator@U?$pair@$$CBHVdeviceStatusOnHost@@@std@@@3@$0A@@std@@@std@@IAE?AU?$pair@V?$_Tree_iterator@V?$_Tree_val@U?$_Tree_simple_types@U?$pair@$$CBHVdeviceStatusOnHost@@@std@@@std@@@std@@@std@@_N@1@_NAAU?$pair@$$CBHVdeviceStatusOnHost@@@1@PAU?$_Tree_node@U?$pair@$$CBHVdeviceStatusOnHost@@@std@@PAX@1@@Z 00421f04     deviceStatus.obj
 0002:00006f18       __ehfuncinfo$??$_Insert_nohint@AAU?$pair@$$CBHVdeviceStatusOnHost@@@std@@PAU?$_Tree_node@U?$pair@$$CBHVdeviceStatusOnHost@@@std@@PAX@2@@?$_Tree@V?$_Tmap_traits@HVdeviceStatusOnHost@@U?$less@H@std@@V?$allocator@U?$pair@$$CBHVdeviceStatusOnHost@@@std@@@3@$0A@@std@@@std@@IAE?AU?$pair@V?$_Tree_iterator@V?$_Tree_val@U?$_Tree_simple_types@U?$pair@$$CBHVdeviceStatusOnHost@@@std@@@std@@@std@@@std@@_N@1@_NAAU?$pair@$$CBHVdeviceStatusOnHost@@@1@PAU?$_Tree_node@U?$pair@$$CBHVdeviceStatusOnHost@@@std@@PAX@1@@Z 00421f18     deviceStatus.obj
 0002:00006f3c       __ehfuncinfo$?domainFromOspl@@YAHH@Z 00421f3c     domainFromOspl.obj
 0002:00006f60       __unwindtable$?domainFromOspl@@YAHH@Z 00421f60     domainFromOspl.obj
 0002:00006fd8       __ehfuncinfo$_main         00421fd8     main.obj
 0002:00006ffc       __unwindtable$_main        00421ffc     main.obj
 0002:00007044       __ehfuncinfo$??0messageWindow@@QAE@PAVmessageWindowCallback@@PAUHINSTANCE__@@PADH@Z 00422044     messageWindow.obj
 0002:00007068       __unwindtable$??0messageWindow@@QAE@PAVmessageWindowCallback@@PAUHINSTANCE__@@PADH@Z 00422068     messageWindow.obj
 0002:000070a0       __ehfuncinfo$??1messageWindow@@UAE@XZ 004220a0     messageWindow.obj
 0002:000070c4       __unwindtable$??1messageWindow@@UAE@XZ 004220c4     messageWindow.obj
 0002:000070f4       __unwindtable$?checkClientAlive@messageWindow@@AAEXABVclientIPC@@@Z 004220f4     messageWindow.obj
 0002:0000710c       __ehfuncinfo$?checkClientAlive@messageWindow@@AAEXABVclientIPC@@@Z 0042210c     messageWindow.obj
 0002:00007130       __unwindtable$?checkDriverAlive@messageWindow@@AAEXABVdriverIPC@@@Z 00422130     messageWindow.obj
 0002:00007150       __ehfuncinfo$?checkDriverAlive@messageWindow@@AAEXABVdriverIPC@@@Z 00422150     messageWindow.obj
 0002:00007174       __ehfuncinfo$?WndProc@@YGJPAUHWND__@@IIJ@Z 00422174     messageWindow.obj
 0002:00007198       __unwindtable$?WndProc@@YGJPAUHWND__@@IIJ@Z 00422198     messageWindow.obj
 0002:000072e0       __catchsym$??0?$_Tree@V?$_Tmap_traits@IVdriverIPC@@U?$less@I@std@@V?$allocator@U?$pair@$$CBIVdriverIPC@@@std@@@3@$0A@@std@@@std@@QAE@ABV01@ABV?$allocator@U?$pair@$$CBIVdriverIPC@@@std@@@1@@Z$5 004222e0     messageWindow.obj
 0002:000072f0       __tryblocktable$??0?$_Tree@V?$_Tmap_traits@IVdriverIPC@@U?$less@I@std@@V?$allocator@U?$pair@$$CBIVdriverIPC@@@std@@@3@$0A@@std@@@std@@QAE@ABV01@ABV?$allocator@U?$pair@$$CBIVdriverIPC@@@std@@@1@@Z 004222f0     messageWindow.obj
 0002:00007304       __unwindtable$??0?$_Tree@V?$_Tmap_traits@IVdriverIPC@@U?$less@I@std@@V?$allocator@U?$pair@$$CBIVdriverIPC@@@std@@@3@$0A@@std@@@std@@QAE@ABV01@ABV?$allocator@U?$pair@$$CBIVdriverIPC@@@std@@@1@@Z 00422304     messageWindow.obj
 0002:0000731c       __ehfuncinfo$??0?$_Tree@V?$_Tmap_traits@IVdriverIPC@@U?$less@I@std@@V?$allocator@U?$pair@$$CBIVdriverIPC@@@std@@@3@$0A@@std@@@std@@QAE@ABV01@ABV?$allocator@U?$pair@$$CBIVdriverIPC@@@std@@@1@@Z 0042231c     messageWindow.obj
 0002:00007340       __unwindtable$?customEvent@messageWindow@@EAEXPAVQEvent@@@Z 00422340     messageWindow.obj
 0002:00007348       __ehfuncinfo$?customEvent@messageWindow@@EAEXPAVQEvent@@@Z 00422348     messageWindow.obj
 0002:0000736c       __unwindtable$?driverInfoWrite@messageWindow@@QAEXIIABVQString@@I@Z 0042236c     messageWindow.obj
 0002:00007374       __ehfuncinfo$?driverInfoWrite@messageWindow@@QAEXIIABVQString@@I@Z 00422374     messageWindow.obj
 0002:00007398       __unwindtable$?driverRouterCrosspoint@messageWindow@@QAEXIIIABVQString@@I@Z 00422398     messageWindow.obj
 0002:000073a0       __ehfuncinfo$?driverRouterCrosspoint@messageWindow@@QAEXIIIABVQString@@I@Z 004223a0     messageWindow.obj
 0002:000073c4       __unwindtable$?clientInfoRevertive@messageWindow@@QAEXIIABVQString@@I@Z 004223c4     messageWindow.obj
 0002:000073dc       __ehfuncinfo$?clientInfoRevertive@messageWindow@@QAEXIIABVQString@@I@Z 004223dc     messageWindow.obj
 0002:00007400       __unwindtable$?clientRouterRevertive@messageWindow@@QAEXIIHI@Z 00422400     messageWindow.obj
 0002:00007420       __ehfuncinfo$?clientRouterRevertive@messageWindow@@QAEXIIHI@Z 00422420     messageWindow.obj
 0002:00007444       __unwindtable$?clientGpiRevertive@messageWindow@@QAEXII_NI@Z 00422444     messageWindow.obj
 0002:0000744c       __ehfuncinfo$?clientGpiRevertive@messageWindow@@QAEXII_NI@Z 0042244c     messageWindow.obj
 0002:00007470       __ehfuncinfo$?clientRouterModify@messageWindow@@QAEXPAUHWND__@@IIIABVQString@@I@Z 00422470     messageWindow.obj
 0002:00007494       __unwindtable$?clientRouterModify@messageWindow@@QAEXPAUHWND__@@IIIABVQString@@I@Z 00422494     messageWindow.obj
 0002:000074f4       __unwindtable$?clientDeviceMessage@messageWindow@@QAEXIIABVQString@@III@Z 004224f4     messageWindow.obj
 0002:00007504       __ehfuncinfo$?clientDeviceMessage@messageWindow@@QAEXIIABVQString@@III@Z 00422504     messageWindow.obj
 0002:00007528       __unwindtable$?driverDeviceMessage@messageWindow@@QAEXIIABVQString@@III@Z 00422528     messageWindow.obj
 0002:00007530       __ehfuncinfo$?driverDeviceMessage@messageWindow@@QAEXIIABVQString@@III@Z 00422530     messageWindow.obj
 0002:00007554       __unwindtable$?driverRouterModify@messageWindow@@QAEXPAUHWND__@@IIIABVQString@@I@Z 00422554     messageWindow.obj
 0002:0000755c       __ehfuncinfo$?driverRouterModify@messageWindow@@QAEXPAUHWND__@@IIIABVQString@@I@Z 0042255c     messageWindow.obj
 0002:00007580       __catchsym$??$_Insert_nohint@ABVclientIPC@@U_Nil@std@@@?$_Tree@V?$_Tset_traits@VclientIPC@@U?$less@VclientIPC@@@std@@V?$allocator@VclientIPC@@@3@$0A@@std@@@std@@IAE?AU?$pair@V?$_Tree_const_iterator@V?$_Tree_val@U?$_Tree_simple_types@VclientIPC@@@std@@@std@@@std@@_N@1@_NABVclientIPC@@U_Nil@1@@Z$2 00422580     messageWindow.obj
 0002:00007590       __unwindtable$??$_Insert_nohint@ABVclientIPC@@U_Nil@std@@@?$_Tree@V?$_Tset_traits@VclientIPC@@U?$less@VclientIPC@@@std@@V?$allocator@VclientIPC@@@3@$0A@@std@@@std@@IAE?AU?$pair@V?$_Tree_const_iterator@V?$_Tree_val@U?$_Tree_simple_types@VclientIPC@@@std@@@std@@@std@@_N@1@_NABVclientIPC@@U_Nil@1@@Z 00422590     messageWindow.obj
 0002:000075a0       __tryblocktable$??$_Insert_nohint@ABVclientIPC@@U_Nil@std@@@?$_Tree@V?$_Tset_traits@VclientIPC@@U?$less@VclientIPC@@@std@@V?$allocator@VclientIPC@@@3@$0A@@std@@@std@@IAE?AU?$pair@V?$_Tree_const_iterator@V?$_Tree_val@U?$_Tree_simple_types@VclientIPC@@@std@@@std@@@std@@_N@1@_NABVclientIPC@@U_Nil@1@@Z 004225a0     messageWindow.obj
 0002:000075b4       __ehfuncinfo$??$_Insert_nohint@ABVclientIPC@@U_Nil@std@@@?$_Tree@V?$_Tset_traits@VclientIPC@@U?$less@VclientIPC@@@std@@V?$allocator@VclientIPC@@@3@$0A@@std@@@std@@IAE?AU?$pair@V?$_Tree_const_iterator@V?$_Tree_val@U?$_Tree_simple_types@VclientIPC@@@std@@@std@@@std@@_N@1@_NABVclientIPC@@U_Nil@1@@Z 004225b4     messageWindow.obj
 0002:000075d8       __catchsym$??$_Insert_nohint@AAU?$pair@$$CBIVdriverIPC@@@std@@PAU?$_Tree_node@U?$pair@$$CBIVdriverIPC@@@std@@PAX@2@@?$_Tree@V?$_Tmap_traits@IVdriverIPC@@U?$less@I@std@@V?$allocator@U?$pair@$$CBIVdriverIPC@@@std@@@3@$0A@@std@@@std@@IAE?AU?$pair@V?$_Tree_iterator@V?$_Tree_val@U?$_Tree_simple_types@U?$pair@$$CBIVdriverIPC@@@std@@@std@@@std@@@std@@_N@1@_NAAU?$pair@$$CBIVdriverIPC@@@1@PAU?$_Tree_node@U?$pair@$$CBIVdriverIPC@@@std@@PAX@1@@Z$2 004225d8     messageWindow.obj
 0002:000075e8       __unwindtable$??$_Insert_nohint@AAU?$pair@$$CBIVdriverIPC@@@std@@PAU?$_Tree_node@U?$pair@$$CBIVdriverIPC@@@std@@PAX@2@@?$_Tree@V?$_Tmap_traits@IVdriverIPC@@U?$less@I@std@@V?$allocator@U?$pair@$$CBIVdriverIPC@@@std@@@3@$0A@@std@@@std@@IAE?AU?$pair@V?$_Tree_iterator@V?$_Tree_val@U?$_Tree_simple_types@U?$pair@$$CBIVdriverIPC@@@std@@@std@@@std@@@std@@_N@1@_NAAU?$pair@$$CBIVdriverIPC@@@1@PAU?$_Tree_node@U?$pair@$$CBIVdriverIPC@@@std@@PAX@1@@Z 004225e8     messageWindow.obj
 0002:000075f8       __tryblocktable$??$_Insert_nohint@AAU?$pair@$$CBIVdriverIPC@@@std@@PAU?$_Tree_node@U?$pair@$$CBIVdriverIPC@@@std@@PAX@2@@?$_Tree@V?$_Tmap_traits@IVdriverIPC@@U?$less@I@std@@V?$allocator@U?$pair@$$CBIVdriverIPC@@@std@@@3@$0A@@std@@@std@@IAE?AU?$pair@V?$_Tree_iterator@V?$_Tree_val@U?$_Tree_simple_types@U?$pair@$$CBIVdriverIPC@@@std@@@std@@@std@@@std@@_N@1@_NAAU?$pair@$$CBIVdriverIPC@@@1@PAU?$_Tree_node@U?$pair@$$CBIVdriverIPC@@@std@@PAX@1@@Z 004225f8     messageWindow.obj
 0002:0000760c       __ehfuncinfo$??$_Insert_nohint@AAU?$pair@$$CBIVdriverIPC@@@std@@PAU?$_Tree_node@U?$pair@$$CBIVdriverIPC@@@std@@PAX@2@@?$_Tree@V?$_Tmap_traits@IVdriverIPC@@U?$less@I@std@@V?$allocator@U?$pair@$$CBIVdriverIPC@@@std@@@3@$0A@@std@@@std@@IAE?AU?$pair@V?$_Tree_iterator@V?$_Tree_val@U?$_Tree_simple_types@U?$pair@$$CBIVdriverIPC@@@std@@@std@@@std@@@std@@_N@1@_NAAU?$pair@$$CBIVdriverIPC@@@1@PAU?$_Tree_node@U?$pair@$$CBIVdriverIPC@@@std@@PAX@1@@Z 0042260c     messageWindow.obj
 0002:00007630       __catchsym$??$_Copy_nodes@U?$integral_constant@_N$0A@@std@@@?$_Tree@V?$_Tmap_traits@IVdriverIPC@@U?$less@I@std@@V?$allocator@U?$pair@$$CBIVdriverIPC@@@std@@@3@$0A@@std@@@std@@IAEPAU?$_Tree_node@U?$pair@$$CBIVdriverIPC@@@std@@PAX@1@PAU21@0U?$integral_constant@_N$0A@@1@@Z$2 00422630     messageWindow.obj
 0002:00007640       __unwindtable$??$_Copy_nodes@U?$integral_constant@_N$0A@@std@@@?$_Tree@V?$_Tmap_traits@IVdriverIPC@@U?$less@I@std@@V?$allocator@U?$pair@$$CBIVdriverIPC@@@std@@@3@$0A@@std@@@std@@IAEPAU?$_Tree_node@U?$pair@$$CBIVdriverIPC@@@std@@PAX@1@PAU21@0U?$integral_constant@_N$0A@@1@@Z 00422640     messageWindow.obj
 0002:00007650       __tryblocktable$??$_Copy_nodes@U?$integral_constant@_N$0A@@std@@@?$_Tree@V?$_Tmap_traits@IVdriverIPC@@U?$less@I@std@@V?$allocator@U?$pair@$$CBIVdriverIPC@@@std@@@3@$0A@@std@@@std@@IAEPAU?$_Tree_node@U?$pair@$$CBIVdriverIPC@@@std@@PAX@1@PAU21@0U?$integral_constant@_N$0A@@1@@Z 00422650     messageWindow.obj
 0002:00007664       __ehfuncinfo$??$_Copy_nodes@U?$integral_constant@_N$0A@@std@@@?$_Tree@V?$_Tmap_traits@IVdriverIPC@@U?$less@I@std@@V?$allocator@U?$pair@$$CBIVdriverIPC@@@std@@@3@$0A@@std@@@std@@IAEPAU?$_Tree_node@U?$pair@$$CBIVdriverIPC@@@std@@PAX@1@PAU21@0U?$integral_constant@_N$0A@@1@@Z 00422664     messageWindow.obj
 0002:00007688       __sehtable$__onexit        00422688     MSVCRT:atonexit.obj
 0002:000076a8       __sehtable$___tmainCRTStartup 004226a8     MSVCRT:crtexew.obj
 0002:000076c8       __sehtable$??_M@YGXPAXIHP6EX0@Z@Z 004226c8     MSVCRT:ehvecdtr.obj
 0002:000076e8       __sehtable$?__ArrayUnwind@@YGXPAXIHP6EX0@Z@Z 004226e8     MSVCRT:ehvecdtr.obj
 0002:00007708       __sehtable$__IsNonwritableInCurrentImage 00422708     MSVCRT:pesect.obj
 0002:00008172       .idata$6                   00423172     handleshare:handleShare.dll
 0002:000084ae       .idata$6                   004234ae     netLegacy:netLegacy.dll
 0002:000084bc       .idata$6                   004234bc     bncsif32:BNCSIF32.dll
 0002:0000907a       .idata$6                   0042407a     Qt5Core:Qt5Core.dll
 0002:0000913e       .idata$6                   0042413e     Qt5Gui:Qt5Gui.dll
 0002:0000d138       .idata$6                   00428138     Qt5Widgets:Qt5Widgets.dll
 0002:0000d164       .idata$6                   00428164     Psapi:PSAPI.DLL
 0002:0000d256       .idata$6                   00428256     Qt5XmlPatterns:Qt5XmlPatterns.dll
 0002:0000d42a       .idata$6                   0042842a     kernel32:KERNEL32.dll
 0002:0000d528       .idata$6                   00428528     user32:USER32.dll
 0002:0000d566       .idata$6                   00428566     advapi32:ADVAPI32.dll
 0002:0000d584       .idata$6                   00428584     shell32:SHELL32.dll
 0002:0000d62a       .idata$6                   0042862a     msvcprt:MSVCP120.dll
 0002:0000d790       .idata$6                   00428790     MSVCRT:MSVCR120.dll
 0002:0000d9d0       .idata$6                   004289d0     version:VERSION.dll
 0003:00000000       _BNCS_CCCONFIG_SIG         00429000     ccConfig.obj
 0003:00000078       _CSI2_large_Icon_32        00429078     bncs_csi.obj
 0003:00000318       _BNCS_DISKLOG_SIG          00429318     bncs_disklog:bncs_disklog.obj
 0003:00000388       _BNCS_BNCSWM32_SIG         00429388     bncswm32:BncsWM32.obj
 0003:00000940       __Tuple_alloc              00429940     ccConfig.obj
 0003:00000941       _ignore                    00429941     ccConfig.obj
 0003:00000942       _allocator_arg             00429942     ccConfig.obj
 0003:00000943       _piecewise_construct       00429943     ccConfig.obj
 0003:0000094c       __Tuple_alloc              0042994c     database.obj
 0003:0000094d       _ignore                    0042994d     database.obj
 0003:0000094e       _allocator_arg             0042994e     database.obj
 0003:0000094f       _piecewise_construct       0042994f     database.obj
 0003:00000950       __Tuple_alloc              00429950     databaseMgr.obj
 0003:00000951       _ignore                    00429951     databaseMgr.obj
 0003:00000952       _allocator_arg             00429952     databaseMgr.obj
 0003:00000953       _piecewise_construct       00429953     databaseMgr.obj
 0003:00000954       __Tuple_alloc              00429954     bncs_csi.obj
 0003:00000955       _ignore                    00429955     bncs_csi.obj
 0003:00000956       _allocator_arg             00429956     bncs_csi.obj
 0003:00000957       _piecewise_construct       00429957     bncs_csi.obj
 0003:00000958       __Nil_obj                  00429958     bncs_csi.obj
 0003:0000095c       ?safeRet@?1??driverObj@bncs_csi@@AAEAAVdriver@@K@Z@4V3@A 0042995c     bncs_csi.obj
 0003:0000096c       ?$S1@?1??driverObj@bncs_csi@@AAEAAVdriver@@K@Z@4IA 0042996c     bncs_csi.obj
 0003:00000970       __Tuple_alloc              00429970     bncs_device.obj
 0003:00000971       _ignore                    00429971     bncs_device.obj
 0003:00000972       _allocator_arg             00429972     bncs_device.obj
 0003:00000973       _piecewise_construct       00429973     bncs_device.obj
 0003:00000974       _allocator_arg             00429974     clientsRegistration.obj
 0003:00000975       _piecewise_construct       00429975     clientsRegistration.obj
 0003:00000976       __Tuple_alloc              00429976     deviceStatus.obj
 0003:00000977       _ignore                    00429977     deviceStatus.obj
 0003:00000978       _allocator_arg             00429978     deviceStatus.obj
 0003:00000979       _piecewise_construct       00429979     deviceStatus.obj
 0003:0000097a       __Tuple_alloc              0042997a     domainFromOspl.obj
 0003:0000097b       _ignore                    0042997b     domainFromOspl.obj
 0003:0000097c       _allocator_arg             0042997c     domainFromOspl.obj
 0003:0000097d       _piecewise_construct       0042997d     domainFromOspl.obj
 0003:0000097f       __Tuple_alloc              0042997f     moc_bncs_csi.obj
 0003:00000980       _ignore                    00429980     moc_bncs_csi.obj
 0003:00000981       _allocator_arg             00429981     moc_bncs_csi.obj
 0003:00000982       _piecewise_construct       00429982     moc_bncs_csi.obj
 0003:00000983       __Tuple_alloc              00429983     moc_messageWindow.obj
 0003:00000984       _ignore                    00429984     moc_messageWindow.obj
 0003:00000985       _allocator_arg             00429985     moc_messageWindow.obj
 0003:00000986       _piecewise_construct       00429986     moc_messageWindow.obj
 0003:00000987       __Tuple_alloc              00429987     main.obj
 0003:00000988       _ignore                    00429988     main.obj
 0003:00000989       _allocator_arg             00429989     main.obj
 0003:0000098a       _piecewise_construct       0042998a     main.obj
 0003:0000098b       __Tuple_alloc              0042998b     messageWindow.obj
 0003:0000098c       _ignore                    0042998c     messageWindow.obj
 0003:0000098d       _allocator_arg             0042998d     messageWindow.obj
 0003:0000098e       _piecewise_construct       0042998e     messageWindow.obj
 0003:0000098f       __Nil_obj                  0042998f     messageWindow.obj
 0003:00000990       _?g_fTriedAndFailed@?1??HtmlHelpW@@9@16@4HA$S28322 00429990     htmlhelp:init.obj
 0003:00000994       _?g_hmodHHCtrl@?1??HtmlHelpA@@9@16@4PAUHINSTANCE__@@A$S28294 00429994     htmlhelp:init.obj
 0003:00000998       _?g_hmodHHCtrl@?1??HtmlHelpW@@9@16@4PAUHINSTANCE__@@A$S28320 00429998     htmlhelp:init.obj
 0003:0000099c       _?g_fTriedAndFailed@?1??HtmlHelpA@@9@16@4HA$S28296 0042999c     htmlhelp:init.obj
 0003:000009a8       _acCopyDataResult          004299a8     bncswm32:BncsWM32.obj
 0003:00000bac       _lCopyDataResult           00429bac     bncswm32:BncsWM32.obj
 0003:00000bb0       ?lResult@?1??BNCS32SendMessage@@9@4JA 00429bb0     bncswm32:BncsWM32.obj
 0003:00000bb4       ?acNumericData@?1??BNCS32SendMessage@@9@4PADA 00429bb4     bncswm32:BncsWM32.obj
 0003:00000bc4       ?CDS@?1??BNCS32SendMessage@@9@4UtagCOPYDATASTRUCT@@A 00429bc4     bncswm32:BncsWM32.obj
 0003:00000bd0       ?uMsg@?1??BNCS32ReceiveMessage@@9@4IA 00429bd0     bncswm32:BncsWM32.obj
 0003:00000bd4       ?wParam@?1??BNCS32ReceiveMessage@@9@4IA 00429bd4     bncswm32:BncsWM32.obj
 0003:00000bd8       ?lParam@?1??BNCS32ReceiveMessage@@9@4JA 00429bd8     bncswm32:BncsWM32.obj
 0003:00000bdc       ?lResult@?1??BNCS32ReceiveMessage@@9@4JA 00429bdc     bncswm32:BncsWM32.obj
 0003:00000be0       _GS_ExceptionRecord        00429be0     MSVCRT:gs_report.obj
 0003:00000c30       _GS_ContextRecord          00429c30     MSVCRT:gs_report.obj
 0003:00000efc       _DebuggerWasPresent        00429efc     MSVCRT:gs_report.obj
 0003:00000f00       _has_cctor                 00429f00     MSVCRT:crtexew.obj
 0003:00000f04       _mainret                   00429f04     MSVCRT:crtexew.obj
 0003:00000f08       _managedapp                00429f08     MSVCRT:crtexew.obj
 0003:00000f0c       _argc                      00429f0c     MSVCRT:crtexew.obj
 0003:00000f10       _argv                      00429f10     MSVCRT:crtexew.obj
 0003:00000f14       _envp                      00429f14     MSVCRT:crtexew.obj
 0003:00000f18       _argret                    00429f18     MSVCRT:crtexew.obj
 0003:00000f1c       _startinfo                 00429f1c     MSVCRT:crtexew.obj
 0003:00000f30       _allocator_arg             00429f30     qtmain:qtmain_win.obj
 0003:00000f31       _piecewise_construct       00429f31     qtmain:qtmain_win.obj
 0004:00000190       $R000000                   0042a190     bncs_csi.res
 0004:00001238       $R0010A8                   0042b238     bncs_csi.res
 0004:000037e0       $R003650                   0042d7e0     bncs_csi.res
 0004:00003c48       $R003AB8                   0042dc48     bncs_csi.res
 0004:00003c78       $R003AE8                   0042dc78     bncs_csi.res
 0004:00004068       $R003ED8                   0042e068     bncs_csi.res
