 bncs_v45_hostdb

 Timestamp is 5e9dbbc2 (Mon Apr 20 16:12:02 2020)

 Preferred load address is 00400000

 Start         Length     Name                   Class
 0001:00000000 00011a9bH .textbss                DATA
 0002:00000000 00002b06H .text                   CODE
 0002:00002b10 00001ce5H .text$di                CODE
 0002:00004800 0002134dH .text$mn                CODE
 0002:00025b50 00003551H .text$x                 CODE
 0002:000290b0 000014ecH .text$yd                CODE
 0003:00000000 00000104H .CRT$XCA                DATA
 0003:00000104 00000104H .CRT$XCAA               DATA
 0003:00000208 0000016fH .CRT$XCU                DATA
 0003:00000378 00000104H .CRT$XCZ                DATA
 0003:0000047c 00000104H .CRT$XIA                DATA
 0003:00000580 00000104H .CRT$XIAA               DATA
 0003:00000684 00000104H .CRT$XIC                DATA
 0003:00000788 00000104H .CRT$XIY                DATA
 0003:0000088c 00000104H .CRT$XIZ                DATA
 0003:00000990 00004747H .rdata                  DATA
 0003:000050d8 00000173H .rdata$debug            DATA
 0003:0000524c 000008c9H .rdata$r                DATA
 0003:00005b18 00000104H .rtc$IAA                DATA
 0003:00005c1c 00000130H .rtc$IMZ                DATA
 0003:00005d4c 00000104H .rtc$IZZ                DATA
 0003:00005e50 00000104H .rtc$TAA                DATA
 0003:00005f54 00000130H .rtc$TMZ                DATA
 0003:00006084 00000104H .rtc$TZZ                DATA
 0003:00006188 00001f68H .xdata$x                DATA
 0003:000080f0 00001c87H .edata                  DATA
 0004:00000000 000004ebH .data                   DATA
 0004:000004ec 00000412H .data$r                 DATA
 0004:00000900 0000050cH .bss                    DATA
 0005:00000000 000008fcH .idata$5                DATA
 0005:000008fc 0000008cH .idata$2                DATA
 0005:00000988 00000014H .idata$3                DATA
 0005:0000099c 000008fcH .idata$4                DATA
 0005:00001298 00003b18H .idata$6                DATA
 0006:00000000 000002e0H .rsrc$01                DATA
 0006:000002e0 00004e36H .rsrc$02                DATA

  Address         Publics by Value              Rva+Base       Lib:Object

 0000:00000000       ___guard_flags             00000000     <absolute>
 0000:00000000       ___guard_fids_count        00000000     <absolute>
 0000:00000000       __except_list              00000000     <absolute>
 0000:00000000       ___safe_se_handler_count   00000000     <absolute>
 0000:00000000       ___safe_se_handler_table   00000000     <absolute>
 0000:00000000       ___guard_fids_table        00000000     <absolute>
 0000:00009876       __fltused                  00009876     <absolute>
 0000:00009876       __ldused                   00009876     <absolute>
 0000:00000000       ___ImageBase               00400000     <linker-defined>
 0001:00000000       __enc$textbss$begin        00401000     <linker-defined>
 0001:00011a9b       __enc$textbss$end          00412a9b     <linker-defined>
 0002:000027a1       _WinMain@16                004157a1 f   qtmain:qtmain_win.obj
 0002:00002851       ?detach@?$QMemArray@PAD@@UAEXXZ 00415851 f i qtmain:qtmain_win.obj
 0002:0000285b       ??_G?$QMemArray@H@@UAEPAXI@Z 0041585b f i qtmain:qtmain_win.obj
 0002:00002888       ??_G?$QMemArray@_N@@UAEPAXI@Z 00415888 f i qtmain:qtmain_win.obj
 0002:000028b5       ??_G?$QMemArray@D@@UAEPAXI@Z 004158b5 f i qtmain:qtmain_win.obj
 0002:000028e2       ??_G?$QMemArray@VQPoint@@@@UAEPAXI@Z 004158e2 f i qtmain:qtmain_win.obj
 0002:0000290f       ??_G?$QPtrList@D@@UAEPAXI@Z 0041590f f i qtmain:qtmain_win.obj
 0002:00002946       ??_G?$QPtrList@VQObject@@@@UAEPAXI@Z 00415946 f i qtmain:qtmain_win.obj
 0002:0000297d       ??_G?$QPtrList@VQWidget@@@@UAEPAXI@Z 0041597d f i qtmain:qtmain_win.obj
 0002:000029b4       ??_E?$QMemArray@PAD@@UAEPAXI@Z 004159b4 f i qtmain:qtmain_win.obj
 0002:000029b4       ??_G?$QMemArray@PAD@@UAEPAXI@Z 004159b4 f i qtmain:qtmain_win.obj
 0002:00004800       ??0bncs_clientMainWindowImpl@@QAE@PAVQWidget@@PBDI@Z 00417800 f   bncs_clientmainwindowimpl.obj
 0002:00004950       ?mySetForegroundWindow@bncs_clientMainWindowImpl@@AAEXPAUHWND__@@@Z 00417950 f   bncs_clientmainwindowimpl.obj
 0002:00004ac0       ?notifyIn@bncs_clientMainWindowImpl@@QAEXAAVQString@@@Z 00417ac0 f   bncs_clientmainwindowimpl.obj
 0002:00005680       ?singletonMessageReceived@bncs_clientMainWindowImpl@@QAEXABVQString@@@Z 00418680 f   bncs_clientmainwindowimpl.obj
 0002:000057b0       ?timerEvent@bncs_clientMainWindowImpl@@UAEXPAVQTimerEvent@@@Z 004187b0 f   bncs_clientmainwindowimpl.obj
 0002:00006d00       ?cccDisconnected@bncs_clientMainWindowImpl@@MAEXXZ 00419d00 f   bncs_clientmainwindowimpl.obj
 0002:000076b0       ??$_Allocate@D@std@@YAPADIPAD@Z 0041a6b0 f i bncs_clientmainwindowimpl.obj
 0002:00007740       ??$_Allocate@U_Container_proxy@std@@@std@@YAPAU_Container_proxy@0@IPAU10@@Z 0041a740 f i bncs_clientmainwindowimpl.obj
 0002:000077e0       ??$_Debug_pointer@D@std@@YAXPBDPB_WI@Z 0041a7e0 f i bncs_clientmainwindowimpl.obj
 0002:00007850       ??$addressof@D@std@@YAPADAAD@Z 0041a850 f i bncs_clientmainwindowimpl.obj
 0002:00007890       ??$construct@PADAAPAD@?$_Wrap_alloc@V?$allocator@D@std@@@std@@QAEXPAPADAAPAD@Z 0041a890 f i bncs_clientmainwindowimpl.obj
 0002:00007900       ??$construct@PADAAPAD@?$allocator@D@std@@QAEXPAPADAAPAD@Z 0041a900 f i bncs_clientmainwindowimpl.obj
 0002:00007a00       ??$construct@PADAAPAD@?$allocator_traits@V?$allocator@D@std@@@std@@SAXAAV?$allocator@D@1@PAPADAAPAD@Z 0041aa00 f i bncs_clientmainwindowimpl.obj
 0002:00007a60       ??$construct@U_Container_proxy@std@@U12@@?$allocator@U_Container_proxy@std@@@std@@QAEXPAU_Container_proxy@1@$$QAU21@@Z 0041aa60 f i bncs_clientmainwindowimpl.obj
 0002:00007b70       ??$destroy@PAD@?$_Wrap_alloc@V?$allocator@D@std@@@std@@QAEXPAPAD@Z 0041ab70 f i bncs_clientmainwindowimpl.obj
 0002:00007bd0       ??$destroy@PAD@?$allocator@D@std@@QAEXPAPAD@Z 0041abd0 f i bncs_clientmainwindowimpl.obj
 0002:00007c10       ??$destroy@PAD@?$allocator_traits@V?$allocator@D@std@@@std@@SAXAAV?$allocator@D@1@PAPAD@Z 0041ac10 f i bncs_clientmainwindowimpl.obj
 0002:00007c60       ??$destroy@U_Container_proxy@std@@@?$allocator@U_Container_proxy@std@@@std@@QAEXPAU_Container_proxy@1@@Z 0041ac60 f i bncs_clientmainwindowimpl.obj
 0002:00007ca0       ??$forward@AAPAD@std@@YAAAPADAAPAD@Z 0041aca0 f i bncs_clientmainwindowimpl.obj
 0002:00007ce0       ??$forward@U_Container_proxy@std@@@std@@YA$$QAU_Container_proxy@0@AAU10@@Z 0041ace0 f i bncs_clientmainwindowimpl.obj
 0002:00007d20       ??0?$QPtrList@VsignalConnection@@@@QAE@ABV0@@Z 0041ad20 f i bncs_clientmainwindowimpl.obj
 0002:00007da0       ??0?$QPtrList@VsignalConnection@@@@QAE@XZ 0041ada0 f i bncs_clientmainwindowimpl.obj
 0002:00007e10       ??0?$QPtrListIterator@VsignalConnection@@@@QAE@ABV0@@Z 0041ae10 f i bncs_clientmainwindowimpl.obj
 0002:00007e80       ??0?$QPtrListIterator@VsignalConnection@@@@QAE@ABV?$QPtrList@VsignalConnection@@@@@Z 0041ae80 f i bncs_clientmainwindowimpl.obj
 0002:00007ef0       ??0?$QPtrListStdIterator@VsignalConnection@@@@QAE@PAVQLNode@@@Z 0041aef0 f i bncs_clientmainwindowimpl.obj
 0002:00007f60       ??0?$_String_alloc@$0A@U?$_String_base_types@DV?$allocator@D@std@@@std@@@std@@QAE@ABV?$allocator@D@1@@Z 0041af60 f i bncs_clientmainwindowimpl.obj
 0002:00008010       ??0?$_String_val@U?$_Simple_types@D@std@@@std@@QAE@XZ 0041b010 f i bncs_clientmainwindowimpl.obj
 0002:00008090       ??0?$_Wrap_alloc@V?$allocator@D@std@@@std@@QAE@XZ 0041b090 f i bncs_clientmainwindowimpl.obj
 0002:000080f0       ??0?$allocator@D@std@@QAE@XZ 0041b0f0 f i bncs_clientmainwindowimpl.obj
 0002:00008130       ??0?$allocator@U_Container_proxy@std@@@std@@QAE@XZ 0041b130 f i bncs_clientmainwindowimpl.obj
 0002:00008170       ??0?$basic_string@DU?$char_traits@D@std@@V?$allocator@D@2@@std@@QAE@PBD@Z 0041b170 f i bncs_clientmainwindowimpl.obj
 0002:00008240       ??0IccClientCallback@@QAE@XZ 0041b240 f i bncs_clientmainwindowimpl.obj
 0002:00008290       ??0_Container_proxy@std@@QAE@XZ 0041b290 f i bncs_clientmainwindowimpl.obj
 0002:000082e0       ??0_Generic_error_category@std@@QAE@XZ 0041b2e0 f i bncs_clientmainwindowimpl.obj
 0002:00008340       ??0_Ignore@std@@QAE@XZ     0041b340 f i bncs_clientmainwindowimpl.obj
 0002:00008380       ??0_Iostream_error_category@std@@QAE@XZ 0041b380 f i bncs_clientmainwindowimpl.obj
 0002:000083e0       ??0_System_error_category@std@@QAE@XZ 0041b3e0 f i bncs_clientmainwindowimpl.obj
 0002:00008440       ??0error_category@std@@QAE@XZ 0041b440 f i bncs_clientmainwindowimpl.obj
 0002:00008490       ??0error_condition@std@@QAE@HABVerror_category@1@@Z 0041b490 f i bncs_clientmainwindowimpl.obj
 0002:000084e0       ??0signalConnection@@QAE@ABV0@@Z 0041b4e0 f i bncs_clientmainwindowimpl.obj
 0002:00008630       ??0signalConnection@@QAE@ABVQString@@0000@Z 0041b630 f i bncs_clientmainwindowimpl.obj
 0002:000087f0       ??0signalConnectionRefList@@QAE@ABV0@@Z 0041b7f0 f i bncs_clientmainwindowimpl.obj
 0002:00008860       ??0signalConnectionRefList@@QAE@XZ 0041b860 f i bncs_clientmainwindowimpl.obj
 0002:000088c0       ??0signalConnectionRefListIt@@QAE@ABV0@@Z 0041b8c0 f i bncs_clientmainwindowimpl.obj
 0002:00008920       ??0signalConnectionRefListIt@@QAE@ABVsignalConnectionRefList@@@Z 0041b920 f i bncs_clientmainwindowimpl.obj
 0002:00008980       ??1?$QPtrList@VsignalConnection@@@@UAE@XZ 0041b980 f i bncs_clientmainwindowimpl.obj
 0002:00008a40       ??1?$QPtrListIterator@VsignalConnection@@@@QAE@XZ 0041ba40 f i bncs_clientmainwindowimpl.obj
 0002:00008aa0       ??1?$_String_alloc@$0A@U?$_String_base_types@DV?$allocator@D@std@@@std@@@std@@QAE@XZ 0041baa0 f i bncs_clientmainwindowimpl.obj
 0002:00008b00       ??1?$_String_val@U?$_Simple_types@D@std@@@std@@QAE@XZ 0041bb00 f i bncs_clientmainwindowimpl.obj
 0002:00008b60       ??1_Generic_error_category@std@@UAE@XZ 0041bb60 f i bncs_clientmainwindowimpl.obj
 0002:00008bb0       ??1_Iostream_error_category@std@@UAE@XZ 0041bbb0 f i bncs_clientmainwindowimpl.obj
 0002:00008c00       ??1_System_error_category@std@@UAE@XZ 0041bc00 f i bncs_clientmainwindowimpl.obj
 0002:00008c50       ??1bncs_clientMainWindowImpl@@UAE@XZ 0041bc50 f i bncs_clientmainwindowimpl.obj
 0002:00008ca0       ??1error_category@std@@UAE@XZ 0041bca0 f i bncs_clientmainwindowimpl.obj
 0002:00008ce0       ??1signalConnection@@QAE@XZ 0041bce0 f i bncs_clientmainwindowimpl.obj
 0002:00008e00       ??1signalConnectionRefList@@UAE@XZ 0041be00 f i bncs_clientmainwindowimpl.obj
 0002:00008eb0       ??1signalConnectionRefListIt@@QAE@XZ 0041beb0 f i bncs_clientmainwindowimpl.obj
 0002:00008f00       ??2@YAPAXIPAX@Z            0041bf00 f i bncs_clientmainwindowimpl.obj
 0002:00008f40       ??3@YAXPAX0@Z              0041bf40 f i bncs_clientmainwindowimpl.obj
 0002:00008f70       ??4?$QPtrList@VsignalConnection@@@@QAEAAV0@ABV0@@Z 0041bf70 f i bncs_clientmainwindowimpl.obj
 0002:00008fe0       ??4?$QPtrListIterator@VsignalConnection@@@@QAEAAV0@ABV0@@Z 0041bfe0 f i bncs_clientmainwindowimpl.obj
 0002:00009050       ??4signalConnection@@QAEAAV0@ABV0@@Z 0041c050 f i bncs_clientmainwindowimpl.obj
 0002:00009150       ??4signalConnectionRefList@@QAEAAV0@ABV0@@Z 0041c150 f i bncs_clientmainwindowimpl.obj
 0002:000091b0       ??4signalConnectionRefListIt@@QAEAAV0@ABV0@@Z 0041c1b0 f i bncs_clientmainwindowimpl.obj
 0002:00009210       ??8?$QPtrList@VsignalConnection@@@@QBE_NABV0@@Z 0041c210 f i bncs_clientmainwindowimpl.obj
 0002:00009280       ??8error_category@std@@QBE_NABV01@@Z 0041c280 f i bncs_clientmainwindowimpl.obj
 0002:000092f0       ??8error_condition@std@@QBE_NABV01@@Z 0041c2f0 f i bncs_clientmainwindowimpl.obj
 0002:000093a0       ??9?$QPtrList@VsignalConnection@@@@QBE_NABV0@@Z 0041c3a0 f i bncs_clientmainwindowimpl.obj
 0002:00009430       ??B?$QPtrListIterator@VsignalConnection@@@@QBEPAVsignalConnection@@XZ 0041c430 f i bncs_clientmainwindowimpl.obj
 0002:00009490       ??D?$QPtrListIterator@VsignalConnection@@@@QAEPAVsignalConnection@@XZ 0041c490 f i bncs_clientmainwindowimpl.obj
 0002:000094f0       ??E?$QPtrListIterator@VsignalConnection@@@@QAEPAVsignalConnection@@XZ 0041c4f0 f i bncs_clientmainwindowimpl.obj
 0002:00009550       ??F?$QPtrListIterator@VsignalConnection@@@@QAEPAVsignalConnection@@XZ 0041c550 f i bncs_clientmainwindowimpl.obj
 0002:000095b0       ??H@YA?BVQPoint@@ABV0@0@Z  0041c5b0 f i bncs_clientmainwindowimpl.obj
 0002:00009630       ??R?$QPtrListIterator@VsignalConnection@@@@QAEPAVsignalConnection@@XZ 0041c630 f i bncs_clientmainwindowimpl.obj
 0002:00009690       ??Y?$QPtrListIterator@VsignalConnection@@@@QAEPAVsignalConnection@@I@Z 0041c690 f i bncs_clientmainwindowimpl.obj
 0002:00009700       ??Z?$QPtrListIterator@VsignalConnection@@@@QAEPAVsignalConnection@@I@Z 0041c700 f i bncs_clientmainwindowimpl.obj
 0002:00009770       ??_E?$QPtrList@VsignalConnection@@@@UAEPAXI@Z 0041c770 f i bncs_clientmainwindowimpl.obj
 0002:0000982b       ??_Ebncs_clientMainWindowImpl@@WCI@AEPAXI@Z 0041c82b f i bncs_clientmainwindowimpl.obj
 0002:00009840       ??_EsignalConnectionRefList@@UAEPAXI@Z 0041c840 f i bncs_clientmainwindowimpl.obj
 0002:00009900       ??_G?$QPtrList@VsignalConnection@@@@UAEPAXI@Z 0041c900 f i bncs_clientmainwindowimpl.obj
 0002:00009970       ??_G_Generic_error_category@std@@UAEPAXI@Z 0041c970 f i bncs_clientmainwindowimpl.obj
 0002:00009970       ??_E_Generic_error_category@std@@UAEPAXI@Z 0041c970 f i bncs_clientmainwindowimpl.obj
 0002:000099e0       ??_G_Iostream_error_category@std@@UAEPAXI@Z 0041c9e0 f i bncs_clientmainwindowimpl.obj
 0002:000099e0       ??_E_Iostream_error_category@std@@UAEPAXI@Z 0041c9e0 f i bncs_clientmainwindowimpl.obj
 0002:00009a50       ??_G_System_error_category@std@@UAEPAXI@Z 0041ca50 f i bncs_clientmainwindowimpl.obj
 0002:00009a50       ??_E_System_error_category@std@@UAEPAXI@Z 0041ca50 f i bncs_clientmainwindowimpl.obj
 0002:00009ac0       ??_Ebncs_clientMainWindowImpl@@UAEPAXI@Z 0041cac0 f i bncs_clientmainwindowimpl.obj
 0002:00009ac0       ??_Gbncs_clientMainWindowImpl@@UAEPAXI@Z 0041cac0 f i bncs_clientmainwindowimpl.obj
 0002:00009b30       ??_Eerror_category@std@@UAEPAXI@Z 0041cb30 f i bncs_clientmainwindowimpl.obj
 0002:00009b30       ??_Gerror_category@std@@UAEPAXI@Z 0041cb30 f i bncs_clientmainwindowimpl.obj
 0002:00009ba0       ??_GsignalConnection@@QAEPAXI@Z 0041cba0 f i bncs_clientmainwindowimpl.obj
 0002:00009c10       ??_GsignalConnectionRefList@@UAEPAXI@Z 0041cc10 f i bncs_clientmainwindowimpl.obj
 0002:00009c80       ?_Alloc_proxy@?$_String_alloc@$0A@U?$_String_base_types@DV?$allocator@D@std@@@std@@@std@@QAEXXZ 0041cc80 f i bncs_clientmainwindowimpl.obj
 0002:00009d50       ?_Copy@?$basic_string@DU?$char_traits@D@std@@V?$allocator@D@2@@std@@QAEXII@Z 0041cd50 f i bncs_clientmainwindowimpl.obj
 0002:0000a010       ?_Eos@?$basic_string@DU?$char_traits@D@std@@V?$allocator@D@2@@std@@QAEXI@Z 0041d010 f i bncs_clientmainwindowimpl.obj
 0002:0000a090       ?_Free_proxy@?$_String_alloc@$0A@U?$_String_base_types@DV?$allocator@D@std@@@std@@@std@@QAEXXZ 0041d090 f i bncs_clientmainwindowimpl.obj
 0002:0000a170       ?_Getal@?$_String_alloc@$0A@U?$_String_base_types@DV?$allocator@D@std@@@std@@@std@@QBE?AU?$_Wrap_alloc@V?$allocator@D@std@@@2@XZ 0041d170 f i bncs_clientmainwindowimpl.obj
 0002:0000a1d0       ?_Grow@?$basic_string@DU?$char_traits@D@std@@V?$allocator@D@2@@std@@QAE_NI_N@Z 0041d1d0 f i bncs_clientmainwindowimpl.obj
 0002:0000a2f0       ?_Inside@?$basic_string@DU?$char_traits@D@std@@V?$allocator@D@2@@std@@QAE_NPBD@Z 0041d2f0 f i bncs_clientmainwindowimpl.obj
 0002:0000a370       ?_Myptr@?$_String_val@U?$_Simple_types@D@std@@@std@@QAEPADXZ 0041d370 f i bncs_clientmainwindowimpl.obj
 0002:0000a400       ?_Myptr@?$_String_val@U?$_Simple_types@D@std@@@std@@QBEPBDXZ 0041d400 f i bncs_clientmainwindowimpl.obj
 0002:0000a490       ?_Tidy@?$basic_string@DU?$char_traits@D@std@@V?$allocator@D@2@@std@@QAEX_NI@Z 0041d490 f i bncs_clientmainwindowimpl.obj
 0002:0000a5a0       ?_Xlen@?$basic_string@DU?$char_traits@D@std@@V?$allocator@D@2@@std@@QBEXXZ 0041d5a0 f i bncs_clientmainwindowimpl.obj
 0002:0000a600       ?_Xran@?$basic_string@DU?$char_traits@D@std@@V?$allocator@D@2@@std@@QBEXXZ 0041d600 f i bncs_clientmainwindowimpl.obj
 0002:0000a660       ?allocate@?$_Wrap_alloc@V?$allocator@D@std@@@std@@QAEPADI@Z 0041d660 f i bncs_clientmainwindowimpl.obj
 0002:0000a6c0       ?allocate@?$allocator@D@std@@QAEPADI@Z 0041d6c0 f i bncs_clientmainwindowimpl.obj
 0002:0000a720       ?allocate@?$allocator@U_Container_proxy@std@@@std@@QAEPAU_Container_proxy@2@I@Z 0041d720 f i bncs_clientmainwindowimpl.obj
 0002:0000a780       ?append@?$QPtrList@VsignalConnection@@@@QAEXPBVsignalConnection@@@Z 0041d780 f i bncs_clientmainwindowimpl.obj
 0002:0000a7f0       ?assign@?$basic_string@DU?$char_traits@D@std@@V?$allocator@D@2@@std@@QAEAAV12@ABV12@II@Z 0041d7f0 f i bncs_clientmainwindowimpl.obj
 0002:0000a900       ?assign@?$basic_string@DU?$char_traits@D@std@@V?$allocator@D@2@@std@@QAEAAV12@PBD@Z 0041d900 f i bncs_clientmainwindowimpl.obj
 0002:0000a990       ?assign@?$basic_string@DU?$char_traits@D@std@@V?$allocator@D@2@@std@@QAEAAV12@PBDI@Z 0041d990 f i bncs_clientmainwindowimpl.obj
 0002:0000aa90       ?assign@?$char_traits@D@std@@SAXAADABD@Z 0041da90 f i bncs_clientmainwindowimpl.obj
 0002:0000aad0       ?at@?$QPtrList@VsignalConnection@@@@QAEPAVsignalConnection@@I@Z 0041dad0 f i bncs_clientmainwindowimpl.obj
 0002:0000ab40       ?at@?$QPtrList@VsignalConnection@@@@QBEHXZ 0041db40 f i bncs_clientmainwindowimpl.obj
 0002:0000aba0       ?atFirst@?$QPtrListIterator@VsignalConnection@@@@QBE_NXZ 0041dba0 f i bncs_clientmainwindowimpl.obj
 0002:0000ac00       ?atLast@?$QPtrListIterator@VsignalConnection@@@@QBE_NXZ 0041dc00 f i bncs_clientmainwindowimpl.obj
 0002:0000ac60       ?begin@?$QPtrList@VsignalConnection@@@@QAE?AV?$QPtrListStdIterator@VsignalConnection@@@@XZ 0041dc60 f i bncs_clientmainwindowimpl.obj
 0002:0000acd0       ?begin@?$QPtrList@VsignalConnection@@@@QBE?AV?$QPtrListStdIterator@VsignalConnection@@@@XZ 0041dcd0 f i bncs_clientmainwindowimpl.obj
 0002:0000ad40       ?category@error_code@std@@QBEABVerror_category@2@XZ 0041dd40 f i bncs_clientmainwindowimpl.obj
 0002:0000ad80       ?category@error_condition@std@@QBEABVerror_category@2@XZ 0041dd80 f i bncs_clientmainwindowimpl.obj
 0002:0000adc0       ?cccConfigChangeMessage@IccClientCallback@@MAEXABV?$basic_string@DU?$char_traits@D@std@@V?$allocator@D@2@@std@@@Z 0041ddc0 f i bncs_clientmainwindowimpl.obj
 0002:0000ae00       ?cccConnected@IccClientCallback@@MAEXXZ 0041de00 f i bncs_clientmainwindowimpl.obj
 0002:0000ae40       ?cccDatabaseChange@IccClientCallback@@MAEXHHH@Z 0041de40 f i bncs_clientmainwindowimpl.obj
 0002:0000ae80       ?cccDeviceMessage@IccClientCallback@@MAEXHHABV?$basic_string@DU?$char_traits@D@std@@V?$allocator@D@2@@std@@H@Z 0041de80 f i bncs_clientmainwindowimpl.obj
 0002:0000aec0       ?cccDeviceMode@IccClientCallback@@MAEXHHW4redundancyState@cc@@@Z 0041dec0 f i bncs_clientmainwindowimpl.obj
 0002:0000af00       ?cccDisconnected@IccClientCallback@@MAEXXZ 0041df00 f i bncs_clientmainwindowimpl.obj
 0002:0000af40       ?cccGpiRevertive@IccClientCallback@@MAEXHH_N@Z 0041df40 f i bncs_clientmainwindowimpl.obj
 0002:0000af80       ?cccInfoRevertive@IccClientCallback@@MAEXHHABV?$basic_string@DU?$char_traits@D@std@@V?$allocator@D@2@@std@@@Z 0041df80 f i bncs_clientmainwindowimpl.obj
 0002:0000afc0       ?cccPollError@IccClientCallback@@MAEXHH@Z 0041dfc0 f i bncs_clientmainwindowimpl.obj
 0002:0000b000       ?cccRtrRevertive@IccClientCallback@@MAEXHHH@Z 0041e000 f i bncs_clientmainwindowimpl.obj
 0002:0000b040       ?cccSerialNumberError@IccClientCallback@@MAEXHH@Z 0041e040 f i bncs_clientmainwindowimpl.obj
 0002:0000b080       ?clear@?$QPtrList@VsignalConnection@@@@UAEXXZ 0041e080 f i bncs_clientmainwindowimpl.obj
 0002:0000b0e0       ?constBegin@?$QPtrList@VsignalConnection@@@@QBE?AV?$QPtrListStdIterator@VsignalConnection@@@@XZ 0041e0e0 f i bncs_clientmainwindowimpl.obj
 0002:0000b150       ?constEnd@?$QPtrList@VsignalConnection@@@@QBE?AV?$QPtrListStdIterator@VsignalConnection@@@@XZ 0041e150 f i bncs_clientmainwindowimpl.obj
 0002:0000b1c0       ?contains@?$QPtrList@VsignalConnection@@@@QBEIPBVsignalConnection@@@Z 0041e1c0 f i bncs_clientmainwindowimpl.obj
 0002:0000b230       ?containsRef@?$QPtrList@VsignalConnection@@@@QBEIPBVsignalConnection@@@Z 0041e230 f i bncs_clientmainwindowimpl.obj
 0002:0000b2a0       ?copy@?$char_traits@D@std@@SAPADPADPBDI@Z 0041e2a0 f i bncs_clientmainwindowimpl.obj
 0002:0000b320       ?count@?$QPtrList@VsignalConnection@@@@UBEIXZ 0041e320 f i bncs_clientmainwindowimpl.obj
 0002:0000b380       ?count@?$QPtrListIterator@VsignalConnection@@@@QBEIXZ 0041e380 f i bncs_clientmainwindowimpl.obj
 0002:0000b3f0       ?current@?$QPtrList@VsignalConnection@@@@QBEPAVsignalConnection@@XZ 0041e3f0 f i bncs_clientmainwindowimpl.obj
 0002:0000b450       ?current@?$QPtrListIterator@VsignalConnection@@@@QBEPAVsignalConnection@@XZ 0041e450 f i bncs_clientmainwindowimpl.obj
 0002:0000b4b0       ?currentNode@?$QPtrList@VsignalConnection@@@@QBEPAVQLNode@@XZ 0041e4b0 f i bncs_clientmainwindowimpl.obj
 0002:0000b510       ?deallocate@?$_Wrap_alloc@V?$allocator@D@std@@@std@@QAEXPADI@Z 0041e510 f i bncs_clientmainwindowimpl.obj
 0002:0000b570       ?deallocate@?$allocator@D@std@@QAEXPADI@Z 0041e570 f i bncs_clientmainwindowimpl.obj
 0002:0000b5d0       ?deallocate@?$allocator@U_Container_proxy@std@@@std@@QAEXPAU_Container_proxy@2@I@Z 0041e5d0 f i bncs_clientmainwindowimpl.obj
 0002:0000b630       ?default_error_condition@_System_error_category@std@@UBE?AVerror_condition@2@H@Z 0041e630 f i bncs_clientmainwindowimpl.obj
 0002:0000b6e0       ?default_error_condition@error_category@std@@UBE?AVerror_condition@2@H@Z 0041e6e0 f i bncs_clientmainwindowimpl.obj
 0002:0000b740       ?deleteItem@?$QPtrList@VsignalConnection@@@@EAEXPAX@Z 0041e740 f i bncs_clientmainwindowimpl.obj
 0002:0000b7f0       ?end@?$QPtrList@VsignalConnection@@@@QAE?AV?$QPtrListStdIterator@VsignalConnection@@@@XZ 0041e7f0 f i bncs_clientmainwindowimpl.obj
 0002:0000b860       ?end@?$QPtrList@VsignalConnection@@@@QBE?AV?$QPtrListStdIterator@VsignalConnection@@@@XZ 0041e860 f i bncs_clientmainwindowimpl.obj
 0002:0000b8d0       ?equivalent@error_category@std@@UBE_NABVerror_code@2@H@Z 0041e8d0 f i bncs_clientmainwindowimpl.obj
 0002:0000b970       ?equivalent@error_category@std@@UBE_NHABVerror_condition@2@@Z 0041e970 f i bncs_clientmainwindowimpl.obj
 0002:0000b9f0       ?erase@?$QPtrList@VsignalConnection@@@@QAE?AV?$QPtrListStdIterator@VsignalConnection@@@@V2@@Z 0041e9f0 f i bncs_clientmainwindowimpl.obj
 0002:0000ba80       ?erase@?$basic_string@DU?$char_traits@D@std@@V?$allocator@D@2@@std@@QAEAAV12@I@Z 0041ea80 f i bncs_clientmainwindowimpl.obj
 0002:0000bb00       ?erase@?$basic_string@DU?$char_traits@D@std@@V?$allocator@D@2@@std@@QAEAAV12@II@Z 0041eb00 f i bncs_clientmainwindowimpl.obj
 0002:0000bbe0       ?find@?$QPtrList@VsignalConnection@@@@QAEHPBVsignalConnection@@@Z 0041ebe0 f i bncs_clientmainwindowimpl.obj
 0002:0000bc50       ?findNext@?$QPtrList@VsignalConnection@@@@QAEHPBVsignalConnection@@@Z 0041ec50 f i bncs_clientmainwindowimpl.obj
 0002:0000bcc0       ?findNextRef@?$QPtrList@VsignalConnection@@@@QAEHPBVsignalConnection@@@Z 0041ecc0 f i bncs_clientmainwindowimpl.obj
 0002:0000bd30       ?findRef@?$QPtrList@VsignalConnection@@@@QAEHPBVsignalConnection@@@Z 0041ed30 f i bncs_clientmainwindowimpl.obj
 0002:0000bda0       ?first@?$QPtrList@VsignalConnection@@@@QAEPAVsignalConnection@@XZ 0041eda0 f i bncs_clientmainwindowimpl.obj
 0002:0000be00       ?generic_category@std@@YAABVerror_category@1@XZ 0041ee00 f i bncs_clientmainwindowimpl.obj
 0002:0000be40       ?getFirst@?$QPtrList@VsignalConnection@@@@QBEPAVsignalConnection@@XZ 0041ee40 f i bncs_clientmainwindowimpl.obj
 0002:0000bea0       ?getLast@?$QPtrList@VsignalConnection@@@@QBEPAVsignalConnection@@XZ 0041eea0 f i bncs_clientmainwindowimpl.obj
 0002:0000bf00       ?inSort@?$QPtrList@VsignalConnection@@@@QAEXPBVsignalConnection@@@Z 0041ef00 f i bncs_clientmainwindowimpl.obj
 0002:0000bf70       ?insert@?$QPtrList@VsignalConnection@@@@QAE_NIPBVsignalConnection@@@Z 0041ef70 f i bncs_clientmainwindowimpl.obj
 0002:0000bfe0       ?isEmpty@?$QPtrList@VsignalConnection@@@@QBE_NXZ 0041efe0 f i bncs_clientmainwindowimpl.obj
 0002:0000c070       ?isEmpty@?$QPtrListIterator@VsignalConnection@@@@QBE_NXZ 0041f070 f i bncs_clientmainwindowimpl.obj
 0002:0000c100       ?last@?$QPtrList@VsignalConnection@@@@QAEPAVsignalConnection@@XZ 0041f100 f i bncs_clientmainwindowimpl.obj
 0002:0000c160       ?length@?$char_traits@D@std@@SAIPBD@Z 0041f160 f i bncs_clientmainwindowimpl.obj
 0002:0000c1e0       ?max_size@?$_Wrap_alloc@V?$allocator@D@std@@@std@@QBEIXZ 0041f1e0 f i bncs_clientmainwindowimpl.obj
 0002:0000c240       ?max_size@?$allocator@D@std@@QBEIXZ 0041f240 f i bncs_clientmainwindowimpl.obj
 0002:0000c280       ?max_size@?$allocator_traits@V?$allocator@D@std@@@std@@SAIABV?$allocator@D@2@@Z 0041f280 f i bncs_clientmainwindowimpl.obj
 0002:0000c2d0       ?max_size@?$basic_string@DU?$char_traits@D@std@@V?$allocator@D@2@@std@@QBEIXZ 0041f2d0 f i bncs_clientmainwindowimpl.obj
 0002:0000c370       ?message@_Generic_error_category@std@@UBE?AV?$basic_string@DU?$char_traits@D@std@@V?$allocator@D@2@@2@H@Z 0041f370 f i bncs_clientmainwindowimpl.obj
 0002:0000c430       ?message@_Iostream_error_category@std@@UBE?AV?$basic_string@DU?$char_traits@D@std@@V?$allocator@D@2@@2@H@Z 0041f430 f i bncs_clientmainwindowimpl.obj
 0002:0000c4f0       ?message@_System_error_category@std@@UBE?AV?$basic_string@DU?$char_traits@D@std@@V?$allocator@D@2@@2@H@Z 0041f4f0 f i bncs_clientmainwindowimpl.obj
 0002:0000c5b0       ?metaObject@bncs_clientMainWindowImpl@@UBEPAVQMetaObject@@XZ 0041f5b0 f i bncs_clientmainwindowimpl.obj
 0002:0000c600       ?move@?$char_traits@D@std@@SAPADPADPBDI@Z 0041f600 f i bncs_clientmainwindowimpl.obj
 0002:0000c690       ?name@_Generic_error_category@std@@UBEPBDXZ 0041f690 f i bncs_clientmainwindowimpl.obj
 0002:0000c6d0       ?name@_Iostream_error_category@std@@UBEPBDXZ 0041f6d0 f i bncs_clientmainwindowimpl.obj
 0002:0000c710       ?name@_System_error_category@std@@UBEPBDXZ 0041f710 f i bncs_clientmainwindowimpl.obj
 0002:0000c750       ?next@?$QPtrList@VsignalConnection@@@@QAEPAVsignalConnection@@XZ 0041f750 f i bncs_clientmainwindowimpl.obj
 0002:0000c7b0       ?path@global@@SA?AVQString@@XZ 0041f7b0 f i bncs_clientmainwindowimpl.obj
 0002:0000c970       ?prepend@?$QPtrList@VsignalConnection@@@@QAEXPBVsignalConnection@@@Z 0041f970 f i bncs_clientmainwindowimpl.obj
 0002:0000c9e0       ?prev@?$QPtrList@VsignalConnection@@@@QAEPAVsignalConnection@@XZ 0041f9e0 f i bncs_clientmainwindowimpl.obj
 0002:0000ca40       ?remove@?$QPtrList@VsignalConnection@@@@QAE_NI@Z 0041fa40 f i bncs_clientmainwindowimpl.obj
 0002:0000cab0       ?remove@?$QPtrList@VsignalConnection@@@@QAE_NPBVsignalConnection@@@Z 0041fab0 f i bncs_clientmainwindowimpl.obj
 0002:0000cb20       ?remove@?$QPtrList@VsignalConnection@@@@QAE_NXZ 0041fb20 f i bncs_clientmainwindowimpl.obj
 0002:0000cb80       ?removeFirst@?$QPtrList@VsignalConnection@@@@QAE_NXZ 0041fb80 f i bncs_clientmainwindowimpl.obj
 0002:0000cbe0       ?removeLast@?$QPtrList@VsignalConnection@@@@QAE_NXZ 0041fbe0 f i bncs_clientmainwindowimpl.obj
 0002:0000cc40       ?removeNode@?$QPtrList@VsignalConnection@@@@QAEXPAVQLNode@@@Z 0041fc40 f i bncs_clientmainwindowimpl.obj
 0002:0000ccb0       ?removeRef@?$QPtrList@VsignalConnection@@@@QAE_NPBVsignalConnection@@@Z 0041fcb0 f i bncs_clientmainwindowimpl.obj
 0002:0000cd20       ?replace@?$QPtrList@VsignalConnection@@@@QAE_NIPBVsignalConnection@@@Z 0041fd20 f i bncs_clientmainwindowimpl.obj
 0002:0000cd90       ?size@?$basic_string@DU?$char_traits@D@std@@V?$allocator@D@2@@std@@QBEIXZ 0041fd90 f i bncs_clientmainwindowimpl.obj
 0002:0000cdd0       ?sort@?$QPtrList@VsignalConnection@@@@QAEXXZ 0041fdd0 f i bncs_clientmainwindowimpl.obj
 0002:0000ce30       ?system_category@std@@YAABVerror_category@1@XZ 0041fe30 f i bncs_clientmainwindowimpl.obj
 0002:0000ce70       ?take@?$QPtrList@VsignalConnection@@@@QAEPAVsignalConnection@@I@Z 0041fe70 f i bncs_clientmainwindowimpl.obj
 0002:0000cee0       ?take@?$QPtrList@VsignalConnection@@@@QAEPAVsignalConnection@@XZ 0041fee0 f i bncs_clientmainwindowimpl.obj
 0002:0000cf40       ?takeNode@?$QPtrList@VsignalConnection@@@@QAEPAVsignalConnection@@PAVQLNode@@@Z 0041ff40 f i bncs_clientmainwindowimpl.obj
 0002:0000cfb0       ?toFirst@?$QPtrListIterator@VsignalConnection@@@@QAEPAVsignalConnection@@XZ 0041ffb0 f i bncs_clientmainwindowimpl.obj
 0002:0000d010       ?toLast@?$QPtrListIterator@VsignalConnection@@@@QAEPAVsignalConnection@@XZ 00420010 f i bncs_clientmainwindowimpl.obj
 0002:0000d070       ?toVector@?$QPtrList@VsignalConnection@@@@QBEXPAVQGVector@@@Z 00420070 f i bncs_clientmainwindowimpl.obj
 0002:0000d0e0       ?value@error_code@std@@QBEHXZ 004200e0 f i bncs_clientmainwindowimpl.obj
 0002:0000d120       ?value@error_condition@std@@QBEHXZ 00420120 f i bncs_clientmainwindowimpl.obj
 0002:0000d160       _hypot                     00420160 f i bncs_clientmainwindowimpl.obj
 0002:0000d1e0       ?readConfigSection@ccConfig@@SAXABV?$basic_string@DU?$char_traits@D@std@@V?$allocator@D@2@@std@@0AAV?$map@V?$basic_string@DU?$char_traits@D@std@@V?$allocator@D@2@@std@@V12@U?$less@V?$basic_string@DU?$char_traits@D@std@@V?$allocator@D@2@@std@@@2@V?$allocator@U?$pair@$$CBV?$basic_string@DU?$char_traits@D@std@@V?$allocator@D@2@@std@@V12@@std@@@2@@3@@Z 004201e0 f   ccConfig.obj
 0002:0000d3e0       ?readConfigSectionRoot@ccConfig@@SAXABV?$basic_string@DU?$char_traits@D@std@@V?$allocator@D@2@@std@@0AAV?$map@V?$basic_string@DU?$char_traits@D@std@@V?$allocator@D@2@@std@@V12@U?$less@V?$basic_string@DU?$char_traits@D@std@@V?$allocator@D@2@@std@@@2@V?$allocator@U?$pair@$$CBV?$basic_string@DU?$char_traits@D@std@@V?$allocator@D@2@@std@@V12@@std@@@2@@3@@Z 004203e0 f   ccConfig.obj
 0002:0000d520       ?readConfigSection@ccConfig@@SAXHABV?$basic_string@DU?$char_traits@D@std@@V?$allocator@D@2@@std@@AAV?$map@V?$basic_string@DU?$char_traits@D@std@@V?$allocator@D@2@@std@@V12@U?$less@V?$basic_string@DU?$char_traits@D@std@@V?$allocator@D@2@@std@@@2@V?$allocator@U?$pair@$$CBV?$basic_string@DU?$char_traits@D@std@@V?$allocator@D@2@@std@@V12@@std@@@2@@3@@Z 00420520 f   ccConfig.obj
 0002:0000d690       ?deleteKeysFromSectionRoot@ccConfig@@SAXABV?$basic_string@DU?$char_traits@D@std@@V?$allocator@D@2@@std@@00@Z 00420690 f   ccConfig.obj
 0002:0000d900       ?writeConfigSection@ccConfig@@SAXABV?$basic_string@DU?$char_traits@D@std@@V?$allocator@D@2@@std@@0ABV?$map@V?$basic_string@DU?$char_traits@D@std@@V?$allocator@D@2@@std@@V12@U?$less@V?$basic_string@DU?$char_traits@D@std@@V?$allocator@D@2@@std@@@2@V?$allocator@U?$pair@$$CBV?$basic_string@DU?$char_traits@D@std@@V?$allocator@D@2@@std@@V12@@std@@@2@@3@@Z 00420900 f   ccConfig.obj
 0002:0000db00       ?writeConfigSectionRoot@ccConfig@@SAXABV?$basic_string@DU?$char_traits@D@std@@V?$allocator@D@2@@std@@0ABV?$map@V?$basic_string@DU?$char_traits@D@std@@V?$allocator@D@2@@std@@V12@U?$less@V?$basic_string@DU?$char_traits@D@std@@V?$allocator@D@2@@std@@@2@V?$allocator@U?$pair@$$CBV?$basic_string@DU?$char_traits@D@std@@V?$allocator@D@2@@std@@V12@@std@@@2@@3@@Z 00420b00 f   ccConfig.obj
 0002:0000dc40       ?writeConfigSection@ccConfig@@SAXHABV?$basic_string@DU?$char_traits@D@std@@V?$allocator@D@2@@std@@ABV?$map@V?$basic_string@DU?$char_traits@D@std@@V?$allocator@D@2@@std@@V12@U?$less@V?$basic_string@DU?$char_traits@D@std@@V?$allocator@D@2@@std@@@2@V?$allocator@U?$pair@$$CBV?$basic_string@DU?$char_traits@D@std@@V?$allocator@D@2@@std@@V12@@std@@@2@@3@@Z 00420c40 f   ccConfig.obj
 0002:0000ddb0       ?getString@ccConfig@@SA?AV?$basic_string@DU?$char_traits@D@std@@V?$allocator@D@2@@std@@ABV23@000_N@Z 00420db0 f   ccConfig.obj
 0002:0000dfc0       ?getString@ccConfig@@SA?AV?$basic_string@DU?$char_traits@D@std@@V?$allocator@D@2@@std@@HABV23@00_N@Z 00420fc0 f   ccConfig.obj
 0002:0000e1d0       ?setString@ccConfig@@SAXABV?$basic_string@DU?$char_traits@D@std@@V?$allocator@D@2@@std@@000@Z 004211d0 f   ccConfig.obj
 0002:0000e330       ?setString@ccConfig@@SAXHABV?$basic_string@DU?$char_traits@D@std@@V?$allocator@D@2@@std@@00@Z 00421330 f   ccConfig.obj
 0002:0000e4a0       ?getInt@ccConfig@@SAHABV?$basic_string@DU?$char_traits@D@std@@V?$allocator@D@2@@std@@00H_N@Z 004214a0 f   ccConfig.obj
 0002:0000e680       ?getInt@ccConfig@@SAHHABV?$basic_string@DU?$char_traits@D@std@@V?$allocator@D@2@@std@@0H_N@Z 00421680 f   ccConfig.obj
 0002:0000e870       ?getDevPath@ccConfig@@SA?AV?$basic_string@DU?$char_traits@D@std@@V?$allocator@D@2@@std@@XZ 00421870 f   ccConfig.obj
 0002:0000eac0       ?getSystem@ccConfig@@SA?AV?$basic_string@DU?$char_traits@D@std@@V?$allocator@D@2@@std@@XZ 00421ac0 f   ccConfig.obj
 0002:0000ec40       ?getDevPath@ccConfig@@SA?AV?$basic_string@DU?$char_traits@D@std@@V?$allocator@D@2@@std@@H@Z 00421c40 f   ccConfig.obj
 0002:0000eda0       ?getDevPath@ccConfig@@SA?AV?$basic_string@DU?$char_traits@D@std@@V?$allocator@D@2@@std@@ABV23@@Z 00421da0 f   ccConfig.obj
 0002:0000eed0       ?isV4Based@ccConfig@@SA_NXZ 00421ed0 f   ccConfig.obj
 0002:0000ef80       ?isV3Based@ccConfig@@SA_NXZ 00421f80 f   ccConfig.obj
 0002:0000f050       ?workstation@ccConfig@@SAHXZ 00422050 f   ccConfig.obj
 0002:0000f2e0       ?sectionsAbs@ccConfig@@SAXABV?$basic_string@DU?$char_traits@D@std@@V?$allocator@D@2@@std@@AAV?$list@V?$basic_string@DU?$char_traits@D@std@@V?$allocator@D@2@@std@@V?$allocator@V?$basic_string@DU?$char_traits@D@std@@V?$allocator@D@2@@std@@@2@@3@@Z 004222e0 f   ccConfig.obj
 0002:0000f4f0       ?sections@ccConfig@@SAXABV?$basic_string@DU?$char_traits@D@std@@V?$allocator@D@2@@std@@AAV?$list@V?$basic_string@DU?$char_traits@D@std@@V?$allocator@D@2@@std@@V?$allocator@V?$basic_string@DU?$char_traits@D@std@@V?$allocator@D@2@@std@@@2@@3@@Z 004224f0 f   ccConfig.obj
 0002:0000f6e0       ?sectionsRoot@ccConfig@@SAXABV?$basic_string@DU?$char_traits@D@std@@V?$allocator@D@2@@std@@AAV?$list@V?$basic_string@DU?$char_traits@D@std@@V?$allocator@D@2@@std@@V?$allocator@V?$basic_string@DU?$char_traits@D@std@@V?$allocator@D@2@@std@@@2@@3@@Z 004226e0 f   ccConfig.obj
 0002:0000f820       ?sections@ccConfig@@SAXHAAV?$list@V?$basic_string@DU?$char_traits@D@std@@V?$allocator@D@2@@std@@V?$allocator@V?$basic_string@DU?$char_traits@D@std@@V?$allocator@D@2@@std@@@2@@std@@@Z 00422820 f   ccConfig.obj
 0002:0000f990       ?deleteSectionRoot@ccConfig@@SAXABV?$basic_string@DU?$char_traits@D@std@@V?$allocator@D@2@@std@@0@Z 00422990 f   ccConfig.obj
 0002:0000fad0       ??0ccConfig@@QAE@XZ        00422ad0 f   ccConfig.obj
 0002:0000fb70       ??0ccConfig@@QAE@ABV?$basic_string@DU?$char_traits@D@std@@V?$allocator@D@2@@std@@0@Z 00422b70 f   ccConfig.obj
 0002:0000fc90       ??0ccConfig@@QAE@HABV?$basic_string@DU?$char_traits@D@std@@V?$allocator@D@2@@std@@@Z 00422c90 f   ccConfig.obj
 0002:0000fdb0       ??1ccConfig@@UAE@XZ        00422db0 f   ccConfig.obj
 0002:0000fe20       ?getString@ccConfig@@QAE?AV?$basic_string@DU?$char_traits@D@std@@V?$allocator@D@2@@std@@ABV23@0_N@Z 00422e20 f   ccConfig.obj
 0002:0000ffe0       ?setString@ccConfig@@QAEXABV?$basic_string@DU?$char_traits@D@std@@V?$allocator@D@2@@std@@0@Z 00422fe0 f   ccConfig.obj
 0002:00010140       ?getInt@ccConfig@@QAEHABV?$basic_string@DU?$char_traits@D@std@@V?$allocator@D@2@@std@@H_N@Z 00423140 f   ccConfig.obj
 0002:00010320       ?developerMode@ccConfig@@SA_NXZ 00423320 f   ccConfig.obj
 0002:000103c0       ?getLogPath@ccConfig@@SA?AV?$basic_string@DU?$char_traits@D@std@@V?$allocator@D@2@@std@@ABV23@0@Z 004233c0 f   ccConfig.obj
 0002:00010590       ?readConfigSectionAbs@ccConfig@@CAXABV?$basic_string@DU?$char_traits@D@std@@V?$allocator@D@2@@std@@0AAV?$map@V?$basic_string@DU?$char_traits@D@std@@V?$allocator@D@2@@std@@V12@U?$less@V?$basic_string@DU?$char_traits@D@std@@V?$allocator@D@2@@std@@@2@V?$allocator@U?$pair@$$CBV?$basic_string@DU?$char_traits@D@std@@V?$allocator@D@2@@std@@V12@@std@@@2@@3@@Z 00423590 f   ccConfig.obj
 0002:00010990       ?writeConfigSectionAbs@ccConfig@@CAXABV?$basic_string@DU?$char_traits@D@std@@V?$allocator@D@2@@std@@0ABV?$map@V?$basic_string@DU?$char_traits@D@std@@V?$allocator@D@2@@std@@V12@U?$less@V?$basic_string@DU?$char_traits@D@std@@V?$allocator@D@2@@std@@@2@V?$allocator@U?$pair@$$CBV?$basic_string@DU?$char_traits@D@std@@V?$allocator@D@2@@std@@V12@@std@@@2@@3@@Z 00423990 f   ccConfig.obj
 0002:00010f90       ?buftolower@ccConfig@@CAPADPAD@Z 00423f90 f   ccConfig.obj
 0002:00011030       ?strtolower@ccConfig@@CA?AV?$basic_string@DU?$char_traits@D@std@@V?$allocator@D@2@@std@@ABV23@@Z 00424030 f   ccConfig.obj
 0002:00011180       ?find@ccConfig@@AAE?AV?$_Tree_iterator@V?$_Tree_val@U?$_Tree_simple_types@U?$pair@$$CBV?$basic_string@DU?$char_traits@D@std@@V?$allocator@D@2@@std@@V12@@std@@@std@@@std@@@std@@ABV?$basic_string@DU?$char_traits@D@std@@V?$allocator@D@2@@3@@Z 00424180 f   ccConfig.obj
 0002:00012430       ??$?0AAV?$_Tree_iterator@V?$_Tree_val@U?$_Tree_simple_types@U?$pair@$$CBV?$basic_string@DU?$char_traits@D@std@@V?$allocator@D@2@@std@@V12@@std@@@std@@@std@@@std@@_NX@?$pair@V?$_Tree_iterator@V?$_Tree_val@U?$_Tree_simple_types@U?$pair@$$CBV?$basic_string@DU?$char_traits@D@std@@V?$allocator@D@2@@std@@V12@@std@@@std@@@std@@@std@@_N@std@@QAE@AAV?$_Tree_iterator@V?$_Tree_val@U?$_Tree_simple_types@U?$pair@$$CBV?$basic_string@DU?$char_traits@D@std@@V?$allocator@D@2@@std@@V12@@std@@@std@@@std@@@1@$$QA_N@Z 00425430 f i ccConfig.obj
 0002:00012500       ??$?0AAV?$basic_string@DU?$char_traits@D@std@@V?$allocator@D@2@@std@@AAV01@X@?$pair@V?$basic_string@DU?$char_traits@D@std@@V?$allocator@D@2@@std@@V12@@std@@QAE@AAV?$basic_string@DU?$char_traits@D@std@@V?$allocator@D@2@@1@0@Z 00425500 f i ccConfig.obj
 0002:000125d0       ??$?0U?$_Tree_node@U?$pair@$$CBV?$basic_string@DU?$char_traits@D@std@@V?$allocator@D@2@@std@@V12@@std@@PAX@std@@@?$allocator@U_Container_proxy@std@@@std@@QAE@ABV?$allocator@U?$_Tree_node@U?$pair@$$CBV?$basic_string@DU?$char_traits@D@std@@V?$allocator@D@2@@std@@V12@@std@@PAX@std@@@1@@Z 004255d0 f i ccConfig.obj
 0002:00012610       ??$?0U?$_Wrap_alloc@V?$allocator@U?$_Tree_node@U?$pair@$$CBV?$basic_string@DU?$char_traits@D@std@@V?$allocator@D@2@@std@@V12@@std@@PAX@std@@@std@@@std@@@?$_Wrap_alloc@V?$allocator@U_Container_proxy@std@@@std@@@std@@QAE@ABU?$_Wrap_alloc@V?$allocator@U?$_Tree_node@U?$pair@$$CBV?$basic_string@DU?$char_traits@D@std@@V?$allocator@D@2@@std@@V12@@std@@PAX@std@@@std@@@1@@Z 00425610 f i ccConfig.obj
 0002:00012670       ??$?0V?$_Tree_iterator@V?$_Tree_val@U?$_Tree_simple_types@U?$pair@$$CBV?$basic_string@DU?$char_traits@D@std@@V?$allocator@D@2@@std@@V12@@std@@@std@@@std@@@std@@_NX@?$pair@V?$_Tree_iterator@V?$_Tree_val@U?$_Tree_simple_types@U?$pair@$$CBV?$basic_string@DU?$char_traits@D@std@@V?$allocator@D@2@@std@@V12@@std@@@std@@@std@@@std@@_N@std@@QAE@$$QAV?$_Tree_iterator@V?$_Tree_val@U?$_Tree_simple_types@U?$pair@$$CBV?$basic_string@DU?$char_traits@D@std@@V?$allocator@D@2@@std@@V12@@std@@@std@@@std@@@1@$$QA_N@Z 00425670 f i ccConfig.obj
 0002:00012740       ??$?0V?$basic_string@DU?$char_traits@D@std@@V?$allocator@D@2@@std@@V01@X@?$pair@$$CBV?$basic_string@DU?$char_traits@D@std@@V?$allocator@D@2@@std@@V12@@std@@QAE@$$QAU?$pair@V?$basic_string@DU?$char_traits@D@std@@V?$allocator@D@2@@std@@V12@@1@@Z 00425740 f i ccConfig.obj
 0002:00012810       ??$?8DD@std@@YA_NABV?$allocator@D@0@0@Z 00425810 f i ccConfig.obj
 0002:00012840       ??$?8DU?$char_traits@D@std@@V?$allocator@D@1@@std@@YA_NABV?$basic_string@DU?$char_traits@D@std@@V?$allocator@D@2@@0@0@Z 00425840 f i ccConfig.obj
 0002:000128c0       ??$?8DU?$char_traits@D@std@@V?$allocator@D@1@@std@@YA_NABV?$basic_string@DU?$char_traits@D@std@@V?$allocator@D@2@@0@PBD@Z 004258c0 f i ccConfig.obj
 0002:00012940       ??$?8V?$allocator@D@std@@V01@@std@@YA_NABU?$_Wrap_alloc@V?$allocator@D@std@@@0@0@Z 00425940 f i ccConfig.obj
 0002:000129b0       ??$?9V?$allocator@D@std@@V01@@std@@YA_NABU?$_Wrap_alloc@V?$allocator@D@std@@@0@0@Z 004259b0 f i ccConfig.obj
 0002:00012a30       ??$?HDU?$char_traits@D@std@@V?$allocator@D@1@@std@@YA?AV?$basic_string@DU?$char_traits@D@std@@V?$allocator@D@2@@0@$$QAV10@ABV10@@Z 00425a30 f i ccConfig.obj
 0002:00012ac0       ??$?HDU?$char_traits@D@std@@V?$allocator@D@1@@std@@YA?AV?$basic_string@DU?$char_traits@D@std@@V?$allocator@D@2@@0@$$QAV10@PBD@Z 00425ac0 f i ccConfig.obj
 0002:00012b50       ??$?HDU?$char_traits@D@std@@V?$allocator@D@1@@std@@YA?AV?$basic_string@DU?$char_traits@D@std@@V?$allocator@D@2@@0@ABV10@PBD@Z 00425b50 f i ccConfig.obj
 0002:00012cb0       ??$?HDU?$char_traits@D@std@@V?$allocator@D@1@@std@@YA?AV?$basic_string@DU?$char_traits@D@std@@V?$allocator@D@2@@0@PBDABV10@@Z 00425cb0 f i ccConfig.obj
 0002:00012e10       ??$?MDU?$char_traits@D@std@@V?$allocator@D@1@@std@@YA_NABV?$basic_string@DU?$char_traits@D@std@@V?$allocator@D@2@@0@0@Z 00425e10 f i ccConfig.obj
 0002:00012e90       ??$_Allocate@U?$_List_node@V?$basic_string@DU?$char_traits@D@std@@V?$allocator@D@2@@std@@PAX@std@@@std@@YAPAU?$_List_node@V?$basic_string@DU?$char_traits@D@std@@V?$allocator@D@2@@std@@PAX@0@IPAU10@@Z 00425e90 f i ccConfig.obj
 0002:00012f20       ??$_Allocate@U?$_Tree_node@U?$pair@$$CBV?$basic_string@DU?$char_traits@D@std@@V?$allocator@D@2@@std@@V12@@std@@PAX@std@@@std@@YAPAU?$_Tree_node@U?$pair@$$CBV?$basic_string@DU?$char_traits@D@std@@V?$allocator@D@2@@std@@V12@@std@@PAX@0@IPAU10@@Z 00425f20 f i ccConfig.obj
 0002:00012fb0       ??$_Buynode@U?$pair@V?$basic_string@DU?$char_traits@D@std@@V?$allocator@D@2@@std@@V12@@std@@@?$_Tree_buy@U?$pair@$$CBV?$basic_string@DU?$char_traits@D@std@@V?$allocator@D@2@@std@@V12@@std@@V?$allocator@U?$pair@$$CBV?$basic_string@DU?$char_traits@D@std@@V?$allocator@D@2@@std@@V12@@std@@@2@@std@@QAEPAU?$_Tree_node@U?$pair@$$CBV?$basic_string@DU?$char_traits@D@std@@V?$allocator@D@2@@std@@V12@@std@@PAX@1@$$QAU?$pair@V?$basic_string@DU?$char_traits@D@std@@V?$allocator@D@2@@std@@V12@@1@@Z 00425fb0 f i ccConfig.obj
 0002:00013120       ??$_Buynode@V?$basic_string@DU?$char_traits@D@std@@V?$allocator@D@2@@std@@@?$_List_buy@V?$basic_string@DU?$char_traits@D@std@@V?$allocator@D@2@@std@@V?$allocator@V?$basic_string@DU?$char_traits@D@std@@V?$allocator@D@2@@std@@@2@@std@@QAEPAU?$_List_node@V?$basic_string@DU?$char_traits@D@std@@V?$allocator@D@2@@std@@PAX@1@PAU21@0$$QAV?$basic_string@DU?$char_traits@D@std@@V?$allocator@D@2@@1@@Z 00426120 f i ccConfig.obj
 0002:00013290       ??$_Buynode_if_nil@AAU?$pair@$$CBV?$basic_string@DU?$char_traits@D@std@@V?$allocator@D@2@@std@@V12@@std@@@?$_Tree@V?$_Tmap_traits@V?$basic_string@DU?$char_traits@D@std@@V?$allocator@D@2@@std@@V12@U?$less@V?$basic_string@DU?$char_traits@D@std@@V?$allocator@D@2@@std@@@2@V?$allocator@U?$pair@$$CBV?$basic_string@DU?$char_traits@D@std@@V?$allocator@D@2@@std@@V12@@std@@@2@$0A@@std@@@std@@IAEPAU?$_Tree_node@U?$pair@$$CBV?$basic_string@DU?$char_traits@D@std@@V?$allocator@D@2@@std@@V12@@std@@PAX@1@PAU21@AAU?$pair@$$CBV?$basic_string@DU?$char_traits@D@std@@V?$allocator@D@2@@std@@V12@@1@@Z 00426290 f i ccConfig.obj
 0002:000132d0       ??$_Debug_lt_pred@U?$less@V?$basic_string@DU?$char_traits@D@std@@V?$allocator@D@2@@std@@@std@@ABV?$basic_string@DU?$char_traits@D@std@@V?$allocator@D@2@@2@ABV32@@std@@YA_NU?$less@V?$basic_string@DU?$char_traits@D@std@@V?$allocator@D@2@@std@@@0@ABV?$basic_string@DU?$char_traits@D@std@@V?$allocator@D@2@@0@1PB_WI@Z 004262d0 f i ccConfig.obj
 0002:000133b0       ??$_Insert@V?$basic_string@DU?$char_traits@D@std@@V?$allocator@D@2@@std@@@?$list@V?$basic_string@DU?$char_traits@D@std@@V?$allocator@D@2@@std@@V?$allocator@V?$basic_string@DU?$char_traits@D@std@@V?$allocator@D@2@@std@@@2@@std@@QAEXV?$_List_unchecked_const_iterator@V?$_List_val@U?$_List_simple_types@V?$basic_string@DU?$char_traits@D@std@@V?$allocator@D@2@@std@@@std@@@std@@U_Iterator_base0@2@@1@$$QAV?$basic_string@DU?$char_traits@D@std@@V?$allocator@D@2@@1@@Z 004263b0 f i ccConfig.obj
 0002:00013480       ??$_Insert_at@AAU?$pair@$$CBV?$basic_string@DU?$char_traits@D@std@@V?$allocator@D@2@@std@@V12@@std@@PAU?$_Tree_node@U?$pair@$$CBV?$basic_string@DU?$char_traits@D@std@@V?$allocator@D@2@@std@@V12@@std@@PAX@2@@?$_Tree@V?$_Tmap_traits@V?$basic_string@DU?$char_traits@D@std@@V?$allocator@D@2@@std@@V12@U?$less@V?$basic_string@DU?$char_traits@D@std@@V?$allocator@D@2@@std@@@2@V?$allocator@U?$pair@$$CBV?$basic_string@DU?$char_traits@D@std@@V?$allocator@D@2@@std@@V12@@std@@@2@$0A@@std@@@std@@IAE?AV?$_Tree_iterator@V?$_Tree_val@U?$_Tree_simple_types@U?$pair@$$CBV?$basic_string@DU?$char_traits@D@std@@V?$allocator@D@2@@std@@V12@@std@@@std@@@std@@@1@_NPAU?$_Tree_node@U?$pair@$$CBV?$basic_string@DU?$char_traits@D@std@@V?$allocator@D@2@@std@@V12@@std@@PAX@1@AAU?$pair@$$CBV?$basic_string@DU?$char_traits@D@std@@V?$allocator@D@2@@std@@V12@@1@1@Z 00426480 f i ccConfig.obj
 0002:00013a10       ??$_Insert_nohint@AAU?$pair@$$CBV?$basic_string@DU?$char_traits@D@std@@V?$allocator@D@2@@std@@V12@@std@@PAU?$_Tree_node@U?$pair@$$CBV?$basic_string@DU?$char_traits@D@std@@V?$allocator@D@2@@std@@V12@@std@@PAX@2@@?$_Tree@V?$_Tmap_traits@V?$basic_string@DU?$char_traits@D@std@@V?$allocator@D@2@@std@@V12@U?$less@V?$basic_string@DU?$char_traits@D@std@@V?$allocator@D@2@@std@@@2@V?$allocator@U?$pair@$$CBV?$basic_string@DU?$char_traits@D@std@@V?$allocator@D@2@@std@@V12@@std@@@2@$0A@@std@@@std@@IAE?AU?$pair@V?$_Tree_iterator@V?$_Tree_val@U?$_Tree_simple_types@U?$pair@$$CBV?$basic_string@DU?$char_traits@D@std@@V?$allocator@D@2@@std@@V12@@std@@@std@@@std@@@std@@_N@1@_NAAU?$pair@$$CBV?$basic_string@DU?$char_traits@D@std@@V?$allocator@D@2@@std@@V12@@1@PAU?$_Tree_node@U?$pair@$$CBV?$basic_string@DU?$char_traits@D@std@@V?$allocator@D@2@@std@@V12@@std@@PAX@1@@Z 00426a10 f i ccConfig.obj
 0002:00014150       ??$_Kfn@$$CBV?$basic_string@DU?$char_traits@D@std@@V?$allocator@D@2@@std@@V12@@?$_Tmap_traits@V?$basic_string@DU?$char_traits@D@std@@V?$allocator@D@2@@std@@V12@U?$less@V?$basic_string@DU?$char_traits@D@std@@V?$allocator@D@2@@std@@@2@V?$allocator@U?$pair@$$CBV?$basic_string@DU?$char_traits@D@std@@V?$allocator@D@2@@std@@V12@@std@@@2@$0A@@std@@SAABV?$basic_string@DU?$char_traits@D@std@@V?$allocator@D@2@@1@ABU?$pair@$$CBV?$basic_string@DU?$char_traits@D@std@@V?$allocator@D@2@@std@@V12@@1@@Z 00427150 f i ccConfig.obj
 0002:00014190       ??$_Move@AAD@std@@YA$$QADAAD@Z 00427190 f i ccConfig.obj
 0002:000141d0       ??$addressof@$$CBU?$pair@$$CBV?$basic_string@DU?$char_traits@D@std@@V?$allocator@D@2@@std@@V12@@std@@@std@@YAPBU?$pair@$$CBV?$basic_string@DU?$char_traits@D@std@@V?$allocator@D@2@@std@@V12@@0@ABU10@@Z 004271d0 f i ccConfig.obj
 0002:00014210       ??$addressof@PAU?$_List_node@V?$basic_string@DU?$char_traits@D@std@@V?$allocator@D@2@@std@@PAX@std@@@std@@YAPAPAU?$_List_node@V?$basic_string@DU?$char_traits@D@std@@V?$allocator@D@2@@std@@PAX@0@AAPAU10@@Z 00427210 f i ccConfig.obj
 0002:00014250       ??$addressof@PAU?$_Tree_node@U?$pair@$$CBV?$basic_string@DU?$char_traits@D@std@@V?$allocator@D@2@@std@@V12@@std@@PAX@std@@@std@@YAPAPAU?$_Tree_node@U?$pair@$$CBV?$basic_string@DU?$char_traits@D@std@@V?$allocator@D@2@@std@@V12@@std@@PAX@0@AAPAU10@@Z 00427250 f i ccConfig.obj
 0002:00014290       ??$addressof@U?$pair@$$CBV?$basic_string@DU?$char_traits@D@std@@V?$allocator@D@2@@std@@V12@@std@@@std@@YAPAU?$pair@$$CBV?$basic_string@DU?$char_traits@D@std@@V?$allocator@D@2@@std@@V12@@0@AAU10@@Z 00427290 f i ccConfig.obj
 0002:000142d0       ??$addressof@V?$basic_string@DU?$char_traits@D@std@@V?$allocator@D@2@@std@@@std@@YAPAV?$basic_string@DU?$char_traits@D@std@@V?$allocator@D@2@@0@AAV10@@Z 004272d0 f i ccConfig.obj
 0002:00014310       ??$assign@V?$_String_iterator@V?$_String_val@U?$_Simple_types@D@std@@@std@@@std@@@?$basic_string@DU?$char_traits@D@std@@V?$allocator@D@2@@std@@QAEAAV01@V?$_String_iterator@V?$_String_val@U?$_Simple_types@D@std@@@std@@@1@0@Z 00427310 f i ccConfig.obj
 0002:00014530       ??$construct@PAU?$_List_node@V?$basic_string@DU?$char_traits@D@std@@V?$allocator@D@2@@std@@PAX@std@@AAPAU12@@?$_Wrap_alloc@V?$allocator@U?$_List_node@V?$basic_string@DU?$char_traits@D@std@@V?$allocator@D@2@@std@@PAX@std@@@std@@@std@@QAEXPAPAU?$_List_node@V?$basic_string@DU?$char_traits@D@std@@V?$allocator@D@2@@std@@PAX@1@AAPAU21@@Z 00427530 f i ccConfig.obj
 0002:000145a0       ??$construct@PAU?$_List_node@V?$basic_string@DU?$char_traits@D@std@@V?$allocator@D@2@@std@@PAX@std@@AAPAU12@@?$allocator@U?$_List_node@V?$basic_string@DU?$char_traits@D@std@@V?$allocator@D@2@@std@@PAX@std@@@std@@QAEXPAPAU?$_List_node@V?$basic_string@DU?$char_traits@D@std@@V?$allocator@D@2@@std@@PAX@1@AAPAU21@@Z 004275a0 f i ccConfig.obj
 0002:000146a0       ??$construct@PAU?$_List_node@V?$basic_string@DU?$char_traits@D@std@@V?$allocator@D@2@@std@@PAX@std@@AAPAU12@@?$allocator_traits@V?$allocator@U?$_List_node@V?$basic_string@DU?$char_traits@D@std@@V?$allocator@D@2@@std@@PAX@std@@@std@@@std@@SAXAAV?$allocator@U?$_List_node@V?$basic_string@DU?$char_traits@D@std@@V?$allocator@D@2@@std@@PAX@std@@@1@PAPAU?$_List_node@V?$basic_string@DU?$char_traits@D@std@@V?$allocator@D@2@@std@@PAX@1@AAPAU31@@Z 004276a0 f i ccConfig.obj
 0002:00014700       ??$construct@PAU?$_Tree_node@U?$pair@$$CBV?$basic_string@DU?$char_traits@D@std@@V?$allocator@D@2@@std@@V12@@std@@PAX@std@@AAPAU12@@?$_Wrap_alloc@V?$allocator@U?$_Tree_node@U?$pair@$$CBV?$basic_string@DU?$char_traits@D@std@@V?$allocator@D@2@@std@@V12@@std@@PAX@std@@@std@@@std@@QAEXPAPAU?$_Tree_node@U?$pair@$$CBV?$basic_string@DU?$char_traits@D@std@@V?$allocator@D@2@@std@@V12@@std@@PAX@1@AAPAU21@@Z 00427700 f i ccConfig.obj
 0002:00014770       ??$construct@PAU?$_Tree_node@U?$pair@$$CBV?$basic_string@DU?$char_traits@D@std@@V?$allocator@D@2@@std@@V12@@std@@PAX@std@@AAPAU12@@?$allocator@U?$_Tree_node@U?$pair@$$CBV?$basic_string@DU?$char_traits@D@std@@V?$allocator@D@2@@std@@V12@@std@@PAX@std@@@std@@QAEXPAPAU?$_Tree_node@U?$pair@$$CBV?$basic_string@DU?$char_traits@D@std@@V?$allocator@D@2@@std@@V12@@std@@PAX@1@AAPAU21@@Z 00427770 f i ccConfig.obj
 0002:00014870       ??$construct@PAU?$_Tree_node@U?$pair@$$CBV?$basic_string@DU?$char_traits@D@std@@V?$allocator@D@2@@std@@V12@@std@@PAX@std@@AAPAU12@@?$allocator_traits@V?$allocator@U?$_Tree_node@U?$pair@$$CBV?$basic_string@DU?$char_traits@D@std@@V?$allocator@D@2@@std@@V12@@std@@PAX@std@@@std@@@std@@SAXAAV?$allocator@U?$_Tree_node@U?$pair@$$CBV?$basic_string@DU?$char_traits@D@std@@V?$allocator@D@2@@std@@V12@@std@@PAX@std@@@1@PAPAU?$_Tree_node@U?$pair@$$CBV?$basic_string@DU?$char_traits@D@std@@V?$allocator@D@2@@std@@V12@@std@@PAX@1@AAPAU31@@Z 00427870 f i ccConfig.obj
 0002:000148d0       ??$construct@U?$pair@$$CBV?$basic_string@DU?$char_traits@D@std@@V?$allocator@D@2@@std@@V12@@std@@U?$pair@V?$basic_string@DU?$char_traits@D@std@@V?$allocator@D@2@@std@@V12@@2@@?$_Wrap_alloc@V?$allocator@U?$_Tree_node@U?$pair@$$CBV?$basic_string@DU?$char_traits@D@std@@V?$allocator@D@2@@std@@V12@@std@@PAX@std@@@std@@@std@@QAEXPAU?$pair@$$CBV?$basic_string@DU?$char_traits@D@std@@V?$allocator@D@2@@std@@V12@@1@$$QAU?$pair@V?$basic_string@DU?$char_traits@D@std@@V?$allocator@D@2@@std@@V12@@1@@Z 004278d0 f i ccConfig.obj
 0002:00014940       ??$construct@U?$pair@$$CBV?$basic_string@DU?$char_traits@D@std@@V?$allocator@D@2@@std@@V12@@std@@U?$pair@V?$basic_string@DU?$char_traits@D@std@@V?$allocator@D@2@@std@@V12@@2@@?$allocator@U?$_Tree_node@U?$pair@$$CBV?$basic_string@DU?$char_traits@D@std@@V?$allocator@D@2@@std@@V12@@std@@PAX@std@@@std@@QAEXPAU?$pair@$$CBV?$basic_string@DU?$char_traits@D@std@@V?$allocator@D@2@@std@@V12@@1@$$QAU?$pair@V?$basic_string@DU?$char_traits@D@std@@V?$allocator@D@2@@std@@V12@@1@@Z 00427940 f i ccConfig.obj
 0002:00014a40       ??$construct@U?$pair@$$CBV?$basic_string@DU?$char_traits@D@std@@V?$allocator@D@2@@std@@V12@@std@@U?$pair@V?$basic_string@DU?$char_traits@D@std@@V?$allocator@D@2@@std@@V12@@2@@?$allocator_traits@V?$allocator@U?$_Tree_node@U?$pair@$$CBV?$basic_string@DU?$char_traits@D@std@@V?$allocator@D@2@@std@@V12@@std@@PAX@std@@@std@@@std@@SAXAAV?$allocator@U?$_Tree_node@U?$pair@$$CBV?$basic_string@DU?$char_traits@D@std@@V?$allocator@D@2@@std@@V12@@std@@PAX@std@@@1@PAU?$pair@$$CBV?$basic_string@DU?$char_traits@D@std@@V?$allocator@D@2@@std@@V12@@1@$$QAU?$pair@V?$basic_string@DU?$char_traits@D@std@@V?$allocator@D@2@@std@@V12@@1@@Z 00427a40 f i ccConfig.obj
 0002:00014aa0       ??$construct@U_Container_proxy@std@@U12@@?$_Wrap_alloc@V?$allocator@U_Container_proxy@std@@@std@@@std@@QAEXPAU_Container_proxy@1@$$QAU21@@Z 00427aa0 f i ccConfig.obj
 0002:00014b10       ??$construct@U_Container_proxy@std@@U12@@?$allocator_traits@V?$allocator@U_Container_proxy@std@@@std@@@std@@SAXAAV?$allocator@U_Container_proxy@std@@@1@PAU_Container_proxy@1@$$QAU31@@Z 00427b10 f i ccConfig.obj
 0002:00014b70       ??$construct@V?$basic_string@DU?$char_traits@D@std@@V?$allocator@D@2@@std@@V12@@?$_Wrap_alloc@V?$allocator@U?$_List_node@V?$basic_string@DU?$char_traits@D@std@@V?$allocator@D@2@@std@@PAX@std@@@std@@@std@@QAEXPAV?$basic_string@DU?$char_traits@D@std@@V?$allocator@D@2@@1@$$QAV21@@Z 00427b70 f i ccConfig.obj
 0002:00014be0       ??$construct@V?$basic_string@DU?$char_traits@D@std@@V?$allocator@D@2@@std@@V12@@?$allocator@U?$_List_node@V?$basic_string@DU?$char_traits@D@std@@V?$allocator@D@2@@std@@PAX@std@@@std@@QAEXPAV?$basic_string@DU?$char_traits@D@std@@V?$allocator@D@2@@1@$$QAV21@@Z 00427be0 f i ccConfig.obj
 0002:00014ce0       ??$construct@V?$basic_string@DU?$char_traits@D@std@@V?$allocator@D@2@@std@@V12@@?$allocator_traits@V?$allocator@U?$_List_node@V?$basic_string@DU?$char_traits@D@std@@V?$allocator@D@2@@std@@PAX@std@@@std@@@std@@SAXAAV?$allocator@U?$_List_node@V?$basic_string@DU?$char_traits@D@std@@V?$allocator@D@2@@std@@PAX@std@@@1@PAV?$basic_string@DU?$char_traits@D@std@@V?$allocator@D@2@@1@$$QAV31@@Z 00427ce0 f i ccConfig.obj
 0002:00014d40       ??$destroy@PAU?$_Tree_node@U?$pair@$$CBV?$basic_string@DU?$char_traits@D@std@@V?$allocator@D@2@@std@@V12@@std@@PAX@std@@@?$_Wrap_alloc@V?$allocator@U?$_Tree_node@U?$pair@$$CBV?$basic_string@DU?$char_traits@D@std@@V?$allocator@D@2@@std@@V12@@std@@PAX@std@@@std@@@std@@QAEXPAPAU?$_Tree_node@U?$pair@$$CBV?$basic_string@DU?$char_traits@D@std@@V?$allocator@D@2@@std@@V12@@std@@PAX@1@@Z 00427d40 f i ccConfig.obj
 0002:00014da0       ??$destroy@PAU?$_Tree_node@U?$pair@$$CBV?$basic_string@DU?$char_traits@D@std@@V?$allocator@D@2@@std@@V12@@std@@PAX@std@@@?$allocator@U?$_Tree_node@U?$pair@$$CBV?$basic_string@DU?$char_traits@D@std@@V?$allocator@D@2@@std@@V12@@std@@PAX@std@@@std@@QAEXPAPAU?$_Tree_node@U?$pair@$$CBV?$basic_string@DU?$char_traits@D@std@@V?$allocator@D@2@@std@@V12@@std@@PAX@1@@Z 00427da0 f i ccConfig.obj
 0002:00014de0       ??$destroy@PAU?$_Tree_node@U?$pair@$$CBV?$basic_string@DU?$char_traits@D@std@@V?$allocator@D@2@@std@@V12@@std@@PAX@std@@@?$allocator_traits@V?$allocator@U?$_Tree_node@U?$pair@$$CBV?$basic_string@DU?$char_traits@D@std@@V?$allocator@D@2@@std@@V12@@std@@PAX@std@@@std@@@std@@SAXAAV?$allocator@U?$_Tree_node@U?$pair@$$CBV?$basic_string@DU?$char_traits@D@std@@V?$allocator@D@2@@std@@V12@@std@@PAX@std@@@1@PAPAU?$_Tree_node@U?$pair@$$CBV?$basic_string@DU?$char_traits@D@std@@V?$allocator@D@2@@std@@V12@@std@@PAX@1@@Z 00427de0 f i ccConfig.obj
 0002:00014e30       ??$destroy@U?$pair@$$CBV?$basic_string@DU?$char_traits@D@std@@V?$allocator@D@2@@std@@V12@@std@@@?$_Wrap_alloc@V?$allocator@U?$_Tree_node@U?$pair@$$CBV?$basic_string@DU?$char_traits@D@std@@V?$allocator@D@2@@std@@V12@@std@@PAX@std@@@std@@@std@@QAEXPAU?$pair@$$CBV?$basic_string@DU?$char_traits@D@std@@V?$allocator@D@2@@std@@V12@@1@@Z 00427e30 f i ccConfig.obj
 0002:00014e90       ??$destroy@U?$pair@$$CBV?$basic_string@DU?$char_traits@D@std@@V?$allocator@D@2@@std@@V12@@std@@@?$allocator@U?$_Tree_node@U?$pair@$$CBV?$basic_string@DU?$char_traits@D@std@@V?$allocator@D@2@@std@@V12@@std@@PAX@std@@@std@@QAEXPAU?$pair@$$CBV?$basic_string@DU?$char_traits@D@std@@V?$allocator@D@2@@std@@V12@@1@@Z 00427e90 f i ccConfig.obj
 0002:00014ef0       ??$destroy@U?$pair@$$CBV?$basic_string@DU?$char_traits@D@std@@V?$allocator@D@2@@std@@V12@@std@@@?$allocator_traits@V?$allocator@U?$_Tree_node@U?$pair@$$CBV?$basic_string@DU?$char_traits@D@std@@V?$allocator@D@2@@std@@V12@@std@@PAX@std@@@std@@@std@@SAXAAV?$allocator@U?$_Tree_node@U?$pair@$$CBV?$basic_string@DU?$char_traits@D@std@@V?$allocator@D@2@@std@@V12@@std@@PAX@std@@@1@PAU?$pair@$$CBV?$basic_string@DU?$char_traits@D@std@@V?$allocator@D@2@@std@@V12@@1@@Z 00427ef0 f i ccConfig.obj
 0002:00014f40       ??$destroy@U_Container_proxy@std@@@?$_Wrap_alloc@V?$allocator@U_Container_proxy@std@@@std@@@std@@QAEXPAU_Container_proxy@1@@Z 00427f40 f i ccConfig.obj
 0002:00014fa0       ??$destroy@U_Container_proxy@std@@@?$allocator_traits@V?$allocator@U_Container_proxy@std@@@std@@@std@@SAXAAV?$allocator@U_Container_proxy@std@@@1@PAU_Container_proxy@1@@Z 00427fa0 f i ccConfig.obj
 0002:00014ff0       ??$forward@AAPAU?$_List_node@V?$basic_string@DU?$char_traits@D@std@@V?$allocator@D@2@@std@@PAX@std@@@std@@YAAAPAU?$_List_node@V?$basic_string@DU?$char_traits@D@std@@V?$allocator@D@2@@std@@PAX@0@AAPAU10@@Z 00427ff0 f i ccConfig.obj
 0002:00015030       ??$forward@AAPAU?$_Tree_node@U?$pair@$$CBV?$basic_string@DU?$char_traits@D@std@@V?$allocator@D@2@@std@@V12@@std@@PAX@std@@@std@@YAAAPAU?$_Tree_node@U?$pair@$$CBV?$basic_string@DU?$char_traits@D@std@@V?$allocator@D@2@@std@@V12@@std@@PAX@0@AAPAU10@@Z 00428030 f i ccConfig.obj
 0002:00015070       ??$forward@AAU?$pair@$$CBV?$basic_string@DU?$char_traits@D@std@@V?$allocator@D@2@@std@@V12@@std@@@std@@YAAAU?$pair@$$CBV?$basic_string@DU?$char_traits@D@std@@V?$allocator@D@2@@std@@V12@@0@AAU10@@Z 00428070 f i ccConfig.obj
 0002:000150b0       ??$forward@AAV?$_Tree_iterator@V?$_Tree_val@U?$_Tree_simple_types@U?$pair@$$CBV?$basic_string@DU?$char_traits@D@std@@V?$allocator@D@2@@std@@V12@@std@@@std@@@std@@@std@@@std@@YAAAV?$_Tree_iterator@V?$_Tree_val@U?$_Tree_simple_types@U?$pair@$$CBV?$basic_string@DU?$char_traits@D@std@@V?$allocator@D@2@@std@@V12@@std@@@std@@@std@@@0@AAV10@@Z 004280b0 f i ccConfig.obj
 0002:000150f0       ??$forward@AAV?$basic_string@DU?$char_traits@D@std@@V?$allocator@D@2@@std@@@std@@YAAAV?$basic_string@DU?$char_traits@D@std@@V?$allocator@D@2@@0@AAV10@@Z 004280f0 f i ccConfig.obj
 0002:00015130       ??$forward@ABV?$basic_string@DU?$char_traits@D@std@@V?$allocator@D@2@@std@@@std@@YAABV?$basic_string@DU?$char_traits@D@std@@V?$allocator@D@2@@0@ABV10@@Z 00428130 f i ccConfig.obj
 0002:00015170       ??$forward@U?$pair@V?$basic_string@DU?$char_traits@D@std@@V?$allocator@D@2@@std@@V12@@std@@@std@@YA$$QAU?$pair@V?$basic_string@DU?$char_traits@D@std@@V?$allocator@D@2@@std@@V12@@0@AAU10@@Z 00428170 f i ccConfig.obj
 0002:000151b0       ??$forward@V?$_Tree_iterator@V?$_Tree_val@U?$_Tree_simple_types@U?$pair@$$CBV?$basic_string@DU?$char_traits@D@std@@V?$allocator@D@2@@std@@V12@@std@@@std@@@std@@@std@@@std@@YA$$QAV?$_Tree_iterator@V?$_Tree_val@U?$_Tree_simple_types@U?$pair@$$CBV?$basic_string@DU?$char_traits@D@std@@V?$allocator@D@2@@std@@V12@@std@@@std@@@std@@@0@AAV10@@Z 004281b0 f i ccConfig.obj
 0002:000151f0       ??$forward@V?$basic_string@DU?$char_traits@D@std@@V?$allocator@D@2@@std@@@std@@YA$$QAV?$basic_string@DU?$char_traits@D@std@@V?$allocator@D@2@@0@AAV10@@Z 004281f0 f i ccConfig.obj
 0002:00015230       ??$forward@_N@std@@YA$$QA_NAA_N@Z 00428230 f i ccConfig.obj
 0002:00015270       ??$insert@U?$pair@V?$basic_string@DU?$char_traits@D@std@@V?$allocator@D@2@@std@@V12@@std@@@?$_Tree@V?$_Tmap_traits@V?$basic_string@DU?$char_traits@D@std@@V?$allocator@D@2@@std@@V12@U?$less@V?$basic_string@DU?$char_traits@D@std@@V?$allocator@D@2@@std@@@2@V?$allocator@U?$pair@$$CBV?$basic_string@DU?$char_traits@D@std@@V?$allocator@D@2@@std@@V12@@std@@@2@$0A@@std@@@std@@QAE?AU?$pair@V?$_Tree_iterator@V?$_Tree_val@U?$_Tree_simple_types@U?$pair@$$CBV?$basic_string@DU?$char_traits@D@std@@V?$allocator@D@2@@std@@V12@@std@@@std@@@std@@@std@@_N@1@$$QAU?$pair@V?$basic_string@DU?$char_traits@D@std@@V?$allocator@D@2@@std@@V12@@1@@Z 00428270 f i ccConfig.obj
 0002:00015320       ??$move@AAV?$basic_string@DU?$char_traits@D@std@@V?$allocator@D@2@@std@@@std@@YA$$QAV?$basic_string@DU?$char_traits@D@std@@V?$allocator@D@2@@0@AAV10@@Z 00428320 f i ccConfig.obj
 0002:00015360       ??$swap@D@std@@YAXAAD0@Z   00428360 f i ccConfig.obj
 0002:00015420       ??0?$_Iterator012@Ubidirectional_iterator_tag@std@@U?$pair@$$CBV?$basic_string@DU?$char_traits@D@std@@V?$allocator@D@2@@std@@V12@@2@HPBU32@ABU32@U_Iterator_base12@2@@std@@QAE@ABU01@@Z 00428420 f i ccConfig.obj
 0002:00015480       ??0?$_Iterator012@Ubidirectional_iterator_tag@std@@U?$pair@$$CBV?$basic_string@DU?$char_traits@D@std@@V?$allocator@D@2@@std@@V12@@2@HPBU32@ABU32@U_Iterator_base12@2@@std@@QAE@XZ 00428480 f i ccConfig.obj
 0002:000154e0       ??0?$_Iterator012@Urandom_access_iterator_tag@std@@DHPBDABDU_Iterator_base12@2@@std@@QAE@ABU01@@Z 004284e0 f i ccConfig.obj
 0002:00015540       ??0?$_Iterator012@Urandom_access_iterator_tag@std@@DHPBDABDU_Iterator_base12@2@@std@@QAE@XZ 00428540 f i ccConfig.obj
 0002:000155a0       ??0?$_List_unchecked_const_iterator@V?$_List_val@U?$_List_simple_types@V?$basic_string@DU?$char_traits@D@std@@V?$allocator@D@2@@std@@@std@@@std@@U_Iterator_base0@2@@std@@QAE@PAU?$_List_node@V?$basic_string@DU?$char_traits@D@std@@V?$allocator@D@2@@std@@PAX@1@PBV?$_List_val@U?$_List_simple_types@V?$basic_string@DU?$char_traits@D@std@@V?$allocator@D@2@@std@@@std@@@1@@Z 004285a0 f i ccConfig.obj
 0002:00015610       ??0?$_List_unchecked_iterator@V?$_List_val@U?$_List_simple_types@V?$basic_string@DU?$char_traits@D@std@@V?$allocator@D@2@@std@@@std@@@std@@@std@@QAE@PAU?$_List_node@V?$basic_string@DU?$char_traits@D@std@@V?$allocator@D@2@@std@@PAX@1@PBV?$_List_val@U?$_List_simple_types@V?$basic_string@DU?$char_traits@D@std@@V?$allocator@D@2@@std@@@std@@@1@@Z 00428610 f i ccConfig.obj
 0002:00015670       ??0?$_String_const_iterator@V?$_String_val@U?$_Simple_types@D@std@@@std@@@std@@QAE@ABV01@@Z 00428670 f i ccConfig.obj
 0002:000156e0       ??0?$_String_const_iterator@V?$_String_val@U?$_Simple_types@D@std@@@std@@@std@@QAE@PBDPBU_Container_base12@1@@Z 004286e0 f i ccConfig.obj
 0002:000157a0       ??0?$_String_iterator@V?$_String_val@U?$_Simple_types@D@std@@@std@@@std@@QAE@ABV01@@Z 004287a0 f i ccConfig.obj
 0002:00015800       ??0?$_String_iterator@V?$_String_val@U?$_Simple_types@D@std@@@std@@@std@@QAE@PADPBU_Container_base12@1@@Z 00428800 f i ccConfig.obj
 0002:00015860       ??0?$_Tree@V?$_Tmap_traits@V?$basic_string@DU?$char_traits@D@std@@V?$allocator@D@2@@std@@V12@U?$less@V?$basic_string@DU?$char_traits@D@std@@V?$allocator@D@2@@std@@@2@V?$allocator@U?$pair@$$CBV?$basic_string@DU?$char_traits@D@std@@V?$allocator@D@2@@std@@V12@@std@@@2@$0A@@std@@@std@@QAE@ABU?$less@V?$basic_string@DU?$char_traits@D@std@@V?$allocator@D@2@@std@@@1@ABV?$allocator@U?$pair@$$CBV?$basic_string@DU?$char_traits@D@std@@V?$allocator@D@2@@std@@V12@@std@@@1@@Z 00428860 f i ccConfig.obj
 0002:000158c0       ??0?$_Tree_alloc@$0A@U?$_Tree_base_types@U?$pair@$$CBV?$basic_string@DU?$char_traits@D@std@@V?$allocator@D@2@@std@@V12@@std@@V?$allocator@U?$pair@$$CBV?$basic_string@DU?$char_traits@D@std@@V?$allocator@D@2@@std@@V12@@std@@@2@@std@@@std@@QAE@ABV?$allocator@U?$pair@$$CBV?$basic_string@DU?$char_traits@D@std@@V?$allocator@D@2@@std@@V12@@std@@@1@@Z 004288c0 f i ccConfig.obj
 0002:000159c0       ??0?$_Tree_buy@U?$pair@$$CBV?$basic_string@DU?$char_traits@D@std@@V?$allocator@D@2@@std@@V12@@std@@V?$allocator@U?$pair@$$CBV?$basic_string@DU?$char_traits@D@std@@V?$allocator@D@2@@std@@V12@@std@@@2@@std@@QAE@ABV?$allocator@U?$pair@$$CBV?$basic_string@DU?$char_traits@D@std@@V?$allocator@D@2@@std@@V12@@std@@@1@@Z 004289c0 f i ccConfig.obj
 0002:00015a20       ??0?$_Tree_comp@$0A@V?$_Tmap_traits@V?$basic_string@DU?$char_traits@D@std@@V?$allocator@D@2@@std@@V12@U?$less@V?$basic_string@DU?$char_traits@D@std@@V?$allocator@D@2@@std@@@2@V?$allocator@U?$pair@$$CBV?$basic_string@DU?$char_traits@D@std@@V?$allocator@D@2@@std@@V12@@std@@@2@$0A@@std@@@std@@QAE@ABU?$less@V?$basic_string@DU?$char_traits@D@std@@V?$allocator@D@2@@std@@@1@ABV?$allocator@U?$pair@$$CBV?$basic_string@DU?$char_traits@D@std@@V?$allocator@D@2@@std@@V12@@std@@@1@@Z 00428a20 f i ccConfig.obj
 0002:00015a80       ??0?$_Tree_const_iterator@V?$_Tree_val@U?$_Tree_simple_types@U?$pair@$$CBV?$basic_string@DU?$char_traits@D@std@@V?$allocator@D@2@@std@@V12@@std@@@std@@@std@@@std@@QAE@ABV01@@Z 00428a80 f i ccConfig.obj
 0002:00015ae0       ??0?$_Tree_const_iterator@V?$_Tree_val@U?$_Tree_simple_types@U?$pair@$$CBV?$basic_string@DU?$char_traits@D@std@@V?$allocator@D@2@@std@@V12@@std@@@std@@@std@@@std@@QAE@PAU?$_Tree_node@U?$pair@$$CBV?$basic_string@DU?$char_traits@D@std@@V?$allocator@D@2@@std@@V12@@std@@PAX@1@PBV?$_Tree_val@U?$_Tree_simple_types@U?$pair@$$CBV?$basic_string@DU?$char_traits@D@std@@V?$allocator@D@2@@std@@V12@@std@@@std@@@1@@Z 00428ae0 f i ccConfig.obj
 0002:00015b40       ??0?$_Tree_iterator@V?$_Tree_val@U?$_Tree_simple_types@U?$pair@$$CBV?$basic_string@DU?$char_traits@D@std@@V?$allocator@D@2@@std@@V12@@std@@@std@@@std@@@std@@QAE@ABV01@@Z 00428b40 f i ccConfig.obj
 0002:00015ba0       ??0?$_Tree_iterator@V?$_Tree_val@U?$_Tree_simple_types@U?$pair@$$CBV?$basic_string@DU?$char_traits@D@std@@V?$allocator@D@2@@std@@V12@@std@@@std@@@std@@@std@@QAE@PAU?$_Tree_node@U?$pair@$$CBV?$basic_string@DU?$char_traits@D@std@@V?$allocator@D@2@@std@@V12@@std@@PAX@1@PBV?$_Tree_val@U?$_Tree_simple_types@U?$pair@$$CBV?$basic_string@DU?$char_traits@D@std@@V?$allocator@D@2@@std@@V12@@std@@@std@@@1@@Z 00428ba0 f i ccConfig.obj
 0002:00015c00       ??0?$_Tree_unchecked_const_iterator@V?$_Tree_val@U?$_Tree_simple_types@U?$pair@$$CBV?$basic_string@DU?$char_traits@D@std@@V?$allocator@D@2@@std@@V12@@std@@@std@@@std@@U_Iterator_base12@2@@std@@QAE@ABV01@@Z 00428c00 f i ccConfig.obj
 0002:00015c70       ??0?$_Tree_unchecked_const_iterator@V?$_Tree_val@U?$_Tree_simple_types@U?$pair@$$CBV?$basic_string@DU?$char_traits@D@std@@V?$allocator@D@2@@std@@V12@@std@@@std@@@std@@U_Iterator_base12@2@@std@@QAE@PAU?$_Tree_node@U?$pair@$$CBV?$basic_string@DU?$char_traits@D@std@@V?$allocator@D@2@@std@@V12@@std@@PAX@1@PBV?$_Tree_val@U?$_Tree_simple_types@U?$pair@$$CBV?$basic_string@DU?$char_traits@D@std@@V?$allocator@D@2@@std@@V12@@std@@@std@@@1@@Z 00428c70 f i ccConfig.obj
 0002:00015d30       ??0?$_Tree_val@U?$_Tree_simple_types@U?$pair@$$CBV?$basic_string@DU?$char_traits@D@std@@V?$allocator@D@2@@std@@V12@@std@@@std@@@std@@QAE@XZ 00428d30 f i ccConfig.obj
 0002:00015db0       ??0?$_Wrap_alloc@V?$allocator@D@std@@@std@@QAE@ABV?$allocator@D@1@@Z 00428db0 f i ccConfig.obj
 0002:00015e10       ??0?$_Wrap_alloc@V?$allocator@U?$_List_node@V?$basic_string@DU?$char_traits@D@std@@V?$allocator@D@2@@std@@PAX@std@@@std@@@std@@QAE@XZ 00428e10 f i ccConfig.obj
 0002:00015e70       ??0?$_Wrap_alloc@V?$allocator@U?$_Tree_node@U?$pair@$$CBV?$basic_string@DU?$char_traits@D@std@@V?$allocator@D@2@@std@@V12@@std@@PAX@std@@@std@@@std@@QAE@XZ 00428e70 f i ccConfig.obj
 0002:00015ed0       ??0?$allocator@D@std@@QAE@ABV01@@Z 00428ed0 f i ccConfig.obj
 0002:00015f10       ??0?$allocator@U?$_List_node@V?$basic_string@DU?$char_traits@D@std@@V?$allocator@D@2@@std@@PAX@std@@@std@@QAE@XZ 00428f10 f i ccConfig.obj
 0002:00015f50       ??0?$allocator@U?$_Tree_node@U?$pair@$$CBV?$basic_string@DU?$char_traits@D@std@@V?$allocator@D@2@@std@@V12@@std@@PAX@std@@@std@@QAE@XZ 00428f50 f i ccConfig.obj
 0002:00015f90       ??0?$allocator@U?$pair@$$CBV?$basic_string@DU?$char_traits@D@std@@V?$allocator@D@2@@std@@V12@@std@@@std@@QAE@XZ 00428f90 f i ccConfig.obj
 0002:00015fd0       ??0?$basic_string@DU?$char_traits@D@std@@V?$allocator@D@2@@std@@QAE@$$QAV01@@Z 00428fd0 f i ccConfig.obj
 0002:00016070       ??0?$basic_string@DU?$char_traits@D@std@@V?$allocator@D@2@@std@@QAE@ABV01@@Z 00429070 f i ccConfig.obj
 0002:00016160       ??0?$basic_string@DU?$char_traits@D@std@@V?$allocator@D@2@@std@@QAE@XZ 00429160 f i ccConfig.obj
 0002:00016220       ??0?$map@V?$basic_string@DU?$char_traits@D@std@@V?$allocator@D@2@@std@@V12@U?$less@V?$basic_string@DU?$char_traits@D@std@@V?$allocator@D@2@@std@@@2@V?$allocator@U?$pair@$$CBV?$basic_string@DU?$char_traits@D@std@@V?$allocator@D@2@@std@@V12@@std@@@2@@std@@QAE@XZ 00429220 f i ccConfig.obj
 0002:00016290       ??0_Iterator_base12@std@@QAE@ABU01@@Z 00429290 f i ccConfig.obj
 0002:00016310       ??0_Iterator_base12@std@@QAE@XZ 00429310 f i ccConfig.obj
 0002:00016360       ??1?$_Iterator012@Ubidirectional_iterator_tag@std@@U?$pair@$$CBV?$basic_string@DU?$char_traits@D@std@@V?$allocator@D@2@@std@@V12@@2@HPBU32@ABU32@U_Iterator_base12@2@@std@@QAE@XZ 00429360 f i ccConfig.obj
 0002:000163b0       ??1?$_Iterator012@Urandom_access_iterator_tag@std@@DHPBDABDU_Iterator_base12@2@@std@@QAE@XZ 004293b0 f i ccConfig.obj
 0002:00016400       ??1?$_String_const_iterator@V?$_String_val@U?$_Simple_types@D@std@@@std@@@std@@QAE@XZ 00429400 f i ccConfig.obj
 0002:00016450       ??1?$_String_iterator@V?$_String_val@U?$_Simple_types@D@std@@@std@@@std@@QAE@XZ 00429450 f i ccConfig.obj
 0002:000164a0       ??1?$_Tree@V?$_Tmap_traits@V?$basic_string@DU?$char_traits@D@std@@V?$allocator@D@2@@std@@V12@U?$less@V?$basic_string@DU?$char_traits@D@std@@V?$allocator@D@2@@std@@@2@V?$allocator@U?$pair@$$CBV?$basic_string@DU?$char_traits@D@std@@V?$allocator@D@2@@std@@V12@@std@@@2@$0A@@std@@@std@@QAE@XZ 004294a0 f i ccConfig.obj
 0002:00016500       ??1?$_Tree_alloc@$0A@U?$_Tree_base_types@U?$pair@$$CBV?$basic_string@DU?$char_traits@D@std@@V?$allocator@D@2@@std@@V12@@std@@V?$allocator@U?$pair@$$CBV?$basic_string@DU?$char_traits@D@std@@V?$allocator@D@2@@std@@V12@@std@@@2@@std@@@std@@QAE@XZ 00429500 f i ccConfig.obj
 0002:00016570       ??1?$_Tree_buy@U?$pair@$$CBV?$basic_string@DU?$char_traits@D@std@@V?$allocator@D@2@@std@@V12@@std@@V?$allocator@U?$pair@$$CBV?$basic_string@DU?$char_traits@D@std@@V?$allocator@D@2@@std@@V12@@std@@@2@@std@@QAE@XZ 00429570 f i ccConfig.obj
 0002:000165c0       ??1?$_Tree_comp@$0A@V?$_Tmap_traits@V?$basic_string@DU?$char_traits@D@std@@V?$allocator@D@2@@std@@V12@U?$less@V?$basic_string@DU?$char_traits@D@std@@V?$allocator@D@2@@std@@@2@V?$allocator@U?$pair@$$CBV?$basic_string@DU?$char_traits@D@std@@V?$allocator@D@2@@std@@V12@@std@@@2@$0A@@std@@@std@@QAE@XZ 004295c0 f i ccConfig.obj
 0002:00016610       ??1?$_Tree_const_iterator@V?$_Tree_val@U?$_Tree_simple_types@U?$pair@$$CBV?$basic_string@DU?$char_traits@D@std@@V?$allocator@D@2@@std@@V12@@std@@@std@@@std@@@std@@QAE@XZ 00429610 f i ccConfig.obj
 0002:00016660       ??1?$_Tree_iterator@V?$_Tree_val@U?$_Tree_simple_types@U?$pair@$$CBV?$basic_string@DU?$char_traits@D@std@@V?$allocator@D@2@@std@@V12@@std@@@std@@@std@@@std@@QAE@XZ 00429660 f i ccConfig.obj
 0002:000166b0       ??1?$_Tree_unchecked_const_iterator@V?$_Tree_val@U?$_Tree_simple_types@U?$pair@$$CBV?$basic_string@DU?$char_traits@D@std@@V?$allocator@D@2@@std@@V12@@std@@@std@@@std@@U_Iterator_base12@2@@std@@QAE@XZ 004296b0 f i ccConfig.obj
 0002:00016700       ??1?$_Tree_val@U?$_Tree_simple_types@U?$pair@$$CBV?$basic_string@DU?$char_traits@D@std@@V?$allocator@D@2@@std@@V12@@std@@@std@@@std@@QAE@XZ 00429700 f i ccConfig.obj
 0002:00016760       ??1?$basic_string@DU?$char_traits@D@std@@V?$allocator@D@2@@std@@QAE@XZ 00429760 f i ccConfig.obj
 0002:000167c0       ??1?$map@V?$basic_string@DU?$char_traits@D@std@@V?$allocator@D@2@@std@@V12@U?$less@V?$basic_string@DU?$char_traits@D@std@@V?$allocator@D@2@@std@@@2@V?$allocator@U?$pair@$$CBV?$basic_string@DU?$char_traits@D@std@@V?$allocator@D@2@@std@@V12@@std@@@2@@std@@QAE@XZ 004297c0 f i ccConfig.obj
 0002:00016810       ??1?$pair@$$CBV?$basic_string@DU?$char_traits@D@std@@V?$allocator@D@2@@std@@V12@@std@@QAE@XZ 00429810 f i ccConfig.obj
 0002:00016870       ??1?$pair@V?$_Tree_iterator@V?$_Tree_val@U?$_Tree_simple_types@U?$pair@$$CBV?$basic_string@DU?$char_traits@D@std@@V?$allocator@D@2@@std@@V12@@std@@@std@@@std@@@std@@_N@std@@QAE@XZ 00429870 f i ccConfig.obj
 0002:000168c0       ??1?$pair@V?$basic_string@DU?$char_traits@D@std@@V?$allocator@D@2@@std@@V12@@std@@QAE@XZ 004298c0 f i ccConfig.obj
 0002:00016920       ??1_Iterator_base12@std@@QAE@XZ 00429920 f i ccConfig.obj
 0002:000169e0       ??4?$_Iterator012@Ubidirectional_iterator_tag@std@@U?$pair@$$CBV?$basic_string@DU?$char_traits@D@std@@V?$allocator@D@2@@std@@V12@@2@HPBU32@ABU32@U_Iterator_base12@2@@std@@QAEAAU01@ABU01@@Z 004299e0 f i ccConfig.obj
 0002:00016a40       ??4?$_Tree_const_iterator@V?$_Tree_val@U?$_Tree_simple_types@U?$pair@$$CBV?$basic_string@DU?$char_traits@D@std@@V?$allocator@D@2@@std@@V12@@std@@@std@@@std@@@std@@QAEAAV01@ABV01@@Z 00429a40 f i ccConfig.obj
 0002:00016aa0       ??4?$_Tree_iterator@V?$_Tree_val@U?$_Tree_simple_types@U?$pair@$$CBV?$basic_string@DU?$char_traits@D@std@@V?$allocator@D@2@@std@@V12@@std@@@std@@@std@@@std@@QAEAAV01@ABV01@@Z 00429aa0 f i ccConfig.obj
 0002:00016b00       ??4?$_Tree_unchecked_const_iterator@V?$_Tree_val@U?$_Tree_simple_types@U?$pair@$$CBV?$basic_string@DU?$char_traits@D@std@@V?$allocator@D@2@@std@@V12@@std@@@std@@@std@@U_Iterator_base12@2@@std@@QAEAAV01@ABV01@@Z 00429b00 f i ccConfig.obj
 0002:00016b70       ??4?$basic_string@DU?$char_traits@D@std@@V?$allocator@D@2@@std@@QAEAAV01@$$QAV01@@Z 00429b70 f i ccConfig.obj
 0002:00016c90       ??4?$basic_string@DU?$char_traits@D@std@@V?$allocator@D@2@@std@@QAEAAV01@ABV01@@Z 00429c90 f i ccConfig.obj
 0002:00016d60       ??4_Iterator_base12@std@@QAEAAU01@ABU01@@Z 00429d60 f i ccConfig.obj
 0002:00016ea0       ??8?$_String_const_iterator@V?$_String_val@U?$_Simple_types@D@std@@@std@@@std@@QBE_NABV01@@Z 00429ea0 f i ccConfig.obj
 0002:00016f30       ??8?$_Tree_const_iterator@V?$_Tree_val@U?$_Tree_simple_types@U?$pair@$$CBV?$basic_string@DU?$char_traits@D@std@@V?$allocator@D@2@@std@@V12@@std@@@std@@@std@@@std@@QBE_NABV01@@Z 00429f30 f i ccConfig.obj
 0002:00017090       ??9?$_Tree_const_iterator@V?$_Tree_val@U?$_Tree_simple_types@U?$pair@$$CBV?$basic_string@DU?$char_traits@D@std@@V?$allocator@D@2@@std@@V12@@std@@@std@@@std@@@std@@QBE_NABV01@@Z 0042a090 f i ccConfig.obj
 0002:00017120       ??C?$_Tree_const_iterator@V?$_Tree_val@U?$_Tree_simple_types@U?$pair@$$CBV?$basic_string@DU?$char_traits@D@std@@V?$allocator@D@2@@std@@V12@@std@@@std@@@std@@@std@@QBEPBU?$pair@$$CBV?$basic_string@DU?$char_traits@D@std@@V?$allocator@D@2@@std@@V12@@1@XZ 0042a120 f i ccConfig.obj
 0002:00017180       ??C?$_Tree_iterator@V?$_Tree_val@U?$_Tree_simple_types@U?$pair@$$CBV?$basic_string@DU?$char_traits@D@std@@V?$allocator@D@2@@std@@V12@@std@@@std@@@std@@@std@@QBEPAU?$pair@$$CBV?$basic_string@DU?$char_traits@D@std@@V?$allocator@D@2@@std@@V12@@1@XZ 0042a180 f i ccConfig.obj
 0002:000171e0       ??D?$_String_const_iterator@V?$_String_val@U?$_Simple_types@D@std@@@std@@@std@@QBEABDXZ 0042a1e0 f i ccConfig.obj
 0002:00017330       ??D?$_String_iterator@V?$_String_val@U?$_Simple_types@D@std@@@std@@@std@@QBEAADXZ 0042a330 f i ccConfig.obj
 0002:00017380       ??D?$_Tree_const_iterator@V?$_Tree_val@U?$_Tree_simple_types@U?$pair@$$CBV?$basic_string@DU?$char_traits@D@std@@V?$allocator@D@2@@std@@V12@@std@@@std@@@std@@@std@@QBEABU?$pair@$$CBV?$basic_string@DU?$char_traits@D@std@@V?$allocator@D@2@@std@@V12@@1@XZ 0042a380 f i ccConfig.obj
 0002:000174c0       ??D?$_Tree_iterator@V?$_Tree_val@U?$_Tree_simple_types@U?$pair@$$CBV?$basic_string@DU?$char_traits@D@std@@V?$allocator@D@2@@std@@V12@@std@@@std@@@std@@@std@@QBEAAU?$pair@$$CBV?$basic_string@DU?$char_traits@D@std@@V?$allocator@D@2@@std@@V12@@1@XZ 0042a4c0 f i ccConfig.obj
 0002:00017510       ??E?$_Tree_const_iterator@V?$_Tree_val@U?$_Tree_simple_types@U?$pair@$$CBV?$basic_string@DU?$char_traits@D@std@@V?$allocator@D@2@@std@@V12@@std@@@std@@@std@@@std@@QAE?AV01@H@Z 0042a510 f i ccConfig.obj
 0002:00017630       ??E?$_Tree_const_iterator@V?$_Tree_val@U?$_Tree_simple_types@U?$pair@$$CBV?$basic_string@DU?$char_traits@D@std@@V?$allocator@D@2@@std@@V12@@std@@@std@@@std@@@std@@QAEAAV01@XZ 0042a630 f i ccConfig.obj
 0002:00017770       ??E?$_Tree_iterator@V?$_Tree_val@U?$_Tree_simple_types@U?$pair@$$CBV?$basic_string@DU?$char_traits@D@std@@V?$allocator@D@2@@std@@V12@@std@@@std@@@std@@@std@@QAE?AV01@H@Z 0042a770 f i ccConfig.obj
 0002:00017890       ??E?$_Tree_iterator@V?$_Tree_val@U?$_Tree_simple_types@U?$pair@$$CBV?$basic_string@DU?$char_traits@D@std@@V?$allocator@D@2@@std@@V12@@std@@@std@@@std@@@std@@QAEAAV01@XZ 0042a890 f i ccConfig.obj
 0002:000178f0       ??E?$_Tree_unchecked_const_iterator@V?$_Tree_val@U?$_Tree_simple_types@U?$pair@$$CBV?$basic_string@DU?$char_traits@D@std@@V?$allocator@D@2@@std@@V12@@std@@@std@@@std@@U_Iterator_base12@2@@std@@QAEAAV01@XZ 0042a8f0 f i ccConfig.obj
 0002:00017a20       ??F?$_Tree_const_iterator@V?$_Tree_val@U?$_Tree_simple_types@U?$pair@$$CBV?$basic_string@DU?$char_traits@D@std@@V?$allocator@D@2@@std@@V12@@std@@@std@@@std@@@std@@QAEAAV01@XZ 0042aa20 f i ccConfig.obj
 0002:00017c00       ??F?$_Tree_iterator@V?$_Tree_val@U?$_Tree_simple_types@U?$pair@$$CBV?$basic_string@DU?$char_traits@D@std@@V?$allocator@D@2@@std@@V12@@std@@@std@@@std@@@std@@QAEAAV01@XZ 0042ac00 f i ccConfig.obj
 0002:00017c60       ??F?$_Tree_unchecked_const_iterator@V?$_Tree_val@U?$_Tree_simple_types@U?$pair@$$CBV?$basic_string@DU?$char_traits@D@std@@V?$allocator@D@2@@std@@V12@@std@@@std@@@std@@U_Iterator_base12@2@@std@@QAEAAV01@XZ 0042ac60 f i ccConfig.obj
 0002:00017dc0       ??G?$_String_const_iterator@V?$_String_val@U?$_Simple_types@D@std@@@std@@@std@@QBEHABV01@@Z 0042adc0 f i ccConfig.obj
 0002:00017e30       ??G?$_String_iterator@V?$_String_val@U?$_Simple_types@D@std@@@std@@@std@@QBEHABV?$_String_const_iterator@V?$_String_val@U?$_Simple_types@D@std@@@std@@@1@@Z 0042ae30 f i ccConfig.obj
 0002:00017f20       ??R?$less@V?$basic_string@DU?$char_traits@D@std@@V?$allocator@D@2@@std@@@std@@QBE_NABV?$basic_string@DU?$char_traits@D@std@@V?$allocator@D@2@@1@0@Z 0042af20 f i ccConfig.obj
 0002:00017f80       ??Y?$basic_string@DU?$char_traits@D@std@@V?$allocator@D@2@@std@@QAEAAV01@ABV01@@Z 0042af80 f i ccConfig.obj
 0002:00017fe0       ??Y?$basic_string@DU?$char_traits@D@std@@V?$allocator@D@2@@std@@QAEAAV01@PBD@Z 0042afe0 f i ccConfig.obj
 0002:00018040       ??_G?$pair@$$CBV?$basic_string@DU?$char_traits@D@std@@V?$allocator@D@2@@std@@V12@@std@@QAEPAXI@Z 0042b040 f i ccConfig.obj
 0002:000180b0       ??_GccConfig@@UAEPAXI@Z    0042b0b0 f i ccConfig.obj
 0002:000180b0       ??_EccConfig@@UAEPAXI@Z    0042b0b0 f i ccConfig.obj
 0002:00018120       ?_Adopt@_Iterator_base0@std@@QAEXPBX@Z 0042b120 f i ccConfig.obj
 0002:00018160       ?_Adopt@_Iterator_base12@std@@QAEXPBU_Container_base12@2@@Z 0042b160 f i ccConfig.obj
 0002:00018310       ?_Alloc_proxy@?$_Tree_alloc@$0A@U?$_Tree_base_types@U?$pair@$$CBV?$basic_string@DU?$char_traits@D@std@@V?$allocator@D@2@@std@@V12@@std@@V?$allocator@U?$pair@$$CBV?$basic_string@DU?$char_traits@D@std@@V?$allocator@D@2@@std@@V12@@std@@@2@@std@@@std@@QAEXXZ 0042b310 f i ccConfig.obj
 0002:000183f0       ?_Assign_rv@?$basic_string@DU?$char_traits@D@std@@V?$allocator@D@2@@std@@QAEX$$QAV12@@Z 0042b3f0 f i ccConfig.obj
 0002:000184e0       ?_Buyheadnode@?$_Tree_alloc@$0A@U?$_Tree_base_types@U?$pair@$$CBV?$basic_string@DU?$char_traits@D@std@@V?$allocator@D@2@@std@@V12@@std@@V?$allocator@U?$pair@$$CBV?$basic_string@DU?$char_traits@D@std@@V?$allocator@D@2@@std@@V12@@std@@@2@@std@@@std@@QAEPAU?$_Tree_node@U?$pair@$$CBV?$basic_string@DU?$char_traits@D@std@@V?$allocator@D@2@@std@@V12@@std@@PAX@2@XZ 0042b4e0 f i ccConfig.obj
 0002:00018740       ?_Buynode0@?$_List_alloc@$0A@U?$_List_base_types@V?$basic_string@DU?$char_traits@D@std@@V?$allocator@D@2@@std@@V?$allocator@V?$basic_string@DU?$char_traits@D@std@@V?$allocator@D@2@@std@@@2@@std@@@std@@QAEPAU?$_List_node@V?$basic_string@DU?$char_traits@D@std@@V?$allocator@D@2@@std@@PAX@2@PAU32@0@Z 0042b740 f i ccConfig.obj
[...]
 0005:000004c0       __imp_?windowActivationChange@QWidget@@MAEX_N@Z 004494c0     qt-mt323:qt-mt323.dll
 0005:000004c4       __imp_?write@QGList@@MBEAAVQDataStream@@AAV2@PAX@Z 004494c4     qt-mt323:qt-mt323.dll
 0005:000004c8       __imp_?null@QString@@2V1@A 004494c8     qt-mt323:qt-mt323.dll
 0005:000004cc       __imp_?qApp@@3PAVQApplication@@A 004494cc     qt-mt323:qt-mt323.dll
 0005:000004d0       __imp_??YQString@@QAEAAV0@ABV0@@Z 004494d0     qt-mt323:qt-mt323.dll
 0005:000004d4       __imp_??YQString@@QAEAAV0@PBD@Z 004494d4     qt-mt323:qt-mt323.dll
 0005:000004d8       __imp_?setStyle@QApplication@@SAPAVQStyle@@ABVQString@@@Z 004494d8     qt-mt323:qt-mt323.dll
 0005:000004dc       __imp_?setMainWidget@QApplication@@UAEXPAVQWidget@@@Z 004494dc     qt-mt323:qt-mt323.dll
 0005:000004e0       __imp_?exec@QApplication@@QAEHXZ 004494e0     qt-mt323:qt-mt323.dll
 0005:000004e4       __imp_?addLibraryPath@QApplication@@SAXABVQString@@@Z 004494e4     qt-mt323:qt-mt323.dll
 0005:000004e8       __imp_??0QDir@@QAE@ABVQString@@0HH@Z 004494e8     qt-mt323:qt-mt323.dll
 0005:000004ec       __imp_??1QDir@@UAE@XZ      004494ec     qt-mt323:qt-mt323.dll
 0005:000004f0       __imp_?exists@QDir@@UBE_NXZ 004494f0     qt-mt323:qt-mt323.dll
 0005:000004f4       __imp_??0QSize@@QAE@HH@Z   004494f4     qt-mt323:qt-mt323.dll
 0005:000004f8       __imp_?expandedTo@QSize@@QBE?AV1@ABV1@@Z 004494f8     qt-mt323:qt-mt323.dll
 0005:000004fc       __imp_??0QWidget@@QAE@PAV0@PBDI@Z 004494fc     qt-mt323:qt-mt323.dll
 0005:00000500       __imp_??1QWidget@@UAE@XZ   00449500     qt-mt323:qt-mt323.dll
 0005:00000504       __imp_?resize@QWidget@@QAEXABVQSize@@@Z 00449504     qt-mt323:qt-mt323.dll
 0005:00000508       __imp_?clearWState@QWidget@@IAEXI@Z 00449508     qt-mt323:qt-mt323.dll
 0005:0000050c       __imp_?timerEvent@QObject@@MAEXPAVQTimerEvent@@@Z 0044950c     qt-mt323:qt-mt323.dll
 0005:00000510       __imp_?qstrcmp@@YAHPBD0@Z  00449510     qt-mt323:qt-mt323.dll
 0005:00000514       __imp_?fromLatin1@QString@@SA?AV1@PBDH@Z 00449514     qt-mt323:qt-mt323.dll
 0005:00000518       __imp_?fromUtf8@QString@@SA?AV1@PBDH@Z 00449518     qt-mt323:qt-mt323.dll
 0005:0000051c       __imp_?qt_cast@QWidget@@UAEPAXPBD@Z 0044951c     qt-mt323:qt-mt323.dll
 0005:00000520       __imp_?qt_invoke@QWidget@@UAE_NHPAUQUObject@@@Z 00449520     qt-mt323:qt-mt323.dll
 0005:00000524       __imp_?qt_emit@QWidget@@UAE_NHPAUQUObject@@@Z 00449524     qt-mt323:qt-mt323.dll
 0005:00000528       __imp_?qt_property@QWidget@@UAE_NHHPAVQVariant@@@Z 00449528     qt-mt323:qt-mt323.dll
 0005:0000052c       __imp_?staticMetaObject@QWidget@@SAPAVQMetaObject@@XZ 0044952c     qt-mt323:qt-mt323.dll
 0005:00000530       __imp_?slotOffset@QMetaObject@@QBEHXZ 00449530     qt-mt323:qt-mt323.dll
 0005:00000534       __imp_?new_metaobject@QMetaObject@@SAPAV1@PBDPAV1@QBUQMetaData@@H2HQBVQMetaProperty@@HQBUQMetaEnum@@HQBUQClassInfo@@H@Z 00449534     qt-mt323:qt-mt323.dll
 0005:00000538       __imp_??0QMetaObjectCleanUp@@QAE@PBDP6APAVQMetaObject@@XZ@Z 00449538     qt-mt323:qt-mt323.dll
 0005:0000053c       __imp_??1QMetaObjectCleanUp@@QAE@XZ 0044953c     qt-mt323:qt-mt323.dll
 0005:00000540       __imp_?setMetaObject@QMetaObjectCleanUp@@QAEXAAPAVQMetaObject@@@Z 00449540     qt-mt323:qt-mt323.dll
 0005:00000544       __imp_?translate@QApplication@@QBE?AVQString@@PBD00W4Encoding@1@@Z 00449544     qt-mt323:qt-mt323.dll
 0005:00000548       __imp_?get@QUType_ptr@@QAEAAPAXPAUQUObject@@@Z 00449548     qt-mt323:qt-mt323.dll
 0005:0000054c       __imp_?get@QUType_QString@@QAEAAVQString@@PAUQUObject@@@Z 0044954c     qt-mt323:qt-mt323.dll
 0005:00000550       __imp_?static_QUType_ptr@@3UQUType_ptr@@A 00449550     qt-mt323:qt-mt323.dll
 0005:00000554       __imp_?static_QUType_QString@@3UQUType_QString@@A 00449554     qt-mt323:qt-mt323.dll
 0005:00000558       __imp_?raise@QWidget@@QAEXXZ 00449558     qt-mt323:qt-mt323.dll
 0005:0000055c       __imp_??0QApplication@@QAE@AAHPAPADW4Type@0@@Z 0044955c     qt-mt323:qt-mt323.dll
 0005:00000560       __imp_??1QApplication@@UAE@XZ 00449560     qt-mt323:qt-mt323.dll
 0005:00000564       __imp_?mainWidget@QApplication@@QBEPAVQWidget@@XZ 00449564     qt-mt323:qt-mt323.dll
 0005:00000568       __imp_?commitData@QApplication@@UAEXAAVQSessionManager@@@Z 00449568     qt-mt323:qt-mt323.dll
 0005:0000056c       __imp_?event@QApplication@@MAE_NPAVQEvent@@@Z 0044956c     qt-mt323:qt-mt323.dll
 0005:00000570       __imp_?disconnectNotify@QObject@@MAEXPBD@Z 00449570     qt-mt323:qt-mt323.dll
 0005:00000574       __imp_?polish@QApplication@@UAEXPAVQWidget@@@Z 00449574     qt-mt323:qt-mt323.dll
 0005:00000578       __imp_?saveState@QApplication@@UAEXAAVQSessionManager@@@Z 00449578     qt-mt323:qt-mt323.dll
 0005:0000057c       __imp_?setName@QObject@@UAEXPBD@Z 0044957c     qt-mt323:qt-mt323.dll
 0005:00000580       __imp_??1QCString@@UAE@XZ  00449580     qt-mt323:qt-mt323.dll
 0005:00000584       __imp_??BQCString@@QBEPBDXZ 00449584     qt-mt323:qt-mt323.dll
 0005:00000588       __imp_?local8Bit@QString@@QBE?AVQCString@@XZ 00449588     qt-mt323:qt-mt323.dll
 0005:0000058c       __imp_?fromUcs2@QString@@SA?AV1@PBG@Z 0044958c     qt-mt323:qt-mt323.dll
 0005:00000590       __imp_?ucs2@QString@@QBEPBGXZ 00449590     qt-mt323:qt-mt323.dll
 0005:00000594       __imp_?winEventFilter@QApplication@@UAE_NPAUtagMSG@@@Z 00449594     qt-mt323:qt-mt323.dll
 0005:00000598       __imp_?className@QWidget@@UBEPBDXZ 00449598     qt-mt323:qt-mt323.dll
 0005:0000059c       __imp_?metaObject@QWidget@@UBEPAVQMetaObject@@XZ 0044959c     qt-mt323:qt-mt323.dll
 0005:000005a0       __imp_?activate_signal@QObject@@IAEXHVQString@@@Z 004495a0     qt-mt323:qt-mt323.dll
 0005:000005a4       __imp_?qt_cast@QApplication@@UAEPAXPBD@Z 004495a4     qt-mt323:qt-mt323.dll
 0005:000005a8       __imp_?qt_invoke@QApplication@@UAE_NHPAUQUObject@@@Z 004495a8     qt-mt323:qt-mt323.dll
 0005:000005ac       __imp_?qt_emit@QApplication@@UAE_NHPAUQUObject@@@Z 004495ac     qt-mt323:qt-mt323.dll
 0005:000005b0       __imp_?qt_property@QApplication@@UAE_NHHPAVQVariant@@@Z 004495b0     qt-mt323:qt-mt323.dll
 0005:000005b4       __imp_?staticMetaObject@QApplication@@SAPAVQMetaObject@@XZ 004495b4     qt-mt323:qt-mt323.dll
 0005:000005b8       __imp_?signalOffset@QMetaObject@@QBEHXZ 004495b8     qt-mt323:qt-mt323.dll
 0005:000005bc       __imp_?set@QUType_bool@@QAEXPAUQUObject@@_N@Z 004495bc     qt-mt323:qt-mt323.dll
 0005:000005c0       __imp_?get@QUType_int@@QAEAAHPAUQUObject@@@Z 004495c0     qt-mt323:qt-mt323.dll
 0005:000005c4       __imp_?static_QUType_bool@@3UQUType_bool@@A 004495c4     qt-mt323:qt-mt323.dll
 0005:000005c8       __imp_?static_QUType_int@@3UQUType_int@@A 004495c8     qt-mt323:qt-mt323.dll
 0005:000005cc       __imp_?contextMenuEvent@QWidget@@MAEXPAVQContextMenuEvent@@@Z 004495cc     qt-mt323:qt-mt323.dll
 0005:000005d0       __imp_?connectNotify@QObject@@MAEXPBD@Z 004495d0     qt-mt323:qt-mt323.dll
 0005:000005d4       __imp_?compareItems@QGList@@MAEHPAX0@Z 004495d4     qt-mt323:qt-mt323.dll
 0005:000005d8       __imp_?cmd@QPaintDevice@@MAE_NHPAVQPainter@@PATQPDevCmdParam@@@Z 004495d8     qt-mt323:qt-mt323.dll
 0005:000005dc       __imp_?closeEvent@QWidget@@MAEXPAVQCloseEvent@@@Z 004495dc     qt-mt323:qt-mt323.dll
 0005:000005e0       __imp_?close@QWidget@@UAE_N_N@Z 004495e0     qt-mt323:qt-mt323.dll
 0005:000005e4       __imp_?childEvent@QObject@@MAEXPAVQChildEvent@@@Z 004495e4     qt-mt323:qt-mt323.dll
 0005:000005e8       __imp_?checkConnectArgs@QObject@@MAE_NPBDPBV1@0@Z 004495e8     qt-mt323:qt-mt323.dll
 0005:000005ec       __imp_?adjustSize@QWidget@@UAEXXZ 004495ec     qt-mt323:qt-mt323.dll
 0005:000005f0       __imp_??1QPixmap@@UAE@XZ   004495f0     qt-mt323:qt-mt323.dll
 0005:000005f4       __imp_??0QPixmap@@QAE@QAPBD@Z 004495f4     qt-mt323:qt-mt323.dll
 0005:000005f8       __imp_?start@QProcess@@UAE_NPAVQStringList@@@Z 004495f8     qt-mt323:qt-mt323.dll
 0005:000005fc       __imp_?addArgument@QProcess@@UAEXABVQString@@@Z 004495fc     qt-mt323:qt-mt323.dll
 0005:00000600       __imp_??1QProcess@@UAE@XZ  00449600     qt-mt323:qt-mt323.dll
 0005:00000604       __imp_??0QProcess@@QAE@PAVQObject@@PBD@Z 00449604     qt-mt323:qt-mt323.dll
 0005:00000608       __imp_?critical@QMessageBox@@SAHPAVQWidget@@ABVQString@@1111HH@Z 00449608     qt-mt323:qt-mt323.dll
 0005:0000060c       __imp_?isFile@QFileInfo@@QBE_NXZ 0044960c     qt-mt323:qt-mt323.dll
 0005:00000610       __imp_?dirPath@QFileInfo@@QBE?AVQString@@_N@Z 00449610     qt-mt323:qt-mt323.dll
 0005:00000614       __imp_?baseName@QFileInfo@@QBE?AVQString@@_N@Z 00449614     qt-mt323:qt-mt323.dll
 0005:00000618       __imp_?exists@QFileInfo@@QBE_NXZ 00449618     qt-mt323:qt-mt323.dll
 0005:0000061c       __imp_??1QFileInfo@@QAE@XZ 0044961c     qt-mt323:qt-mt323.dll
 0005:00000620       __imp_??0QFileInfo@@QAE@ABVQString@@@Z 00449620     qt-mt323:qt-mt323.dll
 0005:00000624       __imp_?argv@QApplication@@QBEPAPADXZ 00449624     qt-mt323:qt-mt323.dll
 0005:00000628       __imp_?argc@QApplication@@QBEHXZ 00449628     qt-mt323:qt-mt323.dll
 0005:0000062c       __imp_?close@QWidget@@QAE_NXZ 0044962c     qt-mt323:qt-mt323.dll
 0005:00000630       __imp_?update@QWidget@@QAEXXZ 00449630     qt-mt323:qt-mt323.dll
 0005:00000634       __imp_?setIcon@QWidget@@UAEXABVQPixmap@@@Z 00449634     qt-mt323:qt-mt323.dll
 0005:00000638       __imp_?height@QWidget@@QBEHXZ 00449638     qt-mt323:qt-mt323.dll
 0005:0000063c       __imp_?width@QWidget@@QBEHXZ 0044963c     qt-mt323:qt-mt323.dll
 0005:00000640       __imp_?y@QWidget@@QBEHXZ   00449640     qt-mt323:qt-mt323.dll
 0005:00000644       __imp_?x@QWidget@@QBEHXZ   00449644     qt-mt323:qt-mt323.dll
 0005:00000648       __imp_?winId@QWidget@@QBEPAUHWND__@@XZ 00449648     qt-mt323:qt-mt323.dll
 0005:0000064c       __imp_?parent@QObject@@QBEPAV1@XZ 0044964c     qt-mt323:qt-mt323.dll
 0005:00000650       __imp_?connect@QObject@@SA_NPBV1@PBD01@Z 00449650     qt-mt323:qt-mt323.dll
 0005:00000654       __imp_?killTimer@QObject@@QAEXH@Z 00449654     qt-mt323:qt-mt323.dll
 0005:00000658       __imp_?startTimer@QObject@@QAEHH@Z 00449658     qt-mt323:qt-mt323.dll
 0005:0000065c       __imp_?timerId@QTimerEvent@@QBEHXZ 0044965c     qt-mt323:qt-mt323.dll
 0005:00000660       __imp_??0QPoint@@QAE@HH@Z  00449660     qt-mt323:qt-mt323.dll
 0005:00000664       __imp_??1QStringList@@QAE@XZ 00449664     qt-mt323:qt-mt323.dll
 0005:00000668       __imp_?split@QStringList@@SA?AV1@ABVQString@@0_N@Z 00449668     qt-mt323:qt-mt323.dll
 0005:0000066c       __imp_??BQGListStdIterator@@QAEPAVQLNode@@XZ 0044966c     qt-mt323:qt-mt323.dll
 0005:00000670       __imp_??0QGListStdIterator@@QAE@PAVQLNode@@@Z 00449670     qt-mt323:qt-mt323.dll
 0005:00000674       __imp_??ZQGListIterator@@IAEPAXI@Z 00449674     qt-mt323:qt-mt323.dll
 0005:00000678       __imp_??FQGListIterator@@IAEPAXXZ 00449678     qt-mt323:qt-mt323.dll
 0005:0000067c       __imp_??YQGListIterator@@IAEPAXI@Z 0044967c     qt-mt323:qt-mt323.dll
 0005:00000680       __imp_??EQGListIterator@@IAEPAXXZ 00449680     qt-mt323:qt-mt323.dll
 0005:00000684       __imp_??RQGListIterator@@IAEPAXXZ 00449684     qt-mt323:qt-mt323.dll
 0005:00000688       __imp_?get@QGListIterator@@IBEPAXXZ 00449688     qt-mt323:qt-mt323.dll
 0005:0000068c       __imp_?toLast@QGListIterator@@IAEPAXXZ 0044968c     qt-mt323:qt-mt323.dll
 0005:00000690       __imp_?toFirst@QGListIterator@@IAEPAXXZ 00449690     qt-mt323:qt-mt323.dll
 0005:00000694       __imp_?atLast@QGListIterator@@IBE_NXZ 00449694     qt-mt323:qt-mt323.dll
 0005:00000698       __imp_?atFirst@QGListIterator@@IBE_NXZ 00449698     qt-mt323:qt-mt323.dll
 0005:0000069c       __imp_??1QGListIterator@@IAE@XZ 0044969c     qt-mt323:qt-mt323.dll
 0005:000006a0       __imp_??4QGListIterator@@IAEAAV0@ABV0@@Z 004496a0     qt-mt323:qt-mt323.dll
 0005:000006a4       __imp_??0QGListIterator@@IAE@ABV0@@Z 004496a4     qt-mt323:qt-mt323.dll
 0005:000006a8       __imp_??0QGListIterator@@IAE@ABVQGList@@@Z 004496a8     qt-mt323:qt-mt323.dll
 0005:000006ac       __imp_?erase@QGList@@IAEPAVQLNode@@PAV2@@Z 004496ac     qt-mt323:qt-mt323.dll
 0005:000006b0       __imp_?end@QGList@@IBEPAVQLNode@@XZ 004496b0     qt-mt323:qt-mt323.dll
 0005:000006b4       __imp_?begin@QGList@@IBEPAVQLNode@@XZ 004496b4     qt-mt323:qt-mt323.dll
 0005:000006b8       __imp_?toVector@QGList@@IBEXPAVQGVector@@@Z 004496b8     qt-mt323:qt-mt323.dll
 0005:000006bc       __imp_?prev@QGList@@IAEPAXXZ 004496bc     qt-mt323:qt-mt323.dll
 0005:000006c0       __imp_?next@QGList@@IAEPAXXZ 004496c0     qt-mt323:qt-mt323.dll
 0005:000006c4       __imp_?last@QGList@@IAEPAXXZ 004496c4     qt-mt323:qt-mt323.dll
 0005:000006c8       __imp_?first@QGList@@IAEPAXXZ 004496c8     qt-mt323:qt-mt323.dll
 0005:000006cc       __imp_?clast@QGList@@IBEPAXXZ 004496cc     qt-mt323:qt-mt323.dll
 0005:000006d0       __imp_?cfirst@QGList@@IBEPAXXZ 004496d0     qt-mt323:qt-mt323.dll
 0005:000006d4       __imp_?get@QGList@@IBEPAXXZ 004496d4     qt-mt323:qt-mt323.dll
 0005:000006d8       __imp_?currentNode@QGList@@IBEPAVQLNode@@XZ 004496d8     qt-mt323:qt-mt323.dll
 0005:000006dc       __imp_?at@QGList@@IBEHXZ   004496dc     qt-mt323:qt-mt323.dll
 0005:000006e0       __imp_?at@QGList@@IAEPAXI@Z 004496e0     qt-mt323:qt-mt323.dll
 0005:000006e4       __imp_?contains@QGList@@IBEIPAX@Z 004496e4     qt-mt323:qt-mt323.dll
 0005:000006e8       __imp_?containsRef@QGList@@IBEIPAX@Z 004496e8     qt-mt323:qt-mt323.dll
 0005:000006ec       __imp_?find@QGList@@IAEHPAX_N@Z 004496ec     qt-mt323:qt-mt323.dll
 0005:000006f0       __imp_?findRef@QGList@@IAEHPAX_N@Z 004496f0     qt-mt323:qt-mt323.dll
 0005:000006f4       __imp_?clear@QGList@@MAEXXZ 004496f4     qt-mt323:qt-mt323.dll
 0005:000006f8       __imp_?sort@QGList@@IAEXXZ 004496f8     qt-mt323:qt-mt323.dll
 0005:000006fc       __imp_?takeAt@QGList@@IAEPAXI@Z 004496fc     qt-mt323:qt-mt323.dll
 0005:00000700       __imp_?take@QGList@@IAEPAXXZ 00449700     qt-mt323:qt-mt323.dll
 0005:00000704       __imp_?takeNode@QGList@@IAEPAXPAVQLNode@@@Z 00449704     qt-mt323:qt-mt323.dll
 0005:00000708       __imp_?replaceAt@QGList@@IAE_NIPAX@Z 00449708     qt-mt323:qt-mt323.dll
 0005:0000070c       __imp_?removeAt@QGList@@IAE_NI@Z 0044970c     qt-mt323:qt-mt323.dll
 0005:00000710       __imp_?removeLast@QGList@@IAE_NXZ 00449710     qt-mt323:qt-mt323.dll
 0005:00000714       __imp_?removeFirst@QGList@@IAE_NXZ 00449714     qt-mt323:qt-mt323.dll
 0005:00000718       __imp_?removeRef@QGList@@IAE_NPAX@Z 00449718     qt-mt323:qt-mt323.dll
 0005:0000071c       __imp_?remove@QGList@@IAE_NPAX@Z 0044971c     qt-mt323:qt-mt323.dll
 0005:00000720       __imp_?removeNode@QGList@@IAE_NPAVQLNode@@@Z 00449720     qt-mt323:qt-mt323.dll
 0005:00000724       __imp_?insertAt@QGList@@IAE_NIPAX@Z 00449724     qt-mt323:qt-mt323.dll
 0005:00000728       __imp_?append@QGList@@IAEXPAX@Z 00449728     qt-mt323:qt-mt323.dll
 0005:0000072c       __imp_?inSort@QGList@@IAEXPAX@Z 0044972c     qt-mt323:qt-mt323.dll
 0005:00000730       __imp_??8QGList@@IBE_NABV0@@Z 00449730     qt-mt323:qt-mt323.dll
 0005:00000734       __imp_??4QGList@@IAEAAV0@ABV0@@Z 00449734     qt-mt323:qt-mt323.dll
 0005:00000738       __imp_??1QGList@@MAE@XZ    00449738     qt-mt323:qt-mt323.dll
 0005:0000073c       __imp_??0QGList@@IAE@ABV0@@Z 0044973c     qt-mt323:qt-mt323.dll
 0005:00000740       __imp_??0QGList@@IAE@XZ    00449740     qt-mt323:qt-mt323.dll
 0005:00000744       __imp_?count@QGList@@UBEIXZ 00449744     qt-mt323:qt-mt323.dll
 0005:00000748       __imp_??A?$QValueList@VQString@@@@QAEAAVQString@@I@Z 00449748     qt-mt323:qt-mt323.dll
 0005:0000074c       __imp_??H@YA?BVQString@@PBDABV0@@Z 0044974c     qt-mt323:qt-mt323.dll
 0005:00000750       __imp_??H@YA?BVQString@@ABV0@PBD@Z 00449750     qt-mt323:qt-mt323.dll
 0005:00000754       __imp_??8@YA_NABVQString@@PBD@Z 00449754     qt-mt323:qt-mt323.dll
 0005:00000758       __imp_?startsWith@QString@@QBE_NABV1@@Z 00449758     qt-mt323:qt-mt323.dll
 0005:0000075c       __imp_??BQString@@QBEPBDXZ 0044975c     qt-mt323:qt-mt323.dll
 0005:00000760       __imp_?latin1@QString@@QBEPBDXZ 00449760     qt-mt323:qt-mt323.dll
 0005:00000764       __imp_?toInt@QString@@QBEHPA_NH@Z 00449764     qt-mt323:qt-mt323.dll
 0005:00000768       __imp_?upper@QString@@QBE?AV1@XZ 00449768     qt-mt323:qt-mt323.dll
 0005:0000076c       __imp_?rightJustify@QString@@QBE?AV1@IVQChar@@_N@Z 0044976c     qt-mt323:qt-mt323.dll
 0005:00000770       __imp_?leftJustify@QString@@QBE?AV1@IVQChar@@_N@Z 00449770     qt-mt323:qt-mt323.dll
 0005:00000774       __imp_?arg@QString@@QBE?AV1@ABV1@H@Z 00449774     qt-mt323:qt-mt323.dll
 0005:00000778       __imp_?arg@QString@@QBE?AV1@HHH@Z 00449778     qt-mt323:qt-mt323.dll
 0005:0000077c       __imp_?length@QString@@QBEIXZ 0044977c     qt-mt323:qt-mt323.dll
 0005:00000780       __imp_??4QString@@QAEAAV0@ABV0@@Z 00449780     qt-mt323:qt-mt323.dll
 0005:00000784       __imp_??1QString@@QAE@XZ   00449784     qt-mt323:qt-mt323.dll
 0005:00000788       __imp_??0QString@@QAE@PBD@Z 00449788     qt-mt323:qt-mt323.dll
 0005:0000078c       __imp_??0QString@@QAE@ABV0@@Z 0044978c     qt-mt323:qt-mt323.dll
 0005:00000790       __imp_??0QString@@QAE@XZ   00449790     qt-mt323:qt-mt323.dll
 0005:00000794       __imp_??0QChar@@QAE@D@Z    00449794     qt-mt323:qt-mt323.dll
 0005:00000798       __imp_?qDebug@@YAXPBDZZ    00449798     qt-mt323:qt-mt323.dll
 0005:0000079c       __imp_?destroy@QWidget@@MAEX_N0@Z 0044979c     qt-mt323:qt-mt323.dll
 0005:000007a0       __imp_?customWhatsThis@QWidget@@UBE_NXZ 004497a0     qt-mt323:qt-mt323.dll
 0005:000007a4       __imp_?notify@QApplication@@UAE_NPAVQObject@@PAVQEvent@@@Z 004497a4     qt-mt323:qt-mt323.dll
 0005:000007a8       __imp_?customEvent@QObject@@MAEXPAVQCustomEvent@@@Z 004497a8     qt-mt323:qt-mt323.dll
 0005:000007ac       __imp_?setSizePolicy@QWidget@@UAEXVQSizePolicy@@@Z 004497ac     qt-mt323:qt-mt323.dll
 0005:000007b0       __imp_?deleteData@QGArray@@MAEXPAUarray_data@1@@Z 004497b0     qt-mt323:qt-mt323.dll
 0005:000007b4       __imp_?newData@QGArray@@MAEPAUarray_data@1@XZ 004497b4     qt-mt323:qt-mt323.dll
 0005:000007b8       __imp_??1QGArray@@MAE@XZ   004497b8     qt-mt323:qt-mt323.dll
 0005:000007bc       __imp_?qWinMain@@YAXPAUHINSTANCE__@@0PADHAAHAAV?$QMemArray@PAD@@@Z 004497bc     qt-mt323:qt-mt323.dll
 0005:000007c0       __imp_??0QGArray@@IAE@H@Z  004497c0     qt-mt323:qt-mt323.dll
 0005:000007c4       __imp_?duplicate@QGArray@@IAEAAV1@ABV1@@Z 004497c4     qt-mt323:qt-mt323.dll
 0005:000007c8       __imp_??_7?$QMemArray@H@@6B@ 004497c8     qt-mt323:qt-mt323.dll
 0005:000007cc       __imp_??_7?$QMemArray@_N@@6B@ 004497cc     qt-mt323:qt-mt323.dll
 0005:000007d0       __imp_??_7?$QMemArray@D@@6B@ 004497d0     qt-mt323:qt-mt323.dll
 0005:000007d4       __imp_??_7?$QMemArray@VQPoint@@@@6B@ 004497d4     qt-mt323:qt-mt323.dll
 0005:000007d8       __imp_??_7?$QPtrList@D@@6B@ 004497d8     qt-mt323:qt-mt323.dll
 0005:000007dc       __imp_??_7?$QPtrList@VQObject@@@@6B@ 004497dc     qt-mt323:qt-mt323.dll
 0005:000007e0       __imp_??_7?$QPtrList@VQWidget@@@@6B@ 004497e0     qt-mt323:qt-mt323.dll
 0005:000007e4       \177qt-mt323_NULL_THUNK_DATA 004497e4     qt-mt323:qt-mt323.dll
 0005:000008fc       __IMPORT_DESCRIPTOR_bncs_shim_loaderdb 004498fc     bncs_shim_loaderdb:bncs_shim_loaderdb.dll
 0005:00000910       __IMPORT_DESCRIPTOR_dcwdb  00449910     dcwdb:dcwdb.dll
 0005:00000924       __IMPORT_DESCRIPTOR_qt-mt323 00449924     qt-mt323:qt-mt323.dll
 0005:00000938       __IMPORT_DESCRIPTOR_KERNEL32 00449938     kernel32:KERNEL32.dll
 0005:0000094c       __IMPORT_DESCRIPTOR_USER32 0044994c     user32:USER32.dll
 0005:00000960       __IMPORT_DESCRIPTOR_MSVCP120D 00449960     msvcprtd:MSVCP120D.dll
 0005:00000974       __IMPORT_DESCRIPTOR_MSVCR120D 00449974     MSVCRTD:MSVCR120D.dll
 0005:00000988       __NULL_IMPORT_DESCRIPTOR   00449988     bncs_shim_loaderdb:bncs_shim_loaderdb.dll
