 bncs_ws_man

 Timestamp is 56ddffaa (Mon Mar 07 22:24:42 2016)

 Preferred load address is 00400000

 Start         Length     Name                   Class
 0001:00000000 00017736H .text                   CODE
 0001:00017740 000024a3H .text$x                 CODE
 0002:00000000 00001020H .idata$5                DATA
 0002:00001020 000036ecH .rdata                  DATA
 0002:00004710 000014ccH .rdata$r                DATA
 0002:00005be0 00002588H .xdata$x                DATA
 0002:00008168 000000b4H .idata$2                DATA
 0002:0000821c 00000014H .idata$3                DATA
 0002:00008230 00001020H .idata$4                DATA
 0002:00009250 0000a056H .idata$6                DATA
 0002:000132a6 00000000H .edata                  DATA
 0003:00000000 00000004H .CRT$XCA                DATA
 0003:00000004 00000048H .CRT$XCU                DATA
 0003:0000004c 00000004H .CRT$XCZ                DATA
 0003:00000050 00000004H .CRT$XIA                DATA
 0003:00000054 00000004H .CRT$XIZ                DATA
 0003:00000060 00004ed4H .data                   DATA
 0003:00004f38 000001ccH .bss                    DATA
 0004:00000000 00000148H .rsrc$01                DATA
 0004:00000150 00003b90H .rsrc$02                DATA

  Address         Publics by Value              Rva+Base     Lib:Object

 0001:00000000       ??0AboutDialog@@QAE@XZ     00401000 f   AboutDialog.obj
 0001:000001b0       ?metaObject@AboutDialogBase@@UBEPAVQMetaObject@@XZ 004011b0 f i AboutDialog.obj
 0001:000001c0       ??_EAboutDialog@@UAEPAXI@Z 004011c0 f i AboutDialog.obj
 0001:000001c0       ??_GAboutDialog@@UAEPAXI@Z 004011c0 f i AboutDialog.obj
 0001:000001e0       ??1AboutDialog@@UAE@XZ     004011e0 f   AboutDialog.obj
 0001:00000200       ?GetVersion@AboutDialog@@AAEPADPAD000@Z 00401200 f   AboutDialog.obj
 0001:000003e0       ??_EAboutDialog@@WCI@AEPAXI@Z 004013e0 f i AboutDialog.obj
 0001:000003f0       ??0bncs_ws_manDialog@@QAE@PAVQWidget@@PBDI@Z 004013f0 f   bncs_ws_mandialog.obj
 0001:00000d30       ??8@YA_NVQChar@@0@Z        00401d30 f i bncs_ws_mandialog.obj
 0001:00000d40       ?metaObject@bncs_ws_manDialog@@UBEPAVQMetaObject@@XZ 00401d40 f i bncs_ws_mandialog.obj
 0001:00000d50       ??_Ebncs_ws_manDialog@@UAEPAXI@Z 00401d50 f i bncs_ws_mandialog.obj
 0001:00000d50       ??_Gbncs_ws_manDialog@@UAEPAXI@Z 00401d50 f i bncs_ws_mandialog.obj
 0001:00000d70       ?timerEvent@bncs_ws_manDialog@@EAEXPAVQTimerEvent@@@Z 00401d70 f   bncs_ws_mandialog.obj
 0001:00001790       ??1bncs_ws_manDialog@@UAE@XZ 00402790 f   bncs_ws_mandialog.obj
 0001:00001830       ?setStatus@bncs_ws_manDialog@@AAEXVQString@@@Z 00402830 f   bncs_ws_mandialog.obj
 0001:000018a0       ?doLaunch@bncs_ws_manDialog@@AAEXXZ 004028a0 f   bncs_ws_mandialog.obj
 0001:00001c60       ?RestartButtonClick@bncs_ws_manDialog@@AAEXXZ 00402c60 f   bncs_ws_mandialog.obj
 0001:00001d30       ?UpdateAndRestartButtonClick@bncs_ws_manDialog@@AAEXXZ 00402d30 f   bncs_ws_mandialog.obj
 0001:00001e00       ?doRestart@bncs_ws_manDialog@@AAEXXZ 00402e00 f   bncs_ws_mandialog.obj
 0001:00001e40       ?StopButtonClick@bncs_ws_manDialog@@AAEXXZ 00402e40 f   bncs_ws_mandialog.obj
 0001:00001f10       ?doStop@bncs_ws_manDialog@@AAEXXZ 00402f10 f   bncs_ws_mandialog.obj
 0001:00001f60       ?startAll@bncs_ws_manDialog@@AAEXXZ 00402f60 f   bncs_ws_mandialog.obj
 0001:00001fb0       ?ButtonsEnable@bncs_ws_manDialog@@ABEXXZ 00402fb0 f   bncs_ws_mandialog.obj
 0001:00001fe0       ?ButtonsDisable@bncs_ws_manDialog@@ABEXXZ 00402fe0 f   bncs_ws_mandialog.obj
 0001:00002010       ?statusChange@bncs_ws_manDialog@@AAEXW4status@workstationStatus@@@Z 00403010 f   bncs_ws_mandialog.obj
 0001:000024b0       ?getWSTrackerMessage@netComms@@QAE?AVQString@@XZ 004034b0 f i bncs_ws_mandialog.obj
 0001:000024e0       ?doStop@bncs_ws_manDialog@@AAEXH@Z 004034e0 f   bncs_ws_mandialog.obj
 0001:000025e0       ?doStart@bncs_ws_manDialog@@AAEXH@Z 004035e0 f   bncs_ws_mandialog.obj
 0001:000026e0       ?doRestart@bncs_ws_manDialog@@AAEXH@Z 004036e0 f   bncs_ws_mandialog.obj
 0001:000028d0       ?showLogViewer@bncs_ws_manDialog@@AAEXXZ 004038d0 f   bncs_ws_mandialog.obj
 0001:00002960       ?programSelect@bncs_ws_manDialog@@AAEXH@Z 00403960 f   bncs_ws_mandialog.obj
 0001:00002dd0       ?deleteCurrentProgram@bncs_ws_manDialog@@AAEXVQString@@@Z 00403dd0 f   bncs_ws_mandialog.obj
 0001:00002ed0       ?AboutClick@bncs_ws_manDialog@@AAEXXZ 00403ed0 f   bncs_ws_mandialog.obj
 0001:00002f40       ?singletonMessageReceived@bncs_ws_manDialog@@AAEXABVQString@@@Z 00403f40 f   bncs_ws_mandialog.obj
 0001:00002fe0       ??_Ebncs_ws_manDialog@@WCI@AEPAXI@Z 00403fe0 f i bncs_ws_mandialog.obj
 0001:00002ff0       ??0csi_startDialog@@QAE@PAVQWidget@@PBDI@Z 00403ff0 f   csi_startdialog.obj
 0001:000031d0       ?metaObject@csi_startDialog@@UBEPAVQMetaObject@@XZ 004041d0 f i csi_startdialog.obj
 0001:000031e0       ??_Ecsi_startDialog@@UAEPAXI@Z 004041e0 f i csi_startdialog.obj
 0001:000031e0       ??_Gcsi_startDialog@@UAEPAXI@Z 004041e0 f i csi_startdialog.obj
 0001:00003200       ?addProc@csi_startDialog@@AAEXPAVprocessBase@@_NVQString@@22@Z 00404200 f   csi_startdialog.obj
 0001:000033e0       ?addCsiProc@csi_startDialog@@AAEXVQString@@_N1@Z 004043e0 f   csi_startdialog.obj
 0001:000034e0       ?addOtherProc@csi_startDialog@@AAEXVQString@@00_N1HK@Z 004044e0 f   csi_startdialog.obj
 0001:00003830       ?load@csi_startDialog@@QAEXAA_N@Z 00404830 f   csi_startdialog.obj
 0001:00004330       ?countLaunches@csi_startDialog@@AAEHXZ 00405330 f   csi_startdialog.obj
 0001:00004410       ?go@csi_startDialog@@QAEXXZ 00405410 f   csi_startdialog.obj
 0001:00004760       ??1csi_startDialog@@UAE@XZ 00405760 f   csi_startdialog.obj
 0001:000049c0       ?procDone@csi_startDialog@@AAEX_N@Z 004059c0 f   csi_startdialog.obj
 0001:00004cf0       ?processExited@csi_startDialog@@AAEXXZ 00405cf0 f   csi_startdialog.obj
 0001:00005220       ?getFirstLaunch@csi_startDialog@@AAEPAVprocessBase@@XZ 00406220 f   csi_startdialog.obj
 0001:00005300       ?startNext@csi_startDialog@@AAEXXZ 00406300 f   csi_startdialog.obj
 0001:000055e0       ?optionEnabled@csi_startDialog@@AAEXAA_N00000@Z 004065e0 f   csi_startdialog.obj
 0001:00005770       ?contextMenuRequested@csi_startDialog@@AAEXPAVQListViewItem@@ABVQPoint@@H@Z 00406770 f   csi_startdialog.obj
 0001:00005f30       ?listItemSelected@csi_startDialog@@AAEXXZ 00406f30 f   csi_startdialog.obj
 0001:00005fa0       ?doButtonStart@csi_startDialog@@AAEXXZ 00406fa0 f   csi_startdialog.obj
 0001:00006160       ?doButtonStop@csi_startDialog@@AAEXXZ 00407160 f   csi_startdialog.obj
 0001:00006230       ?doButtonGoFromHere@csi_startDialog@@AAEXXZ 00407230 f   csi_startdialog.obj
 0001:00006330       ?doButtonGoSelected@csi_startDialog@@AAEXXZ 00407330 f   csi_startdialog.obj
 0001:00006420       ?setStatus@csi_startDialog@@AAEXW4status@workstationStatus@@_N@Z 00407420 f   csi_startdialog.obj
 0001:00006450       ?checkStatus@csi_startDialog@@AAEXXZ 00407450 f   csi_startdialog.obj
 0001:00006580       ?stopAll@csi_startDialog@@QAEXXZ 00407580 f   csi_startdialog.obj
 0001:000066a0       ?stoppingActive@csi_startDialog@@QAE_NXZ 004076a0 f   csi_startdialog.obj
 0001:000066f0       ?fixUpAutoStart@csi_startDialog@@AAEXPAVprocessBase@@@Z 004076f0 f   csi_startdialog.obj
 0001:000067b0       ?resolveEnvVars@csi_startDialog@@AAE?AVQString@@ABV2@@Z 004077b0 f   csi_startdialog.obj
 0001:00006a60       ??1?$QPtrList@VprocessBase@@@@UAE@XZ 00407a60 f i csi_startdialog.obj
 0001:00006ac0       ?count@?$QPtrList@VprocessBase@@@@UBEIXZ 00407ac0 f i csi_startdialog.obj
 0001:00006ad0       ?clear@?$QPtrList@VprocessBase@@@@UAEXXZ 00407ad0 f i csi_startdialog.obj
 0001:00006ae0       ??1?$QMap@PAVprocessBase@@PAVlaunchListViewItem@@@@QAE@XZ 00407ae0 f i csi_startdialog.obj
 0001:00006b60       ??_E?$QPtrList@VprocessBase@@@@UAEPAXI@Z 00407b60 f i csi_startdialog.obj
 0001:00006b60       ??_G?$QPtrList@VprocessBase@@@@UAEPAXI@Z 00407b60 f i csi_startdialog.obj
 0001:00006b80       ?deleteItem@?$QPtrList@VprocessBase@@@@EAEXPAX@Z 00407b80 f i csi_startdialog.obj
 0001:00006ba0       ??A?$QMap@PAVprocessBase@@PAVlaunchListViewItem@@@@QAEAAPAVlaunchListViewItem@@ABQAVprocessBase@@@Z 00407ba0 f i csi_startdialog.obj
 0001:00006ca0       ?insert@?$QMap@PAVprocessBase@@PAVlaunchListViewItem@@@@QAE?AV?$QMapIterator@PAVprocessBase@@PAVlaunchListViewItem@@@@ABQAVprocessBase@@ABQAVlaunchListViewItem@@_N@Z 00407ca0 f i csi_startdialog.obj
 0001:00006d90       ?detachInternal@?$QMap@PAVprocessBase@@PAVlaunchListViewItem@@@@AAEXXZ 00407d90 f i csi_startdialog.obj
 0001:00006ef0       ?clear@?$QMapPrivate@PAVprocessBase@@PAVlaunchListViewItem@@@@QAEXPAU?$QMapNode@PAVprocessBase@@PAVlaunchListViewItem@@@@@Z 00407ef0 f i csi_startdialog.obj
 0001:00006f20       ?find@?$QMapPrivate@PAVprocessBase@@PAVlaunchListViewItem@@@@QBE?AV?$QMapConstIterator@PAVprocessBase@@PAVlaunchListViewItem@@@@ABQAVprocessBase@@@Z 00407f20 f i csi_startdialog.obj
 0001:00006f70       ??0?$QMapPrivate@PAVprocessBase@@PAVlaunchListViewItem@@@@QAE@PBV0@@Z 00407f70 f i csi_startdialog.obj
 0001:00007070       ?insertSingle@?$QMapPrivate@PAVprocessBase@@PAVlaunchListViewItem@@@@QAE?AV?$QMapIterator@PAVprocessBase@@PAVlaunchListViewItem@@@@ABQAVprocessBase@@@Z 00408070 f i csi_startdialog.obj
 0001:00007130       ?begin@?$QMapPrivate@PAVprocessBase@@PAVlaunchListViewItem@@@@QAE?AV?$QMapIterator@PAVprocessBase@@PAVlaunchListViewItem@@@@XZ 00408130 f i csi_startdialog.obj
 0001:00007140       ?copy@?$QMapPrivate@PAVprocessBase@@PAVlaunchListViewItem@@@@QAEPAU?$QMapNode@PAVprocessBase@@PAVlaunchListViewItem@@@@PAU2@@Z 00408140 f i csi_startdialog.obj
 0001:000071d0       ?insert@?$QMapPrivate@PAVprocessBase@@PAVlaunchListViewItem@@@@QAE?AV?$QMapIterator@PAVprocessBase@@PAVlaunchListViewItem@@@@PAUQMapNodeBase@@0ABQAVprocessBase@@@Z 004081d0 f i csi_startdialog.obj
 0001:00007270       ?dec@?$QMapIterator@PAVprocessBase@@PAVlaunchListViewItem@@@@AAEHXZ 00408270 f i csi_startdialog.obj
 0001:000072c0       ??_Ecsi_startDialog@@WCI@AEPAXI@Z 004082c0 f i csi_startdialog.obj
 0001:000072d0       ??0launchListViewItem@@QAE@PAVQListView@@PAVprocessBase@@ABVQString@@W4EProcessState@0@22@Z 004082d0 f   launchListViewItem.obj
 0001:00007440       ??_GlaunchListViewItem@@UAEPAXI@Z 00408440 f i launchListViewItem.obj
 0001:00007440       ??_ElaunchListViewItem@@UAEPAXI@Z 00408440 f i launchListViewItem.obj
 0001:00007460       ??1launchListViewItem@@UAE@XZ 00408460 f   launchListViewItem.obj
 0001:00007470       ?paintCell@launchListViewItem@@EAEXPAVQPainter@@ABVQColorGroup@@HHH@Z 00408470 f   launchListViewItem.obj
 0001:00007990       ?setProcessState@launchListViewItem@@QAEXW4EProcessState@1@@Z 00408990 f   launchListViewItem.obj
 0001:000081e0       ?getStateText@launchListViewItem@@CA?AVQString@@W4EProcessState@1@@Z 004091e0 f   launchListViewItem.obj
 0001:00008310       ?setAutoStart@launchListViewItem@@QAEX_N@Z 00409310 f   launchListViewItem.obj
 0001:00008340       ?getProcess@launchListViewItem@@QBEPAVprocessBase@@XZ 00409340 f   launchListViewItem.obj
 0001:00008350       ?setLaunch@launchListViewItem@@QAEX_N@Z 00409350 f   launchListViewItem.obj
 0001:00008360       ?getLaunch@launchListViewItem@@QBE_NXZ 00409360 f   launchListViewItem.obj
 0001:00008370       ??0logDelete@@QAE@PAVbncs_config@@@Z 00409370 f   logDelete.obj
 0001:00008480       ?metaObject@logDelete@@UBEPAVQMetaObject@@XZ 00409480 f i logDelete.obj
 0001:00008490       ??_ElogDelete@@UAEPAXI@Z   00409490 f i logDelete.obj
 0001:00008490       ??_GlogDelete@@UAEPAXI@Z   00409490 f i logDelete.obj
 0001:000084b0       ??1logDelete@@UAE@XZ       004094b0 f   logDelete.obj
 0001:00008550       ?timerEvent@logDelete@@MAEXPAVQTimerEvent@@@Z 00409550 f   logDelete.obj
 0001:000085a0       ?loadConfig@logDelete@@AAE_NPAVbncs_config@@@Z 004095a0 f   logDelete.obj
 0001:00008c30       ?deleteOldFiles@logDelete@@AAEXXZ 00409c30 f   logDelete.obj
 0001:00008db0       ?deleteOldFiles@logDelete@@AAEXVQString@@VQDate@@@Z 00409db0 f   logDelete.obj
 0001:000091a0       ??0?$QValueListPrivate@VQString@@@@QAE@XZ 0040a1a0 f i logDelete.obj
 0001:00009240       ??_E?$QValueListNode@VQString@@@@UAEPAXI@Z 0040a240 f i logDelete.obj
 0001:00009240       ??_G?$QValueListNode@VQString@@@@UAEPAXI@Z 0040a240 f i logDelete.obj
 0001:00009260       ??1?$QValueListNode@VQString@@@@UAE@XZ 0040a260 f i logDelete.obj
 0001:00009290       ?insert@?$QValueListPrivate@VQString@@@@QAE?AV?$QValueListIterator@VQString@@@@V2@ABVQString@@@Z 0040a290 f i logDelete.obj
 0001:00009310       ??_G?$QValueListPrivate@VQString@@@@UAEPAXI@Z 0040a310 f i logDelete.obj
 0001:00009310       ??_E?$QValueListPrivate@VQString@@@@UAEPAXI@Z 0040a310 f i logDelete.obj
 0001:00009360       ??0?$QValueListPrivate@VQString@@@@QAE@ABV0@@Z 0040a360 f i logDelete.obj
 0001:00009440       ??0logDialog@@QAE@PAVQWidget@@PBD_NI@Z 0040a440 f   logdialogimpl.obj
 0001:00009590       ?metaObject@logDialog@@UBEPAVQMetaObject@@XZ 0040a590 f i logdialogimpl.obj
 0001:000095a0       ??_ElogDialog@@UAEPAXI@Z   0040a5a0 f i logdialogimpl.obj
 0001:000095a0       ??_GlogDialog@@UAEPAXI@Z   0040a5a0 f i logdialogimpl.obj
 0001:000095c0       ??1logDialog@@UAE@XZ       0040a5c0 f   logdialogimpl.obj
 0001:000095e0       ?doClose@logDialog@@QAEXXZ 0040a5e0 f   logdialogimpl.obj
 0001:000095f0       ?doRefresh@logDialog@@QAEXXZ 0040a5f0 f   logdialogimpl.obj
 0001:00009650       ?loadLog@logDialog@@AAEXXZ 0040a650 f   logdialogimpl.obj
 0001:00009920       ??_ElogDialog@@WCI@AEPAXI@Z 0040a920 f i logdialogimpl.obj
 0001:00009930       _main                      0040a930 f   main.obj
 0001:00009b10       ??0netComms@@QAE@XZ        0040ab10 f   netComms.obj
 0001:00009c10       ?metaObject@netComms@@UBEPAVQMetaObject@@XZ 0040ac10 f i netComms.obj
 0001:00009c20       ??_EnetComms@@UAEPAXI@Z    0040ac20 f i netComms.obj
 0001:00009c20       ??_GnetComms@@UAEPAXI@Z    0040ac20 f i netComms.obj
 0001:00009c40       ??1netComms@@UAE@XZ        0040ac40 f   netComms.obj
 0001:00009d50       ?connect@netComms@@AAE_NXZ 0040ad50 f   netComms.obj
 0001:00009ff0       ??_EQSocketDevice@@UAEPAXI@Z 0040aff0 f i netComms.obj
 0001:00009ff0       ??_GQSocketDevice@@UAEPAXI@Z 0040aff0 f i netComms.obj
 0001:0000a010       ??_EQSocketNotifier@@UAEPAXI@Z 0040b010 f i netComms.obj
 0001:0000a010       ??_GQSocketNotifier@@UAEPAXI@Z 0040b010 f i netComms.obj
 0001:0000a030       ?rxData@netComms@@QAEXH@Z  0040b030 f   netComms.obj
 0001:0000a3c0       ?initComms@netComms@@QAE_NXZ 0040b3c0 f   netComms.obj
 0001:0000b070       ?timerEvent@netComms@@MAEXPAVQTimerEvent@@@Z 0040c070 f   netComms.obj
 0001:0000b090       ?sendStatus@netComms@@AAE_NXZ 0040c090 f   netComms.obj
 0001:0000b5b0       ?GetOSDisplayString@netComms@@AAE?AVQString@@XZ 0040c5b0 f   netComms.obj
 0001:0000bc70       ?setStatus@netComms@@QAEXW4status@workstationStatus@@@Z 0040cc70 f   netComms.obj
 0001:0000bc90       ?performAction@netComms@@AAEXVQString@@H@Z 0040cc90 f   netComms.obj
 0001:0000bdc0       ?at@?$QValueListPrivate@VQString@@@@QBEPAV?$QValueListNode@VQString@@@@I@Z 0040cdc0 f i netComms.obj
 0001:0000be00       ??0processBase@@QAE@PAVQObject@@PBD@Z 0040ce00 f   processBase.obj
 0001:0000be90       ?metaObject@processBase@@UBEPAVQMetaObject@@XZ 0040ce90 f i processBase.obj
 0001:0000bea0       ??_EprocessBase@@UAEPAXI@Z 0040cea0 f i processBase.obj
 0001:0000bea0       ??_GprocessBase@@UAEPAXI@Z 0040cea0 f i processBase.obj
 0001:0000bec0       ??1processBase@@UAE@XZ     0040cec0 f   processBase.obj
 0001:0000bed0       ?start@processBase@@UAE_NPAVQStringList@@@Z 0040ced0 f   processBase.obj
 0001:0000c4d0       ?timerEvent@processBase@@UAEXPAVQTimerEvent@@@Z 0040d4d0 f   processBase.obj
 0001:0000c4f0       ?delay@processBase@@QAEXH@Z 0040d4f0 f   processBase.obj
 0001:0000c500       ?restartOnCrash@processBase@@QAEX_N@Z 0040d500 f   processBase.obj
 0001:0000c510       ?RestartOnCrash@processBase@@QBE_NXZ 0040d510 f   processBase.obj
 0001:0000c530       ?stop@processBase@@QAEXXZ  0040d530 f   processBase.obj
 0001:0000c540       ?processExited@processBase@@AAEXXZ 0040d540 f   processBase.obj
 0001:0000c580       ?Stopping@processBase@@QBE_NXZ 0040d580 f   processBase.obj
 0001:0000c590       ?AutoStart@processBase@@QBE_NXZ 0040d590 f   processBase.obj
 0001:0000c5a0       ?SetAutoStart@processBase@@QAEX_N@Z 0040d5a0 f   processBase.obj
 0001:0000c5b0       ?forceTerminate@processBase@@QAEXXZ 0040d5b0 f   processBase.obj
 0001:0000c620       ?fixUpAutoStart@processBase@@QAEXXZ 0040d620 f   processBase.obj
 0001:0000c630       ?setWaitForIdle@processBase@@QAEXK@Z 0040d630 f   processBase.obj
 0001:0000c640       ??0Program@@QAE@XZ         0040d640 f   Program.obj
 0001:0000c650       ??_GProgram@@UAEPAXI@Z     0040d650 f i Program.obj
 0001:0000c650       ??_EProgram@@UAEPAXI@Z     0040d650 f i Program.obj
 0001:0000c670       ??1Program@@UAE@XZ         0040d670 f   Program.obj
 0001:0000c680       ??0StopAllProgram@@QAE@XZ  0040d680 f   Program.obj
 0001:0000c6a0       ??_EStopAllProgram@@UAEPAXI@Z 0040d6a0 f i Program.obj
 0001:0000c6a0       ??_GStopAllProgram@@UAEPAXI@Z 0040d6a0 f i Program.obj
 0001:0000c6c0       ??1StopAllProgram@@UAE@XZ  0040d6c0 f   Program.obj
 0001:0000c6d0       ?name@StopAllProgram@@UBE?AVQString@@XZ 0040d6d0 f   Program.obj
 0001:0000c700       ??0RestartAllProgram@@QAE@XZ 0040d700 f   Program.obj
 0001:0000c720       ??_GRestartAllProgram@@UAEPAXI@Z 0040d720 f i Program.obj
 0001:0000c720       ??_ERestartAllProgram@@UAEPAXI@Z 0040d720 f i Program.obj
 0001:0000c740       ??1RestartAllProgram@@UAE@XZ 0040d740 f   Program.obj
 0001:0000c750       ?name@RestartAllProgram@@UBE?AVQString@@XZ 0040d750 f   Program.obj
 0001:0000c780       ??0UpdateAndRestartProgram@@QAE@XZ 0040d780 f   Program.obj
 0001:0000c7a0       ??_EUpdateAndRestartProgram@@UAEPAXI@Z 0040d7a0 f i Program.obj
 0001:0000c7a0       ??_GUpdateAndRestartProgram@@UAEPAXI@Z 0040d7a0 f i Program.obj
 0001:0000c7c0       ??1UpdateAndRestartProgram@@UAE@XZ 0040d7c0 f   Program.obj
 0001:0000c7d0       ?name@UpdateAndRestartProgram@@UBE?AVQString@@XZ 0040d7d0 f   Program.obj
 0001:0000c800       ??0InitializeProgram@@QAE@XZ 0040d800 f   Program.obj
 0001:0000c820       ??_GInitializeProgram@@UAEPAXI@Z 0040d820 f i Program.obj
 0001:0000c820       ??_EInitializeProgram@@UAEPAXI@Z 0040d820 f i Program.obj
 0001:0000c840       ??1InitializeProgram@@UAE@XZ 0040d840 f   Program.obj
 0001:0000c850       ?launcherStoppedAction@RestartNoReloadLauncherProgram@@UBE?AW4EAction@Program@@XZ 0040d850 f   Program.obj
 0001:0000c850       ?finishWhen@InitializeProgram@@UBE?AW4EFinishWhen@Program@@XZ 0040d850 f   Program.obj
 0001:0000c850       ?finishWhen@RestartNoReloadLauncherProgram@@UBE?AW4EFinishWhen@Program@@XZ 0040d850 f   Program.obj
 0001:0000c850       ?launcherStoppedAction@StopAndTestProgram@@UBE?AW4EAction@Program@@XZ 0040d850 f   Program.obj
 0001:0000c850       ?finishWhen@RestartAllProgram@@UBE?AW4EFinishWhen@Program@@XZ 0040d850 f   Program.obj
 0001:0000c850       ?finishWhen@UpdateAndRestartProgram@@UBE?AW4EFinishWhen@Program@@XZ 0040d850 f   Program.obj
 0001:0000c860       ?name@InitializeProgram@@UBE?AVQString@@XZ 0040d860 f   Program.obj
 0001:0000c890       ??0StopAndTestProgram@@QAE@XZ 0040d890 f   Program.obj
 0001:0000c8b0       ??_EStopAndTestProgram@@UAEPAXI@Z 0040d8b0 f i Program.obj
 0001:0000c8b0       ??_GStopAndTestProgram@@UAEPAXI@Z 0040d8b0 f i Program.obj
 0001:0000c8d0       ??1StopAndTestProgram@@UAE@XZ 0040d8d0 f   Program.obj
 0001:0000c8e0       ?doSync@StopAllProgram@@UBE_NXZ 0040d8e0 f   Program.obj
 0001:0000c8e0       ?doSync@StopAndReloadLauncherProgram@@UBE_NXZ 0040d8e0 f   Program.obj
 0001:0000c8e0       ?availableWhenStarted@InitializeProgram@@UBE_NXZ 0040d8e0 f   Program.obj
 0001:0000c8e0       ?availableWhenStarted@StartAndStopWithSyncProgram@@UBE_NXZ 0040d8e0 f   Program.obj
 0001:0000c8e0       ?availableWhenStopped@StopAndReloadLauncherProgram@@UBE_NXZ 0040d8e0 f   Program.obj
 0001:0000c8e0       ?doSync@RestartNoReloadLauncherProgram@@UBE_NXZ 0040d8e0 f   Program.obj
 0001:0000c8e0       ?doSync@StartAndStopNoSyncProgram@@UBE_NXZ 0040d8e0 f   Program.obj
 0001:0000c8e0       ?availableWhenStopped@ResyncAndReloadLauncherProgram@@UBE_NXZ 0040d8e0 f   Program.obj
 0001:0000c8e0       ?availableWhenStopped@StopAllProgram@@UBE_NXZ 0040d8e0 f   Program.obj
 0001:0000c8e0       ?availableWhenStopped@InitializeProgram@@UBE_NXZ 0040d8e0 f   Program.obj
 0001:0000c8e0       ?availableWhenStarted@StartAndStopNoSyncProgram@@UBE_NXZ 0040d8e0 f   Program.obj
 0001:0000c8e0       ?doSync@StopAndTestProgram@@UBE_NXZ 0040d8e0 f   Program.obj
 0001:0000c8e0       ?doSync@RestartAllProgram@@UBE_NXZ 0040d8e0 f   Program.obj
 0001:0000c8e0       ?availableWhenStopped@StopAndTestProgram@@UBE_NXZ 0040d8e0 f   Program.obj
 0001:0000c8f0       ?name@StopAndTestProgram@@UBE?AVQString@@XZ 0040d8f0 f   Program.obj
 0001:0000c920       ??0StopAndReloadLauncherProgram@@QAE@XZ 0040d920 f   Program.obj
 0001:0000c940       ??_EStopAndReloadLauncherProgram@@UAEPAXI@Z 0040d940 f i Program.obj
 0001:0000c940       ??_GStopAndReloadLauncherProgram@@UAEPAXI@Z 0040d940 f i Program.obj
 0001:0000c960       ??1StopAndReloadLauncherProgram@@UAE@XZ 0040d960 f   Program.obj
 0001:0000c970       ?name@StopAndReloadLauncherProgram@@UBE?AVQString@@XZ 0040d970 f   Program.obj
 0001:0000c9a0       ??0StartAndStopWithSyncProgram@@QAE@XZ 0040d9a0 f   Program.obj
 0001:0000c9c0       ??_EStartAndStopWithSyncProgram@@UAEPAXI@Z 0040d9c0 f i Program.obj
 0001:0000c9c0       ??_GStartAndStopWithSyncProgram@@UAEPAXI@Z 0040d9c0 f i Program.obj
 0001:0000c9e0       ??1StartAndStopWithSyncProgram@@UAE@XZ 0040d9e0 f   Program.obj
 0001:0000c9f0       ?name@StartAndStopWithSyncProgram@@UBE?AVQString@@XZ 0040d9f0 f   Program.obj
 0001:0000ca20       ??0StartAndStopNoSyncProgram@@QAE@XZ 0040da20 f   Program.obj
 0001:0000ca40       ??_GStartAndStopNoSyncProgram@@UAEPAXI@Z 0040da40 f i Program.obj
 0001:0000ca40       ??_EStartAndStopNoSyncProgram@@UAEPAXI@Z 0040da40 f i Program.obj
 0001:0000ca60       ??1StartAndStopNoSyncProgram@@UAE@XZ 0040da60 f   Program.obj
 0001:0000ca70       ?finishWhen@StopAndTestProgram@@UBE?AW4EFinishWhen@Program@@XZ 0040da70 f   Program.obj
 0001:0000ca70       ?launcherStoppedAction@StopAllProgram@@UBE?AW4EAction@Program@@XZ 0040da70 f   Program.obj
 0001:0000ca70       ?finishWhen@StartAndStopWithSyncProgram@@UBE?AW4EFinishWhen@Program@@XZ 0040da70 f   Program.obj
 0001:0000ca70       ?finishWhen@StartAndStopNoSyncProgram@@UBE?AW4EFinishWhen@Program@@XZ 0040da70 f   Program.obj
 0001:0000ca80       ?availableWhenStopped@StartAndStopWithSyncProgram@@UBE_NXZ 0040da80 f   Program.obj
 0001:0000ca80       ?doSync@InitializeProgram@@UBE_NXZ 0040da80 f   Program.obj
 0001:0000ca80       ?availableWhenStarted@StopAndTestProgram@@UBE_NXZ 0040da80 f   Program.obj
 0001:0000ca80       ?doSync@UpdateAndRestartProgram@@UBE_NXZ 0040da80 f   Program.obj
 0001:0000ca80       ?availableWhenStopped@RestartAllProgram@@UBE_NXZ 0040da80 f   Program.obj
 0001:0000ca80       ?availableWhenStarted@RestartAllProgram@@UBE_NXZ 0040da80 f   Program.obj
 0001:0000ca80       ?availableWhenStopped@UpdateAndRestartProgram@@UBE_NXZ 0040da80 f   Program.obj
 0001:0000ca80       ?availableWhenStarted@StopAndReloadLauncherProgram@@UBE_NXZ 0040da80 f   Program.obj
 0001:0000ca80       ?availableWhenStarted@ResyncAndReloadLauncherProgram@@UBE_NXZ 0040da80 f   Program.obj
 0001:0000ca80       ?doSync@StartAndStopWithSyncProgram@@UBE_NXZ 0040da80 f   Program.obj
 0001:0000ca80       ?availableWhenStarted@UpdateAndRestartProgram@@UBE_NXZ 0040da80 f   Program.obj
 0001:0000ca80       ?availableWhenStarted@StopAllProgram@@UBE_NXZ 0040da80 f   Program.obj
 0001:0000ca80       ?doSync@ResyncAndReloadLauncherProgram@@UBE_NXZ 0040da80 f   Program.obj
 0001:0000ca80       ?availableWhenStopped@StartAndStopNoSyncProgram@@UBE_NXZ 0040da80 f   Program.obj
 0001:0000ca80       ?availableWhenStopped@RestartNoReloadLauncherProgram@@UBE_NXZ 0040da80 f   Program.obj
 0001:0000ca80       ?availableWhenStarted@RestartNoReloadLauncherProgram@@UBE_NXZ 0040da80 f   Program.obj
 0001:0000ca90       ?launcherStoppedAction@StartAndStopNoSyncProgram@@UBE?AW4EAction@Program@@XZ 0040da90 f   Program.obj
 0001:0000ca90       ?launcherStoppedAction@UpdateAndRestartProgram@@UBE?AW4EAction@Program@@XZ 0040da90 f   Program.obj
 0001:0000ca90       ?launcherStoppedAction@RestartAllProgram@@UBE?AW4EAction@Program@@XZ 0040da90 f   Program.obj
 0001:0000ca90       ?launcherStoppedAction@StopAndReloadLauncherProgram@@UBE?AW4EAction@Program@@XZ 0040da90 f   Program.obj
 0001:0000ca90       ?launcherStoppedAction@InitializeProgram@@UBE?AW4EAction@Program@@XZ 0040da90 f   Program.obj
 0001:0000ca90       ?finishWhen@StopAllProgram@@UBE?AW4EFinishWhen@Program@@XZ 0040da90 f   Program.obj
 0001:0000ca90       ?launcherStoppedAction@StartAndStopWithSyncProgram@@UBE?AW4EAction@Program@@XZ 0040da90 f   Program.obj
 0001:0000ca90       ?launcherStoppedAction@ResyncAndReloadLauncherProgram@@UBE?AW4EAction@Program@@XZ 0040da90 f   Program.obj
 0001:0000caa0       ?name@StartAndStopNoSyncProgram@@UBE?AVQString@@XZ 0040daa0 f   Program.obj
 0001:0000cad0       ??0RestartNoReloadLauncherProgram@@QAE@XZ 0040dad0 f   Program.obj
 0001:0000caf0       ??_GRestartNoReloadLauncherProgram@@UAEPAXI@Z 0040daf0 f i Program.obj
 0001:0000caf0       ??_ERestartNoReloadLauncherProgram@@UAEPAXI@Z 0040daf0 f i Program.obj
 0001:0000cb10       ??1RestartNoReloadLauncherProgram@@UAE@XZ 0040db10 f   Program.obj
 0001:0000cb20       ?name@RestartNoReloadLauncherProgram@@UBE?AVQString@@XZ 0040db20 f   Program.obj
 0001:0000cb50       ??0ResyncAndReloadLauncherProgram@@QAE@XZ 0040db50 f   Program.obj
 0001:0000cb70       ??_GResyncAndReloadLauncherProgram@@UAEPAXI@Z 0040db70 f i Program.obj
 0001:0000cb70       ??_EResyncAndReloadLauncherProgram@@UAEPAXI@Z 0040db70 f i Program.obj
 0001:0000cb90       ??1ResyncAndReloadLauncherProgram@@UAE@XZ 0040db90 f   Program.obj
 0001:0000cba0       ?finishWhen@StopAndReloadLauncherProgram@@UBE?AW4EFinishWhen@Program@@XZ 0040dba0 f   Program.obj
 0001:0000cba0       ?finishWhen@ResyncAndReloadLauncherProgram@@UBE?AW4EFinishWhen@Program@@XZ 0040dba0 f   Program.obj
 0001:0000cbb0       ?name@ResyncAndReloadLauncherProgram@@UBE?AVQString@@XZ 0040dbb0 f   Program.obj
 0001:0000cbe0       ??0restartDialog@@QAE@PAVQWidget@@PBD_NI@Z 0040dbe0 f   restartdialogimpl.obj
 0001:0000cc60       ?metaObject@restartDialog@@UBEPAVQMetaObject@@XZ 0040dc60 f i restartdialogimpl.obj
 0001:0000cc70       ??_ErestartDialog@@UAEPAXI@Z 0040dc70 f i restartdialogimpl.obj
 0001:0000cc70       ??_GrestartDialog@@UAEPAXI@Z 0040dc70 f i restartdialogimpl.obj
 0001:0000cc90       ??1restartDialog@@UAE@XZ   0040dc90 f   restartdialogimpl.obj
 0001:0000ccb0       ?timerEvent@restartDialog@@EAEXPAVQTimerEvent@@@Z 0040dcb0 f   restartdialogimpl.obj
 0001:0000cdb0       ??_ErestartDialog@@WCI@AEPAXI@Z 0040ddb0 f i restartdialogimpl.obj
 0001:0000cdc0       ??0restartThread@@QAE@XZ   0040ddc0 f   restartThread.obj
 0001:0000cde0       ??_GrestartThread@@UAEPAXI@Z 0040dde0 f i restartThread.obj
 0001:0000cde0       ??_ErestartThread@@UAEPAXI@Z 0040dde0 f i restartThread.obj
 0001:0000ce00       ??1restartThread@@UAE@XZ   0040de00 f   restartThread.obj
 0001:0000ce10       ?run@restartThread@@UAEXXZ 0040de10 f   restartThread.obj
 0001:0000ce60       ??0startCSI@@QAE@PAVQObject@@PBD@Z 0040de60 f   startCSI.obj
 0001:0000d050       ?metaObject@startCSI@@UBEPAVQMetaObject@@XZ 0040e050 f i startCSI.obj
 0001:0000d060       ??_GstartCSI@@UAEPAXI@Z    0040e060 f i startCSI.obj
 0001:0000d060       ??_EstartCSI@@UAEPAXI@Z    0040e060 f i startCSI.obj
 0001:0000d080       ??1startCSI@@UAE@XZ        0040e080 f   startCSI.obj
 0001:0000d0e0       ?start@startCSI@@UAE_NPAVQStringList@@@Z 0040e0e0 f   startCSI.obj
 0001:0000d120       ?timerEvent@startCSI@@UAEXPAVQTimerEvent@@@Z 0040e120 f   startCSI.obj
 0001:0000d1c0       ?csiProcessExited@startCSI@@QAEXXZ 0040e1c0 f   startCSI.obj
 0001:0000d3b0       ?rebootOnCrash@startCSI@@QAEX_N@Z 0040e3b0 f   startCSI.obj
 0001:0000d3c0       ??0startCSIHelper@@QAE@XZ  0040e3c0 f   startCSIHelper.obj
 0001:0000d430       ?metaObject@startCSIHelper@@UBEPAVQMetaObject@@XZ 0040e430 f i startCSIHelper.obj
 0001:0000d440       ??_GstartCSIHelper@@UAEPAXI@Z 0040e440 f i startCSIHelper.obj
 0001:0000d440       ??_EstartCSIHelper@@UAEPAXI@Z 0040e440 f i startCSIHelper.obj
 0001:0000d460       ??1startCSIHelper@@UAE@XZ  0040e460 f   startCSIHelper.obj
 0001:0000d480       ?hWndCSI@startCSIHelper@@QAEPAUHWND__@@XZ 0040e480 f   startCSIHelper.obj
 0001:0000d490       ?winEvent@startCSIHelper@@UAE_NPAUtagMSG@@@Z 0040e490 f   startCSIHelper.obj
 0001:0000d4b0       ??_EstartCSIHelper@@WCI@AEPAXI@Z 0040e4b0 f i startCSIHelper.obj
 0001:0000d4c0       ??0SyncProcess@@QAE@XZ     0040e4c0 f   SyncProcess.obj
 0001:0000d570       ?metaObject@SyncProcess@@UBEPAVQMetaObject@@XZ 0040e570 f i SyncProcess.obj
 0001:0000d580       ??_GSyncProcess@@UAEPAXI@Z 0040e580 f i SyncProcess.obj
 0001:0000d580       ??_ESyncProcess@@UAEPAXI@Z 0040e580 f i SyncProcess.obj
 0001:0000d5a0       ??1SyncProcess@@UAE@XZ     0040e5a0 f   SyncProcess.obj
 0001:0000d660       ?processFinished@SyncProcess@@IAEXXZ 0040e660 f   SyncProcess.obj
 0001:0000d680       ?readStdout@SyncProcess@@IAEXXZ 0040e680 f   SyncProcess.obj
 0001:0000d760       ?readStderr@SyncProcess@@IAEXXZ 0040e760 f   SyncProcess.obj
 0001:0000d890       ?moveSettings@SyncProcess@@IAEXXZ 0040e890 f   SyncProcess.obj
 0001:0000de20       ?commonSetUp@SyncProcess@@IAEXVQString@@00@Z 0040ee20 f   SyncProcess.obj
 0001:0000df30       ?startProcess@SyncProcess@@QAEXXZ 0040ef30 f   SyncProcess.obj
 0001:0000e0b0       ??0NoSyncProcess@@QAE@XZ   0040f0b0 f   SyncProcess.obj
 0001:0000e2d0       ?metaObject@NoSyncProcess@@UBEPAVQMetaObject@@XZ 0040f2d0 f i SyncProcess.obj
 0001:0000e2e0       ??_ENoSyncProcess@@UAEPAXI@Z 0040f2e0 f i SyncProcess.obj
 0001:0000e2e0       ??_GNoSyncProcess@@UAEPAXI@Z 0040f2e0 f i SyncProcess.obj
 0001:0000e300       ??_EQProcess@@UAEPAXI@Z    0040f300 f i SyncProcess.obj
 0001:0000e300       ??_GQProcess@@UAEPAXI@Z    0040f300 f i SyncProcess.obj
 0001:0000e320       ??1NoSyncProcess@@UAE@XZ   0040f320 f   SyncProcess.obj
 0001:0000e330       ?processExited@NoSyncProcess@@AAEXXZ 0040f330 f   SyncProcess.obj
 0001:0000e370       ??0FileSyncProcess@@QAE@XZ 0040f370 f   SyncProcess.obj
 0001:0000e8e0       ?metaObject@FileSyncProcess@@UBEPAVQMetaObject@@XZ 0040f8e0 f i SyncProcess.obj
 0001:0000e8f0       ??_EFileSyncProcess@@UAEPAXI@Z 0040f8f0 f i SyncProcess.obj
 0001:0000e8f0       ??_GFileSyncProcess@@UAEPAXI@Z 0040f8f0 f i SyncProcess.obj
 0001:0000e910       ??1FileSyncProcess@@UAE@XZ 0040f910 f   SyncProcess.obj
 0001:0000e970       ?processExited@FileSyncProcess@@AAEXXZ 0040f970 f   SyncProcess.obj
 0001:0000f550       ??0AboutDialogBase@@QAE@PAVQWidget@@PBD_NI@Z 00410550 f   AboutDialogBase.obj
 0001:0000fcd0       ??_GQSpacerItem@@UAEPAXI@Z 00410cd0 f i AboutDialogBase.obj
 0001:0000fcd0       ??_EQSpacerItem@@UAEPAXI@Z 00410cd0 f i AboutDialogBase.obj
 0001:0000fcf0       ??_EAboutDialogBase@@UAEPAXI@Z 00410cf0 f i AboutDialogBase.obj
 0001:0000fcf0       ??_GAboutDialogBase@@UAEPAXI@Z 00410cf0 f i AboutDialogBase.obj
 0001:0000fd10       ??_GQVBoxLayout@@UAEPAXI@Z 00410d10 f i AboutDialogBase.obj
 0001:0000fd10       ??_EQVBoxLayout@@UAEPAXI@Z 00410d10 f i AboutDialogBase.obj
 0001:0000fd30       ??_GQLabel@@UAEPAXI@Z      00410d30 f i AboutDialogBase.obj
 0001:0000fd30       ??_EQLabel@@UAEPAXI@Z      00410d30 f i AboutDialogBase.obj
 0001:0000fd50       ??_EQHBoxLayout@@UAEPAXI@Z 00410d50 f i AboutDialogBase.obj
 0001:0000fd50       ??_GQHBoxLayout@@UAEPAXI@Z 00410d50 f i AboutDialogBase.obj
 0001:0000fd70       ??_EQPushButton@@UAEPAXI@Z 00410d70 f i AboutDialogBase.obj
 0001:0000fd70       ??_GQPushButton@@UAEPAXI@Z 00410d70 f i AboutDialogBase.obj
 0001:0000fd90       ??1AboutDialogBase@@UAE@XZ 00410d90 f   AboutDialogBase.obj
 0001:0000fdb0       ?languageChange@AboutDialogBase@@MAEXXZ 00410db0 f   AboutDialogBase.obj
 0001:00010200       ??_EQVBoxLayout@@WCI@AEPAXI@Z 00411200 f i AboutDialogBase.obj
 0001:00010210       ??_EQHBoxLayout@@WCI@AEPAXI@Z 00411210 f i AboutDialogBase.obj
 0001:00010220       ??_EQLabel@@WCI@AEPAXI@Z   00411220 f i AboutDialogBase.obj
 0001:00010230       ??_EAboutDialogBase@@WCI@AEPAXI@Z 00411230 f i AboutDialogBase.obj
 0001:00010240       ??_EQPushButton@@WCI@AEPAXI@Z 00411240 f i AboutDialogBase.obj
 0001:00010250       ??0bncs_ws_manDialogBase@@QAE@PAVQWidget@@PBDI@Z 00411250 f   bncs_ws_mandialogbase.obj
 0001:00010d50       ?metaObject@bncs_ws_manDialogBase@@UBEPAVQMetaObject@@XZ 00411d50 f i bncs_ws_mandialogbase.obj
 0001:00010d60       ??_Gbncs_ws_manDialogBase@@UAEPAXI@Z 00411d60 f i bncs_ws_mandialogbase.obj
 0001:00010d60       ??_Ebncs_ws_manDialogBase@@UAEPAXI@Z 00411d60 f i bncs_ws_mandialogbase.obj
 0001:00010d80       ??_EQWidget@@UAEPAXI@Z     00411d80 f i bncs_ws_mandialogbase.obj
 0001:00010d80       ??_GQWidget@@UAEPAXI@Z     00411d80 f i bncs_ws_mandialogbase.obj
 0001:00010da0       ??_EQGroupBox@@UAEPAXI@Z   00411da0 f i bncs_ws_mandialogbase.obj
 0001:00010da0       ??_GQGroupBox@@UAEPAXI@Z   00411da0 f i bncs_ws_mandialogbase.obj
 0001:00010dc0       ??_GQAction@@UAEPAXI@Z     00411dc0 f i bncs_ws_mandialogbase.obj
 0001:00010dc0       ??_EQAction@@UAEPAXI@Z     00411dc0 f i bncs_ws_mandialogbase.obj
 0001:00010de0       ??_GQMenuBar@@UAEPAXI@Z    00411de0 f i bncs_ws_mandialogbase.obj
 0001:00010de0       ??_EQMenuBar@@UAEPAXI@Z    00411de0 f i bncs_ws_mandialogbase.obj
 0001:00010e00       ??_EQPopupMenu@@UAEPAXI@Z  00411e00 f i bncs_ws_mandialogbase.obj
 0001:00010e00       ??_GQPopupMenu@@UAEPAXI@Z  00411e00 f i bncs_ws_mandialogbase.obj
 0001:00010e20       ??1bncs_ws_manDialogBase@@UAE@XZ 00411e20 f   bncs_ws_mandialogbase.obj
 0001:00010e40       ?languageChange@bncs_ws_manDialogBase@@MAEXXZ 00411e40 f   bncs_ws_mandialogbase.obj
 0001:000113a0       ??_EQGroupBox@@WCI@AEPAXI@Z 004123a0 f i bncs_ws_mandialogbase.obj
 0001:000113b0       ??_Ebncs_ws_manDialogBase@@WCI@AEPAXI@Z 004123b0 f i bncs_ws_mandialogbase.obj
 0001:000113c0       ??_EQWidget@@WCI@AEPAXI@Z  004123c0 f i bncs_ws_mandialogbase.obj
 0001:000113d0       ??_EQMenuBar@@WCI@AEPAXI@Z 004123d0 f i bncs_ws_mandialogbase.obj
 0001:000113e0       ??_EQMenuBar@@WIM@AEPAXI@Z 004123e0 f i bncs_ws_mandialogbase.obj
 0001:000113f0       ??_EQPopupMenu@@WCI@AEPAXI@Z 004123f0 f i bncs_ws_mandialogbase.obj
 0001:00011400       ??_EQPopupMenu@@WIM@AEPAXI@Z 00412400 f i bncs_ws_mandialogbase.obj
 0001:00011410       ??0csi_startDialogBase@@QAE@PAVQWidget@@PBDI@Z 00412410 f   csi_startdialogbase.obj
 0001:00011a10       ?metaObject@csi_startDialogBase@@UBEPAVQMetaObject@@XZ 00412a10 f i csi_startdialogbase.obj
 0001:00011a20       ??_Gcsi_startDialogBase@@UAEPAXI@Z 00412a20 f i csi_startdialogbase.obj
 0001:00011a20       ??_Ecsi_startDialogBase@@UAEPAXI@Z 00412a20 f i csi_startdialogbase.obj
 0001:00011a40       ??_GQListView@@UAEPAXI@Z   00412a40 f i csi_startdialogbase.obj
 0001:00011a40       ??_EQListView@@UAEPAXI@Z   00412a40 f i csi_startdialogbase.obj
 0001:00011a60       ??1csi_startDialogBase@@UAE@XZ 00412a60 f   csi_startdialogbase.obj
 0001:00011a80       ?languageChange@csi_startDialogBase@@MAEXXZ 00412a80 f   csi_startdialogbase.obj
 0001:00011e50       ??_EQListView@@WCI@AEPAXI@Z 00412e50 f i csi_startdialogbase.obj
 0001:00011e60       ??_Ecsi_startDialogBase@@WCI@AEPAXI@Z 00412e60 f i csi_startdialogbase.obj
 0001:00011e70       ??0logDialogBase@@QAE@PAVQWidget@@PBD_NI@Z 00412e70 f   logdialog.obj
 0001:00012160       ?metaObject@logDialogBase@@UBEPAVQMetaObject@@XZ 00413160 f i logdialog.obj
 0001:00012170       ??_GlogDialogBase@@UAEPAXI@Z 00413170 f i logdialog.obj
 0001:00012170       ??_ElogDialogBase@@UAEPAXI@Z 00413170 f i logdialog.obj
 0001:00012190       ??_GQListBox@@UAEPAXI@Z    00413190 f i logdialog.obj
 0001:00012190       ??_EQListBox@@UAEPAXI@Z    00413190 f i logdialog.obj
 0001:000121b0       ??1logDialogBase@@UAE@XZ   004131b0 f   logdialog.obj
 0001:000121d0       ?languageChange@logDialogBase@@MAEXXZ 004131d0 f   logdialog.obj
 0001:000122f0       ??_EQListBox@@WCI@AEPAXI@Z 004132f0 f i logdialog.obj
 0001:00012300       ??_ElogDialogBase@@WCI@AEPAXI@Z 00413300 f i logdialog.obj
 0001:00012310       ?className@AboutDialogBase@@UBEPBDXZ 00413310 f   moc_AboutDialogBase.obj
 0001:00012370       ?tr@AboutDialogBase@@SA?AVQString@@PBD0@Z 00413370 f   moc_AboutDialogBase.obj
 0001:000123c0       ?staticMetaObject@AboutDialogBase@@SAPAVQMetaObject@@XZ 004133c0 f   moc_AboutDialogBase.obj
 0001:00012410       ?qt_cast@AboutDialogBase@@UAEPAXPBD@Z 00413410 f   moc_AboutDialogBase.obj
 0001:00012480       ?qt_invoke@AboutDialogBase@@UAE_NHPAUQUObject@@@Z 00413480 f   moc_AboutDialogBase.obj
 0001:000124c0       ?qt_property@logDialogBase@@UAE_NHHPAVQVariant@@@Z 004134c0 f   moc_AboutDialogBase.obj
 0001:000124c0       ?qt_property@AboutDialogBase@@UAE_NHHPAVQVariant@@@Z 004134c0 f   moc_AboutDialogBase.obj
 0001:000124c0       ?qt_property@restartDialogBase@@UAE_NHHPAVQVariant@@@Z 004134c0 f   moc_AboutDialogBase.obj
 0001:000124e0       ?className@bncs_ws_manDialog@@UBEPBDXZ 004134e0 f   moc_bncs_ws_mandialog.obj
 0001:00012540       ?staticMetaObject@bncs_ws_manDialog@@SAPAVQMetaObject@@XZ 00413540 f   moc_bncs_ws_mandialog.obj
 0001:000126a0       ?qt_cast@bncs_ws_manDialog@@UAEPAXPBD@Z 004136a0 f   moc_bncs_ws_mandialog.obj
 0001:00012710       ?qt_invoke@bncs_ws_manDialog@@UAE_NHPAUQUObject@@@Z 00413710 f   moc_bncs_ws_mandialog.obj
 0001:000128c0       ?qt_emit@bncs_ws_manDialog@@UAE_NHPAUQUObject@@@Z 004138c0 f   moc_bncs_ws_mandialog.obj
 0001:000128e0       ?qt_property@bncs_ws_manDialog@@UAE_NHHPAVQVariant@@@Z 004138e0 f   moc_bncs_ws_mandialog.obj
 0001:00012900       ?className@bncs_ws_manDialogBase@@UBEPBDXZ 00413900 f   moc_bncs_ws_mandialogbase.obj
 0001:00012960       ?tr@bncs_ws_manDialogBase@@SA?AVQString@@PBD0@Z 00413960 f   moc_bncs_ws_mandialogbase.obj
 0001:000129b0       ?staticMetaObject@bncs_ws_manDialogBase@@SAPAVQMetaObject@@XZ 004139b0 f   moc_bncs_ws_mandialogbase.obj
 0001:00012a00       ?qt_cast@bncs_ws_manDialogBase@@UAEPAXPBD@Z 00413a00 f   moc_bncs_ws_mandialogbase.obj
 0001:00012a70       ?qt_invoke@bncs_ws_manDialogBase@@UAE_NHPAUQUObject@@@Z 00413a70 f   moc_bncs_ws_mandialogbase.obj
 0001:00012ab0       ?qt_emit@bncs_ws_manDialogBase@@UAE_NHPAUQUObject@@@Z 00413ab0 f   moc_bncs_ws_mandialogbase.obj
 0001:00012ad0       ?qt_property@bncs_ws_manDialogBase@@UAE_NHHPAVQVariant@@@Z 00413ad0 f   moc_bncs_ws_mandialogbase.obj
 0001:00012af0       ?className@csi_startDialog@@UBEPBDXZ 00413af0 f   moc_csi_startdialog.obj
 0001:00012b50       ?staticMetaObject@csi_startDialog@@SAPAVQMetaObject@@XZ 00413b50 f   moc_csi_startdialog.obj
 0001:00012c90       ?qt_cast@csi_startDialog@@UAEPAXPBD@Z 00413c90 f   moc_csi_startdialog.obj
 0001:00012d00       ?restart@csi_startDialog@@IAEXXZ 00413d00 f   moc_csi_startdialog.obj
 0001:00012d20       ?stateChanged@csi_startDialog@@IAEXW4status@workstationStatus@@@Z 00413d20 f   moc_csi_startdialog.obj
 0001:00012de0       ?qt_invoke@csi_startDialog@@UAE_NHPAUQUObject@@@Z 00413de0 f   moc_csi_startdialog.obj
 0001:00012ee0       ?qt_emit@csi_startDialog@@UAE_NHPAUQUObject@@@Z 00413ee0 f   moc_csi_startdialog.obj
 0001:00012f40       ?qt_property@csi_startDialog@@UAE_NHHPAVQVariant@@@Z 00413f40 f   moc_csi_startdialog.obj
 0001:00012f60       ?className@csi_startDialogBase@@UBEPBDXZ 00413f60 f   moc_csi_startdialogbase.obj
 0001:00012fc0       ?tr@csi_startDialogBase@@SA?AVQString@@PBD0@Z 00413fc0 f   moc_csi_startdialogbase.obj
 0001:00013010       ?staticMetaObject@csi_startDialogBase@@SAPAVQMetaObject@@XZ 00414010 f   moc_csi_startdialogbase.obj
 0001:00013060       ?qt_cast@csi_startDialogBase@@UAEPAXPBD@Z 00414060 f   moc_csi_startdialogbase.obj
 0001:000130d0       ?qt_invoke@csi_startDialogBase@@UAE_NHPAUQUObject@@@Z 004140d0 f   moc_csi_startdialogbase.obj
 0001:00013110       ?qt_property@startCSIHelper@@UAE_NHHPAVQVariant@@@Z 00414110 f   moc_csi_startdialogbase.obj
 0001:00013110       ?qt_property@csi_startDialogBase@@UAE_NHHPAVQVariant@@@Z 00414110 f   moc_csi_startdialogbase.obj
 0001:00013130       ?className@logDelete@@UBEPBDXZ 00414130 f   moc_logDelete.obj
 0001:00013190       ?staticMetaObject@logDelete@@SAPAVQMetaObject@@XZ 00414190 f   moc_logDelete.obj
 0001:000131e0       ?qt_cast@logDelete@@UAEPAXPBD@Z 004141e0 f   moc_logDelete.obj
 0001:00013250       ?qt_invoke@logDelete@@UAE_NHPAUQUObject@@@Z 00414250 f   moc_logDelete.obj
 0001:00013270       ?qt_emit@logDelete@@UAE_NHPAUQUObject@@@Z 00414270 f   moc_logDelete.obj
 0001:00013290       ?className@logDialogBase@@UBEPBDXZ 00414290 f   moc_logdialog.obj
 0001:000132f0       ?tr@logDialogBase@@SA?AVQString@@PBD0@Z 004142f0 f   moc_logdialog.obj
 0001:00013340       ?staticMetaObject@logDialogBase@@SAPAVQMetaObject@@XZ 00414340 f   moc_logdialog.obj
 0001:00013390       ?qt_cast@logDialogBase@@UAEPAXPBD@Z 00414390 f   moc_logdialog.obj
 0001:00013400       ?qt_invoke@logDialogBase@@UAE_NHPAUQUObject@@@Z 00414400 f   moc_logdialog.obj
 0001:00013440       ?className@logDialog@@UBEPBDXZ 00414440 f   moc_logdialogimpl.obj
 0001:000134a0       ?staticMetaObject@logDialog@@SAPAVQMetaObject@@XZ 004144a0 f   moc_logdialogimpl.obj
 0001:000134f0       ?qt_cast@logDialog@@UAEPAXPBD@Z 004144f0 f   moc_logdialogimpl.obj
 0001:00013560       ?qt_invoke@logDialog@@UAE_NHPAUQUObject@@@Z 00414560 f   moc_logdialogimpl.obj
 0001:000135b0       ?className@netComms@@UBEPBDXZ 004145b0 f   moc_netComms.obj
 0001:00013610       ?staticMetaObject@netComms@@SAPAVQMetaObject@@XZ 00414610 f   moc_netComms.obj
 0001:00013700       ?qt_cast@netComms@@UAEPAXPBD@Z 00414700 f   moc_netComms.obj
 0001:00013770       ?restart@netComms@@IAEXH@Z 00414770 f   moc_netComms.obj
 0001:00013790       ?stop@netComms@@IAEXH@Z    00414790 f   moc_netComms.obj
 0001:000137b0       ?start@netComms@@IAEXH@Z   004147b0 f   moc_netComms.obj
 0001:000137d0       ?qt_invoke@netComms@@UAE_NHPAUQUObject@@@Z 004147d0 f   moc_netComms.obj
 0001:00013810       ?qt_emit@netComms@@UAE_NHPAUQUObject@@@Z 00414810 f   moc_netComms.obj
 0001:00013890       ?className@processBase@@UBEPBDXZ 00414890 f   moc_processBase.obj
 0001:000138f0       ?staticMetaObject@processBase@@SAPAVQMetaObject@@XZ 004148f0 f   moc_processBase.obj
 0001:000139b0       ?qt_cast@processBase@@UAEPAXPBD@Z 004149b0 f   moc_processBase.obj
 0001:00013a20       ?done@processBase@@IAEX_N@Z 00414a20 f   moc_processBase.obj
 0001:00013a40       ?signalFixUpAutoStart@processBase@@IAEXPAV1@@Z 00414a40 f   moc_processBase.obj
 0001:00013b00       ?qt_invoke@processBase@@UAE_NHPAUQUObject@@@Z 00414b00 f   moc_processBase.obj
 0001:00013b60       ?qt_emit@processBase@@UAE_NHPAUQUObject@@@Z 00414b60 f   moc_processBase.obj
 0001:00013bc0       ?qt_property@processBase@@UAE_NHHPAVQVariant@@@Z 00414bc0 f   moc_processBase.obj
 0001:00013be0       ?className@restartDialogBase@@UBEPBDXZ 00414be0 f   moc_restartdialog.obj
 0001:00013c40       ?tr@restartDialogBase@@SA?AVQString@@PBD0@Z 00414c40 f   moc_restartdialog.obj
 0001:00013c90       ?staticMetaObject@restartDialogBase@@SAPAVQMetaObject@@XZ 00414c90 f   moc_restartdialog.obj
 0001:00013ce0       ?qt_cast@restartDialogBase@@UAEPAXPBD@Z 00414ce0 f   moc_restartdialog.obj
 0001:00013d50       ?qt_invoke@restartDialogBase@@UAE_NHPAUQUObject@@@Z 00414d50 f   moc_restartdialog.obj
 0001:00013d90       ?qt_emit@AboutDialogBase@@UAE_NHPAUQUObject@@@Z 00414d90 f   moc_restartdialog.obj
 0001:00013d90       ?qt_emit@restartDialogBase@@UAE_NHPAUQUObject@@@Z 00414d90 f   moc_restartdialog.obj
 0001:00013d90       ?qt_emit@logDialogBase@@UAE_NHPAUQUObject@@@Z 00414d90 f   moc_restartdialog.obj
 0001:00013db0       ?className@restartDialog@@UBEPBDXZ 00414db0 f   moc_restartdialogimpl.obj
 0001:00013e10       ?staticMetaObject@restartDialog@@SAPAVQMetaObject@@XZ 00414e10 f   moc_restartdialogimpl.obj
 0001:00013e60       ?qt_cast@restartDialog@@UAEPAXPBD@Z 00414e60 f   moc_restartdialogimpl.obj
 0001:00013ed0       ?qt_invoke@restartDialog@@UAE_NHPAUQUObject@@@Z 00414ed0 f   moc_restartdialogimpl.obj
 0001:00013ef0       ?qt_emit@restartDialog@@UAE_NHPAUQUObject@@@Z 00414ef0 f   moc_restartdialogimpl.obj
 0001:00013ef0       ?qt_emit@logDialog@@UAE_NHPAUQUObject@@@Z 00414ef0 f   moc_restartdialogimpl.obj
 0001:00013f10       ?qt_property@restartDialog@@UAE_NHHPAVQVariant@@@Z 00414f10 f   moc_restartdialogimpl.obj
 0001:00013f10       ?qt_property@logDialog@@UAE_NHHPAVQVariant@@@Z 00414f10 f   moc_restartdialogimpl.obj
 0001:00013f30       ?className@startCSI@@UBEPBDXZ 00414f30 f   moc_startCSI.obj
 0001:00013f90       ?staticMetaObject@startCSI@@SAPAVQMetaObject@@XZ 00414f90 f   moc_startCSI.obj
 0001:00013fe0       ?qt_cast@startCSI@@UAEPAXPBD@Z 00414fe0 f   moc_startCSI.obj
 0001:00014050       ?qt_invoke@startCSI@@UAE_NHPAUQUObject@@@Z 00415050 f   moc_startCSI.obj
 0001:00014090       ?qt_emit@startCSI@@UAE_NHPAUQUObject@@@Z 00415090 f   moc_startCSI.obj
 0001:000140b0       ?qt_property@startCSI@@UAE_NHHPAVQVariant@@@Z 004150b0 f   moc_startCSI.obj
 0001:000140d0       ?className@startCSIHelper@@UBEPBDXZ 004150d0 f   moc_startCSIHelper.obj
 0001:00014130       ?staticMetaObject@startCSIHelper@@SAPAVQMetaObject@@XZ 00415130 f   moc_startCSIHelper.obj
 0001:00014180       ?qt_cast@startCSIHelper@@UAEPAXPBD@Z 00415180 f   moc_startCSIHelper.obj
 0001:000141f0       ?qt_invoke@startCSIHelper@@UAE_NHPAUQUObject@@@Z 004151f0 f   moc_startCSIHelper.obj
 0001:00014210       ?qt_emit@csi_startDialogBase@@UAE_NHPAUQUObject@@@Z 00415210 f   moc_startCSIHelper.obj
 0001:00014210       ?qt_emit@startCSIHelper@@UAE_NHPAUQUObject@@@Z 00415210 f   moc_startCSIHelper.obj
 0001:00014230       ?className@SyncProcess@@UBEPBDXZ 00415230 f   moc_SyncProcess.obj
 0001:00014290       ?staticMetaObject@SyncProcess@@SAPAVQMetaObject@@XZ 00415290 f   moc_SyncProcess.obj
 0001:00014320       ?qt_cast@SyncProcess@@UAEPAXPBD@Z 00415320 f   moc_SyncProcess.obj
 0001:00014390       ?setStatus@SyncProcess@@IAEXVQString@@@Z 00415390 f   moc_SyncProcess.obj
 0001:00014420       ?finished@SyncProcess@@IAEXXZ 00415420 f   moc_SyncProcess.obj
 0001:00014440       ?qt_invoke@SyncProcess@@UAE_NHPAUQUObject@@@Z 00415440 f   moc_SyncProcess.obj
 0001:00014490       ?qt_emit@SyncProcess@@UAE_NHPAUQUObject@@@Z 00415490 f   moc_SyncProcess.obj
 0001:00014500       ?qt_property@netComms@@UAE_NHHPAVQVariant@@@Z 00415500 f   moc_SyncProcess.obj
 0001:00014500       ?qt_property@SyncProcess@@UAE_NHHPAVQVariant@@@Z 00415500 f   moc_SyncProcess.obj
 0001:00014500       ?qt_property@logDelete@@UAE_NHHPAVQVariant@@@Z 00415500 f   moc_SyncProcess.obj
 0001:00014520       ?className@NoSyncProcess@@UBEPBDXZ 00415520 f   moc_SyncProcess.obj
 0001:00014580       ?staticMetaObject@NoSyncProcess@@SAPAVQMetaObject@@XZ 00415580 f   moc_SyncProcess.obj
 0001:000145d0       ?qt_cast@NoSyncProcess@@UAEPAXPBD@Z 004155d0 f   moc_SyncProcess.obj
 0001:00014640       ?qt_invoke@NoSyncProcess@@UAE_NHPAUQUObject@@@Z 00415640 f   moc_SyncProcess.obj
 0001:00014680       ?qt_property@NoSyncProcess@@UAE_NHHPAVQVariant@@@Z 00415680 f   moc_SyncProcess.obj
 0001:00014680       ?qt_property@FileSyncProcess@@UAE_NHHPAVQVariant@@@Z 00415680 f   moc_SyncProcess.obj
 0001:000146a0       ?className@FileSyncProcess@@UBEPBDXZ 004156a0 f   moc_SyncProcess.obj
 0001:00014700       ?staticMetaObject@FileSyncProcess@@SAPAVQMetaObject@@XZ 00415700 f   moc_SyncProcess.obj
 0001:00014750       ?qt_cast@FileSyncProcess@@UAEPAXPBD@Z 00415750 f   moc_SyncProcess.obj
 0001:000147c0       ?qt_invoke@FileSyncProcess@@UAE_NHPAUQUObject@@@Z 004157c0 f   moc_SyncProcess.obj
 0001:00014800       ?qt_emit@FileSyncProcess@@UAE_NHPAUQUObject@@@Z 00415800 f   moc_SyncProcess.obj
 0001:00014800       ?qt_emit@NoSyncProcess@@UAE_NHPAUQUObject@@@Z 00415800 f   moc_SyncProcess.obj
 0001:00014820       ??0restartDialogBase@@QAE@PAVQWidget@@PBD_NI@Z 00415820 f   restartdialog.obj
 0001:00014c10       ?metaObject@restartDialogBase@@UBEPAVQMetaObject@@XZ 00415c10 f i restartdialog.obj
 0001:00014c20       ??_GrestartDialogBase@@UAEPAXI@Z 00415c20 f i restartdialog.obj
 0001:00014c20       ??_ErestartDialogBase@@UAEPAXI@Z 00415c20 f i restartdialog.obj
 0001:00014c40       ??1restartDialogBase@@UAE@XZ 00415c40 f   restartdialog.obj
 0001:00014c60       ?languageChange@restartDialogBase@@MAEXXZ 00415c60 f   restartdialog.obj
 0001:00014f10       ??_ErestartDialogBase@@WCI@AEPAXI@Z 00415f10 f i restartdialog.obj
 0001:00014f18       _VerQueryValueA@16         00415f18 f   version:VERSION.dll
 0001:00014f1e       _GetFileVersionInfoA@16    00415f1e f   version:VERSION.dll
 0001:00014f24       _GetFileVersionInfoSizeA@8 00415f24 f   version:VERSION.dll
 0001:00014f2a       _setsockopt@20             00415f2a f   wsock32:WSOCK32.dll
 0001:00014f30       ??0bncs_disklog@@QAE@PBDW4filetype@0@000000@Z 00415f30 f   bncs_disklog:bncs_disklog.obj
 0001:00014f80       ??_Ebncs_disklog@@UAEPAXI@Z 00415f80 f i bncs_disklog:bncs_disklog.obj
 0001:00014f80       ??_Gbncs_disklog@@UAEPAXI@Z 00415f80 f i bncs_disklog:bncs_disklog.obj
 0001:00014fa0       ??0bncs_disklog@@QAE@PBDW4filetype@0@@Z 00415fa0 f   bncs_disklog:bncs_disklog.obj
 0001:00014fd0       ?initVars@bncs_disklog@@AAEXXZ 00415fd0 f   bncs_disklog:bncs_disklog.obj
 0001:00014fe0       ?openLogFile@bncs_disklog@@AAEXPBDW4filetype@1@@Z 00415fe0 f   bncs_disklog:bncs_disklog.obj
 0001:000151f0       ?cleanup@bncs_disklog@@AAEXXZ 004161f0 f   bncs_disklog:bncs_disklog.obj
 0001:00015210       ??1bncs_disklog@@UAE@XZ    00416210 f   bncs_disklog:bncs_disklog.obj
 0001:00015220       ?write@bncs_disklog@@QAEXPBD00000@Z 00416220 f   bncs_disklog:bncs_disklog.obj
 0001:00015450       ?createDirectory@bncs_disklog@@AAEXPBD@Z 00416450 f   bncs_disklog:bncs_disklog.obj
 0001:00015570       ??0cBncsVersion@@QAE@PBD@Z 00416570 f   bncsversioninfo:cBncsVersion.obj
 0001:00015a80       ??_GcBncsVersion@@UAEPAXI@Z 00416a80 f i bncsversioninfo:cBncsVersion.obj
 0001:00015a80       ??_EcBncsVersion@@UAEPAXI@Z 00416a80 f i bncsversioninfo:cBncsVersion.obj
 0001:00015aa0       ??1cBncsVersion@@UAE@XZ    00416aa0 f   bncsversioninfo:cBncsVersion.obj
 0001:00015b80       ??0QtSingleApplication@@QAE@ABVQString@@AAHPAPADW4Type@QApplication@@@Z 00416b80 f   qtsingleapplication:qtsingleapplication.obj
 0001:00015c30       ?metaObject@QtSingleApplication@@UBEPAVQMetaObject@@XZ 00416c30 f i qtsingleapplication:qtsingleapplication.obj
 0001:00015c40       ??_GQtSingleApplication@@UAEPAXI@Z 00416c40 f i qtsingleapplication:qtsingleapplication.obj
 0001:00015c40       ??_EQtSingleApplication@@UAEPAXI@Z 00416c40 f i qtsingleapplication:qtsingleapplication.obj
 0001:00015c60       ??1QtSingleApplication@@UAE@XZ 00416c60 f   qtsingleapplication:qtsingleapplication.obj
 0001:00015ce0       ?id@QtSingleApplication@@QBE?AVQString@@XZ 00416ce0 f   qtsingleapplication:qtsingleapplication.obj
 0001:00015d10       ?activateMainWidget@QtSingleApplication@@UAEXXZ 00416d10 f   qtsingleapplication:qtsingleapplication.obj
 0001:00015d30       ?sysInit@QtSingleApplication@@AAEXXZ 00416d30 f   qtsingleapplication:qtsingleapplication_win.obj
 0001:00015d50       ?sysCleanup@QtSingleApplication@@AAEXXZ 00416d50 f   qtsingleapplication:qtsingleapplication_win.obj
 0001:00015d60       ?initialize@QtSingleApplication@@QAEX_N@Z 00416d60 f   qtsingleapplication:qtsingleapplication_win.obj
 0001:00015e60       ?sendMessage@QtSingleApplication@@QAE_NABVQString@@H@Z 00416e60 f   qtsingleapplication:qtsingleapplication_win.obj
 0001:00015f60       ?winEventFilter@QtSingleApplication@@MAE_NPAUtagMSG@@@Z 00416f60 f   qtsingleapplication:qtsingleapplication_win.obj
 0001:00016020       ?className@QtSingleApplication@@UBEPBDXZ 00417020 f   qtsingleapplication:moc_qtsingleapplication.obj
 0001:00016080       ?staticMetaObject@QtSingleApplication@@SAPAVQMetaObject@@XZ 00417080 f   qtsingleapplication:moc_qtsingleapplication.obj
 0001:000161b0       ?qt_cast@QtSingleApplication@@UAEPAXPBD@Z 004171b0 f   qtsingleapplication:moc_qtsingleapplication.obj
 0001:00016220       ?messageReceived@QtSingleApplication@@IAEXABVQString@@@Z 00417220 f   qtsingleapplication:moc_qtsingleapplication.obj
 0001:00016280       ?qt_invoke@QtSingleApplication@@UAE_NHPAUQUObject@@@Z 00417280 f   qtsingleapplication:moc_qtsingleapplication.obj
 0001:00016300       ?qt_emit@QtSingleApplication@@UAE_NHPAUQUObject@@@Z 00417300 f   qtsingleapplication:moc_qtsingleapplication.obj
 0001:00016340       ?qt_property@QtSingleApplication@@UAE_NHHPAVQVariant@@@Z 00417340 f   qtsingleapplication:moc_qtsingleapplication.obj
 0001:00016360       ?fontInf@QPaintDevice@@MBEHPAVQFont@@H@Z 00417360 f   qt-mt323:qt-mt323.dll
 0001:00016366       ?fontMet@QPaintDevice@@MBEHPAVQFont@@HPBDH@Z 00417366 f   qt-mt323:qt-mt323.dll
 0001:0001636c       ?metric@QWidget@@MBEHH@Z   0041736c f   qt-mt323:qt-mt323.dll
 0001:00016372       ?cmd@QPaintDevice@@MAE_NHPAVQPainter@@PATQPDevCmdParam@@@Z 00417372 f   qt-mt323:qt-mt323.dll
 0001:00016378       ?handle@QPaintDevice@@UBEPAUHDC__@@XZ 00417378 f   qt-mt323:qt-mt323.dll
 0001:0001637e       ?resolution@QPaintDevice@@UBEHXZ 0041737e f   qt-mt323:qt-mt323.dll
 0001:00016384       ?setResolution@QPaintDevice@@UAEXH@Z 00417384 f   qt-mt323:qt-mt323.dll
 0001:0001638a       ?reject@QDialog@@MAEXXZ    0041738a f   qt-mt323:qt-mt323.dll
 0001:00016390       ?accept@QDialog@@MAEXXZ    00417390 f   qt-mt323:qt-mt323.dll
 0001:00016396       ?done@QDialog@@MAEXH@Z     00417396 f   qt-mt323:qt-mt323.dll
 0001:0001639c       ?setMicroFocusHint@QWidget@@MAEXHHHH_NPAVQFont@@@Z 0041739c f   qt-mt323:qt-mt323.dll
 0001:000163a2       ?setKeyCompression@QWidget@@MAEX_N@Z 004173a2 f   qt-mt323:qt-mt323.dll
 0001:000163a8       ?focusNextPrevChild@QWidget@@MAE_N_N@Z 004173a8 f   qt-mt323:qt-mt323.dll
 0001:000163ae       ?setWFlags@QWidget@@MAEXI@Z 004173ae f   qt-mt323:qt-mt323.dll
 0001:000163b4       ?setWState@QWidget@@MAEXI@Z 004173b4 f   qt-mt323:qt-mt323.dll
 0001:000163ba       ?destroy@QWidget@@MAEX_N0@Z 004173ba f   qt-mt323:qt-mt323.dll
 0001:000163c0       ?create@QWidget@@MAEXPAUHWND__@@_N1@Z 004173c0 f   qt-mt323:qt-mt323.dll
 0001:000163c6       ?windowActivationChange@QWidget@@MAEX_N@Z 004173c6 f   qt-mt323:qt-mt323.dll
 0001:000163cc       ?fontChange@QWidget@@MAEXABVQFont@@@Z 004173cc f   qt-mt323:qt-mt323.dll
 0001:000163d2       ?paletteChange@QWidget@@MAEXABVQPalette@@@Z 004173d2 f   qt-mt323:qt-mt323.dll
 0001:000163d8       ?enabledChange@QWidget@@MAEX_N@Z 004173d8 f   qt-mt323:qt-mt323.dll
 0001:000163de       ?styleChange@QWidget@@MAEXAAVQStyle@@@Z 004173de f   qt-mt323:qt-mt323.dll
 0001:000163e4       ?updateMask@QWidget@@MAEXXZ 004173e4 f   qt-mt323:qt-mt323.dll
 0001:000163ea       ?winEvent@QWidget@@MAE_NPAUtagMSG@@@Z 004173ea f   qt-mt323:qt-mt323.dll
 0001:000163f0       ?hideEvent@QWidget@@MAEXPAVQHideEvent@@@Z 004173f0 f   qt-mt323:qt-mt323.dll
 0001:000163f6       ?showEvent@QWidget@@MAEXPAVQShowEvent@@@Z 004173f6 f   qt-mt323:qt-mt323.dll
 0001:000163fc       ?dropEvent@QWidget@@MAEXPAVQDropEvent@@@Z 004173fc f   qt-mt323:qt-mt323.dll
 0001:00016402       ?dragLeaveEvent@QWidget@@MAEXPAVQDragLeaveEvent@@@Z 00417402 f   qt-mt323:qt-mt323.dll
 0001:00016408       ?dragMoveEvent@QWidget@@MAEXPAVQDragMoveEvent@@@Z 00417408 f   qt-mt323:qt-mt323.dll
 0001:0001640e       ?dragEnterEvent@QWidget@@MAEXPAVQDragEnterEvent@@@Z 0041740e f   qt-mt323:qt-mt323.dll
 0001:00016414       ?tabletEvent@QWidget@@MAEXPAVQTabletEvent@@@Z 00417414 f   qt-mt323:qt-mt323.dll
 0001:0001641a       ?imEndEvent@QWidget@@MAEXPAVQIMEvent@@@Z 0041741a f   qt-mt323:qt-mt323.dll
 0001:00016420       ?imComposeEvent@QWidget@@MAEXPAVQIMEvent@@@Z 00417420 f   qt-mt323:qt-mt323.dll
 0001:00016426       ?imStartEvent@QWidget@@MAEXPAVQIMEvent@@@Z 00417426 f   qt-mt323:qt-mt323.dll
 0001:0001642c       ?contextMenuEvent@QDialog@@MAEXPAVQContextMenuEvent@@@Z 0041742c f   qt-mt323:qt-mt323.dll
 0001:00016432       ?closeEvent@QDialog@@MAEXPAVQCloseEvent@@@Z 00417432 f   qt-mt323:qt-mt323.dll
 0001:00016438       ?resizeEvent@QDialog@@MAEXPAVQResizeEvent@@@Z 00417438 f   qt-mt323:qt-mt323.dll
 0001:0001643e       ?moveEvent@QWidget@@MAEXPAVQMoveEvent@@@Z 0041743e f   qt-mt323:qt-mt323.dll
 0001:00016444       ?paintEvent@QWidget@@MAEXPAVQPaintEvent@@@Z 00417444 f   qt-mt323:qt-mt323.dll
 0001:0001644a       ?leaveEvent@QWidget@@MAEXPAVQEvent@@@Z 0041744a f   qt-mt323:qt-mt323.dll
 0001:00016450       ?enterEvent@QWidget@@MAEXPAVQEvent@@@Z 00417450 f   qt-mt323:qt-mt323.dll
 0001:00016456       ?focusOutEvent@QWidget@@MAEXPAVQFocusEvent@@@Z 00417456 f   qt-mt323:qt-mt323.dll
 0001:0001645c       ?focusInEvent@QWidget@@MAEXPAVQFocusEvent@@@Z 0041745c f   qt-mt323:qt-mt323.dll
 0001:00016462       ?keyReleaseEvent@QWidget@@MAEXPAVQKeyEvent@@@Z 00417462 f   qt-mt323:qt-mt323.dll
 0001:00016468       ?keyPressEvent@QDialog@@MAEXPAVQKeyEvent@@@Z 00417468 f   qt-mt323:qt-mt323.dll
 0001:0001646e       ?wheelEvent@QWidget@@MAEXPAVQWheelEvent@@@Z 0041746e f   qt-mt323:qt-mt323.dll
 0001:00016474       ?mouseMoveEvent@QWidget@@MAEXPAVQMouseEvent@@@Z 00417474 f   qt-mt323:qt-mt323.dll
 0001:0001647a       ?mouseDoubleClickEvent@QWidget@@MAEXPAVQMouseEvent@@@Z 0041747a f   qt-mt323:qt-mt323.dll
 0001:00016480       ?mouseReleaseEvent@QWidget@@MAEXPAVQMouseEvent@@@Z 00417480 f   qt-mt323:qt-mt323.dll
 0001:00016486       ?mousePressEvent@QWidget@@MAEXPAVQMouseEvent@@@Z 00417486 f   qt-mt323:qt-mt323.dll
 0001:0001648c       ?customWhatsThis@QWidget@@UBE_NXZ 0041748c f   qt-mt323:qt-mt323.dll
 0001:00016492       ?setBackgroundOrigin@QWidget@@UAEXW4BackgroundOrigin@1@@Z 00417492 f   qt-mt323:qt-mt323.dll
 0001:00016498       ?setAutoMask@QWidget@@UAEX_N@Z 00417498 f   qt-mt323:qt-mt323.dll
 0001:0001649e       ?setAcceptDrops@QWidget@@UAEX_N@Z 0041749e f   qt-mt323:qt-mt323.dll
 0001:000164a4       ?reparent@QWidget@@UAEXPAV1@IABVQPoint@@_N@Z 004174a4 f   qt-mt323:qt-mt323.dll
 0001:000164aa       ?adjustSize@QWidget@@UAEXXZ 004174aa f   qt-mt323:qt-mt323.dll
 0001:000164b0       ?heightForWidth@QWidget@@UBEHH@Z 004174b0 f   qt-mt323:qt-mt323.dll
 0001:000164b6       ?setSizePolicy@QWidget@@UAEXVQSizePolicy@@@Z 004174b6 f   qt-mt323:qt-mt323.dll
 0001:000164bc       ?sizePolicy@QWidget@@UBE?AVQSizePolicy@@XZ 004174bc f   qt-mt323:qt-mt323.dll
 0001:000164c2       ?minimumSizeHint@QDialog@@UBE?AVQSize@@XZ 004174c2 f   qt-mt323:qt-mt323.dll
 0001:000164c8       ?sizeHint@QDialog@@UBE?AVQSize@@XZ 004174c8 f   qt-mt323:qt-mt323.dll
 0001:000164ce       ?setGeometry@QDialog@@UAEXHHHH@Z 004174ce f   qt-mt323:qt-mt323.dll
 0001:000164d4       ?setGeometry@QDialog@@UAEXABVQRect@@@Z 004174d4 f   qt-mt323:qt-mt323.dll
 0001:000164da       ?resize@QDialog@@UAEXHH@Z  004174da f   qt-mt323:qt-mt323.dll
 0001:000164e0       ?move@QDialog@@UAEXHH@Z    004174e0 f   qt-mt323:qt-mt323.dll
 0001:000164e6       ?close@QWidget@@UAE_N_N@Z  004174e6 f   qt-mt323:qt-mt323.dll
 0001:000164ec       ?polish@QWidget@@UAEXXZ    004174ec f   qt-mt323:qt-mt323.dll
 0001:000164f2       ?showNormal@QWidget@@UAEXXZ 004174f2 f   qt-mt323:qt-mt323.dll
 0001:000164f8       ?showMaximized@QWidget@@UAEXXZ 004174f8 f   qt-mt323:qt-mt323.dll
 0001:000164fe       ?showMinimized@QWidget@@UAEXXZ 004174fe f   qt-mt323:qt-mt323.dll
 0001:00016504       ?hide@QDialog@@UAEXXZ      00417504 f   qt-mt323:qt-mt323.dll
 0001:0001650a       ?show@QDialog@@UAEXXZ      0041750a f   qt-mt323:qt-mt323.dll
 0001:00016510       ?setUpdatesEnabled@QWidget@@UAEX_N@Z 00417510 f   qt-mt323:qt-mt323.dll
 0001:00016516       ?setFocusProxy@QWidget@@UAEXPAV1@@Z 00417516 f   qt-mt323:qt-mt323.dll
 0001:0001651c       ?setFocusPolicy@QWidget@@UAEXW4FocusPolicy@1@@Z 0041751c f   qt-mt323:qt-mt323.dll
 0001:00016522       ?setActiveWindow@QWidget@@UAEXXZ 00417522 f   qt-mt323:qt-mt323.dll
 0001:00016528       ?setFocus@QWidget@@UAEXXZ  00417528 f   qt-mt323:qt-mt323.dll
 0001:0001652e       ?setMouseTracking@QWidget@@UAEX_N@Z 0041752e f   qt-mt323:qt-mt323.dll
 0001:00016534       ?setIconText@QWidget@@UAEXABVQString@@@Z 00417534 f   qt-mt323:qt-mt323.dll
 0001:0001653a       ?setIcon@QWidget@@UAEXABVQPixmap@@@Z 0041753a f   qt-mt323:qt-mt323.dll
 0001:00016540       ?setCaption@QWidget@@UAEXABVQString@@@Z 00417540 f   qt-mt323:qt-mt323.dll
 0001:00016546       ?setBackgroundPixmap@QWidget@@UAEXABVQPixmap@@@Z 00417546 f   qt-mt323:qt-mt323.dll
 0001:0001654c       ?setBackgroundColor@QWidget@@UAEXABVQColor@@@Z 0041754c f   qt-mt323:qt-mt323.dll
 0001:00016552       ?setMask@QWidget@@UAEXABVQBitmap@@@Z 00417552 f   qt-mt323:qt-mt323.dll
 0001:00016558       ?setMask@QWidget@@UAEXABVQRegion@@@Z 00417558 f   qt-mt323:qt-mt323.dll
 0001:0001655e       ?unsetCursor@QWidget@@UAEXXZ 0041755e f   qt-mt323:qt-mt323.dll
 0001:00016564       ?setCursor@QWidget@@UAEXABVQCursor@@@Z 00417564 f   qt-mt323:qt-mt323.dll
 0001:0001656a       ?setFont@QWidget@@UAEXABVQFont@@@Z 0041756a f   qt-mt323:qt-mt323.dll
 0001:00016570       ?setPaletteBackgroundPixmap@QWidget@@UAEXABVQPixmap@@@Z 00417570 f   qt-mt323:qt-mt323.dll
 0001:00016576       ?setPaletteBackgroundColor@QWidget@@UAEXABVQColor@@@Z 00417576 f   qt-mt323:qt-mt323.dll
 0001:0001657c       ?setPalette@QWidget@@UAEXABVQPalette@@@Z 0041757c f   qt-mt323:qt-mt323.dll
 0001:00016582       ?setErasePixmap@QWidget@@UAEXABVQPixmap@@@Z 00417582 f   qt-mt323:qt-mt323.dll
 0001:00016588       ?setEraseColor@QWidget@@UAEXABVQColor@@@Z 00417588 f   qt-mt323:qt-mt323.dll
 0001:0001658e       ?setBackgroundMode@QWidget@@UAEXW4BackgroundMode@Qt@@@Z 0041758e f   qt-mt323:qt-mt323.dll
 0001:00016594       ?setSizeIncrement@QWidget@@UAEXHH@Z 00417594 f   qt-mt323:qt-mt323.dll
 0001:0001659a       ?setMaximumSize@QWidget@@UAEXHH@Z 0041759a f   qt-mt323:qt-mt323.dll
 0001:000165a0       ?setMinimumSize@QWidget@@UAEXHH@Z 004175a0 f   qt-mt323:qt-mt323.dll
 0001:000165a6       ?setEnabled@QWidget@@UAEX_N@Z 004175a6 f   qt-mt323:qt-mt323.dll
 0001:000165ac       ?checkConnectArgs@QObject@@MAE_NPBDPBV1@0@Z 004175ac f   qt-mt323:qt-mt323.dll
 0001:000165b2       ?disconnectNotify@QObject@@MAEXPBD@Z 004175b2 f   qt-mt323:qt-mt323.dll
 0001:000165b8       ?connectNotify@QObject@@MAEXPBD@Z 004175b8 f   qt-mt323:qt-mt323.dll
 0001:000165be       ?customEvent@QObject@@MAEXPAVQCustomEvent@@@Z 004175be f   qt-mt323:qt-mt323.dll
 0001:000165c4       ?childEvent@QObject@@MAEXPAVQChildEvent@@@Z 004175c4 f   qt-mt323:qt-mt323.dll
 0001:000165ca       ?timerEvent@QObject@@MAEXPAVQTimerEvent@@@Z 004175ca f   qt-mt323:qt-mt323.dll
 0001:000165d0       ?property@QObject@@UBE?AVQVariant@@PBD@Z 004175d0 f   qt-mt323:qt-mt323.dll
 0001:000165d6       ?setProperty@QObject@@UAE_NPBDABVQVariant@@@Z 004175d6 f   qt-mt323:qt-mt323.dll
 0001:000165dc       ?removeChild@QObject@@UAEXPAV1@@Z 004175dc f   qt-mt323:qt-mt323.dll
 0001:000165e2       ?insertChild@QObject@@UAEXPAV1@@Z 004175e2 f   qt-mt323:qt-mt323.dll
 0001:000165e8       ?setName@QWidget@@UAEXPBD@Z 004175e8 f   qt-mt323:qt-mt323.dll
 0001:000165ee       ?eventFilter@QDialog@@MAE_NPAVQObject@@PAVQEvent@@@Z 004175ee f   qt-mt323:qt-mt323.dll
 0001:000165f4       ?event@QWidget@@MAE_NPAVQEvent@@@Z 004175f4 f   qt-mt323:qt-mt323.dll
 0001:000165fa       ?setToolTipGroup@QMainWindow@@EAEXPAVQToolTipGroup@@@Z 004175fa f   qt-mt323:qt-mt323.dll
 0001:00016600       ?setStatusBar@QMainWindow@@EAEXPAVQStatusBar@@@Z 00417600 f   qt-mt323:qt-mt323.dll
 0001:00016606       ?setMenuBar@QMainWindow@@EAEXPAVQMenuBar@@@Z 00417606 f   qt-mt323:qt-mt323.dll
 0001:0001660c       ?showDockMenu@QMainWindow@@MAE_NABVQPoint@@@Z 0041760c f   qt-mt323:qt-mt323.dll
 0001:00016612       ?setUpLayout@QMainWindow@@MAEXXZ 00417612 f   qt-mt323:qt-mt323.dll
 0001:00016618       ?customize@QMainWindow@@UAEXXZ 00417618 f   qt-mt323:qt-mt323.dll
 0001:0001661e       ?setAppropriate@QMainWindow@@UAEXPAVQDockWindow@@_N@Z 0041761e f   qt-mt323:qt-mt323.dll
 0001:00016624       ?whatsThis@QMainWindow@@UAEXXZ 00417624 f   qt-mt323:qt-mt323.dll
 0001:0001662a       ?setDockMenuEnabled@QMainWindow@@UAEX_N@Z 0041762a f   qt-mt323:qt-mt323.dll
 0001:00016630       ?setOpaqueMoving@QMainWindow@@UAEX_N@Z 00417630 f   qt-mt323:qt-mt323.dll
 0001:00016636       ?setDockWindowsMovable@QMainWindow@@UAEX_N@Z 00417636 f   qt-mt323:qt-mt323.dll
 0001:0001663c       ?setUsesTextLabel@QMainWindow@@UAEX_N@Z 0041763c f   qt-mt323:qt-mt323.dll
 0001:00016642       ?setUsesBigPixmaps@QMainWindow@@UAEX_N@Z 00417642 f   qt-mt323:qt-mt323.dll
 0001:00016648       ?setRightJustification@QMainWindow@@UAEX_N@Z 00417648 f   qt-mt323:qt-mt323.dll
 0001:0001664e       ?isCustomizable@QMainWindow@@UBE_NXZ 0041764e f   qt-mt323:qt-mt323.dll
 0001:00016654       ?dockingArea@QMainWindow@@UAEPAVQDockArea@@ABVQPoint@@@Z 00417654 f   qt-mt323:qt-mt323.dll
 0001:0001665a       ?removeDockWindow@QMainWindow@@UAEXPAVQDockWindow@@@Z 0041765a f   qt-mt323:qt-mt323.dll
 0001:00016660       ?moveDockWindow@QMainWindow@@UAEXPAVQDockWindow@@W4Dock@Qt@@@Z 00417660 f   qt-mt323:qt-mt323.dll
 0001:00016666       ?moveDockWindow@QMainWindow@@UAEXPAVQDockWindow@@W4Dock@Qt@@_NHH@Z 00417666 f   qt-mt323:qt-mt323.dll
 0001:0001666c       ?addDockWindow@QMainWindow@@UAEXPAVQDockWindow@@W4Dock@Qt@@_N@Z 0041766c f   qt-mt323:qt-mt323.dll
 0001:00016672       ?addDockWindow@QMainWindow@@UAEXPAVQDockWindow@@ABVQString@@W4Dock@Qt@@_N@Z 00417672 f   qt-mt323:qt-mt323.dll
 0001:00016678       ?setDockEnabled@QMainWindow@@UAEXW4Dock@Qt@@_N@Z 00417678 f   qt-mt323:qt-mt323.dll
 0001:0001667e       ?setDockEnabled@QMainWindow@@UAEXPAVQDockWindow@@W4Dock@Qt@@_N@Z 0041767e f   qt-mt323:qt-mt323.dll
 0001:00016684       ?setCentralWidget@QMainWindow@@UAEXPAVQWidget@@@Z 00417684 f   qt-mt323:qt-mt323.dll
 0001:0001668a       ?styleChange@QMainWindow@@MAEXAAVQStyle@@@Z 0041768a f   qt-mt323:qt-mt323.dll
 0001:00016690       ?contextMenuEvent@QWidget@@MAEXPAVQContextMenuEvent@@@Z 00417690 f   qt-mt323:qt-mt323.dll
 0001:00016696       ?closeEvent@QWidget@@MAEXPAVQCloseEvent@@@Z 00417696 f   qt-mt323:qt-mt323.dll
 0001:0001669c       ?resizeEvent@QWidget@@MAEXPAVQResizeEvent@@@Z 0041769c f   qt-mt323:qt-mt323.dll
 0001:000166a2       ?paintEvent@QMainWindow@@MAEXPAVQPaintEvent@@@Z 004176a2 f   qt-mt323:qt-mt323.dll
 0001:000166a8       ?keyPressEvent@QWidget@@MAEXPAVQKeyEvent@@@Z 004176a8 f   qt-mt323:qt-mt323.dll
 0001:000166ae       ?minimumSizeHint@QMainWindow@@UBE?AVQSize@@XZ 004176ae f   qt-mt323:qt-mt323.dll
 0001:000166b4       ?sizeHint@QMainWindow@@UBE?AVQSize@@XZ 004176b4 f   qt-mt323:qt-mt323.dll
 0001:000166ba       ?setGeometry@QWidget@@UAEXHHHH@Z 004176ba f   qt-mt323:qt-mt323.dll
 0001:000166c0       ?setGeometry@QWidget@@UAEXABVQRect@@@Z 004176c0 f   qt-mt323:qt-mt323.dll
 0001:000166c6       ?resize@QWidget@@UAEXHH@Z  004176c6 f   qt-mt323:qt-mt323.dll
 0001:000166cc       ?move@QWidget@@UAEXHH@Z    004176cc f   qt-mt323:qt-mt323.dll
 0001:000166d2       ?hide@QMainWindow@@UAEXXZ  004176d2 f   qt-mt323:qt-mt323.dll
 0001:000166d8       ?show@QMainWindow@@UAEXXZ  004176d8 f   qt-mt323:qt-mt323.dll
 0001:000166de       ?childEvent@QMainWindow@@MAEXPAVQChildEvent@@@Z 004176de f   qt-mt323:qt-mt323.dll
 0001:000166e4       ?eventFilter@QMainWindow@@UAE_NPAVQObject@@PAVQEvent@@@Z 004176e4 f   qt-mt323:qt-mt323.dll
 0001:000166ea       ?event@QMainWindow@@MAE_NPAVQEvent@@@Z 004176ea f   qt-mt323:qt-mt323.dll
 0001:000166f0       ?compareItems@QGList@@MAEHPAX0@Z 004176f0 f   qt-mt323:qt-mt323.dll
 0001:000166f6       ?write@QGList@@MBEAAVQDataStream@@AAV2@PAX@Z 004176f6 f   qt-mt323:qt-mt323.dll
 0001:000166fc       ?read@QGList@@MAEAAVQDataStream@@AAV2@AAPAX@Z 004176fc f   qt-mt323:qt-mt323.dll
 0001:00016702       ?newItem@QPtrCollection@@MAEPAXPAX@Z 00417702 f   qt-mt323:qt-mt323.dll
 0001:00016708       ?minimumSizeHint@QWidget@@UBE?AVQSize@@XZ 00417708 f   qt-mt323:qt-mt323.dll
 0001:0001670e       ?sizeHint@QWidget@@UBE?AVQSize@@XZ 0041770e f   qt-mt323:qt-mt323.dll
 0001:00016714       ?hide@QWidget@@UAEXXZ      00417714 f   qt-mt323:qt-mt323.dll
 0001:0001671a       ?show@QWidget@@UAEXXZ      0041771a f   qt-mt323:qt-mt323.dll
 0001:00016720       ?eventFilter@QObject@@UAE_NPAV1@PAVQEvent@@@Z 00417720 f   qt-mt323:qt-mt323.dll
 0001:00016726       ?cancelRename@QListViewItem@@MAEXH@Z 00417726 f   qt-mt323:qt-mt323.dll
 0001:0001672c       ?okRename@QListViewItem@@MAEXH@Z 0041772c f   qt-mt323:qt-mt323.dll
 0001:00016732       ?dragLeft@QListViewItem@@MAEXXZ 00417732 f   qt-mt323:qt-mt323.dll
 0001:00016738       ?dragEntered@QListViewItem@@MAEXXZ 00417738 f   qt-mt323:qt-mt323.dll
 0001:0001673e       ?dropped@QListViewItem@@MAEXPAVQDropEvent@@@Z 0041773e f   qt-mt323:qt-mt323.dll
 0001:00016744       ?activate@QListViewItem@@MAEXXZ 00417744 f   qt-mt323:qt-mt323.dll
 0001:0001674a       ?setHeight@QListViewItem@@MAEXH@Z 0041774a f   qt-mt323:qt-mt323.dll
 0001:00016750       ?enforceSortOrder@QListViewItem@@MBEXXZ 00417750 f   qt-mt323:qt-mt323.dll
 0001:00016756       ?setMultiLinesEnabled@QListViewItem@@UAEX_N@Z 00417756 f   qt-mt323:qt-mt323.dll
 0001:0001675c       ?rtti@QListViewItem@@UBEHXZ 0041775c f   qt-mt323:qt-mt323.dll
 0001:00016762       ?setEnabled@QListViewItem@@UAEX_N@Z 00417762 f   qt-mt323:qt-mt323.dll
 0001:00016768       ?startRename@QListViewItem@@UAEXH@Z 00417768 f   qt-mt323:qt-mt323.dll
 0001:0001676e       ?setRenameEnabled@QListViewItem@@UAEXH_N@Z 0041776e f   qt-mt323:qt-mt323.dll
 0001:00016774       ?acceptDrop@QListViewItem@@UBE_NPBVQMimeSource@@@Z 00417774 f   qt-mt323:qt-mt323.dll
 0001:0001677a       ?setDropEnabled@QListViewItem@@UAEX_N@Z 0041777a f   qt-mt323:qt-mt323.dll
 0001:00016780       ?setDragEnabled@QListViewItem@@UAEX_N@Z 00417780 f   qt-mt323:qt-mt323.dll
 0001:00016786       ?sort@QListViewItem@@UAEXXZ 00417786 f   qt-mt323:qt-mt323.dll
 0001:0001678c       ?setExpandable@QListViewItem@@UAEX_N@Z 0041778c f   qt-mt323:qt-mt323.dll
 0001:00016792       ?setSelectable@QListViewItem@@UAEX_N@Z 00417792 f   qt-mt323:qt-mt323.dll
 0001:00016798       ?paintFocus@QListViewItem@@UAEXPAVQPainter@@ABVQColorGroup@@ABVQRect@@@Z 00417798 f   qt-mt323:qt-mt323.dll
 0001:0001679e       ?paintBranches@QListViewItem@@UAEXPAVQPainter@@ABVQColorGroup@@HHH@Z 0041779e f   qt-mt323:qt-mt323.dll
 0001:000167a4       ?setSelected@QListViewItem@@UAEX_N@Z 004177a4 f   qt-mt323:qt-mt323.dll
 0001:000167aa       ?setup@QListViewItem@@UAEXXZ 004177aa f   qt-mt323:qt-mt323.dll
 0001:000167b0       ?setOpen@QListViewItem@@UAEX_N@Z 004177b0 f   qt-mt323:qt-mt323.dll
 0001:000167b6       ?sortChildItems@QListViewItem@@UAEXH_N@Z 004177b6 f   qt-mt323:qt-mt323.dll
 0001:000167bc       ?compare@QListViewItem@@UBEHPAV1@H_N@Z 004177bc f   qt-mt323:qt-mt323.dll
 0001:000167c2       ?key@QListViewItem@@UBE?AVQString@@H_N@Z 004177c2 f   qt-mt323:qt-mt323.dll
 0001:000167c8       ?pixmap@QListViewItem@@UBEPBVQPixmap@@H@Z 004177c8 f   qt-mt323:qt-mt323.dll
 0001:000167ce       ?setPixmap@QListViewItem@@UAEXHABVQPixmap@@@Z 004177ce f   qt-mt323:qt-mt323.dll
 0001:000167d4       ?text@QListViewItem@@UBE?AVQString@@H@Z 004177d4 f   qt-mt323:qt-mt323.dll
 0001:000167da       ?setText@QListViewItem@@UAEXHABVQString@@@Z 004177da f   qt-mt323:qt-mt323.dll
 0001:000167e0       ?width@QListViewItem@@UBEHABVQFontMetrics@@PBVQListView@@H@Z 004177e0 f   qt-mt323:qt-mt323.dll
 0001:000167e6       ?invalidateHeight@QListViewItem@@UAEXXZ 004177e6 f   qt-mt323:qt-mt323.dll
 0001:000167ec       ?removeItem@QListViewItem@@UAEXPAV1@@Z 004177ec f   qt-mt323:qt-mt323.dll
 0001:000167f2       ?takeItem@QListViewItem@@UAEXPAV1@@Z 004177f2 f   qt-mt323:qt-mt323.dll
 0001:000167f8       ?insertItem@QListViewItem@@UAEXPAV1@@Z 004177f8 f   qt-mt323:qt-mt323.dll
 0001:000167fe       ?setName@QObject@@UAEXPBD@Z 004177fe f   qt-mt323:qt-mt323.dll
 0001:00016804       ?event@QObject@@UAE_NPAVQEvent@@@Z 00417804 f   qt-mt323:qt-mt323.dll
 0001:0001680a       ?setMainWidget@QApplication@@UAEXPAVQWidget@@@Z 0041780a f   qt-mt323:qt-mt323.dll
 0001:00016810       ?setEnabled@QSocketNotifier@@UAEX_N@Z 00417810 f   qt-mt323:qt-mt323.dll
 0001:00016816       ?event@QSocketNotifier@@MAE_NPAVQEvent@@@Z 00417816 f   qt-mt323:qt-mt323.dll
 0001:0001681c       ?qt_property@QSocketNotifier@@UAE_NHHPAVQVariant@@@Z 0041781c f   qt-mt323:qt-mt323.dll
 0001:00016822       ?qt_emit@QSocketNotifier@@UAE_NHPAUQUObject@@@Z 00417822 f   qt-mt323:qt-mt323.dll
 0001:00016828       ?qt_invoke@QSocketNotifier@@UAE_NHPAUQUObject@@@Z 00417828 f   qt-mt323:qt-mt323.dll
 0001:0001682e       ?qt_cast@QSocketNotifier@@UAEPAXPBD@Z 0041782e f   qt-mt323:qt-mt323.dll
 0001:00016834       ?className@QSocketNotifier@@UBEPBDXZ 00417834 f   qt-mt323:qt-mt323.dll
 0001:0001683a       ?metaObject@QSocketNotifier@@UBEPAVQMetaObject@@XZ 0041783a f   qt-mt323:qt-mt323.dll
 0001:00016840       ?setOption@QSocketDevice@@EAEXW4Option@1@H@Z 00417840 f   qt-mt323:qt-mt323.dll
 0001:00016846       ?writeBlock@QSocketDevice@@UAEJPBDKABVQHostAddress@@G@Z 00417846 f   qt-mt323:qt-mt323.dll
 0001:0001684c       ?accept@QSocketDevice@@UAEHXZ 0041784c f   qt-mt323:qt-mt323.dll
 0001:00016852       ?listen@QSocketDevice@@UAE_NH@Z 00417852 f   qt-mt323:qt-mt323.dll
 0001:00016858       ?bind@QSocketDevice@@UAE_NABVQHostAddress@@G@Z 00417858 f   qt-mt323:qt-mt323.dll
 0001:0001685e       ?connect@QSocketDevice@@UAE_NABVQHostAddress@@G@Z 0041785e f   qt-mt323:qt-mt323.dll
 0001:00016864       ?setSendBufferSize@QSocketDevice@@UAEXI@Z 00417864 f   qt-mt323:qt-mt323.dll
 0001:0001686a       ?setReceiveBufferSize@QSocketDevice@@UAEXI@Z 0041786a f   qt-mt323:qt-mt323.dll
 0001:00016870       ?setAddressReusable@QSocketDevice@@UAEX_N@Z 00417870 f   qt-mt323:qt-mt323.dll
 0001:00016876       ?setBlocking@QSocketDevice@@UAEX_N@Z 00417876 f   qt-mt323:qt-mt323.dll
 0001:0001687c       ?setSocket@QSocketDevice@@UAEXHW4Type@1@@Z 0041787c f   qt-mt323:qt-mt323.dll
 0001:00016882       ?ungetch@QSocketDevice@@UAEHH@Z 00417882 f   qt-mt323:qt-mt323.dll
 0001:00016888       ?putch@QSocketDevice@@UAEHH@Z 00417888 f   qt-mt323:qt-mt323.dll
 0001:0001688e       ?getch@QSocketDevice@@UAEHXZ 0041788e f   qt-mt323:qt-mt323.dll
 0001:00016894       ?readAll@QIODevice@@UAE?AV?$QMemArray@D@@XZ 00417894 f   qt-mt323:qt-mt323.dll
 0001:0001689a       ?readLine@QIODevice@@UAEJPADK@Z 0041789a f   qt-mt323:qt-mt323.dll
 0001:000168a0       ?writeBlock@QSocketDevice@@UAEJPBDK@Z 004178a0 f   qt-mt323:qt-mt323.dll
 0001:000168a6       ?readBlock@QSocketDevice@@UAEJPADK@Z 004178a6 f   qt-mt323:qt-mt323.dll
 0001:000168ac       ?atEnd@QSocketDevice@@UBE_NXZ 004178ac f   qt-mt323:qt-mt323.dll
 0001:000168b2       ?at@QSocketDevice@@UBEKXZ  004178b2 f   qt-mt323:qt-mt323.dll
 0001:000168b8       ?at@QSocketDevice@@UAE_NK@Z 004178b8 f   qt-mt323:qt-mt323.dll
 0001:000168be       ?size@QSocketDevice@@UBEKXZ 004178be f   qt-mt323:qt-mt323.dll
 0001:000168c4       ?flush@QSocketDevice@@UAEXXZ 004178c4 f   qt-mt323:qt-mt323.dll
 0001:000168ca       ?close@QSocketDevice@@UAEXXZ 004178ca f   qt-mt323:qt-mt323.dll
 0001:000168d0       ?open@QSocketDevice@@UAE_NH@Z 004178d0 f   qt-mt323:qt-mt323.dll
 0001:000168d6       ?closeStdin@QProcess@@UAEXXZ 004178d6 f   qt-mt323:qt-mt323.dll
 0001:000168dc       ?writeToStdin@QProcess@@UAEXABV?$QMemArray@D@@@Z 004178dc f   qt-mt323:qt-mt323.dll
 0001:000168e2       ?writeToStdin@QProcess@@UAEXABVQString@@@Z 004178e2 f   qt-mt323:qt-mt323.dll
 0001:000168e8       ?readLineStderr@QProcess@@UAE?AVQString@@XZ 004178e8 f   qt-mt323:qt-mt323.dll
 0001:000168ee       ?readLineStdout@QProcess@@UAE?AVQString@@XZ 004178ee f   qt-mt323:qt-mt323.dll
 0001:000168f4       ?readStderr@QProcess@@UAE?AV?$QMemArray@D@@XZ 004178f4 f   qt-mt323:qt-mt323.dll
 0001:000168fa       ?readStdout@QProcess@@UAE?AV?$QMemArray@D@@XZ 004178fa f   qt-mt323:qt-mt323.dll
 0001:00016900       ?launch@QProcess@@UAE_NABVQString@@PAVQStringList@@@Z 00417900 f   qt-mt323:qt-mt323.dll
 0001:00016906       ?launch@QProcess@@UAE_NABV?$QMemArray@D@@PAVQStringList@@@Z 00417906 f   qt-mt323:qt-mt323.dll
 0001:0001690c       ?setWorkingDirectory@QProcess@@UAEXABVQDir@@@Z 0041790c f   qt-mt323:qt-mt323.dll
 0001:00016912       ?addArgument@QProcess@@UAEXABVQString@@@Z 00417912 f   qt-mt323:qt-mt323.dll
 0001:00016918       ?setArguments@QProcess@@UAEXABVQStringList@@@Z 00417918 f   qt-mt323:qt-mt323.dll
 0001:0001691e       ?disconnectNotify@QProcess@@MAEXPBD@Z 0041791e f   qt-mt323:qt-mt323.dll
 0001:00016924       ?connectNotify@QProcess@@MAEXPBD@Z 00417924 f   qt-mt323:qt-mt323.dll
 0001:0001692a       ?start@QProcess@@UAE_NPAVQStringList@@@Z 0041792a f   qt-mt323:qt-mt323.dll
 0001:00016930       ?qt_property@QProcess@@UAE_NHHPAVQVariant@@@Z 00417930 f   qt-mt323:qt-mt323.dll
 0001:00016936       ?qt_emit@QProcess@@UAE_NHPAUQUObject@@@Z 00417936 f   qt-mt323:qt-mt323.dll
 0001:0001693c       ?qt_invoke@QProcess@@UAE_NHPAUQUObject@@@Z 0041793c f   qt-mt323:qt-mt323.dll
 0001:00016942       ?qt_cast@QProcess@@UAEPAXPBD@Z 00417942 f   qt-mt323:qt-mt323.dll
 0001:00016948       ?className@QProcess@@UBEPBDXZ 00417948 f   qt-mt323:qt-mt323.dll
 0001:0001694e       ?metaObject@QProcess@@UBEPAVQMetaObject@@XZ 0041794e f   qt-mt323:qt-mt323.dll
 0001:00016954       ?spacerItem@QSpacerItem@@UAEPAV1@XZ 00417954 f   qt-mt323:qt-mt323.dll
 0001:0001695a       ?layout@QLayoutItem@@UAEPAVQLayout@@XZ 0041795a f   qt-mt323:qt-mt323.dll
 0001:00016960       ?iterator@QLayoutItem@@UAE?AVQLayoutIterator@@XZ 00417960 f   qt-mt323:qt-mt323.dll
 0001:00016966       ?invalidate@QLayoutItem@@UAEXXZ 00417966 f   qt-mt323:qt-mt323.dll
 0001:0001696c       ?heightForWidth@QLayoutItem@@UBEHH@Z 0041796c f   qt-mt323:qt-mt323.dll
 0001:00016972       ?hasHeightForWidth@QLayoutItem@@UBE_NXZ 00417972 f   qt-mt323:qt-mt323.dll
 0001:00016978       ?isEmpty@QSpacerItem@@UBE_NXZ 00417978 f   qt-mt323:qt-mt323.dll
 0001:0001697e       ?geometry@QSpacerItem@@UBE?AVQRect@@XZ 0041797e f   qt-mt323:qt-mt323.dll
 0001:00016984       ?setGeometry@QSpacerItem@@UAEXABVQRect@@@Z 00417984 f   qt-mt323:qt-mt323.dll
 0001:0001698a       ?expanding@QSpacerItem@@UBE?AW4ExpandData@QSizePolicy@@XZ 0041798a f   qt-mt323:qt-mt323.dll
 0001:00016990       ?maximumSize@QSpacerItem@@UBE?AVQSize@@XZ 00417990 f   qt-mt323:qt-mt323.dll
 0001:00016996       ?minimumSize@QSpacerItem@@UBE?AVQSize@@XZ 00417996 f   qt-mt323:qt-mt323.dll
 0001:0001699c       ?sizeHint@QSpacerItem@@UBE?AVQSize@@XZ 0041799c f   qt-mt323:qt-mt323.dll
 0001:000169a2       ?setOn@QPushButton@@UAEX_N@Z 004179a2 f   qt-mt323:qt-mt323.dll
 0001:000169a8       ?setIsMenuButton@QPushButton@@UAEX_N@Z 004179a8 f   qt-mt323:qt-mt323.dll
 0001:000169ae       ?setDefault@QPushButton@@UAEX_N@Z 004179ae f   qt-mt323:qt-mt323.dll
 0001:000169b4       ?setAutoDefault@QPushButton@@UAEX_N@Z 004179b4 f   qt-mt323:qt-mt323.dll
 0001:000169ba       ?setGroup@QButton@@EAEXPAVQButtonGroup@@@Z 004179ba f   qt-mt323:qt-mt323.dll
 0001:000169c0       ?drawButtonLabel@QPushButton@@MAEXPAVQPainter@@@Z 004179c0 f   qt-mt323:qt-mt323.dll
 0001:000169c6       ?drawButton@QPushButton@@MAEXPAVQPainter@@@Z 004179c6 f   qt-mt323:qt-mt323.dll
 0001:000169cc       ?hitButton@QButton@@MBE_NABVQPoint@@@Z 004179cc f   qt-mt323:qt-mt323.dll
 0001:000169d2       ?setState@QButton@@MAEXW4ToggleState@1@@Z 004179d2 f   qt-mt323:qt-mt323.dll
 0001:000169d8       ?setToggleType@QButton@@MAEXW4ToggleType@1@@Z 004179d8 f   qt-mt323:qt-mt323.dll
 0001:000169de       ?setAutoRepeat@QButton@@UAEX_N@Z 004179de f   qt-mt323:qt-mt323.dll
[...]
 0003:00004524       ??_C@_0BD@ICIF@RestartButtonClick?$AA@ 00433524     moc_bncs_ws_mandialog.obj
 0003:00004538       ??_C@_0N@HEHF@statusChange?$AA@ 00433538     moc_bncs_ws_mandialog.obj
 0003:00004548       ??_C@_06PFAC@iDelay?$AA@   00433548     moc_bncs_ws_mandialog.obj
 0003:00004550       ??_C@_09ODNE@doRestart?$AA@ 00433550     moc_bncs_ws_mandialog.obj
 0003:0000455c       ??_C@_0BC@IJLG@bncs_ws_manDialog?$AA@ 0043355c     moc_bncs_ws_mandialog.obj
 0003:00004570       ??_C@_0BK@MMFI@workstationStatus?3?3status?$AA@ 00433570     moc_bncs_ws_mandialog.obj
 0003:0000458c       ??_C@_0CI@EHFC@stateChanged?$CIworkstationStatus?3?3@ 0043358c     moc_csi_startdialog.obj
 0003:000045b4       ??_C@_09OFH@restart?$CI?$CJ?$AA@ 004335b4     moc_csi_startdialog.obj
 0003:000045c0       ??_C@_0N@FONH@stateChanged?$AA@ 004335c0     moc_csi_startdialog.obj
 0003:000045d0       ??_C@_0BN@GEMO@fixUpAutoStart?$CIprocessBase?$CK?$CJ?$AA@ 004335d0     moc_csi_startdialog.obj
 0003:000045f0       ??_C@_0BF@LOFM@doButtonGoSelected?$CI?$CJ?$AA@ 004335f0     moc_csi_startdialog.obj
 0003:00004608       ??_C@_0BF@MNAL@doButtonGoFromHere?$CI?$CJ?$AA@ 00433608     moc_csi_startdialog.obj
 0003:00004620       ??_C@_0P@GNE@doButtonStop?$CI?$CJ?$AA@ 00433620     moc_csi_startdialog.obj
 0003:00004630       ??_C@_0BA@DCBN@doButtonStart?$CI?$CJ?$AA@ 00433630     moc_csi_startdialog.obj
 0003:00004640       ??_C@_0BD@IABI@listItemSelected?$CI?$CJ?$AA@ 00433640     moc_csi_startdialog.obj
 0003:00004654       ??_C@_0DH@MJIJ@contextMenuRequested?$CIQListViewIt@ 00433654     moc_csi_startdialog.obj
 0003:0000468c       ??_C@_0BA@DHFB@processExited?$CI?$CJ?$AA@ 0043368c     moc_csi_startdialog.obj
 0003:0000469c       ??_C@_0P@EHOL@procDone?$CIbool?$CJ?$AA@ 0043369c     moc_csi_startdialog.obj
 0003:000046ac       ??_C@_0P@DPEC@fixUpAutoStart?$AA@ 004336ac     moc_csi_startdialog.obj
 0003:000046bc       ??_C@_0BD@KHHL@doButtonGoSelected?$AA@ 004336bc     moc_csi_startdialog.obj
 0003:000046d0       ??_C@_0BD@OPEN@doButtonGoFromHere?$AA@ 004336d0     moc_csi_startdialog.obj
 0003:000046e4       ??_C@_0N@HAFL@doButtonStop?$AA@ 004336e4     moc_csi_startdialog.obj
 0003:000046f4       ??_C@_0O@LIOL@doButtonStart?$AA@ 004336f4     moc_csi_startdialog.obj
 0003:00004704       ??_C@_0BB@OPJE@listItemSelected?$AA@ 00433704     moc_csi_startdialog.obj
 0003:00004718       ??_C@_0BF@HMMN@contextMenuRequested?$AA@ 00433718     moc_csi_startdialog.obj
 0003:00004730       ??_C@_0O@DEAI@processExited?$AA@ 00433730     moc_csi_startdialog.obj
 0003:00004740       ??_C@_08FJBP@procDone?$AA@ 00433740     moc_csi_startdialog.obj
 0003:00004760       ??_C@_02PHNH@ok?$AA@       00433760     moc_csi_startdialog.obj
 0003:00004764       ??_C@_0BA@PGOL@csi_startDialog?$AA@ 00433764     moc_csi_startdialog.obj
 0003:00004774       ??_C@_0M@IHAK@processBase?$AA@ 00433774     moc_csi_startdialog.obj
 0003:00004780       ??_C@_01KLMK@?$AO?$AA@     00433780     moc_csi_startdialog.obj
 0003:00004784       ??_C@_0O@GBOH@QListViewItem?$AA@ 00433784     moc_csi_startdialog.obj
 0003:00004794       ??_C@_09POGF@logDelete?$AA@ 00433794     moc_logDelete.obj
 0003:000047a0       ??_C@_0M@JKPI@doRefresh?$CI?$CJ?$AA@ 004337a0     moc_logdialogimpl.obj
 0003:000047ac       ??_C@_09CNHK@doClose?$CI?$CJ?$AA@ 004337ac     moc_logdialogimpl.obj
 0003:000047b8       ??_C@_09BHLJ@doRefresh?$AA@ 004337b8     moc_logdialogimpl.obj
 0003:000047c4       ??_C@_07MMCD@doClose?$AA@  004337c4     moc_logdialogimpl.obj
 0003:000047cc       ??_C@_09JGNP@logDialog?$AA@ 004337cc     moc_logdialogimpl.obj
 0003:000047d8       ??_C@_0L@GLGN@start?$CIint?$CJ?$AA@ 004337d8     moc_netComms.obj
 0003:000047e4       ??_C@_09PFOF@stop?$CIint?$CJ?$AA@ 004337e4     moc_netComms.obj
 0003:000047f0       ??_C@_0N@BLFK@restart?$CIint?$CJ?$AA@ 004337f0     moc_netComms.obj
 0003:00004800       ??_C@_0M@BJAK@rxData?$CIint?$CJ?$AA@ 00433800     moc_netComms.obj
 0003:0000480c       ??_C@_06OFCJ@rxData?$AA@   0043380c     moc_netComms.obj
 0003:00004828       ??_C@_01KBOJ@s?$AA@        00433828     moc_netComms.obj
 0003:0000482c       ??_C@_08GBGK@netComms?$AA@ 0043382c     moc_netComms.obj
 0003:00004838       ??_C@_0CD@CLBO@signalFixUpAutoStart?$CIprocessBase@ 00433838     moc_processBase.obj
 0003:0000485c       ??_C@_0L@CKL@done?$CIbool?$CJ?$AA@ 0043385c     moc_processBase.obj
 0003:00004868       ??_C@_0BF@DCND@signalFixUpAutoStart?$AA@ 00433868     moc_processBase.obj
 0003:000048a0       ??_C@_05OPFI@pProc?$AA@    004338a0     moc_processBase.obj
 0003:000048a8       ??_C@_04MIJD@done?$AA@     004338a8     moc_processBase.obj
 0003:000048b0       ??_C@_0BB@HDDB@fixUpAutoStart?$CI?$CJ?$AA@ 004338b0     moc_processBase.obj
 0003:000048c4       ??_C@_0BB@NAA@forceTerminate?$CI?$CJ?$AA@ 004338c4     moc_processBase.obj
 0003:000048d8       ??_C@_0P@BMI@forceTerminate?$AA@ 004338d8     moc_processBase.obj
 0003:000048e8       ??_C@_0BC@ELJL@restartDialogBase?$AA@ 004338e8     moc_restartdialog.obj
 0003:000048fc       ??_C@_0O@PPJ@restartDialog?$AA@ 004338fc     moc_restartdialogimpl.obj
 0003:0000490c       ??_C@_0BD@CLNG@csiProcessExited?$CI?$CJ?$AA@ 0043390c     moc_startCSI.obj
 0003:00004920       ??_C@_08JLFC@startCSI?$AA@ 00433920     moc_startCSI.obj
 0003:0000492c       ??_C@_0P@DNEB@startCSIHelper?$AA@ 0043392c     moc_startCSIHelper.obj
 0003:0000493c       ??_C@_0L@MIFL@finished?$CI?$CJ?$AA@ 0043393c     moc_SyncProcess.obj
 0003:00004948       ??_C@_08MOBI@finished?$AA@ 00433948     moc_SyncProcess.obj
 0003:00004968       ??_C@_08FJDC@sMessage?$AA@ 00433968     moc_SyncProcess.obj
 0003:00004974       ??_C@_0N@JIJP@readStderr?$CI?$CJ?$AA@ 00433974     moc_SyncProcess.obj
 0003:00004984       ??_C@_0N@MPDG@readStdout?$CI?$CJ?$AA@ 00433984     moc_SyncProcess.obj
 0003:00004994       ??_C@_0L@PGNC@readStderr?$AA@ 00433994     moc_SyncProcess.obj
 0003:000049a0       ??_C@_0L@FMGN@readStdout?$AA@ 004339a0     moc_SyncProcess.obj
 0003:000049ac       ??_C@_0M@ONFB@SyncProcess?$AA@ 004339ac     moc_SyncProcess.obj
 0003:000049b8       ??_C@_0O@HDBL@NoSyncProcess?$AA@ 004339b8     moc_SyncProcess.obj
 0003:000049c8       ??_C@_0BA@NDIF@FileSyncProcess?$AA@ 004339c8     moc_SyncProcess.obj
 0003:000049d8       ??_C@_09NEKG@1reject?$CI?$CJ?$AA@ 004339d8     restartdialog.obj
 0003:000049e4       ??_C@_0N@BDAB@buttonCancel?$AA@ 004339e4     restartdialog.obj
 0003:000049f4       ??_C@_0N@NFJH@buttonAccept?$AA@ 004339f4     restartdialog.obj
 0003:00004a04       ??_C@_0M@CDEF@statusLabel?$AA@ 00433a04     restartdialog.obj
 0003:00004a10       ??_C@_0L@FMOO@TextLabel1?$AA@ 00433a10     restartdialog.obj
 0003:00004a1c       ??_C@_0N@POHM@TextLabel1_2?$AA@ 00433a1c     restartdialog.obj
 0003:00004a2c       ??_C@_0BI@LGLL@restartDialogBaseLayout?$AA@ 00433a2c     restartdialog.obj
 0003:00004a44       ??_C@_05BCEE@Alt?$CLD?$AA@ 00433a44     restartdialog.obj
 0003:00004a4c       ??_C@_06BNFJ@?$CGDefer?$AA@ 00433a4c     restartdialog.obj
 0003:00004a54       ??_C@_05BBKD@Alt?$CLU?$AA@ 00433a54     restartdialog.obj
 0003:00004a5c       ??_C@_0BE@MDNG@?$CGUpdate?5and?5Restart?$AA@ 00433a5c     restartdialog.obj
 0003:00004a70       ??_C@_0BIH@GHJK@?$DMp?$DOWorkstation?5manager?5component@ 00433a70     restartdialog.obj
 0003:00004bf8       ??_C@_0BI@JOF@?$DMh1?$DORestarting?4?4?4?4?$DM?1h1?$DO?$AA@ 00433bf8     restartdialog.obj
 0003:00004c10       ??_C@_0CL@EHOO@Workstation?5Manager?5Restart?5Warn@ 00433c10     restartdialog.obj
 0003:00004c3c       ??_C@_01BJG@?6?$AA@        00433c3c     bncs_disklog:bncs_disklog.obj
 0003:00004c40       ??_C@_0CE@MPPH@bncs_disklog?3?5Can?8t?5open?5log?5fil@ 00433c40     bncs_disklog:bncs_disklog.obj
 0003:00004c64       ??_C@_0BH@JOFC@?$CFs?2?$CFs?2?$CF04d?$CF02d?$CF02d?4log?$AA@ 00433c64     bncs_disklog:bncs_disklog.obj
 0003:00004c7c       ??_C@_0BM@GACA@?$CFs?2?$CFs?2?$CF04d?$CF02d?$CF02d?9?$CF02d?4log?$AA@ 00433c7c     bncs_disklog:bncs_disklog.obj
 0003:00004c98       ??_C@_0BG@KLKP@localtime?5has?5failed?6?$AA@ 00433c98     bncs_disklog:bncs_disklog.obj
 0003:00004cb0       ??_C@_02PIMC@?$AN?6?$AA@   00433cb0     bncs_disklog:bncs_disklog.obj
 0003:00004cb4       ??_C@_02GIEM@?0?5?$AA@     00433cb4     bncs_disklog:bncs_disklog.obj
 0003:00004cb8       ??_C@_0BP@LJGD@?$CF02d?1?$CF02d?1?$CF04d?5?$CF02d?3?$CF02d?3?$CF02d?5?$AA@ 00433cb8     bncs_disklog:bncs_disklog.obj
 0003:00004cd8       ??_C@_0CA@NIKF@?2StringFileInfo?2?$CFs?2SpecialBuild?$AA@ 00433cd8     bncsversioninfo:cBncsVersion.obj
 0003:00004cf8       ??_C@_0CE@CKA@?2StringFileInfo?2?$CFs?2OriginalFileN@ 00433cf8     bncsversioninfo:cBncsVersion.obj
 0003:00004d1c       ??_C@_0CA@BBDI@?2StringFileInfo?2?$CFs?2PrivateBuild?$AA@ 00433d1c     bncsversioninfo:cBncsVersion.obj
 0003:00004d3c       ??_C@_0CD@GCNL@?2StringFileInfo?2?$CFs?2LegalTradeMar@ 00433d3c     bncsversioninfo:cBncsVersion.obj
 0003:00004d60       ??_C@_0BP@HFNO@?2StringFileInfo?2?$CFs?2CompanyName?$AA@ 00433d60     bncsversioninfo:cBncsVersion.obj
 0003:00004d80       ??_C@_0BP@OKDL@?2StringFileInfo?2?$CFs?2ProductName?$AA@ 00433d80     bncsversioninfo:cBncsVersion.obj
 0003:00004da0       ??_C@_0CA@FECA@?2StringFileInfo?2?$CFs?2InternalName?$AA@ 00433da0     bncsversioninfo:cBncsVersion.obj
 0003:00004dc0       ??_C@_0BM@IIGK@?2StringFileInfo?2?$CFs?2Comments?$AA@ 00433dc0     bncsversioninfo:cBncsVersion.obj
 0003:00004ddc       ??_C@_0CD@LFKN@?2StringFileInfo?2?$CFs?2FileDescripti@ 00433ddc     bncsversioninfo:cBncsVersion.obj
 0003:00004e00       ??_C@_01KMAE@?0?$AA@       00433e00     bncsversioninfo:cBncsVersion.obj
 0003:00004e04       ??_C@_0CB@PACC@2messageReceived?$CIconst?5QString?$CG?$CJ@ 00433e04     qtsingleapplication:qtsingleapplication_win.obj
 0003:00004e28       ??_C@_0BG@KDJG@1activateMainWidget?$CI?$CJ?$AA@ 00433e28     qtsingleapplication:qtsingleapplication_win.obj
 0003:00004e40       ??_C@_0CA@MGPF@messageReceived?$CIconst?5QString?$CG?$CJ?$AA@ 00433e40     qtsingleapplication:moc_qtsingleapplication.obj
 0003:00004e60       ??_C@_0BA@KNKB@messageReceived?$AA@ 00433e60     qtsingleapplication:moc_qtsingleapplication.obj
 0003:00004e80       ??_C@_07NPGL@message?$AA@  00433e80     qtsingleapplication:moc_qtsingleapplication.obj
 0003:00004e88       ??_C@_0BF@DPJF@activateMainWidget?$CI?$CJ?$AA@ 00433e88     qtsingleapplication:moc_qtsingleapplication.obj
 0003:00004ea0       ??_C@_0CA@LAIH@sendMessage?$CIconst?5QString?$CG?0int?$CJ?$AA@ 00433ea0     qtsingleapplication:moc_qtsingleapplication.obj
 0003:00004ec0       ??_C@_0BM@BFIN@sendMessage?$CIconst?5QString?$CG?$CJ?$AA@ 00433ec0     qtsingleapplication:moc_qtsingleapplication.obj
 0003:00004edc       ??_C@_0BD@DIIL@activateMainWidget?$AA@ 00433edc     qtsingleapplication:moc_qtsingleapplication.obj
 0003:00004ef0       ??_C@_0M@LKJJ@sendMessage?$AA@ 00433ef0     qtsingleapplication:moc_qtsingleapplication.obj
 0003:00004efc       ??_C@_0BE@NPLF@QtSingleApplication?$AA@ 00433efc     qtsingleapplication:moc_qtsingleapplication.obj
 0003:00004f10       ??_C@_07OGDM@timeout?$AA@  00433f10     qtsingleapplication:moc_qtsingleapplication.obj
 0003:00004f18       ??_R0?AVtype_info@@@8      00433f18     MSVCRT:ti_inst.obj
 0003:00004f30       ___defaultmatherr          00433f30     MSVCRT:merr.obj
 0003:00004f38       ??_C@_00A@?$AA@            00433f38     bncs_ws_mandialog.obj
 0003:00004f40       ?metaObj@AboutDialogBase@@0PAVQMetaObject@@A 00433f40     moc_AboutDialogBase.obj
 0003:00004f50       ?metaObj@bncs_ws_manDialog@@0PAVQMetaObject@@A 00433f50     moc_bncs_ws_mandialog.obj
 0003:00004f7c       ?metaObj@bncs_ws_manDialogBase@@0PAVQMetaObject@@A 00433f7c     moc_bncs_ws_mandialogbase.obj
 0003:00004f88       ?metaObj@csi_startDialog@@0PAVQMetaObject@@A 00433f88     moc_csi_startdialog.obj
 0003:00004fe4       ?metaObj@csi_startDialogBase@@0PAVQMetaObject@@A 00433fe4     moc_csi_startdialogbase.obj
 0003:00004fec       ?metaObj@logDelete@@0PAVQMetaObject@@A 00433fec     moc_logDelete.obj
 0003:00004ff4       ?metaObj@logDialogBase@@0PAVQMetaObject@@A 00433ff4     moc_logdialog.obj
 0003:00004ffc       ?metaObj@logDialog@@0PAVQMetaObject@@A 00433ffc     moc_logdialogimpl.obj
 0003:00005008       ?metaObj@netComms@@0PAVQMetaObject@@A 00434008     moc_netComms.obj
 0003:00005048       ?metaObj@processBase@@0PAVQMetaObject@@A 00434048     moc_processBase.obj
 0003:00005050       ?metaObj@restartDialogBase@@0PAVQMetaObject@@A 00434050     moc_restartdialog.obj
 0003:00005058       ?metaObj@restartDialog@@0PAVQMetaObject@@A 00434058     moc_restartdialogimpl.obj
 0003:00005060       ?metaObj@startCSI@@0PAVQMetaObject@@A 00434060     moc_startCSI.obj
 0003:00005068       ?metaObj@startCSIHelper@@0PAVQMetaObject@@A 00434068     moc_startCSIHelper.obj
 0003:0000507c       ?metaObj@SyncProcess@@0PAVQMetaObject@@A 0043407c     moc_SyncProcess.obj
 0003:00005080       ?metaObj@NoSyncProcess@@0PAVQMetaObject@@A 00434080     moc_SyncProcess.obj
 0003:00005084       ?metaObj@FileSyncProcess@@0PAVQMetaObject@@A 00434084     moc_SyncProcess.obj
 0003:00005090       ?metaObj@QtSingleApplication@@0PAVQMetaObject@@A 00434090     qtsingleapplication:moc_qtsingleapplication.obj
 0003:000050e8       __dowildcard               004340e8     MSVCRT:wildcard.obj
 0003:000050ec       __newmode                  004340ec     MSVCRT:_newmode.obj
 0003:000050f0       __commode                  004340f0     MSVCRT:xncommod.obj
 0003:000050f4       __fmode                    004340f4     MSVCRT:xtxtmode.obj
 0003:000050f8       __adjust_fdiv              004340f8     <common>
 0003:000050fc       ___onexitend               004340fc     <common>
 0003:00005100       ___onexitbegin             00434100     <common>

 entry point at        0001:0001748e

 Static symbols

 0001:00014240       _$E102                     00415240 f   moc_SyncProcess.obj
 0001:00014250       _$E99                      00415250 f   moc_SyncProcess.obj
 0001:00014270       _$E101                     00415270 f   moc_SyncProcess.obj
 0001:00014280       _$E100                     00415280 f   moc_SyncProcess.obj
 0001:00014530       _$E108                     00415530 f   moc_SyncProcess.obj
 0001:00014540       _$E105                     00415540 f   moc_SyncProcess.obj
 0001:00014560       _$E107                     00415560 f   moc_SyncProcess.obj
 0001:00014570       _$E106                     00415570 f   moc_SyncProcess.obj
 0001:000146b0       _$E113                     004156b0 f   moc_SyncProcess.obj
 0001:000146c0       _$E110                     004156c0 f   moc_SyncProcess.obj
 0001:000146e0       _$E112                     004156e0 f   moc_SyncProcess.obj
 0001:000146f0       _$E111                     004156f0 f   moc_SyncProcess.obj
 0001:000140e0       _$E99                      004150e0 f   moc_startCSIHelper.obj
 0001:000140f0       _$E96                      004150f0 f   moc_startCSIHelper.obj
 0001:00014110       _$E98                      00415110 f   moc_startCSIHelper.obj
 0001:00014120       _$E97                      00415120 f   moc_startCSIHelper.obj
 0001:00013f40       _$E101                     00414f40 f   moc_startCSI.obj
 0001:00013f50       _$E98                      00414f50 f   moc_startCSI.obj
 0001:00013f70       _$E100                     00414f70 f   moc_startCSI.obj
 0001:00013f80       _$E99                      00414f80 f   moc_startCSI.obj
 0001:00013dc0       _$E101                     00414dc0 f   moc_restartdialogimpl.obj
 0001:00013dd0       _$E98                      00414dd0 f   moc_restartdialogimpl.obj
 0001:00013df0       _$E100                     00414df0 f   moc_restartdialogimpl.obj
 0001:00013e00       _$E99                      00414e00 f   moc_restartdialogimpl.obj
 0001:00013bf0       _$E100                     00414bf0 f   moc_restartdialog.obj
 0001:00013c00       _$E97                      00414c00 f   moc_restartdialog.obj
 0001:00013c20       _$E99                      00414c20 f   moc_restartdialog.obj
 0001:00013c30       _$E98                      00414c30 f   moc_restartdialog.obj
 0001:000138a0       _$E100                     004148a0 f   moc_processBase.obj
 0001:000138b0       _$E97                      004148b0 f   moc_processBase.obj
 0001:000138d0       _$E99                      004148d0 f   moc_processBase.obj
 0001:000138e0       _$E98                      004148e0 f   moc_processBase.obj
 0001:000135c0       _$E99                      004145c0 f   moc_netComms.obj
 0001:000135d0       _$E96                      004145d0 f   moc_netComms.obj
 0001:000135f0       _$E98                      004145f0 f   moc_netComms.obj
 0001:00013600       _$E97                      00414600 f   moc_netComms.obj
 0001:00013450       _$E101                     00414450 f   moc_logdialogimpl.obj
 0001:00013460       _$E98                      00414460 f   moc_logdialogimpl.obj
 0001:00013480       _$E100                     00414480 f   moc_logdialogimpl.obj
 0001:00013490       _$E99                      00414490 f   moc_logdialogimpl.obj
 0001:000132a0       _$E100                     004142a0 f   moc_logdialog.obj
 0001:000132b0       _$E97                      004142b0 f   moc_logdialog.obj
 0001:000132d0       _$E99                      004142d0 f   moc_logdialog.obj
 0001:000132e0       _$E98                      004142e0 f   moc_logdialog.obj
 0001:00013140       _$E99                      00414140 f   moc_logDelete.obj
 0001:00013150       _$E96                      00414150 f   moc_logDelete.obj
 0001:00013170       _$E98                      00414170 f   moc_logDelete.obj
 0001:00013180       _$E97                      00414180 f   moc_logDelete.obj
 0001:00012f70       _$E99                      00413f70 f   moc_csi_startdialogbase.obj
 0001:00012f80       _$E96                      00413f80 f   moc_csi_startdialogbase.obj
 0001:00012fa0       _$E98                      00413fa0 f   moc_csi_startdialogbase.obj
 0001:00012fb0       _$E97                      00413fb0 f   moc_csi_startdialogbase.obj
 0001:00012b00       _$E110                     00413b00 f   moc_csi_startdialog.obj
 0001:00012b10       _$E107                     00413b10 f   moc_csi_startdialog.obj
 0001:00012b30       _$E109                     00413b30 f   moc_csi_startdialog.obj
 0001:00012b40       _$E108                     00413b40 f   moc_csi_startdialog.obj
 0001:00012910       _$E103                     00413910 f   moc_bncs_ws_mandialogbase.obj
 0001:00012920       _$E100                     00413920 f   moc_bncs_ws_mandialogbase.obj
 0001:00012940       _$E102                     00413940 f   moc_bncs_ws_mandialogbase.obj
 0001:00012950       _$E101                     00413950 f   moc_bncs_ws_mandialogbase.obj
 0001:000124f0       _$E111                     004134f0 f   moc_bncs_ws_mandialog.obj
 0001:00012500       _$E108                     00413500 f   moc_bncs_ws_mandialog.obj
 0001:00012520       _$E110                     00413520 f   moc_bncs_ws_mandialog.obj
 0001:00012530       _$E109                     00413530 f   moc_bncs_ws_mandialog.obj
 0001:00012320       _$E100                     00413320 f   moc_AboutDialogBase.obj
 0001:00012330       _$E97                      00413330 f   moc_AboutDialogBase.obj
 0001:00012350       _$E99                      00413350 f   moc_AboutDialogBase.obj
 0001:00012360       _$E98                      00413360 f   moc_AboutDialogBase.obj
 0001:00016030       _$E98                      00417030 f   qtsingleapplication:moc_qtsingleapplication.obj
 0001:00016040       _$E95                      00417040 f   qtsingleapplication:moc_qtsingleapplication.obj
 0001:00016060       _$E97                      00417060 f   qtsingleapplication:moc_qtsingleapplication.obj
 0001:00016070       _$E96                      00417070 f   qtsingleapplication:moc_qtsingleapplication.obj
 0001:000173f6       ?ArrayUnwindFilter@@YAHPAU_EXCEPTION_POINTERS@@@Z 004183f6 f   MSVCRT:ehvecdtr.obj

 1088 bytes saved through ICF

