 csi32

 Timestamp is 56ddfd9c (Mon Mar 07 22:15:56 2016)

 Preferred load address is 00400000

 Start         Length     Name                   Class
 0001:00000000 00022a66H .text                   CODE
 0001:00022a70 0000048bH .text$x                 CODE
 0002:00000000 00000094H .rdata                  DATA
 0002:00000098 00000044H .rdata$r                DATA
 0002:000000e0 000005d8H .xdata$x                DATA
 0002:000006b8 00000000H .edata                  DATA
 0003:00000000 00000004H .CRT$XCA                DATA
 0003:00000004 0000004cH .CRT$XCU                DATA
 0003:00000050 00000004H .CRT$XCZ                DATA
 0003:00000054 00000004H .CRT$XIA                DATA
 0003:00000058 00000004H .CRT$XIZ                DATA
 0003:00000060 0000372cH .data                   DATA
 0003:00003790 003ffe9cH .bss                    DATA
 0004:00000000 000000dcH .idata$2                DATA
 0004:000000dc 00000014H .idata$3                DATA
 0004:000000f0 00000328H .idata$4                DATA
 0004:00000418 00000328H .idata$5                DATA
 0004:00000740 00000f56H .idata$6                DATA
 0005:00000000 000003e0H .rsrc$01                DATA
 0005:000003e0 00006280H .rsrc$02                DATA

  Address         Publics by Value              Rva+Base     Lib:Object

 0001:00000000       ??0Cbncs_strtok@@QAE@XZ    00401000 f   b_strtok.obj
 0001:00000010       ??1Cbncs_strtok@@QAE@XZ    00401010 f   b_strtok.obj
 0001:00000010       ?CSComDog_Closedown@@YAXXZ 00401010 f   b_strtok.obj
 0001:00000010       ?CSComDog_SendData@@YAXPADH@Z 00401010 f   b_strtok.obj
 0001:00000010       ?CSComDog_OpenComm@@YAXXZ  00401010 f   b_strtok.obj
 0001:00000020       ?Initialise@Cbncs_strtok@@QAEXXZ 00401020 f   b_strtok.obj
 0001:00000040       ?Tokenise@Cbncs_strtok@@QAEXPADDH@Z 00401040 f   b_strtok.obj
 0001:000000d0       ?Read@Cbncs_strtok@@QAEXPADH@Z 004010d0 f   b_strtok.obj
 0001:00000130       ??0bncs_disklog@@QAE@PBDW4filetype@0@000000@Z 00401130 f   bncs_disklog.obj
 0001:00000180       ??_Ebncs_disklog@@UAEPAXI@Z 00401180 f i bncs_disklog.obj
 0001:00000180       ??_Gbncs_disklog@@UAEPAXI@Z 00401180 f i bncs_disklog.obj
 0001:000001a0       ??0bncs_disklog@@QAE@PBDW4filetype@0@@Z 004011a0 f   bncs_disklog.obj
 0001:000001d0       ?initVars@bncs_disklog@@AAEXXZ 004011d0 f   bncs_disklog.obj
 0001:000001e0       ?openLogFile@bncs_disklog@@AAEXPBDW4filetype@1@@Z 004011e0 f   bncs_disklog.obj
 0001:000003f0       ?cleanup@bncs_disklog@@AAEXXZ 004013f0 f   bncs_disklog.obj
 0001:00000410       ??1bncs_disklog@@UAE@XZ    00401410 f   bncs_disklog.obj
 0001:00000420       ?write@bncs_disklog@@QAEXPBD00000@Z 00401420 f   bncs_disklog.obj
 0001:00000650       ?createDirectory@bncs_disklog@@AAEXPBD@Z 00401650 f   bncs_disklog.obj
 0001:00000770       _resolveEnvVar             00401770 f   bncs_gcd.obj
 0001:00000940       _GetBNCSConfigDirectory    00401940 f   bncs_gcd.obj
 0001:00000a30       _GetBNCSDLLDirectory       00401a30 f   bncs_gcd.obj
 0001:00000b20       ??0ccCheck@@QAE@ABV?$basic_string@DU?$char_traits@D@std@@V?$allocator@D@2@@std@@@Z 00401b20 f   ccCheck.obj
 0001:00000c70       ??_EccCheck@@UAEPAXI@Z     00401c70 f i ccCheck.obj
 0001:00000c70       ??_GccCheck@@UAEPAXI@Z     00401c70 f i ccCheck.obj
 0001:00000c90       ??1ccCheck@@UAE@XZ         00401c90 f   ccCheck.obj
 0001:00000ce0       ?checkDevice@ccCheck@@QAE_NI@Z 00401ce0 f   ccCheck.obj
 0001:00000e40       ?checkIndex@ccCheck@@QAE_NI@Z 00401e40 f   ccCheck.obj
 0001:00000fa0       ?checkIndexRange@ccCheck@@QAE_NII@Z 00401fa0 f   ccCheck.obj
 0001:000010b0       ?log@ccCheck@@QAEXABV?$basic_string@DU?$char_traits@D@std@@V?$allocator@D@2@@std@@@Z 004020b0 f   ccCheck.obj
 0001:00001230       ??1?$set@HU?$less@H@std@@V?$allocator@H@2@@std@@QAE@XZ 00402230 f i closedDriversList.obj
 0001:00001320       ?clear@closedDriversList@@SAXXZ 00402320 f   closedDriversList.obj
 0001:000013d0       ?add@closedDriversList@@SAXH@Z 004023d0 f   closedDriversList.obj
 0001:000014e0       ?remove@closedDriversList@@SAXH@Z 004024e0 f   closedDriversList.obj
 0001:00001540       ?item@closedDriversList@@SAHH@Z 00402540 f   closedDriversList.obj
 0001:000015b0       ?count@closedDriversList@@SAHXZ 004025b0 f   closedDriversList.obj
 0001:000015c0       ??0?$set@HU?$less@H@std@@V?$allocator@H@2@@std@@QAE@ABU?$less@H@1@ABV?$allocator@H@1@@Z 004025c0 f i closedDriversList.obj
 0001:00001670       ?erase@?$_Tree@HHU_Kfn@?$set@HU?$less@H@std@@V?$allocator@H@2@@std@@U?$less@H@3@V?$allocator@H@3@@std@@QAE?AViterator@12@V312@@Z 00402670 f i closedDriversList.obj
 0001:00001a70       ?_Inc@const_iterator@?$_Tree@HHU_Kfn@?$set@HU?$less@H@std@@V?$allocator@H@2@@std@@U?$less@H@3@V?$allocator@H@3@@std@@QAEXXZ 00402a70 f i closedDriversList.obj
 0001:00001ac0       ??0?$pair@Viterator@?$_Tree@KU?$pair@$$CBKVsizedBuffer@@@std@@U_Kfn@?$map@KVsizedBuffer@@U?$less@K@std@@V?$allocator@VsizedBuffer@@@3@@2@U?$less@K@2@V?$allocator@VsizedBuffer@@@2@@std@@_N@std@@QAE@ABViterator@?$_Tree@KU?$pair@$$CBKVsizedBuffer@@@std@@U_Kfn@?$map@KVsizedBuffer@@U?$less@K@std@@V?$allocator@VsizedBuffer@@@3@@2@U?$less@K@2@V?$allocator@VsizedBuffer@@@2@@1@AB_N@Z 00402ac0 f i closedDriversList.obj
 0001:00001ac0       ??0?$pair@Viterator@?$_Tree@HU?$pair@$$CBHVdeviceStatusOnHost@@@std@@U_Kfn@?$map@HVdeviceStatusOnHost@@U?$less@H@std@@V?$allocator@VdeviceStatusOnHost@@@3@@2@U?$less@H@2@V?$allocator@VdeviceStatusOnHost@@@2@@std@@_N@std@@QAE@ABViterator@?$_Tree@HU?$pair@$$CBHVdeviceStatusOnHost@@@std@@U_Kfn@?$map@HVdeviceStatusOnHost@@U?$less@H@std@@V?$allocator@VdeviceStatusOnHost@@@3@@2@U?$less@H@2@V?$allocator@VdeviceStatusOnHost@@@2@@1@AB_N@Z 00402ac0 f i closedDriversList.obj
 0001:00001ac0       ??0?$pair@Viterator@?$_Tree@HHU_Kfn@?$set@HU?$less@H@std@@V?$allocator@H@2@@std@@U?$less@H@3@V?$allocator@H@3@@std@@_N@std@@QAE@ABViterator@?$_Tree@HHU_Kfn@?$set@HU?$less@H@std@@V?$allocator@H@2@@std@@U?$less@H@3@V?$allocator@H@3@@1@AB_N@Z 00402ac0 f i closedDriversList.obj
 0001:00001ae0       ?_Erase@?$_Tree@HHU_Kfn@?$set@HU?$less@H@std@@V?$allocator@H@2@@std@@U?$less@H@3@V?$allocator@H@3@@std@@IAEXPAU_Node@12@@Z 00402ae0 f i closedDriversList.obj
 0001:00001b20       ?_Insert@?$_Tree@HHU_Kfn@?$set@HU?$less@H@std@@V?$allocator@H@2@@std@@U?$less@H@3@V?$allocator@H@3@@std@@IAE?AViterator@12@PAU_Node@12@0ABH@Z 00402b20 f i closedDriversList.obj
 0001:00001d90       ?_Lbound@?$_Tree@HHU_Kfn@?$set@HU?$less@H@std@@V?$allocator@H@2@@std@@U?$less@H@3@V?$allocator@H@3@@std@@IBEPAU_Node@12@ABH@Z 00402d90 f i closedDriversList.obj
 0001:00001dc0       ?_Dec@const_iterator@?$_Tree@HHU_Kfn@?$set@HU?$less@H@std@@V?$allocator@H@2@@std@@U?$less@H@3@V?$allocator@H@3@@std@@QAEXXZ 00402dc0 f i closedDriversList.obj
 0001:00001e20       ?_Construct@std@@YAXPAHABH@Z 00402e20 f i closedDriversList.obj
 0001:00001e40       ?CSAbout_About@@YAXXZ      00402e40 f   Csabout.obj
 0001:00001e60       ?CSAbout_DialogProc@@YGJPAUHWND__@@GGJ@Z 00402e60 f   Csabout.obj
 0001:00001f10       ?mkdirRecursive@@YAXPBD@Z  00402f10 f   Cscache.obj
 0001:00002040       ?CSCache_Init@@YAXXZ       00403040 f   Cscache.obj
 0001:000020b0       ?CSCache_Closedown@@YAXXZ  004030b0 f   Cscache.obj
 0001:00002110       ?CSCache_Alloc@@YAHHH@Z    00403110 f   Cscache.obj
 0001:000021a0       ?CSCache_Test@@YAHHHH@Z    004031a0 f   Cscache.obj
 0001:000022f0       ?CSCache_Check@@YAHPAD@Z   004032f0 f   Cscache.obj
 0001:00002870       ?CSCache_TimeoutCheck@@YAXXZ 00403870 f   Cscache.obj
 0001:000028e0       ?CSCache_Clear@@YAXH@Z     004038e0 f   Cscache.obj
 0001:00002a00       ?CSCache_PostedPoll@@YAXXZ 00403a00 f   Cscache.obj
 0001:00002e50       ?CSCache_PostedRTRPoll@@YAXPAD@Z 00403e50 f   Cscache.obj
 0001:00002fa0       ?CSCache_PostedGPIPoll@@YAXPAD@Z 00403fa0 f   Cscache.obj
 0001:00003090       ?CSCache_PostedINFPoll@@YAXPAD@Z 00404090 f   Cscache.obj
 0001:00003150       ?CSCache_CalcPercent@@YAXXZ 00404150 f   Cscache.obj
 0001:000031e0       ?CSCache_CreateFile@@YAHHPAD@Z 004041e0 f   Cscache.obj
 0001:00003280       ?CSCache_InfoWrite@@YAXHHPBDH@Z 00404280 f   Cscache.obj
 0001:00003300       ?CSCache_InfoRead@@YAXHHPAD@Z 00404300 f   Cscache.obj
 0001:00003430       ?CSCache_GetFileHandle@@YAHH@Z 00404430 f   Cscache.obj
 0001:000035a0       ?CSCache_DeleteOldFiles@@YAXXZ 004045a0 f   Cscache.obj
 0001:00003690       ?CSCache_GetData@@YAXPAD@Z 00404690 f   Cscache.obj
 0001:00003870       ?CSCache_Index@@YAHPAD@Z   00404870 f   Cscache.obj
 0001:000039b0       ?CSCache_Profile@@YAHXZ    004049b0 f   Cscache.obj
 0001:00003ca0       ?CSCache_WriteString@@YAXHHPBDH@Z 00404ca0 f   Cscache.obj
 0001:00003d20       ?CSCache_WriteNumeric@@YAXHHH@Z 00404d20 f   Cscache.obj
 0001:00003d90       ?_Buyback@?$deque@VsizedBuffer@@V?$allocator@VsizedBuffer@@@std@@@std@@IAEXXZ 00404d90 f i Cscache.obj
 0001:00003ef0       ?_Getmap@?$deque@VsizedBuffer@@V?$allocator@VsizedBuffer@@@std@@@std@@IAEXXZ 00404ef0 f i Cscache.obj
 0001:00003f10       ?_Growmap@?$deque@VsizedBuffer@@V?$allocator@VsizedBuffer@@@std@@@std@@IAEPAPAVsizedBuffer@@I@Z 00404f10 f i Cscache.obj
 0001:00003f80       ??0const_iterator@?$deque@VsizedBuffer@@V?$allocator@VsizedBuffer@@@std@@@std@@QAE@PAVsizedBuffer@@PAPAV3@@Z 00404f80 f i Cscache.obj
 0001:00003fb0       ?_Construct@std@@YAXPAVsizedBuffer@@ABV2@@Z 00404fb0 f i Cscache.obj
 0001:00004000       ??3@YAXPAX0@Z              00405000 f i Cscache.obj
 0001:00004010       ?CSCmd_BkgRevertive@@YAXPAD@Z 00405010 f   Cscmd.obj
 0001:00004050       ?CSCmd_DeviceProfile@@YAXPAD@Z 00405050 f   Cscmd.obj
 0001:00004090       ?CSCmd_GPIRevertive@@YAXPAD@Z 00405090 f   Cscmd.obj
 0001:00004160       ?CSCmd_InfoRevertive@@YAXPAD@Z 00405160 f   Cscmd.obj
 0001:00004270       ?CSCmd_NetAttention@@YAXPAD@Z 00405270 f   Cscmd.obj
 0001:00004280       ?CSCmd_NetBroken@@YAXPAD@Z 00405280 f   Cscmd.obj
 0001:000042c0       ?CSCmd_NetClose@@YAXPAD@Z  004052c0 f   Cscmd.obj
 0001:000044f0       ?CSCmd_NetDisable@@YAXPAD@Z 004054f0 f   Cscmd.obj
 0001:00004590       ?CSCmd_NetEnable@@YAXPAD@Z 00405590 f   Cscmd.obj
 0001:00004620       ?CSCmd_NetInquire@@YAXPAD@Z 00405620 f   Cscmd.obj
 0001:00004860       ?CSCmd_NetLoopTest@@YAXPAD@Z 00405860 f   Cscmd.obj
 0001:00004890       ?CSCmd_NetModify@@YAXPAD@Z 00405890 f   Cscmd.obj
 0001:000049d0       ?CSCmd_NetObject@@YAXPAD@Z 004059d0 f   Cscmd.obj
 0001:00004b10       ?CSCmd_NetPing@@YAXPAD@Z   00405b10 f   Cscmd.obj
 0001:00004b40       ?CSCmd_NetRestart@@YAXPAD@Z 00405b40 f   Cscmd.obj
 0001:00004b80       ?CSCmd_NetStatus@@YAXPAD@Z 00405b80 f   Cscmd.obj
 0001:00004c20       ?CSCmd_RtrDatabase@@YAXPAD@Z 00405c20 f   Cscmd.obj
 0001:00004da0       ?CSCmd_RtrModify@@YAXPAD@Z 00405da0 f   Cscmd.obj
 0001:00004ec0       ?CSCmd_RtrRevertive@@YAXPAD@Z 00405ec0 f   Cscmd.obj
 0001:00005000       ?CSCmd_UniRevertive@@YAXPADH_N@Z 00406000 f   Cscmd.obj
 0001:00005580       ?CSCmd_TimeService@@YAXPAD@Z 00406580 f   Cscmd.obj
 0001:00005630       ?CSCmd_Heartbeat@@YAXPBDH_N@Z 00406630 f   Cscmd.obj
 0001:000059f0       ?CSCmd_CheckSerialNumber@@YAXHK_N@Z 004069f0 f   Cscmd.obj
 0001:00005ca0       ??1serialError@@QAE@XZ     00406ca0 f i Cscmd.obj
 0001:00005cc0       ??0serialError@@QAE@ABV0@@Z 00406cc0 f i Cscmd.obj
 0001:00005d40       ??1?$pair@$$CBGVserialError@@@std@@QAE@XZ 00406d40 f i Cscmd.obj
 0001:00005d40       ??1?$pair@HVserialError@@@std@@QAE@XZ 00406d40 f i Cscmd.obj
 0001:00005d60       ?CSCmd_ExtractUniSerial@@YAKPBEH@Z 00406d60 f   Cscmd.obj
 0001:00005dc0       ?CSCmd_DistributePacketErrorNotification@@YAXH@Z 00406dc0 f   Cscmd.obj
 0001:00005e80       ?CSCmd_DoClearCache@@YAXHPBD@Z 00406e80 f   Cscmd.obj
 0001:00005fd0       ?CSCmd_BuildWorkstationStatusSlot@@YAXHPAVworkstationStatus@@PAD@Z 00406fd0 f   Cscmd.obj
 0001:00006230       ?CSCmd_SendWorkstationStatusRevertive@@YAXHPAVworkstationStatus@@@Z 00407230 f   Cscmd.obj
 0001:000062a0       ?CSCmd_BuildDeviceStatusSlot@@YAXHPAVdeviceStatus@@PAD@Z 004072a0 f   Cscmd.obj
 0001:000064c0       ?CSCmd_SendDeviceStatusRevertive@@YAXHPAVdeviceStatus@@@Z 004074c0 f   Cscmd.obj
 0001:00006530       ?CSCmd_PostedPollParams@@YAXHHHH@Z 00407530 f   Cscmd.obj
 0001:00006810       ?CSCmd_DistributeTxRxStatus@@YAXIJ@Z 00407810 f   Cscmd.obj
 0001:00006880       ?CSCmd_ConfigChange@@YAXPBD@Z 00407880 f   Cscmd.obj
 0001:00006980       ??1?$list@VdeviceStatusOnHost@@V?$allocator@VdeviceStatusOnHost@@@std@@@std@@QAE@XZ 00407980 f i Cscmd.obj
 0001:000069d0       ?insert@?$_Tree@GU?$pair@$$CBGVserialError@@@std@@U_Kfn@?$multimap@GVserialError@@U?$less@G@std@@V?$allocator@VserialError@@@3@@2@U?$less@G@2@V?$allocator@VserialError@@@2@@std@@QAE?AU?$pair@Viterator@?$_Tree@GU?$pair@$$CBGVserialError@@@std@@U_Kfn@?$multimap@GVserialError@@U?$less@G@std@@V?$allocator@VserialError@@@3@@2@U?$less@G@2@V?$allocator@VserialError@@@2@@std@@_N@2@ABU?$pair@$$CBGVserialError@@@2@@Z 004079d0 f i Cscmd.obj
 0001:00006c10       ?insert@?$_Tree@HHU_Kfn@?$set@HU?$less@H@std@@V?$allocator@H@2@@std@@U?$less@H@3@V?$allocator@H@3@@std@@QAE?AU?$pair@Viterator@?$_Tree@HHU_Kfn@?$set@HU?$less@H@std@@V?$allocator@H@2@@std@@U?$less@H@3@V?$allocator@H@3@@std@@_N@2@ABH@Z 00407c10 f i Cscmd.obj
 0001:00006e50       ?_Buynode@?$list@VdeviceStatusOnHost@@V?$allocator@VdeviceStatusOnHost@@@std@@@std@@IAEPAU_Node@12@PAU312@0@Z 00407e50 f i Cscmd.obj
 0001:00006e80       ?_Insert@?$_Tree@GU?$pair@$$CBGVserialError@@@std@@U_Kfn@?$multimap@GVserialError@@U?$less@G@std@@V?$allocator@VserialError@@@3@@2@U?$less@G@2@V?$allocator@VserialError@@@2@@std@@IAE?AViterator@12@PAU_Node@12@0ABU?$pair@$$CBGVserialError@@@2@@Z 00407e80 f i Cscmd.obj
 0001:000070f0       ?_Lrotate@?$_Tree@GU?$pair@$$CBGVserialError@@@std@@U_Kfn@?$multimap@GVserialError@@U?$less@G@std@@V?$allocator@VserialError@@@3@@2@U?$less@G@2@V?$allocator@VserialError@@@2@@std@@IAEXPAU_Node@12@@Z 004080f0 f i Cscmd.obj
 0001:00007150       ?_Rrotate@?$_Tree@GU?$pair@$$CBGVserialError@@@std@@U_Kfn@?$multimap@GVserialError@@U?$less@G@std@@V?$allocator@VserialError@@@3@@2@U?$less@G@2@V?$allocator@VserialError@@@2@@std@@IAEXPAU_Node@12@@Z 00408150 f i Cscmd.obj
 0001:000071b0       ?_Buynode@?$_Tree@GU?$pair@$$CBGVserialError@@@std@@U_Kfn@?$multimap@GVserialError@@U?$less@G@std@@V?$allocator@VserialError@@@3@@2@U?$less@G@2@V?$allocator@VserialError@@@2@@std@@IAEPAU_Node@12@PAU312@W4_Redbl@12@@Z 004081b0 f i Cscmd.obj
 0001:000071d0       ?_Dec@const_iterator@?$_Tree@GU?$pair@$$CBGVserialError@@@std@@U_Kfn@?$multimap@GVserialError@@U?$less@G@std@@V?$allocator@VserialError@@@3@@2@U?$less@G@2@V?$allocator@VserialError@@@2@@std@@QAEXXZ 004081d0 f i Cscmd.obj
 0001:00007230       ?_Lrotate@?$_Tree@HHU_Kfn@?$set@HU?$less@H@std@@V?$allocator@H@2@@std@@U?$less@H@3@V?$allocator@H@3@@std@@IAEXPAU_Node@12@@Z 00408230 f i Cscmd.obj
 0001:00007290       ?_Rrotate@?$_Tree@HHU_Kfn@?$set@HU?$less@H@std@@V?$allocator@H@2@@std@@U?$less@H@3@V?$allocator@H@3@@std@@IAEXPAU_Node@12@@Z 00408290 f i Cscmd.obj
 0001:000072f0       ?_Buynode@?$_Tree@HHU_Kfn@?$set@HU?$less@H@std@@V?$allocator@H@2@@std@@U?$less@H@3@V?$allocator@H@3@@std@@IAEPAU_Node@12@PAU312@W4_Redbl@12@@Z 004082f0 f i Cscmd.obj
 0001:00007310       ?make_pair@std@@YA?AU?$pair@HVserialError@@@1@ABHABVserialError@@@Z 00408310 f i Cscmd.obj
 0001:00007390       ?_Construct@std@@YAXPAU?$pair@$$CBGVserialError@@@1@ABU21@@Z 00408390 f i Cscmd.obj
 0001:00007440       ?CSDbase_Init@@YAXXZ       00408440 f   Csdbase.obj
 0001:000075c0       ?CSDBase_DialogProc@@YGHPAUHWND__@@GGJ@Z 004085c0 f   Csdbase.obj
 0001:00007620       ?CSDbase_GetGRDDirectory@@YAXXZ 00408620 f   Csdbase.obj
 0001:000076f0       ?CSDbase_GetGPIDDirectory@@YAXXZ 004086f0 f   Csdbase.obj
 0001:000077d0       ?CSDbase_GetIDDirectory@@YAXXZ 004087d0 f   Csdbase.obj
 0001:000078b0       ?CSDbase_GetDEVDirectory@@YAXXZ 004088b0 f   Csdbase.obj
 0001:00007990       ?CSDbase_GetDBList@@YAPADH@Z 00408990 f   Csdbase.obj
 0001:00007b90       ?CSDbase_LoadGRDINI@@YAXH@Z 00408b90 f   Csdbase.obj
 0001:00007fc0       ?CSDbase_LoadGPIDINI@@YAXH@Z 00408fc0 f   Csdbase.obj
 0001:00008020       ?CSDbase_LoadINFOINI@@YAXH@Z 00409020 f   Csdbase.obj
 0001:000080f0       ?CSDbase_LoadDEVINI@@YAXH@Z 004090f0 f   Csdbase.obj
 0001:000086b0       ?CSDbase_SaveCDF@@YAXH@Z   004096b0 f   Csdbase.obj
 0001:000087a0       ?CSDbase_Closedown@@YAXXZ  004097a0 f   Csdbase.obj
 0001:000087e0       ?CSDbase_GetDatabaseName@@YAXJ@Z 004097e0 f   Csdbase.obj
 0001:000088f0       ?CSDbase_GetDbaseName@@YAPADGHG@Z 004098f0 f   Csdbase.obj
 0001:00008c60       ?CSDbase_GetDatabaseIndex@@YAHIJ@Z 00409c60 f   Csdbase.obj
 0001:00008d70       ?CSDbase_SaveGRDEntry@@YAXHHHPAD@Z 00409d70 f   Csdbase.obj
 0001:00008f70       ?CSDbase_SaveDEVEntry@@YAXHHHPAD@Z 00409f70 f   Csdbase.obj
 0001:00009270       ?CSDbase_GetMappedId@@YAHIJ@Z 0040a270 f   Csdbase.obj
 0001:00009370       ?CSDbExt_Init@@YAXXZ       0040a370 f   csdbext.obj
 0001:00009390       ?CSDbExt_CompileDBFiles@@YAXH@Z 0040a390 f   csdbext.obj
 0001:00009510       ?CSDbExt_SetName@@YAXHHHPAD@Z 0040a510 f   csdbext.obj
 0001:000095a0       ?CSDbExt_GetName@@YAXJ@Z   0040a5a0 f   csdbext.obj
 0001:000096a0       ?CSDbExt_GetIndex@@YAHJ@Z  0040a6a0 f   csdbext.obj
 0001:00009840       ?CSDbExt_CreateFile@@YAHPAD@Z 0040a840 f   csdbext.obj
 0001:000098b0       ?CSDbExt_UpdateFile@@YAXHHPAD0@Z 0040a8b0 f   csdbext.obj
 0001:00009970       ?CSDbExt_AccessFile@@YAHHH@Z 0040a970 f   csdbext.obj
 0001:00009a50       ?CSDialog_Init@@YAXXZ      0040aa50 f   Csdialog.obj
 0001:00009a80       ?CSDialog_DialogProc@@YGJPAUHWND__@@GGJ@Z 0040aa80 f   Csdialog.obj
 0001:00009ae0       ?CSDialog_InitDialog@@YAXXZ 0040aae0 f   Csdialog.obj
 0001:00009af0       ?CSDialog_Clear@@YAXXZ     0040aaf0 f   Csdialog.obj
 0001:00009b90       ?CSDialog_SetStatics@@YAXXZ 0040ab90 f   Csdialog.obj
 0001:00009ca0       ?CSDialog_Status@@YAXXZ    0040aca0 f   Csdialog.obj
 0001:0000a530       ??1?$map@KVsizedBuffer@@U?$less@K@std@@V?$allocator@VsizedBuffer@@@3@@std@@QAE@XZ 0040b530 f i Csimain.obj
 0001:0000a680       ??1?$multimap@GVserialError@@U?$less@G@std@@V?$allocator@VserialError@@@3@@std@@QAE@XZ 0040b680 f i Csimain.obj
 0001:0000aa50       ??1?$queue@VsizedBuffer@@V?$deque@VsizedBuffer@@V?$allocator@VsizedBuffer@@@std@@@std@@@std@@QAE@XZ 0040ba50 f i Csimain.obj
 0001:0000ab80       _WinMain@16                0040bb80 f   Csimain.obj
 0001:0000adf0       ?InitApplication@@YAHPAUHINSTANCE__@@@Z 0040bdf0 f   Csimain.obj
 0001:0000ae80       ?InitInstance@@YAHPAUHINSTANCE__@@H@Z 0040be80 f   Csimain.obj
 0001:0000af20       ?MainWndProc@@YGJPAUHWND__@@IIJ@Z 0040bf20 f   Csimain.obj
 0001:0000cdd0       ?CSMain_Init@@YAXXZ        0040ddd0 f   Csimain.obj
 0001:0000d3a0       ?CSMain_Closedown@@YAXXZ   0040e3a0 f   Csimain.obj
 0001:0000d480       ?CSMain_Closedown2@@YAXXZ  0040e480 f   Csimain.obj
 0001:0000d540       ?CSMain_Closedown3@@YAXXZ  0040e540 f   Csimain.obj
 0001:0000d580       ?CSMain_UpdateTitle@@YAXXZ 0040e580 f   Csimain.obj
 0001:0000d670       ?CSMain_Diag@@YAXXZ        0040e670 f   Csimain.obj
 0001:0000e570       ?CSMain_DiagExt@@YAXXZ     0040f570 f   Csimain.obj
 0001:0000e670       ?CSMain_Debug@@YAXXZ       0040f670 f   Csimain.obj
 0001:0000e6f0       ?CSMain_Session@@YAXXZ     0040f6f0 f   Csimain.obj
 0001:0000e8f0       ?CSMain_Client@@YAXXZ      0040f8f0 f   Csimain.obj
 0001:0000eaf0       ?CSMain_Driver@@YAXXZ      0040faf0 f   Csimain.obj
 0001:0000ecf0       ?CSMain_Cache@@YAXXZ       0040fcf0 f   Csimain.obj
 0001:0000ee30       ?CSMain_CacheToggle@@YAXG@Z 0040fe30 f   Csimain.obj
 0001:0000ee60       ?CSMain_TxCmd@@YAXIPAD@Z   0040fe60 f   Csimain.obj
 0001:0000f100       ?CSMain_BuffDevCtlCmd@@YAXPADH@Z 00410100 f   Csimain.obj
 0001:0000f180       ?CSMain_TxDevCtlBuff@@YAXXZ 00410180 f   Csimain.obj
 0001:0000f290       ?CSMain_TxTimeService@@YAXXZ 00410290 f   Csimain.obj
 0001:0000f370       ?CSMain_GetDevProperties@@YAHIJ@Z 00410370 f   Csimain.obj
 0001:0000f4f0       ?CSMain_StatusUpdate@@YAXXZ 004104f0 f   Csimain.obj
 0001:0000f6a0       ?CSMain_IncrementUpTimer@@YAXXZ 004106a0 f   Csimain.obj
 0001:0000f6f0       ?CSMain_TxRxRetry@@YAXXZ   004106f0 f   Csimain.obj
 0001:0000f890       ?CSMain_GetDevTxRxMode@@YAHJ@Z 00410890 f   Csimain.obj
 0001:0000f8c0       ?CSMain_SetDevTxRxMode@@YAXIJ@Z 004108c0 f   Csimain.obj
 0001:0000fb00       ?CSMain_TxPostDirectMessage@@YAXHPADH@Z 00410b00 f   Csimain.obj
 0001:0000fb70       ?CSMain_RxPostDirectMessage@@YAXIJ@Z 00410b70 f   Csimain.obj
 0001:0000fc40       ?CSMain_NetReset@@YAXXZ    00410c40 f   Csimain.obj
 0001:0000fc50       ?CSMain_DumpSessions@@YAXXZ 00410c50 f   Csimain.obj
 0001:0000fc90       ?CSMain_FlushCacheOnErrorToggle@@YAXXZ 00410c90 f   Csimain.obj
 0001:0000fd10       ?CSMain_SendPacketSerialNumberToggle@@YAXXZ 00410d10 f   Csimain.obj
 0001:0000fd90       ?CSMain_SendCommandSerialNumberToggle@@YAXXZ 00410d90 f   Csimain.obj
 0001:0000fe10       ?CSMain_LogStats@@YAXXZ    00410e10 f   Csimain.obj
 0001:000100d0       ?configStatusDialogProc@@YGJPAUHWND__@@IIJ@Z 004110d0 f   Csimain.obj
 0001:00010360       ?CSMain_DoHelp@@YAXXZ      00411360 f   Csimain.obj
 0001:000103f0       ?CSMain_SendHeartbeat@@YA_N_N@Z 004113f0 f   Csimain.obj
 0001:00010560       ?CSMain_SendHeartbeatPacket@@YAX_NPBEHH@Z 00411560 f   Csimain.obj
 0001:000106c0       ?CSMain_TxPacketRecoveryPackets@@YAXXZ 004116c0 f   Csimain.obj
 0001:00010860       ?CSMain_PRAC@@YAKPBEH@Z    00411860 f   Csimain.obj
 0001:000108f0       ?CSMain_UnPRAC@@YA_NPBEHK@Z 004118f0 f   Csimain.obj
 0001:00010980       ?CSMain_InitGlobals@@YAXXZ 00411980 f   Csimain.obj
 0001:00010b30       ?CSMain_DoFinalCleanup@@YAXXZ 00411b30 f   Csimain.obj
 0001:00010c60       ?clientCheck@@YAXPAUHWND__@@@Z 00411c60 f   Csimain.obj
 0001:00010d50       ?timerProc@@YGXPAUHWND__@@IKK@Z 00411d50 f   Csimain.obj
 0001:00010d90       ?CSMain_HeartbeatTimeoutThread@@YAXPAX@Z 00411d90 f   Csimain.obj
 0001:00010ec0       ?CSMain_SendHeartbeatSoon@@YAXXZ 00411ec0 f   Csimain.obj
 0001:00010ef0       ??0?$map@KVsizedBuffer@@U?$less@K@std@@V?$allocator@VsizedBuffer@@@3@@std@@QAE@ABU?$less@K@1@ABV?$allocator@VsizedBuffer@@@1@@Z 00411ef0 f i Csimain.obj
 0001:00010fa0       ??0?$multimap@GVserialError@@U?$less@G@std@@V?$allocator@VserialError@@@3@@std@@QAE@ABU?$less@G@1@ABV?$allocator@VserialError@@@1@@Z 00411fa0 f i Csimain.obj
 0001:00011050       ??0?$queue@VsizedBuffer@@V?$deque@VsizedBuffer@@V?$allocator@VsizedBuffer@@@std@@@std@@@std@@QAE@ABV?$allocator@VsizedBuffer@@@1@@Z 00412050 f i Csimain.obj
 0001:00011080       ?erase@?$_Tree@KU?$pair@$$CBKVsizedBuffer@@@std@@U_Kfn@?$map@KVsizedBuffer@@U?$less@K@std@@V?$allocator@VsizedBuffer@@@3@@2@U?$less@K@2@V?$allocator@VsizedBuffer@@@2@@std@@QAE?AViterator@12@V312@@Z 00412080 f i Csimain.obj
 0001:00011490       ?_Inc@const_iterator@?$_Tree@KU?$pair@$$CBKVsizedBuffer@@@std@@U_Kfn@?$map@KVsizedBuffer@@U?$less@K@std@@V?$allocator@VsizedBuffer@@@3@@2@U?$less@K@2@V?$allocator@VsizedBuffer@@@2@@std@@QAEXXZ 00412490 f i Csimain.obj
 0001:000114e0       ?erase@?$_Tree@GU?$pair@$$CBGVserialError@@@std@@U_Kfn@?$multimap@GVserialError@@U?$less@G@std@@V?$allocator@VserialError@@@3@@2@U?$less@G@2@V?$allocator@VserialError@@@2@@std@@QAE?AViterator@12@V312@@Z 004124e0 f i Csimain.obj
 0001:00011900       ?_Inc@const_iterator@?$_Tree@GU?$pair@$$CBGVserialError@@@std@@U_Kfn@?$multimap@GVserialError@@U?$less@G@std@@V?$allocator@VserialError@@@3@@2@U?$less@G@2@V?$allocator@VserialError@@@2@@std@@QAEXXZ 00412900 f i Csimain.obj
 0001:00011950       ?erase@?$list@VserialError@@V?$allocator@VserialError@@@std@@@std@@QAE?AViterator@12@V312@@Z 00412950 f i Csimain.obj
 0001:000119a0       ?erase@?$_Tree@HHU_Kfn@?$set@HU?$less@H@std@@V?$allocator@H@2@@std@@U?$less@H@3@V?$allocator@H@3@@std@@QAE?AViterator@12@V312@0@Z 004129a0 f i Csimain.obj
 0001:00011a70       ?_Erase@?$_Tree@KU?$pair@$$CBKVsizedBuffer@@@std@@U_Kfn@?$map@KVsizedBuffer@@U?$less@K@std@@V?$allocator@VsizedBuffer@@@3@@2@U?$less@K@2@V?$allocator@VsizedBuffer@@@2@@std@@IAEXPAU_Node@12@@Z 00412a70 f i Csimain.obj
 0001:00011ac0       ??Eiterator@?$_Tree@KU?$pair@$$CBKVsizedBuffer@@@std@@U_Kfn@?$map@KVsizedBuffer@@U?$less@K@std@@V?$allocator@VsizedBuffer@@@3@@2@U?$less@K@2@V?$allocator@VsizedBuffer@@@2@@std@@QAE?AV012@H@Z 00412ac0 f i Csimain.obj
 0001:00011b20       ?lower_bound@?$_Tree@GU?$pair@$$CBGVserialError@@@std@@U_Kfn@?$multimap@GVserialError@@U?$less@G@std@@V?$allocator@VserialError@@@3@@2@U?$less@G@2@V?$allocator@VserialError@@@2@@std@@QAE?AViterator@12@ABG@Z 00412b20 f i Csimain.obj
 0001:00011b60       ?_Erase@?$_Tree@GU?$pair@$$CBGVserialError@@@std@@U_Kfn@?$multimap@GVserialError@@U?$less@G@std@@V?$allocator@VserialError@@@3@@2@U?$less@G@2@V?$allocator@VserialError@@@2@@std@@IAEXPAU_Node@12@@Z 00412b60 f i Csimain.obj
 0001:00011bb0       ?_Min@?$_Tree@GU?$pair@$$CBGVserialError@@@std@@U_Kfn@?$multimap@GVserialError@@U?$less@G@std@@V?$allocator@VserialError@@@3@@2@U?$less@G@2@V?$allocator@VserialError@@@2@@std@@KAPAU_Node@12@PAU312@@Z 00412bb0 f i Csimain.obj
 0001:00011bd0       ?_Min@?$_Tree@HHU_Kfn@?$set@HU?$less@H@std@@V?$allocator@H@2@@std@@U?$less@H@3@V?$allocator@H@3@@std@@KAPAU_Node@12@PAU312@@Z 00412bd0 f i Csimain.obj
 0001:00011bf0       ?_Lbound@?$_Tree@GU?$pair@$$CBGVserialError@@@std@@U_Kfn@?$multimap@GVserialError@@U?$less@G@std@@V?$allocator@VserialError@@@3@@2@U?$less@G@2@V?$allocator@VserialError@@@2@@std@@IBEPAU_Node@12@ABG@Z 00412bf0 f i Csimain.obj
 0001:00011c20       ??_G?$pair@$$CBKVsizedBuffer@@@std@@QAEPAXI@Z 00412c20 f i Csimain.obj
 0001:00011c40       ??_G?$pair@$$CBGVserialError@@@std@@QAEPAXI@Z 00412c40 f i Csimain.obj
 0001:00011c60       ?CSLicens_License@@YAXXZ   00412c60 f   CSLICENS.OBJ
 0001:00011c80       ?CSLicens_DialogProc@@YGJPAUHWND__@@GGJ@Z 00412c80 f   CSLICENS.OBJ
 0001:00011dd0       ?CSNDI_Init@@YAXXZ         00412dd0 f   Csndi.obj
 0001:00011ea0       ?CSNDI_SendToDriver@@YAXPADH@Z 00412ea0 f   Csndi.obj
 0001:000123d0       ?CSNDI_RegDeviceId@@YAHIJHE@Z 004133d0 f   Csndi.obj
 0001:00012690       ?CSNDI_UnRegDeviceId@@YAHIJ@Z 00413690 f   Csndi.obj
 0001:00012880       ?CSNDI_RegAllDeviceIds@@YAXI@Z 00413880 f   Csndi.obj
 0001:000128b0       ?CSNDI_UnRegAllDeviceIds@@YAHI@Z 004138b0 f   Csndi.obj
 0001:000128e0       ?CSNDI_IncDriver@@YAHPAUHWND__@@@Z 004138e0 f   Csndi.obj
 0001:00012940       ?CSNDI_DecDriver@@YAXPAUHWND__@@@Z 00413940 f   Csndi.obj
 0001:00012990       ?CSNDI_Revertive@@YAXIJH@Z 00413990 f   Csndi.obj
 0001:00012de0       ?CSNDI_UniChangeRevertive@@YAXHPADHH@Z 00413de0 f   Csndi.obj
 0001:00012e80       ?CSNDI_UniPollRevertive@@YAXHHPADHHH@Z 00413e80 f   Csndi.obj
 0001:00013000       ?CSNDI_TxPacket@@YAXXZ     00414000 f   Csndi.obj
 0001:00013290       ??1?$pair@$$CBKVsizedBuffer@@@std@@QAE@XZ 00414290 f i Csndi.obj
 0001:00013290       ??1?$pair@KVsizedBuffer@@@std@@QAE@XZ 00414290 f i Csndi.obj
 0001:000132a0       ?CSNDI_UniBuffReset@@YAXXZ 004142a0 f   Csndi.obj
 0001:000132f0       ?CSNDI_UniFileBuffReset@@YAXXZ 004142f0 f   Csndi.obj
 0001:00013340       ?CSNDI_SendRevPacket@@YAXIJ@Z 00414340 f   Csndi.obj
 0001:000133f0       ?CSNDI_SendSystemMsg@@YAXPAD@Z 004143f0 f   Csndi.obj
 0001:00013440       ?CSNDI_SendVerbatimMsg@@YAXJ@Z 00414440 f   Csndi.obj
 0001:000134a0       ?insert@?$_Tree@KU?$pair@$$CBKVsizedBuffer@@@std@@U_Kfn@?$map@KVsizedBuffer@@U?$less@K@std@@V?$allocator@VsizedBuffer@@@3@@2@U?$less@K@2@V?$allocator@VsizedBuffer@@@2@@std@@QAE?AU?$pair@Viterator@?$_Tree@KU?$pair@$$CBKVsizedBuffer@@@std@@U_Kfn@?$map@KVsizedBuffer@@U?$less@K@std@@V?$allocator@VsizedBuffer@@@3@@2@U?$less@K@2@V?$allocator@VsizedBuffer@@@2@@std@@_N@2@ABU?$pair@$$CBKVsizedBuffer@@@2@@Z 004144a0 f i Csndi.obj
 0001:000136e0       ?_Insert@?$_Tree@KU?$pair@$$CBKVsizedBuffer@@@std@@U_Kfn@?$map@KVsizedBuffer@@U?$less@K@std@@V?$allocator@VsizedBuffer@@@3@@2@U?$less@K@2@V?$allocator@VsizedBuffer@@@2@@std@@IAE?AViterator@12@PAU_Node@12@0ABU?$pair@$$CBKVsizedBuffer@@@2@@Z 004146e0 f i Csndi.obj
 0001:00013950       ?_Lrotate@?$_Tree@KU?$pair@$$CBKVsizedBuffer@@@std@@U_Kfn@?$map@KVsizedBuffer@@U?$less@K@std@@V?$allocator@VsizedBuffer@@@3@@2@U?$less@K@2@V?$allocator@VsizedBuffer@@@2@@std@@IAEXPAU_Node@12@@Z 00414950 f i Csndi.obj
 0001:000139b0       ?_Rrotate@?$_Tree@KU?$pair@$$CBKVsizedBuffer@@@std@@U_Kfn@?$map@KVsizedBuffer@@U?$less@K@std@@V?$allocator@VsizedBuffer@@@3@@2@U?$less@K@2@V?$allocator@VsizedBuffer@@@2@@std@@IAEXPAU_Node@12@@Z 004149b0 f i Csndi.obj
 0001:00013a10       ?_Dec@const_iterator@?$_Tree@KU?$pair@$$CBKVsizedBuffer@@@std@@U_Kfn@?$map@KVsizedBuffer@@U?$less@K@std@@V?$allocator@VsizedBuffer@@@3@@2@U?$less@K@2@V?$allocator@VsizedBuffer@@@2@@std@@QAEXXZ 00414a10 f i Csndi.obj
 0001:00013a70       ?make_pair@std@@YA?AU?$pair@KVsizedBuffer@@@1@ABKABVsizedBuffer@@@Z 00414a70 f i Csndi.obj
 0001:00013aa0       ?_Construct@std@@YAXPAU?$pair@$$CBKVsizedBuffer@@@1@ABU21@@Z 00414aa0 f i Csndi.obj
 0001:00013af0       ?CSNetCli_SendPollFile@@YAXHHPAD@Z 00414af0 f   Csnetcli.obj
 0001:00013b90       ?CSNetCli_TxSessionRequest@@YAXPAD@Z 00414b90 f   Csnetcli.obj
 0001:00013d10       ?CSNetCli_SessionQHandler@@YAXXZ 00414d10 f   Csnetcli.obj
 0001:00013e20       ?CSNetCli_Call@@YA_NH@Z    00414e20 f   Csnetcli.obj
 0001:00013ed0       ?CSNetCli_CallAccepted@@YAXE@Z 00414ed0 f   Csnetcli.obj
 0001:00013fb0       ?CSNetCli_TxData@@YAXXZ    00414fb0 f   Csnetcli.obj
 0001:00013ff0       ?CSNetCli_RxData@@YAXPADH@Z 00414ff0 f   Csnetcli.obj
 0001:00014140       ?CSNetCli_SendRequest@@YAXPAD@Z 00415140 f   Csnetcli.obj
 0001:000141f0       ?CSNetCli_NotifyResult@@YAXXZ 004151f0 f   Csnetcli.obj
 0001:00014250       ?CSNetCli_DevDisconnect@@YAXH@Z 00415250 f   Csnetcli.obj
 0001:00014280       ?CSNetCli_DevWrite@@YAXJ@Z 00415280 f   Csnetcli.obj
 0001:000142e0       ?CSNetMsg_NetMsgRx@@YAXIJ@Z 004152e0 f   CSNETMSG.OBJ
 0001:000144d0       ?CSNetMsg_SendDG@@YAXPAU_NCB@@@Z 004154d0 f   CSNETMSG.OBJ
 0001:00014520       ?CSNetMsg_Listen@@YAXPAU_NCB@@@Z 00415520 f   CSNETMSG.OBJ
 0001:000145a0       ?CSNetMsg_Call@@YAXPAU_NCB@@@Z 004155a0 f   CSNETMSG.OBJ
 0001:00014640       ?CSNetMsg_Send@@YAXPAU_NCB@@@Z 00415640 f   CSNETMSG.OBJ
 0001:00014690       ?CSNetMsg_Receive@@YAXPAU_NCB@@@Z 00415690 f   CSNETMSG.OBJ
 0001:00014750       ?CSNetSes_Init@@YAXXZ      00415750 f   Csnetses.obj
 0001:000147e0       ?CSNetSes_Closedown@@YAXXZ 004157e0 f   Csnetses.obj
 0001:00014850       ?CSNetSes_PostRx@@YAXXZ    00415850 f   Csnetses.obj
 0001:000148d0       ?CSNetSes_Send@@YAHPADH@Z  004158d0 f   Csnetses.obj
 0001:00014960       ?CSNetSes_RdyToTx@@YAXXZ   00415960 f   Csnetses.obj
 0001:00014980       ?CSNetSes_Receive@@YAXPADH@Z 00415980 f   Csnetses.obj
 0001:000149c0       ?CSNetSes_TimeoutChk@@YAXXZ 004159c0 f   Csnetses.obj
 0001:00014b90       ?CSNetSes_HangUp@@YAXXZ    00415b90 f   Csnetses.obj
 0001:00014c00       ?CSNetSes_SessionClosed@@YAXXZ 00415c00 f   Csnetses.obj
 0001:00014c60       ?CSNetSes_SessionClear@@YAXXZ 00415c60 f   Csnetses.obj
 0001:00014d10       ?CSNetSes_MakeDirFile@@YAHXZ 00415d10 f   Csnetses.obj
 0001:00014f20       ?CSNetSes_OpenReadFile@@YAXXZ 00415f20 f   Csnetses.obj
 0001:00014fa0       ?CSNetSes_ReadFile@@YAXXZ  00415fa0 f   Csnetses.obj
 0001:000150f0       ?CSNetSes_OpenWriteFile@@YAXXZ 004160f0 f   Csnetses.obj
 0001:00015140       ?CSNetSes_WriteFile@@YAXPADH@Z 00416140 f   Csnetses.obj
 0001:000151c0       ?CSNetSes_CloseFile@@YAXXZ 004161c0 f   Csnetses.obj
 0001:000151f0       ?CSNetSes_ClientClosing@@YAXI@Z 004161f0 f   Csnetses.obj
 0001:00015210       ?CSNetSes_DespatchPollFile@@YAXXZ 00416210 f   Csnetses.obj
 0001:000152a0       ?CSNetSes_FlushQ@@YAXXZ    004162a0 f   Csnetses.obj
 0001:000152e0       ?CSNetSrv_PostListen@@YAXXZ 004162e0 f   Csnetsrv.obj
 0001:00015380       ?CSNetSrv_ListenAccepted@@YAXE@Z 00416380 f   Csnetsrv.obj
 0001:000153d0       ?CSNetSrv_TxData@@YAXXZ    004163d0 f   Csnetsrv.obj
 0001:00015400       ?CSNetSrv_RxData@@YAXPADH@Z 00416400 f   Csnetsrv.obj
 0001:00015750       ?CSNetSup_Init@@YAHXZ      00416750 f   Csnetsup.obj
 0001:000159c0       ?CSNetSup_InitClient@@YAXXZ 004169c0 f   Csnetsup.obj
 0001:00015b30       ?CSNetSup_InitDriver@@YAXXZ 00416b30 f   Csnetsup.obj
 0001:00015c50       ?CSNetSup_Closedown@@YAXXZ 00416c50 f   Csnetsup.obj
 0001:00015cc0       ?CSNetSup_CloseClient@@YAXXZ 00416cc0 f   Csnetsup.obj
 0001:00015d30       ?CSNetSup_CloseDriver@@YAXXZ 00416d30 f   Csnetsup.obj
 0001:00015da0       ?CSNetSup_InitPktRec@@YAXXZ 00416da0 f   Csnetsup.obj
 0001:00015f00       ?CSNetSup_ClosePktRec@@YAXXZ 00416f00 f   Csnetsup.obj
 0001:00015f70       ?CSNetSup_NetSendDG@@YAHPBDPADH@Z 00416f70 f   Csnetsup.obj
 0001:00016020       ?CSNetSup_SendToClients@@YAXPADH_N@Z 00417020 f   Csnetsup.obj
 0001:00016070       ?CSNetSup_NetReset@@YAXXZ  00417070 f   Csnetsup.obj
 0001:00016120       ?CSParser_ParseCmd@@YAXPADH_N@Z 00417120 f   CSPARSER.OBJ
 0001:00016380       ?CSProf_Init@@YAXXZ        00417380 f   Csprof.obj
 0001:00018230       ?CSProf_ReadWinPos@@YAXXZ  00419230 f   Csprof.obj
 0001:00018310       ?CSProf_WriteWinPos@@YAXJ@Z 00419310 f   Csprof.obj
 0001:000183c0       ?CSProf_DevCreate@@YAXHHHH@Z 004193c0 f   Csprof.obj
 0001:000188a0       ?CSProf_LoadRedundancyMaster@@YAXXZ 004198a0 f   Csprof.obj
 0001:00018ae0       ?CSReg_Init@@YAXXZ         00419ae0 f   Csreg.obj
 0001:00018b30       ?CSReg_Closedown@@YAXXZ    00419b30 f   Csreg.obj
 0001:00018bc0       ?CSReg_RegClient@@YAHPAUHWND__@@E@Z 00419bc0 f   Csreg.obj
 0001:00018dd0       ?CSReg_UnregClient@@YAXI@Z 00419dd0 f   Csreg.obj
 0001:00018f60       ?CSReg_AddClientDevReg@@YAXIJ@Z 00419f60 f   Csreg.obj
 0001:000191a0       ?CSReg_UnRegDevice@@YAXIJ@Z 0041a1a0 f   Csreg.obj
 0001:00019210       ?CSReg_RemClientDevReg@@YAXIJ@Z 0041a210 f   Csreg.obj
 0001:00019440       ?CSReg_ClrClientDevReg@@YAXPAUHWND__@@H@Z 0041a440 f   Csreg.obj
 0001:00019590       ?CSReg_ClrClientAllDevReg@@YAXPAUHWND__@@@Z 0041a590 f   Csreg.obj
 0001:00019600       ?CSReg_GetClientRegIdx@@YAHPAUHWND__@@@Z 0041a600 f   Csreg.obj
 0001:00019640       ?CSReg_GetClientDevIdx@@YAHHH@Z 0041a640 f   Csreg.obj
 0001:00019690       ?CSReg_UpdateClient@@YAXHGHPADHH@Z 0041a690 f   Csreg.obj
 0001:000197d0       ?CSReg_IsClientRegForDevIdx@@YAHHGG@Z 0041a7d0 f   Csreg.obj
 0001:00019890       ?CSReg_DistributeNetMsgUpdate@@YAXPAD@Z 0041a890 f   Csreg.obj
 0001:000199b0       ?CSReg_CheckForClientName@@YAHPAD@Z 0041a9b0 f   Csreg.obj
 0001:00019ac0       ?CSReg_GetBottomWindow@@YAPAUHWND__@@XZ 0041aac0 f   Csreg.obj
 0001:00019af0       ?CSReg_GetRegExtent@@YAJH@Z 0041aaf0 f   Csreg.obj
 0001:00019c30       ?CSReg_RegNetMsgUpdate@@YA_NPAUHWND__@@@Z 0041ac30 f   Csreg.obj
 0001:00019c90       ?CSReg_UnregNetMsgUpdate@@YA_NPAUHWND__@@@Z 0041ac90 f   Csreg.obj
 0001:00019ce0       ?CSReg_RegNetTxRxStatus@@YA_NPAUHWND__@@@Z 0041ace0 f   Csreg.obj
 0001:00019d40       ?CSReg_UnregNetTxRxStatus@@YA_NPAUHWND__@@@Z 0041ad40 f   Csreg.obj
 0001:00019d90       ?BNCSSendMessage@@YAJPAUHWND__@@0IIJHHHE@Z 0041ad90 f   CSSNDMSG.OBJ
 0001:00019e50       ?Add_CRLF@@YAXPAD@Z        0041ae50 f   CSSUFU.OBJ
 0001:00019e70       ?ods@@YAXPBDZZ             0041ae70 f   CSSUFU.OBJ
 0001:00019ee0       ?ODS@@YAXPAD@Z             0041aee0 f   CSSUFU.OBJ
 0001:00019f20       ?OSM@@YAXPAD@Z             0041af20 f   CSSUFU.OBJ
 0001:00019f30       ?ODM@@YAXH@Z               0041af30 f   CSSUFU.OBJ
 0001:00019f90       ?GetArguments@@YAXPBDH@Z   0041af90 f   CSSUFU.OBJ
 0001:0001a0a0       ?FileExists@@YAHPAD@Z      0041b0a0 f   CSSUFU.OBJ
 0001:0001a0d0       ?FileIsNewer@@YAHPAD0@Z    0041b0d0 f   CSSUFU.OBJ
 0001:0001a170       ?RemoveWildcards@@YAXPAD@Z 0041b170 f   CSSUFU.OBJ
 0001:0001a1a0       ??0deviceStatus@@QAE@H@Z   0041b1a0 f   deviceStatus.obj
 0001:0001a260       ??_EdeviceStatus@@UAEPAXI@Z 0041b260 f i deviceStatus.obj
 0001:0001a260       ??_GdeviceStatus@@UAEPAXI@Z 0041b260 f i deviceStatus.obj
 0001:0001a280       ??1deviceStatus@@UAE@XZ    0041b280 f   deviceStatus.obj
 0001:0001a380       ?deviceUpdate@deviceStatus@@QAE_NHHH@Z 0041b380 f   deviceStatus.obj
 0001:0001a4c0       ?deviceRemove@deviceStatus@@QAE_NH@Z 0041b4c0 f   deviceStatus.obj
 0001:0001a520       ?status@deviceStatus@@QAEXAAV?$list@VdeviceStatusOnHost@@V?$allocator@VdeviceStatusOnHost@@@std@@@std@@@Z 0041b520 f   deviceStatus.obj
 0001:0001a5e0       ?decrementTimeout@deviceStatus@@QAE_NH@Z 0041b5e0 f   deviceStatus.obj
 0001:0001a670       ?erase@?$_Tree@HU?$pair@$$CBHVdeviceStatusOnHost@@@std@@U_Kfn@?$map@HVdeviceStatusOnHost@@U?$less@H@std@@V?$allocator@VdeviceStatusOnHost@@@3@@2@U?$less@H@2@V?$allocator@VdeviceStatusOnHost@@@2@@std@@QAE?AViterator@12@V312@@Z 0041b670 f i deviceStatus.obj
 0001:0001aa70       ?find@?$_Tree@HU?$pair@$$CBHVdeviceStatusOnHost@@@std@@U_Kfn@?$map@HVdeviceStatusOnHost@@U?$less@H@std@@V?$allocator@VdeviceStatusOnHost@@@3@@2@U?$less@H@2@V?$allocator@VdeviceStatusOnHost@@@2@@std@@QAE?AViterator@12@ABH@Z 0041ba70 f i deviceStatus.obj
 0001:0001aae0       ?_Inc@const_iterator@?$_Tree@HU?$pair@$$CBHVdeviceStatusOnHost@@@std@@U_Kfn@?$map@HVdeviceStatusOnHost@@U?$less@H@std@@V?$allocator@VdeviceStatusOnHost@@@3@@2@U?$less@H@2@V?$allocator@VdeviceStatusOnHost@@@2@@std@@QAEXXZ 0041bae0 f i deviceStatus.obj
 0001:0001ab30       ?_Erase@?$_Tree@HU?$pair@$$CBHVdeviceStatusOnHost@@@std@@U_Kfn@?$map@HVdeviceStatusOnHost@@U?$less@H@std@@V?$allocator@VdeviceStatusOnHost@@@3@@2@U?$less@H@2@V?$allocator@VdeviceStatusOnHost@@@2@@std@@IAEXPAU_Node@12@@Z 0041bb30 f i deviceStatus.obj
 0001:0001ab70       ?_Insert@?$_Tree@HU?$pair@$$CBHVdeviceStatusOnHost@@@std@@U_Kfn@?$map@HVdeviceStatusOnHost@@U?$less@H@std@@V?$allocator@VdeviceStatusOnHost@@@3@@2@U?$less@H@2@V?$allocator@VdeviceStatusOnHost@@@2@@std@@IAE?AViterator@12@PAU_Node@12@0ABU?$pair@$$CBHVdeviceStatusOnHost@@@2@@Z 0041bb70 f i deviceStatus.obj
 0001:0001ade0       ?_Lbound@?$_Tree@HU?$pair@$$CBHVdeviceStatusOnHost@@@std@@U_Kfn@?$map@HVdeviceStatusOnHost@@U?$less@H@std@@V?$allocator@VdeviceStatusOnHost@@@3@@2@U?$less@H@2@V?$allocator@VdeviceStatusOnHost@@@2@@std@@IBEPAU_Node@12@ABH@Z 0041bde0 f i deviceStatus.obj
 0001:0001ae10       ?_Dec@const_iterator@?$_Tree@HU?$pair@$$CBHVdeviceStatusOnHost@@@std@@U_Kfn@?$map@HVdeviceStatusOnHost@@U?$less@H@std@@V?$allocator@VdeviceStatusOnHost@@@3@@2@U?$less@H@2@V?$allocator@VdeviceStatusOnHost@@@2@@std@@QAEXXZ 0041be10 f i deviceStatus.obj
 0001:0001ae70       ?_Construct@std@@YAXPAU?$pair@$$CBHVdeviceStatusOnHost@@@1@ABU21@@Z 0041be70 f i deviceStatus.obj
 0001:0001af20       ??0structured_exception@@QAE@ABU_EXCEPTION_POINTERS@@@Z 0041bf20 f   except.obj
 0001:0001af50       ?install@structured_exception@@SAXXZ 0041bf50 f   except.obj
 0001:0001afa0       ?where@structured_exception@@QBEPBXXZ 0041bfa0 f   except.obj
 0001:0001afb0       ??0externalsListDialog@@QAE@XZ 0041bfb0 f   externalsListDialog.obj
 0001:0001b080       ??_GexternalsListDialog@@UAEPAXI@Z 0041c080 f i externalsListDialog.obj
 0001:0001b080       ??_EexternalsListDialog@@UAEPAXI@Z 0041c080 f i externalsListDialog.obj
 0001:0001b0a0       ?init@externalsListDialog@@QAEXPAUHINSTANCE__@@PAUHWND__@@@Z 0041c0a0 f   externalsListDialog.obj
 0001:0001b0c0       ??1externalsListDialog@@UAE@XZ 0041c0c0 f   externalsListDialog.obj
 0001:0001b1d0       ?toggleShow@externalsListDialog@@QAEXXZ 0041c1d0 f   externalsListDialog.obj
 0001:0001b1f0       ?show@externalsListDialog@@QAEXXZ 0041c1f0 f   externalsListDialog.obj
 0001:0001b3f0       ?hide@externalsListDialog@@QAEXXZ 0041c3f0 f   externalsListDialog.obj
 0001:0001b4b0       ?load@externalsListDialog@@AAEXXZ 0041c4b0 f   externalsListDialog.obj
 0001:0001b520       ?externalsListWndProc@externalsListDialog@@CGJPAUHWND__@@GGJ@Z 0041c520 f   externalsListDialog.obj
 0001:0001b700       ?addClient@externalsListDialog@@QAEXPAUHWND__@@H@Z 0041c700 f   externalsListDialog.obj
 0001:0001b790       ?removeClient@externalsListDialog@@QAEXPAUHWND__@@@Z 0041c790 f   externalsListDialog.obj
 0001:0001b7b0       ?addDriver@externalsListDialog@@QAEXHPAUHWND__@@H@Z 0041c7b0 f   externalsListDialog.obj
 0001:0001b870       ?removeDriver@externalsListDialog@@QAEXPAUHWND__@@@Z 0041c870 f   externalsListDialog.obj
 0001:0001b890       ?EnumChildProc@@YGHPAUHWND__@@J@Z 0041c890 f   externalsListDialog.obj
 0001:0001b8d0       ?addHWNDToList@externalsListDialog@@AAEHPAUHWND__@@0@Z 0041c8d0 f   externalsListDialog.obj
 0001:0001baf0       ?removeHWNDFromList@externalsListDialog@@AAEXPAUHWND__@@0@Z 0041caf0 f   externalsListDialog.obj
 0001:0001bbb0       ?getModuleName@externalsListDialog@@AAEXPAUHWND__@@PADH@Z 0041cbb0 f   externalsListDialog.obj
 0001:0001bd50       ?setSize@externalsListDialog@@QAEXHH@Z 0041cd50 f   externalsListDialog.obj
 0001:0001bde0       ?setTime@externalsListDialog@@QAEXPAUHWND__@@K@Z 0041cde0 f   externalsListDialog.obj
 0001:0001bfa0       ?erase@?$_Tree@PAUHWND__@@U?$pair@QAUHWND__@@K@std@@U_Kfn@?$map@PAUHWND__@@KU?$less@PAUHWND__@@@std@@V?$allocator@K@3@@3@U?$less@PAUHWND__@@@3@V?$allocator@K@3@@std@@QAE?AViterator@12@V312@@Z 0041cfa0 f i externalsListDialog.obj
 0001:0001c3a0       ?insert@?$_Tree@PAUHWND__@@U?$pair@QAUHWND__@@K@std@@U_Kfn@?$map@PAUHWND__@@KU?$less@PAUHWND__@@@std@@V?$allocator@K@3@@3@U?$less@PAUHWND__@@@3@V?$allocator@K@3@@std@@QAE?AU?$pair@Viterator@?$_Tree@PAUHWND__@@U?$pair@QAUHWND__@@K@std@@U_Kfn@?$map@PAUHWND__@@KU?$less@PAUHWND__@@@std@@V?$allocator@K@3@@3@U?$less@PAUHWND__@@@3@V?$allocator@K@3@@std@@_N@2@ABU?$pair@QAUHWND__@@K@2@@Z 0041d3a0 f i externalsListDialog.obj
 0001:0001c5e0       ?_Erase@?$_Tree@PAUHWND__@@U?$pair@QAUHWND__@@K@std@@U_Kfn@?$map@PAUHWND__@@KU?$less@PAUHWND__@@@std@@V?$allocator@K@3@@3@U?$less@PAUHWND__@@@3@V?$allocator@K@3@@std@@IAEXPAU_Node@12@@Z 0041d5e0 f i externalsListDialog.obj
 0001:0001c620       ?_Lrotate@?$_Tree@PAUHWND__@@U?$pair@QAUHWND__@@K@std@@U_Kfn@?$map@PAUHWND__@@KU?$less@PAUHWND__@@@std@@V?$allocator@K@3@@3@U?$less@PAUHWND__@@@3@V?$allocator@K@3@@std@@IAEXPAU_Node@12@@Z 0041d620 f i externalsListDialog.obj
 0001:0001c680       ?_Rrotate@?$_Tree@PAUHWND__@@U?$pair@QAUHWND__@@K@std@@U_Kfn@?$map@PAUHWND__@@KU?$less@PAUHWND__@@@std@@V?$allocator@K@3@@3@U?$less@PAUHWND__@@@3@V?$allocator@K@3@@std@@IAEXPAU_Node@12@@Z 0041d680 f i externalsListDialog.obj
 0001:0001c6e0       ?_Insert@?$_Tree@PAUHWND__@@U?$pair@QAUHWND__@@K@std@@U_Kfn@?$map@PAUHWND__@@KU?$less@PAUHWND__@@@std@@V?$allocator@K@3@@3@U?$less@PAUHWND__@@@3@V?$allocator@K@3@@std@@IAE?AViterator@12@PAU_Node@12@0ABU?$pair@QAUHWND__@@K@2@@Z 0041d6e0 f i externalsListDialog.obj
 0001:0001c950       ?_Lbound@?$_Tree@PAUHWND__@@U?$pair@QAUHWND__@@K@std@@U_Kfn@?$map@PAUHWND__@@KU?$less@PAUHWND__@@@std@@V?$allocator@K@3@@3@U?$less@PAUHWND__@@@3@V?$allocator@K@3@@std@@IBEPAU_Node@12@ABQAUHWND__@@@Z 0041d950 f i externalsListDialog.obj
 0001:0001c980       ?_Buynode@?$_Tree@HU?$pair@$$CBHPAVdatabase@@@std@@U_Kfn@?$map@HPAVdatabase@@U?$less@H@std@@V?$allocator@PAVdatabase@@@3@@2@U?$less@H@2@V?$allocator@PAVdatabase@@@2@@std@@IAEPAU_Node@12@PAU312@W4_Redbl@12@@Z 0041d980 f i externalsListDialog.obj
 0001:0001c980       ?_Buynode@?$_Tree@PAUHWND__@@U?$pair@QAUHWND__@@K@std@@U_Kfn@?$map@PAUHWND__@@KU?$less@PAUHWND__@@@std@@V?$allocator@K@3@@3@U?$less@PAUHWND__@@@3@V?$allocator@K@3@@std@@IAEPAU_Node@12@PAU312@W4_Redbl@12@@Z 0041d980 f i externalsListDialog.obj
 0001:0001c9a0       ?_Dec@const_iterator@?$_Tree@PAUHWND__@@U?$pair@QAUHWND__@@K@std@@U_Kfn@?$map@PAUHWND__@@KU?$less@PAUHWND__@@@std@@V?$allocator@K@3@@3@U?$less@PAUHWND__@@@3@V?$allocator@K@3@@std@@QAEXXZ 0041d9a0 f i externalsListDialog.obj
 0001:0001ca00       ?_Inc@const_iterator@?$_Tree@PAUHWND__@@U?$pair@QAUHWND__@@K@std@@U_Kfn@?$map@PAUHWND__@@KU?$less@PAUHWND__@@@std@@V?$allocator@K@3@@3@U?$less@PAUHWND__@@@3@V?$allocator@K@3@@std@@QAEXXZ 0041da00 f i externalsListDialog.obj
 0001:0001ca50       ??0CGetArguments@@QAE@PBDH@Z 0041da50 f   GetArguments.obj
 0001:0001cbf0       ??_ECGetArguments@@UAEPAXI@Z 0041dbf0 f i GetArguments.obj
 0001:0001cbf0       ??_GCGetArguments@@UAEPAXI@Z 0041dbf0 f i GetArguments.obj
 0001:0001cc10       ??1CGetArguments@@UAE@XZ   0041dc10 f   GetArguments.obj
 0001:0001cc30       ?netRx@networkInterfaceImpl@@SAXPBEH@Z 0041dc30 f   networkInterfaceImpl.obj
 0001:0001d820       ?insert@?$map@KVsizedBuffer@@U?$less@K@std@@V?$allocator@VsizedBuffer@@@3@@std@@QAE?AU?$pair@Viterator@?$_Tree@KU?$pair@$$CBKVsizedBuffer@@@std@@U_Kfn@?$map@KVsizedBuffer@@U?$less@K@std@@V?$allocator@VsizedBuffer@@@3@@2@U?$less@K@2@V?$allocator@VsizedBuffer@@@2@@std@@_N@2@ABU?$pair@$$CBKVsizedBuffer@@@2@@Z 0041e820 f i networkInterfaceImpl.obj
 0001:0001d910       ?find@?$_Tree@KU?$pair@$$CBKVsizedBuffer@@@std@@U_Kfn@?$map@KVsizedBuffer@@U?$less@K@std@@V?$allocator@VsizedBuffer@@@3@@2@U?$less@K@2@V?$allocator@VsizedBuffer@@@2@@std@@QAE?AViterator@12@ABK@Z 0041e910 f i networkInterfaceImpl.obj
 0001:0001d980       ?find@?$_Tree@GU?$pair@$$CBGVserialError@@@std@@U_Kfn@?$multimap@GVserialError@@U?$less@G@std@@V?$allocator@VserialError@@@3@@2@U?$less@G@2@V?$allocator@VserialError@@@2@@std@@QAE?AViterator@12@ABG@Z 0041e980 f i networkInterfaceImpl.obj
 0001:0001d9f0       ?insert@?$list@VserialError@@V?$allocator@VserialError@@@std@@@std@@QAE?AViterator@12@V312@ABVserialError@@@Z 0041e9f0 f i networkInterfaceImpl.obj
 0001:0001da50       ?_Construct@std@@YAXPAVserialError@@ABV2@@Z 0041ea50 f i networkInterfaceImpl.obj
 0001:0001daf0       ??0pktRecoveryDialog@@QAE@XZ 0041eaf0 f   pktRecoveryDialog.obj
 0001:0001db00       ??_EpktRecoveryDialog@@UAEPAXI@Z 0041eb00 f i pktRecoveryDialog.obj
 0001:0001db00       ??_GpktRecoveryDialog@@UAEPAXI@Z 0041eb00 f i pktRecoveryDialog.obj
 0001:0001db20       ?init@pktRecoveryDialog@@QAEXPAUHINSTANCE__@@PAUHWND__@@@Z 0041eb20 f   pktRecoveryDialog.obj
 0001:0001db50       ??1pktRecoveryDialog@@UAE@XZ 0041eb50 f   pktRecoveryDialog.obj
 0001:0001db70       ?pktRecoveryWndProc@pktRecoveryDialog@@CGJPAUHWND__@@GGJ@Z 0041eb70 f   pktRecoveryDialog.obj
 0001:0001dc90       ?show@pktRecoveryDialog@@QAEXXZ 0041ec90 f   pktRecoveryDialog.obj
 0001:0001dcc0       ?GetPrivateINIString@@YAXPBD00PADKQAD@Z 0041ecc0 f   PROFILE.obj
 0001:0001dd50       ?WritePrivateINIString@@YAXPBD000@Z 0041ed50 f   PROFILE.obj
 0001:0001dec0       ?GetEnvironmentType@@YAHXZ 0041eec0 f   PROFILE.obj
 0001:0001df20       ?GetINIPath@@YAPADPBD@Z    0041ef20 f   PROFILE.obj
 0001:0001dfc0       ?GetTempPathA@@YAPADXZ     0041efc0 f   PROFILE.obj
 0001:0001e060       ??0sizedBuffer@@QAE@XZ     0041f060 f   sizedBuffer.obj
 0001:0001e080       ??_EsizedBuffer@@UAEPAXI@Z 0041f080 f i sizedBuffer.obj
 0001:0001e080       ??_GsizedBuffer@@UAEPAXI@Z 0041f080 f i sizedBuffer.obj
 0001:0001e0a0       ??0sizedBuffer@@QAE@PBEHH@Z 0041f0a0 f   sizedBuffer.obj
 0001:0001e110       ??1sizedBuffer@@UAE@XZ     0041f110 f   sizedBuffer.obj
 0001:0001e140       ??0sizedBuffer@@QAE@ABV0@@Z 0041f140 f   sizedBuffer.obj
 0001:0001e160       ?doCopy@sizedBuffer@@AAEXABV1@@Z 0041f160 f   sizedBuffer.obj
 0001:0001e1d0       ?more@structured_exception@@QBEKXZ 0041f1d0 f   sizedBuffer.obj
 0001:0001e1d0       ?size@sizedBuffer@@QBEHXZ  0041f1d0 f   sizedBuffer.obj
 0001:0001e1e0       ?data@sizedBuffer@@QBEPBEXZ 0041f1e0 f   sizedBuffer.obj
 0001:0001e1e0       ?what@structured_exception@@QBEIXZ 0041f1e0 f   sizedBuffer.obj
 0001:0001e1f0       ?ref@sizedBuffer@@QBEHXZ   0041f1f0 f   sizedBuffer.obj
 0001:0001e1f0       ?upTime@workstationStatus@@QAEKXZ 0041f1f0 f   sizedBuffer.obj
 0001:0001e200       ?fnSplitString@@YAHPAD0HPAPAD@Z 0041f200 f   SplitString.obj
 0001:0001e300       ??0supersededMemory@@QAE@XZ 0041f300 f   supersededMemory.obj
 0001:0001e3c0       ??_GsupersededMemory@@UAEPAXI@Z 0041f3c0 f i supersededMemory.obj
 0001:0001e3c0       ??_EsupersededMemory@@UAEPAXI@Z 0041f3c0 f i supersededMemory.obj
 0001:0001e3e0       ??1supersededMemory@@UAE@XZ 0041f3e0 f   supersededMemory.obj
 0001:0001e4e0       ?add@supersededMemory@@QAEXHHK@Z 0041f4e0 f   supersededMemory.obj
 0001:0001e660       ?isSuperseded@supersededMemory@@QAE_NHHK@Z 0041f660 f   supersededMemory.obj
 0001:0001e730       ?dump@supersededMemory@@QAEXXZ 0041f730 f   supersededMemory.obj
 0001:0001e7c0       ?cleanup@supersededMemory@@QAEXK@Z 0041f7c0 f   supersededMemory.obj
 0001:0001e840       ?erase@?$_Tree@KU?$pair@$$CBKK@std@@U_Kfn@?$map@KKU?$less@K@std@@V?$allocator@K@2@@2@U?$less@K@2@V?$allocator@K@2@@std@@QAE?AViterator@12@V312@@Z 0041f840 f i supersededMemory.obj
 0001:0001ec40       ?find@?$_Tree@KU?$pair@$$CBKK@std@@U_Kfn@?$map@KKU?$less@K@std@@V?$allocator@K@2@@2@U?$less@K@2@V?$allocator@K@2@@std@@QAE?AViterator@12@ABK@Z 0041fc40 f i supersededMemory.obj
 0001:0001ecb0       ?_Inc@const_iterator@?$_Tree@KU?$pair@$$CBKK@std@@U_Kfn@?$map@KKU?$less@K@std@@V?$allocator@K@2@@2@U?$less@K@2@V?$allocator@K@2@@std@@QAEXXZ 0041fcb0 f i supersededMemory.obj
 0001:0001ed00       ?_Erase@?$_Tree@KU?$pair@$$CBKK@std@@U_Kfn@?$map@KKU?$less@K@std@@V?$allocator@K@2@@2@U?$less@K@2@V?$allocator@K@2@@std@@IAEXPAU_Node@12@@Z 0041fd00 f i supersededMemory.obj
 0001:0001ed40       ?_Insert@?$_Tree@KU?$pair@$$CBKK@std@@U_Kfn@?$map@KKU?$less@K@std@@V?$allocator@K@2@@2@U?$less@K@2@V?$allocator@K@2@@std@@IAE?AViterator@12@PAU_Node@12@0ABU?$pair@$$CBKK@2@@Z 0041fd40 f i supersededMemory.obj
 0001:0001efb0       ?_Min@?$_Tree@KU?$pair@$$CBKK@std@@U_Kfn@?$map@KKU?$less@K@std@@V?$allocator@K@2@@2@U?$less@K@2@V?$allocator@K@2@@std@@KAPAU_Node@12@PAU312@@Z 0041ffb0 f i supersededMemory.obj
 0001:0001efd0       ?_Lbound@?$_Tree@KU?$pair@$$CBKK@std@@U_Kfn@?$map@KKU?$less@K@std@@V?$allocator@K@2@@2@U?$less@K@2@V?$allocator@K@2@@std@@IBEPAU_Node@12@ABK@Z 0041ffd0 f i supersededMemory.obj
 0001:0001f000       ?_Dec@const_iterator@?$_Tree@KU?$pair@$$CBKK@std@@U_Kfn@?$map@KKU?$less@K@std@@V?$allocator@K@2@@2@U?$less@K@2@V?$allocator@K@2@@std@@QAEXXZ 00420000 f i supersededMemory.obj
 0001:0001f060       ?_Construct@std@@YAXPAU?$pair@$$CBHPAVdatabase@@@1@ABU21@@Z 00420060 f i supersededMemory.obj
 0001:0001f060       ?_Construct@std@@YAXPAU?$pair@QAUHWND__@@K@1@ABU21@@Z 00420060 f i supersededMemory.obj
 0001:0001f060       ?_Construct@std@@YAXPAU?$pair@$$CBKK@1@ABU21@@Z 00420060 f i supersededMemory.obj
 0001:0001f080       ??0workstationStatus@@QAE@HHKKKK@Z 00420080 f   workstationStatus.obj
 0001:0001f0c0       ??_EworkstationStatus@@UAEPAXI@Z 004200c0 f i workstationStatus.obj
 0001:0001f0c0       ??_GworkstationStatus@@UAEPAXI@Z 004200c0 f i workstationStatus.obj
 0001:0001f0e0       ??1workstationStatus@@UAE@XZ 004200e0 f   workstationStatus.obj
 0001:0001f0f0       ?setTimeout@workstationStatus@@QAEXH@Z 004200f0 f   workstationStatus.obj
 0001:0001f100       ?decrementTimeout@workstationStatus@@QAEHH@Z 00420100 f   workstationStatus.obj
 0001:0001f120       ?setUpTime@workstationStatus@@QAEXK@Z 00420120 f   workstationStatus.obj
 0001:0001f130       ?setCurrentTime@workstationStatus@@QAEXK@Z 00420130 f   workstationStatus.obj
 0001:0001f140       ?hosts@deviceStatus@@QAEHXZ 00420140 f   workstationStatus.obj
 0001:0001f140       ?unrecoverableErrors@workstationStatus@@QAEKXZ 00420140 f   workstationStatus.obj
 0001:0001f150       ?setUnrecoverableErrors@workstationStatus@@QAE_NK@Z 00420150 f   workstationStatus.obj
 0001:0001f170       ?recoverableErrors@workstationStatus@@QAEKXZ 00420170 f   workstationStatus.obj
 0001:0001f180       ?setRecoverableErrors@workstationStatus@@QAE_NK@Z 00420180 f   workstationStatus.obj
 0001:0001f1a0       ??_GdatabaseMgr@@UAEPAXI@Z 004201a0 f i database:databaseMgr.obj
 0001:0001f1a0       ??_EdatabaseMgr@@UAEPAXI@Z 004201a0 f i database:databaseMgr.obj
 0001:0001f1c0       ??0databaseMgr@@QAE@PBD@Z  004201c0 f   database:databaseMgr.obj
 0001:0001f2b0       ??1?$map@HPAVdatabase@@U?$less@H@std@@V?$allocator@PAVdatabase@@@3@@std@@QAE@XZ 004202b0 f i database:databaseMgr.obj
 0001:0001f3a0       ?setPath@databaseMgr@@QAEXPBD@Z 004203a0 f   database:databaseMgr.obj
 0001:0001f410       ??1databaseMgr@@UAE@XZ     00420410 f   database:databaseMgr.obj
 0001:0001f540       ?clear@databaseMgr@@QAEXH@Z 00420540 f   database:databaseMgr.obj
 0001:0001f6a0       ?getName@databaseMgr@@QAEPBDHHH@Z 004206a0 f   database:databaseMgr.obj
 0001:0001f760       ?getName@databaseMgr@@QAE_NHHHPADH@Z 00420760 f   database:databaseMgr.obj
 0001:0001f890       ?doCreate@databaseMgr@@AAEPAVdatabase@@HH@Z 00420890 f   database:databaseMgr.obj
 0001:0001f900       ?getIndex@databaseMgr@@QAEHHHPBDHH@Z 00420900 f   database:databaseMgr.obj
 0001:0001f9c0       ?getIndex@databaseMgr@@QAEHHHPBD_N1@Z 004209c0 f   database:databaseMgr.obj
 0001:0001fa80       ?numLoaded@databaseMgr@@QAEHXZ 00420a80 f   database:databaseMgr.obj
 0001:0001fa80       ?currentTime@workstationStatus@@QAEKXZ 00420a80 f   database:databaseMgr.obj
 0001:0001fa90       ?setName@databaseMgr@@QAE_NHHHPBD_N@Z 00420a90 f   database:databaseMgr.obj
 0001:0001fb50       ?insert@?$_Tree@HU?$pair@$$CBHPAVdatabase@@@std@@U_Kfn@?$map@HPAVdatabase@@U?$less@H@std@@V?$allocator@PAVdatabase@@@3@@2@U?$less@H@2@V?$allocator@PAVdatabase@@@2@@std@@QAE?AU?$pair@Viterator@?$_Tree@HU?$pair@$$CBHPAVdatabase@@@std@@U_Kfn@?$map@HPAVdatabase@@U?$less@H@std@@V?$allocator@PAVdatabase@@@3@@2@U?$less@H@2@V?$allocator@PAVdatabase@@@2@@std@@_N@2@ABU?$pair@$$CBHPAVdatabase@@@2@@Z 00420b50 f i database:databaseMgr.obj
 0001:0001fd90       ?erase@?$_Tree@HU?$pair@$$CBHPAVdatabase@@@std@@U_Kfn@?$map@HPAVdatabase@@U?$less@H@std@@V?$allocator@PAVdatabase@@@3@@2@U?$less@H@2@V?$allocator@PAVdatabase@@@2@@std@@QAE?AViterator@12@V312@@Z 00420d90 f i database:databaseMgr.obj
 0001:00020190       ?_Inc@const_iterator@?$_Tree@HU?$pair@$$CBHPAVdatabase@@@std@@U_Kfn@?$map@HPAVdatabase@@U?$less@H@std@@V?$allocator@PAVdatabase@@@3@@2@U?$less@H@2@V?$allocator@PAVdatabase@@@2@@std@@QAEXXZ 00421190 f i database:databaseMgr.obj
 0001:000201e0       ?lower_bound@?$_Tree@HU?$pair@$$CBHPAVdatabase@@@std@@U_Kfn@?$map@HPAVdatabase@@U?$less@H@std@@V?$allocator@PAVdatabase@@@3@@2@U?$less@H@2@V?$allocator@PAVdatabase@@@2@@std@@QAE?AViterator@12@ABH@Z 004211e0 f i database:databaseMgr.obj
 0001:00020220       ?_Erase@?$_Tree@HU?$pair@$$CBHPAVdatabase@@@std@@U_Kfn@?$map@HPAVdatabase@@U?$less@H@std@@V?$allocator@PAVdatabase@@@3@@2@U?$less@H@2@V?$allocator@PAVdatabase@@@2@@std@@IAEXPAU_Node@12@@Z 00421220 f i database:databaseMgr.obj
 0001:00020260       ?_Insert@?$_Tree@HU?$pair@$$CBHPAVdatabase@@@std@@U_Kfn@?$map@HPAVdatabase@@U?$less@H@std@@V?$allocator@PAVdatabase@@@3@@2@U?$less@H@2@V?$allocator@PAVdatabase@@@2@@std@@IAE?AViterator@12@PAU_Node@12@0ABU?$pair@$$CBHPAVdatabase@@@2@@Z 00421260 f i database:databaseMgr.obj
 0001:000204d0       ?_Lrotate@?$_Tree@HU?$pair@$$CBHPAVdatabase@@@std@@U_Kfn@?$map@HPAVdatabase@@U?$less@H@std@@V?$allocator@PAVdatabase@@@3@@2@U?$less@H@2@V?$allocator@PAVdatabase@@@2@@std@@IAEXPAU_Node@12@@Z 004214d0 f i database:databaseMgr.obj
 0001:00020530       ?_Min@?$_Tree@HU?$pair@$$CBHPAVdatabase@@@std@@U_Kfn@?$map@HPAVdatabase@@U?$less@H@std@@V?$allocator@PAVdatabase@@@3@@2@U?$less@H@2@V?$allocator@PAVdatabase@@@2@@std@@KAPAU_Node@12@PAU312@@Z 00421530 f i database:databaseMgr.obj
 0001:00020550       ?_Rrotate@?$_Tree@HU?$pair@$$CBHPAVdatabase@@@std@@U_Kfn@?$map@HPAVdatabase@@U?$less@H@std@@V?$allocator@PAVdatabase@@@3@@2@U?$less@H@2@V?$allocator@PAVdatabase@@@2@@std@@IAEXPAU_Node@12@@Z 00421550 f i database:databaseMgr.obj
 0001:000205b0       ?_Dec@const_iterator@?$_Tree@HU?$pair@$$CBHPAVdatabase@@@std@@U_Kfn@?$map@HPAVdatabase@@U?$less@H@std@@V?$allocator@PAVdatabase@@@3@@2@U?$less@H@2@V?$allocator@PAVdatabase@@@2@@std@@QAEXXZ 004215b0 f i database:databaseMgr.obj
 0001:00020610       ??0database@@QAE@PBDHH@Z   00421610 f   database:database.obj
 0001:00020730       ?load@database@@AAEXPBDHH@Z 00421730 f   database:database.obj
 0001:00020c60       ??1?$pair@$$CBHV?$basic_string@DU?$char_traits@D@std@@V?$allocator@D@2@@std@@@std@@QAE@XZ 00421c60 f i database:database.obj
 0001:00020c60       ??1?$pair@HV?$basic_string@DU?$char_traits@D@std@@V?$allocator@D@2@@std@@@std@@QAE@XZ 00421c60 f i database:database.obj
 0001:00020ca0       ?getName@database@@QAEPBDH@Z 00421ca0 f   database:database.obj
 0001:00020d20       ?getName@database@@QAE_NHPADH@Z 00421d20 f   database:database.obj
 0001:00020e10       ?getIndex@database@@QAEHPBDHH@Z 00421e10 f   database:database.obj
 0001:00020f30       ?getIndex@database@@QAEHPBD_N1@Z 00421f30 f   database:database.obj
 0001:000210a0       ?setName@database@@QAE_NHPBD_N@Z 004220a0 f   database:database.obj
 0001:000213d0       ??_Gdatabase@@UAEPAXI@Z    004223d0 f i database:database.obj
 0001:000213d0       ??_Edatabase@@UAEPAXI@Z    004223d0 f i database:database.obj
 0001:000213f0       ??1database@@UAE@XZ        004223f0 f i database:database.obj
 0001:000214f0       ??1?$map@HV?$basic_string@DU?$char_traits@D@std@@V?$allocator@D@2@@std@@U?$less@H@2@V?$allocator@V?$basic_string@DU?$char_traits@D@std@@V?$allocator@D@2@@std@@@2@@std@@QAE@XZ 004224f0 f i database:database.obj
 0001:000215f0       ?begin@?$_Tree@HU?$pair@$$CBHV?$basic_string@DU?$char_traits@D@std@@V?$allocator@D@2@@std@@@std@@U_Kfn@?$map@HV?$basic_string@DU?$char_traits@D@std@@V?$allocator@D@2@@std@@U?$less@H@2@V?$allocator@V?$basic_string@DU?$char_traits@D@std@@V?$allocator@D@2@@std@@@2@@2@U?$less@H@2@V?$allocator@V?$basic_string@DU?$char_traits@D@std@@V?$allocator@D@2@@std@@@2@@std@@QAE?AViterator@12@XZ 004225f0 f i database:database.obj
 0001:000215f0       ?begin@?$_Tree@GU?$pair@$$CBGVserialError@@@std@@U_Kfn@?$multimap@GVserialError@@U?$less@G@std@@V?$allocator@VserialError@@@3@@2@U?$less@G@2@V?$allocator@VserialError@@@2@@std@@QAE?AViterator@12@XZ 004225f0 f i database:database.obj
 0001:000215f0       ?begin@?$_Tree@KU?$pair@$$CBKK@std@@U_Kfn@?$map@KKU?$less@K@std@@V?$allocator@K@2@@2@U?$less@K@2@V?$allocator@K@2@@std@@QAE?AViterator@12@XZ 004225f0 f i database:database.obj
 0001:000215f0       ?begin@?$_Tree@KU?$pair@$$CBKVsizedBuffer@@@std@@U_Kfn@?$map@KVsizedBuffer@@U?$less@K@std@@V?$allocator@VsizedBuffer@@@3@@2@U?$less@K@2@V?$allocator@VsizedBuffer@@@2@@std@@QAE?AViterator@12@XZ 004225f0 f i database:database.obj
 0001:000215f0       ?begin@?$_Tree@HU?$pair@$$CBHPAVdatabase@@@std@@U_Kfn@?$map@HPAVdatabase@@U?$less@H@std@@V?$allocator@PAVdatabase@@@3@@2@U?$less@H@2@V?$allocator@PAVdatabase@@@2@@std@@QAE?AViterator@12@XZ 004225f0 f i database:database.obj
 0001:000215f0       ?begin@?$_Tree@PAUHWND__@@U?$pair@QAUHWND__@@K@std@@U_Kfn@?$map@PAUHWND__@@KU?$less@PAUHWND__@@@std@@V?$allocator@K@3@@3@U?$less@PAUHWND__@@@3@V?$allocator@K@3@@std@@QAE?AViterator@12@XZ 004225f0 f i database:database.obj
 0001:000215f0       ?begin@?$_Tree@HHU_Kfn@?$set@HU?$less@H@std@@V?$allocator@H@2@@std@@U?$less@H@3@V?$allocator@H@3@@std@@QAE?AViterator@12@XZ 004225f0 f i database:database.obj
 0001:000215f0       ?begin@?$_Tree@HU?$pair@$$CBHVdeviceStatusOnHost@@@std@@U_Kfn@?$map@HVdeviceStatusOnHost@@U?$less@H@std@@V?$allocator@VdeviceStatusOnHost@@@3@@2@U?$less@H@2@V?$allocator@VdeviceStatusOnHost@@@2@@std@@QAE?AViterator@12@XZ 004225f0 f i database:database.obj
 0001:00021600       ?insert@?$_Tree@HU?$pair@$$CBHV?$basic_string@DU?$char_traits@D@std@@V?$allocator@D@2@@std@@@std@@U_Kfn@?$map@HV?$basic_string@DU?$char_traits@D@std@@V?$allocator@D@2@@std@@U?$less@H@2@V?$allocator@V?$basic_string@DU?$char_traits@D@std@@V?$allocator@D@2@@std@@@2@@2@U?$less@H@2@V?$allocator@V?$basic_string@DU?$char_traits@D@std@@V?$allocator@D@2@@std@@@2@@std@@QAE?AU?$pair@Viterator@?$_Tree@HU?$pair@$$CBHV?$basic_string@DU?$char_traits@D@std@@V?$allocator@D@2@@std@@@std@@U_Kfn@?$map@HV?$basic_string@DU?$char_traits@D@std@@V?$allocator@D@2@@std@@U?$less@H@2@V?$allocator@V?$basic_string@DU?$char_traits@D@std@@V?$allocator@D@2@@std@@@2@@2@U?$less@H@2@V?$allocator@V?$basic_string@DU?$char_traits@D@std@@V?$allocator@D@2@@std@@@2@@std@@_N@2@ABU?$pair@$$CBHV?$basic_string@DU?$char_traits@D@std@@V?$allocator@D@2@@std@@@2@@Z 00422600 f i database:database.obj
 0001:00021840       ?erase@?$_Tree@HU?$pair@$$CBHV?$basic_string@DU?$char_traits@D@std@@V?$allocator@D@2@@std@@@std@@U_Kfn@?$map@HV?$basic_string@DU?$char_traits@D@std@@V?$allocator@D@2@@std@@U?$less@H@2@V?$allocator@V?$basic_string@DU?$char_traits@D@std@@V?$allocator@D@2@@std@@@2@@2@U?$less@H@2@V?$allocator@V?$basic_string@DU?$char_traits@D@std@@V?$allocator@D@2@@std@@@2@@std@@QAE?AViterator@12@V312@0@Z 00422840 f i database:database.obj
 0001:00021920       ?_Inc@const_iterator@?$_Tree@HU?$pair@$$CBHV?$basic_string@DU?$char_traits@D@std@@V?$allocator@D@2@@std@@@std@@U_Kfn@?$map@HV?$basic_string@DU?$char_traits@D@std@@V?$allocator@D@2@@std@@U?$less@H@2@V?$allocator@V?$basic_string@DU?$char_traits@D@std@@V?$allocator@D@2@@std@@@2@@2@U?$less@H@2@V?$allocator@V?$basic_string@DU?$char_traits@D@std@@V?$allocator@D@2@@std@@@2@@std@@QAEXXZ 00422920 f i database:database.obj
 0001:00021970       ?erase@?$_Tree@HU?$pair@$$CBHV?$basic_string@DU?$char_traits@D@std@@V?$allocator@D@2@@std@@@std@@U_Kfn@?$map@HV?$basic_string@DU?$char_traits@D@std@@V?$allocator@D@2@@std@@U?$less@H@2@V?$allocator@V?$basic_string@DU?$char_traits@D@std@@V?$allocator@D@2@@std@@@2@@2@U?$less@H@2@V?$allocator@V?$basic_string@DU?$char_traits@D@std@@V?$allocator@D@2@@std@@@2@@std@@QAE?AViterator@12@V312@@Z 00422970 f i database:database.obj
 0001:00021da0       ?lower_bound@?$_Tree@HU?$pair@$$CBHV?$basic_string@DU?$char_traits@D@std@@V?$allocator@D@2@@std@@@std@@U_Kfn@?$map@HV?$basic_string@DU?$char_traits@D@std@@V?$allocator@D@2@@std@@U?$less@H@2@V?$allocator@V?$basic_string@DU?$char_traits@D@std@@V?$allocator@D@2@@std@@@2@@2@U?$less@H@2@V?$allocator@V?$basic_string@DU?$char_traits@D@std@@V?$allocator@D@2@@std@@@2@@std@@QAE?AViterator@12@ABH@Z 00422da0 f i database:database.obj
 0001:00021de0       ?equal_range@?$_Tree@HU?$pair@$$CBHV?$basic_string@DU?$char_traits@D@std@@V?$allocator@D@2@@std@@@std@@U_Kfn@?$map@HV?$basic_string@DU?$char_traits@D@std@@V?$allocator@D@2@@std@@U?$less@H@2@V?$allocator@V?$basic_string@DU?$char_traits@D@std@@V?$allocator@D@2@@std@@@2@@2@U?$less@H@2@V?$allocator@V?$basic_string@DU?$char_traits@D@std@@V?$allocator@D@2@@std@@@2@@std@@QAE?AU?$pair@Viterator@?$_Tree@HU?$pair@$$CBHV?$basic_string@DU?$char_traits@D@std@@V?$allocator@D@2@@std@@@std@@U_Kfn@?$map@HV?$basic_string@DU?$char_traits@D@std@@V?$allocator@D@2@@std@@U?$less@H@2@V?$allocator@V?$basic_string@DU?$char_traits@D@std@@V?$allocator@D@2@@std@@@2@@2@U?$less@H@2@V?$allocator@V?$basic_string@DU?$char_traits@D@std@@V?$allocator@D@2@@std@@@2@@std@@V123@@2@ABH@Z 00422de0 f i database:database.obj
 0001:00021e40       ?_Erase@?$_Tree@HU?$pair@$$CBHV?$basic_string@DU?$char_traits@D@std@@V?$allocator@D@2@@std@@@std@@U_Kfn@?$map@HV?$basic_string@DU?$char_traits@D@std@@V?$allocator@D@2@@std@@U?$less@H@2@V?$allocator@V?$basic_string@DU?$char_traits@D@std@@V?$allocator@D@2@@std@@@2@@2@U?$less@H@2@V?$allocator@V?$basic_string@DU?$char_traits@D@std@@V?$allocator@D@2@@std@@@2@@std@@IAEXPAU_Node@12@@Z 00422e40 f i database:database.obj
 0001:00021e90       ?_Insert@?$_Tree@HU?$pair@$$CBHV?$basic_string@DU?$char_traits@D@std@@V?$allocator@D@2@@std@@@std@@U_Kfn@?$map@HV?$basic_string@DU?$char_traits@D@std@@V?$allocator@D@2@@std@@U?$less@H@2@V?$allocator@V?$basic_string@DU?$char_traits@D@std@@V?$allocator@D@2@@std@@@2@@2@U?$less@H@2@V?$allocator@V?$basic_string@DU?$char_traits@D@std@@V?$allocator@D@2@@std@@@2@@std@@IAE?AViterator@12@PAU_Node@12@0ABU?$pair@$$CBHV?$basic_string@DU?$char_traits@D@std@@V?$allocator@D@2@@std@@@2@@Z 00422e90 f i database:database.obj
 0001:00022100       ?_Min@?$_Tree@HU?$pair@$$CBHV?$basic_string@DU?$char_traits@D@std@@V?$allocator@D@2@@std@@@std@@U_Kfn@?$map@HV?$basic_string@DU?$char_traits@D@std@@V?$allocator@D@2@@std@@U?$less@H@2@V?$allocator@V?$basic_string@DU?$char_traits@D@std@@V?$allocator@D@2@@std@@@2@@2@U?$less@H@2@V?$allocator@V?$basic_string@DU?$char_traits@D@std@@V?$allocator@D@2@@std@@@2@@std@@KAPAU_Node@12@PAU312@@Z 00423100 f i database:database.obj
 0001:00022120       ?_Lbound@?$_Tree@HU?$pair@$$CBHV?$basic_string@DU?$char_traits@D@std@@V?$allocator@D@2@@std@@@std@@U_Kfn@?$map@HV?$basic_string@DU?$char_traits@D@std@@V?$allocator@D@2@@std@@U?$less@H@2@V?$allocator@V?$basic_string@DU?$char_traits@D@std@@V?$allocator@D@2@@std@@@2@@2@U?$less@H@2@V?$allocator@V?$basic_string@DU?$char_traits@D@std@@V?$allocator@D@2@@std@@@2@@std@@IBEPAU_Node@12@ABH@Z 00423120 f i database:database.obj
 0001:00022150       ?_Lrotate@?$_Tree@HU?$pair@$$CBHV?$basic_string@DU?$char_traits@D@std@@V?$allocator@D@2@@std@@@std@@U_Kfn@?$map@HV?$basic_string@DU?$char_traits@D@std@@V?$allocator@D@2@@std@@U?$less@H@2@V?$allocator@V?$basic_string@DU?$char_traits@D@std@@V?$allocator@D@2@@std@@@2@@2@U?$less@H@2@V?$allocator@V?$basic_string@DU?$char_traits@D@std@@V?$allocator@D@2@@std@@@2@@std@@IAEXPAU_Node@12@@Z 00423150 f i database:database.obj
 0001:000221b0       ?_Rrotate@?$_Tree@HU?$pair@$$CBHV?$basic_string@DU?$char_traits@D@std@@V?$allocator@D@2@@std@@@std@@U_Kfn@?$map@HV?$basic_string@DU?$char_traits@D@std@@V?$allocator@D@2@@std@@U?$less@H@2@V?$allocator@V?$basic_string@DU?$char_traits@D@std@@V?$allocator@D@2@@std@@@2@@2@U?$less@H@2@V?$allocator@V?$basic_string@DU?$char_traits@D@std@@V?$allocator@D@2@@std@@@2@@std@@IAEXPAU_Node@12@@Z 004231b0 f i database:database.obj
 0001:00022210       ?_Buynode@?$_Tree@HU?$pair@$$CBHV?$basic_string@DU?$char_traits@D@std@@V?$allocator@D@2@@std@@@std@@U_Kfn@?$map@HV?$basic_string@DU?$char_traits@D@std@@V?$allocator@D@2@@std@@U?$less@H@2@V?$allocator@V?$basic_string@DU?$char_traits@D@std@@V?$allocator@D@2@@std@@@2@@2@U?$less@H@2@V?$allocator@V?$basic_string@DU?$char_traits@D@std@@V?$allocator@D@2@@std@@@2@@std@@IAEPAU_Node@12@PAU312@W4_Redbl@12@@Z 00423210 f i database:database.obj
 0001:00022210       ?_Buynode@?$_Tree@KU?$pair@$$CBKVsizedBuffer@@@std@@U_Kfn@?$map@KVsizedBuffer@@U?$less@K@std@@V?$allocator@VsizedBuffer@@@3@@2@U?$less@K@2@V?$allocator@VsizedBuffer@@@2@@std@@IAEPAU_Node@12@PAU312@W4_Redbl@12@@Z 00423210 f i database:database.obj
 0001:00022230       ?_Dec@const_iterator@?$_Tree@HU?$pair@$$CBHV?$basic_string@DU?$char_traits@D@std@@V?$allocator@D@2@@std@@@std@@U_Kfn@?$map@HV?$basic_string@DU?$char_traits@D@std@@V?$allocator@D@2@@std@@U?$less@H@2@V?$allocator@V?$basic_string@DU?$char_traits@D@std@@V?$allocator@D@2@@std@@@2@@2@U?$less@H@2@V?$allocator@V?$basic_string@DU?$char_traits@D@std@@V?$allocator@D@2@@std@@@2@@std@@QAEXXZ 00423230 f i database:database.obj
 0001:00022290       ?_Distance@std@@YAXViterator@?$_Tree@HU?$pair@$$CBHV?$basic_string@DU?$char_traits@D@std@@V?$allocator@D@2@@std@@@std@@U_Kfn@?$map@HV?$basic_string@DU?$char_traits@D@std@@V?$allocator@D@2@@std@@U?$less@H@2@V?$allocator@V?$basic_string@DU?$char_traits@D@std@@V?$allocator@D@2@@std@@@2@@2@U?$less@H@2@V?$allocator@V?$basic_string@DU?$char_traits@D@std@@V?$allocator@D@2@@std@@@2@@1@0AAI@Z 00423290 f i database:database.obj
 0001:000222f0       ?_Construct@std@@YAXPAU?$pair@$$CBHV?$basic_string@DU?$char_traits@D@std@@V?$allocator@D@2@@std@@@1@ABU21@@Z 004232f0 f i database:database.obj
 0001:00022470       ??_G?$pair@$$CBHV?$basic_string@DU?$char_traits@D@std@@V?$allocator@D@2@@std@@@std@@QAEPAXI@Z 00423470 f i database:database.obj
 0001:00022490       ?dgMsgQueueSize@@YAHXZ     00423490 f   bbcnb32:bbcnb32.dll
 0001:00022496       ?dgMsgQueueNextItem@@YA?AVsizedBuffer@@XZ 00423496 f   bbcnb32:bbcnb32.dll
 0001:0002249c       _NetCopyName@8             0042349c f   bbcnb32:bbcnb32.dll
 0001:000224a2       _NetDumpSessionStatus@8    004234a2 f   bbcnb32:bbcnb32.dll
 0001:000224a8       _NetNcbFree@4              004234a8 f   bbcnb32:bbcnb32.dll
 0001:000224ae       _NetRetCode@8              004234ae f   bbcnb32:bbcnb32.dll
 0001:000224b4       _NetCall@28                004234b4 f   bbcnb32:bbcnb32.dll
 0001:000224ba       _NetCmdCode@8              004234ba f   bbcnb32:bbcnb32.dll
 0001:000224c0       _NetCancel@8               004234c0 f   bbcnb32:bbcnb32.dll
 0001:000224c6       _NetReceive@20             004234c6 f   bbcnb32:bbcnb32.dll
 0001:000224cc       _NetSend@24                004234cc f   bbcnb32:bbcnb32.dll
 0001:000224d2       _NetHangUp@8               004234d2 f   bbcnb32:bbcnb32.dll
 0001:000224d8       _NetSessionStatus@20       004234d8 f   bbcnb32:bbcnb32.dll
 0001:000224de       _NetListen@28              004234de f   bbcnb32:bbcnb32.dll
 0001:000224e4       _NetAddGroupName@12        004234e4 f   bbcnb32:bbcnb32.dll
 0001:000224ea       _NetSetNameFilter@4        004234ea f   bbcnb32:bbcnb32.dll
 0001:000224f0       _NetAddName@12             004234f0 f   bbcnb32:bbcnb32.dll
 0001:000224f6       _NetDeleteName@12          004234f6 f   bbcnb32:bbcnb32.dll
 0001:000224fc       _NetReset@12               004234fc f   bbcnb32:bbcnb32.dll
 0001:00022502       _NetReceiveDG@20           00423502 f   bbcnb32:bbcnb32.dll
 0001:00022508       _NetSendDG@28              00423508 f   bbcnb32:bbcnb32.dll
 0001:0002250e       _HtmlHelpA@16              0042350e f   htmlhelp:init.obj
 0001:00022610       _BNCS32SendMessage         00423610 f   bncswm32:BncsWM32.obj
 0001:00022700       _BNCS32ReceiveMessage      00423700 f   bncswm32:BncsWM32.obj
 0001:00022810       ??3@YAXPAX@Z               00423810 f   MSVCRT:MSVCRT.dll
 0001:00022816       ??2@YAPAXI@Z               00423816 f   MSVCRT:MSVCRT.dll
 0001:0002281c       ___CxxFrameHandler         0042381c f   MSVCRT:MSVCRT.dll
 0001:00022830       __onexit                   00423830 f   MSVCRT:atonexit.obj
 0001:0002285c       _atexit                    0042385c f   MSVCRT:atonexit.obj
 0001:00022870       __alloca_probe             00423870 f   MSVCRT:chkstk.obj
 0001:00022870       __chkstk                   00423870 f   MSVCRT:chkstk.obj
 0001:0002289f       ??_Etype_info@@UAEPAXI@Z   0042389f f i MSVCRT:ti_inst.obj
 0001:0002289f       ??_Gtype_info@@UAEPAXI@Z   0042389f f i MSVCRT:ti_inst.obj
 0001:000228bc       __CxxThrowException@8      004238bc f   MSVCRT:MSVCRT.dll
 0001:000228c2       _WinMainCRTStartup         004238c2 f   MSVCRT:crtexew.obj
 0001:00022a20       ___dllonexit               00423a20 f   MSVCRT:MSVCRT.dll
 0001:00022a26       ??1type_info@@UAE@XZ       00423a26 f   MSVCRT:MSVCRT.dll
 0001:00022a2c       __XcptFilter               00423a2c f   MSVCRT:MSVCRT.dll
 0001:00022a32       __initterm                 00423a32 f   MSVCRT:MSVCRT.dll
 0001:00022a38       __setdefaultprecision      00423a38 f   MSVCRT:fp8.obj
 0001:00022a4a       __matherr                  00423a4a f   MSVCRT:merr.obj
 0001:00022a4d       __setargv                  00423a4d f   MSVCRT:dllargv.obj
 0001:00022a4e       __except_handler3          00423a4e f   MSVCRT:MSVCRT.dll
 0001:00022a54       __controlfp                00423a54 f   MSVCRT:MSVCRT.dll
 0001:00022a5a       ??Hstd@@YA?AV?$basic_string@DU?$char_traits@D@std@@V?$allocator@D@2@@0@ABV10@0@Z 00423a5a f   msvcprt:MSVCP60.dll
 0001:00022a60       ??Hstd@@YA?AV?$basic_string@DU?$char_traits@D@std@@V?$allocator@D@2@@0@ABV10@PBD@Z 00423a60 f   msvcprt:MSVCP60.dll
 0002:00000000       ??_7bncs_disklog@@6B@      00424000     bncs_disklog.obj
 0002:00000004       ??_7ccCheck@@6B@           00424004     ccCheck.obj
 0002:00000008       ??_7deviceStatus@@6B@      00424008     deviceStatus.obj
 0002:0000000c       ??_7externalsListDialog@@6B@ 0042400c     externalsListDialog.obj
 0002:00000010       ??_7CGetArguments@@6B@     00424010     GetArguments.obj
 0002:00000014       ??_7pktRecoveryDialog@@6B@ 00424014     pktRecoveryDialog.obj
 0002:00000018       ??_7sizedBuffer@@6B@       00424018     sizedBuffer.obj
 0002:0000001c       ??_7supersededMemory@@6B@  0042401c     supersededMemory.obj
 0002:00000020       ??_7workstationStatus@@6B@ 00424020     workstationStatus.obj
 0002:00000024       ??_7databaseMgr@@6B@       00424024     database:databaseMgr.obj
 0002:00000028       ??_7database@@6B@          00424028     database:database.obj
 0002:00000080       ??_7type_info@@6B@         00424080     MSVCRT:ti_inst.obj
 0002:00000098       ??_R1A@?0A@A@type_info@@8  00424098     MSVCRT:ti_inst.obj
 0002:000000b0       ??_R2type_info@@8          004240b0     MSVCRT:ti_inst.obj
 0002:000000b8       ??_R3type_info@@8          004240b8     MSVCRT:ti_inst.obj
 0002:000000c8       ??_R4type_info@@6B@        004240c8     MSVCRT:ti_inst.obj
 0002:000004a8       __CT??_R0?AVstructured_exception@@@812 004244a8     except.obj
 0002:000004c8       __CTA1?AVstructured_exception@@ 004244c8     except.obj
 0002:000004d0       __TI1?AVstructured_exception@@ 004244d0     except.obj
 0003:00000000       ___xc_a                    00425000     MSVCRT:cinitexe.obj
 0003:00000050       ___xc_z                    00425050     MSVCRT:cinitexe.obj
 0003:00000054       ___xi_a                    00425054     MSVCRT:cinitexe.obj
 0003:00000058       ___xi_z                    00425058     MSVCRT:cinitexe.obj
 0003:00000060       ??_C@_01BJG@?6?$AA@        00425060     bncs_disklog.obj
 0003:00000064       ??_C@_0CE@MPPH@bncs_disklog?3?5Can?8t?5open?5log?5fil@ 00425064     bncs_disklog.obj
 0003:00000088       ??_C@_0N@MKOM@?$CFs?2?$CFs?2?$CFs?4log?$AA@ 00425088     bncs_disklog.obj
 0003:00000098       ??_C@_0BH@JOFC@?$CFs?2?$CFs?2?$CF04d?$CF02d?$CF02d?4log?$AA@ 00425098     bncs_disklog.obj
 0003:000000b0       ??_C@_0BM@GACA@?$CFs?2?$CFs?2?$CF04d?$CF02d?$CF02d?9?$CF02d?4log?$AA@ 004250b0     bncs_disklog.obj
 0003:000000cc       ??_C@_0BG@KLKP@localtime?5has?5failed?6?$AA@ 004250cc     bncs_disklog.obj
 0003:000000e4       ??_C@_0M@OFHL@c?3?2bncslogs?$AA@ 004250e4     bncs_disklog.obj
 0003:000000f0       ??_C@_0L@PKIN@?$CFs?2?$CFs?2logs?$AA@ 004250f0     bncs_disklog.obj
 0003:000000fc       ??_C@_09EFEJ@CC_SYSTEM?$AA@ 004250fc     bncs_disklog.obj
 0003:00000108       ??_C@_07FCNI@CC_ROOT?$AA@  00425108     bncs_disklog.obj
 0003:00000110       ??_C@_02PIMC@?$AN?6?$AA@   00425110     bncs_disklog.obj
 0003:00000114       ??_C@_02GIEM@?0?5?$AA@     00425114     bncs_disklog.obj
 0003:00000118       ??_C@_0BP@LJGD@?$CF02d?1?$CF02d?1?$CF04d?5?$CF02d?3?$CF02d?3?$CF02d?5?$AA@ 00425118     bncs_disklog.obj
 0003:00000138       ??_C@_01PCFE@?2?$AA@       00425138     bncs_disklog.obj
 0003:0000013c       ??_C@_01FCCL@?$CF?$AA@     0042513c     bncs_gcd.obj
 0003:00000140       ??_C@_06OELI@Config?$AA@   00425140     bncs_gcd.obj
 0003:00000148       ??_C@_0L@HICP@ConfigPath?$AA@ 00425148     bncs_gcd.obj
 0003:00000154       ??_C@_04MHIC@NONE?$AA@     00425154     bncs_gcd.obj
 0003:0000015c       ??_C@_0BD@MFJP@c?3?2bncs_config?4ini?$AA@ 0042515c     bncs_gcd.obj
 0003:00000170       ??_C@_0BE@OKN@?$CFs?2?$CFs?2config?2system?$AA@ 00425170     bncs_gcd.obj
 0003:00000184       ??_C@_0L@IIKA@SystemPath?$AA@ 00425184     bncs_gcd.obj
 0003:00000190       ??_C@_0BC@HEF@?$CFs?2?$CFs?2windows?2lib?$AA@ 00425190     bncs_gcd.obj
 0003:000001a4       ??_C@_0CL@IAMJ@Device?5Number?5of?5out?5range?5?$CI?$DO?5MA@ 004251a4     ccCheck.obj
 0003:000001d0       ??_C@_0CJ@IHGM@Device?5Number?5of?5out?5range?5?$CIless@ 004251d0     ccCheck.obj
 0003:000001fc       ??_C@_0CI@KKGG@Index?5Number?5of?5out?5range?5?$CI?$DO?5MAX@ 004251fc     ccCheck.obj
 0003:00000224       ??_C@_0CI@DGHK@Index?5Number?5of?5out?5range?5?$CIless?5@ 00425224     ccCheck.obj
 0003:0000024c       ??_C@_0BK@DBMP@Invalid?5range?5?$CIstart?$DOend?$CJ?$AA@ 0042524c     ccCheck.obj
 0003:00000268       ??_C@_02HFBK@?3?5?$AA@     00425268     ccCheck.obj
 0003:0000026c       ??_C@_05DGMO@ABOUT?$AA@    0042526c     Csabout.obj
 0003:00000274       ??_C@_07DAJE@?$CFs?5?9?5?$CFs?$AA@ 00425274     Csabout.obj
 0003:0000027c       ??_C@_0M@OFFK@Mar?5?57?52016?$AA@ 0042527c     Csabout.obj
 0003:00000288       ??_C@_08INBB@22?315?337?$AA@ 00425288     Csabout.obj
 0003:00000294       ??_C@_0EA@GBA@Version?5?$CFs?5?9?5?$CIc?$CJBBC?51993?92004?0?5S@ 00425294     Csabout.obj
 0003:000002d4       ??_C@_08CBDB@1?42?460?40?$AA@ 004252d4     Csabout.obj
 0003:000002e0       ??_C@_0CD@DOEM@Cache?5test?5for?5driver?5?$CFd?5yields?5@ 004252e0     Cscache.obj
 0003:00000304       ??_C@_0CN@DOOH@Cache?5test?5for?5driver?5?$CFd?5value?5o@ 00425304     Cscache.obj
 0003:00000334       ??_C@_0DC@FDAJ@Cache?5test?5for?5driver?5?$CFd?5?9?5handl@ 00425334     Cscache.obj
 0003:00000368       ??_C@_0CN@NGDK@Cache?5test?5for?5driver?5?$CFd?5?9?5can?8t@ 00425368     Cscache.obj
 0003:00000398       ??_C@_0CC@PDFM@Cache?5test?5for?5driver?5?$CFd?4?4?4?4?4?4?4?4@ 00425398     Cscache.obj
 0003:000003bc       ??_C@_05OKNK@CSI32?$AA@    004253bc     Cscache.obj
 0003:000003c4       ??_C@_0CK@MCCO@CSCache_Clear?3?5Device?5number?5inv@ 004253c4     Cscache.obj
 0003:000003f0       ??_C@_0BF@IICE@CSCache_PostedPoll?$CI?$CJ?$AA@ 004253f0     Cscache.obj
 0003:00000408       ??_C@_0BH@BADD@RR?5?$CF03d?5?$CF03d?5?$CF03d?5?8?$CFs?8?$AA@ 00425408     Cscache.obj
 0003:00000420       ??_C@_0EE@KJO@CSI32?3?5CSCache_PostedRTRPoll?3?5in@ 00425420     Cscache.obj
 0003:00000464       ??_C@_0BH@CBK@GR?5?$CF03d?5?$CF03d?5?$CF03d?5?8?$CFd?8?$AA@ 00425464     Cscache.obj
 0003:0000047c       ??_C@_0EE@BNNM@CSI32?3?5CSCache_PostedGPIPoll?3?5in@ 0042547c     Cscache.obj
 0003:000004c0       ??_C@_0BH@CAF@IR?5?$CF03d?5?$CF03d?5?$CF03d?5?8?$CFs?8?$AA@ 004254c0     Cscache.obj
 0003:000004d8       ??_C@_01FCOA@?5?$AA@       004254d8     Cscache.obj
 0003:000004dc       ??_C@_0CD@EGMJ@CSCache_InfoRead?3?5cache?5SEEK?5err@ 004254dc     Cscache.obj
 0003:00000500       ??_C@_0CD@FEPE@CSCache_InfoRead?3?5cache?5READ?5err@ 00425500     Cscache.obj
 0003:00000524       ??_C@_05JEJP@?9?5?9?5?9?$AA@ 00425524     Cscache.obj
 0003:0000052c       ??_C@_0BP@BFPD@Unable?5to?5open?5cache?5file?5?8?$CFs?8?$AA@ 0042552c     Cscache.obj
 0003:0000054c       ??_C@_0BA@KOEM@?$CFs?2CSI_?$CF03d?4ICF?$AA@ 0042554c     Cscache.obj
 0003:0000055c       ??_C@_0N@NEBL@?$CFs?2CSI_?$CK?4ICF?$AA@ 0042555c     Cscache.obj
 0003:0000056c       ??_C@_01PLJA@0?$AA@        0042556c     Cscache.obj
 0003:00000570       ??_C@_07DECN@Expires?$AA@  00425570     Cscache.obj
 0003:00000578       ??_C@_0L@HHNP@MaxDevices?$AA@ 00425578     Cscache.obj
 0003:00000584       ??_C@_0L@MELM@MaxDrivers?$AA@ 00425584     Cscache.obj
 0003:00000590       ??_C@_07JLDD@MaxUser?$AA@  00425590     Cscache.obj
 0003:00000598       ??_C@_07PELI@MinUser?$AA@  00425598     Cscache.obj
 0003:000005a0       ??_C@_04JJBJ@User?$AA@     004255a0     Cscache.obj
 0003:000005a8       ??_C@_08BJPE@UserName?$AA@ 004255a8     Cscache.obj
 0003:000005b4       ??_C@_02HNAB@?91?$AA@      004255b4     Cscache.obj
 0003:000005b8       ??_C@_01LLF@w?$AA@         004255b8     Cscache.obj
 0003:000005bc       ??_C@_04OBKB@?$CF02x?$AA@  004255bc     Cscache.obj
 0003:000005c4       ??_C@_0DB@GLHJ@f0edf4aeb7b0b5b4b4e6f4e3dcf0ede5@ 004255c4     Cscache.obj
 0003:000005f8       ??_C@_01LHO@r?$AA@         004255f8     Cscache.obj
 0003:000005fc       ??_C@_0BC@CDFE@Key?5file?5path?5is?5?$AA@ 004255fc     Cscache.obj
 0003:00000610       ??_C@_04DCMN@?$CFs?$CFs?$AA@ 00425610     Cscache.obj
 0003:00000618       ??_C@_0N@FIEF@bncs_key?4dat?$AA@ 00425618     Cscache.obj
 0003:00000628       ??_C@_0M@ILKE@c?3?2csi_temp?$AA@ 00425628     Cscache.obj
 0003:00000634       ??_C@_0N@KLAA@NA?5?$CF03d?5?$CF03d?$AA@ 00425634     Cscmd.obj
 0003:00000644       ??_C@_0CC@BGBL@CSI32?5V?$CFs?5?$CIWS?$CF02d?$CJ?5?9?5?$CB?5Disabled?5@ 00425644     Cscmd.obj
 0003:00000668       ??_C@_07HKHC@Network?$AA@  00425668     Cscmd.obj
 0003:00000670       ??_C@_09MCLL@CSIEnable?$AA@ 00425670     Cscmd.obj
 0003:0000067c       ??_C@_07NJLA@CSI?4INI?$AA@ 0042567c     Cscmd.obj
 0003:00000684       ??_C@_05GGPB@?$CFs?5?$CFd?$AA@ 00425684     Cscmd.obj
 0003:0000068c       ??_C@_0BD@DNMA@CSI32?5V?$CFs?5?$CIWS?$CF02d?$CJ?$AA@ 0042568c     Cscmd.obj
 0003:000006a0       ??_C@_01FBAH@1?$AA@        004256a0     Cscmd.obj
 0003:000006a4       ??_C@_0BC@FIBM@NO?5?$CF03d?5?$CF03d?5?$CF03d?$AA@ 004256a4     Cscmd.obj
[...]
 0004:000005e0       __imp__sprintf             008295e0     MSVCRT:MSVCRT.dll
 0004:000005e4       __imp__time                008295e4     MSVCRT:MSVCRT.dll
 0004:000005e8       __imp__localtime           008295e8     MSVCRT:MSVCRT.dll
 0004:000005ec       __imp_??3@YAXPAX@Z         008295ec     MSVCRT:MSVCRT.dll
 0004:000005f0       __imp___except_handler3    008295f0     MSVCRT:MSVCRT.dll
 0004:000005f4       __imp____set_app_type      008295f4     MSVCRT:MSVCRT.dll
 0004:000005f8       __imp____p__fmode          008295f8     MSVCRT:MSVCRT.dll
 0004:000005fc       __imp__vsprintf            008295fc     MSVCRT:MSVCRT.dll
 0004:00000600       __imp____p__commode        00829600     MSVCRT:MSVCRT.dll
 0004:00000604       \177MSVCRT_NULL_THUNK_DATA 00829604     MSVCRT:MSVCRT.dll
 0004:00000608       __imp__ShellExecuteA@24    00829608     shell32:SHELL32.dll
 0004:0000060c       \177SHELL32_NULL_THUNK_DATA 0082960c     shell32:SHELL32.dll
 0004:00000610       __imp__SetDlgItemInt@16    00829610     user32:USER32.dll
 0004:00000614       __imp__wsprintfA           00829614     user32:USER32.dll
 0004:00000618       __imp__GetWindowThreadProcessId@8 00829618     user32:USER32.dll
 0004:0000061c       __imp__GetWindowLongA@8    0082961c     user32:USER32.dll
 0004:00000620       __imp__EnumChildWindows@12 00829620     user32:USER32.dll
 0004:00000624       __imp__LoadStringA@16      00829624     user32:USER32.dll
 0004:00000628       __imp__GetWindow@8         00829628     user32:USER32.dll
 0004:0000062c       __imp__GetDesktopWindow@0  0082962c     user32:USER32.dll
 0004:00000630       __imp__GetWindowRect@8     00829630     user32:USER32.dll
 0004:00000634       __imp__GetClassNameA@12    00829634     user32:USER32.dll
 0004:00000638       __imp__SetWindowPos@28     00829638     user32:USER32.dll
 0004:0000063c       __imp__GetDlgItem@8        0082963c     user32:USER32.dll
 0004:00000640       __imp__EnableWindow@8      00829640     user32:USER32.dll
 0004:00000644       __imp__FindWindowA@8       00829644     user32:USER32.dll
 0004:00000648       __imp__GetMenu@4           00829648     user32:USER32.dll
 0004:0000064c       __imp__MessageBoxA@16      0082964c     user32:USER32.dll
 0004:00000650       __imp__ShowWindow@8        00829650     user32:USER32.dll
 0004:00000654       __imp__CheckMenuItem@12    00829654     user32:USER32.dll
 0004:00000658       __imp__PostQuitMessage@4   00829658     user32:USER32.dll
 0004:0000065c       __imp__SendMessageTimeoutA@28 0082965c     user32:USER32.dll
 0004:00000660       __imp__KillTimer@8         00829660     user32:USER32.dll
 0004:00000664       __imp__MessageBeep@4       00829664     user32:USER32.dll
 0004:00000668       __imp__DefWindowProcA@16   00829668     user32:USER32.dll
 0004:0000066c       __imp__GetSystemMetrics@4  0082966c     user32:USER32.dll
 0004:00000670       __imp__CreateWindowExA@48  00829670     user32:USER32.dll
 0004:00000674       __imp__LoadIconA@8         00829674     user32:USER32.dll
 0004:00000678       __imp__LoadCursorA@8       00829678     user32:USER32.dll
 0004:0000067c       __imp__RegisterClassA@4    0082967c     user32:USER32.dll
 0004:00000680       __imp__SetMessageQueue@4   00829680     user32:USER32.dll
 0004:00000684       __imp__GetMessageA@16      00829684     user32:USER32.dll
 0004:00000688       __imp__TranslateMessage@4  00829688     user32:USER32.dll
 0004:0000068c       __imp__DispatchMessageA@4  0082968c     user32:USER32.dll
 0004:00000690       __imp__IsIconic@4          00829690     user32:USER32.dll
 0004:00000694       __imp__CreateDialogParamA@20 00829694     user32:USER32.dll
 0004:00000698       __imp__DestroyWindow@4     00829698     user32:USER32.dll
 0004:0000069c       __imp__IsWindow@4          0082969c     user32:USER32.dll
 0004:000006a0       __imp__ExitWindowsEx@8     008296a0     user32:USER32.dll
 0004:000006a4       __imp__SetTimer@16         008296a4     user32:USER32.dll
 0004:000006a8       __imp__SetWindowTextA@8    008296a8     user32:USER32.dll
 0004:000006ac       __imp__SendMessageA@16     008296ac     user32:USER32.dll
 0004:000006b0       __imp__PeekMessageA@20     008296b0     user32:USER32.dll
 0004:000006b4       __imp__PostMessageA@16     008296b4     user32:USER32.dll
 0004:000006b8       __imp__EndDialog@8         008296b8     user32:USER32.dll
 0004:000006bc       __imp__SetDlgItemTextA@12  008296bc     user32:USER32.dll
 0004:000006c0       __imp__DialogBoxParamA@20  008296c0     user32:USER32.dll
 0004:000006c4       __imp__UpdateWindow@4      008296c4     user32:USER32.dll
 0004:000006c8       \177USER32_NULL_THUNK_DATA 008296c8     user32:USER32.dll
 0004:000006cc       __imp__htons@4             008296cc     ws2_32:WS2_32.dll
 0004:000006d0       __imp__htonl@4             008296d0     ws2_32:WS2_32.dll
 0004:000006d4       __imp__ntohs@4             008296d4     ws2_32:WS2_32.dll
 0004:000006d8       __imp__ntohl@4             008296d8     ws2_32:WS2_32.dll
 0004:000006dc       \177WS2_32_NULL_THUNK_DATA 008296dc     ws2_32:WS2_32.dll
 0004:000006e0       __imp_?dgMsgQueueNextItem@@YA?AVsizedBuffer@@XZ 008296e0     bbcnb32:bbcnb32.dll
 0004:000006e4       __imp__NetCopyName@8       008296e4     bbcnb32:bbcnb32.dll
 0004:000006e8       __imp__NetSendDG@28        008296e8     bbcnb32:bbcnb32.dll
 0004:000006ec       __imp__NetReceiveDG@20     008296ec     bbcnb32:bbcnb32.dll
 0004:000006f0       __imp__NetReset@12         008296f0     bbcnb32:bbcnb32.dll
 0004:000006f4       __imp__NetDeleteName@12    008296f4     bbcnb32:bbcnb32.dll
 0004:000006f8       __imp__NetAddName@12       008296f8     bbcnb32:bbcnb32.dll
 0004:000006fc       __imp__NetSetNameFilter@4  008296fc     bbcnb32:bbcnb32.dll
 0004:00000700       __imp__NetAddGroupName@12  00829700     bbcnb32:bbcnb32.dll
 0004:00000704       __imp__NetListen@28        00829704     bbcnb32:bbcnb32.dll
 0004:00000708       __imp__NetSessionStatus@20 00829708     bbcnb32:bbcnb32.dll
 0004:0000070c       __imp__NetHangUp@8         0082970c     bbcnb32:bbcnb32.dll
 0004:00000710       __imp__NetSend@24          00829710     bbcnb32:bbcnb32.dll
 0004:00000714       __imp__NetReceive@20       00829714     bbcnb32:bbcnb32.dll
 0004:00000718       __imp__NetCancel@8         00829718     bbcnb32:bbcnb32.dll
 0004:0000071c       __imp__NetCmdCode@8        0082971c     bbcnb32:bbcnb32.dll
 0004:00000720       __imp__NetCall@28          00829720     bbcnb32:bbcnb32.dll
 0004:00000724       __imp__NetRetCode@8        00829724     bbcnb32:bbcnb32.dll
 0004:00000728       __imp__NetNcbFree@4        00829728     bbcnb32:bbcnb32.dll
 0004:0000072c       __imp__NetDumpSessionStatus@8 0082972c     bbcnb32:bbcnb32.dll
 0004:00000730       __imp_?dgMsgQueueSize@@YAHXZ 00829730     bbcnb32:bbcnb32.dll
 0004:00000734       \177bbcnb32_NULL_THUNK_DATA 00829734     bbcnb32:bbcnb32.dll
 0004:00000738       __imp__setCsiHwnd          00829738     handleShare:handleShare.dll
 0004:0000073c       \177handleShare_NULL_THUNK_DATA 0082973c     handleShare:handleShare.dll

 entry point at        0001:000228c2

 Static symbols

 0001:0001aea0       _$E25                      0041bea0 f   except.obj
 0001:0001aeb0       _$E22                      0041beb0 f   except.obj
 0001:0001aec0       _$E24                      0041bec0 f   except.obj
 0001:0001aed0       _$E23                      0041bed0 f   except.obj
 0001:0001aee0       _$E31                      0041bee0 f   except.obj
 0001:0001aef0       _$E28                      0041bef0 f   except.obj
 0001:0001af00       _$E30                      0041bf00 f   except.obj
 0001:0001af10       _$E29                      0041bf10 f   except.obj
 0001:0001af60       ?my_translator@@YAXIPAU_EXCEPTION_POINTERS@@@Z 0041bf60 f   except.obj
 0001:0000a220       _$E13                      0040b220 f   Csimain.obj
 0001:0000a230       _$E10                      0040b230 f   Csimain.obj
 0001:0000a260       _$E12                      0040b260 f   Csimain.obj
 0001:0000a270       _$E11                      0040b270 f   Csimain.obj
 0001:0000a2d0       _$E18                      0040b2d0 f   Csimain.obj
 0001:0000a2e0       _$E15                      0040b2e0 f   Csimain.obj
 0001:0000a310       _$E17                      0040b310 f   Csimain.obj
 0001:0000a320       _$E16                      0040b320 f   Csimain.obj
 0001:0000a380       _$E23                      0040b380 f   Csimain.obj
 0001:0000a390       _$E20                      0040b390 f   Csimain.obj
 0001:0000a3c0       _$E22                      0040b3c0 f   Csimain.obj
 0001:0000a3d0       _$E21                      0040b3d0 f   Csimain.obj
 0001:0000a430       _$E28                      0040b430 f   Csimain.obj
 0001:0000a440       _$E25                      0040b440 f   Csimain.obj
 0001:0000a470       _$E27                      0040b470 f   Csimain.obj
 0001:0000a480       _$E26                      0040b480 f   Csimain.obj
 0001:0000a4e0       _$E35                      0040b4e0 f   Csimain.obj
 0001:0000a4f0       _$E32                      0040b4f0 f   Csimain.obj
 0001:0000a510       _$E34                      0040b510 f   Csimain.obj
 0001:0000a520       _$E33                      0040b520 f   Csimain.obj
 0001:0000a630       _$E42                      0040b630 f   Csimain.obj
 0001:0000a640       _$E39                      0040b640 f   Csimain.obj
 0001:0000a660       _$E41                      0040b660 f   Csimain.obj
 0001:0000a670       _$E40                      0040b670 f   Csimain.obj
 0001:0000a780       _$E47                      0040b780 f   Csimain.obj
 0001:0000a790       _$E44                      0040b790 f   Csimain.obj
 0001:0000a7b0       _$E46                      0040b7b0 f   Csimain.obj
 0001:0000a7c0       _$E45                      0040b7c0 f   Csimain.obj
 0001:0000a7d0       _$E52                      0040b7d0 f   Csimain.obj
 0001:0000a7e0       _$E49                      0040b7e0 f   Csimain.obj
 0001:0000a800       _$E51                      0040b800 f   Csimain.obj
 0001:0000a810       _$E50                      0040b810 f   Csimain.obj
 0001:0000a820       _$E57                      0040b820 f   Csimain.obj
 0001:0000a830       _$E54                      0040b830 f   Csimain.obj
 0001:0000a860       _$E56                      0040b860 f   Csimain.obj
 0001:0000a870       _$E55                      0040b870 f   Csimain.obj
 0001:0000a8e0       _$E64                      0040b8e0 f   Csimain.obj
 0001:0000a8f0       _$E61                      0040b8f0 f   Csimain.obj
 0001:0000a910       _$E63                      0040b910 f   Csimain.obj
 0001:0000a920       _$E62                      0040b920 f   Csimain.obj
 0001:0000a930       _$E69                      0040b930 f   Csimain.obj
 0001:0000a940       _$E66                      0040b940 f   Csimain.obj
 0001:0000a960       _$E68                      0040b960 f   Csimain.obj
 0001:0000a970       _$E67                      0040b970 f   Csimain.obj
 0001:0000a980       _$E74                      0040b980 f   Csimain.obj
 0001:0000a990       _$E71                      0040b990 f   Csimain.obj
 0001:0000a9a0       _$E73                      0040b9a0 f   Csimain.obj
 0001:0000a9b0       _$E72                      0040b9b0 f   Csimain.obj
 0001:0000a9c0       _$E79                      0040b9c0 f   Csimain.obj
 0001:0000a9d0       _$E76                      0040b9d0 f   Csimain.obj
 0001:0000a9e0       _$E78                      0040b9e0 f   Csimain.obj
 0001:0000a9f0       _$E77                      0040b9f0 f   Csimain.obj
 0001:0000aa00       _$E84                      0040ba00 f   Csimain.obj
 0001:0000aa10       _$E81                      0040ba10 f   Csimain.obj
 0001:0000aa30       _$E83                      0040ba30 f   Csimain.obj
 0001:0000aa40       _$E82                      0040ba40 f   Csimain.obj
 0001:0000ab00       _$E112                     0040bb00 f   Csimain.obj
 0001:0000ab10       _$E109                     0040bb10 f   Csimain.obj
 0001:0000ab20       _$E111                     0040bb20 f   Csimain.obj
 0001:0000ab30       _$E110                     0040bb30 f   Csimain.obj
 0001:0000ab40       _$E118                     0040bb40 f   Csimain.obj
 0001:0000ab50       _$E115                     0040bb50 f   Csimain.obj
 0001:0000ab60       _$E117                     0040bb60 f   Csimain.obj
 0001:0000ab70       _$E116                     0040bb70 f   Csimain.obj
 0001:000011d0       _$E8                       004021d0 f   closedDriversList.obj
 0001:000011e0       _$E4                       004021e0 f   closedDriversList.obj
 0001:00001200       _$E7                       00402200 f   closedDriversList.obj
 0001:00001210       _$E5                       00402210 f   closedDriversList.obj
 0001:000225a7       ?GetRegisteredLocation@@YGHPAD@Z 004235a7 f   htmlhelp:init.obj

FIXUPS: 239f2 1b fffffe96 d ffffffa4 d ffffd142 4a 38 1b 23 5a 38 1b 23
FIXUPS: 20b9a 1f b7 21 31 21 48 1d 1c 40 3c9 ce 8 26 2f 229a 228 5d 28c
FIXUPS: 2392d 19 f 33 ffffcab8 3a 8 2e 11 d 11 42 38f6 a ffffc75b 19 4e
FIXUPS: 20638 8 3c d 44 38 1b 19 54 38 1b 1f ad 28 3561 c ffffcaec 38 1b
FIXUPS: 22885 51 2b 83 3e4 12 e1 a 6 2e 2f 34b cd6 e fffff57d d ffffcd23
FIXUPS: 201b1 47 57 10 2d 3b6b a ffffc4e5 8 2e 11 d 11 42 1a 1f23 a6 1b50
FIXUPS: 23ec8 a ffffe502 d 3b 31 2c d 12 43 4b b 6 2e 11 d 11 42 74 1f
FIXUPS: 22720 21 31 21 48 1d 1c 61 a fffdec12 1d4 17 d4 6 fffff8ae 20644
FIXUPS: 2169f 10 61 2747 16 ffffd913 3d0 22 31 3c 22b4 b a ffffddd8 3a
FIXUPS: 21d45 14a 19 b2 e2 43 59 1c 19 ff 187c fffde44b 86 24 21b2b fffde522
FIXUPS: 1fdc 87 24 21a38 fffde619 16 15 38 31 41 2193b fffddcde 3a 11e
FIXUPS: 1a1f f0 fffff62b 11 25 14 d 19 11 32 199 91 e85 11 d 11 42 4e 8
FIXUPS: 23a8 10 29 77 29 10 23 1f 1b 3f b2 57 10 3e 3c9 ae 8 26 2f fffff11c
FIXUPS: 1c81 35 bd 86 24 296d 3a 57 7a 70 34 218 20 32 2f 2c 2c 9d 3b 45
FIXUPS: 4d9e 1a a0 37 70 2a 37 80 1eb79 e fffde66a 5 1b 15 24 3c 8 1b6b
FIXUPS: 3e1d 11 14 1fcd5 b 17 a fffe0321 9c 63 51 ae 43 4a 32 187 c 7a
FIXUPS: 4367 9f 1e 8a 1d 24 99 1e 19 96 68 4a 49 fffff051 32 24 20300 b
FIXUPS: 23b0c fffdfdf3 67 72 c 8e 56 4d 49 1d 17 d 80 2c 19 21 11 35 3e
FIXUPS: 3d31 11 d a 37 c c c fffff2d9 5 6 8 5d 84 9d 8b 1f 64 4c 3d d f
FIXUPS: 33f3 22 70 39 16 31 33 24 7e 2f 3d d f 22 23 70 42 16 4234 17 62
FIXUPS: 7a3b b7 21 31 21 48 1d 1c 74 1f b7 21 31 21 48 1d 1c 2f 36 2f 2fb
FIXUPS: 82f3 57 9a 1b865 e fffdf2e1 c e0 41cf 23 34 40 70 45 18 131 1a
FIXUPS: 23bd4 a fffe38fc 40 81 4c f 34 1f 24 70 3f 16 67 1e 1c43d d 11
FIXUPS: 23c23 e fffe3cd0 35 1c fffff16f 9 d 36 19 59 3d 20 1c f 15 1c 40
FIXUPS: 23b98 d b b a fffe30e7 41 5f f5 91 ce 9 d 56 9 c0 8 dd 29 fffff10e
FIXUPS: 62fd 56 1b e8 22 40 22 74 1ea 58 1b 3f 27 c 34 1d 12 46 3a 38 26
FIXUPS: 696a c c 10 b 2a 1d1ae b c fffe2ece ffffeda2 2d 1e 21 21 41 7d
FIXUPS: 59a9 32 b3 8 63 8 c4 37 30 7c 74 a1 65 b1 91 59 1e 5e 106 2f 1f
FIXUPS: 61a2 39 d6 2a 3f7e 54 74 ffffad01 17 28 20 30 6d 18 50 b1 1b 24
FIXUPS: 5288 2c 19 f9 1d 28 76 1d 13 14 13 71 94 63 c4 1d 58 66 3897 c6
FIXUPS: 91cd 7d 68 67 bb 34 2a 34 51 7b 62 100 43 17f 22 15 52 50 144 83
FIXUPS: 9ba1 fc 1aa 33 37 78 87 e4 7e c2 366 10 8e 26 147 12 108 78 5f
FIXUPS: a94a 6b ffffda9e 99 5 5 5 1e e e e 1a d2 cf e0 e0 107 9a 183 14b
FIXUPS: 8dae 13a bd 954f 3d0 c a3 10 52 8 51 2b 32 a 6 e0 a 6 99 d 13 d
FIXUPS: aad3 e 57d 19b 9 fffff19d 9a 29 31 19 1b 12 14 6f98 7f 8 19 1f
FIXUPS: 1166d 1e 1d ed 14 1a 4a 8 b 1b 3dd 159 9 60 2a 46 b 2a 90 57 10
FIXUPS: 11fc2 55 10 6d 3cb 6 ffffe815 4e 38 48 38 48 38 3b 26 4a 4b 31
FIXUPS: 10f58 31 31 31 31 31 31 1b 17 12c17 a fffed51b 4e 16 1b 6e 42 c3
FIXUPS: 11460 a ffffea2f 36 2c df 31 11 63 3e 7f 3c 9c 5a b3 1b 161 13a
FIXUPS: 10682 114 8 53 8 7e d 10c 129 1d 117 10 10 34 5 16 ffffd7cb 60
FIXUPS: e499 23 5 11 7 3f 5 32 5 20 13d 824 70b 74 81 4b 2f 19 1b8 2f 19
FIXUPS: fb20 5 2f 19 1aa 2f 19 e6 13 ffffe117 5 15 5d 5 7 e 75 a 21 26
FIXUPS: e0e5 30 5 5 5 3b d e 10 21 a 23 51 1d 77 27 51 15963 e c fffea70b
FIXUPS: d2bf 19 91 35 15 1d 8 32 29 a a dc 53 2f 1e 4a 26 78 24 3e a 4a
FIXUPS: d80a 41 26 78 24 1636a a fffea1d8 17 54 ffffef5b 15 a 8 23 1d 19
FIXUPS: cef4 41 56 e 35 35 17 1d 21 25 21 2e 25 21 23 1e 22 22 15 15 15
FIXUPS: d1ef 55 2d 2d fffff7d1 11 2b 9c a 6 17 1d 7 e 1e b 1f 7 6 27 19
FIXUPS: cc3f 6 19 5 20 2b a 8 25 3b 3f 6d 41 6 6 fffff604 14 31 1d 17 dc
FIXUPS: c58b 1c 62 9c e 26 17 7a 26 b9 3c d a 20 a a 3c 9 6 65 26 32 1a
FIXUPS: ca04 2f 25 fffff668 a 5 a a a 2e a a 1c a 5f f 13 6d 1e 2e 5 12
FIXUPS: c2b6 5 50 c 20 28 c 21 1b 22 2a 20 5 fffff78d 5 44 b 25 7f 4f 5
FIXUPS: bd21 e 8 8 1d 8 39 b 27 b 17e8c fffe823f 6b b9 23 3a 15 3f a a
FIXUPS: c098 a a a fffff830 1b 15 10 b 5 1b 15 10 b 5 10 10 10 b 5 10 10
FIXUPS: b9f6 b 5 16 1a 10 49 38 3a 5 20 1b 5 20 fffffab0 1b 5 1b 15 10
FIXUPS: b6b6 b 6 2e 11 d 11 42 1b 5 1b 15 10 b 5 1b 15 10 b 5 17 29 30
FIXUPS: b89c 21 24 fffff9b2 1f 1f 5 17 29 2d 1f 1f 5 17 29 2d 1f 1f 5 17
FIXUPS: b476 2d 1f 1f 5 1b 15 10 40 b 6 2e 11 d 11 8be3 27 6d 8 fab4 b
FIXUPS: 23d1d a ffff056d f9 2f 73 65 56 1f b7 21 31 21 48 1d 1c 35 2f 377
FIXUPS: 14ada f25f e fffe74da 5 17 29 8507 80 1d 9 8 19 36 25 32 148 99
FIXUPS: 13ac9 28 9d 1f eb 36 14e 46 a3 32 7b 13 10 79 b8 26 1b 1e 1c 11
FIXUPS: 141a3 ffffef54 1c 1c 1c 1c 1c 1c 1c 1c 4a 18 1f 68 27 2c 6 109cf
FIXUPS: 23cf4 fffef74f d 48 1a 18 3a 20 95 1d 8 78 97 1c 47 1842 31 5 5
FIXUPS: 1500a d 3f 8 20 12 39 23 8 1d 20 93 18 3e 5f 52 ffffdb36 2b 5 3b
FIXUPS: 12e7d af 12 19 6b 1b 98 43 2619 6 d 6 3b 16 fffff42b a a e3 72
FIXUPS: 14d3f bf c 54 10 a 24 c 5 3f 30 8 a f 5 a f 5 a f a 3bc 11 11 11
FIXUPS: 15383 23 24 44 9 1f 9 10 ab c 4e 6 b 33 36 31 9 7 5 6 b 13 31 6
FIXUPS: 15676 6 7 6 543 1c 8 1a 23 7 5 18 3f d5 5d 36 71 71 a1 13 5b 12
FIXUPS: 16070 b 15 12 5 ba f 20 24 5 22 23 25 49 468 22 17 15 fffff0b0
FIXUPS: 157fb e 16 20 42 23 b 5 58 25 5 3d 5 1c 11 8 4a 35 18 63 11 57
FIXUPS: 15b35 12 35 27 24 14f0 a 3b a fffff1f9 12 25 25 c 2f 33 1d 8 5
FIXUPS: 163f8 3e bb 41 17 2c 10 14 8 14 33 14 44 1b 2e 8 24 8 496 16 65
FIXUPS: 16bf3 8 58 e e e 17 20 2b 20 22 2e 20 22 56 17 16 67 25 8 77 20
FIXUPS: 16f61 52 4e a 44 f 2a 1d3 b b b 1a 14 b 11 1b fffff4b0 33 16 1a
FIXUPS: 16821 11 51 31 e e 33 16 44 9 1f 9 72 11 21 16 67 25 8 2b04 67
FIXUPS: 196a5 29 40 6d 32 47 71 20 21 d dc be 60 23 ffffd682 24 b 15 15
FIXUPS: 171bd 15 11 20 b b b b b b b 1c38 37 26 33 26 33 26 37 26 37 26
FIXUPS: 19088 26 60 26 31 26 31 26 35 8 5 2c 40 2d 3b 7f 31 86 6a 74 3b
FIXUPS: 187fc 35 39 17 23 39 2c 39 2c 39 30 39 30 3e 2c 39 55 42 47 41
FIXUPS: 18c2e 3e 2c 5b 26 39 26 38 26 33 26 33 fffff3b5 26 37 26 31 26
FIXUPS: 18325 26 31 26 31 26 31 26 31 26 3e 2c 2c 33 1a 23 44 30 38 2c
FIXUPS: 186bf 2e 38 30 39 35 fffff08c 38 30 3d 2c 38 30 38 2c 5c 26 5c
FIXUPS: 17d19 39 2c 39 30 39 30 39 2c 52 fd 17 23 28 60 23 40 30 35 26
FIXUPS: 1ac3a 15 72 29 15 72 ffffc64c 34 1d 3a 38 2e 33 26 38 2c 39 2c
FIXUPS: 17609 2c 3e 2d 39 2c 34 17 23 34 17 23 34 17 281c 13 1d a 78 57
FIXUPS: 1a185 62 1e 59 54 3c 13 15 3f 9f 32 3e 6 6a d8 6 124 40 34 8 8
FIXUPS: 1a8fd 86 5a 7b 4b 8f4 93 2b 15 22 24 22 3c 35 ef 52 3c9 fe 8 26
FIXUPS: 1bba8 fffff37e fffffee0 3a ffffeda4 4c 3a 70 a7 27 47 6 1a 11a
FIXUPS: 19f44 73 58 34b1 21 31 21 48 1d 1c 47 8 e6 2f 26b ffffe51e 5 20
FIXUPS: 1bee1 5 20 67 23 fffff22d 57 10 40 d 4c 8 2e 11 d 11 42 e14 44
FIXUPS: 1c1d8 5 1fb 56 8 37 d 59 33 50 2e 67 8 37 d e2 88 2d b3 187 8c
FIXUPS: 1cad1 94 3a 32d 5d 8b 3c9 6d 1f 6964 b b b b b b b a ffffaaad 32
FIXUPS: 1e8c1 1d 122 30 6d 533c e ffff9cbd 9 147 d ffffe3ce 57 10 4e d
FIXUPS: 1c113 8 2e 11 d 1f7f 22 14 10 94 4f 1c 6f 4c 5a 54 98 3e a0 c 31
FIXUPS: 1e562 1e 68 1d 2f c 2d 1b 11 11 17 31 a3 c 55b6 b ffffaf82 91 72
FIXUPS: 1ee7d b4 11 68 33 5f 17 fffffab1 d fffff194 a0 67 58 c b 2b 33
FIXUPS: 1de94 17 1e 32 6e cb 16 1d 1c 13 16 13 2005 d fffff24e 57 10 3e
FIXUPS: 1f3d1 59 8 2e 11 d 11 42 51 ce 22 8b eb 5e 6e 3c9 fe 8 26 2f fffff30c
FIXUPS: 1f091 40 51 2d 2c

 544 bytes saved through ICF

