 csi32db

 Timestamp is 5e9db84b (Mon Apr 20 15:57:15 2020)

 Preferred load address is 00400000

 Start         Length     Name                   Class
 0001:00000000 0004e025H .textbss                DATA
 0002:00000000 00005d57H .text                   CODE
 0002:00005d60 00004496H .text$di                CODE
 0002:0000a200 00090152H .text$mn                CODE
 0002:0009a360 0000b07bH .text$x                 CODE
 0002:000a53e0 00001cabH .text$yd                CODE
 0003:00000000 00000104H .CRT$XCA                DATA
 0003:00000104 00000104H .CRT$XCAA               DATA
 0003:00000208 000003ceH .CRT$XCU                DATA
 0003:000005d8 00000104H .CRT$XCZ                DATA
 0003:000006dc 00000104H .CRT$XIA                DATA
 0003:000007e0 00000104H .CRT$XIAA               DATA
 0003:000008e4 00000104H .CRT$XIC                DATA
 0003:000009e8 00000104H .CRT$XIY                DATA
 0003:00000aec 00000104H .CRT$XIZ                DATA
 0003:00000bf0 0000a038H .rdata                  DATA
 0003:0000ac28 00000169H .rdata$debug            DATA
 0003:0000ad94 000007c0H .rdata$r                DATA
 0003:0000b554 00000104H .rtc$IAA                DATA
 0003:0000b658 000001d3H .rtc$IMZ                DATA
 0003:0000b82c 00000104H .rtc$IZZ                DATA
 0003:0000b930 00000104H .rtc$TAA                DATA
 0003:0000ba34 000001d3H .rtc$TMZ                DATA
 0003:0000bc08 00000104H .rtc$TZZ                DATA
 0003:0000bd10 0000972bH .xdata$x                DATA
 0003:0001543b 00000000H .edata                  DATA
 0004:00000000 0000029bH .data                   DATA
 0004:0000029c 00000409H .data$r                 DATA
 0004:000006a8 004fbaacH .bss                    DATA
 0005:00000000 000006c4H .idata$5                DATA
 0005:000006c4 00000104H .idata$2                DATA
 0005:000007c8 00000014H .idata$3                DATA
 0005:000007dc 000006c4H .idata$4                DATA
 0005:00000ea0 0000126fH .idata$6                DATA
 0006:00000000 000005fcH .rsrc$01                DATA
 0006:00000600 00007806H .rsrc$02                DATA

  Address         Publics by Value              Rva+Base       Lib:Object

 0000:00000000       ___guard_fids_count        00000000     <absolute>
 0000:00000000       ___guard_fids_table        00000000     <absolute>
 0000:00000000       ___guard_flags             00000000     <absolute>
 0000:00000000       ___safe_se_handler_count   00000000     <absolute>
 0000:00000000       ___safe_se_handler_table   00000000     <absolute>
 0000:00000000       __except_list              00000000     <absolute>
 0000:00009876       __ldused                   00009876     <absolute>
 0000:00009876       __fltused                  00009876     <absolute>
 0000:00000000       ___ImageBase               00400000     <linker-defined>
 0001:00000000       __enc$textbss$begin        00401000     <linker-defined>
 0001:0004e025       __enc$textbss$end          0044f025     <linker-defined>
 0002:00005b63       _HtmlHelpA@16              00455b63 f   htmlhelp:init.obj
 0002:00005c98       _HtmlHelpW@16              00455c98 f   htmlhelp:init.obj
 0002:0000a200       ??0database@@QAE@PBDHH@Z   0045a200 f   database.obj
 0002:0000a2d0       ?getName@database@@QAEPBDH@Z 0045a2d0 f   database.obj
 0002:0000a470       ?getName@database@@QAE_NHPADH@Z 0045a470 f   database.obj
 0002:0000a660       ?setName@database@@QAE_NHPBD_NPA_N@Z 0045a660 f   database.obj
 0002:0000aab0       ?getIndex@database@@QAEHPBDHH@Z 0045aab0 f   database.obj
 0002:0000ad50       ?getIndex@database@@QAEHPBD_N1@Z 0045ad50 f   database.obj
 0002:0000afe0       ?size@database@@QAEHXZ     0045afe0 f   database.obj
 0002:0000b030       ?exists@database@@QAE_NH@Z 0045b030 f   database.obj
 0002:0000b1b0       ?dump@database@@QAE_NPBD@Z 0045b1b0 f   database.obj
 0002:0000b460       ?loadDump@database@@QAE_NPBD@Z 0045b460 f   database.obj
 0002:0000b760       ?load@database@@AAEXPBDHH@Z 0045b760 f   database.obj
 0002:0000c590       ??$?0AAHAAPBDX@?$pair@HV?$basic_string@DU?$char_traits@D@std@@V?$allocator@D@2@@std@@@std@@QAE@AAHAAPBD@Z 0045c590 f i database.obj
 0002:0000c660       ??$?0AAHV?$basic_string@DU?$char_traits@D@std@@V?$allocator@D@2@@std@@X@?$pair@HV?$basic_string@DU?$char_traits@D@std@@V?$allocator@D@2@@std@@@std@@QAE@AAH$$QAV?$basic_string@DU?$char_traits@D@std@@V?$allocator@D@2@@1@@Z 0045c660 f i database.obj
 0002:0000c730       ??$?0AAV?$_Tree_iterator@V?$_Tree_val@U?$_Tree_simple_types@U?$pair@$$CBHV?$basic_string@DU?$char_traits@D@std@@V?$allocator@D@2@@std@@@std@@@std@@@std@@@std@@_NX@?$pair@V?$_Tree_iterator@V?$_Tree_val@U?$_Tree_simple_types@U?$pair@$$CBHV?$basic_string@DU?$char_traits@D@std@@V?$allocator@D@2@@std@@@std@@@std@@@std@@@std@@_N@std@@QAE@AAV?$_Tree_iterator@V?$_Tree_val@U?$_Tree_simple_types@U?$pair@$$CBHV?$basic_string@DU?$char_traits@D@std@@V?$allocator@D@2@@std@@@std@@@std@@@std@@@1@$$QA_N@Z 0045c730 f i database.obj
 0002:0000c800       ??$?0HV?$basic_string@DU?$char_traits@D@std@@V?$allocator@D@2@@std@@X@?$pair@$$CBHV?$basic_string@DU?$char_traits@D@std@@V?$allocator@D@2@@std@@@std@@QAE@$$QAU?$pair@HV?$basic_string@DU?$char_traits@D@std@@V?$allocator@D@2@@std@@@1@@Z 0045c800 f i database.obj
 0002:0000c8d0       ??$?0U?$_Tree_node@U?$pair@$$CBHV?$basic_string@DU?$char_traits@D@std@@V?$allocator@D@2@@std@@@std@@PAX@std@@@?$allocator@U_Container_proxy@std@@@std@@QAE@ABV?$allocator@U?$_Tree_node@U?$pair@$$CBHV?$basic_string@DU?$char_traits@D@std@@V?$allocator@D@2@@std@@@std@@PAX@std@@@1@@Z 0045c8d0 f i database.obj
 0002:0000c910       ??$?0U?$_Wrap_alloc@V?$allocator@U?$_Tree_node@U?$pair@$$CBHV?$basic_string@DU?$char_traits@D@std@@V?$allocator@D@2@@std@@@std@@PAX@std@@@std@@@std@@@?$_Wrap_alloc@V?$allocator@U_Container_proxy@std@@@std@@@std@@QAE@ABU?$_Wrap_alloc@V?$allocator@U?$_Tree_node@U?$pair@$$CBHV?$basic_string@DU?$char_traits@D@std@@V?$allocator@D@2@@std@@@std@@PAX@std@@@std@@@1@@Z 0045c910 f i database.obj
 0002:0000c970       ??$?0V?$_Tree_iterator@V?$_Tree_val@U?$_Tree_simple_types@U?$pair@$$CBHV?$basic_string@DU?$char_traits@D@std@@V?$allocator@D@2@@std@@@std@@@std@@@std@@@std@@_NX@?$pair@V?$_Tree_iterator@V?$_Tree_val@U?$_Tree_simple_types@U?$pair@$$CBHV?$basic_string@DU?$char_traits@D@std@@V?$allocator@D@2@@std@@@std@@@std@@@std@@@std@@_N@std@@QAE@$$QAV?$_Tree_iterator@V?$_Tree_val@U?$_Tree_simple_types@U?$pair@$$CBHV?$basic_string@DU?$char_traits@D@std@@V?$allocator@D@2@@std@@@std@@@std@@@std@@@1@$$QA_N@Z 0045c970 f i database.obj
 0002:0000ca40       ??$?8DU?$char_traits@D@std@@V?$allocator@D@1@@std@@YA_NABV?$basic_string@DU?$char_traits@D@std@@V?$allocator@D@2@@0@PBD@Z 0045ca40 f i database.obj
 0002:0000cac0       ??$?8DU?$char_traits@D@std@@V?$allocator@D@1@@std@@YA_NPBDABV?$basic_string@DU?$char_traits@D@std@@V?$allocator@D@2@@0@@Z 0045cac0 f i database.obj
 0002:0000cb40       ??$?9DU?$char_traits@D@std@@V?$allocator@D@1@@std@@YA_NPBDABV?$basic_string@DU?$char_traits@D@std@@V?$allocator@D@2@@0@@Z 0045cb40 f i database.obj
 0002:0000cbc0       ??$_Allocate@D@std@@YAPADIPAD@Z 0045cbc0 f i database.obj
 0002:0000cc50       ??$_Allocate@U?$_Tree_node@U?$pair@$$CBHV?$basic_string@DU?$char_traits@D@std@@V?$allocator@D@2@@std@@@std@@PAX@std@@@std@@YAPAU?$_Tree_node@U?$pair@$$CBHV?$basic_string@DU?$char_traits@D@std@@V?$allocator@D@2@@std@@@std@@PAX@0@IPAU10@@Z 0045cc50 f i database.obj
 0002:0000cce0       ??$_Allocate@U_Container_proxy@std@@@std@@YAPAU_Container_proxy@0@IPAU10@@Z 0045cce0 f i database.obj
 0002:0000cd80       ??$_Buynode@U?$pair@HV?$basic_string@DU?$char_traits@D@std@@V?$allocator@D@2@@std@@@std@@@?$_Tree_buy@U?$pair@$$CBHV?$basic_string@DU?$char_traits@D@std@@V?$allocator@D@2@@std@@@std@@V?$allocator@U?$pair@$$CBHV?$basic_string@DU?$char_traits@D@std@@V?$allocator@D@2@@std@@@std@@@2@@std@@QAEPAU?$_Tree_node@U?$pair@$$CBHV?$basic_string@DU?$char_traits@D@std@@V?$allocator@D@2@@std@@@std@@PAX@1@$$QAU?$pair@HV?$basic_string@DU?$char_traits@D@std@@V?$allocator@D@2@@std@@@1@@Z 0045cd80 f i database.obj
 0002:0000cec0       ??$_Buynode_if_nil@AAU?$pair@$$CBHV?$basic_string@DU?$char_traits@D@std@@V?$allocator@D@2@@std@@@std@@@?$_Tree@V?$_Tmap_traits@HV?$basic_string@DU?$char_traits@D@std@@V?$allocator@D@2@@std@@U?$less@H@2@V?$allocator@U?$pair@$$CBHV?$basic_string@DU?$char_traits@D@std@@V?$allocator@D@2@@std@@@std@@@2@$0A@@std@@@std@@IAEPAU?$_Tree_node@U?$pair@$$CBHV?$basic_string@DU?$char_traits@D@std@@V?$allocator@D@2@@std@@@std@@PAX@1@PAU21@AAU?$pair@$$CBHV?$basic_string@DU?$char_traits@D@std@@V?$allocator@D@2@@std@@@1@@Z 0045cec0 f i database.obj
 0002:0000cf00       ??$_Debug_lt_pred@U?$less@H@std@@ABHABH@std@@YA_NU?$less@H@0@ABH1PB_WI@Z 0045cf00 f i database.obj
 0002:0000cfe0       ??$_Debug_pointer@D@std@@YAXPBDPB_WI@Z 0045cfe0 f i database.obj
 0002:0000d050       ??$_Insert_at@AAU?$pair@$$CBHV?$basic_string@DU?$char_traits@D@std@@V?$allocator@D@2@@std@@@std@@PAU?$_Tree_node@U?$pair@$$CBHV?$basic_string@DU?$char_traits@D@std@@V?$allocator@D@2@@std@@@std@@PAX@2@@?$_Tree@V?$_Tmap_traits@HV?$basic_string@DU?$char_traits@D@std@@V?$allocator@D@2@@std@@U?$less@H@2@V?$allocator@U?$pair@$$CBHV?$basic_string@DU?$char_traits@D@std@@V?$allocator@D@2@@std@@@std@@@2@$0A@@std@@@std@@IAE?AV?$_Tree_iterator@V?$_Tree_val@U?$_Tree_simple_types@U?$pair@$$CBHV?$basic_string@DU?$char_traits@D@std@@V?$allocator@D@2@@std@@@std@@@std@@@std@@@1@_NPAU?$_Tree_node@U?$pair@$$CBHV?$basic_string@DU?$char_traits@D@std@@V?$allocator@D@2@@std@@@std@@PAX@1@AAU?$pair@$$CBHV?$basic_string@DU?$char_traits@D@std@@V?$allocator@D@2@@std@@@1@1@Z 0045d050 f i database.obj
 0002:0000d620       ??$_Insert_nohint@AAU?$pair@$$CBHV?$basic_string@DU?$char_traits@D@std@@V?$allocator@D@2@@std@@@std@@PAU?$_Tree_node@U?$pair@$$CBHV?$basic_string@DU?$char_traits@D@std@@V?$allocator@D@2@@std@@@std@@PAX@2@@?$_Tree@V?$_Tmap_traits@HV?$basic_string@DU?$char_traits@D@std@@V?$allocator@D@2@@std@@U?$less@H@2@V?$allocator@U?$pair@$$CBHV?$basic_string@DU?$char_traits@D@std@@V?$allocator@D@2@@std@@@std@@@2@$0A@@std@@@std@@IAE?AU?$pair@V?$_Tree_iterator@V?$_Tree_val@U?$_Tree_simple_types@U?$pair@$$CBHV?$basic_string@DU?$char_traits@D@std@@V?$allocator@D@2@@std@@@std@@@std@@@std@@@std@@_N@1@_NAAU?$pair@$$CBHV?$basic_string@DU?$char_traits@D@std@@V?$allocator@D@2@@std@@@1@PAU?$_Tree_node@U?$pair@$$CBHV?$basic_string@DU?$char_traits@D@std@@V?$allocator@D@2@@std@@@std@@PAX@1@@Z 0045d620 f i database.obj
 0002:0000dc30       ??$_Kfn@$$CBHV?$basic_string@DU?$char_traits@D@std@@V?$allocator@D@2@@std@@@?$_Tmap_traits@HV?$basic_string@DU?$char_traits@D@std@@V?$allocator@D@2@@std@@U?$less@H@2@V?$allocator@U?$pair@$$CBHV?$basic_string@DU?$char_traits@D@std@@V?$allocator@D@2@@std@@@std@@@2@$0A@@std@@SAABHABU?$pair@$$CBHV?$basic_string@DU?$char_traits@D@std@@V?$allocator@D@2@@std@@@1@@Z 0045dc30 f i database.obj
 0002:0000dc70       ??$_Move@AAD@std@@YA$$QADAAD@Z 0045dc70 f i database.obj
 0002:0000dcb0       ??$addressof@$$CBU?$pair@$$CBHV?$basic_string@DU?$char_traits@D@std@@V?$allocator@D@2@@std@@@std@@@std@@YAPBU?$pair@$$CBHV?$basic_string@DU?$char_traits@D@std@@V?$allocator@D@2@@std@@@0@ABU10@@Z 0045dcb0 f i database.obj
 0002:0000dcf0       ??$addressof@D@std@@YAPADAAD@Z 0045dcf0 f i database.obj
 0002:0000dd30       ??$addressof@PAU?$_Tree_node@U?$pair@$$CBHV?$basic_string@DU?$char_traits@D@std@@V?$allocator@D@2@@std@@@std@@PAX@std@@@std@@YAPAPAU?$_Tree_node@U?$pair@$$CBHV?$basic_string@DU?$char_traits@D@std@@V?$allocator@D@2@@std@@@std@@PAX@0@AAPAU10@@Z 0045dd30 f i database.obj
 0002:0000dd70       ??$addressof@U?$pair@$$CBHV?$basic_string@DU?$char_traits@D@std@@V?$allocator@D@2@@std@@@std@@@std@@YAPAU?$pair@$$CBHV?$basic_string@DU?$char_traits@D@std@@V?$allocator@D@2@@std@@@0@AAU10@@Z 0045dd70 f i database.obj
 0002:0000ddb0       ??$construct@PADAAPAD@?$_Wrap_alloc@V?$allocator@D@std@@@std@@QAEXPAPADAAPAD@Z 0045ddb0 f i database.obj
 0002:0000de20       ??$construct@PADAAPAD@?$allocator@D@std@@QAEXPAPADAAPAD@Z 0045de20 f i database.obj
 0002:0000df20       ??$construct@PADAAPAD@?$allocator_traits@V?$allocator@D@std@@@std@@SAXAAV?$allocator@D@1@PAPADAAPAD@Z 0045df20 f i database.obj
 0002:0000df80       ??$construct@PAU?$_Tree_node@U?$pair@$$CBHV?$basic_string@DU?$char_traits@D@std@@V?$allocator@D@2@@std@@@std@@PAX@std@@AAPAU12@@?$_Wrap_alloc@V?$allocator@U?$_Tree_node@U?$pair@$$CBHV?$basic_string@DU?$char_traits@D@std@@V?$allocator@D@2@@std@@@std@@PAX@std@@@std@@@std@@QAEXPAPAU?$_Tree_node@U?$pair@$$CBHV?$basic_string@DU?$char_traits@D@std@@V?$allocator@D@2@@std@@@std@@PAX@1@AAPAU21@@Z 0045df80 f i database.obj
 0002:0000dff0       ??$construct@PAU?$_Tree_node@U?$pair@$$CBHV?$basic_string@DU?$char_traits@D@std@@V?$allocator@D@2@@std@@@std@@PAX@std@@AAPAU12@@?$allocator@U?$_Tree_node@U?$pair@$$CBHV?$basic_string@DU?$char_traits@D@std@@V?$allocator@D@2@@std@@@std@@PAX@std@@@std@@QAEXPAPAU?$_Tree_node@U?$pair@$$CBHV?$basic_string@DU?$char_traits@D@std@@V?$allocator@D@2@@std@@@std@@PAX@1@AAPAU21@@Z 0045dff0 f i database.obj
 0002:0000e0f0       ??$construct@PAU?$_Tree_node@U?$pair@$$CBHV?$basic_string@DU?$char_traits@D@std@@V?$allocator@D@2@@std@@@std@@PAX@std@@AAPAU12@@?$allocator_traits@V?$allocator@U?$_Tree_node@U?$pair@$$CBHV?$basic_string@DU?$char_traits@D@std@@V?$allocator@D@2@@std@@@std@@PAX@std@@@std@@@std@@SAXAAV?$allocator@U?$_Tree_node@U?$pair@$$CBHV?$basic_string@DU?$char_traits@D@std@@V?$allocator@D@2@@std@@@std@@PAX@std@@@1@PAPAU?$_Tree_node@U?$pair@$$CBHV?$basic_string@DU?$char_traits@D@std@@V?$allocator@D@2@@std@@@std@@PAX@1@AAPAU31@@Z 0045e0f0 f i database.obj
 0002:0000e150       ??$construct@U?$pair@$$CBHV?$basic_string@DU?$char_traits@D@std@@V?$allocator@D@2@@std@@@std@@U?$pair@HV?$basic_string@DU?$char_traits@D@std@@V?$allocator@D@2@@std@@@2@@?$_Wrap_alloc@V?$allocator@U?$_Tree_node@U?$pair@$$CBHV?$basic_string@DU?$char_traits@D@std@@V?$allocator@D@2@@std@@@std@@PAX@std@@@std@@@std@@QAEXPAU?$pair@$$CBHV?$basic_string@DU?$char_traits@D@std@@V?$allocator@D@2@@std@@@1@$$QAU?$pair@HV?$basic_string@DU?$char_traits@D@std@@V?$allocator@D@2@@std@@@1@@Z 0045e150 f i database.obj
 0002:0000e1c0       ??$construct@U?$pair@$$CBHV?$basic_string@DU?$char_traits@D@std@@V?$allocator@D@2@@std@@@std@@U?$pair@HV?$basic_string@DU?$char_traits@D@std@@V?$allocator@D@2@@std@@@2@@?$allocator@U?$_Tree_node@U?$pair@$$CBHV?$basic_string@DU?$char_traits@D@std@@V?$allocator@D@2@@std@@@std@@PAX@std@@@std@@QAEXPAU?$pair@$$CBHV?$basic_string@DU?$char_traits@D@std@@V?$allocator@D@2@@std@@@1@$$QAU?$pair@HV?$basic_string@DU?$char_traits@D@std@@V?$allocator@D@2@@std@@@1@@Z 0045e1c0 f i database.obj
 0002:0000e2c0       ??$construct@U?$pair@$$CBHV?$basic_string@DU?$char_traits@D@std@@V?$allocator@D@2@@std@@@std@@U?$pair@HV?$basic_string@DU?$char_traits@D@std@@V?$allocator@D@2@@std@@@2@@?$allocator_traits@V?$allocator@U?$_Tree_node@U?$pair@$$CBHV?$basic_string@DU?$char_traits@D@std@@V?$allocator@D@2@@std@@@std@@PAX@std@@@std@@@std@@SAXAAV?$allocator@U?$_Tree_node@U?$pair@$$CBHV?$basic_string@DU?$char_traits@D@std@@V?$allocator@D@2@@std@@@std@@PAX@std@@@1@PAU?$pair@$$CBHV?$basic_string@DU?$char_traits@D@std@@V?$allocator@D@2@@std@@@1@$$QAU?$pair@HV?$basic_string@DU?$char_traits@D@std@@V?$allocator@D@2@@std@@@1@@Z 0045e2c0 f i database.obj
 0002:0000e320       ??$construct@U_Container_proxy@std@@U12@@?$_Wrap_alloc@V?$allocator@U_Container_proxy@std@@@std@@@std@@QAEXPAU_Container_proxy@1@$$QAU21@@Z 0045e320 f i database.obj
 0002:0000e390       ??$construct@U_Container_proxy@std@@U12@@?$allocator@U_Container_proxy@std@@@std@@QAEXPAU_Container_proxy@1@$$QAU21@@Z 0045e390 f i database.obj
 0002:0000e4a0       ??$construct@U_Container_proxy@std@@U12@@?$allocator_traits@V?$allocator@U_Container_proxy@std@@@std@@@std@@SAXAAV?$allocator@U_Container_proxy@std@@@1@PAU_Container_proxy@1@$$QAU31@@Z 0045e4a0 f i database.obj
 0002:0000e500       ??$destroy@PAD@?$_Wrap_alloc@V?$allocator@D@std@@@std@@QAEXPAPAD@Z 0045e500 f i database.obj
 0002:0000e560       ??$destroy@PAD@?$allocator@D@std@@QAEXPAPAD@Z 0045e560 f i database.obj
 0002:0000e5a0       ??$destroy@PAD@?$allocator_traits@V?$allocator@D@std@@@std@@SAXAAV?$allocator@D@1@PAPAD@Z 0045e5a0 f i database.obj
 0002:0000e5f0       ??$destroy@PAU?$_Tree_node@U?$pair@$$CBHV?$basic_string@DU?$char_traits@D@std@@V?$allocator@D@2@@std@@@std@@PAX@std@@@?$_Wrap_alloc@V?$allocator@U?$_Tree_node@U?$pair@$$CBHV?$basic_string@DU?$char_traits@D@std@@V?$allocator@D@2@@std@@@std@@PAX@std@@@std@@@std@@QAEXPAPAU?$_Tree_node@U?$pair@$$CBHV?$basic_string@DU?$char_traits@D@std@@V?$allocator@D@2@@std@@@std@@PAX@1@@Z 0045e5f0 f i database.obj
 0002:0000e650       ??$destroy@PAU?$_Tree_node@U?$pair@$$CBHV?$basic_string@DU?$char_traits@D@std@@V?$allocator@D@2@@std@@@std@@PAX@std@@@?$allocator@U?$_Tree_node@U?$pair@$$CBHV?$basic_string@DU?$char_traits@D@std@@V?$allocator@D@2@@std@@@std@@PAX@std@@@std@@QAEXPAPAU?$_Tree_node@U?$pair@$$CBHV?$basic_string@DU?$char_traits@D@std@@V?$allocator@D@2@@std@@@std@@PAX@1@@Z 0045e650 f i database.obj
 0002:0000e690       ??$destroy@PAU?$_Tree_node@U?$pair@$$CBHV?$basic_string@DU?$char_traits@D@std@@V?$allocator@D@2@@std@@@std@@PAX@std@@@?$allocator_traits@V?$allocator@U?$_Tree_node@U?$pair@$$CBHV?$basic_string@DU?$char_traits@D@std@@V?$allocator@D@2@@std@@@std@@PAX@std@@@std@@@std@@SAXAAV?$allocator@U?$_Tree_node@U?$pair@$$CBHV?$basic_string@DU?$char_traits@D@std@@V?$allocator@D@2@@std@@@std@@PAX@std@@@1@PAPAU?$_Tree_node@U?$pair@$$CBHV?$basic_string@DU?$char_traits@D@std@@V?$allocator@D@2@@std@@@std@@PAX@1@@Z 0045e690 f i database.obj
 0002:0000e6e0       ??$destroy@U?$pair@$$CBHV?$basic_string@DU?$char_traits@D@std@@V?$allocator@D@2@@std@@@std@@@?$_Wrap_alloc@V?$allocator@U?$_Tree_node@U?$pair@$$CBHV?$basic_string@DU?$char_traits@D@std@@V?$allocator@D@2@@std@@@std@@PAX@std@@@std@@@std@@QAEXPAU?$pair@$$CBHV?$basic_string@DU?$char_traits@D@std@@V?$allocator@D@2@@std@@@1@@Z 0045e6e0 f i database.obj
 0002:0000e740       ??$destroy@U?$pair@$$CBHV?$basic_string@DU?$char_traits@D@std@@V?$allocator@D@2@@std@@@std@@@?$allocator@U?$_Tree_node@U?$pair@$$CBHV?$basic_string@DU?$char_traits@D@std@@V?$allocator@D@2@@std@@@std@@PAX@std@@@std@@QAEXPAU?$pair@$$CBHV?$basic_string@DU?$char_traits@D@std@@V?$allocator@D@2@@std@@@1@@Z 0045e740 f i database.obj
 0002:0000e7a0       ??$destroy@U?$pair@$$CBHV?$basic_string@DU?$char_traits@D@std@@V?$allocator@D@2@@std@@@std@@@?$allocator_traits@V?$allocator@U?$_Tree_node@U?$pair@$$CBHV?$basic_string@DU?$char_traits@D@std@@V?$allocator@D@2@@std@@@std@@PAX@std@@@std@@@std@@SAXAAV?$allocator@U?$_Tree_node@U?$pair@$$CBHV?$basic_string@DU?$char_traits@D@std@@V?$allocator@D@2@@std@@@std@@PAX@std@@@1@PAU?$pair@$$CBHV?$basic_string@DU?$char_traits@D@std@@V?$allocator@D@2@@std@@@1@@Z 0045e7a0 f i database.obj
 0002:0000e7f0       ??$destroy@U_Container_proxy@std@@@?$_Wrap_alloc@V?$allocator@U_Container_proxy@std@@@std@@@std@@QAEXPAU_Container_proxy@1@@Z 0045e7f0 f i database.obj
 0002:0000e850       ??$destroy@U_Container_proxy@std@@@?$allocator@U_Container_proxy@std@@@std@@QAEXPAU_Container_proxy@1@@Z 0045e850 f i database.obj
 0002:0000e890       ??$destroy@U_Container_proxy@std@@@?$allocator_traits@V?$allocator@U_Container_proxy@std@@@std@@@std@@SAXAAV?$allocator@U_Container_proxy@std@@@1@PAU_Container_proxy@1@@Z 0045e890 f i database.obj
 0002:0000e8e0       ??$forward@AAH@std@@YAAAHAAH@Z 0045e8e0 f i database.obj
 0002:0000e920       ??$forward@AAPAD@std@@YAAAPADAAPAD@Z 0045e920 f i database.obj
 0002:0000e960       ??$forward@AAPAU?$_Tree_node@U?$pair@$$CBHV?$basic_string@DU?$char_traits@D@std@@V?$allocator@D@2@@std@@@std@@PAX@std@@@std@@YAAAPAU?$_Tree_node@U?$pair@$$CBHV?$basic_string@DU?$char_traits@D@std@@V?$allocator@D@2@@std@@@std@@PAX@0@AAPAU10@@Z 0045e960 f i database.obj
 0002:0000e9a0       ??$forward@AAPBD@std@@YAAAPBDAAPBD@Z 0045e9a0 f i database.obj
 0002:0000e9e0       ??$forward@AAU?$pair@$$CBHV?$basic_string@DU?$char_traits@D@std@@V?$allocator@D@2@@std@@@std@@@std@@YAAAU?$pair@$$CBHV?$basic_string@DU?$char_traits@D@std@@V?$allocator@D@2@@std@@@0@AAU10@@Z 0045e9e0 f i database.obj
 0002:0000ea20       ??$forward@AAV?$_Tree_iterator@V?$_Tree_val@U?$_Tree_simple_types@U?$pair@$$CBHV?$basic_string@DU?$char_traits@D@std@@V?$allocator@D@2@@std@@@std@@@std@@@std@@@std@@@std@@YAAAV?$_Tree_iterator@V?$_Tree_val@U?$_Tree_simple_types@U?$pair@$$CBHV?$basic_string@DU?$char_traits@D@std@@V?$allocator@D@2@@std@@@std@@@std@@@std@@@0@AAV10@@Z 0045ea20 f i database.obj
 0002:0000ea60       ??$forward@ABH@std@@YAABHABH@Z 0045ea60 f i database.obj
 0002:0000eaa0       ??$forward@H@std@@YA$$QAHAAH@Z 0045eaa0 f i database.obj
 0002:0000eae0       ??$forward@U?$pair@HV?$basic_string@DU?$char_traits@D@std@@V?$allocator@D@2@@std@@@std@@@std@@YA$$QAU?$pair@HV?$basic_string@DU?$char_traits@D@std@@V?$allocator@D@2@@std@@@0@AAU10@@Z 0045eae0 f i database.obj
 0002:0000eb20       ??$forward@U_Container_proxy@std@@@std@@YA$$QAU_Container_proxy@0@AAU10@@Z 0045eb20 f i database.obj
 0002:0000eb60       ??$forward@V?$_Tree_iterator@V?$_Tree_val@U?$_Tree_simple_types@U?$pair@$$CBHV?$basic_string@DU?$char_traits@D@std@@V?$allocator@D@2@@std@@@std@@@std@@@std@@@std@@@std@@YA$$QAV?$_Tree_iterator@V?$_Tree_val@U?$_Tree_simple_types@U?$pair@$$CBHV?$basic_string@DU?$char_traits@D@std@@V?$allocator@D@2@@std@@@std@@@std@@@std@@@0@AAV10@@Z 0045eb60 f i database.obj
 0002:0000eba0       ??$forward@V?$basic_string@DU?$char_traits@D@std@@V?$allocator@D@2@@std@@@std@@YA$$QAV?$basic_string@DU?$char_traits@D@std@@V?$allocator@D@2@@0@AAV10@@Z 0045eba0 f i database.obj
 0002:0000ebe0       ??$forward@_N@std@@YA$$QA_NAA_N@Z 0045ebe0 f i database.obj
 0002:0000ec20       ??$insert@U?$pair@HV?$basic_string@DU?$char_traits@D@std@@V?$allocator@D@2@@std@@@std@@@?$_Tree@V?$_Tmap_traits@HV?$basic_string@DU?$char_traits@D@std@@V?$allocator@D@2@@std@@U?$less@H@2@V?$allocator@U?$pair@$$CBHV?$basic_string@DU?$char_traits@D@std@@V?$allocator@D@2@@std@@@std@@@2@$0A@@std@@@std@@QAE?AU?$pair@V?$_Tree_iterator@V?$_Tree_val@U?$_Tree_simple_types@U?$pair@$$CBHV?$basic_string@DU?$char_traits@D@std@@V?$allocator@D@2@@std@@@std@@@std@@@std@@@std@@_N@1@$$QAU?$pair@HV?$basic_string@DU?$char_traits@D@std@@V?$allocator@D@2@@std@@@1@@Z 0045ec20 f i database.obj
 0002:0000ed10       ??$swap@D@std@@YAXAAD0@Z   0045ed10 f i database.obj
 0002:0000edd0       ??0?$_Iterator012@Ubidirectional_iterator_tag@std@@U?$pair@$$CBHV?$basic_string@DU?$char_traits@D@std@@V?$allocator@D@2@@std@@@2@HPBU32@ABU32@U_Iterator_base12@2@@std@@QAE@ABU01@@Z 0045edd0 f i database.obj
 0002:0000ee70       ??0?$_Iterator012@Ubidirectional_iterator_tag@std@@U?$pair@$$CBHV?$basic_string@DU?$char_traits@D@std@@V?$allocator@D@2@@std@@@2@HPBU32@ABU32@U_Iterator_base12@2@@std@@QAE@XZ 0045ee70 f i database.obj
 0002:0000ef10       ??0?$_String_alloc@$0A@U?$_String_base_types@DV?$allocator@D@std@@@std@@@std@@QAE@ABV?$allocator@D@1@@Z 0045ef10 f i database.obj
 0002:0000efc0       ??0?$_String_val@U?$_Simple_types@D@std@@@std@@QAE@XZ 0045efc0 f i database.obj
 0002:0000f080       ??0?$_Tree@V?$_Tmap_traits@HV?$basic_string@DU?$char_traits@D@std@@V?$allocator@D@2@@std@@U?$less@H@2@V?$allocator@U?$pair@$$CBHV?$basic_string@DU?$char_traits@D@std@@V?$allocator@D@2@@std@@@std@@@2@$0A@@std@@@std@@QAE@ABU?$less@H@1@ABV?$allocator@U?$pair@$$CBHV?$basic_string@DU?$char_traits@D@std@@V?$allocator@D@2@@std@@@std@@@1@@Z 0045f080 f i database.obj
 0002:0000f130       ??0?$_Tree_alloc@$0A@U?$_Tree_base_types@U?$pair@$$CBHV?$basic_string@DU?$char_traits@D@std@@V?$allocator@D@2@@std@@@std@@V?$allocator@U?$pair@$$CBHV?$basic_string@DU?$char_traits@D@std@@V?$allocator@D@2@@std@@@std@@@2@@std@@@std@@QAE@ABV?$allocator@U?$pair@$$CBHV?$basic_string@DU?$char_traits@D@std@@V?$allocator@D@2@@std@@@std@@@1@@Z 0045f130 f i database.obj
 0002:0000f230       ??0?$_Tree_buy@U?$pair@$$CBHV?$basic_string@DU?$char_traits@D@std@@V?$allocator@D@2@@std@@@std@@V?$allocator@U?$pair@$$CBHV?$basic_string@DU?$char_traits@D@std@@V?$allocator@D@2@@std@@@std@@@2@@std@@QAE@ABV?$allocator@U?$pair@$$CBHV?$basic_string@DU?$char_traits@D@std@@V?$allocator@D@2@@std@@@std@@@1@@Z 0045f230 f i database.obj
 0002:0000f2d0       ??0?$_Tree_comp@$0A@V?$_Tmap_traits@HV?$basic_string@DU?$char_traits@D@std@@V?$allocator@D@2@@std@@U?$less@H@2@V?$allocator@U?$pair@$$CBHV?$basic_string@DU?$char_traits@D@std@@V?$allocator@D@2@@std@@@std@@@2@$0A@@std@@@std@@QAE@ABU?$less@H@1@ABV?$allocator@U?$pair@$$CBHV?$basic_string@DU?$char_traits@D@std@@V?$allocator@D@2@@std@@@std@@@1@@Z 0045f2d0 f i database.obj
 0002:0000f370       ??0?$_Tree_const_iterator@V?$_Tree_val@U?$_Tree_simple_types@U?$pair@$$CBHV?$basic_string@DU?$char_traits@D@std@@V?$allocator@D@2@@std@@@std@@@std@@@std@@@std@@QAE@ABV01@@Z 0045f370 f i database.obj
 0002:0000f410       ??0?$_Tree_const_iterator@V?$_Tree_val@U?$_Tree_simple_types@U?$pair@$$CBHV?$basic_string@DU?$char_traits@D@std@@V?$allocator@D@2@@std@@@std@@@std@@@std@@@std@@QAE@PAU?$_Tree_node@U?$pair@$$CBHV?$basic_string@DU?$char_traits@D@std@@V?$allocator@D@2@@std@@@std@@PAX@1@PBV?$_Tree_val@U?$_Tree_simple_types@U?$pair@$$CBHV?$basic_string@DU?$char_traits@D@std@@V?$allocator@D@2@@std@@@std@@@std@@@1@@Z 0045f410 f i database.obj
 0002:0000f4c0       ??0?$_Tree_const_iterator@V?$_Tree_val@U?$_Tree_simple_types@U?$pair@$$CBHV?$basic_string@DU?$char_traits@D@std@@V?$allocator@D@2@@std@@@std@@@std@@@std@@@std@@QAE@XZ 0045f4c0 f i database.obj
 0002:0000f560       ??0?$_Tree_iterator@V?$_Tree_val@U?$_Tree_simple_types@U?$pair@$$CBHV?$basic_string@DU?$char_traits@D@std@@V?$allocator@D@2@@std@@@std@@@std@@@std@@@std@@QAE@ABV01@@Z 0045f560 f i database.obj
 0002:0000f600       ??0?$_Tree_iterator@V?$_Tree_val@U?$_Tree_simple_types@U?$pair@$$CBHV?$basic_string@DU?$char_traits@D@std@@V?$allocator@D@2@@std@@@std@@@std@@@std@@@std@@QAE@PAU?$_Tree_node@U?$pair@$$CBHV?$basic_string@DU?$char_traits@D@std@@V?$allocator@D@2@@std@@@std@@PAX@1@PBV?$_Tree_val@U?$_Tree_simple_types@U?$pair@$$CBHV?$basic_string@DU?$char_traits@D@std@@V?$allocator@D@2@@std@@@std@@@std@@@1@@Z 0045f600 f i database.obj
 0002:0000f6b0       ??0?$_Tree_iterator@V?$_Tree_val@U?$_Tree_simple_types@U?$pair@$$CBHV?$basic_string@DU?$char_traits@D@std@@V?$allocator@D@2@@std@@@std@@@std@@@std@@@std@@QAE@XZ 0045f6b0 f i database.obj
 0002:0000f750       ??0?$_Tree_unchecked_const_iterator@V?$_Tree_val@U?$_Tree_simple_types@U?$pair@$$CBHV?$basic_string@DU?$char_traits@D@std@@V?$allocator@D@2@@std@@@std@@@std@@@std@@U_Iterator_base12@2@@std@@QAE@ABV01@@Z 0045f750 f i database.obj
 0002:0000f800       ??0?$_Tree_unchecked_const_iterator@V?$_Tree_val@U?$_Tree_simple_types@U?$pair@$$CBHV?$basic_string@DU?$char_traits@D@std@@V?$allocator@D@2@@std@@@std@@@std@@@std@@U_Iterator_base12@2@@std@@QAE@PAU?$_Tree_node@U?$pair@$$CBHV?$basic_string@DU?$char_traits@D@std@@V?$allocator@D@2@@std@@@std@@PAX@1@PBV?$_Tree_val@U?$_Tree_simple_types@U?$pair@$$CBHV?$basic_string@DU?$char_traits@D@std@@V?$allocator@D@2@@std@@@std@@@std@@@1@@Z 0045f800 f i database.obj
 0002:0000f8c0       ??0?$_Tree_unchecked_const_iterator@V?$_Tree_val@U?$_Tree_simple_types@U?$pair@$$CBHV?$basic_string@DU?$char_traits@D@std@@V?$allocator@D@2@@std@@@std@@@std@@@std@@U_Iterator_base12@2@@std@@QAE@XZ 0045f8c0 f i database.obj
 0002:0000f970       ??0?$_Tree_val@U?$_Tree_simple_types@U?$pair@$$CBHV?$basic_string@DU?$char_traits@D@std@@V?$allocator@D@2@@std@@@std@@@std@@@std@@QAE@XZ 0045f970 f i database.obj
 0002:0000fa30       ??0?$_Wrap_alloc@V?$allocator@D@std@@@std@@QAE@XZ 0045fa30 f i database.obj
 0002:0000fa90       ??0?$_Wrap_alloc@V?$allocator@U?$_Tree_node@U?$pair@$$CBHV?$basic_string@DU?$char_traits@D@std@@V?$allocator@D@2@@std@@@std@@PAX@std@@@std@@@std@@QAE@XZ 0045fa90 f i database.obj
 0002:0000faf0       ??0?$allocator@D@std@@QAE@XZ 0045faf0 f i database.obj
 0002:0000fb30       ??0?$allocator@U?$_Tree_node@U?$pair@$$CBHV?$basic_string@DU?$char_traits@D@std@@V?$allocator@D@2@@std@@@std@@PAX@std@@@std@@QAE@XZ 0045fb30 f i database.obj
 0002:0000fb70       ??0?$allocator@U?$pair@$$CBHV?$basic_string@DU?$char_traits@D@std@@V?$allocator@D@2@@std@@@std@@@std@@QAE@XZ 0045fb70 f i database.obj
 0002:0000fbb0       ??0?$allocator@U_Container_proxy@std@@@std@@QAE@XZ 0045fbb0 f i database.obj
 0002:0000fbf0       ??0?$basic_string@DU?$char_traits@D@std@@V?$allocator@D@2@@std@@QAE@$$QAV01@@Z 0045fbf0 f i database.obj
 0002:0000fcd0       ??0?$basic_string@DU?$char_traits@D@std@@V?$allocator@D@2@@std@@QAE@PBD@Z 0045fcd0 f i database.obj
 0002:0000fda0       ??0?$basic_string@DU?$char_traits@D@std@@V?$allocator@D@2@@std@@QAE@XZ 0045fda0 f i database.obj
 0002:0000fe60       ??0?$map@HV?$basic_string@DU?$char_traits@D@std@@V?$allocator@D@2@@std@@U?$less@H@2@V?$allocator@U?$pair@$$CBHV?$basic_string@DU?$char_traits@D@std@@V?$allocator@D@2@@std@@@std@@@2@@std@@QAE@XZ 0045fe60 f i database.obj
 0002:0000ff10       ??0_Container_proxy@std@@QAE@XZ 0045ff10 f i database.obj
 0002:0000ff60       ??0_Generic_error_category@std@@QAE@XZ 0045ff60 f i database.obj
 0002:00010010       ??0_Ignore@std@@QAE@XZ     00460010 f i database.obj
 0002:00010050       ??0_Iostream_error_category@std@@QAE@XZ 00460050 f i database.obj
 0002:00010100       ??0_Iterator_base12@std@@QAE@ABU01@@Z 00460100 f i database.obj
 0002:00010180       ??0_Iterator_base12@std@@QAE@XZ 00460180 f i database.obj
 0002:000101d0       ??0_System_error_category@std@@QAE@XZ 004601d0 f i database.obj
 0002:00010280       ??0error_category@std@@QAE@XZ 00460280 f i database.obj
 0002:000102d0       ??0error_condition@std@@QAE@HABVerror_category@1@@Z 004602d0 f i database.obj
 0002:00010320       ??1?$_Iterator012@Ubidirectional_iterator_tag@std@@U?$pair@$$CBHV?$basic_string@DU?$char_traits@D@std@@V?$allocator@D@2@@std@@@2@HPBU32@ABU32@U_Iterator_base12@2@@std@@QAE@XZ 00460320 f i database.obj
 0002:000103c0       ??1?$_String_alloc@$0A@U?$_String_base_types@DV?$allocator@D@std@@@std@@@std@@QAE@XZ 004603c0 f i database.obj
 0002:00010460       ??1?$_String_val@U?$_Simple_types@D@std@@@std@@QAE@XZ 00460460 f i database.obj
 0002:00010510       ??1?$_Tree@V?$_Tmap_traits@HV?$basic_string@DU?$char_traits@D@std@@V?$allocator@D@2@@std@@U?$less@H@2@V?$allocator@U?$pair@$$CBHV?$basic_string@DU?$char_traits@D@std@@V?$allocator@D@2@@std@@@std@@@2@$0A@@std@@@std@@QAE@XZ 00460510 f i database.obj
 0002:000105b0       ??1?$_Tree_alloc@$0A@U?$_Tree_base_types@U?$pair@$$CBHV?$basic_string@DU?$char_traits@D@std@@V?$allocator@D@2@@std@@@std@@V?$allocator@U?$pair@$$CBHV?$basic_string@DU?$char_traits@D@std@@V?$allocator@D@2@@std@@@std@@@2@@std@@@std@@QAE@XZ 004605b0 f i database.obj
 0002:00010670       ??1?$_Tree_buy@U?$pair@$$CBHV?$basic_string@DU?$char_traits@D@std@@V?$allocator@D@2@@std@@@std@@V?$allocator@U?$pair@$$CBHV?$basic_string@DU?$char_traits@D@std@@V?$allocator@D@2@@std@@@std@@@2@@std@@QAE@XZ 00460670 f i database.obj
 0002:00010710       ??1?$_Tree_comp@$0A@V?$_Tmap_traits@HV?$basic_string@DU?$char_traits@D@std@@V?$allocator@D@2@@std@@U?$less@H@2@V?$allocator@U?$pair@$$CBHV?$basic_string@DU?$char_traits@D@std@@V?$allocator@D@2@@std@@@std@@@2@$0A@@std@@@std@@QAE@XZ 00460710 f i database.obj
 0002:000107b0       ??1?$_Tree_const_iterator@V?$_Tree_val@U?$_Tree_simple_types@U?$pair@$$CBHV?$basic_string@DU?$char_traits@D@std@@V?$allocator@D@2@@std@@@std@@@std@@@std@@@std@@QAE@XZ 004607b0 f i database.obj
 0002:00010850       ??1?$_Tree_iterator@V?$_Tree_val@U?$_Tree_simple_types@U?$pair@$$CBHV?$basic_string@DU?$char_traits@D@std@@V?$allocator@D@2@@std@@@std@@@std@@@std@@@std@@QAE@XZ 00460850 f i database.obj
 0002:000108f0       ??1?$_Tree_unchecked_const_iterator@V?$_Tree_val@U?$_Tree_simple_types@U?$pair@$$CBHV?$basic_string@DU?$char_traits@D@std@@V?$allocator@D@2@@std@@@std@@@std@@@std@@U_Iterator_base12@2@@std@@QAE@XZ 004608f0 f i database.obj
 0002:00010990       ??1?$_Tree_val@U?$_Tree_simple_types@U?$pair@$$CBHV?$basic_string@DU?$char_traits@D@std@@V?$allocator@D@2@@std@@@std@@@std@@@std@@QAE@XZ 00460990 f i database.obj
 0002:00010a40       ??1?$basic_string@DU?$char_traits@D@std@@V?$allocator@D@2@@std@@QAE@XZ 00460a40 f i database.obj
 0002:00010af0       ??1?$map@HV?$basic_string@DU?$char_traits@D@std@@V?$allocator@D@2@@std@@U?$less@H@2@V?$allocator@U?$pair@$$CBHV?$basic_string@DU?$char_traits@D@std@@V?$allocator@D@2@@std@@@std@@@2@@std@@QAE@XZ 00460af0 f i database.obj
 0002:00010b90       ??1?$pair@$$CBHV?$basic_string@DU?$char_traits@D@std@@V?$allocator@D@2@@std@@@std@@QAE@XZ 00460b90 f i database.obj
 0002:00010c30       ??1?$pair@HV?$basic_string@DU?$char_traits@D@std@@V?$allocator@D@2@@std@@@std@@QAE@XZ 00460c30 f i database.obj
 0002:00010cd0       ??1?$pair@V?$_Tree_iterator@V?$_Tree_val@U?$_Tree_simple_types@U?$pair@$$CBHV?$basic_string@DU?$char_traits@D@std@@V?$allocator@D@2@@std@@@std@@@std@@@std@@@std@@_N@std@@QAE@XZ 00460cd0 f i database.obj
 0002:00010d70       ??1_Generic_error_category@std@@UAE@XZ 00460d70 f i database.obj
 0002:00010e10       ??1_Iostream_error_category@std@@UAE@XZ 00460e10 f i database.obj
 0002:00010eb0       ??1_Iterator_base12@std@@QAE@XZ 00460eb0 f i database.obj
 0002:00010fb0       ??1_System_error_category@std@@UAE@XZ 00460fb0 f i database.obj
 0002:00011050       ??1database@@UAE@XZ        00461050 f i database.obj
 0002:00011110       ??1error_category@std@@UAE@XZ 00461110 f i database.obj
 0002:00011150       ??2@YAPAXIPAX@Z            00461150 f i database.obj
 0002:00011190       ??3@YAXPAX0@Z              00461190 f i database.obj
 0002:000111c0       ??4?$_Iterator012@Ubidirectional_iterator_tag@std@@U?$pair@$$CBHV?$basic_string@DU?$char_traits@D@std@@V?$allocator@D@2@@std@@@2@HPBU32@ABU32@U_Iterator_base12@2@@std@@QAEAAU01@ABU01@@Z 004611c0 f i database.obj
 0002:00011220       ??4?$_Tree_const_iterator@V?$_Tree_val@U?$_Tree_simple_types@U?$pair@$$CBHV?$basic_string@DU?$char_traits@D@std@@V?$allocator@D@2@@std@@@std@@@std@@@std@@@std@@QAEAAV01@ABV01@@Z 00461220 f i database.obj
 0002:00011280       ??4?$_Tree_iterator@V?$_Tree_val@U?$_Tree_simple_types@U?$pair@$$CBHV?$basic_string@DU?$char_traits@D@std@@V?$allocator@D@2@@std@@@std@@@std@@@std@@@std@@QAEAAV01@ABV01@@Z 00461280 f i database.obj
 0002:000112e0       ??4?$_Tree_unchecked_const_iterator@V?$_Tree_val@U?$_Tree_simple_types@U?$pair@$$CBHV?$basic_string@DU?$char_traits@D@std@@V?$allocator@D@2@@std@@@std@@@std@@@std@@U_Iterator_base12@2@@std@@QAEAAV01@ABV01@@Z 004612e0 f i database.obj
 0002:00011350       ??4?$basic_string@DU?$char_traits@D@std@@V?$allocator@D@2@@std@@QAEAAV01@PBD@Z 00461350 f i database.obj
 0002:000113b0       ??4_Iterator_base12@std@@QAEAAU01@ABU01@@Z 004613b0 f i database.obj
 0002:000114f0       ??8?$_Tree_const_iterator@V?$_Tree_val@U?$_Tree_simple_types@U?$pair@$$CBHV?$basic_string@DU?$char_traits@D@std@@V?$allocator@D@2@@std@@@std@@@std@@@std@@@std@@QBE_NABV01@@Z 004614f0 f i database.obj
 0002:00011650       ??8error_category@std@@QBE_NABV01@@Z 00461650 f i database.obj
 0002:000116c0       ??8error_condition@std@@QBE_NABV01@@Z 004616c0 f i database.obj
 0002:00011770       ??9?$_Tree_const_iterator@V?$_Tree_val@U?$_Tree_simple_types@U?$pair@$$CBHV?$basic_string@DU?$char_traits@D@std@@V?$allocator@D@2@@std@@@std@@@std@@@std@@@std@@QBE_NABV01@@Z 00461770 f i database.obj
 0002:00011800       ??C?$_Tree_const_iterator@V?$_Tree_val@U?$_Tree_simple_types@U?$pair@$$CBHV?$basic_string@DU?$char_traits@D@std@@V?$allocator@D@2@@std@@@std@@@std@@@std@@@std@@QBEPBU?$pair@$$CBHV?$basic_string@DU?$char_traits@D@std@@V?$allocator@D@2@@std@@@1@XZ 00461800 f i database.obj
 0002:00011860       ??C?$_Tree_iterator@V?$_Tree_val@U?$_Tree_simple_types@U?$pair@$$CBHV?$basic_string@DU?$char_traits@D@std@@V?$allocator@D@2@@std@@@std@@@std@@@std@@@std@@QBEPAU?$pair@$$CBHV?$basic_string@DU?$char_traits@D@std@@V?$allocator@D@2@@std@@@1@XZ 00461860 f i database.obj
 0002:000118c0       ??D?$_Tree_const_iterator@V?$_Tree_val@U?$_Tree_simple_types@U?$pair@$$CBHV?$basic_string@DU?$char_traits@D@std@@V?$allocator@D@2@@std@@@std@@@std@@@std@@@std@@QBEABU?$pair@$$CBHV?$basic_string@DU?$char_traits@D@std@@V?$allocator@D@2@@std@@@1@XZ 004618c0 f i database.obj
 0002:00011a00       ??D?$_Tree_iterator@V?$_Tree_val@U?$_Tree_simple_types@U?$pair@$$CBHV?$basic_string@DU?$char_traits@D@std@@V?$allocator@D@2@@std@@@std@@@std@@@std@@@std@@QBEAAU?$pair@$$CBHV?$basic_string@DU?$char_traits@D@std@@V?$allocator@D@2@@std@@@1@XZ 00461a00 f i database.obj
 0002:00011a50       ??E?$_Tree_const_iterator@V?$_Tree_val@U?$_Tree_simple_types@U?$pair@$$CBHV?$basic_string@DU?$char_traits@D@std@@V?$allocator@D@2@@std@@@std@@@std@@@std@@@std@@QAE?AV01@H@Z 00461a50 f i database.obj
 0002:00011b70       ??E?$_Tree_const_iterator@V?$_Tree_val@U?$_Tree_simple_types@U?$pair@$$CBHV?$basic_string@DU?$char_traits@D@std@@V?$allocator@D@2@@std@@@std@@@std@@@std@@@std@@QAEAAV01@XZ 00461b70 f i database.obj
 0002:00011cb0       ??E?$_Tree_iterator@V?$_Tree_val@U?$_Tree_simple_types@U?$pair@$$CBHV?$basic_string@DU?$char_traits@D@std@@V?$allocator@D@2@@std@@@std@@@std@@@std@@@std@@QAEAAV01@XZ 00461cb0 f i database.obj
 0002:00011d10       ??E?$_Tree_unchecked_const_iterator@V?$_Tree_val@U?$_Tree_simple_types@U?$pair@$$CBHV?$basic_string@DU?$char_traits@D@std@@V?$allocator@D@2@@std@@@std@@@std@@@std@@U_Iterator_base12@2@@std@@QAEAAV01@XZ 00461d10 f i database.obj
 0002:00011e40       ??F?$_Tree_const_iterator@V?$_Tree_val@U?$_Tree_simple_types@U?$pair@$$CBHV?$basic_string@DU?$char_traits@D@std@@V?$allocator@D@2@@std@@@std@@@std@@@std@@@std@@QAEAAV01@XZ 00461e40 f i database.obj
 0002:00012020       ??F?$_Tree_iterator@V?$_Tree_val@U?$_Tree_simple_types@U?$pair@$$CBHV?$basic_string@DU?$char_traits@D@std@@V?$allocator@D@2@@std@@@std@@@std@@@std@@@std@@QAEAAV01@XZ 00462020 f i database.obj
 0002:00012080       ??F?$_Tree_unchecked_const_iterator@V?$_Tree_val@U?$_Tree_simple_types@U?$pair@$$CBHV?$basic_string@DU?$char_traits@D@std@@V?$allocator@D@2@@std@@@std@@@std@@@std@@U_Iterator_base12@2@@std@@QAEAAV01@XZ 00462080 f i database.obj
 0002:000121e0       ??R?$less@H@std@@QBE_NABH0@Z 004621e0 f i database.obj
 0002:00012250       ??_G?$pair@$$CBHV?$basic_string@DU?$char_traits@D@std@@V?$allocator@D@2@@std@@@std@@QAEPAXI@Z 00462250 f i database.obj
 0002:000122c0       ??_E_Generic_error_category@std@@UAEPAXI@Z 004622c0 f i database.obj
 0002:000122c0       ??_G_Generic_error_category@std@@UAEPAXI@Z 004622c0 f i database.obj
 0002:00012330       ??_E_Iostream_error_category@std@@UAEPAXI@Z 00462330 f i database.obj
 0002:00012330       ??_G_Iostream_error_category@std@@UAEPAXI@Z 00462330 f i database.obj
 0002:000123a0       ??_G_System_error_category@std@@UAEPAXI@Z 004623a0 f i database.obj
 0002:000123a0       ??_E_System_error_category@std@@UAEPAXI@Z 004623a0 f i database.obj
 0002:00012410       ??_Gdatabase@@UAEPAXI@Z    00462410 f i database.obj
 0002:00012410       ??_Edatabase@@UAEPAXI@Z    00462410 f i database.obj
 0002:00012480       ??_Eerror_category@std@@UAEPAXI@Z 00462480 f i database.obj
 0002:00012480       ??_Gerror_category@std@@UAEPAXI@Z 00462480 f i database.obj
 0002:000124f0       ?_Adopt@_Iterator_base12@std@@QAEXPBU_Container_base12@2@@Z 004624f0 f i database.obj
 0002:000126a0       ?_Alloc_proxy@?$_String_alloc@$0A@U?$_String_base_types@DV?$allocator@D@std@@@std@@@std@@QAEXXZ 004626a0 f i database.obj
 0002:00012770       ?_Alloc_proxy@?$_Tree_alloc@$0A@U?$_Tree_base_types@U?$pair@$$CBHV?$basic_string@DU?$char_traits@D@std@@V?$allocator@D@2@@std@@@std@@V?$allocator@U?$pair@$$CBHV?$basic_string@DU?$char_traits@D@std@@V?$allocator@D@2@@std@@@std@@@2@@std@@@std@@QAEXXZ 00462770 f i database.obj
 0002:00012850       ?_Assign_rv@?$basic_string@DU?$char_traits@D@std@@V?$allocator@D@2@@std@@QAEX$$QAV12@@Z 00462850 f i database.obj
 0002:00012940       ?_Buyheadnode@?$_Tree_alloc@$0A@U?$_Tree_base_types@U?$pair@$$CBHV?$basic_string@DU?$char_traits@D@std@@V?$allocator@D@2@@std@@@std@@V?$allocator@U?$pair@$$CBHV?$basic_string@DU?$char_traits@D@std@@V?$allocator@D@2@@std@@@std@@@2@@std@@@std@@QAEPAU?$_Tree_node@U?$pair@$$CBHV?$basic_string@DU?$char_traits@D@std@@V?$allocator@D@2@@std@@@std@@PAX@2@XZ 00462940 f i database.obj
 0002:00012b50       ?_Buynode0@?$_Tree_buy@U?$pair@$$CBHV?$basic_string@DU?$char_traits@D@std@@V?$allocator@D@2@@std@@@std@@V?$allocator@U?$pair@$$CBHV?$basic_string@DU?$char_traits@D@std@@V?$allocator@D@2@@std@@@std@@@2@@std@@QAEPAU?$_Tree_node@U?$pair@$$CBHV?$basic_string@DU?$char_traits@D@std@@V?$allocator@D@2@@std@@@std@@PAX@2@XZ 00462b50 f i database.obj
 0002:00012d10       ?_Clrcont@_Iterator_base12@std@@QAEXXZ 00462d10 f i database.obj
 0002:00012d50       ?_Color@?$_Tree_val@U?$_Tree_simple_types@U?$pair@$$CBHV?$basic_string@DU?$char_traits@D@std@@V?$allocator@D@2@@std@@@std@@@std@@@std@@SAAADPAU?$_Tree_node@U?$pair@$$CBHV?$basic_string@DU?$char_traits@D@std@@V?$allocator@D@2@@std@@@std@@PAX@2@@Z 00462d50 f i database.obj
 0002:00012d90       ?_Copy@?$basic_string@DU?$char_traits@D@std@@V?$allocator@D@2@@std@@QAEXII@Z 00462d90 f i database.obj
 0002:00013010       ?_Destroy_if_not_nil@?$_Tree@V?$_Tmap_traits@HV?$basic_string@DU?$char_traits@D@std@@V?$allocator@D@2@@std@@U?$less@H@2@V?$allocator@U?$pair@$$CBHV?$basic_string@DU?$char_traits@D@std@@V?$allocator@D@2@@std@@@std@@@2@$0A@@std@@@std@@IAEXPAU?$_Tree_node@U?$pair@$$CBHV?$basic_string@DU?$char_traits@D@std@@V?$allocator@D@2@@std@@@std@@PAX@2@@Z 00463010 f i database.obj
 0002:000130c0       ?_Eos@?$basic_string@DU?$char_traits@D@std@@V?$allocator@D@2@@std@@QAEXI@Z 004630c0 f i database.obj
 0002:00013140       ?_Erase@?$_Tree@V?$_Tmap_traits@HV?$basic_string@DU?$char_traits@D@std@@V?$allocator@D@2@@std@@U?$less@H@2@V?$allocator@U?$pair@$$CBHV?$basic_string@DU?$char_traits@D@std@@V?$allocator@D@2@@std@@@std@@@2@$0A@@std@@@std@@IAEXPAU?$_Tree_node@U?$pair@$$CBHV?$basic_string@DU?$char_traits@D@std@@V?$allocator@D@2@@std@@@std@@PAX@2@@Z 00463140 f i database.obj
 0002:00013250       ?_Free_proxy@?$_String_alloc@$0A@U?$_String_base_types@DV?$allocator@D@std@@@std@@@std@@QAEXXZ 00463250 f i database.obj
 0002:00013330       ?_Free_proxy@?$_Tree_alloc@$0A@U?$_Tree_base_types@U?$pair@$$CBHV?$basic_string@DU?$char_traits@D@std@@V?$allocator@D@2@@std@@@std@@V?$allocator@U?$pair@$$CBHV?$basic_string@DU?$char_traits@D@std@@V?$allocator@D@2@@std@@@std@@@2@@std@@@std@@QAEXXZ 00463330 f i database.obj
 0002:00013420       ?_Freeheadnode@?$_Tree_alloc@$0A@U?$_Tree_base_types@U?$pair@$$CBHV?$basic_string@DU?$char_traits@D@std@@V?$allocator@D@2@@std@@@std@@V?$allocator@U?$pair@$$CBHV?$basic_string@DU?$char_traits@D@std@@V?$allocator@D@2@@std@@@std@@@2@@std@@@std@@QAEXPAU?$_Tree_node@U?$pair@$$CBHV?$basic_string@DU?$char_traits@D@std@@V?$allocator@D@2@@std@@@std@@PAX@2@@Z 00463420 f i database.obj
 0002:00013530       ?_Freenode0@?$_Tree_buy@U?$pair@$$CBHV?$basic_string@DU?$char_traits@D@std@@V?$allocator@D@2@@std@@@std@@V?$allocator@U?$pair@$$CBHV?$basic_string@DU?$char_traits@D@std@@V?$allocator@D@2@@std@@@std@@@2@@std@@QAEXPAU?$_Tree_node@U?$pair@$$CBHV?$basic_string@DU?$char_traits@D@std@@V?$allocator@D@2@@std@@@std@@PAX@2@@Z 00463530 f i database.obj
 0002:00013640       ?_Getal@?$_String_alloc@$0A@U?$_String_base_types@DV?$allocator@D@std@@@std@@@std@@QBE?AU?$_Wrap_alloc@V?$allocator@D@std@@@2@XZ 00463640 f i database.obj
 0002:000136a0       ?_Getal@?$_Tree_alloc@$0A@U?$_Tree_base_types@U?$pair@$$CBHV?$basic_string@DU?$char_traits@D@std@@V?$allocator@D@2@@std@@@std@@V?$allocator@U?$pair@$$CBHV?$basic_string@DU?$char_traits@D@std@@V?$allocator@D@2@@std@@@std@@@2@@std@@@std@@QBE?AU?$_Wrap_alloc@V?$allocator@U?$_Tree_node@U?$pair@$$CBHV?$basic_string@DU?$char_traits@D@std@@V?$allocator@D@2@@std@@@std@@PAX@std@@@std@@@2@XZ 004636a0 f i database.obj
 0002:00013700       ?_Getcomp@?$_Tree_comp@$0A@V?$_Tmap_traits@HV?$basic_string@DU?$char_traits@D@std@@V?$allocator@D@2@@std@@U?$less@H@2@V?$allocator@U?$pair@$$CBHV?$basic_string@DU?$char_traits@D@std@@V?$allocator@D@2@@std@@@std@@@2@$0A@@std@@@std@@QBE?AU?$less@H@2@XZ 00463700 f i database.obj
 0002:00013740       ?_Getcont@_Iterator_base12@std@@QBEPBU_Container_base12@2@XZ 00463740 f i database.obj
 0002:000137b0       ?_Getpnext@_Iterator_base12@std@@QAEPAPAU12@XZ 004637b0 f i database.obj
 0002:000137f0       ?_Grow@?$basic_string@DU?$char_traits@D@std@@V?$allocator@D@2@@std@@QAE_NI_N@Z 004637f0 f i database.obj
 0002:00013910       ?_Inside@?$basic_string@DU?$char_traits@D@std@@V?$allocator@D@2@@std@@QAE_NPBD@Z 00463910 f i database.obj
 0002:00013990       ?_Isnil@?$_Tree_val@U?$_Tree_simple_types@U?$pair@$$CBHV?$basic_string@DU?$char_traits@D@std@@V?$allocator@D@2@@std@@@std@@@std@@@std@@SAAADPAU?$_Tree_node@U?$pair@$$CBHV?$basic_string@DU?$char_traits@D@std@@V?$allocator@D@2@@std@@@std@@PAX@2@@Z 00463990 f i database.obj
 0002:000139d0       ?_Key@?$_Tree@V?$_Tmap_traits@HV?$basic_string@DU?$char_traits@D@std@@V?$allocator@D@2@@std@@U?$less@H@2@V?$allocator@U?$pair@$$CBHV?$basic_string@DU?$char_traits@D@std@@V?$allocator@D@2@@std@@@std@@@2@$0A@@std@@@std@@IBEABHPAU?$_Tree_node@U?$pair@$$CBHV?$basic_string@DU?$char_traits@D@std@@V?$allocator@D@2@@std@@@std@@PAX@2@@Z 004639d0 f i database.obj
 0002:00013a40       ?_Kfn@?$_Tree@V?$_Tmap_traits@HV?$basic_string@DU?$char_traits@D@std@@V?$allocator@D@2@@std@@U?$less@H@2@V?$allocator@U?$pair@$$CBHV?$basic_string@DU?$char_traits@D@std@@V?$allocator@D@2@@std@@@std@@@2@$0A@@std@@@std@@IBEABHABU?$pair@$$CBHV?$basic_string@DU?$char_traits@D@std@@V?$allocator@D@2@@std@@@2@@Z 00463a40 f i database.obj
 0002:00013aa0       ?_Lbound@?$_Tree@V?$_Tmap_traits@HV?$basic_string@DU?$char_traits@D@std@@V?$allocator@D@2@@std@@U?$less@H@2@V?$allocator@U?$pair@$$CBHV?$basic_string@DU?$char_traits@D@std@@V?$allocator@D@2@@std@@@std@@@2@$0A@@std@@@std@@IAEPAU?$_Tree_node@U?$pair@$$CBHV?$basic_string@DU?$char_traits@D@std@@V?$allocator@D@2@@std@@@std@@PAX@2@ABH@Z 00463aa0 f i database.obj
 0002:00013bb0       ?_Left@?$_Tree_val@U?$_Tree_simple_types@U?$pair@$$CBHV?$basic_string@DU?$char_traits@D@std@@V?$allocator@D@2@@std@@@std@@@std@@@std@@SAAAPAU?$_Tree_node@U?$pair@$$CBHV?$basic_string@DU?$char_traits@D@std@@V?$allocator@D@2@@std@@@std@@PAX@2@PAU32@@Z 00463bb0 f i database.obj
 0002:00013bf0       ?_Lmost@?$_Tree@V?$_Tmap_traits@HV?$basic_string@DU?$char_traits@D@std@@V?$allocator@D@2@@std@@U?$less@H@2@V?$allocator@U?$pair@$$CBHV?$basic_string@DU?$char_traits@D@std@@V?$allocator@D@2@@std@@@std@@@2@$0A@@std@@@std@@IBEAAPAU?$_Tree_node@U?$pair@$$CBHV?$basic_string@DU?$char_traits@D@std@@V?$allocator@D@2@@std@@@std@@PAX@2@XZ 00463bf0 f i database.obj
 0002:00013c50       ?_Lrotate@?$_Tree@V?$_Tmap_traits@HV?$basic_string@DU?$char_traits@D@std@@V?$allocator@D@2@@std@@U?$less@H@2@V?$allocator@U?$pair@$$CBHV?$basic_string@DU?$char_traits@D@std@@V?$allocator@D@2@@std@@@std@@@2@$0A@@std@@@std@@IAEXPAU?$_Tree_node@U?$pair@$$CBHV?$basic_string@DU?$char_traits@D@std@@V?$allocator@D@2@@std@@@std@@PAX@2@@Z 00463c50 f i database.obj
 0002:00013e00       ?_Max@?$_Tree_val@U?$_Tree_simple_types@U?$pair@$$CBHV?$basic_string@DU?$char_traits@D@std@@V?$allocator@D@2@@std@@@std@@@std@@@std@@SAPAU?$_Tree_node@U?$pair@$$CBHV?$basic_string@DU?$char_traits@D@std@@V?$allocator@D@2@@std@@@std@@PAX@2@PAU32@@Z 00463e00 f i database.obj
 0002:00013e80       ?_Min@?$_Tree_val@U?$_Tree_simple_types@U?$pair@$$CBHV?$basic_string@DU?$char_traits@D@std@@V?$allocator@D@2@@std@@@std@@@std@@@std@@SAPAU?$_Tree_node@U?$pair@$$CBHV?$basic_string@DU?$char_traits@D@std@@V?$allocator@D@2@@std@@@std@@PAX@2@PAU32@@Z 00463e80 f i database.obj
 0002:00013f00       ?_Mynode@?$_Tree_unchecked_const_iterator@V?$_Tree_val@U?$_Tree_simple_types@U?$pair@$$CBHV?$basic_string@DU?$char_traits@D@std@@V?$allocator@D@2@@std@@@std@@@std@@@std@@U_Iterator_base12@2@@std@@QBEPAU?$_Tree_node@U?$pair@$$CBHV?$basic_string@DU?$char_traits@D@std@@V?$allocator@D@2@@std@@@std@@PAX@2@XZ 00463f00 f i database.obj
 0002:00013f40       ?_Myptr@?$_String_val@U?$_Simple_types@D@std@@@std@@QAEPADXZ 00463f40 f i database.obj
 0002:00013fd0       ?_Myptr@?$_String_val@U?$_Simple_types@D@std@@@std@@QBEPBDXZ 00463fd0 f i database.obj
 0002:00014060       ?_Myval@?$_Tree_val@U?$_Tree_simple_types@U?$pair@$$CBHV?$basic_string@DU?$char_traits@D@std@@V?$allocator@D@2@@std@@@std@@@std@@@std@@SAAAU?$pair@$$CBHV?$basic_string@DU?$char_traits@D@std@@V?$allocator@D@2@@std@@@2@PAU?$_Tree_node@U?$pair@$$CBHV?$basic_string@DU?$char_traits@D@std@@V?$allocator@D@2@@std@@@std@@PAX@2@@Z 00464060 f i database.obj
 0002:000140a0       ?_Orphan_me@_Iterator_base12@std@@QAEXXZ 004640a0 f i database.obj
 0002:00014170       ?_Orphan_ptr@?$_Tree@V?$_Tmap_traits@HV?$basic_string@DU?$char_traits@D@std@@V?$allocator@D@2@@std@@U?$less@H@2@V?$allocator@U?$pair@$$CBHV?$basic_string@DU?$char_traits@D@std@@V?$allocator@D@2@@std@@@std@@@2@$0A@@std@@@std@@IBEXAAV12@PAU?$_Tree_node@U?$pair@$$CBHV?$basic_string@DU?$char_traits@D@std@@V?$allocator@D@2@@std@@@std@@PAX@2@@Z 00464170 f i database.obj
 0002:00014300       ?_Parent@?$_Tree_val@U?$_Tree_simple_types@U?$pair@$$CBHV?$basic_string@DU?$char_traits@D@std@@V?$allocator@D@2@@std@@@std@@@std@@@std@@SAAAPAU?$_Tree_node@U?$pair@$$CBHV?$basic_string@DU?$char_traits@D@std@@V?$allocator@D@2@@std@@@std@@PAX@2@PAU32@@Z 00464300 f i database.obj
 0002:00014340       ?_Right@?$_Tree_val@U?$_Tree_simple_types@U?$pair@$$CBHV?$basic_string@DU?$char_traits@D@std@@V?$allocator@D@2@@std@@@std@@@std@@@std@@SAAAPAU?$_Tree_node@U?$pair@$$CBHV?$basic_string@DU?$char_traits@D@std@@V?$allocator@D@2@@std@@@std@@PAX@2@PAU32@@Z 00464340 f i database.obj
 0002:00014380       ?_Rmost@?$_Tree@V?$_Tmap_traits@HV?$basic_string@DU?$char_traits@D@std@@V?$allocator@D@2@@std@@U?$less@H@2@V?$allocator@U?$pair@$$CBHV?$basic_string@DU?$char_traits@D@std@@V?$allocator@D@2@@std@@@std@@@2@$0A@@std@@@std@@IBEAAPAU?$_Tree_node@U?$pair@$$CBHV?$basic_string@DU?$char_traits@D@std@@V?$allocator@D@2@@std@@@std@@PAX@2@XZ 00464380 f i database.obj
 0002:000143e0       ?_Root@?$_Tree@V?$_Tmap_traits@HV?$basic_string@DU?$char_traits@D@std@@V?$allocator@D@2@@std@@U?$less@H@2@V?$allocator@U?$pair@$$CBHV?$basic_string@DU?$char_traits@D@std@@V?$allocator@D@2@@std@@@std@@@2@$0A@@std@@@std@@IBEAAPAU?$_Tree_node@U?$pair@$$CBHV?$basic_string@DU?$char_traits@D@std@@V?$allocator@D@2@@std@@@std@@PAX@2@XZ 004643e0 f i database.obj
 0002:00014440       ?_Rrotate@?$_Tree@V?$_Tmap_traits@HV?$basic_string@DU?$char_traits@D@std@@V?$allocator@D@2@@std@@U?$less@H@2@V?$allocator@U?$pair@$$CBHV?$basic_string@DU?$char_traits@D@std@@V?$allocator@D@2@@std@@@std@@@2@$0A@@std@@@std@@IAEXPAU?$_Tree_node@U?$pair@$$CBHV?$basic_string@DU?$char_traits@D@std@@V?$allocator@D@2@@std@@@std@@PAX@2@@Z 00464440 f i database.obj
 0002:000145f0       ?_Tidy@?$_Tree@V?$_Tmap_traits@HV?$basic_string@DU?$char_traits@D@std@@V?$allocator@D@2@@std@@U?$less@H@2@V?$allocator@U?$pair@$$CBHV?$basic_string@DU?$char_traits@D@std@@V?$allocator@D@2@@std@@@std@@@2@$0A@@std@@@std@@IAEXXZ 004645f0 f i database.obj
 0002:00014790       ?_Tidy@?$basic_string@DU?$char_traits@D@std@@V?$allocator@D@2@@std@@QAEX_NI@Z 00464790 f i database.obj
 0002:000148a0       ?_Xlen@?$basic_string@DU?$char_traits@D@std@@V?$allocator@D@2@@std@@QBEXXZ 004648a0 f i database.obj
 0002:00014900       ?_Xran@?$basic_string@DU?$char_traits@D@std@@V?$allocator@D@2@@std@@QBEXXZ 00464900 f i database.obj
 0002:00014960       ?allocate@?$_Wrap_alloc@V?$allocator@D@std@@@std@@QAEPADI@Z 00464960 f i database.obj
 0002:000149c0       ?allocate@?$_Wrap_alloc@V?$allocator@U?$_Tree_node@U?$pair@$$CBHV?$basic_string@DU?$char_traits@D@std@@V?$allocator@D@2@@std@@@std@@PAX@std@@@std@@@std@@QAEPAU?$_Tree_node@U?$pair@$$CBHV?$basic_string@DU?$char_traits@D@std@@V?$allocator@D@2@@std@@@std@@PAX@2@I@Z 004649c0 f i database.obj
 0002:00014a20       ?allocate@?$_Wrap_alloc@V?$allocator@U_Container_proxy@std@@@std@@@std@@QAEPAU_Container_proxy@2@I@Z 00464a20 f i database.obj
 0002:00014a80       ?allocate@?$allocator@D@std@@QAEPADI@Z 00464a80 f i database.obj
 0002:00014ae0       ?allocate@?$allocator@U?$_Tree_node@U?$pair@$$CBHV?$basic_string@DU?$char_traits@D@std@@V?$allocator@D@2@@std@@@std@@PAX@std@@@std@@QAEPAU?$_Tree_node@U?$pair@$$CBHV?$basic_string@DU?$char_traits@D@std@@V?$allocator@D@2@@std@@@std@@PAX@2@I@Z 00464ae0 f i database.obj
 0002:00014b40       ?allocate@?$allocator@U_Container_proxy@std@@@std@@QAEPAU_Container_proxy@2@I@Z 00464b40 f i database.obj
 0002:00014ba0       ?assign@?$basic_string@DU?$char_traits@D@std@@V?$allocator@D@2@@std@@QAEAAV12@ABV12@II@Z 00464ba0 f i database.obj
 0002:00014cb0       ?assign@?$basic_string@DU?$char_traits@D@std@@V?$allocator@D@2@@std@@QAEAAV12@PBD@Z 00464cb0 f i database.obj
 0002:00014d40       ?assign@?$basic_string@DU?$char_traits@D@std@@V?$allocator@D@2@@std@@QAEAAV12@PBDI@Z 00464d40 f i database.obj
 0002:00014e40       ?assign@?$char_traits@D@std@@SAXAADABD@Z 00464e40 f i database.obj
 0002:00014e80       ?begin@?$_Tree@V?$_Tmap_traits@HV?$basic_string@DU?$char_traits@D@std@@V?$allocator@D@2@@std@@U?$less@H@2@V?$allocator@U?$pair@$$CBHV?$basic_string@DU?$char_traits@D@std@@V?$allocator@D@2@@std@@@std@@@2@$0A@@std@@@std@@QAE?AV?$_Tree_iterator@V?$_Tree_val@U?$_Tree_simple_types@U?$pair@$$CBHV?$basic_string@DU?$char_traits@D@std@@V?$allocator@D@2@@std@@@std@@@std@@@std@@@2@XZ 00464e80 f i database.obj
 0002:00014f50       ?c_str@?$basic_string@DU?$char_traits@D@std@@V?$allocator@D@2@@std@@QBEPBDXZ 00464f50 f i database.obj
 0002:00014fa0       ?category@error_code@std@@QBEABVerror_category@2@XZ 00464fa0 f i database.obj
 0002:00014fe0       ?category@error_condition@std@@QBEABVerror_category@2@XZ 00464fe0 f i database.obj
 0002:00015020       ?clear@?$_Tree@V?$_Tmap_traits@HV?$basic_string@DU?$char_traits@D@std@@V?$allocator@D@2@@std@@U?$less@H@2@V?$allocator@U?$pair@$$CBHV?$basic_string@DU?$char_traits@D@std@@V?$allocator@D@2@@std@@@std@@@2@$0A@@std@@@std@@QAEXXZ 00465020 f i database.obj
 0002:000150e0       ?compare@?$basic_string@DU?$char_traits@D@std@@V?$allocator@D@2@@std@@QBEHIIPBDI@Z 004650e0 f i database.obj
 0002:00015250       ?compare@?$basic_string@DU?$char_traits@D@std@@V?$allocator@D@2@@std@@QBEHPBD@Z 00465250 f i database.obj
 0002:000152e0       ?compare@?$char_traits@D@std@@SAHPBD0I@Z 004652e0 f i database.obj
 0002:00015360       ?copy@?$char_traits@D@std@@SAPADPADPBDI@Z 00465360 f i database.obj
 0002:000153e0       ?deallocate@?$_Wrap_alloc@V?$allocator@D@std@@@std@@QAEXPADI@Z 004653e0 f i database.obj
 0002:00015440       ?deallocate@?$_Wrap_alloc@V?$allocator@U?$_Tree_node@U?$pair@$$CBHV?$basic_string@DU?$char_traits@D@std@@V?$allocator@D@2@@std@@@std@@PAX@std@@@std@@@std@@QAEXPAU?$_Tree_node@U?$pair@$$CBHV?$basic_string@DU?$char_traits@D@std@@V?$allocator@D@2@@std@@@std@@PAX@2@I@Z 00465440 f i database.obj
 0002:000154a0       ?deallocate@?$_Wrap_alloc@V?$allocator@U_Container_proxy@std@@@std@@@std@@QAEXPAU_Container_proxy@2@I@Z 004654a0 f i database.obj
 0002:00015500       ?deallocate@?$allocator@D@std@@QAEXPADI@Z 00465500 f i database.obj
 0002:00015560       ?deallocate@?$allocator@U?$_Tree_node@U?$pair@$$CBHV?$basic_string@DU?$char_traits@D@std@@V?$allocator@D@2@@std@@@std@@PAX@std@@@std@@QAEXPAU?$_Tree_node@U?$pair@$$CBHV?$basic_string@DU?$char_traits@D@std@@V?$allocator@D@2@@std@@@std@@PAX@2@I@Z 00465560 f i database.obj
 0002:000155c0       ?deallocate@?$allocator@U_Container_proxy@std@@@std@@QAEXPAU_Container_proxy@2@I@Z 004655c0 f i database.obj
 0002:00015620       ?default_error_condition@_System_error_category@std@@UBE?AVerror_condition@2@H@Z 00465620 f i database.obj
 0002:000156d0       ?default_error_condition@error_category@std@@UBE?AVerror_condition@2@H@Z 004656d0 f i database.obj
 0002:00015730       ?end@?$_Tree@V?$_Tmap_traits@HV?$basic_string@DU?$char_traits@D@std@@V?$allocator@D@2@@std@@U?$less@H@2@V?$allocator@U?$pair@$$CBHV?$basic_string@DU?$char_traits@D@std@@V?$allocator@D@2@@std@@@std@@@2@$0A@@std@@@std@@QAE?AV?$_Tree_iterator@V?$_Tree_val@U?$_Tree_simple_types@U?$pair@$$CBHV?$basic_string@DU?$char_traits@D@std@@V?$allocator@D@2@@std@@@std@@@std@@@std@@@2@XZ 00465730 f i database.obj
 0002:000157f0       ?equivalent@error_category@std@@UBE_NABVerror_code@2@H@Z 004657f0 f i database.obj
 0002:00015890       ?equivalent@error_category@std@@UBE_NHABVerror_condition@2@@Z 00465890 f i database.obj
 0002:00015910       ?erase@?$_Tree@V?$_Tmap_traits@HV?$basic_string@DU?$char_traits@D@std@@V?$allocator@D@2@@std@@U?$less@H@2@V?$allocator@U?$pair@$$CBHV?$basic_string@DU?$char_traits@D@std@@V?$allocator@D@2@@std@@@std@@@2@$0A@@std@@@std@@QAE?AV?$_Tree_iterator@V?$_Tree_val@U?$_Tree_simple_types@U?$pair@$$CBHV?$basic_string@DU?$char_traits@D@std@@V?$allocator@D@2@@std@@@std@@@std@@@std@@@2@V?$_Tree_const_iterator@V?$_Tree_val@U?$_Tree_simple_types@U?$pair@$$CBHV?$basic_string@DU?$char_traits@D@std@@V?$allocator@D@2@@std@@@std@@@std@@@std@@@2@0@Z 00465910 f i database.obj
 0002:00015c40       ?erase@?$_Tree@V?$_Tmap_traits@HV?$basic_string@DU?$char_traits@D@std@@V?$allocator@D@2@@std@@U?$less@H@2@V?$allocator@U?$pair@$$CBHV?$basic_string@DU?$char_traits@D@std@@V?$allocator@D@2@@std@@@std@@@2@$0A@@std@@@std@@QAE?AV?$_Tree_iterator@V?$_Tree_val@U?$_Tree_simple_types@U?$pair@$$CBHV?$basic_string@DU?$char_traits@D@std@@V?$allocator@D@2@@std@@@std@@@std@@@std@@@2@V?$_Tree_const_iterator@V?$_Tree_val@U?$_Tree_simple_types@U?$pair@$$CBHV?$basic_string@DU?$char_traits@D@std@@V?$allocator@D@2@@std@@@std@@@std@@@std@@@2@@Z 00465c40 f i database.obj
 0002:000166c0       ?erase@?$basic_string@DU?$char_traits@D@std@@V?$allocator@D@2@@std@@QAEAAV12@I@Z 004666c0 f i database.obj
 0002:00016740       ?erase@?$basic_string@DU?$char_traits@D@std@@V?$allocator@D@2@@std@@QAEAAV12@II@Z 00466740 f i database.obj
 0002:00016820       ?find@?$_Tree@V?$_Tmap_traits@HV?$basic_string@DU?$char_traits@D@std@@V?$allocator@D@2@@std@@U?$less@H@2@V?$allocator@U?$pair@$$CBHV?$basic_string@DU?$char_traits@D@std@@V?$allocator@D@2@@std@@@std@@@2@$0A@@std@@@std@@QAE?AV?$_Tree_iterator@V?$_Tree_val@U?$_Tree_simple_types@U?$pair@$$CBHV?$basic_string@DU?$char_traits@D@std@@V?$allocator@D@2@@std@@@std@@@std@@@std@@@2@ABH@Z 00466820 f i database.obj
 0002:00016b30       ?generic_category@std@@YAABVerror_category@1@XZ 00466b30 f i database.obj
 0002:00016b70       ?length@?$basic_string@DU?$char_traits@D@std@@V?$allocator@D@2@@std@@QBEIXZ 00466b70 f i database.obj
 0002:00016bb0       ?length@?$char_traits@D@std@@SAIPBD@Z 00466bb0 f i database.obj
 0002:00016c30       ?lower_bound@?$_Tree@V?$_Tmap_traits@HV?$basic_string@DU?$char_traits@D@std@@V?$allocator@D@2@@std@@U?$less@H@2@V?$allocator@U?$pair@$$CBHV?$basic_string@DU?$char_traits@D@std@@V?$allocator@D@2@@std@@@std@@@2@$0A@@std@@@std@@QAE?AV?$_Tree_iterator@V?$_Tree_val@U?$_Tree_simple_types@U?$pair@$$CBHV?$basic_string@DU?$char_traits@D@std@@V?$allocator@D@2@@std@@@std@@@std@@@std@@@2@ABH@Z 00466c30 f i database.obj
 0002:00016d00       ?max_size@?$_Tree@V?$_Tmap_traits@HV?$basic_string@DU?$char_traits@D@std@@V?$allocator@D@2@@std@@U?$less@H@2@V?$allocator@U?$pair@$$CBHV?$basic_string@DU?$char_traits@D@std@@V?$allocator@D@2@@std@@@std@@@2@$0A@@std@@@std@@QBEIXZ 00466d00 f i database.obj
 0002:00016d60       ?max_size@?$_Wrap_alloc@V?$allocator@D@std@@@std@@QBEIXZ 00466d60 f i database.obj
 0002:00016dc0       ?max_size@?$_Wrap_alloc@V?$allocator@U?$_Tree_node@U?$pair@$$CBHV?$basic_string@DU?$char_traits@D@std@@V?$allocator@D@2@@std@@@std@@PAX@std@@@std@@@std@@QBEIXZ 00466dc0 f i database.obj
 0002:00016e20       ?max_size@?$allocator@D@std@@QBEIXZ 00466e20 f i database.obj
 0002:00016e60       ?max_size@?$allocator@U?$_Tree_node@U?$pair@$$CBHV?$basic_string@DU?$char_traits@D@std@@V?$allocator@D@2@@std@@@std@@PAX@std@@@std@@QBEIXZ 00466e60 f i database.obj
 0002:00016ea0       ?max_size@?$allocator_traits@V?$allocator@D@std@@@std@@SAIABV?$allocator@D@2@@Z 00466ea0 f i database.obj
 0002:00016ef0       ?max_size@?$allocator_traits@V?$allocator@U?$_Tree_node@U?$pair@$$CBHV?$basic_string@DU?$char_traits@D@std@@V?$allocator@D@2@@std@@@std@@PAX@std@@@std@@@std@@SAIABV?$allocator@U?$_Tree_node@U?$pair@$$CBHV?$basic_string@DU?$char_traits@D@std@@V?$allocator@D@2@@std@@@std@@PAX@std@@@2@@Z 00466ef0 f i database.obj
 0002:00016f40       ?max_size@?$basic_string@DU?$char_traits@D@std@@V?$allocator@D@2@@std@@QBEIXZ 00466f40 f i database.obj
 0002:00016fe0       ?message@_Generic_error_category@std@@UBE?AV?$basic_string@DU?$char_traits@D@std@@V?$allocator@D@2@@2@H@Z 00466fe0 f i database.obj
 0002:000170e0       ?message@_Iostream_error_category@std@@UBE?AV?$basic_string@DU?$char_traits@D@std@@V?$allocator@D@2@@2@H@Z 004670e0 f i database.obj
 0002:000171e0       ?message@_System_error_category@std@@UBE?AV?$basic_string@DU?$char_traits@D@std@@V?$allocator@D@2@@2@H@Z 004671e0 f i database.obj
 0002:000172e0       ?move@?$char_traits@D@std@@SAPADPADPBDI@Z 004672e0 f i database.obj
 0002:00017370       ?name@_Generic_error_category@std@@UBEPBDXZ 00467370 f i database.obj
 0002:000173b0       ?name@_Iostream_error_category@std@@UBEPBDXZ 004673b0 f i database.obj
 0002:000173f0       ?name@_System_error_category@std@@UBEPBDXZ 004673f0 f i database.obj
 0002:00017430       ?pointer_to@?$pointer_traits@PAU?$pair@$$CBHV?$basic_string@DU?$char_traits@D@std@@V?$allocator@D@2@@std@@@std@@@std@@SAPAU?$pair@$$CBHV?$basic_string@DU?$char_traits@D@std@@V?$allocator@D@2@@std@@@2@AAU32@@Z 00467430 f i database.obj
 0002:00017480       ?pointer_to@?$pointer_traits@PBU?$pair@$$CBHV?$basic_string@DU?$char_traits@D@std@@V?$allocator@D@2@@std@@@std@@@std@@SAPBU?$pair@$$CBHV?$basic_string@DU?$char_traits@D@std@@V?$allocator@D@2@@std@@@2@ABU32@@Z 00467480 f i database.obj
 0002:000174d0       ?size@?$_Tree@V?$_Tmap_traits@HV?$basic_string@DU?$char_traits@D@std@@V?$allocator@D@2@@std@@U?$less@H@2@V?$allocator@U?$pair@$$CBHV?$basic_string@DU?$char_traits@D@std@@V?$allocator@D@2@@std@@@std@@@2@$0A@@std@@@std@@QBEIXZ 004674d0 f i database.obj
 0002:00017510       ?size@?$basic_string@DU?$char_traits@D@std@@V?$allocator@D@2@@std@@QBEIXZ 00467510 f i database.obj
 0002:00017550       ?strchr@@YAPADPADH@Z       00467550 f i database.obj
 0002:000175b0       ?strstr@@YAPADPADPBD@Z     004675b0 f i database.obj
 0002:00017610       ?system_category@std@@YAABVerror_category@1@XZ 00467610 f i database.obj
 0002:00017650       ?value@error_code@std@@QBEHXZ 00467650 f i database.obj
 0002:00017690       ?value@error_condition@std@@QBEHXZ 00467690 f i database.obj
 0002:000176d0       _hypot                     004676d0 f i database.obj
 0002:00017750       ??0databaseMgr@@QAE@PBD@Z  00467750 f   databaseMgr.obj
 0002:000177f0       ??0databaseMgr@@QAE@XZ     004677f0 f   databaseMgr.obj
 0002:00017990       ??1databaseMgr@@UAE@XZ     00467990 f   databaseMgr.obj
 0002:00017a20       ?setPath@databaseMgr@@QAEXPBD@Z 00467a20 f   databaseMgr.obj
 0002:00017af0       ?getName@databaseMgr@@QAEPBDHHH@Z 00467af0 f   databaseMgr.obj
 0002:00017b70       ?getName@databaseMgr@@QAE_NHHHPADH@Z 00467b70 f   databaseMgr.obj
 0002:00017c30       ?getIndex@databaseMgr@@QAEHHHPBDHH@Z 00467c30 f   databaseMgr.obj
 0002:00017ca0       ?getIndex@databaseMgr@@QAEHHHPBD_N1@Z 00467ca0 f   databaseMgr.obj
 0002:00017d10       ?setName@databaseMgr@@QAE_NHHHPBD_NPA_N@Z 00467d10 f   databaseMgr.obj
 0002:00017d90       ?exists@databaseMgr@@QAE_NHHHH@Z 00467d90 f   databaseMgr.obj
 0002:00017e40       ?numLoaded@databaseMgr@@QAEHXZ 00467e40 f   databaseMgr.obj
 0002:00017e90       ?path@databaseMgr@@QAEPBDXZ 00467e90 f   databaseMgr.obj
 0002:00017ec0       ?createDatabase@databaseMgr@@QAE_NPBDHHHHHHHHHHH@Z 00467ec0 f   databaseMgr.obj
 0002:000181d0       ?size@databaseMgr@@QAEHHH@Z 004681d0 f   databaseMgr.obj
 0002:000182d0       ?exists@databaseMgr@@QAEHHH@Z 004682d0 f   databaseMgr.obj
 0002:00018330       ?clear@databaseMgr@@QAEXH@Z 00468330 f   databaseMgr.obj
 0002:00018640       ?dump@databaseMgr@@QAE_NXZ 00468640 f   databaseMgr.obj
 0002:00018900       ?loadDump@databaseMgr@@QAE_NHH@Z 00468900 f   databaseMgr.obj
 0002:00018aa0       ?doCreate@databaseMgr@@AAEPAVdatabase@@HH@Z 00468aa0 f   databaseMgr.obj
 0002:00018b70       ?WritePrivateProfileInt@databaseMgr@@AAEHPBD0H0@Z 00468b70 f   databaseMgr.obj
 0002:00019160       ??$?0AAV?$_Tree_iterator@V?$_Tree_val@U?$_Tree_simple_types@U?$pair@$$CBHPAVdatabase@@@std@@@std@@@std@@@std@@_NX@?$pair@V?$_Tree_iterator@V?$_Tree_val@U?$_Tree_simple_types@U?$pair@$$CBHPAVdatabase@@@std@@@std@@@std@@@std@@_N@std@@QAE@AAV?$_Tree_iterator@V?$_Tree_val@U?$_Tree_simple_types@U?$pair@$$CBHPAVdatabase@@@std@@@std@@@std@@@1@$$QA_N@Z 00469160 f i databaseMgr.obj
 0002:00019230       ??$?0HAAPAVdatabase@@X@?$pair@HPAVdatabase@@@std@@QAE@$$QAHAAPAVdatabase@@@Z 00469230 f i databaseMgr.obj
 0002:000192b0       ??$?0HPAVdatabase@@X@?$pair@$$CBHPAVdatabase@@@std@@QAE@$$QAU?$pair@HPAVdatabase@@@1@@Z 004692b0 f i databaseMgr.obj
 0002:00019330       ??$?0U?$_Tree_node@U?$pair@$$CBHPAVdatabase@@@std@@PAX@std@@@?$allocator@U_Container_proxy@std@@@std@@QAE@ABV?$allocator@U?$_Tree_node@U?$pair@$$CBHPAVdatabase@@@std@@PAX@std@@@1@@Z 00469330 f i databaseMgr.obj
 0002:00019370       ??$?0U?$_Wrap_alloc@V?$allocator@U?$_Tree_node@U?$pair@$$CBHPAVdatabase@@@std@@PAX@std@@@std@@@std@@@?$_Wrap_alloc@V?$allocator@U_Container_proxy@std@@@std@@@std@@QAE@ABU?$_Wrap_alloc@V?$allocator@U?$_Tree_node@U?$pair@$$CBHPAVdatabase@@@std@@PAX@std@@@std@@@1@@Z 00469370 f i databaseMgr.obj
 0002:000193d0       ??$?0V?$_Tree_iterator@V?$_Tree_val@U?$_Tree_simple_types@U?$pair@$$CBHPAVdatabase@@@std@@@std@@@std@@@std@@_NX@?$pair@V?$_Tree_iterator@V?$_Tree_val@U?$_Tree_simple_types@U?$pair@$$CBHPAVdatabase@@@std@@@std@@@std@@@std@@_N@std@@QAE@$$QAV?$_Tree_iterator@V?$_Tree_val@U?$_Tree_simple_types@U?$pair@$$CBHPAVdatabase@@@std@@@std@@@std@@@1@$$QA_N@Z 004693d0 f i databaseMgr.obj
 0002:000194a0       ??$_Allocate@U?$_Tree_node@U?$pair@$$CBHPAVdatabase@@@std@@PAX@std@@@std@@YAPAU?$_Tree_node@U?$pair@$$CBHPAVdatabase@@@std@@PAX@0@IPAU10@@Z 004694a0 f i databaseMgr.obj
 0002:00019530       ??$_Buynode@U?$pair@HPAVdatabase@@@std@@@?$_Tree_buy@U?$pair@$$CBHPAVdatabase@@@std@@V?$allocator@U?$pair@$$CBHPAVdatabase@@@std@@@2@@std@@QAEPAU?$_Tree_node@U?$pair@$$CBHPAVdatabase@@@std@@PAX@1@$$QAU?$pair@HPAVdatabase@@@1@@Z 00469530 f i databaseMgr.obj
 0002:00019670       ??$_Buynode_if_nil@AAU?$pair@$$CBHPAVdatabase@@@std@@@?$_Tree@V?$_Tmap_traits@HPAVdatabase@@U?$less@H@std@@V?$allocator@U?$pair@$$CBHPAVdatabase@@@std@@@3@$0A@@std@@@std@@IAEPAU?$_Tree_node@U?$pair@$$CBHPAVdatabase@@@std@@PAX@1@PAU21@AAU?$pair@$$CBHPAVdatabase@@@1@@Z 00469670 f i databaseMgr.obj
 0002:000196b0       ??$_Insert_at@AAU?$pair@$$CBHPAVdatabase@@@std@@PAU?$_Tree_node@U?$pair@$$CBHPAVdatabase@@@std@@PAX@2@@?$_Tree@V?$_Tmap_traits@HPAVdatabase@@U?$less@H@std@@V?$allocator@U?$pair@$$CBHPAVdatabase@@@std@@@3@$0A@@std@@@std@@IAE?AV?$_Tree_iterator@V?$_Tree_val@U?$_Tree_simple_types@U?$pair@$$CBHPAVdatabase@@@std@@@std@@@std@@@1@_NPAU?$_Tree_node@U?$pair@$$CBHPAVdatabase@@@std@@PAX@1@AAU?$pair@$$CBHPAVdatabase@@@1@1@Z 004696b0 f i databaseMgr.obj
 0002:00019c80       ??$_Insert_nohint@AAU?$pair@$$CBHPAVdatabase@@@std@@PAU?$_Tree_node@U?$pair@$$CBHPAVdatabase@@@std@@PAX@2@@?$_Tree@V?$_Tmap_traits@HPAVdatabase@@U?$less@H@std@@V?$allocator@U?$pair@$$CBHPAVdatabase@@@std@@@3@$0A@@std@@@std@@IAE?AU?$pair@V?$_Tree_iterator@V?$_Tree_val@U?$_Tree_simple_types@U?$pair@$$CBHPAVdatabase@@@std@@@std@@@std@@@std@@_N@1@_NAAU?$pair@$$CBHPAVdatabase@@@1@PAU?$_Tree_node@U?$pair@$$CBHPAVdatabase@@@std@@PAX@1@@Z 00469c80 f i databaseMgr.obj
 0002:0001a290       ??$_Kfn@$$CBHPAVdatabase@@@?$_Tmap_traits@HPAVdatabase@@U?$less@H@std@@V?$allocator@U?$pair@$$CBHPAVdatabase@@@std@@@3@$0A@@std@@SAABHABU?$pair@$$CBHPAVdatabase@@@1@@Z 0046a290 f i databaseMgr.obj
 0002:0001a2d0       ??$addressof@$$CBU?$pair@$$CBHPAVdatabase@@@std@@@std@@YAPBU?$pair@$$CBHPAVdatabase@@@0@ABU10@@Z 0046a2d0 f i databaseMgr.obj
 0002:0001a310       ??$addressof@PAU?$_Tree_node@U?$pair@$$CBHPAVdatabase@@@std@@PAX@std@@@std@@YAPAPAU?$_Tree_node@U?$pair@$$CBHPAVdatabase@@@std@@PAX@0@AAPAU10@@Z 0046a310 f i databaseMgr.obj
 0002:0001a350       ??$addressof@U?$pair@$$CBHPAVdatabase@@@std@@@std@@YAPAU?$pair@$$CBHPAVdatabase@@@0@AAU10@@Z 0046a350 f i databaseMgr.obj
 0002:0001a390       ??$construct@PAU?$_Tree_node@U?$pair@$$CBHPAVdatabase@@@std@@PAX@std@@AAPAU12@@?$_Wrap_alloc@V?$allocator@U?$_Tree_node@U?$pair@$$CBHPAVdatabase@@@std@@PAX@std@@@std@@@std@@QAEXPAPAU?$_Tree_node@U?$pair@$$CBHPAVdatabase@@@std@@PAX@1@AAPAU21@@Z 0046a390 f i databaseMgr.obj
 0002:0001a400       ??$construct@PAU?$_Tree_node@U?$pair@$$CBHPAVdatabase@@@std@@PAX@std@@AAPAU12@@?$allocator@U?$_Tree_node@U?$pair@$$CBHPAVdatabase@@@std@@PAX@std@@@std@@QAEXPAPAU?$_Tree_node@U?$pair@$$CBHPAVdatabase@@@std@@PAX@1@AAPAU21@@Z 0046a400 f i databaseMgr.obj
 0002:0001a500       ??$construct@PAU?$_Tree_node@U?$pair@$$CBHPAVdatabase@@@std@@PAX@std@@AAPAU12@@?$allocator_traits@V?$allocator@U?$_Tree_node@U?$pair@$$CBHPAVdatabase@@@std@@PAX@std@@@std@@@std@@SAXAAV?$allocator@U?$_Tree_node@U?$pair@$$CBHPAVdatabase@@@std@@PAX@std@@@1@PAPAU?$_Tree_node@U?$pair@$$CBHPAVdatabase@@@std@@PAX@1@AAPAU31@@Z 0046a500 f i databaseMgr.obj
 0002:0001a560       ??$construct@U?$pair@$$CBHPAVdatabase@@@std@@U?$pair@HPAVdatabase@@@2@@?$_Wrap_alloc@V?$allocator@U?$_Tree_node@U?$pair@$$CBHPAVdatabase@@@std@@PAX@std@@@std@@@std@@QAEXPAU?$pair@$$CBHPAVdatabase@@@1@$$QAU?$pair@HPAVdatabase@@@1@@Z 0046a560 f i databaseMgr.obj
 0002:0001a5d0       ??$construct@U?$pair@$$CBHPAVdatabase@@@std@@U?$pair@HPAVdatabase@@@2@@?$allocator@U?$_Tree_node@U?$pair@$$CBHPAVdatabase@@@std@@PAX@std@@@std@@QAEXPAU?$pair@$$CBHPAVdatabase@@@1@$$QAU?$pair@HPAVdatabase@@@1@@Z 0046a5d0 f i databaseMgr.obj
 0002:0001a6d0       ??$construct@U?$pair@$$CBHPAVdatabase@@@std@@U?$pair@HPAVdatabase@@@2@@?$allocator_traits@V?$allocator@U?$_Tree_node@U?$pair@$$CBHPAVdatabase@@@std@@PAX@std@@@std@@@std@@SAXAAV?$allocator@U?$_Tree_node@U?$pair@$$CBHPAVdatabase@@@std@@PAX@std@@@1@PAU?$pair@$$CBHPAVdatabase@@@1@$$QAU?$pair@HPAVdatabase@@@1@@Z 0046a6d0 f i databaseMgr.obj
 0002:0001a730       ??$destroy@PAU?$_Tree_node@U?$pair@$$CBHPAVdatabase@@@std@@PAX@std@@@?$_Wrap_alloc@V?$allocator@U?$_Tree_node@U?$pair@$$CBHPAVdatabase@@@std@@PAX@std@@@std@@@std@@QAEXPAPAU?$_Tree_node@U?$pair@$$CBHPAVdatabase@@@std@@PAX@1@@Z 0046a730 f i databaseMgr.obj
 0002:0001a790       ??$destroy@PAU?$_Tree_node@U?$pair@$$CBHPAVdatabase@@@std@@PAX@std@@@?$allocator@U?$_Tree_node@U?$pair@$$CBHPAVdatabase@@@std@@PAX@std@@@std@@QAEXPAPAU?$_Tree_node@U?$pair@$$CBHPAVdatabase@@@std@@PAX@1@@Z 0046a790 f i databaseMgr.obj
 0002:0001a7d0       ??$destroy@PAU?$_Tree_node@U?$pair@$$CBHPAVdatabase@@@std@@PAX@std@@@?$allocator_traits@V?$allocator@U?$_Tree_node@U?$pair@$$CBHPAVdatabase@@@std@@PAX@std@@@std@@@std@@SAXAAV?$allocator@U?$_Tree_node@U?$pair@$$CBHPAVdatabase@@@std@@PAX@std@@@1@PAPAU?$_Tree_node@U?$pair@$$CBHPAVdatabase@@@std@@PAX@1@@Z 0046a7d0 f i databaseMgr.obj
 0002:0001a820       ??$destroy@U?$pair@$$CBHPAVdatabase@@@std@@@?$_Wrap_alloc@V?$allocator@U?$_Tree_node@U?$pair@$$CBHPAVdatabase@@@std@@PAX@std@@@std@@@std@@QAEXPAU?$pair@$$CBHPAVdatabase@@@1@@Z 0046a820 f i databaseMgr.obj
 0002:0001a880       ??$destroy@U?$pair@$$CBHPAVdatabase@@@std@@@?$allocator@U?$_Tree_node@U?$pair@$$CBHPAVdatabase@@@std@@PAX@std@@@std@@QAEXPAU?$pair@$$CBHPAVdatabase@@@1@@Z 0046a880 f i databaseMgr.obj
 0002:0001a8c0       ??$destroy@U?$pair@$$CBHPAVdatabase@@@std@@@?$allocator_traits@V?$allocator@U?$_Tree_node@U?$pair@$$CBHPAVdatabase@@@std@@PAX@std@@@std@@@std@@SAXAAV?$allocator@U?$_Tree_node@U?$pair@$$CBHPAVdatabase@@@std@@PAX@std@@@1@PAU?$pair@$$CBHPAVdatabase@@@1@@Z 0046a8c0 f i databaseMgr.obj
 0002:0001a910       ??$forward@AAPAU?$_Tree_node@U?$pair@$$CBHPAVdatabase@@@std@@PAX@std@@@std@@YAAAPAU?$_Tree_node@U?$pair@$$CBHPAVdatabase@@@std@@PAX@0@AAPAU10@@Z 0046a910 f i databaseMgr.obj
 0002:0001a950       ??$forward@AAPAVdatabase@@@std@@YAAAPAVdatabase@@AAPAV1@@Z 0046a950 f i databaseMgr.obj
 0002:0001a990       ??$forward@AAU?$pair@$$CBHPAVdatabase@@@std@@@std@@YAAAU?$pair@$$CBHPAVdatabase@@@0@AAU10@@Z 0046a990 f i databaseMgr.obj
 0002:0001a9d0       ??$forward@AAV?$_Tree_iterator@V?$_Tree_val@U?$_Tree_simple_types@U?$pair@$$CBHPAVdatabase@@@std@@@std@@@std@@@std@@@std@@YAAAV?$_Tree_iterator@V?$_Tree_val@U?$_Tree_simple_types@U?$pair@$$CBHPAVdatabase@@@std@@@std@@@std@@@0@AAV10@@Z 0046a9d0 f i databaseMgr.obj
 0002:0001aa10       ??$forward@PAVdatabase@@@std@@YA$$QAPAVdatabase@@AAPAV1@@Z 0046aa10 f i databaseMgr.obj
 0002:0001aa50       ??$forward@U?$pair@HPAVdatabase@@@std@@@std@@YA$$QAU?$pair@HPAVdatabase@@@0@AAU10@@Z 0046aa50 f i databaseMgr.obj
 0002:0001aa90       ??$forward@V?$_Tree_iterator@V?$_Tree_val@U?$_Tree_simple_types@U?$pair@$$CBHPAVdatabase@@@std@@@std@@@std@@@std@@@std@@YA$$QAV?$_Tree_iterator@V?$_Tree_val@U?$_Tree_simple_types@U?$pair@$$CBHPAVdatabase@@@std@@@std@@@std@@@0@AAV10@@Z 0046aa90 f i databaseMgr.obj
 0002:0001aad0       ??$insert@U?$pair@HPAVdatabase@@@std@@@?$_Tree@V?$_Tmap_traits@HPAVdatabase@@U?$less@H@std@@V?$allocator@U?$pair@$$CBHPAVdatabase@@@std@@@3@$0A@@std@@@std@@QAE?AU?$pair@V?$_Tree_iterator@V?$_Tree_val@U?$_Tree_simple_types@U?$pair@$$CBHPAVdatabase@@@std@@@std@@@std@@@std@@_N@1@$$QAU?$pair@HPAVdatabase@@@1@@Z 0046aad0 f i databaseMgr.obj
 0002:0001abc0       ??0?$_Iterator012@Ubidirectional_iterator_tag@std@@U?$pair@$$CBHPAVdatabase@@@2@HPBU32@ABU32@U_Iterator_base12@2@@std@@QAE@ABU01@@Z 0046abc0 f i databaseMgr.obj
 0002:0001ac60       ??0?$_Iterator012@Ubidirectional_iterator_tag@std@@U?$pair@$$CBHPAVdatabase@@@2@HPBU32@ABU32@U_Iterator_base12@2@@std@@QAE@XZ 0046ac60 f i databaseMgr.obj
 0002:0001ad00       ??0?$_Tree@V?$_Tmap_traits@HPAVdatabase@@U?$less@H@std@@V?$allocator@U?$pair@$$CBHPAVdatabase@@@std@@@3@$0A@@std@@@std@@QAE@ABU?$less@H@1@ABV?$allocator@U?$pair@$$CBHPAVdatabase@@@std@@@1@@Z 0046ad00 f i databaseMgr.obj
 0002:0001adb0       ??0?$_Tree_alloc@$0A@U?$_Tree_base_types@U?$pair@$$CBHPAVdatabase@@@std@@V?$allocator@U?$pair@$$CBHPAVdatabase@@@std@@@2@@std@@@std@@QAE@ABV?$allocator@U?$pair@$$CBHPAVdatabase@@@std@@@1@@Z 0046adb0 f i databaseMgr.obj
 0002:0001aeb0       ??0?$_Tree_buy@U?$pair@$$CBHPAVdatabase@@@std@@V?$allocator@U?$pair@$$CBHPAVdatabase@@@std@@@2@@std@@QAE@ABV?$allocator@U?$pair@$$CBHPAVdatabase@@@std@@@1@@Z 0046aeb0 f i databaseMgr.obj
 0002:0001af50       ??0?$_Tree_comp@$0A@V?$_Tmap_traits@HPAVdatabase@@U?$less@H@std@@V?$allocator@U?$pair@$$CBHPAVdatabase@@@std@@@3@$0A@@std@@@std@@QAE@ABU?$less@H@1@ABV?$allocator@U?$pair@$$CBHPAVdatabase@@@std@@@1@@Z 0046af50 f i databaseMgr.obj
 0002:0001aff0       ??0?$_Tree_const_iterator@V?$_Tree_val@U?$_Tree_simple_types@U?$pair@$$CBHPAVdatabase@@@std@@@std@@@std@@@std@@QAE@ABV01@@Z 0046aff0 f i databaseMgr.obj
 0002:0001b090       ??0?$_Tree_const_iterator@V?$_Tree_val@U?$_Tree_simple_types@U?$pair@$$CBHPAVdatabase@@@std@@@std@@@std@@@std@@QAE@PAU?$_Tree_node@U?$pair@$$CBHPAVdatabase@@@std@@PAX@1@PBV?$_Tree_val@U?$_Tree_simple_types@U?$pair@$$CBHPAVdatabase@@@std@@@std@@@1@@Z 0046b090 f i databaseMgr.obj
 0002:0001b140       ??0?$_Tree_iterator@V?$_Tree_val@U?$_Tree_simple_types@U?$pair@$$CBHPAVdatabase@@@std@@@std@@@std@@@std@@QAE@ABV01@@Z 0046b140 f i databaseMgr.obj
 0002:0001b1e0       ??0?$_Tree_iterator@V?$_Tree_val@U?$_Tree_simple_types@U?$pair@$$CBHPAVdatabase@@@std@@@std@@@std@@@std@@QAE@PAU?$_Tree_node@U?$pair@$$CBHPAVdatabase@@@std@@PAX@1@PBV?$_Tree_val@U?$_Tree_simple_types@U?$pair@$$CBHPAVdatabase@@@std@@@std@@@1@@Z 0046b1e0 f i databaseMgr.obj
 0002:0001b290       ??0?$_Tree_unchecked_const_iterator@V?$_Tree_val@U?$_Tree_simple_types@U?$pair@$$CBHPAVdatabase@@@std@@@std@@@std@@U_Iterator_base12@2@@std@@QAE@ABV01@@Z 0046b290 f i databaseMgr.obj
 0002:0001b340       ??0?$_Tree_unchecked_const_iterator@V?$_Tree_val@U?$_Tree_simple_types@U?$pair@$$CBHPAVdatabase@@@std@@@std@@@std@@U_Iterator_base12@2@@std@@QAE@PAU?$_Tree_node@U?$pair@$$CBHPAVdatabase@@@std@@PAX@1@PBV?$_Tree_val@U?$_Tree_simple_types@U?$pair@$$CBHPAVdatabase@@@std@@@std@@@1@@Z 0046b340 f i databaseMgr.obj
 0002:0001b400       ??0?$_Tree_val@U?$_Tree_simple_types@U?$pair@$$CBHPAVdatabase@@@std@@@std@@@std@@QAE@XZ 0046b400 f i databaseMgr.obj
 0002:0001b4c0       ??0?$_Wrap_alloc@V?$allocator@U?$_Tree_node@U?$pair@$$CBHPAVdatabase@@@std@@PAX@std@@@std@@@std@@QAE@XZ 0046b4c0 f i databaseMgr.obj
 0002:0001b520       ??0?$allocator@U?$_Tree_node@U?$pair@$$CBHPAVdatabase@@@std@@PAX@std@@@std@@QAE@XZ 0046b520 f i databaseMgr.obj
 0002:0001b560       ??0?$allocator@U?$pair@$$CBHPAVdatabase@@@std@@@std@@QAE@XZ 0046b560 f i databaseMgr.obj
 0002:0001b5a0       ??0?$map@HPAVdatabase@@U?$less@H@std@@V?$allocator@U?$pair@$$CBHPAVdatabase@@@std@@@3@@std@@QAE@XZ 0046b5a0 f i databaseMgr.obj
 0002:0001b650       ??1?$_Iterator012@Ubidirectional_iterator_tag@std@@U?$pair@$$CBHPAVdatabase@@@2@HPBU32@ABU32@U_Iterator_base12@2@@std@@QAE@XZ 0046b650 f i databaseMgr.obj
 0002:0001b6f0       ??1?$_Tree@V?$_Tmap_traits@HPAVdatabase@@U?$less@H@std@@V?$allocator@U?$pair@$$CBHPAVdatabase@@@std@@@3@$0A@@std@@@std@@QAE@XZ 0046b6f0 f i databaseMgr.obj
 0002:0001b790       ??1?$_Tree_alloc@$0A@U?$_Tree_base_types@U?$pair@$$CBHPAVdatabase@@@std@@V?$allocator@U?$pair@$$CBHPAVdatabase@@@std@@@2@@std@@@std@@QAE@XZ 0046b790 f i databaseMgr.obj
 0002:0001b850       ??1?$_Tree_buy@U?$pair@$$CBHPAVdatabase@@@std@@V?$allocator@U?$pair@$$CBHPAVdatabase@@@std@@@2@@std@@QAE@XZ 0046b850 f i databaseMgr.obj
 0002:0001b8f0       ??1?$_Tree_comp@$0A@V?$_Tmap_traits@HPAVdatabase@@U?$less@H@std@@V?$allocator@U?$pair@$$CBHPAVdatabase@@@std@@@3@$0A@@std@@@std@@QAE@XZ 0046b8f0 f i databaseMgr.obj
 0002:0001b990       ??1?$_Tree_const_iterator@V?$_Tree_val@U?$_Tree_simple_types@U?$pair@$$CBHPAVdatabase@@@std@@@std@@@std@@@std@@QAE@XZ 0046b990 f i databaseMgr.obj
 0002:0001ba30       ??1?$_Tree_iterator@V?$_Tree_val@U?$_Tree_simple_types@U?$pair@$$CBHPAVdatabase@@@std@@@std@@@std@@@std@@QAE@XZ 0046ba30 f i databaseMgr.obj
 0002:0001bad0       ??1?$_Tree_unchecked_const_iterator@V?$_Tree_val@U?$_Tree_simple_types@U?$pair@$$CBHPAVdatabase@@@std@@@std@@@std@@U_Iterator_base12@2@@std@@QAE@XZ 0046bad0 f i databaseMgr.obj
 0002:0001bb70       ??1?$_Tree_val@U?$_Tree_simple_types@U?$pair@$$CBHPAVdatabase@@@std@@@std@@@std@@QAE@XZ 0046bb70 f i databaseMgr.obj
 0002:0001bc20       ??1?$map@HPAVdatabase@@U?$less@H@std@@V?$allocator@U?$pair@$$CBHPAVdatabase@@@std@@@3@@std@@QAE@XZ 0046bc20 f i databaseMgr.obj
 0002:0001bcc0       ??1?$pair@V?$_Tree_iterator@V?$_Tree_val@U?$_Tree_simple_types@U?$pair@$$CBHPAVdatabase@@@std@@@std@@@std@@@std@@_N@std@@QAE@XZ 0046bcc0 f i databaseMgr.obj
 0002:0001bd60       ??4?$_Iterator012@Ubidirectional_iterator_tag@std@@U?$pair@$$CBHPAVdatabase@@@2@HPBU32@ABU32@U_Iterator_base12@2@@std@@QAEAAU01@ABU01@@Z 0046bd60 f i databaseMgr.obj
 0002:0001bdc0       ??4?$_Tree_const_iterator@V?$_Tree_val@U?$_Tree_simple_types@U?$pair@$$CBHPAVdatabase@@@std@@@std@@@std@@@std@@QAEAAV01@ABV01@@Z 0046bdc0 f i databaseMgr.obj
 0002:0001be20       ??4?$_Tree_iterator@V?$_Tree_val@U?$_Tree_simple_types@U?$pair@$$CBHPAVdatabase@@@std@@@std@@@std@@@std@@QAEAAV01@ABV01@@Z 0046be20 f i databaseMgr.obj
 0002:0001be80       ??4?$_Tree_unchecked_const_iterator@V?$_Tree_val@U?$_Tree_simple_types@U?$pair@$$CBHPAVdatabase@@@std@@@std@@@std@@U_Iterator_base12@2@@std@@QAEAAV01@ABV01@@Z 0046be80 f i databaseMgr.obj
 0002:0001bef0       ??8?$_Tree_const_iterator@V?$_Tree_val@U?$_Tree_simple_types@U?$pair@$$CBHPAVdatabase@@@std@@@std@@@std@@@std@@QBE_NABV01@@Z 0046bef0 f i databaseMgr.obj
 0002:0001c050       ??9?$_Tree_const_iterator@V?$_Tree_val@U?$_Tree_simple_types@U?$pair@$$CBHPAVdatabase@@@std@@@std@@@std@@@std@@QBE_NABV01@@Z 0046c050 f i databaseMgr.obj
 0002:0001c0e0       ??C?$_Tree_const_iterator@V?$_Tree_val@U?$_Tree_simple_types@U?$pair@$$CBHPAVdatabase@@@std@@@std@@@std@@@std@@QBEPBU?$pair@$$CBHPAVdatabase@@@1@XZ 0046c0e0 f i databaseMgr.obj
[...]
 0005:000000fc       __imp__GetWindowsDirectoryA@8 00a0b0fc     kernel32:KERNEL32.dll
 0005:00000100       __imp__GetLastError@0      00a0b100     kernel32:KERNEL32.dll
 0005:00000104       __imp__WriteFile@20        00a0b104     kernel32:KERNEL32.dll
 0005:00000108       __imp__SetEndOfFile@4      00a0b108     kernel32:KERNEL32.dll
 0005:0000010c       __imp__SetFilePointer@16   00a0b10c     kernel32:KERNEL32.dll
 0005:00000110       __imp__CloseHandle@4       00a0b110     kernel32:KERNEL32.dll
 0005:00000114       __imp__GetSystemTime@4     00a0b114     kernel32:KERNEL32.dll
 0005:00000118       __imp__GetLocalTime@4      00a0b118     kernel32:KERNEL32.dll
 0005:0000011c       __imp__CreateFileA@28      00a0b11c     kernel32:KERNEL32.dll
 0005:00000120       __imp__GlobalAlloc@8       00a0b120     kernel32:KERNEL32.dll
 0005:00000124       __imp__GlobalLock@4        00a0b124     kernel32:KERNEL32.dll
 0005:00000128       __imp__GlobalUnlock@4      00a0b128     kernel32:KERNEL32.dll
 0005:0000012c       __imp__GlobalFree@4        00a0b12c     kernel32:KERNEL32.dll
 0005:00000130       __imp__ReleaseMutex@4      00a0b130     kernel32:KERNEL32.dll
 0005:00000134       __imp__WaitForSingleObject@8 00a0b134     kernel32:KERNEL32.dll
 0005:00000138       __imp__FindClose@4         00a0b138     kernel32:KERNEL32.dll
 0005:0000013c       __imp__lstrcpynA@12        00a0b13c     kernel32:KERNEL32.dll
 0005:00000140       __imp__lstrcpyA@8          00a0b140     kernel32:KERNEL32.dll
 0005:00000144       __imp___lopen@8            00a0b144     kernel32:KERNEL32.dll
 0005:00000148       __imp___lcreat@8           00a0b148     kernel32:KERNEL32.dll
 0005:0000014c       __imp___lread@12           00a0b14c     kernel32:KERNEL32.dll
 0005:00000150       __imp___lwrite@12          00a0b150     kernel32:KERNEL32.dll
 0005:00000154       __imp___lclose@4           00a0b154     kernel32:KERNEL32.dll
 0005:00000158       __imp___llseek@12          00a0b158     kernel32:KERNEL32.dll
 0005:0000015c       __imp__FindFirstFileA@8    00a0b15c     kernel32:KERNEL32.dll
 0005:00000160       __imp__FindNextFileA@8     00a0b160     kernel32:KERNEL32.dll
 0005:00000164       __imp__SetLocalTime@4      00a0b164     kernel32:KERNEL32.dll
 0005:00000168       __imp__lstrcmpA@8          00a0b168     kernel32:KERNEL32.dll
 0005:0000016c       __imp__FreeLibrary@4       00a0b16c     kernel32:KERNEL32.dll
 0005:00000170       __imp__GetProcAddress@8    00a0b170     kernel32:KERNEL32.dll
 0005:00000174       __imp__Sleep@4             00a0b174     kernel32:KERNEL32.dll
 0005:00000178       __imp__WinExec@8           00a0b178     kernel32:KERNEL32.dll
 0005:0000017c       __imp__GetTickCount@0      00a0b17c     kernel32:KERNEL32.dll
 0005:00000180       __imp__lstrcatA@8          00a0b180     kernel32:KERNEL32.dll
 0005:00000184       __imp__lstrlenA@4          00a0b184     kernel32:KERNEL32.dll
 0005:00000188       __imp__CreateMutexA@12     00a0b188     kernel32:KERNEL32.dll
 0005:0000018c       __imp__LoadLibraryA@4      00a0b18c     kernel32:KERNEL32.dll
 0005:00000190       __imp__GetModuleFileNameA@12 00a0b190     kernel32:KERNEL32.dll
 0005:00000194       __imp__IsBadReadPtr@8      00a0b194     kernel32:KERNEL32.dll
 0005:00000198       __imp__GetPrivateProfileSectionA@16 00a0b198     kernel32:KERNEL32.dll
 0005:0000019c       __imp__GetTempPathA@8      00a0b19c     kernel32:KERNEL32.dll
 0005:000001a0       __imp__OpenProcess@12      00a0b1a0     kernel32:KERNEL32.dll
 0005:000001a4       __imp__SetEvent@4          00a0b1a4     kernel32:KERNEL32.dll
 0005:000001a8       __imp__ResetEvent@4        00a0b1a8     kernel32:KERNEL32.dll
 0005:000001ac       __imp__CreateEventA@16     00a0b1ac     kernel32:KERNEL32.dll
 0005:000001b0       \177KERNEL32_NULL_THUNK_DATA 00a0b1b0     kernel32:KERNEL32.dll
 0005:00000210       __imp_?_Syserror_map@std@@YAPBDH@Z 00a0b210     msvcprtd:MSVCP120D.dll
 0005:00000214       __imp_??0id@locale@std@@QAE@I@Z 00a0b214     msvcprtd:MSVCP120D.dll
 0005:00000218       __imp_?_Xout_of_range@std@@YAXPBD@Z 00a0b218     msvcprtd:MSVCP120D.dll
 0005:0000021c       __imp_?_Xlength_error@std@@YAXPBD@Z 00a0b21c     msvcprtd:MSVCP120D.dll
 0005:00000220       __imp_?_Xbad_alloc@std@@YAXXZ 00a0b220     msvcprtd:MSVCP120D.dll
 0005:00000224       __imp_?_Orphan_all@_Container_base12@std@@QAEXXZ 00a0b224     msvcprtd:MSVCP120D.dll
 0005:00000228       __imp_?_Getpfirst@_Container_base12@std@@QBEPAPAU_Iterator_base12@2@XZ 00a0b228     msvcprtd:MSVCP120D.dll
 0005:0000022c       __imp_??1_Container_base12@std@@QAE@XZ 00a0b22c     msvcprtd:MSVCP120D.dll
 0005:00000230       __imp_??0_Container_base12@std@@QAE@XZ 00a0b230     msvcprtd:MSVCP120D.dll
 0005:00000234       __imp_?_Debug_message@std@@YAXPB_W0I@Z 00a0b234     msvcprtd:MSVCP120D.dll
 0005:00000238       __imp_??1_Lockit@std@@QAE@XZ 00a0b238     msvcprtd:MSVCP120D.dll
 0005:0000023c       __imp_??0_Lockit@std@@QAE@H@Z 00a0b23c     msvcprtd:MSVCP120D.dll
 0005:00000240       __imp_?_Winerror_map@std@@YAPBDH@Z 00a0b240     msvcprtd:MSVCP120D.dll
 0005:00000244       \177MSVCP120D_NULL_THUNK_DATA 00a0b244     msvcprtd:MSVCP120D.dll
 0005:00000278       __imp____getmainargs       00a0b278     MSVCRTD:MSVCR120D.dll
 0005:0000027c       __imp___amsg_exit          00a0b27c     MSVCRTD:MSVCR120D.dll
 0005:00000280       __imp____crtGetShowWindowMode 00a0b280     MSVCRTD:MSVCR120D.dll
 0005:00000284       __imp___XcptFilter         00a0b284     MSVCRTD:MSVCR120D.dll
 0005:00000288       __imp_??1type_info@@UAE@XZ 00a0b288     MSVCRTD:MSVCR120D.dll
 0005:0000028c       __imp___CRT_RTC_INITW      00a0b28c     MSVCRTD:MSVCR120D.dll
 0005:00000290       __imp____crtTerminateProcess 00a0b290     MSVCRTD:MSVCR120D.dll
 0005:00000294       __imp____crtUnhandledException 00a0b294     MSVCRTD:MSVCR120D.dll
 0005:00000298       __imp___crt_debugger_hook  00a0b298     MSVCRTD:MSVCR120D.dll
 0005:0000029c       __imp___onexit             00a0b29c     MSVCRTD:MSVCR120D.dll
 0005:000002a0       __imp____dllonexit         00a0b2a0     MSVCRTD:MSVCR120D.dll
 0005:000002a4       __imp___calloc_dbg         00a0b2a4     MSVCRTD:MSVCR120D.dll
 0005:000002a8       __imp___unlock             00a0b2a8     MSVCRTD:MSVCR120D.dll
 0005:000002ac       __imp___lock               00a0b2ac     MSVCRTD:MSVCR120D.dll
 0005:000002b0       __imp__malloc              00a0b2b0     MSVCRTD:MSVCR120D.dll
 0005:000002b4       __imp__strpbrk             00a0b2b4     MSVCRTD:MSVCR120D.dll
 0005:000002b8       __imp__free                00a0b2b8     MSVCRTD:MSVCR120D.dll
 0005:000002bc       __imp__calloc              00a0b2bc     MSVCRTD:MSVCR120D.dll
 0005:000002c0       __imp___endthread          00a0b2c0     MSVCRTD:MSVCR120D.dll
 0005:000002c4       __imp_?_set_se_translator@@YAP6AXIPAU_EXCEPTION_POINTERS@@@ZP6AXI0@Z@Z 00a0b2c4     MSVCRTD:MSVCR120D.dll
 0005:000002c8       __imp__vsprintf            00a0b2c8     MSVCRTD:MSVCR120D.dll
 0005:000002cc       __imp___strupr             00a0b2cc     MSVCRTD:MSVCR120D.dll
 0005:000002d0       __imp____set_app_type      00a0b2d0     MSVCRTD:MSVCR120D.dll
 0005:000002d4       __imp___beginthread        00a0b2d4     MSVCRTD:MSVCR120D.dll
 0005:000002d8       __imp_?terminate@@YAXXZ    00a0b2d8     MSVCRTD:MSVCR120D.dll
 0005:000002dc       __imp__rand                00a0b2dc     MSVCRTD:MSVCR120D.dll
 0005:000002e0       __imp__exit                00a0b2e0     MSVCRTD:MSVCR120D.dll
 0005:000002e4       __imp___stricmp            00a0b2e4     MSVCRTD:MSVCR120D.dll
 0005:000002e8       __imp__fputc               00a0b2e8     MSVCRTD:MSVCR120D.dll
 0005:000002ec       __imp__fgetc               00a0b2ec     MSVCRTD:MSVCR120D.dll
 0005:000002f0       __imp__feof                00a0b2f0     MSVCRTD:MSVCR120D.dll
 0005:000002f4       __imp__sscanf              00a0b2f4     MSVCRTD:MSVCR120D.dll
 0005:000002f8       __imp__remove              00a0b2f8     MSVCRTD:MSVCR120D.dll
 0005:000002fc       __imp__sprintf_s           00a0b2fc     MSVCRTD:MSVCR120D.dll
 0005:00000300       __imp___mkdir              00a0b300     MSVCRTD:MSVCR120D.dll
 0005:00000304       __imp___time32             00a0b304     MSVCRTD:MSVCR120D.dll
 0005:00000308       __imp___localtime32        00a0b308     MSVCRTD:MSVCR120D.dll
 0005:0000030c       __imp___invoke_watson      00a0b30c     MSVCRTD:MSVCR120D.dll
 0005:00000310       __imp___controlfp_s        00a0b310     MSVCRTD:MSVCR120D.dll
 0005:00000314       __imp___fmode              00a0b314     MSVCRTD:MSVCR120D.dll
 0005:00000318       __imp___commode            00a0b318     MSVCRTD:MSVCR120D.dll
 0005:0000031c       __imp___except_handler4_common 00a0b31c     MSVCRTD:MSVCR120D.dll
 0005:00000320       __imp__strtok              00a0b320     MSVCRTD:MSVCR120D.dll
 0005:00000324       __imp__memset              00a0b324     MSVCRTD:MSVCR120D.dll
 0005:00000328       __imp___CrtSetCheckCount   00a0b328     MSVCRTD:MSVCR120D.dll
 0005:0000032c       __imp___exit               00a0b32c     MSVCRTD:MSVCR120D.dll
 0005:00000330       __imp___cexit              00a0b330     MSVCRTD:MSVCR120D.dll
 0005:00000334       __imp___ismbblead          00a0b334     MSVCRTD:MSVCR120D.dll
 0005:00000338       __imp___configthreadlocale 00a0b338     MSVCRTD:MSVCR120D.dll
 0005:0000033c       __imp____setusermatherr    00a0b33c     MSVCRTD:MSVCR120D.dll
 0005:00000340       __imp___initterm_e         00a0b340     MSVCRTD:MSVCR120D.dll
 0005:00000344       __imp___initterm           00a0b344     MSVCRTD:MSVCR120D.dll
 0005:00000348       __imp___acmdln             00a0b348     MSVCRTD:MSVCR120D.dll
 0005:0000034c       __imp____crtSetUnhandledExceptionFilter 00a0b34c     MSVCRTD:MSVCR120D.dll
 0005:00000350       __imp___wsplitpath_s       00a0b350     MSVCRTD:MSVCR120D.dll
 0005:00000354       __imp___wmakepath_s        00a0b354     MSVCRTD:MSVCR120D.dll
 0005:00000358       __imp__printf              00a0b358     MSVCRTD:MSVCR120D.dll
 0005:0000035c       __imp__wcscpy_s            00a0b35c     MSVCRTD:MSVCR120D.dll
 0005:00000360       __imp___purecall           00a0b360     MSVCRTD:MSVCR120D.dll
 0005:00000364       __imp_??2@YAPAXI@Z         00a0b364     MSVCRTD:MSVCR120D.dll
 0005:00000368       __imp_??3@YAXPAX@Z         00a0b368     MSVCRTD:MSVCR120D.dll
 0005:0000036c       __imp___invalid_parameter  00a0b36c     MSVCRTD:MSVCR120D.dll
 0005:00000370       __imp__memcmp              00a0b370     MSVCRTD:MSVCR120D.dll
 0005:00000374       __imp__memcpy              00a0b374     MSVCRTD:MSVCR120D.dll
 0005:00000378       __imp__strcpy              00a0b378     MSVCRTD:MSVCR120D.dll
 0005:0000037c       __imp__strcat              00a0b37c     MSVCRTD:MSVCR120D.dll
 0005:00000380       __imp__strcmp              00a0b380     MSVCRTD:MSVCR120D.dll
 0005:00000384       __imp__strlen              00a0b384     MSVCRTD:MSVCR120D.dll
 0005:00000388       __imp__memmove             00a0b388     MSVCRTD:MSVCR120D.dll
 0005:0000038c       __imp__strchr              00a0b38c     MSVCRTD:MSVCR120D.dll
 0005:00000390       __imp___strlwr             00a0b390     MSVCRTD:MSVCR120D.dll
 0005:00000394       __imp__strncmp             00a0b394     MSVCRTD:MSVCR120D.dll
 0005:00000398       __imp__strncpy             00a0b398     MSVCRTD:MSVCR120D.dll
 0005:0000039c       __imp__strstr              00a0b39c     MSVCRTD:MSVCR120D.dll
 0005:000003a0       __imp__atoi                00a0b3a0     MSVCRTD:MSVCR120D.dll
 0005:000003a4       __imp___hypot              00a0b3a4     MSVCRTD:MSVCR120D.dll
 0005:000003a8       __imp_??_V@YAXPAX@Z        00a0b3a8     MSVCRTD:MSVCR120D.dll
 0005:000003ac       __imp__fclose              00a0b3ac     MSVCRTD:MSVCR120D.dll
 0005:000003b0       __imp__fgets               00a0b3b0     MSVCRTD:MSVCR120D.dll
 0005:000003b4       __imp__fopen               00a0b3b4     MSVCRTD:MSVCR120D.dll
 0005:000003b8       __imp__fopen_s             00a0b3b8     MSVCRTD:MSVCR120D.dll
 0005:000003bc       __imp__fputs               00a0b3bc     MSVCRTD:MSVCR120D.dll
 0005:000003c0       __imp__sprintf             00a0b3c0     MSVCRTD:MSVCR120D.dll
 0005:000003c4       __imp___CrtDbgReportW      00a0b3c4     MSVCRTD:MSVCR120D.dll
 0005:000003c8       __imp___CxxThrowException@8 00a0b3c8     MSVCRTD:MSVCR120D.dll
 0005:000003cc       __imp____CxxFrameHandler3  00a0b3cc     MSVCRTD:MSVCR120D.dll
 0005:000003d0       __imp__getenv              00a0b3d0     MSVCRTD:MSVCR120D.dll
 0005:000003d4       \177MSVCR120D_NULL_THUNK_DATA 00a0b3d4     MSVCRTD:MSVCR120D.dll
 0005:00000444       __imp__Netbios@4           00a0b444     netapi32:NETAPI32.dll
 0005:00000448       \177NETAPI32_NULL_THUNK_DATA 00a0b448     netapi32:NETAPI32.dll
 0005:00000474       __imp__ShellExecuteA@24    00a0b474     shell32:SHELL32.dll
 0005:00000478       \177SHELL32_NULL_THUNK_DATA 00a0b478     shell32:SHELL32.dll
 0005:000004a4       __imp__PathFileExistsA@4   00a0b4a4     Shlwapi:SHLWAPI.dll
 0005:000004a8       \177SHLWAPI_NULL_THUNK_DATA 00a0b4a8     Shlwapi:SHLWAPI.dll
 0005:000004d4       __imp__EnumChildWindows@12 00a0b4d4     user32:USER32.dll
 0005:000004d8       __imp__GetWindowLongA@8    00a0b4d8     user32:USER32.dll
 0005:000004dc       __imp__LoadStringA@16      00a0b4dc     user32:USER32.dll
 0005:000004e0       __imp__GetWindow@8         00a0b4e0     user32:USER32.dll
 0005:000004e4       __imp__GetDesktopWindow@0  00a0b4e4     user32:USER32.dll
 0005:000004e8       __imp__GetWindowRect@8     00a0b4e8     user32:USER32.dll
 0005:000004ec       __imp__LoadIconA@8         00a0b4ec     user32:USER32.dll
 0005:000004f0       __imp__LoadCursorA@8       00a0b4f0     user32:USER32.dll
 0005:000004f4       __imp__FindWindowA@8       00a0b4f4     user32:USER32.dll
 0005:000004f8       __imp__MessageBeep@4       00a0b4f8     user32:USER32.dll
 0005:000004fc       __imp__MessageBoxA@16      00a0b4fc     user32:USER32.dll
 0005:00000500       __imp__CheckMenuItem@12    00a0b500     user32:USER32.dll
 0005:00000504       __imp__GetMenu@4           00a0b504     user32:USER32.dll
 0005:00000508       __imp__GetSystemMetrics@4  00a0b508     user32:USER32.dll
 0005:0000050c       __imp__EnableWindow@8      00a0b50c     user32:USER32.dll
 0005:00000510       __imp__KillTimer@8         00a0b510     user32:USER32.dll
 0005:00000514       __imp__GetDlgItem@8        00a0b514     user32:USER32.dll
 0005:00000518       __imp__SetWindowPos@28     00a0b518     user32:USER32.dll
 0005:0000051c       __imp__ShowWindow@8        00a0b51c     user32:USER32.dll
 0005:00000520       __imp__CreateWindowExA@48  00a0b520     user32:USER32.dll
 0005:00000524       __imp__GetWindowThreadProcessId@8 00a0b524     user32:USER32.dll
 0005:00000528       __imp__PostQuitMessage@4   00a0b528     user32:USER32.dll
 0005:0000052c       __imp__DefWindowProcA@16   00a0b52c     user32:USER32.dll
 0005:00000530       __imp__SendMessageTimeoutA@28 00a0b530     user32:USER32.dll
 0005:00000534       __imp__SetMessageQueue@4   00a0b534     user32:USER32.dll
 0005:00000538       __imp__DispatchMessageA@4  00a0b538     user32:USER32.dll
 0005:0000053c       __imp__TranslateMessage@4  00a0b53c     user32:USER32.dll
 0005:00000540       __imp__GetMessageA@16      00a0b540     user32:USER32.dll
 0005:00000544       __imp__IsIconic@4          00a0b544     user32:USER32.dll
 0005:00000548       __imp__UpdateWindow@4      00a0b548     user32:USER32.dll
 0005:0000054c       __imp__CreateDialogParamA@20 00a0b54c     user32:USER32.dll
 0005:00000550       __imp__DestroyWindow@4     00a0b550     user32:USER32.dll
 0005:00000554       __imp__SetWindowTextA@8    00a0b554     user32:USER32.dll
 0005:00000558       __imp__SetTimer@16         00a0b558     user32:USER32.dll
 0005:0000055c       __imp__IsWindow@4          00a0b55c     user32:USER32.dll
 0005:00000560       __imp__SendMessageA@16     00a0b560     user32:USER32.dll
 0005:00000564       __imp__ExitWindowsEx@8     00a0b564     user32:USER32.dll
 0005:00000568       __imp__PostMessageA@16     00a0b568     user32:USER32.dll
 0005:0000056c       __imp__PeekMessageA@20     00a0b56c     user32:USER32.dll
 0005:00000570       __imp__SetDlgItemTextA@12  00a0b570     user32:USER32.dll
 0005:00000574       __imp__EndDialog@8         00a0b574     user32:USER32.dll
 0005:00000578       __imp__DialogBoxParamA@20  00a0b578     user32:USER32.dll
 0005:0000057c       __imp__SetDlgItemInt@16    00a0b57c     user32:USER32.dll
 0005:00000580       __imp__wsprintfA           00a0b580     user32:USER32.dll
 0005:00000584       __imp__RegisterClassA@4    00a0b584     user32:USER32.dll
 0005:00000588       __imp__GetClassNameA@12    00a0b588     user32:USER32.dll
 0005:0000058c       \177USER32_NULL_THUNK_DATA 00a0b58c     user32:USER32.dll
 0005:000005dc       __imp__GetFileVersionInfoSizeA@8 00a0b5dc     version:VERSION.dll
 0005:000005e0       __imp__GetFileVersionInfoA@16 00a0b5e0     version:VERSION.dll
 0005:000005e4       __imp__VerQueryValueA@16   00a0b5e4     version:VERSION.dll
 0005:000005e8       \177VERSION_NULL_THUNK_DATA 00a0b5e8     version:VERSION.dll
 0005:00000614       __imp__WSASocketA@24       00a0b614     ws2_32:WS2_32.dll
 0005:00000618       __imp__WSASetEvent@4       00a0b618     ws2_32:WS2_32.dll
 0005:0000061c       __imp__WSAEventSelect@12   00a0b61c     ws2_32:WS2_32.dll
 0005:00000620       __imp__WSACreateEvent@0    00a0b620     ws2_32:WS2_32.dll
 0005:00000624       __imp__WSACloseEvent@4     00a0b624     ws2_32:WS2_32.dll
 0005:00000628       __imp__WSAGetLastError@0   00a0b628     ws2_32:WS2_32.dll
 0005:0000062c       __imp__WSACleanup@0        00a0b62c     ws2_32:WS2_32.dll
 0005:00000630       __imp__WSAWaitForMultipleEvents@20 00a0b630     ws2_32:WS2_32.dll
 0005:00000634       __imp__setsockopt@20       00a0b634     ws2_32:WS2_32.dll
 0005:00000638       __imp__sendto@24           00a0b638     ws2_32:WS2_32.dll
 0005:0000063c       __imp__recv@16             00a0b63c     ws2_32:WS2_32.dll
 0005:00000640       __imp__closesocket@4       00a0b640     ws2_32:WS2_32.dll
 0005:00000644       __imp__bind@12             00a0b644     ws2_32:WS2_32.dll
 0005:00000648       __imp__htons@4             00a0b648     ws2_32:WS2_32.dll
 0005:0000064c       __imp__htonl@4             00a0b64c     ws2_32:WS2_32.dll
 0005:00000650       __imp__ntohs@4             00a0b650     ws2_32:WS2_32.dll
 0005:00000654       __imp__ntohl@4             00a0b654     ws2_32:WS2_32.dll
 0005:00000658       __imp__WSAStartup@8        00a0b658     ws2_32:WS2_32.dll
 0005:0000065c       \177WS2_32_NULL_THUNK_DATA 00a0b65c     ws2_32:WS2_32.dll
 0005:00000694       __imp__setCsiHwnd          00a0b694     handlesharedb:handleSharedb.dll
 0005:00000698       \177handleSharedb_NULL_THUNK_DATA 00a0b698     handlesharedb:handleSharedb.dll
 0005:000006c4       __IMPORT_DESCRIPTOR_VERSION 00a0b6c4     version:VERSION.dll
 0005:000006d8       __IMPORT_DESCRIPTOR_SHLWAPI 00a0b6d8     Shlwapi:SHLWAPI.dll
 0005:000006ec       __IMPORT_DESCRIPTOR_WS2_32 00a0b6ec     ws2_32:WS2_32.dll
 0005:00000700       __IMPORT_DESCRIPTOR_BNCSIF32db 00a0b700     bncsif32db:BNCSIF32db.dll
 0005:00000714       __IMPORT_DESCRIPTOR_handleSharedb 00a0b714     handlesharedb:handleSharedb.dll
 0005:00000728       __IMPORT_DESCRIPTOR_KERNEL32 00a0b728     kernel32:KERNEL32.dll
 0005:0000073c       __IMPORT_DESCRIPTOR_USER32 00a0b73c     user32:USER32.dll
 0005:00000750       __IMPORT_DESCRIPTOR_GDI32  00a0b750     gdi32:GDI32.dll
 0005:00000764       __IMPORT_DESCRIPTOR_ADVAPI32 00a0b764     advapi32:ADVAPI32.dll
 0005:00000778       __IMPORT_DESCRIPTOR_SHELL32 00a0b778     shell32:SHELL32.dll
 0005:0000078c       __IMPORT_DESCRIPTOR_MSVCP120D 00a0b78c     msvcprtd:MSVCP120D.dll
 0005:000007a0       __IMPORT_DESCRIPTOR_MSVCR120D 00a0b7a0     MSVCRTD:MSVCR120D.dll
 0005:000007b4       __IMPORT_DESCRIPTOR_NETAPI32 00a0b7b4     netapi32:NETAPI32.dll
 0005:000007c8       __NULL_IMPORT_DESCRIPTOR   00a0b7c8     version:VERSION.dll
