 csi32

 Timestamp is 5e9db86d (Mon Apr 20 15:57:49 2020)

 Preferred load address is 00400000

 Start         Length     Name                   Class
 0001:00000000 000000f8H .text                   CODE
 0001:00000100 000006aeH .text$di                CODE
 0001:000007b0 000221aaH .text$mn                CODE
 0001:00022960 00001c84H .text$x                 CODE
 0001:000245f0 00000b4aH .text$yd                CODE
 0002:00000000 00000338H .idata$5                DATA
 0002:00000338 00000004H .CRT$XCA                DATA
 0002:0000033c 00000004H .CRT$XCAA               DATA
 0002:00000340 0000004cH .CRT$XCU                DATA
 0002:0000038c 00000004H .CRT$XCZ                DATA
 0002:00000390 00000004H .CRT$XIA                DATA
 0002:00000394 00000004H .CRT$XIAA               DATA
 0002:00000398 00000004H .CRT$XIC                DATA
 0002:0000039c 00000004H .CRT$XIY                DATA
 0002:000003a0 00000004H .CRT$XIZ                DATA
 0002:000003b0 00003dc8H .rdata                  DATA
 0002:00004178 000004dcH .rdata$r                DATA
 0002:00004654 00000004H .rtc$IAA                DATA
 0002:00004658 00000004H .rtc$IZZ                DATA
 0002:0000465c 00000004H .rtc$TAA                DATA
 0002:00004660 00000004H .rtc$TZZ                DATA
 0002:00004668 0000222cH .xdata$x                DATA
 0002:00006894 00000000H .edata                  DATA
 0002:00006894 00000104H .idata$2                DATA
 0002:00006998 00000014H .idata$3                DATA
 0002:000069ac 00000338H .idata$4                DATA
 0002:00006ce4 00000c4eH .idata$6                DATA
 0003:00000000 0000015cH .data                   DATA
 0003:0000015c 0000021cH .data$r                 DATA
 0003:00000378 00426f7cH .bss                    DATA
 0004:00000000 00000428H .rsrc$01                DATA
 0004:00000430 00006330H .rsrc$02                DATA

  Address         Publics by Value              Rva+Base       Lib:Object

 0000:00000000       ___safe_se_handler_table   00000000     <absolute>
 0000:00000000       ___guard_flags             00000000     <absolute>
 0000:00000000       ___guard_fids_table        00000000     <absolute>
 0000:00000000       __except_list              00000000     <absolute>
 0000:00000000       ___safe_se_handler_count   00000000     <absolute>
 0000:00000000       ___guard_fids_count        00000000     <absolute>
 0000:00009876       __ldused                   00009876     <absolute>
 0000:00009876       __fltused                  00009876     <absolute>
 0000:00000000       ___ImageBase               00400000     <linker-defined>
 0001:00000000       _HtmlHelpA@16              00401000 f   htmlhelp:init.obj
 0001:000007b0       ??$_Buynode@U?$pair@HV?$basic_string@DU?$char_traits@D@std@@V?$allocator@D@2@@std@@@std@@@?$_Tree_buy@U?$pair@$$CBHV?$basic_string@DU?$char_traits@D@std@@V?$allocator@D@2@@std@@@std@@V?$allocator@U?$pair@$$CBHV?$basic_string@DU?$char_traits@D@std@@V?$allocator@D@2@@std@@@std@@@2@@std@@QAEPAU?$_Tree_node@U?$pair@$$CBHV?$basic_string@DU?$char_traits@D@std@@V?$allocator@D@2@@std@@@std@@PAX@1@$$QAU?$pair@HV?$basic_string@DU?$char_traits@D@std@@V?$allocator@D@2@@std@@@1@@Z 004017b0 f i database.obj
 0001:00000840       ??$_Insert_at@AAU?$pair@$$CBHV?$basic_string@DU?$char_traits@D@std@@V?$allocator@D@2@@std@@@std@@PAU?$_Tree_node@U?$pair@$$CBHV?$basic_string@DU?$char_traits@D@std@@V?$allocator@D@2@@std@@@std@@PAX@2@@?$_Tree@V?$_Tmap_traits@HV?$basic_string@DU?$char_traits@D@std@@V?$allocator@D@2@@std@@U?$less@H@2@V?$allocator@U?$pair@$$CBHV?$basic_string@DU?$char_traits@D@std@@V?$allocator@D@2@@std@@@std@@@2@$0A@@std@@@std@@IAE?AV?$_Tree_iterator@V?$_Tree_val@U?$_Tree_simple_types@U?$pair@$$CBHV?$basic_string@DU?$char_traits@D@std@@V?$allocator@D@2@@std@@@std@@@std@@@std@@@1@_NPAU?$_Tree_node@U?$pair@$$CBHV?$basic_string@DU?$char_traits@D@std@@V?$allocator@D@2@@std@@@std@@PAX@1@AAU?$pair@$$CBHV?$basic_string@DU?$char_traits@D@std@@V?$allocator@D@2@@std@@@1@1@Z 00401840 f i database.obj
 0001:00000ab0       ??$_Insert_nohint@AAU?$pair@$$CBHV?$basic_string@DU?$char_traits@D@std@@V?$allocator@D@2@@std@@@std@@PAU?$_Tree_node@U?$pair@$$CBHV?$basic_string@DU?$char_traits@D@std@@V?$allocator@D@2@@std@@@std@@PAX@2@@?$_Tree@V?$_Tmap_traits@HV?$basic_string@DU?$char_traits@D@std@@V?$allocator@D@2@@std@@U?$less@H@2@V?$allocator@U?$pair@$$CBHV?$basic_string@DU?$char_traits@D@std@@V?$allocator@D@2@@std@@@std@@@2@$0A@@std@@@std@@IAE?AU?$pair@V?$_Tree_iterator@V?$_Tree_val@U?$_Tree_simple_types@U?$pair@$$CBHV?$basic_string@DU?$char_traits@D@std@@V?$allocator@D@2@@std@@@std@@@std@@@std@@@std@@_N@1@_NAAU?$pair@$$CBHV?$basic_string@DU?$char_traits@D@std@@V?$allocator@D@2@@std@@@1@PAU?$_Tree_node@U?$pair@$$CBHV?$basic_string@DU?$char_traits@D@std@@V?$allocator@D@2@@std@@@std@@PAX@1@@Z 00401ab0 f i database.obj
 0001:00000bc0       ??$construct@U?$pair@$$CBHV?$basic_string@DU?$char_traits@D@std@@V?$allocator@D@2@@std@@@std@@U?$pair@HV?$basic_string@DU?$char_traits@D@std@@V?$allocator@D@2@@std@@@2@@?$_Wrap_alloc@V?$allocator@U?$_Tree_node@U?$pair@$$CBHV?$basic_string@DU?$char_traits@D@std@@V?$allocator@D@2@@std@@@std@@PAX@std@@@std@@@std@@QAEXPAU?$pair@$$CBHV?$basic_string@DU?$char_traits@D@std@@V?$allocator@D@2@@std@@@1@$$QAU?$pair@HV?$basic_string@DU?$char_traits@D@std@@V?$allocator@D@2@@std@@@1@@Z 00401bc0 f i database.obj
 0001:00000c40       ??0?$basic_string@DU?$char_traits@D@std@@V?$allocator@D@2@@std@@QAE@PBD@Z 00401c40 f i database.obj
 0001:00000ca0       ??0database@@QAE@PBDHH@Z   00401ca0 f   database.obj
 0001:00000d60       ??1?$_Tree@V?$_Tmap_traits@HV?$basic_string@DU?$char_traits@D@std@@V?$allocator@D@2@@std@@U?$less@H@2@V?$allocator@U?$pair@$$CBHV?$basic_string@DU?$char_traits@D@std@@V?$allocator@D@2@@std@@@std@@@2@$0A@@std@@@std@@QAE@XZ 00401d60 f i database.obj
 0001:00000dd0       ??1?$basic_string@DU?$char_traits@D@std@@V?$allocator@D@2@@std@@QAE@XZ 00401dd0 f i database.obj
 0001:00000e00       ??1?$map@HV?$basic_string@DU?$char_traits@D@std@@V?$allocator@D@2@@std@@U?$less@H@2@V?$allocator@U?$pair@$$CBHV?$basic_string@DU?$char_traits@D@std@@V?$allocator@D@2@@std@@@std@@@2@@std@@QAE@XZ 00401e00 f i database.obj
 0001:00000e70       ??1?$pair@HV?$basic_string@DU?$char_traits@D@std@@V?$allocator@D@2@@std@@@std@@QAE@XZ 00401e70 f i database.obj
 0001:00000ee0       ??1_Generic_error_category@std@@UAE@XZ 00401ee0 f i database.obj
 0001:00000f30       ??1database@@UAE@XZ        00401f30 f i database.obj
 0001:00000fd0       ??1error_category@std@@UAE@XZ 00401fd0 f i database.obj
 0001:00000fe0       ??_G_Generic_error_category@std@@UAEPAXI@Z 00401fe0 f i database.obj
 0001:00000fe0       ??_E_Generic_error_category@std@@UAEPAXI@Z 00401fe0 f i database.obj
 0001:00001040       ??_G_Iostream_error_category@std@@UAEPAXI@Z 00402040 f i database.obj
 0001:00001040       ??_E_System_error_category@std@@UAEPAXI@Z 00402040 f i database.obj
 0001:00001040       ??_G_System_error_category@std@@UAEPAXI@Z 00402040 f i database.obj
 0001:00001040       ??_E_Iostream_error_category@std@@UAEPAXI@Z 00402040 f i database.obj
 0001:000010a0       ??_Edatabase@@UAEPAXI@Z    004020a0 f i database.obj
 0001:000010a0       ??_Gdatabase@@UAEPAXI@Z    004020a0 f i database.obj
 0001:000010d0       ??_Gerror_category@std@@UAEPAXI@Z 004020d0 f i database.obj
 0001:000010d0       ??_Eerror_category@std@@UAEPAXI@Z 004020d0 f i database.obj
 0001:00001100       ?_Assign_rv@?$basic_string@DU?$char_traits@D@std@@V?$allocator@D@2@@std@@QAEX$$QAV12@@Z 00402100 f i database.obj
 0001:000011a0       ?_Buyheadnode@?$_Tree_alloc@$0A@U?$_Tree_base_types@U?$pair@$$CBGVserialError@@@std@@V?$allocator@U?$pair@$$CBGVserialError@@@std@@@2@@std@@@std@@QAEPAU?$_Tree_node@U?$pair@$$CBGVserialError@@@std@@PAX@2@XZ 004021a0 f i Csimain.obj
 0001:000011a0       ?_Buyheadnode@?$_Tree_alloc@$0A@U?$_Tree_base_types@U?$pair@$$CBHV?$basic_string@DU?$char_traits@D@std@@V?$allocator@D@2@@std@@@std@@V?$allocator@U?$pair@$$CBHV?$basic_string@DU?$char_traits@D@std@@V?$allocator@D@2@@std@@@std@@@2@@std@@@std@@QAEPAU?$_Tree_node@U?$pair@$$CBHV?$basic_string@DU?$char_traits@D@std@@V?$allocator@D@2@@std@@@std@@PAX@2@XZ 004021a0 f i database.obj
 0001:00001260       ?_Buynode0@?$_Tree_buy@U?$pair@$$CBGVserialError@@@std@@V?$allocator@U?$pair@$$CBGVserialError@@@std@@@2@@std@@QAEPAU?$_Tree_node@U?$pair@$$CBGVserialError@@@std@@PAX@2@XZ 00402260 f i Cscmd.obj
 0001:00001260       ?_Buynode0@?$_Tree_buy@U?$pair@$$CBHV?$basic_string@DU?$char_traits@D@std@@V?$allocator@D@2@@std@@@std@@V?$allocator@U?$pair@$$CBHV?$basic_string@DU?$char_traits@D@std@@V?$allocator@D@2@@std@@@std@@@2@@std@@QAEPAU?$_Tree_node@U?$pair@$$CBHV?$basic_string@DU?$char_traits@D@std@@V?$allocator@D@2@@std@@@std@@PAX@2@XZ 00402260 f i database.obj
 0001:00001310       ?_Copy@?$basic_string@DU?$char_traits@D@std@@V?$allocator@D@2@@std@@QAEXII@Z 00402310 f i database.obj
 0001:00001480       ?_Destroy_if_not_nil@?$_Tree@V?$_Tmap_traits@HV?$basic_string@DU?$char_traits@D@std@@V?$allocator@D@2@@std@@U?$less@H@2@V?$allocator@U?$pair@$$CBHV?$basic_string@DU?$char_traits@D@std@@V?$allocator@D@2@@std@@@std@@@2@$0A@@std@@@std@@IAEXPAU?$_Tree_node@U?$pair@$$CBHV?$basic_string@DU?$char_traits@D@std@@V?$allocator@D@2@@std@@@std@@PAX@2@@Z 00402480 f i database.obj
 0001:00001500       ?_Erase@?$_Tree@V?$_Tmap_traits@HV?$basic_string@DU?$char_traits@D@std@@V?$allocator@D@2@@std@@U?$less@H@2@V?$allocator@U?$pair@$$CBHV?$basic_string@DU?$char_traits@D@std@@V?$allocator@D@2@@std@@@std@@@2@$0A@@std@@@std@@IAEXPAU?$_Tree_node@U?$pair@$$CBHV?$basic_string@DU?$char_traits@D@std@@V?$allocator@D@2@@std@@@std@@PAX@2@@Z 00402500 f i database.obj
 0001:000015a0       ?_Grow@?$basic_string@DU?$char_traits@D@std@@V?$allocator@D@2@@std@@QAE_NI_N@Z 004025a0 f i database.obj
 0001:00001650       ?allocate@?$_Wrap_alloc@V?$allocator@D@std@@@std@@QAEPADI@Z 00402650 f i database.obj
 0001:00001680       ?assign@?$basic_string@DU?$char_traits@D@std@@V?$allocator@D@2@@std@@QAEAAV12@ABV12@II@Z 00402680 f i database.obj
 0001:000017a0       ?assign@?$basic_string@DU?$char_traits@D@std@@V?$allocator@D@2@@std@@QAEAAV12@PBDI@Z 004027a0 f i database.obj
 0001:000018a0       ?compare@?$basic_string@DU?$char_traits@D@std@@V?$allocator@D@2@@std@@QBEHIIPBDI@Z 004028a0 f i database.obj
 0001:00001910       ?compare@?$char_traits@D@std@@SAHPBD0I@Z 00402910 f i database.obj
 0001:00001980       ?default_error_condition@_System_error_category@std@@UBE?AVerror_condition@2@H@Z 00402980 f i database.obj
 0001:000019c0       ?default_error_condition@error_category@std@@UBE?AVerror_condition@2@H@Z 004029c0 f i database.obj
 0001:000019e0       ?equivalent@error_category@std@@UBE_NABVerror_code@2@H@Z 004029e0 f i database.obj
 0001:00001a00       ?equivalent@error_category@std@@UBE_NHABVerror_condition@2@@Z 00402a00 f i database.obj
 0001:00001a40       ?erase@?$_Tree@V?$_Tmap_traits@HV?$basic_string@DU?$char_traits@D@std@@V?$allocator@D@2@@std@@U?$less@H@2@V?$allocator@U?$pair@$$CBHV?$basic_string@DU?$char_traits@D@std@@V?$allocator@D@2@@std@@@std@@@2@$0A@@std@@@std@@QAE?AV?$_Tree_iterator@V?$_Tree_val@U?$_Tree_simple_types@U?$pair@$$CBHV?$basic_string@DU?$char_traits@D@std@@V?$allocator@D@2@@std@@@std@@@std@@@std@@@2@V?$_Tree_const_iterator@V?$_Tree_val@U?$_Tree_simple_types@U?$pair@$$CBHV?$basic_string@DU?$char_traits@D@std@@V?$allocator@D@2@@std@@@std@@@std@@@std@@@2@0@Z 00402a40 f i database.obj
 0001:00001b00       ?erase@?$_Tree@V?$_Tmap_traits@HV?$basic_string@DU?$char_traits@D@std@@V?$allocator@D@2@@std@@U?$less@H@2@V?$allocator@U?$pair@$$CBHV?$basic_string@DU?$char_traits@D@std@@V?$allocator@D@2@@std@@@std@@@2@$0A@@std@@@std@@QAE?AV?$_Tree_iterator@V?$_Tree_val@U?$_Tree_simple_types@U?$pair@$$CBHV?$basic_string@DU?$char_traits@D@std@@V?$allocator@D@2@@std@@@std@@@std@@@std@@@2@V?$_Tree_const_iterator@V?$_Tree_val@U?$_Tree_simple_types@U?$pair@$$CBHV?$basic_string@DU?$char_traits@D@std@@V?$allocator@D@2@@std@@@std@@@std@@@std@@@2@@Z 00402b00 f i database.obj
 0001:00001dd0       ?erase@?$basic_string@DU?$char_traits@D@std@@V?$allocator@D@2@@std@@QAEAAV12@II@Z 00402dd0 f i database.obj
 0001:00001e70       ?find@?$_Tree@V?$_Tmap_traits@HV?$basic_string@DU?$char_traits@D@std@@V?$allocator@D@2@@std@@U?$less@H@2@V?$allocator@U?$pair@$$CBHV?$basic_string@DU?$char_traits@D@std@@V?$allocator@D@2@@std@@@std@@@2@$0A@@std@@@std@@QAE?AV?$_Tree_iterator@V?$_Tree_val@U?$_Tree_simple_types@U?$pair@$$CBHV?$basic_string@DU?$char_traits@D@std@@V?$allocator@D@2@@std@@@std@@@std@@@std@@@2@ABH@Z 00402e70 f i database.obj
 0001:00001ec0       ?getIndex@database@@QAEHPBDHH@Z 00402ec0 f   database.obj
 0001:00002070       ?getIndex@database@@QAEHPBD_N1@Z 00403070 f   database.obj
 0001:000021f0       ?getName@database@@QAEPBDH@Z 004031f0 f   database.obj
 0001:00002270       ?getName@database@@QAE_NHPADH@Z 00403270 f   database.obj
 0001:000022f0       ?load@database@@AAEXPBDHH@Z 004032f0 f   database.obj
 0001:00002870       ?message@_Generic_error_category@std@@UBE?AV?$basic_string@DU?$char_traits@D@std@@V?$allocator@D@2@@2@H@Z 00403870 f i database.obj
 0001:00002910       ?message@_Iostream_error_category@std@@UBE?AV?$basic_string@DU?$char_traits@D@std@@V?$allocator@D@2@@2@H@Z 00403910 f i database.obj
 0001:00002990       ?message@_System_error_category@std@@UBE?AV?$basic_string@DU?$char_traits@D@std@@V?$allocator@D@2@@2@H@Z 00403990 f i database.obj
 0001:00002a30       ?name@_Generic_error_category@std@@UBEPBDXZ 00403a30 f i database.obj
 0001:00002a40       ?name@_Iostream_error_category@std@@UBEPBDXZ 00403a40 f i database.obj
 0001:00002a50       ?name@_System_error_category@std@@UBEPBDXZ 00403a50 f i database.obj
 0001:00002a60       ?setName@database@@QAE_NHPBD_NPA_N@Z 00403a60 f   database.obj
 0001:00002d30       ??$_Buynode@U?$pair@KK@std@@@?$_Tree_buy@U?$pair@$$CBKK@std@@V?$allocator@U?$pair@$$CBKK@std@@@2@@std@@QAEPAU?$_Tree_node@U?$pair@$$CBKK@std@@PAX@1@$$QAU?$pair@KK@1@@Z 00403d30 f i supersededMemory.obj
 0001:00002d30       ??$_Buynode@U?$pair@HPAVdatabase@@@std@@@?$_Tree_buy@U?$pair@$$CBHPAVdatabase@@@std@@V?$allocator@U?$pair@$$CBHPAVdatabase@@@std@@@2@@std@@QAEPAU?$_Tree_node@U?$pair@$$CBHPAVdatabase@@@std@@PAX@1@$$QAU?$pair@HPAVdatabase@@@1@@Z 00403d30 f i databaseMgr.obj
 0001:00002dc0       ??$_Insert_at@AAU?$pair@$$CBKK@std@@PAU?$_Tree_node@U?$pair@$$CBKK@std@@PAX@2@@?$_Tree@V?$_Tmap_traits@KKU?$less@K@std@@V?$allocator@U?$pair@$$CBKK@std@@@2@$0A@@std@@@std@@IAE?AV?$_Tree_iterator@V?$_Tree_val@U?$_Tree_simple_types@U?$pair@$$CBKK@std@@@std@@@std@@@1@_NPAU?$_Tree_node@U?$pair@$$CBKK@std@@PAX@1@AAU?$pair@$$CBKK@1@1@Z 00403dc0 f i supersededMemory.obj
 0001:00002dc0       ??$_Insert_at@AAU?$pair@QAUHWND__@@K@std@@PAU?$_Tree_node@U?$pair@QAUHWND__@@K@std@@PAX@2@@?$_Tree@V?$_Tmap_traits@PAUHWND__@@KU?$less@PAUHWND__@@@std@@V?$allocator@U?$pair@QAUHWND__@@K@std@@@3@$0A@@std@@@std@@IAE?AV?$_Tree_iterator@V?$_Tree_val@U?$_Tree_simple_types@U?$pair@QAUHWND__@@K@std@@@std@@@std@@@1@_NPAU?$_Tree_node@U?$pair@QAUHWND__@@K@std@@PAX@1@AAU?$pair@QAUHWND__@@K@1@1@Z 00403dc0 f i externalsListDialog.obj
 0001:00002dc0       ??$_Insert_at@AAU?$pair@$$CBHPAVdatabase@@@std@@PAU?$_Tree_node@U?$pair@$$CBHPAVdatabase@@@std@@PAX@2@@?$_Tree@V?$_Tmap_traits@HPAVdatabase@@U?$less@H@std@@V?$allocator@U?$pair@$$CBHPAVdatabase@@@std@@@3@$0A@@std@@@std@@IAE?AV?$_Tree_iterator@V?$_Tree_val@U?$_Tree_simple_types@U?$pair@$$CBHPAVdatabase@@@std@@@std@@@std@@@1@_NPAU?$_Tree_node@U?$pair@$$CBHPAVdatabase@@@std@@PAX@1@AAU?$pair@$$CBHPAVdatabase@@@1@1@Z 00403dc0 f i databaseMgr.obj
 0001:00002fd0       ??$_Insert_nohint@AAU?$pair@$$CBHPAVdatabase@@@std@@PAU?$_Tree_node@U?$pair@$$CBHPAVdatabase@@@std@@PAX@2@@?$_Tree@V?$_Tmap_traits@HPAVdatabase@@U?$less@H@std@@V?$allocator@U?$pair@$$CBHPAVdatabase@@@std@@@3@$0A@@std@@@std@@IAE?AU?$pair@V?$_Tree_iterator@V?$_Tree_val@U?$_Tree_simple_types@U?$pair@$$CBHPAVdatabase@@@std@@@std@@@std@@@std@@_N@1@_NAAU?$pair@$$CBHPAVdatabase@@@1@PAU?$_Tree_node@U?$pair@$$CBHPAVdatabase@@@std@@PAX@1@@Z 00403fd0 f i databaseMgr.obj
 0001:000030e0       ??$construct@U?$pair@$$CBKK@std@@U?$pair@KK@2@@?$_Wrap_alloc@V?$allocator@U?$_Tree_node@U?$pair@$$CBKK@std@@PAX@std@@@std@@@std@@QAEXPAU?$pair@$$CBKK@1@$$QAU?$pair@KK@1@@Z 004040e0 f i supersededMemory.obj
 0001:000030e0       ??$construct@U?$pair@$$CBHPAVdatabase@@@std@@U?$pair@HPAVdatabase@@@2@@?$_Wrap_alloc@V?$allocator@U?$_Tree_node@U?$pair@$$CBHPAVdatabase@@@std@@PAX@std@@@std@@@std@@QAEXPAU?$pair@$$CBHPAVdatabase@@@1@$$QAU?$pair@HPAVdatabase@@@1@@Z 004040e0 f i databaseMgr.obj
 0001:00003140       ??0databaseMgr@@QAE@PBD@Z  00404140 f   databaseMgr.obj
 0001:000031c0       ??1?$_Tree@V?$_Tset_traits@HU?$less@H@std@@V?$allocator@H@2@$0A@@std@@@std@@QAE@XZ 004041c0 f i closedDriversList.obj
 0001:000031c0       ??1?$_Tree@V?$_Tmap_traits@HVdeviceStatusOnHost@@U?$less@H@std@@V?$allocator@U?$pair@$$CBHVdeviceStatusOnHost@@@std@@@3@$0A@@std@@@std@@QAE@XZ 004041c0 f i deviceStatus.obj
 0001:000031c0       ??1?$_Tree@V?$_Tmap_traits@HPAVdatabase@@U?$less@H@std@@V?$allocator@U?$pair@$$CBHPAVdatabase@@@std@@@3@$0A@@std@@@std@@QAE@XZ 004041c0 f i databaseMgr.obj
 0001:000031c0       ??1?$_Tree@V?$_Tmap_traits@KKU?$less@K@std@@V?$allocator@U?$pair@$$CBKK@std@@@2@$0A@@std@@@std@@QAE@XZ 004041c0 f i supersededMemory.obj
 0001:000031c0       ??1?$_Tree@V?$_Tmap_traits@PAUHWND__@@KU?$less@PAUHWND__@@@std@@V?$allocator@U?$pair@QAUHWND__@@K@std@@@3@$0A@@std@@@std@@QAE@XZ 004041c0 f i externalsListDialog.obj
 0001:00003230       ??1?$_Tree_buy@U?$pair@QAUHWND__@@K@std@@V?$allocator@U?$pair@QAUHWND__@@K@std@@@2@@std@@QAE@XZ 00404230 f i externalsListDialog.obj
 0001:00003230       ??1?$_Tree_buy@U?$pair@$$CBKK@std@@V?$allocator@U?$pair@$$CBKK@std@@@2@@std@@QAE@XZ 00404230 f i supersededMemory.obj
 0001:00003230       ??1?$_List_buy@VdeviceStatusOnHost@@V?$allocator@VdeviceStatusOnHost@@@std@@@std@@QAE@XZ 00404230 f i Cscmd.obj
 0001:00003230       ??1?$_Tree_buy@U?$pair@$$CBHV?$basic_string@DU?$char_traits@D@std@@V?$allocator@D@2@@std@@@std@@V?$allocator@U?$pair@$$CBHV?$basic_string@DU?$char_traits@D@std@@V?$allocator@D@2@@std@@@std@@@2@@std@@QAE@XZ 00404230 f i database.obj
 0001:00003230       ??1?$_Tree_buy@HV?$allocator@H@std@@@std@@QAE@XZ 00404230 f i closedDriversList.obj
 0001:00003230       ??1?$_List_buy@VserialError@@V?$allocator@VserialError@@@std@@@std@@QAE@XZ 00404230 f i Csimain.obj
 0001:00003230       ??1?$_Tree_buy@U?$pair@$$CBKVsizedBuffer@@@std@@V?$allocator@U?$pair@$$CBKVsizedBuffer@@@std@@@2@@std@@QAE@XZ 00404230 f i Csimain.obj
 0001:00003230       ??1?$_List_buy@PAUHWND__@@V?$allocator@PAUHWND__@@@std@@@std@@QAE@XZ 00404230 f i Csimain.obj
 0001:00003230       ??1?$_Tree_buy@U?$pair@$$CBHPAVdatabase@@@std@@V?$allocator@U?$pair@$$CBHPAVdatabase@@@std@@@2@@std@@QAE@XZ 00404230 f i databaseMgr.obj
 0001:00003230       ??1?$_Tree_buy@U?$pair@$$CBHVdeviceStatusOnHost@@@std@@V?$allocator@U?$pair@$$CBHVdeviceStatusOnHost@@@std@@@2@@std@@QAE@XZ 00404230 f i deviceStatus.obj
 0001:00003230       ??1?$_Tree_buy@U?$pair@$$CBGVserialError@@@std@@V?$allocator@U?$pair@$$CBGVserialError@@@std@@@2@@std@@QAE@XZ 00404230 f i Csimain.obj
 0001:00003280       ??1?$map@PAUHWND__@@KU?$less@PAUHWND__@@@std@@V?$allocator@U?$pair@QAUHWND__@@K@std@@@3@@std@@QAE@XZ 00404280 f i externalsListDialog.obj
 0001:00003280       ??1?$map@HVdeviceStatusOnHost@@U?$less@H@std@@V?$allocator@U?$pair@$$CBHVdeviceStatusOnHost@@@std@@@3@@std@@QAE@XZ 00404280 f i deviceStatus.obj
 0001:00003280       ??1?$map@HPAVdatabase@@U?$less@H@std@@V?$allocator@U?$pair@$$CBHPAVdatabase@@@std@@@3@@std@@QAE@XZ 00404280 f i databaseMgr.obj
 0001:00003280       ??1?$map@KKU?$less@K@std@@V?$allocator@U?$pair@$$CBKK@std@@@2@@std@@QAE@XZ 00404280 f i supersededMemory.obj
 0001:000032f0       ??1databaseMgr@@UAE@XZ     004042f0 f   databaseMgr.obj
 0001:00003380       ??_GdatabaseMgr@@UAEPAXI@Z 00404380 f i databaseMgr.obj
 0001:00003380       ??_EdatabaseMgr@@UAEPAXI@Z 00404380 f i databaseMgr.obj
 0001:000033b0       ?_Buyheadnode@?$_Tree_alloc@$0A@U?$_Tree_base_types@U?$pair@QAUHWND__@@K@std@@V?$allocator@U?$pair@QAUHWND__@@K@std@@@2@@std@@@std@@QAEPAU?$_Tree_node@U?$pair@QAUHWND__@@K@std@@PAX@2@XZ 004043b0 f i externalsListDialog.obj
 0001:000033b0       ?_Buyheadnode@?$_Tree_alloc@$0A@U?$_Tree_base_types@U?$pair@$$CBKK@std@@V?$allocator@U?$pair@$$CBKK@std@@@2@@std@@@std@@QAEPAU?$_Tree_node@U?$pair@$$CBKK@std@@PAX@2@XZ 004043b0 f i supersededMemory.obj
 0001:000033b0       ?_Buyheadnode@?$_Tree_alloc@$0A@U?$_Tree_base_types@U?$pair@$$CBHPAVdatabase@@@std@@V?$allocator@U?$pair@$$CBHPAVdatabase@@@std@@@2@@std@@@std@@QAEPAU?$_Tree_node@U?$pair@$$CBHPAVdatabase@@@std@@PAX@2@XZ 004043b0 f i databaseMgr.obj
 0001:00003470       ?clear@databaseMgr@@QAEXH@Z 00404470 f   databaseMgr.obj
 0001:000035b0       ?doCreate@databaseMgr@@AAEPAVdatabase@@HH@Z 004045b0 f   databaseMgr.obj
 0001:00003640       ?getDatabaseObject@databaseMgr@@AAEPAVdatabase@@HH_N@Z 00404640 f i databaseMgr.obj
 0001:000036f0       ?getIndex@databaseMgr@@QAEHHHPBDHH@Z 004046f0 f   databaseMgr.obj
 0001:00003720       ?getIndex@databaseMgr@@QAEHHHPBD_N1@Z 00404720 f   databaseMgr.obj
 0001:00003750       ?getName@databaseMgr@@QAEPBDHHH@Z 00404750 f   databaseMgr.obj
 0001:00003790       ?getName@databaseMgr@@QAE_NHHHPADH@Z 00404790 f   databaseMgr.obj
 0001:000037f0       ?setName@databaseMgr@@QAE_NHHHPBD_NPA_N@Z 004047f0 f   databaseMgr.obj
 0001:00003830       ?setPath@databaseMgr@@QAEXPBD@Z 00404830 f   databaseMgr.obj
 0001:000038a0       ??0Cbncs_strtok@@QAE@XZ    004048a0 f   b_strtok.obj
 0001:000038b0       ?Initialise@Cbncs_strtok@@QAEXXZ 004048b0 f   b_strtok.obj
 0001:000038d0       ?Read@Cbncs_strtok@@QAEXPADH@Z 004048d0 f   b_strtok.obj
 0001:00003900       ?Tokenise@Cbncs_strtok@@QAEXPADDH@Z 00404900 f   b_strtok.obj
 0001:00003980       ??0bncs_disklog@@QAE@PBDW4filetype@0@000000@Z 00404980 f   bncs_disklog.obj
 0001:000039c0       ??0bncs_disklog@@QAE@PBDW4filetype@0@@Z 004049c0 f   bncs_disklog.obj
 0001:000039f0       ??1bncs_disklog@@UAE@XZ    004049f0 f   bncs_disklog.obj
 0001:00003a00       ??_Gbncs_disklog@@UAEPAXI@Z 00404a00 f i bncs_disklog.obj
 0001:00003a00       ??_Ebncs_disklog@@UAEPAXI@Z 00404a00 f i bncs_disklog.obj
 0001:00003a30       ?cleanup@bncs_disklog@@AAEXXZ 00404a30 f   bncs_disklog.obj
 0001:00003a50       ?createDirectory@bncs_disklog@@AAEXPBD@Z 00404a50 f   bncs_disklog.obj
 0001:00003b50       ?initVars@bncs_disklog@@AAEXXZ 00404b50 f   bncs_disklog.obj
 0001:00003b70       ?openLogFile@bncs_disklog@@AAEXPBDW4filetype@1@@Z 00404b70 f   bncs_disklog.obj
 0001:00003da0       ?write@bncs_disklog@@QAEXPBD00000@Z 00404da0 f   bncs_disklog.obj
 0001:00003fe0       _GetBNCSConfigDirectory    00404fe0 f   bncs_gcd.obj
 0001:000040f0       _GetBNCSDLLDirectory       004050f0 f   bncs_gcd.obj
 0001:00004200       _resolveEnvVar             00405200 f   bncs_gcd.obj
 0001:000043d0       ??$?HDU?$char_traits@D@std@@V?$allocator@D@1@@std@@YA?AV?$basic_string@DU?$char_traits@D@std@@V?$allocator@D@2@@0@$$QAV10@ABV10@@Z 004053d0 f i ccCheck.obj
 0001:00004450       ??$?HDU?$char_traits@D@std@@V?$allocator@D@1@@std@@YA?AV?$basic_string@DU?$char_traits@D@std@@V?$allocator@D@2@@0@$$QAV10@PBD@Z 00405450 f i ccCheck.obj
 0001:000044e0       ??$?HDU?$char_traits@D@std@@V?$allocator@D@1@@std@@YA?AV?$basic_string@DU?$char_traits@D@std@@V?$allocator@D@2@@0@ABV10@PBD@Z 004054e0 f i ccCheck.obj
 0001:000045d0       ??0ccCheck@@QAE@ABV?$basic_string@DU?$char_traits@D@std@@V?$allocator@D@2@@std@@@Z 004055d0 f   ccCheck.obj
 0001:00004670       ??1ccCheck@@UAE@XZ         00405670 f   ccCheck.obj
 0001:000046e0       ??_EccCheck@@UAEPAXI@Z     004056e0 f i ccCheck.obj
 0001:000046e0       ??_GccCheck@@UAEPAXI@Z     004056e0 f i ccCheck.obj
 0001:00004710       ?append@?$basic_string@DU?$char_traits@D@std@@V?$allocator@D@2@@std@@QAEAAV12@ABV12@II@Z 00405710 f i ccCheck.obj
 0001:000047d0       ?append@?$basic_string@DU?$char_traits@D@std@@V?$allocator@D@2@@std@@QAEAAV12@PBDI@Z 004057d0 f i ccCheck.obj
 0001:000048c0       ?checkDevice@ccCheck@@QAE_NI@Z 004058c0 f   ccCheck.obj
 0001:000049a0       ?checkWorkstation@ccCheck@@QAE_NI@Z 004059a0 f   ccCheck.obj
 0001:00004ad0       ?log@ccCheck@@QAEXABV?$basic_string@DU?$char_traits@D@std@@V?$allocator@D@2@@std@@@Z 00405ad0 f   ccCheck.obj
 0001:00004be0       ??$_Buynode@ABH@?$_Tree_buy@HV?$allocator@H@std@@@std@@QAEPAU?$_Tree_node@HPAX@1@ABH@Z 00405be0 f i closedDriversList.obj
 0001:00004c70       ??$_Insert_at@ABHU_Nil@std@@@?$_Tree@V?$_Tset_traits@HU?$less@H@std@@V?$allocator@H@2@$0A@@std@@@std@@IAE?AV?$_Tree_const_iterator@V?$_Tree_val@U?$_Tree_simple_types@H@std@@@std@@@1@_NPAU?$_Tree_node@HPAX@1@ABHU_Nil@1@@Z 00405c70 f i closedDriversList.obj
 0001:00004e70       ??$_Insert_nohint@ABHU_Nil@std@@@?$_Tree@V?$_Tset_traits@HU?$less@H@std@@V?$allocator@H@2@$0A@@std@@@std@@IAE?AU?$pair@V?$_Tree_const_iterator@V?$_Tree_val@U?$_Tree_simple_types@H@std@@@std@@@std@@_N@1@_NABHU_Nil@1@@Z 00405e70 f i closedDriversList.obj
 0001:00004f70       ?_Buyheadnode@?$_Tree_alloc@$0A@U?$_Tree_base_types@HV?$allocator@H@std@@@std@@@std@@QAEPAU?$_Tree_node@HPAX@2@XZ 00405f70 f i closedDriversList.obj
 0001:00005030       ?_Buynode0@?$_Tree_buy@HV?$allocator@H@std@@@std@@QAEPAU?$_Tree_node@HPAX@2@XZ 00406030 f i closedDriversList.obj
 0001:000050e0       ?add@closedDriversList@@SAXH@Z 004060e0 f   closedDriversList.obj
 0001:00005140       ?clear@closedDriversList@@SAXXZ 00406140 f   closedDriversList.obj
 0001:00005150       ?count@closedDriversList@@SAHXZ 00406150 f   closedDriversList.obj
 0001:00005160       ?item@closedDriversList@@SAHH@Z 00406160 f   closedDriversList.obj
 0001:000051e0       ?remove@closedDriversList@@SAXH@Z 004061e0 f   closedDriversList.obj
 0001:00005240       ?CSAbout_About@@YAXXZ      00406240 f   Csabout.obj
 0001:00005260       ?CSAbout_DialogProc@@YGHPAUHWND__@@GGJ@Z 00406260 f   Csabout.obj
 0001:00005320       ?CSCache_Alloc@@YAHHH@Z    00406320 f   Cscache.obj
 0001:000053b0       ?CSCache_CalcPercent@@YAXXZ 004063b0 f   Cscache.obj
 0001:00005430       ?CSCache_Check@@YAHPAD@Z   00406430 f   Cscache.obj
 0001:00005620       ?CSCache_Clear@@YAXH@Z     00406620 f   Cscache.obj
 0001:00005750       ?CSCache_Closedown@@YAXXZ  00406750 f   Cscache.obj
 0001:000057b0       ?CSCache_CreateFile@@YAHHPAD@Z 004067b0 f   Cscache.obj
 0001:00005850       ?CSCache_DeleteOldFiles@@YAXXZ 00406850 f   Cscache.obj
 0001:00005950       ?CSCache_GetData@@YAJPAD@Z 00406950 f   Cscache.obj
 0001:00005b50       ?CSCache_GetFileHandle@@YAHH@Z 00406b50 f   Cscache.obj
 0001:00005d40       ?CSCache_Index@@YAHPAD@Z   00406d40 f   Cscache.obj
 0001:00005e80       ?CSCache_InfoRead@@YAXHHPAD@Z 00406e80 f   Cscache.obj
 0001:00005f50       ?CSCache_InfoWrite@@YAXHHPBDH@Z 00406f50 f   Cscache.obj
 0001:00005fd0       ?CSCache_Init@@YAXXZ       00406fd0 f   Cscache.obj
 0001:00006060       ?CSCache_PostedGPIPoll@@YAXPAD@Z 00407060 f   Cscache.obj
 0001:00006160       ?CSCache_PostedINFPoll@@YAXPAD@Z 00407160 f   Cscache.obj
 0001:00006240       ?CSCache_PostedPoll@@YAXXZ 00407240 f   Cscache.obj
 0001:000065c0       ?CSCache_PostedRTRPoll@@YAXPAD@Z 004075c0 f   Cscache.obj
 0001:00006700       ?CSCache_Profile@@YAHXZ    00407700 f   Cscache.obj
 0001:00006780       ?CSCache_Test@@YAHHHH@Z    00407780 f   Cscache.obj
 0001:000068a0       ?CSCache_TimeoutCheck@@YAXXZ 004078a0 f   Cscache.obj
 0001:00006910       ?CSCache_WriteNumeric@@YAXHHH@Z 00407910 f   Cscache.obj
 0001:00006980       ?CSCache_WriteString@@YAXHHPBDH@Z 00407980 f   Cscache.obj
 0001:00006a00       ?_Growmap@?$deque@VsizedBuffer@@V?$allocator@VsizedBuffer@@@std@@@std@@IAEXI@Z 00407a00 f i Cscache.obj
 0001:00006b80       ?begin@?$deque@VsizedBuffer@@V?$allocator@VsizedBuffer@@@std@@@std@@QAE?AV?$_Deque_iterator@V?$_Deque_val@U?$_Deque_simple_types@VsizedBuffer@@@std@@@std@@@2@XZ 00407b80 f i Cscache.obj
 0001:00006ba0       ?push_back@?$deque@VsizedBuffer@@V?$allocator@VsizedBuffer@@@std@@@std@@QAEX$$QAVsizedBuffer@@@Z 00407ba0 f i Cscache.obj
 0001:00006c50       ??$?0AAHVserialError@@X@?$pair@HVserialError@@@std@@QAE@AAH$$QAVserialError@@@Z 00407c50 f i Cscmd.obj
 0001:00006d00       ??$?0HVserialError@@X@?$pair@$$CBGVserialError@@@std@@QAE@$$QAU?$pair@HVserialError@@@1@@Z 00407d00 f i Cscmd.obj
 0001:00006db0       ??$_Buynode@U?$pair@HVserialError@@@std@@@?$_Tree_buy@U?$pair@$$CBGVserialError@@@std@@V?$allocator@U?$pair@$$CBGVserialError@@@std@@@2@@std@@QAEPAU?$_Tree_node@U?$pair@$$CBGVserialError@@@std@@PAX@1@$$QAU?$pair@HVserialError@@@1@@Z 00407db0 f i Cscmd.obj
 0001:00006e40       ??$_Insert_at@AAU?$pair@$$CBGVserialError@@@std@@PAU?$_Tree_node@U?$pair@$$CBGVserialError@@@std@@PAX@2@@?$_Tree@V?$_Tmap_traits@GVserialError@@U?$less@G@std@@V?$allocator@U?$pair@$$CBGVserialError@@@std@@@3@$00@std@@@std@@IAE?AV?$_Tree_iterator@V?$_Tree_val@U?$_Tree_simple_types@U?$pair@$$CBGVserialError@@@std@@@std@@@std@@@1@_NPAU?$_Tree_node@U?$pair@$$CBGVserialError@@@std@@PAX@1@AAU?$pair@$$CBGVserialError@@@1@1@Z 00407e40 f i Cscmd.obj
 0001:000070a0       ??$_Insert_nohint@AAU?$pair@$$CBGVserialError@@@std@@PAU?$_Tree_node@U?$pair@$$CBGVserialError@@@std@@PAX@2@@?$_Tree@V?$_Tmap_traits@GVserialError@@U?$less@G@std@@V?$allocator@U?$pair@$$CBGVserialError@@@std@@@3@$00@std@@@std@@IAE?AU?$pair@V?$_Tree_iterator@V?$_Tree_val@U?$_Tree_simple_types@U?$pair@$$CBGVserialError@@@std@@@std@@@std@@@std@@_N@1@_NAAU?$pair@$$CBGVserialError@@@1@PAU?$_Tree_node@U?$pair@$$CBGVserialError@@@std@@PAX@1@@Z 004080a0 f i Cscmd.obj
 0001:00007160       ??$construct@PAU?$_Tree_node@U?$pair@$$CBHPAVdatabase@@@std@@PAX@std@@AAPAU12@@?$_Wrap_alloc@V?$allocator@U?$_Tree_node@U?$pair@$$CBHPAVdatabase@@@std@@PAX@std@@@std@@@std@@QAEXPAPAU?$_Tree_node@U?$pair@$$CBHPAVdatabase@@@std@@PAX@1@AAPAU21@@Z 00408160 f i databaseMgr.obj
 0001:00007160       ??$construct@PAU?$_List_node@PAUHWND__@@PAX@std@@AAPAU12@@?$_Wrap_alloc@V?$allocator@U?$_List_node@PAUHWND__@@PAX@std@@@std@@@std@@QAEXPAPAU?$_List_node@PAUHWND__@@PAX@1@AAPAU21@@Z 00408160 f i Csimain.obj
 0001:00007160       ??$construct@PAU?$_Tree_node@U?$pair@QAUHWND__@@K@std@@PAX@std@@AAPAU12@@?$_Wrap_alloc@V?$allocator@U?$_Tree_node@U?$pair@QAUHWND__@@K@std@@PAX@std@@@std@@@std@@QAEXPAPAU?$_Tree_node@U?$pair@QAUHWND__@@K@std@@PAX@1@AAPAU21@@Z 00408160 f i externalsListDialog.obj
 0001:00007160       ??$construct@PAU?$_Tree_node@U?$pair@$$CBKK@std@@PAX@std@@AAPAU12@@?$_Wrap_alloc@V?$allocator@U?$_Tree_node@U?$pair@$$CBKK@std@@PAX@std@@@std@@@std@@QAEXPAPAU?$_Tree_node@U?$pair@$$CBKK@std@@PAX@1@AAPAU21@@Z 00408160 f i supersededMemory.obj
 0001:00007160       ??$construct@PAU?$_Tree_node@U?$pair@$$CBKVsizedBuffer@@@std@@PAX@std@@AAPAU12@@?$_Wrap_alloc@V?$allocator@U?$_Tree_node@U?$pair@$$CBKVsizedBuffer@@@std@@PAX@std@@@std@@@std@@QAEXPAPAU?$_Tree_node@U?$pair@$$CBKVsizedBuffer@@@std@@PAX@1@AAPAU21@@Z 00408160 f i Csimain.obj
 0001:00007160       ??$construct@PAUHWND__@@PAU1@@?$_Wrap_alloc@V?$allocator@U?$_List_node@PAUHWND__@@PAX@std@@@std@@@std@@QAEXPAPAUHWND__@@$$QAPAU2@@Z 00408160 f i Csimain.obj
 0001:00007160       ??$construct@PAU?$_List_node@VserialError@@PAX@std@@AAPAU12@@?$_Wrap_alloc@V?$allocator@U?$_List_node@VserialError@@PAX@std@@@std@@@std@@QAEXPAPAU?$_List_node@VserialError@@PAX@1@AAPAU21@@Z 00408160 f i Csimain.obj
 0001:00007160       ??$construct@PAU?$_Tree_node@HPAX@std@@AAPAU12@@?$_Wrap_alloc@V?$allocator@U?$_Tree_node@HPAX@std@@@std@@@std@@QAEXPAPAU?$_Tree_node@HPAX@1@AAPAU21@@Z 00408160 f i closedDriversList.obj
 0001:00007160       ??$construct@PAU?$_List_node@VdeviceStatusOnHost@@PAX@std@@AAPAU12@@?$_Wrap_alloc@V?$allocator@U?$_List_node@VdeviceStatusOnHost@@PAX@std@@@std@@@std@@QAEXPAPAU?$_List_node@VdeviceStatusOnHost@@PAX@1@AAPAU21@@Z 00408160 f i Cscmd.obj
 0001:00007160       ??$construct@HABH@?$_Wrap_alloc@V?$allocator@U?$_Tree_node@HPAX@std@@@std@@@std@@QAEXPAHABH@Z 00408160 f i closedDriversList.obj
 0001:00007160       ??$construct@PAUHWND__@@ABQAU1@@?$_Wrap_alloc@V?$allocator@U?$_List_node@PAUHWND__@@PAX@std@@@std@@@std@@QAEXPAPAUHWND__@@ABQAU2@@Z 00408160 f i Csreg.obj
 0001:00007160       ??$construct@PAU?$_Tree_node@U?$pair@$$CBGVserialError@@@std@@PAX@std@@AAPAU12@@?$_Wrap_alloc@V?$allocator@U?$_Tree_node@U?$pair@$$CBGVserialError@@@std@@PAX@std@@@std@@@std@@QAEXPAPAU?$_Tree_node@U?$pair@$$CBGVserialError@@@std@@PAX@1@AAPAU21@@Z 00408160 f i Cscmd.obj
 0001:00007160       ??$construct@PAU?$_Tree_node@U?$pair@$$CBHVdeviceStatusOnHost@@@std@@PAX@std@@AAPAU12@@?$_Wrap_alloc@V?$allocator@U?$_Tree_node@U?$pair@$$CBHVdeviceStatusOnHost@@@std@@PAX@std@@@std@@@std@@QAEXPAPAU?$_Tree_node@U?$pair@$$CBHVdeviceStatusOnHost@@@std@@PAX@1@AAPAU21@@Z 00408160 f i deviceStatus.obj
 0001:00007160       ??$construct@PAU?$_Tree_node@U?$pair@$$CBHV?$basic_string@DU?$char_traits@D@std@@V?$allocator@D@2@@std@@@std@@PAX@std@@AAPAU12@@?$_Wrap_alloc@V?$allocator@U?$_Tree_node@U?$pair@$$CBHV?$basic_string@DU?$char_traits@D@std@@V?$allocator@D@2@@std@@@std@@PAX@std@@@std@@@std@@QAEXPAPAU?$_Tree_node@U?$pair@$$CBHV?$basic_string@DU?$char_traits@D@std@@V?$allocator@D@2@@std@@@std@@PAX@1@AAPAU21@@Z 00408160 f i database.obj
 0001:000071c0       ??$construct@U?$pair@$$CBGVserialError@@@std@@U?$pair@HVserialError@@@2@@?$_Wrap_alloc@V?$allocator@U?$_Tree_node@U?$pair@$$CBGVserialError@@@std@@PAX@std@@@std@@@std@@QAEXPAU?$pair@$$CBGVserialError@@@1@$$QAU?$pair@HVserialError@@@1@@Z 004081c0 f i Cscmd.obj
 0001:00007220       ??$destroy@PAU?$_List_node@PAUHWND__@@PAX@std@@@?$_Wrap_alloc@V?$allocator@U?$_List_node@PAUHWND__@@PAX@std@@@std@@@std@@QAEXPAPAU?$_List_node@PAUHWND__@@PAX@1@@Z 00408220 f i Cscmd.obj
 0001:00007220       ??$destroy@U_Container_proxy@std@@@?$_Wrap_alloc@V?$allocator@U_Container_proxy@std@@@std@@@std@@QAEXPAU_Container_proxy@1@@Z 00408220 f i Csimain.obj
 0001:00007220       ??$destroy@PAU?$_Tree_node@U?$pair@$$CBKVsizedBuffer@@@std@@PAX@std@@@?$_Wrap_alloc@V?$allocator@U?$_Tree_node@U?$pair@$$CBKVsizedBuffer@@@std@@PAX@std@@@std@@@std@@QAEXPAPAU?$_Tree_node@U?$pair@$$CBKVsizedBuffer@@@std@@PAX@1@@Z 00408220 f i Csimain.obj
 0001:00007220       ??$destroy@PAUHWND__@@@?$_Wrap_alloc@V?$allocator@U?$_List_node@PAUHWND__@@PAX@std@@@std@@@std@@QAEXPAPAUHWND__@@@Z 00408220 f i Cscmd.obj
 0001:00007220       ??$destroy@PAU?$_List_node@VserialError@@PAX@std@@@?$_Wrap_alloc@V?$allocator@U?$_List_node@VserialError@@PAX@std@@@std@@@std@@QAEXPAPAU?$_List_node@VserialError@@PAX@1@@Z 00408220 f i Csimain.obj
 0001:00007220       ??$destroy@PAU?$_Tree_node@HPAX@std@@@?$_Wrap_alloc@V?$allocator@U?$_Tree_node@HPAX@std@@@std@@@std@@QAEXPAPAU?$_Tree_node@HPAX@1@@Z 00408220 f i closedDriversList.obj
 0001:00007220       ??$destroy@PAU?$_Tree_node@U?$pair@$$CBGVserialError@@@std@@PAX@std@@@?$_Wrap_alloc@V?$allocator@U?$_Tree_node@U?$pair@$$CBGVserialError@@@std@@PAX@std@@@std@@@std@@QAEXPAPAU?$_Tree_node@U?$pair@$$CBGVserialError@@@std@@PAX@1@@Z 00408220 f i Cscmd.obj
 0001:00007230       ??$make_pair@AAHVserialError@@@std@@YA?AU?$pair@HVserialError@@@0@AAH$$QAVserialError@@@Z 00408230 f i Cscmd.obj
 0001:00007290       ??0serialError@@QAE@ABV0@@Z 00408290 f i Cscmd.obj
 0001:00007300       ??0serialError@@QAE@HKK@Z  00408300 f i Cscmd.obj
 0001:00007360       ??1?$list@VdeviceStatusOnHost@@V?$allocator@VdeviceStatusOnHost@@@std@@@std@@QAE@XZ 00408360 f i Cscmd.obj
 0001:000073e0       ??1?$pair@HVserialError@@@std@@QAE@XZ 004083e0 f i Cscmd.obj
 0001:00007440       ??1serialError@@QAE@XZ     00408440 f i Cscmd.obj
 0001:00007460       ?CSCmd_BkgRevertive@@YAXPAD@Z 00408460 f   Cscmd.obj
 0001:000074a0       ?CSCmd_BuildDeviceStatusSlot@@YAXHPAVdeviceStatus@@PAD@Z 004084a0 f   Cscmd.obj
 0001:00007690       ?CSCmd_BuildWorkstationStatusSlot@@YAXHPAVworkstationStatus@@PAD@Z 00408690 f   Cscmd.obj
 0001:00007840       ?CSCmd_CheckSerialNumber@@YAXHK_N@Z 00408840 f   Cscmd.obj
 0001:00007a80       ?CSCmd_ConfigChange@@YAXPBD@Z 00408a80 f   Cscmd.obj
 0001:00007b90       ?CSCmd_DeviceProfile@@YAXPAD@Z 00408b90 f   Cscmd.obj
 0001:00007bd0       ?CSCmd_DistributePacketErrorNotification@@YAXH@Z 00408bd0 f   Cscmd.obj
 0001:00007c80       ?CSCmd_DistributeTxRxStatus@@YAXIJ@Z 00408c80 f   Cscmd.obj
 0001:00007d00       ?CSCmd_DoClearCache@@YAXHPBD@Z 00408d00 f   Cscmd.obj
 0001:00007e70       ?CSCmd_ExtractUniSerial@@YAKPBEH@Z 00408e70 f   Cscmd.obj
 0001:00007ec0       ?CSCmd_GPIRevertive@@YAXPAD@Z 00408ec0 f   Cscmd.obj
 0001:00007fa0       ?CSCmd_Heartbeat@@YAXPBDH_N@Z 00408fa0 f   Cscmd.obj
 0001:00008320       ?CSCmd_InfoRevertive@@YAXPAD@Z 00409320 f   Cscmd.obj
 0001:000084a0       ?CSCmd_NetAttention@@YAXPAD@Z 004094a0 f   Cscmd.obj
 0001:000084b0       ?CSCmd_NetBroken@@YAXPAD@Z 004094b0 f   Cscmd.obj
 0001:000084f0       ?CSCmd_NetClose@@YAXPAD@Z  004094f0 f   Cscmd.obj
 0001:00008720       ?CSCmd_NetDisable@@YAXPAD@Z 00409720 f   Cscmd.obj
 0001:000087d0       ?CSCmd_NetEnable@@YAXPAD@Z 004097d0 f   Cscmd.obj
 0001:00008870       ?CSCmd_NetInquire@@YAXPAD@Z 00409870 f   Cscmd.obj
 0001:00008ac0       ?CSCmd_NetLoopTest@@YAXPAD@Z 00409ac0 f   Cscmd.obj
 0001:00008af0       ?CSCmd_NetModify@@YAXPAD@Z 00409af0 f   Cscmd.obj
 0001:00008c60       ?CSCmd_NetObject@@YAXPAD@Z 00409c60 f   Cscmd.obj
 0001:00008dd0       ?CSCmd_NetPing@@YAXPAD@Z   00409dd0 f   Cscmd.obj
 0001:00008df0       ?CSCmd_NetRestart@@YAXPAD@Z 00409df0 f   Cscmd.obj
 0001:00008e30       ?CSCmd_NetStatus@@YAXPAD@Z 00409e30 f   Cscmd.obj
 0001:00009000       ?CSCmd_PostedPollParams@@YAXHHHH@Z 0040a000 f   Cscmd.obj
 0001:00009100       ?CSCmd_RtrDatabase@@YAXPAD@Z 0040a100 f   Cscmd.obj
 0001:000092e0       ?CSCmd_RtrModify@@YAXPAD@Z 0040a2e0 f   Cscmd.obj
 0001:00009420       ?CSCmd_RtrRevertive@@YAXPAD@Z 0040a420 f   Cscmd.obj
 0001:00009560       ?CSCmd_SendDeviceStatusRevertive@@YAXHPAVdeviceStatus@@@Z 0040a560 f   Cscmd.obj
 0001:000095e0       ?CSCmd_SendWorkstationStatusRevertive@@YAXHPAVworkstationStatus@@@Z 0040a5e0 f   Cscmd.obj
 0001:00009660       ?CSCmd_TimeService@@YAXPAD@Z 0040a660 f   Cscmd.obj
 0001:000097b0       ?CSCmd_UniRevertive@@YAXPADH_N@Z 0040a7b0 f   Cscmd.obj
 0001:00009e20       ?_Buynode0@?$_List_alloc@$0A@U?$_List_base_types@VdeviceStatusOnHost@@V?$allocator@VdeviceStatusOnHost@@@std@@@std@@@std@@QAEPAU?$_List_node@VdeviceStatusOnHost@@PAX@2@PAU32@0@Z 0040ae20 f i Cscmd.obj
 0001:00009ed0       ?_Destroy_if_not_nil@?$_Tree@V?$_Tmap_traits@GVserialError@@U?$less@G@std@@V?$allocator@U?$pair@$$CBGVserialError@@@std@@@3@$00@std@@@std@@IAEXPAU?$_Tree_node@U?$pair@$$CBGVserialError@@@std@@PAX@2@@Z 0040aed0 f i Cscmd.obj
 0001:00009f40       ?_Lrotate@?$_Tree@V?$_Tmap_traits@HPAVdatabase@@U?$less@H@std@@V?$allocator@U?$pair@$$CBHPAVdatabase@@@std@@@3@$0A@@std@@@std@@IAEXPAU?$_Tree_node@U?$pair@$$CBHPAVdatabase@@@std@@PAX@2@@Z 0040af40 f i databaseMgr.obj
 0001:00009f40       ?_Lrotate@?$_Tree@V?$_Tmap_traits@HVdeviceStatusOnHost@@U?$less@H@std@@V?$allocator@U?$pair@$$CBHVdeviceStatusOnHost@@@std@@@3@$0A@@std@@@std@@IAEXPAU?$_Tree_node@U?$pair@$$CBHVdeviceStatusOnHost@@@std@@PAX@2@@Z 0040af40 f i deviceStatus.obj
 0001:00009f40       ?_Lrotate@?$_Tree@V?$_Tset_traits@HU?$less@H@std@@V?$allocator@H@2@$0A@@std@@@std@@IAEXPAU?$_Tree_node@HPAX@2@@Z 0040af40 f i closedDriversList.obj
 0001:00009f40       ?_Lrotate@?$_Tree@V?$_Tmap_traits@HV?$basic_string@DU?$char_traits@D@std@@V?$allocator@D@2@@std@@U?$less@H@2@V?$allocator@U?$pair@$$CBHV?$basic_string@DU?$char_traits@D@std@@V?$allocator@D@2@@std@@@std@@@2@$0A@@std@@@std@@IAEXPAU?$_Tree_node@U?$pair@$$CBHV?$basic_string@DU?$char_traits@D@std@@V?$allocator@D@2@@std@@@std@@PAX@2@@Z 0040af40 f i database.obj
 0001:00009f40       ?_Lrotate@?$_Tree@V?$_Tmap_traits@PAUHWND__@@KU?$less@PAUHWND__@@@std@@V?$allocator@U?$pair@QAUHWND__@@K@std@@@3@$0A@@std@@@std@@IAEXPAU?$_Tree_node@U?$pair@QAUHWND__@@K@std@@PAX@2@@Z 0040af40 f i externalsListDialog.obj
 0001:00009f40       ?_Lrotate@?$_Tree@V?$_Tmap_traits@KKU?$less@K@std@@V?$allocator@U?$pair@$$CBKK@std@@@2@$0A@@std@@@std@@IAEXPAU?$_Tree_node@U?$pair@$$CBKK@std@@PAX@2@@Z 0040af40 f i supersededMemory.obj
 0001:00009f40       ?_Lrotate@?$_Tree@V?$_Tmap_traits@KVsizedBuffer@@U?$less@K@std@@V?$allocator@U?$pair@$$CBKVsizedBuffer@@@std@@@3@$0A@@std@@@std@@IAEXPAU?$_Tree_node@U?$pair@$$CBKVsizedBuffer@@@std@@PAX@2@@Z 0040af40 f i Csimain.obj
 0001:00009f40       ?_Lrotate@?$_Tree@V?$_Tmap_traits@GVserialError@@U?$less@G@std@@V?$allocator@U?$pair@$$CBGVserialError@@@std@@@3@$00@std@@@std@@IAEXPAU?$_Tree_node@U?$pair@$$CBGVserialError@@@std@@PAX@2@@Z 0040af40 f i Cscmd.obj
 0001:00009fa0       ?erase@?$list@PAUHWND__@@V?$allocator@PAUHWND__@@@std@@@std@@QAE?AV?$_List_iterator@V?$_List_val@U?$_List_simple_types@PAUHWND__@@@std@@@std@@@2@V?$_List_const_iterator@V?$_List_val@U?$_List_simple_types@PAUHWND__@@@std@@@std@@@2@@Z 0040afa0 f i Cscmd.obj
 0001:00009fe0       ??1Cbncs_strtok@@QAE@XZ    0040afe0 f   b_strtok.obj
 0001:00009fe0       ??3@YAXPAX0@Z              0040afe0 f   database.obj
 0001:00009fe0       ?CSComDog_SendData@@YAXPADH@Z 0040afe0 f   CSCOMDOG.obj
 0001:00009fe0       ?CSComDog_OpenComm@@YAXXZ  0040afe0 f   CSCOMDOG.obj
 0001:00009fe0       ?CSComDog_Closedown@@YAXXZ 0040afe0 f   CSCOMDOG.obj
 0001:00009ff0       ?CSDBase_DialogProc@@YGHPAUHWND__@@GGJ@Z 0040aff0 f   Csdbase.obj
 0001:0000a070       ?CSDbase_Closedown@@YAXXZ  0040b070 f   Csdbase.obj
 0001:0000a0b0       ?CSDbase_GetDBList@@YAPADH@Z 0040b0b0 f   Csdbase.obj
 0001:0000a2b0       ?CSDbase_GetDEVDirectory@@YAXXZ 0040b2b0 f   Csdbase.obj
 0001:0000a390       ?CSDbase_GetDatabaseIndex@@YAHIJ@Z 0040b390 f   Csdbase.obj
 0001:0000a4a0       ?CSDbase_GetDatabaseName@@YAXJ@Z 0040b4a0 f   Csdbase.obj
 0001:0000a590       ?CSDbase_GetDbaseName@@YAPADGHG@Z 0040b590 f   Csdbase.obj
 0001:0000a7e0       ?CSDbase_GetGPIDDirectory@@YAXXZ 0040b7e0 f   Csdbase.obj
 0001:0000a8c0       ?CSDbase_GetGRDDirectory@@YAXXZ 0040b8c0 f   Csdbase.obj
 0001:0000a980       ?CSDbase_GetIDDirectory@@YAXXZ 0040b980 f   Csdbase.obj
 0001:0000aa60       ?CSDbase_GetMappedId@@YAHIJ@Z 0040ba60 f   Csdbase.obj
 0001:0000ab60       ?CSDbase_Init@@YAXXZ       0040bb60 f   Csdbase.obj
 0001:0000ad20       ?CSDbase_LoadDEVINI@@YAXH@Z 0040bd20 f   Csdbase.obj
 0001:0000b2e0       ?CSDbase_LoadGPIDINI@@YAXH@Z 0040c2e0 f   Csdbase.obj
 0001:0000b350       ?CSDbase_LoadGRDINI@@YAXH@Z 0040c350 f   Csdbase.obj
 0001:0000b7a0       ?CSDbase_LoadINFOINI@@YAXH@Z 0040c7a0 f   Csdbase.obj
 0001:0000b870       ?CSDbase_SaveCDF@@YAXH@Z   0040c870 f   Csdbase.obj
 0001:0000b990       ?CSDbase_SaveDEVEntry@@YAXHHHPAD@Z 0040c990 f   Csdbase.obj
 0001:0000bc20       ?CSDbase_SaveGRDEntry@@YAXHHHPAD@Z 0040cc20 f   Csdbase.obj
 0001:0000bde0       ?CSDbase_checkAddedDevice@@YA_NH@Z 0040cde0 f   Csdbase.obj
 0001:0000be80       ?CSDbExt_AccessFile@@YAHHH@Z 0040ce80 f   csdbext.obj
 0001:0000bf70       ?CSDbExt_CompileDBFiles@@YAXH@Z 0040cf70 f   csdbext.obj
 0001:0000c0e0       ?CSDbExt_CreateFile@@YAHPAD@Z 0040d0e0 f   csdbext.obj
 0001:0000c160       ?CSDbExt_GetIndex@@YAHJ@Z  0040d160 f   csdbext.obj
 0001:0000c310       ?CSDbExt_GetName@@YAXJ@Z   0040d310 f   csdbext.obj
 0001:0000c400       ?CSDbExt_Init@@YAXXZ       0040d400 f   csdbext.obj
 0001:0000c420       ?CSDbExt_SetName@@YAXHHHPAD@Z 0040d420 f   csdbext.obj
 0001:0000c4a0       ?CSDbExt_UpdateFile@@YAXHHPAD0@Z 0040d4a0 f   csdbext.obj
 0001:0000c580       ?CSDialog_Clear@@YAXXZ     0040d580 f   Csdialog.obj
 0001:0000c690       ?CSDialog_DialogProc@@YGHPAUHWND__@@GGJ@Z 0040d690 f   Csdialog.obj
 0001:0000c6f0       ?CSDialog_Init@@YAXXZ      0040d6f0 f   Csdialog.obj
 0001:0000c720       ?CSDialog_InitDialog@@YAXXZ 0040d720 f   Csdialog.obj
 0001:0000c730       ?CSDialog_SetStatics@@YAXXZ 0040d730 f   Csdialog.obj
 0001:0000c840       ?CSDialog_Status@@YAXXZ    0040d840 f   Csdialog.obj
 0001:0000cd70       ??$_Buynode@PAUHWND__@@@?$_List_buy@PAUHWND__@@V?$allocator@PAUHWND__@@@std@@@std@@QAEPAU?$_List_node@PAUHWND__@@PAX@1@PAU21@0$$QAPAUHWND__@@@Z 0040dd70 f i Csimain.obj
 0001:0000cd70       ??$_Buynode@ABQAUHWND__@@@?$_List_buy@PAUHWND__@@V?$allocator@PAUHWND__@@@std@@@std@@QAEPAU?$_List_node@PAUHWND__@@PAX@1@PAU21@0ABQAUHWND__@@@Z 0040dd70 f i Csreg.obj
 0001:0000ce00       ??0?$_Deque_alloc@$0A@U?$_Deque_base_types@VsizedBuffer@@V?$allocator@VsizedBuffer@@@std@@@std@@@std@@QAE@ABV?$allocator@VsizedBuffer@@@1@@Z 0040de00 f i Csimain.obj
 0001:0000ceb0       ??0?$_Wrap_alloc@V?$allocator@U?$_List_node@VserialError@@PAX@std@@@std@@@std@@QAE@XZ 0040deb0 f i Csimain.obj
 0001:0000ceb0       ??0?$_Wrap_alloc@V?$allocator@U_Container_proxy@std@@@std@@@std@@QAE@XZ 0040deb0 f i Csimain.obj
 0001:0000ceb0       ??0?$_Wrap_alloc@V?$allocator@U?$_Tree_node@HPAX@std@@@std@@@std@@QAE@XZ 0040deb0 f i closedDriversList.obj
 0001:0000ceb0       ??0?$_Wrap_alloc@V?$allocator@U?$_List_node@PAUHWND__@@PAX@std@@@std@@@std@@QAE@XZ 0040deb0 f i Cscmd.obj
 0001:0000ceb0       ??0?$_Wrap_alloc@V?$allocator@U?$_Tree_node@U?$pair@$$CBGVserialError@@@std@@PAX@std@@@std@@@std@@QAE@XZ 0040deb0 f i Cscmd.obj
 0001:0000ceb0       ??0?$_Wrap_alloc@V?$allocator@U?$_Tree_node@U?$pair@$$CBKVsizedBuffer@@@std@@PAX@std@@@std@@@std@@QAE@XZ 0040deb0 f i Csimain.obj
 0001:0000cec0       ??1?$_Deque_alloc@$0A@U?$_Deque_base_types@VsizedBuffer@@V?$allocator@VsizedBuffer@@@std@@@std@@@std@@QAE@XZ 0040dec0 f i Csimain.obj
 0001:0000cf20       ??1?$_Deque_val@U?$_Deque_simple_types@VsizedBuffer@@@std@@@std@@QAE@XZ 0040df20 f i Csimain.obj
 0001:0000cf60       ??1?$_Tree@V?$_Tmap_traits@GVserialError@@U?$less@G@std@@V?$allocator@U?$pair@$$CBGVserialError@@@std@@@3@$00@std@@@std@@QAE@XZ 0040df60 f i Csimain.obj
 0001:0000cfd0       ??1?$_Tree@V?$_Tmap_traits@KVsizedBuffer@@U?$less@K@std@@V?$allocator@U?$pair@$$CBKVsizedBuffer@@@std@@@3@$0A@@std@@@std@@QAE@XZ 0040dfd0 f i Csimain.obj
 0001:0000d040       ??1?$_List_alloc@$0A@U?$_List_base_types@VserialError@@V?$allocator@VserialError@@@std@@@std@@@std@@QAE@XZ 0040e040 f i Csimain.obj
 0001:0000d040       ??1?$_Tree_alloc@$0A@U?$_Tree_base_types@U?$pair@QAUHWND__@@K@std@@V?$allocator@U?$pair@QAUHWND__@@K@std@@@2@@std@@@std@@QAE@XZ 0040e040 f i externalsListDialog.obj
 0001:0000d040       ??1?$_Tree_alloc@$0A@U?$_Tree_base_types@U?$pair@$$CBHV?$basic_string@DU?$char_traits@D@std@@V?$allocator@D@2@@std@@@std@@V?$allocator@U?$pair@$$CBHV?$basic_string@DU?$char_traits@D@std@@V?$allocator@D@2@@std@@@std@@@2@@std@@@std@@QAE@XZ 0040e040 f i database.obj
 0001:0000d040       ??1?$_Tree_alloc@$0A@U?$_Tree_base_types@U?$pair@$$CBKK@std@@V?$allocator@U?$pair@$$CBKK@std@@@2@@std@@@std@@QAE@XZ 0040e040 f i supersededMemory.obj
 0001:0000d040       ??1?$_List_alloc@$0A@U?$_List_base_types@PAUHWND__@@V?$allocator@PAUHWND__@@@std@@@std@@@std@@QAE@XZ 0040e040 f i Csimain.obj
 0001:0000d040       ??1?$_Tree_alloc@$0A@U?$_Tree_base_types@HV?$allocator@H@std@@@std@@@std@@QAE@XZ 0040e040 f i closedDriversList.obj
 0001:0000d040       ??1?$_Tree_alloc@$0A@U?$_Tree_base_types@U?$pair@$$CBHVdeviceStatusOnHost@@@std@@V?$allocator@U?$pair@$$CBHVdeviceStatusOnHost@@@std@@@2@@std@@@std@@QAE@XZ 0040e040 f i deviceStatus.obj
 0001:0000d040       ??1?$_Tree_alloc@$0A@U?$_Tree_base_types@U?$pair@$$CBHPAVdatabase@@@std@@V?$allocator@U?$pair@$$CBHPAVdatabase@@@std@@@2@@std@@@std@@QAE@XZ 0040e040 f i databaseMgr.obj
 0001:0000d040       ??1?$_List_alloc@$0A@U?$_List_base_types@VdeviceStatusOnHost@@V?$allocator@VdeviceStatusOnHost@@@std@@@std@@@std@@QAE@XZ 0040e040 f i Cscmd.obj
 0001:0000d040       ??1?$_Tree_alloc@$0A@U?$_Tree_base_types@U?$pair@$$CBGVserialError@@@std@@V?$allocator@U?$pair@$$CBGVserialError@@@std@@@2@@std@@@std@@QAE@XZ 0040e040 f i Csimain.obj
 0001:0000d040       ??1?$_Tree_alloc@$0A@U?$_Tree_base_types@U?$pair@$$CBKVsizedBuffer@@@std@@V?$allocator@U?$pair@$$CBKVsizedBuffer@@@std@@@2@@std@@@std@@QAE@XZ 0040e040 f i Csimain.obj
 0001:0000d050       ??1?$_Tree_comp@$0A@V?$_Tmap_traits@HPAVdatabase@@U?$less@H@std@@V?$allocator@U?$pair@$$CBHPAVdatabase@@@std@@@3@$0A@@std@@@std@@QAE@XZ 0040e050 f i databaseMgr.obj
 0001:0000d050       ??1?$_Tree_comp@$0A@V?$_Tmap_traits@KVsizedBuffer@@U?$less@K@std@@V?$allocator@U?$pair@$$CBKVsizedBuffer@@@std@@@3@$0A@@std@@@std@@QAE@XZ 0040e050 f i Csimain.obj
 0001:0000d050       ??1?$_Tree_comp@$0A@V?$_Tmap_traits@PAUHWND__@@KU?$less@PAUHWND__@@@std@@V?$allocator@U?$pair@QAUHWND__@@K@std@@@3@$0A@@std@@@std@@QAE@XZ 0040e050 f i externalsListDialog.obj
 0001:0000d050       ??1?$_Tree_comp@$0A@V?$_Tmap_traits@KKU?$less@K@std@@V?$allocator@U?$pair@$$CBKK@std@@@2@$0A@@std@@@std@@QAE@XZ 0040e050 f i supersededMemory.obj
 0001:0000d050       ??1?$_Tree_comp@$0A@V?$_Tmap_traits@GVserialError@@U?$less@G@std@@V?$allocator@U?$pair@$$CBGVserialError@@@std@@@3@$00@std@@@std@@QAE@XZ 0040e050 f i Csimain.obj
 0001:0000d050       ??1?$_Tree_comp@$0A@V?$_Tset_traits@HU?$less@H@std@@V?$allocator@H@2@$0A@@std@@@std@@QAE@XZ 0040e050 f i closedDriversList.obj
 0001:0000d050       ??1?$_Tree_comp@$0A@V?$_Tmap_traits@HVdeviceStatusOnHost@@U?$less@H@std@@V?$allocator@U?$pair@$$CBHVdeviceStatusOnHost@@@std@@@3@$0A@@std@@@std@@QAE@XZ 0040e050 f i deviceStatus.obj
 0001:0000d050       ??1?$_Tree_comp@$0A@V?$_Tmap_traits@HV?$basic_string@DU?$char_traits@D@std@@V?$allocator@D@2@@std@@U?$less@H@2@V?$allocator@U?$pair@$$CBHV?$basic_string@DU?$char_traits@D@std@@V?$allocator@D@2@@std@@@std@@@2@$0A@@std@@@std@@QAE@XZ 0040e050 f i database.obj
 0001:0000d0a0       ??1?$deque@VsizedBuffer@@V?$allocator@VsizedBuffer@@@std@@@std@@QAE@XZ 0040e0a0 f i Csimain.obj
 0001:0000d110       ??1?$pair@$$CBKVsizedBuffer@@@std@@QAE@XZ 0040e110 f i Csimain.obj
 0001:0000d110       ??1?$pair@KVsizedBuffer@@@std@@QAE@XZ 0040e110 f i Csndi.obj
 0001:0000d160       ??E?$_Tree_unchecked_const_iterator@V?$_Tree_val@U?$_Tree_simple_types@U?$pair@$$CBHPAVdatabase@@@std@@@std@@@std@@U_Iterator_base0@2@@std@@QAEAAV01@XZ 0040e160 f i databaseMgr.obj
 0001:0000d160       ??E?$_Tree_unchecked_const_iterator@V?$_Tree_val@U?$_Tree_simple_types@U?$pair@$$CBKVsizedBuffer@@@std@@@std@@@std@@U_Iterator_base0@2@@std@@QAEAAV01@XZ 0040e160 f i Csimain.obj
 0001:0000d160       ??E?$_Tree_unchecked_const_iterator@V?$_Tree_val@U?$_Tree_simple_types@H@std@@@std@@U_Iterator_base0@2@@std@@QAEAAV01@XZ 0040e160 f i closedDriversList.obj
 0001:0000d160       ??E?$_Tree_unchecked_const_iterator@V?$_Tree_val@U?$_Tree_simple_types@U?$pair@$$CBHV?$basic_string@DU?$char_traits@D@std@@V?$allocator@D@2@@std@@@std@@@std@@@std@@U_Iterator_base0@2@@std@@QAEAAV01@XZ 0040e160 f i database.obj
 0001:0000d160       ??E?$_Tree_unchecked_const_iterator@V?$_Tree_val@U?$_Tree_simple_types@U?$pair@$$CBKK@std@@@std@@@std@@U_Iterator_base0@2@@std@@QAEAAV01@XZ 0040e160 f i supersededMemory.obj
 0001:0000d160       ??E?$_Tree_unchecked_const_iterator@V?$_Tree_val@U?$_Tree_simple_types@U?$pair@$$CBGVserialError@@@std@@@std@@@std@@U_Iterator_base0@2@@std@@QAEAAV01@XZ 0040e160 f i Csimain.obj
 0001:0000d160       ??E?$_Tree_unchecked_const_iterator@V?$_Tree_val@U?$_Tree_simple_types@U?$pair@$$CBHVdeviceStatusOnHost@@@std@@@std@@@std@@U_Iterator_base0@2@@std@@QAEAAV01@XZ 0040e160 f i deviceStatus.obj
 0001:0000d160       ??E?$_Tree_unchecked_const_iterator@V?$_Tree_val@U?$_Tree_simple_types@U?$pair@QAUHWND__@@K@std@@@std@@@std@@U_Iterator_base0@2@@std@@QAEAAV01@XZ 0040e160 f i externalsListDialog.obj
 0001:0000d1b0       ?CSMain_BuffDevCtlCmd@@YAXPADH@Z 0040e1b0 f   Csimain.obj
 0001:0000d240       ?CSMain_Cache@@YAXXZ       0040e240 f   Csimain.obj
 0001:0000d370       ?CSMain_CacheToggle@@YAXG@Z 0040e370 f   Csimain.obj
 0001:0000d3b0       ?CSMain_Client@@YAXXZ      0040e3b0 f   Csimain.obj
 0001:0000d590       ?CSMain_Closedown2@@YAXXZ  0040e590 f   Csimain.obj
 0001:0000d660       ?CSMain_Closedown3@@YAXXZ  0040e660 f   Csimain.obj
 0001:0000d6a0       ?CSMain_Closedown@@YAXXZ   0040e6a0 f   Csimain.obj
 0001:0000d780       ?CSMain_Debug@@YAXXZ       0040e780 f   Csimain.obj
 0001:0000d800       ?CSMain_Diag@@YAXXZ        0040e800 f   Csimain.obj
 0001:0000e640       ?CSMain_DiagExt@@YAXXZ     0040f640 f   Csimain.obj
 0001:0000e730       ?CSMain_DoFinalCleanup@@YAXXZ 0040f730 f   Csimain.obj
 0001:0000e880       ?CSMain_DoHelp@@YAXXZ      0040f880 f   Csimain.obj
 0001:0000e920       ?CSMain_Driver@@YAXXZ      0040f920 f   Csimain.obj
 0001:0000eb00       ?CSMain_DumpSessions@@YAXXZ 0040fb00 f   Csimain.obj
 0001:0000eb40       ?CSMain_FlushCacheOnErrorToggle@@YAXXZ 0040fb40 f   Csimain.obj
 0001:0000ebc0       ?CSMain_GetDevProperties@@YAHIJ@Z 0040fbc0 f   Csimain.obj
 0001:0000ed70       ?CSMain_GetDevTxRxMode@@YAHJ@Z 0040fd70 f   Csimain.obj
 0001:0000eda0       ?CSMain_HeartbeatTimeoutThread@@YAXPAX@Z 0040fda0 f   Csimain.obj
 0001:0000eed0       ?CSMain_IncrementUpTimer@@YAXXZ 0040fed0 f   Csimain.obj
 0001:0000ef30       ?CSMain_Init@@YAXXZ        0040ff30 f   Csimain.obj
 0001:0000f520       ?CSMain_InitGlobals@@YAXXZ 00410520 f   Csimain.obj
 0001:0000f840       ?CSMain_LogStats@@YAXXZ    00410840 f   Csimain.obj
 0001:0000fb20       ?CSMain_NetReset@@YAXXZ    00410b20 f   Csimain.obj
 0001:0000fb30       ?CSMain_PRAC@@YAKPBEH@Z    00410b30 f   Csimain.obj
 0001:0000fbd0       ?CSMain_RxPostDirectMessage@@YAXIJ@Z 00410bd0 f   Csimain.obj
 0001:0000fcb0       ?CSMain_SendCommandSerialNumberToggle@@YAXXZ 00410cb0 f   Csimain.obj
 0001:0000fd30       ?CSMain_SendHeartbeat@@YA_N_N@Z 00410d30 f   Csimain.obj
 0001:0000fee0       ?CSMain_SendHeartbeatPacket@@YAX_NPBEHH@Z 00410ee0 f   Csimain.obj
 0001:00010030       ?CSMain_SendHeartbeatSoon@@YAXXZ 00411030 f   Csimain.obj
 0001:00010060       ?CSMain_SendPacketSerialNumberToggle@@YAXXZ 00411060 f   Csimain.obj
 0001:000100e0       ?CSMain_Session@@YAXXZ     004110e0 f   Csimain.obj
 0001:000102c0       ?CSMain_SetDevTxRxMode@@YAXIJ_N@Z 004112c0 f   Csimain.obj
 0001:00010590       ?CSMain_StatusUpdate@@YAXXZ 00411590 f   Csimain.obj
 0001:00010760       ?CSMain_TxCmd@@YAXIPAD@Z   00411760 f   Csimain.obj
 0001:00010a00       ?CSMain_TxDevCtlBuff@@YAXXZ 00411a00 f   Csimain.obj
 0001:00010b30       ?CSMain_TxPacketRecoveryPackets@@YAXXZ 00411b30 f   Csimain.obj
 0001:00010d20       ?CSMain_TxPostDirectMessage@@YAXHPADH@Z 00411d20 f   Csimain.obj
 0001:00010d80       ?CSMain_TxRxRetry@@YAXXZ   00411d80 f   Csimain.obj
 0001:00010f00       ?CSMain_TxTimeService@@YAXXZ 00411f00 f   Csimain.obj
 0001:00010fe0       ?CSMain_UnPRAC@@YA_NPBEHK@Z 00411fe0 f   Csimain.obj
 0001:00011070       ?CSMain_UpdateTitle@@YAXXZ 00412070 f   Csimain.obj
 0001:000111c0       ?InitApplication@@YAHPAUHINSTANCE__@@@Z 004121c0 f   Csimain.obj
 0001:00011250       ?InitInstance@@YAHPAUHINSTANCE__@@H@Z 00412250 f   Csimain.obj
 0001:00011320       ?MainWndProc@@YGJPAUHWND__@@IIJ@Z 00412320 f   Csimain.obj
 0001:00012d10       ?_Buyheadnode@?$_Tree_alloc@$0A@U?$_Tree_base_types@U?$pair@$$CBKVsizedBuffer@@@std@@V?$allocator@U?$pair@$$CBKVsizedBuffer@@@std@@@2@@std@@@std@@QAEPAU?$_Tree_node@U?$pair@$$CBKVsizedBuffer@@@std@@PAX@2@XZ 00413d10 f i Csimain.obj
 0001:00012dd0       ?_Buynode0@?$_List_alloc@$0A@U?$_List_base_types@PAUHWND__@@V?$allocator@PAUHWND__@@@std@@@std@@@std@@QAEPAU?$_List_node@PAUHWND__@@PAX@2@PAU32@0@Z 00413dd0 f i Csimain.obj
 0001:00012e80       ?_Buynode0@?$_List_alloc@$0A@U?$_List_base_types@VserialError@@V?$allocator@VserialError@@@std@@@std@@@std@@QAEPAU?$_List_node@VserialError@@PAX@2@PAU32@0@Z 00413e80 f i Csimain.obj
 0001:00012f30       ?_Erase@?$_Tree@V?$_Tmap_traits@GVserialError@@U?$less@G@std@@V?$allocator@U?$pair@$$CBGVserialError@@@std@@@3@$00@std@@@std@@IAEXPAU?$_Tree_node@U?$pair@$$CBGVserialError@@@std@@PAX@2@@Z 00413f30 f i Csimain.obj
 0001:00012fc0       ?_Erase@?$_Tree@V?$_Tmap_traits@KVsizedBuffer@@U?$less@K@std@@V?$allocator@U?$pair@$$CBKVsizedBuffer@@@std@@@3@$0A@@std@@@std@@IAEXPAU?$_Tree_node@U?$pair@$$CBKVsizedBuffer@@@std@@PAX@2@@Z 00413fc0 f i Csimain.obj
 0001:00013040       ?_Tidy@?$deque@VsizedBuffer@@V?$allocator@VsizedBuffer@@@std@@@std@@IAEXXZ 00414040 f i Csimain.obj
 0001:000130c0       ?areAllCorrected@serialError@@QAE_NXZ 004140c0 f i Csimain.obj
 0001:00013100       ?clear@?$_Tree@V?$_Tmap_traits@KVsizedBuffer@@U?$less@K@std@@V?$allocator@U?$pair@$$CBKVsizedBuffer@@@std@@@3@$0A@@std@@@std@@QAEXXZ 00414100 f i Csimain.obj
 0001:00013130       ?clear@?$list@VserialError@@V?$allocator@VserialError@@@std@@@std@@QAEXXZ 00414130 f i Csimain.obj
 0001:00013180       ?clientCheck@@YAXPAUHWND__@@@Z 00414180 f   Csimain.obj
 0001:00013270       ?configStatusDialogProc@@YGHPAUHWND__@@IIJ@Z 00414270 f   Csimain.obj
 0001:00013500       ?erase@?$_Tree@V?$_Tmap_traits@GVserialError@@U?$less@G@std@@V?$allocator@U?$pair@$$CBGVserialError@@@std@@@3@$00@std@@@std@@QAE?AV?$_Tree_iterator@V?$_Tree_val@U?$_Tree_simple_types@U?$pair@$$CBGVserialError@@@std@@@std@@@std@@@2@V?$_Tree_const_iterator@V?$_Tree_val@U?$_Tree_simple_types@U?$pair@$$CBGVserialError@@@std@@@std@@@std@@@2@0@Z 00414500 f i Csimain.obj
 0001:000135c0       ?erase@?$_Tree@V?$_Tmap_traits@GVserialError@@U?$less@G@std@@V?$allocator@U?$pair@$$CBGVserialError@@@std@@@3@$00@std@@@std@@QAE?AV?$_Tree_iterator@V?$_Tree_val@U?$_Tree_simple_types@U?$pair@$$CBGVserialError@@@std@@@std@@@std@@@2@V?$_Tree_const_iterator@V?$_Tree_val@U?$_Tree_simple_types@U?$pair@$$CBGVserialError@@@std@@@std@@@std@@@2@@Z 004145c0 f i Csimain.obj
 0001:00013880       ?erase@?$_Tree@V?$_Tmap_traits@KVsizedBuffer@@U?$less@K@std@@V?$allocator@U?$pair@$$CBKVsizedBuffer@@@std@@@3@$0A@@std@@@std@@QAE?AV?$_Tree_iterator@V?$_Tree_val@U?$_Tree_simple_types@U?$pair@$$CBKVsizedBuffer@@@std@@@std@@@std@@@2@V?$_Tree_const_iterator@V?$_Tree_val@U?$_Tree_simple_types@U?$pair@$$CBKVsizedBuffer@@@std@@@std@@@std@@@2@0@Z 00414880 f i Csimain.obj
 0001:00013940       ?erase@?$_Tree@V?$_Tmap_traits@KVsizedBuffer@@U?$less@K@std@@V?$allocator@U?$pair@$$CBKVsizedBuffer@@@std@@@3@$0A@@std@@@std@@QAE?AV?$_Tree_iterator@V?$_Tree_val@U?$_Tree_simple_types@U?$pair@$$CBKVsizedBuffer@@@std@@@std@@@std@@@2@V?$_Tree_const_iterator@V?$_Tree_val@U?$_Tree_simple_types@U?$pair@$$CBKVsizedBuffer@@@std@@@std@@@std@@@2@@Z 00414940 f i Csimain.obj
 0001:00013bf0       ?find@?$_Tree@V?$_Tmap_traits@GVserialError@@U?$less@G@std@@V?$allocator@U?$pair@$$CBGVserialError@@@std@@@3@$00@std@@@std@@QAE?AV?$_Tree_iterator@V?$_Tree_val@U?$_Tree_simple_types@U?$pair@$$CBGVserialError@@@std@@@std@@@std@@@2@ABG@Z 00414bf0 f i Csimain.obj
 0001:00013c40       ?isSecure@@YA_NXZ          00414c40 f   Csimain.obj
 0001:00013d30       ?push_back@?$list@PAUHWND__@@V?$allocator@PAUHWND__@@@std@@@std@@QAEX$$QAPAUHWND__@@@Z 00414d30 f i Csimain.obj
 0001:00013d80       ?timerProc@@YGXPAUHWND__@@IIK@Z 00414d80 f   Csimain.obj
 0001:00013dd0       _WinMain@16                00414dd0 f   Csimain.obj
 0001:00013f70       ?CSLicens_DialogProc@@YGHPAUHWND__@@GGJ@Z 00414f70 f   CSLICENS.obj
 0001:000140e0       ?CSLicens_License@@YAXXZ   004150e0 f   CSLICENS.obj
 0001:00014100       ??$_Buynode@U?$pair@KVsizedBuffer@@@std@@@?$_Tree_buy@U?$pair@$$CBKVsizedBuffer@@@std@@V?$allocator@U?$pair@$$CBKVsizedBuffer@@@std@@@2@@std@@QAEPAU?$_Tree_node@U?$pair@$$CBKVsizedBuffer@@@std@@PAX@1@$$QAU?$pair@KVsizedBuffer@@@1@@Z 00415100 f i Csndi.obj
 0001:00014190       ??$_Insert_at@AAU?$pair@$$CBKVsizedBuffer@@@std@@PAU?$_Tree_node@U?$pair@$$CBKVsizedBuffer@@@std@@PAX@2@@?$_Tree@V?$_Tmap_traits@KVsizedBuffer@@U?$less@K@std@@V?$allocator@U?$pair@$$CBKVsizedBuffer@@@std@@@3@$0A@@std@@@std@@IAE?AV?$_Tree_iterator@V?$_Tree_val@U?$_Tree_simple_types@U?$pair@$$CBKVsizedBuffer@@@std@@@std@@@std@@@1@_NPAU?$_Tree_node@U?$pair@$$CBKVsizedBuffer@@@std@@PAX@1@AAU?$pair@$$CBKVsizedBuffer@@@1@1@Z 00415190 f i Csndi.obj
 0001:000143e0       ??$_Insert_nohint@AAU?$pair@$$CBKVsizedBuffer@@@std@@PAU?$_Tree_node@U?$pair@$$CBKVsizedBuffer@@@std@@PAX@2@@?$_Tree@V?$_Tmap_traits@KVsizedBuffer@@U?$less@K@std@@V?$allocator@U?$pair@$$CBKVsizedBuffer@@@std@@@3@$0A@@std@@@std@@IAE?AU?$pair@V?$_Tree_iterator@V?$_Tree_val@U?$_Tree_simple_types@U?$pair@$$CBKVsizedBuffer@@@std@@@std@@@std@@@std@@_N@1@_NAAU?$pair@$$CBKVsizedBuffer@@@1@PAU?$_Tree_node@U?$pair@$$CBKVsizedBuffer@@@std@@PAX@1@@Z 004153e0 f i Csndi.obj
 0001:000144f0       ??$construct@U?$pair@$$CBKVsizedBuffer@@@std@@U?$pair@KVsizedBuffer@@@2@@?$_Wrap_alloc@V?$allocator@U?$_Tree_node@U?$pair@$$CBKVsizedBuffer@@@std@@PAX@std@@@std@@@std@@QAEXPAU?$pair@$$CBKVsizedBuffer@@@1@$$QAU?$pair@KVsizedBuffer@@@1@@Z 004154f0 f i Csndi.obj
 0001:00014560       ?CSNDI_DecDriver@@YAXPAUHWND__@@@Z 00415560 f   Csndi.obj
 0001:000145b0       ?CSNDI_IncDriver@@YAHPAUHWND__@@@Z 004155b0 f   Csndi.obj
 0001:00014620       ?CSNDI_Init@@YAXXZ         00415620 f   Csndi.obj
 0001:00014730       ?CSNDI_RegAllDeviceIds@@YAXI@Z 00415730 f   Csndi.obj
 0001:00014760       ?CSNDI_RegDeviceId@@YAHIJHE@Z 00415760 f   Csndi.obj
 0001:00014a70       ?CSNDI_Revertive@@YAXIJH@Z 00415a70 f   Csndi.obj
 0001:00014a90       ?CSNDI_Revertive@@YAXIJH_N@Z 00415a90 f   Csndi.obj
 0001:00014f00       ?CSNDI_SendRevPacket@@YAXIJ@Z 00415f00 f   Csndi.obj
 0001:00014fa0       ?CSNDI_SendSystemMsg@@YAXPAD@Z 00415fa0 f   Csndi.obj
 0001:00015000       ?CSNDI_SendToDriver@@YAXPADH@Z 00416000 f   Csndi.obj
 0001:00015670       ?CSNDI_SendVerbatimMsg@@YAXJ@Z 00416670 f   Csndi.obj
 0001:000156e0       ?CSNDI_TxPacket@@YAXXZ     004166e0 f   Csndi.obj
 0001:00015930       ?CSNDI_UnRegAllDeviceIds@@YAHI@Z 00416930 f   Csndi.obj
 0001:00015970       ?CSNDI_UnRegDeviceId@@YAHIJ@Z 00416970 f   Csndi.obj
 0001:00015bb0       ?CSNDI_UniBuffReset@@YAXXZ 00416bb0 f   Csndi.obj
 0001:00015c00       ?CSNDI_UniChangeRevertive@@YAXHPADHH@Z 00416c00 f   Csndi.obj
 0001:00015c90       ?CSNDI_UniFileBuffReset@@YAXXZ 00416c90 f   Csndi.obj
 0001:00015ce0       ?CSNDI_UniPollRevertive@@YAXHHPADHHH@Z 00416ce0 f   Csndi.obj
 0001:00015e40       ?_Buynode0@?$_Tree_buy@U?$pair@$$CBKVsizedBuffer@@@std@@V?$allocator@U?$pair@$$CBKVsizedBuffer@@@std@@@2@@std@@QAEPAU?$_Tree_node@U?$pair@$$CBKVsizedBuffer@@@std@@PAX@2@XZ 00416e40 f i Csndi.obj
 0001:00015ef0       ?_Destroy_if_not_nil@?$_Tree@V?$_Tmap_traits@KVsizedBuffer@@U?$less@K@std@@V?$allocator@U?$pair@$$CBKVsizedBuffer@@@std@@@3@$0A@@std@@@std@@IAEXPAU?$_Tree_node@U?$pair@$$CBKVsizedBuffer@@@std@@PAX@2@@Z 00416ef0 f i Csndi.obj
 0001:00015f50       ?CSNetCli_Call@@YA_NH@Z    00416f50 f   Csnetcli.obj
 0001:00016020       ?CSNetCli_CallAccepted@@YAXE@Z 00417020 f   Csnetcli.obj
 0001:000160d0       ?CSNetCli_DevDisconnect@@YAXH@Z 004170d0 f   Csnetcli.obj
 0001:00016100       ?CSNetCli_DevWrite@@YAXJ@Z 00417100 f   Csnetcli.obj
 0001:00016160       ?CSNetCli_NotifyResult@@YAXXZ 00417160 f   Csnetcli.obj
 0001:000161b0       ?CSNetCli_RxData@@YAXPADH@Z 004171b0 f   Csnetcli.obj
 0001:00016300       ?CSNetCli_SendPollFile@@YAXHHPAD@Z 00417300 f   Csnetcli.obj
 0001:00016390       ?CSNetCli_SendRequest@@YAXPAD@Z 00417390 f   Csnetcli.obj
 0001:00016460       ?CSNetCli_SessionQHandler@@YAXXZ 00417460 f   Csnetcli.obj
 0001:00016590       ?CSNetCli_TxData@@YAXXZ    00417590 f   Csnetcli.obj
 0001:000165d0       ?CSNetCli_TxSessionRequest@@YAXPAD@Z 004175d0 f   Csnetcli.obj
 0001:00016760       ?CSNetMsg_Call@@YAXPAU_NCB@@@Z 00417760 f   CSNETMSG.obj
 0001:00016810       ?CSNetMsg_Listen@@YAXPAU_NCB@@@Z 00417810 f   CSNETMSG.obj
 0001:00016890       ?CSNetMsg_NetMsgRx@@YAXIJ@Z 00417890 f   CSNETMSG.obj
 0001:00016ac0       ?CSNetMsg_Receive@@YAXPAU_NCB@@@Z 00417ac0 f   CSNETMSG.obj
 0001:00016b60       ?CSNetMsg_Send@@YAXPAU_NCB@@@Z 00417b60 f   CSNETMSG.obj
 0001:00016bc0       ?CSNetMsg_SendDG@@YAXPAU_NCB@@@Z 00417bc0 f   CSNETMSG.obj
 0001:00016c10       ?CSNetSes_ClientClosing@@YAXI@Z 00417c10 f   Csnetses.obj
 0001:00016c30       ?CSNetSes_CloseFile@@YAXXZ 00417c30 f   Csnetses.obj
 0001:00016c60       ?CSNetSes_Closedown@@YAXXZ 00417c60 f   Csnetses.obj
 0001:00016ce0       ?CSNetSes_DespatchPollFile@@YAXXZ 00417ce0 f   Csnetses.obj
 0001:00016d80       ?CSNetSes_FlushQ@@YAXXZ    00417d80 f   Csnetses.obj
 0001:00016dc0       ?CSNetSes_HangUp@@YAXXZ    00417dc0 f   Csnetses.obj
 0001:00016e30       ?CSNetSes_Init@@YAXXZ      00417e30 f   Csnetses.obj
 0001:00016ef0       ?CSNetSes_MakeDirFile@@YAHXZ 00417ef0 f   Csnetses.obj
 0001:00017120       ?CSNetSes_OpenReadFile@@YAXXZ 00418120 f   Csnetses.obj
 0001:000171a0       ?CSNetSes_OpenWriteFile@@YAXXZ 004181a0 f   Csnetses.obj
 0001:000171f0       ?CSNetSes_PostRx@@YAXXZ    004181f0 f   Csnetses.obj
 0001:00017270       ?CSNetSes_RdyToTx@@YAXXZ   00418270 f   Csnetses.obj
 0001:00017290       ?CSNetSes_ReadFile@@YAXXZ  00418290 f   Csnetses.obj
 0001:000173d0       ?CSNetSes_Receive@@YAXPADH@Z 004183d0 f   Csnetses.obj
 0001:00017400       ?CSNetSes_Send@@YAHPADH@Z  00418400 f   Csnetses.obj
 0001:00017490       ?CSNetSes_SessionClear@@YAXXZ 00418490 f   Csnetses.obj
 0001:00017560       ?CSNetSes_SessionClosed@@YAXXZ 00418560 f   Csnetses.obj
 0001:000175c0       ?CSNetSes_TimeoutChk@@YAXXZ 004185c0 f   Csnetses.obj
 0001:000177a0       ?CSNetSes_WriteFile@@YAXPADH@Z 004187a0 f   Csnetses.obj
 0001:00017820       ?CSNetSrv_ListenAccepted@@YAXE@Z 00418820 f   Csnetsrv.obj
 0001:00017870       ?CSNetSrv_PostListen@@YAXXZ 00418870 f   Csnetsrv.obj
 0001:00017920       ?CSNetSrv_RxData@@YAXPADH@Z 00418920 f   Csnetsrv.obj
 0001:00017ca0       ?CSNetSrv_TxData@@YAXXZ    00418ca0 f   Csnetsrv.obj
 0001:00017cd0       ?CSNetSup_CloseClient@@YAXXZ 00418cd0 f   Csnetsup.obj
 0001:00017d40       ?CSNetSup_CloseDriver@@YAXXZ 00418d40 f   Csnetsup.obj
 0001:00017db0       ?CSNetSup_ClosePktRec@@YAXXZ 00418db0 f   Csnetsup.obj
 0001:00017e20       ?CSNetSup_Closedown@@YAXXZ 00418e20 f   Csnetsup.obj
 0001:00017e90       ?CSNetSup_Init@@YAHXZ      00418e90 f   Csnetsup.obj
 0001:00018190       ?CSNetSup_InitClient@@YAXXZ 00419190 f   Csnetsup.obj
 0001:00018320       ?CSNetSup_InitDriver@@YAXXZ 00419320 f   Csnetsup.obj
 0001:00018460       ?CSNetSup_InitPktRec@@YAXXZ 00419460 f   Csnetsup.obj
 0001:000185e0       ?CSNetSup_NetReset@@YAXXZ  004195e0 f   Csnetsup.obj
 0001:00018690       ?CSNetSup_NetSendDG@@YAHPBDPADH@Z 00419690 f   Csnetsup.obj
 0001:00018740       ?CSNetSup_SendToClients@@YAXPADH_N@Z 00419740 f   Csnetsup.obj
 0001:00018790       ?CSParser_ParseCmd@@YAXPADH_N@Z 00419790 f   CSPARSER.obj
 0001:00018a00       ?CSProf_DevCreate@@YAXHHHH@Z 00419a00 f   Csprof.obj
 0001:00018eb0       ?CSProf_Init@@YAXXZ        00419eb0 f   Csprof.obj
 0001:0001aba0       ?CSProf_LoadRedundancyMaster@@YAXXZ 0041bba0 f   Csprof.obj
 0001:0001ae30       ?CSProf_ReadWinPos@@YAXXZ  0041be30 f   Csprof.obj
 0001:0001af20       ?CSProf_WriteWinPos@@YAXJ@Z 0041bf20 f   Csprof.obj
 0001:0001afd0       ?CSReg_AddClientDevReg@@YAXIJ@Z 0041bfd0 f   Csreg.obj
 0001:0001b1f0       ?CSReg_CheckForClientName@@YAHPAD@Z 0041c1f0 f   Csreg.obj
 0001:0001b310       ?CSReg_Closedown@@YAXXZ    0041c310 f   Csreg.obj
 0001:0001b3c0       ?CSReg_ClrClientAllDevReg@@YAXPAUHWND__@@@Z 0041c3c0 f   Csreg.obj
 0001:0001b430       ?CSReg_ClrClientDevReg@@YAXPAUHWND__@@H@Z 0041c430 f   Csreg.obj
 0001:0001b570       ?CSReg_DistributeNetMsgUpdate@@YAXPAD@Z 0041c570 f   Csreg.obj
 0001:0001b6a0       ?CSReg_GetBottomWindow@@YAPAUHWND__@@XZ 0041c6a0 f   Csreg.obj
 0001:0001b6e0       ?CSReg_GetClientDevIdx@@YAHHH@Z 0041c6e0 f   Csreg.obj
 0001:0001b740       ?CSReg_GetClientRegIdx@@YAHPAUHWND__@@@Z 0041c740 f   Csreg.obj
 0001:0001b780       ?CSReg_GetRegExtent@@YAJH@Z 0041c780 f   Csreg.obj
 0001:0001b8b0       ?CSReg_Init@@YAXXZ         0041c8b0 f   Csreg.obj
 0001:0001b910       ?CSReg_IsClientRegForDevIdx@@YAHHGG@Z 0041c910 f   Csreg.obj
 0001:0001b9c0       ?CSReg_RegClient@@YAHPAUHWND__@@E@Z 0041c9c0 f   Csreg.obj
 0001:0001bba0       ?CSReg_RegNetMsgUpdate@@YA_NPAUHWND__@@@Z 0041cba0 f   Csreg.obj
 0001:0001bc10       ?CSReg_RegNetTxRxStatus@@YA_NPAUHWND__@@@Z 0041cc10 f   Csreg.obj
 0001:0001bc80       ?CSReg_RemClientDevReg@@YAXIJ@Z 0041cc80 f   Csreg.obj
 0001:0001be70       ?CSReg_UnRegDevice@@YAXIJ@Z 0041ce70 f   Csreg.obj
 0001:0001bef0       ?CSReg_UnregClient@@YAXI@Z 0041cef0 f   Csreg.obj
 0001:0001c080       ?CSReg_UnregNetMsgUpdate@@YA_NPAUHWND__@@@Z 0041d080 f   Csreg.obj
 0001:0001c0d0       ?CSReg_UnregNetTxRxStatus@@YA_NPAUHWND__@@@Z 0041d0d0 f   Csreg.obj
 0001:0001c120       ?CSReg_UpdateClient@@YAXHGHPADHH@Z 0041d120 f   Csreg.obj
 0001:0001c230       ?BNCSSendMessage@@YAJPAUHWND__@@0IIJHHHE@Z 0041d230 f   CSSNDMSG.obj
 0001:0001c2d0       ?Add_CRLF@@YAXPAD@Z        0041d2d0 f   CSSUFU.obj
 0001:0001c300       ?FileExists@@YAHPAD@Z      0041d300 f   CSSUFU.obj
 0001:0001c330       ?FileIsNewer@@YAHPAD0@Z    0041d330 f   CSSUFU.obj
 0001:0001c3f0       ?GetArguments@@YAXPBDH@Z   0041d3f0 f   CSSUFU.obj
 0001:0001c4f0       ?ODM@@YAXH@Z               0041d4f0 f   CSSUFU.obj
 0001:0001c560       ?ODS@@YAXPAD@Z             0041d560 f   CSSUFU.obj
 0001:0001c5b0       ?OSM@@YAXPAD@Z             0041d5b0 f   CSSUFU.obj
 0001:0001c5c0       ?RemoveWildcards@@YAXPAD@Z 0041d5c0 f   CSSUFU.obj
 0001:0001c600       ?ods@@YAXPBDZZ             0041d600 f   CSSUFU.obj
 0001:0001c670       ??$_Buynode@ABVdeviceStatusOnHost@@@?$_List_buy@VdeviceStatusOnHost@@V?$allocator@VdeviceStatusOnHost@@@std@@@std@@QAEPAU?$_List_node@VdeviceStatusOnHost@@PAX@1@PAU21@0ABVdeviceStatusOnHost@@@Z 0041d670 f i deviceStatus.obj
 0001:0001c700       ??$_Buynode@U?$pair@HVdeviceStatusOnHost@@@std@@@?$_Tree_buy@U?$pair@$$CBHVdeviceStatusOnHost@@@std@@V?$allocator@U?$pair@$$CBHVdeviceStatusOnHost@@@std@@@2@@std@@QAEPAU?$_Tree_node@U?$pair@$$CBHVdeviceStatusOnHost@@@std@@PAX@1@$$QAU?$pair@HVdeviceStatusOnHost@@@1@@Z 0041d700 f i deviceStatus.obj
 0001:0001c790       ??$_Insert_at@AAU?$pair@$$CBHVdeviceStatusOnHost@@@std@@PAU?$_Tree_node@U?$pair@$$CBHVdeviceStatusOnHost@@@std@@PAX@2@@?$_Tree@V?$_Tmap_traits@HVdeviceStatusOnHost@@U?$less@H@std@@V?$allocator@U?$pair@$$CBHVdeviceStatusOnHost@@@std@@@3@$0A@@std@@@std@@IAE?AV?$_Tree_iterator@V?$_Tree_val@U?$_Tree_simple_types@U?$pair@$$CBHVdeviceStatusOnHost@@@std@@@std@@@std@@@1@_NPAU?$_Tree_node@U?$pair@$$CBHVdeviceStatusOnHost@@@std@@PAX@1@AAU?$pair@$$CBHVdeviceStatusOnHost@@@1@1@Z 0041d790 f i deviceStatus.obj
 0001:0001c9a0       ??$_Insert_nohint@AAU?$pair@$$CBHVdeviceStatusOnHost@@@std@@PAU?$_Tree_node@U?$pair@$$CBHVdeviceStatusOnHost@@@std@@PAX@2@@?$_Tree@V?$_Tmap_traits@HVdeviceStatusOnHost@@U?$less@H@std@@V?$allocator@U?$pair@$$CBHVdeviceStatusOnHost@@@std@@@3@$0A@@std@@@std@@IAE?AU?$pair@V?$_Tree_iterator@V?$_Tree_val@U?$_Tree_simple_types@U?$pair@$$CBHVdeviceStatusOnHost@@@std@@@std@@@std@@@std@@_N@1@_NAAU?$pair@$$CBHVdeviceStatusOnHost@@@1@PAU?$_Tree_node@U?$pair@$$CBHVdeviceStatusOnHost@@@std@@PAX@1@@Z 0041d9a0 f i deviceStatus.obj
 0001:0001cab0       ??$construct@U?$pair@$$CBHVdeviceStatusOnHost@@@std@@U?$pair@HVdeviceStatusOnHost@@@2@@?$_Wrap_alloc@V?$allocator@U?$_Tree_node@U?$pair@$$CBHVdeviceStatusOnHost@@@std@@PAX@std@@@std@@@std@@QAEXPAU?$pair@$$CBHVdeviceStatusOnHost@@@1@$$QAU?$pair@HVdeviceStatusOnHost@@@1@@Z 0041dab0 f i deviceStatus.obj
 0001:0001cb20       ??$construct@VdeviceStatusOnHost@@ABV1@@?$_Wrap_alloc@V?$allocator@U?$_List_node@VdeviceStatusOnHost@@PAX@std@@@std@@@std@@QAEXPAVdeviceStatusOnHost@@ABV2@@Z 0041db20 f i deviceStatus.obj
 0001:0001cb80       ??0deviceStatus@@QAE@H@Z   0041db80 f   deviceStatus.obj
 0001:0001cc00       ??1deviceStatus@@UAE@XZ    0041dc00 f   deviceStatus.obj
 0001:0001cc80       ??_GdeviceStatus@@UAEPAXI@Z 0041dc80 f i deviceStatus.obj
 0001:0001cc80       ??_EdeviceStatus@@UAEPAXI@Z 0041dc80 f i deviceStatus.obj
 0001:0001ccb0       ?_Buyheadnode@?$_Tree_alloc@$0A@U?$_Tree_base_types@U?$pair@$$CBHVdeviceStatusOnHost@@@std@@V?$allocator@U?$pair@$$CBHVdeviceStatusOnHost@@@std@@@2@@std@@@std@@QAEPAU?$_Tree_node@U?$pair@$$CBHVdeviceStatusOnHost@@@std@@PAX@2@XZ 0041dcb0 f i deviceStatus.obj
 0001:0001cd70       ?_Buynode0@?$_Tree_buy@U?$pair@$$CBHVdeviceStatusOnHost@@@std@@V?$allocator@U?$pair@$$CBHVdeviceStatusOnHost@@@std@@@2@@std@@QAEPAU?$_Tree_node@U?$pair@$$CBHVdeviceStatusOnHost@@@std@@PAX@2@XZ 0041dd70 f i deviceStatus.obj
 0001:0001ce20       ?_Rrotate@?$_Tree@V?$_Tmap_traits@HVdeviceStatusOnHost@@U?$less@H@std@@V?$allocator@U?$pair@$$CBHVdeviceStatusOnHost@@@std@@@3@$0A@@std@@@std@@IAEXPAU?$_Tree_node@U?$pair@$$CBHVdeviceStatusOnHost@@@std@@PAX@2@@Z 0041de20 f i deviceStatus.obj
 0001:0001ce20       ?_Rrotate@?$_Tree@V?$_Tmap_traits@HV?$basic_string@DU?$char_traits@D@std@@V?$allocator@D@2@@std@@U?$less@H@2@V?$allocator@U?$pair@$$CBHV?$basic_string@DU?$char_traits@D@std@@V?$allocator@D@2@@std@@@std@@@2@$0A@@std@@@std@@IAEXPAU?$_Tree_node@U?$pair@$$CBHV?$basic_string@DU?$char_traits@D@std@@V?$allocator@D@2@@std@@@std@@PAX@2@@Z 0041de20 f i database.obj
 0001:0001ce20       ?_Rrotate@?$_Tree@V?$_Tmap_traits@KKU?$less@K@std@@V?$allocator@U?$pair@$$CBKK@std@@@2@$0A@@std@@@std@@IAEXPAU?$_Tree_node@U?$pair@$$CBKK@std@@PAX@2@@Z 0041de20 f i supersededMemory.obj
 0001:0001ce20       ?_Rrotate@?$_Tree@V?$_Tmap_traits@GVserialError@@U?$less@G@std@@V?$allocator@U?$pair@$$CBGVserialError@@@std@@@3@$00@std@@@std@@IAEXPAU?$_Tree_node@U?$pair@$$CBGVserialError@@@std@@PAX@2@@Z 0041de20 f i Cscmd.obj
 0001:0001ce20       ?_Rrotate@?$_Tree@V?$_Tmap_traits@PAUHWND__@@KU?$less@PAUHWND__@@@std@@V?$allocator@U?$pair@QAUHWND__@@K@std@@@3@$0A@@std@@@std@@IAEXPAU?$_Tree_node@U?$pair@QAUHWND__@@K@std@@PAX@2@@Z 0041de20 f i externalsListDialog.obj
 0001:0001ce20       ?_Rrotate@?$_Tree@V?$_Tset_traits@HU?$less@H@std@@V?$allocator@H@2@$0A@@std@@@std@@IAEXPAU?$_Tree_node@HPAX@2@@Z 0041de20 f i closedDriversList.obj
 0001:0001ce20       ?_Rrotate@?$_Tree@V?$_Tmap_traits@HPAVdatabase@@U?$less@H@std@@V?$allocator@U?$pair@$$CBHPAVdatabase@@@std@@@3@$0A@@std@@@std@@IAEXPAU?$_Tree_node@U?$pair@$$CBHPAVdatabase@@@std@@PAX@2@@Z 0041de20 f i databaseMgr.obj
 0001:0001ce20       ?_Rrotate@?$_Tree@V?$_Tmap_traits@KVsizedBuffer@@U?$less@K@std@@V?$allocator@U?$pair@$$CBKVsizedBuffer@@@std@@@3@$0A@@std@@@std@@IAEXPAU?$_Tree_node@U?$pair@$$CBKVsizedBuffer@@@std@@PAX@2@@Z 0041de20 f i Csimain.obj
 0001:0001ce80       ?decrementTimeout@deviceStatus@@QAE_NH@Z 0041de80 f   deviceStatus.obj
 0001:0001cf10       ?deviceRemove@deviceStatus@@QAE_NH@Z 0041df10 f   deviceStatus.obj
 0001:0001cf70       ?deviceUpdate@deviceStatus@@QAE_NHHH@Z 0041df70 f   deviceStatus.obj
 0001:0001d020       ?status@deviceStatus@@QAEXAAV?$list@VdeviceStatusOnHost@@V?$allocator@VdeviceStatusOnHost@@@std@@@std@@@Z 0041e020 f   deviceStatus.obj
 0001:0001d0d0       ??$_Buynode@ABUpiecewise_construct_t@std@@V?$tuple@ABQAUHWND__@@@2@V?$tuple@$$$V@2@@?$_Tree_buy@U?$pair@QAUHWND__@@K@std@@V?$allocator@U?$pair@QAUHWND__@@K@std@@@2@@std@@QAEPAU?$_Tree_node@U?$pair@QAUHWND__@@K@std@@PAX@1@ABUpiecewise_construct_t@1@$$QAV?$tuple@ABQAUHWND__@@@1@$$QAV?$tuple@$$$V@1@@Z 0041e0d0 f i externalsListDialog.obj
 0001:0001d160       ??$_Insert_hint@AAU?$pair@QAUHWND__@@K@std@@PAU?$_Tree_node@U?$pair@QAUHWND__@@K@std@@PAX@2@@?$_Tree@V?$_Tmap_traits@PAUHWND__@@KU?$less@PAUHWND__@@@std@@V?$allocator@U?$pair@QAUHWND__@@K@std@@@3@$0A@@std@@@std@@IAE?AV?$_Tree_iterator@V?$_Tree_val@U?$_Tree_simple_types@U?$pair@QAUHWND__@@K@std@@@std@@@std@@@1@V?$_Tree_const_iterator@V?$_Tree_val@U?$_Tree_simple_types@U?$pair@QAUHWND__@@K@std@@@std@@@std@@@1@AAU?$pair@QAUHWND__@@K@1@PAU?$_Tree_node@U?$pair@QAUHWND__@@K@std@@PAX@1@@Z 0041e160 f i externalsListDialog.obj
 0001:0001d2c0       ??$construct@U?$pair@QAUHWND__@@K@std@@ABUpiecewise_construct_t@2@V?$tuple@ABQAUHWND__@@@2@V?$tuple@$$$V@2@@?$_Wrap_alloc@V?$allocator@U?$_Tree_node@U?$pair@QAUHWND__@@K@std@@PAX@std@@@std@@@std@@QAEXPAU?$pair@QAUHWND__@@K@1@ABUpiecewise_construct_t@1@$$QAV?$tuple@ABQAUHWND__@@@1@$$QAV?$tuple@$$$V@1@@Z 0041e2c0 f i externalsListDialog.obj
 0001:0001d320       ??0externalsListDialog@@QAE@XZ 0041e320 f   externalsListDialog.obj
 0001:0001d3b0       ??1externalsListDialog@@UAE@XZ 0041e3b0 f   externalsListDialog.obj
 0001:0001d450       ??A?$map@PAUHWND__@@KU?$less@PAUHWND__@@@std@@V?$allocator@U?$pair@QAUHWND__@@K@std@@@3@@std@@QAEAAKABQAUHWND__@@@Z 0041e450 f i externalsListDialog.obj
 0001:0001d4e0       ??F?$_Tree_unchecked_const_iterator@V?$_Tree_val@U?$_Tree_simple_types@H@std@@@std@@U_Iterator_base0@2@@std@@QAEAAV01@XZ 0041e4e0 f i closedDriversList.obj
 0001:0001d4e0       ??F?$_Tree_unchecked_const_iterator@V?$_Tree_val@U?$_Tree_simple_types@U?$pair@$$CBKVsizedBuffer@@@std@@@std@@@std@@U_Iterator_base0@2@@std@@QAEAAV01@XZ 0041e4e0 f i Csndi.obj
 0001:0001d4e0       ??F?$_Tree_unchecked_const_iterator@V?$_Tree_val@U?$_Tree_simple_types@U?$pair@QAUHWND__@@K@std@@@std@@@std@@U_Iterator_base0@2@@std@@QAEAAV01@XZ 0041e4e0 f i externalsListDialog.obj
 0001:0001d4e0       ??F?$_Tree_unchecked_const_iterator@V?$_Tree_val@U?$_Tree_simple_types@U?$pair@$$CBHPAVdatabase@@@std@@@std@@@std@@U_Iterator_base0@2@@std@@QAEAAV01@XZ 0041e4e0 f i databaseMgr.obj
 0001:0001d4e0       ??F?$_Tree_unchecked_const_iterator@V?$_Tree_val@U?$_Tree_simple_types@U?$pair@$$CBHVdeviceStatusOnHost@@@std@@@std@@@std@@U_Iterator_base0@2@@std@@QAEAAV01@XZ 0041e4e0 f i deviceStatus.obj
 0001:0001d4e0       ??F?$_Tree_unchecked_const_iterator@V?$_Tree_val@U?$_Tree_simple_types@U?$pair@$$CBKK@std@@@std@@@std@@U_Iterator_base0@2@@std@@QAEAAV01@XZ 0041e4e0 f i supersededMemory.obj
 0001:0001d4e0       ??F?$_Tree_unchecked_const_iterator@V?$_Tree_val@U?$_Tree_simple_types@U?$pair@$$CBHV?$basic_string@DU?$char_traits@D@std@@V?$allocator@D@2@@std@@@std@@@std@@@std@@U_Iterator_base0@2@@std@@QAEAAV01@XZ 0041e4e0 f i database.obj
 0001:0001d540       ??_GexternalsListDialog@@UAEPAXI@Z 0041e540 f i externalsListDialog.obj
 0001:0001d540       ??_EexternalsListDialog@@UAEPAXI@Z 0041e540 f i externalsListDialog.obj
 0001:0001d570       ?EnumChildProc@@YGHPAUHWND__@@J@Z 0041e570 f   externalsListDialog.obj
 0001:0001d5b0       ?addClient@externalsListDialog@@QAEXPAUHWND__@@H@Z 0041e5b0 f   externalsListDialog.obj
 0001:0001d610       ?addDriver@externalsListDialog@@QAEXHPAUHWND__@@H@Z 0041e610 f   externalsListDialog.obj
 0001:0001d6a0       ?addHWNDToList@externalsListDialog@@AAEHPAUHWND__@@0@Z 0041e6a0 f   externalsListDialog.obj
 0001:0001d8c0       ?clear@?$_Tree@V?$_Tmap_traits@HVdeviceStatusOnHost@@U?$less@H@std@@V?$allocator@U?$pair@$$CBHVdeviceStatusOnHost@@@std@@@3@$0A@@std@@@std@@QAEXXZ 0041e8c0 f i deviceStatus.obj
 0001:0001d8c0       ?clear@?$_Tree@V?$_Tmap_traits@KKU?$less@K@std@@V?$allocator@U?$pair@$$CBKK@std@@@2@$0A@@std@@@std@@QAEXXZ 0041e8c0 f i supersededMemory.obj
 0001:0001d8c0       ?clear@?$_Tree@V?$_Tmap_traits@HPAVdatabase@@U?$less@H@std@@V?$allocator@U?$pair@$$CBHPAVdatabase@@@std@@@3@$0A@@std@@@std@@QAEXXZ 0041e8c0 f i databaseMgr.obj
 0001:0001d8c0       ?clear@?$_Tree@V?$_Tmap_traits@PAUHWND__@@KU?$less@PAUHWND__@@@std@@V?$allocator@U?$pair@QAUHWND__@@K@std@@@3@$0A@@std@@@std@@QAEXXZ 0041e8c0 f i externalsListDialog.obj
 0001:0001d8c0       ?clear@?$_Tree@V?$_Tset_traits@HU?$less@H@std@@V?$allocator@H@2@$0A@@std@@@std@@QAEXXZ 0041e8c0 f i closedDriversList.obj
 0001:0001d910       ?erase@?$_Tree@V?$_Tmap_traits@HPAVdatabase@@U?$less@H@std@@V?$allocator@U?$pair@$$CBHPAVdatabase@@@std@@@3@$0A@@std@@@std@@QAE?AV?$_Tree_iterator@V?$_Tree_val@U?$_Tree_simple_types@U?$pair@$$CBHPAVdatabase@@@std@@@std@@@std@@@2@V?$_Tree_const_iterator@V?$_Tree_val@U?$_Tree_simple_types@U?$pair@$$CBHPAVdatabase@@@std@@@std@@@std@@@2@@Z 0041e910 f i databaseMgr.obj
 0001:0001d910       ?erase@?$_Tree@V?$_Tmap_traits@HVdeviceStatusOnHost@@U?$less@H@std@@V?$allocator@U?$pair@$$CBHVdeviceStatusOnHost@@@std@@@3@$0A@@std@@@std@@QAE?AV?$_Tree_iterator@V?$_Tree_val@U?$_Tree_simple_types@U?$pair@$$CBHVdeviceStatusOnHost@@@std@@@std@@@std@@@2@V?$_Tree_const_iterator@V?$_Tree_val@U?$_Tree_simple_types@U?$pair@$$CBHVdeviceStatusOnHost@@@std@@@std@@@std@@@2@@Z 0041e910 f i deviceStatus.obj
[...]
 0002:00006750       __ehfuncinfo$?_Buynode0@?$_Tree_buy@U?$pair@QAUHWND__@@K@std@@V?$allocator@U?$pair@QAUHWND__@@K@std@@@2@@std@@QAEPAU?$_Tree_node@U?$pair@QAUHWND__@@K@std@@PAX@2@XZ 0042d750     supersededMemory.obj
 0002:00006750       __ehfuncinfo$?_Buynode0@?$_Tree_buy@U?$pair@$$CBKK@std@@V?$allocator@U?$pair@$$CBKK@std@@@2@@std@@QAEPAU?$_Tree_node@U?$pair@$$CBKK@std@@PAX@2@XZ 0042d750     supersededMemory.obj
 0002:00006750       __ehfuncinfo$?_Buynode0@?$_Tree_buy@U?$pair@$$CBHPAVdatabase@@@std@@V?$allocator@U?$pair@$$CBHPAVdatabase@@@std@@@2@@std@@QAEPAU?$_Tree_node@U?$pair@$$CBHPAVdatabase@@@std@@PAX@2@XZ 0042d750     supersededMemory.obj
 0002:00006774       __catchsym$??$_Insert_nohint@AAU?$pair@$$CBKK@std@@PAU?$_Tree_node@U?$pair@$$CBKK@std@@PAX@2@@?$_Tree@V?$_Tmap_traits@KKU?$less@K@std@@V?$allocator@U?$pair@$$CBKK@std@@@2@$0A@@std@@@std@@IAE?AU?$pair@V?$_Tree_iterator@V?$_Tree_val@U?$_Tree_simple_types@U?$pair@$$CBKK@std@@@std@@@std@@@std@@_N@1@_NAAU?$pair@$$CBKK@1@PAU?$_Tree_node@U?$pair@$$CBKK@std@@PAX@1@@Z$2 0042d774     supersededMemory.obj
 0002:00006774       __catchsym$??$_Insert_nohint@AAU?$pair@QAUHWND__@@K@std@@PAU?$_Tree_node@U?$pair@QAUHWND__@@K@std@@PAX@2@@?$_Tree@V?$_Tmap_traits@PAUHWND__@@KU?$less@PAUHWND__@@@std@@V?$allocator@U?$pair@QAUHWND__@@K@std@@@3@$0A@@std@@@std@@IAE?AU?$pair@V?$_Tree_iterator@V?$_Tree_val@U?$_Tree_simple_types@U?$pair@QAUHWND__@@K@std@@@std@@@std@@@std@@_N@1@_NAAU?$pair@QAUHWND__@@K@1@PAU?$_Tree_node@U?$pair@QAUHWND__@@K@std@@PAX@1@@Z$2 0042d774     supersededMemory.obj
 0002:00006784       __unwindtable$??$_Insert_nohint@AAU?$pair@$$CBKK@std@@PAU?$_Tree_node@U?$pair@$$CBKK@std@@PAX@2@@?$_Tree@V?$_Tmap_traits@KKU?$less@K@std@@V?$allocator@U?$pair@$$CBKK@std@@@2@$0A@@std@@@std@@IAE?AU?$pair@V?$_Tree_iterator@V?$_Tree_val@U?$_Tree_simple_types@U?$pair@$$CBKK@std@@@std@@@std@@@std@@_N@1@_NAAU?$pair@$$CBKK@1@PAU?$_Tree_node@U?$pair@$$CBKK@std@@PAX@1@@Z 0042d784     supersededMemory.obj
 0002:00006784       __unwindtable$??$_Insert_nohint@AAU?$pair@QAUHWND__@@K@std@@PAU?$_Tree_node@U?$pair@QAUHWND__@@K@std@@PAX@2@@?$_Tree@V?$_Tmap_traits@PAUHWND__@@KU?$less@PAUHWND__@@@std@@V?$allocator@U?$pair@QAUHWND__@@K@std@@@3@$0A@@std@@@std@@IAE?AU?$pair@V?$_Tree_iterator@V?$_Tree_val@U?$_Tree_simple_types@U?$pair@QAUHWND__@@K@std@@@std@@@std@@@std@@_N@1@_NAAU?$pair@QAUHWND__@@K@1@PAU?$_Tree_node@U?$pair@QAUHWND__@@K@std@@PAX@1@@Z 0042d784     supersededMemory.obj
 0002:00006794       __tryblocktable$??$_Insert_nohint@AAU?$pair@$$CBKK@std@@PAU?$_Tree_node@U?$pair@$$CBKK@std@@PAX@2@@?$_Tree@V?$_Tmap_traits@KKU?$less@K@std@@V?$allocator@U?$pair@$$CBKK@std@@@2@$0A@@std@@@std@@IAE?AU?$pair@V?$_Tree_iterator@V?$_Tree_val@U?$_Tree_simple_types@U?$pair@$$CBKK@std@@@std@@@std@@@std@@_N@1@_NAAU?$pair@$$CBKK@1@PAU?$_Tree_node@U?$pair@$$CBKK@std@@PAX@1@@Z 0042d794     supersededMemory.obj
 0002:00006794       __tryblocktable$??$_Insert_nohint@AAU?$pair@QAUHWND__@@K@std@@PAU?$_Tree_node@U?$pair@QAUHWND__@@K@std@@PAX@2@@?$_Tree@V?$_Tmap_traits@PAUHWND__@@KU?$less@PAUHWND__@@@std@@V?$allocator@U?$pair@QAUHWND__@@K@std@@@3@$0A@@std@@@std@@IAE?AU?$pair@V?$_Tree_iterator@V?$_Tree_val@U?$_Tree_simple_types@U?$pair@QAUHWND__@@K@std@@@std@@@std@@@std@@_N@1@_NAAU?$pair@QAUHWND__@@K@1@PAU?$_Tree_node@U?$pair@QAUHWND__@@K@std@@PAX@1@@Z 0042d794     supersededMemory.obj
 0002:000067a8       __ehfuncinfo$??$_Insert_nohint@AAU?$pair@$$CBKK@std@@PAU?$_Tree_node@U?$pair@$$CBKK@std@@PAX@2@@?$_Tree@V?$_Tmap_traits@KKU?$less@K@std@@V?$allocator@U?$pair@$$CBKK@std@@@2@$0A@@std@@@std@@IAE?AU?$pair@V?$_Tree_iterator@V?$_Tree_val@U?$_Tree_simple_types@U?$pair@$$CBKK@std@@@std@@@std@@@std@@_N@1@_NAAU?$pair@$$CBKK@1@PAU?$_Tree_node@U?$pair@$$CBKK@std@@PAX@1@@Z 0042d7a8     supersededMemory.obj
 0002:000067a8       __ehfuncinfo$??$_Insert_nohint@AAU?$pair@QAUHWND__@@K@std@@PAU?$_Tree_node@U?$pair@QAUHWND__@@K@std@@PAX@2@@?$_Tree@V?$_Tmap_traits@PAUHWND__@@KU?$less@PAUHWND__@@@std@@V?$allocator@U?$pair@QAUHWND__@@K@std@@@3@$0A@@std@@@std@@IAE?AU?$pair@V?$_Tree_iterator@V?$_Tree_val@U?$_Tree_simple_types@U?$pair@QAUHWND__@@K@std@@@std@@@std@@@std@@_N@1@_NAAU?$pair@QAUHWND__@@K@1@PAU?$_Tree_node@U?$pair@QAUHWND__@@K@std@@PAX@1@@Z 0042d7a8     supersededMemory.obj
 0002:000067cc       __unwindtable$?dgMsgQueueNextItem@@YA?AVsizedBuffer@@XZ 0042d7cc     bbcnb32_static:BBCNB32.obj
 0002:000067d4       __ehfuncinfo$?dgMsgQueueNextItem@@YA?AVsizedBuffer@@XZ 0042d7d4     bbcnb32_static:BBCNB32.obj
 0002:000067f8       __sehtable$__onexit        0042d7f8     MSVCRT:atonexit.obj
 0002:00006818       __sehtable$___tmainCRTStartup 0042d818     MSVCRT:crtexew.obj
 0002:00006838       __sehtable$??_M@YGXPAXIHP6EX0@Z@Z 0042d838     MSVCRT:ehvecdtr.obj
 0002:00006858       __sehtable$?__ArrayUnwind@@YGXPAXIHP6EX0@Z@Z 0042d858     MSVCRT:ehvecdtr.obj
 0002:00006878       __sehtable$__IsNonwritableInCurrentImage 0042d878     MSVCRT:pesect.obj
 0002:00006d26       .idata$6                   0042dd26     version:VERSION.dll
 0002:00006d44       .idata$6                   0042dd44     Shlwapi:SHLWAPI.dll
 0002:00006d50       .idata$6                   0042dd50     ws2_32:WS2_32.dll
 0002:00006d5c       .idata$6                   0042dd5c     bncsif32:BNCSIF32.dll
 0002:00006d78       .idata$6                   0042dd78     handleshare:handleShare.dll
 0002:00007088       .idata$6                   0042e088     kernel32:KERNEL32.dll
 0002:0000737e       .idata$6                   0042e37e     user32:USER32.dll
 0002:0000739c       .idata$6                   0042e39c     gdi32:GDI32.dll
 0002:000073d8       .idata$6                   0042e3d8     advapi32:ADVAPI32.dll
 0002:000073f6       .idata$6                   0042e3f6     shell32:SHELL32.dll
 0002:000074c0       .idata$6                   0042e4c0     msvcprt:MSVCP120.dll
 0002:0000768a       .idata$6                   0042e68a     MSVCRT:MSVCR120.dll
 0002:0000788a       .idata$6                   0042e88a     netapi32:NETAPI32.dll
 0003:00000010       _BNCS_DISKLOG_SIG          0042f010     bncs_disklog.obj
 0003:00000080       _BNCS_CCCHECK_SIG          0042f080     ccCheck.obj
 0003:000000e8       _BNCS_BNCSWM32_SIG         0042f0e8     bncswm32:BncsWM32.obj
 0003:00000378       __Tuple_alloc              0042f378     database.obj
 0003:00000379       _ignore                    0042f379     database.obj
 0003:0000037a       _allocator_arg             0042f37a     database.obj
 0003:0000037b       _piecewise_construct       0042f37b     database.obj
 0003:00000384       __Tuple_alloc              0042f384     databaseMgr.obj
 0003:00000385       _ignore                    0042f385     databaseMgr.obj
 0003:00000386       _allocator_arg             0042f386     databaseMgr.obj
 0003:00000387       _piecewise_construct       0042f387     databaseMgr.obj
 0003:00000388       _allocator_arg             0042f388     ccCheck.obj
 0003:00000389       _piecewise_construct       0042f389     ccCheck.obj
 0003:00000394       _allocator_arg             0042f394     closedDriversList.obj
 0003:00000395       _piecewise_construct       0042f395     closedDriversList.obj
 0003:00000396       __Nil_obj                  0042f396     closedDriversList.obj
 0003:00000397       __Tuple_alloc              0042f397     Csabout.obj
 0003:00000398       _ignore                    0042f398     Csabout.obj
 0003:00000399       _allocator_arg             0042f399     Csabout.obj
 0003:0000039a       _piecewise_construct       0042f39a     Csabout.obj
 0003:0000039b       __Tuple_alloc              0042f39b     Cscache.obj
 0003:0000039c       _ignore                    0042f39c     Cscache.obj
 0003:0000039d       _allocator_arg             0042f39d     Cscache.obj
 0003:0000039e       _piecewise_construct       0042f39e     Cscache.obj
 0003:0000039f       __Tuple_alloc              0042f39f     Cscmd.obj
 0003:000003a0       _ignore                    0042f3a0     Cscmd.obj
 0003:000003a1       _allocator_arg             0042f3a1     Cscmd.obj
 0003:000003a2       _piecewise_construct       0042f3a2     Cscmd.obj
 0003:000003a3       __Nil_obj                  0042f3a3     Cscmd.obj
 0003:000003a4       ?timeErrorLogged@?7??CSCmd_TimeService@@YAXPAD@Z@4_NA 0042f3a4     Cscmd.obj
 0003:000003b0       __Tuple_alloc              0042f3b0     Csdbase.obj
 0003:000003b1       _ignore                    0042f3b1     Csdbase.obj
 0003:000003b2       _allocator_arg             0042f3b2     Csdbase.obj
 0003:000003b3       _piecewise_construct       0042f3b3     Csdbase.obj
 0003:000003b4       ?acResult@?1??CSDbase_GetDBList@@YAPADH@Z@4PADA 0042f3b4     Csdbase.obj
 0003:000003d8       ?acName@?6??CSDbase_GetDbaseName@@YAPADGHG@Z@4PADA 0042f3d8     Csdbase.obj
 0003:00000508       __Tuple_alloc              0042f508     csdbext.obj
 0003:00000509       _ignore                    0042f509     csdbext.obj
 0003:0000050a       _allocator_arg             0042f50a     csdbext.obj
 0003:0000050b       _piecewise_construct       0042f50b     csdbext.obj
 0003:0000050c       __Tuple_alloc              0042f50c     Csdialog.obj
 0003:0000050d       _ignore                    0042f50d     Csdialog.obj
 0003:0000050e       _allocator_arg             0042f50e     Csdialog.obj
 0003:0000050f       _piecewise_construct       0042f50f     Csdialog.obj
 0003:00426684       __Tuple_alloc              00855684     Csimain.obj
 0003:00426685       _ignore                    00855685     Csimain.obj
 0003:00426686       _allocator_arg             00855686     Csimain.obj
 0003:00426687       _piecewise_construct       00855687     Csimain.obj
 0003:00426720       ?unreliabilityRateCount@?HL@??MainWndProc@@YGJPAUHWND__@@IIJ@Z@4IA 00855720     Csimain.obj
 0003:00426724       ?unreliabilityCount@?HL@??MainWndProc@@YGJPAUHWND__@@IIJ@Z@4IA 00855724     Csimain.obj
 0003:00426728       __Tuple_alloc              00855728     CSLICENS.obj
 0003:00426729       _ignore                    00855729     CSLICENS.obj
 0003:0042672a       _allocator_arg             0085572a     CSLICENS.obj
 0003:0042672b       _piecewise_construct       0085572b     CSLICENS.obj
 0003:0042672c       __Tuple_alloc              0085572c     Csndi.obj
 0003:0042672d       _ignore                    0085572d     Csndi.obj
 0003:0042672e       _allocator_arg             0085572e     Csndi.obj
 0003:0042672f       _piecewise_construct       0085572f     Csndi.obj
 0003:00426730       ?acFilePath@?1??CSNDI_UniPollRevertive@@YAXHHPADHHH@Z@4PADA 00855730     Csndi.obj
 0003:00426834       ?unreliabilityRateCount@?BC@??CSNDI_TxPacket@@YAXXZ@4IA 00855834     Csndi.obj
 0003:00426838       ?unreliabilityCount@?BC@??CSNDI_TxPacket@@YAXXZ@4IA 00855838     Csndi.obj
 0003:0042683c       __Tuple_alloc              0085583c     Csnetcli.obj
 0003:0042683d       _ignore                    0085583d     Csnetcli.obj
 0003:0042683e       _allocator_arg             0085583e     Csnetcli.obj
 0003:0042683f       _piecewise_construct       0085583f     Csnetcli.obj
 0003:00426840       __Tuple_alloc              00855840     CSNETMSG.obj
 0003:00426841       _ignore                    00855841     CSNETMSG.obj
 0003:00426842       _allocator_arg             00855842     CSNETMSG.obj
 0003:00426843       _piecewise_construct       00855843     CSNETMSG.obj
 0003:00426844       __Tuple_alloc              00855844     Csnetses.obj
 0003:00426845       _ignore                    00855845     Csnetses.obj
 0003:00426846       _allocator_arg             00855846     Csnetses.obj
 0003:00426847       _piecewise_construct       00855847     Csnetses.obj
 0003:00426848       __Tuple_alloc              00855848     Csnetsrv.obj
 0003:00426849       _ignore                    00855849     Csnetsrv.obj
 0003:0042684a       _allocator_arg             0085584a     Csnetsrv.obj
 0003:0042684b       _piecewise_construct       0085584b     Csnetsrv.obj
 0003:0042684c       __Tuple_alloc              0085584c     Csnetsup.obj
 0003:0042684d       _ignore                    0085584d     Csnetsup.obj
 0003:0042684e       _allocator_arg             0085584e     Csnetsup.obj
 0003:0042684f       _piecewise_construct       0085584f     Csnetsup.obj
 0003:00426850       __Tuple_alloc              00855850     CSPARSER.obj
 0003:00426851       _ignore                    00855851     CSPARSER.obj
 0003:00426852       _allocator_arg             00855852     CSPARSER.obj
 0003:00426853       _piecewise_construct       00855853     CSPARSER.obj
 0003:00426854       __Tuple_alloc              00855854     Csprof.obj
 0003:00426855       _ignore                    00855855     Csprof.obj
 0003:00426856       _allocator_arg             00855856     Csprof.obj
 0003:00426857       _piecewise_construct       00855857     Csprof.obj
 0003:00426858       __Tuple_alloc              00855858     Csreg.obj
 0003:00426859       _ignore                    00855859     Csreg.obj
 0003:0042685a       _allocator_arg             0085585a     Csreg.obj
 0003:0042685b       _piecewise_construct       0085585b     Csreg.obj
 0003:0042685c       __Tuple_alloc              0085585c     CSSNDMSG.obj
 0003:0042685d       _ignore                    0085585d     CSSNDMSG.obj
 0003:0042685e       _allocator_arg             0085585e     CSSNDMSG.obj
 0003:0042685f       _piecewise_construct       0085585f     CSSNDMSG.obj
 0003:00426860       __Tuple_alloc              00855860     CSSUFU.obj
 0003:00426861       _ignore                    00855861     CSSUFU.obj
 0003:00426862       _allocator_arg             00855862     CSSUFU.obj
 0003:00426863       _piecewise_construct       00855863     CSSUFU.obj
 0003:00426864       __Tuple_alloc              00855864     deviceStatus.obj
 0003:00426865       _ignore                    00855865     deviceStatus.obj
 0003:00426866       _allocator_arg             00855866     deviceStatus.obj
 0003:00426867       _piecewise_construct       00855867     deviceStatus.obj
 0003:00426868       _allocator_arg             00855868     except.obj
 0003:00426869       _piecewise_construct       00855869     except.obj
 0003:00426870       __Tuple_alloc              00855870     externalsListDialog.obj
 0003:00426871       _ignore                    00855871     externalsListDialog.obj
 0003:00426872       _allocator_arg             00855872     externalsListDialog.obj
 0003:00426873       _piecewise_construct       00855873     externalsListDialog.obj
 0003:00426878       __Tuple_alloc              00855878     networkInterfaceImpl.obj
 0003:00426879       _ignore                    00855879     networkInterfaceImpl.obj
 0003:0042687a       _allocator_arg             0085587a     networkInterfaceImpl.obj
 0003:0042687b       _piecewise_construct       0085587b     networkInterfaceImpl.obj
 0003:0042687c       __Tuple_alloc              0085587c     pktRecoveryDialog.obj
 0003:0042687d       _ignore                    0085587d     pktRecoveryDialog.obj
 0003:0042687e       _allocator_arg             0085587e     pktRecoveryDialog.obj
 0003:0042687f       _piecewise_construct       0085587f     pktRecoveryDialog.obj
 0003:00426888       ?acPath@?1??GetINIPath@@YAPADPBD@Z@4PADA 00855888     PROFILE.obj
 0003:00426a88       ?acPath@?1??GetTempPathA@@YAPADXZ@4PADA 00855a88     PROFILE.obj
 0003:00426c88       __Tuple_alloc              00855c88     supersededMemory.obj
 0003:00426c89       _ignore                    00855c89     supersededMemory.obj
 0003:00426c8a       _allocator_arg             00855c8a     supersededMemory.obj
 0003:00426c8b       _piecewise_construct       00855c8b     supersededMemory.obj
 0003:00426d30       _allocator_arg             00855d30     bbcnb32_static:BBCNB32.obj
 0003:00426d31       _piecewise_construct       00855d31     bbcnb32_static:BBCNB32.obj
 0003:00426d34       _g_szNameFilter            00855d34     bbcnb32_static:BBCNB32.obj
 0003:00426d38       ?fThreadPrioritySet@?1??PostRoutineNCBDGRECV@@9@4@4_NA 00855d38     bbcnb32_static:BBCNB32.obj
 0003:00426d39       _allocator_arg             00855d39     bbcnb32_static:NCBSUFU.obj
 0003:00426d3a       _piecewise_construct       00855d3a     bbcnb32_static:NCBSUFU.obj
 0003:00426d3b       _allocator_arg             00855d3b     bbcnb32_static:NCBALLOC.obj
 0003:00426d3c       _piecewise_construct       00855d3c     bbcnb32_static:NCBALLOC.obj
 0003:00426d3d       _allocator_arg             00855d3d     bbcnb32_static:NCBCALLS.obj
 0003:00426d3e       _piecewise_construct       00855d3e     bbcnb32_static:NCBCALLS.obj
 0003:00426d40       _?g_fTriedAndFailed@?1??HtmlHelpW@@9@16@4HA$S28322 00855d40     htmlhelp:init.obj
 0003:00426d44       _?g_hmodHHCtrl@?1??HtmlHelpA@@9@16@4PAUHINSTANCE__@@A$S28294 00855d44     htmlhelp:init.obj
 0003:00426d48       _?g_hmodHHCtrl@?1??HtmlHelpW@@9@16@4PAUHINSTANCE__@@A$S28320 00855d48     htmlhelp:init.obj
 0003:00426d4c       _?g_fTriedAndFailed@?1??HtmlHelpA@@9@16@4HA$S28296 00855d4c     htmlhelp:init.obj
 0003:00426d58       _acCopyDataResult          00855d58     bncswm32:BncsWM32.obj
 0003:00426f5c       _lCopyDataResult           00855f5c     bncswm32:BncsWM32.obj
 0003:00426f60       ?lResult@?1??BNCS32SendMessage@@9@4JA 00855f60     bncswm32:BncsWM32.obj
 0003:00426f64       ?acNumericData@?1??BNCS32SendMessage@@9@4PADA 00855f64     bncswm32:BncsWM32.obj
 0003:00426f74       ?CDS@?1??BNCS32SendMessage@@9@4UtagCOPYDATASTRUCT@@A 00855f74     bncswm32:BncsWM32.obj
 0003:00426f80       ?uMsg@?1??BNCS32ReceiveMessage@@9@4IA 00855f80     bncswm32:BncsWM32.obj
 0003:00426f84       ?wParam@?1??BNCS32ReceiveMessage@@9@4IA 00855f84     bncswm32:BncsWM32.obj
 0003:00426f88       ?lParam@?1??BNCS32ReceiveMessage@@9@4JA 00855f88     bncswm32:BncsWM32.obj
 0003:00426f8c       ?lResult@?1??BNCS32ReceiveMessage@@9@4JA 00855f8c     bncswm32:BncsWM32.obj
 0003:00426f90       _GS_ExceptionRecord        00855f90     MSVCRT:gs_report.obj
 0003:00426fe0       _GS_ContextRecord          00855fe0     MSVCRT:gs_report.obj
 0003:004272ac       _DebuggerWasPresent        008562ac     MSVCRT:gs_report.obj
 0003:004272b0       _has_cctor                 008562b0     MSVCRT:crtexew.obj
 0003:004272b4       _mainret                   008562b4     MSVCRT:crtexew.obj
 0003:004272b8       _managedapp                008562b8     MSVCRT:crtexew.obj
 0003:004272bc       _argc                      008562bc     MSVCRT:crtexew.obj
 0003:004272c0       _argv                      008562c0     MSVCRT:crtexew.obj
 0003:004272c4       _envp                      008562c4     MSVCRT:crtexew.obj
 0003:004272c8       _argret                    008562c8     MSVCRT:crtexew.obj
 0003:004272cc       _startinfo                 008562cc     MSVCRT:crtexew.obj
 0004:00000430       $R000000                   00857430     csi32.res
 0004:000007f8       $R0003C8                   008577f8     csi32.res
 0004:000014e8       $R0010B8                   008584e8     csi32.res
 0004:00001850       $R001420                   00858850     csi32.res
 0004:00001930       $R001500                   00858930     csi32.res
 0004:00001b90       $R001760                   00858b90     csi32.res
 0004:00002140       $R001D10                   00859140     csi32.res
 0004:000025c8       $R002198                   008595c8     csi32.res
 0004:00002738       $R002308                   00859738     csi32.res
 0004:00002af0       $R0026C0                   00859af0     csi32.res
 0004:00002af8       $R0026C8                   00859af8     csi32.res
 0004:00003ba0       $R003770                   0085aba0     csi32.res
 0004:00006148       $R005D18                   0085d148     csi32.res
 0004:000065b0       $R006180                   0085d5b0     csi32.res
 0004:000065e0       $R0061B0                   0085d5e0     csi32.res
