 GRD32db

 Timestamp is 5e9db8c6 (Mon Apr 20 15:59:18 2020)

 Preferred load address is 00400000

 Start         Length     Name                   Class
 0001:00000000 0001a6cdH .textbss                DATA
 0002:00000000 00002914H .text                   CODE
 0002:00002920 0000245bH .text$di                CODE
 0002:00004d80 00033741H .text$mn                CODE
 0002:000384d0 000025efH .text$x                 CODE
 0002:0003aac0 000010c4H .text$yd                CODE
 0003:00000000 00000104H .CRT$XCA                DATA
 0003:00000104 00000104H .CRT$XCAA               DATA
 0003:00000208 000003e0H .CRT$XCU                DATA
 0003:000005e8 00000104H .CRT$XCZ                DATA
 0003:000006ec 00000104H .CRT$XIA                DATA
 0003:000007f0 00000104H .CRT$XIAA               DATA
 0003:000008f4 00000104H .CRT$XIC                DATA
 0003:000009f8 00000104H .CRT$XIY                DATA
 0003:00000afc 00000104H .CRT$XIZ                DATA
 0003:00000c00 0000555dH .rdata                  DATA
 0003:00006160 00000169H .rdata$debug            DATA
 0003:000062cc 0000043cH .rdata$r                DATA
 0003:00006708 00000104H .rtc$IAA                DATA
 0003:0000680c 000001c0H .rtc$IMZ                DATA
 0003:000069cc 00000104H .rtc$IZZ                DATA
 0003:00006ad0 00000104H .rtc$TAA                DATA
 0003:00006bd4 000001c0H .rtc$TMZ                DATA
 0003:00006d94 00000104H .rtc$TZZ                DATA
 0003:00006e98 00001867H .xdata$x                DATA
 0003:000086ff 00000000H .edata                  DATA
 0004:00000000 000004a4H .data                   DATA
 0004:000004a4 00000262H .data$r                 DATA
 0004:00000720 000658d8H .bss                    DATA
 0005:00000000 00000564H .idata$5                DATA
 0005:00000564 000000c8H .idata$2                DATA
 0005:0000062c 00000014H .idata$3                DATA
 0005:00000640 00000564H .idata$4                DATA
 0005:00000ba4 00001012H .idata$6                DATA
 0006:00000000 000004ebH .rsrc$01                DATA
 0006:000004f0 0000b7d0H .rsrc$02                DATA

  Address         Publics by Value              Rva+Base       Lib:Object

 0000:00000000       ___safe_se_handler_count   00000000     <absolute>
 0000:00000000       ___guard_flags             00000000     <absolute>
 0000:00000000       __except_list              00000000     <absolute>
 0000:00000000       ___safe_se_handler_table   00000000     <absolute>
 0000:00000000       ___guard_fids_table        00000000     <absolute>
 0000:00000000       ___guard_fids_count        00000000     <absolute>
 0000:00009876       __fltused                  00009876     <absolute>
 0000:00009876       __ldused                   00009876     <absolute>
 0000:00000000       ___ImageBase               00400000     <linker-defined>
 0001:00000000       __enc$textbss$begin        00401000     <linker-defined>
 0001:0001a6cd       __enc$textbss$end          0041b6cd     <linker-defined>
 0002:000024f9       _HtmlHelpA@16              0041e4f9 f   htmlhelp:init.obj
 0002:0000262e       _HtmlHelpW@16              0041e62e f   htmlhelp:init.obj
 0002:00004d80       ?readConfigSection@ccConfig@@SAXABV?$basic_string@DU?$char_traits@D@std@@V?$allocator@D@2@@std@@0AAV?$map@V?$basic_string@DU?$char_traits@D@std@@V?$allocator@D@2@@std@@V12@U?$less@V?$basic_string@DU?$char_traits@D@std@@V?$allocator@D@2@@std@@@2@V?$allocator@U?$pair@$$CBV?$basic_string@DU?$char_traits@D@std@@V?$allocator@D@2@@std@@V12@@std@@@2@@3@@Z 00420d80 f   ccConfig.obj
 0002:00004f70       ?readConfigSection@ccConfig@@SAXHABV?$basic_string@DU?$char_traits@D@std@@V?$allocator@D@2@@std@@AAV?$map@V?$basic_string@DU?$char_traits@D@std@@V?$allocator@D@2@@std@@V12@U?$less@V?$basic_string@DU?$char_traits@D@std@@V?$allocator@D@2@@std@@@2@V?$allocator@U?$pair@$$CBV?$basic_string@DU?$char_traits@D@std@@V?$allocator@D@2@@std@@V12@@std@@@2@@3@@Z 00420f70 f   ccConfig.obj
 0002:000050e0       ?getString@ccConfig@@SA?AV?$basic_string@DU?$char_traits@D@std@@V?$allocator@D@2@@std@@ABV23@000_N@Z 004210e0 f   ccConfig.obj
 0002:000052f0       ?getString@ccConfig@@SA?AV?$basic_string@DU?$char_traits@D@std@@V?$allocator@D@2@@std@@HABV23@00_N@Z 004212f0 f   ccConfig.obj
 0002:00005500       ?getInt@ccConfig@@SAHABV?$basic_string@DU?$char_traits@D@std@@V?$allocator@D@2@@std@@00H_N@Z 00421500 f   ccConfig.obj
 0002:000056e0       ?getInt@ccConfig@@SAHHABV?$basic_string@DU?$char_traits@D@std@@V?$allocator@D@2@@std@@0H_N@Z 004216e0 f   ccConfig.obj
 0002:000058d0       ?getDevPath@ccConfig@@SA?AV?$basic_string@DU?$char_traits@D@std@@V?$allocator@D@2@@std@@XZ 004218d0 f   ccConfig.obj
 0002:00005b10       ?getSystem@ccConfig@@SA?AV?$basic_string@DU?$char_traits@D@std@@V?$allocator@D@2@@std@@XZ 00421b10 f   ccConfig.obj
 0002:00005c50       ?getDevPath@ccConfig@@SA?AV?$basic_string@DU?$char_traits@D@std@@V?$allocator@D@2@@std@@H@Z 00421c50 f   ccConfig.obj
 0002:00005db0       ?getDevPath@ccConfig@@SA?AV?$basic_string@DU?$char_traits@D@std@@V?$allocator@D@2@@std@@ABV23@@Z 00421db0 f   ccConfig.obj
 0002:00005eb0       ?isV4Based@ccConfig@@SA_NXZ 00421eb0 f   ccConfig.obj
 0002:00005f40       ?isV3Based@ccConfig@@SA_NXZ 00421f40 f   ccConfig.obj
 0002:00006010       ?workstation@ccConfig@@SAHXZ 00422010 f   ccConfig.obj
 0002:000061f0       ??0ccConfig@@QAE@XZ        004221f0 f   ccConfig.obj
 0002:00006280       ??0ccConfig@@QAE@ABV?$basic_string@DU?$char_traits@D@std@@V?$allocator@D@2@@std@@0@Z 00422280 f   ccConfig.obj
 0002:00006380       ??0ccConfig@@QAE@HABV?$basic_string@DU?$char_traits@D@std@@V?$allocator@D@2@@std@@@Z 00422380 f   ccConfig.obj
 0002:00006480       ??1ccConfig@@UAE@XZ        00422480 f   ccConfig.obj
 0002:000064d0       ?getString@ccConfig@@QAE?AV?$basic_string@DU?$char_traits@D@std@@V?$allocator@D@2@@std@@ABV23@0_N@Z 004224d0 f   ccConfig.obj
 0002:00006650       ?getInt@ccConfig@@QAEHABV?$basic_string@DU?$char_traits@D@std@@V?$allocator@D@2@@std@@H_N@Z 00422650 f   ccConfig.obj
 0002:00006840       ?developerMode@ccConfig@@SA_NXZ 00422840 f   ccConfig.obj
 0002:000068c0       ?readConfigSectionAbs@ccConfig@@CAXABV?$basic_string@DU?$char_traits@D@std@@V?$allocator@D@2@@std@@0AAV?$map@V?$basic_string@DU?$char_traits@D@std@@V?$allocator@D@2@@std@@V12@U?$less@V?$basic_string@DU?$char_traits@D@std@@V?$allocator@D@2@@std@@@2@V?$allocator@U?$pair@$$CBV?$basic_string@DU?$char_traits@D@std@@V?$allocator@D@2@@std@@V12@@std@@@2@@3@@Z 004228c0 f   ccConfig.obj
 0002:00007440       ??$?0AAV?$_Tree_iterator@V?$_Tree_val@U?$_Tree_simple_types@U?$pair@$$CBV?$basic_string@DU?$char_traits@D@std@@V?$allocator@D@2@@std@@V12@@std@@@std@@@std@@@std@@_NX@?$pair@V?$_Tree_iterator@V?$_Tree_val@U?$_Tree_simple_types@U?$pair@$$CBV?$basic_string@DU?$char_traits@D@std@@V?$allocator@D@2@@std@@V12@@std@@@std@@@std@@@std@@_N@std@@QAE@AAV?$_Tree_iterator@V?$_Tree_val@U?$_Tree_simple_types@U?$pair@$$CBV?$basic_string@DU?$char_traits@D@std@@V?$allocator@D@2@@std@@V12@@std@@@std@@@std@@@1@$$QA_N@Z 00423440 f i ccConfig.obj
 0002:000074f0       ??$?0AAV?$basic_string@DU?$char_traits@D@std@@V?$allocator@D@2@@std@@AAV01@X@?$pair@V?$basic_string@DU?$char_traits@D@std@@V?$allocator@D@2@@std@@V12@@std@@QAE@AAV?$basic_string@DU?$char_traits@D@std@@V?$allocator@D@2@@1@0@Z 004234f0 f i ccConfig.obj
 0002:000075a0       ??$?0U?$_Tree_node@U?$pair@$$CBV?$basic_string@DU?$char_traits@D@std@@V?$allocator@D@2@@std@@V12@@std@@PAX@std@@@?$allocator@U_Container_proxy@std@@@std@@QAE@ABV?$allocator@U?$_Tree_node@U?$pair@$$CBV?$basic_string@DU?$char_traits@D@std@@V?$allocator@D@2@@std@@V12@@std@@PAX@std@@@1@@Z 004235a0 f i ccConfig.obj
 0002:000075c0       ??$?0U?$_Wrap_alloc@V?$allocator@U?$_Tree_node@U?$pair@$$CBV?$basic_string@DU?$char_traits@D@std@@V?$allocator@D@2@@std@@V12@@std@@PAX@std@@@std@@@std@@@?$_Wrap_alloc@V?$allocator@U_Container_proxy@std@@@std@@@std@@QAE@ABU?$_Wrap_alloc@V?$allocator@U?$_Tree_node@U?$pair@$$CBV?$basic_string@DU?$char_traits@D@std@@V?$allocator@D@2@@std@@V12@@std@@PAX@std@@@std@@@1@@Z 004235c0 f i ccConfig.obj
 0002:00007600       ??$?0V?$_Tree_iterator@V?$_Tree_val@U?$_Tree_simple_types@U?$pair@$$CBV?$basic_string@DU?$char_traits@D@std@@V?$allocator@D@2@@std@@V12@@std@@@std@@@std@@@std@@_NX@?$pair@V?$_Tree_iterator@V?$_Tree_val@U?$_Tree_simple_types@U?$pair@$$CBV?$basic_string@DU?$char_traits@D@std@@V?$allocator@D@2@@std@@V12@@std@@@std@@@std@@@std@@_N@std@@QAE@$$QAV?$_Tree_iterator@V?$_Tree_val@U?$_Tree_simple_types@U?$pair@$$CBV?$basic_string@DU?$char_traits@D@std@@V?$allocator@D@2@@std@@V12@@std@@@std@@@std@@@1@$$QA_N@Z 00423600 f i ccConfig.obj
 0002:000076b0       ??$?0V?$basic_string@DU?$char_traits@D@std@@V?$allocator@D@2@@std@@V01@X@?$pair@$$CBV?$basic_string@DU?$char_traits@D@std@@V?$allocator@D@2@@std@@V12@@std@@QAE@$$QAU?$pair@V?$basic_string@DU?$char_traits@D@std@@V?$allocator@D@2@@std@@V12@@1@@Z 004236b0 f i ccConfig.obj
 0002:00007760       ??$?8DD@std@@YA_NABV?$allocator@D@0@0@Z 00423760 f i ccConfig.obj
 0002:00007770       ??$?8DU?$char_traits@D@std@@V?$allocator@D@1@@std@@YA_NABV?$basic_string@DU?$char_traits@D@std@@V?$allocator@D@2@@0@PBD@Z 00423770 f i ccConfig.obj
 0002:000077c0       ??$?8V?$allocator@D@std@@V01@@std@@YA_NABU?$_Wrap_alloc@V?$allocator@D@std@@@0@0@Z 004237c0 f i ccConfig.obj
 0002:00007810       ??$?9V?$allocator@D@std@@V01@@std@@YA_NABU?$_Wrap_alloc@V?$allocator@D@std@@@0@0@Z 00423810 f i ccConfig.obj
 0002:00007870       ??$?HDU?$char_traits@D@std@@V?$allocator@D@1@@std@@YA?AV?$basic_string@DU?$char_traits@D@std@@V?$allocator@D@2@@0@$$QAV10@ABV10@@Z 00423870 f i ccConfig.obj
 0002:000078d0       ??$?HDU?$char_traits@D@std@@V?$allocator@D@1@@std@@YA?AV?$basic_string@DU?$char_traits@D@std@@V?$allocator@D@2@@0@$$QAV10@PBD@Z 004238d0 f i ccConfig.obj
 0002:00007930       ??$?HDU?$char_traits@D@std@@V?$allocator@D@1@@std@@YA?AV?$basic_string@DU?$char_traits@D@std@@V?$allocator@D@2@@0@ABV10@PBD@Z 00423930 f i ccConfig.obj
 0002:00007a80       ??$?HDU?$char_traits@D@std@@V?$allocator@D@1@@std@@YA?AV?$basic_string@DU?$char_traits@D@std@@V?$allocator@D@2@@0@PBDABV10@@Z 00423a80 f i ccConfig.obj
 0002:00007bd0       ??$?MDU?$char_traits@D@std@@V?$allocator@D@1@@std@@YA_NABV?$basic_string@DU?$char_traits@D@std@@V?$allocator@D@2@@0@0@Z 00423bd0 f i ccConfig.obj
 0002:00007c20       ??$_Allocate@D@std@@YAPADIPAD@Z 00423c20 f i ccConfig.obj
 0002:00007c90       ??$_Allocate@U?$_Tree_node@U?$pair@$$CBV?$basic_string@DU?$char_traits@D@std@@V?$allocator@D@2@@std@@V12@@std@@PAX@std@@@std@@YAPAU?$_Tree_node@U?$pair@$$CBV?$basic_string@DU?$char_traits@D@std@@V?$allocator@D@2@@std@@V12@@std@@PAX@0@IPAU10@@Z 00423c90 f i ccConfig.obj
 0002:00007d10       ??$_Allocate@U_Container_proxy@std@@@std@@YAPAU_Container_proxy@0@IPAU10@@Z 00423d10 f i ccConfig.obj
 0002:00007d90       ??$_Buynode@U?$pair@V?$basic_string@DU?$char_traits@D@std@@V?$allocator@D@2@@std@@V12@@std@@@?$_Tree_buy@U?$pair@$$CBV?$basic_string@DU?$char_traits@D@std@@V?$allocator@D@2@@std@@V12@@std@@V?$allocator@U?$pair@$$CBV?$basic_string@DU?$char_traits@D@std@@V?$allocator@D@2@@std@@V12@@std@@@2@@std@@QAEPAU?$_Tree_node@U?$pair@$$CBV?$basic_string@DU?$char_traits@D@std@@V?$allocator@D@2@@std@@V12@@std@@PAX@1@$$QAU?$pair@V?$basic_string@DU?$char_traits@D@std@@V?$allocator@D@2@@std@@V12@@1@@Z 00423d90 f i ccConfig.obj
 0002:00007ee0       ??$_Buynode_if_nil@AAU?$pair@$$CBV?$basic_string@DU?$char_traits@D@std@@V?$allocator@D@2@@std@@V12@@std@@@?$_Tree@V?$_Tmap_traits@V?$basic_string@DU?$char_traits@D@std@@V?$allocator@D@2@@std@@V12@U?$less@V?$basic_string@DU?$char_traits@D@std@@V?$allocator@D@2@@std@@@2@V?$allocator@U?$pair@$$CBV?$basic_string@DU?$char_traits@D@std@@V?$allocator@D@2@@std@@V12@@std@@@2@$0A@@std@@@std@@IAEPAU?$_Tree_node@U?$pair@$$CBV?$basic_string@DU?$char_traits@D@std@@V?$allocator@D@2@@std@@V12@@std@@PAX@1@PAU21@AAU?$pair@$$CBV?$basic_string@DU?$char_traits@D@std@@V?$allocator@D@2@@std@@V12@@1@@Z 00423ee0 f i ccConfig.obj
 0002:00007f00       ??$_Debug_lt_pred@U?$less@V?$basic_string@DU?$char_traits@D@std@@V?$allocator@D@2@@std@@@std@@ABV?$basic_string@DU?$char_traits@D@std@@V?$allocator@D@2@@2@ABV32@@std@@YA_NU?$less@V?$basic_string@DU?$char_traits@D@std@@V?$allocator@D@2@@std@@@0@ABV?$basic_string@DU?$char_traits@D@std@@V?$allocator@D@2@@0@1PB_WI@Z 00423f00 f i ccConfig.obj
 0002:00007fb0       ??$_Debug_pointer@D@std@@YAXPBDPB_WI@Z 00423fb0 f i ccConfig.obj
 0002:00007ff0       ??$_Insert_at@AAU?$pair@$$CBV?$basic_string@DU?$char_traits@D@std@@V?$allocator@D@2@@std@@V12@@std@@PAU?$_Tree_node@U?$pair@$$CBV?$basic_string@DU?$char_traits@D@std@@V?$allocator@D@2@@std@@V12@@std@@PAX@2@@?$_Tree@V?$_Tmap_traits@V?$basic_string@DU?$char_traits@D@std@@V?$allocator@D@2@@std@@V12@U?$less@V?$basic_string@DU?$char_traits@D@std@@V?$allocator@D@2@@std@@@2@V?$allocator@U?$pair@$$CBV?$basic_string@DU?$char_traits@D@std@@V?$allocator@D@2@@std@@V12@@std@@@2@$0A@@std@@@std@@IAE?AV?$_Tree_iterator@V?$_Tree_val@U?$_Tree_simple_types@U?$pair@$$CBV?$basic_string@DU?$char_traits@D@std@@V?$allocator@D@2@@std@@V12@@std@@@std@@@std@@@1@_NPAU?$_Tree_node@U?$pair@$$CBV?$basic_string@DU?$char_traits@D@std@@V?$allocator@D@2@@std@@V12@@std@@PAX@1@AAU?$pair@$$CBV?$basic_string@DU?$char_traits@D@std@@V?$allocator@D@2@@std@@V12@@1@1@Z 00423ff0 f i ccConfig.obj
 0002:00008560       ??$_Insert_nohint@AAU?$pair@$$CBV?$basic_string@DU?$char_traits@D@std@@V?$allocator@D@2@@std@@V12@@std@@PAU?$_Tree_node@U?$pair@$$CBV?$basic_string@DU?$char_traits@D@std@@V?$allocator@D@2@@std@@V12@@std@@PAX@2@@?$_Tree@V?$_Tmap_traits@V?$basic_string@DU?$char_traits@D@std@@V?$allocator@D@2@@std@@V12@U?$less@V?$basic_string@DU?$char_traits@D@std@@V?$allocator@D@2@@std@@@2@V?$allocator@U?$pair@$$CBV?$basic_string@DU?$char_traits@D@std@@V?$allocator@D@2@@std@@V12@@std@@@2@$0A@@std@@@std@@IAE?AU?$pair@V?$_Tree_iterator@V?$_Tree_val@U?$_Tree_simple_types@U?$pair@$$CBV?$basic_string@DU?$char_traits@D@std@@V?$allocator@D@2@@std@@V12@@std@@@std@@@std@@@std@@_N@1@_NAAU?$pair@$$CBV?$basic_string@DU?$char_traits@D@std@@V?$allocator@D@2@@std@@V12@@1@PAU?$_Tree_node@U?$pair@$$CBV?$basic_string@DU?$char_traits@D@std@@V?$allocator@D@2@@std@@V12@@std@@PAX@1@@Z 00424560 f i ccConfig.obj
 0002:00008c20       ??$_Kfn@$$CBV?$basic_string@DU?$char_traits@D@std@@V?$allocator@D@2@@std@@V12@@?$_Tmap_traits@V?$basic_string@DU?$char_traits@D@std@@V?$allocator@D@2@@std@@V12@U?$less@V?$basic_string@DU?$char_traits@D@std@@V?$allocator@D@2@@std@@@2@V?$allocator@U?$pair@$$CBV?$basic_string@DU?$char_traits@D@std@@V?$allocator@D@2@@std@@V12@@std@@@2@$0A@@std@@SAABV?$basic_string@DU?$char_traits@D@std@@V?$allocator@D@2@@1@ABU?$pair@$$CBV?$basic_string@DU?$char_traits@D@std@@V?$allocator@D@2@@std@@V12@@1@@Z 00424c20 f i ccConfig.obj
 0002:00008c30       ??$_Move@AAD@std@@YA$$QADAAD@Z 00424c30 f i ccConfig.obj
 0002:00008c40       ??$addressof@D@std@@YAPADAAD@Z 00424c40 f i ccConfig.obj
 0002:00008c50       ??$addressof@PAU?$_Tree_node@U?$pair@$$CBV?$basic_string@DU?$char_traits@D@std@@V?$allocator@D@2@@std@@V12@@std@@PAX@std@@@std@@YAPAPAU?$_Tree_node@U?$pair@$$CBV?$basic_string@DU?$char_traits@D@std@@V?$allocator@D@2@@std@@V12@@std@@PAX@0@AAPAU10@@Z 00424c50 f i ccConfig.obj
 0002:00008c60       ??$addressof@U?$pair@$$CBV?$basic_string@DU?$char_traits@D@std@@V?$allocator@D@2@@std@@V12@@std@@@std@@YAPAU?$pair@$$CBV?$basic_string@DU?$char_traits@D@std@@V?$allocator@D@2@@std@@V12@@0@AAU10@@Z 00424c60 f i ccConfig.obj
 0002:00008c70       ??$assign@V?$_String_iterator@V?$_String_val@U?$_Simple_types@D@std@@@std@@@std@@@?$basic_string@DU?$char_traits@D@std@@V?$allocator@D@2@@std@@QAEAAV01@V?$_String_iterator@V?$_String_val@U?$_Simple_types@D@std@@@std@@@1@0@Z 00424c70 f i ccConfig.obj
 0002:00008e10       ??$construct@PADAAPAD@?$_Wrap_alloc@V?$allocator@D@std@@@std@@QAEXPAPADAAPAD@Z 00424e10 f i ccConfig.obj
 0002:00008e60       ??$construct@PADAAPAD@?$allocator@D@std@@QAEXPAPADAAPAD@Z 00424e60 f i ccConfig.obj
 0002:00008f30       ??$construct@PADAAPAD@?$allocator_traits@V?$allocator@D@std@@@std@@SAXAAV?$allocator@D@1@PAPADAAPAD@Z 00424f30 f i ccConfig.obj
 0002:00008f60       ??$construct@PAU?$_Tree_node@U?$pair@$$CBV?$basic_string@DU?$char_traits@D@std@@V?$allocator@D@2@@std@@V12@@std@@PAX@std@@AAPAU12@@?$_Wrap_alloc@V?$allocator@U?$_Tree_node@U?$pair@$$CBV?$basic_string@DU?$char_traits@D@std@@V?$allocator@D@2@@std@@V12@@std@@PAX@std@@@std@@@std@@QAEXPAPAU?$_Tree_node@U?$pair@$$CBV?$basic_string@DU?$char_traits@D@std@@V?$allocator@D@2@@std@@V12@@std@@PAX@1@AAPAU21@@Z 00424f60 f i ccConfig.obj
 0002:00008fb0       ??$construct@PAU?$_Tree_node@U?$pair@$$CBV?$basic_string@DU?$char_traits@D@std@@V?$allocator@D@2@@std@@V12@@std@@PAX@std@@AAPAU12@@?$allocator@U?$_Tree_node@U?$pair@$$CBV?$basic_string@DU?$char_traits@D@std@@V?$allocator@D@2@@std@@V12@@std@@PAX@std@@@std@@QAEXPAPAU?$_Tree_node@U?$pair@$$CBV?$basic_string@DU?$char_traits@D@std@@V?$allocator@D@2@@std@@V12@@std@@PAX@1@AAPAU21@@Z 00424fb0 f i ccConfig.obj
 0002:00009080       ??$construct@PAU?$_Tree_node@U?$pair@$$CBV?$basic_string@DU?$char_traits@D@std@@V?$allocator@D@2@@std@@V12@@std@@PAX@std@@AAPAU12@@?$allocator_traits@V?$allocator@U?$_Tree_node@U?$pair@$$CBV?$basic_string@DU?$char_traits@D@std@@V?$allocator@D@2@@std@@V12@@std@@PAX@std@@@std@@@std@@SAXAAV?$allocator@U?$_Tree_node@U?$pair@$$CBV?$basic_string@DU?$char_traits@D@std@@V?$allocator@D@2@@std@@V12@@std@@PAX@std@@@1@PAPAU?$_Tree_node@U?$pair@$$CBV?$basic_string@DU?$char_traits@D@std@@V?$allocator@D@2@@std@@V12@@std@@PAX@1@AAPAU31@@Z 00425080 f i ccConfig.obj
 0002:000090b0       ??$construct@U?$pair@$$CBV?$basic_string@DU?$char_traits@D@std@@V?$allocator@D@2@@std@@V12@@std@@U?$pair@V?$basic_string@DU?$char_traits@D@std@@V?$allocator@D@2@@std@@V12@@2@@?$_Wrap_alloc@V?$allocator@U?$_Tree_node@U?$pair@$$CBV?$basic_string@DU?$char_traits@D@std@@V?$allocator@D@2@@std@@V12@@std@@PAX@std@@@std@@@std@@QAEXPAU?$pair@$$CBV?$basic_string@DU?$char_traits@D@std@@V?$allocator@D@2@@std@@V12@@1@$$QAU?$pair@V?$basic_string@DU?$char_traits@D@std@@V?$allocator@D@2@@std@@V12@@1@@Z 004250b0 f i ccConfig.obj
 0002:00009100       ??$construct@U?$pair@$$CBV?$basic_string@DU?$char_traits@D@std@@V?$allocator@D@2@@std@@V12@@std@@U?$pair@V?$basic_string@DU?$char_traits@D@std@@V?$allocator@D@2@@std@@V12@@2@@?$allocator@U?$_Tree_node@U?$pair@$$CBV?$basic_string@DU?$char_traits@D@std@@V?$allocator@D@2@@std@@V12@@std@@PAX@std@@@std@@QAEXPAU?$pair@$$CBV?$basic_string@DU?$char_traits@D@std@@V?$allocator@D@2@@std@@V12@@1@$$QAU?$pair@V?$basic_string@DU?$char_traits@D@std@@V?$allocator@D@2@@std@@V12@@1@@Z 00425100 f i ccConfig.obj
 0002:000091d0       ??$construct@U?$pair@$$CBV?$basic_string@DU?$char_traits@D@std@@V?$allocator@D@2@@std@@V12@@std@@U?$pair@V?$basic_string@DU?$char_traits@D@std@@V?$allocator@D@2@@std@@V12@@2@@?$allocator_traits@V?$allocator@U?$_Tree_node@U?$pair@$$CBV?$basic_string@DU?$char_traits@D@std@@V?$allocator@D@2@@std@@V12@@std@@PAX@std@@@std@@@std@@SAXAAV?$allocator@U?$_Tree_node@U?$pair@$$CBV?$basic_string@DU?$char_traits@D@std@@V?$allocator@D@2@@std@@V12@@std@@PAX@std@@@1@PAU?$pair@$$CBV?$basic_string@DU?$char_traits@D@std@@V?$allocator@D@2@@std@@V12@@1@$$QAU?$pair@V?$basic_string@DU?$char_traits@D@std@@V?$allocator@D@2@@std@@V12@@1@@Z 004251d0 f i ccConfig.obj
 0002:00009200       ??$construct@U_Container_proxy@std@@U12@@?$_Wrap_alloc@V?$allocator@U_Container_proxy@std@@@std@@@std@@QAEXPAU_Container_proxy@1@$$QAU21@@Z 00425200 f i ccConfig.obj
 0002:00009250       ??$construct@U_Container_proxy@std@@U12@@?$allocator@U_Container_proxy@std@@@std@@QAEXPAU_Container_proxy@1@$$QAU21@@Z 00425250 f i ccConfig.obj
 0002:00009320       ??$construct@U_Container_proxy@std@@U12@@?$allocator_traits@V?$allocator@U_Container_proxy@std@@@std@@@std@@SAXAAV?$allocator@U_Container_proxy@std@@@1@PAU_Container_proxy@1@$$QAU31@@Z 00425320 f i ccConfig.obj
 0002:00009350       ??$destroy@PAD@?$_Wrap_alloc@V?$allocator@D@std@@@std@@QAEXPAPAD@Z 00425350 f i ccConfig.obj
 0002:00009390       ??$destroy@PAD@?$allocator@D@std@@QAEXPAPAD@Z 00425390 f i ccConfig.obj
 0002:000093b0       ??$destroy@PAD@?$allocator_traits@V?$allocator@D@std@@@std@@SAXAAV?$allocator@D@1@PAPAD@Z 004253b0 f i ccConfig.obj
 0002:000093d0       ??$destroy@PAU?$_Tree_node@U?$pair@$$CBV?$basic_string@DU?$char_traits@D@std@@V?$allocator@D@2@@std@@V12@@std@@PAX@std@@@?$_Wrap_alloc@V?$allocator@U?$_Tree_node@U?$pair@$$CBV?$basic_string@DU?$char_traits@D@std@@V?$allocator@D@2@@std@@V12@@std@@PAX@std@@@std@@@std@@QAEXPAPAU?$_Tree_node@U?$pair@$$CBV?$basic_string@DU?$char_traits@D@std@@V?$allocator@D@2@@std@@V12@@std@@PAX@1@@Z 004253d0 f i ccConfig.obj
 0002:00009410       ??$destroy@PAU?$_Tree_node@U?$pair@$$CBV?$basic_string@DU?$char_traits@D@std@@V?$allocator@D@2@@std@@V12@@std@@PAX@std@@@?$allocator@U?$_Tree_node@U?$pair@$$CBV?$basic_string@DU?$char_traits@D@std@@V?$allocator@D@2@@std@@V12@@std@@PAX@std@@@std@@QAEXPAPAU?$_Tree_node@U?$pair@$$CBV?$basic_string@DU?$char_traits@D@std@@V?$allocator@D@2@@std@@V12@@std@@PAX@1@@Z 00425410 f i ccConfig.obj
 0002:00009430       ??$destroy@PAU?$_Tree_node@U?$pair@$$CBV?$basic_string@DU?$char_traits@D@std@@V?$allocator@D@2@@std@@V12@@std@@PAX@std@@@?$allocator_traits@V?$allocator@U?$_Tree_node@U?$pair@$$CBV?$basic_string@DU?$char_traits@D@std@@V?$allocator@D@2@@std@@V12@@std@@PAX@std@@@std@@@std@@SAXAAV?$allocator@U?$_Tree_node@U?$pair@$$CBV?$basic_string@DU?$char_traits@D@std@@V?$allocator@D@2@@std@@V12@@std@@PAX@std@@@1@PAPAU?$_Tree_node@U?$pair@$$CBV?$basic_string@DU?$char_traits@D@std@@V?$allocator@D@2@@std@@V12@@std@@PAX@1@@Z 00425430 f i ccConfig.obj
 0002:00009450       ??$destroy@U?$pair@$$CBV?$basic_string@DU?$char_traits@D@std@@V?$allocator@D@2@@std@@V12@@std@@@?$_Wrap_alloc@V?$allocator@U?$_Tree_node@U?$pair@$$CBV?$basic_string@DU?$char_traits@D@std@@V?$allocator@D@2@@std@@V12@@std@@PAX@std@@@std@@@std@@QAEXPAU?$pair@$$CBV?$basic_string@DU?$char_traits@D@std@@V?$allocator@D@2@@std@@V12@@1@@Z 00425450 f i ccConfig.obj
 0002:00009490       ??$destroy@U?$pair@$$CBV?$basic_string@DU?$char_traits@D@std@@V?$allocator@D@2@@std@@V12@@std@@@?$allocator@U?$_Tree_node@U?$pair@$$CBV?$basic_string@DU?$char_traits@D@std@@V?$allocator@D@2@@std@@V12@@std@@PAX@std@@@std@@QAEXPAU?$pair@$$CBV?$basic_string@DU?$char_traits@D@std@@V?$allocator@D@2@@std@@V12@@1@@Z 00425490 f i ccConfig.obj
 0002:000094d0       ??$destroy@U?$pair@$$CBV?$basic_string@DU?$char_traits@D@std@@V?$allocator@D@2@@std@@V12@@std@@@?$allocator_traits@V?$allocator@U?$_Tree_node@U?$pair@$$CBV?$basic_string@DU?$char_traits@D@std@@V?$allocator@D@2@@std@@V12@@std@@PAX@std@@@std@@@std@@SAXAAV?$allocator@U?$_Tree_node@U?$pair@$$CBV?$basic_string@DU?$char_traits@D@std@@V?$allocator@D@2@@std@@V12@@std@@PAX@std@@@1@PAU?$pair@$$CBV?$basic_string@DU?$char_traits@D@std@@V?$allocator@D@2@@std@@V12@@1@@Z 004254d0 f i ccConfig.obj
 0002:000094f0       ??$destroy@U_Container_proxy@std@@@?$_Wrap_alloc@V?$allocator@U_Container_proxy@std@@@std@@@std@@QAEXPAU_Container_proxy@1@@Z 004254f0 f i ccConfig.obj
 0002:00009530       ??$destroy@U_Container_proxy@std@@@?$allocator@U_Container_proxy@std@@@std@@QAEXPAU_Container_proxy@1@@Z 00425530 f i ccConfig.obj
 0002:00009550       ??$destroy@U_Container_proxy@std@@@?$allocator_traits@V?$allocator@U_Container_proxy@std@@@std@@@std@@SAXAAV?$allocator@U_Container_proxy@std@@@1@PAU_Container_proxy@1@@Z 00425550 f i ccConfig.obj
 0002:00009570       ??$forward@AAPAD@std@@YAAAPADAAPAD@Z 00425570 f i ccConfig.obj
 0002:00009580       ??$forward@AAPAU?$_Tree_node@U?$pair@$$CBV?$basic_string@DU?$char_traits@D@std@@V?$allocator@D@2@@std@@V12@@std@@PAX@std@@@std@@YAAAPAU?$_Tree_node@U?$pair@$$CBV?$basic_string@DU?$char_traits@D@std@@V?$allocator@D@2@@std@@V12@@std@@PAX@0@AAPAU10@@Z 00425580 f i ccConfig.obj
 0002:00009590       ??$forward@AAU?$pair@$$CBV?$basic_string@DU?$char_traits@D@std@@V?$allocator@D@2@@std@@V12@@std@@@std@@YAAAU?$pair@$$CBV?$basic_string@DU?$char_traits@D@std@@V?$allocator@D@2@@std@@V12@@0@AAU10@@Z 00425590 f i ccConfig.obj
 0002:000095a0       ??$forward@AAV?$_Tree_iterator@V?$_Tree_val@U?$_Tree_simple_types@U?$pair@$$CBV?$basic_string@DU?$char_traits@D@std@@V?$allocator@D@2@@std@@V12@@std@@@std@@@std@@@std@@@std@@YAAAV?$_Tree_iterator@V?$_Tree_val@U?$_Tree_simple_types@U?$pair@$$CBV?$basic_string@DU?$char_traits@D@std@@V?$allocator@D@2@@std@@V12@@std@@@std@@@std@@@0@AAV10@@Z 004255a0 f i ccConfig.obj
 0002:000095b0       ??$forward@AAV?$basic_string@DU?$char_traits@D@std@@V?$allocator@D@2@@std@@@std@@YAAAV?$basic_string@DU?$char_traits@D@std@@V?$allocator@D@2@@0@AAV10@@Z 004255b0 f i ccConfig.obj
 0002:000095c0       ??$forward@ABV?$basic_string@DU?$char_traits@D@std@@V?$allocator@D@2@@std@@@std@@YAABV?$basic_string@DU?$char_traits@D@std@@V?$allocator@D@2@@0@ABV10@@Z 004255c0 f i ccConfig.obj
 0002:000095d0       ??$forward@U?$pair@V?$basic_string@DU?$char_traits@D@std@@V?$allocator@D@2@@std@@V12@@std@@@std@@YA$$QAU?$pair@V?$basic_string@DU?$char_traits@D@std@@V?$allocator@D@2@@std@@V12@@0@AAU10@@Z 004255d0 f i ccConfig.obj
 0002:000095e0       ??$forward@U_Container_proxy@std@@@std@@YA$$QAU_Container_proxy@0@AAU10@@Z 004255e0 f i ccConfig.obj
 0002:000095f0       ??$forward@V?$_Tree_iterator@V?$_Tree_val@U?$_Tree_simple_types@U?$pair@$$CBV?$basic_string@DU?$char_traits@D@std@@V?$allocator@D@2@@std@@V12@@std@@@std@@@std@@@std@@@std@@YA$$QAV?$_Tree_iterator@V?$_Tree_val@U?$_Tree_simple_types@U?$pair@$$CBV?$basic_string@DU?$char_traits@D@std@@V?$allocator@D@2@@std@@V12@@std@@@std@@@std@@@0@AAV10@@Z 004255f0 f i ccConfig.obj
 0002:00009600       ??$forward@V?$basic_string@DU?$char_traits@D@std@@V?$allocator@D@2@@std@@@std@@YA$$QAV?$basic_string@DU?$char_traits@D@std@@V?$allocator@D@2@@0@AAV10@@Z 00425600 f i ccConfig.obj
 0002:00009610       ??$forward@_N@std@@YA$$QA_NAA_N@Z 00425610 f i ccConfig.obj
 0002:00009620       ??$insert@U?$pair@V?$basic_string@DU?$char_traits@D@std@@V?$allocator@D@2@@std@@V12@@std@@@?$_Tree@V?$_Tmap_traits@V?$basic_string@DU?$char_traits@D@std@@V?$allocator@D@2@@std@@V12@U?$less@V?$basic_string@DU?$char_traits@D@std@@V?$allocator@D@2@@std@@@2@V?$allocator@U?$pair@$$CBV?$basic_string@DU?$char_traits@D@std@@V?$allocator@D@2@@std@@V12@@std@@@2@$0A@@std@@@std@@QAE?AU?$pair@V?$_Tree_iterator@V?$_Tree_val@U?$_Tree_simple_types@U?$pair@$$CBV?$basic_string@DU?$char_traits@D@std@@V?$allocator@D@2@@std@@V12@@std@@@std@@@std@@@std@@_N@1@$$QAU?$pair@V?$basic_string@DU?$char_traits@D@std@@V?$allocator@D@2@@std@@V12@@1@@Z 00425620 f i ccConfig.obj
 0002:000096c0       ??$move@AAV?$basic_string@DU?$char_traits@D@std@@V?$allocator@D@2@@std@@@std@@YA$$QAV?$basic_string@DU?$char_traits@D@std@@V?$allocator@D@2@@0@AAV10@@Z 004256c0 f i ccConfig.obj
 0002:000096d0       ??$swap@D@std@@YAXAAD0@Z   004256d0 f i ccConfig.obj
 0002:00009780       ??0?$_Iterator012@Ubidirectional_iterator_tag@std@@U?$pair@$$CBV?$basic_string@DU?$char_traits@D@std@@V?$allocator@D@2@@std@@V12@@2@HPBU32@ABU32@U_Iterator_base12@2@@std@@QAE@ABU01@@Z 00425780 f i ccConfig.obj
 0002:000097c0       ??0?$_Iterator012@Ubidirectional_iterator_tag@std@@U?$pair@$$CBV?$basic_string@DU?$char_traits@D@std@@V?$allocator@D@2@@std@@V12@@2@HPBU32@ABU32@U_Iterator_base12@2@@std@@QAE@XZ 004257c0 f i ccConfig.obj
 0002:000097f0       ??0?$_Iterator012@Urandom_access_iterator_tag@std@@DHPBDABDU_Iterator_base12@2@@std@@QAE@ABU01@@Z 004257f0 f i ccConfig.obj
 0002:00009830       ??0?$_Iterator012@Urandom_access_iterator_tag@std@@DHPBDABDU_Iterator_base12@2@@std@@QAE@XZ 00425830 f i ccConfig.obj
 0002:00009860       ??0?$_String_alloc@$0A@U?$_String_base_types@DV?$allocator@D@std@@@std@@@std@@QAE@ABV?$allocator@D@1@@Z 00425860 f i ccConfig.obj
 0002:000098f0       ??0?$_String_const_iterator@V?$_String_val@U?$_Simple_types@D@std@@@std@@@std@@QAE@ABV01@@Z 004258f0 f i ccConfig.obj
 0002:00009940       ??0?$_String_const_iterator@V?$_String_val@U?$_Simple_types@D@std@@@std@@@std@@QAE@PBDPBU_Container_base12@1@@Z 00425940 f i ccConfig.obj
 0002:000099e0       ??0?$_String_iterator@V?$_String_val@U?$_Simple_types@D@std@@@std@@@std@@QAE@ABV01@@Z 004259e0 f i ccConfig.obj
 0002:00009a20       ??0?$_String_iterator@V?$_String_val@U?$_Simple_types@D@std@@@std@@@std@@QAE@PADPBU_Container_base12@1@@Z 00425a20 f i ccConfig.obj
 0002:00009a60       ??0?$_String_val@U?$_Simple_types@D@std@@@std@@QAE@XZ 00425a60 f i ccConfig.obj
 0002:00009ac0       ??0?$_Tree@V?$_Tmap_traits@V?$basic_string@DU?$char_traits@D@std@@V?$allocator@D@2@@std@@V12@U?$less@V?$basic_string@DU?$char_traits@D@std@@V?$allocator@D@2@@std@@@2@V?$allocator@U?$pair@$$CBV?$basic_string@DU?$char_traits@D@std@@V?$allocator@D@2@@std@@V12@@std@@@2@$0A@@std@@@std@@QAE@ABU?$less@V?$basic_string@DU?$char_traits@D@std@@V?$allocator@D@2@@std@@@1@ABV?$allocator@U?$pair@$$CBV?$basic_string@DU?$char_traits@D@std@@V?$allocator@D@2@@std@@V12@@std@@@1@@Z 00425ac0 f i ccConfig.obj
 0002:00009b00       ??0?$_Tree_alloc@$0A@U?$_Tree_base_types@U?$pair@$$CBV?$basic_string@DU?$char_traits@D@std@@V?$allocator@D@2@@std@@V12@@std@@V?$allocator@U?$pair@$$CBV?$basic_string@DU?$char_traits@D@std@@V?$allocator@D@2@@std@@V12@@std@@@2@@std@@@std@@QAE@ABV?$allocator@U?$pair@$$CBV?$basic_string@DU?$char_traits@D@std@@V?$allocator@D@2@@std@@V12@@std@@@1@@Z 00425b00 f i ccConfig.obj
 0002:00009bf0       ??0?$_Tree_buy@U?$pair@$$CBV?$basic_string@DU?$char_traits@D@std@@V?$allocator@D@2@@std@@V12@@std@@V?$allocator@U?$pair@$$CBV?$basic_string@DU?$char_traits@D@std@@V?$allocator@D@2@@std@@V12@@std@@@2@@std@@QAE@ABV?$allocator@U?$pair@$$CBV?$basic_string@DU?$char_traits@D@std@@V?$allocator@D@2@@std@@V12@@std@@@1@@Z 00425bf0 f i ccConfig.obj
 0002:00009c30       ??0?$_Tree_comp@$0A@V?$_Tmap_traits@V?$basic_string@DU?$char_traits@D@std@@V?$allocator@D@2@@std@@V12@U?$less@V?$basic_string@DU?$char_traits@D@std@@V?$allocator@D@2@@std@@@2@V?$allocator@U?$pair@$$CBV?$basic_string@DU?$char_traits@D@std@@V?$allocator@D@2@@std@@V12@@std@@@2@$0A@@std@@@std@@QAE@ABU?$less@V?$basic_string@DU?$char_traits@D@std@@V?$allocator@D@2@@std@@@1@ABV?$allocator@U?$pair@$$CBV?$basic_string@DU?$char_traits@D@std@@V?$allocator@D@2@@std@@V12@@std@@@1@@Z 00425c30 f i ccConfig.obj
 0002:00009c70       ??0?$_Tree_const_iterator@V?$_Tree_val@U?$_Tree_simple_types@U?$pair@$$CBV?$basic_string@DU?$char_traits@D@std@@V?$allocator@D@2@@std@@V12@@std@@@std@@@std@@@std@@QAE@ABV01@@Z 00425c70 f i ccConfig.obj
 0002:00009cb0       ??0?$_Tree_const_iterator@V?$_Tree_val@U?$_Tree_simple_types@U?$pair@$$CBV?$basic_string@DU?$char_traits@D@std@@V?$allocator@D@2@@std@@V12@@std@@@std@@@std@@@std@@QAE@PAU?$_Tree_node@U?$pair@$$CBV?$basic_string@DU?$char_traits@D@std@@V?$allocator@D@2@@std@@V12@@std@@PAX@1@PBV?$_Tree_val@U?$_Tree_simple_types@U?$pair@$$CBV?$basic_string@DU?$char_traits@D@std@@V?$allocator@D@2@@std@@V12@@std@@@std@@@1@@Z 00425cb0 f i ccConfig.obj
 0002:00009cf0       ??0?$_Tree_iterator@V?$_Tree_val@U?$_Tree_simple_types@U?$pair@$$CBV?$basic_string@DU?$char_traits@D@std@@V?$allocator@D@2@@std@@V12@@std@@@std@@@std@@@std@@QAE@ABV01@@Z 00425cf0 f i ccConfig.obj
 0002:00009d30       ??0?$_Tree_iterator@V?$_Tree_val@U?$_Tree_simple_types@U?$pair@$$CBV?$basic_string@DU?$char_traits@D@std@@V?$allocator@D@2@@std@@V12@@std@@@std@@@std@@@std@@QAE@PAU?$_Tree_node@U?$pair@$$CBV?$basic_string@DU?$char_traits@D@std@@V?$allocator@D@2@@std@@V12@@std@@PAX@1@PBV?$_Tree_val@U?$_Tree_simple_types@U?$pair@$$CBV?$basic_string@DU?$char_traits@D@std@@V?$allocator@D@2@@std@@V12@@std@@@std@@@1@@Z 00425d30 f i ccConfig.obj
 0002:00009d70       ??0?$_Tree_unchecked_const_iterator@V?$_Tree_val@U?$_Tree_simple_types@U?$pair@$$CBV?$basic_string@DU?$char_traits@D@std@@V?$allocator@D@2@@std@@V12@@std@@@std@@@std@@U_Iterator_base12@2@@std@@QAE@ABV01@@Z 00425d70 f i ccConfig.obj
 0002:00009dc0       ??0?$_Tree_unchecked_const_iterator@V?$_Tree_val@U?$_Tree_simple_types@U?$pair@$$CBV?$basic_string@DU?$char_traits@D@std@@V?$allocator@D@2@@std@@V12@@std@@@std@@@std@@U_Iterator_base12@2@@std@@QAE@PAU?$_Tree_node@U?$pair@$$CBV?$basic_string@DU?$char_traits@D@std@@V?$allocator@D@2@@std@@V12@@std@@PAX@1@PBV?$_Tree_val@U?$_Tree_simple_types@U?$pair@$$CBV?$basic_string@DU?$char_traits@D@std@@V?$allocator@D@2@@std@@V12@@std@@@std@@@1@@Z 00425dc0 f i ccConfig.obj
 0002:00009e60       ??0?$_Tree_val@U?$_Tree_simple_types@U?$pair@$$CBV?$basic_string@DU?$char_traits@D@std@@V?$allocator@D@2@@std@@V12@@std@@@std@@@std@@QAE@XZ 00425e60 f i ccConfig.obj
 0002:00009ec0       ??0?$_Wrap_alloc@V?$allocator@D@std@@@std@@QAE@ABV?$allocator@D@1@@Z 00425ec0 f i ccConfig.obj
 0002:00009f00       ??0?$_Wrap_alloc@V?$allocator@D@std@@@std@@QAE@XZ 00425f00 f i ccConfig.obj
 0002:00009f30       ??0?$_Wrap_alloc@V?$allocator@U?$_Tree_node@U?$pair@$$CBV?$basic_string@DU?$char_traits@D@std@@V?$allocator@D@2@@std@@V12@@std@@PAX@std@@@std@@@std@@QAE@XZ 00425f30 f i ccConfig.obj
 0002:00009f60       ??0?$allocator@D@std@@QAE@ABV01@@Z 00425f60 f i ccConfig.obj
 0002:00009f80       ??0?$allocator@D@std@@QAE@XZ 00425f80 f i ccConfig.obj
 0002:00009fa0       ??0?$allocator@U?$_Tree_node@U?$pair@$$CBV?$basic_string@DU?$char_traits@D@std@@V?$allocator@D@2@@std@@V12@@std@@PAX@std@@@std@@QAE@XZ 00425fa0 f i ccConfig.obj
 0002:00009fc0       ??0?$allocator@U?$pair@$$CBV?$basic_string@DU?$char_traits@D@std@@V?$allocator@D@2@@std@@V12@@std@@@std@@QAE@XZ 00425fc0 f i ccConfig.obj
 0002:00009fe0       ??0?$allocator@U_Container_proxy@std@@@std@@QAE@XZ 00425fe0 f i ccConfig.obj
 0002:0000a000       ??0?$basic_string@DU?$char_traits@D@std@@V?$allocator@D@2@@std@@QAE@$$QAV01@@Z 00426000 f i ccConfig.obj
 0002:0000a080       ??0?$basic_string@DU?$char_traits@D@std@@V?$allocator@D@2@@std@@QAE@ABV01@@Z 00426080 f i ccConfig.obj
 0002:0000a150       ??0?$basic_string@DU?$char_traits@D@std@@V?$allocator@D@2@@std@@QAE@PBD@Z 00426150 f i ccConfig.obj
 0002:0000a200       ??0?$basic_string@DU?$char_traits@D@std@@V?$allocator@D@2@@std@@QAE@XZ 00426200 f i ccConfig.obj
 0002:0000a2a0       ??0?$map@V?$basic_string@DU?$char_traits@D@std@@V?$allocator@D@2@@std@@V12@U?$less@V?$basic_string@DU?$char_traits@D@std@@V?$allocator@D@2@@std@@@2@V?$allocator@U?$pair@$$CBV?$basic_string@DU?$char_traits@D@std@@V?$allocator@D@2@@std@@V12@@std@@@2@@std@@QAE@XZ 004262a0 f i ccConfig.obj
 0002:0000a2f0       ??0_Container_proxy@std@@QAE@XZ 004262f0 f i ccConfig.obj
 0002:0000a330       ??0_Generic_error_category@std@@QAE@XZ 00426330 f i ccConfig.obj
 0002:0000a370       ??0_Ignore@std@@QAE@XZ     00426370 f i ccConfig.obj
 0002:0000a390       ??0_Iostream_error_category@std@@QAE@XZ 00426390 f i ccConfig.obj
 0002:0000a3d0       ??0_Iterator_base12@std@@QAE@ABU01@@Z 004263d0 f i ccConfig.obj
 0002:0000a420       ??0_Iterator_base12@std@@QAE@XZ 00426420 f i ccConfig.obj
 0002:0000a460       ??0_System_error_category@std@@QAE@XZ 00426460 f i ccConfig.obj
 0002:0000a4a0       ??0error_category@std@@QAE@XZ 004264a0 f i ccConfig.obj
 0002:0000a4d0       ??0error_condition@std@@QAE@HABVerror_category@1@@Z 004264d0 f i ccConfig.obj
 0002:0000a510       ??1?$_Iterator012@Ubidirectional_iterator_tag@std@@U?$pair@$$CBV?$basic_string@DU?$char_traits@D@std@@V?$allocator@D@2@@std@@V12@@2@HPBU32@ABU32@U_Iterator_base12@2@@std@@QAE@XZ 00426510 f i ccConfig.obj
 0002:0000a540       ??1?$_Iterator012@Urandom_access_iterator_tag@std@@DHPBDABDU_Iterator_base12@2@@std@@QAE@XZ 00426540 f i ccConfig.obj
 0002:0000a570       ??1?$_String_alloc@$0A@U?$_String_base_types@DV?$allocator@D@std@@@std@@@std@@QAE@XZ 00426570 f i ccConfig.obj
 0002:0000a5b0       ??1?$_String_const_iterator@V?$_String_val@U?$_Simple_types@D@std@@@std@@@std@@QAE@XZ 004265b0 f i ccConfig.obj
 0002:0000a5e0       ??1?$_String_iterator@V?$_String_val@U?$_Simple_types@D@std@@@std@@@std@@QAE@XZ 004265e0 f i ccConfig.obj
 0002:0000a610       ??1?$_String_val@U?$_Simple_types@D@std@@@std@@QAE@XZ 00426610 f i ccConfig.obj
 0002:0000a650       ??1?$_Tree@V?$_Tmap_traits@V?$basic_string@DU?$char_traits@D@std@@V?$allocator@D@2@@std@@V12@U?$less@V?$basic_string@DU?$char_traits@D@std@@V?$allocator@D@2@@std@@@2@V?$allocator@U?$pair@$$CBV?$basic_string@DU?$char_traits@D@std@@V?$allocator@D@2@@std@@V12@@std@@@2@$0A@@std@@@std@@QAE@XZ 00426650 f i ccConfig.obj
 0002:0000a690       ??1?$_Tree_alloc@$0A@U?$_Tree_base_types@U?$pair@$$CBV?$basic_string@DU?$char_traits@D@std@@V?$allocator@D@2@@std@@V12@@std@@V?$allocator@U?$pair@$$CBV?$basic_string@DU?$char_traits@D@std@@V?$allocator@D@2@@std@@V12@@std@@@2@@std@@@std@@QAE@XZ 00426690 f i ccConfig.obj
 0002:0000a6e0       ??1?$_Tree_buy@U?$pair@$$CBV?$basic_string@DU?$char_traits@D@std@@V?$allocator@D@2@@std@@V12@@std@@V?$allocator@U?$pair@$$CBV?$basic_string@DU?$char_traits@D@std@@V?$allocator@D@2@@std@@V12@@std@@@2@@std@@QAE@XZ 004266e0 f i ccConfig.obj
 0002:0000a710       ??1?$_Tree_comp@$0A@V?$_Tmap_traits@V?$basic_string@DU?$char_traits@D@std@@V?$allocator@D@2@@std@@V12@U?$less@V?$basic_string@DU?$char_traits@D@std@@V?$allocator@D@2@@std@@@2@V?$allocator@U?$pair@$$CBV?$basic_string@DU?$char_traits@D@std@@V?$allocator@D@2@@std@@V12@@std@@@2@$0A@@std@@@std@@QAE@XZ 00426710 f i ccConfig.obj
 0002:0000a740       ??1?$_Tree_const_iterator@V?$_Tree_val@U?$_Tree_simple_types@U?$pair@$$CBV?$basic_string@DU?$char_traits@D@std@@V?$allocator@D@2@@std@@V12@@std@@@std@@@std@@@std@@QAE@XZ 00426740 f i ccConfig.obj
 0002:0000a770       ??1?$_Tree_iterator@V?$_Tree_val@U?$_Tree_simple_types@U?$pair@$$CBV?$basic_string@DU?$char_traits@D@std@@V?$allocator@D@2@@std@@V12@@std@@@std@@@std@@@std@@QAE@XZ 00426770 f i ccConfig.obj
 0002:0000a7a0       ??1?$_Tree_unchecked_const_iterator@V?$_Tree_val@U?$_Tree_simple_types@U?$pair@$$CBV?$basic_string@DU?$char_traits@D@std@@V?$allocator@D@2@@std@@V12@@std@@@std@@@std@@U_Iterator_base12@2@@std@@QAE@XZ 004267a0 f i ccConfig.obj
 0002:0000a7d0       ??1?$_Tree_val@U?$_Tree_simple_types@U?$pair@$$CBV?$basic_string@DU?$char_traits@D@std@@V?$allocator@D@2@@std@@V12@@std@@@std@@@std@@QAE@XZ 004267d0 f i ccConfig.obj
 0002:0000a810       ??1?$basic_string@DU?$char_traits@D@std@@V?$allocator@D@2@@std@@QAE@XZ 00426810 f i ccConfig.obj
 0002:0000a850       ??1?$map@V?$basic_string@DU?$char_traits@D@std@@V?$allocator@D@2@@std@@V12@U?$less@V?$basic_string@DU?$char_traits@D@std@@V?$allocator@D@2@@std@@@2@V?$allocator@U?$pair@$$CBV?$basic_string@DU?$char_traits@D@std@@V?$allocator@D@2@@std@@V12@@std@@@2@@std@@QAE@XZ 00426850 f i ccConfig.obj
 0002:0000a880       ??1?$pair@$$CBV?$basic_string@DU?$char_traits@D@std@@V?$allocator@D@2@@std@@V12@@std@@QAE@XZ 00426880 f i ccConfig.obj
 0002:0000a8c0       ??1?$pair@V?$_Tree_iterator@V?$_Tree_val@U?$_Tree_simple_types@U?$pair@$$CBV?$basic_string@DU?$char_traits@D@std@@V?$allocator@D@2@@std@@V12@@std@@@std@@@std@@@std@@_N@std@@QAE@XZ 004268c0 f i ccConfig.obj
 0002:0000a8f0       ??1?$pair@V?$basic_string@DU?$char_traits@D@std@@V?$allocator@D@2@@std@@V12@@std@@QAE@XZ 004268f0 f i ccConfig.obj
 0002:0000a930       ??1_Generic_error_category@std@@UAE@XZ 00426930 f i ccConfig.obj
 0002:0000a960       ??1_Iostream_error_category@std@@UAE@XZ 00426960 f i ccConfig.obj
 0002:0000a990       ??1_Iterator_base12@std@@QAE@XZ 00426990 f i ccConfig.obj
 0002:0000aa40       ??1_System_error_category@std@@UAE@XZ 00426a40 f i ccConfig.obj
 0002:0000aa70       ??1error_category@std@@UAE@XZ 00426a70 f i ccConfig.obj
 0002:0000aaa0       ??2@YAPAXIPAX@Z            00426aa0 f i ccConfig.obj
 0002:0000aab0       ??3@YAXPAX0@Z              00426ab0 f i ccConfig.obj
 0002:0000aac0       ??4?$basic_string@DU?$char_traits@D@std@@V?$allocator@D@2@@std@@QAEAAV01@$$QAV01@@Z 00426ac0 f i ccConfig.obj
 0002:0000abc0       ??4?$basic_string@DU?$char_traits@D@std@@V?$allocator@D@2@@std@@QAEAAV01@ABV01@@Z 00426bc0 f i ccConfig.obj
 0002:0000ac70       ??4_Iterator_base12@std@@QAEAAU01@ABU01@@Z 00426c70 f i ccConfig.obj
 0002:0000ada0       ??8?$_String_const_iterator@V?$_String_val@U?$_Simple_types@D@std@@@std@@@std@@QBE_NABV01@@Z 00426da0 f i ccConfig.obj
 0002:0000ae10       ??8?$_Tree_const_iterator@V?$_Tree_val@U?$_Tree_simple_types@U?$pair@$$CBV?$basic_string@DU?$char_traits@D@std@@V?$allocator@D@2@@std@@V12@@std@@@std@@@std@@@std@@QBE_NABV01@@Z 00426e10 f i ccConfig.obj
 0002:0000af50       ??8error_category@std@@QBE_NABV01@@Z 00426f50 f i ccConfig.obj
 0002:0000afa0       ??8error_condition@std@@QBE_NABV01@@Z 00426fa0 f i ccConfig.obj
 0002:0000b030       ??9?$_Tree_const_iterator@V?$_Tree_val@U?$_Tree_simple_types@U?$pair@$$CBV?$basic_string@DU?$char_traits@D@std@@V?$allocator@D@2@@std@@V12@@std@@@std@@@std@@@std@@QBE_NABV01@@Z 00427030 f i ccConfig.obj
 0002:0000b090       ??C?$_Tree_iterator@V?$_Tree_val@U?$_Tree_simple_types@U?$pair@$$CBV?$basic_string@DU?$char_traits@D@std@@V?$allocator@D@2@@std@@V12@@std@@@std@@@std@@@std@@QBEPAU?$pair@$$CBV?$basic_string@DU?$char_traits@D@std@@V?$allocator@D@2@@std@@V12@@1@XZ 00427090 f i ccConfig.obj
 0002:0000b0d0       ??D?$_String_const_iterator@V?$_String_val@U?$_Simple_types@D@std@@@std@@@std@@QBEABDXZ 004270d0 f i ccConfig.obj
 0002:0000b200       ??D?$_String_iterator@V?$_String_val@U?$_Simple_types@D@std@@@std@@@std@@QBEAADXZ 00427200 f i ccConfig.obj
 0002:0000b230       ??D?$_Tree_const_iterator@V?$_Tree_val@U?$_Tree_simple_types@U?$pair@$$CBV?$basic_string@DU?$char_traits@D@std@@V?$allocator@D@2@@std@@V12@@std@@@std@@@std@@@std@@QBEABU?$pair@$$CBV?$basic_string@DU?$char_traits@D@std@@V?$allocator@D@2@@std@@V12@@1@XZ 00427230 f i ccConfig.obj
 0002:0000b350       ??D?$_Tree_iterator@V?$_Tree_val@U?$_Tree_simple_types@U?$pair@$$CBV?$basic_string@DU?$char_traits@D@std@@V?$allocator@D@2@@std@@V12@@std@@@std@@@std@@@std@@QBEAAU?$pair@$$CBV?$basic_string@DU?$char_traits@D@std@@V?$allocator@D@2@@std@@V12@@1@XZ 00427350 f i ccConfig.obj
 0002:0000b380       ??E?$_Tree_const_iterator@V?$_Tree_val@U?$_Tree_simple_types@U?$pair@$$CBV?$basic_string@DU?$char_traits@D@std@@V?$allocator@D@2@@std@@V12@@std@@@std@@@std@@@std@@QAE?AV01@H@Z 00427380 f i ccConfig.obj
 0002:0000b490       ??E?$_Tree_const_iterator@V?$_Tree_val@U?$_Tree_simple_types@U?$pair@$$CBV?$basic_string@DU?$char_traits@D@std@@V?$allocator@D@2@@std@@V12@@std@@@std@@@std@@@std@@QAEAAV01@XZ 00427490 f i ccConfig.obj
 0002:0000b5b0       ??E?$_Tree_unchecked_const_iterator@V?$_Tree_val@U?$_Tree_simple_types@U?$pair@$$CBV?$basic_string@DU?$char_traits@D@std@@V?$allocator@D@2@@std@@V12@@std@@@std@@@std@@U_Iterator_base12@2@@std@@QAEAAV01@XZ 004275b0 f i ccConfig.obj
 0002:0000b6c0       ??F?$_Tree_const_iterator@V?$_Tree_val@U?$_Tree_simple_types@U?$pair@$$CBV?$basic_string@DU?$char_traits@D@std@@V?$allocator@D@2@@std@@V12@@std@@@std@@@std@@@std@@QAEAAV01@XZ 004276c0 f i ccConfig.obj
 0002:0000b890       ??F?$_Tree_iterator@V?$_Tree_val@U?$_Tree_simple_types@U?$pair@$$CBV?$basic_string@DU?$char_traits@D@std@@V?$allocator@D@2@@std@@V12@@std@@@std@@@std@@@std@@QAEAAV01@XZ 00427890 f i ccConfig.obj
 0002:0000b8c0       ??F?$_Tree_unchecked_const_iterator@V?$_Tree_val@U?$_Tree_simple_types@U?$pair@$$CBV?$basic_string@DU?$char_traits@D@std@@V?$allocator@D@2@@std@@V12@@std@@@std@@@std@@U_Iterator_base12@2@@std@@QAEAAV01@XZ 004278c0 f i ccConfig.obj
 0002:0000ba10       ??G?$_String_const_iterator@V?$_String_val@U?$_Simple_types@D@std@@@std@@@std@@QBEHABV01@@Z 00427a10 f i ccConfig.obj
 0002:0000ba60       ??G?$_String_iterator@V?$_String_val@U?$_Simple_types@D@std@@@std@@@std@@QBEHABV?$_String_const_iterator@V?$_String_val@U?$_Simple_types@D@std@@@std@@@1@@Z 00427a60 f i ccConfig.obj
 0002:0000bb20       ??R?$less@V?$basic_string@DU?$char_traits@D@std@@V?$allocator@D@2@@std@@@std@@QBE_NABV?$basic_string@DU?$char_traits@D@std@@V?$allocator@D@2@@1@0@Z 00427b20 f i ccConfig.obj
 0002:0000bb60       ??Y?$basic_string@DU?$char_traits@D@std@@V?$allocator@D@2@@std@@QAEAAV01@ABV01@@Z 00427b60 f i ccConfig.obj
 0002:0000bba0       ??Y?$basic_string@DU?$char_traits@D@std@@V?$allocator@D@2@@std@@QAEAAV01@PBD@Z 00427ba0 f i ccConfig.obj
 0002:0000bbe0       ??_G?$pair@$$CBV?$basic_string@DU?$char_traits@D@std@@V?$allocator@D@2@@std@@V12@@std@@QAEPAXI@Z 00427be0 f i ccConfig.obj
 0002:0000bc30       ??_E_Generic_error_category@std@@UAEPAXI@Z 00427c30 f i ccConfig.obj
 0002:0000bc30       ??_G_Generic_error_category@std@@UAEPAXI@Z 00427c30 f i ccConfig.obj
 0002:0000bc80       ??_E_Iostream_error_category@std@@UAEPAXI@Z 00427c80 f i ccConfig.obj
 0002:0000bc80       ??_G_Iostream_error_category@std@@UAEPAXI@Z 00427c80 f i ccConfig.obj
 0002:0000bcd0       ??_E_System_error_category@std@@UAEPAXI@Z 00427cd0 f i ccConfig.obj
 0002:0000bcd0       ??_G_System_error_category@std@@UAEPAXI@Z 00427cd0 f i ccConfig.obj
 0002:0000bd20       ??_EccConfig@@UAEPAXI@Z    00427d20 f i ccConfig.obj
 0002:0000bd20       ??_GccConfig@@UAEPAXI@Z    00427d20 f i ccConfig.obj
 0002:0000bd70       ??_Gerror_category@std@@UAEPAXI@Z 00427d70 f i ccConfig.obj
 0002:0000bd70       ??_Eerror_category@std@@UAEPAXI@Z 00427d70 f i ccConfig.obj
 0002:0000bdc0       ?_Adopt@_Iterator_base12@std@@QAEXPBU_Container_base12@2@@Z 00427dc0 f i ccConfig.obj
 0002:0000bf70       ?_Alloc_proxy@?$_String_alloc@$0A@U?$_String_base_types@DV?$allocator@D@std@@@std@@@std@@QAEXXZ 00427f70 f i ccConfig.obj
 0002:0000c030       ?_Alloc_proxy@?$_Tree_alloc@$0A@U?$_Tree_base_types@U?$pair@$$CBV?$basic_string@DU?$char_traits@D@std@@V?$allocator@D@2@@std@@V12@@std@@V?$allocator@U?$pair@$$CBV?$basic_string@DU?$char_traits@D@std@@V?$allocator@D@2@@std@@V12@@std@@@2@@std@@@std@@QAEXXZ 00428030 f i ccConfig.obj
 0002:0000c100       ?_Assign_rv@?$basic_string@DU?$char_traits@D@std@@V?$allocator@D@2@@std@@QAEX$$QAV12@@Z 00428100 f i ccConfig.obj
 0002:0000c1d0       ?_Buyheadnode@?$_Tree_alloc@$0A@U?$_Tree_base_types@U?$pair@$$CBV?$basic_string@DU?$char_traits@D@std@@V?$allocator@D@2@@std@@V12@@std@@V?$allocator@U?$pair@$$CBV?$basic_string@DU?$char_traits@D@std@@V?$allocator@D@2@@std@@V12@@std@@@2@@std@@@std@@QAEPAU?$_Tree_node@U?$pair@$$CBV?$basic_string@DU?$char_traits@D@std@@V?$allocator@D@2@@std@@V12@@std@@PAX@2@XZ 004281d0 f i ccConfig.obj
 0002:0000c3e0       ?_Buynode0@?$_Tree_buy@U?$pair@$$CBV?$basic_string@DU?$char_traits@D@std@@V?$allocator@D@2@@std@@V12@@std@@V?$allocator@U?$pair@$$CBV?$basic_string@DU?$char_traits@D@std@@V?$allocator@D@2@@std@@V12@@std@@@2@@std@@QAEPAU?$_Tree_node@U?$pair@$$CBV?$basic_string@DU?$char_traits@D@std@@V?$allocator@D@2@@std@@V12@@std@@PAX@2@XZ 004283e0 f i ccConfig.obj
 0002:0000c5a0       ?_Change_alloc@?$_String_alloc@$0A@U?$_String_base_types@DV?$allocator@D@std@@@std@@@std@@QAEXABU?$_Wrap_alloc@V?$allocator@D@std@@@2@@Z 004285a0 f i ccConfig.obj
 0002:0000c5c0       ?_Clrcont@_Iterator_base12@std@@QAEXXZ 004285c0 f i ccConfig.obj
 0002:0000c5f0       ?_Color@?$_Tree_val@U?$_Tree_simple_types@U?$pair@$$CBV?$basic_string@DU?$char_traits@D@std@@V?$allocator@D@2@@std@@V12@@std@@@std@@@std@@SAAADPAU?$_Tree_node@U?$pair@$$CBV?$basic_string@DU?$char_traits@D@std@@V?$allocator@D@2@@std@@V12@@std@@PAX@2@@Z 004285f0 f i ccConfig.obj
 0002:0000c600       ?_Compat@?$_String_const_iterator@V?$_String_val@U?$_Simple_types@D@std@@@std@@@std@@QBEXABV12@@Z 00428600 f i ccConfig.obj
 0002:0000c700       ?_Copy@?$basic_string@DU?$char_traits@D@std@@V?$allocator@D@2@@std@@QAEXII@Z 00428700 f i ccConfig.obj
 0002:0000c980       ?_Destroy_if_not_nil@?$_Tree@V?$_Tmap_traits@V?$basic_string@DU?$char_traits@D@std@@V?$allocator@D@2@@std@@V12@U?$less@V?$basic_string@DU?$char_traits@D@std@@V?$allocator@D@2@@std@@@2@V?$allocator@U?$pair@$$CBV?$basic_string@DU?$char_traits@D@std@@V?$allocator@D@2@@std@@V12@@std@@@2@$0A@@std@@@std@@IAEXPAU?$_Tree_node@U?$pair@$$CBV?$basic_string@DU?$char_traits@D@std@@V?$allocator@D@2@@std@@V12@@std@@PAX@2@@Z 00428980 f i ccConfig.obj
 0002:0000ca10       ?_Eos@?$basic_string@DU?$char_traits@D@std@@V?$allocator@D@2@@std@@QAEXI@Z 00428a10 f i ccConfig.obj
 0002:0000ca70       ?_Erase@?$_Tree@V?$_Tmap_traits@V?$basic_string@DU?$char_traits@D@std@@V?$allocator@D@2@@std@@V12@U?$less@V?$basic_string@DU?$char_traits@D@std@@V?$allocator@D@2@@std@@@2@V?$allocator@U?$pair@$$CBV?$basic_string@DU?$char_traits@D@std@@V?$allocator@D@2@@std@@V12@@std@@@2@$0A@@std@@@std@@IAEXPAU?$_Tree_node@U?$pair@$$CBV?$basic_string@DU?$char_traits@D@std@@V?$allocator@D@2@@std@@V12@@std@@PAX@2@@Z 00428a70 f i ccConfig.obj
 0002:0000cb60       ?_Free_proxy@?$_String_alloc@$0A@U?$_String_base_types@DV?$allocator@D@std@@@std@@@std@@QAEXXZ 00428b60 f i ccConfig.obj
 0002:0000cc20       ?_Free_proxy@?$_Tree_alloc@$0A@U?$_Tree_base_types@U?$pair@$$CBV?$basic_string@DU?$char_traits@D@std@@V?$allocator@D@2@@std@@V12@@std@@V?$allocator@U?$pair@$$CBV?$basic_string@DU?$char_traits@D@std@@V?$allocator@D@2@@std@@V12@@std@@@2@@std@@@std@@QAEXXZ 00428c20 f i ccConfig.obj
 0002:0000cd00       ?_Freeheadnode@?$_Tree_alloc@$0A@U?$_Tree_base_types@U?$pair@$$CBV?$basic_string@DU?$char_traits@D@std@@V?$allocator@D@2@@std@@V12@@std@@V?$allocator@U?$pair@$$CBV?$basic_string@DU?$char_traits@D@std@@V?$allocator@D@2@@std@@V12@@std@@@2@@std@@@std@@QAEXPAU?$_Tree_node@U?$pair@$$CBV?$basic_string@DU?$char_traits@D@std@@V?$allocator@D@2@@std@@V12@@std@@PAX@2@@Z 00428d00 f i ccConfig.obj
 0002:0000cdf0       ?_Freenode0@?$_Tree_buy@U?$pair@$$CBV?$basic_string@DU?$char_traits@D@std@@V?$allocator@D@2@@std@@V12@@std@@V?$allocator@U?$pair@$$CBV?$basic_string@DU?$char_traits@D@std@@V?$allocator@D@2@@std@@V12@@std@@@2@@std@@QAEXPAU?$_Tree_node@U?$pair@$$CBV?$basic_string@DU?$char_traits@D@std@@V?$allocator@D@2@@std@@V12@@std@@PAX@2@@Z 00428df0 f i ccConfig.obj
 0002:0000cee0       ?_Getal@?$_String_alloc@$0A@U?$_String_base_types@DV?$allocator@D@std@@@std@@@std@@QBE?AU?$_Wrap_alloc@V?$allocator@D@std@@@2@XZ 00428ee0 f i ccConfig.obj
 0002:0000cf20       ?_Getal@?$_Tree_alloc@$0A@U?$_Tree_base_types@U?$pair@$$CBV?$basic_string@DU?$char_traits@D@std@@V?$allocator@D@2@@std@@V12@@std@@V?$allocator@U?$pair@$$CBV?$basic_string@DU?$char_traits@D@std@@V?$allocator@D@2@@std@@V12@@std@@@2@@std@@@std@@QBE?AU?$_Wrap_alloc@V?$allocator@U?$_Tree_node@U?$pair@$$CBV?$basic_string@DU?$char_traits@D@std@@V?$allocator@D@2@@std@@V12@@std@@PAX@std@@@std@@@2@XZ 00428f20 f i ccConfig.obj
 0002:0000cf60       ?_Getcomp@?$_Tree_comp@$0A@V?$_Tmap_traits@V?$basic_string@DU?$char_traits@D@std@@V?$allocator@D@2@@std@@V12@U?$less@V?$basic_string@DU?$char_traits@D@std@@V?$allocator@D@2@@std@@@2@V?$allocator@U?$pair@$$CBV?$basic_string@DU?$char_traits@D@std@@V?$allocator@D@2@@std@@V12@@std@@@2@$0A@@std@@@std@@QBE?AU?$less@V?$basic_string@DU?$char_traits@D@std@@V?$allocator@D@2@@std@@@2@XZ 00428f60 f i ccConfig.obj
 0002:0000cf90       ?_Getcont@_Iterator_base12@std@@QBEPBU_Container_base12@2@XZ 00428f90 f i ccConfig.obj
 0002:0000cfe0       ?_Getpnext@_Iterator_base12@std@@QAEPAPAU12@XZ 00428fe0 f i ccConfig.obj
 0002:0000d000       ?_Grow@?$basic_string@DU?$char_traits@D@std@@V?$allocator@D@2@@std@@QAE_NI_N@Z 00429000 f i ccConfig.obj
 0002:0000d100       ?_Inside@?$basic_string@DU?$char_traits@D@std@@V?$allocator@D@2@@std@@QAE_NPBD@Z 00429100 f i ccConfig.obj
 0002:0000d160       ?_Isnil@?$_Tree_val@U?$_Tree_simple_types@U?$pair@$$CBV?$basic_string@DU?$char_traits@D@std@@V?$allocator@D@2@@std@@V12@@std@@@std@@@std@@SAAADPAU?$_Tree_node@U?$pair@$$CBV?$basic_string@DU?$char_traits@D@std@@V?$allocator@D@2@@std@@V12@@std@@PAX@2@@Z 00429160 f i ccConfig.obj
 0002:0000d170       ?_Key@?$_Tree@V?$_Tmap_traits@V?$basic_string@DU?$char_traits@D@std@@V?$allocator@D@2@@std@@V12@U?$less@V?$basic_string@DU?$char_traits@D@std@@V?$allocator@D@2@@std@@@2@V?$allocator@U?$pair@$$CBV?$basic_string@DU?$char_traits@D@std@@V?$allocator@D@2@@std@@V12@@std@@@2@$0A@@std@@@std@@IBEABV?$basic_string@DU?$char_traits@D@std@@V?$allocator@D@2@@2@PAU?$_Tree_node@U?$pair@$$CBV?$basic_string@DU?$char_traits@D@std@@V?$allocator@D@2@@std@@V12@@std@@PAX@2@@Z 00429170 f i ccConfig.obj
 0002:0000d1b0       ?_Kfn@?$_Tree@V?$_Tmap_traits@V?$basic_string@DU?$char_traits@D@std@@V?$allocator@D@2@@std@@V12@U?$less@V?$basic_string@DU?$char_traits@D@std@@V?$allocator@D@2@@std@@@2@V?$allocator@U?$pair@$$CBV?$basic_string@DU?$char_traits@D@std@@V?$allocator@D@2@@std@@V12@@std@@@2@$0A@@std@@@std@@IBEABV?$basic_string@DU?$char_traits@D@std@@V?$allocator@D@2@@2@ABU?$pair@$$CBV?$basic_string@DU?$char_traits@D@std@@V?$allocator@D@2@@std@@V12@@2@@Z 004291b0 f i ccConfig.obj
 0002:0000d1f0       ?_Lbound@?$_Tree@V?$_Tmap_traits@V?$basic_string@DU?$char_traits@D@std@@V?$allocator@D@2@@std@@V12@U?$less@V?$basic_string@DU?$char_traits@D@std@@V?$allocator@D@2@@std@@@2@V?$allocator@U?$pair@$$CBV?$basic_string@DU?$char_traits@D@std@@V?$allocator@D@2@@std@@V12@@std@@@2@$0A@@std@@@std@@IAEPAU?$_Tree_node@U?$pair@$$CBV?$basic_string@DU?$char_traits@D@std@@V?$allocator@D@2@@std@@V12@@std@@PAX@2@ABV?$basic_string@DU?$char_traits@D@std@@V?$allocator@D@2@@2@@Z 004291f0 f i ccConfig.obj
 0002:0000d2e0       ?_Left@?$_Tree_val@U?$_Tree_simple_types@U?$pair@$$CBV?$basic_string@DU?$char_traits@D@std@@V?$allocator@D@2@@std@@V12@@std@@@std@@@std@@SAAAPAU?$_Tree_node@U?$pair@$$CBV?$basic_string@DU?$char_traits@D@std@@V?$allocator@D@2@@std@@V12@@std@@PAX@2@PAU32@@Z 004292e0 f i ccConfig.obj
 0002:0000d2f0       ?_Lmost@?$_Tree@V?$_Tmap_traits@V?$basic_string@DU?$char_traits@D@std@@V?$allocator@D@2@@std@@V12@U?$less@V?$basic_string@DU?$char_traits@D@std@@V?$allocator@D@2@@std@@@2@V?$allocator@U?$pair@$$CBV?$basic_string@DU?$char_traits@D@std@@V?$allocator@D@2@@std@@V12@@std@@@2@$0A@@std@@@std@@IBEAAPAU?$_Tree_node@U?$pair@$$CBV?$basic_string@DU?$char_traits@D@std@@V?$allocator@D@2@@std@@V12@@std@@PAX@2@XZ 004292f0 f i ccConfig.obj
 0002:0000d330       ?_Lrotate@?$_Tree@V?$_Tmap_traits@V?$basic_string@DU?$char_traits@D@std@@V?$allocator@D@2@@std@@V12@U?$less@V?$basic_string@DU?$char_traits@D@std@@V?$allocator@D@2@@std@@@2@V?$allocator@U?$pair@$$CBV?$basic_string@DU?$char_traits@D@std@@V?$allocator@D@2@@std@@V12@@std@@@2@$0A@@std@@@std@@IAEXPAU?$_Tree_node@U?$pair@$$CBV?$basic_string@DU?$char_traits@D@std@@V?$allocator@D@2@@std@@V12@@std@@PAX@2@@Z 00429330 f i ccConfig.obj
 0002:0000d4d0       ?_Max@?$_Tree_val@U?$_Tree_simple_types@U?$pair@$$CBV?$basic_string@DU?$char_traits@D@std@@V?$allocator@D@2@@std@@V12@@std@@@std@@@std@@SAPAU?$_Tree_node@U?$pair@$$CBV?$basic_string@DU?$char_traits@D@std@@V?$allocator@D@2@@std@@V12@@std@@PAX@2@PAU32@@Z 004294d0 f i ccConfig.obj
 0002:0000d520       ?_Min@?$_Tree_val@U?$_Tree_simple_types@U?$pair@$$CBV?$basic_string@DU?$char_traits@D@std@@V?$allocator@D@2@@std@@V12@@std@@@std@@@std@@SAPAU?$_Tree_node@U?$pair@$$CBV?$basic_string@DU?$char_traits@D@std@@V?$allocator@D@2@@std@@V12@@std@@PAX@2@PAU32@@Z 00429520 f i ccConfig.obj
 0002:0000d570       ?_Mynode@?$_Tree_unchecked_const_iterator@V?$_Tree_val@U?$_Tree_simple_types@U?$pair@$$CBV?$basic_string@DU?$char_traits@D@std@@V?$allocator@D@2@@std@@V12@@std@@@std@@@std@@U_Iterator_base12@2@@std@@QBEPAU?$_Tree_node@U?$pair@$$CBV?$basic_string@DU?$char_traits@D@std@@V?$allocator@D@2@@std@@V12@@std@@PAX@2@XZ 00429570 f i ccConfig.obj
 0002:0000d590       ?_Myptr@?$_String_val@U?$_Simple_types@D@std@@@std@@QAEPADXZ 00429590 f i ccConfig.obj
 0002:0000d600       ?_Myptr@?$_String_val@U?$_Simple_types@D@std@@@std@@QBEPBDXZ 00429600 f i ccConfig.obj
 0002:0000d670       ?_Myval@?$_Tree_val@U?$_Tree_simple_types@U?$pair@$$CBV?$basic_string@DU?$char_traits@D@std@@V?$allocator@D@2@@std@@V12@@std@@@std@@@std@@SAAAU?$pair@$$CBV?$basic_string@DU?$char_traits@D@std@@V?$allocator@D@2@@std@@V12@@2@PAU?$_Tree_node@U?$pair@$$CBV?$basic_string@DU?$char_traits@D@std@@V?$allocator@D@2@@std@@V12@@std@@PAX@2@@Z 00429670 f i ccConfig.obj
 0002:0000d680       ?_Orphan_me@_Iterator_base12@std@@QAEXXZ 00429680 f i ccConfig.obj
 0002:0000d740       ?_Orphan_ptr@?$_Tree@V?$_Tmap_traits@V?$basic_string@DU?$char_traits@D@std@@V?$allocator@D@2@@std@@V12@U?$less@V?$basic_string@DU?$char_traits@D@std@@V?$allocator@D@2@@std@@@2@V?$allocator@U?$pair@$$CBV?$basic_string@DU?$char_traits@D@std@@V?$allocator@D@2@@std@@V12@@std@@@2@$0A@@std@@@std@@IBEXAAV12@PAU?$_Tree_node@U?$pair@$$CBV?$basic_string@DU?$char_traits@D@std@@V?$allocator@D@2@@std@@V12@@std@@PAX@2@@Z 00429740 f i ccConfig.obj
 0002:0000d8c0       ?_Parent@?$_Tree_val@U?$_Tree_simple_types@U?$pair@$$CBV?$basic_string@DU?$char_traits@D@std@@V?$allocator@D@2@@std@@V12@@std@@@std@@@std@@SAAAPAU?$_Tree_node@U?$pair@$$CBV?$basic_string@DU?$char_traits@D@std@@V?$allocator@D@2@@std@@V12@@std@@PAX@2@PAU32@@Z 004298c0 f i ccConfig.obj
 0002:0000d8d0       ?_Pdif@?$basic_string@DU?$char_traits@D@std@@V?$allocator@D@2@@std@@SAIV?$_String_const_iterator@V?$_String_val@U?$_Simple_types@D@std@@@std@@@2@0@Z 004298d0 f i ccConfig.obj
 0002:0000d990       ?_Right@?$_Tree_val@U?$_Tree_simple_types@U?$pair@$$CBV?$basic_string@DU?$char_traits@D@std@@V?$allocator@D@2@@std@@V12@@std@@@std@@@std@@SAAAPAU?$_Tree_node@U?$pair@$$CBV?$basic_string@DU?$char_traits@D@std@@V?$allocator@D@2@@std@@V12@@std@@PAX@2@PAU32@@Z 00429990 f i ccConfig.obj
 0002:0000d9a0       ?_Rmost@?$_Tree@V?$_Tmap_traits@V?$basic_string@DU?$char_traits@D@std@@V?$allocator@D@2@@std@@V12@U?$less@V?$basic_string@DU?$char_traits@D@std@@V?$allocator@D@2@@std@@@2@V?$allocator@U?$pair@$$CBV?$basic_string@DU?$char_traits@D@std@@V?$allocator@D@2@@std@@V12@@std@@@2@$0A@@std@@@std@@IBEAAPAU?$_Tree_node@U?$pair@$$CBV?$basic_string@DU?$char_traits@D@std@@V?$allocator@D@2@@std@@V12@@std@@PAX@2@XZ 004299a0 f i ccConfig.obj
 0002:0000d9e0       ?_Root@?$_Tree@V?$_Tmap_traits@V?$basic_string@DU?$char_traits@D@std@@V?$allocator@D@2@@std@@V12@U?$less@V?$basic_string@DU?$char_traits@D@std@@V?$allocator@D@2@@std@@@2@V?$allocator@U?$pair@$$CBV?$basic_string@DU?$char_traits@D@std@@V?$allocator@D@2@@std@@V12@@std@@@2@$0A@@std@@@std@@IBEAAPAU?$_Tree_node@U?$pair@$$CBV?$basic_string@DU?$char_traits@D@std@@V?$allocator@D@2@@std@@V12@@std@@PAX@2@XZ 004299e0 f i ccConfig.obj
 0002:0000da20       ?_Rrotate@?$_Tree@V?$_Tmap_traits@V?$basic_string@DU?$char_traits@D@std@@V?$allocator@D@2@@std@@V12@U?$less@V?$basic_string@DU?$char_traits@D@std@@V?$allocator@D@2@@std@@@2@V?$allocator@U?$pair@$$CBV?$basic_string@DU?$char_traits@D@std@@V?$allocator@D@2@@std@@V12@@std@@@2@$0A@@std@@@std@@IAEXPAU?$_Tree_node@U?$pair@$$CBV?$basic_string@DU?$char_traits@D@std@@V?$allocator@D@2@@std@@V12@@std@@PAX@2@@Z 00429a20 f i ccConfig.obj
 0002:0000dbc0       ?_Tidy@?$_Tree@V?$_Tmap_traits@V?$basic_string@DU?$char_traits@D@std@@V?$allocator@D@2@@std@@V12@U?$less@V?$basic_string@DU?$char_traits@D@std@@V?$allocator@D@2@@std@@@2@V?$allocator@U?$pair@$$CBV?$basic_string@DU?$char_traits@D@std@@V?$allocator@D@2@@std@@V12@@std@@@2@$0A@@std@@@std@@IAEXXZ 00429bc0 f i ccConfig.obj
 0002:0000dcf0       ?_Tidy@?$basic_string@DU?$char_traits@D@std@@V?$allocator@D@2@@std@@QAEX_NI@Z 00429cf0 f i ccConfig.obj
 0002:0000ddf0       ?_Xlen@?$basic_string@DU?$char_traits@D@std@@V?$allocator@D@2@@std@@QBEXXZ 00429df0 f i ccConfig.obj
 0002:0000de30       ?_Xran@?$basic_string@DU?$char_traits@D@std@@V?$allocator@D@2@@std@@QBEXXZ 00429e30 f i ccConfig.obj
 0002:0000de70       ?allocate@?$_Wrap_alloc@V?$allocator@D@std@@@std@@QAEPADI@Z 00429e70 f i ccConfig.obj
 0002:0000deb0       ?allocate@?$_Wrap_alloc@V?$allocator@U?$_Tree_node@U?$pair@$$CBV?$basic_string@DU?$char_traits@D@std@@V?$allocator@D@2@@std@@V12@@std@@PAX@std@@@std@@@std@@QAEPAU?$_Tree_node@U?$pair@$$CBV?$basic_string@DU?$char_traits@D@std@@V?$allocator@D@2@@std@@V12@@std@@PAX@2@I@Z 00429eb0 f i ccConfig.obj
 0002:0000def0       ?allocate@?$_Wrap_alloc@V?$allocator@U_Container_proxy@std@@@std@@@std@@QAEPAU_Container_proxy@2@I@Z 00429ef0 f i ccConfig.obj
 0002:0000df30       ?allocate@?$allocator@D@std@@QAEPADI@Z 00429f30 f i ccConfig.obj
 0002:0000df70       ?allocate@?$allocator@U?$_Tree_node@U?$pair@$$CBV?$basic_string@DU?$char_traits@D@std@@V?$allocator@D@2@@std@@V12@@std@@PAX@std@@@std@@QAEPAU?$_Tree_node@U?$pair@$$CBV?$basic_string@DU?$char_traits@D@std@@V?$allocator@D@2@@std@@V12@@std@@PAX@2@I@Z 00429f70 f i ccConfig.obj
 0002:0000dfb0       ?allocate@?$allocator@U_Container_proxy@std@@@std@@QAEPAU_Container_proxy@2@I@Z 00429fb0 f i ccConfig.obj
 0002:0000dff0       ?append@?$basic_string@DU?$char_traits@D@std@@V?$allocator@D@2@@std@@QAEAAV12@ABV12@@Z 00429ff0 f i ccConfig.obj
 0002:0000e030       ?append@?$basic_string@DU?$char_traits@D@std@@V?$allocator@D@2@@std@@QAEAAV12@ABV12@II@Z 0042a030 f i ccConfig.obj
 0002:0000e130       ?append@?$basic_string@DU?$char_traits@D@std@@V?$allocator@D@2@@std@@QAEAAV12@PBD@Z 0042a130 f i ccConfig.obj
 0002:0000e190       ?append@?$basic_string@DU?$char_traits@D@std@@V?$allocator@D@2@@std@@QAEAAV12@PBDI@Z 0042a190 f i ccConfig.obj
 0002:0000e2b0       ?assign@?$basic_string@DU?$char_traits@D@std@@V?$allocator@D@2@@std@@QAEAAV12@ABV12@@Z 0042a2b0 f i ccConfig.obj
 0002:0000e2f0       ?assign@?$basic_string@DU?$char_traits@D@std@@V?$allocator@D@2@@std@@QAEAAV12@ABV12@II@Z 0042a2f0 f i ccConfig.obj
 0002:0000e3f0       ?assign@?$basic_string@DU?$char_traits@D@std@@V?$allocator@D@2@@std@@QAEAAV12@PBD@Z 0042a3f0 f i ccConfig.obj
 0002:0000e450       ?assign@?$basic_string@DU?$char_traits@D@std@@V?$allocator@D@2@@std@@QAEAAV12@PBDI@Z 0042a450 f i ccConfig.obj
 0002:0000e530       ?assign@?$char_traits@D@std@@SAXAADABD@Z 0042a530 f i ccConfig.obj
 0002:0000e550       ?begin@?$_Tree@V?$_Tmap_traits@V?$basic_string@DU?$char_traits@D@std@@V?$allocator@D@2@@std@@V12@U?$less@V?$basic_string@DU?$char_traits@D@std@@V?$allocator@D@2@@std@@@2@V?$allocator@U?$pair@$$CBV?$basic_string@DU?$char_traits@D@std@@V?$allocator@D@2@@std@@V12@@std@@@2@$0A@@std@@@std@@QAE?AV?$_Tree_iterator@V?$_Tree_val@U?$_Tree_simple_types@U?$pair@$$CBV?$basic_string@DU?$char_traits@D@std@@V?$allocator@D@2@@std@@V12@@std@@@std@@@std@@@2@XZ 0042a550 f i ccConfig.obj
 0002:0000e5a0       ?begin@?$basic_string@DU?$char_traits@D@std@@V?$allocator@D@2@@std@@QAE?AV?$_String_iterator@V?$_String_val@U?$_Simple_types@D@std@@@std@@@2@XZ 0042a5a0 f i ccConfig.obj
 0002:0000e5f0       ?c_str@?$basic_string@DU?$char_traits@D@std@@V?$allocator@D@2@@std@@QBEPBDXZ 0042a5f0 f i ccConfig.obj
 0002:0000e620       ?category@error_code@std@@QBEABVerror_category@2@XZ 0042a620 f i ccConfig.obj
 0002:0000e640       ?category@error_condition@std@@QBEABVerror_category@2@XZ 0042a640 f i ccConfig.obj
 0002:0000e660       ?clear@?$_Tree@V?$_Tmap_traits@V?$basic_string@DU?$char_traits@D@std@@V?$allocator@D@2@@std@@V12@U?$less@V?$basic_string@DU?$char_traits@D@std@@V?$allocator@D@2@@std@@@2@V?$allocator@U?$pair@$$CBV?$basic_string@DU?$char_traits@D@std@@V?$allocator@D@2@@std@@V12@@std@@@2@$0A@@std@@@std@@QAEXXZ 0042a660 f i ccConfig.obj
 0002:0000e700       ?compare@?$basic_string@DU?$char_traits@D@std@@V?$allocator@D@2@@std@@QBEHABV12@@Z 0042a700 f i ccConfig.obj
 0002:0000e760       ?compare@?$basic_string@DU?$char_traits@D@std@@V?$allocator@D@2@@std@@QBEHIIPBDI@Z 0042a760 f i ccConfig.obj
 0002:0000e8a0       ?compare@?$basic_string@DU?$char_traits@D@std@@V?$allocator@D@2@@std@@QBEHPBD@Z 0042a8a0 f i ccConfig.obj
 0002:0000e910       ?compare@?$char_traits@D@std@@SAHPBD0I@Z 0042a910 f i ccConfig.obj
 0002:0000e970       ?copy@?$char_traits@D@std@@SAPADPADPBDI@Z 0042a970 f i ccConfig.obj
 0002:0000e9d0       ?deallocate@?$_Wrap_alloc@V?$allocator@D@std@@@std@@QAEXPADI@Z 0042a9d0 f i ccConfig.obj
 0002:0000ea10       ?deallocate@?$_Wrap_alloc@V?$allocator@U?$_Tree_node@U?$pair@$$CBV?$basic_string@DU?$char_traits@D@std@@V?$allocator@D@2@@std@@V12@@std@@PAX@std@@@std@@@std@@QAEXPAU?$_Tree_node@U?$pair@$$CBV?$basic_string@DU?$char_traits@D@std@@V?$allocator@D@2@@std@@V12@@std@@PAX@2@I@Z 0042aa10 f i ccConfig.obj
 0002:0000ea50       ?deallocate@?$_Wrap_alloc@V?$allocator@U_Container_proxy@std@@@std@@@std@@QAEXPAU_Container_proxy@2@I@Z 0042aa50 f i ccConfig.obj
 0002:0000ea90       ?deallocate@?$allocator@D@std@@QAEXPADI@Z 0042aa90 f i ccConfig.obj
 0002:0000ead0       ?deallocate@?$allocator@U?$_Tree_node@U?$pair@$$CBV?$basic_string@DU?$char_traits@D@std@@V?$allocator@D@2@@std@@V12@@std@@PAX@std@@@std@@QAEXPAU?$_Tree_node@U?$pair@$$CBV?$basic_string@DU?$char_traits@D@std@@V?$allocator@D@2@@std@@V12@@std@@PAX@2@I@Z 0042aad0 f i ccConfig.obj
 0002:0000eb10       ?deallocate@?$allocator@U_Container_proxy@std@@@std@@QAEXPAU_Container_proxy@2@I@Z 0042ab10 f i ccConfig.obj
 0002:0000eb50       ?default_error_condition@_System_error_category@std@@UBE?AVerror_condition@2@H@Z 0042ab50 f i ccConfig.obj
 0002:0000ebe0       ?default_error_condition@error_category@std@@UBE?AVerror_condition@2@H@Z 0042abe0 f i ccConfig.obj
 0002:0000ec20       ?end@?$_Tree@V?$_Tmap_traits@V?$basic_string@DU?$char_traits@D@std@@V?$allocator@D@2@@std@@V12@U?$less@V?$basic_string@DU?$char_traits@D@std@@V?$allocator@D@2@@std@@@2@V?$allocator@U?$pair@$$CBV?$basic_string@DU?$char_traits@D@std@@V?$allocator@D@2@@std@@V12@@std@@@2@$0A@@std@@@std@@QAE?AV?$_Tree_iterator@V?$_Tree_val@U?$_Tree_simple_types@U?$pair@$$CBV?$basic_string@DU?$char_traits@D@std@@V?$allocator@D@2@@std@@V12@@std@@@std@@@std@@@2@XZ 0042ac20 f i ccConfig.obj
 0002:0000ec70       ?end@?$basic_string@DU?$char_traits@D@std@@V?$allocator@D@2@@std@@QAE?AV?$_String_iterator@V?$_String_val@U?$_Simple_types@D@std@@@std@@@2@XZ 0042ac70 f i ccConfig.obj
 0002:0000ecc0       ?equivalent@error_category@std@@UBE_NABVerror_code@2@H@Z 0042acc0 f i ccConfig.obj
 0002:0000ed40       ?equivalent@error_category@std@@UBE_NHABVerror_condition@2@@Z 0042ad40 f i ccConfig.obj
 0002:0000edb0       ?erase@?$_Tree@V?$_Tmap_traits@V?$basic_string@DU?$char_traits@D@std@@V?$allocator@D@2@@std@@V12@U?$less@V?$basic_string@DU?$char_traits@D@std@@V?$allocator@D@2@@std@@@2@V?$allocator@U?$pair@$$CBV?$basic_string@DU?$char_traits@D@std@@V?$allocator@D@2@@std@@V12@@std@@@2@$0A@@std@@@std@@QAE?AV?$_Tree_iterator@V?$_Tree_val@U?$_Tree_simple_types@U?$pair@$$CBV?$basic_string@DU?$char_traits@D@std@@V?$allocator@D@2@@std@@V12@@std@@@std@@@std@@@2@V?$_Tree_const_iterator@V?$_Tree_val@U?$_Tree_simple_types@U?$pair@$$CBV?$basic_string@DU?$char_traits@D@std@@V?$allocator@D@2@@std@@V12@@std@@@std@@@std@@@2@0@Z 0042adb0 f i ccConfig.obj
 0002:0000f030       ?erase@?$_Tree@V?$_Tmap_traits@V?$basic_string@DU?$char_traits@D@std@@V?$allocator@D@2@@std@@V12@U?$less@V?$basic_string@DU?$char_traits@D@std@@V?$allocator@D@2@@std@@@2@V?$allocator@U?$pair@$$CBV?$basic_string@DU?$char_traits@D@std@@V?$allocator@D@2@@std@@V12@@std@@@2@$0A@@std@@@std@@QAE?AV?$_Tree_iterator@V?$_Tree_val@U?$_Tree_simple_types@U?$pair@$$CBV?$basic_string@DU?$char_traits@D@std@@V?$allocator@D@2@@std@@V12@@std@@@std@@@std@@@2@V?$_Tree_const_iterator@V?$_Tree_val@U?$_Tree_simple_types@U?$pair@$$CBV?$basic_string@DU?$char_traits@D@std@@V?$allocator@D@2@@std@@V12@@std@@@std@@@std@@@2@@Z 0042b030 f i ccConfig.obj
 0002:0000fa90       ?erase@?$basic_string@DU?$char_traits@D@std@@V?$allocator@D@2@@std@@QAEAAV12@I@Z 0042ba90 f i ccConfig.obj
 0002:0000fae0       ?erase@?$basic_string@DU?$char_traits@D@std@@V?$allocator@D@2@@std@@QAEAAV12@II@Z 0042bae0 f i ccConfig.obj
 0002:0000fbb0       ?find@?$_Tree@V?$_Tmap_traits@V?$basic_string@DU?$char_traits@D@std@@V?$allocator@D@2@@std@@V12@U?$less@V?$basic_string@DU?$char_traits@D@std@@V?$allocator@D@2@@std@@@2@V?$allocator@U?$pair@$$CBV?$basic_string@DU?$char_traits@D@std@@V?$allocator@D@2@@std@@V12@@std@@@2@$0A@@std@@@std@@QAE?AV?$_Tree_iterator@V?$_Tree_val@U?$_Tree_simple_types@U?$pair@$$CBV?$basic_string@DU?$char_traits@D@std@@V?$allocator@D@2@@std@@V12@@std@@@std@@@std@@@2@ABV?$basic_string@DU?$char_traits@D@std@@V?$allocator@D@2@@2@@Z 0042bbb0 f i ccConfig.obj
 0002:0000fe20       ?generic_category@std@@YAABVerror_category@1@XZ 0042be20 f i ccConfig.obj
 0002:0000fe30       ?length@?$char_traits@D@std@@SAIPBD@Z 0042be30 f i ccConfig.obj
 0002:0000fe80       ?lower_bound@?$_Tree@V?$_Tmap_traits@V?$basic_string@DU?$char_traits@D@std@@V?$allocator@D@2@@std@@V12@U?$less@V?$basic_string@DU?$char_traits@D@std@@V?$allocator@D@2@@std@@@2@V?$allocator@U?$pair@$$CBV?$basic_string@DU?$char_traits@D@std@@V?$allocator@D@2@@std@@V12@@std@@@2@$0A@@std@@@std@@QAE?AV?$_Tree_iterator@V?$_Tree_val@U?$_Tree_simple_types@U?$pair@$$CBV?$basic_string@DU?$char_traits@D@std@@V?$allocator@D@2@@std@@V12@@std@@@std@@@std@@@2@ABV?$basic_string@DU?$char_traits@D@std@@V?$allocator@D@2@@2@@Z 0042be80 f i ccConfig.obj
 0002:0000fef0       ?max_size@?$_Tree@V?$_Tmap_traits@V?$basic_string@DU?$char_traits@D@std@@V?$allocator@D@2@@std@@V12@U?$less@V?$basic_string@DU?$char_traits@D@std@@V?$allocator@D@2@@std@@@2@V?$allocator@U?$pair@$$CBV?$basic_string@DU?$char_traits@D@std@@V?$allocator@D@2@@std@@V12@@std@@@2@$0A@@std@@@std@@QBEIXZ 0042bef0 f i ccConfig.obj
 0002:0000ff40       ?max_size@?$_Wrap_alloc@V?$allocator@D@std@@@std@@QBEIXZ 0042bf40 f i ccConfig.obj
 0002:0000ff80       ?max_size@?$_Wrap_alloc@V?$allocator@U?$_Tree_node@U?$pair@$$CBV?$basic_string@DU?$char_traits@D@std@@V?$allocator@D@2@@std@@V12@@std@@PAX@std@@@std@@@std@@QBEIXZ 0042bf80 f i ccConfig.obj
 0002:0000ffc0       ?max_size@?$allocator@D@std@@QBEIXZ 0042bfc0 f i ccConfig.obj
 0002:0000ffe0       ?max_size@?$allocator@U?$_Tree_node@U?$pair@$$CBV?$basic_string@DU?$char_traits@D@std@@V?$allocator@D@2@@std@@V12@@std@@PAX@std@@@std@@QBEIXZ 0042bfe0 f i ccConfig.obj
 0002:00010000       ?max_size@?$allocator_traits@V?$allocator@D@std@@@std@@SAIABV?$allocator@D@2@@Z 0042c000 f i ccConfig.obj
 0002:00010020       ?max_size@?$allocator_traits@V?$allocator@U?$_Tree_node@U?$pair@$$CBV?$basic_string@DU?$char_traits@D@std@@V?$allocator@D@2@@std@@V12@@std@@PAX@std@@@std@@@std@@SAIABV?$allocator@U?$_Tree_node@U?$pair@$$CBV?$basic_string@DU?$char_traits@D@std@@V?$allocator@D@2@@std@@V12@@std@@PAX@std@@@2@@Z 0042c020 f i ccConfig.obj
 0002:00010040       ?max_size@?$basic_string@DU?$char_traits@D@std@@V?$allocator@D@2@@std@@QBEIXZ 0042c040 f i ccConfig.obj
 0002:000100b0       ?message@_Generic_error_category@std@@UBE?AV?$basic_string@DU?$char_traits@D@std@@V?$allocator@D@2@@2@H@Z 0042c0b0 f i ccConfig.obj
 0002:00010150       ?message@_Iostream_error_category@std@@UBE?AV?$basic_string@DU?$char_traits@D@std@@V?$allocator@D@2@@2@H@Z 0042c150 f i ccConfig.obj
 0002:000101e0       ?message@_System_error_category@std@@UBE?AV?$basic_string@DU?$char_traits@D@std@@V?$allocator@D@2@@2@H@Z 0042c1e0 f i ccConfig.obj
 0002:00010280       ?move@?$char_traits@D@std@@SAPADPADPBDI@Z 0042c280 f i ccConfig.obj
 0002:000102e0       ?name@_Generic_error_category@std@@UBEPBDXZ 0042c2e0 f i ccConfig.obj
 0002:00010300       ?name@_Iostream_error_category@std@@UBEPBDXZ 0042c300 f i ccConfig.obj
 0002:00010320       ?name@_System_error_category@std@@UBEPBDXZ 0042c320 f i ccConfig.obj
 0002:00010340       ?pointer_to@?$pointer_traits@PAU?$pair@$$CBV?$basic_string@DU?$char_traits@D@std@@V?$allocator@D@2@@std@@V12@@std@@@std@@SAPAU?$pair@$$CBV?$basic_string@DU?$char_traits@D@std@@V?$allocator@D@2@@std@@V12@@2@AAU32@@Z 0042c340 f i ccConfig.obj
 0002:00010360       ?replace@?$basic_string@DU?$char_traits@D@std@@V?$allocator@D@2@@std@@QAEAAV12@IIABV12@II@Z 0042c360 f i ccConfig.obj
 0002:000106f0       ?replace@?$basic_string@DU?$char_traits@D@std@@V?$allocator@D@2@@std@@QAEAAV12@IIPBDI@Z 0042c6f0 f i ccConfig.obj
 0002:00010900       ?replace@?$basic_string@DU?$char_traits@D@std@@V?$allocator@D@2@@std@@QAEAAV12@V?$_String_const_iterator@V?$_String_val@U?$_Simple_types@D@std@@@std@@@2@0V?$_String_iterator@V?$_String_val@U?$_Simple_types@D@std@@@std@@@2@1@Z 0042c900 f i ccConfig.obj
 0002:00010c00       ?reserve@?$basic_string@DU?$char_traits@D@std@@V?$allocator@D@2@@std@@QAEXI@Z 0042cc00 f i ccConfig.obj
 0002:00010c80       ?select_on_container_copy_construction@?$_Wrap_alloc@V?$allocator@D@std@@@std@@QBE?AU12@XZ 0042cc80 f i ccConfig.obj
 0002:00010ce0       ?select_on_container_copy_construction@?$allocator@D@std@@QBE?AV12@XZ 0042cce0 f i ccConfig.obj
 0002:00010d20       ?select_on_container_copy_construction@?$allocator_traits@V?$allocator@D@std@@@std@@SA?AV?$allocator@D@2@ABV32@@Z 0042cd20 f i ccConfig.obj
 0002:00010d50       ?size@?$basic_string@DU?$char_traits@D@std@@V?$allocator@D@2@@std@@QBEIXZ 0042cd50 f i ccConfig.obj
 0002:00010d70       ?strchr@@YAPADPADH@Z       0042cd70 f i ccConfig.obj
 0002:00010db0       ?system_category@std@@YAABVerror_category@1@XZ 0042cdb0 f i ccConfig.obj
 0002:00010dc0       ?value@error_code@std@@QBEHXZ 0042cdc0 f i ccConfig.obj
 0002:00010de0       ?value@error_condition@std@@QBEHXZ 0042cde0 f i ccConfig.obj
 0002:00010e00       _hypot                     0042ce00 f i ccConfig.obj
 0002:00010e50       ?GRAbout_AboutDialogProc@@YGHPAUHWND__@@GGJ@Z 0042ce50 f   GRABOUT.obj
 0002:00010fd0       ?GRAbout_About@@YAXXZ      0042cfd0 f   GRABOUT.obj
 0002:00011080       ?GRAdrienne_Interrogate@@YAHH@Z 0042d080 f   GRADRIEN.obj
 0002:00011180       ?GRAdrienne_Connect@@YAHHH@Z 0042d180 f   GRADRIEN.obj
 0002:000112d0       ?GRAdrienne_DataIn@@YAXHE@Z 0042d2d0 f   GRADRIEN.obj
 0002:000113b0       ?GRAdrienne_Decode@@YAXH@Z 0042d3b0 f   GRADRIEN.obj
 0002:00011450       ?GRAdrienne_BufferClear@@YAXH@Z 0042d450 f   GRADRIEN.obj
 0002:000115a0       ?GRBbcRcp_Interrogate@@YAHH@Z 0042d5a0 f   GRBBCRCP.obj
 0002:00011660       ?GRBbcRcp_Connect@@YAHHH@Z 0042d660 f   GRBBCRCP.obj
 0002:00011750       ?GRBbcRcp_DataIn@@YAXHE@Z  0042d750 f   GRBBCRCP.obj
 0002:000119c0       ?GRBbcRcp_Decode@@YAXPADH@Z 0042d9c0 f   GRBBCRCP.obj
 0002:00011bb0       ?GRBbcRcp_SplitRevertive@@YAHPADQAY0M@D@Z 0042dbb0 f   GRBBCRCP.obj
 0002:00011ed0       ?GRBtsAsc_Interrogate@@YAHH@Z 0042ded0 f   GRBTSASC.obj
 0002:00011fe0       ?GRBtsAsc_Connect@@YAHHH@Z 0042dfe0 f   GRBTSASC.obj
 0002:000120e0       ?GRBtsAsc_DataIn@@YAXHE@Z  0042e0e0 f   GRBTSASC.obj
 0002:00012350       ?GRBtsAsc_Decode@@YAXPADH@Z 0042e350 f   GRBTSASC.obj
 0002:00012620       ?GRBtsEs_Init@@YAHXZ       0042e620 f   GRBTSES.obj
 0002:00012820       ?GRBtsEs_Init2@@YAHXZ      0042e820 f   GRBTSES.obj
 0002:00012950       ?GRBtsEs_StartUpChk@@YAXXZ 0042e950 f   GRBTSES.obj
 0002:00012990       ?GRBtsEs_Connect@@YAHHH@Z  0042e990 f   GRBTSES.obj
 0002:00012ba0       ?GRBtsEs_ACK@@YAXH@Z       0042eba0 f   GRBTSES.obj
 0002:00012c30       ?GRBtsEs_DataIn@@YAXHE@Z   0042ec30 f   GRBTSES.obj
 0002:00012e20       ?GRBtsEs_Decode@@YAXH@Z    0042ee20 f   GRBTSES.obj
 0002:000130a0       ?GRBtsEs_GetCheckSum@@YAEPADH@Z 0042f0a0 f   GRBTSES.obj
 0002:000133e0       ?GRCmd_RouterConnect@@YAHPAD_N@Z 0042f3e0 f   GRCMD.obj
 0002:00013ad0       ?GRCmd_RouterFile@@YAHPAD@Z 0042fad0 f   GRCMD.obj
 0002:00013b90       ?GRCmd_RouterLock@@YAHPAD@Z 0042fb90 f   GRCMD.obj
 0002:00013d10       ?GRCmd_RouterModify@@YAHPAD@Z 0042fd10 f   GRCMD.obj
 0002:00013fd0       ?GRCmd_RouterPoll@@YAHPAD@Z 0042ffd0 f   GRCMD.obj
 0002:000140e0       ?GRCmd_RouterQuery@@YAHPAD@Z 004300e0 f   GRCMD.obj
 0002:000141f0       ?GRCmd_Debug@@YAXHH@Z      004301f0 f   GRCMD.obj
 0002:00014750       ?GRComSup_Init@@YAXXZ      00430750 f   Grcomsup.obj
 0002:00014860       ?GRComSup_OpenComm@@YAPAXHH@Z 00430860 f   Grcomsup.obj
 0002:00014a20       ?GRComSup_Closedown@@YAXXZ 00430a20 f   Grcomsup.obj
 0002:00014a80       ?GRComSup_SendData@@YAXHPAEH@Z 00430a80 f   Grcomsup.obj
 0002:00014ca0       ?GRComSup_ClockDataIn@@YAXG@Z 00430ca0 f   Grcomsup.obj
 0002:00014f10       ?GRComSup_IdToPort@@YAHH@Z 00430f10 f   Grcomsup.obj
 0002:00014f70       ?GRComSup_FlagError@@YAXH@Z 00430f70 f   Grcomsup.obj
 0002:00015110       ?GRComSup_DestToPort@@YAHH@Z 00431110 f   Grcomsup.obj
 0002:00015400       ?GRCox_Interrogate@@YAHH@Z 00431400 f   GRCOX.obj
 0002:000156c0       ?GRCox_Connect@@YAHHH@Z    004316c0 f   GRCOX.obj
 0002:00015900       ?GRCox_GetCheckSum@@YAEPADH@Z 00431900 f   GRCOX.obj
 0002:00015ae0       ?CSISup_Link@@YAHXZ        00431ae0 f   GRCSISUP.obj
 0002:00015ca0       ?CSISup_Init@@YAHXZ        00431ca0 f   GRCSISUP.obj
 0002:00015ea0       ?CSISup_Closedown@@YAXXZ   00431ea0 f   GRCSISUP.obj
 0002:00015ee0       ?CSISup_AssertTxRxMode@@YAHI@Z 00431ee0 f   GRCSISUP.obj
 0002:00015fd0       ?CSISup_DisplayTxRxMode@@YAXI@Z 00431fd0 f   GRCSISUP.obj
 0002:00016250       ?CSISup_TxRevertive@@YAXHHHH@Z 00432250 f   GRCSISUP.obj
 0002:000169b0       ?GRDialog_DialogProc@@YGJPAUHWND__@@IIJ@Z 004329b0 f   GRDIALOG.obj
 0002:00017040       ?GRDialog_DialogProc_ext@@YGJPAUHWND__@@IIJ@Z 00433040 f   GRDIALOG.obj
 0002:00017730       ?GRDialog_Init@@YAXXZ      00433730 f   GRDIALOG.obj
 0002:00017990       ?GRDialog_InitDialog@@YAXXZ 00433990 f   GRDIALOG.obj
 0002:00017e40       ?GRDialog_Closedown@@YAXXZ 00433e40 f   GRDIALOG.obj
 0002:00017ef0       ?GRDialog_SourceSelected@@YAXXZ 00433ef0 f   GRDIALOG.obj
 0002:00017fc0       ?GRDialog_DestSelected@@YAXXZ 00433fc0 f   GRDIALOG.obj
 0002:000180c0       ?GRDialog_Enable@@YAXXZ    004340c0 f   GRDIALOG.obj
 0002:00018100       ?GRDialog_EnableBtn@@YAXXZ 00434100 f   GRDIALOG.obj
 0002:000181f0       ?GRDialog_EnableKeys@@YAX_N@Z 004341f0 f   GRDIALOG.obj
 0002:00018500       ?GRDialog_Take@@YAXXZ      00434500 f   GRDIALOG.obj
 0002:00018730       ?GRDialog_Update@@YAXXZ    00434730 f   GRDIALOG.obj
 0002:00018a40       ?GRDialog_Tally@@YAXXZ     00434a40 f   GRDIALOG.obj
 0002:00018ea0       ?GRDialog_ToggleLock@@YAXXZ 00434ea0 f   GRDIALOG.obj
 0002:00018fb0       ?GRDialog_RevDelayUpdate@@YAXXZ 00434fb0 f   GRDIALOG.obj
 0002:00019030       ?GRDialog_FillSourceBox@@YAXXZ 00435030 f   GRDIALOG.obj
 0002:00019280       ?GRDialog_FillDestBox@@YAXXZ 00435280 f   GRDIALOG.obj
 0002:000194b0       ?GRDialog_ClearErrors@@YAXXZ 004354b0 f   GRDIALOG.obj
 0002:00019530       ?GRDialog_Arrange@@YAX_N@Z 00435530 f   GRDIALOG.obj
 0002:000198b0       ?GRDialog_ShowVirtuals@@YAXXZ 004358b0 f   GRDIALOG.obj
 0002:000199b0       ?GRDialog_SourceHold@@YAXXZ 004359b0 f   GRDIALOG.obj
 0002:00019b00       ?GRDialog_SourceHoldBtn@@YAXXZ 00435b00 f   GRDIALOG.obj
 0002:00019be0       ?GRDialog_Reset@@YAXXZ     00435be0 f   GRDIALOG.obj
 0002:00019c70       ?GRDialog_Park@@YAXXZ      00435c70 f   GRDIALOG.obj
 0002:00019c90       ?GRDialog_ParkBtn@@YAXXZ   00435c90 f   GRDIALOG.obj
 0002:00019e80       ?GRDialog_Undo@@YAXXZ      00435e80 f   GRDIALOG.obj
 0002:00019ea0       ?GRDialog_SmallScreenMode@@YAXXZ 00435ea0 f   GRDIALOG.obj
 0002:00019f90       ?SaveGUIPos@@YAXXZ         00435f90 f   GRDIALOG.obj
 0002:0001a010       ?WriteGUIPos@@YAXPBD@Z     00436010 f   GRDIALOG.obj
 0002:0001a230       ?LoadGUIPos@@YAXPBDHH_N1@Z 00436230 f   GRDIALOG.obj
 0002:0001a480       ?getPadding@@YAX_NAAH1QBD@Z 00436480 f   GRDIALOG.obj
 0002:0001a5a0       ?setResizable@@YAXPAUHWND__@@_N@Z 004365a0 f   GRDIALOG.obj
 0002:0001a620       ?GRDialog_ArrangeStatusOnly@@YAX_N@Z 00436620 f   GRDIALOG.obj
 0002:0001b750       ?GRExt_Connect@@YAXHH@Z    00437750 f   GREXT.obj
 0002:0001b790       ?GRExt_GetDest@@YAHH@Z     00437790 f   GREXT.obj
 0002:0001b7e0       ?GRExt_SetDest@@YAXIJE@Z   004377e0 f   GREXT.obj
 0002:0001b880       ?GRExt_SendUserStr@@YAXPAD@Z 00437880 f   GREXT.obj
 0002:0001b8d0       ?GRExt_RouteInternal@@YAXHH@Z 004378d0 f   GREXT.obj
 0002:0001ba00       ?FwdBuff_Init@@YAXXZ       00437a00 f   GRFWDBUF.obj
 0002:0001ba90       ?FwdBuff_Write@@YAXPAD@Z   00437a90 f   GRFWDBUF.obj
 0002:0001bb10       ?FwdBuff_Read@@YAXXZ       00437b10 f   GRFWDBUF.obj
 0002:0001bc50       ?GRIdxfu_ReadIndex@@YAXXZ  00437c50 f   GRIDXFU.obj
 0002:0001bea0       ?GRIdxfu_WriteIndex@@YAXXZ 00437ea0 f   GRIDXFU.obj
 0002:0001c0b0       ?GRIdxfu_ReadLockFile@@YAXXZ 004380b0 f   GRIDXFU.obj
 0002:0001c220       ?GRIdxfu_WriteLockFile@@YAXXZ 00438220 f   GRIDXFU.obj
 0002:0001c560       ?GRLeitch_Interrogate@@YAHH@Z 00438560 f   GRLEITCH.obj
 0002:0001c690       ?GRLeitch_Connect@@YAHHH@Z 00438690 f   GRLEITCH.obj
 0002:0001c7d0       ?GRLeitch_DataIn@@YAXHE@Z  004387d0 f   GRLEITCH.obj
 0002:0001c900       ?GRLeitch_Decode@@YAXH@Z   00438900 f   GRLEITCH.obj
 0002:0001ce40       ?strstr@@YAPADPADPBD@Z     00438e40 f i GRLEITCH.obj
 0002:0001ce80       _WinMain@16                00438e80 f   GRMAIN.obj
 0002:0001d010       ?InitApplication@@YAHPAUHINSTANCE__@@@Z 00439010 f   GRMAIN.obj
 0002:0001d0f0       ?InitInstance@@YAHPAUHINSTANCE__@@H@Z 004390f0 f   GRMAIN.obj
 0002:0001d230       ?MainWndProc@@YGJPAUHWND__@@IIJ@Z 00439230 f   GRMAIN.obj
[...]
 0004:00063524       ?iEnvType@@3HA             004c4524     PROFILE.obj
 0004:00064fe8       _hGPortInfo                004c5fe8     com32cmdb:Comms.obj
 0004:000650b0       ?pHtmlHelpW@@3P6GPAUHWND__@@PAU1@PBGIK@ZA 004c60b0     htmlhelp:init.obj
 0004:000650b4       ?pHtmlHelpA@@3P6GPAUHWND__@@PAU1@PBDIK@ZA 004c60b4     htmlhelp:init.obj
 0004:00065480       ?wsprintffp@@3P6AHPADPBDZZA 004c6480     MSVCRTD:error.obj
 0004:000654c0       __commode                  004c64c0     MSVCRTD:xncommod.obj
 0004:000654c4       __dowildcard               004c64c4     MSVCRTD:wildcard.obj
 0004:000654c8       __newmode                  004c64c8     MSVCRTD:_newmode.obj
 0004:000654cc       __fmode                    004c64cc     MSVCRTD:xtxtmode.obj
 0004:000654e0       _iBTR                      004c64e0     <common>
 0004:00065ac0       _szODS                     004c6ac0     <common>
 0004:00065bc0       _bReading                  004c6bc0     <common>
 0004:00065fc0       ___native_startup_lock     004c6fc0     <common>
 0004:00065fd0       ___native_startup_state    004c6fd0     <common>
 0004:00065fd4       ___dyn_tls_init_callback   004c6fd4     <common>
 0004:00065fe4       ___onexitend               004c6fe4     <common>
 0004:00065ff4       ___onexitbegin             004c6ff4     <common>
 0005:00000000       __imp__RegCloseKey@4       004c7000     advapi32:ADVAPI32.dll
 0005:00000004       __imp__RegQueryValueExA@24 004c7004     advapi32:ADVAPI32.dll
 0005:00000008       __imp__RegOpenKeyExA@20    004c7008     advapi32:ADVAPI32.dll
 0005:0000000c       \177ADVAPI32_NULL_THUNK_DATA 004c700c     advapi32:ADVAPI32.dll
 0005:00000038       __imp__BNCS32RxMessage     004c7038     bncsif32db:BNCSIF32db.dll
 0005:0000003c       __imp__BNCS32TxMessage     004c703c     bncsif32db:BNCSIF32db.dll
 0005:00000040       \177BNCSIF32db_NULL_THUNK_DATA 004c7040     bncsif32db:BNCSIF32db.dll
 0005:0000006c       __imp__SetTextColor@8      004c706c     gdi32:GDI32.dll
 0005:00000070       __imp__SetBkColor@8        004c7070     gdi32:GDI32.dll
 0005:00000074       __imp__DeleteObject@4      004c7074     gdi32:GDI32.dll
 0005:00000078       __imp__GetStockObject@4    004c7078     gdi32:GDI32.dll
 0005:0000007c       __imp__CreateSolidBrush@4  004c707c     gdi32:GDI32.dll
 0005:00000080       \177GDI32_NULL_THUNK_DATA  004c7080     gdi32:GDI32.dll
 0005:000000b0       __imp__lstrcpynA@12        004c70b0     kernel32:KERNEL32.dll
 0005:000000b4       __imp__lstrcpyA@8          004c70b4     kernel32:KERNEL32.dll
 0005:000000b8       __imp__GetModuleFileNameA@12 004c70b8     kernel32:KERNEL32.dll
 0005:000000bc       __imp__GetTempPathA@8      004c70bc     kernel32:KERNEL32.dll
 0005:000000c0       __imp__GetWindowsDirectoryA@8 004c70c0     kernel32:KERNEL32.dll
 0005:000000c4       __imp__GlobalAlloc@8       004c70c4     kernel32:KERNEL32.dll
 0005:000000c8       __imp__GlobalFlags@4       004c70c8     kernel32:KERNEL32.dll
 0005:000000cc       __imp__GlobalLock@4        004c70cc     kernel32:KERNEL32.dll
 0005:000000d0       __imp__GlobalUnlock@4      004c70d0     kernel32:KERNEL32.dll
 0005:000000d4       __imp__GlobalFree@4        004c70d4     kernel32:KERNEL32.dll
 0005:000000d8       __imp__CreateThread@24     004c70d8     kernel32:KERNEL32.dll
 0005:000000dc       __imp__GetLastError@0      004c70dc     kernel32:KERNEL32.dll
 0005:000000e0       __imp__SetLastError@4      004c70e0     kernel32:KERNEL32.dll
 0005:000000e4       __imp__GetOverlappedResult@16 004c70e4     kernel32:KERNEL32.dll
 0005:000000e8       __imp__ResetEvent@4        004c70e8     kernel32:KERNEL32.dll
 0005:000000ec       __imp__ReleaseSemaphore@12 004c70ec     kernel32:KERNEL32.dll
 0005:000000f0       __imp__WaitForSingleObject@8 004c70f0     kernel32:KERNEL32.dll
 0005:000000f4       __imp__WriteFile@20        004c70f4     kernel32:KERNEL32.dll
 0005:000000f8       __imp__ReadFile@20         004c70f8     kernel32:KERNEL32.dll
 0005:000000fc       __imp__CloseHandle@4       004c70fc     kernel32:KERNEL32.dll
 0005:00000100       __imp__ClearCommError@12   004c7100     kernel32:KERNEL32.dll
 0005:00000104       __imp__GetCommProperties@8 004c7104     kernel32:KERNEL32.dll
 0005:00000108       __imp__GetCommState@8      004c7108     kernel32:KERNEL32.dll
 0005:0000010c       __imp__PurgeComm@8         004c710c     kernel32:KERNEL32.dll
 0005:00000110       __imp__SetCommState@8      004c7110     kernel32:KERNEL32.dll
 0005:00000114       __imp__SetCommTimeouts@8   004c7114     kernel32:KERNEL32.dll
 0005:00000118       __imp__GetTickCount@0      004c7118     kernel32:KERNEL32.dll
 0005:0000011c       __imp__CreateEventA@16     004c711c     kernel32:KERNEL32.dll
 0005:00000120       __imp__CreateSemaphoreA@16 004c7120     kernel32:KERNEL32.dll
 0005:00000124       __imp__WinExec@8           004c7124     kernel32:KERNEL32.dll
 0005:00000128       __imp__CommConfigDialogA@12 004c7128     kernel32:KERNEL32.dll
 0005:0000012c       __imp__GetCurrentProcessId@0 004c712c     kernel32:KERNEL32.dll
 0005:00000130       __imp__QueryPerformanceCounter@4 004c7130     kernel32:KERNEL32.dll
 0005:00000134       __imp__GetModuleHandleW@4  004c7134     kernel32:KERNEL32.dll
 0005:00000138       __imp__GetModuleFileNameW@12 004c7138     kernel32:KERNEL32.dll
 0005:0000013c       __imp__VirtualQuery@12     004c713c     kernel32:KERNEL32.dll
 0005:00000140       __imp__GetProcessHeap@0    004c7140     kernel32:KERNEL32.dll
 0005:00000144       __imp__HeapFree@12         004c7144     kernel32:KERNEL32.dll
 0005:00000148       __imp__HeapAlloc@12        004c7148     kernel32:KERNEL32.dll
 0005:0000014c       __imp__WideCharToMultiByte@32 004c714c     kernel32:KERNEL32.dll
 0005:00000150       __imp__MultiByteToWideChar@24 004c7150     kernel32:KERNEL32.dll
 0005:00000154       __imp__LoadLibraryExW@12   004c7154     kernel32:KERNEL32.dll
 0005:00000158       __imp__RaiseException@16   004c7158     kernel32:KERNEL32.dll
 0005:0000015c       __imp__IsProcessorFeaturePresent@4 004c715c     kernel32:KERNEL32.dll
 0005:00000160       __imp__IsDebuggerPresent@0 004c7160     kernel32:KERNEL32.dll
 0005:00000164       __imp__DecodePointer@4     004c7164     kernel32:KERNEL32.dll
 0005:00000168       __imp__EncodePointer@4     004c7168     kernel32:KERNEL32.dll
 0005:0000016c       __imp__GetSystemTimeAsFileTime@4 004c716c     kernel32:KERNEL32.dll
 0005:00000170       __imp__GetCurrentThreadId@0 004c7170     kernel32:KERNEL32.dll
 0005:00000174       __imp__GetPrivateProfileIntA@16 004c7174     kernel32:KERNEL32.dll
 0005:00000178       __imp__GetPrivateProfileStringA@24 004c7178     kernel32:KERNEL32.dll
 0005:0000017c       __imp__WritePrivateProfileStringA@16 004c717c     kernel32:KERNEL32.dll
 0005:00000180       __imp__OutputDebugStringA@4 004c7180     kernel32:KERNEL32.dll
 0005:00000184       __imp__FreeLibrary@4       004c7184     kernel32:KERNEL32.dll
 0005:00000188       __imp__GetProcAddress@8    004c7188     kernel32:KERNEL32.dll
 0005:0000018c       __imp__LoadLibraryA@4      004c718c     kernel32:KERNEL32.dll
 0005:00000190       __imp__CreateFileA@28      004c7190     kernel32:KERNEL32.dll
 0005:00000194       \177KERNEL32_NULL_THUNK_DATA 004c7194     kernel32:KERNEL32.dll
 0005:000001ec       __imp_??0_Container_base12@std@@QAE@XZ 004c71ec     msvcprtd:MSVCP120D.dll
 0005:000001f0       __imp_?_Debug_message@std@@YAXPB_W0I@Z 004c71f0     msvcprtd:MSVCP120D.dll
 0005:000001f4       __imp_??1_Lockit@std@@QAE@XZ 004c71f4     msvcprtd:MSVCP120D.dll
 0005:000001f8       __imp_??0_Lockit@std@@QAE@H@Z 004c71f8     msvcprtd:MSVCP120D.dll
 0005:000001fc       __imp_?_Getpfirst@_Container_base12@std@@QBEPAPAU_Iterator_base12@2@XZ 004c71fc     msvcprtd:MSVCP120D.dll
 0005:00000200       __imp_?_Orphan_all@_Container_base12@std@@QAEXXZ 004c7200     msvcprtd:MSVCP120D.dll
 0005:00000204       __imp_?_Xbad_alloc@std@@YAXXZ 004c7204     msvcprtd:MSVCP120D.dll
 0005:00000208       __imp_?_Xlength_error@std@@YAXPBD@Z 004c7208     msvcprtd:MSVCP120D.dll
 0005:0000020c       __imp_?_Xout_of_range@std@@YAXPBD@Z 004c720c     msvcprtd:MSVCP120D.dll
 0005:00000210       __imp_??0id@locale@std@@QAE@I@Z 004c7210     msvcprtd:MSVCP120D.dll
 0005:00000214       __imp_?_Syserror_map@std@@YAPBDH@Z 004c7214     msvcprtd:MSVCP120D.dll
 0005:00000218       __imp_?_Winerror_map@std@@YAPBDH@Z 004c7218     msvcprtd:MSVCP120D.dll
 0005:0000021c       __imp_??1_Container_base12@std@@QAE@XZ 004c721c     msvcprtd:MSVCP120D.dll
 0005:00000220       \177MSVCP120D_NULL_THUNK_DATA 004c7220     msvcprtd:MSVCP120D.dll
 0005:00000254       __imp__malloc              004c7254     MSVCRTD:MSVCR120D.dll
 0005:00000258       __imp___strupr             004c7258     MSVCRTD:MSVCR120D.dll
 0005:00000258       __imp__strupr              004c7258     MSVCRTD:MSVCR120D.dll
 0005:0000025c       __imp___stricmp            004c725c     MSVCRTD:MSVCR120D.dll
 0005:0000025c       __imp__stricmp             004c725c     MSVCRTD:MSVCR120D.dll
 0005:00000260       __imp___controlfp_s        004c7260     MSVCRTD:MSVCR120D.dll
 0005:00000264       __imp___invoke_watson      004c7264     MSVCRTD:MSVCR120D.dll
 0005:00000268       __imp____crtSetUnhandledExceptionFilter 004c7268     MSVCRTD:MSVCR120D.dll
 0005:0000026c       __imp___wsplitpath_s       004c726c     MSVCRTD:MSVCR120D.dll
 0005:00000270       __imp___wmakepath_s        004c7270     MSVCRTD:MSVCR120D.dll
 0005:00000274       __imp__wcscpy_s            004c7274     MSVCRTD:MSVCR120D.dll
 0005:00000278       __imp_?terminate@@YAXXZ    004c7278     MSVCRTD:MSVCR120D.dll
 0005:0000027c       __imp___except_handler4_common 004c727c     MSVCRTD:MSVCR120D.dll
 0005:00000280       __imp___commode            004c7280     MSVCRTD:MSVCR120D.dll
 0005:00000284       __imp___fmode              004c7284     MSVCRTD:MSVCR120D.dll
 0005:00000288       __imp___acmdln             004c7288     MSVCRTD:MSVCR120D.dll
 0005:0000028c       __imp___initterm           004c728c     MSVCRTD:MSVCR120D.dll
 0005:00000290       __imp___initterm_e         004c7290     MSVCRTD:MSVCR120D.dll
 0005:00000294       __imp____setusermatherr    004c7294     MSVCRTD:MSVCR120D.dll
 0005:00000298       __imp___configthreadlocale 004c7298     MSVCRTD:MSVCR120D.dll
 0005:0000029c       __imp___ismbblead          004c729c     MSVCRTD:MSVCR120D.dll
 0005:000002a0       __imp___cexit              004c72a0     MSVCRTD:MSVCR120D.dll
 0005:000002a4       __imp___exit               004c72a4     MSVCRTD:MSVCR120D.dll
 0005:000002a8       __imp__exit                004c72a8     MSVCRTD:MSVCR120D.dll
 0005:000002ac       __imp___CrtSetCheckCount   004c72ac     MSVCRTD:MSVCR120D.dll
 0005:000002b0       __imp____set_app_type      004c72b0     MSVCRTD:MSVCR120D.dll
 0005:000002b4       __imp____getmainargs       004c72b4     MSVCRTD:MSVCR120D.dll
 0005:000002b8       __imp___amsg_exit          004c72b8     MSVCRTD:MSVCR120D.dll
 0005:000002bc       __imp____crtGetShowWindowMode 004c72bc     MSVCRTD:MSVCR120D.dll
 0005:000002c0       __imp___XcptFilter         004c72c0     MSVCRTD:MSVCR120D.dll
 0005:000002c4       __imp____crtTerminateProcess 004c72c4     MSVCRTD:MSVCR120D.dll
 0005:000002c8       __imp____crtUnhandledException 004c72c8     MSVCRTD:MSVCR120D.dll
 0005:000002cc       __imp___purecall           004c72cc     MSVCRTD:MSVCR120D.dll
 0005:000002d0       __imp_??2@YAPAXI@Z         004c72d0     MSVCRTD:MSVCR120D.dll
 0005:000002d4       __imp_??3@YAXPAX@Z         004c72d4     MSVCRTD:MSVCR120D.dll
 0005:000002d8       __imp___invalid_parameter  004c72d8     MSVCRTD:MSVCR120D.dll
 0005:000002dc       __imp__atoi                004c72dc     MSVCRTD:MSVCR120D.dll
 0005:000002e0       __imp__getenv              004c72e0     MSVCRTD:MSVCR120D.dll
 0005:000002e4       __imp__memcmp              004c72e4     MSVCRTD:MSVCR120D.dll
 0005:000002e8       __imp__memcpy              004c72e8     MSVCRTD:MSVCR120D.dll
 0005:000002ec       __imp__strcmp              004c72ec     MSVCRTD:MSVCR120D.dll
 0005:000002f0       __imp__strlen              004c72f0     MSVCRTD:MSVCR120D.dll
 0005:000002f4       __imp__memmove             004c72f4     MSVCRTD:MSVCR120D.dll
 0005:000002f8       __imp__strchr              004c72f8     MSVCRTD:MSVCR120D.dll
 0005:000002fc       __imp___hypot              004c72fc     MSVCRTD:MSVCR120D.dll
 0005:00000300       __imp__fclose              004c7300     MSVCRTD:MSVCR120D.dll
 0005:00000304       __imp__fgets               004c7304     MSVCRTD:MSVCR120D.dll
 0005:00000308       __imp__fopen               004c7308     MSVCRTD:MSVCR120D.dll
 0005:0000030c       __imp__sprintf             004c730c     MSVCRTD:MSVCR120D.dll
 0005:00000310       __imp___CrtDbgReportW      004c7310     MSVCRTD:MSVCR120D.dll
 0005:00000314       __imp___CxxThrowException@8 004c7314     MSVCRTD:MSVCR120D.dll
 0005:00000318       __imp____CxxFrameHandler3  004c7318     MSVCRTD:MSVCR120D.dll
 0005:0000031c       __imp__strncpy             004c731c     MSVCRTD:MSVCR120D.dll
 0005:00000320       __imp__sscanf              004c7320     MSVCRTD:MSVCR120D.dll
 0005:00000324       __imp__strcpy              004c7324     MSVCRTD:MSVCR120D.dll
 0005:00000328       __imp__fgetc               004c7328     MSVCRTD:MSVCR120D.dll
 0005:0000032c       __imp__fputc               004c732c     MSVCRTD:MSVCR120D.dll
 0005:00000330       __imp__strstr              004c7330     MSVCRTD:MSVCR120D.dll
 0005:00000334       __imp__strcat              004c7334     MSVCRTD:MSVCR120D.dll
 0005:00000338       __imp__memset              004c7338     MSVCRTD:MSVCR120D.dll
 0005:0000033c       __imp__strtok              004c733c     MSVCRTD:MSVCR120D.dll
 0005:00000340       __imp__strpbrk             004c7340     MSVCRTD:MSVCR120D.dll
 0005:00000344       __imp__free                004c7344     MSVCRTD:MSVCR120D.dll
 0005:00000348       __imp___strlwr             004c7348     MSVCRTD:MSVCR120D.dll
 0005:00000348       __imp__strlwr              004c7348     MSVCRTD:MSVCR120D.dll
 0005:0000034c       __imp___lock               004c734c     MSVCRTD:MSVCR120D.dll
 0005:00000350       __imp___unlock             004c7350     MSVCRTD:MSVCR120D.dll
 0005:00000354       __imp___calloc_dbg         004c7354     MSVCRTD:MSVCR120D.dll
 0005:00000358       __imp____dllonexit         004c7358     MSVCRTD:MSVCR120D.dll
 0005:0000035c       __imp___onexit             004c735c     MSVCRTD:MSVCR120D.dll
 0005:00000360       __imp___CRT_RTC_INITW      004c7360     MSVCRTD:MSVCR120D.dll
 0005:00000364       __imp_??1type_info@@UAE@XZ 004c7364     MSVCRTD:MSVCR120D.dll
 0005:00000368       __imp___crt_debugger_hook  004c7368     MSVCRTD:MSVCR120D.dll
 0005:0000036c       \177MSVCR120D_NULL_THUNK_DATA 004c736c     MSVCRTD:MSVCR120D.dll
 0005:000003d0       __imp__ShellExecuteA@24    004c73d0     shell32:SHELL32.dll
 0005:000003d4       \177SHELL32_NULL_THUNK_DATA 004c73d4     shell32:SHELL32.dll
 0005:00000400       __imp__LoadMenuA@8         004c7400     user32:USER32.dll
 0005:00000404       __imp__SetMenu@8           004c7404     user32:USER32.dll
 0005:00000408       __imp__DrawMenuBar@4       004c7408     user32:USER32.dll
 0005:0000040c       __imp__CheckMenuItem@12    004c740c     user32:USER32.dll
 0005:00000410       __imp__EnableMenuItem@12   004c7410     user32:USER32.dll
 0005:00000414       __imp__GetSystemMetrics@4  004c7414     user32:USER32.dll
 0005:00000418       __imp__InvalidateRect@12   004c7418     user32:USER32.dll
 0005:0000041c       __imp__GetWindowRect@8     004c741c     user32:USER32.dll
 0005:00000420       __imp__MessageBeep@4       004c7420     user32:USER32.dll
 0005:00000424       __imp__GetSysColor@4       004c7424     user32:USER32.dll
 0005:00000428       __imp__GetSysColorBrush@4  004c7428     user32:USER32.dll
 0005:0000042c       __imp__GetWindowLongA@8    004c742c     user32:USER32.dll
 0005:00000430       __imp__UpdateWindow@4      004c7430     user32:USER32.dll
 0005:00000434       __imp__EnableWindow@8      004c7434     user32:USER32.dll
 0005:00000438       __imp__SetWindowLongA@12   004c7438     user32:USER32.dll
 0005:0000043c       __imp__GetMessageA@16      004c743c     user32:USER32.dll
 0005:00000440       __imp__TranslateMessage@4  004c7440     user32:USER32.dll
 0005:00000444       __imp__DispatchMessageA@4  004c7444     user32:USER32.dll
 0005:00000448       __imp__SetMessageQueue@4   004c7448     user32:USER32.dll
 0005:0000044c       __imp__DefWindowProcA@16   004c744c     user32:USER32.dll
 0005:00000450       __imp__PostQuitMessage@4   004c7450     user32:USER32.dll
 0005:00000454       __imp__RegisterClassA@4    004c7454     user32:USER32.dll
 0005:00000458       __imp__CreateWindowExA@48  004c7458     user32:USER32.dll
 0005:0000045c       __imp__IsWindow@4          004c745c     user32:USER32.dll
 0005:00000460       __imp__LoadIconA@8         004c7460     user32:USER32.dll
 0005:00000464       __imp__GetMenu@4           004c7464     user32:USER32.dll
 0005:00000468       __imp__LoadCursorA@8       004c7468     user32:USER32.dll
 0005:0000046c       __imp__DialogBoxParamA@20  004c746c     user32:USER32.dll
 0005:00000470       __imp__EndDialog@8         004c7470     user32:USER32.dll
 0005:00000474       __imp__CreateDialogParamA@20 004c7474     user32:USER32.dll
 0005:00000478       __imp__IsIconic@4          004c7478     user32:USER32.dll
 0005:0000047c       __imp__IsWindowVisible@4   004c747c     user32:USER32.dll
 0005:00000480       __imp__SetWindowPos@28     004c7480     user32:USER32.dll
 0005:00000484       __imp__ShowWindow@8        004c7484     user32:USER32.dll
 0005:00000488       __imp__PostMessageA@16     004c7488     user32:USER32.dll
 0005:0000048c       __imp__wsprintfA           004c748c     user32:USER32.dll
 0005:00000490       __imp__MessageBoxA@16      004c7490     user32:USER32.dll
 0005:00000494       __imp__SetWindowTextA@8    004c7494     user32:USER32.dll
 0005:00000498       __imp__GetDlgItem@8        004c7498     user32:USER32.dll
 0005:0000049c       __imp__KillTimer@8         004c749c     user32:USER32.dll
 0005:000004a0       __imp__SetTimer@16         004c74a0     user32:USER32.dll
 0005:000004a4       __imp__SendMessageA@16     004c74a4     user32:USER32.dll
 0005:000004a8       __imp__SetDlgItemTextA@12  004c74a8     user32:USER32.dll
 0005:000004ac       __imp__SetFocus@4          004c74ac     user32:USER32.dll
 0005:000004b0       \177USER32_NULL_THUNK_DATA 004c74b0     user32:USER32.dll
 0005:000004fc       __imp__VerQueryValueA@16   004c74fc     version:VERSION.dll
 0005:00000500       __imp__GetFileVersionInfoSizeA@8 004c7500     version:VERSION.dll
 0005:00000504       __imp__GetFileVersionInfoA@16 004c7504     version:VERSION.dll
 0005:00000508       \177VERSION_NULL_THUNK_DATA 004c7508     version:VERSION.dll
 0005:00000534       __imp__setGrdHwnd          004c7534     grd32fix:grd32fix.dll
 0005:00000538       \177grd32fix_NULL_THUNK_DATA 004c7538     grd32fix:grd32fix.dll
 0005:00000564       __IMPORT_DESCRIPTOR_BNCSIF32db 004c7564     bncsif32db:BNCSIF32db.dll
 0005:00000578       __IMPORT_DESCRIPTOR_grd32fix 004c7578     grd32fix:grd32fix.dll
 0005:0000058c       __IMPORT_DESCRIPTOR_KERNEL32 004c758c     kernel32:KERNEL32.dll
 0005:000005a0       __IMPORT_DESCRIPTOR_USER32 004c75a0     user32:USER32.dll
 0005:000005b4       __IMPORT_DESCRIPTOR_GDI32  004c75b4     gdi32:GDI32.dll
 0005:000005c8       __IMPORT_DESCRIPTOR_ADVAPI32 004c75c8     advapi32:ADVAPI32.dll
 0005:000005dc       __IMPORT_DESCRIPTOR_SHELL32 004c75dc     shell32:SHELL32.dll
 0005:000005f0       __IMPORT_DESCRIPTOR_MSVCP120D 004c75f0     msvcprtd:MSVCP120D.dll
 0005:00000604       __IMPORT_DESCRIPTOR_MSVCR120D 004c7604     MSVCRTD:MSVCR120D.dll
 0005:00000618       __IMPORT_DESCRIPTOR_VERSION 004c7618     version:VERSION.dll
 0005:0000062c       __NULL_IMPORT_DESCRIPTOR   004c762c     bncsif32db:BNCSIF32db.dll

 Exports

  ordinal    name

