 InfoDriver32

 Timestamp is 56ddfda6 (Mon Mar 07 22:16:06 2016)

 Preferred load address is 00400000

 Start         Length     Name                   Class
 0001:00000000 0000b1f2H .text                   CODE
 0001:0000b200 000005c6H .text$x                 CODE
 0001:0000b7d0 0000007aH .text$yc                CODE
 0001:0000b850 0000005fH .text$yd                CODE
 0002:00000000 000002d0H .idata$5                DATA
 0002:000002d0 00000004H .CRT$XCA                DATA
 0002:000002d4 00000004H .CRT$XCAA               DATA
 0002:000002d8 00000004H .CRT$XCU                DATA
 0002:000002dc 00000004H .CRT$XCZ                DATA
 0002:000002e0 00000004H .CRT$XIA                DATA
 0002:000002e4 00000004H .CRT$XIAA               DATA
 0002:000002e8 00000004H .CRT$XIY                DATA
 0002:000002ec 00000004H .CRT$XIZ                DATA
 0002:000002f0 00001054H .rdata                  DATA
 0002:00001344 000002b4H .rdata$r                DATA
 0002:000015f8 00000004H .rtc$IAA                DATA
 0002:000015fc 00000004H .rtc$IZZ                DATA
 0002:00001600 00000004H .rtc$TAA                DATA
 0002:00001604 00000004H .rtc$TZZ                DATA
 0002:00001608 00000654H .xdata$x                DATA
 0002:00001c5c 000000dcH .idata$2                DATA
 0002:00001d38 00000014H .idata$3                DATA
 0002:00001d4c 000002d0H .idata$4                DATA
 0002:0000201c 00000b42H .idata$6                DATA
 0002:00002b5e 00000000H .edata                  DATA
 0003:00000000 00000360H .data                   DATA
 0003:00000360 00007e6cH .bss                    DATA
 0004:00000000 000002dcH .rsrc$01                DATA
 0004:000002e0 00007ef0H .rsrc$02                DATA

  Address         Publics by Value              Rva+Base       Lib:Object

 0000:00000000       ___ImageBase               00400000     <linker-defined>
 0001:00000000       ??1bad_alloc@std@@UAE@XZ   00401000 f i ccCheck.obj
 0001:00000010       ??_Ebad_alloc@std@@UAEPAXI@Z 00401010 f i ccCheck.obj
 0001:00000010       ??_Gbad_alloc@std@@UAEPAXI@Z 00401010 f i ccCheck.obj
 0001:00000040       ??0bad_alloc@std@@QAE@ABV01@@Z 00401040 f i ccCheck.obj
 0001:00000060       ?allocate@?$allocator@D@std@@QAEPADI@Z 00401060 f i ccCheck.obj
 0001:000000b0       ?erase@?$basic_string@DU?$char_traits@D@std@@V?$allocator@D@2@@std@@QAEAAV12@II@Z 004010b0 f i ccCheck.obj
 0001:00000140       ?_Copy@?$basic_string@DU?$char_traits@D@std@@V?$allocator@D@2@@std@@QAEXII@Z 00401140 f i ccCheck.obj
 0001:000002b0       ??1?$basic_string@DU?$char_traits@D@std@@V?$allocator@D@2@@std@@QAE@XZ 004012b0 f i ccCheck.obj
 0001:000002e0       ?_Grow@?$basic_string@DU?$char_traits@D@std@@V?$allocator@D@2@@std@@QAE_NI_N@Z 004012e0 f i ccCheck.obj
 0001:00000390       ?append@?$basic_string@DU?$char_traits@D@std@@V?$allocator@D@2@@std@@QAEAAV12@ABV12@II@Z 00401390 f i ccCheck.obj
 0001:00000480       ??1ccCheck@@UAE@XZ         00401480 f   ccCheck.obj
 0001:000004b0       ?assign@?$basic_string@DU?$char_traits@D@std@@V?$allocator@D@2@@std@@QAEAAV12@ABV12@II@Z 004014b0 f i ccCheck.obj
 0001:000005a0       ?append@?$basic_string@DU?$char_traits@D@std@@V?$allocator@D@2@@std@@QAEAAV12@PBDI@Z 004015a0 f i ccCheck.obj
 0001:000006c0       ?assign@?$basic_string@DU?$char_traits@D@std@@V?$allocator@D@2@@std@@QAEAAV12@PBDI@Z 004016c0 f i ccCheck.obj
 0001:000007c0       ??_EccCheck@@UAEPAXI@Z     004017c0 f i ccCheck.obj
 0001:000007c0       ??_GccCheck@@UAEPAXI@Z     004017c0 f i ccCheck.obj
 0001:000007f0       ??Y?$basic_string@DU?$char_traits@D@std@@V?$allocator@D@2@@std@@QAEAAV01@PBD@Z 004017f0 f i ccCheck.obj
 0001:00000820       ??0ccCheck@@QAE@ABV?$basic_string@DU?$char_traits@D@std@@V?$allocator@D@2@@std@@@Z 00401820 f   ccCheck.obj
 0001:00000860       ??0?$basic_string@DU?$char_traits@D@std@@V?$allocator@D@2@@std@@QAE@PBD@Z 00401860 f i ccCheck.obj
 0001:000008a0       ?assign@?$basic_string@DU?$char_traits@D@std@@V?$allocator@D@2@@std@@QAEAAV12@$$QAV12@@Z 004018a0 f i ccCheck.obj
 0001:00000920       ??$?HDU?$char_traits@D@std@@V?$allocator@D@1@@std@@YA?AV?$basic_string@DU?$char_traits@D@std@@V?$allocator@D@2@@0@PBDABV10@@Z 00401920 f i ccCheck.obj
 0001:000009f0       ??$?HDU?$char_traits@D@std@@V?$allocator@D@1@@std@@YA?AV?$basic_string@DU?$char_traits@D@std@@V?$allocator@D@2@@0@ABV10@PBD@Z 004019f0 f i ccCheck.obj
 0001:00000ad0       ??$?HDU?$char_traits@D@std@@V?$allocator@D@1@@std@@YA?AV?$basic_string@DU?$char_traits@D@std@@V?$allocator@D@2@@0@$$QAV10@ABV10@@Z 00401ad0 f i ccCheck.obj
 0001:00000b10       ??$?HDU?$char_traits@D@std@@V?$allocator@D@1@@std@@YA?AV?$basic_string@DU?$char_traits@D@std@@V?$allocator@D@2@@0@$$QAV10@PBD@Z 00401b10 f i ccCheck.obj
 0001:00000b60       ?log@ccCheck@@QAEXABV?$basic_string@DU?$char_traits@D@std@@V?$allocator@D@2@@std@@@Z 00401b60 f   ccCheck.obj
 0001:00000c50       ?checkWorkstation@ccCheck@@QAE_NI@Z 00401c50 f   ccCheck.obj
 0001:00000d80       ?checkDevice@ccCheck@@QAE_NI@Z 00401d80 f   ccCheck.obj
 0001:00000e70       ?checkIndex@ccCheck@@QAE_NI@Z 00401e70 f   ccCheck.obj
 0001:00000f60       ?checkIndexRange@ccCheck@@QAE_NII@Z 00401f60 f   ccCheck.obj
 0001:00001020       ?checkDatabase@ccCheck@@QAE_NII@Z 00402020 f   ccCheck.obj
 0001:000010e0       ?checkString@ccCheck@@QAE_NABV?$basic_string@DU?$char_traits@D@std@@V?$allocator@D@2@@std@@@Z 004020e0 f   ccCheck.obj
 0001:00001170       ?cccConnected@cciCallbackHelper@@MAEXXZ 00402170 f i MAIN.obj
 0001:00001170       ?cccDisconnected@cciCallbackHelper@@MAEXXZ 00402170 f i MAIN.obj
 0001:00001170       ??3@YAXPAX0@Z              00402170 f i ccClient.obj
 0001:00001180       ?isConnected@ccClient@@QAE_NXZ 00402180 f   ccClient.obj
 0001:000011a0       ?BNCSSendMessage@ccClient@@AAEJIIJHHH@Z 004021a0 f   ccClient.obj
 0001:00001210       ?revertiveRegister@ccClient@@QAEXHHH_NH@Z 00402210 f   ccClient.obj
 0001:00001280       ?resetCounters@ccClient@@QAEXXZ 00402280 f   ccClient.obj
 0001:000012a0       ?disconnect@ccClient@@QAE_NXZ 004022a0 f   ccClient.obj
 0001:00001300       ?allocate@?$allocator@PAV?$basic_string@DU?$char_traits@D@std@@V?$allocator@D@2@@std@@@std@@QAEPAPAV?$basic_string@DU?$char_traits@D@std@@V?$allocator@D@2@@2@I@Z 00402300 f i ccClient.obj
 0001:00001360       ?connect@ccClient@@QAE_NW4ipcType@cc@@J@Z 00402360 f   ccClient.obj
 0001:00001540       ??$_Cons_val@V?$allocator@U?$pair@$$CBHK@std@@@std@@U?$pair@$$CBHK@2@U?$pair@IK@2@@std@@YAXAAV?$allocator@U?$pair@$$CBHK@std@@@0@PAU?$pair@$$CBHK@0@$$QAU?$pair@IK@0@@Z 00402540 f i EXT.obj
 0001:00001540       ??$_Cons_val@V?$allocator@U_Container_proxy@std@@@std@@U_Container_proxy@2@U32@@std@@YAXAAV?$allocator@U_Container_proxy@std@@@0@PAU_Container_proxy@0@$$QAU20@@Z 00402540 f i ccClient.obj
 0001:00001540       ??$_Cons_val@V?$allocator@U?$pair@$$CBHK@std@@@std@@U?$pair@$$CBHK@2@U?$pair@HK@2@@std@@YAXAAV?$allocator@U?$pair@$$CBHK@std@@@0@PAU?$pair@$$CBHK@0@$$QAU?$pair@HK@0@@Z 00402540 f i CMD.obj
 0001:00001560       ?_Growmap@?$deque@V?$basic_string@DU?$char_traits@D@std@@V?$allocator@D@2@@std@@V?$allocator@V?$basic_string@DU?$char_traits@D@std@@V?$allocator@D@2@@std@@@2@@std@@IAEXI@Z 00402560 f i ccClient.obj
 0001:000016b0       ?begin@?$deque@V?$basic_string@DU?$char_traits@D@std@@V?$allocator@D@2@@std@@V?$allocator@V?$basic_string@DU?$char_traits@D@std@@V?$allocator@D@2@@std@@@2@@std@@QAE?AV?$_Deque_iterator@V?$basic_string@DU?$char_traits@D@std@@V?$allocator@D@2@@std@@V?$allocator@V?$basic_string@DU?$char_traits@D@std@@V?$allocator@D@2@@std@@@2@@2@XZ 004026b0 f i ccClient.obj
 0001:000016d0       ??$_Dest_val@V?$allocator@V?$basic_string@DU?$char_traits@D@std@@V?$allocator@D@2@@std@@@std@@V?$basic_string@DU?$char_traits@D@std@@V?$allocator@D@2@@2@@std@@YAXAAV?$allocator@V?$basic_string@DU?$char_traits@D@std@@V?$allocator@D@2@@std@@@0@PAV?$basic_string@DU?$char_traits@D@std@@V?$allocator@D@2@@0@@Z 004026d0 f i ccClient.obj
 0001:00001700       ??$_Cons_val@V?$allocator@V?$basic_string@DU?$char_traits@D@std@@V?$allocator@D@2@@std@@@std@@V?$basic_string@DU?$char_traits@D@std@@V?$allocator@D@2@@2@ABV32@@std@@YAXAAV?$allocator@V?$basic_string@DU?$char_traits@D@std@@V?$allocator@D@2@@std@@@0@PAV?$basic_string@DU?$char_traits@D@std@@V?$allocator@D@2@@0@ABV20@@Z 00402700 f i ccClient.obj
 0001:00001760       ?push_back@?$deque@V?$basic_string@DU?$char_traits@D@std@@V?$allocator@D@2@@std@@V?$allocator@V?$basic_string@DU?$char_traits@D@std@@V?$allocator@D@2@@std@@@2@@std@@QAEXABV?$basic_string@DU?$char_traits@D@std@@V?$allocator@D@2@@2@@Z 00402760 f i ccClient.obj
 0001:00001800       ?_Tidy@?$deque@V?$basic_string@DU?$char_traits@D@std@@V?$allocator@D@2@@std@@V?$allocator@V?$basic_string@DU?$char_traits@D@std@@V?$allocator@D@2@@std@@@2@@std@@IAEXXZ 00402800 f i ccClient.obj
 0001:00001890       ??$_Cons_val@V?$allocator@V?$basic_string@DU?$char_traits@D@std@@V?$allocator@D@2@@std@@@std@@V?$basic_string@DU?$char_traits@D@std@@V?$allocator@D@2@@2@V32@@std@@YAXAAV?$allocator@V?$basic_string@DU?$char_traits@D@std@@V?$allocator@D@2@@std@@@0@PAV?$basic_string@DU?$char_traits@D@std@@V?$allocator@D@2@@0@$$QAV20@@Z 00402890 f i ccClient.obj
 0001:000018f0       ?push_back@?$deque@V?$basic_string@DU?$char_traits@D@std@@V?$allocator@D@2@@std@@V?$allocator@V?$basic_string@DU?$char_traits@D@std@@V?$allocator@D@2@@std@@@2@@std@@QAEX$$QAV?$basic_string@DU?$char_traits@D@std@@V?$allocator@D@2@@2@@Z 004028f0 f i ccClient.obj
 0001:00001990       ??1?$queue@V?$basic_string@DU?$char_traits@D@std@@V?$allocator@D@2@@std@@V?$deque@V?$basic_string@DU?$char_traits@D@std@@V?$allocator@D@2@@std@@V?$allocator@V?$basic_string@DU?$char_traits@D@std@@V?$allocator@D@2@@std@@@2@@2@@std@@QAE@XZ 00402990 f i ccClient.obj
 0001:000019b0       ??1ccClient@@UAE@XZ        004029b0 f   ccClient.obj
 0001:00001a10       ??_GccClient@@UAEPAXI@Z    00402a10 f i ccClient.obj
 0001:00001a10       ??_EccClient@@UAEPAXI@Z    00402a10 f i ccClient.obj
 0001:00001a40       ?WndProc@ccClient@@CGJPAUHWND__@@IIJ@Z 00402a40 f   ccClient.obj
 0001:000024b0       ??0ccClient@@QAE@PAVIccClientCallback@@ABV?$basic_string@DU?$char_traits@D@std@@V?$allocator@D@2@@std@@@Z 004034b0 f   ccClient.obj
 0001:00002690       ?isV4Based@ccConfig@@SA_NXZ 00403690 f   ccConfig.obj
 0001:000026f0       ?isV3Based@ccConfig@@SA_NXZ 004036f0 f   ccConfig.obj
 0001:00002770       ?getDevPath@ccConfig@@SA?AV?$basic_string@DU?$char_traits@D@std@@V?$allocator@D@2@@std@@XZ 00403770 f   ccConfig.obj
 0001:00002970       ?getInt@ccConfig@@SAHABV?$basic_string@DU?$char_traits@D@std@@V?$allocator@D@2@@std@@00H_N@Z 00403970 f   ccConfig.obj
 0001:00002af0       ?workstation@ccConfig@@SAHXZ 00403af0 f   ccConfig.obj
 0001:00002e00       ?split@decodeBNCSString@@AAEXPBD@Z 00403e00 f i decodeBNCSString.obj
 0001:00002fb0       ??1decodeBNCSString@@UAE@XZ 00403fb0 f   decodeBNCSString.obj
 0001:00002fd0       ??0decodeBNCSString@@QAE@PBDD@Z 00403fd0 f   decodeBNCSString.obj
 0001:00003000       ??_GdecodeBNCSString@@UAEPAXI@Z 00404000 f i decodeBNCSString.obj
 0001:00003000       ??_EdecodeBNCSString@@UAEPAXI@Z 00404000 f i decodeBNCSString.obj
 0001:00003030       ??0sizedBuffer@@QAE@PBEHH@Z 00404030 f   sizedBuffer.obj
 0001:00003090       ??1sizedBuffer@@UAE@XZ     00404090 f   sizedBuffer.obj
 0001:000030c0       ??0sizedBuffer@@QAE@$$QAV0@@Z 004040c0 f   sizedBuffer.obj
 0001:000030f0       ?size@sizedBuffer@@QBEHXZ  004040f0 f   sizedBuffer.obj
 0001:00003100       ?data@sizedBuffer@@QBEPBEXZ 00404100 f   sizedBuffer.obj
 0001:00003110       ?ref@sizedBuffer@@QBEHXZ   00404110 f   sizedBuffer.obj
 0001:00003120       ??_EsizedBuffer@@UAEPAXI@Z 00404120 f i sizedBuffer.obj
 0001:00003120       ??_GsizedBuffer@@UAEPAXI@Z 00404120 f i sizedBuffer.obj
 0001:00003150       ?About_DialogProc@@YGHPAUHWND__@@GGJ@Z 00404150 f   ABOUT.obj
 0001:00003220       ?About_About@@YAXXZ        00404220 f   ABOUT.obj
 0001:00003240       _GetBNCSConfigDirectory    00404240 f   bncs_gcd.obj
 0001:00003350       _GetBNCSDataDirectory      00404350 f   bncs_gcd.obj
 0001:00003460       ?Cmd_Hardcopy@@YAHPAD@Z    00404460 f   CMD.obj
 0001:00003510       ?Cmd_Lock@@YAHPAD@Z        00404510 f   CMD.obj
 0001:000035b0       ?Cmd_Poll@@YAHPAD@Z        004045b0 f   CMD.obj
 0001:00003620       ?Cmd_Query@@YAHPAD@Z       00404620 f   CMD.obj
 0001:00003690       ??$sprintf_s@$0EAB@@@YAHAAY0EAB@DPBDZZ 00404690 f i CMD.obj
 0001:000036b0       ?_Max@?$_Tree_val@V?$_Tmap_traits@HKU?$less@H@std@@V?$allocator@U?$pair@$$CBHK@std@@@2@$0A@@std@@@std@@SAPAU_Node@?$_Tree_nod@V?$_Tmap_traits@HKU?$less@H@std@@V?$allocator@U?$pair@$$CBHK@std@@@2@$0A@@std@@@2@PAU342@@Z 004046b0 f i CMD.obj
 0001:000036d0       ?Cmd_File@@YAHPAD@Z        004046d0 f   CMD.obj
 0001:00003820       ?_Lrotate@?$_Tree@V?$_Tmap_traits@HKU?$less@H@std@@V?$allocator@U?$pair@$$CBHK@std@@@2@$0A@@std@@@std@@IAEXPAU_Node@?$_Tree_nod@V?$_Tmap_traits@HKU?$less@H@std@@V?$allocator@U?$pair@$$CBHK@std@@@2@$0A@@std@@@2@@Z 00404820 f i CMD.obj
 0001:00003880       ?_Rrotate@?$_Tree@V?$_Tmap_traits@HKU?$less@H@std@@V?$allocator@U?$pair@$$CBHK@std@@@2@$0A@@std@@@std@@IAEXPAU_Node@?$_Tree_nod@V?$_Tmap_traits@HKU?$less@H@std@@V?$allocator@U?$pair@$$CBHK@std@@@2@$0A@@std@@@2@@Z 00404880 f i CMD.obj
 0001:000038e0       ??F?$_Tree_unchecked_const_iterator@V?$_Tree_val@V?$_Tmap_traits@HKU?$less@H@std@@V?$allocator@U?$pair@$$CBHK@std@@@2@$0A@@std@@@std@@U_Iterator_base0@2@@std@@QAEAAV01@XZ 004048e0 f i CMD.obj
 0001:00003940       ?_Insert@?$_Tree@V?$_Tmap_traits@HKU?$less@H@std@@V?$allocator@U?$pair@$$CBHK@std@@@2@$0A@@std@@@std@@IAE?AV?$_Tree_iterator@V?$_Tree_val@V?$_Tmap_traits@HKU?$less@H@std@@V?$allocator@U?$pair@$$CBHK@std@@@2@$0A@@std@@@std@@@2@_NPAU_Node@?$_Tree_nod@V?$_Tmap_traits@HKU?$less@H@std@@V?$allocator@U?$pair@$$CBHK@std@@@2@$0A@@std@@@2@1@Z 00404940 f i CMD.obj
 0001:00003b70       ?find@?$_Tree@V?$_Tmap_traits@HKU?$less@H@std@@V?$allocator@U?$pair@$$CBHK@std@@@2@$0A@@std@@@std@@QAE?AV?$_Tree_iterator@V?$_Tree_val@V?$_Tmap_traits@HKU?$less@H@std@@V?$allocator@U?$pair@$$CBHK@std@@@2@$0A@@std@@@std@@@2@ABH@Z 00404b70 f i CMD.obj
 0001:00003be0       ?_Linsert@?$_Tree@V?$_Tmap_traits@HKU?$less@H@std@@V?$allocator@U?$pair@$$CBHK@std@@@2@$0A@@std@@@std@@QAE?AU?$pair@V?$_Tree_iterator@V?$_Tree_val@V?$_Tmap_traits@HKU?$less@H@std@@V?$allocator@U?$pair@$$CBHK@std@@@2@$0A@@std@@@std@@@std@@_N@2@PAU_Node@?$_Tree_nod@V?$_Tmap_traits@HKU?$less@H@std@@V?$allocator@U?$pair@$$CBHK@std@@@2@$0A@@std@@@2@_N@Z 00404be0 f i CMD.obj
 0001:00003cc0       ?Cmd_Write@@YAHPAD@Z       00404cc0 f   CMD.obj
 0001:00003ee0       ?CSISup_Closedown@@YAXXZ   00404ee0 f   CSISUP.obj
 0001:00003f20       ?CSISup_DisplayTxRxMode@@YAXI@Z 00404f20 f   CSISUP.obj
 0001:00004090       ?CSISup_TxRevertive@@YAXHHHH@Z 00405090 f   CSISUP.obj
 0001:000042a0       ?CSISup_AssertTxRxMode@@YAHI@Z 004052a0 f   CSISUP.obj
 0001:00004330       ?CSISup_Init@@YAHXZ        00405330 f   CSISUP.obj
 0001:00004540       ?Dialog_Store@@YAXXZ       00405540 f   DIALOG.obj
 0001:00004650       ?Dialog_Update@@YAXH@Z     00405650 f   DIALOG.obj
 0001:000047f0       ?Dialog_InitDialog@@YAXXZ  004057f0 f   DIALOG.obj
 0001:00004980       ?Dialog_InfoLB@@YAXXZ      00405980 f   DIALOG.obj
 0001:000049c0       ?Dialog_ToggleLock@@YAXXZ  004059c0 f   DIALOG.obj
 0001:00004a40       ?Dialog_DialogProc@@YGJPAUHWND__@@IIJ@Z 00405a40 f   DIALOG.obj
 0001:00004e10       ?Dialog_Init@@YAXXZ        00405e10 f   DIALOG.obj
 0001:00004e60       ?Ext_WriteSlot@@YAXIJ@Z    00405e60 f   EXT.obj
 0001:00004f00       ?Ext_GetSlot@@YAXIJ@Z      00405f00 f   EXT.obj
 0001:00004f50       ?Ext_SendUserStr@@YAXPAD@Z 00405f50 f   EXT.obj
 0001:00004fa0       ??$_Buynode@U?$pair@IK@std@@@?$_Tree_val@V?$_Tmap_traits@HKU?$less@H@std@@V?$allocator@U?$pair@$$CBHK@std@@@2@$0A@@std@@@std@@QAEPAU_Node@?$_Tree_nod@V?$_Tmap_traits@HKU?$less@H@std@@V?$allocator@U?$pair@$$CBHK@std@@@2@$0A@@std@@@1@$$QAU?$pair@IK@1@@Z 00405fa0 f i EXT.obj
 0001:00004fa0       ??$_Buynode@U?$pair@HK@std@@@?$_Tree_val@V?$_Tmap_traits@HKU?$less@H@std@@V?$allocator@U?$pair@$$CBHK@std@@@2@$0A@@std@@@std@@QAEPAU_Node@?$_Tree_nod@V?$_Tmap_traits@HKU?$less@H@std@@V?$allocator@U?$pair@$$CBHK@std@@@2@$0A@@std@@@1@$$QAU?$pair@HK@1@@Z 00405fa0 f i CMD.obj
 0001:00005020       ?Ext_SetSlot@@YAXIJE@Z     00406020 f   EXT.obj
 0001:000050c0       ?Idxfu_WriteLockFile@@YAXXZ 004060c0 f   IDXFU.obj
 0001:000051a0       ?Idxfu_ReadLockFile@@YAXXZ 004061a0 f   IDXFU.obj
 0001:00005280       ?addItemToList@importPreview@@AAEHHPBD@Z 00406280 f   importPreview.obj
 0001:00005380       ?_Min@?$_Tree_val@V?$_Tmap_traits@HVsizedBuffer@@U?$less@H@std@@V?$allocator@U?$pair@$$CBHVsizedBuffer@@@std@@@3@$0A@@std@@@std@@SAPAU_Node@?$_Tree_nod@V?$_Tmap_traits@HVsizedBuffer@@U?$less@H@std@@V?$allocator@U?$pair@$$CBHVsizedBuffer@@@std@@@3@$0A@@std@@@2@PAU342@@Z 00406380 f i importPreview.obj
 0001:000053a0       ?_Lrotate@?$_Tree@V?$_Tmap_traits@HVsizedBuffer@@U?$less@H@std@@V?$allocator@U?$pair@$$CBHVsizedBuffer@@@std@@@3@$0A@@std@@@std@@IAEXPAU_Node@?$_Tree_nod@V?$_Tmap_traits@HVsizedBuffer@@U?$less@H@std@@V?$allocator@U?$pair@$$CBHVsizedBuffer@@@std@@@3@$0A@@std@@@2@@Z 004063a0 f i importPreview.obj
 0001:00005400       ?_Rrotate@?$_Tree@V?$_Tmap_traits@HVsizedBuffer@@U?$less@H@std@@V?$allocator@U?$pair@$$CBHVsizedBuffer@@@std@@@3@$0A@@std@@@std@@IAEXPAU_Node@?$_Tree_nod@V?$_Tmap_traits@HVsizedBuffer@@U?$less@H@std@@V?$allocator@U?$pair@$$CBHVsizedBuffer@@@std@@@3@$0A@@std@@@2@@Z 00406400 f i importPreview.obj
 0001:00005460       ?_Max@?$_Tree_val@V?$_Tmap_traits@HVsizedBuffer@@U?$less@H@std@@V?$allocator@U?$pair@$$CBHVsizedBuffer@@@std@@@3@$0A@@std@@@std@@SAPAU_Node@?$_Tree_nod@V?$_Tmap_traits@HVsizedBuffer@@U?$less@H@std@@V?$allocator@U?$pair@$$CBHVsizedBuffer@@@std@@@3@$0A@@std@@@2@PAU342@@Z 00406460 f i importPreview.obj
 0001:00005480       ??F?$_Tree_unchecked_const_iterator@V?$_Tree_val@V?$_Tmap_traits@HVsizedBuffer@@U?$less@H@std@@V?$allocator@U?$pair@$$CBHVsizedBuffer@@@std@@@3@$0A@@std@@@std@@U_Iterator_base0@2@@std@@QAEAAV01@XZ 00406480 f i importPreview.obj
 0001:000054e0       ??1?$pair@HVsizedBuffer@@@std@@QAE@XZ 004064e0 f i importPreview.obj
 0001:000054f0       ??1?$_Tree_val@V?$_Tmap_traits@HKU?$less@H@std@@V?$allocator@U?$pair@$$CBHK@std@@@2@$0A@@std@@@std@@QAE@XZ 004064f0 f i MAIN.obj
 0001:000054f0       ??1?$_Tree_val@V?$_Tmap_traits@HVsizedBuffer@@U?$less@H@std@@V?$allocator@U?$pair@$$CBHVsizedBuffer@@@std@@@3@$0A@@std@@@std@@QAE@XZ 004064f0 f i importPreview.obj
 0001:00005500       ??E?$_Tree_unchecked_const_iterator@V?$_Tree_val@V?$_Tmap_traits@HVsizedBuffer@@U?$less@H@std@@V?$allocator@U?$pair@$$CBHVsizedBuffer@@@std@@@3@$0A@@std@@@std@@U_Iterator_base0@2@@std@@QAEAAV01@XZ 00406500 f i importPreview.obj
 0001:00005550       ??$make_pair@AAHVsizedBuffer@@@std@@YA?AU?$pair@HVsizedBuffer@@@0@AAH$$QAVsizedBuffer@@@Z 00406550 f i importPreview.obj
 0001:00005580       ??$_Cons_val@V?$allocator@U?$pair@$$CBHVsizedBuffer@@@std@@@std@@U?$pair@$$CBHVsizedBuffer@@@2@U?$pair@HVsizedBuffer@@@2@@std@@YAXAAV?$allocator@U?$pair@$$CBHVsizedBuffer@@@std@@@0@PAU?$pair@$$CBHVsizedBuffer@@@0@$$QAU?$pair@HVsizedBuffer@@@0@@Z 00406580 f i importPreview.obj
 0001:000055e0       ?init@importPreview@@QAEXPAUHWND__@@@Z 004065e0 f   importPreview.obj
 0001:00005880       ?write@importPreview@@AAEXXZ 00406880 f   importPreview.obj
 0001:000058a0       ?sendNext@importPreview@@AAEXXZ 004068a0 f   importPreview.obj
 0001:00005a00       ?find@?$_Tree@V?$_Tmap_traits@HVsizedBuffer@@U?$less@H@std@@V?$allocator@U?$pair@$$CBHVsizedBuffer@@@std@@@3@$0A@@std@@@std@@QAE?AV?$_Tree_iterator@V?$_Tree_val@V?$_Tmap_traits@HVsizedBuffer@@U?$less@H@std@@V?$allocator@U?$pair@$$CBHVsizedBuffer@@@std@@@3@$0A@@std@@@std@@@2@ABH@Z 00406a00 f i importPreview.obj
 0001:00005a70       ??$_Buynode@U?$pair@HVsizedBuffer@@@std@@@?$_Tree_val@V?$_Tmap_traits@HVsizedBuffer@@U?$less@H@std@@V?$allocator@U?$pair@$$CBHVsizedBuffer@@@std@@@3@$0A@@std@@@std@@QAEPAU_Node@?$_Tree_nod@V?$_Tmap_traits@HVsizedBuffer@@U?$less@H@std@@V?$allocator@U?$pair@$$CBHVsizedBuffer@@@std@@@3@$0A@@std@@@1@$$QAU?$pair@HVsizedBuffer@@@1@@Z 00406a70 f i importPreview.obj
 0001:00005b30       ?importPreviewWndProc@importPreview@@CGHPAUHWND__@@GGJ@Z 00406b30 f   importPreview.obj
 0001:00005bd0       ??$_Dest_val@V?$allocator@U?$pair@$$CBHVsizedBuffer@@@std@@@std@@U?$pair@$$CBHVsizedBuffer@@@2@@std@@YAXAAV?$allocator@U?$pair@$$CBHVsizedBuffer@@@std@@@0@PAU?$pair@$$CBHVsizedBuffer@@@0@@Z 00406bd0 f i importPreview.obj
 0001:00005be0       ?_Insert@?$_Tree@V?$_Tmap_traits@HVsizedBuffer@@U?$less@H@std@@V?$allocator@U?$pair@$$CBHVsizedBuffer@@@std@@@3@$0A@@std@@@std@@IAE?AV?$_Tree_iterator@V?$_Tree_val@V?$_Tmap_traits@HVsizedBuffer@@U?$less@H@std@@V?$allocator@U?$pair@$$CBHVsizedBuffer@@@std@@@3@$0A@@std@@@std@@@2@_NPAU_Node@?$_Tree_nod@V?$_Tmap_traits@HVsizedBuffer@@U?$less@H@std@@V?$allocator@U?$pair@$$CBHVsizedBuffer@@@std@@@3@$0A@@std@@@2@1@Z 00406be0 f i importPreview.obj
 0001:00005e10       ?erase@?$_Tree@V?$_Tmap_traits@HVsizedBuffer@@U?$less@H@std@@V?$allocator@U?$pair@$$CBHVsizedBuffer@@@std@@@3@$0A@@std@@@std@@QAE?AV?$_Tree_iterator@V?$_Tree_val@V?$_Tmap_traits@HVsizedBuffer@@U?$less@H@std@@V?$allocator@U?$pair@$$CBHVsizedBuffer@@@std@@@3@$0A@@std@@@std@@@2@V?$_Tree_const_iterator@V?$_Tree_val@V?$_Tmap_traits@HVsizedBuffer@@U?$less@H@std@@V?$allocator@U?$pair@$$CBHVsizedBuffer@@@std@@@3@$0A@@std@@@std@@@2@@Z 00406e10 f i importPreview.obj
 0001:00006080       ?_Erase@?$_Tree@V?$_Tmap_traits@HVsizedBuffer@@U?$less@H@std@@V?$allocator@U?$pair@$$CBHVsizedBuffer@@@std@@@3@$0A@@std@@@std@@IAEXPAU_Node@?$_Tree_nod@V?$_Tmap_traits@HVsizedBuffer@@U?$less@H@std@@V?$allocator@U?$pair@$$CBHVsizedBuffer@@@std@@@3@$0A@@std@@@2@@Z 00407080 f i importPreview.obj
 0001:000060d0       ?_Linsert@?$_Tree@V?$_Tmap_traits@HVsizedBuffer@@U?$less@H@std@@V?$allocator@U?$pair@$$CBHVsizedBuffer@@@std@@@3@$0A@@std@@@std@@QAE?AU?$pair@V?$_Tree_iterator@V?$_Tree_val@V?$_Tmap_traits@HVsizedBuffer@@U?$less@H@std@@V?$allocator@U?$pair@$$CBHVsizedBuffer@@@std@@@3@$0A@@std@@@std@@@std@@_N@2@PAU_Node@?$_Tree_nod@V?$_Tmap_traits@HVsizedBuffer@@U?$less@H@std@@V?$allocator@U?$pair@$$CBHVsizedBuffer@@@std@@@3@$0A@@std@@@2@_N@Z 004070d0 f i importPreview.obj
 0001:000061c0       ?exec@importPreview@@QAEXPBD0_N@Z 004071c0 f   importPreview.obj
 0001:00006230       ?addEntry@importPreview@@QAEXHPBD@Z 00407230 f   importPreview.obj
 0001:000064e0       ?addEntry@importPreview@@QAEXPBD@Z 004074e0 f   importPreview.obj
 0001:000065b0       ?erase@?$_Tree@V?$_Tmap_traits@HVsizedBuffer@@U?$less@H@std@@V?$allocator@U?$pair@$$CBHVsizedBuffer@@@std@@@3@$0A@@std@@@std@@QAE?AV?$_Tree_iterator@V?$_Tree_val@V?$_Tmap_traits@HVsizedBuffer@@U?$less@H@std@@V?$allocator@U?$pair@$$CBHVsizedBuffer@@@std@@@3@$0A@@std@@@std@@@2@V?$_Tree_const_iterator@V?$_Tree_val@V?$_Tmap_traits@HVsizedBuffer@@U?$less@H@std@@V?$allocator@U?$pair@$$CBHVsizedBuffer@@@std@@@3@$0A@@std@@@std@@@2@0@Z 004075b0 f i importPreview.obj
 0001:00006670       ?setData@importPreview@@QAEXPBD@Z 00407670 f   importPreview.obj
 0001:00006760       ??1importPreview@@UAE@XZ   00407760 f   importPreview.obj
 0001:00006840       ??0importPreview@@QAE@PAUHINSTANCE__@@PAUHWND__@@@Z 00407840 f   importPreview.obj
 0001:00006900       ??_GimportPreview@@UAEPAXI@Z 00407900 f i importPreview.obj
 0001:00006900       ??_EimportPreview@@UAEPAXI@Z 00407900 f i importPreview.obj
 0001:00006930       ?cccConfigChangeMessage@IccClientCallback@@MAEXABV?$basic_string@DU?$char_traits@D@std@@V?$allocator@D@2@@std@@@Z 00407930 f i MAIN.obj
 0001:00006940       ?Main_Init@@YAXXZ          00407940 f   MAIN.obj
 0001:00006a10       ?Main_Closedown@@YAXXZ     00407a10 f   MAIN.obj
 0001:00006ab0       ?Main_ClientMsg@@YAXJ@Z    00407ab0 f   MAIN.obj
 0001:00006b40       ?Main_SendDestStr@@YAXIJ@Z 00407b40 f   MAIN.obj
 0001:00006ba0       ?Main_ConfigFileAsPath@@YAPADH@Z 00407ba0 f   MAIN.obj
 0001:00006c00       ?Main_DoHelp@@YAXXZ        00407c00 f   MAIN.obj
 0001:00006ca0       ?_Min@?$_Tree_val@V?$_Tmap_traits@HKU?$less@H@std@@V?$allocator@U?$pair@$$CBHK@std@@@2@$0A@@std@@@std@@SAPAU_Node@?$_Tree_nod@V?$_Tmap_traits@HKU?$less@H@std@@V?$allocator@U?$pair@$$CBHK@std@@@2@$0A@@std@@@2@PAU342@@Z 00407ca0 f i MAIN.obj
 0001:00006cc0       ??E?$_Tree_unchecked_const_iterator@V?$_Tree_val@V?$_Tmap_traits@HKU?$less@H@std@@V?$allocator@U?$pair@$$CBHK@std@@@2@$0A@@std@@@std@@U_Iterator_base0@2@@std@@QAEAAV01@XZ 00407cc0 f i MAIN.obj
 0001:00006d10       ?cccDatabaseChange@cciCallbackHelper@@MAEXHHH@Z 00407d10 f i MAIN.obj
 0001:00006d10       ?cccGpiRevertive@cciCallbackHelper@@MAEXHH_N@Z 00407d10 f i MAIN.obj
 0001:00006d10       ?cccRtrRevertive@cciCallbackHelper@@MAEXHHH@Z 00407d10 f i MAIN.obj
 0001:00006d10       ?cccInfoRevertive@IccClientCallback@@MAEXHHABV?$basic_string@DU?$char_traits@D@std@@V?$allocator@D@2@@std@@@Z 00407d10 f i MAIN.obj
 0001:00006d10       ?cccDeviceMode@cciCallbackHelper@@MAEXHHW4redundancyState@cc@@@Z 00407d10 f i MAIN.obj
 0001:00006d20       ?cccDeviceMessage@cciCallbackHelper@@MAEXHHABV?$basic_string@DU?$char_traits@D@std@@V?$allocator@D@2@@std@@H@Z 00407d20 f i MAIN.obj
 0001:00006d30       ?cccSerialNumberError@cciCallbackHelper@@MAEXHH@Z 00407d30 f i MAIN.obj
 0001:00006d30       ?cccPollError@cciCallbackHelper@@MAEXHH@Z 00407d30 f i MAIN.obj
 0001:00006d40       ?Main_ConfigStatusDialogProc@@YGHPAUHWND__@@IIJ@Z 00407d40 f   MAIN.obj
 0001:00006da0       ?cccInfoRevertive@cciCallbackHelper@@MAEXHHABV?$basic_string@DU?$char_traits@D@std@@V?$allocator@D@2@@std@@H@Z 00407da0 f i MAIN.obj
 0001:00006f30       ?erase@?$_Tree@V?$_Tmap_traits@HKU?$less@H@std@@V?$allocator@U?$pair@$$CBHK@std@@@2@$0A@@std@@@std@@QAE?AV?$_Tree_iterator@V?$_Tree_val@V?$_Tmap_traits@HKU?$less@H@std@@V?$allocator@U?$pair@$$CBHK@std@@@2@$0A@@std@@@std@@@2@V?$_Tree_const_iterator@V?$_Tree_val@V?$_Tmap_traits@HKU?$less@H@std@@V?$allocator@U?$pair@$$CBHK@std@@@2@$0A@@std@@@std@@@2@@Z 00407f30 f i MAIN.obj
 0001:00007190       ?_Erase@?$_Tree@V?$_Tmap_traits@HKU?$less@H@std@@V?$allocator@U?$pair@$$CBHK@std@@@2@$0A@@std@@@std@@IAEXPAU_Node@?$_Tree_nod@V?$_Tmap_traits@HKU?$less@H@std@@V?$allocator@U?$pair@$$CBHK@std@@@2@$0A@@std@@@2@@Z 00408190 f i MAIN.obj
 0001:000071d0       ?Main_SendDelay@@YAXXZ     004081d0 f   MAIN.obj
 0001:00007270       ?clear@?$_Tree@V?$_Tmap_traits@HKU?$less@H@std@@V?$allocator@U?$pair@$$CBHK@std@@@2@$0A@@std@@@std@@QAEXXZ 00408270 f i MAIN.obj
 0001:000072c0       ?erase@?$_Tree@V?$_Tmap_traits@HKU?$less@H@std@@V?$allocator@U?$pair@$$CBHK@std@@@2@$0A@@std@@@std@@QAE?AV?$_Tree_iterator@V?$_Tree_val@V?$_Tmap_traits@HKU?$less@H@std@@V?$allocator@U?$pair@$$CBHK@std@@@2@$0A@@std@@@std@@@2@V?$_Tree_const_iterator@V?$_Tree_val@V?$_Tmap_traits@HKU?$less@H@std@@V?$allocator@U?$pair@$$CBHK@std@@@2@$0A@@std@@@std@@@2@0@Z 004082c0 f i MAIN.obj
 0001:00007360       ?MainWndProc@@YGJPAUHWND__@@IIJ@Z 00408360 f   MAIN.obj
 0001:000089d0       ?Main_Initialise@@YAXXZ    004099d0 f   MAIN.obj
 0001:00008b30       ?InitApplication@@YAHPAUHINSTANCE__@@@Z 00409b30 f   MAIN.obj
 0001:00008ba0       ?InitInstance@@YAHPAUHINSTANCE__@@H@Z 00409ba0 f   MAIN.obj
 0001:00008c10       _WinMain@16                00409c10 f   MAIN.obj
 0001:00008d00       ?Memory_Closedown@@YAXXZ   00409d00 f   MEMORY.obj
 0001:00008d30       ?Memory_InfoWrite@@YAXHHPAD@Z 00409d30 f   MEMORY.obj
 0001:00008d70       ?Memory_InfoRead@@YAXHPAD@Z 00409d70 f   MEMORY.obj
 0001:00008db0       ?Memory_FlushDatFiles@@YAXXZ 00409db0 f   MEMORY.obj
 0001:00008e10       ?Memory_Init@@YAXXZ        00409e10 f   MEMORY.obj
 0001:000090d0       ?NetCmd_Parse@@YAHPAD@Z    0040a0d0 f   NETCMD.obj
 0001:00009300       ?Parser_Parse@@YAXPAD@Z    0040a300 f   PARSER.obj
 0001:000093b0       ?Prfu_PrintBuffer@@YAXXZ   0040a3b0 f   PRFU.obj
 0001:00009480       ?Prfu_ClearBuffer@@YAXXZ   0040a480 f   PRFU.obj
 0001:000094a0       ?Prof_GrantAccess@@YAXH@Z  0040a4a0 f   PROF.obj
 0001:000094c0       ?Prof_GetVersionInfo@@YAXXZ 0040a4c0 f   PROF.obj
 0001:00009590       ?Prof_Init@@YAXXZ          0040a590 f   PROF.obj
 0001:00009c40       ?BNCSSendMessage@@YAJPAUHWND__@@0IIJHHHE@Z 0040ac40 f   SNDMSG.obj
 0001:00009cb0       ?fnSplitString@@YAHPAD0IPAPAD@Z 0040acb0 f   SplitString.obj
 0001:00009d60       ?ODS@@YAXPAD@Z             0040ad60 f   SUFU.obj
 0001:00009db0       ?OSM@@YAXPAD@Z             0040adb0 f   SUFU.obj
 0001:00009e00       ?GetArguments@@YAXPADH@Z   0040ae00 f   SUFU.obj
 0001:00009f00       _BNCS32SendMessage         0040af00 f   bncsWM32:BncsWM32.obj
 0001:00009ff0       _BNCS32ReceiveMessage      0040aff0 f   bncsWM32:BncsWM32.obj
 0001:0000a100       _HtmlHelpA@16              0040b100 f   htmlhelp:init.obj
 0001:0000a200       ??0cBncsVersion@@QAE@PBD@Z 0040b200 f   BncsVersionInfo:cBncsVersion.obj
 0001:0000a710       ??_EcBncsVersion@@UAEPAXI@Z 0040b710 f i BncsVersionInfo:cBncsVersion.obj
 0001:0000a710       ??_GcBncsVersion@@UAEPAXI@Z 0040b710 f i BncsVersionInfo:cBncsVersion.obj
 0001:0000a730       ??1cBncsVersion@@UAE@XZ    0040b730 f   BncsVersionInfo:cBncsVersion.obj
 0001:0000a810       _VerQueryValueA@16         0040b810 f   version:VERSION.dll
 0001:0000a816       _GetFileVersionInfoA@16    0040b816 f   version:VERSION.dll
 0001:0000a81c       _GetFileVersionInfoSizeA@8 0040b81c f   version:VERSION.dll
 0001:0000a822       ??_U@YAPAXI@Z              0040b822 f   msvcprt:newaop_s.obj
 0001:0000a82d       ??_Etype_info@@UAEPAXI@Z   0040b82d f i MSVCRT:ti_inst.obj
 0001:0000a87a       ?what@exception@std@@UBEPBDXZ 0040b87a f   MSVCRT:MSVCR100.dll
 0001:0000a880       ??3@YAXPAX@Z               0040b880 f   MSVCRT:MSVCR100.dll
 0001:0000a886       _memcpy                    0040b886 f   MSVCRT:MSVCR100.dll
 0001:0000a88c       ??2@YAPAXI@Z               0040b88c f   MSVCRT:MSVCR100.dll
 0001:0000a892       __CxxThrowException@8      0040b892 f   MSVCRT:MSVCR100.dll
 0001:0000a898       ??0exception@std@@QAE@ABV01@@Z 0040b898 f   MSVCRT:MSVCR100.dll
 0001:0000a89e       ___CxxFrameHandler3        0040b89e f   MSVCRT:MSVCR100.dll
 0001:0000a8a4       @__security_check_cookie@4 0040b8a4 f   MSVCRT:secchk.obj
 0001:0000a8b4       _memset                    0040b8b4 f   MSVCRT:MSVCR100.dll
 0001:0000a8ba       ??_V@YAXPAX@Z              0040b8ba f   MSVCRT:MSVCR100.dll
 0001:0000a8c0       __alloca_probe             0040b8c0     MSVCRT:chkstk.obj
 0001:0000a8c0       __chkstk                   0040b8c0 f   MSVCRT:chkstk.obj
 0001:0000a8eb       __onexit                   0040b8eb f   MSVCRT:atonexit.obj
 0001:0000a98c       _atexit                    0040b98c f   MSVCRT:atonexit.obj
 0001:0000ac81       _WinMainCRTStartup         0040bc81 f   MSVCRT:crtexew.obj
 0001:0000ac8c       _free                      0040bc8c f   MSVCRT:MSVCR100.dll
 0001:0000ac92       _strpbrk                   0040bc92 f   MSVCRT:MSVCR100.dll
 0001:0000ac98       _malloc                    0040bc98 f   MSVCRT:MSVCR100.dll
 0001:0000ac9e       ?__ArrayUnwind@@YGXPAXIHP6EX0@Z@Z 0040bc9e f   MSVCRT:ehvecdtr.obj
 0001:0000acfc       ??_M@YGXPAXIHP6EX0@Z@Z     0040bcfc f   MSVCRT:ehvecdtr.obj
 0001:0000ad5f       ___report_gsfailure        0040bd5f f   MSVCRT:gs_report.obj
 0001:0000ae66       __unlock                   0040be66 f   MSVCRT:MSVCR100.dll
 0001:0000ae6c       ___dllonexit               0040be6c f   MSVCRT:MSVCR100.dll
 0001:0000ae72       __lock                     0040be72 f   MSVCRT:MSVCR100.dll
 0001:0000ae80       __SEH_prolog4              0040be80 f   MSVCRT:sehprolg4.obj
 0001:0000aec5       __SEH_epilog4              0040bec5 f   MSVCRT:sehprolg4.obj
 0001:0000aed9       __except_handler4          0040bed9 f   MSVCRT:chandler4gs.obj
 0001:0000aefe       ?__CxxUnhandledExceptionFilter@@YGJPAU_EXCEPTION_POINTERS@@@Z 0040befe f   MSVCRT:unhandld.obj
 0001:0000af40       ___CxxSetUnhandledExceptionFilter 0040bf40 f   MSVCRT:unhandld.obj
 0001:0000af4e       __amsg_exit                0040bf4e f   MSVCRT:MSVCR100.dll
 0001:0000af54       __RTC_Initialize           0040bf54 f   MSVCRT:_initsect_.obj
 0001:0000af7a       __RTC_Terminate            0040bf7a f   MSVCRT:_initsect_.obj
 0001:0000afa0       __XcptFilter               0040bfa0 f   MSVCRT:MSVCR100.dll
 0001:0000afb0       __ValidateImageBase        0040bfb0 f   MSVCRT:pesect.obj
 0001:0000aff0       __FindPESection            0040bff0 f   MSVCRT:pesect.obj
 0001:0000b040       __IsNonwritableInCurrentImage 0040c040 f   MSVCRT:pesect.obj
 0001:0000b0fc       __initterm                 0040c0fc f   MSVCRT:MSVCR100.dll
 0001:0000b102       __initterm_e               0040c102 f   MSVCRT:MSVCR100.dll
 0001:0000b108       __setdefaultprecision      0040c108 f   MSVCRT:fp8.obj
 0001:0000b130       __matherr                  0040c130 f   MSVCRT:merr.obj
 0001:0000b130       __setargv                  0040c130 f   MSVCRT:dllargv.obj
 0001:0000b133       ___security_init_cookie    0040c133 f   MSVCRT:gs_support.obj
 0001:0000b1ce       ?terminate@@YAXXZ          0040c1ce f   MSVCRT:MSVCR100.dll
 0001:0000b1d4       ??1type_info@@UAE@XZ       0040c1d4 f   MSVCRT:MSVCR100.dll
 0001:0000b1d4       ?_type_info_dtor_internal_method@type_info@@QAEXXZ 0040c1d4 f   MSVCRT:MSVCR100.dll
 0001:0000b1da       __crt_debugger_hook        0040c1da f   MSVCRT:MSVCR100.dll
 0001:0000b1e0       __except_handler4_common   0040c1e0 f   MSVCRT:MSVCR100.dll
 0001:0000b1e6       __invoke_watson            0040c1e6 f   MSVCRT:MSVCR100.dll
 0001:0000b1ec       __controlfp_s              0040c1ec f   MSVCRT:MSVCR100.dll
 0002:00000000       __imp__RegCloseKey@4       0040d000     advapi32:ADVAPI32.dll
 0002:00000004       __imp__RegOpenKeyExA@20    0040d004     advapi32:ADVAPI32.dll
 0002:00000008       __imp__RegQueryValueExA@24 0040d008     advapi32:ADVAPI32.dll
 0002:0000000c       \177ADVAPI32_NULL_THUNK_DATA 0040d00c     advapi32:ADVAPI32.dll
 0002:00000010       __imp__BNCS32TxMessage     0040d010     bncsif32:BNCSIF32.dll
 0002:00000014       __imp__BNCS32RxMessage     0040d014     bncsif32:BNCSIF32.dll
 0002:00000018       \177BNCSIF32_NULL_THUNK_DATA 0040d018     bncsif32:BNCSIF32.dll
 0002:0000001c       __imp__GetOpenFileNameA@4  0040d01c     comdlg32:COMDLG32.dll
 0002:00000020       __imp__GetSaveFileNameA@4  0040d020     comdlg32:COMDLG32.dll
 0002:00000024       \177COMDLG32_NULL_THUNK_DATA 0040d024     comdlg32:COMDLG32.dll
 0002:00000028       __imp__StartDocA@8         0040d028     gdi32:GDI32.dll
 0002:0000002c       __imp__StartPage@4         0040d02c     gdi32:GDI32.dll
 0002:00000030       __imp__TextOutA@20         0040d030     gdi32:GDI32.dll
 0002:00000034       __imp__EndPage@4           0040d034     gdi32:GDI32.dll
 0002:00000038       __imp__EndDoc@4            0040d038     gdi32:GDI32.dll
 0002:0000003c       __imp__GetStockObject@4    0040d03c     gdi32:GDI32.dll
 0002:00000040       __imp__CreateSolidBrush@4  0040d040     gdi32:GDI32.dll
 0002:00000044       __imp__DeleteObject@4      0040d044     gdi32:GDI32.dll
 0002:00000048       __imp__SetTextColor@8      0040d048     gdi32:GDI32.dll
 0002:0000004c       __imp__SetBkColor@8        0040d04c     gdi32:GDI32.dll
 0002:00000050       \177GDI32_NULL_THUNK_DATA  0040d050     gdi32:GDI32.dll
 0002:00000054       __imp__WinExec@8           0040d054     kernel32:KERNEL32.dll
 0002:00000058       __imp___lclose@4           0040d058     kernel32:KERNEL32.dll
 0002:0000005c       __imp___lwrite@12          0040d05c     kernel32:KERNEL32.dll
 0002:00000060       __imp___llseek@12          0040d060     kernel32:KERNEL32.dll
 0002:00000064       __imp___lread@12           0040d064     kernel32:KERNEL32.dll
 0002:00000068       __imp___lopen@8            0040d068     kernel32:KERNEL32.dll
 0002:0000006c       __imp___lcreat@8           0040d06c     kernel32:KERNEL32.dll
 0002:00000070       __imp__GetSystemTimeAsFileTime@4 0040d070     kernel32:KERNEL32.dll
 0002:00000074       __imp__GetCurrentProcessId@0 0040d074     kernel32:KERNEL32.dll
 0002:00000078       __imp__GetCurrentThreadId@0 0040d078     kernel32:KERNEL32.dll
 0002:0000007c       __imp__QueryPerformanceCounter@4 0040d07c     kernel32:KERNEL32.dll
 0002:00000080       __imp__IsDebuggerPresent@0 0040d080     kernel32:KERNEL32.dll
 0002:00000084       __imp__SetUnhandledExceptionFilter@4 0040d084     kernel32:KERNEL32.dll
 0002:00000088       __imp__UnhandledExceptionFilter@4 0040d088     kernel32:KERNEL32.dll
 0002:0000008c       __imp__GetCurrentProcess@0 0040d08c     kernel32:KERNEL32.dll
 0002:00000090       __imp__TerminateProcess@8  0040d090     kernel32:KERNEL32.dll
 0002:00000094       __imp__GetStartupInfoW@4   0040d094     kernel32:KERNEL32.dll
 0002:00000098       __imp__HeapSetInformation@16 0040d098     kernel32:KERNEL32.dll
 0002:0000009c       __imp__InterlockedCompareExchange@12 0040d09c     kernel32:KERNEL32.dll
 0002:000000a0       __imp__Sleep@4             0040d0a0     kernel32:KERNEL32.dll
 0002:000000a4       __imp__InterlockedExchange@8 0040d0a4     kernel32:KERNEL32.dll
 0002:000000a8       __imp__DecodePointer@4     0040d0a8     kernel32:KERNEL32.dll
 0002:000000ac       __imp__EncodePointer@4     0040d0ac     kernel32:KERNEL32.dll
 0002:000000b0       __imp__GlobalUnlock@4      0040d0b0     kernel32:KERNEL32.dll
 0002:000000b4       __imp__GlobalAlloc@8       0040d0b4     kernel32:KERNEL32.dll
 0002:000000b8       __imp__GlobalFree@4        0040d0b8     kernel32:KERNEL32.dll
 0002:000000bc       __imp__GetModuleFileNameA@12 0040d0bc     kernel32:KERNEL32.dll
 0002:000000c0       __imp__lstrcpyA@8          0040d0c0     kernel32:KERNEL32.dll
 0002:000000c4       __imp__lstrcpynA@12        0040d0c4     kernel32:KERNEL32.dll
 0002:000000c8       __imp__OutputDebugStringA@4 0040d0c8     kernel32:KERNEL32.dll
 0002:000000cc       __imp__FreeLibrary@4       0040d0cc     kernel32:KERNEL32.dll
 0002:000000d0       __imp__GetProcAddress@8    0040d0d0     kernel32:KERNEL32.dll
 0002:000000d4       __imp__LoadLibraryA@4      0040d0d4     kernel32:KERNEL32.dll
 0002:000000d8       __imp__GetPrivateProfileStringA@24 0040d0d8     kernel32:KERNEL32.dll
 0002:000000dc       __imp__WritePrivateProfileStringA@16 0040d0dc     kernel32:KERNEL32.dll
 0002:000000e0       __imp__GetPrivateProfileIntA@16 0040d0e0     kernel32:KERNEL32.dll
 0002:000000e4       __imp__GetWindowsDirectoryA@8 0040d0e4     kernel32:KERNEL32.dll
 0002:000000e8       __imp__GetTickCount@0      0040d0e8     kernel32:KERNEL32.dll
 0002:000000ec       __imp__GlobalLock@4        0040d0ec     kernel32:KERNEL32.dll
 0002:000000f0       \177KERNEL32_NULL_THUNK_DATA 0040d0f0     kernel32:KERNEL32.dll
 0002:000000f4       __imp_??1_Container_base12@std@@QAE@XZ 0040d0f4     msvcprt:MSVCP100.dll
 0002:000000f8       __imp_?_Xlength_error@std@@YAXPBD@Z 0040d0f8     msvcprt:MSVCP100.dll
 0002:000000fc       __imp_?_Xout_of_range@std@@YAXPBD@Z 0040d0fc     msvcprt:MSVCP100.dll
 0002:00000100       \177MSVCP100_NULL_THUNK_DATA 0040d100     msvcprt:MSVCP100.dll
 0002:00000104       __imp__strlwr              0040d104     MSVCRT:MSVCR100.dll
 0002:00000104       __imp___strlwr             0040d104     MSVCRT:MSVCR100.dll
 0002:00000108       __imp___controlfp_s        0040d108     MSVCRT:MSVCR100.dll
 0002:0000010c       __imp___invoke_watson      0040d10c     MSVCRT:MSVCR100.dll
 0002:00000110       __imp___except_handler4_common 0040d110     MSVCRT:MSVCR100.dll
 0002:00000114       __imp___crt_debugger_hook  0040d114     MSVCRT:MSVCR100.dll
 0002:00000118       __imp_?_type_info_dtor_internal_method@type_info@@QAEXXZ 0040d118     MSVCRT:MSVCR100.dll
 0002:0000011c       __imp_?terminate@@YAXXZ    0040d11c     MSVCRT:MSVCR100.dll
 0002:00000120       __imp____set_app_type      0040d120     MSVCRT:MSVCR100.dll
 0002:00000124       __imp___fmode              0040d124     MSVCRT:MSVCR100.dll
 0002:00000128       __imp___commode            0040d128     MSVCRT:MSVCR100.dll
 0002:0000012c       __imp____setusermatherr    0040d12c     MSVCRT:MSVCR100.dll
 0002:00000130       __imp___configthreadlocale 0040d130     MSVCRT:MSVCR100.dll
 0002:00000134       __imp___initterm_e         0040d134     MSVCRT:MSVCR100.dll
 0002:00000138       __imp___initterm           0040d138     MSVCRT:MSVCR100.dll
 0002:0000013c       __imp___acmdln             0040d13c     MSVCRT:MSVCR100.dll
 0002:00000140       __imp__exit                0040d140     MSVCRT:MSVCR100.dll
 0002:00000144       __imp___ismbblead          0040d144     MSVCRT:MSVCR100.dll
 0002:00000148       __imp___XcptFilter         0040d148     MSVCRT:MSVCR100.dll
 0002:0000014c       __imp___exit               0040d14c     MSVCRT:MSVCR100.dll
 0002:00000150       __imp___cexit              0040d150     MSVCRT:MSVCR100.dll
 0002:00000154       __imp____getmainargs       0040d154     MSVCRT:MSVCR100.dll
 0002:00000158       __imp___amsg_exit          0040d158     MSVCRT:MSVCR100.dll
 0002:0000015c       __imp___onexit             0040d15c     MSVCRT:MSVCR100.dll
 0002:00000160       __imp___lock               0040d160     MSVCRT:MSVCR100.dll
 0002:00000164       __imp____dllonexit         0040d164     MSVCRT:MSVCR100.dll
 0002:00000168       __imp___unlock             0040d168     MSVCRT:MSVCR100.dll
 0002:0000016c       __imp__malloc              0040d16c     MSVCRT:MSVCR100.dll
 0002:00000170       __imp__strpbrk             0040d170     MSVCRT:MSVCR100.dll
 0002:00000174       __imp__free                0040d174     MSVCRT:MSVCR100.dll
 0002:00000178       __imp__strtok              0040d178     MSVCRT:MSVCR100.dll
 0002:0000017c       __imp__sscanf              0040d17c     MSVCRT:MSVCR100.dll
 0002:00000180       __imp__strstr              0040d180     MSVCRT:MSVCR100.dll
 0002:00000184       __imp_??_V@YAXPAX@Z        0040d184     MSVCRT:MSVCR100.dll
 0002:00000188       __imp__fgetc               0040d188     MSVCRT:MSVCR100.dll
 0002:0000018c       __imp__fputc               0040d18c     MSVCRT:MSVCR100.dll
 0002:00000190       __imp__vsprintf_s          0040d190     MSVCRT:MSVCR100.dll
 0002:00000194       __imp__fopen               0040d194     MSVCRT:MSVCR100.dll
 0002:00000198       __imp__fgets               0040d198     MSVCRT:MSVCR100.dll
 0002:0000019c       __imp__fprintf             0040d19c     MSVCRT:MSVCR100.dll
 0002:000001a0       __imp_??0exception@std@@QAE@ABQBD@Z 0040d1a0     MSVCRT:MSVCR100.dll
 0002:000001a4       __imp_?what@exception@std@@UBEPBDXZ 0040d1a4     MSVCRT:MSVCR100.dll
 0002:000001a8       __imp_??1exception@std@@UAE@XZ 0040d1a8     MSVCRT:MSVCR100.dll
 0002:000001ac       __imp_??3@YAXPAX@Z         0040d1ac     MSVCRT:MSVCR100.dll
 0002:000001b0       __imp__memcpy              0040d1b0     MSVCRT:MSVCR100.dll
 0002:000001b4       __imp__memmove             0040d1b4     MSVCRT:MSVCR100.dll
 0002:000001b8       __imp_??2@YAPAXI@Z         0040d1b8     MSVCRT:MSVCR100.dll
 0002:000001bc       __imp___CxxThrowException@8 0040d1bc     MSVCRT:MSVCR100.dll
 0002:000001c0       __imp_??0exception@std@@QAE@ABV01@@Z 0040d1c0     MSVCRT:MSVCR100.dll
 0002:000001c4       __imp____CxxFrameHandler3  0040d1c4     MSVCRT:MSVCR100.dll
 0002:000001c8       __imp__sprintf             0040d1c8     MSVCRT:MSVCR100.dll
 0002:000001cc       __imp__atoi                0040d1cc     MSVCRT:MSVCR100.dll
 0002:000001d0       __imp__memset              0040d1d0     MSVCRT:MSVCR100.dll
 0002:000001d4       __imp__strncpy             0040d1d4     MSVCRT:MSVCR100.dll
 0002:000001d8       __imp__strchr              0040d1d8     MSVCRT:MSVCR100.dll
 0002:000001dc       __imp__getenv              0040d1dc     MSVCRT:MSVCR100.dll
 0002:000001e0       __imp__strupr              0040d1e0     MSVCRT:MSVCR100.dll
 0002:000001e0       __imp___strupr             0040d1e0     MSVCRT:MSVCR100.dll
 0002:000001e4       __imp__fclose              0040d1e4     MSVCRT:MSVCR100.dll
 0002:000001e8       __imp__fputs               0040d1e8     MSVCRT:MSVCR100.dll
 0002:000001ec       \177MSVCR100_NULL_THUNK_DATA 0040d1ec     MSVCRT:MSVCR100.dll
 0002:000001f0       __imp__ShellExecuteA@24    0040d1f0     shell32:SHELL32.dll
 0002:000001f4       \177SHELL32_NULL_THUNK_DATA 0040d1f4     shell32:SHELL32.dll
 0002:000001f8       __imp__SetWindowPos@28     0040d1f8     user32:USER32.dll
 0002:000001fc       __imp__GetWindowRect@8     0040d1fc     user32:USER32.dll
 0002:00000200       __imp__SetMenu@8           0040d200     user32:USER32.dll
 0002:00000204       __imp__ShowWindow@8        0040d204     user32:USER32.dll
 0002:00000208       __imp__EnableWindow@8      0040d208     user32:USER32.dll
 0002:0000020c       __imp__InvalidateRect@12   0040d20c     user32:USER32.dll
 0002:00000210       __imp__SetFocus@4          0040d210     user32:USER32.dll
 0002:00000214       __imp__IsWindow@4          0040d214     user32:USER32.dll
 0002:00000218       __imp__SendMessageA@16     0040d218     user32:USER32.dll
 0002:0000021c       __imp__DestroyWindow@4     0040d21c     user32:USER32.dll
 0002:00000220       __imp__PostMessageA@16     0040d220     user32:USER32.dll
 0002:00000224       __imp__DefWindowProcA@16   0040d224     user32:USER32.dll
 0002:00000228       __imp__LoadMenuA@8         0040d228     user32:USER32.dll
 0002:0000022c       __imp__MoveWindow@24       0040d22c     user32:USER32.dll
 0002:00000230       __imp__GetSysColor@4       0040d230     user32:USER32.dll
 0002:00000234       __imp__CreateDialogParamA@20 0040d234     user32:USER32.dll
 0002:00000238       __imp__SendDlgItemMessageA@20 0040d238     user32:USER32.dll
 0002:0000023c       __imp__SetTimer@16         0040d23c     user32:USER32.dll
 0002:00000240       __imp__KillTimer@8         0040d240     user32:USER32.dll
 0002:00000244       __imp__DrawMenuBar@4       0040d244     user32:USER32.dll
 0002:00000248       __imp__EnableMenuItem@12   0040d248     user32:USER32.dll
 0002:0000024c       __imp__CheckMenuItem@12    0040d24c     user32:USER32.dll
 0002:00000250       __imp__GetMenu@4           0040d250     user32:USER32.dll
 0002:00000254       __imp__PostQuitMessage@4   0040d254     user32:USER32.dll
 0002:00000258       __imp__SetClipboardData@8  0040d258     user32:USER32.dll
 0002:0000025c       __imp__EmptyClipboard@0    0040d25c     user32:USER32.dll
 0002:00000260       __imp__CloseClipboard@0    0040d260     user32:USER32.dll
 0002:00000264       __imp__GetClipboardData@4  0040d264     user32:USER32.dll
 0002:00000268       __imp__wsprintfA           0040d268     user32:USER32.dll
 0002:0000026c       __imp__GetMessageA@16      0040d26c     user32:USER32.dll
 0002:00000270       __imp__DispatchMessageA@4  0040d270     user32:USER32.dll
 0002:00000274       __imp__TranslateMessage@4  0040d274     user32:USER32.dll
 0002:00000278       __imp__GetSystemMetrics@4  0040d278     user32:USER32.dll
 0002:0000027c       __imp__LoadIconA@8         0040d27c     user32:USER32.dll
 0002:00000280       __imp__LoadCursorA@8       0040d280     user32:USER32.dll
 0002:00000284       __imp__GetDlgItemTextA@16  0040d284     user32:USER32.dll
 0002:00000288       __imp__SetWindowTextA@8    0040d288     user32:USER32.dll
 0002:0000028c       __imp__GetDlgItem@8        0040d28c     user32:USER32.dll
 0002:00000290       __imp__DialogBoxParamA@20  0040d290     user32:USER32.dll
 0002:00000294       __imp__EndDialog@8         0040d294     user32:USER32.dll
 0002:00000298       __imp__SetDlgItemTextA@12  0040d298     user32:USER32.dll
 0002:0000029c       __imp__RegisterClassA@4    0040d29c     user32:USER32.dll
 0002:000002a0       __imp__CreateWindowExA@48  0040d2a0     user32:USER32.dll
 0002:000002a4       __imp__MessageBoxA@16      0040d2a4     user32:USER32.dll
 0002:000002a8       __imp__GetWindowLongA@8    0040d2a8     user32:USER32.dll
 0002:000002ac       __imp__SetWindowLongA@12   0040d2ac     user32:USER32.dll
 0002:000002b0       __imp__OpenClipboard@4     0040d2b0     user32:USER32.dll
 0002:000002b4       \177USER32_NULL_THUNK_DATA 0040d2b4     user32:USER32.dll
 0002:000002b8       __imp__GetFileVersionInfoA@16 0040d2b8     version:VERSION.dll
 0002:000002bc       __imp__VerQueryValueA@16   0040d2bc     version:VERSION.dll
 0002:000002c0       __imp__GetFileVersionInfoSizeA@8 0040d2c0     version:VERSION.dll
 0002:000002c4       \177VERSION_NULL_THUNK_DATA 0040d2c4     version:VERSION.dll
 0002:000002c8       __imp__setInfoHwnd         0040d2c8     info32fix:info32fix.dll
 0002:000002cc       \177info32fix_NULL_THUNK_DATA 0040d2cc     info32fix:info32fix.dll
 0002:000002d0       ___xc_a                    0040d2d0     MSVCRT:cinitexe.obj
 0002:000002dc       ___xc_z                    0040d2dc     MSVCRT:cinitexe.obj
 0002:000002e0       ___xi_a                    0040d2e0     MSVCRT:cinitexe.obj
 0002:000002ec       ___xi_z                    0040d2ec     MSVCRT:cinitexe.obj
 0002:000002f4       ??_7bad_alloc@std@@6B@     0040d2f4     ccCheck.obj
 0002:000002fc       ??_C@_0BI@CFPLBAOH@invalid?5string?5position?$AA@ 0040d2fc     ccCheck.obj
 0002:00000314       ??_C@_0BA@JFNIOLAK@string?5too?5long?$AA@ 0040d314     ccCheck.obj
 0002:00000328       ??_7ccCheck@@6B@           0040d328     ccCheck.obj
 0002:0000032c       ??_C@_01EEMJAFIK@?6?$AA@   0040d32c     ccCheck.obj
 0002:00000330       ??_C@_02LMMGGCAJ@?3?5?$AA@ 0040d330     ccCheck.obj
 0002:00000334       ??_C@_0CH@OJFCKHKJ@Workstation?5number?5invalid?5?$CI?$DO?599@ 0040d334     ccCheck.obj
 0002:0000035c       ??_C@_0CF@IABOACOB@Workstation?5number?5invalid?5?$CI?$DM?51?$CJ@ 0040d35c     ccCheck.obj
 0002:00000384       ??_C@_0CL@LCKFFHKG@Device?5Number?5of?5out?5range?5?$CI?$DO?5MA@ 0040d384     ccCheck.obj
 0002:000003b0       ??_C@_0CJ@PMKCGGCL@Device?5Number?5of?5out?5range?5?$CIless@ 0040d3b0     ccCheck.obj
 0002:000003dc       ??_C@_0CI@PMCCDFOB@Index?5Number?5of?5out?5range?5?$CI?$DO?5MAX@ 0040d3dc     ccCheck.obj
 0002:00000404       ??_C@_0CI@IGLAJDJI@Index?5Number?5of?5out?5range?5?$CIless?5@ 0040d404     ccCheck.obj
 0002:0000042c       ??_C@_0BK@BPKEILLL@Invalid?5range?5?$CIstart?$DOend?$CJ?$AA@ 0040d42c     ccCheck.obj
 0002:00000448       ??_C@_0BK@LPOMIHEL@Invalid?5database?5?$CI?$CFd?$DO?$DN?$CFd?$CJ?$AA@ 0040d448     ccCheck.obj
 0002:00000464       ??_C@_0BJ@KLMGOEEA@String?5too?5long?5?$CI?$DO255?$CJ?3?5?$AA@ 0040d464     ccCheck.obj
 0002:00000480       ??_C@_0BC@KBDMBKEH@deque?$DMT?$DO?5too?5long?$AA@ 0040d480     ccClient.obj
 0002:00000494       ??_C@_0BN@DDDBHADP@?$CL?$CL?5number?5of?5databases?5is?5?$CFd?$AA@ 0040d494     ccClient.obj
 0002:000004b4       ??_C@_0DE@GHIGEGJI@ccClient?3?5CSI?5handle?5from?5Broadc@ 0040d4b4     ccClient.obj
 0002:000004e8       ??_C@_0CK@BMPKJFHD@ccClient?3?5CSI?5handle?5from?5handle@ 0040d4e8     ccClient.obj
 0002:00000514       ??_C@_07OLHBNAMO@csiHwnd?$AA@ 0040d514     ccClient.obj
 0002:0000051c       ??_C@_0BA@OPCDEPBM@handleShare?4dll?$AA@ 0040d51c     ccClient.obj
 0002:0000052c       ??_C@_0BB@HPDMKDPM@IW?5?$CFd?5?8?$CFs?8?5?$CFd?5?$CFd?$AA@ 0040d52c     ccClient.obj
 0002:00000544       ??_7ccClient@@6B@          0040d544     ccClient.obj
 0002:00000548       ??_C@_02LIPFKLKA@NB?$AA@   0040d548     ccClient.obj
 0002:0000054c       ??_C@_02FLABHCGL@NI?$AA@   0040d54c     ccClient.obj
 0002:00000550       ??_C@_02JDNIPIGD@NA?$AA@   0040d550     ccClient.obj
 0002:00000554       ??_C@_02KMHJBPDH@DC?$AA@   0040d554     ccClient.obj
 0002:00000558       ??_C@_02DPKJAMEF@?$CFd?$AA@ 0040d558     ccClient.obj
 0002:0000055c       ??_C@_02OLCMIILA@NS?$AA@   0040d55c     ccClient.obj
 0002:00000560       ??_C@_02PNOGICHO@GR?$AA@   0040d560     ccClient.obj
 0002:00000564       ??_C@_02OHALODOF@RR?$AA@   0040d564     ccClient.obj
 0002:00000568       ??_C@_02PHHIKPHE@IR?$AA@   0040d568     ccClient.obj
 0002:0000056c       ??_C@_0DG@EAEPBJGP@shim?3?5database?5modify?5index?5?$DM1?5o@ 0040d56c     ccClient.obj
 0002:000005a4       ??_C@_0M@EADEFJIO@DC?5?$CFd?5?$CFd?5?$CFd?$AA@ 0040d5a4     ccClient.obj
 0002:000005b0       ??_C@_0CE@ONFEDNFO@Cannot?5create?5ccClientMessageWin@ 0040d5b0     ccClient.obj
 0002:000005d4       ??_C@_0BE@FKAJGBAE@Very?5Serious?5Error?$CB?$AA@ 0040d5d4     ccClient.obj
 0002:000005e8       ??_C@_00CNPNBAHC@?$AA@     0040d5e8     ccClient.obj
 0002:000005ec       ??_C@_0BJ@JOJMAJDN@ccClientMessageWindow_?$CFp?$AA@ 0040d5ec     ccClient.obj
 0002:00000608       ??_C@_09DDAHAMBK@CC_SYSTEM?$AA@ 0040d608     ccConfig.obj
 0002:00000614       ??_C@_07JBEBLGDD@CC_ROOT?$AA@ 0040d614     ccConfig.obj
 0002:0000061c       ??_C@_06LLCHJONG@Config?$AA@ 0040d61c     ccConfig.obj
 0002:00000624       ??_C@_0L@DHJBNFFA@ConfigPath?$AA@ 0040d624     ccConfig.obj
 0002:00000630       ??_C@_0BD@FFAKGAPP@c?3?2bncs_config?4ini?$AA@ 0040d630     ccConfig.obj
 0002:00000644       ??_C@_06KIMFAMMH@WINDIR?$AA@ 0040d644     ccConfig.obj
 0002:0000064c       ??_C@_07IOFNEBNE@?2config?$AA@ 0040d64c     ccConfig.obj
 0002:00000654       ??_C@_01KICIPPFI@?2?$AA@   0040d654     ccConfig.obj
 0002:00000658       ??_C@_01KDCPPGHE@r?$AA@    0040d658     ccConfig.obj
 0002:0000065c       ??_C@_0BE@JONHPENG@map?1set?$DMT?$DO?5too?5long?$AA@ 0040d65c     ccConfig.obj
 0002:00000670       ??_C@_0N@LDBPMCOK@applcore?4ini?$AA@ 0040d670     ccConfig.obj
 0002:00000680       ??_C@_06JIODDOFH@System?$AA@ 0040d680     ccConfig.obj
 0002:00000688       ??_C@_07PIGLAMMC@csi?4ini?$AA@ 0040d688     ccConfig.obj
 0002:00000690       ??_C@_0BO@GPPILLIC@config?2system?2bncs_system?4ini?$AA@ 0040d690     ccConfig.obj
 0002:000006b0       ??_C@_07BGDMAJAE@Network?$AA@ 0040d6b0     ccConfig.obj
 0002:000006b8       ??_C@_0M@CILGCIDH@Workstation?$AA@ 0040d6b8     ccConfig.obj
 0002:000006c4       ??_C@_0P@PKHJHOPF@CC_WORKSTATION?$AA@ 0040d6c4     ccConfig.obj
 0002:000006d4       ??_C@_0BM@PAPJHAGI@invalid?5map?1set?$DMT?$DO?5iterator?$AA@ 0040d6d4     ccConfig.obj
 0002:000006f4       ??_7decodeBNCSString@@6B@  0040d6f4     decodeBNCSString.obj
 0002:000006fc       ??_7sizedBuffer@@6B@       0040d6fc     sizedBuffer.obj
 0002:00000700       ??_C@_02DKCKIIND@?$CFs?$AA@ 0040d700     ABOUT.obj
 0002:00000704       ??_C@_0L@JEBPJHPF@Version?5?$CFs?$AA@ 0040d704     ABOUT.obj
 0002:00000710       ??_C@_07FCJAGJJB@?$CFs?5?9?5?$CFs?$AA@ 0040d710     ABOUT.obj
 0002:00000718       ??_C@_0M@NPJAOAFJ@Mar?5?57?52016?$AA@ 0040d718     ABOUT.obj
 0002:00000724       ??_C@_08CPDGJFOK@22?303?355?$AA@ 0040d724     ABOUT.obj
 0002:00000730       ??_C@_05NPNNLANM@ABOUT?$AA@ 0040d730     ABOUT.obj
 0002:00000738       ??_C@_04OKGDLNCL@NONE?$AA@ 0040d738     bncs_gcd.obj
 0002:00000740       ??_C@_0BE@PHFFEGCA@?$CFs?2?$CFs?2config?2system?$AA@ 0040d740     bncs_gcd.obj
 0002:00000754       ??_C@_0L@DNMHFEPG@?$CFs?2?$CFs?2data?$AA@ 0040d754     bncs_gcd.obj
 0002:00000760       ??_C@_03OFAPEBGM@?$CFs?6?$AA@ 0040d760     CMD.obj
 0002:00000764       ??_C@_0BA@BCBNCKAC@IF?5?$CFd?5?$CFd?5?$CFs?5?$CFs?5?$AA@ 0040d764     CMD.obj
 0002:00000774       ??_C@_0DL@CHEBLLFC@External?5application?5is?5not?5conn@ 0040d774     CMD.obj
 0002:000007b0       ??_C@_0CH@DNOKJDJ@ID_?$CF03d?5?9?5Unknown?5Mode?$CB?5?9?5V?$CFs?5?9?5@ 0040d7b0     CSISUP.obj
 0002:000007d8       ??_C@_06JPHCLLC@Error?$CB?$AA@ 0040d7d8     CSISUP.obj
 0002:000007e0       ??_C@_0CA@HFLOFJDB@ID_?$CF03d?5?9?5RxOnly?5?9?5V?$CFs?5?9?5?$CC?$CFs?$CC?$CFs?$AA@ 0040d7e0     CSISUP.obj
 0002:00000800       ??_C@_07OLJPPAAE@Rx?5Only?$AA@ 0040d800     CSISUP.obj
 0002:00000808       ??_C@_0BO@PNBFPDAE@ID_?$CF03d?5?9?5TXRX?5?9?5V?$CFs?5?9?5?$CC?$CFs?$CC?$CFs?$AA@ 0040d808     CSISUP.obj
 0002:00000828       ??_C@_05GAAPAJPL@Tx?1Rx?$AA@ 0040d828     CSISUP.obj
 0002:00000830       ??_C@_05MNLODOPG@?$CF08ld?$AA@ 0040d830     CSISUP.obj
 0002:00000838       ??_C@_05KFJOKFOM@?$CFd?0?$CFs?$AA@ 0040d838     CSISUP.obj
 0002:00000840       ??_C@_0BC@MILMCLIA@IR?5?$CF03d?5?$CF03d?5?8?$CFs?8?$AA@ 0040d840     CSISUP.obj
 0002:00000854       ??_C@_0CK@IIPNPONI@Cannot?5find?5BNCS?5Control?5System?5@ 0040d854     CSISUP.obj
 0002:00000880       ??_C@_0DK@PNIGLNLE@Request?5refused?5?9?5CSI?5has?5not?5be@ 0040d880     CSISUP.obj
 0002:000008bc       ??_C@_0DK@JLDOAEPM@Request?5refused?5?9?5A?5driver?5has?5a@ 0040d8bc     CSISUP.obj
 0002:000008f8       ??_C@_0CJ@PAFNHGGJ@Request?5refused?5?9?5ID?5supplied?5is@ 0040d8f8     CSISUP.obj
 0002:00000924       ??_C@_09MPNAHAN@?$CB?5Error?5?$CB?$AA@ 0040d924     CSISUP.obj
 0002:00000930       ??_C@_0CB@NEMDEONF@Attempting?5to?5register?5device?5?$CFd@ 0040d930     CSISUP.obj
 0002:00000954       ??_C@_0BC@LBOILKLF@CSI?5handle?50x?$CF04x?$AA@ 0040d954     CSISUP.obj
 0002:00000968       ??_C@_0CG@GNJOHFPE@id32?3?5CSI?5handle?5from?5handleShar@ 0040d968     CSISUP.obj
 0002:00000990       ??_C@_0BI@GGOCJKIB@Trying?5to?5attach?5to?5CSI?$AA@ 0040d990     CSISUP.obj
 0002:000009a8       ??_C@_0BA@CLMEAEBJ@IW?5?$CFd?5?8?$CFs?8?5?$CFd?50?$AA@ 0040d9a8     DIALOG.obj
 0002:000009b8       ??_C@_08CMNOBMAI@Unlocked?$AA@ 0040d9b8     DIALOG.obj
 0002:000009c4       ??_C@_06GFKCFIPE@Locked?$AA@ 0040d9c4     DIALOG.obj
 0002:000009cc       ??_C@_08JGILNPHN@Disabled?$AA@ 0040d9cc     DIALOG.obj
 0002:000009d8       ??_C@_05OEMPKGID@Store?$AA@ 0040d9d8     DIALOG.obj
 0002:000009e0       ??_C@_0BH@CKJABMAJ@External?5not?5connected?$AA@ 0040d9e0     DIALOG.obj
 0002:000009f8       ??_C@_08GKOOPLMO@External?$AA@ 0040d9f8     DIALOG.obj
 0002:00000a04       ??_C@_08DGAODAHG@Internal?$AA@ 0040da04     DIALOG.obj
 0002:00000a10       ??_C@_04OHGLKFFN@?$CF03d?$AA@ 0040da10     DIALOG.obj
 0002:00000a18       ??_C@_04IILMDFMO@MENU?$AA@ 0040da18     DIALOG.obj
 0002:00000a20       ??_C@_0BA@JAICCHEH@IL?5?$CFd?5?$CFd?5?$CFd?51?50?$AA@ 0040da20     DIALOG.obj
 0002:00000a30       ??_C@_0BA@CIDOEACC@IL?5?$CFd?5?$CFd?5?$CFd?50?50?$AA@ 0040da30     DIALOG.obj
 0002:00000a40       ??_C@_0BI@OFOLMCK@Can?8t?5create?5dialog?5box?$AA@ 0040da40     DIALOG.obj
 0002:00000a58       ??_C@_0L@FOEGJMGL@MAINDIALOG?$AA@ 0040da58     DIALOG.obj
 0002:00000a64       ??_C@_0BA@EAJGLPAN@Creating?5Dialog?$AA@ 0040da64     DIALOG.obj
 0002:00000a74       ??_C@_0CB@BCONAMPI@Couldn?8t?5write?5index?5file?5?9?5?8?$CFs?8@ 0040da74     IDXFU.obj
 0002:00000a98       ??_C@_02GMLFBBN@wb?$AA@    0040da98     IDXFU.obj
 0002:00000a9c       ??_C@_0BA@OADKLMHO@?$CFs?2DEV_?$CF03d?4LCK?$AA@ 0040da9c     IDXFU.obj
 0002:00000aac       ??_C@_02JDPG@rb?$AA@       0040daac     IDXFU.obj
 0002:00000ab0       ??_C@_04OCCELDNI@?$CF04d?$AA@ 0040dab0     importPreview.obj
 0002:00000ab8       ??_C@_0BF@KMLGKHIM@can?8t?5find?5list?5view?$AA@ 0040dab8     importPreview.obj
 0002:00000ad0       ??_C@_0DJ@PMCJCMKD@?$CFd?5entries?5were?5checked?5but?5ther@ 0040dad0     importPreview.obj
 0002:00000b10       ??_C@_0JN@HBCBNCMA@There?5are?5no?5valid?5entries?5loade@ 0040db10     importPreview.obj
 0002:00000bb0       ??_C@_0CB@EALNHACK@Infodriver32?3?5Import?5Information@ 0040dbb0     importPreview.obj
 0002:00000bd4       ??_C@_0L@NGCGBHGC@?$CFd?5changes?$AA@ 0040dbd4     importPreview.obj
 0002:00000be0       ??_C@_0BA@LFKNJCDG@?$CFd?5lines?5loaded?$AA@ 0040dbe0     importPreview.obj
 0002:00000bf0       ??_C@_0BD@FKNKCBBO@Import?5Information?$AA@ 0040dbf0     importPreview.obj
 0002:00000c04       ??_C@_09BHEKOGDM@Old?5Value?$AA@ 0040dc04     importPreview.obj
 0002:00000c10       ??_C@_09KGBPANJB@New?5Value?$AA@ 0040dc10     importPreview.obj
 0002:00000c1c       ??_C@_04DPEGMFKN@Slot?$AA@ 0040dc1c     importPreview.obj
 0002:00000c24       ??_C@_0O@PBBBFPN@IW?5?$CFd?5?8?$CFs?8?5?$CFd?$AA@ 0040dc24     importPreview.obj
 0002:00000c34       ??_C@_0BO@NNJEAABO@Index?5out?5of?5range?5?$CIslot?5?$CFd?$CJ?6?$AA@ 0040dc34     importPreview.obj
 0002:00000c54       ??_C@_0CB@DBLNKKHA@Index?5out?5of?5range?5?$CIslot?5?$CFd?5?$CFs?$CJ?6@ 0040dc54     importPreview.obj
 0002:00000c78       ??_C@_0DA@JLOEJFCB@There?5are?5duplicate?5import?5entri@ 0040dc78     importPreview.obj
 0002:00000ca8       ??_C@_0CB@IPLDFJIK@Entry?5too?5long?5?$CI?$CFd?$CJ?5for?5slot?5?$CFd?6@ 0040dca8     importPreview.obj
 0002:00000ccc       ??_C@_01GPOEFGEJ@?7?$AA@   0040dccc     importPreview.obj
 0002:00000cd0       ??_C@_0FB@OKDAIFLL@?$CK?$CK?5There?5are?5more?5than?54096?5line@ 0040dcd0     importPreview.obj
 0002:00000d24       ??_C@_0BD@HLMIFOKI@there?5are?5?$CFd?5lines?$AA@ 0040dd24     importPreview.obj
 0002:00000d3c       ??_7importPreview@@6B@     0040dd3c     importPreview.obj
 0002:00000d40       ??_C@_07DPCFLPKH@ID_?$CF03d?$AA@ 0040dd40     MAIN.obj
 0002:00000d48       ??_C@_0BA@ONAKLNJN@?$CFs?2DEV_?$CF03d?4INI?$AA@ 0040dd48     MAIN.obj
 0002:00000d58       ??_C@_04PICIEOBI@?4chm?$AA@ 0040dd58     MAIN.obj
 0002:00000d60       ??_C@_04JLMDILM@?4exe?$AA@ 0040dd60     MAIN.obj
 0002:00000d6c       ??_7cciCallbackHelper@@6B@ 0040dd6c     MAIN.obj
 0002:00000d9c       ??_C@_03GLPMCEFE@msg?$AA@  0040dd9c     MAIN.obj
 0002:00000da0       ??_C@_0P@CNDCKPB@External?5?$CIDLL?$CJ?$AA@ 0040dda0     MAIN.obj
 0002:00000db0       ??_C@_0O@KHOPGOAL@External?5?$CIWM?$CJ?$AA@ 0040ddb0     MAIN.obj
 0002:00000dc0       ??_C@_0DF@KEIKLAAE@External?5client?5is?5not?5acknowled@ 0040ddc0     MAIN.obj
 0002:00000df8       ??_C@_0DM@BMODCCPH@Can?8t?5force?5Infodriver32?5TxRx?5st@ 0040ddf8     MAIN.obj
 0002:00000e34       ??_C@_0CD@MKNLAGMB@Device?5?$CF03d?3?5Force?5TxRx?5mode?5err@ 0040de34     MAIN.obj
 0002:00000e58       ??_C@_0BK@INIJJLIK@Clear?5All?5Infodriver?5Data?$AA@ 0040de58     MAIN.obj
 0002:00000e74       ??_C@_0L@KMEHIGGD@?$CGClear?5All?$AA@ 0040de74     MAIN.obj
 0002:00000e80       ??_C@_0CK@OIFPNHHK@Infodriver32?3?5Oops?5?9?5Didn?8t?5set?5@ 0040de80     MAIN.obj
 0002:00000eac       ??_C@_0CK@FPGGIIIH@Infodriver32?3?5Oops?5?9?5didn?8t?5get?5@ 0040deac     MAIN.obj
 0002:00000ed8       ??_C@_01BJJEKLCA@?$CC?$AA@ 0040ded8     MAIN.obj
 0002:00000edc       ??_C@_02PCIJFNDE@?$AN?6?$AA@ 0040dedc     MAIN.obj
 0002:00000ee0       ??_C@_0BE@CLKJIHDO@Couldn?8t?5write?5file?$AA@ 0040dee0     MAIN.obj
 0002:00000ef4       ??_C@_08KNLALADD@?$CF04d?7?$CFs?6?$AA@ 0040def4     MAIN.obj
 0002:00000f00       ??_C@_0L@ECENOEMN@?$CF04d?7?$CC?$CFs?$CC?6?$AA@ 0040df00     MAIN.obj
 0002:00000f0c       ??_C@_01NOFIACDB@w?$AA@    0040df0c     MAIN.obj
 0002:00000f10       ??_C@_0CA@OPFJDDOO@File?5already?5exists?4?5Overwrite?$DP?$AA@ 0040df10     MAIN.obj
 0002:00000f30       ??_C@_0BJ@MIIBHIFK@Select?5file?5to?5export?5to?$AA@ 0040df30     MAIN.obj
 0002:00000f4c       ??_C@_0BO@GCJLMKB@Import?5Data?5From?5Clipboard?4?4?4?$AA@ 0040df4c     MAIN.obj
 0002:00000f6c       ??_C@_0BJ@FLEBHODJ@Import?5Data?5From?5File?4?4?4?$AA@ 0040df6c     MAIN.obj
 0002:00000f88       ??_C@_07EGIMGADP@?$CGImport?$AA@ 0040df88     MAIN.obj
 0002:00000f90       ??_C@_0BD@PLBCKDNO@Text?5Files?$AA?$CK?4txt?$AA?$AA?$AA@ 0040df90     MAIN.obj
 0002:00000fa4       ??_C@_0BG@OHHDFGB@Select?5file?5to?5import?$AA@ 0040dfa4     MAIN.obj
 0002:00000fbc       ??_C@_04PMOCAHAA@open?$AA@ 0040dfbc     MAIN.obj
 0002:00000fc4       ??_C@_0M@DDNOHNFA@CONFIG_VIEW?$AA@ 0040dfc4     MAIN.obj
 0002:00000fd0       ??_C@_08LJGJBJHI@ccClient?$AA@ 0040dfd0     MAIN.obj
 0002:00000fdc       ??_C@_0N@GGJKCCDA@InfoDriver32?$AA@ 0040dfdc     MAIN.obj
 0002:00000fec       ??_C@_04IFEHPILC@Menu?$AA@ 0040dfec     MAIN.obj
 0002:00000ff8       ??_C@_0KB@PMJEKNEB@InfoDriver32?5requires?5inf32fix?4e@ 0040dff8     MAIN.obj
 0002:0000109c       ??_C@_0N@FMFGEEDB@inf32fix?4exe?$AA@ 0040e09c     MAIN.obj
 0002:000010ac       ??_C@_0CP@NKADGBIE@InfoDriver?5?$CFd?5opening?5secondary?5@ 0040e0ac     MEMORY.obj
 0002:000010e0       ??_C@_0EA@LFEPCCEN@?$CB?5Error?5?9?5InfoDriver?5?$CFd?5unable?5t@ 0040e0e0     MEMORY.obj
 0002:00001120       ??_C@_0DA@GMBJLILM@Unable?5to?5create?5or?5open?5primary@ 0040e120     MEMORY.obj
 0002:00001150       ??_C@_0BA@OLFAEOGB@?$CFs?2DEV_?$CF03d?4DAT?$AA@ 0040e150     MEMORY.obj
 0002:00001160       ??_C@_0CA@HNGGBPDA@NS?5?$CF03d?5?$CF03d?5?8TXRX?$DN?$CFd?8?5?$CFs?5?$CFs?5?$CFs?$AA@ 0040e160     NETCMD.obj
 0002:00001180       ??_C@_04CLJHIJFO@txrx?$AA@ 0040e180     NETCMD.obj
 0002:00001188       ??_C@_05DNIIFBMG@?$CFs?5?$CFs?$AA@ 0040e188     NETCMD.obj
 0002:00001190       ??_C@_0BC@FDNIGGMG@Printing?5?$CFd?5lines?$AA@ 0040e190     PRFU.obj
 0002:000011a4       ??_C@_04DICKPMGH@Data?$AA@ 0040e1a4     PROF.obj
 0002:000011ac       ??_C@_0BK@NEKLJJGI@UpdateRxOnlyFromRevertive?$AA@ 0040e1ac     PROF.obj
 0002:000011c8       ??_C@_0BE@IHCCJHHF@ImmediateRevertives?$AA@ 0040e1c8     PROF.obj
 0002:000011dc       ??_C@_0BF@DADDDMHA@?5?9?5?$CFdms?5Output?5Delay?$AA@ 0040e1dc     PROF.obj
 0002:000011f4       ??_C@_0O@GKJNJEPL@SendDelay?$CIms?$CJ?$AA@ 0040e1f4     PROF.obj
 0002:00001204       ??_C@_05BIKBEGBP@?$CFd?9?$CFd?$AA@ 0040e204     PROF.obj
 0002:0000120c       ??_C@_01JOAMLHOP@?9?$AA@   0040e20c     PROF.obj
 0002:00001210       ??_C@_01IHBHIGKO@?0?$AA@   0040e210     PROF.obj
 0002:00001214       ??_C@_08EDKKPLCC@Security?$AA@ 0040e214     PROF.obj
 0002:00001220       ??_C@_06IOEANFCI@Access?$AA@ 0040e220     PROF.obj
 0002:00001228       ??_C@_03NIFPGLBG@ALL?$AA@  0040e228     PROF.obj
 0002:0000122c       ??_C@_0M@DGMJCIAG@EnableLocks?$AA@ 0040e22c     PROF.obj
 0002:00001238       ??_C@_01GBGANLPD@0?$AA@    0040e238     PROF.obj
 0002:0000123c       ??_C@_0BH@NGJCDDLI@GoRXOnlyOnExternalFail?$AA@ 0040e23c     PROF.obj
 0002:00001254       ??_C@_04OHKNGLCG@TXRX?$AA@ 0040e254     PROF.obj
 0002:0000125c       ??_C@_0M@GIFOPOJE@StartupMode?$AA@ 0040e25c     PROF.obj
 0002:00001268       ??_C@_0BD@LGJPKNFL@DefaultControlMode?$AA@ 0040e268     PROF.obj
 0002:0000127c       ??_C@_08MLFDIMPC@INTERNAL?$AA@ 0040e27c     PROF.obj
 0002:00001288       ??_C@_0BC@OHJCIKCD@DefaultDriverMode?$AA@ 0040e288     PROF.obj
 0002:0000129c       ??_C@_0BF@BCBOCNEL@SecondaryDATFilePath?$AA@ 0040e29c     PROF.obj
 0002:000012b4       ??_C@_09KJFGGFMG@Device?5?$CFd?$AA@ 0040e2b4     PROF.obj
 0002:000012c0       ??_C@_06OIEJKIHP@Device?$AA@ 0040e2c0     PROF.obj
 0002:000012c8       ??_C@_04FABLJDN@Name?$AA@  0040e2c8     PROF.obj
 0002:000012d0       ??_C@_02PGHGPEOM@?91?$AA@  0040e2d0     PROF.obj
 0002:000012d4       ??_C@_08GLPALMNM@?$DMID?$DO?9?$CFs?6?$AA@ 0040e2d4     SUFU.obj
 0002:0000132c       ??_C@_00A@?$AA@            0040e32c     htmlhelp:init.obj
 0002:00001330       ??_7cBncsVersion@@6B@      0040e330     BncsVersionInfo:cBncsVersion.obj
 0002:00001338       ??_7type_info@@6B@         0040e338     MSVCRT:ti_inst.obj
 0002:00001344       ??_R4bad_alloc@std@@6B@    0040e344     ccCheck.obj
 0002:00001358       ??_R3bad_alloc@std@@8      0040e358     ccCheck.obj
 0002:00001368       ??_R2bad_alloc@std@@8      0040e368     ccCheck.obj
 0002:00001374       ??_R1A@?0A@EA@bad_alloc@std@@8 0040e374     ccCheck.obj
 0002:00001390       ??_R1A@?0A@EA@exception@std@@8 0040e390     ccCheck.obj
 0002:000013ac       ??_R3exception@std@@8      0040e3ac     ccCheck.obj
 0002:000013bc       ??_R2exception@std@@8      0040e3bc     ccCheck.obj
 0002:000013c4       ??_R4ccCheck@@6B@          0040e3c4     ccCheck.obj
 0002:000013d8       ??_R3ccCheck@@8            0040e3d8     ccCheck.obj
 0002:000013e8       ??_R2ccCheck@@8            0040e3e8     ccCheck.obj
 0002:000013f0       ??_R1A@?0A@EA@ccCheck@@8   0040e3f0     ccCheck.obj
 0002:0000140c       ??_R4ccClient@@6B@         0040e40c     ccClient.obj
 0002:00001420       ??_R3ccClient@@8           0040e420     ccClient.obj
 0002:00001430       ??_R2ccClient@@8           0040e430     ccClient.obj
 0002:0000143c       ??_R1A@?0A@EA@ccClient@@8  0040e43c     ccClient.obj
 0002:00001458       ??_R4decodeBNCSString@@6B@ 0040e458     decodeBNCSString.obj
 0002:0000146c       ??_R3decodeBNCSString@@8   0040e46c     decodeBNCSString.obj
 0002:0000147c       ??_R2decodeBNCSString@@8   0040e47c     decodeBNCSString.obj
 0002:00001484       ??_R1A@?0A@EA@decodeBNCSString@@8 0040e484     decodeBNCSString.obj
 0002:000014a0       ??_R4sizedBuffer@@6B@      0040e4a0     sizedBuffer.obj
 0002:000014b4       ??_R3sizedBuffer@@8        0040e4b4     sizedBuffer.obj
 0002:000014c4       ??_R2sizedBuffer@@8        0040e4c4     sizedBuffer.obj
 0002:000014cc       ??_R1A@?0A@EA@sizedBuffer@@8 0040e4cc     sizedBuffer.obj
 0002:000014e8       ??_R4importPreview@@6B@    0040e4e8     importPreview.obj
 0002:000014fc       ??_R3importPreview@@8      0040e4fc     importPreview.obj
 0002:0000150c       ??_R2importPreview@@8      0040e50c     importPreview.obj
 0002:00001514       ??_R1A@?0A@EA@importPreview@@8 0040e514     importPreview.obj
 0002:00001530       ??_R3IccClientCallback@@8  0040e530     MAIN.obj
 0002:00001540       ??_R2IccClientCallback@@8  0040e540     MAIN.obj
 0002:00001548       ??_R1A@?0A@EA@IccClientCallback@@8 0040e548     MAIN.obj
 0002:00001564       ??_R4cciCallbackHelper@@6B@ 0040e564     MAIN.obj
 0002:00001578       ??_R3cciCallbackHelper@@8  0040e578     MAIN.obj
 0002:00001588       ??_R2cciCallbackHelper@@8  0040e588     MAIN.obj
 0002:00001594       ??_R1A@?0A@EA@cciCallbackHelper@@8 0040e594     MAIN.obj
 0002:000015b0       ??_R4type_info@@6B@        0040e5b0     MSVCRT:ti_inst.obj
 0002:000015c4       ??_R3type_info@@8          0040e5c4     MSVCRT:ti_inst.obj
 0002:000015d4       ??_R2type_info@@8          0040e5d4     MSVCRT:ti_inst.obj
 0002:000015dc       ??_R1A@?0A@EA@type_info@@8 0040e5dc     MSVCRT:ti_inst.obj
 0002:000015f8       ___rtc_iaa                 0040e5f8     MSVCRT:_initsect_.obj
 0002:000015fc       ___rtc_izz                 0040e5fc     MSVCRT:_initsect_.obj
 0002:00001600       ___rtc_taa                 0040e600     MSVCRT:_initsect_.obj
 0002:00001604       ___rtc_tzz                 0040e604     MSVCRT:_initsect_.obj
 0002:00001608       __TI2?AVbad_alloc@std@@    0040e608     ccCheck.obj
 0002:00001618       __CTA2?AVbad_alloc@std@@   0040e618     ccCheck.obj
 0002:00001624       __CT??_R0?AVbad_alloc@std@@@8??0bad_alloc@std@@QAE@ABV01@@Z12 0040e624     ccCheck.obj
 0002:00001640       __CT??_R0?AVexception@std@@@8??0exception@std@@QAE@ABV01@@Z12 0040e640     ccCheck.obj
 0002:00001c5c       __IMPORT_DESCRIPTOR_BNCSIF32 0040ec5c     bncsif32:BNCSIF32.dll
 0002:00001c70       __IMPORT_DESCRIPTOR_info32fix 0040ec70     info32fix:info32fix.dll
 0002:00001c84       __IMPORT_DESCRIPTOR_VERSION 0040ec84     version:VERSION.dll
 0002:00001c98       __IMPORT_DESCRIPTOR_KERNEL32 0040ec98     kernel32:KERNEL32.dll
 0002:00001cac       __IMPORT_DESCRIPTOR_USER32 0040ecac     user32:USER32.dll
 0002:00001cc0       __IMPORT_DESCRIPTOR_GDI32  0040ecc0     gdi32:GDI32.dll
 0002:00001cd4       __IMPORT_DESCRIPTOR_COMDLG32 0040ecd4     comdlg32:COMDLG32.dll
 0002:00001ce8       __IMPORT_DESCRIPTOR_ADVAPI32 0040ece8     advapi32:ADVAPI32.dll
 0002:00001cfc       __IMPORT_DESCRIPTOR_SHELL32 0040ecfc     shell32:SHELL32.dll
 0002:00001d10       __IMPORT_DESCRIPTOR_MSVCP100 0040ed10     msvcprt:MSVCP100.dll
 0002:00001d24       __IMPORT_DESCRIPTOR_MSVCR100 0040ed24     MSVCRT:MSVCR100.dll
 0002:00001d38       __NULL_IMPORT_DESCRIPTOR   0040ed38     bncsif32:BNCSIF32.dll
 0003:00000000       ??_R0?AVbad_alloc@std@@@8  00410000     ccCheck.obj
 0003:0000001c       ??_R0?AVexception@std@@@8  0041001c     ccCheck.obj
 0003:00000038       ??_R0?AVccCheck@@@8        00410038     ccCheck.obj
 0003:000000a4       ??_R0?AVccClient@@@8       004100a4     ccClient.obj
 0003:000000bc       ??_R0?AVdecodeBNCSString@@@8 004100bc     decodeBNCSString.obj
 0003:000000dc       ??_R0?AVsizedBuffer@@@8    004100dc     sizedBuffer.obj
 0003:00000108       ??_R0?AVimportPreview@@@8  00410108     importPreview.obj
 0003:00000124       ??_R0?AVIccClientCallback@@@8 00410124     MAIN.obj
 0003:00000144       ??_R0?AVcciCallbackHelper@@@8 00410144     MAIN.obj
 0003:00000164       ?cciCallback@@3VcciCallbackHelper@@A 00410164     MAIN.obj
 0003:0000016c       ??_C@_05LCJC@?$CF08lx?$AA@ 0041016c     bncsWM32:BncsWM32.obj
 0003:00000174       ??_C@_0CA@NIKF@?2StringFileInfo?2?$CFs?2SpecialBuild?$AA@ 00410174     BncsVersionInfo:cBncsVersion.obj
 0003:00000194       ??_C@_0CE@CKA@?2StringFileInfo?2?$CFs?2OriginalFileN@ 00410194     BncsVersionInfo:cBncsVersion.obj
 0003:000001b8       ??_C@_0CA@BBDI@?2StringFileInfo?2?$CFs?2PrivateBuild?$AA@ 004101b8     BncsVersionInfo:cBncsVersion.obj
 0003:000001d8       ??_C@_0CD@GCNL@?2StringFileInfo?2?$CFs?2LegalTradeMar@ 004101d8     BncsVersionInfo:cBncsVersion.obj
 0003:000001fc       ??_C@_0CC@KILK@?2StringFileInfo?2?$CFs?2ProductVersio@ 004101fc     BncsVersionInfo:cBncsVersion.obj
 0003:00000220       ??_C@_0CC@OKGI@?2StringFileInfo?2?$CFs?2LegalCopyrigh@ 00410220     BncsVersionInfo:cBncsVersion.obj
 0003:00000244       ??_C@_0BP@HFNO@?2StringFileInfo?2?$CFs?2CompanyName?$AA@ 00410244     BncsVersionInfo:cBncsVersion.obj
 0003:00000264       ??_C@_0BP@OKDL@?2StringFileInfo?2?$CFs?2ProductName?$AA@ 00410264     BncsVersionInfo:cBncsVersion.obj
 0003:00000284       ??_C@_0CA@FECA@?2StringFileInfo?2?$CFs?2InternalName?$AA@ 00410284     BncsVersionInfo:cBncsVersion.obj
 0003:000002a4       ??_C@_0BM@IIGK@?2StringFileInfo?2?$CFs?2Comments?$AA@ 004102a4     BncsVersionInfo:cBncsVersion.obj
 0003:000002c0       ??_C@_0CD@LFKN@?2StringFileInfo?2?$CFs?2FileDescripti@ 004102c0     BncsVersionInfo:cBncsVersion.obj
 0003:000002e4       ??_C@_01KMAE@?0?$AA@       004102e4     BncsVersionInfo:cBncsVersion.obj
 0003:000002e8       ??_C@_0BP@EOHM@?2StringFileInfo?2?$CFs?2FileVersion?$AA@ 004102e8     BncsVersionInfo:cBncsVersion.obj
 0003:00000308       ??_C@_08CALL@?$CF04X?$CF04X?$AA@ 00410308     BncsVersionInfo:cBncsVersion.obj
 0003:00000314       ??_C@_0BJ@KCFH@?2VarFileInfo?2Translation?$AA@ 00410314     BncsVersionInfo:cBncsVersion.obj
 0003:00000330       ??_R0?AVtype_info@@@8      00410330     MSVCRT:ti_inst.obj
 0003:00000348       ___security_cookie         00410348     MSVCRT:gs_cookie.obj
 0003:0000034c       ___security_cookie_complement 0041034c     MSVCRT:gs_cookie.obj
 0003:00000350       ___native_dllmain_reason   00410350     MSVCRT:natstart.obj
 0003:00000354       ___native_vcclrit_reason   00410354     MSVCRT:natstart.obj
 0003:00000358       ___globallocalestatus      00410358     MSVCRT:xthdloc.obj
 0003:0000035c       ___defaultmatherr          0041035c     MSVCRT:merr.obj
 0003:00000360       ?f1@@3PAU_iobuf@@A         00410360     CMD.obj
 0003:00000378       ?thisDlg@importPreview@@0PAV1@A 00410378     importPreview.obj
 0003:00000380       ?acDeviceName@@3PADA       00410380     MAIN.obj
 0003:000003c0       ?iImmediateRevertives@@3HA 004103c0     MAIN.obj
 0003:000003c4       ?hAltMemFile@@3HA          004103c4     MAIN.obj
 0003:000003c8       ?avVar@@3PADA              004103c8     MAIN.obj
 0003:000003d2       ?iUpdateRxOnlyFromRevertive@@3_NA 004103d2     MAIN.obj
 0003:000003d3       ?bExtCtlType@@3EA          004103d3     MAIN.obj
 0003:000003d4       ?hWndDlg@@3PAUHWND__@@A    004103d4     MAIN.obj
 0003:000003d8       ?acDelayString@@3PADA      004103d8     MAIN.obj
 0003:00000418       ?lNetRx@@3JA               00410418     MAIN.obj
 0003:0000041c       ?hMenu@@3PAUHMENU__@@A     0041041c     MAIN.obj
 0003:00000420       ?iDefaultControlMode@@3HA  00410420     MAIN.obj
 0003:00000424       ?iPrintPtr@@3HA            00410424     MAIN.obj
 0003:00000428       ?iKbEnabled@@3HA           00410428     MAIN.obj
 0003:0000042c       ?hMenuMain@@3PAUHMENU__@@A 0041042c     MAIN.obj
 0003:00000430       ?iInterfaceMode@@3HA       00410430     MAIN.obj
 0003:00000434       ?iWorkstation@@3HA         00410434     MAIN.obj
 0003:00000438       ?iGoRXOnlyOnExternalFail@@3HA 00410438     MAIN.obj
 0003:0000043c       ?iStartupMode@@3HA         0041043c     MAIN.obj
 0003:00000440       ?uSaveCount@@3IA           00410440     MAIN.obj
 0003:00000444       ?iControlMode@@3HA         00410444     MAIN.obj
 0003:00000448       ?acAltMemFilePath@@3PADA   00410448     MAIN.obj
 0003:00000648       ?acVar@@3PAY0BAE@DA        00410648     MAIN.obj
 0003:00001070       ?hWndCtrl@@3PAUHWND__@@A   00411070     MAIN.obj
 0003:00001074       ?acClientName@@3PADA       00411074     MAIN.obj
 0003:00001085       ?bExtDrvType@@3EA          00411085     MAIN.obj
 0003:00001086       ?bLastMsgType@@3EA         00411086     MAIN.obj
 0003:00001087       ?bCSIMsgType@@3EA          00411087     MAIN.obj
 0003:00001088       ?bLockedSlot@@3PAHA        00411088     MAIN.obj
 0003:0000508c       ?hInst@@3PAUHINSTANCE__@@A 0041508c     MAIN.obj
 0003:00005090       ?iExtType@@3HA             00415090     MAIN.obj
 0003:00005094       ?hWndExt@@3PAUHWND__@@A    00415094     MAIN.obj
 0003:00005098       ?iDefaultDriverMode@@3HA   00415098     MAIN.obj
 0003:0000509c       ?iInfoDrvNum@@3HA          0041509c     MAIN.obj
 0003:000050a0       ?acPrintStore@@3PAY0ED@DA  004150a0     MAIN.obj
 0003:000062f2       ?bSlotLockedFlag@@3_NA     004162f2     MAIN.obj
 0003:000062f4       ?m_client@@3PAVccClient@@A 004162f4     MAIN.obj
 0003:000062f8       ?bStatusChanged@@3HA       004162f8     MAIN.obj
 0003:000062fc       ?hMemFile@@3HA             004162fc     MAIN.obj
 0003:00006300       ?bAccess@@3PAHA            00416300     MAIN.obj
 0003:000072a4       ?acFileVersion@@3PADA      004172a4     MAIN.obj
 0003:000072b4       ?lpMainDlgProc@@3P6GHXZA   004172b4     MAIN.obj
 0003:000072b8       ?hWndMain@@3PAUHWND__@@A   004172b8     MAIN.obj
 0003:000072bc       ?aiVar@@3PAHA              004172bc     MAIN.obj
 0003:000072e4       ?hMemory@@3PAXA            004172e4     MAIN.obj
 0003:000072e8       ?lpDialog@@3P6GHXZA        004172e8     MAIN.obj
 0003:000072ec       ?iFlushCount@@3HA          004172ec     MAIN.obj
 0003:000072f0       ?lMemorySize@@3JA          004172f0     MAIN.obj
 0003:000072f4       ?bDebugMode@@3HA           004172f4     MAIN.obj
 0003:000072f8       ?bClosedown@@3HA           004172f8     MAIN.obj
 0003:000072fc       ?bLockEnabled@@3HA         004172fc     MAIN.obj
 0003:00007300       ?acLegalCopyright@@3PADA   00417300     MAIN.obj
 0003:00007340       ?iSelectedSlot@@3HA        00417340     MAIN.obj
 0003:00007344       ?iDriverMode@@3HA          00417344     MAIN.obj
 0003:00007348       ?iAppClosing@@3HA          00417348     MAIN.obj
 0003:0000734c       ?hWndCSI@@3PAUHWND__@@A    0041734c     MAIN.obj
 0003:00007350       ?acDebug@@3PADA            00417350     MAIN.obj
 0003:00007554       ?lNetTx@@3JA               00417554     MAIN.obj
 0003:00007558       ?iCtrlType@@3HA            00417558     MAIN.obj
 0003:0000755c       ?acApplName@@3PADA         0041755c     MAIN.obj
 0003:00007570       ?iSendDelay@@3HA           00417570     MAIN.obj
 0003:00007574       ?delaySendQueue@@3V?$map@HKU?$less@H@std@@V?$allocator@U?$pair@$$CBHK@std@@@2@@std@@A 00417574     MAIN.obj
 0003:00007798       ?acSecMemFilePath@@3PADA   00417798     MEMORY.obj
 0003:000079a8       ?acMemFilePath@@3PADA      004179a8     MEMORY.obj
 0003:00007bb8       ?iLineSpace@@3HA           00417bb8     PRFU.obj
 0003:00007bbc       ?DocInfo@@3U_DOCINFOA@@A   00417bbc     PRFU.obj
 0003:00007bd0       ?iLinesPerPage@@3HA        00417bd0     PRFU.obj
 0003:00007bd4       ?hPdc@@3PAUHDC__@@A        00417bd4     PRFU.obj
 0003:00007bd8       ?TextMetric@@3UtagTEXTMETRICA@@A 00417bd8     PRFU.obj
 0003:00007e58       ?pHtmlHelpW@@3P6GPAUHWND__@@PAU1@PBGIK@ZA 00417e58     htmlhelp:init.obj
 0003:00007e5c       ?pHtmlHelpA@@3P6GPAUHWND__@@PAU1@PBDIK@ZA 00417e5c     htmlhelp:init.obj
 0003:000081a4       __dowildcard               004181a4     MSVCRT:wildcard.obj
 0003:000081a8       __newmode                  004181a8     MSVCRT:_newmode.obj
 0003:000081ac       __commode                  004181ac     MSVCRT:xncommod.obj
 0003:000081b0       __fmode                    004181b0     MSVCRT:xtxtmode.obj
 0003:000081b4       ___native_startup_state    004181b4     <common>
 0003:000081b8       ___native_startup_lock     004181b8     <common>
 0003:000081bc       __NoHeapEnableTerminationOnCorruption 004181bc     <common>
 0003:000081c0       ___dyn_tls_init_callback   004181c0     <common>
 0003:000081c4       ___onexitend               004181c4     <common>
 0003:000081c8       ___onexitbegin             004181c8     <common>

 entry point at        0001:0000ac81

 Static symbols

 0001:000001f4       __catch$?_Copy@?$basic_string@DU?$char_traits@D@std@@V?$allocator@D@2@@std@@QAEXII@Z$0 004011f4 f i ccCheck.obj
 0001:0000027c       __catch$?_Copy@?$basic_string@DU?$char_traits@D@std@@V?$allocator@D@2@@std@@QAEXII@Z$1 0040127c f i ccCheck.obj
 0001:00005af4       __catch$??$_Buynode@U?$pair@HVsizedBuffer@@@std@@@?$_Tree_val@V?$_Tmap_traits@HVsizedBuffer@@U?$less@H@std@@V?$allocator@U?$pair@$$CBHVsizedBuffer@@@std@@@3@$0A@@std@@@std@@QAEPAU_Node@?$_Tree_nod@V?$_Tmap_traits@HVsizedBuffer@@U?$less@H@std@@V?$allocator@U?$pair@$$CBHVsizedBuffer@@@std@@@3@$0A@@std@@@1@$$QAU?$pair@HVsizedBuffer@@@1@@Z$0 00406af4 f i importPreview.obj
 0001:0000a199       ?GetRegisteredLocation@@YGHPAD@Z 0040b199 f   htmlhelp:init.obj
 0001:0000a9a3       _pre_cpp_init              0040b9a3 f   MSVCRT:crtexew.obj
 0001:0000a9ee       ___tmainCRTStartup         0040b9ee f   MSVCRT:crtexew.obj
 0001:0000abc7       _pre_c_init                0040bbc7 f   MSVCRT:crtexew.obj
 0001:0000b200       __ehhandler$?_Copy@?$basic_string@DU?$char_traits@D@std@@V?$allocator@D@2@@std@@QAEXII@Z 0040c200 f   ccCheck.obj
 0001:0000b220       __unwindfunclet$??$?HDU?$char_traits@D@std@@V?$allocator@D@1@@std@@YA?AV?$basic_string@DU?$char_traits@D@std@@V?$allocator@D@2@@0@PBDABV10@@Z$0 0040c220 f   ccCheck.obj
 0001:0000b239       __ehhandler$??$?HDU?$char_traits@D@std@@V?$allocator@D@1@@std@@YA?AV?$basic_string@DU?$char_traits@D@std@@V?$allocator@D@2@@0@PBDABV10@@Z 0040c239 f   ccCheck.obj
 0001:0000b260       __unwindfunclet$??$?HDU?$char_traits@D@std@@V?$allocator@D@1@@std@@YA?AV?$basic_string@DU?$char_traits@D@std@@V?$allocator@D@2@@0@ABV10@PBD@Z$0 0040c260 f   ccCheck.obj
 0001:0000b279       __ehhandler$??$?HDU?$char_traits@D@std@@V?$allocator@D@1@@std@@YA?AV?$basic_string@DU?$char_traits@D@std@@V?$allocator@D@2@@0@ABV10@PBD@Z 0040c279 f   ccCheck.obj
 0001:0000b2a0       __unwindfunclet$?log@ccCheck@@QAEXABV?$basic_string@DU?$char_traits@D@std@@V?$allocator@D@2@@std@@@Z$0 0040c2a0 f   ccCheck.obj
 0001:0000b2a8       __unwindfunclet$?log@ccCheck@@QAEXABV?$basic_string@DU?$char_traits@D@std@@V?$allocator@D@2@@std@@@Z$1 0040c2a8 f   ccCheck.obj
 0001:0000b2b0       __ehhandler$?log@ccCheck@@QAEXABV?$basic_string@DU?$char_traits@D@std@@V?$allocator@D@2@@std@@@Z 0040c2b0 f   ccCheck.obj
 0001:0000b2e0       __unwindfunclet$?checkWorkstation@ccCheck@@QAE_NI@Z$0 0040c2e0 f   ccCheck.obj
 0001:0000b2eb       __unwindfunclet$?checkWorkstation@ccCheck@@QAE_NI@Z$1 0040c2eb f   ccCheck.obj
 0001:0000b2f3       __ehhandler$?checkWorkstation@ccCheck@@QAE_NI@Z 0040c2f3 f   ccCheck.obj
 0001:0000b320       __unwindfunclet$?checkIndex@ccCheck@@QAE_NI@Z$0 0040c320 f   ccCheck.obj
 0001:0000b320       __unwindfunclet$?checkDevice@ccCheck@@QAE_NI@Z$0 0040c320 f   ccCheck.obj
 0001:0000b328       __unwindfunclet$?checkIndex@ccCheck@@QAE_NI@Z$1 0040c328 f   ccCheck.obj
 0001:0000b328       __unwindfunclet$?checkDevice@ccCheck@@QAE_NI@Z$1 0040c328 f   ccCheck.obj
 0001:0000b330       __ehhandler$?checkDevice@ccCheck@@QAE_NI@Z 0040c330 f   ccCheck.obj
 0001:0000b330       __ehhandler$?checkIndex@ccCheck@@QAE_NI@Z 0040c330 f   ccCheck.obj
 0001:0000b360       __unwindfunclet$?checkIndexRange@ccCheck@@QAE_NII@Z$0 0040c360 f   ccCheck.obj
 0001:0000b368       __ehhandler$?checkIndexRange@ccCheck@@QAE_NII@Z 0040c368 f   ccCheck.obj
 0001:0000b390       __unwindfunclet$?checkDatabase@ccCheck@@QAE_NII@Z$1 0040c390 f   ccCheck.obj
 0001:0000b398       __ehhandler$?checkDatabase@ccCheck@@QAE_NII@Z 0040c398 f   ccCheck.obj
 0001:0000b3c0       __unwindfunclet$?checkString@ccCheck@@QAE_NABV?$basic_string@DU?$char_traits@D@std@@V?$allocator@D@2@@std@@@Z$0 0040c3c0 f   ccCheck.obj
 0001:0000b3c8       __ehhandler$?checkString@ccCheck@@QAE_NABV?$basic_string@DU?$char_traits@D@std@@V?$allocator@D@2@@std@@@Z 0040c3c8 f   ccCheck.obj
 0001:0000b3f0       __unwindfunclet$?WndProc@ccClient@@CGJPAUHWND__@@IIJ@Z$5 0040c3f0 f   ccClient.obj
 0001:0000b3f8       __unwindfunclet$?WndProc@ccClient@@CGJPAUHWND__@@IIJ@Z$6 0040c3f8 f   ccClient.obj
 0001:0000b403       __unwindfunclet$?WndProc@ccClient@@CGJPAUHWND__@@IIJ@Z$1 0040c403 f   ccClient.obj
 0001:0000b40b       __unwindfunclet$?WndProc@ccClient@@CGJPAUHWND__@@IIJ@Z$2 0040c40b f   ccClient.obj
 0001:0000b416       __unwindfunclet$?WndProc@ccClient@@CGJPAUHWND__@@IIJ@Z$3 0040c416 f   ccClient.obj
 0001:0000b41e       __unwindfunclet$?WndProc@ccClient@@CGJPAUHWND__@@IIJ@Z$4 0040c41e f   ccClient.obj
 0001:0000b426       __unwindfunclet$?WndProc@ccClient@@CGJPAUHWND__@@IIJ@Z$7 0040c426 f   ccClient.obj
 0001:0000b431       __unwindfunclet$?WndProc@ccClient@@CGJPAUHWND__@@IIJ@Z$0 0040c431 f   ccClient.obj
 0001:0000b43c       __ehhandler$?WndProc@ccClient@@CGJPAUHWND__@@IIJ@Z 0040c43c f   ccClient.obj
 0001:0000b470       __unwindfunclet$??0ccClient@@QAE@PAVIccClientCallback@@ABV?$basic_string@DU?$char_traits@D@std@@V?$allocator@D@2@@std@@@Z$0 0040c470 f   ccClient.obj
 0001:0000b47b       __unwindfunclet$??0ccClient@@QAE@PAVIccClientCallback@@ABV?$basic_string@DU?$char_traits@D@std@@V?$allocator@D@2@@std@@@Z$4 0040c47b f   ccClient.obj
 0001:0000b487       __unwindfunclet$??0ccClient@@QAE@PAVIccClientCallback@@ABV?$basic_string@DU?$char_traits@D@std@@V?$allocator@D@2@@std@@@Z$1 0040c487 f   ccClient.obj
 0001:0000b495       __ehhandler$??0ccClient@@QAE@PAVIccClientCallback@@ABV?$basic_string@DU?$char_traits@D@std@@V?$allocator@D@2@@std@@@Z 0040c495 f   ccClient.obj
 0001:0000b4c0       __unwindfunclet$?getDevPath@ccConfig@@SA?AV?$basic_string@DU?$char_traits@D@std@@V?$allocator@D@2@@std@@XZ$0 0040c4c0 f   ccConfig.obj
 0001:0000b4cb       __unwindfunclet$?getDevPath@ccConfig@@SA?AV?$basic_string@DU?$char_traits@D@std@@V?$allocator@D@2@@std@@XZ$1 0040c4cb f   ccConfig.obj
 0001:0000b4d6       __unwindfunclet$?getDevPath@ccConfig@@SA?AV?$basic_string@DU?$char_traits@D@std@@V?$allocator@D@2@@std@@XZ$2 0040c4d6 f   ccConfig.obj
 0001:0000b4e1       __ehhandler$?getDevPath@ccConfig@@SA?AV?$basic_string@DU?$char_traits@D@std@@V?$allocator@D@2@@std@@XZ 0040c4e1 f   ccConfig.obj
 0001:0000b510       __unwindfunclet$?getInt@ccConfig@@SAHABV?$basic_string@DU?$char_traits@D@std@@V?$allocator@D@2@@std@@00H_N@Z$0 0040c510 f   ccConfig.obj
 0001:0000b51b       __unwindfunclet$?getInt@ccConfig@@SAHABV?$basic_string@DU?$char_traits@D@std@@V?$allocator@D@2@@std@@00H_N@Z$1 0040c51b f   ccConfig.obj
 0001:0000b526       __ehhandler$?getInt@ccConfig@@SAHABV?$basic_string@DU?$char_traits@D@std@@V?$allocator@D@2@@std@@00H_N@Z 0040c526 f   ccConfig.obj
 0001:0000b550       __unwindfunclet$?workstation@ccConfig@@SAHXZ$0 0040c550 f   ccConfig.obj
 0001:0000b558       __unwindfunclet$?workstation@ccConfig@@SAHXZ$1 0040c558 f   ccConfig.obj
 0001:0000b560       __unwindfunclet$?workstation@ccConfig@@SAHXZ$2 0040c560 f   ccConfig.obj
 0001:0000b568       __unwindfunclet$?workstation@ccConfig@@SAHXZ$3 0040c568 f   ccConfig.obj
 0001:0000b570       __unwindfunclet$?workstation@ccConfig@@SAHXZ$4 0040c570 f   ccConfig.obj
 0001:0000b578       __unwindfunclet$?workstation@ccConfig@@SAHXZ$5 0040c578 f   ccConfig.obj
 0001:0000b580       __unwindfunclet$?workstation@ccConfig@@SAHXZ$6 0040c580 f   ccConfig.obj
 0001:0000b58b       __unwindfunclet$?workstation@ccConfig@@SAHXZ$7 0040c58b f   ccConfig.obj
 0001:0000b596       __unwindfunclet$?workstation@ccConfig@@SAHXZ$8 0040c596 f   ccConfig.obj
 0001:0000b59e       __ehhandler$?workstation@ccConfig@@SAHXZ 0040c59e f   ccConfig.obj
 0001:0000b5d0       __unwindfunclet$??$_Cons_val@V?$allocator@U?$pair@$$CBHVsizedBuffer@@@std@@@std@@U?$pair@$$CBHVsizedBuffer@@@2@U?$pair@HVsizedBuffer@@@2@@std@@YAXAAV?$allocator@U?$pair@$$CBHVsizedBuffer@@@std@@@0@PAU?$pair@$$CBHVsizedBuffer@@@0@$$QAU?$pair@HVsizedBuffer@@@0@@Z$0 0040c5d0 f   importPreview.obj
 0001:0000b5d0       __unwindfunclet$??$_Cons_val@V?$allocator@V?$basic_string@DU?$char_traits@D@std@@V?$allocator@D@2@@std@@@std@@V?$basic_string@DU?$char_traits@D@std@@V?$allocator@D@2@@2@ABV32@@std@@YAXAAV?$allocator@V?$basic_string@DU?$char_traits@D@std@@V?$allocator@D@2@@std@@@0@PAV?$basic_string@DU?$char_traits@D@std@@V?$allocator@D@2@@0@ABV20@@Z$0 0040c5d0 f   importPreview.obj
 0001:0000b5d0       __unwindfunclet$??$_Cons_val@V?$allocator@V?$basic_string@DU?$char_traits@D@std@@V?$allocator@D@2@@std@@@std@@V?$basic_string@DU?$char_traits@D@std@@V?$allocator@D@2@@2@V32@@std@@YAXAAV?$allocator@V?$basic_string@DU?$char_traits@D@std@@V?$allocator@D@2@@std@@@0@PAV?$basic_string@DU?$char_traits@D@std@@V?$allocator@D@2@@0@$$QAV20@@Z$0 0040c5d0 f   importPreview.obj
 0001:0000b5e1       __ehhandler$??$_Cons_val@V?$allocator@U?$pair@$$CBHVsizedBuffer@@@std@@@std@@U?$pair@$$CBHVsizedBuffer@@@2@U?$pair@HVsizedBuffer@@@2@@std@@YAXAAV?$allocator@U?$pair@$$CBHVsizedBuffer@@@std@@@0@PAU?$pair@$$CBHVsizedBuffer@@@0@$$QAU?$pair@HVsizedBuffer@@@0@@Z 0040c5e1 f   importPreview.obj
 0001:0000b5e1       __ehhandler$??$_Cons_val@V?$allocator@V?$basic_string@DU?$char_traits@D@std@@V?$allocator@D@2@@std@@@std@@V?$basic_string@DU?$char_traits@D@std@@V?$allocator@D@2@@2@V32@@std@@YAXAAV?$allocator@V?$basic_string@DU?$char_traits@D@std@@V?$allocator@D@2@@std@@@0@PAV?$basic_string@DU?$char_traits@D@std@@V?$allocator@D@2@@0@$$QAV20@@Z 0040c5e1 f   importPreview.obj
 0001:0000b5e1       __ehhandler$??$_Cons_val@V?$allocator@V?$basic_string@DU?$char_traits@D@std@@V?$allocator@D@2@@std@@@std@@V?$basic_string@DU?$char_traits@D@std@@V?$allocator@D@2@@2@ABV32@@std@@YAXAAV?$allocator@V?$basic_string@DU?$char_traits@D@std@@V?$allocator@D@2@@std@@@0@PAV?$basic_string@DU?$char_traits@D@std@@V?$allocator@D@2@@0@ABV20@@Z 0040c5e1 f   importPreview.obj
 0001:0000b600       __ehhandler$??$_Buynode@U?$pair@HVsizedBuffer@@@std@@@?$_Tree_val@V?$_Tmap_traits@HVsizedBuffer@@U?$less@H@std@@V?$allocator@U?$pair@$$CBHVsizedBuffer@@@std@@@3@$0A@@std@@@std@@QAEPAU_Node@?$_Tree_nod@V?$_Tmap_traits@HVsizedBuffer@@U?$less@H@std@@V?$allocator@U?$pair@$$CBHVsizedBuffer@@@std@@@3@$0A@@std@@@1@$$QAU?$pair@HVsizedBuffer@@@1@@Z 0040c600 f   importPreview.obj
 0001:0000b620       __unwindfunclet$?addEntry@importPreview@@QAEXHPBD@Z$0 0040c620 f   importPreview.obj
 0001:0000b62b       __unwindfunclet$?addEntry@importPreview@@QAEXHPBD@Z$1 0040c62b f   importPreview.obj
 0001:0000b636       __ehhandler$?addEntry@importPreview@@QAEXHPBD@Z 0040c636 f   importPreview.obj
 0001:0000b660       __unwindfunclet$??1importPreview@@UAE@XZ$5 0040c660 f   importPreview.obj
 0001:0000b668       __ehhandler$??1importPreview@@UAE@XZ 0040c668 f   importPreview.obj
 0001:0000b690       __unwindfunclet$?MainWndProc@@YGJPAUHWND__@@IIJ@Z$4 0040c690 f   MAIN.obj
 0001:0000b69b       __unwindfunclet$?MainWndProc@@YGJPAUHWND__@@IIJ@Z$5 0040c69b f   MAIN.obj
 0001:0000b6a6       __unwindfunclet$?MainWndProc@@YGJPAUHWND__@@IIJ@Z$6 0040c6a6 f   MAIN.obj
 0001:0000b6b1       __unwindfunclet$?MainWndProc@@YGJPAUHWND__@@IIJ@Z$7 0040c6b1 f   MAIN.obj
 0001:0000b6bc       __unwindfunclet$?MainWndProc@@YGJPAUHWND__@@IIJ@Z$0 0040c6bc f   MAIN.obj
 0001:0000b6ca       __unwindfunclet$?MainWndProc@@YGJPAUHWND__@@IIJ@Z$1 0040c6ca f   MAIN.obj
 0001:0000b6d8       __unwindfunclet$?MainWndProc@@YGJPAUHWND__@@IIJ@Z$2 0040c6d8 f   MAIN.obj
 0001:0000b6e6       __unwindfunclet$?MainWndProc@@YGJPAUHWND__@@IIJ@Z$3 0040c6e6 f   MAIN.obj
 0001:0000b6f4       __ehhandler$?MainWndProc@@YGJPAUHWND__@@IIJ@Z 0040c6f4 f   MAIN.obj
 0001:0000b720       __unwindfunclet$?Main_Initialise@@YAXXZ$0 0040c720 f   MAIN.obj
 0001:0000b72b       __unwindfunclet$?Main_Initialise@@YAXXZ$1 0040c72b f   MAIN.obj
 0001:0000b744       __ehhandler$?Main_Initialise@@YAXXZ 0040c744 f   MAIN.obj
 0001:0000b760       __unwindfunclet$??__FdelaySendQueue@@YAXXZ$1 0040c760 f   MAIN.obj
 0001:0000b76a       __ehhandler$??__FdelaySendQueue@@YAXXZ 0040c76a f   MAIN.obj
 0001:0000b790       __unwindfunclet$?Prof_GetVersionInfo@@YAXXZ$0 0040c790 f   PROF.obj
 0001:0000b79e       __ehhandler$?Prof_GetVersionInfo@@YAXXZ 0040c79e f   PROF.obj
 0001:0000b7d0       ??__EdelaySendQueue@@YAXXZ 0040c7d0 f   MAIN.obj
 0001:0000b850       ??__FdelaySendQueue@@YAXXZ 0040c850 f   MAIN.obj
