 InfoDriver32

 Timestamp is 5e9db8ab (Mon Apr 20 15:58:51 2020)

 Preferred load address is 00400000

 Start         Length     Name                   Class
 0001:00000000 000000f8H .text                   CODE
 0001:00000100 0000008bH .text$di                CODE
 0001:00000190 0000f498H .text$mn                CODE
 0001:0000f630 00000a9fH .text$x                 CODE
 0001:000100d0 00000172H .text$yd                CODE
 0002:00000000 000002ecH .idata$5                DATA
 0002:000002ec 00000004H .CRT$XCA                DATA
 0002:000002f0 00000004H .CRT$XCAA               DATA
 0002:000002f4 00000018H .CRT$XCU                DATA
 0002:0000030c 00000004H .CRT$XCZ                DATA
 0002:00000310 00000004H .CRT$XIA                DATA
 0002:00000314 00000004H .CRT$XIAA               DATA
 0002:00000318 00000004H .CRT$XIC                DATA
 0002:0000031c 00000004H .CRT$XIY                DATA
 0002:00000320 00000004H .CRT$XIZ                DATA
 0002:00000328 00001988H .rdata                  DATA
 0002:00001cb0 000006a0H .rdata$r                DATA
 0002:00002350 00000004H .rtc$IAA                DATA
 0002:00002354 00000004H .rtc$IZZ                DATA
 0002:00002358 00000004H .rtc$TAA                DATA
 0002:0000235c 00000004H .rtc$TZZ                DATA
 0002:00002360 000009b4H .xdata$x                DATA
 0002:00002d14 00000000H .edata                  DATA
 0002:00002d14 000000dcH .idata$2                DATA
 0002:00002df0 00000014H .idata$3                DATA
 0002:00002e04 000002ecH .idata$4                DATA
 0002:000030f0 00000b4eH .idata$6                DATA
 0003:00000000 000001ccH .data                   DATA
 0003:000001cc 000002d0H .data$r                 DATA
 0003:000004a0 00047234H .bss                    DATA
 0004:00000000 000003ccH .rsrc$01                DATA
 0004:000003d0 000084b8H .rsrc$02                DATA

  Address         Publics by Value              Rva+Base       Lib:Object

 0000:00000000       __except_list              00000000     <absolute>
 0000:00000000       ___guard_fids_table        00000000     <absolute>
 0000:00000000       ___guard_fids_count        00000000     <absolute>
 0000:00000000       ___guard_flags             00000000     <absolute>
 0000:00000000       ___safe_se_handler_table   00000000     <absolute>
 0000:00000000       ___safe_se_handler_count   00000000     <absolute>
 0000:00009876       __fltused                  00009876     <absolute>
 0000:00009876       __ldused                   00009876     <absolute>
 0000:00000000       ___ImageBase               00400000     <linker-defined>
 0001:00000000       _HtmlHelpA@16              00401000 f   htmlhelp:init.obj
 0001:00000190       ??$?HDU?$char_traits@D@std@@V?$allocator@D@1@@std@@YA?AV?$basic_string@DU?$char_traits@D@std@@V?$allocator@D@2@@0@$$QAV10@ABV10@@Z 00401190 f i ccCheck.obj
 0001:00000210       ??$?HDU?$char_traits@D@std@@V?$allocator@D@1@@std@@YA?AV?$basic_string@DU?$char_traits@D@std@@V?$allocator@D@2@@0@$$QAV10@PBD@Z 00401210 f i ccCheck.obj
 0001:000002b0       ??$?HDU?$char_traits@D@std@@V?$allocator@D@1@@std@@YA?AV?$basic_string@DU?$char_traits@D@std@@V?$allocator@D@2@@0@ABV10@PBD@Z 004012b0 f i ccCheck.obj
 0001:000003a0       ??$?HDU?$char_traits@D@std@@V?$allocator@D@1@@std@@YA?AV?$basic_string@DU?$char_traits@D@std@@V?$allocator@D@2@@0@PBDABV10@@Z 004013a0 f i ccCheck.obj
 0001:00000490       ??0?$basic_string@DU?$char_traits@D@std@@V?$allocator@D@2@@std@@QAE@$$QAV01@@Z 00401490 f i ccCheck.obj
 0001:00000500       ??0?$basic_string@DU?$char_traits@D@std@@V?$allocator@D@2@@std@@QAE@PBD@Z 00401500 f i ccCheck.obj
 0001:00000560       ??0ccCheck@@QAE@ABV?$basic_string@DU?$char_traits@D@std@@V?$allocator@D@2@@std@@@Z 00401560 f   ccCheck.obj
 0001:000005c0       ??1?$basic_string@DU?$char_traits@D@std@@V?$allocator@D@2@@std@@QAE@XZ 004015c0 f i ccCheck.obj
 0001:000005f0       ??1ccCheck@@UAE@XZ         004015f0 f   ccCheck.obj
 0001:00000620       ??Y?$basic_string@DU?$char_traits@D@std@@V?$allocator@D@2@@std@@QAEAAV01@PBD@Z 00401620 f i ccCheck.obj
 0001:00000660       ??_GccCheck@@UAEPAXI@Z     00401660 f i ccCheck.obj
 0001:00000660       ??_EccCheck@@UAEPAXI@Z     00401660 f i ccCheck.obj
 0001:00000690       ??_E_System_error_category@std@@UAEPAXI@Z 00401690 f i ccCheck.obj
 0001:00000690       ??_Gerror_category@std@@UAEPAXI@Z 00401690 f i ccCheck.obj
 0001:00000690       ??_G_Generic_error_category@std@@UAEPAXI@Z 00401690 f i ccCheck.obj
 0001:00000690       ??_Eerror_category@std@@UAEPAXI@Z 00401690 f i ccCheck.obj
 0001:00000690       ??_G_System_error_category@std@@UAEPAXI@Z 00401690 f i ccCheck.obj
 0001:00000690       ??_G_Iostream_error_category@std@@UAEPAXI@Z 00401690 f i ccCheck.obj
 0001:00000690       ??_E_Generic_error_category@std@@UAEPAXI@Z 00401690 f i ccCheck.obj
 0001:00000690       ??_E_Iostream_error_category@std@@UAEPAXI@Z 00401690 f i ccCheck.obj
 0001:000006c0       ?_Assign_rv@?$basic_string@DU?$char_traits@D@std@@V?$allocator@D@2@@std@@QAEX$$QAV12@@Z 004016c0 f i ccCheck.obj
 0001:00000720       ?_Copy@?$basic_string@DU?$char_traits@D@std@@V?$allocator@D@2@@std@@QAEXII@Z 00401720 f i ccCheck.obj
 0001:00000870       ?_Eos@?$basic_string@DU?$char_traits@D@std@@V?$allocator@D@2@@std@@QAEXI@Z 00401870 f i ccCheck.obj
 0001:000008a0       ?_Grow@?$basic_string@DU?$char_traits@D@std@@V?$allocator@D@2@@std@@QAE_NI_N@Z 004018a0 f i ccCheck.obj
 0001:00000950       ?allocate@?$_Wrap_alloc@V?$allocator@D@std@@@std@@QAEPADI@Z 00401950 f i ccCheck.obj
 0001:00000980       ?append@?$basic_string@DU?$char_traits@D@std@@V?$allocator@D@2@@std@@QAEAAV12@ABV12@II@Z 00401980 f i ccCheck.obj
 0001:00000a40       ?append@?$basic_string@DU?$char_traits@D@std@@V?$allocator@D@2@@std@@QAEAAV12@PBDI@Z 00401a40 f i ccCheck.obj
 0001:00000b30       ?assign@?$basic_string@DU?$char_traits@D@std@@V?$allocator@D@2@@std@@QAEAAV12@ABV12@II@Z 00401b30 f i ccCheck.obj
 0001:00000c50       ?assign@?$basic_string@DU?$char_traits@D@std@@V?$allocator@D@2@@std@@QAEAAV12@PBDI@Z 00401c50 f i ccCheck.obj
 0001:00000d50       ?checkDatabase@ccCheck@@QAE_NII@Z 00401d50 f   ccCheck.obj
 0001:00000df0       ?checkDevice@ccCheck@@QAE_NI@Z 00401df0 f   ccCheck.obj
 0001:00000ed0       ?checkIndex@ccCheck@@QAE_NI@Z 00401ed0 f   ccCheck.obj
 0001:00000fb0       ?checkIndexRange@ccCheck@@QAE_NII@Z 00401fb0 f   ccCheck.obj
 0001:00001060       ?checkString@ccCheck@@QAE_NABV?$basic_string@DU?$char_traits@D@std@@V?$allocator@D@2@@std@@@Z 00402060 f   ccCheck.obj
 0001:000010f0       ?checkWorkstation@ccCheck@@QAE_NI@Z 004020f0 f   ccCheck.obj
 0001:00001210       ?default_error_condition@_System_error_category@std@@UBE?AVerror_condition@2@H@Z 00402210 f i ccCheck.obj
 0001:00001250       ?default_error_condition@error_category@std@@UBE?AVerror_condition@2@H@Z 00402250 f i ccCheck.obj
 0001:00001270       ?equivalent@error_category@std@@UBE_NABVerror_code@2@H@Z 00402270 f i ccCheck.obj
 0001:00001290       ?equivalent@error_category@std@@UBE_NHABVerror_condition@2@@Z 00402290 f i ccCheck.obj
 0001:000012d0       ?erase@?$basic_string@DU?$char_traits@D@std@@V?$allocator@D@2@@std@@QAEAAV12@II@Z 004022d0 f i ccCheck.obj
 0001:00001370       ?log@ccCheck@@QAEXABV?$basic_string@DU?$char_traits@D@std@@V?$allocator@D@2@@std@@@Z 00402370 f   ccCheck.obj
 0001:00001460       ?message@_Generic_error_category@std@@UBE?AV?$basic_string@DU?$char_traits@D@std@@V?$allocator@D@2@@2@H@Z 00402460 f i ccCheck.obj
 0001:000014e0       ?message@_Iostream_error_category@std@@UBE?AV?$basic_string@DU?$char_traits@D@std@@V?$allocator@D@2@@2@H@Z 004024e0 f i ccCheck.obj
 0001:00001530       ?message@_System_error_category@std@@UBE?AV?$basic_string@DU?$char_traits@D@std@@V?$allocator@D@2@@2@H@Z 00402530 f i ccCheck.obj
 0001:000015b0       ?name@_Generic_error_category@std@@UBEPBDXZ 004025b0 f i ccCheck.obj
 0001:000015c0       ?name@_Iostream_error_category@std@@UBEPBDXZ 004025c0 f i ccCheck.obj
 0001:000015d0       ?name@_System_error_category@std@@UBEPBDXZ 004025d0 f i ccCheck.obj
 0001:000015e0       ?setMaxDatabase@ccCheck@@QAEXI@Z 004025e0 f   ccCheck.obj
 0001:000015f0       ?setMaxDevice@ccCheck@@QAEXI@Z 004025f0 f   ccCheck.obj
 0001:00001600       ?setMaxIndex@ccCheck@@QAEXI@Z 00402600 f   ccCheck.obj
 0001:00001610       ?setMaxSource@ccCheck@@QAEXH@Z 00402610 f   ccCheck.obj
 0001:00001620       ?setMaxString@ccCheck@@QAEXI@Z 00402620 f   ccCheck.obj
 0001:00001640       ??0ccClient@@QAE@PAVIccClientCallback@@ABV?$basic_string@DU?$char_traits@D@std@@V?$allocator@D@2@@std@@@Z 00402640 f   ccClient.obj
 0001:00001810       ??1?$queue@V?$basic_string@DU?$char_traits@D@std@@V?$allocator@D@2@@std@@V?$deque@V?$basic_string@DU?$char_traits@D@std@@V?$allocator@D@2@@std@@V?$allocator@V?$basic_string@DU?$char_traits@D@std@@V?$allocator@D@2@@std@@@2@@2@@std@@QAE@XZ 00402810 f i ccClient.obj
 0001:00001830       ??1ccClient@@UAE@XZ        00402830 f   ccClient.obj
 0001:000018e0       ??_EccClient@@UAEPAXI@Z    004028e0 f i ccClient.obj
 0001:000018e0       ??_GccClient@@UAEPAXI@Z    004028e0 f i ccClient.obj
 0001:00001910       ?BNCSSendMessage@ccClient@@AAEJIIJHHH@Z 00402910 f   ccClient.obj
 0001:00001970       ?WndProc@ccClient@@CGJPAUHWND__@@IIJ@Z 00402970 f   ccClient.obj
 0001:00002320       ?_Growmap@?$deque@V?$basic_string@DU?$char_traits@D@std@@V?$allocator@D@2@@std@@V?$allocator@V?$basic_string@DU?$char_traits@D@std@@V?$allocator@D@2@@std@@@2@@std@@IAEXI@Z 00403320 f i ccClient.obj
 0001:000024a0       ?_Tidy@?$deque@V?$basic_string@DU?$char_traits@D@std@@V?$allocator@D@2@@std@@V?$allocator@V?$basic_string@DU?$char_traits@D@std@@V?$allocator@D@2@@std@@@2@@std@@IAEXXZ 004034a0 f i ccClient.obj
 0001:00002540       ?begin@?$deque@V?$basic_string@DU?$char_traits@D@std@@V?$allocator@D@2@@std@@V?$allocator@V?$basic_string@DU?$char_traits@D@std@@V?$allocator@D@2@@std@@@2@@std@@QAE?AV?$_Deque_iterator@V?$_Deque_val@U?$_Deque_simple_types@V?$basic_string@DU?$char_traits@D@std@@V?$allocator@D@2@@std@@@std@@@std@@@2@XZ 00403540 f i ccClient.obj
 0001:00002560       ?connect@ccClient@@QAE_NW4ipcType@cc@@J@Z 00403560 f   ccClient.obj
 0001:00002790       ?disconnect@ccClient@@QAE_NXZ 00403790 f   ccClient.obj
 0001:000027f0       ?isConnected@ccClient@@QAE_NXZ 004037f0 f   ccClient.obj
 0001:00002810       ?maxDatabases@ccClient@@QAEIXZ 00403810 f   ccClient.obj
 0001:00002830       ?maxDevices@ccClient@@QAEIXZ 00403830 f   ccClient.obj
 0001:00002850       ?maxIndexes@ccClient@@QAEIXZ 00403850 f   ccClient.obj
 0001:00002870       ?maxSources@ccClient@@QAEIXZ 00403870 f   ccClient.obj
 0001:00002890       ?maxString@ccClient@@QAEIXZ 00403890 f   ccClient.obj
 0001:000028b0       ?push_back@?$deque@V?$basic_string@DU?$char_traits@D@std@@V?$allocator@D@2@@std@@V?$allocator@V?$basic_string@DU?$char_traits@D@std@@V?$allocator@D@2@@std@@@2@@std@@QAEX$$QAV?$basic_string@DU?$char_traits@D@std@@V?$allocator@D@2@@2@@Z 004038b0 f i ccClient.obj
 0001:00002920       ?push_back@?$deque@V?$basic_string@DU?$char_traits@D@std@@V?$allocator@D@2@@std@@V?$allocator@V?$basic_string@DU?$char_traits@D@std@@V?$allocator@D@2@@std@@@2@@std@@QAEXABV?$basic_string@DU?$char_traits@D@std@@V?$allocator@D@2@@2@@Z 00403920 f i ccClient.obj
 0001:000029e0       ?resetCounters@ccClient@@QAEXXZ 004039e0 f   ccClient.obj
 0001:00002a00       ?revertiveRegister@ccClient@@QAEXHHH_NH@Z 00403a00 f   ccClient.obj
 0001:00002a70       ??$_Buynode@V?$basic_string@DU?$char_traits@D@std@@V?$allocator@D@2@@std@@@?$_List_buy@V?$basic_string@DU?$char_traits@D@std@@V?$allocator@D@2@@std@@V?$allocator@V?$basic_string@DU?$char_traits@D@std@@V?$allocator@D@2@@std@@@2@@std@@QAEPAU?$_List_node@V?$basic_string@DU?$char_traits@D@std@@V?$allocator@D@2@@std@@PAX@1@PAU21@0$$QAV?$basic_string@DU?$char_traits@D@std@@V?$allocator@D@2@@1@@Z 00403a70 f i ccConfig.obj
 0001:00002aa0       ?_Buynode0@?$_List_alloc@$0A@U?$_List_base_types@V?$basic_string@DU?$char_traits@D@std@@V?$allocator@D@2@@std@@V?$allocator@V?$basic_string@DU?$char_traits@D@std@@V?$allocator@D@2@@std@@@2@@std@@@std@@QAEPAU?$_List_node@V?$basic_string@DU?$char_traits@D@std@@V?$allocator@D@2@@std@@PAX@2@PAU32@0@Z 00403aa0 f i ccConfig.obj
 0001:00002ae0       ?compare@?$basic_string@DU?$char_traits@D@std@@V?$allocator@D@2@@std@@QBEHIIPBDI@Z 00403ae0 f i ccConfig.obj
 0001:00002b50       ?compare@?$char_traits@D@std@@SAHPBD0I@Z 00403b50 f i ccConfig.obj
 0001:00002bc0       ?getDevPath@ccConfig@@SA?AV?$basic_string@DU?$char_traits@D@std@@V?$allocator@D@2@@std@@XZ 00403bc0 f   ccConfig.obj
 0001:00002d90       ?getInt@ccConfig@@SAHABV?$basic_string@DU?$char_traits@D@std@@V?$allocator@D@2@@std@@00H_N@Z 00403d90 f   ccConfig.obj
 0001:00002ee0       ?isV3Based@ccConfig@@SA_NXZ 00403ee0 f   ccConfig.obj
 0001:00002f60       ?isV4Based@ccConfig@@SA_NXZ 00403f60 f   ccConfig.obj
 0001:00002fc0       ?push_back@?$list@V?$basic_string@DU?$char_traits@D@std@@V?$allocator@D@2@@std@@V?$allocator@V?$basic_string@DU?$char_traits@D@std@@V?$allocator@D@2@@std@@@2@@std@@QAEX$$QAV?$basic_string@DU?$char_traits@D@std@@V?$allocator@D@2@@2@@Z 00403fc0 f i ccConfig.obj
 0001:00003010       ?workstation@ccConfig@@SAHXZ 00404010 f   ccConfig.obj
 0001:00003330       ??0decodeBNCSString@@QAE@PBDD@Z 00404330 f   decodeBNCSString.obj
 0001:00003360       ??1decodeBNCSString@@UAE@XZ 00404360 f   decodeBNCSString.obj
 0001:00003380       ??_GdecodeBNCSString@@UAEPAXI@Z 00404380 f i decodeBNCSString.obj
 0001:00003380       ??_EdecodeBNCSString@@UAEPAXI@Z 00404380 f i decodeBNCSString.obj
 0001:000033b0       ?split@decodeBNCSString@@AAEXPBD@Z 004043b0 f i decodeBNCSString.obj
 0001:000035e0       ??0sizedBuffer@@QAE@$$QAV0@@Z 004045e0 f   sizedBuffer.obj
 0001:00003620       ??0sizedBuffer@@QAE@PBEHH@Z 00404620 f   sizedBuffer.obj
 0001:00003680       ??1sizedBuffer@@UAE@XZ     00404680 f   sizedBuffer.obj
 0001:000036b0       ??_EsizedBuffer@@UAEPAXI@Z 004046b0 f i sizedBuffer.obj
 0001:000036b0       ??_GsizedBuffer@@UAEPAXI@Z 004046b0 f i sizedBuffer.obj
 0001:000036e0       ?data@sizedBuffer@@QBEPBEXZ 004046e0 f   sizedBuffer.obj
 0001:000036f0       ?ref@sizedBuffer@@QBEHXZ   004046f0 f   sizedBuffer.obj
 0001:00003700       ?size@sizedBuffer@@QBEHXZ  00404700 f   sizedBuffer.obj
 0001:00003710       ?About_About@@YAXXZ        00404710 f   ABOUT.obj
 0001:00003730       ?About_DialogProc@@YGHPAUHWND__@@GGJ@Z 00404730 f   ABOUT.obj
 0001:00003800       _GetBNCSConfigDirectory    00404800 f   bncs_gcd.obj
 0001:00003910       _GetBNCSDataDirectory      00404910 f   bncs_gcd.obj
 0001:00003a20       ??$sprintf_s@$0EAB@@@YAHAAY0EAB@DPBDZZ 00404a20 f i CMD.obj
 0001:00003a40       ?Cmd_File@@YAHPAD@Z        00404a40 f   CMD.obj
 0001:00003ba0       ?Cmd_Hardcopy@@YAHPAD@Z    00404ba0 f   CMD.obj
 0001:00003c70       ?Cmd_Lock@@YAHPAD@Z        00404c70 f   CMD.obj
 0001:00003d30       ?Cmd_Poll@@YAHPAD@Z        00404d30 f   CMD.obj
 0001:00003db0       ?Cmd_Query@@YAHPAD@Z       00404db0 f   CMD.obj
 0001:00003e30       ?Cmd_Write@@YAHPAD@Z       00404e30 f   CMD.obj
 0001:00004100       ?_Buynode0@?$_Tree_buy@U?$pair@$$CBHK@std@@V?$allocator@U?$pair@$$CBHK@std@@@2@@std@@QAEPAU?$_Tree_node@U?$pair@$$CBHK@std@@PAX@2@XZ 00405100 f i CMD.obj
 0001:00004100       ?_Buynode0@?$_Tree_buy@U?$pair@$$CBHPAVfilters@@@std@@V?$allocator@U?$pair@$$CBHPAVfilters@@@std@@@2@@std@@QAEPAU?$_Tree_node@U?$pair@$$CBHPAVfilters@@@std@@PAX@2@XZ 00405100 f i PROF.obj
 0001:00004140       ?find@?$_Tree@V?$_Tmap_traits@HVsizedBuffer@@U?$less@H@std@@V?$allocator@U?$pair@$$CBHVsizedBuffer@@@std@@@3@$0A@@std@@@std@@QAE?AV?$_Tree_iterator@V?$_Tree_val@U?$_Tree_simple_types@U?$pair@$$CBHVsizedBuffer@@@std@@@std@@@std@@@2@ABH@Z 00405140 f i importPreview.obj
 0001:00004140       ?find@?$_Tree@V?$_Tmap_traits@HKU?$less@H@std@@V?$allocator@U?$pair@$$CBHK@std@@@2@$0A@@std@@@std@@QAE?AV?$_Tree_iterator@V?$_Tree_val@U?$_Tree_simple_types@U?$pair@$$CBHK@std@@@std@@@std@@@2@ABH@Z 00405140 f i CMD.obj
 0001:00004190       ?CSISup_AssertTxRxMode@@YAHI@Z 00405190 f   CSISUP.obj
 0001:00004220       ?CSISup_Closedown@@YAXXZ   00405220 f   CSISUP.obj
 0001:00004240       ?CSISup_DisplayTxRxMode@@YAXI@Z 00405240 f   CSISUP.obj
 0001:00004340       ?CSISup_Init@@YAHXZ        00405340 f   CSISUP.obj
 0001:00004520       ?CSISup_TxRevertive@@YAXHHHH@Z 00405520 f   CSISUP.obj
 0001:00004720       ?Dialog_DialogProc@@YGJPAUHWND__@@IIJ@Z 00405720 f   DIALOG.obj
 0001:00004b40       ?Dialog_FilterDisable@@YAXXZ 00405b40 f   DIALOG.obj
 0001:00004b80       ?Dialog_InfoLB@@YAXXZ      00405b80 f   DIALOG.obj
 0001:00004d30       ?Dialog_Init@@YAXXZ        00405d30 f   DIALOG.obj
 0001:00004d70       ?Dialog_InitDialog@@YAXXZ  00405d70 f   DIALOG.obj
 0001:00004ef0       ?Dialog_Store@@YAXXZ       00405ef0 f   DIALOG.obj
 0001:00005010       ?Dialog_ToggleLock@@YAXXZ  00406010 f   DIALOG.obj
 0001:00005090       ?Dialog_Update@@YAXH@Z     00406090 f   DIALOG.obj
 0001:00005210       ?toString@filters@@QAE?AV?$basic_string@DU?$char_traits@D@std@@V?$allocator@D@2@@std@@XZ 00406210 f i DIALOG.obj
 0001:00005320       ??$_Buynode@U?$pair@HK@std@@@?$_Tree_buy@U?$pair@$$CBHK@std@@V?$allocator@U?$pair@$$CBHK@std@@@2@@std@@QAEPAU?$_Tree_node@U?$pair@$$CBHK@std@@PAX@1@$$QAU?$pair@HK@1@@Z 00406320 f i CMD.obj
 0001:00005320       ??$_Buynode@U?$pair@HPAVfilters@@@std@@@?$_Tree_buy@U?$pair@$$CBHPAVfilters@@@std@@V?$allocator@U?$pair@$$CBHPAVfilters@@@std@@@2@@std@@QAEPAU?$_Tree_node@U?$pair@$$CBHPAVfilters@@@std@@PAX@1@$$QAU?$pair@HPAVfilters@@@1@@Z 00406320 f i PROF.obj
 0001:00005320       ??$_Buynode@U?$pair@IK@std@@@?$_Tree_buy@U?$pair@$$CBHK@std@@V?$allocator@U?$pair@$$CBHK@std@@@2@@std@@QAEPAU?$_Tree_node@U?$pair@$$CBHK@std@@PAX@1@$$QAU?$pair@IK@1@@Z 00406320 f i EXT.obj
 0001:00005350       ?Ext_GetSlot@@YAXIJ@Z      00406350 f   EXT.obj
 0001:000053a0       ?Ext_SendUserStr@@YAXPAD@Z 004063a0 f   EXT.obj
 0001:000053f0       ?Ext_SetSlot@@YAXIJE@Z     004063f0 f   EXT.obj
 0001:00005490       ?Ext_WriteSlot@@YAXIJ@Z    00406490 f   EXT.obj
 0001:00005520       ??0?$_Wrap_alloc@V?$allocator@U?$_Tree_node@U?$pair@$$CBHPAVfilters@@@std@@PAX@std@@@std@@@std@@QAE@XZ 00406520 f i filterDialog.obj
 0001:00005520       ??0?$_Wrap_alloc@V?$allocator@U?$_Tree_node@U?$pair@$$CBHK@std@@PAX@std@@@std@@@std@@QAE@XZ 00406520 f i CMD.obj
 0001:00005520       ??0?$_Wrap_alloc@V?$allocator@U?$_List_node@V?$basic_string@DU?$char_traits@D@std@@V?$allocator@D@2@@std@@PAX@std@@@std@@@std@@QAE@XZ 00406520 f i ccConfig.obj
 0001:00005530       ?FilterDialogProc@@YGHPAUHWND__@@IIJ@Z 00406530 f   filterDialog.obj
 0001:00005880       ?_Lrotate@?$_Tree@V?$_Tmap_traits@HVsizedBuffer@@U?$less@H@std@@V?$allocator@U?$pair@$$CBHVsizedBuffer@@@std@@@3@$0A@@std@@@std@@IAEXPAU?$_Tree_node@U?$pair@$$CBHVsizedBuffer@@@std@@PAX@2@@Z 00406880 f i importPreview.obj
 0001:00005880       ?_Lrotate@?$_Tree@V?$_Tmap_traits@HKU?$less@H@std@@V?$allocator@U?$pair@$$CBHK@std@@@2@$0A@@std@@@std@@IAEXPAU?$_Tree_node@U?$pair@$$CBHK@std@@PAX@2@@Z 00406880 f i CMD.obj
 0001:00005880       ?_Lrotate@?$_Tree@V?$_Tmap_traits@HPAVfilters@@U?$less@H@std@@V?$allocator@U?$pair@$$CBHPAVfilters@@@std@@@3@$0A@@std@@@std@@IAEXPAU?$_Tree_node@U?$pair@$$CBHPAVfilters@@@std@@PAX@2@@Z 00406880 f i filterDialog.obj
 0001:000058e0       ?deleteFilter@filters@@QAEXABV?$basic_string@DU?$char_traits@D@std@@V?$allocator@D@2@@std@@@Z 004068e0 f i filterDialog.obj
 0001:00005ab0       ?erase@?$list@V?$basic_string@DU?$char_traits@D@std@@V?$allocator@D@2@@std@@V?$allocator@V?$basic_string@DU?$char_traits@D@std@@V?$allocator@D@2@@std@@@2@@std@@QAE?AV?$_List_iterator@V?$_List_val@U?$_List_simple_types@V?$basic_string@DU?$char_traits@D@std@@V?$allocator@D@2@@std@@@std@@@std@@@2@V?$_List_const_iterator@V?$_List_val@U?$_List_simple_types@V?$basic_string@DU?$char_traits@D@std@@V?$allocator@D@2@@std@@@std@@@std@@@2@@Z 00406ab0 f i filterDialog.obj
 0001:00005b10       ?key@filterBase@@QAE?AV?$basic_string@DU?$char_traits@D@std@@V?$allocator@D@2@@std@@XZ 00406b10 f i filterDialog.obj
 0001:00005b50       ??$sprintf_s@$0BAA@@@YAHAAY0BAA@DPBDZZ 00406b50 f i filterEditDialog.obj
 0001:00005b70       ?FilterEditDialogProc@@YGHPAUHWND__@@IIJ@Z 00406b70 f   filterEditDialog.obj
 0001:000062f0       ?findFilter@@YAPAVfilters@@H@Z 004072f0 f   filtering.obj
 0001:00006350       ?val@@YAXABV?$basic_string@DU?$char_traits@D@std@@V?$allocator@D@2@@std@@AAH@Z 00407350 f   filtering.obj
 0001:00006390       ?val@@YAXABV?$basic_string@DU?$char_traits@D@std@@V?$allocator@D@2@@std@@AAI@Z 00407390 f   filtering.obj
 0001:000063d0       ?val@@YAXABV?$basic_string@DU?$char_traits@D@std@@V?$allocator@D@2@@std@@AAN@Z 004073d0 f   filtering.obj
 0001:00006410       ?varToString@@YA?AV?$basic_string@DU?$char_traits@D@std@@V?$allocator@D@2@@std@@HPBD@Z 00407410 f   filtering.obj
 0001:000064a0       ?varToString@@YA?AV?$basic_string@DU?$char_traits@D@std@@V?$allocator@D@2@@std@@IPBD@Z 004074a0 f   filtering.obj
 0001:00006530       ?varToString@@YA?AV?$basic_string@DU?$char_traits@D@std@@V?$allocator@D@2@@std@@NPBD@Z 00407530 f   filtering.obj
 0001:00006600       ?varTypeToString@@YA?AV?$basic_string@DU?$char_traits@D@std@@V?$allocator@D@2@@std@@H@Z 00407600 f   filtering.obj
 0001:00006640       ?varTypeToString@@YA?AV?$basic_string@DU?$char_traits@D@std@@V?$allocator@D@2@@std@@I@Z 00407640 f   filtering.obj
 0001:00006680       ?varTypeToString@@YA?AV?$basic_string@DU?$char_traits@D@std@@V?$allocator@D@2@@std@@N@Z 00407680 f   filtering.obj
 0001:000066c0       ?Idxfu_ReadLockFile@@YAXXZ 004076c0 f   IDXFU.obj
 0001:000067a0       ?Idxfu_WriteLockFile@@YAXXZ 004077a0 f   IDXFU.obj
 0001:00006880       ??$_Buynode@U?$pair@HVsizedBuffer@@@std@@@?$_Tree_buy@U?$pair@$$CBHVsizedBuffer@@@std@@V?$allocator@U?$pair@$$CBHVsizedBuffer@@@std@@@2@@std@@QAEPAU?$_Tree_node@U?$pair@$$CBHVsizedBuffer@@@std@@PAX@1@$$QAU?$pair@HVsizedBuffer@@@1@@Z 00407880 f i importPreview.obj
 0001:00006920       ??$_Insert_at@AAU?$pair@$$CBHVsizedBuffer@@@std@@PAU?$_Tree_node@U?$pair@$$CBHVsizedBuffer@@@std@@PAX@2@@?$_Tree@V?$_Tmap_traits@HVsizedBuffer@@U?$less@H@std@@V?$allocator@U?$pair@$$CBHVsizedBuffer@@@std@@@3@$0A@@std@@@std@@IAE?AV?$_Tree_iterator@V?$_Tree_val@U?$_Tree_simple_types@U?$pair@$$CBHVsizedBuffer@@@std@@@std@@@std@@@1@_NPAU?$_Tree_node@U?$pair@$$CBHVsizedBuffer@@@std@@PAX@1@AAU?$pair@$$CBHVsizedBuffer@@@1@1@Z 00407920 f i importPreview.obj
 0001:00006b30       ??$_Insert_nohint@AAU?$pair@$$CBHVsizedBuffer@@@std@@PAU?$_Tree_node@U?$pair@$$CBHVsizedBuffer@@@std@@PAX@2@@?$_Tree@V?$_Tmap_traits@HVsizedBuffer@@U?$less@H@std@@V?$allocator@U?$pair@$$CBHVsizedBuffer@@@std@@@3@$0A@@std@@@std@@IAE?AU?$pair@V?$_Tree_iterator@V?$_Tree_val@U?$_Tree_simple_types@U?$pair@$$CBHVsizedBuffer@@@std@@@std@@@std@@@std@@_N@1@_NAAU?$pair@$$CBHVsizedBuffer@@@1@PAU?$_Tree_node@U?$pair@$$CBHVsizedBuffer@@@std@@PAX@1@@Z 00407b30 f i importPreview.obj
 0001:00006c50       ??$insert@U?$pair@HVsizedBuffer@@@std@@@?$_Tree@V?$_Tmap_traits@HVsizedBuffer@@U?$less@H@std@@V?$allocator@U?$pair@$$CBHVsizedBuffer@@@std@@@3@$0A@@std@@@std@@QAE?AU?$pair@V?$_Tree_iterator@V?$_Tree_val@U?$_Tree_simple_types@U?$pair@$$CBHVsizedBuffer@@@std@@@std@@@std@@@std@@_N@1@$$QAU?$pair@HVsizedBuffer@@@1@@Z 00407c50 f i importPreview.obj
 0001:00006c80       ??$make_pair@AAHVsizedBuffer@@@std@@YA?AU?$pair@HVsizedBuffer@@@0@AAH$$QAVsizedBuffer@@@Z 00407c80 f i importPreview.obj
 0001:00006cb0       ??0importPreview@@QAE@PAUHINSTANCE__@@PAUHWND__@@@Z 00407cb0 f   importPreview.obj
 0001:00006d60       ??1?$pair@HVsizedBuffer@@@std@@QAE@XZ 00407d60 f i importPreview.obj
 0001:00006d70       ??1importPreview@@UAE@XZ   00407d70 f   importPreview.obj
 0001:00006e20       ??E?$_Tree_unchecked_const_iterator@V?$_Tree_val@U?$_Tree_simple_types@U?$pair@$$CBHPAVfilters@@@std@@@std@@@std@@U_Iterator_base0@2@@std@@QAEAAV01@XZ 00407e20 f i filterDialog.obj
 0001:00006e20       ??E?$_Tree_unchecked_const_iterator@V?$_Tree_val@U?$_Tree_simple_types@U?$pair@$$CBHK@std@@@std@@@std@@U_Iterator_base0@2@@std@@QAEAAV01@XZ 00407e20 f i MAIN.obj
 0001:00006e20       ??E?$_Tree_unchecked_const_iterator@V?$_Tree_val@U?$_Tree_simple_types@U?$pair@$$CBHVsizedBuffer@@@std@@@std@@@std@@U_Iterator_base0@2@@std@@QAEAAV01@XZ 00407e20 f i importPreview.obj
 0001:00006e70       ??_EimportPreview@@UAEPAXI@Z 00407e70 f i importPreview.obj
 0001:00006e70       ??_GimportPreview@@UAEPAXI@Z 00407e70 f i importPreview.obj
 0001:00006ea0       ?_Buyheadnode@?$_Tree_alloc@$0A@U?$_Tree_base_types@U?$pair@$$CBHVsizedBuffer@@@std@@V?$allocator@U?$pair@$$CBHVsizedBuffer@@@std@@@2@@std@@@std@@QAEPAU?$_Tree_node@U?$pair@$$CBHVsizedBuffer@@@std@@PAX@2@XZ 00407ea0 f i importPreview.obj
 0001:00006ed0       ?_Buynode0@?$_Tree_buy@U?$pair@$$CBHVsizedBuffer@@@std@@V?$allocator@U?$pair@$$CBHVsizedBuffer@@@std@@@2@@std@@QAEPAU?$_Tree_node@U?$pair@$$CBHVsizedBuffer@@@std@@PAX@2@XZ 00407ed0 f i importPreview.obj
 0001:00006f10       ?_Destroy_if_not_nil@?$_Tree@V?$_Tmap_traits@HVsizedBuffer@@U?$less@H@std@@V?$allocator@U?$pair@$$CBHVsizedBuffer@@@std@@@3@$0A@@std@@@std@@IAEXPAU?$_Tree_node@U?$pair@$$CBHVsizedBuffer@@@std@@PAX@2@@Z 00407f10 f i importPreview.obj
 0001:00006f30       ?_Erase@?$_Tree@V?$_Tmap_traits@HVsizedBuffer@@U?$less@H@std@@V?$allocator@U?$pair@$$CBHVsizedBuffer@@@std@@@3@$0A@@std@@@std@@IAEXPAU?$_Tree_node@U?$pair@$$CBHVsizedBuffer@@@std@@PAX@2@@Z 00407f30 f i importPreview.obj
 0001:00006f70       ?_Rrotate@?$_Tree@V?$_Tmap_traits@HPAVfilters@@U?$less@H@std@@V?$allocator@U?$pair@$$CBHPAVfilters@@@std@@@3@$0A@@std@@@std@@IAEXPAU?$_Tree_node@U?$pair@$$CBHPAVfilters@@@std@@PAX@2@@Z 00407f70 f i filterDialog.obj
 0001:00006f70       ?_Rrotate@?$_Tree@V?$_Tmap_traits@HVsizedBuffer@@U?$less@H@std@@V?$allocator@U?$pair@$$CBHVsizedBuffer@@@std@@@3@$0A@@std@@@std@@IAEXPAU?$_Tree_node@U?$pair@$$CBHVsizedBuffer@@@std@@PAX@2@@Z 00407f70 f i importPreview.obj
 0001:00006f70       ?_Rrotate@?$_Tree@V?$_Tmap_traits@HKU?$less@H@std@@V?$allocator@U?$pair@$$CBHK@std@@@2@$0A@@std@@@std@@IAEXPAU?$_Tree_node@U?$pair@$$CBHK@std@@PAX@2@@Z 00407f70 f i CMD.obj
 0001:00006fd0       ?addEntry@importPreview@@QAEXHPBD@Z 00407fd0 f   importPreview.obj
 0001:00007280       ?addEntry@importPreview@@QAEXPBD@Z 00408280 f   importPreview.obj
 0001:00007340       ?addItemToList@importPreview@@AAEHHPBD@Z 00408340 f   importPreview.obj
 0001:00007440       ?erase@?$_Tree@V?$_Tmap_traits@HVsizedBuffer@@U?$less@H@std@@V?$allocator@U?$pair@$$CBHVsizedBuffer@@@std@@@3@$0A@@std@@@std@@QAE?AV?$_Tree_iterator@V?$_Tree_val@U?$_Tree_simple_types@U?$pair@$$CBHVsizedBuffer@@@std@@@std@@@std@@@2@V?$_Tree_const_iterator@V?$_Tree_val@U?$_Tree_simple_types@U?$pair@$$CBHVsizedBuffer@@@std@@@std@@@std@@@2@0@Z 00408440 f i importPreview.obj
 0001:00007500       ?erase@?$_Tree@V?$_Tmap_traits@HVsizedBuffer@@U?$less@H@std@@V?$allocator@U?$pair@$$CBHVsizedBuffer@@@std@@@3@$0A@@std@@@std@@QAE?AV?$_Tree_iterator@V?$_Tree_val@U?$_Tree_simple_types@U?$pair@$$CBHVsizedBuffer@@@std@@@std@@@std@@@2@V?$_Tree_const_iterator@V?$_Tree_val@U?$_Tree_simple_types@U?$pair@$$CBHVsizedBuffer@@@std@@@std@@@std@@@2@@Z 00408500 f i importPreview.obj
 0001:00007770       ?exec@importPreview@@QAEXPBD0_N@Z 00408770 f   importPreview.obj
 0001:000077f0       ?importPreviewWndProc@importPreview@@CGHPAUHWND__@@GGJ@Z 004087f0 f   importPreview.obj
 0001:00007890       ?init@importPreview@@QAEXPAUHWND__@@@Z 00408890 f   importPreview.obj
 0001:00007b30       ?sendNext@importPreview@@AAEXXZ 00408b30 f   importPreview.obj
 0001:00007c90       ?setData@importPreview@@QAEXPBD@Z 00408c90 f   importPreview.obj
 0001:00007d90       ?write@importPreview@@AAEXXZ 00408d90 f   importPreview.obj
 0001:00007db0       ?InitApplication@@YAHPAUHINSTANCE__@@@Z 00408db0 f   MAIN.obj
 0001:00007e40       ?InitInstance@@YAHPAUHINSTANCE__@@H@Z 00408e40 f   MAIN.obj
 0001:00007ec0       ?MainWndProc@@YGJPAUHWND__@@IIJ@Z 00408ec0 f   MAIN.obj
 0001:00009540       ?Main_ClientMsg@@YAXJ@Z    0040a540 f   MAIN.obj
 0001:000095c0       ?Main_Closedown@@YAXXZ     0040a5c0 f   MAIN.obj
 0001:00009660       ?Main_ConfigFileAsPath@@YAPADH@Z 0040a660 f   MAIN.obj
 0001:000096c0       ?Main_ConfigStatusDialogProc@@YGHPAUHWND__@@IIJ@Z 0040a6c0 f   MAIN.obj
 0001:00009710       ?Main_DoHelp@@YAXPBD@Z     0040a710 f   MAIN.obj
 0001:000097d0       ?Main_Init@@YAXXZ          0040a7d0 f   MAIN.obj
 0001:000098b0       ?Main_Initialise@@YAXXZ    0040a8b0 f   MAIN.obj
 0001:00009a30       ?Main_SendDelay@@YAXXZ     0040aa30 f   MAIN.obj
 0001:00009ad0       ?Main_SendDestStr@@YAXIJ@Z 0040aad0 f   MAIN.obj
 0001:00009b30       ?_Buyheadnode@?$_Tree_alloc@$0A@U?$_Tree_base_types@U?$pair@$$CBHK@std@@V?$allocator@U?$pair@$$CBHK@std@@@2@@std@@@std@@QAEPAU?$_Tree_node@U?$pair@$$CBHK@std@@PAX@2@XZ 0040ab30 f i MAIN.obj
 0001:00009b30       ?_Buyheadnode@?$_Tree_alloc@$0A@U?$_Tree_base_types@U?$pair@$$CBHPAVfilters@@@std@@V?$allocator@U?$pair@$$CBHPAVfilters@@@std@@@2@@std@@@std@@QAEPAU?$_Tree_node@U?$pair@$$CBHPAVfilters@@@std@@PAX@2@XZ 0040ab30 f i MAIN.obj
 0001:00009b60       ?_Erase@?$_Tree@V?$_Tmap_traits@HKU?$less@H@std@@V?$allocator@U?$pair@$$CBHK@std@@@2@$0A@@std@@@std@@IAEXPAU?$_Tree_node@U?$pair@$$CBHK@std@@PAX@2@@Z 0040ab60 f i MAIN.obj
 0001:00009b60       ?_Erase@?$_Tree@V?$_Tmap_traits@HPAVfilters@@U?$less@H@std@@V?$allocator@U?$pair@$$CBHPAVfilters@@@std@@@3@$0A@@std@@@std@@IAEXPAU?$_Tree_node@U?$pair@$$CBHPAVfilters@@@std@@PAX@2@@Z 0040ab60 f i MAIN.obj
 0001:00009ba0       ?cccConfigChangeMessage@IccClientCallback@@MAEXABV?$basic_string@DU?$char_traits@D@std@@V?$allocator@D@2@@std@@@Z 0040aba0 f i MAIN.obj
 0001:00009ba0       ??$destroy@PAU?$_Tree_node@U?$pair@$$CBHPAVfilters@@@std@@PAX@std@@@?$_Wrap_alloc@V?$allocator@U?$_Tree_node@U?$pair@$$CBHPAVfilters@@@std@@PAX@std@@@std@@@std@@QAEXPAPAU?$_Tree_node@U?$pair@$$CBHPAVfilters@@@std@@PAX@1@@Z 0040aba0 f i MAIN.obj
 0001:00009ba0       ??$destroy@PAU?$_Tree_node@U?$pair@$$CBHK@std@@PAX@std@@@?$_Wrap_alloc@V?$allocator@U?$_Tree_node@U?$pair@$$CBHK@std@@PAX@std@@@std@@@std@@QAEXPAPAU?$_Tree_node@U?$pair@$$CBHK@std@@PAX@1@@Z 0040aba0 f i CMD.obj
 0001:00009ba0       ??$destroy@PAU?$_List_node@V?$basic_string@DU?$char_traits@D@std@@V?$allocator@D@2@@std@@PAX@std@@@?$_Wrap_alloc@V?$allocator@U?$_List_node@V?$basic_string@DU?$char_traits@D@std@@V?$allocator@D@2@@std@@PAX@std@@@std@@@std@@QAEXPAPAU?$_List_node@V?$basic_string@DU?$char_traits@D@std@@V?$allocator@D@2@@std@@PAX@1@@Z 0040aba0 f i filterDialog.obj
 0001:00009bb0       ??3@YAXPAX0@Z              0040abb0 f i ccCheck.obj
 0001:00009bb0       ?cccDisconnected@cciCallbackHelper@@MAEXXZ 0040abb0 f i MAIN.obj
 0001:00009bb0       ?cccConnected@cciCallbackHelper@@MAEXXZ 0040abb0 f i MAIN.obj
 0001:00009bc0       ?cccDeviceMessage@cciCallbackHelper@@MAEXHHABV?$basic_string@DU?$char_traits@D@std@@V?$allocator@D@2@@std@@H@Z 0040abc0 f i MAIN.obj
 0001:00009bd0       ?cccRtrRevertive@cciCallbackHelper@@MAEXHHH@Z 0040abd0 f i MAIN.obj
 0001:00009bd0       ?cccGpiRevertive@cciCallbackHelper@@MAEXHH_N@Z 0040abd0 f i MAIN.obj
 0001:00009bd0       ?cccDatabaseChange@cciCallbackHelper@@MAEXHHH@Z 0040abd0 f i MAIN.obj
 0001:00009bd0       ?cccDeviceMode@cciCallbackHelper@@MAEXHHW4redundancyState@cc@@@Z 0040abd0 f i MAIN.obj
 0001:00009be0       ?cccInfoRevertive@cciCallbackHelper@@MAEXHHABV?$basic_string@DU?$char_traits@D@std@@V?$allocator@D@2@@std@@@Z 0040abe0 f i MAIN.obj
 0001:00009d60       ?cccSerialNumberError@cciCallbackHelper@@MAEXHH@Z 0040ad60 f i MAIN.obj
 0001:00009d60       ?cccPollError@cciCallbackHelper@@MAEXHH@Z 0040ad60 f i MAIN.obj
 0001:00009d70       ?clear@?$_Tree@V?$_Tmap_traits@HPAVfilters@@U?$less@H@std@@V?$allocator@U?$pair@$$CBHPAVfilters@@@std@@@3@$0A@@std@@@std@@QAEXXZ 0040ad70 f i MAIN.obj
 0001:00009d70       ?clear@?$_Tree@V?$_Tmap_traits@HKU?$less@H@std@@V?$allocator@U?$pair@$$CBHK@std@@@2@$0A@@std@@@std@@QAEXXZ 0040ad70 f i MAIN.obj
 0001:00009dc0       ?clear@?$list@V?$basic_string@DU?$char_traits@D@std@@V?$allocator@D@2@@std@@V?$allocator@V?$basic_string@DU?$char_traits@D@std@@V?$allocator@D@2@@std@@@2@@std@@QAEXXZ 0040adc0 f i MAIN.obj
 0001:00009e20       ?erase@?$_Tree@V?$_Tmap_traits@HPAVfilters@@U?$less@H@std@@V?$allocator@U?$pair@$$CBHPAVfilters@@@std@@@3@$0A@@std@@@std@@QAE?AV?$_Tree_iterator@V?$_Tree_val@U?$_Tree_simple_types@U?$pair@$$CBHPAVfilters@@@std@@@std@@@std@@@2@V?$_Tree_const_iterator@V?$_Tree_val@U?$_Tree_simple_types@U?$pair@$$CBHPAVfilters@@@std@@@std@@@std@@@2@@Z 0040ae20 f i filterDialog.obj
 0001:00009e20       ?erase@?$_Tree@V?$_Tmap_traits@HKU?$less@H@std@@V?$allocator@U?$pair@$$CBHK@std@@@2@$0A@@std@@@std@@QAE?AV?$_Tree_iterator@V?$_Tree_val@U?$_Tree_simple_types@U?$pair@$$CBHK@std@@@std@@@std@@@2@V?$_Tree_const_iterator@V?$_Tree_val@U?$_Tree_simple_types@U?$pair@$$CBHK@std@@@std@@@std@@@2@@Z 0040ae20 f i MAIN.obj
 0001:0000a090       ?erase@?$_Tree@V?$_Tmap_traits@HKU?$less@H@std@@V?$allocator@U?$pair@$$CBHK@std@@@2@$0A@@std@@@std@@QAE?AV?$_Tree_iterator@V?$_Tree_val@U?$_Tree_simple_types@U?$pair@$$CBHK@std@@@std@@@std@@@2@V?$_Tree_const_iterator@V?$_Tree_val@U?$_Tree_simple_types@U?$pair@$$CBHK@std@@@std@@@std@@@2@0@Z 0040b090 f i MAIN.obj
 0001:0000a090       ?erase@?$_Tree@V?$_Tmap_traits@HPAVfilters@@U?$less@H@std@@V?$allocator@U?$pair@$$CBHPAVfilters@@@std@@@3@$0A@@std@@@std@@QAE?AV?$_Tree_iterator@V?$_Tree_val@U?$_Tree_simple_types@U?$pair@$$CBHPAVfilters@@@std@@@std@@@std@@@2@V?$_Tree_const_iterator@V?$_Tree_val@U?$_Tree_simple_types@U?$pair@$$CBHPAVfilters@@@std@@@std@@@std@@@2@0@Z 0040b090 f i MAIN.obj
 0001:0000a130       ?setValue@filters@@QAE_NAAV?$basic_string@DU?$char_traits@D@std@@V?$allocator@D@2@@std@@@Z 0040b130 f i MAIN.obj
 0001:0000a190       _WinMain@16                0040b190 f   MAIN.obj
 0001:0000a2c0       ?Memory_Closedown@@YAXXZ   0040b2c0 f   MEMORY.obj
 0001:0000a2f0       ?Memory_FlushDatFiles@@YAXXZ 0040b2f0 f   MEMORY.obj
 0001:0000a350       ?Memory_InfoRead@@YAXHPAD@Z 0040b350 f   MEMORY.obj
 0001:0000a390       ?Memory_InfoWrite@@YAXHHPAD@Z 0040b390 f   MEMORY.obj
 0001:0000a3d0       ?Memory_Init@@YAXXZ        0040b3d0 f   MEMORY.obj
 0001:0000a6b0       ?NetCmd_Parse@@YAHPAD@Z    0040b6b0 f   NETCMD.obj
 0001:0000a8f0       ?Parser_Parse@@YAXPAD@Z    0040b8f0 f   PARSER.obj
 0001:0000a9a0       ?Prfu_ClearBuffer@@YAXXZ   0040b9a0 f   PRFU.obj
 0001:0000a9c0       ?Prfu_PrintBuffer@@YAXXZ   0040b9c0 f   PRFU.obj
 0001:0000aa90       ??$?HDU?$char_traits@D@std@@V?$allocator@D@1@@std@@YA?AV?$basic_string@DU?$char_traits@D@std@@V?$allocator@D@2@@0@$$QAV10@0@Z 0040ba90 f i PROF.obj
 0001:0000ab00       ??$?HDU?$char_traits@D@std@@V?$allocator@D@1@@std@@YA?AV?$basic_string@DU?$char_traits@D@std@@V?$allocator@D@2@@0@PBD$$QAV10@@Z 0040bb00 f i PROF.obj
 0001:0000aba0       ??$_Buynode@ABQAVfilterBase@@@?$_List_buy@PAVfilterBase@@V?$allocator@PAVfilterBase@@@std@@@std@@QAEPAU?$_List_node@PAVfilterBase@@PAX@1@PAU21@0ABQAVfilterBase@@@Z 0040bba0 f i PROF.obj
 0001:0000abc0       ??$_Insert_at@AAU?$pair@$$CBHK@std@@PAU?$_Tree_node@U?$pair@$$CBHK@std@@PAX@2@@?$_Tree@V?$_Tmap_traits@HKU?$less@H@std@@V?$allocator@U?$pair@$$CBHK@std@@@2@$0A@@std@@@std@@IAE?AV?$_Tree_iterator@V?$_Tree_val@U?$_Tree_simple_types@U?$pair@$$CBHK@std@@@std@@@std@@@1@_NPAU?$_Tree_node@U?$pair@$$CBHK@std@@PAX@1@AAU?$pair@$$CBHK@1@1@Z 0040bbc0 f i CMD.obj
 0001:0000abc0       ??$_Insert_at@AAU?$pair@$$CBHPAVfilters@@@std@@PAU?$_Tree_node@U?$pair@$$CBHPAVfilters@@@std@@PAX@2@@?$_Tree@V?$_Tmap_traits@HPAVfilters@@U?$less@H@std@@V?$allocator@U?$pair@$$CBHPAVfilters@@@std@@@3@$0A@@std@@@std@@IAE?AV?$_Tree_iterator@V?$_Tree_val@U?$_Tree_simple_types@U?$pair@$$CBHPAVfilters@@@std@@@std@@@std@@@1@_NPAU?$_Tree_node@U?$pair@$$CBHPAVfilters@@@std@@PAX@1@AAU?$pair@$$CBHPAVfilters@@@1@1@Z 0040bbc0 f i PROF.obj
 0001:0000add0       ??$_Insert_nohint@AAU?$pair@$$CBHPAVfilters@@@std@@PAU?$_Tree_node@U?$pair@$$CBHPAVfilters@@@std@@PAX@2@@?$_Tree@V?$_Tmap_traits@HPAVfilters@@U?$less@H@std@@V?$allocator@U?$pair@$$CBHPAVfilters@@@std@@@3@$0A@@std@@@std@@IAE?AU?$pair@V?$_Tree_iterator@V?$_Tree_val@U?$_Tree_simple_types@U?$pair@$$CBHPAVfilters@@@std@@@std@@@std@@@std@@_N@1@_NAAU?$pair@$$CBHPAVfilters@@@1@PAU?$_Tree_node@U?$pair@$$CBHPAVfilters@@@std@@PAX@1@@Z 0040bdd0 f i PROF.obj
 0001:0000add0       ??$_Insert_nohint@AAU?$pair@$$CBHK@std@@PAU?$_Tree_node@U?$pair@$$CBHK@std@@PAX@2@@?$_Tree@V?$_Tmap_traits@HKU?$less@H@std@@V?$allocator@U?$pair@$$CBHK@std@@@2@$0A@@std@@@std@@IAE?AU?$pair@V?$_Tree_iterator@V?$_Tree_val@U?$_Tree_simple_types@U?$pair@$$CBHK@std@@@std@@@std@@@std@@_N@1@_NAAU?$pair@$$CBHK@1@PAU?$_Tree_node@U?$pair@$$CBHK@std@@PAX@1@@Z 0040bdd0 f i CMD.obj
 0001:0000aef0       ??0?$filterAverage@H@@QAE@ABV?$basic_string@DU?$char_traits@D@std@@V?$allocator@D@2@@std@@H0@Z 0040bef0 f i PROF.obj
 0001:0000afe0       ??0?$filterAverage@I@@QAE@ABV?$basic_string@DU?$char_traits@D@std@@V?$allocator@D@2@@std@@H0@Z 0040bfe0 f i PROF.obj
 0001:0000b0c0       ??0?$filterAverage@N@@QAE@ABV?$basic_string@DU?$char_traits@D@std@@V?$allocator@D@2@@std@@H0@Z 0040c0c0 f i PROF.obj
 0001:0000b1a0       ??0?$filterWindow@H@@QAE@ABV?$basic_string@DU?$char_traits@D@std@@V?$allocator@D@2@@std@@H@Z 0040c1a0 f i PROF.obj
 0001:0000b3c0       ??0?$filterWindow@I@@QAE@ABV?$basic_string@DU?$char_traits@D@std@@V?$allocator@D@2@@std@@I@Z 0040c3c0 f i PROF.obj
 0001:0000b5e0       ??0?$filterWindow@N@@QAE@ABV?$basic_string@DU?$char_traits@D@std@@V?$allocator@D@2@@std@@N@Z 0040c5e0 f i PROF.obj
 0001:0000b820       ??0filters@@QAE@XZ         0040c820 f i PROF.obj
 0001:0000b860       ??1?$filterAverage@H@@UAE@XZ 0040c860 f i PROF.obj
 0001:0000b8d0       ??1?$filterAverage@I@@UAE@XZ 0040c8d0 f i PROF.obj
 0001:0000b940       ??1?$filterAverage@N@@UAE@XZ 0040c940 f i PROF.obj
 0001:0000b9b0       ??1?$list@PAVfilterBase@@V?$allocator@PAVfilterBase@@@std@@@std@@QAE@XZ 0040c9b0 f i PROF.obj
 0001:0000b9f0       ??1filterBase@@UAE@XZ      0040c9f0 f i PROF.obj
 0001:0000ba20       ??1filters@@UAE@XZ         0040ca20 f i PROF.obj
 0001:0000bad0       ??F?$_Tree_unchecked_const_iterator@V?$_Tree_val@U?$_Tree_simple_types@U?$pair@$$CBHPAVfilters@@@std@@@std@@@std@@U_Iterator_base0@2@@std@@QAEAAV01@XZ 0040cad0 f i PROF.obj
 0001:0000bad0       ??F?$_Tree_unchecked_const_iterator@V?$_Tree_val@U?$_Tree_simple_types@U?$pair@$$CBHVsizedBuffer@@@std@@@std@@@std@@U_Iterator_base0@2@@std@@QAEAAV01@XZ 0040cad0 f i importPreview.obj
 0001:0000bad0       ??F?$_Tree_unchecked_const_iterator@V?$_Tree_val@U?$_Tree_simple_types@U?$pair@$$CBHK@std@@@std@@@std@@U_Iterator_base0@2@@std@@QAEAAV01@XZ 0040cad0 f i CMD.obj
 0001:0000bb30       ??_E?$filterAverage@H@@UAEPAXI@Z 0040cb30 f i PROF.obj
 0001:0000bb30       ??_G?$filterAverage@H@@UAEPAXI@Z 0040cb30 f i PROF.obj
 0001:0000bb60       ??_E?$filterAverage@I@@UAEPAXI@Z 0040cb60 f i PROF.obj
 0001:0000bb60       ??_G?$filterAverage@I@@UAEPAXI@Z 0040cb60 f i PROF.obj
 0001:0000bb90       ??_G?$filterAverage@N@@UAEPAXI@Z 0040cb90 f i PROF.obj
 0001:0000bb90       ??_E?$filterAverage@N@@UAEPAXI@Z 0040cb90 f i PROF.obj
 0001:0000bbc0       ??_G?$filterWindow@I@@UAEPAXI@Z 0040cbc0 f i PROF.obj
 0001:0000bbc0       ??_E?$filterWindow@I@@UAEPAXI@Z 0040cbc0 f i PROF.obj
 0001:0000bbc0       ??_E?$filterWindow@H@@UAEPAXI@Z 0040cbc0 f i PROF.obj
 0001:0000bbc0       ??_G?$filterWindow@H@@UAEPAXI@Z 0040cbc0 f i PROF.obj
 0001:0000bc30       ??_G?$filterWindow@N@@UAEPAXI@Z 0040cc30 f i PROF.obj
 0001:0000bc30       ??_E?$filterWindow@N@@UAEPAXI@Z 0040cc30 f i PROF.obj
 0001:0000bca0       ??_EfilterBlock@@UAEPAXI@Z 0040cca0 f i PROF.obj
 0001:0000bca0       ??_GfilterBlock@@UAEPAXI@Z 0040cca0 f i PROF.obj
 0001:0000bca0       ??_GfilterBase@@UAEPAXI@Z  0040cca0 f i PROF.obj
 0001:0000bca0       ??_EfilterBase@@UAEPAXI@Z  0040cca0 f i PROF.obj
 0001:0000bcf0       ??_GfilterChange@@UAEPAXI@Z 0040ccf0 f i PROF.obj
 0001:0000bcf0       ??_EfilterChange@@UAEPAXI@Z 0040ccf0 f i PROF.obj
 0001:0000bd60       ??_Gfilters@@UAEPAXI@Z     0040cd60 f i PROF.obj
 0001:0000bd60       ??_Efilters@@UAEPAXI@Z     0040cd60 f i PROF.obj
 0001:0000bd90       ?Prof_AddFilterEntry@@YA_NHPBD@Z 0040cd90 f   PROF.obj
 0001:0000bfd0       ?Prof_GetVersionInfo@@YAXXZ 0040cfd0 f   PROF.obj
 0001:0000c090       ?Prof_GrantAccess@@YAXH@Z  0040d090 f   PROF.obj
 0001:0000c0b0       ?Prof_Init@@YAXXZ          0040d0b0 f   PROF.obj
 0001:0000c870       ?Prof_WriteFilterConfig@@YAXXZ 0040d870 f   PROF.obj
 0001:0000c920       ?_Buynode0@?$_List_alloc@$0A@U?$_List_base_types@PAVfilterBase@@V?$allocator@PAVfilterBase@@@std@@@std@@@std@@QAEPAU?$_List_node@PAVfilterBase@@PAX@2@PAU32@0@Z 0040d920 f i PROF.obj
 0001:0000c960       ?addFilter@filters@@AAEXPAVfilterBase@@@Z 0040d960 f i PROF.obj
 0001:0000ca30       ?addFilter@filters@@QAE_NPBD@Z 0040da30 f i PROF.obj
 0001:0000d280       ?first@?$filterAverage@N@@UAE_NXZ 0040e280 f i PROF.obj
 0001:0000d280       ?first@?$filterAverage@I@@UAE_NXZ 0040e280 f i PROF.obj
 0001:0000d280       ?first@?$filterAverage@H@@UAE_NXZ 0040e280 f i PROF.obj
 0001:0000d290       ?first@?$filterWindow@H@@UAE_NXZ 0040e290 f i PROF.obj
 0001:0000d290       ?first@filterChange@@UAE_NXZ 0040e290 f i PROF.obj
 0001:0000d290       ?first@?$filterWindow@N@@UAE_NXZ 0040e290 f i PROF.obj
 0001:0000d290       ?first@?$filterWindow@I@@UAE_NXZ 0040e290 f i PROF.obj
 0001:0000d290       ?first@filterBlock@@UAE_NXZ 0040e290 f i PROF.obj
 0001:0000d2a0       ?insert@?$basic_string@DU?$char_traits@D@std@@V?$allocator@D@2@@std@@QAEAAV12@IABV12@II@Z 0040e2a0 f i PROF.obj
 0001:0000d3d0       ?insert@?$basic_string@DU?$char_traits@D@std@@V?$allocator@D@2@@std@@QAEAAV12@IPBDI@Z 0040e3d0 f i PROF.obj
 0001:0000d4e0       ?myFilterSetHasEntry@@YA_NPBD@Z 0040e4e0 f   PROF.obj
 0001:0000d5d0       ?push_back@?$list@PAVfilterBase@@V?$allocator@PAVfilterBase@@@std@@@std@@QAEXABQAVfilterBase@@@Z 0040e5d0 f i PROF.obj
 0001:0000d620       ?push_front@?$list@PAVfilterBase@@V?$allocator@PAVfilterBase@@@std@@@std@@QAEXABQAVfilterBase@@@Z 0040e620 f i PROF.obj
 0001:0000d670       ?setValue@?$filterAverage@H@@UAE_NAAV?$basic_string@DU?$char_traits@D@std@@V?$allocator@D@2@@std@@@Z 0040e670 f i PROF.obj
 0001:0000d790       ?setValue@?$filterAverage@I@@UAE_NAAV?$basic_string@DU?$char_traits@D@std@@V?$allocator@D@2@@std@@@Z 0040e790 f i PROF.obj
 0001:0000d8b0       ?setValue@?$filterAverage@N@@UAE_NAAV?$basic_string@DU?$char_traits@D@std@@V?$allocator@D@2@@std@@@Z 0040e8b0 f i PROF.obj
 0001:0000da10       ?setValue@?$filterWindow@H@@UAE_NAAV?$basic_string@DU?$char_traits@D@std@@V?$allocator@D@2@@std@@@Z 0040ea10 f i PROF.obj
 0001:0000da60       ?setValue@?$filterWindow@I@@UAE_NAAV?$basic_string@DU?$char_traits@D@std@@V?$allocator@D@2@@std@@@Z 0040ea60 f i PROF.obj
 0001:0000dab0       ?setValue@?$filterWindow@N@@UAE_NAAV?$basic_string@DU?$char_traits@D@std@@V?$allocator@D@2@@std@@@Z 0040eab0 f i PROF.obj
 0001:0000db20       ?setValue@filterBlock@@UAE_NAAV?$basic_string@DU?$char_traits@D@std@@V?$allocator@D@2@@std@@@Z 0040eb20 f i PROF.obj
 0001:0000db30       ?setValue@filterChange@@UAE_NAAV?$basic_string@DU?$char_traits@D@std@@V?$allocator@D@2@@std@@@Z 0040eb30 f i PROF.obj
 0001:0000db80       ?toString@?$filterAverage@H@@UAE?AV?$basic_string@DU?$char_traits@D@std@@V?$allocator@D@2@@std@@XZ 0040eb80 f i PROF.obj
 0001:0000dc50       ?toString@?$filterAverage@I@@UAE?AV?$basic_string@DU?$char_traits@D@std@@V?$allocator@D@2@@std@@XZ 0040ec50 f i PROF.obj
 0001:0000dd20       ?toString@?$filterAverage@N@@UAE?AV?$basic_string@DU?$char_traits@D@std@@V?$allocator@D@2@@std@@XZ 0040ed20 f i PROF.obj
 0001:0000ddf0       ?toString@?$filterWindow@H@@UAE?AV?$basic_string@DU?$char_traits@D@std@@V?$allocator@D@2@@std@@XZ 0040edf0 f i PROF.obj
 0001:0000ddf0       ?toString@?$filterWindow@I@@UAE?AV?$basic_string@DU?$char_traits@D@std@@V?$allocator@D@2@@std@@XZ 0040edf0 f i PROF.obj
 0001:0000de30       ?toString@?$filterWindow@N@@UAE?AV?$basic_string@DU?$char_traits@D@std@@V?$allocator@D@2@@std@@XZ 0040ee30 f i PROF.obj
 0001:0000de70       ?toString@filterBlock@@UAE?AV?$basic_string@DU?$char_traits@D@std@@V?$allocator@D@2@@std@@XZ 0040ee70 f i PROF.obj
 0001:0000deb0       ?toString@filterChange@@UAE?AV?$basic_string@DU?$char_traits@D@std@@V?$allocator@D@2@@std@@XZ 0040eeb0 f i PROF.obj
 0001:0000def0       ?BNCSSendMessage@@YAJPAUHWND__@@0IIJHHHE@Z 0040eef0 f   SNDMSG.obj
 0001:0000df60       ?fnSplitString@@YAHPAD0IPAPAD@Z 0040ef60 f   SplitString.obj
 0001:0000e020       ?GetArguments@@YAXPADH@Z   0040f020 f   SUFU.obj
 0001:0000e120       ?ODS@@YAXPAD@Z             0040f120 f   SUFU.obj
 0001:0000e170       ?OSM@@YAXPAD@Z             0040f170 f   SUFU.obj
 0001:0000e1c0       _BNCS32ReceiveMessage      0040f1c0 f   bncsWM32:BncsWM32.obj
 0001:0000e310       _BNCS32SendMessage         0040f310 f   bncsWM32:BncsWM32.obj
 0001:0000e3f0       ??0cBncsVersion@@QAE@PBD@Z 0040f3f0 f   BncsVersionInfo:cBncsVersion.obj
 0001:0000ea10       ??1cBncsVersion@@UAE@XZ    0040fa10 f   BncsVersionInfo:cBncsVersion.obj
 0001:0000eaf0       ??_EcBncsVersion@@UAEPAXI@Z 0040faf0 f i BncsVersionInfo:cBncsVersion.obj
 0001:0000eaf0       ??_GcBncsVersion@@UAEPAXI@Z 0040faf0 f i BncsVersionInfo:cBncsVersion.obj
 0001:0000eb12       _GetFileVersionInfoSizeA@8 0040fb12 f   version:VERSION.dll
 0001:0000eb18       _GetFileVersionInfoA@16    0040fb18 f   version:VERSION.dll
 0001:0000eb1e       _VerQueryValueA@16         0040fb1e f   version:VERSION.dll
 0001:0000eb24       ??_U@YAPAXI@Z              0040fb24 f   msvcprt:newaop_s.obj
 0001:0000eb2e       __purecall                 0040fb2e f   MSVCRT:MSVCR120.dll
 0001:0000eb34       ??2@YAPAXI@Z               0040fb34 f   MSVCRT:MSVCR120.dll
 0001:0000eb3a       ??3@YAXPAX@Z               0040fb3a f   MSVCRT:MSVCR120.dll
 0001:0000eb40       ___atonexitinit            0040fb40 f   MSVCRT:atonexit.obj
 0001:0000eb7c       __onexit                   0040fb7c f   MSVCRT:atonexit.obj
 0001:0000ec25       _atexit                    0040fc25 f   MSVCRT:atonexit.obj
 0001:0000ec3a       @__security_check_cookie@4 0040fc3a f   MSVCRT:secchk.obj
 0001:0000ec4a       __CxxThrowException@8      0040fc4a f   MSVCRT:MSVCR120.dll
 0001:0000ec50       ___CxxFrameHandler3        0040fc50 f   MSVCRT:MSVCR120.dll
 0001:0000ec56       _memcpy                    0040fc56 f   MSVCRT:MSVCR120.dll
 0001:0000ec5c       ??_Etype_info@@UAEPAXI@Z   0040fc5c f i MSVCRT:ti_inst.obj
 0001:0000ecb0       ??_V@YAXPAX@Z              0040fcb0 f   MSVCRT:MSVCR120.dll
 0001:0000ecb6       _memset                    0040fcb6 f   MSVCRT:MSVCR120.dll
 0001:0000ecbc       ___raise_securityfailure   0040fcbc f   MSVCRT:gs_report.obj
 0001:0000ecf9       ___report_gsfailure        0040fcf9 f   MSVCRT:gs_report.obj
 0001:0000edf4       ___report_rangecheckfailure 0040fdf4 f   MSVCRT:gs_report.obj
 0001:0000ee00       ___report_securityfailure  0040fe00 f   MSVCRT:gs_report.obj
 0001:0000eed0       __alloca_probe             0040fed0 f   MSVCRT:chkstk.obj
 0001:0000eed0       __chkstk                   0040fed0 f   MSVCRT:chkstk.obj
 0001:0000efff       _WinMainCRTStartup         0040ffff f   MSVCRT:crtexew.obj
 0001:0000f1be       _strpbrk                   004101be f   MSVCRT:MSVCR120.dll
 0001:0000f1c4       _free                      004101c4 f   MSVCRT:MSVCR120.dll
 0001:0000f1ca       _malloc                    004101ca f   MSVCRT:MSVCR120.dll
 0001:0000f1d0       __lock                     004101d0 f   MSVCRT:MSVCR120.dll
 0001:0000f1d6       __unlock                   004101d6 f   MSVCRT:MSVCR120.dll
 0001:0000f1dc       ___dllonexit               004101dc f   MSVCRT:MSVCR120.dll
 0001:0000f1f0       __SEH_prolog4              004101f0 f   MSVCRT:sehprolg4.obj
 0001:0000f235       __SEH_epilog4              00410235 f   MSVCRT:sehprolg4.obj
 0001:0000f249       __except_handler4          00410249 f   MSVCRT:chandler4gs.obj
 0001:0000f26c       ??_M@YGXPAXIHP6EX0@Z@Z     0041026c f   MSVCRT:ehvecdtr.obj
 0001:0000f2db       ?__ArrayUnwind@@YGXPAXIHP6EX0@Z@Z 004102db f   MSVCRT:ehvecdtr.obj
 0001:0000f33a       ??1type_info@@UAE@XZ       0041033a f   MSVCRT:MSVCR120.dll
 0001:0000f340       __crt_debugger_hook        00410340 f   MSVCRT:MSVCR120.dll
 0001:0000f346       ___crtUnhandledException   00410346 f   MSVCRT:MSVCR120.dll
 0001:0000f34c       ___crtTerminateProcess     0041034c f   MSVCRT:MSVCR120.dll
 0001:0000f352       ?__CxxUnhandledExceptionFilter@@YGJPAU_EXCEPTION_POINTERS@@@Z 00410352 f   MSVCRT:unhandld.obj
 0001:0000f393       ___CxxSetUnhandledExceptionFilter 00410393 f   MSVCRT:unhandld.obj
 0001:0000f3a2       __XcptFilter               004103a2 f   MSVCRT:MSVCR120.dll
 0001:0000f3a8       __amsg_exit                004103a8 f   MSVCRT:MSVCR120.dll
 0001:0000f3b0       __FindPESection            004103b0 f   MSVCRT:pesect.obj
 0001:0000f400       __IsNonwritableInCurrentImage 00410400 f   MSVCRT:pesect.obj
 0001:0000f4c0       __ValidateImageBase        004104c0 f   MSVCRT:pesect.obj
 0001:0000f4f1       ___security_init_cookie    004104f1 f   MSVCRT:gs_support.obj
 0001:0000f58d       __setargv                  0041058d f   MSVCRT:dllargv.obj
 0001:0000f58d       __matherr                  0041058d f   MSVCRT:merr.obj
 0001:0000f590       __RTC_Initialize           00410590 f   MSVCRT:initsect.obj
 0001:0000f5b0       __RTC_Terminate            004105b0 f   MSVCRT:initsect.obj
 0001:0000f5d0       __setdefaultprecision      004105d0 f   MSVCRT:fp8.obj
 0001:0000f5f8       __initterm_e               004105f8 f   MSVCRT:MSVCR120.dll
 0001:0000f5fe       __initterm                 004105fe f   MSVCRT:MSVCR120.dll
 0001:0000f604       __except_handler4_common   00410604 f   MSVCRT:MSVCR120.dll
 0001:0000f60a       ?terminate@@YAXXZ          0041060a f   MSVCRT:MSVCR120.dll
 0001:0000f610       ___crtSetUnhandledExceptionFilter 00410610 f   MSVCRT:MSVCR120.dll
 0001:0000f616       __invoke_watson            00410616 f   MSVCRT:MSVCR120.dll
 0001:0000f61c       __controlfp_s              0041061c f   MSVCRT:MSVCR120.dll
 0001:0000f622       _IsProcessorFeaturePresent@4 00410622 f   kernel32:KERNEL32.dll
 0002:00000000       __imp__RegCloseKey@4       00412000     advapi32:ADVAPI32.dll
 0002:00000004       __imp__RegOpenKeyExA@20    00412004     advapi32:ADVAPI32.dll
 0002:00000008       __imp__RegQueryValueExA@24 00412008     advapi32:ADVAPI32.dll
 0002:0000000c       \177ADVAPI32_NULL_THUNK_DATA 0041200c     advapi32:ADVAPI32.dll
 0002:00000010       __imp__BNCS32RxMessage     00412010     bncsif32:BNCSIF32.dll
 0002:00000014       __imp__BNCS32TxMessage     00412014     bncsif32:BNCSIF32.dll
 0002:00000018       \177BNCSIF32_NULL_THUNK_DATA 00412018     bncsif32:BNCSIF32.dll
 0002:0000001c       __imp__GetSaveFileNameA@4  0041201c     comdlg32:COMDLG32.dll
 0002:00000020       __imp__GetOpenFileNameA@4  00412020     comdlg32:COMDLG32.dll
 0002:00000024       \177COMDLG32_NULL_THUNK_DATA 00412024     comdlg32:COMDLG32.dll
 0002:00000028       __imp__TextOutA@20         00412028     gdi32:GDI32.dll
 0002:0000002c       __imp__EndPage@4           0041202c     gdi32:GDI32.dll
 0002:00000030       __imp__StartPage@4         00412030     gdi32:GDI32.dll
 0002:00000034       __imp__EndDoc@4            00412034     gdi32:GDI32.dll
 0002:00000038       __imp__StartDocA@8         00412038     gdi32:GDI32.dll
 0002:0000003c       __imp__GetStockObject@4    0041203c     gdi32:GDI32.dll
 0002:00000040       __imp__SetTextColor@8      00412040     gdi32:GDI32.dll
 0002:00000044       __imp__SetBkColor@8        00412044     gdi32:GDI32.dll
 0002:00000048       __imp__DeleteObject@4      00412048     gdi32:GDI32.dll
 0002:0000004c       __imp__CreateSolidBrush@4  0041204c     gdi32:GDI32.dll
 0002:00000050       \177GDI32_NULL_THUNK_DATA  00412050     gdi32:GDI32.dll
 0002:00000054       __imp__GetCurrentProcessId@0 00412054     kernel32:KERNEL32.dll
 0002:00000058       __imp__WinExec@8           00412058     kernel32:KERNEL32.dll
 0002:0000005c       __imp__GetModuleFileNameA@12 0041205c     kernel32:KERNEL32.dll
 0002:00000060       __imp___lopen@8            00412060     kernel32:KERNEL32.dll
 0002:00000064       __imp___lcreat@8           00412064     kernel32:KERNEL32.dll
 0002:00000068       __imp___lread@12           00412068     kernel32:KERNEL32.dll
 0002:0000006c       __imp___lwrite@12          0041206c     kernel32:KERNEL32.dll
 0002:00000070       __imp___lclose@4           00412070     kernel32:KERNEL32.dll
 0002:00000074       __imp___llseek@12          00412074     kernel32:KERNEL32.dll
 0002:00000078       __imp__GetSystemTimeAsFileTime@4 00412078     kernel32:KERNEL32.dll
 0002:0000007c       __imp__GetCurrentThreadId@0 0041207c     kernel32:KERNEL32.dll
 0002:00000080       __imp__QueryPerformanceCounter@4 00412080     kernel32:KERNEL32.dll
 0002:00000084       __imp__IsProcessorFeaturePresent@4 00412084     kernel32:KERNEL32.dll
 0002:00000088       __imp__IsDebuggerPresent@0 00412088     kernel32:KERNEL32.dll
 0002:0000008c       __imp__DecodePointer@4     0041208c     kernel32:KERNEL32.dll
 0002:00000090       __imp__EncodePointer@4     00412090     kernel32:KERNEL32.dll
 0002:00000094       __imp__GlobalUnlock@4      00412094     kernel32:KERNEL32.dll
 0002:00000098       __imp__GlobalLock@4        00412098     kernel32:KERNEL32.dll
 0002:0000009c       __imp__GlobalFree@4        0041209c     kernel32:KERNEL32.dll
 0002:000000a0       __imp__GlobalAlloc@8       004120a0     kernel32:KERNEL32.dll
 0002:000000a4       __imp__lstrcpyA@8          004120a4     kernel32:KERNEL32.dll
 0002:000000a8       __imp__lstrcpynA@12        004120a8     kernel32:KERNEL32.dll
 0002:000000ac       __imp__OutputDebugStringA@4 004120ac     kernel32:KERNEL32.dll
 0002:000000b0       __imp__FreeLibrary@4       004120b0     kernel32:KERNEL32.dll
 0002:000000b4       __imp__GetProcAddress@8    004120b4     kernel32:KERNEL32.dll
 0002:000000b8       __imp__GetLastError@0      004120b8     kernel32:KERNEL32.dll
 0002:000000bc       __imp__LoadLibraryA@4      004120bc     kernel32:KERNEL32.dll
 0002:000000c0       __imp__GetPrivateProfileIntA@16 004120c0     kernel32:KERNEL32.dll
 0002:000000c4       __imp__GetPrivateProfileStringA@24 004120c4     kernel32:KERNEL32.dll
 0002:000000c8       __imp__WritePrivateProfileStringA@16 004120c8     kernel32:KERNEL32.dll
 0002:000000cc       __imp__GetWindowsDirectoryA@8 004120cc     kernel32:KERNEL32.dll
 0002:000000d0       __imp__GetTickCount@0      004120d0     kernel32:KERNEL32.dll
 0002:000000d4       \177KERNEL32_NULL_THUNK_DATA 004120d4     kernel32:KERNEL32.dll
 0002:000000d8       __imp_?_Xlength_error@std@@YAXPBD@Z 004120d8     msvcprt:MSVCP120.dll
 0002:000000dc       __imp_?_Xout_of_range@std@@YAXPBD@Z 004120dc     msvcprt:MSVCP120.dll
 0002:000000e0       __imp_?_Winerror_map@std@@YAPBDH@Z 004120e0     msvcprt:MSVCP120.dll
 0002:000000e4       __imp_?_Syserror_map@std@@YAPBDH@Z 004120e4     msvcprt:MSVCP120.dll
 0002:000000e8       __imp_?_Xbad_alloc@std@@YAXXZ 004120e8     msvcprt:MSVCP120.dll
 0002:000000ec       \177MSVCP120_NULL_THUNK_DATA 004120ec     msvcprt:MSVCP120.dll
 0002:000000f0       __imp__getenv              004120f0     MSVCRT:MSVCR120.dll
 0002:000000f4       __imp__strlwr              004120f4     MSVCRT:MSVCR120.dll
 0002:000000f4       __imp___strlwr             004120f4     MSVCRT:MSVCR120.dll
 0002:000000f8       __imp___controlfp_s        004120f8     MSVCRT:MSVCR120.dll
 0002:000000fc       __imp___invoke_watson      004120fc     MSVCRT:MSVCR120.dll
 0002:00000100       __imp____crtSetUnhandledExceptionFilter 00412100     MSVCRT:MSVCR120.dll
 0002:00000104       __imp_?terminate@@YAXXZ    00412104     MSVCRT:MSVCR120.dll
 0002:00000108       __imp___except_handler4_common 00412108     MSVCRT:MSVCR120.dll
 0002:0000010c       __imp___commode            0041210c     MSVCRT:MSVCR120.dll
 0002:00000110       __imp___fmode              00412110     MSVCRT:MSVCR120.dll
 0002:00000114       __imp___acmdln             00412114     MSVCRT:MSVCR120.dll
 0002:00000118       __imp___initterm           00412118     MSVCRT:MSVCR120.dll
 0002:0000011c       __imp___initterm_e         0041211c     MSVCRT:MSVCR120.dll
 0002:00000120       __imp____setusermatherr    00412120     MSVCRT:MSVCR120.dll
 0002:00000124       __imp___configthreadlocale 00412124     MSVCRT:MSVCR120.dll
 0002:00000128       __imp___ismbblead          00412128     MSVCRT:MSVCR120.dll
 0002:0000012c       __imp___cexit              0041212c     MSVCRT:MSVCR120.dll
 0002:00000130       __imp___exit               00412130     MSVCRT:MSVCR120.dll
 0002:00000134       __imp__exit                00412134     MSVCRT:MSVCR120.dll
 0002:00000138       __imp____set_app_type      00412138     MSVCRT:MSVCR120.dll
 0002:0000013c       __imp____getmainargs       0041213c     MSVCRT:MSVCR120.dll
 0002:00000140       __imp___amsg_exit          00412140     MSVCRT:MSVCR120.dll
 0002:00000144       __imp____crtGetShowWindowMode 00412144     MSVCRT:MSVCR120.dll
 0002:00000148       __imp___XcptFilter         00412148     MSVCRT:MSVCR120.dll
 0002:0000014c       __imp____crtTerminateProcess 0041214c     MSVCRT:MSVCR120.dll
 0002:00000150       __imp____crtUnhandledException 00412150     MSVCRT:MSVCR120.dll
 0002:00000154       __imp___crt_debugger_hook  00412154     MSVCRT:MSVCR120.dll
 0002:00000158       __imp_??1type_info@@UAE@XZ 00412158     MSVCRT:MSVCR120.dll
 0002:0000015c       __imp___onexit             0041215c     MSVCRT:MSVCR120.dll
 0002:00000160       __imp____dllonexit         00412160     MSVCRT:MSVCR120.dll
 0002:00000164       __imp___calloc_crt         00412164     MSVCRT:MSVCR120.dll
 0002:00000168       __imp___unlock             00412168     MSVCRT:MSVCR120.dll
 0002:0000016c       __imp___lock               0041216c     MSVCRT:MSVCR120.dll
 0002:00000170       __imp__malloc              00412170     MSVCRT:MSVCR120.dll
 0002:00000174       __imp__free                00412174     MSVCRT:MSVCR120.dll
 0002:00000178       __imp__strpbrk             00412178     MSVCRT:MSVCR120.dll
 0002:0000017c       __imp__strtok              0041217c     MSVCRT:MSVCR120.dll
 0002:00000180       __imp__strcpy_s            00412180     MSVCRT:MSVCR120.dll
 0002:00000184       __imp__sscanf              00412184     MSVCRT:MSVCR120.dll
 0002:00000188       __imp__strstr              00412188     MSVCRT:MSVCR120.dll
 0002:0000018c       __imp__fputc               0041218c     MSVCRT:MSVCR120.dll
 0002:00000190       __imp__fgetc               00412190     MSVCRT:MSVCR120.dll
 0002:00000194       __imp__strtoul             00412194     MSVCRT:MSVCR120.dll
 0002:00000198       __imp__strtol              00412198     MSVCRT:MSVCR120.dll
 0002:0000019c       __imp__atof                0041219c     MSVCRT:MSVCR120.dll
 0002:000001a0       __imp__strcat_s            004121a0     MSVCRT:MSVCR120.dll
 0002:000001a4       __imp__vsprintf_s          004121a4     MSVCRT:MSVCR120.dll
 0002:000001a8       __imp__fputs               004121a8     MSVCRT:MSVCR120.dll
 0002:000001ac       __imp__fprintf             004121ac     MSVCRT:MSVCR120.dll
 0002:000001b0       __imp__fopen               004121b0     MSVCRT:MSVCR120.dll
 0002:000001b4       __imp__fgets               004121b4     MSVCRT:MSVCR120.dll
 0002:000001b8       __imp___purecall           004121b8     MSVCRT:MSVCR120.dll
 0002:000001bc       __imp_??2@YAPAXI@Z         004121bc     MSVCRT:MSVCR120.dll
 0002:000001c0       __imp_??3@YAXPAX@Z         004121c0     MSVCRT:MSVCR120.dll
 0002:000001c4       __imp__memmove             004121c4     MSVCRT:MSVCR120.dll
 0002:000001c8       __imp__sprintf_s           004121c8     MSVCRT:MSVCR120.dll
 0002:000001cc       __imp___CxxThrowException@8 004121cc     MSVCRT:MSVCR120.dll
 0002:000001d0       __imp____CxxFrameHandler3  004121d0     MSVCRT:MSVCR120.dll
 0002:000001d4       __imp__memcpy              004121d4     MSVCRT:MSVCR120.dll
 0002:000001d8       __imp__strncpy             004121d8     MSVCRT:MSVCR120.dll
 0002:000001dc       __imp__atoi                004121dc     MSVCRT:MSVCR120.dll
 0002:000001e0       __imp__sprintf             004121e0     MSVCRT:MSVCR120.dll
 0002:000001e4       __imp_??_V@YAXPAX@Z        004121e4     MSVCRT:MSVCR120.dll
 0002:000001e8       __imp__memset              004121e8     MSVCRT:MSVCR120.dll
 0002:000001ec       __imp__strupr              004121ec     MSVCRT:MSVCR120.dll
 0002:000001ec       __imp___strupr             004121ec     MSVCRT:MSVCR120.dll
 0002:000001f0       __imp__strchr              004121f0     MSVCRT:MSVCR120.dll
 0002:000001f4       __imp__stricmp             004121f4     MSVCRT:MSVCR120.dll
 0002:000001f4       __imp___stricmp            004121f4     MSVCRT:MSVCR120.dll
 0002:000001f8       __imp__fclose              004121f8     MSVCRT:MSVCR120.dll
 0002:000001fc       \177MSVCR120_NULL_THUNK_DATA 004121fc     MSVCRT:MSVCR120.dll
 0002:00000200       __imp__ShellExecuteA@24    00412200     shell32:SHELL32.dll
 0002:00000204       \177SHELL32_NULL_THUNK_DATA 00412204     shell32:SHELL32.dll
 0002:00000208       __imp__SetWindowLongA@12   00412208     user32:USER32.dll
 0002:0000020c       __imp__GetClassNameA@12    0041220c     user32:USER32.dll
 0002:00000210       __imp__DialogBoxParamA@20  00412210     user32:USER32.dll
 0002:00000214       __imp__GetWindowLongA@8    00412214     user32:USER32.dll
 0002:00000218       __imp__MessageBoxA@16      00412218     user32:USER32.dll
 0002:0000021c       __imp__DestroyWindow@4     0041221c     user32:USER32.dll
 0002:00000220       __imp__SetTimer@16         00412220     user32:USER32.dll
 0002:00000224       __imp__SendMessageA@16     00412224     user32:USER32.dll
 0002:00000228       __imp__PostMessageA@16     00412228     user32:USER32.dll
 0002:0000022c       __imp__DefWindowProcA@16   0041222c     user32:USER32.dll
 0002:00000230       __imp__RegisterClassA@4    00412230     user32:USER32.dll
 0002:00000234       __imp__UnregisterClassA@8  00412234     user32:USER32.dll
 0002:00000238       __imp__EndDialog@8         00412238     user32:USER32.dll
 0002:0000023c       __imp__SetDlgItemTextA@12  0041223c     user32:USER32.dll
 0002:00000240       __imp__GetDlgItem@8        00412240     user32:USER32.dll
 0002:00000244       __imp__SetWindowTextA@8    00412244     user32:USER32.dll
 0002:00000248       __imp__ShowWindow@8        00412248     user32:USER32.dll
 0002:0000024c       __imp__MoveWindow@24       0041224c     user32:USER32.dll
 0002:00000250       __imp__SetWindowPos@28     00412250     user32:USER32.dll
 0002:00000254       __imp__CreateDialogParamA@20 00412254     user32:USER32.dll
 0002:00000258       __imp__GetDlgItemTextA@16  00412258     user32:USER32.dll
 0002:0000025c       __imp__SendDlgItemMessageA@20 0041225c     user32:USER32.dll
 0002:00000260       __imp__EnableWindow@8      00412260     user32:USER32.dll
 0002:00000264       __imp__LoadMenuA@8         00412264     user32:USER32.dll
 0002:00000268       __imp__SetMenu@8           00412268     user32:USER32.dll
 0002:0000026c       __imp__InvalidateRect@12   0041226c     user32:USER32.dll
 0002:00000270       __imp__GetWindowRect@8     00412270     user32:USER32.dll
 0002:00000274       __imp__GetSysColor@4       00412274     user32:USER32.dll
 0002:00000278       __imp__wsprintfA           00412278     user32:USER32.dll
 0002:0000027c       __imp__LoadIconA@8         0041227c     user32:USER32.dll
 0002:00000280       __imp__LoadCursorA@8       00412280     user32:USER32.dll
 0002:00000284       __imp__EnableMenuItem@12   00412284     user32:USER32.dll
 0002:00000288       __imp__CheckMenuItem@12    00412288     user32:USER32.dll
 0002:0000028c       __imp__DrawMenuBar@4       0041228c     user32:USER32.dll
 0002:00000290       __imp__GetMenu@4           00412290     user32:USER32.dll
 0002:00000294       __imp__GetSystemMetrics@4  00412294     user32:USER32.dll
 0002:00000298       __imp__SetFocus@4          00412298     user32:USER32.dll
 0002:0000029c       __imp__EmptyClipboard@0    0041229c     user32:USER32.dll
 0002:000002a0       __imp__GetClipboardData@4  004122a0     user32:USER32.dll
 0002:000002a4       __imp__SetClipboardData@8  004122a4     user32:USER32.dll
 0002:000002a8       __imp__CloseClipboard@0    004122a8     user32:USER32.dll
 0002:000002ac       __imp__OpenClipboard@4     004122ac     user32:USER32.dll
 0002:000002b0       __imp__PostQuitMessage@4   004122b0     user32:USER32.dll
 0002:000002b4       __imp__DispatchMessageA@4  004122b4     user32:USER32.dll
 0002:000002b8       __imp__TranslateMessage@4  004122b8     user32:USER32.dll
 0002:000002bc       __imp__GetMessageA@16      004122bc     user32:USER32.dll
 0002:000002c0       __imp__KillTimer@8         004122c0     user32:USER32.dll
 0002:000002c4       __imp__IsWindow@4          004122c4     user32:USER32.dll
 0002:000002c8       __imp__CreateWindowExA@48  004122c8     user32:USER32.dll
 0002:000002cc       __imp__GetWindowTextA@12   004122cc     user32:USER32.dll
 0002:000002d0       \177USER32_NULL_THUNK_DATA 004122d0     user32:USER32.dll
 0002:000002d4       __imp__GetFileVersionInfoA@16 004122d4     version:VERSION.dll
 0002:000002d8       __imp__GetFileVersionInfoSizeA@8 004122d8     version:VERSION.dll
 0002:000002dc       __imp__VerQueryValueA@16   004122dc     version:VERSION.dll
 0002:000002e0       \177VERSION_NULL_THUNK_DATA 004122e0     version:VERSION.dll
 0002:000002e4       __imp__setInfoHwnd         004122e4     info32fix:info32fix.dll
 0002:000002e8       \177info32fix_NULL_THUNK_DATA 004122e8     info32fix:info32fix.dll
 0002:000002ec       ___xc_a                    004122ec     MSVCRT:cinitexe.obj
 0002:0000030c       ___xc_z                    0041230c     MSVCRT:cinitexe.obj
 0002:00000310       ___xi_a                    00412310     MSVCRT:cinitexe.obj
 0002:00000320       ___xi_z                    00412320     MSVCRT:cinitexe.obj
 0002:0000032c       ??_7error_category@std@@6B@ 0041232c     ccCheck.obj
 0002:00000344       ??_C@_02LMMGGCAJ@?3?5?$AA@ 00412344     ccCheck.obj
 0002:0000034c       ??_7_Generic_error_category@std@@6B@ 0041234c     ccCheck.obj
 0002:00000364       ??_C@_07DCLBNMLN@generic?$AA@ 00412364     ccCheck.obj
 0002:0000036c       ??_C@_0O@BFJCFAAK@unknown?5error?$AA@ 0041236c     ccCheck.obj
 0002:00000380       ??_7_Iostream_error_category@std@@6B@ 00412380     ccCheck.obj
 0002:00000398       ??_C@_08LLGCOLLL@iostream?$AA@ 00412398     ccCheck.obj
 0002:000003a4       ??_C@_0BG@PADBLCHM@iostream?5stream?5error?$AA@ 004123a4     ccCheck.obj
 0002:000003c0       ??_7_System_error_category@std@@6B@ 004123c0     ccCheck.obj
 0002:000003d8       ??_C@_06FHFOAHML@system?$AA@ 004123d8     ccCheck.obj
 0002:000003e4       ??_7ccCheck@@6B@           004123e4     ccCheck.obj
 0002:000003e8       ??_C@_0CJ@PMKCGGCL@Device?5Number?5of?5out?5range?5?$CIless@ 004123e8     ccCheck.obj
 0002:00000414       ??_C@_0CL@LCKFFHKG@Device?5Number?5of?5out?5range?5?$CI?$DO?5MA@ 00412414     ccCheck.obj
 0002:00000440       ??_C@_0CI@IGLAJDJI@Index?5Number?5of?5out?5range?5?$CIless?5@ 00412440     ccCheck.obj
 0002:00000468       ??_C@_0CI@PMCCDFOB@Index?5Number?5of?5out?5range?5?$CI?$DO?5MAX@ 00412468     ccCheck.obj
 0002:00000490       ??_C@_0BK@BPKEILLL@Invalid?5range?5?$CIstart?$DOend?$CJ?$AA@ 00412490     ccCheck.obj
 0002:000004ac       ??_C@_0BK@LPOMIHEL@Invalid?5database?5?$CI?$CFd?$DO?$DN?$CFd?$CJ?$AA@ 004124ac     ccCheck.obj
 0002:000004c8       ??_C@_0BM@OBNIHFBG@Note?3?5string?5?$DO?5characters?3?5?$AA@ 004124c8     ccCheck.obj
 0002:000004e4       ??_C@_01EEMJAFIK@?6?$AA@   004124e4     ccCheck.obj
 0002:000004e8       ??_C@_0CF@IABOACOB@Workstation?5number?5invalid?5?$CI?$DM?51?$CJ@ 004124e8     ccCheck.obj
 0002:00000510       ??_C@_0DE@NBJHIANK@Workstation?5number?5invalid?5?$CI?$DO?5MA@ 00412510     ccCheck.obj
 0002:00000544       ??_C@_0BA@JFNIOLAK@string?5too?5long?$AA@ 00412544     ccCheck.obj
 0002:00000554       ??_C@_0BI@CFPLBAOH@invalid?5string?5position?$AA@ 00412554     ccCheck.obj
 0002:0000056c       ??_C@_00CNPNBAHC@?$AA@     0041256c     ccClient.obj
 0002:00000570       ??_C@_02GMHACPFF@?$CFu?$AA@ 00412570     ccClient.obj
 0002:00000578       ??_7ccClient@@6B@          00412578     ccClient.obj
 0002:0000057c       ??_C@_0BJ@JOJMAJDN@ccClientMessageWindow_?$CFp?$AA@ 0041257c     ccClient.obj
 0002:00000598       ??_C@_0CI@HDLJCNHG@Cannot?5create?5ccClientMessageWin@ 00412598     ccClient.obj
 0002:000005c0       ??_C@_0BE@FKAJGBAE@Very?5Serious?5Error?$CB?$AA@ 004125c0     ccClient.obj
 0002:000005d4       ??_C@_0BL@HLDPIAEG@ccclient?5message?5window?5?$CFd?$AA@ 004125d4     ccClient.obj
 0002:000005f0       ??_C@_0BA@OPCDEPBM@handleShare?4dll?$AA@ 004125f0     ccClient.obj
 0002:00000600       ??_C@_07OLHBNAMO@csiHwnd?$AA@ 00412600     ccClient.obj
 0002:00000608       ??_C@_0CK@BMPKJFHD@ccClient?3?5CSI?5handle?5from?5handle@ 00412608     ccClient.obj
 0002:00000634       ??_C@_0DP@KMLDKLPC@ccClient?3?5REQUESTING?5CSI?5handle?5@ 00412634     ccClient.obj
 0002:00000674       ??_C@_0DE@GHIGEGJI@ccClient?3?5CSI?5handle?5from?5Broadc@ 00412674     ccClient.obj
 0002:000006a8       ??_C@_0BN@DDDBHADP@?$CL?$CL?5number?5of?5databases?5is?5?$CFd?$AA@ 004126a8     ccClient.obj
 0002:000006c8       ??_C@_02JDNIPIGD@NA?$AA@   004126c8     ccClient.obj
 0002:000006cc       ??_C@_02FLABHCGL@NI?$AA@   004126cc     ccClient.obj
 0002:000006d0       ??_C@_02LIPFKLKA@NB?$AA@   004126d0     ccClient.obj
 0002:000006d4       ??_C@_02PHHIKPHE@IR?$AA@   004126d4     ccClient.obj
 0002:000006d8       ??_C@_02OHALODOF@RR?$AA@   004126d8     ccClient.obj
 0002:000006dc       ??_C@_02PNOGICHO@GR?$AA@   004126dc     ccClient.obj
 0002:000006e0       ??_C@_02OLCMIILA@NS?$AA@   004126e0     ccClient.obj
 0002:000006e4       ??_C@_02KMHJBPDH@DC?$AA@   004126e4     ccClient.obj
 0002:000006e8       ??_C@_0DG@EAEPBJGP@shim?3?5database?5modify?5index?5?$DM1?5o@ 004126e8     ccClient.obj
 0002:00000720       ??_C@_0M@EADEFJIO@DC?5?$CFd?5?$CFd?5?$CFd?$AA@ 00412720     ccClient.obj
 0002:0000072c       ??_C@_0BB@HPDMKDPM@IW?5?$CFd?5?8?$CFs?8?5?$CFd?5?$CFd?$AA@ 0041272c     ccClient.obj
 0002:00000740       ??_C@_0BC@KBDMBKEH@deque?$DMT?$DO?5too?5long?$AA@ 00412740     ccClient.obj
 0002:00000754       ??_C@_02DPKJAMEF@?$CFd?$AA@ 00412754     ccConfig.obj
 0002:00000758       ??_C@_01KICIPPFI@?2?$AA@   00412758     ccConfig.obj
 0002:0000075c       ??_C@_0BA@MNCCGPDL@?$CFs?2dev_?$CF03d?4ini?$AA@ 0041275c     ccConfig.obj
 0002:0000076c       ??_C@_07IOFNEBNE@?2config?$AA@ 0041276c     ccConfig.obj
 0002:00000774       ??_C@_09DDAHAMBK@CC_SYSTEM?$AA@ 00412774     ccConfig.obj
 0002:00000780       ??_C@_07JBEBLGDD@CC_ROOT?$AA@ 00412780     ccConfig.obj
 0002:00000788       ??_C@_0BD@FFAKGAPP@c?3?2bncs_config?4ini?$AA@ 00412788     ccConfig.obj
 0002:0000079c       ??_C@_0L@DHJBNFFA@ConfigPath?$AA@ 0041279c     ccConfig.obj
 0002:000007a8       ??_C@_06LLCHJONG@Config?$AA@ 004127a8     ccConfig.obj
 0002:000007b0       ??_C@_06KIMFAMMH@WINDIR?$AA@ 004127b0     ccConfig.obj
 0002:000007b8       ??_C@_0P@PKHJHOPF@CC_WORKSTATION?$AA@ 004127b8     ccConfig.obj
 0002:000007c8       ??_C@_0M@CILGCIDH@Workstation?$AA@ 004127c8     ccConfig.obj
 0002:000007d4       ??_C@_07BGDMAJAE@Network?$AA@ 004127d4     ccConfig.obj
 0002:000007dc       ??_C@_0BO@GPPILLIC@config?2system?2bncs_system?4ini?$AA@ 004127dc     ccConfig.obj
 0002:000007fc       ??_C@_07PIGLAMMC@csi?4ini?$AA@ 004127fc     ccConfig.obj
 0002:00000804       ??_C@_06JIODDOFH@System?$AA@ 00412804     ccConfig.obj
 0002:0000080c       ??_C@_0N@LDBPMCOK@applcore?4ini?$AA@ 0041280c     ccConfig.obj
 0002:0000081c       ??_C@_01KDCPPGHE@r?$AA@    0041281c     ccConfig.obj
 0002:00000820       ??_C@_0BB@MOGOBHAF@list?$DMT?$DO?5too?5long?$AA@ 00412820     ccConfig.obj
 0002:00000834       ??_C@_0BE@JONHPENG@map?1set?$DMT?$DO?5too?5long?$AA@ 00412834     ccConfig.obj
 0002:0000084c       ??_7decodeBNCSString@@6B@  0041284c     decodeBNCSString.obj
 0002:00000854       ??_7sizedBuffer@@6B@       00412854     sizedBuffer.obj
 0002:00000858       ??_C@_05NPNNLANM@ABOUT?$AA@ 00412858     ABOUT.obj
 0002:00000860       ??_C@_08DPOOHMCG@15?358?335?$AA@ 00412860     ABOUT.obj
 0002:0000086c       ??_C@_0M@BKMHKHNE@Apr?520?52020?$AA@ 0041286c     ABOUT.obj
 0002:00000878       ??_C@_07FCJAGJJB@?$CFs?5?9?5?$CFs?$AA@ 00412878     ABOUT.obj
 0002:00000880       ??_C@_0L@JEBPJHPF@Version?5?$CFs?$AA@ 00412880     ABOUT.obj
 0002:0000088c       ??_C@_02DKCKIIND@?$CFs?$AA@ 0041288c     ABOUT.obj
 0002:00000890       ??_C@_0BE@PHFFEGCA@?$CFs?2?$CFs?2config?2system?$AA@ 00412890     bncs_gcd.obj
 0002:000008a4       ??_C@_04OKGDLNCL@NONE?$AA@ 004128a4     bncs_gcd.obj
 0002:000008ac       ??_C@_0L@DNMHFEPG@?$CFs?2?$CFs?2data?$AA@ 004128ac     bncs_gcd.obj
 0002:000008b8       ??_C@_0DI@BJHJNJML@Infodriver32?3?5Cmd_File?3?5workstat@ 004128b8     CMD.obj
 0002:000008f0       ??_C@_0BA@BCBNCKAC@IF?5?$CFd?5?$CFd?5?$CFs?5?$CFs?5?$AA@ 004128f0     CMD.obj
 0002:00000900       ??_C@_03OFAPEBGM@?$CFs?6?$AA@ 00412900     CMD.obj
 0002:00000904       ??_C@_0DM@PPGEJLNL@Infodriver32?3?5Cmd_Hardcopy?3?5work@ 00412904     CMD.obj
 0002:00000940       ??_C@_0DI@PADIOJCJ@Infodriver32?3?5Cmd_Lock?3?5workstat@ 00412940     CMD.obj
 0002:00000978       ??_C@_0DH@GCPKKOBH@Infodriver32?3?5Cmd_Poll?5workstati@ 00412978     CMD.obj
 0002:000009b0       ??_C@_0DJ@NPOLECHF@Infodriver32?3?5Cmd_Query?3?5worksta@ 004129b0     CMD.obj
 0002:000009ec       ??_C@_0DL@CHEBLLFC@External?5application?5is?5not?5conn@ 004129ec     CMD.obj
 0002:00000a28       ??_C@_0DJ@MDOEDKDP@Infodriver32?3?5Cmd_Write?3?5worksta@ 00412a28     CMD.obj
 0002:00000a68       ??_C@_0EF@KPJAEEKH@Infodriver32?3?5Write?5request?5wher@ 00412a68     CMD.obj
 0002:00000ab0       ??_C@_0BI@GGOCJKIB@Trying?5to?5attach?5to?5CSI?$AA@ 00412ab0     CSISUP.obj
 0002:00000ac8       ??_C@_0CG@GNJOHFPE@id32?3?5CSI?5handle?5from?5handleShar@ 00412ac8     CSISUP.obj
 0002:00000af0       ??_C@_0BC@LBOILKLF@CSI?5handle?50x?$CF04x?$AA@ 00412af0     CSISUP.obj
 0002:00000b04       ??_C@_0CB@NEMDEONF@Attempting?5to?5register?5device?5?$CFd@ 00412b04     CSISUP.obj
 0002:00000b28       ??_C@_0BD@DBDGLID@infodriver32?5Error?$AA@ 00412b28     CSISUP.obj
 0002:00000b3c       ??_C@_0CJ@PAFNHGGJ@Request?5refused?5?9?5ID?5supplied?5is@ 00412b3c     CSISUP.obj
 0002:00000b68       ??_C@_0DK@JLDOAEPM@Request?5refused?5?9?5A?5driver?5has?5a@ 00412b68     CSISUP.obj
 0002:00000ba4       ??_C@_0DK@PNIGLNLE@Request?5refused?5?9?5CSI?5has?5not?5be@ 00412ba4     CSISUP.obj
 0002:00000be0       ??_C@_09MPNAHAN@?$CB?5Error?5?$CB?$AA@ 00412be0     CSISUP.obj
 0002:00000bec       ??_C@_0CK@IIPNPONI@Cannot?5find?5BNCS?5Control?5System?5@ 00412bec     CSISUP.obj
 0002:00000c18       ??_C@_05GAAPAJPL@Tx?1Rx?$AA@ 00412c18     CSISUP.obj
 0002:00000c20       ??_C@_0BO@PNBFPDAE@ID_?$CF03d?5?9?5TXRX?5?9?5V?$CFs?5?9?5?$CC?$CFs?$CC?$CFs?$AA@ 00412c20     CSISUP.obj
 0002:00000c40       ??_C@_07OLJPPAAE@Rx?5Only?$AA@ 00412c40     CSISUP.obj
 0002:00000c48       ??_C@_0CA@HFLOFJDB@ID_?$CF03d?5?9?5RxOnly?5?9?5V?$CFs?5?9?5?$CC?$CFs?$CC?$CFs?$AA@ 00412c48     CSISUP.obj
 0002:00000c68       ??_C@_06JPHCLLC@Error?$CB?$AA@ 00412c68     CSISUP.obj
 0002:00000c70       ??_C@_0CH@DNOKJDJ@ID_?$CF03d?5?9?5Unknown?5Mode?$CB?5?9?5V?$CFs?5?9?5@ 00412c70     CSISUP.obj
 0002:00000c98       ??_C@_0BC@MILMCLIA@IR?5?$CF03d?5?$CF03d?5?8?$CFs?8?$AA@ 00412c98     CSISUP.obj
 0002:00000cac       ??_C@_05KFJOKFOM@?$CFd?0?$CFs?$AA@ 00412cac     CSISUP.obj
 0002:00000cb4       ??_C@_05MNLODOPG@?$CF08ld?$AA@ 00412cb4     CSISUP.obj
 0002:00000cbc       ??_C@_0BA@EAJGLPAN@Creating?5Dialog?$AA@ 00412cbc     DIALOG.obj
 0002:00000ccc       ??_C@_0L@FOEGJMGL@MAINDIALOG?$AA@ 00412ccc     DIALOG.obj
 0002:00000cd8       ??_C@_0BI@OFOLMCK@Can?8t?5create?5dialog?5box?$AA@ 00412cd8     DIALOG.obj
 0002:00000cf0       ??_C@_04IILMDFMO@MENU?$AA@ 00412cf0     DIALOG.obj
 0002:00000cf8       ??_C@_04OHGLKFFN@?$CF03d?$AA@ 00412cf8     DIALOG.obj
 0002:00000d00       ??_C@_08DGAODAHG@Internal?$AA@ 00412d00     DIALOG.obj
 0002:00000d0c       ??_C@_08GKOOPLMO@External?$AA@ 00412d0c     DIALOG.obj
 0002:00000d18       ??_C@_0BB@MODELAJM@IL?5?$CFd?5?$CFd?5?$CFd?50?5?$CFd?$AA@ 00412d18     DIALOG.obj
 0002:00000d2c       ??_C@_0BB@PDFEJJCM@IL?5?$CFd?5?$CFd?5?$CFd?51?5?$CFd?$AA@ 00412d2c     DIALOG.obj
 0002:00000d40       ??_C@_0BH@CKJABMAJ@External?5not?5connected?$AA@ 00412d40     DIALOG.obj
 0002:00000d58       ??_C@_05OEMPKGID@Store?$AA@ 00412d58     DIALOG.obj
 0002:00000d60       ??_C@_08JGILNPHN@Disabled?$AA@ 00412d60     DIALOG.obj
 0002:00000d6c       ??_C@_06GFKCFIPE@Locked?$AA@ 00412d6c     DIALOG.obj
 0002:00000d74       ??_C@_08CMNOBMAI@Unlocked?$AA@ 00412d74     DIALOG.obj
 0002:00000d80       ??_C@_0BP@BLCHODB@?1docs?1extdriver_filtering?4html?$AA@ 00412d80     filterDialog.obj
 0002:00000da0       ??_C@_01IHBHIGKO@?0?$AA@   00412da0     filterEditDialog.obj
 0002:00000da4       ??_C@_05PIBOEKAB@block?$AA@ 00412da4     filterEditDialog.obj
 0002:00000dac       ??_C@_06BGNDGHEE@change?$AA@ 00412dac     filterEditDialog.obj
 0002:00000db4       ??_C@_07EIHJKMF@average?$AA@ 00412db4     filterEditDialog.obj
 0002:00000dbc       ??_C@_06NFBEFKOC@window?$AA@ 00412dbc     filterEditDialog.obj
 0002:00000dc8       ??_C@_0GN@CGDCLPKM@Device?5segmented?5into?5?$CFd?5slot?5ra@ 00412dc8     filterEditDialog.obj
 0002:00000e38       ??_C@_0DI@NNCJOBPK@Device?5is?5not?5segmented?0?5use?5spe@ 00412e38     filterEditDialog.obj
 0002:00000e70       ??_C@_05HHFOOOHO@?$CFs?0?$CFs?$AA@ 00412e70     filterEditDialog.obj
 0002:00000e78       ??_C@_0BD@BPFANGJO@Slot?5needs?5a?5value?$AA@ 00412e78     filterEditDialog.obj
 0002:00000e8c       ??_C@_0DE@PENOONGA@Can?8t?5use?5?$CF?5without?5segmentation@ 00412e8c     filterEditDialog.obj
 0002:00000ec0       ??_C@_0CM@MBMFENMD@?$CF?5needs?5a?5slot?5number?5immediatel@ 00412ec0     filterEditDialog.obj
 0002:00000eec       ??_C@_0P@DIKCCCLC@No?5slot?5number?$AA@ 00412eec     filterEditDialog.obj
 0002:00000efc       ??_C@_0BA@HMAIFFFH@No?5function?5set?$AA@ 00412efc     filterEditDialog.obj
 0002:00000f0c       ??_C@_0CB@KNOBIOCB@Never?5send?5values?5from?5this?5slot@ 00412f0c     filterEditDialog.obj
 0002:00000f30       ??_C@_0CK@EMKFIJMP@Send?5values?5only?5if?5the?5value?5ha@ 00412f30     filterEditDialog.obj
 0002:00000f5c       ??_C@_01HIHLOKLC@1?$AA@    00412f5c     filterEditDialog.obj
 0002:00000f60       ??_C@_05CFMCGLCK@Range?$AA@ 00412f60     filterEditDialog.obj
 0002:00000f68       ??_C@_0DF@LDECANO@Block?5values?5that?5fall?5within?5th@ 00412f68     filterEditDialog.obj
 0002:00000fa0       ??_C@_02PKFBJPLJ@10?$AA@   00412fa0     filterEditDialog.obj
 0002:00000fa4       ??_C@_05NBLIHODN@?$CF1?42f?$AA@ 00412fa4     filterEditDialog.obj
 0002:00000fac       ??_C@_0M@PLBLMMEM@Samples?5?$CIn?$CJ?$AA@ 00412fac     filterEditDialog.obj
 0002:00000fb8       ??_C@_06PEPCFMNJ@Format?$AA@ 00412fb8     filterEditDialog.obj
 0002:00000fc0       ??_C@_0DC@MMLKOCJM@Average?5the?5last?5n?5samples?0?5and?5@ 00412fc0     filterEditDialog.obj
 0002:00000ff4       ??_C@_0N@OFHMGPAL@unsigned?5int?$AA@ 00412ff4     filtering.obj
 0002:00001004       ??_C@_03JBIPMCLC@int?$AA@  00413004     filtering.obj
 0002:00001008       ??_C@_06BNJCAIGJ@double?$AA@ 00413008     filtering.obj
 0002:00001010       ??_C@_0BA@MABCGONI@?$CFs?2dev_?$CF03d?4lck?$AA@ 00413010     IDXFU.obj
 0002:00001020       ??_C@_02JDPG@rb?$AA@       00413020     IDXFU.obj
 0002:00001024       ??_C@_02GMLFBBN@wb?$AA@    00413024     IDXFU.obj
 0002:00001028       ??_C@_0CB@BCONAMPI@Couldn?8t?5write?5index?5file?5?9?5?8?$CFs?8@ 00413028     IDXFU.obj
 0002:00001050       ??_7importPreview@@6B@     00413050     importPreview.obj
 0002:00001054       ??_C@_04DPEGMFKN@Slot?$AA@ 00413054     importPreview.obj
 0002:0000105c       ??_C@_09KGBPANJB@New?5Value?$AA@ 0041305c     importPreview.obj
 0002:00001068       ??_C@_09BHEKOGDM@Old?5Value?$AA@ 00413068     importPreview.obj
[...]
 0002:00002844       __ehfuncinfo$??$_Insert_nohint@AAU?$pair@$$CBHVsizedBuffer@@@std@@PAU?$_Tree_node@U?$pair@$$CBHVsizedBuffer@@@std@@PAX@2@@?$_Tree@V?$_Tmap_traits@HVsizedBuffer@@U?$less@H@std@@V?$allocator@U?$pair@$$CBHVsizedBuffer@@@std@@@3@$0A@@std@@@std@@IAE?AU?$pair@V?$_Tree_iterator@V?$_Tree_val@U?$_Tree_simple_types@U?$pair@$$CBHVsizedBuffer@@@std@@@std@@@std@@@std@@_N@1@_NAAU?$pair@$$CBHVsizedBuffer@@@1@PAU?$_Tree_node@U?$pair@$$CBHVsizedBuffer@@@std@@PAX@1@@Z 00414844     importPreview.obj
 0002:00002868       __ehfuncinfo$?MainWndProc@@YGJPAUHWND__@@IIJ@Z 00414868     MAIN.obj
 0002:0000288c       __unwindtable$?MainWndProc@@YGJPAUHWND__@@IIJ@Z 0041488c     MAIN.obj
 0002:000028d4       __unwindtable$?Main_Initialise@@YAXXZ 004148d4     MAIN.obj
 0002:000028ec       __ehfuncinfo$?Main_Initialise@@YAXXZ 004148ec     MAIN.obj
 0002:00002910       __unwindtable$??1filters@@UAE@XZ 00414910     PROF.obj
 0002:00002918       __ehfuncinfo$??1filters@@UAE@XZ 00414918     PROF.obj
 0002:0000293c       __ehfuncinfo$?addFilter@filters@@QAE_NPBD@Z 0041493c     PROF.obj
 0002:00002960       __unwindtable$?addFilter@filters@@QAE_NPBD@Z 00414960     PROF.obj
 0002:00002a60       __unwindtable$??0?$filterAverage@N@@QAE@ABV?$basic_string@DU?$char_traits@D@std@@V?$allocator@D@2@@std@@H0@Z 00414a60     PROF.obj
 0002:00002a78       __ehfuncinfo$??0?$filterAverage@N@@QAE@ABV?$basic_string@DU?$char_traits@D@std@@V?$allocator@D@2@@std@@H0@Z 00414a78     PROF.obj
 0002:00002a9c       __unwindtable$??0?$filterAverage@I@@QAE@ABV?$basic_string@DU?$char_traits@D@std@@V?$allocator@D@2@@std@@H0@Z 00414a9c     PROF.obj
 0002:00002a9c       __unwindtable$??0?$filterAverage@H@@QAE@ABV?$basic_string@DU?$char_traits@D@std@@V?$allocator@D@2@@std@@H0@Z 00414a9c     PROF.obj
 0002:00002ab4       __ehfuncinfo$??0?$filterAverage@H@@QAE@ABV?$basic_string@DU?$char_traits@D@std@@V?$allocator@D@2@@std@@H0@Z 00414ab4     PROF.obj
 0002:00002ab4       __ehfuncinfo$??0?$filterAverage@I@@QAE@ABV?$basic_string@DU?$char_traits@D@std@@V?$allocator@D@2@@std@@H0@Z 00414ab4     PROF.obj
 0002:00002ad8       __ehfuncinfo$??0?$filterWindow@N@@QAE@ABV?$basic_string@DU?$char_traits@D@std@@V?$allocator@D@2@@std@@N@Z 00414ad8     PROF.obj
 0002:00002afc       __unwindtable$??0?$filterWindow@N@@QAE@ABV?$basic_string@DU?$char_traits@D@std@@V?$allocator@D@2@@std@@N@Z 00414afc     PROF.obj
 0002:00002b44       __ehfuncinfo$??0?$filterWindow@I@@QAE@ABV?$basic_string@DU?$char_traits@D@std@@V?$allocator@D@2@@std@@I@Z 00414b44     PROF.obj
 0002:00002b44       __ehfuncinfo$??0?$filterWindow@H@@QAE@ABV?$basic_string@DU?$char_traits@D@std@@V?$allocator@D@2@@std@@H@Z 00414b44     PROF.obj
 0002:00002b68       __unwindtable$??0?$filterWindow@H@@QAE@ABV?$basic_string@DU?$char_traits@D@std@@V?$allocator@D@2@@std@@H@Z 00414b68     PROF.obj
 0002:00002b68       __unwindtable$??0?$filterWindow@I@@QAE@ABV?$basic_string@DU?$char_traits@D@std@@V?$allocator@D@2@@std@@I@Z 00414b68     PROF.obj
 0002:00002bb0       __unwindtable$?Prof_GetVersionInfo@@YAXXZ 00414bb0     PROF.obj
 0002:00002bb8       __ehfuncinfo$?Prof_GetVersionInfo@@YAXXZ 00414bb8     PROF.obj
 0002:00002bdc       __unwindtable$?Prof_AddFilterEntry@@YA_NHPBD@Z 00414bdc     PROF.obj
 0002:00002bfc       __ehfuncinfo$?Prof_AddFilterEntry@@YA_NHPBD@Z 00414bfc     PROF.obj
 0002:00002c20       __catchsym$??$_Insert_nohint@AAU?$pair@$$CBHK@std@@PAU?$_Tree_node@U?$pair@$$CBHK@std@@PAX@2@@?$_Tree@V?$_Tmap_traits@HKU?$less@H@std@@V?$allocator@U?$pair@$$CBHK@std@@@2@$0A@@std@@@std@@IAE?AU?$pair@V?$_Tree_iterator@V?$_Tree_val@U?$_Tree_simple_types@U?$pair@$$CBHK@std@@@std@@@std@@@std@@_N@1@_NAAU?$pair@$$CBHK@1@PAU?$_Tree_node@U?$pair@$$CBHK@std@@PAX@1@@Z$2 00414c20     PROF.obj
 0002:00002c20       __catchsym$??$_Insert_nohint@AAU?$pair@$$CBHPAVfilters@@@std@@PAU?$_Tree_node@U?$pair@$$CBHPAVfilters@@@std@@PAX@2@@?$_Tree@V?$_Tmap_traits@HPAVfilters@@U?$less@H@std@@V?$allocator@U?$pair@$$CBHPAVfilters@@@std@@@3@$0A@@std@@@std@@IAE?AU?$pair@V?$_Tree_iterator@V?$_Tree_val@U?$_Tree_simple_types@U?$pair@$$CBHPAVfilters@@@std@@@std@@@std@@@std@@_N@1@_NAAU?$pair@$$CBHPAVfilters@@@1@PAU?$_Tree_node@U?$pair@$$CBHPAVfilters@@@std@@PAX@1@@Z$2 00414c20     PROF.obj
 0002:00002c30       __unwindtable$??$_Insert_nohint@AAU?$pair@$$CBHPAVfilters@@@std@@PAU?$_Tree_node@U?$pair@$$CBHPAVfilters@@@std@@PAX@2@@?$_Tree@V?$_Tmap_traits@HPAVfilters@@U?$less@H@std@@V?$allocator@U?$pair@$$CBHPAVfilters@@@std@@@3@$0A@@std@@@std@@IAE?AU?$pair@V?$_Tree_iterator@V?$_Tree_val@U?$_Tree_simple_types@U?$pair@$$CBHPAVfilters@@@std@@@std@@@std@@@std@@_N@1@_NAAU?$pair@$$CBHPAVfilters@@@1@PAU?$_Tree_node@U?$pair@$$CBHPAVfilters@@@std@@PAX@1@@Z 00414c30     PROF.obj
 0002:00002c30       __unwindtable$??$_Insert_nohint@AAU?$pair@$$CBHK@std@@PAU?$_Tree_node@U?$pair@$$CBHK@std@@PAX@2@@?$_Tree@V?$_Tmap_traits@HKU?$less@H@std@@V?$allocator@U?$pair@$$CBHK@std@@@2@$0A@@std@@@std@@IAE?AU?$pair@V?$_Tree_iterator@V?$_Tree_val@U?$_Tree_simple_types@U?$pair@$$CBHK@std@@@std@@@std@@@std@@_N@1@_NAAU?$pair@$$CBHK@1@PAU?$_Tree_node@U?$pair@$$CBHK@std@@PAX@1@@Z 00414c30     PROF.obj
 0002:00002c40       __tryblocktable$??$_Insert_nohint@AAU?$pair@$$CBHPAVfilters@@@std@@PAU?$_Tree_node@U?$pair@$$CBHPAVfilters@@@std@@PAX@2@@?$_Tree@V?$_Tmap_traits@HPAVfilters@@U?$less@H@std@@V?$allocator@U?$pair@$$CBHPAVfilters@@@std@@@3@$0A@@std@@@std@@IAE?AU?$pair@V?$_Tree_iterator@V?$_Tree_val@U?$_Tree_simple_types@U?$pair@$$CBHPAVfilters@@@std@@@std@@@std@@@std@@_N@1@_NAAU?$pair@$$CBHPAVfilters@@@1@PAU?$_Tree_node@U?$pair@$$CBHPAVfilters@@@std@@PAX@1@@Z 00414c40     PROF.obj
 0002:00002c40       __tryblocktable$??$_Insert_nohint@AAU?$pair@$$CBHK@std@@PAU?$_Tree_node@U?$pair@$$CBHK@std@@PAX@2@@?$_Tree@V?$_Tmap_traits@HKU?$less@H@std@@V?$allocator@U?$pair@$$CBHK@std@@@2@$0A@@std@@@std@@IAE?AU?$pair@V?$_Tree_iterator@V?$_Tree_val@U?$_Tree_simple_types@U?$pair@$$CBHK@std@@@std@@@std@@@std@@_N@1@_NAAU?$pair@$$CBHK@1@PAU?$_Tree_node@U?$pair@$$CBHK@std@@PAX@1@@Z 00414c40     PROF.obj
 0002:00002c54       __ehfuncinfo$??$_Insert_nohint@AAU?$pair@$$CBHPAVfilters@@@std@@PAU?$_Tree_node@U?$pair@$$CBHPAVfilters@@@std@@PAX@2@@?$_Tree@V?$_Tmap_traits@HPAVfilters@@U?$less@H@std@@V?$allocator@U?$pair@$$CBHPAVfilters@@@std@@@3@$0A@@std@@@std@@IAE?AU?$pair@V?$_Tree_iterator@V?$_Tree_val@U?$_Tree_simple_types@U?$pair@$$CBHPAVfilters@@@std@@@std@@@std@@@std@@_N@1@_NAAU?$pair@$$CBHPAVfilters@@@1@PAU?$_Tree_node@U?$pair@$$CBHPAVfilters@@@std@@PAX@1@@Z 00414c54     PROF.obj
 0002:00002c54       __ehfuncinfo$??$_Insert_nohint@AAU?$pair@$$CBHK@std@@PAU?$_Tree_node@U?$pair@$$CBHK@std@@PAX@2@@?$_Tree@V?$_Tmap_traits@HKU?$less@H@std@@V?$allocator@U?$pair@$$CBHK@std@@@2@$0A@@std@@@std@@IAE?AU?$pair@V?$_Tree_iterator@V?$_Tree_val@U?$_Tree_simple_types@U?$pair@$$CBHK@std@@@std@@@std@@@std@@_N@1@_NAAU?$pair@$$CBHK@1@PAU?$_Tree_node@U?$pair@$$CBHK@std@@PAX@1@@Z 00414c54     PROF.obj
 0002:00002c78       __sehtable$__onexit        00414c78     MSVCRT:atonexit.obj
 0002:00002c98       __sehtable$___tmainCRTStartup 00414c98     MSVCRT:crtexew.obj
 0002:00002cb8       __sehtable$??_M@YGXPAXIHP6EX0@Z@Z 00414cb8     MSVCRT:ehvecdtr.obj
 0002:00002cd8       __sehtable$?__ArrayUnwind@@YGXPAXIHP6EX0@Z@Z 00414cd8     MSVCRT:ehvecdtr.obj
 0002:00002cf8       __sehtable$__IsNonwritableInCurrentImage 00414cf8     MSVCRT:pesect.obj
 0002:000030f0       .idata$6                   004150f0     bncsif32:BNCSIF32.dll
 0002:0000310c       .idata$6                   0041510c     info32fix:info32fix.dll
 0002:0000315c       .idata$6                   0041515c     version:VERSION.dll
 0002:000032fc       .idata$6                   004152fc     kernel32:KERNEL32.dll
 0002:00003630       .idata$6                   00415630     user32:USER32.dll
 0002:000036c8       .idata$6                   004156c8     gdi32:GDI32.dll
 0002:000036fa       .idata$6                   004156fa     comdlg32:COMDLG32.dll
 0002:0000373a       .idata$6                   0041573a     advapi32:ADVAPI32.dll
 0002:00003758       .idata$6                   00415758     shell32:SHELL32.dll
 0002:000037fe       .idata$6                   004157fe     msvcprt:MSVCP120.dll
 0002:00003992       .idata$6                   00415992     MSVCRT:MSVCR120.dll
 0003:00000000       _BNCS_CCCHECK_SIG          00416000     ccCheck.obj
 0003:00000070       _BNCS_CCCLIENT_SIG         00416070     ccClient.obj
 0003:000000d8       _BNCS_CCCONFIG_SIG         004160d8     ccConfig.obj
 0003:00000140       ?crRed@?1??Dialog_DialogProc@@YGJPAUHWND__@@IIJ@Z@4KA 00416140     DIALOG.obj
 0003:00000144       ?crGreen@?1??Dialog_DialogProc@@YGJPAUHWND__@@IIJ@Z@4KA 00416144     DIALOG.obj
 0003:00000148       ?crYellow@?1??Dialog_DialogProc@@YGJPAUHWND__@@IIJ@Z@4KA 00416148     DIALOG.obj
 0003:0000014c       ?crError@?1??Dialog_DialogProc@@YGJPAUHWND__@@IIJ@Z@4KA 0041614c     DIALOG.obj
 0003:00000154       ?szNull@?1??fnSplitString@@YAHPAD0IPAPAD@Z@4PADA 00416154     SplitString.obj
 0003:00000158       _BNCS_BNCSWM32_SIG         00416158     bncsWM32:BncsWM32.obj
 0003:000004a0       _allocator_arg             004164a0     ccCheck.obj
 0003:000004a1       _piecewise_construct       004164a1     ccCheck.obj
 0003:000004ac       __Tuple_alloc              004164ac     ccClient.obj
 0003:000004ad       _ignore                    004164ad     ccClient.obj
 0003:000004ae       _allocator_arg             004164ae     ccClient.obj
 0003:000004af       _piecewise_construct       004164af     ccClient.obj
 0003:000004b0       __Tuple_alloc              004164b0     ccConfig.obj
 0003:000004b1       _ignore                    004164b1     ccConfig.obj
 0003:000004b2       _allocator_arg             004164b2     ccConfig.obj
 0003:000004b3       _piecewise_construct       004164b3     ccConfig.obj
 0003:000004b4       __Tuple_alloc              004164b4     ABOUT.obj
 0003:000004b5       _ignore                    004164b5     ABOUT.obj
 0003:000004b6       _allocator_arg             004164b6     ABOUT.obj
 0003:000004b7       _piecewise_construct       004164b7     ABOUT.obj
 0003:000004bc       __Tuple_alloc              004164bc     CMD.obj
 0003:000004bd       _ignore                    004164bd     CMD.obj
 0003:000004be       _allocator_arg             004164be     CMD.obj
 0003:000004bf       _piecewise_construct       004164bf     CMD.obj
 0003:000004c0       __Tuple_alloc              004164c0     CSISUP.obj
 0003:000004c1       _ignore                    004164c1     CSISUP.obj
 0003:000004c2       _allocator_arg             004164c2     CSISUP.obj
 0003:000004c3       _piecewise_construct       004164c3     CSISUP.obj
 0003:000004c4       __Tuple_alloc              004164c4     DIALOG.obj
 0003:000004c5       _ignore                    004164c5     DIALOG.obj
 0003:000004c6       _allocator_arg             004164c6     DIALOG.obj
 0003:000004c7       _piecewise_construct       004164c7     DIALOG.obj
 0003:000004c8       ?hbrRed@?1??Dialog_DialogProc@@YGJPAUHWND__@@IIJ@Z@4PAUHBRUSH__@@A 004164c8     DIALOG.obj
 0003:000004cc       ?hbrGreen@?1??Dialog_DialogProc@@YGJPAUHWND__@@IIJ@Z@4PAUHBRUSH__@@A 004164cc     DIALOG.obj
 0003:000004d0       ?hbrYellow@?1??Dialog_DialogProc@@YGJPAUHWND__@@IIJ@Z@4PAUHBRUSH__@@A 004164d0     DIALOG.obj
 0003:000004d4       ?hbrError@?1??Dialog_DialogProc@@YGJPAUHWND__@@IIJ@Z@4PAUHBRUSH__@@A 004164d4     DIALOG.obj
 0003:000004d8       ?hbrStatic@?1??Dialog_DialogProc@@YGJPAUHWND__@@IIJ@Z@4PAUHBRUSH__@@A 004164d8     DIALOG.obj
 0003:000004dc       __Tuple_alloc              004164dc     EXT.obj
 0003:000004dd       _ignore                    004164dd     EXT.obj
 0003:000004de       _allocator_arg             004164de     EXT.obj
 0003:000004df       _piecewise_construct       004164df     EXT.obj
 0003:000004e0       _allocator_arg             004164e0     filterAverage.obj
 0003:000004e1       _piecewise_construct       004164e1     filterAverage.obj
 0003:000004e2       __Tuple_alloc              004164e2     filterDialog.obj
 0003:000004e3       _ignore                    004164e3     filterDialog.obj
 0003:000004e4       _allocator_arg             004164e4     filterDialog.obj
 0003:000004e5       _piecewise_construct       004164e5     filterDialog.obj
 0003:000004e6       __Tuple_alloc              004164e6     filterEditDialog.obj
 0003:000004e7       _ignore                    004164e7     filterEditDialog.obj
 0003:000004e8       _allocator_arg             004164e8     filterEditDialog.obj
 0003:000004e9       _piecewise_construct       004164e9     filterEditDialog.obj
 0003:000004ea       __Tuple_alloc              004164ea     filtering.obj
 0003:000004eb       _ignore                    004164eb     filtering.obj
 0003:000004ec       _allocator_arg             004164ec     filtering.obj
 0003:000004ed       _piecewise_construct       004164ed     filtering.obj
 0003:000004ee       _allocator_arg             004164ee     filters.obj
 0003:000004ef       _piecewise_construct       004164ef     filters.obj
 0003:000004f0       _allocator_arg             004164f0     filterWindow.obj
 0003:000004f1       _piecewise_construct       004164f1     filterWindow.obj
 0003:000004f2       __Tuple_alloc              004164f2     IDXFU.obj
 0003:000004f3       _ignore                    004164f3     IDXFU.obj
 0003:000004f4       _allocator_arg             004164f4     IDXFU.obj
 0003:000004f5       _piecewise_construct       004164f5     IDXFU.obj
 0003:000004fc       __Tuple_alloc              004164fc     importPreview.obj
 0003:000004fd       _ignore                    004164fd     importPreview.obj
 0003:000004fe       _allocator_arg             004164fe     importPreview.obj
 0003:000004ff       _piecewise_construct       004164ff     importPreview.obj
 0003:00046a5c       __Tuple_alloc              0045ca5c     MAIN.obj
 0003:00046a5d       _ignore                    0045ca5d     MAIN.obj
 0003:00046a5e       _allocator_arg             0045ca5e     MAIN.obj
 0003:00046a5f       _piecewise_construct       0045ca5f     MAIN.obj
 0003:00046a78       ?acFilePath@?1??Main_ConfigFileAsPath@@YAPADH@Z@4PADA 0045ca78     MAIN.obj
 0003:000470a6       __Tuple_alloc              0045d0a6     MEMORY.obj
 0003:000470a7       _ignore                    0045d0a7     MEMORY.obj
 0003:000470a8       _allocator_arg             0045d0a8     MEMORY.obj
 0003:000470a9       _piecewise_construct       0045d0a9     MEMORY.obj
 0003:000470aa       __Tuple_alloc              0045d0aa     NETCMD.obj
 0003:000470ab       _ignore                    0045d0ab     NETCMD.obj
 0003:000470ac       _allocator_arg             0045d0ac     NETCMD.obj
 0003:000470ad       _piecewise_construct       0045d0ad     NETCMD.obj
 0003:000470ae       __Tuple_alloc              0045d0ae     PARSER.obj
 0003:000470af       _ignore                    0045d0af     PARSER.obj
 0003:000470b0       _allocator_arg             0045d0b0     PARSER.obj
 0003:000470b1       _piecewise_construct       0045d0b1     PARSER.obj
 0003:0004710c       __Tuple_alloc              0045d10c     PRFU.obj
 0003:0004710d       _ignore                    0045d10d     PRFU.obj
 0003:0004710e       _allocator_arg             0045d10e     PRFU.obj
 0003:0004710f       _piecewise_construct       0045d10f     PRFU.obj
 0003:00047110       __Tuple_alloc              0045d110     PROF.obj
 0003:00047111       _ignore                    0045d111     PROF.obj
 0003:00047112       _allocator_arg             0045d112     PROF.obj
 0003:00047113       _piecewise_construct       0045d113     PROF.obj
 0003:00047114       __Tuple_alloc              0045d114     SNDMSG.obj
 0003:00047115       _ignore                    0045d115     SNDMSG.obj
 0003:00047116       _allocator_arg             0045d116     SNDMSG.obj
 0003:00047117       _piecewise_construct       0045d117     SNDMSG.obj
 0003:00047118       __Tuple_alloc              0045d118     SUFU.obj
 0003:00047119       _ignore                    0045d119     SUFU.obj
 0003:0004711a       _allocator_arg             0045d11a     SUFU.obj
 0003:0004711b       _piecewise_construct       0045d11b     SUFU.obj
 0003:00047120       _acCopyDataResult          0045d120     bncsWM32:BncsWM32.obj
 0003:00047324       _lCopyDataResult           0045d324     bncsWM32:BncsWM32.obj
 0003:00047328       ?lResult@?1??BNCS32SendMessage@@9@4JA 0045d328     bncsWM32:BncsWM32.obj
 0003:0004732c       ?acNumericData@?1??BNCS32SendMessage@@9@4PADA 0045d32c     bncsWM32:BncsWM32.obj
 0003:0004733c       ?CDS@?1??BNCS32SendMessage@@9@4UtagCOPYDATASTRUCT@@A 0045d33c     bncsWM32:BncsWM32.obj
 0003:00047348       ?uMsg@?1??BNCS32ReceiveMessage@@9@4IA 0045d348     bncsWM32:BncsWM32.obj
 0003:0004734c       ?wParam@?1??BNCS32ReceiveMessage@@9@4IA 0045d34c     bncsWM32:BncsWM32.obj
 0003:00047350       ?lParam@?1??BNCS32ReceiveMessage@@9@4JA 0045d350     bncsWM32:BncsWM32.obj
 0003:00047354       ?lResult@?1??BNCS32ReceiveMessage@@9@4JA 0045d354     bncsWM32:BncsWM32.obj
 0003:00047358       _?g_fTriedAndFailed@?1??HtmlHelpW@@9@16@4HA$S28322 0045d358     htmlhelp:init.obj
 0003:0004735c       _?g_hmodHHCtrl@?1??HtmlHelpA@@9@16@4PAUHINSTANCE__@@A$S28294 0045d35c     htmlhelp:init.obj
 0003:00047360       _?g_hmodHHCtrl@?1??HtmlHelpW@@9@16@4PAUHINSTANCE__@@A$S28320 0045d360     htmlhelp:init.obj
 0003:00047364       _?g_fTriedAndFailed@?1??HtmlHelpA@@9@16@4HA$S28296 0045d364     htmlhelp:init.obj
 0003:00047370       _GS_ExceptionRecord        0045d370     MSVCRT:gs_report.obj
 0003:000473c0       _GS_ContextRecord          0045d3c0     MSVCRT:gs_report.obj
 0003:0004768c       _DebuggerWasPresent        0045d68c     MSVCRT:gs_report.obj
 0003:00047690       _has_cctor                 0045d690     MSVCRT:crtexew.obj
 0003:00047694       _mainret                   0045d694     MSVCRT:crtexew.obj
 0003:00047698       _managedapp                0045d698     MSVCRT:crtexew.obj
 0003:0004769c       _argc                      0045d69c     MSVCRT:crtexew.obj
 0003:000476a0       _argv                      0045d6a0     MSVCRT:crtexew.obj
 0003:000476a4       _envp                      0045d6a4     MSVCRT:crtexew.obj
 0003:000476a8       _argret                    0045d6a8     MSVCRT:crtexew.obj
 0003:000476ac       _startinfo                 0045d6ac     MSVCRT:crtexew.obj
 0004:000003d0       $R000000                   0045e3d0     InfoDriver32.res
 0004:00000818       $R000448                   0045e818     InfoDriver32.res
 0004:00000a08       $R000638                   0045ea08     InfoDriver32.res
 0004:00000b28       $R000758                   0045eb28     InfoDriver32.res
 0004:00000cb8       $R0008E8                   0045ecb8     InfoDriver32.res
 0004:00000e60       $R000A90                   0045ee60     InfoDriver32.res
 0004:00001098       $R000CC8                   0045f098     InfoDriver32.res
 0004:00001490       $R0010C0                   0045f490     InfoDriver32.res
 0004:00001738       $R001368                   0045f738     InfoDriver32.res
 0004:000027e0       $R002410                   004607e0     InfoDriver32.res
 0004:00004d88       $R0049B8                   00462d88     InfoDriver32.res
 0004:00008230       $R007E60                   00466230     InfoDriver32.res
 0004:00008698       $R0082C8                   00466698     InfoDriver32.res
 0004:000086d8       $R008308                   004666d8     InfoDriver32.res
 0004:00008708       $R008338                   00466708     InfoDriver32.res

 Exports

  ordinal    name

