 InfoDriver32db

 Timestamp is 5e9db891 (Mon Apr 20 15:58:25 2020)

 Preferred load address is 00400000

 Start         Length     Name                   Class
 0001:00000000 00024675H .textbss                DATA
 0002:00000000 00003fb1H .text                   CODE
 0002:00003fc0 0000337dH .text$di                CODE
 0002:00007340 000442bfH .text$mn                CODE
 0002:0004b600 00004833H .text$x                 CODE
 0002:0004fe40 000019ddH .text$yd                CODE
 0003:00000000 00000104H .CRT$XCA                DATA
 0003:00000104 00000104H .CRT$XCAA               DATA
 0003:00000208 000002f8H .CRT$XCU                DATA
 0003:00000500 00000104H .CRT$XCZ                DATA
 0003:00000604 00000104H .CRT$XIA                DATA
 0003:00000708 00000104H .CRT$XIAA               DATA
 0003:0000080c 00000104H .CRT$XIC                DATA
 0003:00000910 00000104H .CRT$XIY                DATA
 0003:00000a14 00000104H .CRT$XIZ                DATA
 0003:00000b20 00006e64H .rdata                  DATA
 0003:00007984 00000173H .rdata$debug            DATA
 0003:00007af8 000009b2H .rdata$r                DATA
 0003:000084ac 00000104H .rtc$IAA                DATA
 0003:000085b0 00000190H .rtc$IMZ                DATA
 0003:00008740 00000104H .rtc$IZZ                DATA
 0003:00008844 00000104H .rtc$TAA                DATA
 0003:00008948 00000190H .rtc$TMZ                DATA
 0003:00008ad8 00000104H .rtc$TZZ                DATA
 0003:00008be0 000039d3H .xdata$x                DATA
 0003:0000c5b3 00000000H .edata                  DATA
 0004:00000000 00000331H .data                   DATA
 0004:00000334 0000048dH .data$r                 DATA
 0004:000007c8 00055630H .bss                    DATA
 0005:00000000 000005e8H .idata$5                DATA
 0005:000005e8 000000dcH .idata$2                DATA
 0005:000006c4 00000014H .idata$3                DATA
 0005:000006d8 000005e8H .idata$4                DATA
 0005:00000cc0 000010e3H .idata$6                DATA
 0006:00000000 0000058eH .rsrc$01                DATA
 0006:00000590 0000a043H .rsrc$02                DATA

  Address         Publics by Value              Rva+Base       Lib:Object

 0000:00000000       ___guard_fids_table        00000000     <absolute>
 0000:00000000       ___safe_se_handler_table   00000000     <absolute>
 0000:00000000       ___safe_se_handler_count   00000000     <absolute>
 0000:00000000       ___guard_fids_count        00000000     <absolute>
 0000:00000000       ___guard_flags             00000000     <absolute>
 0000:00000000       __except_list              00000000     <absolute>
 0000:00009876       __fltused                  00009876     <absolute>
 0000:00009876       __ldused                   00009876     <absolute>
 0000:00000000       ___ImageBase               00400000     <linker-defined>
 0001:00000000       __enc$textbss$begin        00401000     <linker-defined>
 0001:00024675       __enc$textbss$end          00425675     <linker-defined>
 0002:00003dbd       _HtmlHelpA@16              00429dbd f   htmlhelp:init.obj
 0002:00003ef2       _HtmlHelpW@16              00429ef2 f   htmlhelp:init.obj
 0002:00007340       ??0ccCheck@@QAE@ABV?$basic_string@DU?$char_traits@D@std@@V?$allocator@D@2@@std@@@Z 0042d340 f   ccCheck.obj
 0002:000073b0       ??1ccCheck@@UAE@XZ         0042d3b0 f   ccCheck.obj
 0002:000073e0       ?setHeader@ccCheck@@QAEXABV?$basic_string@DU?$char_traits@D@std@@V?$allocator@D@2@@std@@@Z 0042d3e0 f   ccCheck.obj
 0002:00007410       ?checkDevice@ccCheck@@QAE_NI@Z 0042d410 f   ccCheck.obj
 0002:000074f0       ?checkIndex@ccCheck@@QAE_NI@Z 0042d4f0 f   ccCheck.obj
 0002:000075d0       ?checkSource@ccCheck@@QAE_NH@Z 0042d5d0 f   ccCheck.obj
 0002:000076c0       ?checkRange@ccCheck@@QAE_NII@Z 0042d6c0 f   ccCheck.obj
 0002:00007770       ?checkIndexRange@ccCheck@@QAE_NII@Z 0042d770 f   ccCheck.obj
 0002:00007850       ?checkDbIndexRange@ccCheck@@QAE_NII@Z 0042d850 f   ccCheck.obj
 0002:00007900       ?checkDatabase@ccCheck@@QAE_NII@Z 0042d900 f   ccCheck.obj
 0002:00007a40       ?checkDatabase@ccCheck@@QAE_NI@Z 0042da40 f   ccCheck.obj
 0002:00007b80       ?checkV1Database@ccCheck@@QAE_NI@Z 0042db80 f   ccCheck.obj
 0002:00007c60       ?checkString@ccCheck@@QAE_NABV?$basic_string@DU?$char_traits@D@std@@V?$allocator@D@2@@std@@@Z 0042dc60 f   ccCheck.obj
 0002:00007d20       ?checkString@ccCheck@@QAE_NABV?$basic_string@DU?$char_traits@D@std@@V?$allocator@D@2@@std@@I@Z 0042dd20 f   ccCheck.obj
 0002:00007de0       ?checkWorkstation@ccCheck@@QAE_NI@Z 0042dde0 f   ccCheck.obj
 0002:00007f40       ?log@ccCheck@@QAEXABV?$basic_string@DU?$char_traits@D@std@@V?$allocator@D@2@@std@@@Z 0042df40 f   ccCheck.obj
 0002:00008050       ?setMaxIndex@ccCheck@@QAEXI@Z 0042e050 f   ccCheck.obj
 0002:00008070       ?setMaxSource@ccCheck@@QAEXH@Z 0042e070 f   ccCheck.obj
 0002:00008090       ?setMaxDatabase@ccCheck@@QAEXI@Z 0042e090 f   ccCheck.obj
 0002:000080b0       ?setMaxDevice@ccCheck@@QAEXI@Z 0042e0b0 f   ccCheck.obj
 0002:000080d0       ?setMaxString@ccCheck@@QAEXI@Z 0042e0d0 f   ccCheck.obj
 0002:00008470       ??$?8DD@std@@YA_NABV?$allocator@D@0@0@Z 0042e470 f i ccCheck.obj
 0002:00008480       ??$?8V?$allocator@D@std@@V01@@std@@YA_NABU?$_Wrap_alloc@V?$allocator@D@std@@@0@0@Z 0042e480 f i ccCheck.obj
 0002:000084d0       ??$?9V?$allocator@D@std@@V01@@std@@YA_NABU?$_Wrap_alloc@V?$allocator@D@std@@@0@0@Z 0042e4d0 f i ccCheck.obj
 0002:00008530       ??$?HDU?$char_traits@D@std@@V?$allocator@D@1@@std@@YA?AV?$basic_string@DU?$char_traits@D@std@@V?$allocator@D@2@@0@$$QAV10@ABV10@@Z 0042e530 f i ccCheck.obj
 0002:00008590       ??$?HDU?$char_traits@D@std@@V?$allocator@D@1@@std@@YA?AV?$basic_string@DU?$char_traits@D@std@@V?$allocator@D@2@@0@$$QAV10@PBD@Z 0042e590 f i ccCheck.obj
 0002:000085f0       ??$?HDU?$char_traits@D@std@@V?$allocator@D@1@@std@@YA?AV?$basic_string@DU?$char_traits@D@std@@V?$allocator@D@2@@0@ABV10@PBD@Z 0042e5f0 f i ccCheck.obj
 0002:00008740       ??$?HDU?$char_traits@D@std@@V?$allocator@D@1@@std@@YA?AV?$basic_string@DU?$char_traits@D@std@@V?$allocator@D@2@@0@PBDABV10@@Z 0042e740 f i ccCheck.obj
 0002:00008890       ??$_Allocate@D@std@@YAPADIPAD@Z 0042e890 f i ccCheck.obj
 0002:00008900       ??$_Allocate@U_Container_proxy@std@@@std@@YAPAU_Container_proxy@0@IPAU10@@Z 0042e900 f i ccCheck.obj
 0002:00008980       ??$_Debug_pointer@D@std@@YAXPBDPB_WI@Z 0042e980 f i ccCheck.obj
 0002:000089c0       ??$addressof@D@std@@YAPADAAD@Z 0042e9c0 f i ccCheck.obj
 0002:000089d0       ??$construct@PADAAPAD@?$_Wrap_alloc@V?$allocator@D@std@@@std@@QAEXPAPADAAPAD@Z 0042e9d0 f i ccCheck.obj
 0002:00008a20       ??$construct@PADAAPAD@?$allocator@D@std@@QAEXPAPADAAPAD@Z 0042ea20 f i ccCheck.obj
 0002:00008af0       ??$construct@PADAAPAD@?$allocator_traits@V?$allocator@D@std@@@std@@SAXAAV?$allocator@D@1@PAPADAAPAD@Z 0042eaf0 f i ccCheck.obj
 0002:00008b20       ??$construct@U_Container_proxy@std@@U12@@?$allocator@U_Container_proxy@std@@@std@@QAEXPAU_Container_proxy@1@$$QAU21@@Z 0042eb20 f i ccCheck.obj
 0002:00008bf0       ??$destroy@PAD@?$_Wrap_alloc@V?$allocator@D@std@@@std@@QAEXPAPAD@Z 0042ebf0 f i ccCheck.obj
 0002:00008c30       ??$destroy@PAD@?$allocator@D@std@@QAEXPAPAD@Z 0042ec30 f i ccCheck.obj
 0002:00008c50       ??$destroy@PAD@?$allocator_traits@V?$allocator@D@std@@@std@@SAXAAV?$allocator@D@1@PAPAD@Z 0042ec50 f i ccCheck.obj
 0002:00008c70       ??$destroy@U_Container_proxy@std@@@?$allocator@U_Container_proxy@std@@@std@@QAEXPAU_Container_proxy@1@@Z 0042ec70 f i ccCheck.obj
 0002:00008c90       ??$forward@AAPAD@std@@YAAAPADAAPAD@Z 0042ec90 f i ccCheck.obj
 0002:00008ca0       ??$forward@U_Container_proxy@std@@@std@@YA$$QAU_Container_proxy@0@AAU10@@Z 0042eca0 f i ccCheck.obj
 0002:00008cb0       ??$forward@V?$basic_string@DU?$char_traits@D@std@@V?$allocator@D@2@@std@@@std@@YA$$QAV?$basic_string@DU?$char_traits@D@std@@V?$allocator@D@2@@0@AAV10@@Z 0042ecb0 f i ccCheck.obj
 0002:00008cc0       ??$move@AAV?$basic_string@DU?$char_traits@D@std@@V?$allocator@D@2@@std@@@std@@YA$$QAV?$basic_string@DU?$char_traits@D@std@@V?$allocator@D@2@@0@AAV10@@Z 0042ecc0 f i ccCheck.obj
 0002:00008cd0       ??0?$_String_alloc@$0A@U?$_String_base_types@DV?$allocator@D@std@@@std@@@std@@QAE@ABV?$allocator@D@1@@Z 0042ecd0 f i ccCheck.obj
 0002:00008d60       ??0?$_String_val@U?$_Simple_types@D@std@@@std@@QAE@XZ 0042ed60 f i ccCheck.obj
 0002:00008dc0       ??0?$_Wrap_alloc@V?$allocator@D@std@@@std@@QAE@ABV?$allocator@D@1@@Z 0042edc0 f i ccCheck.obj
 0002:00008e00       ??0?$_Wrap_alloc@V?$allocator@D@std@@@std@@QAE@XZ 0042ee00 f i ccCheck.obj
 0002:00008e30       ??0?$allocator@D@std@@QAE@ABV01@@Z 0042ee30 f i ccCheck.obj
 0002:00008e50       ??0?$allocator@D@std@@QAE@XZ 0042ee50 f i ccCheck.obj
 0002:00008e70       ??0?$allocator@U_Container_proxy@std@@@std@@QAE@XZ 0042ee70 f i ccCheck.obj
 0002:00008e90       ??0?$basic_string@DU?$char_traits@D@std@@V?$allocator@D@2@@std@@QAE@$$QAV01@@Z 0042ee90 f i ccCheck.obj
 0002:00008f10       ??0?$basic_string@DU?$char_traits@D@std@@V?$allocator@D@2@@std@@QAE@ABV01@@Z 0042ef10 f i ccCheck.obj
 0002:00008fe0       ??0?$basic_string@DU?$char_traits@D@std@@V?$allocator@D@2@@std@@QAE@PBD@Z 0042efe0 f i ccCheck.obj
 0002:00009090       ??0?$basic_string@DU?$char_traits@D@std@@V?$allocator@D@2@@std@@QAE@XZ 0042f090 f i ccCheck.obj
 0002:00009130       ??0_Container_proxy@std@@QAE@XZ 0042f130 f i ccCheck.obj
 0002:00009170       ??0_Generic_error_category@std@@QAE@XZ 0042f170 f i ccCheck.obj
 0002:000091b0       ??0_Iostream_error_category@std@@QAE@XZ 0042f1b0 f i ccCheck.obj
 0002:000091f0       ??0_System_error_category@std@@QAE@XZ 0042f1f0 f i ccCheck.obj
 0002:00009230       ??0error_category@std@@QAE@XZ 0042f230 f i ccCheck.obj
 0002:00009260       ??0error_condition@std@@QAE@HABVerror_category@1@@Z 0042f260 f i ccCheck.obj
 0002:000092a0       ??1?$_String_alloc@$0A@U?$_String_base_types@DV?$allocator@D@std@@@std@@@std@@QAE@XZ 0042f2a0 f i ccCheck.obj
 0002:000092e0       ??1?$_String_val@U?$_Simple_types@D@std@@@std@@QAE@XZ 0042f2e0 f i ccCheck.obj
 0002:00009320       ??1?$basic_string@DU?$char_traits@D@std@@V?$allocator@D@2@@std@@QAE@XZ 0042f320 f i ccCheck.obj
 0002:00009360       ??1_Generic_error_category@std@@UAE@XZ 0042f360 f i ccCheck.obj
 0002:00009390       ??1_Iostream_error_category@std@@UAE@XZ 0042f390 f i ccCheck.obj
 0002:000093c0       ??1_System_error_category@std@@UAE@XZ 0042f3c0 f i ccCheck.obj
 0002:000093f0       ??1error_category@std@@UAE@XZ 0042f3f0 f i ccCheck.obj
 0002:00009420       ??2@YAPAXIPAX@Z            0042f420 f i ccCheck.obj
 0002:00009430       ??3@YAXPAX0@Z              0042f430 f i ccCheck.obj
 0002:00009440       ??4?$basic_string@DU?$char_traits@D@std@@V?$allocator@D@2@@std@@QAEAAV01@ABV01@@Z 0042f440 f i ccCheck.obj
 0002:000094f0       ??8error_category@std@@QBE_NABV01@@Z 0042f4f0 f i ccCheck.obj
 0002:00009540       ??8error_condition@std@@QBE_NABV01@@Z 0042f540 f i ccCheck.obj
 0002:000095d0       ??Y?$basic_string@DU?$char_traits@D@std@@V?$allocator@D@2@@std@@QAEAAV01@ABV01@@Z 0042f5d0 f i ccCheck.obj
 0002:00009610       ??Y?$basic_string@DU?$char_traits@D@std@@V?$allocator@D@2@@std@@QAEAAV01@PBD@Z 0042f610 f i ccCheck.obj
 0002:00009650       ??_E_Generic_error_category@std@@UAEPAXI@Z 0042f650 f i ccCheck.obj
 0002:00009650       ??_G_Generic_error_category@std@@UAEPAXI@Z 0042f650 f i ccCheck.obj
 0002:000096a0       ??_G_Iostream_error_category@std@@UAEPAXI@Z 0042f6a0 f i ccCheck.obj
 0002:000096a0       ??_E_Iostream_error_category@std@@UAEPAXI@Z 0042f6a0 f i ccCheck.obj
 0002:000096f0       ??_G_System_error_category@std@@UAEPAXI@Z 0042f6f0 f i ccCheck.obj
 0002:000096f0       ??_E_System_error_category@std@@UAEPAXI@Z 0042f6f0 f i ccCheck.obj
 0002:00009740       ??_GccCheck@@UAEPAXI@Z     0042f740 f i ccCheck.obj
 0002:00009740       ??_EccCheck@@UAEPAXI@Z     0042f740 f i ccCheck.obj
 0002:00009790       ??_Gerror_category@std@@UAEPAXI@Z 0042f790 f i ccCheck.obj
 0002:00009790       ??_Eerror_category@std@@UAEPAXI@Z 0042f790 f i ccCheck.obj
 0002:000097e0       ?_Alloc_proxy@?$_String_alloc@$0A@U?$_String_base_types@DV?$allocator@D@std@@@std@@@std@@QAEXXZ 0042f7e0 f i ccCheck.obj
 0002:000098a0       ?_Assign_rv@?$basic_string@DU?$char_traits@D@std@@V?$allocator@D@2@@std@@QAEX$$QAV12@@Z 0042f8a0 f i ccCheck.obj
 0002:00009970       ?_Change_alloc@?$_String_alloc@$0A@U?$_String_base_types@DV?$allocator@D@std@@@std@@@std@@QAEXABU?$_Wrap_alloc@V?$allocator@D@std@@@2@@Z 0042f970 f i ccCheck.obj
 0002:00009990       ?_Copy@?$basic_string@DU?$char_traits@D@std@@V?$allocator@D@2@@std@@QAEXII@Z 0042f990 f i ccCheck.obj
 0002:00009c10       ?_Eos@?$basic_string@DU?$char_traits@D@std@@V?$allocator@D@2@@std@@QAEXI@Z 0042fc10 f i ccCheck.obj
 0002:00009c70       ?_Free_proxy@?$_String_alloc@$0A@U?$_String_base_types@DV?$allocator@D@std@@@std@@@std@@QAEXXZ 0042fc70 f i ccCheck.obj
 0002:00009d30       ?_Getal@?$_String_alloc@$0A@U?$_String_base_types@DV?$allocator@D@std@@@std@@@std@@QBE?AU?$_Wrap_alloc@V?$allocator@D@std@@@2@XZ 0042fd30 f i ccCheck.obj
 0002:00009d70       ?_Grow@?$basic_string@DU?$char_traits@D@std@@V?$allocator@D@2@@std@@QAE_NI_N@Z 0042fd70 f i ccCheck.obj
 0002:00009e70       ?_Inside@?$basic_string@DU?$char_traits@D@std@@V?$allocator@D@2@@std@@QAE_NPBD@Z 0042fe70 f i ccCheck.obj
 0002:00009ed0       ?_Myptr@?$_String_val@U?$_Simple_types@D@std@@@std@@QAEPADXZ 0042fed0 f i ccCheck.obj
 0002:00009f40       ?_Myptr@?$_String_val@U?$_Simple_types@D@std@@@std@@QBEPBDXZ 0042ff40 f i ccCheck.obj
 0002:00009fb0       ?_Tidy@?$basic_string@DU?$char_traits@D@std@@V?$allocator@D@2@@std@@QAEX_NI@Z 0042ffb0 f i ccCheck.obj
 0002:0000a0b0       ?_Xlen@?$basic_string@DU?$char_traits@D@std@@V?$allocator@D@2@@std@@QBEXXZ 004300b0 f i ccCheck.obj
 0002:0000a0f0       ?_Xran@?$basic_string@DU?$char_traits@D@std@@V?$allocator@D@2@@std@@QBEXXZ 004300f0 f i ccCheck.obj
 0002:0000a130       ?allocate@?$_Wrap_alloc@V?$allocator@D@std@@@std@@QAEPADI@Z 00430130 f i ccCheck.obj
 0002:0000a170       ?allocate@?$allocator@D@std@@QAEPADI@Z 00430170 f i ccCheck.obj
 0002:0000a1b0       ?allocate@?$allocator@U_Container_proxy@std@@@std@@QAEPAU_Container_proxy@2@I@Z 004301b0 f i ccCheck.obj
 0002:0000a1f0       ?append@?$basic_string@DU?$char_traits@D@std@@V?$allocator@D@2@@std@@QAEAAV12@ABV12@@Z 004301f0 f i ccCheck.obj
 0002:0000a230       ?append@?$basic_string@DU?$char_traits@D@std@@V?$allocator@D@2@@std@@QAEAAV12@ABV12@II@Z 00430230 f i ccCheck.obj
 0002:0000a330       ?append@?$basic_string@DU?$char_traits@D@std@@V?$allocator@D@2@@std@@QAEAAV12@PBD@Z 00430330 f i ccCheck.obj
 0002:0000a390       ?append@?$basic_string@DU?$char_traits@D@std@@V?$allocator@D@2@@std@@QAEAAV12@PBDI@Z 00430390 f i ccCheck.obj
 0002:0000a4b0       ?assign@?$basic_string@DU?$char_traits@D@std@@V?$allocator@D@2@@std@@QAEAAV12@ABV12@@Z 004304b0 f i ccCheck.obj
 0002:0000a4f0       ?assign@?$basic_string@DU?$char_traits@D@std@@V?$allocator@D@2@@std@@QAEAAV12@ABV12@II@Z 004304f0 f i ccCheck.obj
 0002:0000a5f0       ?assign@?$basic_string@DU?$char_traits@D@std@@V?$allocator@D@2@@std@@QAEAAV12@PBD@Z 004305f0 f i ccCheck.obj
 0002:0000a650       ?assign@?$basic_string@DU?$char_traits@D@std@@V?$allocator@D@2@@std@@QAEAAV12@PBDI@Z 00430650 f i ccCheck.obj
 0002:0000a730       ?assign@?$char_traits@D@std@@SAXAADABD@Z 00430730 f i ccCheck.obj
 0002:0000a750       ?c_str@?$basic_string@DU?$char_traits@D@std@@V?$allocator@D@2@@std@@QBEPBDXZ 00430750 f i ccCheck.obj
 0002:0000a780       ?category@error_code@std@@QBEABVerror_category@2@XZ 00430780 f i ccCheck.obj
 0002:0000a7a0       ?category@error_condition@std@@QBEABVerror_category@2@XZ 004307a0 f i ccCheck.obj
 0002:0000a7c0       ?copy@?$char_traits@D@std@@SAPADPADPBDI@Z 004307c0 f i ccCheck.obj
 0002:0000a820       ?deallocate@?$_Wrap_alloc@V?$allocator@D@std@@@std@@QAEXPADI@Z 00430820 f i ccCheck.obj
 0002:0000a860       ?deallocate@?$allocator@D@std@@QAEXPADI@Z 00430860 f i ccCheck.obj
 0002:0000a8a0       ?deallocate@?$allocator@U_Container_proxy@std@@@std@@QAEXPAU_Container_proxy@2@I@Z 004308a0 f i ccCheck.obj
 0002:0000a8e0       ?default_error_condition@_System_error_category@std@@UBE?AVerror_condition@2@H@Z 004308e0 f i ccCheck.obj
 0002:0000a970       ?default_error_condition@error_category@std@@UBE?AVerror_condition@2@H@Z 00430970 f i ccCheck.obj
 0002:0000a9b0       ?equivalent@error_category@std@@UBE_NABVerror_code@2@H@Z 004309b0 f i ccCheck.obj
 0002:0000aa30       ?equivalent@error_category@std@@UBE_NHABVerror_condition@2@@Z 00430a30 f i ccCheck.obj
 0002:0000aaa0       ?erase@?$basic_string@DU?$char_traits@D@std@@V?$allocator@D@2@@std@@QAEAAV12@I@Z 00430aa0 f i ccCheck.obj
 0002:0000aaf0       ?erase@?$basic_string@DU?$char_traits@D@std@@V?$allocator@D@2@@std@@QAEAAV12@II@Z 00430af0 f i ccCheck.obj
 0002:0000abc0       ?generic_category@std@@YAABVerror_category@1@XZ 00430bc0 f i ccCheck.obj
 0002:0000abd0       ?length@?$basic_string@DU?$char_traits@D@std@@V?$allocator@D@2@@std@@QBEIXZ 00430bd0 f i ccCheck.obj
 0002:0000abf0       ?length@?$char_traits@D@std@@SAIPBD@Z 00430bf0 f i ccCheck.obj
 0002:0000ac40       ?max_size@?$_Wrap_alloc@V?$allocator@D@std@@@std@@QBEIXZ 00430c40 f i ccCheck.obj
 0002:0000ac80       ?max_size@?$allocator@D@std@@QBEIXZ 00430c80 f i ccCheck.obj
 0002:0000aca0       ?max_size@?$allocator_traits@V?$allocator@D@std@@@std@@SAIABV?$allocator@D@2@@Z 00430ca0 f i ccCheck.obj
 0002:0000acc0       ?max_size@?$basic_string@DU?$char_traits@D@std@@V?$allocator@D@2@@std@@QBEIXZ 00430cc0 f i ccCheck.obj
 0002:0000ad30       ?message@_Generic_error_category@std@@UBE?AV?$basic_string@DU?$char_traits@D@std@@V?$allocator@D@2@@2@H@Z 00430d30 f i ccCheck.obj
 0002:0000add0       ?message@_Iostream_error_category@std@@UBE?AV?$basic_string@DU?$char_traits@D@std@@V?$allocator@D@2@@2@H@Z 00430dd0 f i ccCheck.obj
 0002:0000ae60       ?message@_System_error_category@std@@UBE?AV?$basic_string@DU?$char_traits@D@std@@V?$allocator@D@2@@2@H@Z 00430e60 f i ccCheck.obj
 0002:0000af00       ?move@?$char_traits@D@std@@SAPADPADPBDI@Z 00430f00 f i ccCheck.obj
 0002:0000af60       ?name@_Generic_error_category@std@@UBEPBDXZ 00430f60 f i ccCheck.obj
 0002:0000af80       ?name@_Iostream_error_category@std@@UBEPBDXZ 00430f80 f i ccCheck.obj
 0002:0000afa0       ?name@_System_error_category@std@@UBEPBDXZ 00430fa0 f i ccCheck.obj
 0002:0000afc0       ?reserve@?$basic_string@DU?$char_traits@D@std@@V?$allocator@D@2@@std@@QAEXI@Z 00430fc0 f i ccCheck.obj
 0002:0000b040       ?select_on_container_copy_construction@?$_Wrap_alloc@V?$allocator@D@std@@@std@@QBE?AU12@XZ 00431040 f i ccCheck.obj
 0002:0000b0a0       ?select_on_container_copy_construction@?$allocator@D@std@@QBE?AV12@XZ 004310a0 f i ccCheck.obj
 0002:0000b0e0       ?select_on_container_copy_construction@?$allocator_traits@V?$allocator@D@std@@@std@@SA?AV?$allocator@D@2@ABV32@@Z 004310e0 f i ccCheck.obj
 0002:0000b110       ?size@?$basic_string@DU?$char_traits@D@std@@V?$allocator@D@2@@std@@QBEIXZ 00431110 f i ccCheck.obj
 0002:0000b130       ?system_category@std@@YAABVerror_category@1@XZ 00431130 f i ccCheck.obj
 0002:0000b140       ?value@error_code@std@@QBEHXZ 00431140 f i ccCheck.obj
 0002:0000b160       ?value@error_condition@std@@QBEHXZ 00431160 f i ccCheck.obj
 0002:0000b180       _hypot                     00431180 f i ccCheck.obj
 0002:0000b1d0       ??0ccClient@@QAE@PAVIccClientCallback@@ABV?$basic_string@DU?$char_traits@D@std@@V?$allocator@D@2@@std@@@Z 004311d0 f   ccClient.obj
 0002:0000b450       ??1ccClient@@UAE@XZ        00431450 f   ccClient.obj
 0002:0000b590       ?version@ccClient@@QAEJXZ  00431590 f   ccClient.obj
 0002:0000b5b0       ?routerCrosspoint@ccClient@@QAEXHHHABV?$basic_string@DU?$char_traits@D@std@@V?$allocator@D@2@@std@@_NH@Z 004315b0 f   ccClient.obj
 0002:0000b720       ?routerPoll@ccClient@@QAEXHHH_N@Z 00431720 f   ccClient.obj
 0002:0000b760       ?routerQuery@ccClient@@QAEXHHH_N@Z 00431760 f   ccClient.obj
 0002:0000b7a0       ?routerLock@ccClient@@QAEXHHH_N0H@Z 004317a0 f   ccClient.obj
 0002:0000b7f0       ?routerFile@ccClient@@QAEXH@Z 004317f0 f   ccClient.obj
 0002:0000b830       ?infoWrite@ccClient@@QAEXHHABV?$basic_string@DU?$char_traits@D@std@@V?$allocator@D@2@@std@@_NH@Z 00431830 f   ccClient.obj
 0002:0000b9b0       ?infoPoll@ccClient@@QAEXHHH_N@Z 004319b0 f   ccClient.obj
 0002:0000b9f0       ?infoQuery@ccClient@@QAEXHHH_N@Z 004319f0 f   ccClient.obj
 0002:0000ba30       ?infoLock@ccClient@@QAEXHHH_N0H@Z 00431a30 f   ccClient.obj
 0002:0000ba80       ?gpiSwitch@ccClient@@QAEXHH_N0H@Z 00431a80 f   ccClient.obj
 0002:0000bc20       ?gpiFile@ccClient@@QAEXH@Z 00431c20 f   ccClient.obj
 0002:0000bc60       ?gpiLock@ccClient@@QAEXHHH_N0H@Z 00431c60 f   ccClient.obj
 0002:0000bcb0       ?gpiPoll@ccClient@@QAEXHHH_N@Z 00431cb0 f   ccClient.obj
 0002:0000bcf0       ?gpiQuery@ccClient@@QAEXHHH_N@Z 00431cf0 f   ccClient.obj
 0002:0000bd30       ?deviceMessage@ccClient@@QAEXHHABV?$basic_string@DU?$char_traits@D@std@@V?$allocator@D@2@@std@@H@Z 00431d30 f   ccClient.obj
 0002:0000be50       ?deviceProfile@ccClient@@QAEXHAAH00AAV?$basic_string@DU?$char_traits@D@std@@V?$allocator@D@2@@std@@@Z 00431e50 f   ccClient.obj
 0002:0000c080       ?databaseName@ccClient@@QAE_NHHHAAV?$basic_string@DU?$char_traits@D@std@@V?$allocator@D@2@@std@@@Z 00432080 f   ccClient.obj
 0002:0000c1c0       ?databaseIndex@ccClient@@QAEHHHABV?$basic_string@DU?$char_traits@D@std@@V?$allocator@D@2@@std@@@Z 004321c0 f   ccClient.obj
 0002:0000c3a0       ?databaseModify@ccClient@@QAE_NHHHABV?$basic_string@DU?$char_traits@D@std@@V?$allocator@D@2@@std@@_N1H@Z 004323a0 f   ccClient.obj
 0002:0000c590       ?revertiveRegister@ccClient@@QAEXHHH_NH@Z 00432590 f   ccClient.obj
 0002:0000c670       ?revertiveDeregister@ccClient@@QAEXHHH@Z 00432670 f   ccClient.obj
 0002:0000c770       ?revertiveDeregisterAll@ccClient@@QAEXXZ 00432770 f   ccClient.obj
 0002:0000c7c0       ?cacheValue@ccClient@@QAE_NHHAAV?$basic_string@DU?$char_traits@D@std@@V?$allocator@D@2@@std@@PAH@Z 004327c0 f   ccClient.obj
 0002:0000c940       ?cacheIndex@ccClient@@QAEHHHHABV?$basic_string@DU?$char_traits@D@std@@V?$allocator@D@2@@std@@@Z 00432940 f   ccClient.obj
 0002:0000ca80       ?cacheEnable@ccClient@@QAEX_N@Z 00432a80 f   ccClient.obj
 0002:0000cad0       ?cacheTest@ccClient@@QAE_NHHH@Z 00432ad0 f   ccClient.obj
 0002:0000cb90       ?cacheFlush@ccClient@@QAEXH@Z 00432b90 f   ccClient.obj
 0002:0000cbf0       ?isCacheEnabled@ccClient@@QAE_NXZ 00432bf0 f   ccClient.obj
 0002:0000cc50       ?connect@ccClient@@QAE_NW4ipcType@cc@@J@Z 00432c50 f   ccClient.obj
 0002:0000d030       ?isConnected@ccClient@@QAE_NXZ 00433030 f   ccClient.obj
 0002:0000d080       ?disconnect@ccClient@@QAE_NXZ 00433080 f   ccClient.obj
 0002:0000d140       ?writeEnable@ccClient@@QAEX_N@Z 00433140 f   ccClient.obj
 0002:0000d160       ?isWriteEnabled@ccClient@@QAE_NXZ 00433160 f   ccClient.obj
 0002:0000d180       ?setCloseHostOnExit@ccClient@@QAEX_N@Z 00433180 f   ccClient.obj
 0002:0000d1a0       ?counters@ccClient@@QAE_NAAI0@Z 004331a0 f   ccClient.obj
 0002:0000d220       ?resetCounters@ccClient@@QAEXXZ 00433220 f   ccClient.obj
 0002:0000d260       ?setCallback@ccClient@@QAEXPAVIccClientCallback@@@Z 00433260 f   ccClient.obj
 0002:0000d280       ?getClientRegistrationExtent@ccClient@@QAE_NHAAH0@Z 00433280 f   ccClient.obj
 0002:0000d320       ?sendBufferedCommands@ccClient@@QAEXXZ 00433320 f   ccClient.obj
 0002:0000d360       ?registerForNetMessage@ccClient@@QAEXXZ 00433360 f   ccClient.obj
 0002:0000d3b0       ?deregisterForNetMessage@ccClient@@QAEXXZ 004333b0 f   ccClient.obj
 0002:0000d400       ?registerForConfigChangeMessage@ccClient@@QAEXXZ 00433400 f   ccClient.obj
 0002:0000d450       ?deregisterForConfigChangeMessage@ccClient@@QAEXXZ 00433450 f   ccClient.obj
 0002:0000d4a0       ?sendConfigChangeMessage@ccClient@@QAEXABV?$basic_string@DU?$char_traits@D@std@@V?$allocator@D@2@@std@@@Z 004334a0 f   ccClient.obj
 0002:0000d4f0       ?flushDatabaseCache@ccClient@@QAEXH@Z 004334f0 f   ccClient.obj
 0002:0000d540       ?maxDevices@ccClient@@QAEIXZ 00433540 f   ccClient.obj
 0002:0000d5a0       ?maxIndexes@ccClient@@QAEIXZ 004335a0 f   ccClient.obj
 0002:0000d600       ?maxSources@ccClient@@QAEIXZ 00433600 f   ccClient.obj
 0002:0000d660       ?maxDatabases@ccClient@@QAEIXZ 00433660 f   ccClient.obj
 0002:0000d6c0       ?maxString@ccClient@@QAEIXZ 004336c0 f   ccClient.obj
 0002:0000d720       ?workstation@ccClient@@QAEHXZ 00433720 f   ccClient.obj
 0002:0000d740       ?WndProc@ccClient@@CGJPAUHWND__@@IIJ@Z 00433740 f   ccClient.obj
 0002:0000ea10       ?BNCSSendMessage@ccClient@@AAEJIIJHHH@Z 00434a10 f   ccClient.obj
 0002:0000ead0       ?deviceQuery@ccClient@@AAEXDHHH_N@Z 00434ad0 f   ccClient.obj
 0002:0000ecb0       ?devicePoll@ccClient@@AAEXDHHH_N@Z 00434cb0 f   ccClient.obj
 0002:0000ee90       ?deviceLock@ccClient@@AAEXDHHH_N0H@Z 00434e90 f   ccClient.obj
 0002:0000f0c0       ?deviceFile@ccClient@@AAEXDH@Z 004350c0 f   ccClient.obj
 0002:00010260       ??$?0U?$_Wrap_alloc@V?$allocator@V?$basic_string@DU?$char_traits@D@std@@V?$allocator@D@2@@std@@@std@@@std@@@?$_Wrap_alloc@V?$allocator@PAV?$basic_string@DU?$char_traits@D@std@@V?$allocator@D@2@@std@@@std@@@std@@QAE@ABU?$_Wrap_alloc@V?$allocator@V?$basic_string@DU?$char_traits@D@std@@V?$allocator@D@2@@std@@@std@@@1@@Z 00436260 f i ccClient.obj
 0002:000102a0       ??$?0V?$basic_string@DU?$char_traits@D@std@@V?$allocator@D@2@@std@@@?$allocator@PAV?$basic_string@DU?$char_traits@D@std@@V?$allocator@D@2@@std@@@std@@QAE@ABV?$allocator@V?$basic_string@DU?$char_traits@D@std@@V?$allocator@D@2@@std@@@1@@Z 004362a0 f i ccClient.obj
 0002:000102c0       ??$_Allocate@PAV?$basic_string@DU?$char_traits@D@std@@V?$allocator@D@2@@std@@@std@@YAPAPAV?$basic_string@DU?$char_traits@D@std@@V?$allocator@D@2@@0@IPAPAV10@@Z 004362c0 f i ccClient.obj
 0002:00010340       ??$_Allocate@V?$basic_string@DU?$char_traits@D@std@@V?$allocator@D@2@@std@@@std@@YAPAV?$basic_string@DU?$char_traits@D@std@@V?$allocator@D@2@@0@IPAV10@@Z 00436340 f i ccClient.obj
 0002:000103c0       ??$_Debug_pointer@PAV?$basic_string@DU?$char_traits@D@std@@V?$allocator@D@2@@std@@@std@@YAXPAPAV?$basic_string@DU?$char_traits@D@std@@V?$allocator@D@2@@0@PB_WI@Z 004363c0 f i ccClient.obj
 0002:00010400       ??$_Debug_range2@PAPAV?$basic_string@DU?$char_traits@D@std@@V?$allocator@D@2@@std@@@std@@YAXPAPAV?$basic_string@DU?$char_traits@D@std@@V?$allocator@D@2@@0@0PB_WIUrandom_access_iterator_tag@0@@Z 00436400 f i ccClient.obj
 0002:00010480       ??$_Debug_range@PAPAV?$basic_string@DU?$char_traits@D@std@@V?$allocator@D@2@@std@@@std@@YAXPAPAV?$basic_string@DU?$char_traits@D@std@@V?$allocator@D@2@@0@0PB_WI@Z 00436480 f i ccClient.obj
 0002:000104e0       ??$_Destroy_range@U?$_Wrap_alloc@V?$allocator@PAV?$basic_string@DU?$char_traits@D@std@@V?$allocator@D@2@@std@@@std@@@std@@@std@@YAXPAPAV?$basic_string@DU?$char_traits@D@std@@V?$allocator@D@2@@0@0AAU?$_Wrap_alloc@V?$allocator@PAV?$basic_string@DU?$char_traits@D@std@@V?$allocator@D@2@@std@@@std@@@0@@Z 004364e0 f i ccClient.obj
 0002:00010540       ??$_Destroy_range@U?$_Wrap_alloc@V?$allocator@PAV?$basic_string@DU?$char_traits@D@std@@V?$allocator@D@2@@std@@@std@@@std@@@std@@YAXPAPAV?$basic_string@DU?$char_traits@D@std@@V?$allocator@D@2@@0@0AAU?$_Wrap_alloc@V?$allocator@PAV?$basic_string@DU?$char_traits@D@std@@V?$allocator@D@2@@std@@@std@@@0@U_Scalar_ptr_iterator_tag@0@@Z 00436540 f i ccClient.obj
 0002:00010550       ??$_Fill_n@PAPAV?$basic_string@DU?$char_traits@D@std@@V?$allocator@D@2@@std@@IPAV12@@std@@YAPAPAV?$basic_string@DU?$char_traits@D@std@@V?$allocator@D@2@@0@PAPAV10@IABQAV10@@Z 00436550 f i ccClient.obj
 0002:00010590       ??$_Iter_cat@PAPAV?$basic_string@DU?$char_traits@D@std@@V?$allocator@D@2@@std@@@std@@YA?AUrandom_access_iterator_tag@0@ABQAPAV?$basic_string@DU?$char_traits@D@std@@V?$allocator@D@2@@0@@Z 00436590 f i ccClient.obj
 0002:00010600       ??$_Ptr_cat@PAV?$basic_string@DU?$char_traits@D@std@@V?$allocator@D@2@@std@@PAV12@@std@@YA?AU_Scalar_ptr_iterator_tag@0@PAPAV?$basic_string@DU?$char_traits@D@std@@V?$allocator@D@2@@0@0@Z 00436600 f i ccClient.obj
 0002:00010660       ??$_Rechecked@PAPAV?$basic_string@DU?$char_traits@D@std@@V?$allocator@D@2@@std@@PAPAV12@@std@@YAAAPAPAV?$basic_string@DU?$char_traits@D@std@@V?$allocator@D@2@@0@AAPAPAV10@PAPAV10@@Z 00436660 f i ccClient.obj
 0002:00010680       ??$_Unchecked@PAPAV?$basic_string@DU?$char_traits@D@std@@V?$allocator@D@2@@std@@@std@@YAPAPAV?$basic_string@DU?$char_traits@D@std@@V?$allocator@D@2@@0@PAPAV10@@Z 00436680 f i ccClient.obj
 0002:00010690       ??$_Uninit_copy@PAPAV?$basic_string@DU?$char_traits@D@std@@V?$allocator@D@2@@std@@PAPAV12@U?$_Wrap_alloc@V?$allocator@PAV?$basic_string@DU?$char_traits@D@std@@V?$allocator@D@2@@std@@@std@@@2@@std@@YAPAPAV?$basic_string@DU?$char_traits@D@std@@V?$allocator@D@2@@0@PAPAV10@00AAU?$_Wrap_alloc@V?$allocator@PAV?$basic_string@DU?$char_traits@D@std@@V?$allocator@D@2@@std@@@std@@@0@@Z 00436690 f i ccClient.obj
 0002:000106f0       ??$_Uninit_copy@PAV?$basic_string@DU?$char_traits@D@std@@V?$allocator@D@2@@std@@PAV12@@std@@YAPAPAV?$basic_string@DU?$char_traits@D@std@@V?$allocator@D@2@@0@PAPAV10@00AAU?$_Wrap_alloc@V?$allocator@PAV?$basic_string@DU?$char_traits@D@std@@V?$allocator@D@2@@std@@@std@@@0@U_Scalar_ptr_iterator_tag@0@@Z 004366f0 f i ccClient.obj
 0002:00010790       ??$_Uninit_def_fill_n@PAV?$basic_string@DU?$char_traits@D@std@@V?$allocator@D@2@@std@@IPAV12@@std@@YAXPAPAV?$basic_string@DU?$char_traits@D@std@@V?$allocator@D@2@@0@IAAU?$_Wrap_alloc@V?$allocator@PAV?$basic_string@DU?$char_traits@D@std@@V?$allocator@D@2@@std@@@std@@@0@0U_Scalar_ptr_iterator_tag@0@@Z 00436790 f i ccClient.obj
 0002:000107e0       ??$_Uninitialized_copy@PAPAV?$basic_string@DU?$char_traits@D@std@@V?$allocator@D@2@@std@@PAPAV12@U?$_Wrap_alloc@V?$allocator@PAV?$basic_string@DU?$char_traits@D@std@@V?$allocator@D@2@@std@@@std@@@2@@std@@YAPAPAV?$basic_string@DU?$char_traits@D@std@@V?$allocator@D@2@@0@PAPAV10@00AAU?$_Wrap_alloc@V?$allocator@PAV?$basic_string@DU?$char_traits@D@std@@V?$allocator@D@2@@std@@@std@@@0@@Z 004367e0 f i ccClient.obj
 0002:00010850       ??$_Uninitialized_default_fill_n@PAPAV?$basic_string@DU?$char_traits@D@std@@V?$allocator@D@2@@std@@IU?$_Wrap_alloc@V?$allocator@PAV?$basic_string@DU?$char_traits@D@std@@V?$allocator@D@2@@std@@@std@@@2@@std@@YAXPAPAV?$basic_string@DU?$char_traits@D@std@@V?$allocator@D@2@@0@IAAU?$_Wrap_alloc@V?$allocator@PAV?$basic_string@DU?$char_traits@D@std@@V?$allocator@D@2@@std@@@std@@@0@@Z 00436850 f i ccClient.obj
 0002:000108c0       ??$_Val_type@PAPAV?$basic_string@DU?$char_traits@D@std@@V?$allocator@D@2@@std@@@std@@YAPAPAV?$basic_string@DU?$char_traits@D@std@@V?$allocator@D@2@@0@PAPAV10@@Z 004368c0 f i ccClient.obj
 0002:000108d0       ??$construct@U_Container_proxy@std@@U12@@?$_Wrap_alloc@V?$allocator@U_Container_proxy@std@@@std@@@std@@QAEXPAU_Container_proxy@1@$$QAU21@@Z 004368d0 f i ccClient.obj
 0002:00010920       ??$construct@U_Container_proxy@std@@U12@@?$allocator_traits@V?$allocator@U_Container_proxy@std@@@std@@@std@@SAXAAV?$allocator@U_Container_proxy@std@@@1@PAU_Container_proxy@1@$$QAU31@@Z 00436920 f i ccClient.obj
 0002:00010950       ??$construct@V?$basic_string@DU?$char_traits@D@std@@V?$allocator@D@2@@std@@ABV12@@?$_Wrap_alloc@V?$allocator@V?$basic_string@DU?$char_traits@D@std@@V?$allocator@D@2@@std@@@std@@@std@@QAEXPAV?$basic_string@DU?$char_traits@D@std@@V?$allocator@D@2@@1@ABV21@@Z 00436950 f i ccClient.obj
 0002:000109a0       ??$construct@V?$basic_string@DU?$char_traits@D@std@@V?$allocator@D@2@@std@@ABV12@@?$allocator_traits@V?$allocator@V?$basic_string@DU?$char_traits@D@std@@V?$allocator@D@2@@std@@@std@@@std@@SAXAAV?$allocator@V?$basic_string@DU?$char_traits@D@std@@V?$allocator@D@2@@std@@@1@PAV?$basic_string@DU?$char_traits@D@std@@V?$allocator@D@2@@1@ABV31@@Z 004369a0 f i ccClient.obj
 0002:000109d0       ??$construct@V?$basic_string@DU?$char_traits@D@std@@V?$allocator@D@2@@std@@V12@@?$_Wrap_alloc@V?$allocator@V?$basic_string@DU?$char_traits@D@std@@V?$allocator@D@2@@std@@@std@@@std@@QAEXPAV?$basic_string@DU?$char_traits@D@std@@V?$allocator@D@2@@1@$$QAV21@@Z 004369d0 f i ccClient.obj
 0002:00010a20       ??$construct@V?$basic_string@DU?$char_traits@D@std@@V?$allocator@D@2@@std@@V12@@?$allocator@V?$basic_string@DU?$char_traits@D@std@@V?$allocator@D@2@@std@@@std@@QAEXPAV?$basic_string@DU?$char_traits@D@std@@V?$allocator@D@2@@1@$$QAV21@@Z 00436a20 f i ccClient.obj
 0002:00010af0       ??$construct@V?$basic_string@DU?$char_traits@D@std@@V?$allocator@D@2@@std@@V12@@?$allocator_traits@V?$allocator@V?$basic_string@DU?$char_traits@D@std@@V?$allocator@D@2@@std@@@std@@@std@@SAXAAV?$allocator@V?$basic_string@DU?$char_traits@D@std@@V?$allocator@D@2@@std@@@1@PAV?$basic_string@DU?$char_traits@D@std@@V?$allocator@D@2@@1@$$QAV31@@Z 00436af0 f i ccClient.obj
 0002:00010b20       ??$destroy@PAV?$basic_string@DU?$char_traits@D@std@@V?$allocator@D@2@@std@@@?$_Wrap_alloc@V?$allocator@V?$basic_string@DU?$char_traits@D@std@@V?$allocator@D@2@@std@@@std@@@std@@QAEXPAPAV?$basic_string@DU?$char_traits@D@std@@V?$allocator@D@2@@1@@Z 00436b20 f i ccClient.obj
 0002:00010b60       ??$destroy@PAV?$basic_string@DU?$char_traits@D@std@@V?$allocator@D@2@@std@@@?$allocator@V?$basic_string@DU?$char_traits@D@std@@V?$allocator@D@2@@std@@@std@@QAEXPAPAV?$basic_string@DU?$char_traits@D@std@@V?$allocator@D@2@@1@@Z 00436b60 f i ccClient.obj
 0002:00010b80       ??$destroy@PAV?$basic_string@DU?$char_traits@D@std@@V?$allocator@D@2@@std@@@?$allocator_traits@V?$allocator@V?$basic_string@DU?$char_traits@D@std@@V?$allocator@D@2@@std@@@std@@@std@@SAXAAV?$allocator@V?$basic_string@DU?$char_traits@D@std@@V?$allocator@D@2@@std@@@1@PAPAV?$basic_string@DU?$char_traits@D@std@@V?$allocator@D@2@@1@@Z 00436b80 f i ccClient.obj
 0002:00010ba0       ??$destroy@U_Container_proxy@std@@@?$_Wrap_alloc@V?$allocator@U_Container_proxy@std@@@std@@@std@@QAEXPAU_Container_proxy@1@@Z 00436ba0 f i ccClient.obj
 0002:00010be0       ??$destroy@U_Container_proxy@std@@@?$allocator_traits@V?$allocator@U_Container_proxy@std@@@std@@@std@@SAXAAV?$allocator@U_Container_proxy@std@@@1@PAU_Container_proxy@1@@Z 00436be0 f i ccClient.obj
 0002:00010c00       ??$destroy@V?$basic_string@DU?$char_traits@D@std@@V?$allocator@D@2@@std@@@?$_Wrap_alloc@V?$allocator@V?$basic_string@DU?$char_traits@D@std@@V?$allocator@D@2@@std@@@std@@@std@@QAEXPAV?$basic_string@DU?$char_traits@D@std@@V?$allocator@D@2@@1@@Z 00436c00 f i ccClient.obj
 0002:00010c40       ??$destroy@V?$basic_string@DU?$char_traits@D@std@@V?$allocator@D@2@@std@@@?$allocator@V?$basic_string@DU?$char_traits@D@std@@V?$allocator@D@2@@std@@@std@@QAEXPAV?$basic_string@DU?$char_traits@D@std@@V?$allocator@D@2@@1@@Z 00436c40 f i ccClient.obj
 0002:00010c80       ??$destroy@V?$basic_string@DU?$char_traits@D@std@@V?$allocator@D@2@@std@@@?$allocator_traits@V?$allocator@V?$basic_string@DU?$char_traits@D@std@@V?$allocator@D@2@@std@@@std@@@std@@SAXAAV?$allocator@V?$basic_string@DU?$char_traits@D@std@@V?$allocator@D@2@@std@@@1@PAV?$basic_string@DU?$char_traits@D@std@@V?$allocator@D@2@@1@@Z 00436c80 f i ccClient.obj
 0002:00010ca0       ??$forward@ABV?$basic_string@DU?$char_traits@D@std@@V?$allocator@D@2@@std@@@std@@YAABV?$basic_string@DU?$char_traits@D@std@@V?$allocator@D@2@@0@ABV10@@Z 00436ca0 f i ccClient.obj
 0002:00010cb0       ??0?$_Deque_alloc@$0A@U?$_Deque_base_types@V?$basic_string@DU?$char_traits@D@std@@V?$allocator@D@2@@std@@V?$allocator@V?$basic_string@DU?$char_traits@D@std@@V?$allocator@D@2@@std@@@2@@std@@@std@@QAE@ABV?$allocator@V?$basic_string@DU?$char_traits@D@std@@V?$allocator@D@2@@std@@@1@@Z 00436cb0 f i ccClient.obj
 0002:00010d40       ??0?$_Deque_const_iterator@V?$_Deque_val@U?$_Deque_simple_types@V?$basic_string@DU?$char_traits@D@std@@V?$allocator@D@2@@std@@@std@@@std@@@std@@QAE@IPBU_Container_base12@1@@Z 00436d40 f i ccClient.obj
 0002:00010de0       ??0?$_Deque_iterator@V?$_Deque_val@U?$_Deque_simple_types@V?$basic_string@DU?$char_traits@D@std@@V?$allocator@D@2@@std@@@std@@@std@@@std@@QAE@IPBU_Container_base12@1@@Z 00436de0 f i ccClient.obj
 0002:00010e20       ??0?$_Deque_val@U?$_Deque_simple_types@V?$basic_string@DU?$char_traits@D@std@@V?$allocator@D@2@@std@@@std@@@std@@QAE@XZ 00436e20 f i ccClient.obj
 0002:00010ea0       ??0?$_Wrap_alloc@V?$allocator@U_Container_proxy@std@@@std@@@std@@QAE@XZ 00436ea0 f i ccClient.obj
 0002:00010ed0       ??0?$_Wrap_alloc@V?$allocator@V?$basic_string@DU?$char_traits@D@std@@V?$allocator@D@2@@std@@@std@@@std@@QAE@XZ 00436ed0 f i ccClient.obj
 0002:00010f00       ??0?$allocator@V?$basic_string@DU?$char_traits@D@std@@V?$allocator@D@2@@std@@@std@@QAE@XZ 00436f00 f i ccClient.obj
 0002:00010f20       ??0?$deque@V?$basic_string@DU?$char_traits@D@std@@V?$allocator@D@2@@std@@V?$allocator@V?$basic_string@DU?$char_traits@D@std@@V?$allocator@D@2@@std@@@2@@std@@QAE@XZ 00436f20 f i ccClient.obj
 0002:00010f70       ??0?$queue@V?$basic_string@DU?$char_traits@D@std@@V?$allocator@D@2@@std@@V?$deque@V?$basic_string@DU?$char_traits@D@std@@V?$allocator@D@2@@std@@V?$allocator@V?$basic_string@DU?$char_traits@D@std@@V?$allocator@D@2@@std@@@2@@2@@std@@QAE@XZ 00436f70 f i ccClient.obj
 0002:00010fa0       ??0_Ignore@std@@QAE@XZ     00436fa0 f i ccClient.obj
 0002:00010fc0       ??0_Iterator_base12@std@@QAE@XZ 00436fc0 f i ccClient.obj
 0002:00011000       ??1?$_Deque_alloc@$0A@U?$_Deque_base_types@V?$basic_string@DU?$char_traits@D@std@@V?$allocator@D@2@@std@@V?$allocator@V?$basic_string@DU?$char_traits@D@std@@V?$allocator@D@2@@std@@@2@@std@@@std@@QAE@XZ 00437000 f i ccClient.obj
 0002:00011040       ??1?$_Deque_const_iterator@V?$_Deque_val@U?$_Deque_simple_types@V?$basic_string@DU?$char_traits@D@std@@V?$allocator@D@2@@std@@@std@@@std@@@std@@QAE@XZ 00437040 f i ccClient.obj
 0002:00011070       ??1?$_Deque_iterator@V?$_Deque_val@U?$_Deque_simple_types@V?$basic_string@DU?$char_traits@D@std@@V?$allocator@D@2@@std@@@std@@@std@@@std@@QAE@XZ 00437070 f i ccClient.obj
 0002:000110a0       ??1?$_Deque_val@U?$_Deque_simple_types@V?$basic_string@DU?$char_traits@D@std@@V?$allocator@D@2@@std@@@std@@@std@@QAE@XZ 004370a0 f i ccClient.obj
 0002:000110e0       ??1?$deque@V?$basic_string@DU?$char_traits@D@std@@V?$allocator@D@2@@std@@V?$allocator@V?$basic_string@DU?$char_traits@D@std@@V?$allocator@D@2@@std@@@2@@std@@QAE@XZ 004370e0 f i ccClient.obj
 0002:00011120       ??1?$queue@V?$basic_string@DU?$char_traits@D@std@@V?$allocator@D@2@@std@@V?$deque@V?$basic_string@DU?$char_traits@D@std@@V?$allocator@D@2@@std@@V?$allocator@V?$basic_string@DU?$char_traits@D@std@@V?$allocator@D@2@@std@@@2@@2@@std@@QAE@XZ 00437120 f i ccClient.obj
 0002:00011150       ??1_Iterator_base12@std@@QAE@XZ 00437150 f i ccClient.obj
 0002:00011200       ??4?$basic_string@DU?$char_traits@D@std@@V?$allocator@D@2@@std@@QAEAAV01@PBD@Z 00437200 f i ccClient.obj
 0002:00011240       ??D?$_Deque_const_iterator@V?$_Deque_val@U?$_Deque_simple_types@V?$basic_string@DU?$char_traits@D@std@@V?$allocator@D@2@@std@@@std@@@std@@@std@@QBEABV?$basic_string@DU?$char_traits@D@std@@V?$allocator@D@2@@1@XZ 00437240 f i ccClient.obj
 0002:000113b0       ??D?$_Deque_iterator@V?$_Deque_val@U?$_Deque_simple_types@V?$basic_string@DU?$char_traits@D@std@@V?$allocator@D@2@@std@@@std@@@std@@@std@@QBEAAV?$basic_string@DU?$char_traits@D@std@@V?$allocator@D@2@@1@XZ 004373b0 f i ccClient.obj
 0002:000113e0       ??_G?$basic_string@DU?$char_traits@D@std@@V?$allocator@D@2@@std@@QAEPAXI@Z 004373e0 f i ccClient.obj
 0002:00011430       ??_EccClient@@UAEPAXI@Z    00437430 f i ccClient.obj
 0002:00011430       ??_GccClient@@UAEPAXI@Z    00437430 f i ccClient.obj
 0002:00011480       ?_Adopt@_Iterator_base12@std@@QAEXPBU_Container_base12@2@@Z 00437480 f i ccClient.obj
 0002:00011630       ?_Alloc_proxy@?$_Deque_alloc@$0A@U?$_Deque_base_types@V?$basic_string@DU?$char_traits@D@std@@V?$allocator@D@2@@std@@V?$allocator@V?$basic_string@DU?$char_traits@D@std@@V?$allocator@D@2@@std@@@2@@std@@@std@@QAEXXZ 00437630 f i ccClient.obj
 0002:000116f0       ?_Clrcont@_Iterator_base12@std@@QAEXXZ 004376f0 f i ccClient.obj
 0002:00011720       ?_Free_proxy@?$_Deque_alloc@$0A@U?$_Deque_base_types@V?$basic_string@DU?$char_traits@D@std@@V?$allocator@D@2@@std@@V?$allocator@V?$basic_string@DU?$char_traits@D@std@@V?$allocator@D@2@@std@@@2@@std@@@std@@QAEXXZ 00437720 f i ccClient.obj
 0002:000117e0       ?_Getal@?$_Deque_alloc@$0A@U?$_Deque_base_types@V?$basic_string@DU?$char_traits@D@std@@V?$allocator@D@2@@std@@V?$allocator@V?$basic_string@DU?$char_traits@D@std@@V?$allocator@D@2@@std@@@2@@std@@@std@@QBE?AU?$_Wrap_alloc@V?$allocator@V?$basic_string@DU?$char_traits@D@std@@V?$allocator@D@2@@std@@@std@@@2@XZ 004377e0 f i ccClient.obj
 0002:00011820       ?_Getblock@?$_Deque_val@U?$_Deque_simple_types@V?$basic_string@DU?$char_traits@D@std@@V?$allocator@D@2@@std@@@std@@@std@@QBEII@Z 00437820 f i ccClient.obj
 0002:00011850       ?_Getcont@_Iterator_base12@std@@QBEPBU_Container_base12@2@XZ 00437850 f i ccClient.obj
 0002:000118a0       ?_Getpnext@_Iterator_base12@std@@QAEPAPAU12@XZ 004378a0 f i ccClient.obj
 0002:000118c0       ?_Growmap@?$deque@V?$basic_string@DU?$char_traits@D@std@@V?$allocator@D@2@@std@@V?$allocator@V?$basic_string@DU?$char_traits@D@std@@V?$allocator@D@2@@std@@@2@@std@@IAEXI@Z 004378c0 f i ccClient.obj
 0002:00011ba0       ?_Orphan_me@_Iterator_base12@std@@QAEXXZ 00437ba0 f i ccClient.obj
 0002:00011c60       ?_Orphan_off@?$deque@V?$basic_string@DU?$char_traits@D@std@@V?$allocator@D@2@@std@@V?$allocator@V?$basic_string@DU?$char_traits@D@std@@V?$allocator@D@2@@std@@@2@@std@@IBEXI@Z 00437c60 f i ccClient.obj
 0002:00011e20       ?_Setcont@?$_Deque_const_iterator@V?$_Deque_val@U?$_Deque_simple_types@V?$basic_string@DU?$char_traits@D@std@@V?$allocator@D@2@@std@@@std@@@std@@@std@@QAEXPBV?$_Deque_val@U?$_Deque_simple_types@V?$basic_string@DU?$char_traits@D@std@@V?$allocator@D@2@@std@@@std@@@2@@Z 00437e20 f i ccClient.obj
 0002:00011e60       ?_Tidy@?$deque@V?$basic_string@DU?$char_traits@D@std@@V?$allocator@D@2@@std@@V?$allocator@V?$basic_string@DU?$char_traits@D@std@@V?$allocator@D@2@@std@@@2@@std@@IAEXXZ 00437e60 f i ccClient.obj
 0002:00011fd0       ?_Xlen@?$deque@V?$basic_string@DU?$char_traits@D@std@@V?$allocator@D@2@@std@@V?$allocator@V?$basic_string@DU?$char_traits@D@std@@V?$allocator@D@2@@std@@@2@@std@@IBEXXZ 00437fd0 f i ccClient.obj
 0002:00012010       ?allocate@?$_Wrap_alloc@V?$allocator@PAV?$basic_string@DU?$char_traits@D@std@@V?$allocator@D@2@@std@@@std@@@std@@QAEPAPAV?$basic_string@DU?$char_traits@D@std@@V?$allocator@D@2@@2@I@Z 00438010 f i ccClient.obj
 0002:00012050       ?allocate@?$_Wrap_alloc@V?$allocator@U_Container_proxy@std@@@std@@@std@@QAEPAU_Container_proxy@2@I@Z 00438050 f i ccClient.obj
 0002:00012090       ?allocate@?$_Wrap_alloc@V?$allocator@V?$basic_string@DU?$char_traits@D@std@@V?$allocator@D@2@@std@@@std@@@std@@QAEPAV?$basic_string@DU?$char_traits@D@std@@V?$allocator@D@2@@2@I@Z 00438090 f i ccClient.obj
 0002:000120d0       ?allocate@?$allocator@PAV?$basic_string@DU?$char_traits@D@std@@V?$allocator@D@2@@std@@@std@@QAEPAPAV?$basic_string@DU?$char_traits@D@std@@V?$allocator@D@2@@2@I@Z 004380d0 f i ccClient.obj
 0002:00012110       ?allocate@?$allocator@V?$basic_string@DU?$char_traits@D@std@@V?$allocator@D@2@@std@@@std@@QAEPAV?$basic_string@DU?$char_traits@D@std@@V?$allocator@D@2@@2@I@Z 00438110 f i ccClient.obj
 0002:00012150       ?begin@?$deque@V?$basic_string@DU?$char_traits@D@std@@V?$allocator@D@2@@std@@V?$allocator@V?$basic_string@DU?$char_traits@D@std@@V?$allocator@D@2@@std@@@2@@std@@QAE?AV?$_Deque_iterator@V?$_Deque_val@U?$_Deque_simple_types@V?$basic_string@DU?$char_traits@D@std@@V?$allocator@D@2@@std@@@std@@@std@@@2@XZ 00438150 f i ccClient.obj
 0002:000121a0       ?construct@?$allocator@V?$basic_string@DU?$char_traits@D@std@@V?$allocator@D@2@@std@@@std@@QAEXPAV?$basic_string@DU?$char_traits@D@std@@V?$allocator@D@2@@2@ABV32@@Z 004381a0 f i ccClient.obj
 0002:00012260       ?deallocate@?$_Wrap_alloc@V?$allocator@PAV?$basic_string@DU?$char_traits@D@std@@V?$allocator@D@2@@std@@@std@@@std@@QAEXPAPAV?$basic_string@DU?$char_traits@D@std@@V?$allocator@D@2@@2@I@Z 00438260 f i ccClient.obj
 0002:000122a0       ?deallocate@?$_Wrap_alloc@V?$allocator@U_Container_proxy@std@@@std@@@std@@QAEXPAU_Container_proxy@2@I@Z 004382a0 f i ccClient.obj
 0002:000122e0       ?deallocate@?$_Wrap_alloc@V?$allocator@V?$basic_string@DU?$char_traits@D@std@@V?$allocator@D@2@@std@@@std@@@std@@QAEXPAV?$basic_string@DU?$char_traits@D@std@@V?$allocator@D@2@@2@I@Z 004382e0 f i ccClient.obj
 0002:00012320       ?deallocate@?$allocator@PAV?$basic_string@DU?$char_traits@D@std@@V?$allocator@D@2@@std@@@std@@QAEXPAPAV?$basic_string@DU?$char_traits@D@std@@V?$allocator@D@2@@2@I@Z 00438320 f i ccClient.obj
 0002:00012360       ?deallocate@?$allocator@V?$basic_string@DU?$char_traits@D@std@@V?$allocator@D@2@@std@@@std@@QAEXPAV?$basic_string@DU?$char_traits@D@std@@V?$allocator@D@2@@2@I@Z 00438360 f i ccClient.obj
 0002:000123a0       ?empty@?$deque@V?$basic_string@DU?$char_traits@D@std@@V?$allocator@D@2@@std@@V?$allocator@V?$basic_string@DU?$char_traits@D@std@@V?$allocator@D@2@@std@@@2@@std@@QBE_NXZ 004383a0 f i ccClient.obj
 0002:000123f0       ?front@?$deque@V?$basic_string@DU?$char_traits@D@std@@V?$allocator@D@2@@std@@V?$allocator@V?$basic_string@DU?$char_traits@D@std@@V?$allocator@D@2@@std@@@2@@std@@QAEAAV?$basic_string@DU?$char_traits@D@std@@V?$allocator@D@2@@2@XZ 004383f0 f i ccClient.obj
 0002:000124b0       ?front@?$queue@V?$basic_string@DU?$char_traits@D@std@@V?$allocator@D@2@@std@@V?$deque@V?$basic_string@DU?$char_traits@D@std@@V?$allocator@D@2@@std@@V?$allocator@V?$basic_string@DU?$char_traits@D@std@@V?$allocator@D@2@@std@@@2@@2@@std@@QAEAAV?$basic_string@DU?$char_traits@D@std@@V?$allocator@D@2@@2@XZ 004384b0 f i ccClient.obj
 0002:000124e0       ?max_size@?$_Wrap_alloc@V?$allocator@V?$basic_string@DU?$char_traits@D@std@@V?$allocator@D@2@@std@@@std@@@std@@QBEIXZ 004384e0 f i ccClient.obj
 0002:00012520       ?max_size@?$allocator@V?$basic_string@DU?$char_traits@D@std@@V?$allocator@D@2@@std@@@std@@QBEIXZ 00438520 f i ccClient.obj
 0002:00012540       ?max_size@?$allocator_traits@V?$allocator@V?$basic_string@DU?$char_traits@D@std@@V?$allocator@D@2@@std@@@std@@@std@@SAIABV?$allocator@V?$basic_string@DU?$char_traits@D@std@@V?$allocator@D@2@@std@@@2@@Z 00438540 f i ccClient.obj
 0002:00012560       ?max_size@?$deque@V?$basic_string@DU?$char_traits@D@std@@V?$allocator@D@2@@std@@V?$allocator@V?$basic_string@DU?$char_traits@D@std@@V?$allocator@D@2@@std@@@2@@std@@QBEIXZ 00438560 f i ccClient.obj
 0002:000125b0       ?pop@?$queue@V?$basic_string@DU?$char_traits@D@std@@V?$allocator@D@2@@std@@V?$deque@V?$basic_string@DU?$char_traits@D@std@@V?$allocator@D@2@@std@@V?$allocator@V?$basic_string@DU?$char_traits@D@std@@V?$allocator@D@2@@std@@@2@@2@@std@@QAEXXZ 004385b0 f i ccClient.obj
 0002:000125e0       ?pop_back@?$deque@V?$basic_string@DU?$char_traits@D@std@@V?$allocator@D@2@@std@@V?$allocator@V?$basic_string@DU?$char_traits@D@std@@V?$allocator@D@2@@std@@@2@@std@@QAEXXZ 004385e0 f i ccClient.obj
 0002:00012700       ?pop_front@?$deque@V?$basic_string@DU?$char_traits@D@std@@V?$allocator@D@2@@std@@V?$allocator@V?$basic_string@DU?$char_traits@D@std@@V?$allocator@D@2@@std@@@2@@std@@QAEXXZ 00438700 f i ccClient.obj
 0002:00012830       ?push@?$queue@V?$basic_string@DU?$char_traits@D@std@@V?$allocator@D@2@@std@@V?$deque@V?$basic_string@DU?$char_traits@D@std@@V?$allocator@D@2@@std@@V?$allocator@V?$basic_string@DU?$char_traits@D@std@@V?$allocator@D@2@@std@@@2@@2@@std@@QAEX$$QAV?$basic_string@DU?$char_traits@D@std@@V?$allocator@D@2@@2@@Z 00438830 f i ccClient.obj
 0002:00012870       ?push@?$queue@V?$basic_string@DU?$char_traits@D@std@@V?$allocator@D@2@@std@@V?$deque@V?$basic_string@DU?$char_traits@D@std@@V?$allocator@D@2@@std@@V?$allocator@V?$basic_string@DU?$char_traits@D@std@@V?$allocator@D@2@@std@@@2@@2@@std@@QAEXABV?$basic_string@DU?$char_traits@D@std@@V?$allocator@D@2@@2@@Z 00438870 f i ccClient.obj
 0002:000128b0       ?push_back@?$deque@V?$basic_string@DU?$char_traits@D@std@@V?$allocator@D@2@@std@@V?$allocator@V?$basic_string@DU?$char_traits@D@std@@V?$allocator@D@2@@std@@@2@@std@@QAEX$$QAV?$basic_string@DU?$char_traits@D@std@@V?$allocator@D@2@@2@@Z 004388b0 f i ccClient.obj
 0002:00012a20       ?push_back@?$deque@V?$basic_string@DU?$char_traits@D@std@@V?$allocator@D@2@@std@@V?$allocator@V?$basic_string@DU?$char_traits@D@std@@V?$allocator@D@2@@std@@@2@@std@@QAEXABV?$basic_string@DU?$char_traits@D@std@@V?$allocator@D@2@@2@@Z 00438a20 f i ccClient.obj
 0002:00012b80       ?size@?$deque@V?$basic_string@DU?$char_traits@D@std@@V?$allocator@D@2@@std@@V?$allocator@V?$basic_string@DU?$char_traits@D@std@@V?$allocator@D@2@@std@@@2@@std@@QBEIXZ 00438b80 f i ccClient.obj
 0002:00012ba0       ?size@?$queue@V?$basic_string@DU?$char_traits@D@std@@V?$allocator@D@2@@std@@V?$deque@V?$basic_string@DU?$char_traits@D@std@@V?$allocator@D@2@@std@@V?$allocator@V?$basic_string@DU?$char_traits@D@std@@V?$allocator@D@2@@std@@@2@@2@@std@@QBEIXZ 00438ba0 f i ccClient.obj
 0002:00012bd0       ?readConfigSection@ccConfig@@SAXABV?$basic_string@DU?$char_traits@D@std@@V?$allocator@D@2@@std@@0AAV?$map@V?$basic_string@DU?$char_traits@D@std@@V?$allocator@D@2@@std@@V12@U?$less@V?$basic_string@DU?$char_traits@D@std@@V?$allocator@D@2@@std@@@2@V?$allocator@U?$pair@$$CBV?$basic_string@DU?$char_traits@D@std@@V?$allocator@D@2@@std@@V12@@std@@@2@@3@@Z 00438bd0 f   ccConfig.obj
 0002:00012dc0       ?readConfigSectionRoot@ccConfig@@SAXABV?$basic_string@DU?$char_traits@D@std@@V?$allocator@D@2@@std@@0AAV?$map@V?$basic_string@DU?$char_traits@D@std@@V?$allocator@D@2@@std@@V12@U?$less@V?$basic_string@DU?$char_traits@D@std@@V?$allocator@D@2@@std@@@2@V?$allocator@U?$pair@$$CBV?$basic_string@DU?$char_traits@D@std@@V?$allocator@D@2@@std@@V12@@std@@@2@@3@@Z 00438dc0 f   ccConfig.obj
 0002:00012ec0       ?readConfigSection@ccConfig@@SAXHABV?$basic_string@DU?$char_traits@D@std@@V?$allocator@D@2@@std@@AAV?$map@V?$basic_string@DU?$char_traits@D@std@@V?$allocator@D@2@@std@@V12@U?$less@V?$basic_string@DU?$char_traits@D@std@@V?$allocator@D@2@@std@@@2@V?$allocator@U?$pair@$$CBV?$basic_string@DU?$char_traits@D@std@@V?$allocator@D@2@@std@@V12@@std@@@2@@3@@Z 00438ec0 f   ccConfig.obj
 0002:00013030       ?deleteKeysFromSectionRoot@ccConfig@@SAXABV?$basic_string@DU?$char_traits@D@std@@V?$allocator@D@2@@std@@00@Z 00439030 f   ccConfig.obj
 0002:000132a0       ?writeConfigSection@ccConfig@@SAXABV?$basic_string@DU?$char_traits@D@std@@V?$allocator@D@2@@std@@0ABV?$map@V?$basic_string@DU?$char_traits@D@std@@V?$allocator@D@2@@std@@V12@U?$less@V?$basic_string@DU?$char_traits@D@std@@V?$allocator@D@2@@std@@@2@V?$allocator@U?$pair@$$CBV?$basic_string@DU?$char_traits@D@std@@V?$allocator@D@2@@std@@V12@@std@@@2@@3@@Z 004392a0 f   ccConfig.obj
 0002:00013490       ?writeConfigSectionRoot@ccConfig@@SAXABV?$basic_string@DU?$char_traits@D@std@@V?$allocator@D@2@@std@@0ABV?$map@V?$basic_string@DU?$char_traits@D@std@@V?$allocator@D@2@@std@@V12@U?$less@V?$basic_string@DU?$char_traits@D@std@@V?$allocator@D@2@@std@@@2@V?$allocator@U?$pair@$$CBV?$basic_string@DU?$char_traits@D@std@@V?$allocator@D@2@@std@@V12@@std@@@2@@3@@Z 00439490 f   ccConfig.obj
 0002:00013590       ?writeConfigSection@ccConfig@@SAXHABV?$basic_string@DU?$char_traits@D@std@@V?$allocator@D@2@@std@@ABV?$map@V?$basic_string@DU?$char_traits@D@std@@V?$allocator@D@2@@std@@V12@U?$less@V?$basic_string@DU?$char_traits@D@std@@V?$allocator@D@2@@std@@@2@V?$allocator@U?$pair@$$CBV?$basic_string@DU?$char_traits@D@std@@V?$allocator@D@2@@std@@V12@@std@@@2@@3@@Z 00439590 f   ccConfig.obj
 0002:00013700       ?getString@ccConfig@@SA?AV?$basic_string@DU?$char_traits@D@std@@V?$allocator@D@2@@std@@ABV23@000_N@Z 00439700 f   ccConfig.obj
 0002:00013910       ?getString@ccConfig@@SA?AV?$basic_string@DU?$char_traits@D@std@@V?$allocator@D@2@@std@@HABV23@00_N@Z 00439910 f   ccConfig.obj
 0002:00013b20       ?setString@ccConfig@@SAXABV?$basic_string@DU?$char_traits@D@std@@V?$allocator@D@2@@std@@000@Z 00439b20 f   ccConfig.obj
 0002:00013c60       ?setString@ccConfig@@SAXHABV?$basic_string@DU?$char_traits@D@std@@V?$allocator@D@2@@std@@00@Z 00439c60 f   ccConfig.obj
 0002:00013dc0       ?getInt@ccConfig@@SAHABV?$basic_string@DU?$char_traits@D@std@@V?$allocator@D@2@@std@@00H_N@Z 00439dc0 f   ccConfig.obj
 0002:00013fa0       ?getInt@ccConfig@@SAHHABV?$basic_string@DU?$char_traits@D@std@@V?$allocator@D@2@@std@@0H_N@Z 00439fa0 f   ccConfig.obj
 0002:00014190       ?getDevPath@ccConfig@@SA?AV?$basic_string@DU?$char_traits@D@std@@V?$allocator@D@2@@std@@XZ 0043a190 f   ccConfig.obj
 0002:000143d0       ?getSystem@ccConfig@@SA?AV?$basic_string@DU?$char_traits@D@std@@V?$allocator@D@2@@std@@XZ 0043a3d0 f   ccConfig.obj
 0002:00014510       ?getDevPath@ccConfig@@SA?AV?$basic_string@DU?$char_traits@D@std@@V?$allocator@D@2@@std@@H@Z 0043a510 f   ccConfig.obj
 0002:00014670       ?getDevPath@ccConfig@@SA?AV?$basic_string@DU?$char_traits@D@std@@V?$allocator@D@2@@std@@ABV23@@Z 0043a670 f   ccConfig.obj
 0002:00014770       ?isV4Based@ccConfig@@SA_NXZ 0043a770 f   ccConfig.obj
 0002:00014800       ?isV3Based@ccConfig@@SA_NXZ 0043a800 f   ccConfig.obj
 0002:000148d0       ?workstation@ccConfig@@SAHXZ 0043a8d0 f   ccConfig.obj
 0002:00014b40       ?sectionsAbs@ccConfig@@SAXABV?$basic_string@DU?$char_traits@D@std@@V?$allocator@D@2@@std@@AAV?$list@V?$basic_string@DU?$char_traits@D@std@@V?$allocator@D@2@@std@@V?$allocator@V?$basic_string@DU?$char_traits@D@std@@V?$allocator@D@2@@std@@@2@@3@@Z 0043ab40 f   ccConfig.obj
 0002:00014d50       ?sections@ccConfig@@SAXABV?$basic_string@DU?$char_traits@D@std@@V?$allocator@D@2@@std@@AAV?$list@V?$basic_string@DU?$char_traits@D@std@@V?$allocator@D@2@@std@@V?$allocator@V?$basic_string@DU?$char_traits@D@std@@V?$allocator@D@2@@std@@@2@@3@@Z 0043ad50 f   ccConfig.obj
 0002:00014f40       ?sectionsRoot@ccConfig@@SAXABV?$basic_string@DU?$char_traits@D@std@@V?$allocator@D@2@@std@@AAV?$list@V?$basic_string@DU?$char_traits@D@std@@V?$allocator@D@2@@std@@V?$allocator@V?$basic_string@DU?$char_traits@D@std@@V?$allocator@D@2@@std@@@2@@3@@Z 0043af40 f   ccConfig.obj
 0002:00015040       ?sections@ccConfig@@SAXHAAV?$list@V?$basic_string@DU?$char_traits@D@std@@V?$allocator@D@2@@std@@V?$allocator@V?$basic_string@DU?$char_traits@D@std@@V?$allocator@D@2@@std@@@2@@std@@@Z 0043b040 f   ccConfig.obj
 0002:000151b0       ?deleteSectionRoot@ccConfig@@SAXABV?$basic_string@DU?$char_traits@D@std@@V?$allocator@D@2@@std@@0@Z 0043b1b0 f   ccConfig.obj
 0002:000152b0       ??0ccConfig@@QAE@XZ        0043b2b0 f   ccConfig.obj
 0002:00015340       ??0ccConfig@@QAE@ABV?$basic_string@DU?$char_traits@D@std@@V?$allocator@D@2@@std@@0@Z 0043b340 f   ccConfig.obj
 0002:00015440       ??0ccConfig@@QAE@HABV?$basic_string@DU?$char_traits@D@std@@V?$allocator@D@2@@std@@@Z 0043b440 f   ccConfig.obj
 0002:00015540       ??1ccConfig@@UAE@XZ        0043b540 f   ccConfig.obj
 0002:00015590       ?getString@ccConfig@@QAE?AV?$basic_string@DU?$char_traits@D@std@@V?$allocator@D@2@@std@@ABV23@0_N@Z 0043b590 f   ccConfig.obj
 0002:00015720       ?setString@ccConfig@@QAEXABV?$basic_string@DU?$char_traits@D@std@@V?$allocator@D@2@@std@@0@Z 0043b720 f   ccConfig.obj
 0002:00015860       ?getInt@ccConfig@@QAEHABV?$basic_string@DU?$char_traits@D@std@@V?$allocator@D@2@@std@@H_N@Z 0043b860 f   ccConfig.obj
 0002:00015a40       ?developerMode@ccConfig@@SA_NXZ 0043ba40 f   ccConfig.obj
 0002:00015ac0       ?getLogPath@ccConfig@@SA?AV?$basic_string@DU?$char_traits@D@std@@V?$allocator@D@2@@std@@ABV23@0@Z 0043bac0 f   ccConfig.obj
 0002:00015c90       ?readConfigSectionAbs@ccConfig@@CAXABV?$basic_string@DU?$char_traits@D@std@@V?$allocator@D@2@@std@@0AAV?$map@V?$basic_string@DU?$char_traits@D@std@@V?$allocator@D@2@@std@@V12@U?$less@V?$basic_string@DU?$char_traits@D@std@@V?$allocator@D@2@@std@@@2@V?$allocator@U?$pair@$$CBV?$basic_string@DU?$char_traits@D@std@@V?$allocator@D@2@@std@@V12@@std@@@2@@3@@Z 0043bc90 f   ccConfig.obj
 0002:00016080       ?writeConfigSectionAbs@ccConfig@@CAXABV?$basic_string@DU?$char_traits@D@std@@V?$allocator@D@2@@std@@0ABV?$map@V?$basic_string@DU?$char_traits@D@std@@V?$allocator@D@2@@std@@V12@U?$less@V?$basic_string@DU?$char_traits@D@std@@V?$allocator@D@2@@std@@@2@V?$allocator@U?$pair@$$CBV?$basic_string@DU?$char_traits@D@std@@V?$allocator@D@2@@std@@V12@@std@@@2@@3@@Z 0043c080 f   ccConfig.obj
 0002:00016670       ?buftolower@ccConfig@@CAPADPAD@Z 0043c670 f   ccConfig.obj
 0002:00016700       ?strtolower@ccConfig@@CA?AV?$basic_string@DU?$char_traits@D@std@@V?$allocator@D@2@@std@@ABV23@@Z 0043c700 f   ccConfig.obj
 0002:00016820       ?find@ccConfig@@AAE?AV?$_Tree_iterator@V?$_Tree_val@U?$_Tree_simple_types@U?$pair@$$CBV?$basic_string@DU?$char_traits@D@std@@V?$allocator@D@2@@std@@V12@@std@@@std@@@std@@@std@@ABV?$basic_string@DU?$char_traits@D@std@@V?$allocator@D@2@@3@@Z 0043c820 f   ccConfig.obj
 0002:000179f0       ??$?0AAV?$_Tree_iterator@V?$_Tree_val@U?$_Tree_simple_types@U?$pair@$$CBV?$basic_string@DU?$char_traits@D@std@@V?$allocator@D@2@@std@@V12@@std@@@std@@@std@@@std@@_NX@?$pair@V?$_Tree_iterator@V?$_Tree_val@U?$_Tree_simple_types@U?$pair@$$CBV?$basic_string@DU?$char_traits@D@std@@V?$allocator@D@2@@std@@V12@@std@@@std@@@std@@@std@@_N@std@@QAE@AAV?$_Tree_iterator@V?$_Tree_val@U?$_Tree_simple_types@U?$pair@$$CBV?$basic_string@DU?$char_traits@D@std@@V?$allocator@D@2@@std@@V12@@std@@@std@@@std@@@1@$$QA_N@Z 0043d9f0 f i ccConfig.obj
 0002:00017aa0       ??$?0AAV?$basic_string@DU?$char_traits@D@std@@V?$allocator@D@2@@std@@AAV01@X@?$pair@V?$basic_string@DU?$char_traits@D@std@@V?$allocator@D@2@@std@@V12@@std@@QAE@AAV?$basic_string@DU?$char_traits@D@std@@V?$allocator@D@2@@1@0@Z 0043daa0 f i ccConfig.obj
 0002:00017b50       ??$?0U?$_Tree_node@U?$pair@$$CBV?$basic_string@DU?$char_traits@D@std@@V?$allocator@D@2@@std@@V12@@std@@PAX@std@@@?$allocator@U_Container_proxy@std@@@std@@QAE@ABV?$allocator@U?$_Tree_node@U?$pair@$$CBV?$basic_string@DU?$char_traits@D@std@@V?$allocator@D@2@@std@@V12@@std@@PAX@std@@@1@@Z 0043db50 f i ccConfig.obj
 0002:00017b70       ??$?0U?$_Wrap_alloc@V?$allocator@U?$_Tree_node@U?$pair@$$CBV?$basic_string@DU?$char_traits@D@std@@V?$allocator@D@2@@std@@V12@@std@@PAX@std@@@std@@@std@@@?$_Wrap_alloc@V?$allocator@U_Container_proxy@std@@@std@@@std@@QAE@ABU?$_Wrap_alloc@V?$allocator@U?$_Tree_node@U?$pair@$$CBV?$basic_string@DU?$char_traits@D@std@@V?$allocator@D@2@@std@@V12@@std@@PAX@std@@@std@@@1@@Z 0043db70 f i ccConfig.obj
 0002:00017bb0       ??$?0V?$_Tree_iterator@V?$_Tree_val@U?$_Tree_simple_types@U?$pair@$$CBV?$basic_string@DU?$char_traits@D@std@@V?$allocator@D@2@@std@@V12@@std@@@std@@@std@@@std@@_NX@?$pair@V?$_Tree_iterator@V?$_Tree_val@U?$_Tree_simple_types@U?$pair@$$CBV?$basic_string@DU?$char_traits@D@std@@V?$allocator@D@2@@std@@V12@@std@@@std@@@std@@@std@@_N@std@@QAE@$$QAV?$_Tree_iterator@V?$_Tree_val@U?$_Tree_simple_types@U?$pair@$$CBV?$basic_string@DU?$char_traits@D@std@@V?$allocator@D@2@@std@@V12@@std@@@std@@@std@@@1@$$QA_N@Z 0043dbb0 f i ccConfig.obj
 0002:00017c60       ??$?0V?$basic_string@DU?$char_traits@D@std@@V?$allocator@D@2@@std@@V01@X@?$pair@$$CBV?$basic_string@DU?$char_traits@D@std@@V?$allocator@D@2@@std@@V12@@std@@QAE@$$QAU?$pair@V?$basic_string@DU?$char_traits@D@std@@V?$allocator@D@2@@std@@V12@@1@@Z 0043dc60 f i ccConfig.obj
 0002:00017d10       ??$?8DU?$char_traits@D@std@@V?$allocator@D@1@@std@@YA_NABV?$basic_string@DU?$char_traits@D@std@@V?$allocator@D@2@@0@0@Z 0043dd10 f i ccConfig.obj
 0002:00017d60       ??$?8DU?$char_traits@D@std@@V?$allocator@D@1@@std@@YA_NABV?$basic_string@DU?$char_traits@D@std@@V?$allocator@D@2@@0@PBD@Z 0043dd60 f i ccConfig.obj
 0002:00017db0       ??$?MDU?$char_traits@D@std@@V?$allocator@D@1@@std@@YA_NABV?$basic_string@DU?$char_traits@D@std@@V?$allocator@D@2@@0@0@Z 0043ddb0 f i ccConfig.obj
 0002:00017e00       ??$_Allocate@U?$_List_node@V?$basic_string@DU?$char_traits@D@std@@V?$allocator@D@2@@std@@PAX@std@@@std@@YAPAU?$_List_node@V?$basic_string@DU?$char_traits@D@std@@V?$allocator@D@2@@std@@PAX@0@IPAU10@@Z 0043de00 f i ccConfig.obj
 0002:00017e80       ??$_Allocate@U?$_Tree_node@U?$pair@$$CBV?$basic_string@DU?$char_traits@D@std@@V?$allocator@D@2@@std@@V12@@std@@PAX@std@@@std@@YAPAU?$_Tree_node@U?$pair@$$CBV?$basic_string@DU?$char_traits@D@std@@V?$allocator@D@2@@std@@V12@@std@@PAX@0@IPAU10@@Z 0043de80 f i ccConfig.obj
 0002:00017f00       ??$_Buynode@U?$pair@V?$basic_string@DU?$char_traits@D@std@@V?$allocator@D@2@@std@@V12@@std@@@?$_Tree_buy@U?$pair@$$CBV?$basic_string@DU?$char_traits@D@std@@V?$allocator@D@2@@std@@V12@@std@@V?$allocator@U?$pair@$$CBV?$basic_string@DU?$char_traits@D@std@@V?$allocator@D@2@@std@@V12@@std@@@2@@std@@QAEPAU?$_Tree_node@U?$pair@$$CBV?$basic_string@DU?$char_traits@D@std@@V?$allocator@D@2@@std@@V12@@std@@PAX@1@$$QAU?$pair@V?$basic_string@DU?$char_traits@D@std@@V?$allocator@D@2@@std@@V12@@1@@Z 0043df00 f i ccConfig.obj
 0002:00018050       ??$_Buynode@V?$basic_string@DU?$char_traits@D@std@@V?$allocator@D@2@@std@@@?$_List_buy@V?$basic_string@DU?$char_traits@D@std@@V?$allocator@D@2@@std@@V?$allocator@V?$basic_string@DU?$char_traits@D@std@@V?$allocator@D@2@@std@@@2@@std@@QAEPAU?$_List_node@V?$basic_string@DU?$char_traits@D@std@@V?$allocator@D@2@@std@@PAX@1@PAU21@0$$QAV?$basic_string@DU?$char_traits@D@std@@V?$allocator@D@2@@1@@Z 0043e050 f i ccConfig.obj
 0002:000181a0       ??$_Buynode_if_nil@AAU?$pair@$$CBV?$basic_string@DU?$char_traits@D@std@@V?$allocator@D@2@@std@@V12@@std@@@?$_Tree@V?$_Tmap_traits@V?$basic_string@DU?$char_traits@D@std@@V?$allocator@D@2@@std@@V12@U?$less@V?$basic_string@DU?$char_traits@D@std@@V?$allocator@D@2@@std@@@2@V?$allocator@U?$pair@$$CBV?$basic_string@DU?$char_traits@D@std@@V?$allocator@D@2@@std@@V12@@std@@@2@$0A@@std@@@std@@IAEPAU?$_Tree_node@U?$pair@$$CBV?$basic_string@DU?$char_traits@D@std@@V?$allocator@D@2@@std@@V12@@std@@PAX@1@PAU21@AAU?$pair@$$CBV?$basic_string@DU?$char_traits@D@std@@V?$allocator@D@2@@std@@V12@@1@@Z 0043e1a0 f i ccConfig.obj
 0002:000181c0       ??$_Debug_lt_pred@U?$less@V?$basic_string@DU?$char_traits@D@std@@V?$allocator@D@2@@std@@@std@@ABV?$basic_string@DU?$char_traits@D@std@@V?$allocator@D@2@@2@ABV32@@std@@YA_NU?$less@V?$basic_string@DU?$char_traits@D@std@@V?$allocator@D@2@@std@@@0@ABV?$basic_string@DU?$char_traits@D@std@@V?$allocator@D@2@@0@1PB_WI@Z 0043e1c0 f i ccConfig.obj
 0002:00018270       ??$_Insert@V?$basic_string@DU?$char_traits@D@std@@V?$allocator@D@2@@std@@@?$list@V?$basic_string@DU?$char_traits@D@std@@V?$allocator@D@2@@std@@V?$allocator@V?$basic_string@DU?$char_traits@D@std@@V?$allocator@D@2@@std@@@2@@std@@QAEXV?$_List_unchecked_const_iterator@V?$_List_val@U?$_List_simple_types@V?$basic_string@DU?$char_traits@D@std@@V?$allocator@D@2@@std@@@std@@@std@@U_Iterator_base0@2@@1@$$QAV?$basic_string@DU?$char_traits@D@std@@V?$allocator@D@2@@1@@Z 0043e270 f i ccConfig.obj
 0002:00018340       ??$_Insert_at@AAU?$pair@$$CBV?$basic_string@DU?$char_traits@D@std@@V?$allocator@D@2@@std@@V12@@std@@PAU?$_Tree_node@U?$pair@$$CBV?$basic_string@DU?$char_traits@D@std@@V?$allocator@D@2@@std@@V12@@std@@PAX@2@@?$_Tree@V?$_Tmap_traits@V?$basic_string@DU?$char_traits@D@std@@V?$allocator@D@2@@std@@V12@U?$less@V?$basic_string@DU?$char_traits@D@std@@V?$allocator@D@2@@std@@@2@V?$allocator@U?$pair@$$CBV?$basic_string@DU?$char_traits@D@std@@V?$allocator@D@2@@std@@V12@@std@@@2@$0A@@std@@@std@@IAE?AV?$_Tree_iterator@V?$_Tree_val@U?$_Tree_simple_types@U?$pair@$$CBV?$basic_string@DU?$char_traits@D@std@@V?$allocator@D@2@@std@@V12@@std@@@std@@@std@@@1@_NPAU?$_Tree_node@U?$pair@$$CBV?$basic_string@DU?$char_traits@D@std@@V?$allocator@D@2@@std@@V12@@std@@PAX@1@AAU?$pair@$$CBV?$basic_string@DU?$char_traits@D@std@@V?$allocator@D@2@@std@@V12@@1@1@Z 0043e340 f i ccConfig.obj
 0002:000188b0       ??$_Insert_nohint@AAU?$pair@$$CBV?$basic_string@DU?$char_traits@D@std@@V?$allocator@D@2@@std@@V12@@std@@PAU?$_Tree_node@U?$pair@$$CBV?$basic_string@DU?$char_traits@D@std@@V?$allocator@D@2@@std@@V12@@std@@PAX@2@@?$_Tree@V?$_Tmap_traits@V?$basic_string@DU?$char_traits@D@std@@V?$allocator@D@2@@std@@V12@U?$less@V?$basic_string@DU?$char_traits@D@std@@V?$allocator@D@2@@std@@@2@V?$allocator@U?$pair@$$CBV?$basic_string@DU?$char_traits@D@std@@V?$allocator@D@2@@std@@V12@@std@@@2@$0A@@std@@@std@@IAE?AU?$pair@V?$_Tree_iterator@V?$_Tree_val@U?$_Tree_simple_types@U?$pair@$$CBV?$basic_string@DU?$char_traits@D@std@@V?$allocator@D@2@@std@@V12@@std@@@std@@@std@@@std@@_N@1@_NAAU?$pair@$$CBV?$basic_string@DU?$char_traits@D@std@@V?$allocator@D@2@@std@@V12@@1@PAU?$_Tree_node@U?$pair@$$CBV?$basic_string@DU?$char_traits@D@std@@V?$allocator@D@2@@std@@V12@@std@@PAX@1@@Z 0043e8b0 f i ccConfig.obj
 0002:00018f70       ??$_Kfn@$$CBV?$basic_string@DU?$char_traits@D@std@@V?$allocator@D@2@@std@@V12@@?$_Tmap_traits@V?$basic_string@DU?$char_traits@D@std@@V?$allocator@D@2@@std@@V12@U?$less@V?$basic_string@DU?$char_traits@D@std@@V?$allocator@D@2@@std@@@2@V?$allocator@U?$pair@$$CBV?$basic_string@DU?$char_traits@D@std@@V?$allocator@D@2@@std@@V12@@std@@@2@$0A@@std@@SAABV?$basic_string@DU?$char_traits@D@std@@V?$allocator@D@2@@1@ABU?$pair@$$CBV?$basic_string@DU?$char_traits@D@std@@V?$allocator@D@2@@std@@V12@@1@@Z 0043ef70 f i ccConfig.obj
 0002:00018f80       ??$_Move@AAD@std@@YA$$QADAAD@Z 0043ef80 f i ccConfig.obj
 0002:00018f90       ??$addressof@$$CBU?$pair@$$CBV?$basic_string@DU?$char_traits@D@std@@V?$allocator@D@2@@std@@V12@@std@@@std@@YAPBU?$pair@$$CBV?$basic_string@DU?$char_traits@D@std@@V?$allocator@D@2@@std@@V12@@0@ABU10@@Z 0043ef90 f i ccConfig.obj
 0002:00018fa0       ??$addressof@PAU?$_List_node@V?$basic_string@DU?$char_traits@D@std@@V?$allocator@D@2@@std@@PAX@std@@@std@@YAPAPAU?$_List_node@V?$basic_string@DU?$char_traits@D@std@@V?$allocator@D@2@@std@@PAX@0@AAPAU10@@Z 0043efa0 f i ccConfig.obj
 0002:00018fb0       ??$addressof@PAU?$_Tree_node@U?$pair@$$CBV?$basic_string@DU?$char_traits@D@std@@V?$allocator@D@2@@std@@V12@@std@@PAX@std@@@std@@YAPAPAU?$_Tree_node@U?$pair@$$CBV?$basic_string@DU?$char_traits@D@std@@V?$allocator@D@2@@std@@V12@@std@@PAX@0@AAPAU10@@Z 0043efb0 f i ccConfig.obj
 0002:00018fc0       ??$addressof@U?$pair@$$CBV?$basic_string@DU?$char_traits@D@std@@V?$allocator@D@2@@std@@V12@@std@@@std@@YAPAU?$pair@$$CBV?$basic_string@DU?$char_traits@D@std@@V?$allocator@D@2@@std@@V12@@0@AAU10@@Z 0043efc0 f i ccConfig.obj
 0002:00018fd0       ??$addressof@V?$basic_string@DU?$char_traits@D@std@@V?$allocator@D@2@@std@@@std@@YAPAV?$basic_string@DU?$char_traits@D@std@@V?$allocator@D@2@@0@AAV10@@Z 0043efd0 f i ccConfig.obj
 0002:00018fe0       ??$assign@V?$_String_iterator@V?$_String_val@U?$_Simple_types@D@std@@@std@@@std@@@?$basic_string@DU?$char_traits@D@std@@V?$allocator@D@2@@std@@QAEAAV01@V?$_String_iterator@V?$_String_val@U?$_Simple_types@D@std@@@std@@@1@0@Z 0043efe0 f i ccConfig.obj
 0002:00019180       ??$construct@PAU?$_List_node@V?$basic_string@DU?$char_traits@D@std@@V?$allocator@D@2@@std@@PAX@std@@AAPAU12@@?$_Wrap_alloc@V?$allocator@U?$_List_node@V?$basic_string@DU?$char_traits@D@std@@V?$allocator@D@2@@std@@PAX@std@@@std@@@std@@QAEXPAPAU?$_List_node@V?$basic_string@DU?$char_traits@D@std@@V?$allocator@D@2@@std@@PAX@1@AAPAU21@@Z 0043f180 f i ccConfig.obj
 0002:000191d0       ??$construct@PAU?$_List_node@V?$basic_string@DU?$char_traits@D@std@@V?$allocator@D@2@@std@@PAX@std@@AAPAU12@@?$allocator@U?$_List_node@V?$basic_string@DU?$char_traits@D@std@@V?$allocator@D@2@@std@@PAX@std@@@std@@QAEXPAPAU?$_List_node@V?$basic_string@DU?$char_traits@D@std@@V?$allocator@D@2@@std@@PAX@1@AAPAU21@@Z 0043f1d0 f i ccConfig.obj
 0002:000192a0       ??$construct@PAU?$_List_node@V?$basic_string@DU?$char_traits@D@std@@V?$allocator@D@2@@std@@PAX@std@@AAPAU12@@?$allocator_traits@V?$allocator@U?$_List_node@V?$basic_string@DU?$char_traits@D@std@@V?$allocator@D@2@@std@@PAX@std@@@std@@@std@@SAXAAV?$allocator@U?$_List_node@V?$basic_string@DU?$char_traits@D@std@@V?$allocator@D@2@@std@@PAX@std@@@1@PAPAU?$_List_node@V?$basic_string@DU?$char_traits@D@std@@V?$allocator@D@2@@std@@PAX@1@AAPAU31@@Z 0043f2a0 f i ccConfig.obj
 0002:000192d0       ??$construct@PAU?$_Tree_node@U?$pair@$$CBV?$basic_string@DU?$char_traits@D@std@@V?$allocator@D@2@@std@@V12@@std@@PAX@std@@AAPAU12@@?$_Wrap_alloc@V?$allocator@U?$_Tree_node@U?$pair@$$CBV?$basic_string@DU?$char_traits@D@std@@V?$allocator@D@2@@std@@V12@@std@@PAX@std@@@std@@@std@@QAEXPAPAU?$_Tree_node@U?$pair@$$CBV?$basic_string@DU?$char_traits@D@std@@V?$allocator@D@2@@std@@V12@@std@@PAX@1@AAPAU21@@Z 0043f2d0 f i ccConfig.obj
 0002:00019320       ??$construct@PAU?$_Tree_node@U?$pair@$$CBV?$basic_string@DU?$char_traits@D@std@@V?$allocator@D@2@@std@@V12@@std@@PAX@std@@AAPAU12@@?$allocator@U?$_Tree_node@U?$pair@$$CBV?$basic_string@DU?$char_traits@D@std@@V?$allocator@D@2@@std@@V12@@std@@PAX@std@@@std@@QAEXPAPAU?$_Tree_node@U?$pair@$$CBV?$basic_string@DU?$char_traits@D@std@@V?$allocator@D@2@@std@@V12@@std@@PAX@1@AAPAU21@@Z 0043f320 f i ccConfig.obj
 0002:000193f0       ??$construct@PAU?$_Tree_node@U?$pair@$$CBV?$basic_string@DU?$char_traits@D@std@@V?$allocator@D@2@@std@@V12@@std@@PAX@std@@AAPAU12@@?$allocator_traits@V?$allocator@U?$_Tree_node@U?$pair@$$CBV?$basic_string@DU?$char_traits@D@std@@V?$allocator@D@2@@std@@V12@@std@@PAX@std@@@std@@@std@@SAXAAV?$allocator@U?$_Tree_node@U?$pair@$$CBV?$basic_string@DU?$char_traits@D@std@@V?$allocator@D@2@@std@@V12@@std@@PAX@std@@@1@PAPAU?$_Tree_node@U?$pair@$$CBV?$basic_string@DU?$char_traits@D@std@@V?$allocator@D@2@@std@@V12@@std@@PAX@1@AAPAU31@@Z 0043f3f0 f i ccConfig.obj
 0002:00019420       ??$construct@U?$pair@$$CBV?$basic_string@DU?$char_traits@D@std@@V?$allocator@D@2@@std@@V12@@std@@U?$pair@V?$basic_string@DU?$char_traits@D@std@@V?$allocator@D@2@@std@@V12@@2@@?$_Wrap_alloc@V?$allocator@U?$_Tree_node@U?$pair@$$CBV?$basic_string@DU?$char_traits@D@std@@V?$allocator@D@2@@std@@V12@@std@@PAX@std@@@std@@@std@@QAEXPAU?$pair@$$CBV?$basic_string@DU?$char_traits@D@std@@V?$allocator@D@2@@std@@V12@@1@$$QAU?$pair@V?$basic_string@DU?$char_traits@D@std@@V?$allocator@D@2@@std@@V12@@1@@Z 0043f420 f i ccConfig.obj
 0002:00019470       ??$construct@U?$pair@$$CBV?$basic_string@DU?$char_traits@D@std@@V?$allocator@D@2@@std@@V12@@std@@U?$pair@V?$basic_string@DU?$char_traits@D@std@@V?$allocator@D@2@@std@@V12@@2@@?$allocator@U?$_Tree_node@U?$pair@$$CBV?$basic_string@DU?$char_traits@D@std@@V?$allocator@D@2@@std@@V12@@std@@PAX@std@@@std@@QAEXPAU?$pair@$$CBV?$basic_string@DU?$char_traits@D@std@@V?$allocator@D@2@@std@@V12@@1@$$QAU?$pair@V?$basic_string@DU?$char_traits@D@std@@V?$allocator@D@2@@std@@V12@@1@@Z 0043f470 f i ccConfig.obj
 0002:00019540       ??$construct@U?$pair@$$CBV?$basic_string@DU?$char_traits@D@std@@V?$allocator@D@2@@std@@V12@@std@@U?$pair@V?$basic_string@DU?$char_traits@D@std@@V?$allocator@D@2@@std@@V12@@2@@?$allocator_traits@V?$allocator@U?$_Tree_node@U?$pair@$$CBV?$basic_string@DU?$char_traits@D@std@@V?$allocator@D@2@@std@@V12@@std@@PAX@std@@@std@@@std@@SAXAAV?$allocator@U?$_Tree_node@U?$pair@$$CBV?$basic_string@DU?$char_traits@D@std@@V?$allocator@D@2@@std@@V12@@std@@PAX@std@@@1@PAU?$pair@$$CBV?$basic_string@DU?$char_traits@D@std@@V?$allocator@D@2@@std@@V12@@1@$$QAU?$pair@V?$basic_string@DU?$char_traits@D@std@@V?$allocator@D@2@@std@@V12@@1@@Z 0043f540 f i ccConfig.obj
 0002:00019570       ??$construct@V?$basic_string@DU?$char_traits@D@std@@V?$allocator@D@2@@std@@V12@@?$_Wrap_alloc@V?$allocator@U?$_List_node@V?$basic_string@DU?$char_traits@D@std@@V?$allocator@D@2@@std@@PAX@std@@@std@@@std@@QAEXPAV?$basic_string@DU?$char_traits@D@std@@V?$allocator@D@2@@1@$$QAV21@@Z 0043f570 f i ccConfig.obj
 0002:000195c0       ??$construct@V?$basic_string@DU?$char_traits@D@std@@V?$allocator@D@2@@std@@V12@@?$allocator@U?$_List_node@V?$basic_string@DU?$char_traits@D@std@@V?$allocator@D@2@@std@@PAX@std@@@std@@QAEXPAV?$basic_string@DU?$char_traits@D@std@@V?$allocator@D@2@@1@$$QAV21@@Z 0043f5c0 f i ccConfig.obj
 0002:00019690       ??$construct@V?$basic_string@DU?$char_traits@D@std@@V?$allocator@D@2@@std@@V12@@?$allocator_traits@V?$allocator@U?$_List_node@V?$basic_string@DU?$char_traits@D@std@@V?$allocator@D@2@@std@@PAX@std@@@std@@@std@@SAXAAV?$allocator@U?$_List_node@V?$basic_string@DU?$char_traits@D@std@@V?$allocator@D@2@@std@@PAX@std@@@1@PAV?$basic_string@DU?$char_traits@D@std@@V?$allocator@D@2@@1@$$QAV31@@Z 0043f690 f i ccConfig.obj
 0002:000196c0       ??$destroy@PAU?$_Tree_node@U?$pair@$$CBV?$basic_string@DU?$char_traits@D@std@@V?$allocator@D@2@@std@@V12@@std@@PAX@std@@@?$_Wrap_alloc@V?$allocator@U?$_Tree_node@U?$pair@$$CBV?$basic_string@DU?$char_traits@D@std@@V?$allocator@D@2@@std@@V12@@std@@PAX@std@@@std@@@std@@QAEXPAPAU?$_Tree_node@U?$pair@$$CBV?$basic_string@DU?$char_traits@D@std@@V?$allocator@D@2@@std@@V12@@std@@PAX@1@@Z 0043f6c0 f i ccConfig.obj
 0002:00019700       ??$destroy@PAU?$_Tree_node@U?$pair@$$CBV?$basic_string@DU?$char_traits@D@std@@V?$allocator@D@2@@std@@V12@@std@@PAX@std@@@?$allocator@U?$_Tree_node@U?$pair@$$CBV?$basic_string@DU?$char_traits@D@std@@V?$allocator@D@2@@std@@V12@@std@@PAX@std@@@std@@QAEXPAPAU?$_Tree_node@U?$pair@$$CBV?$basic_string@DU?$char_traits@D@std@@V?$allocator@D@2@@std@@V12@@std@@PAX@1@@Z 0043f700 f i ccConfig.obj
 0002:00019720       ??$destroy@PAU?$_Tree_node@U?$pair@$$CBV?$basic_string@DU?$char_traits@D@std@@V?$allocator@D@2@@std@@V12@@std@@PAX@std@@@?$allocator_traits@V?$allocator@U?$_Tree_node@U?$pair@$$CBV?$basic_string@DU?$char_traits@D@std@@V?$allocator@D@2@@std@@V12@@std@@PAX@std@@@std@@@std@@SAXAAV?$allocator@U?$_Tree_node@U?$pair@$$CBV?$basic_string@DU?$char_traits@D@std@@V?$allocator@D@2@@std@@V12@@std@@PAX@std@@@1@PAPAU?$_Tree_node@U?$pair@$$CBV?$basic_string@DU?$char_traits@D@std@@V?$allocator@D@2@@std@@V12@@std@@PAX@1@@Z 0043f720 f i ccConfig.obj
 0002:00019740       ??$destroy@U?$pair@$$CBV?$basic_string@DU?$char_traits@D@std@@V?$allocator@D@2@@std@@V12@@std@@@?$_Wrap_alloc@V?$allocator@U?$_Tree_node@U?$pair@$$CBV?$basic_string@DU?$char_traits@D@std@@V?$allocator@D@2@@std@@V12@@std@@PAX@std@@@std@@@std@@QAEXPAU?$pair@$$CBV?$basic_string@DU?$char_traits@D@std@@V?$allocator@D@2@@std@@V12@@1@@Z 0043f740 f i ccConfig.obj
 0002:00019780       ??$destroy@U?$pair@$$CBV?$basic_string@DU?$char_traits@D@std@@V?$allocator@D@2@@std@@V12@@std@@@?$allocator@U?$_Tree_node@U?$pair@$$CBV?$basic_string@DU?$char_traits@D@std@@V?$allocator@D@2@@std@@V12@@std@@PAX@std@@@std@@QAEXPAU?$pair@$$CBV?$basic_string@DU?$char_traits@D@std@@V?$allocator@D@2@@std@@V12@@1@@Z 0043f780 f i ccConfig.obj
 0002:000197c0       ??$destroy@U?$pair@$$CBV?$basic_string@DU?$char_traits@D@std@@V?$allocator@D@2@@std@@V12@@std@@@?$allocator_traits@V?$allocator@U?$_Tree_node@U?$pair@$$CBV?$basic_string@DU?$char_traits@D@std@@V?$allocator@D@2@@std@@V12@@std@@PAX@std@@@std@@@std@@SAXAAV?$allocator@U?$_Tree_node@U?$pair@$$CBV?$basic_string@DU?$char_traits@D@std@@V?$allocator@D@2@@std@@V12@@std@@PAX@std@@@1@PAU?$pair@$$CBV?$basic_string@DU?$char_traits@D@std@@V?$allocator@D@2@@std@@V12@@1@@Z 0043f7c0 f i ccConfig.obj
 0002:000197e0       ??$forward@AAPAU?$_List_node@V?$basic_string@DU?$char_traits@D@std@@V?$allocator@D@2@@std@@PAX@std@@@std@@YAAAPAU?$_List_node@V?$basic_string@DU?$char_traits@D@std@@V?$allocator@D@2@@std@@PAX@0@AAPAU10@@Z 0043f7e0 f i ccConfig.obj
 0002:000197f0       ??$forward@AAPAU?$_Tree_node@U?$pair@$$CBV?$basic_string@DU?$char_traits@D@std@@V?$allocator@D@2@@std@@V12@@std@@PAX@std@@@std@@YAAAPAU?$_Tree_node@U?$pair@$$CBV?$basic_string@DU?$char_traits@D@std@@V?$allocator@D@2@@std@@V12@@std@@PAX@0@AAPAU10@@Z 0043f7f0 f i ccConfig.obj
 0002:00019800       ??$forward@AAU?$pair@$$CBV?$basic_string@DU?$char_traits@D@std@@V?$allocator@D@2@@std@@V12@@std@@@std@@YAAAU?$pair@$$CBV?$basic_string@DU?$char_traits@D@std@@V?$allocator@D@2@@std@@V12@@0@AAU10@@Z 0043f800 f i ccConfig.obj
 0002:00019810       ??$forward@AAV?$_Tree_iterator@V?$_Tree_val@U?$_Tree_simple_types@U?$pair@$$CBV?$basic_string@DU?$char_traits@D@std@@V?$allocator@D@2@@std@@V12@@std@@@std@@@std@@@std@@@std@@YAAAV?$_Tree_iterator@V?$_Tree_val@U?$_Tree_simple_types@U?$pair@$$CBV?$basic_string@DU?$char_traits@D@std@@V?$allocator@D@2@@std@@V12@@std@@@std@@@std@@@0@AAV10@@Z 0043f810 f i ccConfig.obj
 0002:00019820       ??$forward@AAV?$basic_string@DU?$char_traits@D@std@@V?$allocator@D@2@@std@@@std@@YAAAV?$basic_string@DU?$char_traits@D@std@@V?$allocator@D@2@@0@AAV10@@Z 0043f820 f i ccConfig.obj
 0002:00019830       ??$forward@U?$pair@V?$basic_string@DU?$char_traits@D@std@@V?$allocator@D@2@@std@@V12@@std@@@std@@YA$$QAU?$pair@V?$basic_string@DU?$char_traits@D@std@@V?$allocator@D@2@@std@@V12@@0@AAU10@@Z 0043f830 f i ccConfig.obj
 0002:00019840       ??$forward@V?$_Tree_iterator@V?$_Tree_val@U?$_Tree_simple_types@U?$pair@$$CBV?$basic_string@DU?$char_traits@D@std@@V?$allocator@D@2@@std@@V12@@std@@@std@@@std@@@std@@@std@@YA$$QAV?$_Tree_iterator@V?$_Tree_val@U?$_Tree_simple_types@U?$pair@$$CBV?$basic_string@DU?$char_traits@D@std@@V?$allocator@D@2@@std@@V12@@std@@@std@@@std@@@0@AAV10@@Z 0043f840 f i ccConfig.obj
 0002:00019850       ??$forward@_N@std@@YA$$QA_NAA_N@Z 0043f850 f i ccConfig.obj
 0002:00019860       ??$insert@U?$pair@V?$basic_string@DU?$char_traits@D@std@@V?$allocator@D@2@@std@@V12@@std@@@?$_Tree@V?$_Tmap_traits@V?$basic_string@DU?$char_traits@D@std@@V?$allocator@D@2@@std@@V12@U?$less@V?$basic_string@DU?$char_traits@D@std@@V?$allocator@D@2@@std@@@2@V?$allocator@U?$pair@$$CBV?$basic_string@DU?$char_traits@D@std@@V?$allocator@D@2@@std@@V12@@std@@@2@$0A@@std@@@std@@QAE?AU?$pair@V?$_Tree_iterator@V?$_Tree_val@U?$_Tree_simple_types@U?$pair@$$CBV?$basic_string@DU?$char_traits@D@std@@V?$allocator@D@2@@std@@V12@@std@@@std@@@std@@@std@@_N@1@$$QAU?$pair@V?$basic_string@DU?$char_traits@D@std@@V?$allocator@D@2@@std@@V12@@1@@Z 0043f860 f i ccConfig.obj
 0002:00019900       ??$swap@D@std@@YAXAAD0@Z   0043f900 f i ccConfig.obj
 0002:000199b0       ??0?$_Iterator012@Ubidirectional_iterator_tag@std@@U?$pair@$$CBV?$basic_string@DU?$char_traits@D@std@@V?$allocator@D@2@@std@@V12@@2@HPBU32@ABU32@U_Iterator_base12@2@@std@@QAE@ABU01@@Z 0043f9b0 f i ccConfig.obj
 0002:000199f0       ??0?$_Iterator012@Ubidirectional_iterator_tag@std@@U?$pair@$$CBV?$basic_string@DU?$char_traits@D@std@@V?$allocator@D@2@@std@@V12@@2@HPBU32@ABU32@U_Iterator_base12@2@@std@@QAE@XZ 0043f9f0 f i ccConfig.obj
 0002:00019a20       ??0?$_Iterator012@Urandom_access_iterator_tag@std@@DHPBDABDU_Iterator_base12@2@@std@@QAE@ABU01@@Z 0043fa20 f i ccConfig.obj
 0002:00019a60       ??0?$_Iterator012@Urandom_access_iterator_tag@std@@DHPBDABDU_Iterator_base12@2@@std@@QAE@XZ 0043fa60 f i ccConfig.obj
 0002:00019a90       ??0?$_List_unchecked_const_iterator@V?$_List_val@U?$_List_simple_types@V?$basic_string@DU?$char_traits@D@std@@V?$allocator@D@2@@std@@@std@@@std@@U_Iterator_base0@2@@std@@QAE@PAU?$_List_node@V?$basic_string@DU?$char_traits@D@std@@V?$allocator@D@2@@std@@PAX@1@PBV?$_List_val@U?$_List_simple_types@V?$basic_string@DU?$char_traits@D@std@@V?$allocator@D@2@@std@@@std@@@1@@Z 0043fa90 f i ccConfig.obj
 0002:00019ae0       ??0?$_List_unchecked_iterator@V?$_List_val@U?$_List_simple_types@V?$basic_string@DU?$char_traits@D@std@@V?$allocator@D@2@@std@@@std@@@std@@@std@@QAE@PAU?$_List_node@V?$basic_string@DU?$char_traits@D@std@@V?$allocator@D@2@@std@@PAX@1@PBV?$_List_val@U?$_List_simple_types@V?$basic_string@DU?$char_traits@D@std@@V?$allocator@D@2@@std@@@std@@@1@@Z 0043fae0 f i ccConfig.obj
 0002:00019b20       ??0?$_String_const_iterator@V?$_String_val@U?$_Simple_types@D@std@@@std@@@std@@QAE@ABV01@@Z 0043fb20 f i ccConfig.obj
 0002:00019b70       ??0?$_String_const_iterator@V?$_String_val@U?$_Simple_types@D@std@@@std@@@std@@QAE@PBDPBU_Container_base12@1@@Z 0043fb70 f i ccConfig.obj
 0002:00019c10       ??0?$_String_iterator@V?$_String_val@U?$_Simple_types@D@std@@@std@@@std@@QAE@ABV01@@Z 0043fc10 f i ccConfig.obj
 0002:00019c50       ??0?$_String_iterator@V?$_String_val@U?$_Simple_types@D@std@@@std@@@std@@QAE@PADPBU_Container_base12@1@@Z 0043fc50 f i ccConfig.obj
[...]
 0005:0000000c       \177ADVAPI32_NULL_THUNK_DATA 004db00c     advapi32:ADVAPI32.dll
 0005:00000038       __imp__BNCS32TxMessage     004db038     bncsif32:BNCSIF32.dll
 0005:0000003c       __imp__BNCS32RxMessage     004db03c     bncsif32:BNCSIF32.dll
 0005:00000040       \177BNCSIF32_NULL_THUNK_DATA 004db040     bncsif32:BNCSIF32.dll
 0005:0000006c       __imp__GetOpenFileNameA@4  004db06c     comdlg32:COMDLG32.dll
 0005:00000070       __imp__GetSaveFileNameA@4  004db070     comdlg32:COMDLG32.dll
 0005:00000074       \177COMDLG32_NULL_THUNK_DATA 004db074     comdlg32:COMDLG32.dll
 0005:000000a0       __imp__GetTextMetricsA@8   004db0a0     gdi32:GDI32.dll
 0005:000000a4       __imp__StartDocA@8         004db0a4     gdi32:GDI32.dll
 0005:000000a8       __imp__GetStockObject@4    004db0a8     gdi32:GDI32.dll
 0005:000000ac       __imp__GetDeviceCaps@8     004db0ac     gdi32:GDI32.dll
 0005:000000b0       __imp__EndPage@4           004db0b0     gdi32:GDI32.dll
 0005:000000b4       __imp__TextOutA@20         004db0b4     gdi32:GDI32.dll
 0005:000000b8       __imp__DeleteDC@4          004db0b8     gdi32:GDI32.dll
 0005:000000bc       __imp__StartPage@4         004db0bc     gdi32:GDI32.dll
 0005:000000c0       __imp__CreateDCA@16        004db0c0     gdi32:GDI32.dll
 0005:000000c4       __imp__SetTextColor@8      004db0c4     gdi32:GDI32.dll
 0005:000000c8       __imp__SetBkColor@8        004db0c8     gdi32:GDI32.dll
 0005:000000cc       __imp__DeleteObject@4      004db0cc     gdi32:GDI32.dll
 0005:000000d0       __imp__EndDoc@4            004db0d0     gdi32:GDI32.dll
 0005:000000d4       __imp__CreateSolidBrush@4  004db0d4     gdi32:GDI32.dll
 0005:000000d8       \177GDI32_NULL_THUNK_DATA  004db0d8     gdi32:GDI32.dll
 0005:0000010c       __imp__GetCurrentProcessId@0 004db10c     kernel32:KERNEL32.dll
 0005:00000110       __imp__WinExec@8           004db110     kernel32:KERNEL32.dll
 0005:00000114       __imp__GetModuleFileNameA@12 004db114     kernel32:KERNEL32.dll
 0005:00000118       __imp___lopen@8            004db118     kernel32:KERNEL32.dll
 0005:0000011c       __imp___lcreat@8           004db11c     kernel32:KERNEL32.dll
 0005:00000120       __imp___lread@12           004db120     kernel32:KERNEL32.dll
 0005:00000124       __imp___lwrite@12          004db124     kernel32:KERNEL32.dll
 0005:00000128       __imp___lclose@4           004db128     kernel32:KERNEL32.dll
 0005:0000012c       __imp___llseek@12          004db12c     kernel32:KERNEL32.dll
 0005:00000130       __imp__GetProfileStringA@20 004db130     kernel32:KERNEL32.dll
 0005:00000134       __imp__GetSystemTimeAsFileTime@4 004db134     kernel32:KERNEL32.dll
 0005:00000138       __imp__GetCurrentThreadId@0 004db138     kernel32:KERNEL32.dll
 0005:0000013c       __imp__QueryPerformanceCounter@4 004db13c     kernel32:KERNEL32.dll
 0005:00000140       __imp__WideCharToMultiByte@32 004db140     kernel32:KERNEL32.dll
 0005:00000144       __imp__MultiByteToWideChar@24 004db144     kernel32:KERNEL32.dll
 0005:00000148       __imp__GlobalFree@4        004db148     kernel32:KERNEL32.dll
 0005:0000014c       __imp__RaiseException@16   004db14c     kernel32:KERNEL32.dll
 0005:00000150       __imp__IsProcessorFeaturePresent@4 004db150     kernel32:KERNEL32.dll
 0005:00000154       __imp__IsDebuggerPresent@0 004db154     kernel32:KERNEL32.dll
 0005:00000158       __imp__DecodePointer@4     004db158     kernel32:KERNEL32.dll
 0005:0000015c       __imp__EncodePointer@4     004db15c     kernel32:KERNEL32.dll
 0005:00000160       __imp__GetModuleHandleW@4  004db160     kernel32:KERNEL32.dll
 0005:00000164       __imp__GetModuleFileNameW@12 004db164     kernel32:KERNEL32.dll
 0005:00000168       __imp__VirtualQuery@12     004db168     kernel32:KERNEL32.dll
 0005:0000016c       __imp__GetProcessHeap@0    004db16c     kernel32:KERNEL32.dll
 0005:00000170       __imp__HeapFree@12         004db170     kernel32:KERNEL32.dll
 0005:00000174       __imp__HeapAlloc@12        004db174     kernel32:KERNEL32.dll
 0005:00000178       __imp__OutputDebugStringA@4 004db178     kernel32:KERNEL32.dll
 0005:0000017c       __imp__LoadLibraryExW@12   004db17c     kernel32:KERNEL32.dll
 0005:00000180       __imp__FreeLibrary@4       004db180     kernel32:KERNEL32.dll
 0005:00000184       __imp__GetProcAddress@8    004db184     kernel32:KERNEL32.dll
 0005:00000188       __imp__GetLastError@0      004db188     kernel32:KERNEL32.dll
 0005:0000018c       __imp__LoadLibraryA@4      004db18c     kernel32:KERNEL32.dll
 0005:00000190       __imp__GetPrivateProfileIntA@16 004db190     kernel32:KERNEL32.dll
 0005:00000194       __imp__GetPrivateProfileStringA@24 004db194     kernel32:KERNEL32.dll
 0005:00000198       __imp__GlobalUnlock@4      004db198     kernel32:KERNEL32.dll
 0005:0000019c       __imp__GlobalLock@4        004db19c     kernel32:KERNEL32.dll
 0005:000001a0       __imp__GlobalAlloc@8       004db1a0     kernel32:KERNEL32.dll
 0005:000001a4       __imp__lstrcpyA@8          004db1a4     kernel32:KERNEL32.dll
 0005:000001a8       __imp__lstrcpynA@12        004db1a8     kernel32:KERNEL32.dll
 0005:000001ac       __imp__GetTickCount@0      004db1ac     kernel32:KERNEL32.dll
 0005:000001b0       __imp__GetWindowsDirectoryA@8 004db1b0     kernel32:KERNEL32.dll
 0005:000001b4       __imp__WritePrivateProfileStringA@16 004db1b4     kernel32:KERNEL32.dll
 0005:000001b8       \177KERNEL32_NULL_THUNK_DATA 004db1b8     kernel32:KERNEL32.dll
 0005:00000204       __imp_?_Debug_message@std@@YAXPB_W0I@Z 004db204     msvcprtd:MSVCP120D.dll
 0005:00000208       __imp_??0_Container_base12@std@@QAE@XZ 004db208     msvcprtd:MSVCP120D.dll
 0005:0000020c       __imp_??1_Container_base12@std@@QAE@XZ 004db20c     msvcprtd:MSVCP120D.dll
 0005:00000210       __imp_?_Orphan_all@_Container_base12@std@@QAEXXZ 004db210     msvcprtd:MSVCP120D.dll
 0005:00000214       __imp_?_Xbad_alloc@std@@YAXXZ 004db214     msvcprtd:MSVCP120D.dll
 0005:00000218       __imp_?_Xlength_error@std@@YAXPBD@Z 004db218     msvcprtd:MSVCP120D.dll
 0005:0000021c       __imp_??0id@locale@std@@QAE@I@Z 004db21c     msvcprtd:MSVCP120D.dll
 0005:00000220       __imp_?_Syserror_map@std@@YAPBDH@Z 004db220     msvcprtd:MSVCP120D.dll
 0005:00000224       __imp_?_Winerror_map@std@@YAPBDH@Z 004db224     msvcprtd:MSVCP120D.dll
 0005:00000228       __imp_??0_Lockit@std@@QAE@H@Z 004db228     msvcprtd:MSVCP120D.dll
 0005:0000022c       __imp_??1_Lockit@std@@QAE@XZ 004db22c     msvcprtd:MSVCP120D.dll
 0005:00000230       __imp_?_Getpfirst@_Container_base12@std@@QBEPAPAU_Iterator_base12@2@XZ 004db230     msvcprtd:MSVCP120D.dll
 0005:00000234       __imp_?_Xout_of_range@std@@YAXPBD@Z 004db234     msvcprtd:MSVCP120D.dll
 0005:00000238       \177MSVCP120D_NULL_THUNK_DATA 004db238     msvcprtd:MSVCP120D.dll
 0005:0000026c       __imp__fprintf             004db26c     MSVCRTD:MSVCR120D.dll
 0005:00000270       __imp___strlwr             004db270     MSVCRTD:MSVCR120D.dll
 0005:00000270       __imp__strlwr              004db270     MSVCRTD:MSVCR120D.dll
 0005:00000274       __imp___wsplitpath_s       004db274     MSVCRTD:MSVCR120D.dll
 0005:00000278       __imp___wmakepath_s        004db278     MSVCRTD:MSVCR120D.dll
 0005:0000027c       __imp__wcscpy_s            004db27c     MSVCRTD:MSVCR120D.dll
 0005:00000280       __imp___controlfp_s        004db280     MSVCRTD:MSVCR120D.dll
 0005:00000284       __imp___invoke_watson      004db284     MSVCRTD:MSVCR120D.dll
 0005:00000288       __imp____crtSetUnhandledExceptionFilter 004db288     MSVCRTD:MSVCR120D.dll
 0005:0000028c       __imp_?terminate@@YAXXZ    004db28c     MSVCRTD:MSVCR120D.dll
 0005:00000290       __imp___except_handler4_common 004db290     MSVCRTD:MSVCR120D.dll
 0005:00000294       __imp___commode            004db294     MSVCRTD:MSVCR120D.dll
 0005:00000298       __imp___fmode              004db298     MSVCRTD:MSVCR120D.dll
 0005:0000029c       __imp___acmdln             004db29c     MSVCRTD:MSVCR120D.dll
 0005:000002a0       __imp___initterm           004db2a0     MSVCRTD:MSVCR120D.dll
 0005:000002a4       __imp___initterm_e         004db2a4     MSVCRTD:MSVCR120D.dll
 0005:000002a8       __imp____setusermatherr    004db2a8     MSVCRTD:MSVCR120D.dll
 0005:000002ac       __imp___configthreadlocale 004db2ac     MSVCRTD:MSVCR120D.dll
 0005:000002b0       __imp___ismbblead          004db2b0     MSVCRTD:MSVCR120D.dll
 0005:000002b4       __imp___cexit              004db2b4     MSVCRTD:MSVCR120D.dll
 0005:000002b8       __imp___exit               004db2b8     MSVCRTD:MSVCR120D.dll
 0005:000002bc       __imp__exit                004db2bc     MSVCRTD:MSVCR120D.dll
 0005:000002c0       __imp___CrtSetCheckCount   004db2c0     MSVCRTD:MSVCR120D.dll
 0005:000002c4       __imp____set_app_type      004db2c4     MSVCRTD:MSVCR120D.dll
 0005:000002c8       __imp____getmainargs       004db2c8     MSVCRTD:MSVCR120D.dll
 0005:000002cc       __imp___amsg_exit          004db2cc     MSVCRTD:MSVCR120D.dll
 0005:000002d0       __imp____crtGetShowWindowMode 004db2d0     MSVCRTD:MSVCR120D.dll
 0005:000002d4       __imp___XcptFilter         004db2d4     MSVCRTD:MSVCR120D.dll
 0005:000002d8       __imp____crtTerminateProcess 004db2d8     MSVCRTD:MSVCR120D.dll
 0005:000002dc       __imp____crtUnhandledException 004db2dc     MSVCRTD:MSVCR120D.dll
 0005:000002e0       __imp___crt_debugger_hook  004db2e0     MSVCRTD:MSVCR120D.dll
 0005:000002e4       __imp_??1type_info@@UAE@XZ 004db2e4     MSVCRTD:MSVCR120D.dll
 0005:000002e8       __imp___CRT_RTC_INITW      004db2e8     MSVCRTD:MSVCR120D.dll
 0005:000002ec       __imp___onexit             004db2ec     MSVCRTD:MSVCR120D.dll
 0005:000002f0       __imp____dllonexit         004db2f0     MSVCRTD:MSVCR120D.dll
 0005:000002f4       __imp___calloc_dbg         004db2f4     MSVCRTD:MSVCR120D.dll
 0005:000002f8       __imp___unlock             004db2f8     MSVCRTD:MSVCR120D.dll
 0005:000002fc       __imp___lock               004db2fc     MSVCRTD:MSVCR120D.dll
 0005:00000300       __imp__malloc              004db300     MSVCRTD:MSVCR120D.dll
 0005:00000304       __imp__free                004db304     MSVCRTD:MSVCR120D.dll
 0005:00000308       __imp__strpbrk             004db308     MSVCRTD:MSVCR120D.dll
 0005:0000030c       __imp__strtok              004db30c     MSVCRTD:MSVCR120D.dll
 0005:00000310       __imp__strcpy_s            004db310     MSVCRTD:MSVCR120D.dll
 0005:00000314       __imp___purecall           004db314     MSVCRTD:MSVCR120D.dll
 0005:00000318       __imp_??2@YAPAXI@Z         004db318     MSVCRTD:MSVCR120D.dll
 0005:0000031c       __imp_??3@YAXPAX@Z         004db31c     MSVCRTD:MSVCR120D.dll
 0005:00000320       __imp__memcpy              004db320     MSVCRTD:MSVCR120D.dll
 0005:00000324       __imp__strlen              004db324     MSVCRTD:MSVCR120D.dll
 0005:00000328       __imp__memmove             004db328     MSVCRTD:MSVCR120D.dll
 0005:0000032c       __imp___hypot              004db32c     MSVCRTD:MSVCR120D.dll
 0005:00000330       __imp__sprintf_s           004db330     MSVCRTD:MSVCR120D.dll
 0005:00000334       __imp___CxxThrowException@8 004db334     MSVCRTD:MSVCR120D.dll
 0005:00000338       __imp____CxxFrameHandler3  004db338     MSVCRTD:MSVCR120D.dll
 0005:0000033c       __imp___invalid_parameter  004db33c     MSVCRTD:MSVCR120D.dll
 0005:00000340       __imp__memset              004db340     MSVCRTD:MSVCR120D.dll
 0005:00000344       __imp__strcpy              004db344     MSVCRTD:MSVCR120D.dll
 0005:00000348       __imp__strcmp              004db348     MSVCRTD:MSVCR120D.dll
 0005:0000034c       __imp__strncpy             004db34c     MSVCRTD:MSVCR120D.dll
 0005:00000350       __imp__atoi                004db350     MSVCRTD:MSVCR120D.dll
 0005:00000354       __imp__sprintf             004db354     MSVCRTD:MSVCR120D.dll
 0005:00000358       __imp_??_V@YAXPAX@Z        004db358     MSVCRTD:MSVCR120D.dll
 0005:0000035c       __imp___CrtDbgReportW      004db35c     MSVCRTD:MSVCR120D.dll
 0005:00000360       __imp__getenv              004db360     MSVCRTD:MSVCR120D.dll
 0005:00000364       __imp__tolower             004db364     MSVCRTD:MSVCR120D.dll
 0005:00000368       __imp__memchr              004db368     MSVCRTD:MSVCR120D.dll
 0005:0000036c       __imp__memcmp              004db36c     MSVCRTD:MSVCR120D.dll
 0005:00000370       __imp__strcat              004db370     MSVCRTD:MSVCR120D.dll
 0005:00000374       __imp__strchr              004db374     MSVCRTD:MSVCR120D.dll
 0005:00000378       __imp__stricmp             004db378     MSVCRTD:MSVCR120D.dll
 0005:00000378       __imp___stricmp            004db378     MSVCRTD:MSVCR120D.dll
 0005:0000037c       __imp___mkdir              004db37c     MSVCRTD:MSVCR120D.dll
 0005:00000380       __imp__fclose              004db380     MSVCRTD:MSVCR120D.dll
 0005:00000384       __imp__fgets               004db384     MSVCRTD:MSVCR120D.dll
 0005:00000388       __imp__fopen               004db388     MSVCRTD:MSVCR120D.dll
 0005:0000038c       __imp__strupr              004db38c     MSVCRTD:MSVCR120D.dll
 0005:0000038c       __imp___strupr             004db38c     MSVCRTD:MSVCR120D.dll
 0005:00000390       __imp__fputs               004db390     MSVCRTD:MSVCR120D.dll
 0005:00000394       __imp__remove              004db394     MSVCRTD:MSVCR120D.dll
 0005:00000398       __imp__rename              004db398     MSVCRTD:MSVCR120D.dll
 0005:0000039c       __imp__vsprintf_s          004db39c     MSVCRTD:MSVCR120D.dll
 0005:000003a0       __imp__strcat_s            004db3a0     MSVCRTD:MSVCR120D.dll
 0005:000003a4       __imp__atof                004db3a4     MSVCRTD:MSVCR120D.dll
 0005:000003a8       __imp__strtol              004db3a8     MSVCRTD:MSVCR120D.dll
 0005:000003ac       __imp__strtoul             004db3ac     MSVCRTD:MSVCR120D.dll
 0005:000003b0       __imp__fgetc               004db3b0     MSVCRTD:MSVCR120D.dll
 0005:000003b4       __imp__fputc               004db3b4     MSVCRTD:MSVCR120D.dll
 0005:000003b8       __imp__strstr              004db3b8     MSVCRTD:MSVCR120D.dll
 0005:000003bc       __imp__sscanf              004db3bc     MSVCRTD:MSVCR120D.dll
 0005:000003c0       \177MSVCR120D_NULL_THUNK_DATA 004db3c0     MSVCRTD:MSVCR120D.dll
 0005:00000430       __imp__ShellExecuteA@24    004db430     shell32:SHELL32.dll
 0005:00000434       \177SHELL32_NULL_THUNK_DATA 004db434     shell32:SHELL32.dll
 0005:00000460       __imp__EndDialog@8         004db460     user32:USER32.dll
 0005:00000464       __imp__SetDlgItemTextA@12  004db464     user32:USER32.dll
 0005:00000468       __imp__GetDlgItem@8        004db468     user32:USER32.dll
 0005:0000046c       __imp__SetWindowTextA@8    004db46c     user32:USER32.dll
 0005:00000470       __imp__ShowWindow@8        004db470     user32:USER32.dll
 0005:00000474       __imp__DialogBoxParamA@20  004db474     user32:USER32.dll
 0005:00000478       __imp__SetWindowPos@28     004db478     user32:USER32.dll
 0005:0000047c       __imp__CreateDialogParamA@20 004db47c     user32:USER32.dll
 0005:00000480       __imp__GetDlgItemTextA@16  004db480     user32:USER32.dll
 0005:00000484       __imp__SendDlgItemMessageA@20 004db484     user32:USER32.dll
 0005:00000488       __imp__EnableWindow@8      004db488     user32:USER32.dll
 0005:0000048c       __imp__LoadMenuA@8         004db48c     user32:USER32.dll
 0005:00000490       __imp__MoveWindow@24       004db490     user32:USER32.dll
 0005:00000494       __imp__GetClassNameA@12    004db494     user32:USER32.dll
 0005:00000498       __imp__SetMenu@8           004db498     user32:USER32.dll
 0005:0000049c       __imp__InvalidateRect@12   004db49c     user32:USER32.dll
 0005:000004a0       __imp__GetWindowRect@8     004db4a0     user32:USER32.dll
 0005:000004a4       __imp__GetSysColor@4       004db4a4     user32:USER32.dll
 0005:000004a8       __imp__GetWindowTextA@12   004db4a8     user32:USER32.dll
 0005:000004ac       __imp__SetTimer@16         004db4ac     user32:USER32.dll
 0005:000004b0       __imp__KillTimer@8         004db4b0     user32:USER32.dll
 0005:000004b4       __imp__GetMessageA@16      004db4b4     user32:USER32.dll
 0005:000004b8       __imp__TranslateMessage@4  004db4b8     user32:USER32.dll
 0005:000004bc       __imp__DispatchMessageA@4  004db4bc     user32:USER32.dll
 0005:000004c0       __imp__PostQuitMessage@4   004db4c0     user32:USER32.dll
 0005:000004c4       __imp__OpenClipboard@4     004db4c4     user32:USER32.dll
 0005:000004c8       __imp__CloseClipboard@0    004db4c8     user32:USER32.dll
 0005:000004cc       __imp__SetClipboardData@8  004db4cc     user32:USER32.dll
 0005:000004d0       __imp__GetClipboardData@4  004db4d0     user32:USER32.dll
 0005:000004d4       __imp__EmptyClipboard@0    004db4d4     user32:USER32.dll
 0005:000004d8       __imp__SetFocus@4          004db4d8     user32:USER32.dll
 0005:000004dc       __imp__GetSystemMetrics@4  004db4dc     user32:USER32.dll
 0005:000004e0       __imp__GetMenu@4           004db4e0     user32:USER32.dll
 0005:000004e4       __imp__DrawMenuBar@4       004db4e4     user32:USER32.dll
 0005:000004e8       __imp__CheckMenuItem@12    004db4e8     user32:USER32.dll
 0005:000004ec       __imp__EnableMenuItem@12   004db4ec     user32:USER32.dll
 0005:000004f0       __imp__wsprintfA           004db4f0     user32:USER32.dll
 0005:000004f4       __imp__CharNextA@4         004db4f4     user32:USER32.dll
 0005:000004f8       __imp__SetWindowLongA@12   004db4f8     user32:USER32.dll
 0005:000004fc       __imp__GetWindowLongA@8    004db4fc     user32:USER32.dll
 0005:00000500       __imp__MessageBoxA@16      004db500     user32:USER32.dll
 0005:00000504       __imp__DestroyWindow@4     004db504     user32:USER32.dll
 0005:00000508       __imp__IsWindow@4          004db508     user32:USER32.dll
 0005:0000050c       __imp__CreateWindowExA@48  004db50c     user32:USER32.dll
 0005:00000510       __imp__UnregisterClassA@8  004db510     user32:USER32.dll
 0005:00000514       __imp__RegisterClassA@4    004db514     user32:USER32.dll
 0005:00000518       __imp__DefWindowProcA@16   004db518     user32:USER32.dll
 0005:0000051c       __imp__PostMessageA@16     004db51c     user32:USER32.dll
 0005:00000520       __imp__SendMessageA@16     004db520     user32:USER32.dll
 0005:00000524       __imp__LoadIconA@8         004db524     user32:USER32.dll
 0005:00000528       __imp__LoadCursorA@8       004db528     user32:USER32.dll
 0005:0000052c       \177USER32_NULL_THUNK_DATA 004db52c     user32:USER32.dll
 0005:00000580       __imp__GetFileVersionInfoSizeA@8 004db580     version:VERSION.dll
 0005:00000584       __imp__GetFileVersionInfoA@16 004db584     version:VERSION.dll
 0005:00000588       __imp__VerQueryValueA@16   004db588     version:VERSION.dll
 0005:0000058c       \177VERSION_NULL_THUNK_DATA 004db58c     version:VERSION.dll
 0005:000005b8       __imp__setInfoHwnd         004db5b8     info32fix:info32fix.dll
 0005:000005bc       \177info32fix_NULL_THUNK_DATA 004db5bc     info32fix:info32fix.dll
 0005:000005e8       __IMPORT_DESCRIPTOR_BNCSIF32 004db5e8     bncsif32:BNCSIF32.dll
 0005:000005fc       __IMPORT_DESCRIPTOR_info32fix 004db5fc     info32fix:info32fix.dll
 0005:00000610       __IMPORT_DESCRIPTOR_VERSION 004db610     version:VERSION.dll
 0005:00000624       __IMPORT_DESCRIPTOR_KERNEL32 004db624     kernel32:KERNEL32.dll
 0005:00000638       __IMPORT_DESCRIPTOR_USER32 004db638     user32:USER32.dll
 0005:0000064c       __IMPORT_DESCRIPTOR_GDI32  004db64c     gdi32:GDI32.dll
 0005:00000660       __IMPORT_DESCRIPTOR_COMDLG32 004db660     comdlg32:COMDLG32.dll
 0005:00000674       __IMPORT_DESCRIPTOR_ADVAPI32 004db674     advapi32:ADVAPI32.dll
 0005:00000688       __IMPORT_DESCRIPTOR_SHELL32 004db688     shell32:SHELL32.dll
 0005:0000069c       __IMPORT_DESCRIPTOR_MSVCP120D 004db69c     msvcprtd:MSVCP120D.dll
 0005:000006b0       __IMPORT_DESCRIPTOR_MSVCR120D 004db6b0     MSVCRTD:MSVCR120D.dll
 0005:000006c4       __NULL_IMPORT_DESCRIPTOR   004db6c4     bncsif32:BNCSIF32.dll
