 PanelMan

 Timestamp is 56de0011 (Mon Mar 07 22:26:25 2016)

 Preferred load address is 00400000

 Start         Length     Name                   Class
 0001:00000000 00018e34H .text                   CODE
 0001:00018e34 0000360bH .text$x                 CODE
 0002:00000000 00007e34H .rdata                  DATA
 0002:00007e38 00000044H .rdata$r                DATA
 0002:00007e80 00004060H .xdata$x                DATA
 0002:0000bee0 000043d1H .edata                  DATA
 0003:00000000 00000004H .CRT$XCA                DATA
 0003:00000004 00000054H .CRT$XCU                DATA
 0003:00000058 00000004H .CRT$XCZ                DATA
 0003:0000005c 00000004H .CRT$XIA                DATA
 0003:00000060 00000004H .CRT$XIZ                DATA
 0003:00000070 0000380cH .data                   DATA
 0003:00003880 00000144H .bss                    DATA
 0004:00000000 00000118H .idata$2                DATA
 0004:00000118 00000014H .idata$3                DATA
 0004:0000012c 00001ef8H .idata$4                DATA
 0004:00002024 00001ef8H .idata$5                DATA
 0004:00003f1c 00013cf6H .idata$6                DATA
 0005:00000000 00000118H .rsrc$01                DATA
 0005:00000120 00002e00H .rsrc$02                DATA

  Address         Publics by Value              Rva+Base     Lib:Object

 0001:00000000       ??0CAdjustMon@@QAE@PAVQWidget@@@Z 00401000 f   AdjustMon.obj
 0001:00000125       ?path@global@@SA?AVQString@@XZ 00401125 f i AdjustMon.obj
 0001:000001b0       ??_GCAdjustMon@@UAEPAXI@Z  004011b0 f i AdjustMon.obj
 0001:000001b0       ??_ECAdjustMon@@UAEPAXI@Z  004011b0 f i AdjustMon.obj
 0001:000001cc       ??1CAdjustMon@@UAE@XZ      004011cc f   AdjustMon.obj
 0001:00000226       ?adjust@CAdjustMon@@AAEXVQString@@@Z 00401226 f   AdjustMon.obj
 0001:0000084a       ?checkAdjust@CAdjustMon@@AAE?AVQString@@V2@@Z 0040184a f   AdjustMon.obj
 0001:000009ab       ?adjustRev@CAdjustMon@@QAEXPBD@Z 004019ab f   AdjustMon.obj
 0001:0000105d       ?textCallback@CAdjustMon@@EAEXPBDH@Z 0040205d f   AdjustMon.obj
 0001:000017f3       ?addToNavigationStack@CAdjustMon@@QAEXABVQString@@@Z 004027f3 f   AdjustMon.obj
 0001:0000185f       ?navigateBack@CAdjustMon@@QAEXXZ 0040285f f   AdjustMon.obj
 0001:000018c3       ?setToolTip@CAdjustMon@@AAEXVQString@@@Z 004028c3 f   AdjustMon.obj
 0001:00001904       ?clearAdjustStringStack@CAdjustMon@@QAEXXZ 00402904 f   AdjustMon.obj
 0001:0000190d       ??1?$QPtrList@VQString@@@@UAE@XZ 0040290d f i AdjustMon.obj
 0001:00001947       ?clear@?$QPtrList@VQWidgetFactory@@@@UAEXXZ 00402947 f i AdjustMon.obj
 0001:00001947       ?clear@?$QPtrList@VsignalConnection@@@@UAEXXZ 00402947 f i AdjustMon.obj
 0001:00001947       ?clear@?$QPtrList@VQAction@@@@UAEXXZ 00402947 f i AdjustMon.obj
 0001:00001947       ?clear@?$QPtrList@VQString@@@@UAEXXZ 00402947 f i AdjustMon.obj
 0001:0000194d       ??0?$QMap@VQString@@VparamInfo@@@@QAE@XZ 0040294d f i AdjustMon.obj
 0001:00001987       ??1?$QMap@VQString@@VparamInfo@@@@QAE@XZ 00402987 f i AdjustMon.obj
 0001:000019a4       ?begin@?$QMap@VQString@@VparamInfo@@@@QAE?AV?$QMapIterator@VQString@@VparamInfo@@@@XZ 004029a4 f i AdjustMon.obj
 0001:000019c4       ?end@?$QMap@VQString@@VparamInfo@@@@QAE?AV?$QMapIterator@VQString@@VparamInfo@@@@XZ 004029c4 f i AdjustMon.obj
 0001:000019e2       ?replace@?$QMap@VQString@@VparamInfo@@@@QAE?AV?$QMapIterator@VQString@@VparamInfo@@@@ABVQString@@ABVparamInfo@@@Z 004029e2 f i AdjustMon.obj
 0001:00001a0a       ?remove@?$QMap@VQString@@VparamInfo@@@@QAEXV?$QMapIterator@VQString@@VparamInfo@@@@@Z 00402a0a f i AdjustMon.obj
 0001:00001a0a       ?erase@?$QMap@VQString@@VparamInfo@@@@QAEXV?$QMapIterator@VQString@@VparamInfo@@@@@Z 00402a0a f i AdjustMon.obj
 0001:00001a2d       ?find@?$QMap@VQString@@VparamInfo@@@@QAE?AV?$QMapIterator@VQString@@VparamInfo@@@@ABVQString@@@Z 00402a2d f i AdjustMon.obj
 0001:00001a59       ?keys@?$QMap@VQString@@VparamInfo@@@@QBE?AV?$QValueList@VQString@@@@XZ 00402a59 f i AdjustMon.obj
 0001:00001ade       ?values@?$QMap@VQString@@VparamInfo@@@@QBE?AV?$QValueList@VparamInfo@@@@XZ 00402ade f i AdjustMon.obj
 0001:00001b61       ?detach@?$QMap@VQString@@VparamInfo@@@@IAEXXZ 00402b61 f i AdjustMon.obj
 0001:00001b6e       ??0?$QMap@VQString@@VcomplexParam@@@@QAE@XZ 00402b6e f i AdjustMon.obj
 0001:00001ba8       ??1?$QMap@VQString@@VcomplexParam@@@@QAE@XZ 00402ba8 f i AdjustMon.obj
 0001:00001bc5       ?begin@?$QMap@VQString@@VcomplexParam@@@@QAE?AV?$QMapIterator@VQString@@VcomplexParam@@@@XZ 00402bc5 f i AdjustMon.obj
 0001:00001be5       ?end@?$QMap@VQString@@VcomplexParam@@@@QAE?AV?$QMapIterator@VQString@@VcomplexParam@@@@XZ 00402be5 f i AdjustMon.obj
 0001:00001c03       ?constEnd@?$QMap@VQString@@VcomplexInstance@@@@QBE?AV?$QMapConstIterator@VQString@@VcomplexInstance@@@@XZ 00402c03 f i AdjustMon.obj
 0001:00001c03       ?end@?$QMap@VQString@@VinstanceInfo@@@@QBE?AV?$QMapConstIterator@VQString@@VinstanceInfo@@@@XZ 00402c03 f i AdjustMon.obj
 0001:00001c03       ?constEnd@?$QMap@VQString@@VcomplexType@@@@QBE?AV?$QMapConstIterator@VQString@@VcomplexType@@@@XZ 00402c03 f i AdjustMon.obj
 0001:00001c03       ?end@?$QMap@VQString@@VcomplexType@@@@QBE?AV?$QMapConstIterator@VQString@@VcomplexType@@@@XZ 00402c03 f i AdjustMon.obj
 0001:00001c03       ?end@?$QMap@VQString@@VdeviceTypeInfo@@@@QBE?AV?$QMapConstIterator@VQString@@VdeviceTypeInfo@@@@XZ 00402c03 f i AdjustMon.obj
 0001:00001c03       ?constEnd@?$QMap@VQString@@VparamInfo@@@@QBE?AV?$QMapConstIterator@VQString@@VparamInfo@@@@XZ 00402c03 f i AdjustMon.obj
 0001:00001c03       ?end@?$QMap@VQString@@VparamInfo@@@@QBE?AV?$QMapConstIterator@VQString@@VparamInfo@@@@XZ 00402c03 f i AdjustMon.obj
 0001:00001c03       ?constEnd@?$QMap@VQString@@VcomplexParam@@@@QBE?AV?$QMapConstIterator@VQString@@VcomplexParam@@@@XZ 00402c03 f i AdjustMon.obj
 0001:00001c03       ?end@?$QMap@VQString@@VcomplexParam@@@@QBE?AV?$QMapConstIterator@VQString@@VcomplexParam@@@@XZ 00402c03 f i AdjustMon.obj
 0001:00001c03       ?constEnd@?$QMap@VQString@@VdeviceTypeInfo@@@@QBE?AV?$QMapConstIterator@VQString@@VdeviceTypeInfo@@@@XZ 00402c03 f i AdjustMon.obj
 0001:00001c03       ?constEnd@?$QMap@VQString@@VinstanceInfo@@@@QBE?AV?$QMapConstIterator@VQString@@VinstanceInfo@@@@XZ 00402c03 f i AdjustMon.obj
 0001:00001c03       ?end@?$QMap@VQString@@VcomplexInstance@@@@QBE?AV?$QMapConstIterator@VQString@@VcomplexInstance@@@@XZ 00402c03 f i AdjustMon.obj
 0001:00001c11       ?replace@?$QMap@VQString@@VcomplexParam@@@@QAE?AV?$QMapIterator@VQString@@VcomplexParam@@@@ABVQString@@ABVcomplexParam@@@Z 00402c11 f i AdjustMon.obj
 0001:00001c39       ?erase@?$QMap@VQString@@VcomplexParam@@@@QAEXV?$QMapIterator@VQString@@VcomplexParam@@@@@Z 00402c39 f i AdjustMon.obj
 0001:00001c39       ?remove@?$QMap@VQString@@VcomplexParam@@@@QAEXV?$QMapIterator@VQString@@VcomplexParam@@@@@Z 00402c39 f i AdjustMon.obj
 0001:00001c5c       ?find@?$QMap@VQString@@VcomplexParam@@@@QAE?AV?$QMapIterator@VQString@@VcomplexParam@@@@ABVQString@@@Z 00402c5c f i AdjustMon.obj
 0001:00001c88       ?find@?$QMap@VQString@@VcomplexParam@@@@QBE?AV?$QMapConstIterator@VQString@@VcomplexParam@@@@ABVQString@@@Z 00402c88 f i AdjustMon.obj
 0001:00001c9e       ??A?$QMap@VQString@@VcomplexParam@@@@QBEABVcomplexParam@@ABVQString@@@Z 00402c9e f i AdjustMon.obj
 0001:00001cb8       ?contains@?$QMap@VQString@@VcomplexParam@@@@QBE_NABVQString@@@Z 00402cb8 f i AdjustMon.obj
 0001:00001cda       ?keys@?$QMap@VQString@@VcomplexParam@@@@QBE?AV?$QValueList@VQString@@@@XZ 00402cda f i AdjustMon.obj
 0001:00001d5f       ?values@?$QMap@VQString@@VcomplexParam@@@@QBE?AV?$QValueList@VcomplexParam@@@@XZ 00402d5f f i AdjustMon.obj
 0001:00001de2       ?detach@?$QMap@VQString@@VcomplexParam@@@@IAEXXZ 00402de2 f i AdjustMon.obj
 0001:00001def       ??0?$QMap@VQString@@VcomplexInstance@@@@QAE@XZ 00402def f i AdjustMon.obj
 0001:00001e29       ??1?$QMap@VQString@@VcomplexInstance@@@@QAE@XZ 00402e29 f i AdjustMon.obj
 0001:00001e46       ?begin@?$QMap@VQString@@VcomplexInstance@@@@QAE?AV?$QMapIterator@VQString@@VcomplexInstance@@@@XZ 00402e46 f i AdjustMon.obj
 0001:00001e66       ?end@?$QMap@VQString@@VcomplexInstance@@@@QAE?AV?$QMapIterator@VQString@@VcomplexInstance@@@@XZ 00402e66 f i AdjustMon.obj
 0001:00001e84       ?replace@?$QMap@VQString@@VcomplexInstance@@@@QAE?AV?$QMapIterator@VQString@@VcomplexInstance@@@@ABVQString@@ABVcomplexInstance@@@Z 00402e84 f i AdjustMon.obj
 0001:00001eac       ?find@?$QMap@VQString@@VcomplexInstance@@@@QAE?AV?$QMapIterator@VQString@@VcomplexInstance@@@@ABVQString@@@Z 00402eac f i AdjustMon.obj
 0001:00001ed8       ??A?$QMap@VQString@@VcomplexType@@@@QBEABVcomplexType@@ABVQString@@@Z 00402ed8 f i AdjustMon.obj
 0001:00001ed8       ??A?$QMap@VQString@@VcomplexInstance@@@@QBEABVcomplexInstance@@ABVQString@@@Z 00402ed8 f i AdjustMon.obj
 0001:00001ed8       ??A?$QMap@VQString@@VparamInfo@@@@QBEABVparamInfo@@ABVQString@@@Z 00402ed8 f i AdjustMon.obj
 0001:00001ef2       ?keys@?$QMap@VQString@@VcomplexInstance@@@@QBE?AV?$QValueList@VQString@@@@XZ 00402ef2 f i AdjustMon.obj
 0001:00001f77       ?values@?$QMap@VQString@@VcomplexInstance@@@@QBE?AV?$QValueList@VcomplexInstance@@@@XZ 00402f77 f i AdjustMon.obj
 0001:00001ffa       ?remove@?$QMap@VQString@@VcomplexInstance@@@@QAEXV?$QMapIterator@VQString@@VcomplexInstance@@@@@Z 00402ffa f i AdjustMon.obj
 0001:00001ffa       ?erase@?$QMap@VQString@@VcomplexInstance@@@@QAEXV?$QMapIterator@VQString@@VcomplexInstance@@@@@Z 00402ffa f i AdjustMon.obj
 0001:0000201d       ?detach@?$QMap@VQString@@VcomplexInstance@@@@IAEXXZ 0040301d f i AdjustMon.obj
 0001:0000202a       ??0?$QMap@VQString@@VinstanceInfo@@@@QAE@XZ 0040302a f i AdjustMon.obj
 0001:00002064       ??0?$QMap@VQString@@VparamInfo@@@@QAE@ABV0@@Z 00403064 f i AdjustMon.obj
 0001:00002064       ??0?$QMap@VQString@@VcomplexParam@@@@QAE@ABV0@@Z 00403064 f i AdjustMon.obj
 0001:00002064       ??0?$QMap@VQString@@VinstanceInfo@@@@QAE@ABV0@@Z 00403064 f i AdjustMon.obj
 0001:00002064       ??0?$QMap@VQString@@VcomplexInstance@@@@QAE@ABV0@@Z 00403064 f i AdjustMon.obj
 0001:00002064       ??0?$QMap@VQString@@VcomplexType@@@@QAE@ABV0@@Z 00403064 f i AdjustMon.obj
 0001:00002064       ??0?$QMap@VQString@@VdeviceTypeInfo@@@@QAE@ABV0@@Z 00403064 f i AdjustMon.obj
 0001:00002073       ??1?$QMap@VQString@@VinstanceInfo@@@@QAE@XZ 00403073 f i AdjustMon.obj
 0001:00002090       ?begin@?$QMap@VQString@@VinstanceInfo@@@@QAE?AV?$QMapIterator@VQString@@VinstanceInfo@@@@XZ 00403090 f i AdjustMon.obj
 0001:000020b0       ?end@?$QMap@VQString@@VinstanceInfo@@@@QAE?AV?$QMapIterator@VQString@@VinstanceInfo@@@@XZ 004030b0 f i AdjustMon.obj
 0001:000020ce       ?replace@?$QMap@VQString@@VinstanceInfo@@@@QAE?AV?$QMapIterator@VQString@@VinstanceInfo@@@@ABVQString@@ABVinstanceInfo@@@Z 004030ce f i AdjustMon.obj
 0001:000020f6       ?remove@?$QMap@VQString@@VinstanceInfo@@@@QAEXV?$QMapIterator@VQString@@VinstanceInfo@@@@@Z 004030f6 f i AdjustMon.obj
 0001:000020f6       ?erase@?$QMap@VQString@@VinstanceInfo@@@@QAEXV?$QMapIterator@VQString@@VinstanceInfo@@@@@Z 004030f6 f i AdjustMon.obj
 0001:00002119       ?find@?$QMap@VQString@@VinstanceInfo@@@@QAE?AV?$QMapIterator@VQString@@VinstanceInfo@@@@ABVQString@@@Z 00403119 f i AdjustMon.obj
 0001:00002145       ?find@?$QMap@VQString@@VinstanceInfo@@@@QBE?AV?$QMapConstIterator@VQString@@VinstanceInfo@@@@ABVQString@@@Z 00403145 f i AdjustMon.obj
 0001:0000215b       ??A?$QMap@VQString@@VinstanceInfo@@@@QBEABVinstanceInfo@@ABVQString@@@Z 0040315b f i AdjustMon.obj
 0001:00002175       ?contains@?$QMap@VQString@@VinstanceInfo@@@@QBE_NABVQString@@@Z 00403175 f i AdjustMon.obj
 0001:00002197       ?keys@?$QMap@VQString@@VinstanceInfo@@@@QBE?AV?$QValueList@VQString@@@@XZ 00403197 f i AdjustMon.obj
 0001:0000221c       ?values@?$QMap@VQString@@VinstanceInfo@@@@QBE?AV?$QValueList@VinstanceInfo@@@@XZ 0040321c f i AdjustMon.obj
 0001:0000229f       ?detach@?$QMap@VQString@@VinstanceInfo@@@@IAEXXZ 0040329f f i AdjustMon.obj
 0001:000022ac       ??0?$QMap@VQString@@VdeviceTypeInfo@@@@QAE@XZ 004032ac f i AdjustMon.obj
 0001:000022e6       ??1?$QMap@VQString@@VdeviceTypeInfo@@@@QAE@XZ 004032e6 f i AdjustMon.obj
 0001:00002303       ?begin@?$QMap@VQString@@VdeviceTypeInfo@@@@QAE?AV?$QMapIterator@VQString@@VdeviceTypeInfo@@@@XZ 00403303 f i AdjustMon.obj
 0001:00002323       ?end@?$QMap@VQString@@VdeviceTypeInfo@@@@QAE?AV?$QMapIterator@VQString@@VdeviceTypeInfo@@@@XZ 00403323 f i AdjustMon.obj
 0001:00002341       ?replace@?$QMap@VQString@@VdeviceTypeInfo@@@@QAE?AV?$QMapIterator@VQString@@VdeviceTypeInfo@@@@ABVQString@@ABVdeviceTypeInfo@@@Z 00403341 f i AdjustMon.obj
 0001:00002369       ?find@?$QMap@VQString@@VdeviceTypeInfo@@@@QAE?AV?$QMapIterator@VQString@@VdeviceTypeInfo@@@@ABVQString@@@Z 00403369 f i AdjustMon.obj
 0001:00002395       ?find@?$QMap@VQString@@VdeviceTypeInfo@@@@QBE?AV?$QMapConstIterator@VQString@@VdeviceTypeInfo@@@@ABVQString@@@Z 00403395 f i AdjustMon.obj
 0001:000023ab       ??A?$QMap@VQString@@VdeviceTypeInfo@@@@QBEABVdeviceTypeInfo@@ABVQString@@@Z 004033ab f i AdjustMon.obj
 0001:000023c5       ?contains@?$QMap@VQString@@VdeviceTypeInfo@@@@QBE_NABVQString@@@Z 004033c5 f i AdjustMon.obj
 0001:000023e7       ?size@?$QMap@VQString@@VcomplexType@@@@QBEIXZ 004033e7 f i AdjustMon.obj
 0001:000023e7       ?count@?$QMap@VQString@@VdeviceTypeInfo@@@@QBEIXZ 004033e7 f i AdjustMon.obj
 0001:000023e7       ?count@?$QMap@VQString@@VcomplexParam@@@@QBEIXZ 004033e7 f i AdjustMon.obj
 0001:000023e7       ?count@?$QMap@VQString@@VparamInfo@@@@QBEIXZ 004033e7 f i AdjustMon.obj
 0001:000023e7       ?size@?$QMap@VQString@@VcomplexInstance@@@@QBEIXZ 004033e7 f i AdjustMon.obj
 0001:000023e7       ?count@?$QMap@VQString@@VcomplexInstance@@@@QBEIXZ 004033e7 f i AdjustMon.obj
 0001:000023e7       ?size@?$QMap@VQString@@VinstanceInfo@@@@QBEIXZ 004033e7 f i AdjustMon.obj
 0001:000023e7       ?size@?$QMap@VQString@@VcomplexParam@@@@QBEIXZ 004033e7 f i AdjustMon.obj
 0001:000023e7       ?count@?$QMap@VQString@@VcomplexType@@@@QBEIXZ 004033e7 f i AdjustMon.obj
 0001:000023e7       ?size@?$QMap@VQString@@VdeviceTypeInfo@@@@QBEIXZ 004033e7 f i AdjustMon.obj
 0001:000023e7       ?count@?$QMap@VQString@@VinstanceInfo@@@@QBEIXZ 004033e7 f i AdjustMon.obj
 0001:000023e7       ?size@?$QMap@VQString@@VparamInfo@@@@QBEIXZ 004033e7 f i AdjustMon.obj
 0001:000023ed       ?keys@?$QMap@VQString@@VdeviceTypeInfo@@@@QBE?AV?$QValueList@VQString@@@@XZ 004033ed f i AdjustMon.obj
 0001:00002472       ?values@?$QMap@VQString@@VdeviceTypeInfo@@@@QBE?AV?$QValueList@VdeviceTypeInfo@@@@XZ 00403472 f i AdjustMon.obj
 0001:000024f5       ?remove@?$QMap@VQString@@VdeviceTypeInfo@@@@QAEXV?$QMapIterator@VQString@@VdeviceTypeInfo@@@@@Z 004034f5 f i AdjustMon.obj
 0001:000024f5       ?erase@?$QMap@VQString@@VdeviceTypeInfo@@@@QAEXV?$QMapIterator@VQString@@VdeviceTypeInfo@@@@@Z 004034f5 f i AdjustMon.obj
 0001:00002518       ?detach@?$QMap@VQString@@VdeviceTypeInfo@@@@IAEXXZ 00403518 f i AdjustMon.obj
 0001:00002525       ??0?$QMap@VQString@@VcomplexType@@@@QAE@XZ 00403525 f i AdjustMon.obj
 0001:0000255f       ??1?$QMap@VQString@@VcomplexType@@@@QAE@XZ 0040355f f i AdjustMon.obj
 0001:0000257c       ?begin@?$QMap@VQString@@VcomplexType@@@@QAE?AV?$QMapIterator@VQString@@VcomplexType@@@@XZ 0040357c f i AdjustMon.obj
 0001:0000259c       ?end@?$QMap@VQString@@VcomplexType@@@@QAE?AV?$QMapIterator@VQString@@VcomplexType@@@@XZ 0040359c f i AdjustMon.obj
 0001:000025ba       ?begin@?$QMap@VQString@@VcomplexType@@@@QBE?AV?$QMapConstIterator@VQString@@VcomplexType@@@@XZ 004035ba f i AdjustMon.obj
 0001:000025ba       ?begin@?$QMap@VQString@@VcomplexInstance@@@@QBE?AV?$QMapConstIterator@VQString@@VcomplexInstance@@@@XZ 004035ba f i AdjustMon.obj
 0001:000025ba       ?begin@?$QMap@VQString@@VinstanceInfo@@@@QBE?AV?$QMapConstIterator@VQString@@VinstanceInfo@@@@XZ 004035ba f i AdjustMon.obj
 0001:000025ba       ?constBegin@?$QMap@VQString@@VinstanceInfo@@@@QBE?AV?$QMapConstIterator@VQString@@VinstanceInfo@@@@XZ 004035ba f i AdjustMon.obj
 0001:000025ba       ?begin@?$QMap@VQString@@VparamInfo@@@@QBE?AV?$QMapConstIterator@VQString@@VparamInfo@@@@XZ 004035ba f i AdjustMon.obj
 0001:000025ba       ?constBegin@?$QMap@VQString@@VparamInfo@@@@QBE?AV?$QMapConstIterator@VQString@@VparamInfo@@@@XZ 004035ba f i AdjustMon.obj
 0001:000025ba       ?begin@?$QMap@VQString@@VcomplexParam@@@@QBE?AV?$QMapConstIterator@VQString@@VcomplexParam@@@@XZ 004035ba f i AdjustMon.obj
 0001:000025ba       ?constBegin@?$QMap@VQString@@VcomplexInstance@@@@QBE?AV?$QMapConstIterator@VQString@@VcomplexInstance@@@@XZ 004035ba f i AdjustMon.obj
 0001:000025ba       ?constBegin@?$QMap@VQString@@VcomplexType@@@@QBE?AV?$QMapConstIterator@VQString@@VcomplexType@@@@XZ 004035ba f i AdjustMon.obj
 0001:000025ba       ?constBegin@?$QMap@VQString@@VcomplexParam@@@@QBE?AV?$QMapConstIterator@VQString@@VcomplexParam@@@@XZ 004035ba f i AdjustMon.obj
 0001:000025ba       ?constBegin@?$QMap@VQString@@VdeviceTypeInfo@@@@QBE?AV?$QMapConstIterator@VQString@@VdeviceTypeInfo@@@@XZ 004035ba f i AdjustMon.obj
 0001:000025ba       ?begin@?$QMap@VQString@@VdeviceTypeInfo@@@@QBE?AV?$QMapConstIterator@VQString@@VdeviceTypeInfo@@@@XZ 004035ba f i AdjustMon.obj
 0001:000025ca       ?replace@?$QMap@VQString@@VcomplexType@@@@QAE?AV?$QMapIterator@VQString@@VcomplexType@@@@ABVQString@@ABVcomplexType@@@Z 004035ca f i AdjustMon.obj
 0001:000025f2       ?remove@?$QMap@VQString@@VcomplexType@@@@QAEXV?$QMapIterator@VQString@@VcomplexType@@@@@Z 004035f2 f i AdjustMon.obj
 0001:000025f2       ?erase@?$QMap@VQString@@VcomplexType@@@@QAEXV?$QMapIterator@VQString@@VcomplexType@@@@@Z 004035f2 f i AdjustMon.obj
 0001:00002615       ?find@?$QMap@VQString@@VcomplexType@@@@QAE?AV?$QMapIterator@VQString@@VcomplexType@@@@ABVQString@@@Z 00403615 f i AdjustMon.obj
 0001:00002641       ?find@?$QMap@VQString@@VparamInfo@@@@QBE?AV?$QMapConstIterator@VQString@@VparamInfo@@@@ABVQString@@@Z 00403641 f i AdjustMon.obj
 0001:00002641       ?find@?$QMap@VQString@@VcomplexInstance@@@@QBE?AV?$QMapConstIterator@VQString@@VcomplexInstance@@@@ABVQString@@@Z 00403641 f i AdjustMon.obj
 0001:00002641       ?find@?$QMap@VQString@@VcomplexType@@@@QBE?AV?$QMapConstIterator@VQString@@VcomplexType@@@@ABVQString@@@Z 00403641 f i AdjustMon.obj
 0001:00002657       ?contains@?$QMap@VQString@@VcomplexInstance@@@@QBE_NABVQString@@@Z 00403657 f i AdjustMon.obj
 0001:00002657       ?contains@?$QMap@VQString@@VcomplexType@@@@QBE_NABVQString@@@Z 00403657 f i AdjustMon.obj
 0001:00002657       ?contains@?$QMap@VQString@@VparamInfo@@@@QBE_NABVQString@@@Z 00403657 f i AdjustMon.obj
 0001:00002679       ?keys@?$QMap@VQString@@VcomplexType@@@@QBE?AV?$QValueList@VQString@@@@XZ 00403679 f i AdjustMon.obj
 0001:000026fe       ?values@?$QMap@VQString@@VcomplexType@@@@QBE?AV?$QValueList@VcomplexType@@@@XZ 004036fe f i AdjustMon.obj
 0001:00002781       ?empty@?$QMap@VQString@@VcomplexParam@@@@QBE_NXZ 00403781 f i AdjustMon.obj
 0001:00002781       ?isEmpty@?$QMap@VQString@@VcomplexInstance@@@@QBE_NXZ 00403781 f i AdjustMon.obj
 0001:00002781       ?empty@?$QMap@VQString@@VdeviceTypeInfo@@@@QBE_NXZ 00403781 f i AdjustMon.obj
 0001:00002781       ?isEmpty@?$QMap@VQString@@VinstanceInfo@@@@QBE_NXZ 00403781 f i AdjustMon.obj
 0001:00002781       ?isEmpty@?$QMap@VQString@@VcomplexType@@@@QBE_NXZ 00403781 f i AdjustMon.obj
 0001:00002781       ?isEmpty@?$QMap@VQString@@VdeviceTypeInfo@@@@QBE_NXZ 00403781 f i AdjustMon.obj
 0001:00002781       ?isEmpty@?$QMap@VQString@@VcomplexParam@@@@QBE_NXZ 00403781 f i AdjustMon.obj
 0001:00002781       ?isEmpty@?$QMap@VQString@@VparamInfo@@@@QBE_NXZ 00403781 f i AdjustMon.obj
 0001:00002781       ?empty@?$QMap@VQString@@VinstanceInfo@@@@QBE_NXZ 00403781 f i AdjustMon.obj
 0001:00002781       ?empty@?$QMap@VQString@@VparamInfo@@@@QBE_NXZ 00403781 f i AdjustMon.obj
 0001:00002781       ?empty@?$QMap@VQString@@VcomplexInstance@@@@QBE_NXZ 00403781 f i AdjustMon.obj
 0001:00002781       ?empty@?$QMap@VQString@@VcomplexType@@@@QBE_NXZ 00403781 f i AdjustMon.obj
 0001:0000278e       ?detach@?$QMap@VQString@@VcomplexType@@@@IAEXXZ 0040378e f i AdjustMon.obj
 0001:0000279b       ??_E?$QPtrList@VQString@@@@UAEPAXI@Z 0040379b f i AdjustMon.obj
 0001:0000279b       ??_G?$QPtrList@VQString@@@@UAEPAXI@Z 0040379b f i AdjustMon.obj
 0001:000027b7       ?derefAndDelete@?$QValueListPrivate@VcomplexInstance@@@@QAEXXZ 004037b7 f i AdjustMon.obj
 0001:000027b7       ?derefAndDelete@?$QValueListPrivate@UImage@QWidgetFactory@@@@QAEXXZ 004037b7 f i AdjustMon.obj
 0001:000027b7       ?derefAndDelete@?$QValueListPrivate@UField@QWidgetFactory@@@@QAEXXZ 004037b7 f i AdjustMon.obj
 0001:000027b7       ?derefAndDelete@?$QValueListPrivate@VparamInfo@@@@QAEXXZ 004037b7 f i AdjustMon.obj
 0001:000027b7       ?derefAndDelete@?$QValueListPrivate@VcomplexParam@@@@QAEXXZ 004037b7 f i AdjustMon.obj
 0001:000027b7       ?derefAndDelete@?$QValueListPrivate@VinstanceInfo@@@@QAEXXZ 004037b7 f i AdjustMon.obj
 0001:000027b7       ?derefAndDelete@?$QValueListPrivate@VdeviceTypeInfo@@@@QAEXXZ 004037b7 f i AdjustMon.obj
 0001:000027b7       ?derefAndDelete@?$QValueListPrivate@VQString@@@@QAEXXZ 004037b7 f i AdjustMon.obj
 0001:000027b7       ?derefAndDelete@?$QValueListPrivate@VcomplexType@@@@QAEXXZ 004037b7 f i AdjustMon.obj
 0001:000027c7       ??1?$QMapPrivate@VQString@@VparamInfo@@@@QAE@XZ 004037c7 f i AdjustMon.obj
 0001:000027e6       ?remove@?$QMapPrivate@VQString@@VparamInfo@@@@QAEXV?$QMapIterator@VQString@@VparamInfo@@@@@Z 004037e6 f i AdjustMon.obj
 0001:0000281e       ??0?$QValueList@VparamInfo@@@@QAE@XZ 0040381e f i AdjustMon.obj
 0001:00002858       ??1?$QValueList@VcomplexType@@@@QAE@XZ 00403858 f i AdjustMon.obj
 0001:00002858       ??1?$QValueList@VparamInfo@@@@QAE@XZ 00403858 f i AdjustMon.obj
 0001:00002858       ??1?$QValueList@VcomplexInstance@@@@QAE@XZ 00403858 f i AdjustMon.obj
 0001:00002858       ??1?$QValueList@VdeviceTypeInfo@@@@QAE@XZ 00403858 f i AdjustMon.obj
 0001:00002858       ??1?$QValueList@VinstanceInfo@@@@QAE@XZ 00403858 f i AdjustMon.obj
 0001:00002858       ??1?$QValueList@VcomplexParam@@@@QAE@XZ 00403858 f i AdjustMon.obj
 0001:0000285f       ?append@?$QValueList@VparamInfo@@@@QAE?AV?$QValueListIterator@VparamInfo@@@@ABVparamInfo@@@Z 0040385f f i AdjustMon.obj
 0001:0000288f       ??1?$QMapPrivate@VQString@@VcomplexParam@@@@QAE@XZ 0040388f f i AdjustMon.obj
 0001:000028ae       ?remove@?$QMapPrivate@VQString@@VcomplexParam@@@@QAEXV?$QMapIterator@VQString@@VcomplexParam@@@@@Z 004038ae f i AdjustMon.obj
 0001:000028e6       ??0?$QValueList@VcomplexParam@@@@QAE@XZ 004038e6 f i AdjustMon.obj
 0001:00002920       ?append@?$QValueList@VcomplexParam@@@@QAE?AV?$QValueListIterator@VcomplexParam@@@@ABVcomplexParam@@@Z 00403920 f i AdjustMon.obj
 0001:00002950       ??1?$QMapPrivate@VQString@@VcomplexInstance@@@@QAE@XZ 00403950 f i AdjustMon.obj
 0001:0000296f       ?remove@?$QMapPrivate@VQString@@VcomplexInstance@@@@QAEXV?$QMapIterator@VQString@@VcomplexInstance@@@@@Z 0040396f f i AdjustMon.obj
 0001:000029a7       ??0?$QValueList@VcomplexInstance@@@@QAE@XZ 004039a7 f i AdjustMon.obj
 0001:000029e1       ?append@?$QValueList@VcomplexInstance@@@@QAE?AV?$QValueListIterator@VcomplexInstance@@@@ABVcomplexInstance@@@Z 004039e1 f i AdjustMon.obj
 0001:00002a11       ??1?$QMapPrivate@VQString@@VinstanceInfo@@@@QAE@XZ 00403a11 f i AdjustMon.obj
 0001:00002a30       ?remove@?$QMapPrivate@VQString@@VinstanceInfo@@@@QAEXV?$QMapIterator@VQString@@VinstanceInfo@@@@@Z 00403a30 f i AdjustMon.obj
 0001:00002a68       ??0?$QValueList@VinstanceInfo@@@@QAE@XZ 00403a68 f i AdjustMon.obj
 0001:00002aa2       ?append@?$QValueList@VinstanceInfo@@@@QAE?AV?$QValueListIterator@VinstanceInfo@@@@ABVinstanceInfo@@@Z 00403aa2 f i AdjustMon.obj
 0001:00002ad2       ??1?$QMapPrivate@VQString@@VdeviceTypeInfo@@@@QAE@XZ 00403ad2 f i AdjustMon.obj
 0001:00002af1       ?remove@?$QMapPrivate@VQString@@VdeviceTypeInfo@@@@QAEXV?$QMapIterator@VQString@@VdeviceTypeInfo@@@@@Z 00403af1 f i AdjustMon.obj
 0001:00002b29       ??0?$QValueList@VdeviceTypeInfo@@@@QAE@XZ 00403b29 f i AdjustMon.obj
 0001:00002b63       ?append@?$QValueList@VdeviceTypeInfo@@@@QAE?AV?$QValueListIterator@VdeviceTypeInfo@@@@ABVdeviceTypeInfo@@@Z 00403b63 f i AdjustMon.obj
 0001:00002b93       ??1?$QMapPrivate@VQString@@VcomplexType@@@@QAE@XZ 00403b93 f i AdjustMon.obj
 0001:00002bb2       ?remove@?$QMapPrivate@VQString@@VcomplexType@@@@QAEXV?$QMapIterator@VQString@@VcomplexType@@@@@Z 00403bb2 f i AdjustMon.obj
 0001:00002bea       ??0?$QValueList@VcomplexType@@@@QAE@XZ 00403bea f i AdjustMon.obj
 0001:00002c24       ?append@?$QValueList@VcomplexType@@@@QAE?AV?$QValueListIterator@VcomplexType@@@@ABVcomplexType@@@Z 00403c24 f i AdjustMon.obj
 0001:00002c54       ??1?$QMapNode@VQString@@VparamInfo@@@@QAE@XZ 00403c54 f i AdjustMon.obj
 0001:00002c8c       ??1?$QMapNode@VQString@@VcomplexParam@@@@QAE@XZ 00403c8c f i AdjustMon.obj
 0001:00002cc4       ??1?$QMapNode@VQString@@VcomplexInstance@@@@QAE@XZ 00403cc4 f i AdjustMon.obj
 0001:00002cfc       ??1?$QMapNode@VQString@@VinstanceInfo@@@@QAE@XZ 00403cfc f i AdjustMon.obj
 0001:00002d34       ??1?$QMapNode@VQString@@VdeviceTypeInfo@@@@QAE@XZ 00403d34 f i AdjustMon.obj
 0001:00002d6c       ??1?$QMapNode@VQString@@VcomplexType@@@@QAE@XZ 00403d6c f i AdjustMon.obj
 0001:00002da4       ?end@?$QValueList@VparamInfo@@@@QAE?AV?$QValueListIterator@VparamInfo@@@@XZ 00403da4 f i AdjustMon.obj
 0001:00002dc3       ?end@?$QValueList@VcomplexParam@@@@QAE?AV?$QValueListIterator@VcomplexParam@@@@XZ 00403dc3 f i AdjustMon.obj
 0001:00002de2       ?end@?$QValueList@VcomplexInstance@@@@QAE?AV?$QValueListIterator@VcomplexInstance@@@@XZ 00403de2 f i AdjustMon.obj
 0001:00002e01       ?end@?$QValueList@VinstanceInfo@@@@QAE?AV?$QValueListIterator@VinstanceInfo@@@@XZ 00403e01 f i AdjustMon.obj
 0001:00002e20       ?end@?$QValueList@VdeviceTypeInfo@@@@QAE?AV?$QValueListIterator@VdeviceTypeInfo@@@@XZ 00403e20 f i AdjustMon.obj
 0001:00002e3f       ?end@?$QValueList@VcomplexType@@@@QAE?AV?$QValueListIterator@VcomplexType@@@@XZ 00403e3f f i AdjustMon.obj
 0001:00002e5e       ?deleteItem@?$QPtrList@VQString@@@@EAEXPAX@Z 00403e5e f i AdjustMon.obj
 0001:00002e80       ??4?$QMap@VQString@@VparamInfo@@@@QAEAAV0@ABV0@@Z 00403e80 f i AdjustMon.obj
 0001:00002eb3       ?insert@?$QMap@VQString@@VparamInfo@@@@QAE?AV?$QMapIterator@VQString@@VparamInfo@@@@ABVQString@@ABVparamInfo@@_N@Z 00403eb3 f i AdjustMon.obj
 0001:00002eff       ?insert@?$QMap@VQString@@VparamInfo@@@@QAE?AU?$QPair@V?$QMapIterator@VQString@@VparamInfo@@@@_N@@ABU?$QPair@$$CBVQString@@VparamInfo@@@@@Z 00403eff f i AdjustMon.obj
 0001:00002f4c       ?remove@?$QMap@VQString@@VparamInfo@@@@QAEXABVQString@@@Z 00403f4c f i AdjustMon.obj
 0001:00002f4c       ?erase@?$QMap@VQString@@VparamInfo@@@@QAEXABVQString@@@Z 00403f4c f i AdjustMon.obj
 0001:00002f96       ?count@?$QMap@VQString@@VcomplexInstance@@@@QBEIABVQString@@@Z 00403f96 f i AdjustMon.obj
 0001:00002f96       ?count@?$QMap@VQString@@VcomplexType@@@@QBEIABVQString@@@Z 00403f96 f i AdjustMon.obj
 0001:00002f96       ?count@?$QMap@VQString@@VparamInfo@@@@QBEIABVQString@@@Z 00403f96 f i AdjustMon.obj
 0001:00002fd9       ??A?$QMap@VQString@@VparamInfo@@@@QAEAAVparamInfo@@ABVQString@@@Z 00403fd9 f i AdjustMon.obj
 0001:00003052       ?clear@?$QMap@VQString@@VparamInfo@@@@QAEXXZ 00404052 f i AdjustMon.obj
 0001:0000309a       ?detachInternal@?$QMap@VQString@@VparamInfo@@@@AAEXXZ 0040409a f i AdjustMon.obj
 0001:000030d8       ??4?$QMap@VQString@@VcomplexParam@@@@QAEAAV0@ABV0@@Z 004040d8 f i AdjustMon.obj
 0001:0000310b       ?insert@?$QMap@VQString@@VcomplexParam@@@@QAE?AV?$QMapIterator@VQString@@VcomplexParam@@@@ABVQString@@ABVcomplexParam@@_N@Z 0040410b f i AdjustMon.obj
 0001:0000316e       ?insert@?$QMap@VQString@@VcomplexParam@@@@QAE?AU?$QPair@V?$QMapIterator@VQString@@VcomplexParam@@@@_N@@ABU?$QPair@$$CBVQString@@VcomplexParam@@@@@Z 0040416e f i AdjustMon.obj
 0001:000031d5       ?count@?$QMap@VQString@@VcomplexParam@@@@QBEIABVQString@@@Z 004041d5 f i AdjustMon.obj
 0001:00003218       ??A?$QMap@VQString@@VcomplexParam@@@@QAEAAVcomplexParam@@ABVQString@@@Z 00404218 f i AdjustMon.obj
 0001:00003291       ?clear@?$QMap@VQString@@VcomplexParam@@@@QAEXXZ 00404291 f i AdjustMon.obj
 0001:000032d9       ?remove@?$QMap@VQString@@VcomplexParam@@@@QAEXABVQString@@@Z 004042d9 f i AdjustMon.obj
 0001:000032d9       ?erase@?$QMap@VQString@@VcomplexParam@@@@QAEXABVQString@@@Z 004042d9 f i AdjustMon.obj
 0001:00003323       ?detachInternal@?$QMap@VQString@@VcomplexParam@@@@AAEXXZ 00404323 f i AdjustMon.obj
 0001:00003361       ??4?$QMap@VQString@@VcomplexInstance@@@@QAEAAV0@ABV0@@Z 00404361 f i AdjustMon.obj
 0001:00003394       ?insert@?$QMap@VQString@@VcomplexInstance@@@@QAE?AV?$QMapIterator@VQString@@VcomplexInstance@@@@ABVQString@@ABVcomplexInstance@@_N@Z 00404394 f i AdjustMon.obj
 0001:000033e6       ?insert@?$QMap@VQString@@VcomplexInstance@@@@QAE?AU?$QPair@V?$QMapIterator@VQString@@VcomplexInstance@@@@_N@@ABU?$QPair@$$CBVQString@@VcomplexInstance@@@@@Z 004043e6 f i AdjustMon.obj
 0001:0000343e       ?remove@?$QMap@VQString@@VcomplexInstance@@@@QAEXABVQString@@@Z 0040443e f i AdjustMon.obj
 0001:0000343e       ?erase@?$QMap@VQString@@VcomplexInstance@@@@QAEXABVQString@@@Z 0040443e f i AdjustMon.obj
 0001:00003488       ??A?$QMap@VQString@@VcomplexInstance@@@@QAEAAVcomplexInstance@@ABVQString@@@Z 00404488 f i AdjustMon.obj
 0001:00003501       ?clear@?$QMap@VQString@@VcomplexInstance@@@@QAEXXZ 00404501 f i AdjustMon.obj
 0001:00003549       ?detachInternal@?$QMap@VQString@@VcomplexInstance@@@@AAEXXZ 00404549 f i AdjustMon.obj
 0001:00003587       ??4?$QMap@VQString@@VinstanceInfo@@@@QAEAAV0@ABV0@@Z 00404587 f i AdjustMon.obj
 0001:000035ba       ?insert@?$QMap@VQString@@VinstanceInfo@@@@QAE?AV?$QMapIterator@VQString@@VinstanceInfo@@@@ABVQString@@ABVinstanceInfo@@_N@Z 004045ba f i AdjustMon.obj
 0001:00003609       ?insert@?$QMap@VQString@@VinstanceInfo@@@@QAE?AU?$QPair@V?$QMapIterator@VQString@@VinstanceInfo@@@@_N@@ABU?$QPair@$$CBVQString@@VinstanceInfo@@@@@Z 00404609 f i AdjustMon.obj
 0001:00003662       ?count@?$QMap@VQString@@VinstanceInfo@@@@QBEIABVQString@@@Z 00404662 f i AdjustMon.obj
 0001:000036a5       ??A?$QMap@VQString@@VinstanceInfo@@@@QAEAAVinstanceInfo@@ABVQString@@@Z 004046a5 f i AdjustMon.obj
 0001:0000371e       ?clear@?$QMap@VQString@@VinstanceInfo@@@@QAEXXZ 0040471e f i AdjustMon.obj
 0001:00003766       ?remove@?$QMap@VQString@@VinstanceInfo@@@@QAEXABVQString@@@Z 00404766 f i AdjustMon.obj
 0001:00003766       ?erase@?$QMap@VQString@@VinstanceInfo@@@@QAEXABVQString@@@Z 00404766 f i AdjustMon.obj
 0001:000037b0       ?detachInternal@?$QMap@VQString@@VinstanceInfo@@@@AAEXXZ 004047b0 f i AdjustMon.obj
 0001:000037ee       ??4?$QMap@VQString@@VdeviceTypeInfo@@@@QAEAAV0@ABV0@@Z 004047ee f i AdjustMon.obj
 0001:00003821       ?insert@?$QMap@VQString@@VdeviceTypeInfo@@@@QAE?AV?$QMapIterator@VQString@@VdeviceTypeInfo@@@@ABVQString@@ABVdeviceTypeInfo@@_N@Z 00404821 f i AdjustMon.obj
 0001:00003882       ?insert@?$QMap@VQString@@VdeviceTypeInfo@@@@QAE?AU?$QPair@V?$QMapIterator@VQString@@VdeviceTypeInfo@@@@_N@@ABU?$QPair@$$CBVQString@@VdeviceTypeInfo@@@@@Z 00404882 f i AdjustMon.obj
 0001:000038e9       ?count@?$QMap@VQString@@VdeviceTypeInfo@@@@QBEIABVQString@@@Z 004048e9 f i AdjustMon.obj
 0001:0000392c       ??A?$QMap@VQString@@VdeviceTypeInfo@@@@QAEAAVdeviceTypeInfo@@ABVQString@@@Z 0040492c f i AdjustMon.obj
 0001:000039a5       ?clear@?$QMap@VQString@@VdeviceTypeInfo@@@@QAEXXZ 004049a5 f i AdjustMon.obj
 0001:000039ed       ?remove@?$QMap@VQString@@VdeviceTypeInfo@@@@QAEXABVQString@@@Z 004049ed f i AdjustMon.obj
 0001:000039ed       ?erase@?$QMap@VQString@@VdeviceTypeInfo@@@@QAEXABVQString@@@Z 004049ed f i AdjustMon.obj
 0001:00003a37       ?detachInternal@?$QMap@VQString@@VdeviceTypeInfo@@@@AAEXXZ 00404a37 f i AdjustMon.obj
 0001:00003a75       ??4?$QMap@VQString@@VcomplexType@@@@QAEAAV0@ABV0@@Z 00404a75 f i AdjustMon.obj
 0001:00003aa8       ?insert@?$QMap@VQString@@VcomplexType@@@@QAE?AV?$QMapIterator@VQString@@VcomplexType@@@@ABVQString@@ABVcomplexType@@_N@Z 00404aa8 f i AdjustMon.obj
 0001:00003afa       ?insert@?$QMap@VQString@@VcomplexType@@@@QAE?AU?$QPair@V?$QMapIterator@VQString@@VcomplexType@@@@_N@@ABU?$QPair@$$CBVQString@@VcomplexType@@@@@Z 00404afa f i AdjustMon.obj
 0001:00003b52       ?erase@?$QMap@VQString@@VcomplexType@@@@QAEXABVQString@@@Z 00404b52 f i AdjustMon.obj
 0001:00003b52       ?remove@?$QMap@VQString@@VcomplexType@@@@QAEXABVQString@@@Z 00404b52 f i AdjustMon.obj
 0001:00003b9c       ??A?$QMap@VQString@@VcomplexType@@@@QAEAAVcomplexType@@ABVQString@@@Z 00404b9c f i AdjustMon.obj
 0001:00003c15       ?clear@?$QMap@VQString@@VcomplexType@@@@QAEXXZ 00404c15 f i AdjustMon.obj
 0001:00003c5d       ?detachInternal@?$QMap@VQString@@VcomplexType@@@@AAEXXZ 00404c5d f i AdjustMon.obj
 0001:00003c9b       ??0?$QMapPrivate@VQString@@VparamInfo@@@@QAE@XZ 00404c9b f i AdjustMon.obj
 0001:00003d10       ?clear@?$QMapPrivate@VQString@@VparamInfo@@@@QAEXXZ 00404d10 f i AdjustMon.obj
 0001:00003d3f       ?find@?$QMapPrivate@VQString@@VcomplexInstance@@@@QBE?AV?$QMapConstIterator@VQString@@VcomplexInstance@@@@ABVQString@@@Z 00404d3f f i AdjustMon.obj
 0001:00003d3f       ?find@?$QMapPrivate@VQString@@VparamInfo@@@@QBE?AV?$QMapConstIterator@VQString@@VparamInfo@@@@ABVQString@@@Z 00404d3f f i AdjustMon.obj
 0001:00003d3f       ?find@?$QMapPrivate@VQString@@VcomplexType@@@@QBE?AV?$QMapConstIterator@VQString@@VcomplexType@@@@ABVQString@@@Z 00404d3f f i AdjustMon.obj
 0001:00003d9d       ?detachInternal@?$QValueList@VparamInfo@@@@AAEXXZ 00404d9d f i AdjustMon.obj
 0001:00003dde       ??0?$QMapPrivate@VQString@@VcomplexParam@@@@QAE@XZ 00404dde f i AdjustMon.obj
 0001:00003e53       ?clear@?$QMapPrivate@VQString@@VcomplexParam@@@@QAEXXZ 00404e53 f i AdjustMon.obj
 0001:00003e82       ?find@?$QMapPrivate@VQString@@VcomplexParam@@@@QBE?AV?$QMapConstIterator@VQString@@VcomplexParam@@@@ABVQString@@@Z 00404e82 f i AdjustMon.obj
 0001:00003ee0       ?detachInternal@?$QValueList@VcomplexParam@@@@AAEXXZ 00404ee0 f i AdjustMon.obj
 0001:00003f21       ??0?$QMapPrivate@VQString@@VcomplexInstance@@@@QAE@XZ 00404f21 f i AdjustMon.obj
 0001:00003f96       ?clear@?$QMapPrivate@VQString@@VcomplexInstance@@@@QAEXXZ 00404f96 f i AdjustMon.obj
 0001:00003fc5       ?detachInternal@?$QValueList@VcomplexInstance@@@@AAEXXZ 00404fc5 f i AdjustMon.obj
 0001:00004006       ??0?$QMapPrivate@VQString@@VinstanceInfo@@@@QAE@XZ 00405006 f i AdjustMon.obj
 0001:0000407b       ?clear@?$QMapPrivate@VQString@@VinstanceInfo@@@@QAEXXZ 0040507b f i AdjustMon.obj
 0001:000040aa       ?find@?$QMapPrivate@VQString@@VinstanceInfo@@@@QBE?AV?$QMapConstIterator@VQString@@VinstanceInfo@@@@ABVQString@@@Z 004050aa f i AdjustMon.obj
 0001:00004108       ?detachInternal@?$QValueList@VinstanceInfo@@@@AAEXXZ 00405108 f i AdjustMon.obj
 0001:00004149       ??0?$QMapPrivate@VQString@@VdeviceTypeInfo@@@@QAE@XZ 00405149 f i AdjustMon.obj
 0001:000041be       ?clear@?$QMapPrivate@VQString@@VdeviceTypeInfo@@@@QAEXXZ 004051be f i AdjustMon.obj
 0001:000041ed       ?find@?$QMapPrivate@VQString@@VdeviceTypeInfo@@@@QBE?AV?$QMapConstIterator@VQString@@VdeviceTypeInfo@@@@ABVQString@@@Z 004051ed f i AdjustMon.obj
 0001:0000424b       ?detachInternal@?$QValueList@VdeviceTypeInfo@@@@AAEXXZ 0040524b f i AdjustMon.obj
 0001:0000428c       ??0?$QMapPrivate@VQString@@VcomplexType@@@@QAE@XZ 0040528c f i AdjustMon.obj
 0001:00004301       ?clear@?$QMapPrivate@VQString@@VcomplexType@@@@QAEXXZ 00405301 f i AdjustMon.obj
 0001:00004330       ?inc@?$QMapConstIterator@VQString@@VcomplexInstance@@@@AAEHXZ 00405330 f i AdjustMon.obj
 0001:00004330       ?inc@?$QMapConstIterator@VQString@@VcomplexType@@@@AAEHXZ 00405330 f i AdjustMon.obj
 0001:00004330       ?inc@?$QMapConstIterator@VQString@@VinstanceInfo@@@@AAEHXZ 00405330 f i AdjustMon.obj
 0001:00004330       ?inc@?$QMapConstIterator@VQString@@VcomplexParam@@@@AAEHXZ 00405330 f i AdjustMon.obj
 0001:00004330       ?inc@?$QMapConstIterator@VQString@@VparamInfo@@@@AAEHXZ 00405330 f i AdjustMon.obj
 0001:00004330       ?inc@?$QMapConstIterator@VQString@@VdeviceTypeInfo@@@@AAEHXZ 00405330 f i AdjustMon.obj
 0001:0000435e       ?detachInternal@?$QValueList@VcomplexType@@@@AAEXXZ 0040535e f i AdjustMon.obj
 0001:0000439f       ??0?$QValueListPrivate@VparamInfo@@@@QAE@XZ 0040539f f i AdjustMon.obj
 0001:00004408       ?insert@?$QValueListPrivate@VparamInfo@@@@QAE?AV?$QValueListIterator@VparamInfo@@@@V2@ABVparamInfo@@@Z 00405408 f i AdjustMon.obj
 0001:00004459       ??0?$QValueListPrivate@VcomplexParam@@@@QAE@XZ 00405459 f i AdjustMon.obj
 0001:000044c2       ?insert@?$QValueListPrivate@VcomplexParam@@@@QAE?AV?$QValueListIterator@VcomplexParam@@@@V2@ABVcomplexParam@@@Z 004054c2 f i AdjustMon.obj
 0001:00004528       ??0?$QValueListPrivate@VcomplexInstance@@@@QAE@XZ 00405528 f i AdjustMon.obj
 0001:00004591       ?insert@?$QValueListPrivate@VcomplexInstance@@@@QAE?AV?$QValueListIterator@VcomplexInstance@@@@V2@ABVcomplexInstance@@@Z 00405591 f i AdjustMon.obj
 0001:000045e4       ??0?$QValueListPrivate@VinstanceInfo@@@@QAE@XZ 004055e4 f i AdjustMon.obj
 0001:0000464d       ?insert@?$QValueListPrivate@VinstanceInfo@@@@QAE?AV?$QValueListIterator@VinstanceInfo@@@@V2@ABVinstanceInfo@@@Z 0040564d f i AdjustMon.obj
 0001:000046b3       ??0?$QValueListPrivate@VdeviceTypeInfo@@@@QAE@XZ 004056b3 f i AdjustMon.obj
 0001:0000471c       ?insert@?$QValueListPrivate@VdeviceTypeInfo@@@@QAE?AV?$QValueListIterator@VdeviceTypeInfo@@@@V2@ABVdeviceTypeInfo@@@Z 0040571c f i AdjustMon.obj
 0001:0000477b       ??0?$QValueListPrivate@VcomplexType@@@@QAE@XZ 0040577b f i AdjustMon.obj
 0001:000047e4       ?insert@?$QValueListPrivate@VcomplexType@@@@QAE?AV?$QValueListIterator@VcomplexType@@@@V2@ABVcomplexType@@@Z 004057e4 f i AdjustMon.obj
 0001:00004837       ??_G?$QValueListPrivate@VparamInfo@@@@UAEPAXI@Z 00405837 f i AdjustMon.obj
 0001:00004837       ??_E?$QValueListPrivate@VparamInfo@@@@UAEPAXI@Z 00405837 f i AdjustMon.obj
 0001:00004853       ??1?$QValueListPrivate@VparamInfo@@@@UAE@XZ 00405853 f i AdjustMon.obj
 0001:0000488b       ??_E?$QValueListPrivate@VcomplexParam@@@@UAEPAXI@Z 0040588b f i AdjustMon.obj
 0001:0000488b       ??_G?$QValueListPrivate@VcomplexParam@@@@UAEPAXI@Z 0040588b f i AdjustMon.obj
 0001:000048a7       ??1?$QValueListPrivate@VcomplexParam@@@@UAE@XZ 004058a7 f i AdjustMon.obj
 0001:000048df       ??_E?$QValueListPrivate@VcomplexInstance@@@@UAEPAXI@Z 004058df f i AdjustMon.obj
 0001:000048df       ??_G?$QValueListPrivate@VcomplexInstance@@@@UAEPAXI@Z 004058df f i AdjustMon.obj
 0001:000048fb       ??1?$QValueListPrivate@VcomplexInstance@@@@UAE@XZ 004058fb f i AdjustMon.obj
 0001:00004933       ??_E?$QValueListPrivate@VinstanceInfo@@@@UAEPAXI@Z 00405933 f i AdjustMon.obj
 0001:00004933       ??_G?$QValueListPrivate@VinstanceInfo@@@@UAEPAXI@Z 00405933 f i AdjustMon.obj
 0001:0000494f       ??1?$QValueListPrivate@VinstanceInfo@@@@UAE@XZ 0040594f f i AdjustMon.obj
 0001:00004987       ??_G?$QValueListPrivate@VdeviceTypeInfo@@@@UAEPAXI@Z 00405987 f i AdjustMon.obj
 0001:00004987       ??_E?$QValueListPrivate@VdeviceTypeInfo@@@@UAEPAXI@Z 00405987 f i AdjustMon.obj
 0001:000049a3       ??1?$QValueListPrivate@VdeviceTypeInfo@@@@UAE@XZ 004059a3 f i AdjustMon.obj
 0001:000049db       ??_E?$QValueListPrivate@VcomplexType@@@@UAEPAXI@Z 004059db f i AdjustMon.obj
 0001:000049db       ??_G?$QValueListPrivate@VcomplexType@@@@UAEPAXI@Z 004059db f i AdjustMon.obj
 0001:000049f7       ??1?$QValueListPrivate@VcomplexType@@@@UAE@XZ 004059f7 f i AdjustMon.obj
 0001:00004a2f       ??_E?$QValueListNode@VparamInfo@@@@UAEPAXI@Z 00405a2f f i AdjustMon.obj
 0001:00004a2f       ??_G?$QValueListNode@VparamInfo@@@@UAEPAXI@Z 00405a2f f i AdjustMon.obj
 0001:00004a4b       ??1?$QValueListNode@VparamInfo@@@@UAE@XZ 00405a4b f i AdjustMon.obj
 0001:00004a5a       ??_E?$QValueListNode@VcomplexParam@@@@UAEPAXI@Z 00405a5a f i AdjustMon.obj
 0001:00004a5a       ??_G?$QValueListNode@VcomplexParam@@@@UAEPAXI@Z 00405a5a f i AdjustMon.obj
 0001:00004a76       ??1?$QValueListNode@VcomplexParam@@@@UAE@XZ 00405a76 f i AdjustMon.obj
 0001:00004a85       ??_G?$QValueListNode@VcomplexInstance@@@@UAEPAXI@Z 00405a85 f i AdjustMon.obj
 0001:00004a85       ??_E?$QValueListNode@VcomplexInstance@@@@UAEPAXI@Z 00405a85 f i AdjustMon.obj
 0001:00004aa1       ??1?$QValueListNode@VcomplexInstance@@@@UAE@XZ 00405aa1 f i AdjustMon.obj
 0001:00004ab0       ??_E?$QValueListNode@VinstanceInfo@@@@UAEPAXI@Z 00405ab0 f i AdjustMon.obj
 0001:00004ab0       ??_G?$QValueListNode@VinstanceInfo@@@@UAEPAXI@Z 00405ab0 f i AdjustMon.obj
 0001:00004acc       ??1?$QValueListNode@VinstanceInfo@@@@UAE@XZ 00405acc f i AdjustMon.obj
 0001:00004adb       ??_E?$QValueListNode@VdeviceTypeInfo@@@@UAEPAXI@Z 00405adb f i AdjustMon.obj
 0001:00004adb       ??_G?$QValueListNode@VdeviceTypeInfo@@@@UAEPAXI@Z 00405adb f i AdjustMon.obj
 0001:00004af7       ??1?$QValueListNode@VdeviceTypeInfo@@@@UAE@XZ 00405af7 f i AdjustMon.obj
 0001:00004b06       ??_E?$QValueListNode@VcomplexType@@@@UAEPAXI@Z 00405b06 f i AdjustMon.obj
 0001:00004b06       ??_G?$QValueListNode@VcomplexType@@@@UAEPAXI@Z 00405b06 f i AdjustMon.obj
 0001:00004b22       ??1?$QValueListNode@VcomplexType@@@@UAE@XZ 00405b22 f i AdjustMon.obj
 0001:00004b31       ??0?$QMapPrivate@VQString@@VparamInfo@@@@QAE@PBV0@@Z 00405b31 f i AdjustMon.obj
 0001:00004bf9       ?clear@?$QMapPrivate@VQString@@VparamInfo@@@@QAEXPAU?$QMapNode@VQString@@VparamInfo@@@@@Z 00405bf9 f i AdjustMon.obj
 0001:00004c30       ?insertSingle@?$QMapPrivate@VQString@@VparamInfo@@@@QAE?AV?$QMapIterator@VQString@@VparamInfo@@@@ABVQString@@@Z 00405c30 f i AdjustMon.obj
 0001:00004cb2       ??0?$QMapPrivate@VQString@@VcomplexParam@@@@QAE@PBV0@@Z 00405cb2 f i AdjustMon.obj
 0001:00004d7a       ?clear@?$QMapPrivate@VQString@@VcomplexParam@@@@QAEXPAU?$QMapNode@VQString@@VcomplexParam@@@@@Z 00405d7a f i AdjustMon.obj
 0001:00004db1       ?insertSingle@?$QMapPrivate@VQString@@VcomplexParam@@@@QAE?AV?$QMapIterator@VQString@@VcomplexParam@@@@ABVQString@@@Z 00405db1 f i AdjustMon.obj
 0001:00004e33       ??0?$QMapPrivate@VQString@@VcomplexInstance@@@@QAE@PBV0@@Z 00405e33 f i AdjustMon.obj
 0001:00004efb       ?clear@?$QMapPrivate@VQString@@VcomplexInstance@@@@QAEXPAU?$QMapNode@VQString@@VcomplexInstance@@@@@Z 00405efb f i AdjustMon.obj
 0001:00004f32       ?insertSingle@?$QMapPrivate@VQString@@VcomplexInstance@@@@QAE?AV?$QMapIterator@VQString@@VcomplexInstance@@@@ABVQString@@@Z 00405f32 f i AdjustMon.obj
 0001:00004fb4       ??0?$QMapPrivate@VQString@@VinstanceInfo@@@@QAE@PBV0@@Z 00405fb4 f i AdjustMon.obj
 0001:0000507c       ?clear@?$QMapPrivate@VQString@@VinstanceInfo@@@@QAEXPAU?$QMapNode@VQString@@VinstanceInfo@@@@@Z 0040607c f i AdjustMon.obj
 0001:000050b3       ?insertSingle@?$QMapPrivate@VQString@@VinstanceInfo@@@@QAE?AV?$QMapIterator@VQString@@VinstanceInfo@@@@ABVQString@@@Z 004060b3 f i AdjustMon.obj
 0001:00005135       ??0?$QMapPrivate@VQString@@VdeviceTypeInfo@@@@QAE@PBV0@@Z 00406135 f i AdjustMon.obj
 0001:000051fd       ?clear@?$QMapPrivate@VQString@@VdeviceTypeInfo@@@@QAEXPAU?$QMapNode@VQString@@VdeviceTypeInfo@@@@@Z 004061fd f i AdjustMon.obj
 0001:00005234       ?insertSingle@?$QMapPrivate@VQString@@VdeviceTypeInfo@@@@QAE?AV?$QMapIterator@VQString@@VdeviceTypeInfo@@@@ABVQString@@@Z 00406234 f i AdjustMon.obj
 0001:000052b6       ??0?$QMapPrivate@VQString@@VcomplexType@@@@QAE@PBV0@@Z 004062b6 f i AdjustMon.obj
 0001:0000537e       ?clear@?$QMapPrivate@VQString@@VcomplexType@@@@QAEXPAU?$QMapNode@VQString@@VcomplexType@@@@@Z 0040637e f i AdjustMon.obj
 0001:000053b5       ?insertSingle@?$QMapPrivate@VQString@@VcomplexType@@@@QAE?AV?$QMapIterator@VQString@@VcomplexType@@@@ABVQString@@@Z 004063b5 f i AdjustMon.obj
 0001:00005437       ??0?$QValueListPrivate@VparamInfo@@@@QAE@ABV0@@Z 00406437 f i AdjustMon.obj
 0001:000054e1       ??0?$QValueListPrivate@VcomplexParam@@@@QAE@ABV0@@Z 004064e1 f i AdjustMon.obj
 0001:0000558b       ??0?$QValueListPrivate@VcomplexInstance@@@@QAE@ABV0@@Z 0040658b f i AdjustMon.obj
 0001:00005635       ??0?$QValueListPrivate@VinstanceInfo@@@@QAE@ABV0@@Z 00406635 f i AdjustMon.obj
 0001:000056df       ??0?$QValueListPrivate@VdeviceTypeInfo@@@@QAE@ABV0@@Z 004066df f i AdjustMon.obj
 0001:00005789       ??0?$QValueListPrivate@VcomplexType@@@@QAE@ABV0@@Z 00406789 f i AdjustMon.obj
 0001:00005833       ??0?$QValueListIterator@VcomplexInstance@@@@QAE@ABV0@@Z 00406833 f i AdjustMon.obj
 0001:00005833       ??0?$QValueListIterator@VcomplexType@@@@QAE@ABV0@@Z 00406833 f i AdjustMon.obj
 0001:00005833       ??0?$QValueListIterator@VcomplexParam@@@@QAE@ABV0@@Z 00406833 f i AdjustMon.obj
 0001:00005833       ??0?$QValueListIterator@VparamInfo@@@@QAE@ABV0@@Z 00406833 f i AdjustMon.obj
 0001:00005833       ??0?$QValueListIterator@VinstanceInfo@@@@QAE@ABV0@@Z 00406833 f i AdjustMon.obj
 0001:00005833       ??0?$QValueListIterator@VdeviceTypeInfo@@@@QAE@ABV0@@Z 00406833 f i AdjustMon.obj
 0001:00005840       ?copy@?$QMapPrivate@VQString@@VparamInfo@@@@QAEPAU?$QMapNode@VQString@@VparamInfo@@@@PAU2@@Z 00406840 f i AdjustMon.obj
 0001:000058cd       ?insert@?$QMapPrivate@VQString@@VparamInfo@@@@QAE?AV?$QMapIterator@VQString@@VparamInfo@@@@PAUQMapNodeBase@@0ABVQString@@@Z 004068cd f i AdjustMon.obj
 0001:0000597c       ?copy@?$QMapPrivate@VQString@@VcomplexParam@@@@QAEPAU?$QMapNode@VQString@@VcomplexParam@@@@PAU2@@Z 0040697c f i AdjustMon.obj
 0001:00005a09       ?insert@?$QMapPrivate@VQString@@VcomplexParam@@@@QAE?AV?$QMapIterator@VQString@@VcomplexParam@@@@PAUQMapNodeBase@@0ABVQString@@@Z 00406a09 f i AdjustMon.obj
 0001:00005ab8       ?copy@?$QMapPrivate@VQString@@VcomplexInstance@@@@QAEPAU?$QMapNode@VQString@@VcomplexInstance@@@@PAU2@@Z 00406ab8 f i AdjustMon.obj
 0001:00005b45       ?insert@?$QMapPrivate@VQString@@VcomplexInstance@@@@QAE?AV?$QMapIterator@VQString@@VcomplexInstance@@@@PAUQMapNodeBase@@0ABVQString@@@Z 00406b45 f i AdjustMon.obj
 0001:00005bf4       ?dec@?$QMapIterator@VQString@@VcomplexInstance@@@@AAEHXZ 00406bf4 f i AdjustMon.obj
 0001:00005bf4       ?dec@?$QMapIterator@VQString@@VinstanceInfo@@@@AAEHXZ 00406bf4 f i AdjustMon.obj
 0001:00005bf4       ?dec@?$QMapIterator@VQString@@VdeviceTypeInfo@@@@AAEHXZ 00406bf4 f i AdjustMon.obj
 0001:00005bf4       ?dec@?$QMapIterator@VQString@@VcomplexParam@@@@AAEHXZ 00406bf4 f i AdjustMon.obj
 0001:00005bf4       ?dec@?$QMapIterator@VQString@@VparamInfo@@@@AAEHXZ 00406bf4 f i AdjustMon.obj
 0001:00005bf4       ?dec@?$QMapIterator@VQString@@VcomplexType@@@@AAEHXZ 00406bf4 f i AdjustMon.obj
 0001:00005c2b       ?copy@?$QMapPrivate@VQString@@VinstanceInfo@@@@QAEPAU?$QMapNode@VQString@@VinstanceInfo@@@@PAU2@@Z 00406c2b f i AdjustMon.obj
 0001:00005cb8       ?insert@?$QMapPrivate@VQString@@VinstanceInfo@@@@QAE?AV?$QMapIterator@VQString@@VinstanceInfo@@@@PAUQMapNodeBase@@0ABVQString@@@Z 00406cb8 f i AdjustMon.obj
 0001:00005d67       ?copy@?$QMapPrivate@VQString@@VdeviceTypeInfo@@@@QAEPAU?$QMapNode@VQString@@VdeviceTypeInfo@@@@PAU2@@Z 00406d67 f i AdjustMon.obj
 0001:00005df4       ?insert@?$QMapPrivate@VQString@@VdeviceTypeInfo@@@@QAE?AV?$QMapIterator@VQString@@VdeviceTypeInfo@@@@PAUQMapNodeBase@@0ABVQString@@@Z 00406df4 f i AdjustMon.obj
 0001:00005ea3       ?copy@?$QMapPrivate@VQString@@VcomplexType@@@@QAEPAU?$QMapNode@VQString@@VcomplexType@@@@PAU2@@Z 00406ea3 f i AdjustMon.obj
 0001:00005f30       ?insert@?$QMapPrivate@VQString@@VcomplexType@@@@QAE?AV?$QMapIterator@VQString@@VcomplexType@@@@PAUQMapNodeBase@@0ABVQString@@@Z 00406f30 f i AdjustMon.obj
 0001:00005fdf       ??0?$QMapNode@VQString@@VparamInfo@@@@QAE@ABVQString@@@Z 00406fdf f i AdjustMon.obj
 0001:0000602a       ??0?$QMapNode@VQString@@VparamInfo@@@@QAE@ABU0@@Z 0040702a f i AdjustMon.obj
 0001:00006081       ??0?$QMapNode@VQString@@VcomplexParam@@@@QAE@ABVQString@@@Z 00407081 f i AdjustMon.obj
 0001:000060cc       ??0?$QMapNode@VQString@@VcomplexParam@@@@QAE@ABU0@@Z 004070cc f i AdjustMon.obj
 0001:00006134       ??0?$QMapNode@VQString@@VcomplexInstance@@@@QAE@ABVQString@@@Z 00407134 f i AdjustMon.obj
 0001:0000617f       ??0?$QMapNode@VQString@@VcomplexInstance@@@@QAE@ABU0@@Z 0040717f f i AdjustMon.obj
 0001:000061dc       ??0?$QMapNode@VQString@@VinstanceInfo@@@@QAE@ABVQString@@@Z 004071dc f i AdjustMon.obj
 0001:00006227       ??0?$QMapNode@VQString@@VinstanceInfo@@@@QAE@ABU0@@Z 00407227 f i AdjustMon.obj
 0001:00006285       ??0?$QMapNode@VQString@@VdeviceTypeInfo@@@@QAE@ABVQString@@@Z 00407285 f i AdjustMon.obj
 0001:000062d0       ??0?$QMapNode@VQString@@VdeviceTypeInfo@@@@QAE@ABU0@@Z 004072d0 f i AdjustMon.obj
 0001:0000633a       ??0?$QMapNode@VQString@@VcomplexType@@@@QAE@ABVQString@@@Z 0040733a f i AdjustMon.obj
 0001:00006385       ??0?$QMapNode@VQString@@VcomplexType@@@@QAE@ABU0@@Z 00407385 f i AdjustMon.obj
 0001:000063e2       ??0signalConnection@@QAE@ABVQString@@0000@Z 004073e2 f i AppBar.obj
 0001:00006474       ??0signalConnection@@QAE@ABV0@@Z 00407474 f i AppBar.obj
 0001:000064da       ??4signalConnection@@QAEAAV0@ABV0@@Z 004074da f i AppBar.obj
 0001:00006518       ??1signalConnection@@QAE@XZ 00407518 f i AppBar.obj
 0001:00006579       ??0signalConnectionRefList@@QAE@XZ 00407579 f i AppBar.obj
 0001:0000658c       ??0signalConnectionRefList@@QAE@ABV0@@Z 0040758c f i AppBar.obj
 0001:000065a5       ??1signalConnectionRefList@@UAE@XZ 004075a5 f i AppBar.obj
 0001:000065f4       ??4signalConnectionRefList@@QAEAAV0@ABV0@@Z 004075f4 f i AppBar.obj
 0001:00006601       ??_EsignalConnectionRefList@@UAEPAXI@Z 00407601 f i AppBar.obj
 0001:0000664c       ??0signalConnectionRefListIt@@QAE@ABVsignalConnectionRefList@@@Z 0040764c f i AppBar.obj
 0001:0000665f       ??4signalConnectionRefListIt@@QAEAAV0@ABV0@@Z 0040765f f i AppBar.obj
 0001:00006672       ??0signalConnectionRefListIt@@QAE@ABV0@@Z 00407672 f i AppBar.obj
 0001:00006685       ??1signalConnectionRefListIt@@QAE@XZ 00407685 f i AppBar.obj
 0001:0000668b       ??0CAppBar@@QAE@PAVQWidget@@ABVQString@@_N@Z 0040768b f   AppBar.obj
 0001:0000679e       ?metaObject@CAppBar@@UBEPAVQMetaObject@@XZ 0040779e f i AppBar.obj
 0001:000067a3       ??_ECAppBar@@UAEPAXI@Z     004077a3 f i AppBar.obj
 0001:000067a3       ??_GCAppBar@@UAEPAXI@Z     004077a3 f i AppBar.obj
 0001:000067bf       ??1CAppBar@@UAE@XZ         004077bf f   AppBar.obj
 0001:00006899       ?initButtons@CAppBar@@QAEXXZ 00407899 f   AppBar.obj
 0001:000069ad       ?notify@CAppBar@@UAEXAAVQString@@@Z 004079ad f   AppBar.obj
 0001:00006b90       ??_GQKeyEvent@@UAEPAXI@Z   00407b90 f i AppBar.obj
 0001:00006b90       ??_EQKeyEvent@@UAEPAXI@Z   00407b90 f i AppBar.obj
 0001:00006bad       ?popupDestroyed@CAppBar@@QAEXXZ 00407bad f   AppBar.obj
 0001:00006bd1       ?slotPressed@CAppBar@@QAEXXZ 00407bd1 f   AppBar.obj
 0001:00006cc1       ?showInstancesGrid@CAppBar@@AAEXPAVQPoint@@VQString@@1@Z 00407cc1 f   AppBar.obj
 0001:0000708f       ??_EQGrid@@UAEPAXI@Z       0040808f f i AppBar.obj
 0001:0000708f       ??_GQGrid@@UAEPAXI@Z       0040808f f i AppBar.obj
 0001:000070ac       ?clearHighlight@CAppBar@@QAEXXZ 004080ac f   AppBar.obj
 0001:00007116       ?appItem@CAppBar@@AAEXHPAVQPoint@@@Z 00408116 f   AppBar.obj
 0001:0000784c       ?setUser@CAppBar@@QAE?AVQString@@V2@@Z 0040884c f   AppBar.obj
 0001:00007bef       ?ws@global@@SAHXZ          00408bef f i AppBar.obj
 0001:00007c3f       ?setPanelSet@CAppBar@@QAEXVQString@@@Z 00408c3f f   AppBar.obj
 0001:00008ed0       ?getPanelSetSize@CAppBar@@AAEHVQString@@@Z 00409ed0 f   AppBar.obj
 0001:00008f87       ?getAppItemCount@CAppBar@@AAEHXZ 00409f87 f   AppBar.obj
 0001:0000901b       ?showPanelSet@CAppBar@@AAEXXZ 0040a01b f   AppBar.obj
 0001:0000938d       ?nextPage@CAppBar@@AAEXXZ  0040a38d f   AppBar.obj
 0001:0000945c       ?switchMenu@CAppBar@@QAEHXZ 0040a45c f   AppBar.obj
 0001:000094c5       ?resetPanelSet@CAppBar@@QAEXXZ 0040a4c5 f   AppBar.obj
 0001:000094e4       ?getCurrentMenu@CAppBar@@QAEHXZ 0040a4e4 f   AppBar.obj
 0001:000094eb       ?popupAppExtension@CAppBar@@AAEXXZ 0040a4eb f   AppBar.obj
 0001:00009b30       ??1?$QDict@VCAppItem@@@@UAE@XZ 0040ab30 f i AppBar.obj
 0001:00009b6a       ??A?$QDict@VCAppItem@@@@QBEPAVCAppItem@@ABVQString@@@Z 0040ab6a f i AppBar.obj
 0001:00009b7b       ??1?$QPtrList@VsignalConnection@@@@UAE@XZ 0040ab7b f i AppBar.obj
 0001:00009bb5       ??_G?$QDict@VCAppItem@@@@UAEPAXI@Z 0040abb5 f i AppBar.obj
 0001:00009bb5       ??_E?$QDict@VCAppItem@@@@UAEPAXI@Z 0040abb5 f i AppBar.obj
 0001:00009bd1       ??_G?$QPtrList@VsignalConnection@@@@UAEPAXI@Z 0040abd1 f i AppBar.obj
 0001:00009bd1       ??_E?$QPtrList@VsignalConnection@@@@UAEPAXI@Z 0040abd1 f i AppBar.obj
 0001:00009bed       ?deleteItem@?$QDict@VCAppItem@@@@EAEXPAX@Z 0040abed f i AppBar.obj
 0001:00009bed       ?deleteItem@?$QPtrList@VQWidgetFactory@@@@EAEXPAX@Z 0040abed f i AppBar.obj
 0001:00009c04       ?deleteItem@?$QPtrList@VsignalConnection@@@@EAEXPAX@Z 0040ac04 f i AppBar.obj
 0001:00009c25       ??_EQGrid@@WCI@AEPAXI@Z    0040ac25 f i AppBar.obj
 0001:00009c2d       ??_ECAppBar@@WCI@AEPAXI@Z  0040ac2d f i AppBar.obj
 0001:00009c35       ??0CAppItem@@QAE@VQString@@0000@Z 0040ac35 f   AppItem.obj
 0001:00009d1f       ??_ECAppItem@@UAEPAXI@Z    0040ad1f f i AppItem.obj
 0001:00009d1f       ??_GCAppItem@@UAEPAXI@Z    0040ad1f f i AppItem.obj
 0001:00009d3b       ??1CAppItem@@UAE@XZ        0040ad3b f   AppItem.obj
 0001:00009da3       ??0CAppSwitch@@QAE@PAVQWidget@@@Z 0040ada3 f   AppSwitch.obj
 0001:00009e96       ?metaObject@CAppSwitch@@UBEPAVQMetaObject@@XZ 0040ae96 f i AppSwitch.obj
 0001:00009e9b       ??_GCAppSwitch@@UAEPAXI@Z  0040ae9b f i AppSwitch.obj
 0001:00009e9b       ??_ECAppSwitch@@UAEPAXI@Z  0040ae9b f i AppSwitch.obj
 0001:00009eb7       ??1CAppSwitch@@UAE@XZ      0040aeb7 f   AppSwitch.obj
 0001:00009f52       ?dummy@CStartPop@@QAEXXZ   0040af52 f   AppSwitch.obj
 0001:00009f52       ?dummy@CAppSwitch@@QAEXXZ  0040af52 f   AppSwitch.obj
 0001:00009f52       __setargv                  0040af52 f   AppSwitch.obj
 0001:00009f52       ?dummy@CAppBar@@QAEXXZ     0040af52 f   AppSwitch.obj
 0001:00009f52       ?dummy@CPanelMan@@QAEXXZ   0040af52 f   AppSwitch.obj
 0001:00009f53       ?appExitNotify@CAppSwitch@@QAEXXZ 0040af53 f   AppSwitch.obj
 0001:0000a06e       ?execApp@CAppSwitch@@QAE_NVQString@@00_N@Z 0040b06e f   AppSwitch.obj
 0001:0000b382       ?terminateApps@CAppSwitch@@QAEXXZ 0040c382 f   AppSwitch.obj
 0001:0000b3e7       ?knobsOn@CAppSwitch@@QAEXXZ 0040c3e7 f   AppSwitch.obj
 0001:0000b4dd       ?knobsOff@CAppSwitch@@QAEXXZ 0040c4dd f   AppSwitch.obj
 0001:0000b53b       ??1?$QDict@VCExtProcess@@@@UAE@XZ 0040c53b f i AppSwitch.obj
 0001:0000b575       ??1?$QDictIterator@VQWidget@@@@QAE@XZ 0040c575 f i AppSwitch.obj
 0001:0000b575       ??1?$QDictIterator@VCExtProcess@@@@QAE@XZ 0040c575 f i AppSwitch.obj
 0001:0000b57b       ??_E?$QDict@VCExtProcess@@@@UAEPAXI@Z 0040c57b f i AppSwitch.obj
 0001:0000b57b       ??_G?$QDict@VCExtProcess@@@@UAEPAXI@Z 0040c57b f i AppSwitch.obj
 0001:0000b597       ??0CAppView@@QAE@PAVQWidget@@ABVQString@@@Z 0040c597 f   AppView.obj
 0001:0000b70f       ??_GCAppView@@UAEPAXI@Z    0040c70f f i AppView.obj
 0001:0000b70f       ??_ECAppView@@UAEPAXI@Z    0040c70f f i AppView.obj
 0001:0000b72b       ??1CAppView@@UAE@XZ        0040c72b f   AppView.obj
 0001:0000b7d7       ?showView@CAppView@@QAE_NVQString@@0_N@Z 0040c7d7 f   AppView.obj
 0001:0000c481       ?hideLast@CAppView@@QAEXXZ 0040d481 f   AppView.obj
 0001:0000c51d       ?clearPanels@CAppView@@QAEXXZ 0040d51d f   AppView.obj
 0001:0000c8af       ?deleteOldestPanel@CAppView@@AAEXXZ 0040d8af f   AppView.obj
 0001:0000c9d3       ?getObjectCounts@CAppView@@AAEXPAVQWidget@@QBDAAKAAH@Z 0040d9d3 f   AppView.obj
 0001:0000caa1       ??1?$QDict@VQWidget@@@@UAE@XZ 0040daa1 f i AppView.obj
 0001:0000cadb       ?currentKey@?$QDictIterator@VCExtProcess@@@@QBE?AVQString@@XZ 0040dadb f i AppView.obj
 0001:0000cadb       ?currentKey@?$QDictIterator@VQWidget@@@@QBE?AVQString@@XZ 0040dadb f i AppView.obj
 0001:0000caf3       ??_G?$QDict@VQWidget@@@@UAEPAXI@Z 0040daf3 f i AppView.obj
 0001:0000caf3       ??_E?$QDict@VQWidget@@@@UAEPAXI@Z 0040daf3 f i AppView.obj
 0001:0000cb0f       ??_ECAppView@@WCI@AEPAXI@Z 0040db0f f i AppView.obj
 0001:0000cb17       ??0bncs_mcComms@@QAE@W4mcCommsType@0@@Z 0040db17 f   bncs_mcComms.obj
 0001:0000cc13       ??_Gbncs_mcComms@@UAEPAXI@Z 0040dc13 f i bncs_mcComms.obj
 0001:0000cc13       ??_Ebncs_mcComms@@UAEPAXI@Z 0040dc13 f i bncs_mcComms.obj
 0001:0000cc2f       ??1bncs_mcComms@@UAE@XZ    0040dc2f f   bncs_mcComms.obj
 0001:0000cc44       ?textCallback@bncs_mcComms@@UAEXPBDH@Z 0040dc44 f   bncs_mcComms.obj
 0001:0000cc47       ??0bncs_multicast@@QAE@XZ  0040dc47 f   bncs_multicast.obj
 0001:0000cc9b       ?metaObject@bncs_multicast@@UBEPAVQMetaObject@@XZ 0040dc9b f i bncs_multicast.obj
 0001:0000cca0       ??_Gbncs_multicast@@UAEPAXI@Z 0040dca0 f i bncs_multicast.obj
 0001:0000cca0       ??_Ebncs_multicast@@UAEPAXI@Z 0040dca0 f i bncs_multicast.obj
 0001:0000ccbc       ?setMulticastParams@bncs_multicast@@QAEXABVQString@@H0@Z 0040dcbc f   bncs_multicast.obj
 0001:0000cd7a       ??_GQSocketDevice@@UAEPAXI@Z 0040dd7a f i bncs_multicast.obj
 0001:0000cd7a       ??_EQSocketDevice@@UAEPAXI@Z 0040dd7a f i bncs_multicast.obj
 0001:0000cd97       ?setCallback@bncs_multicast@@QAEXPAVbncs_textCallback@@@Z 0040dd97 f   bncs_multicast.obj
 0001:0000cda1       ?enableRx@bncs_multicast@@QAE_N_N@Z 0040dda1 f   bncs_multicast.obj
 0001:0000cfce       ??_EQSocketNotifier@@UAEPAXI@Z 0040dfce f i bncs_multicast.obj
 0001:0000cfce       ??_GQSocketNotifier@@UAEPAXI@Z 0040dfce f i bncs_multicast.obj
 0001:0000cfeb       ??1bncs_multicast@@UAE@XZ  0040dfeb f   bncs_multicast.obj
 0001:0000d050       ?rxdata@bncs_multicast@@QAEXH@Z 0040e050 f   bncs_multicast.obj
 0001:0000d0a3       ?rx@bncs_multicast@@UAEXPBDH@Z 0040e0a3 f   bncs_multicast.obj
 0001:0000d120       ??0CClient@@QAE@PAVQWidget@@@Z 0040e120 f   Client.obj
 0001:0000d197       ?cccConnected@IccClientCallback@@MAEXXZ 0040e197 f i Client.obj
 0001:0000d197       ?cccDisconnected@IccClientCallback@@MAEXXZ 0040e197 f i Client.obj
 0001:0000d198       ?cccDeviceMode@IccClientCallback@@MAEXHHW4redundancyState@cc@@@Z 0040e198 f i Client.obj
 0001:0000d198       ?cccGpiRevertive@IccClientCallback@@MAEXHH_N@Z 0040e198 f i Client.obj
 0001:0000d198       ?cccInfoRevertive@IccClientCallback@@MAEXHHABV?$basic_string@DU?$char_traits@D@std@@V?$allocator@D@2@@std@@@Z 0040e198 f i Client.obj
 0001:0000d198       ?cccRtrRevertive@IccClientCallback@@MAEXHHH@Z 0040e198 f i Client.obj
 0001:0000d198       ?cccDatabaseChange@IccClientCallback@@MAEXHHH@Z 0040e198 f i Client.obj
 0001:0000d19b       ?cccDeviceMessage@IccClientCallback@@MAEXHHABV?$basic_string@DU?$char_traits@D@std@@V?$allocator@D@2@@std@@H@Z 0040e19b f i Client.obj
 0001:0000d19e       ?cccPollError@IccClientCallback@@MAEXHH@Z 0040e19e f i Client.obj
 0001:0000d19e       ?cccSerialNumberError@IccClientCallback@@MAEXHH@Z 0040e19e f i Client.obj
 0001:0000d1a1       ?cccConfigChangeMessage@IccClientCallback@@MAEXABV?$basic_string@DU?$char_traits@D@std@@V?$allocator@D@2@@std@@@Z 0040e1a1 f i Client.obj
 0001:0000d1a4       ??_GCClient@@UAEPAXI@Z     0040e1a4 f i Client.obj
 0001:0000d1a4       ??_ECClient@@UAEPAXI@Z     0040e1a4 f i Client.obj
 0001:0000d1c0       ??1CClient@@UAE@XZ         0040e1c0 f   Client.obj
 0001:0000d237       ?cccInfoRevertive@CClient@@EAEXHHABV?$basic_string@DU?$char_traits@D@std@@V?$allocator@D@2@@std@@@Z 0040e237 f   Client.obj
 0001:0000d290       ?cccDisconnected@CClient@@EAEXXZ 0040e290 f   Client.obj
 0001:0000d2a2       ?sendMsg@CClient@@QAEXHPBDH@Z 0040e2a2 f   Client.obj
 0001:0000d34a       ?registerClient@CClient@@QAE_NXZ 0040e34a f   Client.obj
 0001:0000d3bf       ?CClearCache@CClient@@QAEXXZ 0040e3bf f   Client.obj
 0001:0000d3e4       ??_ECClient@@WCI@AEPAXI@Z  0040e3e4 f i Client.obj
 0001:0000d3ec       ??0CConfirm_Exit@@QAE@XZ   0040e3ec f   Confirm_Exit.obj
 0001:0000d4ef       ?metaObject@CConfirm_Exit@@UBEPAVQMetaObject@@XZ 0040e4ef f i Confirm_Exit.obj
 0001:0000d4f4       ??_ECConfirm_Exit@@UAEPAXI@Z 0040e4f4 f i Confirm_Exit.obj
 0001:0000d4f4       ??_GCConfirm_Exit@@UAEPAXI@Z 0040e4f4 f i Confirm_Exit.obj
 0001:0000d510       ??1CConfirm_Exit@@UAE@XZ   0040e510 f   Confirm_Exit.obj
 0001:0000d523       ?confirm@CConfirm_Exit@@IAEXAAVQString@@@Z 0040e523 f   Confirm_Exit.obj
 0001:0000d52e       ?cancel@CConfirm_Exit@@IAEXAAVQString@@@Z 0040e52e f   Confirm_Exit.obj
 0001:0000d539       ?exec@CConfirm_Exit@@QAEHXZ 0040e539 f   Confirm_Exit.obj
 0001:0000d549       ??_ECConfirm_Exit@@WCI@AEPAXI@Z 0040e549 f i Confirm_Exit.obj
 0001:0000d5a9       ??0structured_exception@@QAE@ABU_EXCEPTION_POINTERS@@@Z 0040e5a9 f   except.obj
 0001:0000d5d2       ?install@structured_exception@@SAXXZ 0040e5d2 f   except.obj
 0001:0000d60a       ?what@structured_exception@@QBEIXZ 0040e60a f   except.obj
 0001:0000d60e       ?where@structured_exception@@QBEPBXXZ 0040e60e f   except.obj
 0001:0000d611       ?more@structured_exception@@QBEKXZ 0040e611 f   except.obj
 0001:0000d615       ??0CExtProcess@@QAE@PAVQObject@@PBD@Z 0040e615 f   ExtProcess.obj
 0001:0000d65a       ??_ECExtProcess@@UAEPAXI@Z 0040e65a f i ExtProcess.obj
 0001:0000d65a       ??_GCExtProcess@@UAEPAXI@Z 0040e65a f i ExtProcess.obj
 0001:0000d676       ??1CExtProcess@@UAE@XZ     0040e676 f   ExtProcess.obj
 0001:0000d6c0       ?toBack@CExtProcess@@QAEXXZ 0040e6c0 f   ExtProcess.obj
 0001:0000d6ea       ?toFront@CExtProcess@@QAEXXZ 0040e6ea f   ExtProcess.obj
 0001:0000d701       ?timerEvent@CExtProcess@@UAEXPAVQTimerEvent@@@Z 0040e701 f   ExtProcess.obj
 0001:0000d835       ?at@?$QValueListPrivate@VQString@@@@QBEPAV?$QValueListNode@VQString@@@@I@Z 0040e835 f i ExtProcess.obj
 0001:0000d874       ??0CLookUp@@QAE@XZ         0040e874 f   LookUp.obj
 0001:0000d87d       ??_GCLookUp@@UAEPAXI@Z     0040e87d f i LookUp.obj
 0001:0000d87d       ??_ECLookUp@@UAEPAXI@Z     0040e87d f i LookUp.obj
 0001:0000d899       ??1CLookUp@@UAE@XZ         0040e899 f   LookUp.obj
 0001:0000d8a0       ?getInstancesOfType@CLookUp@@QAE?AVQStringList@@VQString@@@Z 0040e8a0 f   LookUp.obj
 0001:0000dada       _main                      0040eada f   main.obj
 0001:0000e19f       _md5_init                  0040f19f f   md5.obj
 0001:0000e1c7       _md5_append                0040f1c7 f   md5.obj
 0001:0000ebfc       _md5_finish                0040fbfc f   md5.obj
 0001:0000ecad       ??0CPanelMan@@QAE@ABVQString@@00@Z 0040fcad f   PanelMan.obj
 0001:0000f28f       ?metaObject@CPanelMan@@UBEPAVQMetaObject@@XZ 0041028f f i PanelMan.obj
 0001:0000f294       ??_ECPanelMan@@UAEPAXI@Z   00410294 f i PanelMan.obj
 0001:0000f294       ??_GCPanelMan@@UAEPAXI@Z   00410294 f i PanelMan.obj
 0001:0000f2b0       ??_GQVBoxLayout@@UAEPAXI@Z 004102b0 f i PanelMan.obj
 0001:0000f2b0       ??_EQVBoxLayout@@UAEPAXI@Z 004102b0 f i PanelMan.obj
 0001:0000f2cd       ??_GQListBox@@UAEPAXI@Z    004102cd f i PanelMan.obj
 0001:0000f2cd       ??_EQListBox@@UAEPAXI@Z    004102cd f i PanelMan.obj
 0001:0000f2ea       ??1CPanelMan@@UAE@XZ       004102ea f   PanelMan.obj
 0001:0000f471       ?pmQuit@CPanelMan@@QAEXXZ  00410471 f   PanelMan.obj
 0001:0000f479       ?debug@CPanelMan@@QAEXVQString@@@Z 00410479 f   PanelMan.obj
 0001:0000f4b4       ?getSettings@CPanelMan@@AAEXXZ 004104b4 f   PanelMan.obj
 0001:0000fa04       ?getAttribute@CPanelMan@@QAE?AVQString@@V2@00@Z 00410a04 f   PanelMan.obj
 0001:0000fdc8       ?shutDown@CPanelMan@@QAEXXZ 00410dc8 f   PanelMan.obj
 0001:0000fe34       ?defaultTitle@CPanelMan@@SA?AVQString@@XZ 00410e34 f   PanelMan.obj
 0001:0000fe4f       ??_EQVBoxLayout@@WCI@AEPAXI@Z 00410e4f f i PanelMan.obj
 0001:0000fe57       ??_ECPanelMan@@WCI@AEPAXI@Z 00410e57 f i PanelMan.obj
 0001:0000fe5f       ??_EQListBox@@WCI@AEPAXI@Z 00410e5f f i PanelMan.obj
 0001:0000fe67       ??0CSimpleBar@@QAE@PAVQWidget@@@Z 00410e67 f   SimpleBar.obj
 0001:0000fe91       ?metaObject@CSimpleBar@@UBEPAVQMetaObject@@XZ 00410e91 f i SimpleBar.obj
 0001:0000fe96       ??_GCSimpleBar@@UAEPAXI@Z  00410e96 f i SimpleBar.obj
 0001:0000fe96       ??_ECSimpleBar@@UAEPAXI@Z  00410e96 f i SimpleBar.obj
 0001:0000feb2       ??1CSimpleBar@@UAE@XZ      00410eb2 f   SimpleBar.obj
 0001:0000fec5       ?init@CSimpleBar@@QAE_NVQString@@ABV2@_N@Z 00410ec5 f   SimpleBar.obj
 0001:0001011b       ?widgetList@dCW@@QAE?AVQWidgetList@@XZ 0041111b f i SimpleBar.obj
 0001:00010148       ?notify@CSimpleBar@@UAEXAAVQString@@@Z 00411148 f   SimpleBar.obj
 0001:000101bf       ?setProperty@CSimpleBar@@IAEXVQString@@00@Z 004111bf f   SimpleBar.obj
 0001:00010279       ?setProperty@CSimpleBar@@IAEXHVQString@@0@Z 00411279 f   SimpleBar.obj
 0001:00010369       ?getProperty@CSimpleBar@@IAE?AVQString@@V2@0@Z 00411369 f   SimpleBar.obj
 0001:000104c8       ??_ECSimpleBar@@WCI@AEPAXI@Z 004114c8 f i SimpleBar.obj
 0001:000104d0       ??0CStartPop@@QAE@PAVQWidget@@@Z 004114d0 f   StartPop.obj
 0001:00010527       ?metaObject@CStartPop@@UBEPAVQMetaObject@@XZ 00411527 f i StartPop.obj
 0001:0001052c       ??_ECStartPop@@UAEPAXI@Z   0041152c f i StartPop.obj
 0001:0001052c       ??_GCStartPop@@UAEPAXI@Z   0041152c f i StartPop.obj
 0001:00010548       ??1CStartPop@@UAE@XZ       00411548 f   StartPop.obj
 0001:0001058c       ?notify@CStartPop@@QAEXAAVQString@@@Z 0041158c f   StartPop.obj
 0001:00010d5e       ?timerEvent@CStartPop@@EAEXPAVQTimerEvent@@@Z 00411d5e f   StartPop.obj
 0001:00010dc2       ?showStart@CStartPop@@QAEXPAVQPoint@@@Z 00411dc2 f   StartPop.obj
 0001:000115df       ?getAddress@CStartPop@@AAE?AVQString@@XZ 004125df f   StartPop.obj
 0001:00011727       ?showPopupPin@CStartPop@@AAEXABVQPoint@@@Z 00412727 f   StartPop.obj
 0001:00011980       ?showCleanScreen@CStartPop@@AAEXXZ 00412980 f   StartPop.obj
 0001:00011c47       ??_GQPopupMenu@@UAEPAXI@Z  00412c47 f i StartPop.obj
 0001:00011c47       ??_EQPopupMenu@@UAEPAXI@Z  00412c47 f i StartPop.obj
 0001:00011c64       ??_EQLabel@@UAEPAXI@Z      00412c64 f i StartPop.obj
 0001:00011c64       ??_GQLabel@@UAEPAXI@Z      00412c64 f i StartPop.obj
 0001:00011c81       ??_GQTimer@@UAEPAXI@Z      00412c81 f i StartPop.obj
 0001:00011c81       ??_EQTimer@@UAEPAXI@Z      00412c81 f i StartPop.obj
 0001:00011c9e       ?slotCleanCount@CStartPop@@QAEXXZ 00412c9e f   StartPop.obj
 0001:00011da8       ?startCalibrate@CStartPop@@AAEXXZ 00412da8 f   StartPop.obj
 0001:000121fb       ??_EQLabel@@WCI@AEPAXI@Z   004131fb f i StartPop.obj
 0001:00012203       ??_ECStartPop@@WCI@AEPAXI@Z 00413203 f i StartPop.obj
 0001:0001220b       ??_EQPopupMenu@@WCI@AEPAXI@Z 0041320b f i StartPop.obj
 0001:00012213       ??_EQPopupMenu@@WIM@AEPAXI@Z 00413213 f i StartPop.obj
 0001:0001221e       ??0CStatusBar@@QAE@PAVQWidget@@@Z 0041321e f   StatusBar.obj
 0001:0001223d       ?metaObject@CStatusBar@@UBEPAVQMetaObject@@XZ 0041323d f i StatusBar.obj
 0001:00012242       ??_GCStatusBar@@UAEPAXI@Z  00413242 f i StatusBar.obj
 0001:00012242       ??_ECStatusBar@@UAEPAXI@Z  00413242 f i StatusBar.obj
 0001:0001225e       ??1CStatusBar@@UAE@XZ      0041325e f   StatusBar.obj
 0001:00012270       ?notify@CStatusBar@@UAEXAAVQString@@@Z 00413270 f   StatusBar.obj
 0001:000122e7       ??_ECStatusBar@@WCI@AEPAXI@Z 004132e7 f i StatusBar.obj
 0001:000122ef       ??0CTitleBar@@QAE@PAVQWidget@@@Z 004132ef f   TitleBar.obj
 0001:000123a0       ?metaObject@CTitleBar@@UBEPAVQMetaObject@@XZ 004133a0 f i TitleBar.obj
 0001:000123a5       ??_GCTitleBar@@UAEPAXI@Z   004133a5 f i TitleBar.obj
 0001:000123a5       ??_ECTitleBar@@UAEPAXI@Z   004133a5 f i TitleBar.obj
 0001:000123c1       ??1CTitleBar@@UAE@XZ       004133c1 f   TitleBar.obj
 0001:00012474       ?startClock@CTitleBar@@QAEXXZ 00413474 f   TitleBar.obj
 0001:00012628       ?notify@CTitleBar@@UAEXAAVQString@@@Z 00413628 f   TitleBar.obj
 0001:000126de       ?updateClock@CTitleBar@@QAEXXZ 004136de f   TitleBar.obj
 0001:0001294d       ?setTitle@CTitleBar@@QAEXABVQString@@@Z 0041394d f   TitleBar.obj
 0001:000129af       ?setTitle@CTitleBar@@QAEXABVQString@@0@Z 004139af f   TitleBar.obj
 0001:00012a0e       ??_ECTitleBar@@WCI@AEPAXI@Z 00413a0e f i TitleBar.obj
 0001:00012a16       ??0wait@@QAE@PAVQWidget@@PBDI@Z 00413a16 f   waitimpl.obj
 0001:00012b8e       ?metaObject@wait@@UBEPAVQMetaObject@@XZ 00413b8e f i waitimpl.obj
 0001:00012b93       ??_Gwait@@UAEPAXI@Z        00413b93 f i waitimpl.obj
 0001:00012b93       ??_Ewait@@UAEPAXI@Z        00413b93 f i waitimpl.obj
 0001:00012baf       ??1wait@@UAE@XZ            00413baf f   waitimpl.obj
 0001:00012bc2       ?paintEvent@wait@@UAEXPAVQPaintEvent@@@Z 00413bc2 f   waitimpl.obj
 0001:00012c72       ?resizeEvent@wait@@UAEXPAVQResizeEvent@@@Z 00413c72 f   waitimpl.obj
 0001:00012d53       ??_Ewait@@WCI@AEPAXI@Z     00413d53 f i waitimpl.obj
 0001:00012d5b       ?className@CAppBar@@UBEPBDXZ 00413d5b f   moc_AppBar.obj
 0001:00012d98       ?staticMetaObject@CAppBar@@SAPAVQMetaObject@@XZ 00413d98 f   moc_AppBar.obj
 0001:00012e3c       ?qt_cast@CAppBar@@UAEPAXPBD@Z 00413e3c f   moc_AppBar.obj
 0001:00012e77       ?qt_invoke@CAppBar@@UAE_NHPAUQUObject@@@Z 00413e77 f   moc_AppBar.obj
 0001:00012ef3       ?className@CAppSwitch@@UBEPBDXZ 00413ef3 f   moc_AppSwitch.obj
 0001:00012f30       ?staticMetaObject@CAppSwitch@@SAPAVQMetaObject@@XZ 00413f30 f   moc_AppSwitch.obj
 0001:00012f7c       ?qt_cast@CAppSwitch@@UAEPAXPBD@Z 00413f7c f   moc_AppSwitch.obj
 0001:00012fb8       ?qt_invoke@CAppSwitch@@UAE_NHPAUQUObject@@@Z 00413fb8 f   moc_AppSwitch.obj
 0001:00012ff7       ?qt_property@bncs_multicast@@UAE_NHHPAVQVariant@@@Z 00413ff7 f   moc_AppSwitch.obj
 0001:00012ff7       ?qt_property@CAppSwitch@@UAE_NHHPAVQVariant@@@Z 00413ff7 f   moc_AppSwitch.obj
 0001:0001300c       ?className@bncs_multicast@@UBEPBDXZ 0041400c f   moc_bncs_multicast.obj
 0001:00013049       ?staticMetaObject@bncs_multicast@@SAPAVQMetaObject@@XZ 00414049 f   moc_bncs_multicast.obj
 0001:000130bd       ?qt_cast@bncs_multicast@@UAEPAXPBD@Z 004140bd f   moc_bncs_multicast.obj
 0001:000130f9       ?qt_invoke@bncs_multicast@@UAE_NHPAUQUObject@@@Z 004140f9 f   moc_bncs_multicast.obj
 0001:00013130       ?qt_emit@bncs_multicast@@UAE_NHPAUQUObject@@@Z 00414130 f   moc_bncs_multicast.obj
 0001:00013130       ?qt_emit@CAppSwitch@@UAE_NHPAUQUObject@@@Z 00414130 f   moc_bncs_multicast.obj
 0001:00013141       ?className@CConfirm_Exit@@UBEPBDXZ 00414141 f   moc_Confirm_Exit.obj
 0001:0001317e       ?staticMetaObject@CConfirm_Exit@@SAPAVQMetaObject@@XZ 0041417e f   moc_Confirm_Exit.obj
 0001:0001321f       ?qt_cast@CConfirm_Exit@@UAEPAXPBD@Z 0041421f f   moc_Confirm_Exit.obj
 0001:0001325b       ?qt_invoke@CConfirm_Exit@@UAE_NHPAUQUObject@@@Z 0041425b f   moc_Confirm_Exit.obj
 0001:000132a7       ?qt_emit@CConfirm_Exit@@UAE_NHPAUQUObject@@@Z 004142a7 f   moc_Confirm_Exit.obj
 0001:000132b8       ?qt_property@CConfirm_Exit@@UAE_NHHPAVQVariant@@@Z 004142b8 f   moc_Confirm_Exit.obj
 0001:000132cd       ?className@CPanelMan@@UBEPBDXZ 004142cd f   moc_PanelMan.obj
 0001:0001330a       ?staticMetaObject@CPanelMan@@SAPAVQMetaObject@@XZ 0041430a f   moc_PanelMan.obj
 0001:00013356       ?qt_cast@CPanelMan@@UAEPAXPBD@Z 00414356 f   moc_PanelMan.obj
 0001:00013392       ?qt_invoke@CPanelMan@@UAE_NHPAUQUObject@@@Z 00414392 f   moc_PanelMan.obj
 0001:000133d1       ?className@CSimpleBar@@UBEPBDXZ 004143d1 f   moc_SimpleBar.obj
 0001:0001340e       ?staticMetaObject@CSimpleBar@@SAPAVQMetaObject@@XZ 0041440e f   moc_SimpleBar.obj
 0001:00013486       ?qt_cast@CSimpleBar@@UAEPAXPBD@Z 00414486 f   moc_SimpleBar.obj
 0001:000134c2       ?qt_invoke@CSimpleBar@@UAE_NHPAUQUObject@@@Z 004144c2 f   moc_SimpleBar.obj
 0001:000134fc       ?className@CStartPop@@UBEPBDXZ 004144fc f   moc_StartPop.obj
 0001:00013539       ?staticMetaObject@CStartPop@@SAPAVQMetaObject@@XZ 00414539 f   moc_StartPop.obj
 0001:000135af       ?qt_cast@CStartPop@@UAEPAXPBD@Z 004145af f   moc_StartPop.obj
 0001:000135eb       ?qt_invoke@CStartPop@@UAE_NHPAUQUObject@@@Z 004145eb f   moc_StartPop.obj
 0001:0001363d       ?qt_emit@CStartPop@@UAE_NHPAUQUObject@@@Z 0041463d f   moc_StartPop.obj
 0001:0001363d       ?qt_emit@wait@@UAE_NHPAUQUObject@@@Z 0041463d f   moc_StartPop.obj
 0001:0001363d       ?qt_emit@CPanelMan@@UAE_NHPAUQUObject@@@Z 0041463d f   moc_StartPop.obj
 0001:0001363d       ?qt_emit@CSimpleBar@@UAE_NHPAUQUObject@@@Z 0041463d f   moc_StartPop.obj
 0001:0001364e       ?qt_property@CStartPop@@UAE_NHHPAVQVariant@@@Z 0041464e f   moc_StartPop.obj
 0001:0001364e       ?qt_property@wait@@UAE_NHHPAVQVariant@@@Z 0041464e f   moc_StartPop.obj
 0001:0001364e       ?qt_property@CPanelMan@@UAE_NHHPAVQVariant@@@Z 0041464e f   moc_StartPop.obj
 0001:0001364e       ?qt_property@CSimpleBar@@UAE_NHHPAVQVariant@@@Z 0041464e f   moc_StartPop.obj
 0001:00013663       ?className@CStatusBar@@UBEPBDXZ 00414663 f   moc_StatusBar.obj
 0001:000136a0       ?staticMetaObject@CStatusBar@@SAPAVQMetaObject@@XZ 004146a0 f   moc_StatusBar.obj
 0001:00013717       ?qt_cast@CStatusBar@@UAEPAXPBD@Z 00414717 f   moc_StatusBar.obj
 0001:00013752       ?qt_invoke@CStatusBar@@UAE_NHPAUQUObject@@@Z 00414752 f   moc_StatusBar.obj
 0001:0001378b       ?qt_emit@CAppBar@@UAE_NHPAUQUObject@@@Z 0041478b f   moc_StatusBar.obj
 0001:0001378b       ?qt_emit@CTitleBar@@UAE_NHPAUQUObject@@@Z 0041478b f   moc_StatusBar.obj
 0001:0001378b       ?qt_emit@CStatusBar@@UAE_NHPAUQUObject@@@Z 0041478b f   moc_StatusBar.obj
 0001:0001379b       ?qt_property@CStatusBar@@UAE_NHHPAVQVariant@@@Z 0041479b f   moc_StatusBar.obj
 0001:0001379b       ?qt_property@CTitleBar@@UAE_NHHPAVQVariant@@@Z 0041479b f   moc_StatusBar.obj
 0001:0001379b       ?qt_property@CAppBar@@UAE_NHHPAVQVariant@@@Z 0041479b f   moc_StatusBar.obj
 0001:000137af       ?className@CTitleBar@@UBEPBDXZ 004147af f   moc_TitleBar.obj
 0001:000137ec       ?staticMetaObject@CTitleBar@@SAPAVQMetaObject@@XZ 004147ec f   moc_TitleBar.obj
 0001:00013863       ?qt_cast@CTitleBar@@UAEPAXPBD@Z 00414863 f   moc_TitleBar.obj
 0001:0001389e       ?qt_invoke@CTitleBar@@UAE_NHPAUQUObject@@@Z 0041489e f   moc_TitleBar.obj
 0001:000138e6       ?className@wait@@UBEPBDXZ  004148e6 f   moc_waitimpl.obj
 0001:00013923       ?staticMetaObject@wait@@SAPAVQMetaObject@@XZ 00414923 f   moc_waitimpl.obj
 0001:0001396a       ?qt_cast@wait@@UAEPAXPBD@Z 0041496a f   moc_waitimpl.obj
 0001:000139a6       ?qt_invoke@wait@@UAE_NHPAUQUObject@@@Z 004149a6 f   moc_waitimpl.obj
 0001:000139b8       _WSAGetLastError@0         004149b8 f   wsock32:WSOCK32.dll
 0001:000139be       _htonl@4                   004149be f   wsock32:WSOCK32.dll
 0001:000139c4       _inet_addr@4               004149c4 f   wsock32:WSOCK32.dll
 0001:000139ca       _setsockopt@20             004149ca f   wsock32:WSOCK32.dll
 0001:000139d0       _gethostbyname@4           004149d0 f   wsock32:WSOCK32.dll
 0001:000139d6       _gethostname@8             004149d6 f   wsock32:WSOCK32.dll
 0001:000139dc       ?compareItems@QGList@@MAEHPAX0@Z 004149dc f   qt-mt323:qt-mt323.dll
 0001:000139e2       ?write@QGList@@MBEAAVQDataStream@@AAV2@PAX@Z 004149e2 f   qt-mt323:qt-mt323.dll
 0001:000139e8       ?read@QGList@@MAEAAVQDataStream@@AAV2@AAPAX@Z 004149e8 f   qt-mt323:qt-mt323.dll
 0001:000139ee       ?newItem@QPtrCollection@@MAEPAXPAX@Z 004149ee f   qt-mt323:qt-mt323.dll
 0001:000139f4       ?fontInf@QPaintDevice@@MBEHPAVQFont@@H@Z 004149f4 f   qt-mt323:qt-mt323.dll
 0001:000139fa       ?fontMet@QPaintDevice@@MBEHPAVQFont@@HPBDH@Z 004149fa f   qt-mt323:qt-mt323.dll
 0001:00013a00       ?metric@QWidget@@MBEHH@Z   00414a00 f   qt-mt323:qt-mt323.dll
 0001:00013a06       ?cmd@QPaintDevice@@MAE_NHPAVQPainter@@PATQPDevCmdParam@@@Z 00414a06 f   qt-mt323:qt-mt323.dll
 0001:00013a0c       ?handle@QPaintDevice@@UBEPAUHDC__@@XZ 00414a0c f   qt-mt323:qt-mt323.dll
 0001:00013a12       ?resolution@QPaintDevice@@UBEHXZ 00414a12 f   qt-mt323:qt-mt323.dll
 0001:00013a18       ?setResolution@QPaintDevice@@UAEXH@Z 00414a18 f   qt-mt323:qt-mt323.dll
 0001:00013a1e       ?setMicroFocusHint@QWidget@@MAEXHHHH_NPAVQFont@@@Z 00414a1e f   qt-mt323:qt-mt323.dll
 0001:00013a24       ?setKeyCompression@QWidget@@MAEX_N@Z 00414a24 f   qt-mt323:qt-mt323.dll
 0001:00013a2a       ?focusNextPrevChild@QWidget@@MAE_N_N@Z 00414a2a f   qt-mt323:qt-mt323.dll
 0001:00013a30       ?setWFlags@QWidget@@MAEXI@Z 00414a30 f   qt-mt323:qt-mt323.dll
 0001:00013a36       ?setWState@QWidget@@MAEXI@Z 00414a36 f   qt-mt323:qt-mt323.dll
 0001:00013a3c       ?destroy@QWidget@@MAEX_N0@Z 00414a3c f   qt-mt323:qt-mt323.dll
 0001:00013a42       ?create@QWidget@@MAEXPAUHWND__@@_N1@Z 00414a42 f   qt-mt323:qt-mt323.dll
 0001:00013a48       ?windowActivationChange@QWidget@@MAEX_N@Z 00414a48 f   qt-mt323:qt-mt323.dll
 0001:00013a4e       ?fontChange@QWidget@@MAEXABVQFont@@@Z 00414a4e f   qt-mt323:qt-mt323.dll
 0001:00013a54       ?paletteChange@QWidget@@MAEXABVQPalette@@@Z 00414a54 f   qt-mt323:qt-mt323.dll
 0001:00013a5a       ?enabledChange@QWidget@@MAEX_N@Z 00414a5a f   qt-mt323:qt-mt323.dll
 0001:00013a60       ?styleChange@QWidget@@MAEXAAVQStyle@@@Z 00414a60 f   qt-mt323:qt-mt323.dll
 0001:00013a66       ?updateMask@QWidget@@MAEXXZ 00414a66 f   qt-mt323:qt-mt323.dll
 0001:00013a6c       ?winEvent@QWidget@@MAE_NPAUtagMSG@@@Z 00414a6c f   qt-mt323:qt-mt323.dll
 0001:00013a72       ?hideEvent@QWidget@@MAEXPAVQHideEvent@@@Z 00414a72 f   qt-mt323:qt-mt323.dll
 0001:00013a78       ?showEvent@QWidget@@MAEXPAVQShowEvent@@@Z 00414a78 f   qt-mt323:qt-mt323.dll
 0001:00013a7e       ?dropEvent@QWidget@@MAEXPAVQDropEvent@@@Z 00414a7e f   qt-mt323:qt-mt323.dll
 0001:00013a84       ?dragLeaveEvent@QWidget@@MAEXPAVQDragLeaveEvent@@@Z 00414a84 f   qt-mt323:qt-mt323.dll
 0001:00013a8a       ?dragMoveEvent@QWidget@@MAEXPAVQDragMoveEvent@@@Z 00414a8a f   qt-mt323:qt-mt323.dll
 0001:00013a90       ?dragEnterEvent@QWidget@@MAEXPAVQDragEnterEvent@@@Z 00414a90 f   qt-mt323:qt-mt323.dll
 0001:00013a96       ?tabletEvent@QWidget@@MAEXPAVQTabletEvent@@@Z 00414a96 f   qt-mt323:qt-mt323.dll
 0001:00013a9c       ?imEndEvent@QWidget@@MAEXPAVQIMEvent@@@Z 00414a9c f   qt-mt323:qt-mt323.dll
 0001:00013aa2       ?imComposeEvent@QWidget@@MAEXPAVQIMEvent@@@Z 00414aa2 f   qt-mt323:qt-mt323.dll
 0001:00013aa8       ?imStartEvent@QWidget@@MAEXPAVQIMEvent@@@Z 00414aa8 f   qt-mt323:qt-mt323.dll
 0001:00013aae       ?contextMenuEvent@QWidget@@MAEXPAVQContextMenuEvent@@@Z 00414aae f   qt-mt323:qt-mt323.dll
 0001:00013ab4       ?closeEvent@QWidget@@MAEXPAVQCloseEvent@@@Z 00414ab4 f   qt-mt323:qt-mt323.dll
 0001:00013aba       ?resizeEvent@QWidget@@MAEXPAVQResizeEvent@@@Z 00414aba f   qt-mt323:qt-mt323.dll
 0001:00013ac0       ?moveEvent@QWidget@@MAEXPAVQMoveEvent@@@Z 00414ac0 f   qt-mt323:qt-mt323.dll
 0001:00013ac6       ?paintEvent@QWidget@@MAEXPAVQPaintEvent@@@Z 00414ac6 f   qt-mt323:qt-mt323.dll
 0001:00013acc       ?leaveEvent@QWidget@@MAEXPAVQEvent@@@Z 00414acc f   qt-mt323:qt-mt323.dll
 0001:00013ad2       ?enterEvent@QWidget@@MAEXPAVQEvent@@@Z 00414ad2 f   qt-mt323:qt-mt323.dll
 0001:00013ad8       ?focusOutEvent@QWidget@@MAEXPAVQFocusEvent@@@Z 00414ad8 f   qt-mt323:qt-mt323.dll
 0001:00013ade       ?focusInEvent@QWidget@@MAEXPAVQFocusEvent@@@Z 00414ade f   qt-mt323:qt-mt323.dll
 0001:00013ae4       ?keyReleaseEvent@QWidget@@MAEXPAVQKeyEvent@@@Z 00414ae4 f   qt-mt323:qt-mt323.dll
 0001:00013aea       ?keyPressEvent@QWidget@@MAEXPAVQKeyEvent@@@Z 00414aea f   qt-mt323:qt-mt323.dll
 0001:00013af0       ?wheelEvent@QWidget@@MAEXPAVQWheelEvent@@@Z 00414af0 f   qt-mt323:qt-mt323.dll
 0001:00013af6       ?mouseMoveEvent@QWidget@@MAEXPAVQMouseEvent@@@Z 00414af6 f   qt-mt323:qt-mt323.dll
 0001:00013afc       ?mouseDoubleClickEvent@QWidget@@MAEXPAVQMouseEvent@@@Z 00414afc f   qt-mt323:qt-mt323.dll
 0001:00013b02       ?mouseReleaseEvent@QWidget@@MAEXPAVQMouseEvent@@@Z 00414b02 f   qt-mt323:qt-mt323.dll
 0001:00013b08       ?mousePressEvent@QWidget@@MAEXPAVQMouseEvent@@@Z 00414b08 f   qt-mt323:qt-mt323.dll
[...]
      121    ?end@?$QMap@VQString@@VcomplexType@@@@QBE?AV?$QMapConstIterator@VQString@@VcomplexType@@@@XZ (public: class QMapConstIterator<class QString,class complexType> __thiscall QMap<class QString,class complexType>::end(void)const )
      122    ?end@?$QMap@VQString@@VdeviceTypeInfo@@@@QAE?AV?$QMapIterator@VQString@@VdeviceTypeInfo@@@@XZ (public: class QMapIterator<class QString,class deviceTypeInfo> __thiscall QMap<class QString,class deviceTypeInfo>::end(void))
      123    ?end@?$QMap@VQString@@VdeviceTypeInfo@@@@QBE?AV?$QMapConstIterator@VQString@@VdeviceTypeInfo@@@@XZ (public: class QMapConstIterator<class QString,class deviceTypeInfo> __thiscall QMap<class QString,class deviceTypeInfo>::end(void)const )
      124    ?end@?$QMap@VQString@@VinstanceInfo@@@@QAE?AV?$QMapIterator@VQString@@VinstanceInfo@@@@XZ (public: class QMapIterator<class QString,class instanceInfo> __thiscall QMap<class QString,class instanceInfo>::end(void))
      125    ?end@?$QMap@VQString@@VinstanceInfo@@@@QBE?AV?$QMapConstIterator@VQString@@VinstanceInfo@@@@XZ (public: class QMapConstIterator<class QString,class instanceInfo> __thiscall QMap<class QString,class instanceInfo>::end(void)const )
      126    ?end@?$QMap@VQString@@VparamInfo@@@@QAE?AV?$QMapIterator@VQString@@VparamInfo@@@@XZ (public: class QMapIterator<class QString,class paramInfo> __thiscall QMap<class QString,class paramInfo>::end(void))
      127    ?end@?$QMap@VQString@@VparamInfo@@@@QBE?AV?$QMapConstIterator@VQString@@VparamInfo@@@@XZ (public: class QMapConstIterator<class QString,class paramInfo> __thiscall QMap<class QString,class paramInfo>::end(void)const )
      128    ?erase@?$QMap@VQString@@VcomplexInstance@@@@QAEXABVQString@@@Z (public: void __thiscall QMap<class QString,class complexInstance>::erase(class QString const &))
      129    ?erase@?$QMap@VQString@@VcomplexInstance@@@@QAEXV?$QMapIterator@VQString@@VcomplexInstance@@@@@Z (public: void __thiscall QMap<class QString,class complexInstance>::erase(class QMapIterator<class QString,class complexInstance>))
      130    ?erase@?$QMap@VQString@@VcomplexParam@@@@QAEXABVQString@@@Z (public: void __thiscall QMap<class QString,class complexParam>::erase(class QString const &))
      131    ?erase@?$QMap@VQString@@VcomplexParam@@@@QAEXV?$QMapIterator@VQString@@VcomplexParam@@@@@Z (public: void __thiscall QMap<class QString,class complexParam>::erase(class QMapIterator<class QString,class complexParam>))
      132    ?erase@?$QMap@VQString@@VcomplexType@@@@QAEXABVQString@@@Z (public: void __thiscall QMap<class QString,class complexType>::erase(class QString const &))
      133    ?erase@?$QMap@VQString@@VcomplexType@@@@QAEXV?$QMapIterator@VQString@@VcomplexType@@@@@Z (public: void __thiscall QMap<class QString,class complexType>::erase(class QMapIterator<class QString,class complexType>))
      134    ?erase@?$QMap@VQString@@VdeviceTypeInfo@@@@QAEXABVQString@@@Z (public: void __thiscall QMap<class QString,class deviceTypeInfo>::erase(class QString const &))
      135    ?erase@?$QMap@VQString@@VdeviceTypeInfo@@@@QAEXV?$QMapIterator@VQString@@VdeviceTypeInfo@@@@@Z (public: void __thiscall QMap<class QString,class deviceTypeInfo>::erase(class QMapIterator<class QString,class deviceTypeInfo>))
      136    ?erase@?$QMap@VQString@@VinstanceInfo@@@@QAEXABVQString@@@Z (public: void __thiscall QMap<class QString,class instanceInfo>::erase(class QString const &))
      137    ?erase@?$QMap@VQString@@VinstanceInfo@@@@QAEXV?$QMapIterator@VQString@@VinstanceInfo@@@@@Z (public: void __thiscall QMap<class QString,class instanceInfo>::erase(class QMapIterator<class QString,class instanceInfo>))
      138    ?erase@?$QMap@VQString@@VparamInfo@@@@QAEXABVQString@@@Z (public: void __thiscall QMap<class QString,class paramInfo>::erase(class QString const &))
      139    ?erase@?$QMap@VQString@@VparamInfo@@@@QAEXV?$QMapIterator@VQString@@VparamInfo@@@@@Z (public: void __thiscall QMap<class QString,class paramInfo>::erase(class QMapIterator<class QString,class paramInfo>))
      140    ?find@?$QMap@VQString@@VcomplexInstance@@@@QAE?AV?$QMapIterator@VQString@@VcomplexInstance@@@@ABVQString@@@Z (public: class QMapIterator<class QString,class complexInstance> __thiscall QMap<class QString,class complexInstance>::find(class QString const &))
      141    ?find@?$QMap@VQString@@VcomplexInstance@@@@QBE?AV?$QMapConstIterator@VQString@@VcomplexInstance@@@@ABVQString@@@Z (public: class QMapConstIterator<class QString,class complexInstance> __thiscall QMap<class QString,class complexInstance>::find(class QString const &)const )
      142    ?find@?$QMap@VQString@@VcomplexParam@@@@QAE?AV?$QMapIterator@VQString@@VcomplexParam@@@@ABVQString@@@Z (public: class QMapIterator<class QString,class complexParam> __thiscall QMap<class QString,class complexParam>::find(class QString const &))
      143    ?find@?$QMap@VQString@@VcomplexParam@@@@QBE?AV?$QMapConstIterator@VQString@@VcomplexParam@@@@ABVQString@@@Z (public: class QMapConstIterator<class QString,class complexParam> __thiscall QMap<class QString,class complexParam>::find(class QString const &)const )
      144    ?find@?$QMap@VQString@@VcomplexType@@@@QAE?AV?$QMapIterator@VQString@@VcomplexType@@@@ABVQString@@@Z (public: class QMapIterator<class QString,class complexType> __thiscall QMap<class QString,class complexType>::find(class QString const &))
      145    ?find@?$QMap@VQString@@VcomplexType@@@@QBE?AV?$QMapConstIterator@VQString@@VcomplexType@@@@ABVQString@@@Z (public: class QMapConstIterator<class QString,class complexType> __thiscall QMap<class QString,class complexType>::find(class QString const &)const )
      146    ?find@?$QMap@VQString@@VdeviceTypeInfo@@@@QAE?AV?$QMapIterator@VQString@@VdeviceTypeInfo@@@@ABVQString@@@Z (public: class QMapIterator<class QString,class deviceTypeInfo> __thiscall QMap<class QString,class deviceTypeInfo>::find(class QString const &))
      147    ?find@?$QMap@VQString@@VdeviceTypeInfo@@@@QBE?AV?$QMapConstIterator@VQString@@VdeviceTypeInfo@@@@ABVQString@@@Z (public: class QMapConstIterator<class QString,class deviceTypeInfo> __thiscall QMap<class QString,class deviceTypeInfo>::find(class QString const &)const )
      148    ?find@?$QMap@VQString@@VinstanceInfo@@@@QAE?AV?$QMapIterator@VQString@@VinstanceInfo@@@@ABVQString@@@Z (public: class QMapIterator<class QString,class instanceInfo> __thiscall QMap<class QString,class instanceInfo>::find(class QString const &))
      149    ?find@?$QMap@VQString@@VinstanceInfo@@@@QBE?AV?$QMapConstIterator@VQString@@VinstanceInfo@@@@ABVQString@@@Z (public: class QMapConstIterator<class QString,class instanceInfo> __thiscall QMap<class QString,class instanceInfo>::find(class QString const &)const )
      150    ?find@?$QMap@VQString@@VparamInfo@@@@QAE?AV?$QMapIterator@VQString@@VparamInfo@@@@ABVQString@@@Z (public: class QMapIterator<class QString,class paramInfo> __thiscall QMap<class QString,class paramInfo>::find(class QString const &))
      151    ?find@?$QMap@VQString@@VparamInfo@@@@QBE?AV?$QMapConstIterator@VQString@@VparamInfo@@@@ABVQString@@@Z (public: class QMapConstIterator<class QString,class paramInfo> __thiscall QMap<class QString,class paramInfo>::find(class QString const &)const )
      152    ?insert@?$QMap@VQString@@VcomplexInstance@@@@QAE?AU?$QPair@V?$QMapIterator@VQString@@VcomplexInstance@@@@_N@@ABU?$QPair@$$CBVQString@@VcomplexInstance@@@@@Z (public: struct QPair<class QMapIterator<class QString,class complexInstance>,bool> __thiscall QMap<class QString,class complexInstance>::insert(struct QPair<class QString const ,class complexInstance> const &))
      153    ?insert@?$QMap@VQString@@VcomplexInstance@@@@QAE?AV?$QMapIterator@VQString@@VcomplexInstance@@@@ABVQString@@ABVcomplexInstance@@_N@Z (public: class QMapIterator<class QString,class complexInstance> __thiscall QMap<class QString,class complexInstance>::insert(class QString const &,class complexInstance const &,bool))
      154    ?insert@?$QMap@VQString@@VcomplexParam@@@@QAE?AU?$QPair@V?$QMapIterator@VQString@@VcomplexParam@@@@_N@@ABU?$QPair@$$CBVQString@@VcomplexParam@@@@@Z (public: struct QPair<class QMapIterator<class QString,class complexParam>,bool> __thiscall QMap<class QString,class complexParam>::insert(struct QPair<class QString const ,class complexParam> const &))
      155    ?insert@?$QMap@VQString@@VcomplexParam@@@@QAE?AV?$QMapIterator@VQString@@VcomplexParam@@@@ABVQString@@ABVcomplexParam@@_N@Z (public: class QMapIterator<class QString,class complexParam> __thiscall QMap<class QString,class complexParam>::insert(class QString const &,class complexParam const &,bool))
      156    ?insert@?$QMap@VQString@@VcomplexType@@@@QAE?AU?$QPair@V?$QMapIterator@VQString@@VcomplexType@@@@_N@@ABU?$QPair@$$CBVQString@@VcomplexType@@@@@Z (public: struct QPair<class QMapIterator<class QString,class complexType>,bool> __thiscall QMap<class QString,class complexType>::insert(struct QPair<class QString const ,class complexType> const &))
      157    ?insert@?$QMap@VQString@@VcomplexType@@@@QAE?AV?$QMapIterator@VQString@@VcomplexType@@@@ABVQString@@ABVcomplexType@@_N@Z (public: class QMapIterator<class QString,class complexType> __thiscall QMap<class QString,class complexType>::insert(class QString const &,class complexType const &,bool))
      158    ?insert@?$QMap@VQString@@VdeviceTypeInfo@@@@QAE?AU?$QPair@V?$QMapIterator@VQString@@VdeviceTypeInfo@@@@_N@@ABU?$QPair@$$CBVQString@@VdeviceTypeInfo@@@@@Z (public: struct QPair<class QMapIterator<class QString,class deviceTypeInfo>,bool> __thiscall QMap<class QString,class deviceTypeInfo>::insert(struct QPair<class QString const ,class deviceTypeInfo> const &))
      159    ?insert@?$QMap@VQString@@VdeviceTypeInfo@@@@QAE?AV?$QMapIterator@VQString@@VdeviceTypeInfo@@@@ABVQString@@ABVdeviceTypeInfo@@_N@Z (public: class QMapIterator<class QString,class deviceTypeInfo> __thiscall QMap<class QString,class deviceTypeInfo>::insert(class QString const &,class deviceTypeInfo const &,bool))
      160    ?insert@?$QMap@VQString@@VinstanceInfo@@@@QAE?AU?$QPair@V?$QMapIterator@VQString@@VinstanceInfo@@@@_N@@ABU?$QPair@$$CBVQString@@VinstanceInfo@@@@@Z (public: struct QPair<class QMapIterator<class QString,class instanceInfo>,bool> __thiscall QMap<class QString,class instanceInfo>::insert(struct QPair<class QString const ,class instanceInfo> const &))
      161    ?insert@?$QMap@VQString@@VinstanceInfo@@@@QAE?AV?$QMapIterator@VQString@@VinstanceInfo@@@@ABVQString@@ABVinstanceInfo@@_N@Z (public: class QMapIterator<class QString,class instanceInfo> __thiscall QMap<class QString,class instanceInfo>::insert(class QString const &,class instanceInfo const &,bool))
      162    ?insert@?$QMap@VQString@@VparamInfo@@@@QAE?AU?$QPair@V?$QMapIterator@VQString@@VparamInfo@@@@_N@@ABU?$QPair@$$CBVQString@@VparamInfo@@@@@Z (public: struct QPair<class QMapIterator<class QString,class paramInfo>,bool> __thiscall QMap<class QString,class paramInfo>::insert(struct QPair<class QString const ,class paramInfo> const &))
      163    ?insert@?$QMap@VQString@@VparamInfo@@@@QAE?AV?$QMapIterator@VQString@@VparamInfo@@@@ABVQString@@ABVparamInfo@@_N@Z (public: class QMapIterator<class QString,class paramInfo> __thiscall QMap<class QString,class paramInfo>::insert(class QString const &,class paramInfo const &,bool))
      164    ?isEmpty@?$QMap@VQString@@VcomplexInstance@@@@QBE_NXZ (public: bool __thiscall QMap<class QString,class complexInstance>::isEmpty(void)const )
      165    ?isEmpty@?$QMap@VQString@@VcomplexParam@@@@QBE_NXZ (public: bool __thiscall QMap<class QString,class complexParam>::isEmpty(void)const )
      166    ?isEmpty@?$QMap@VQString@@VcomplexType@@@@QBE_NXZ (public: bool __thiscall QMap<class QString,class complexType>::isEmpty(void)const )
      167    ?isEmpty@?$QMap@VQString@@VdeviceTypeInfo@@@@QBE_NXZ (public: bool __thiscall QMap<class QString,class deviceTypeInfo>::isEmpty(void)const )
      168    ?isEmpty@?$QMap@VQString@@VinstanceInfo@@@@QBE_NXZ (public: bool __thiscall QMap<class QString,class instanceInfo>::isEmpty(void)const )
      169    ?isEmpty@?$QMap@VQString@@VparamInfo@@@@QBE_NXZ (public: bool __thiscall QMap<class QString,class paramInfo>::isEmpty(void)const )
      170    ?keys@?$QMap@VQString@@VcomplexInstance@@@@QBE?AV?$QValueList@VQString@@@@XZ (public: class QValueList<class QString> __thiscall QMap<class QString,class complexInstance>::keys(void)const )
      171    ?keys@?$QMap@VQString@@VcomplexParam@@@@QBE?AV?$QValueList@VQString@@@@XZ (public: class QValueList<class QString> __thiscall QMap<class QString,class complexParam>::keys(void)const )
      172    ?keys@?$QMap@VQString@@VcomplexType@@@@QBE?AV?$QValueList@VQString@@@@XZ (public: class QValueList<class QString> __thiscall QMap<class QString,class complexType>::keys(void)const )
      173    ?keys@?$QMap@VQString@@VdeviceTypeInfo@@@@QBE?AV?$QValueList@VQString@@@@XZ (public: class QValueList<class QString> __thiscall QMap<class QString,class deviceTypeInfo>::keys(void)const )
      174    ?keys@?$QMap@VQString@@VinstanceInfo@@@@QBE?AV?$QValueList@VQString@@@@XZ (public: class QValueList<class QString> __thiscall QMap<class QString,class instanceInfo>::keys(void)const )
      175    ?keys@?$QMap@VQString@@VparamInfo@@@@QBE?AV?$QValueList@VQString@@@@XZ (public: class QValueList<class QString> __thiscall QMap<class QString,class paramInfo>::keys(void)const )
      176    ?remove@?$QMap@VQString@@VcomplexInstance@@@@QAEXABVQString@@@Z (public: void __thiscall QMap<class QString,class complexInstance>::remove(class QString const &))
      177    ?remove@?$QMap@VQString@@VcomplexInstance@@@@QAEXV?$QMapIterator@VQString@@VcomplexInstance@@@@@Z (public: void __thiscall QMap<class QString,class complexInstance>::remove(class QMapIterator<class QString,class complexInstance>))
      178    ?remove@?$QMap@VQString@@VcomplexParam@@@@QAEXABVQString@@@Z (public: void __thiscall QMap<class QString,class complexParam>::remove(class QString const &))
      179    ?remove@?$QMap@VQString@@VcomplexParam@@@@QAEXV?$QMapIterator@VQString@@VcomplexParam@@@@@Z (public: void __thiscall QMap<class QString,class complexParam>::remove(class QMapIterator<class QString,class complexParam>))
      180    ?remove@?$QMap@VQString@@VcomplexType@@@@QAEXABVQString@@@Z (public: void __thiscall QMap<class QString,class complexType>::remove(class QString const &))
      181    ?remove@?$QMap@VQString@@VcomplexType@@@@QAEXV?$QMapIterator@VQString@@VcomplexType@@@@@Z (public: void __thiscall QMap<class QString,class complexType>::remove(class QMapIterator<class QString,class complexType>))
      182    ?remove@?$QMap@VQString@@VdeviceTypeInfo@@@@QAEXABVQString@@@Z (public: void __thiscall QMap<class QString,class deviceTypeInfo>::remove(class QString const &))
      183    ?remove@?$QMap@VQString@@VdeviceTypeInfo@@@@QAEXV?$QMapIterator@VQString@@VdeviceTypeInfo@@@@@Z (public: void __thiscall QMap<class QString,class deviceTypeInfo>::remove(class QMapIterator<class QString,class deviceTypeInfo>))
      184    ?remove@?$QMap@VQString@@VinstanceInfo@@@@QAEXABVQString@@@Z (public: void __thiscall QMap<class QString,class instanceInfo>::remove(class QString const &))
      185    ?remove@?$QMap@VQString@@VinstanceInfo@@@@QAEXV?$QMapIterator@VQString@@VinstanceInfo@@@@@Z (public: void __thiscall QMap<class QString,class instanceInfo>::remove(class QMapIterator<class QString,class instanceInfo>))
      186    ?remove@?$QMap@VQString@@VparamInfo@@@@QAEXABVQString@@@Z (public: void __thiscall QMap<class QString,class paramInfo>::remove(class QString const &))
      187    ?remove@?$QMap@VQString@@VparamInfo@@@@QAEXV?$QMapIterator@VQString@@VparamInfo@@@@@Z (public: void __thiscall QMap<class QString,class paramInfo>::remove(class QMapIterator<class QString,class paramInfo>))
      188    ?replace@?$QMap@VQString@@VcomplexInstance@@@@QAE?AV?$QMapIterator@VQString@@VcomplexInstance@@@@ABVQString@@ABVcomplexInstance@@@Z (public: class QMapIterator<class QString,class complexInstance> __thiscall QMap<class QString,class complexInstance>::replace(class QString const &,class complexInstance const &))
      189    ?replace@?$QMap@VQString@@VcomplexParam@@@@QAE?AV?$QMapIterator@VQString@@VcomplexParam@@@@ABVQString@@ABVcomplexParam@@@Z (public: class QMapIterator<class QString,class complexParam> __thiscall QMap<class QString,class complexParam>::replace(class QString const &,class complexParam const &))
      190    ?replace@?$QMap@VQString@@VcomplexType@@@@QAE?AV?$QMapIterator@VQString@@VcomplexType@@@@ABVQString@@ABVcomplexType@@@Z (public: class QMapIterator<class QString,class complexType> __thiscall QMap<class QString,class complexType>::replace(class QString const &,class complexType const &))
      191    ?replace@?$QMap@VQString@@VdeviceTypeInfo@@@@QAE?AV?$QMapIterator@VQString@@VdeviceTypeInfo@@@@ABVQString@@ABVdeviceTypeInfo@@@Z (public: class QMapIterator<class QString,class deviceTypeInfo> __thiscall QMap<class QString,class deviceTypeInfo>::replace(class QString const &,class deviceTypeInfo const &))
      192    ?replace@?$QMap@VQString@@VinstanceInfo@@@@QAE?AV?$QMapIterator@VQString@@VinstanceInfo@@@@ABVQString@@ABVinstanceInfo@@@Z (public: class QMapIterator<class QString,class instanceInfo> __thiscall QMap<class QString,class instanceInfo>::replace(class QString const &,class instanceInfo const &))
      193    ?replace@?$QMap@VQString@@VparamInfo@@@@QAE?AV?$QMapIterator@VQString@@VparamInfo@@@@ABVQString@@ABVparamInfo@@@Z (public: class QMapIterator<class QString,class paramInfo> __thiscall QMap<class QString,class paramInfo>::replace(class QString const &,class paramInfo const &))
      194    ?size@?$QMap@VQString@@VcomplexInstance@@@@QBEIXZ (public: unsigned int __thiscall QMap<class QString,class complexInstance>::size(void)const )
      195    ?size@?$QMap@VQString@@VcomplexParam@@@@QBEIXZ (public: unsigned int __thiscall QMap<class QString,class complexParam>::size(void)const )
      196    ?size@?$QMap@VQString@@VcomplexType@@@@QBEIXZ (public: unsigned int __thiscall QMap<class QString,class complexType>::size(void)const )
      197    ?size@?$QMap@VQString@@VdeviceTypeInfo@@@@QBEIXZ (public: unsigned int __thiscall QMap<class QString,class deviceTypeInfo>::size(void)const )
      198    ?size@?$QMap@VQString@@VinstanceInfo@@@@QBEIXZ (public: unsigned int __thiscall QMap<class QString,class instanceInfo>::size(void)const )
      199    ?size@?$QMap@VQString@@VparamInfo@@@@QBEIXZ (public: unsigned int __thiscall QMap<class QString,class paramInfo>::size(void)const )
      200    ?values@?$QMap@VQString@@VcomplexInstance@@@@QBE?AV?$QValueList@VcomplexInstance@@@@XZ (public: class QValueList<class complexInstance> __thiscall QMap<class QString,class complexInstance>::values(void)const )
      201    ?values@?$QMap@VQString@@VcomplexParam@@@@QBE?AV?$QValueList@VcomplexParam@@@@XZ (public: class QValueList<class complexParam> __thiscall QMap<class QString,class complexParam>::values(void)const )
      202    ?values@?$QMap@VQString@@VcomplexType@@@@QBE?AV?$QValueList@VcomplexType@@@@XZ (public: class QValueList<class complexType> __thiscall QMap<class QString,class complexType>::values(void)const )
      203    ?values@?$QMap@VQString@@VdeviceTypeInfo@@@@QBE?AV?$QValueList@VdeviceTypeInfo@@@@XZ (public: class QValueList<class deviceTypeInfo> __thiscall QMap<class QString,class deviceTypeInfo>::values(void)const )
      204    ?values@?$QMap@VQString@@VinstanceInfo@@@@QBE?AV?$QValueList@VinstanceInfo@@@@XZ (public: class QValueList<class instanceInfo> __thiscall QMap<class QString,class instanceInfo>::values(void)const )
      205    ?values@?$QMap@VQString@@VparamInfo@@@@QBE?AV?$QValueList@VparamInfo@@@@XZ (public: class QValueList<class paramInfo> __thiscall QMap<class QString,class paramInfo>::values(void)const )
