 PanelMan

 Timestamp is 5e9dbbb7 (Mon Apr 20 16:11:51 2020)

 Preferred load address is 00400000

 Start         Length     Name                   Class
 0001:00000000 0000202fH .text                   CODE
 0001:0000202f 00000299H .text$di                CODE
 0001:000022d0 000185e8H .text$mn                CODE
 0001:0001a8b8 00003cfdH .text$x                 CODE
 0001:0001e5b5 0000012cH .text$yd                CODE
 0002:00000000 00002024H .idata$5                DATA
 0002:00002024 00000004H .CRT$XCA                DATA
 0002:00002028 00000004H .CRT$XCAA               DATA
 0002:0000202c 00000058H .CRT$XCU                DATA
 0002:00002084 00000004H .CRT$XCZ                DATA
 0002:00002088 00000004H .CRT$XIA                DATA
 0002:0000208c 00000004H .CRT$XIAA               DATA
 0002:00002090 00000004H .CRT$XIC                DATA
 0002:00002094 00000004H .CRT$XIY                DATA
 0002:00002098 00000004H .CRT$XIZ                DATA
 0002:000020a0 0000b798H .rdata                  DATA
 0002:0000d838 000019a0H .rdata$r                DATA
 0002:0000f1d8 00000004H .rtc$IAA                DATA
 0002:0000f1dc 00000004H .rtc$IZZ                DATA
 0002:0000f1e0 00000004H .rtc$TAA                DATA
 0002:0000f1e4 00000004H .rtc$TZZ                DATA
 0002:0000f1e8 00003b54H .xdata$x                DATA
 0002:00012d40 000057fdH .edata                  DATA
 0002:00018540 00000104H .idata$2                DATA
 0002:00018644 00000014H .idata$3                DATA
 0002:00018658 00002024H .idata$4                DATA
 0002:0001a67c 00014598H .idata$6                DATA
 0003:00000000 0000061cH .data                   DATA
 0003:0000061c 000009c4H .data$r                 DATA
 0003:00000fe0 000004ccH .bss                    DATA
 0004:00000000 00000160H .rsrc$01                DATA
 0004:00000160 00002ed8H .rsrc$02                DATA

  Address         Publics by Value              Rva+Base       Lib:Object

 0000:00000000       ___guard_fids_count        00000000     <absolute>
 0000:00000000       ___guard_fids_table        00000000     <absolute>
 0000:00000000       ___guard_flags             00000000     <absolute>
 0000:00000000       ___safe_se_handler_table   00000000     <absolute>
 0000:00000000       ___safe_se_handler_count   00000000     <absolute>
 0000:00000000       __except_list              00000000     <absolute>
 0000:00009876       __fltused                  00009876     <absolute>
 0000:00009876       __ldused                   00009876     <absolute>
 0000:00000000       ___ImageBase               00400000     <linker-defined>
 0001:00000080       ??0QWidgetFactory@@QAE@XZ  00401080 f   qui:qwidgetfactory.obj
 0001:00000122       ??0QWidgetFactoryPrivate@@QAE@XZ 00401122 f i qui:qwidgetfactory.obj
 0001:00000158       ??_GQWidgetFactory@@UAEPAXI@Z 00401158 f i qui:qwidgetfactory.obj
 0001:00000158       ??_EQWidgetFactory@@UAEPAXI@Z 00401158 f i qui:qwidgetfactory.obj
 0001:00000174       ??1QWidgetFactory@@UAE@XZ  00401174 f   qui:qwidgetfactory.obj
 0001:0000022b       ??_GQSqlCursor@@UAEPAXI@Z  0040122b f i qui:qwidgetfactory.obj
 0001:0000022b       ??_EQSqlCursor@@UAEPAXI@Z  0040122b f i qui:qwidgetfactory.obj
 0001:00000248       ?createWidget@QWidgetFactory@@UBEPAVQWidget@@ABVQString@@PAV2@PBD@Z 00401248 f   qui:qwidgetfactory.obj
 0001:00000ffd       ??_EQToolButton@@UAEPAXI@Z 00401ffd f i qui:qwidgetfactory.obj
 0001:00000ffd       ??_GQToolButton@@UAEPAXI@Z 00401ffd f i qui:qwidgetfactory.obj
 0001:0000101a       ??_EQRadioButton@@UAEPAXI@Z 0040201a f i qui:qwidgetfactory.obj
 0001:0000101a       ??_GQCheckBox@@UAEPAXI@Z   0040201a f i qui:qwidgetfactory.obj
 0001:0000101a       ??_GQRadioButton@@UAEPAXI@Z 0040201a f i qui:qwidgetfactory.obj
 0001:0000101a       ??_EQCheckBox@@UAEPAXI@Z   0040201a f i qui:qwidgetfactory.obj
 0001:00001037       ??_GQGroupBox@@UAEPAXI@Z   00402037 f i qui:qwidgetfactory.obj
 0001:00001037       ??_EQGroupBox@@UAEPAXI@Z   00402037 f i qui:qwidgetfactory.obj
 0001:00001054       ??_EQIconView@@UAEPAXI@Z   00402054 f i qui:qwidgetfactory.obj
 0001:00001054       ??_GQIconView@@UAEPAXI@Z   00402054 f i qui:qwidgetfactory.obj
 0001:00001071       ??_GQTable@@UAEPAXI@Z      00402071 f i qui:qwidgetfactory.obj
 0001:00001071       ??_EQTable@@UAEPAXI@Z      00402071 f i qui:qwidgetfactory.obj
 0001:0000108e       ??_GQListView@@UAEPAXI@Z   0040208e f i qui:qwidgetfactory.obj
 0001:0000108e       ??_EQListView@@UAEPAXI@Z   0040208e f i qui:qwidgetfactory.obj
 0001:000010ab       ??_EQLineEdit@@UAEPAXI@Z   004020ab f i qui:qwidgetfactory.obj
 0001:000010ab       ??_GQLineEdit@@UAEPAXI@Z   004020ab f i qui:qwidgetfactory.obj
 0001:000010c8       ??_EQSpinBox@@UAEPAXI@Z    004020c8 f i qui:qwidgetfactory.obj
 0001:000010c8       ??_GQSpinBox@@UAEPAXI@Z    004020c8 f i qui:qwidgetfactory.obj
 0001:000010e5       ??_EQMultiLineEdit@@UAEPAXI@Z 004020e5 f i qui:qwidgetfactory.obj
 0001:000010e5       ??_GQMultiLineEdit@@UAEPAXI@Z 004020e5 f i qui:qwidgetfactory.obj
 0001:00001102       ??_GQTabWidget@@UAEPAXI@Z  00402102 f i qui:qwidgetfactory.obj
 0001:00001102       ??_EQTabWidget@@UAEPAXI@Z  00402102 f i qui:qwidgetfactory.obj
 0001:0000111f       ??_EQComboBox@@UAEPAXI@Z   0040211f f i qui:qwidgetfactory.obj
 0001:0000111f       ??_GQComboBox@@UAEPAXI@Z   0040211f f i qui:qwidgetfactory.obj
 0001:0000113c       ??_EQDialog@@UAEPAXI@Z     0040213c f i qui:qwidgetfactory.obj
 0001:0000113c       ??_GQDialog@@UAEPAXI@Z     0040213c f i qui:qwidgetfactory.obj
 0001:00001159       ??_GQWizard@@UAEPAXI@Z     00402159 f i qui:qwidgetfactory.obj
 0001:00001159       ??_EQWizard@@UAEPAXI@Z     00402159 f i qui:qwidgetfactory.obj
 0001:00001176       ??_EQLCDNumber@@UAEPAXI@Z  00402176 f i qui:qwidgetfactory.obj
 0001:00001176       ??_GQLCDNumber@@UAEPAXI@Z  00402176 f i qui:qwidgetfactory.obj
 0001:00001193       ??_GQProgressBar@@UAEPAXI@Z 00402193 f i qui:qwidgetfactory.obj
 0001:00001193       ??_EQProgressBar@@UAEPAXI@Z 00402193 f i qui:qwidgetfactory.obj
 0001:000011be       ??_EQTextView@@UAEPAXI@Z   004021be f i qui:qwidgetfactory.obj
 0001:000011be       ??_GQTextView@@UAEPAXI@Z   004021be f i qui:qwidgetfactory.obj
 0001:000011db       ??_GQTextBrowser@@UAEPAXI@Z 004021db f i qui:qwidgetfactory.obj
 0001:000011db       ??_EQTextBrowser@@UAEPAXI@Z 004021db f i qui:qwidgetfactory.obj
 0001:000011f8       ??_GQDial@@UAEPAXI@Z       004021f8 f i qui:qwidgetfactory.obj
 0001:000011f8       ??_EQDial@@UAEPAXI@Z       004021f8 f i qui:qwidgetfactory.obj
 0001:00001215       ??_EQSlider@@UAEPAXI@Z     00402215 f i qui:qwidgetfactory.obj
 0001:00001215       ??_GQSlider@@UAEPAXI@Z     00402215 f i qui:qwidgetfactory.obj
 0001:00001232       ??_GQSplitter@@UAEPAXI@Z   00402232 f i qui:qwidgetfactory.obj
 0001:00001232       ??_EQSplitter@@UAEPAXI@Z   00402232 f i qui:qwidgetfactory.obj
 0001:0000124f       ??_GQTextEdit@@UAEPAXI@Z   0040224f f i qui:qwidgetfactory.obj
 0001:0000124f       ??_EQTextEdit@@UAEPAXI@Z   0040224f f i qui:qwidgetfactory.obj
 0001:0000126c       ??_EQDateEdit@@UAEPAXI@Z   0040226c f i qui:qwidgetfactory.obj
 0001:0000126c       ??_GQDateEdit@@UAEPAXI@Z   0040226c f i qui:qwidgetfactory.obj
 0001:00001289       ??_GQTimeEdit@@UAEPAXI@Z   00402289 f i qui:qwidgetfactory.obj
 0001:00001289       ??_EQTimeEdit@@UAEPAXI@Z   00402289 f i qui:qwidgetfactory.obj
 0001:000012a6       ??_EQDateTimeEdit@@UAEPAXI@Z 004022a6 f i qui:qwidgetfactory.obj
 0001:000012a6       ??_GQDateTimeEdit@@UAEPAXI@Z 004022a6 f i qui:qwidgetfactory.obj
 0001:000012c3       ??_GQScrollBar@@UAEPAXI@Z  004022c3 f i qui:qwidgetfactory.obj
 0001:000012c3       ??_EQScrollBar@@UAEPAXI@Z  004022c3 f i qui:qwidgetfactory.obj
 0001:000012e0       ??_EQWidgetStack@@UAEPAXI@Z 004022e0 f i qui:qwidgetfactory.obj
 0001:000012e0       ??_GQWidgetStack@@UAEPAXI@Z 004022e0 f i qui:qwidgetfactory.obj
 0001:000012fd       ??_EQToolBox@@UAEPAXI@Z    004022fd f i qui:qwidgetfactory.obj
 0001:000012fd       ??_GQToolBox@@UAEPAXI@Z    004022fd f i qui:qwidgetfactory.obj
 0001:0000131a       ??_EQVBox@@UAEPAXI@Z       0040231a f i qui:qwidgetfactory.obj
 0001:0000131a       ??_GQVBox@@UAEPAXI@Z       0040231a f i qui:qwidgetfactory.obj
 0001:0000131a       ??_EQHBox@@UAEPAXI@Z       0040231a f i qui:qwidgetfactory.obj
 0001:0000131a       ??_GQHBox@@UAEPAXI@Z       0040231a f i qui:qwidgetfactory.obj
 0001:0000131a       ??_GQFrame@@UAEPAXI@Z      0040231a f i qui:qwidgetfactory.obj
 0001:0000131a       ??_EQFrame@@UAEPAXI@Z      0040231a f i qui:qwidgetfactory.obj
 0001:00001337       ??_EQMainWindow@@UAEPAXI@Z 00402337 f i qui:qwidgetfactory.obj
 0001:00001337       ??_GQMainWindow@@UAEPAXI@Z 00402337 f i qui:qwidgetfactory.obj
 0001:00001354       ??_EQDataTable@@UAEPAXI@Z  00402354 f i qui:qwidgetfactory.obj
 0001:00001354       ??_GQDataTable@@UAEPAXI@Z  00402354 f i qui:qwidgetfactory.obj
 0001:00001371       ??1Field@QWidgetFactory@@QAE@XZ 00402371 f i qui:qwidgetfactory.obj
 0001:00001390       ??0?$QValueList@UImage@QWidgetFactory@@@@QAE@XZ 00402390 f i qui:qwidgetfactory.obj
 0001:000013b0       ??0?$QMap@VQString@@VQStringList@@@@QAE@XZ 004023b0 f i qui:qwidgetfactory.obj
 0001:000013d0       ??1?$QMap@VQString@@VQStringList@@@@QAE@XZ 004023d0 f i qui:qwidgetfactory.obj
 0001:000013ed       ??0?$QMap@PAVQWidget@@USqlWidgetConnection@QWidgetFactory@@@@QAE@XZ 004023ed f i qui:qwidgetfactory.obj
 0001:0000140d       ??1?$QMap@PAVQWidget@@USqlWidgetConnection@QWidgetFactory@@@@QAE@XZ 0040240d f i qui:qwidgetfactory.obj
 0001:0000142a       ??0?$QMap@PAVQTable@@V?$QValueList@UField@QWidgetFactory@@@@@@QAE@XZ 0040242a f i qui:qwidgetfactory.obj
 0001:0000144a       ??1?$QMap@PAVQTable@@V?$QValueList@UField@QWidgetFactory@@@@@@QAE@XZ 0040244a f i qui:qwidgetfactory.obj
 0001:00001467       ??1?$QDict@_N@@UAE@XZ      00402467 f i qui:qwidgetfactory.obj
 0001:00001480       ?count@?$QDict@_N@@UBEIXZ  00402480 f i qui:qwidgetfactory.obj
 0001:00001480       ?currentNode@?$QPtrList@VsignalConnection@@@@QBEPAVQLNode@@XZ 00402480 f i AdjustMon.obj
 0001:00001480       ?count@?$QDict@VCExtProcess@@@@UBEIXZ 00402480 f i AppSwitch.obj
 0001:00001480       ?count@?$QDict@VCAppItem@@@@UBEIXZ 00402480 f i AppBar.obj
 0001:00001480       ?count@?$QDict@VQWidget@@@@UBEIXZ 00402480 f i AppView.obj
 0001:00001484       ?clear@?$QDict@_N@@UAEXXZ  00402484 f i qui:qwidgetfactory.obj
 0001:0000148a       ?count@?$QPtrList@VQWidgetFactory@@@@UBEIXZ 0040248a f i qui:qwidgetfactory.obj
 0001:0000148a       ?count@?$QPtrList@VsignalConnection@@@@UBEIXZ 0040248a f i AdjustMon.obj
 0001:0000148a       ?count@?$QPtrList@VQString@@@@UBEIXZ 0040248a f i AdjustMon.obj
 0001:0000148a       ?count@?$QPtrList@VQAction@@@@UBEIXZ 0040248a f i qui:qwidgetfactory.obj
 0001:0000148e       ?clear@?$QPtrList@VQAction@@@@UAEXXZ 0040248e f i qui:qwidgetfactory.obj
 0001:0000148e       ?clear@?$QPtrList@VQWidgetFactory@@@@UAEXXZ 0040248e f i qui:qwidgetfactory.obj
 0001:00001494       ??0?$QValueList@UField@QWidgetFactory@@@@QAE@XZ 00402494 f i qui:qwidgetfactory.obj
 0001:000014b4       ??_G?$QPtrList@VQAction@@@@UAEPAXI@Z 004024b4 f i qui:qwidgetfactory.obj
 0001:000014b4       ??_E?$QPtrList@VQAction@@@@UAEPAXI@Z 004024b4 f i qui:qwidgetfactory.obj
 0001:000014df       ??_E?$QDict@_N@@UAEPAXI@Z  004024df f i qui:qwidgetfactory.obj
 0001:000014df       ??_G?$QDict@_N@@UAEPAXI@Z  004024df f i qui:qwidgetfactory.obj
 0001:0000150a       ??_G?$QPtrList@VQWidgetFactory@@@@UAEPAXI@Z 0040250a f i qui:qwidgetfactory.obj
 0001:0000150a       ??_E?$QPtrList@VQWidgetFactory@@@@UAEPAXI@Z 0040250a f i qui:qwidgetfactory.obj
 0001:00001535       ?derefAndDelete@?$QValueListPrivate@UField@QWidgetFactory@@@@QAEXXZ 00402535 f i qui:qwidgetfactory.obj
 0001:00001535       ?derefAndDelete@?$QValueListPrivate@VQString@@@@QAEXXZ 00402535 f i qui:qwidgetfactory.obj
 0001:00001535       ?derefAndDelete@?$QValueListPrivate@UImage@QWidgetFactory@@@@QAEXXZ 00402535 f i qui:qwidgetfactory.obj
 0001:00001545       ??1?$QMapPrivate@VQString@@VQStringList@@@@QAE@XZ 00402545 f i qui:qwidgetfactory.obj
 0001:0000155d       ??1?$QMapPrivate@PAVQWidget@@USqlWidgetConnection@QWidgetFactory@@@@QAE@XZ 0040255d f i qui:qwidgetfactory.obj
 0001:00001575       ??1?$QMapPrivate@PAVQTable@@V?$QValueList@UField@QWidgetFactory@@@@@@QAE@XZ 00402575 f i qui:qwidgetfactory.obj
 0001:00001595       ??_G?$QMapNode@VQString@@VQStringList@@@@QAEPAXI@Z 00402595 f i qui:qwidgetfactory.obj
 0001:000015bd       ??_G?$QMapNode@PAVQWidget@@USqlWidgetConnection@QWidgetFactory@@@@QAEPAXI@Z 004025bd f i qui:qwidgetfactory.obj
 0001:000015ea       ?deleteItem@?$QPtrList@VQAction@@@@EAEXPAX@Z 004025ea f i qui:qwidgetfactory.obj
 0001:00001602       ?deleteItem@?$QDict@_N@@EAEXPAX@Z 00402602 f i qui:qwidgetfactory.obj
 0001:00001615       ?deleteItem@?$QPtrList@VQWidgetFactory@@@@EAEXPAX@Z 00402615 f i qui:qwidgetfactory.obj
 0001:0000162c       ??0?$QValueListPrivate@UImage@QWidgetFactory@@@@QAE@XZ 0040262c f i qui:qwidgetfactory.obj
 0001:0000166a       ??0?$QMapPrivate@VQString@@VQStringList@@@@QAE@XZ 0040266a f i qui:qwidgetfactory.obj
 0001:000016be       ?clear@?$QMapPrivate@VQString@@VQStringList@@@@QAEXXZ 004026be f i qui:qwidgetfactory.obj
 0001:000016ed       ??0?$QMapPrivate@PAVQWidget@@USqlWidgetConnection@QWidgetFactory@@@@QAE@XZ 004026ed f i qui:qwidgetfactory.obj
 0001:00001745       ?clear@?$QMapPrivate@PAVQWidget@@USqlWidgetConnection@QWidgetFactory@@@@QAEXXZ 00402745 f i qui:qwidgetfactory.obj
 0001:00001774       ??0?$QMapPrivate@PAVQTable@@V?$QValueList@UField@QWidgetFactory@@@@@@QAE@XZ 00402774 f i qui:qwidgetfactory.obj
 0001:000017be       ?clear@?$QMapPrivate@PAVQTable@@V?$QValueList@UField@QWidgetFactory@@@@@@QAEXXZ 004027be f i qui:qwidgetfactory.obj
 0001:000017ed       ??0?$QValueListPrivate@UField@QWidgetFactory@@@@QAE@XZ 004027ed f i qui:qwidgetfactory.obj
 0001:00001838       ??0Field@QWidgetFactory@@QAE@XZ 00402838 f i qui:qwidgetfactory.obj
 0001:00001857       ??_G?$QValueListPrivate@UField@QWidgetFactory@@@@UAEPAXI@Z 00402857 f i qui:qwidgetfactory.obj
 0001:00001857       ??_E?$QValueListPrivate@UField@QWidgetFactory@@@@UAEPAXI@Z 00402857 f i qui:qwidgetfactory.obj
 0001:00001857       ??_G?$QValueListPrivate@UImage@QWidgetFactory@@@@UAEPAXI@Z 00402857 f i qui:qwidgetfactory.obj
 0001:00001857       ??_E?$QValueListPrivate@UImage@QWidgetFactory@@@@UAEPAXI@Z 00402857 f i qui:qwidgetfactory.obj
 0001:00001873       ??1?$QValueListPrivate@UImage@QWidgetFactory@@@@UAE@XZ 00402873 f i qui:qwidgetfactory.obj
 0001:00001873       ??1?$QValueListPrivate@UField@QWidgetFactory@@@@UAE@XZ 00402873 f i qui:qwidgetfactory.obj
 0001:000018ab       ??_E?$QValueListNode@UImage@QWidgetFactory@@@@UAEPAXI@Z 004028ab f i qui:qwidgetfactory.obj
 0001:000018ab       ??_G?$QValueListNode@UImage@QWidgetFactory@@@@UAEPAXI@Z 004028ab f i qui:qwidgetfactory.obj
 0001:000018c7       ??1?$QValueListNode@UImage@QWidgetFactory@@@@UAE@XZ 004028c7 f i qui:qwidgetfactory.obj
 0001:000018e4       ??0?$QValueListNode@UImage@QWidgetFactory@@@@QAE@XZ 004028e4 f i qui:qwidgetfactory.obj
 0001:00001907       ??_G?$QValueListNode@UField@QWidgetFactory@@@@UAEPAXI@Z 00402907 f i qui:qwidgetfactory.obj
 0001:00001907       ??_E?$QValueListNode@UField@QWidgetFactory@@@@UAEPAXI@Z 00402907 f i qui:qwidgetfactory.obj
 0001:0000192c       ?clear@?$QMapPrivate@VQString@@VQStringList@@@@QAEXPAU?$QMapNode@VQString@@VQStringList@@@@@Z 0040292c f i qui:qwidgetfactory.obj
 0001:0000195e       ?clear@?$QMapPrivate@PAVQWidget@@USqlWidgetConnection@QWidgetFactory@@@@QAEXPAU?$QMapNode@PAVQWidget@@USqlWidgetConnection@QWidgetFactory@@@@@Z 0040295e f i qui:qwidgetfactory.obj
 0001:00001990       ?clear@?$QMapPrivate@PAVQTable@@V?$QValueList@UField@QWidgetFactory@@@@@@QAEXPAU?$QMapNode@PAVQTable@@V?$QValueList@UField@QWidgetFactory@@@@@@@Z 00402990 f i qui:qwidgetfactory.obj
 0001:000019c8       ??_EQDateTimeEdit@@WCI@AEPAXI@Z 004029c8 f i qui:qwidgetfactory.obj
 0001:000019d0       ??_EQLCDNumber@@WCI@AEPAXI@Z 004029d0 f i qui:qwidgetfactory.obj
 0001:000019d8       ??_EQSplitter@@WCI@AEPAXI@Z 004029d8 f i qui:qwidgetfactory.obj
 0001:000019e0       ??_EQTimeEdit@@WCI@AEPAXI@Z 004029e0 f i qui:qwidgetfactory.obj
 0001:000019e8       ??_EQTextView@@WCI@AEPAXI@Z 004029e8 f i qui:qwidgetfactory.obj
 0001:000019f0       ??_EQSpinBox@@WCI@AEPAXI@Z 004029f0 f i qui:qwidgetfactory.obj
 0001:000019f8       ??_EQSpinBox@@WGM@AEPAXI@Z 004029f8 f i qui:qwidgetfactory.obj
 0001:00001a00       ??_EQToolBox@@WCI@AEPAXI@Z 00402a00 f i qui:qwidgetfactory.obj
 0001:00001a08       ??_EQDial@@WCI@AEPAXI@Z    00402a08 f i qui:qwidgetfactory.obj
 0001:00001a10       ??_EQDial@@WGM@AEPAXI@Z    00402a10 f i qui:qwidgetfactory.obj
 0001:00001a18       ??_EQGroupBox@@WCI@AEPAXI@Z 00402a18 f i qui:qwidgetfactory.obj
 0001:00001a20       ??_EQDataTable@@WCI@AEPAXI@Z 00402a20 f i qui:qwidgetfactory.obj
 0001:00001a28       ??_EQTextEdit@@WCI@AEPAXI@Z 00402a28 f i qui:qwidgetfactory.obj
 0001:00001a30       ??_EQTextBrowser@@WCI@AEPAXI@Z 00402a30 f i qui:qwidgetfactory.obj
 0001:00001a38       ??_EQLineEdit@@WCI@AEPAXI@Z 00402a38 f i qui:qwidgetfactory.obj
 0001:00001a40       ??_EQWidgetStack@@WCI@AEPAXI@Z 00402a40 f i qui:qwidgetfactory.obj
 0001:00001a48       ??_EQTabWidget@@WCI@AEPAXI@Z 00402a48 f i qui:qwidgetfactory.obj
 0001:00001a50       ??_EQDateEdit@@WCI@AEPAXI@Z 00402a50 f i qui:qwidgetfactory.obj
 0001:00001a58       ??_EQProgressBar@@WCI@AEPAXI@Z 00402a58 f i qui:qwidgetfactory.obj
 0001:00001a60       ??_EQFrame@@WCI@AEPAXI@Z   00402a60 f i qui:qwidgetfactory.obj
 0001:00001a60       ??_EQHBox@@WCI@AEPAXI@Z    00402a60 f i qui:qwidgetfactory.obj
 0001:00001a60       ??_EQVBox@@WCI@AEPAXI@Z    00402a60 f i qui:qwidgetfactory.obj
 0001:00001a68       ??_EQDialog@@WCI@AEPAXI@Z  00402a68 f i qui:qwidgetfactory.obj
 0001:00001a70       ??_EQMainWindow@@WCI@AEPAXI@Z 00402a70 f i qui:qwidgetfactory.obj
 0001:00001a78       ??_EQToolButton@@WCI@AEPAXI@Z 00402a78 f i qui:qwidgetfactory.obj
 0001:00001a80       ??_EQListView@@WCI@AEPAXI@Z 00402a80 f i qui:qwidgetfactory.obj
 0001:00001a88       ??_EQIconView@@WCI@AEPAXI@Z 00402a88 f i qui:qwidgetfactory.obj
 0001:00001a90       ??_EQTable@@WCI@AEPAXI@Z   00402a90 f i qui:qwidgetfactory.obj
 0001:00001a98       ??_EQScrollBar@@WCI@AEPAXI@Z 00402a98 f i qui:qwidgetfactory.obj
 0001:00001aa0       ??_EQScrollBar@@WGM@AEPAXI@Z 00402aa0 f i qui:qwidgetfactory.obj
 0001:00001aa8       ??_EQSlider@@WCI@AEPAXI@Z  00402aa8 f i qui:qwidgetfactory.obj
 0001:00001ab0       ??_EQSlider@@WGM@AEPAXI@Z  00402ab0 f i qui:qwidgetfactory.obj
 0001:00001ab8       ??_EQWizard@@WCI@AEPAXI@Z  00402ab8 f i qui:qwidgetfactory.obj
 0001:00001ac0       ??_EQMultiLineEdit@@WCI@AEPAXI@Z 00402ac0 f i qui:qwidgetfactory.obj
 0001:00001ac8       ??_EQSqlCursor@@W7AEPAXI@Z 00402ac8 f i qui:qwidgetfactory.obj
 0001:00001ad0       ?value@QSqlCursor@@W7BE?AVQVariant@@H@Z 00402ad0 f i qui:qwidgetfactory.obj
 0001:00001ad9       ??_EQComboBox@@WCI@AEPAXI@Z 00402ad9 f i qui:qwidgetfactory.obj
 0001:00001ae1       ??_EQRadioButton@@WCI@AEPAXI@Z 00402ae1 f i qui:qwidgetfactory.obj
 0001:00001ae1       ??_EQCheckBox@@WCI@AEPAXI@Z 00402ae1 f i qui:qwidgetfactory.obj
 0001:00001ae9       ??0DatabaseSupport2@@QAE@XZ 00402ae9 f   qui:database.obj
 0001:00001b13       ??_GDatabaseSupport2@@UAEPAXI@Z 00402b13 f i qui:database.obj
 0001:00001b13       ??_EDatabaseSupport2@@UAEPAXI@Z 00402b13 f i qui:database.obj
 0001:00001b42       ??0QDesignerDataBrowser2@@QAE@PAVQWidget@@PBD@Z 00402b42 f   qui:database.obj
 0001:00001b7a       ?metaObject@QDesignerDataBrowser2@@UBEPAVQMetaObject@@XZ 00402b7a f i qui:database.obj
 0001:00001b7f       ??_GQDesignerDataBrowser2@@UAEPAXI@Z 00402b7f f i qui:database.obj
 0001:00001b7f       ??_EQDesignerDataBrowser2@@UAEPAXI@Z 00402b7f f i qui:database.obj
 0001:00001b9b       ??1QDesignerDataBrowser2@@UAE@XZ 00402b9b f i qui:database.obj
 0001:00001bcd       ?event@QDesignerDataBrowser2@@MAE_NPAVQEvent@@@Z 00402bcd f   qui:database.obj
 0001:00001c4d       ??0QDesignerDataView2@@QAE@PAVQWidget@@PBD@Z 00402c4d f   qui:database.obj
 0001:00001c85       ?metaObject@QDesignerDataView2@@UBEPAVQMetaObject@@XZ 00402c85 f i qui:database.obj
 0001:00001c8a       ??_GQDesignerDataView2@@UAEPAXI@Z 00402c8a f i qui:database.obj
 0001:00001c8a       ??_EQDesignerDataView2@@UAEPAXI@Z 00402c8a f i qui:database.obj
 0001:00001ca6       ??1QDesignerDataView2@@UAE@XZ 00402ca6 f i qui:database.obj
 0001:00001cd8       ?event@QDesignerDataView2@@MAE_NPAVQEvent@@@Z 00402cd8 f   qui:database.obj
 0001:00001d0b       ??_EQDesignerDataView2@@WCI@AEPAXI@Z 00402d0b f i qui:database.obj
 0001:00001d13       ??_EQDesignerDataView2@@WHA@AEPAXI@Z 00402d13 f i qui:database.obj
 0001:00001d1b       ??_EQDesignerDataBrowser2@@WCI@AEPAXI@Z 00402d1b f i qui:database.obj
 0001:00001d23       ??_EQDesignerDataBrowser2@@WHA@AEPAXI@Z 00402d23 f i qui:database.obj
 0001:00001d2b       ?className@QDesignerDataBrowser2@@UBEPBDXZ 00402d2b f   qui:moc_database2.obj
 0001:00001d68       ?staticMetaObject@QDesignerDataBrowser2@@SAPAVQMetaObject@@XZ 00402d68 f   qui:moc_database2.obj
 0001:00001daf       ?qt_cast@QDesignerDataBrowser2@@UAEPAXPBD@Z 00402daf f   qui:moc_database2.obj
 0001:00001e1a       ?qt_invoke@QDesignerDataBrowser2@@UAE_NHPAUQUObject@@@Z 00402e1a f   qui:moc_database2.obj
 0001:00001e2b       ?qt_emit@QDesignerDataBrowser2@@UAE_NHPAUQUObject@@@Z 00402e2b f   qui:moc_database2.obj
 0001:00001e3c       ?qt_property@QDesignerDataBrowser2@@UAE_NHHPAVQVariant@@@Z 00402e3c f   qui:moc_database2.obj
 0001:00001e51       ?className@QDesignerDataView2@@UBEPBDXZ 00402e51 f   qui:moc_database2.obj
 0001:00001e8e       ?staticMetaObject@QDesignerDataView2@@SAPAVQMetaObject@@XZ 00402e8e f   qui:moc_database2.obj
 0001:00001ed5       ?qt_cast@QDesignerDataView2@@UAEPAXPBD@Z 00402ed5 f   qui:moc_database2.obj
 0001:00001f40       ?qt_invoke@QDesignerDataView2@@UAE_NHPAUQUObject@@@Z 00402f40 f   qui:moc_database2.obj
 0001:00001f51       ?qt_emit@QDesignerDataView2@@UAE_NHPAUQUObject@@@Z 00402f51 f   qui:moc_database2.obj
 0001:00001f62       ?qt_property@QDesignerDataView2@@UAE_NHHPAVQVariant@@@Z 00402f62 f   qui:moc_database2.obj
 0001:00001f77       _WinMain@16                00402f77 f   qtmain:qtmain_win.obj
 0001:00002004       ?detach@?$QMemArray@PAD@@UAEXXZ 00403004 f i qtmain:qtmain_win.obj
 0001:0000200c       ??_G?$QMemArray@PAD@@UAEPAXI@Z 0040300c f i qtmain:qtmain_win.obj
 0001:0000200c       ??_E?$QMemArray@PAD@@UAEPAXI@Z 0040300c f i qtmain:qtmain_win.obj
 0001:000022d0       ??$_Allocate@D@std@@YAPADIPAD@Z 004032d0 f i AdjustMon.obj
 0001:000022f8       ??0?$QMap@VQString@@VcomplexInstance@@@@QAE@XZ 004032f8 f i AdjustMon.obj
 0001:0000232f       ??0?$QMap@VQString@@VcomplexParam@@@@QAE@XZ 0040332f f i AdjustMon.obj
 0001:00002366       ??0?$QMap@VQString@@VcomplexType@@@@QAE@XZ 00403366 f i AdjustMon.obj
 0001:0000239d       ??0?$QMap@VQString@@VdeviceTypeInfo@@@@QAE@XZ 0040339d f i AdjustMon.obj
 0001:000023d4       ??0?$QMap@VQString@@VinstanceInfo@@@@QAE@ABV0@@Z 004033d4 f i AdjustMon.obj
 0001:000023d4       ??0?$QMap@VQString@@VcomplexParam@@@@QAE@ABV0@@Z 004033d4 f i AdjustMon.obj
 0001:000023d4       ??0?$QMap@VQString@@VparamInfo@@@@QAE@ABV0@@Z 004033d4 f i AdjustMon.obj
 0001:000023d4       ??0?$QMap@VQString@@VcomplexType@@@@QAE@ABV0@@Z 004033d4 f i AdjustMon.obj
 0001:000023d4       ??0?$QMap@VQString@@VcomplexInstance@@@@QAE@ABV0@@Z 004033d4 f i AdjustMon.obj
 0001:000023d4       ??0?$QMap@VQString@@VdeviceTypeInfo@@@@QAE@ABV0@@Z 004033d4 f i AdjustMon.obj
 0001:000023e6       ??0?$QMap@VQString@@VinstanceInfo@@@@QAE@XZ 004033e6 f i AdjustMon.obj
 0001:0000241d       ??0?$QMap@VQString@@VparamInfo@@@@QAE@XZ 0040341d f i AdjustMon.obj
 0001:00002454       ??0?$QMapNode@VQString@@VcomplexInstance@@@@QAE@ABU0@@Z 00403454 f i AdjustMon.obj
 0001:000024ad       ??0?$QMapNode@VQString@@VcomplexInstance@@@@QAE@ABVQString@@@Z 004034ad f i AdjustMon.obj
 0001:000024f2       ??0?$QMapNode@VQString@@VcomplexInstance@@@@QAE@XZ 004034f2 f i AdjustMon.obj
 0001:00002525       ??0?$QMapNode@VQString@@VcomplexParam@@@@QAE@ABU0@@Z 00403525 f i AdjustMon.obj
 0001:00002585       ??0?$QMapNode@VQString@@VcomplexParam@@@@QAE@ABVQString@@@Z 00403585 f i AdjustMon.obj
 0001:000025ca       ??0?$QMapNode@VQString@@VcomplexParam@@@@QAE@XZ 004035ca f i AdjustMon.obj
 0001:000025fd       ??0?$QMapNode@VQString@@VcomplexType@@@@QAE@ABU0@@Z 004035fd f i AdjustMon.obj
 0001:00002656       ??0?$QMapNode@VQString@@VcomplexType@@@@QAE@ABVQString@@@Z 00403656 f i AdjustMon.obj
 0001:0000269b       ??0?$QMapNode@VQString@@VcomplexType@@@@QAE@XZ 0040369b f i AdjustMon.obj
 0001:000026ce       ??0?$QMapNode@VQString@@VdeviceTypeInfo@@@@QAE@ABU0@@Z 004036ce f i AdjustMon.obj
 0001:00002727       ??0?$QMapNode@VQString@@VdeviceTypeInfo@@@@QAE@ABVQString@@@Z 00403727 f i AdjustMon.obj
 0001:0000276c       ??0?$QMapNode@VQString@@VdeviceTypeInfo@@@@QAE@XZ 0040376c f i AdjustMon.obj
 0001:0000279f       ??0?$QMapNode@VQString@@VinstanceInfo@@@@QAE@ABU0@@Z 0040379f f i AdjustMon.obj
 0001:000027f8       ??0?$QMapNode@VQString@@VinstanceInfo@@@@QAE@ABVQString@@@Z 004037f8 f i AdjustMon.obj
 0001:0000283d       ??0?$QMapNode@VQString@@VinstanceInfo@@@@QAE@XZ 0040383d f i AdjustMon.obj
 0001:00002870       ??0?$QMapNode@VQString@@VparamInfo@@@@QAE@ABU0@@Z 00403870 f i AdjustMon.obj
 0001:000028c3       ??0?$QMapNode@VQString@@VparamInfo@@@@QAE@ABVQString@@@Z 004038c3 f i AdjustMon.obj
 0001:00002908       ??0?$QMapNode@VQString@@VparamInfo@@@@QAE@XZ 00403908 f i AdjustMon.obj
 0001:0000293b       ??0?$QMapPrivate@VQString@@VcomplexInstance@@@@QAE@PBV0@@Z 0040393b f i AdjustMon.obj
 0001:000029e9       ??0?$QMapPrivate@VQString@@VcomplexInstance@@@@QAE@XZ 004039e9 f i AdjustMon.obj
 0001:00002a45       ??0?$QMapPrivate@VQString@@VcomplexParam@@@@QAE@PBV0@@Z 00403a45 f i AdjustMon.obj
 0001:00002af3       ??0?$QMapPrivate@VQString@@VcomplexParam@@@@QAE@XZ 00403af3 f i AdjustMon.obj
 0001:00002b4f       ??0?$QMapPrivate@VQString@@VcomplexType@@@@QAE@PBV0@@Z 00403b4f f i AdjustMon.obj
 0001:00002bfd       ??0?$QMapPrivate@VQString@@VcomplexType@@@@QAE@XZ 00403bfd f i AdjustMon.obj
 0001:00002c59       ??0?$QMapPrivate@VQString@@VdeviceTypeInfo@@@@QAE@PBV0@@Z 00403c59 f i AdjustMon.obj
 0001:00002d07       ??0?$QMapPrivate@VQString@@VdeviceTypeInfo@@@@QAE@XZ 00403d07 f i AdjustMon.obj
 0001:00002d63       ??0?$QMapPrivate@VQString@@VinstanceInfo@@@@QAE@PBV0@@Z 00403d63 f i AdjustMon.obj
 0001:00002e11       ??0?$QMapPrivate@VQString@@VinstanceInfo@@@@QAE@XZ 00403e11 f i AdjustMon.obj
 0001:00002e6d       ??0?$QMapPrivate@VQString@@VparamInfo@@@@QAE@PBV0@@Z 00403e6d f i AdjustMon.obj
 0001:00002f1b       ??0?$QMapPrivate@VQString@@VparamInfo@@@@QAE@XZ 00403f1b f i AdjustMon.obj
 0001:00002f77       ??0?$QPtrList@VQString@@@@QAE@XZ 00403f77 f i AdjustMon.obj
 0001:00002fa4       ??0?$QPtrList@VsignalConnection@@@@QAE@ABV0@@Z 00403fa4 f i AdjustMon.obj
 0001:00002fd6       ??0?$QPtrList@VsignalConnection@@@@QAE@XZ 00403fd6 f i AdjustMon.obj
 0001:00003003       ??0?$QPtrListIterator@VsignalConnection@@@@QAE@ABV0@@Z 00404003 f i AdjustMon.obj
 0001:0000302b       ??0?$QPtrListIterator@VsignalConnection@@@@QAE@ABV?$QPtrList@VsignalConnection@@@@@Z 0040402b f i AdjustMon.obj
 0001:00003053       ??0?$QValueList@VcomplexInstance@@@@QAE@XZ 00404053 f i AdjustMon.obj
 0001:0000308a       ??0?$QValueList@VcomplexParam@@@@QAE@XZ 0040408a f i AdjustMon.obj
 0001:000030c1       ??0?$QValueList@VcomplexType@@@@QAE@XZ 004040c1 f i AdjustMon.obj
 0001:000030f8       ??0?$QValueList@VdeviceTypeInfo@@@@QAE@XZ 004040f8 f i AdjustMon.obj
 0001:0000312f       ??0?$QValueList@VinstanceInfo@@@@QAE@XZ 0040412f f i AdjustMon.obj
 0001:00003166       ??0?$QValueList@VparamInfo@@@@QAE@XZ 00404166 f i AdjustMon.obj
 0001:0000319d       ??0?$QValueListNode@VcomplexInstance@@@@QAE@ABVcomplexInstance@@@Z 0040419d f i AdjustMon.obj
 0001:000031ce       ??0?$QValueListNode@VcomplexInstance@@@@QAE@XZ 004041ce f i AdjustMon.obj
 0001:000031fa       ??0?$QValueListNode@VcomplexParam@@@@QAE@ABVcomplexParam@@@Z 004041fa f i AdjustMon.obj
 0001:0000322b       ??0?$QValueListNode@VcomplexParam@@@@QAE@XZ 0040422b f i AdjustMon.obj
 0001:00003257       ??0?$QValueListNode@VcomplexType@@@@QAE@ABVcomplexType@@@Z 00404257 f i AdjustMon.obj
 0001:00003288       ??0?$QValueListNode@VcomplexType@@@@QAE@XZ 00404288 f i AdjustMon.obj
 0001:000032b4       ??0?$QValueListNode@VdeviceTypeInfo@@@@QAE@ABVdeviceTypeInfo@@@Z 004042b4 f i AdjustMon.obj
 0001:000032e5       ??0?$QValueListNode@VdeviceTypeInfo@@@@QAE@XZ 004042e5 f i AdjustMon.obj
 0001:00003311       ??0?$QValueListNode@VinstanceInfo@@@@QAE@ABVinstanceInfo@@@Z 00404311 f i AdjustMon.obj
 0001:00003342       ??0?$QValueListNode@VinstanceInfo@@@@QAE@XZ 00404342 f i AdjustMon.obj
 0001:0000336e       ??0?$QValueListNode@VparamInfo@@@@QAE@XZ 0040436e f i AdjustMon.obj
 0001:0000339a       ??0?$QValueListPrivate@VcomplexInstance@@@@QAE@ABV0@@Z 0040439a f i AdjustMon.obj
 0001:00003424       ??0?$QValueListPrivate@VcomplexInstance@@@@QAE@XZ 00404424 f i AdjustMon.obj
 0001:0000347c       ??0?$QValueListPrivate@VcomplexParam@@@@QAE@ABV0@@Z 0040447c f i AdjustMon.obj
 0001:00003506       ??0?$QValueListPrivate@VcomplexParam@@@@QAE@XZ 00404506 f i AdjustMon.obj
 0001:0000355e       ??0?$QValueListPrivate@VcomplexType@@@@QAE@ABV0@@Z 0040455e f i AdjustMon.obj
 0001:000035e8       ??0?$QValueListPrivate@VcomplexType@@@@QAE@XZ 004045e8 f i AdjustMon.obj
 0001:00003640       ??0?$QValueListPrivate@VdeviceTypeInfo@@@@QAE@ABV0@@Z 00404640 f i AdjustMon.obj
 0001:000036ca       ??0?$QValueListPrivate@VdeviceTypeInfo@@@@QAE@XZ 004046ca f i AdjustMon.obj
 0001:00003722       ??0?$QValueListPrivate@VinstanceInfo@@@@QAE@ABV0@@Z 00404722 f i AdjustMon.obj
 0001:000037ac       ??0?$QValueListPrivate@VinstanceInfo@@@@QAE@XZ 004047ac f i AdjustMon.obj
 0001:00003804       ??0?$QValueListPrivate@VparamInfo@@@@QAE@ABV0@@Z 00404804 f i AdjustMon.obj
 0001:0000388e       ??0?$QValueListPrivate@VparamInfo@@@@QAE@XZ 0040488e f i AdjustMon.obj
 0001:000038e6       ??0?$basic_string@DU?$char_traits@D@std@@V?$allocator@D@2@@std@@QAE@PBD@Z 004048e6 f i AdjustMon.obj
 0001:00003915       ??0CAdjustMon@@QAE@PAVQWidget@@@Z 00404915 f   AdjustMon.obj
 0001:00003a46       ??0signalConnection@@QAE@ABV0@@Z 00404a46 f i AdjustMon.obj
 0001:00003aa5       ??0signalConnection@@QAE@ABVQString@@0000@Z 00404aa5 f i AdjustMon.obj
 0001:00003b38       ??0signalConnectionRefList@@QAE@ABV0@@Z 00404b38 f i AdjustMon.obj
 0001:00003b69       ??0signalConnectionRefList@@QAE@XZ 00404b69 f i AdjustMon.obj
 0001:00003b95       ??0signalConnectionRefListIt@@QAE@ABV0@@Z 00404b95 f i AdjustMon.obj
 0001:00003bbd       ??0signalConnectionRefListIt@@QAE@ABVsignalConnectionRefList@@@Z 00404bbd f i AdjustMon.obj
 0001:00003be5       ??1?$QMap@VQString@@VcomplexInstance@@@@QAE@XZ 00404be5 f i AdjustMon.obj
 0001:00003c02       ??1?$QMap@VQString@@VcomplexParam@@@@QAE@XZ 00404c02 f i AdjustMon.obj
 0001:00003c1f       ??1?$QMap@VQString@@VcomplexType@@@@QAE@XZ 00404c1f f i AdjustMon.obj
 0001:00003c3c       ??1?$QMap@VQString@@VdeviceTypeInfo@@@@QAE@XZ 00404c3c f i AdjustMon.obj
 0001:00003c59       ??1?$QMap@VQString@@VinstanceInfo@@@@QAE@XZ 00404c59 f i AdjustMon.obj
 0001:00003c76       ??1?$QMap@VQString@@VparamInfo@@@@QAE@XZ 00404c76 f i AdjustMon.obj
 0001:00003c93       ??1?$QMapNode@VQString@@VcomplexInstance@@@@QAE@XZ 00404c93 f i AdjustMon.obj
 0001:00003cc4       ??1?$QMapNode@VQString@@VcomplexParam@@@@QAE@XZ 00404cc4 f i AdjustMon.obj
 0001:00003cf5       ??1?$QMapNode@VQString@@VcomplexType@@@@QAE@XZ 00404cf5 f i AdjustMon.obj
 0001:00003d26       ??1?$QMapNode@VQString@@VdeviceTypeInfo@@@@QAE@XZ 00404d26 f i AdjustMon.obj
 0001:00003d57       ??1?$QMapNode@VQString@@VinstanceInfo@@@@QAE@XZ 00404d57 f i AdjustMon.obj
 0001:00003d88       ??1?$QMapNode@VQString@@VparamInfo@@@@QAE@XZ 00404d88 f i AdjustMon.obj
 0001:00003db9       ??1?$QMapPrivate@VQString@@VcomplexInstance@@@@QAE@XZ 00404db9 f i AdjustMon.obj
 0001:00003dd8       ??1?$QMapPrivate@VQString@@VcomplexParam@@@@QAE@XZ 00404dd8 f i AdjustMon.obj
 0001:00003df7       ??1?$QMapPrivate@VQString@@VcomplexType@@@@QAE@XZ 00404df7 f i AdjustMon.obj
 0001:00003e16       ??1?$QMapPrivate@VQString@@VdeviceTypeInfo@@@@QAE@XZ 00404e16 f i AdjustMon.obj
 0001:00003e35       ??1?$QMapPrivate@VQString@@VinstanceInfo@@@@QAE@XZ 00404e35 f i AdjustMon.obj
 0001:00003e54       ??1?$QMapPrivate@VQString@@VparamInfo@@@@QAE@XZ 00404e54 f i AdjustMon.obj
 0001:00003e73       ??1?$QPtrList@VQString@@@@UAE@XZ 00404e73 f i AdjustMon.obj
 0001:00003ea6       ??1?$QPtrList@VsignalConnection@@@@UAE@XZ 00404ea6 f i AdjustMon.obj
 0001:00003ed9       ??1?$QPtrListIterator@VsignalConnection@@@@QAE@XZ 00404ed9 f i AdjustMon.obj
 0001:00003ef8       ??1?$QValueList@VcomplexType@@@@QAE@XZ 00404ef8 f i AdjustMon.obj
 0001:00003ef8       ??1?$QValueList@VparamInfo@@@@QAE@XZ 00404ef8 f i AdjustMon.obj
 0001:00003ef8       ??1?$QValueList@VcomplexInstance@@@@QAE@XZ 00404ef8 f i AdjustMon.obj
 0001:00003ef8       ??1?$QValueList@VcomplexParam@@@@QAE@XZ 00404ef8 f i AdjustMon.obj
 0001:00003ef8       ??1?$QValueList@VdeviceTypeInfo@@@@QAE@XZ 00404ef8 f i AdjustMon.obj
 0001:00003ef8       ??1?$QValueList@VinstanceInfo@@@@QAE@XZ 00404ef8 f i AdjustMon.obj
 0001:00003f0a       ??1?$QValueListNode@VcomplexInstance@@@@UAE@XZ 00404f0a f i AdjustMon.obj
 0001:00003f32       ??1?$QValueListNode@VcomplexParam@@@@UAE@XZ 00404f32 f i AdjustMon.obj
 0001:00003f5a       ??1?$QValueListNode@VcomplexType@@@@UAE@XZ 00404f5a f i AdjustMon.obj
 0001:00003f82       ??1?$QValueListNode@VdeviceTypeInfo@@@@UAE@XZ 00404f82 f i AdjustMon.obj
 0001:00003faa       ??1?$QValueListNode@VinstanceInfo@@@@UAE@XZ 00404faa f i AdjustMon.obj
 0001:00003fd2       ??1?$QValueListNode@VparamInfo@@@@UAE@XZ 00404fd2 f i AdjustMon.obj
 0001:00003ffa       ??1?$QValueListPrivate@VcomplexInstance@@@@UAE@XZ 00404ffa f i AdjustMon.obj
 0001:0000402e       ??1?$QValueListPrivate@VcomplexParam@@@@UAE@XZ 0040502e f i AdjustMon.obj
 0001:00004062       ??1?$QValueListPrivate@VcomplexType@@@@UAE@XZ 00405062 f i AdjustMon.obj
 0001:00004096       ??1?$QValueListPrivate@VdeviceTypeInfo@@@@UAE@XZ 00405096 f i AdjustMon.obj
 0001:000040ca       ??1?$QValueListPrivate@VinstanceInfo@@@@UAE@XZ 004050ca f i AdjustMon.obj
 0001:000040fe       ??1?$QValueListPrivate@VparamInfo@@@@UAE@XZ 004050fe f i AdjustMon.obj
 0001:00004132       ??1?$basic_string@DU?$char_traits@D@std@@V?$allocator@D@2@@std@@QAE@XZ 00405132 f i AdjustMon.obj
 0001:0000413c       ??1CAdjustMon@@UAE@XZ      0040513c f   AdjustMon.obj
 0001:00004170       ??1_Generic_error_category@std@@UAE@XZ 00405170 f i AdjustMon.obj
 0001:0000418f       ??1error_category@std@@UAE@XZ 0040518f f i AdjustMon.obj
 0001:00004196       ??1signalConnection@@QAE@XZ 00405196 f i AdjustMon.obj
 0001:000041f0       ??1signalConnectionRefList@@UAE@XZ 004051f0 f i AdjustMon.obj
 0001:00004222       ??1signalConnectionRefListIt@@QAE@XZ 00405222 f i AdjustMon.obj
 0001:00004241       ??4?$QMap@VQString@@VcomplexInstance@@@@QAEAAV0@ABV0@@Z 00405241 f i AdjustMon.obj
 0001:00004277       ??4?$QMap@VQString@@VcomplexParam@@@@QAEAAV0@ABV0@@Z 00405277 f i AdjustMon.obj
 0001:000042ad       ??4?$QMap@VQString@@VcomplexType@@@@QAEAAV0@ABV0@@Z 004052ad f i AdjustMon.obj
 0001:000042e3       ??4?$QMap@VQString@@VdeviceTypeInfo@@@@QAEAAV0@ABV0@@Z 004052e3 f i AdjustMon.obj
 0001:00004319       ??4?$QMap@VQString@@VinstanceInfo@@@@QAEAAV0@ABV0@@Z 00405319 f i AdjustMon.obj
 0001:0000434f       ??4?$QMap@VQString@@VparamInfo@@@@QAEAAV0@ABV0@@Z 0040534f f i AdjustMon.obj
 0001:00004385       ??4signalConnectionRefList@@QAEAAV0@ABV0@@Z 00405385 f i AdjustMon.obj
 0001:00004385       ??4?$QPtrList@VsignalConnection@@@@QAEAAV0@ABV0@@Z 00405385 f i AdjustMon.obj
 0001:0000438f       ??4signalConnectionRefListIt@@QAEAAV0@ABV0@@Z 0040538f f i AdjustMon.obj
 0001:0000438f       ??4?$QPtrListIterator@VsignalConnection@@@@QAEAAV0@ABV0@@Z 0040538f f i AdjustMon.obj
 0001:000043a5       ??4signalConnection@@QAEAAV0@ABV0@@Z 004053a5 f i AdjustMon.obj
 0001:000043e6       ??8?$QPtrList@VsignalConnection@@@@QBE_NABV0@@Z 004053e6 f i AdjustMon.obj
 0001:000043f0       ??8error_condition@std@@QBE_NABV01@@Z 004053f0 f i AdjustMon.obj
 0001:0000440f       ??9?$QPtrList@VsignalConnection@@@@QBE_NABV0@@Z 0040540f f i AdjustMon.obj
 0001:00004428       ??A?$QMap@VQString@@VcomplexInstance@@@@QAEAAVcomplexInstance@@ABVQString@@@Z 00405428 f i AdjustMon.obj
 0001:00004496       ??A?$QMap@VQString@@VcomplexParam@@@@QAEAAVcomplexParam@@ABVQString@@@Z 00405496 f i AdjustMon.obj
 0001:00004504       ??A?$QMap@VQString@@VcomplexParam@@@@QBEABVcomplexParam@@ABVQString@@@Z 00405504 f i AdjustMon.obj
 0001:0000451e       ??A?$QMap@VQString@@VcomplexType@@@@QAEAAVcomplexType@@ABVQString@@@Z 0040551e f i AdjustMon.obj
 0001:0000458c       ??A?$QMap@VQString@@VparamInfo@@@@QBEABVparamInfo@@ABVQString@@@Z 0040558c f i AdjustMon.obj
 0001:0000458c       ??A?$QMap@VQString@@VcomplexType@@@@QBEABVcomplexType@@ABVQString@@@Z 0040558c f i AdjustMon.obj
 0001:0000458c       ??A?$QMap@VQString@@VcomplexInstance@@@@QBEABVcomplexInstance@@ABVQString@@@Z 0040558c f i AdjustMon.obj
 0001:000045a6       ??A?$QMap@VQString@@VdeviceTypeInfo@@@@QAEAAVdeviceTypeInfo@@ABVQString@@@Z 004055a6 f i AdjustMon.obj
 0001:00004614       ??A?$QMap@VQString@@VdeviceTypeInfo@@@@QBEABVdeviceTypeInfo@@ABVQString@@@Z 00405614 f i AdjustMon.obj
 0001:0000462e       ??A?$QMap@VQString@@VinstanceInfo@@@@QAEAAVinstanceInfo@@ABVQString@@@Z 0040562e f i AdjustMon.obj
 0001:0000469c       ??A?$QMap@VQString@@VinstanceInfo@@@@QBEABVinstanceInfo@@ABVQString@@@Z 0040569c f i AdjustMon.obj
 0001:000046b6       ??A?$QMap@VQString@@VparamInfo@@@@QAEAAVparamInfo@@ABVQString@@@Z 004056b6 f i AdjustMon.obj
 0001:00004724       ??B?$QPtrListIterator@VsignalConnection@@@@QBEPAVsignalConnection@@XZ 00405724 f i AdjustMon.obj
 0001:00004724       ?current@?$QPtrListIterator@VsignalConnection@@@@QBEPAVsignalConnection@@XZ 00405724 f i AdjustMon.obj
 0001:00004724       ??D?$QPtrListIterator@VsignalConnection@@@@QAEPAVsignalConnection@@XZ 00405724 f i AdjustMon.obj
 0001:00004731       ??E?$QPtrListIterator@VsignalConnection@@@@QAEPAVsignalConnection@@XZ 00405731 f i AdjustMon.obj
 0001:00004737       ??F?$QPtrListIterator@VsignalConnection@@@@QAEPAVsignalConnection@@XZ 00405737 f i AdjustMon.obj
 0001:0000473d       ??R?$QPtrListIterator@VsignalConnection@@@@QAEPAVsignalConnection@@XZ 0040573d f i AdjustMon.obj
 0001:00004743       ??Y?$QPtrListIterator@VsignalConnection@@@@QAEPAVsignalConnection@@I@Z 00405743 f i AdjustMon.obj
 0001:0000474d       ??Z?$QPtrListIterator@VsignalConnection@@@@QAEPAVsignalConnection@@I@Z 0040574d f i AdjustMon.obj
 0001:00004757       ??_E?$QPtrList@VsignalConnection@@@@UAEPAXI@Z 00405757 f i AdjustMon.obj
 0001:000047a1       ??_EsignalConnectionRefList@@UAEPAXI@Z 004057a1 f i AdjustMon.obj
 0001:000047eb       ??_E?$QPtrList@VQString@@@@UAEPAXI@Z 004057eb f i AdjustMon.obj
 0001:000047eb       ??_G?$QPtrList@VQString@@@@UAEPAXI@Z 004057eb f i AdjustMon.obj
 0001:0000480a       ??_G?$QValueListNode@VcomplexInstance@@@@UAEPAXI@Z 0040580a f i AdjustMon.obj
 0001:0000480a       ??_E?$QValueListNode@VcomplexInstance@@@@UAEPAXI@Z 0040580a f i AdjustMon.obj
 0001:00004829       ??_E?$QValueListNode@VcomplexParam@@@@UAEPAXI@Z 00405829 f i AdjustMon.obj
 0001:00004829       ??_G?$QValueListNode@VcomplexParam@@@@UAEPAXI@Z 00405829 f i AdjustMon.obj
 0001:00004848       ??_G?$QValueListNode@VcomplexType@@@@UAEPAXI@Z 00405848 f i AdjustMon.obj
 0001:00004848       ??_E?$QValueListNode@VcomplexType@@@@UAEPAXI@Z 00405848 f i AdjustMon.obj
 0001:00004867       ??_E?$QValueListNode@VdeviceTypeInfo@@@@UAEPAXI@Z 00405867 f i AdjustMon.obj
 0001:00004867       ??_G?$QValueListNode@VdeviceTypeInfo@@@@UAEPAXI@Z 00405867 f i AdjustMon.obj
 0001:00004886       ??_G?$QValueListNode@VinstanceInfo@@@@UAEPAXI@Z 00405886 f i AdjustMon.obj
 0001:00004886       ??_E?$QValueListNode@VinstanceInfo@@@@UAEPAXI@Z 00405886 f i AdjustMon.obj
 0001:000048a5       ??_G?$QValueListNode@VparamInfo@@@@UAEPAXI@Z 004058a5 f i AdjustMon.obj
 0001:000048a5       ??_E?$QValueListNode@VparamInfo@@@@UAEPAXI@Z 004058a5 f i AdjustMon.obj
 0001:000048c4       ??_G?$QValueListPrivate@VcomplexInstance@@@@UAEPAXI@Z 004058c4 f i AdjustMon.obj
 0001:000048c4       ??_E?$QValueListPrivate@VcomplexInstance@@@@UAEPAXI@Z 004058c4 f i AdjustMon.obj
 0001:000048e3       ??_E?$QValueListPrivate@VcomplexParam@@@@UAEPAXI@Z 004058e3 f i AdjustMon.obj
 0001:000048e3       ??_G?$QValueListPrivate@VcomplexParam@@@@UAEPAXI@Z 004058e3 f i AdjustMon.obj
 0001:00004902       ??_E?$QValueListPrivate@VcomplexType@@@@UAEPAXI@Z 00405902 f i AdjustMon.obj
 0001:00004902       ??_G?$QValueListPrivate@VcomplexType@@@@UAEPAXI@Z 00405902 f i AdjustMon.obj
 0001:00004921       ??_G?$QValueListPrivate@VdeviceTypeInfo@@@@UAEPAXI@Z 00405921 f i AdjustMon.obj
 0001:00004921       ??_E?$QValueListPrivate@VdeviceTypeInfo@@@@UAEPAXI@Z 00405921 f i AdjustMon.obj
 0001:00004940       ??_E?$QValueListPrivate@VinstanceInfo@@@@UAEPAXI@Z 00405940 f i AdjustMon.obj
 0001:00004940       ??_G?$QValueListPrivate@VinstanceInfo@@@@UAEPAXI@Z 00405940 f i AdjustMon.obj
 0001:0000495f       ??_E?$QValueListPrivate@VparamInfo@@@@UAEPAXI@Z 0040595f f i AdjustMon.obj
 0001:0000495f       ??_G?$QValueListPrivate@VparamInfo@@@@UAEPAXI@Z 0040595f f i AdjustMon.obj
 0001:0000497e       ??_GCAdjustMon@@UAEPAXI@Z  0040597e f i AdjustMon.obj
 0001:0000497e       ??_ECAdjustMon@@UAEPAXI@Z  0040597e f i AdjustMon.obj
 0001:0000499d       ??_E_Generic_error_category@std@@UAEPAXI@Z 0040599d f i AdjustMon.obj
 0001:0000499d       ??_G_Generic_error_category@std@@UAEPAXI@Z 0040599d f i AdjustMon.obj
 0001:000049cf       ??_G_Iostream_error_category@std@@UAEPAXI@Z 004059cf f i AdjustMon.obj
 0001:000049cf       ??_E_System_error_category@std@@UAEPAXI@Z 004059cf f i AdjustMon.obj
 0001:000049cf       ??_G_System_error_category@std@@UAEPAXI@Z 004059cf f i AdjustMon.obj
 0001:000049cf       ??_E_Iostream_error_category@std@@UAEPAXI@Z 004059cf f i AdjustMon.obj
 0001:00004a01       ??_Gerror_category@std@@UAEPAXI@Z 00405a01 f i AdjustMon.obj
 0001:00004a01       ??_Eerror_category@std@@UAEPAXI@Z 00405a01 f i AdjustMon.obj
 0001:00004a21       ?_Copy@?$basic_string@DU?$char_traits@D@std@@V?$allocator@D@2@@std@@QAEXII@Z 00405a21 f i AdjustMon.obj
 0001:00004b35       ?_Grow@?$basic_string@DU?$char_traits@D@std@@V?$allocator@D@2@@std@@QAE_NI_N@Z 00405b35 f i AdjustMon.obj
 0001:00004b98       ?_Inside@?$basic_string@DU?$char_traits@D@std@@V?$allocator@D@2@@std@@QAE_NPBD@Z 00405b98 f i AdjustMon.obj
 0001:00004bd3       ?_Tidy@?$basic_string@DU?$char_traits@D@std@@V?$allocator@D@2@@std@@QAEX_NI@Z 00405bd3 f i AdjustMon.obj
 0001:00004c17       ?addToNavigationStack@CAdjustMon@@QAEXABVQString@@@Z 00405c17 f   AdjustMon.obj
 0001:00004c7f       ?adjust@CAdjustMon@@AAEXVQString@@@Z 00405c7f f   AdjustMon.obj
 0001:000052b2       ?adjustRev@CAdjustMon@@QAEXPBD@Z 004062b2 f   AdjustMon.obj
 0001:00005ade       ?append@?$QPtrList@VsignalConnection@@@@QAEXPBVsignalConnection@@@Z 00406ade f i AdjustMon.obj
 0001:00005ae8       ?append@?$QValueList@VcomplexInstance@@@@QAE?AV?$QValueListIterator@VcomplexInstance@@@@ABVcomplexInstance@@@Z 00406ae8 f i AdjustMon.obj
 0001:00005b19       ?append@?$QValueList@VcomplexParam@@@@QAE?AV?$QValueListIterator@VcomplexParam@@@@ABVcomplexParam@@@Z 00406b19 f i AdjustMon.obj
 0001:00005b4a       ?append@?$QValueList@VcomplexType@@@@QAE?AV?$QValueListIterator@VcomplexType@@@@ABVcomplexType@@@Z 00406b4a f i AdjustMon.obj
 0001:00005b7b       ?append@?$QValueList@VdeviceTypeInfo@@@@QAE?AV?$QValueListIterator@VdeviceTypeInfo@@@@ABVdeviceTypeInfo@@@Z 00406b7b f i AdjustMon.obj
 0001:00005bac       ?append@?$QValueList@VinstanceInfo@@@@QAE?AV?$QValueListIterator@VinstanceInfo@@@@ABVinstanceInfo@@@Z 00406bac f i AdjustMon.obj
 0001:00005bdd       ?append@?$QValueList@VparamInfo@@@@QAE?AV?$QValueListIterator@VparamInfo@@@@ABVparamInfo@@@Z 00406bdd f i AdjustMon.obj
 0001:00005c0e       ?assign@?$basic_string@DU?$char_traits@D@std@@V?$allocator@D@2@@std@@QAEAAV12@ABV12@II@Z 00406c0e f i AdjustMon.obj
 0001:00005ca2       ?assign@?$basic_string@DU?$char_traits@D@std@@V?$allocator@D@2@@std@@QAEAAV12@PBDI@Z 00406ca2 f i AdjustMon.obj
 0001:00005d1b       ?at@?$QPtrList@VsignalConnection@@@@QAEPAVsignalConnection@@I@Z 00406d1b f i AdjustMon.obj
 0001:00005d35       ?at@?$QPtrList@VsignalConnection@@@@QBEHXZ 00406d35 f i AdjustMon.obj
 0001:00005d39       ?atFirst@?$QPtrListIterator@VsignalConnection@@@@QBE_NXZ 00406d39 f i AdjustMon.obj
 0001:00005d47       ?atLast@?$QPtrListIterator@VsignalConnection@@@@QBE_NXZ 00406d47 f i AdjustMon.obj
 0001:00005d55       ?begin@?$QMap@VQString@@VcomplexInstance@@@@QAE?AV?$QMapIterator@VQString@@VcomplexInstance@@@@XZ 00406d55 f i AdjustMon.obj
 0001:00005d78       ?begin@?$QMap@VQString@@VcomplexParam@@@@QAE?AV?$QMapIterator@VQString@@VcomplexParam@@@@XZ 00406d78 f i AdjustMon.obj
 0001:00005d9b       ?begin@?$QMap@VQString@@VcomplexType@@@@QAE?AV?$QMapIterator@VQString@@VcomplexType@@@@XZ 00406d9b f i AdjustMon.obj
 0001:00005dbe       ?begin@?$QMap@VQString@@VdeviceTypeInfo@@@@QAE?AV?$QMapIterator@VQString@@VdeviceTypeInfo@@@@XZ 00406dbe f i AdjustMon.obj
 0001:00005de1       ?begin@?$QMap@VQString@@VinstanceInfo@@@@QAE?AV?$QMapIterator@VQString@@VinstanceInfo@@@@XZ 00406de1 f i AdjustMon.obj
 0001:00005e04       ?begin@?$QMap@VQString@@VparamInfo@@@@QAE?AV?$QMapIterator@VQString@@VparamInfo@@@@XZ 00406e04 f i AdjustMon.obj
 0001:00005e27       ?constBegin@?$QPtrList@VsignalConnection@@@@QBE?AV?$QPtrListStdIterator@VsignalConnection@@@@XZ 00406e27 f i AdjustMon.obj
 0001:00005e27       ?begin@?$QPtrList@VsignalConnection@@@@QBE?AV?$QPtrListStdIterator@VsignalConnection@@@@XZ 00406e27 f i AdjustMon.obj
 0001:00005e27       ?begin@?$QPtrList@VsignalConnection@@@@QAE?AV?$QPtrListStdIterator@VsignalConnection@@@@XZ 00406e27 f i AdjustMon.obj
 0001:00005e36       ?checkAdjust@CAdjustMon@@AAE?AVQString@@V2@@Z 00406e36 f   AdjustMon.obj
 0001:00005f7a       ?clear@?$QMap@VQString@@VcomplexInstance@@@@QAEXXZ 00406f7a f i AdjustMon.obj
 0001:00005fc1       ?clear@?$QMap@VQString@@VcomplexParam@@@@QAEXXZ 00406fc1 f i AdjustMon.obj
 0001:00006008       ?clear@?$QMap@VQString@@VcomplexType@@@@QAEXXZ 00407008 f i AdjustMon.obj
 0001:0000604f       ?clear@?$QMap@VQString@@VdeviceTypeInfo@@@@QAEXXZ 0040704f f i AdjustMon.obj
 0001:00006096       ?clear@?$QMap@VQString@@VinstanceInfo@@@@QAEXXZ 00407096 f i AdjustMon.obj
 0001:000060dd       ?clear@?$QMap@VQString@@VparamInfo@@@@QAEXXZ 004070dd f i AdjustMon.obj
 0001:00006124       ?clear@?$QMapPrivate@VQString@@VcomplexInstance@@@@QAEXPAU?$QMapNode@VQString@@VcomplexInstance@@@@@Z 00407124 f i AdjustMon.obj
 0001:0000615a       ?clear@?$QMapPrivate@VQString@@VcomplexInstance@@@@QAEXXZ 0040715a f i AdjustMon.obj
 0001:00006189       ?clear@?$QMapPrivate@VQString@@VcomplexParam@@@@QAEXPAU?$QMapNode@VQString@@VcomplexParam@@@@@Z 00407189 f i AdjustMon.obj
 0001:000061bf       ?clear@?$QMapPrivate@VQString@@VcomplexParam@@@@QAEXXZ 004071bf f i AdjustMon.obj
 0001:000061ee       ?clear@?$QMapPrivate@VQString@@VcomplexType@@@@QAEXPAU?$QMapNode@VQString@@VcomplexType@@@@@Z 004071ee f i AdjustMon.obj
 0001:00006224       ?clear@?$QMapPrivate@VQString@@VcomplexType@@@@QAEXXZ 00407224 f i AdjustMon.obj
 0001:00006253       ?clear@?$QMapPrivate@VQString@@VdeviceTypeInfo@@@@QAEXPAU?$QMapNode@VQString@@VdeviceTypeInfo@@@@@Z 00407253 f i AdjustMon.obj
 0001:00006289       ?clear@?$QMapPrivate@VQString@@VdeviceTypeInfo@@@@QAEXXZ 00407289 f i AdjustMon.obj
 0001:000062b8       ?clear@?$QMapPrivate@VQString@@VinstanceInfo@@@@QAEXPAU?$QMapNode@VQString@@VinstanceInfo@@@@@Z 004072b8 f i AdjustMon.obj
 0001:000062ee       ?clear@?$QMapPrivate@VQString@@VinstanceInfo@@@@QAEXXZ 004072ee f i AdjustMon.obj
 0001:0000631d       ?clear@?$QMapPrivate@VQString@@VparamInfo@@@@QAEXPAU?$QMapNode@VQString@@VparamInfo@@@@@Z 0040731d f i AdjustMon.obj
 0001:00006353       ?clear@?$QMapPrivate@VQString@@VparamInfo@@@@QAEXXZ 00407353 f i AdjustMon.obj
 0001:00006382       ?clear@?$QPtrList@VQString@@@@UAEXXZ 00407382 f i AdjustMon.obj
 0001:00006382       ?clear@?$QPtrList@VsignalConnection@@@@UAEXXZ 00407382 f i AdjustMon.obj
 0001:00006388       ?clearAdjustStringStack@CAdjustMon@@QAEXXZ 00407388 f   AdjustMon.obj
 0001:00006390       ?constBegin@?$QMap@VQString@@VcomplexType@@@@QBE?AV?$QMapConstIterator@VQString@@VcomplexType@@@@XZ 00407390 f i AdjustMon.obj
 0001:00006390       ?constBegin@?$QMap@VQString@@VcomplexParam@@@@QBE?AV?$QMapConstIterator@VQString@@VcomplexParam@@@@XZ 00407390 f i AdjustMon.obj
 0001:00006390       ?begin@?$QMap@VQString@@VcomplexInstance@@@@QBE?AV?$QMapConstIterator@VQString@@VcomplexInstance@@@@XZ 00407390 f i AdjustMon.obj
 0001:00006390       ?constBegin@?$QMap@VQString@@VdeviceTypeInfo@@@@QBE?AV?$QMapConstIterator@VQString@@VdeviceTypeInfo@@@@XZ 00407390 f i AdjustMon.obj
 0001:00006390       ?begin@?$QMap@VQString@@VcomplexType@@@@QBE?AV?$QMapConstIterator@VQString@@VcomplexType@@@@XZ 00407390 f i AdjustMon.obj
 0001:00006390       ?constBegin@?$QMap@VQString@@VinstanceInfo@@@@QBE?AV?$QMapConstIterator@VQString@@VinstanceInfo@@@@XZ 00407390 f i AdjustMon.obj
 0001:00006390       ?begin@?$QMap@VQString@@VcomplexParam@@@@QBE?AV?$QMapConstIterator@VQString@@VcomplexParam@@@@XZ 00407390 f i AdjustMon.obj
 0001:00006390       ?constBegin@?$QMap@VQString@@VcomplexInstance@@@@QBE?AV?$QMapConstIterator@VQString@@VcomplexInstance@@@@XZ 00407390 f i AdjustMon.obj
 0001:00006390       ?begin@?$QMap@VQString@@VparamInfo@@@@QBE?AV?$QMapConstIterator@VQString@@VparamInfo@@@@XZ 00407390 f i AdjustMon.obj
 0001:00006390       ?begin@?$QMap@VQString@@VdeviceTypeInfo@@@@QBE?AV?$QMapConstIterator@VQString@@VdeviceTypeInfo@@@@XZ 00407390 f i AdjustMon.obj
 0001:00006390       ?constBegin@?$QMap@VQString@@VparamInfo@@@@QBE?AV?$QMapConstIterator@VQString@@VparamInfo@@@@XZ 00407390 f i AdjustMon.obj
 0001:00006390       ?begin@?$QMap@VQString@@VinstanceInfo@@@@QBE?AV?$QMapConstIterator@VQString@@VinstanceInfo@@@@XZ 00407390 f i AdjustMon.obj
 0001:000063a3       ?contains@?$QMap@VQString@@VcomplexParam@@@@QBE_NABVQString@@@Z 004073a3 f i AdjustMon.obj
 0001:000063c5       ?contains@?$QMap@VQString@@VparamInfo@@@@QBE_NABVQString@@@Z 004073c5 f i AdjustMon.obj
 0001:000063c5       ?contains@?$QMap@VQString@@VcomplexInstance@@@@QBE_NABVQString@@@Z 004073c5 f i AdjustMon.obj
 0001:000063c5       ?contains@?$QMap@VQString@@VcomplexType@@@@QBE_NABVQString@@@Z 004073c5 f i AdjustMon.obj
 0001:000063e7       ?contains@?$QMap@VQString@@VdeviceTypeInfo@@@@QBE_NABVQString@@@Z 004073e7 f i AdjustMon.obj
 0001:00006409       ?contains@?$QMap@VQString@@VinstanceInfo@@@@QBE_NABVQString@@@Z 00407409 f i AdjustMon.obj
 0001:0000642b       ?contains@?$QPtrList@VsignalConnection@@@@QBEIPBVsignalConnection@@@Z 0040742b f i AdjustMon.obj
 0001:00006435       ?containsRef@?$QPtrList@VsignalConnection@@@@QBEIPBVsignalConnection@@@Z 00407435 f i AdjustMon.obj
 0001:0000643f       ?copy@?$QMapPrivate@VQString@@VcomplexInstance@@@@QAEPAU?$QMapNode@VQString@@VcomplexInstance@@@@PAU2@@Z 0040743f f i AdjustMon.obj
 0001:000064c1       ?copy@?$QMapPrivate@VQString@@VcomplexParam@@@@QAEPAU?$QMapNode@VQString@@VcomplexParam@@@@PAU2@@Z 004074c1 f i AdjustMon.obj
 0001:00006543       ?copy@?$QMapPrivate@VQString@@VcomplexType@@@@QAEPAU?$QMapNode@VQString@@VcomplexType@@@@PAU2@@Z 00407543 f i AdjustMon.obj
 0001:000065c5       ?copy@?$QMapPrivate@VQString@@VdeviceTypeInfo@@@@QAEPAU?$QMapNode@VQString@@VdeviceTypeInfo@@@@PAU2@@Z 004075c5 f i AdjustMon.obj
 0001:00006647       ?copy@?$QMapPrivate@VQString@@VinstanceInfo@@@@QAEPAU?$QMapNode@VQString@@VinstanceInfo@@@@PAU2@@Z 00407647 f i AdjustMon.obj
 0001:000066c9       ?copy@?$QMapPrivate@VQString@@VparamInfo@@@@QAEPAU?$QMapNode@VQString@@VparamInfo@@@@PAU2@@Z 004076c9 f i AdjustMon.obj
 0001:0000674b       ?count@?$QMap@VQString@@VcomplexInstance@@@@QBEIABVQString@@@Z 0040774b f i AdjustMon.obj
 0001:0000674b       ?count@?$QMap@VQString@@VparamInfo@@@@QBEIABVQString@@@Z 0040774b f i AdjustMon.obj
 0001:0000674b       ?count@?$QMap@VQString@@VcomplexType@@@@QBEIABVQString@@@Z 0040774b f i AdjustMon.obj
 0001:0000678a       ?count@?$QMap@VQString@@VcomplexParam@@@@QBEIABVQString@@@Z 0040778a f i AdjustMon.obj
 0001:000067c9       ?count@?$QMap@VQString@@VdeviceTypeInfo@@@@QBEIABVQString@@@Z 004077c9 f i AdjustMon.obj
 0001:00006808       ?count@?$QMap@VQString@@VinstanceInfo@@@@QBEIABVQString@@@Z 00407808 f i AdjustMon.obj
 0001:00006847       ?count@?$QPtrListIterator@VsignalConnection@@@@QBEIXZ 00407847 f i AdjustMon.obj
 0001:0000684d       ?current@?$QPtrList@VsignalConnection@@@@QBEPAVsignalConnection@@XZ 0040784d f i AdjustMon.obj
 0001:0000685a       ?dec@?$QMapIterator@VQString@@VdeviceTypeInfo@@@@AAEHXZ 0040785a f i AdjustMon.obj
 0001:0000685a       ?dec@?$QMapIterator@VQString@@VparamInfo@@@@AAEHXZ 0040785a f i AdjustMon.obj
 0001:0000685a       ?dec@?$QMapIterator@VQString@@VcomplexParam@@@@AAEHXZ 0040785a f i AdjustMon.obj
 0001:0000685a       ?dec@?$QMapIterator@VQString@@VcomplexInstance@@@@AAEHXZ 0040785a f i AdjustMon.obj
 0001:0000685a       ?dec@?$QMapIterator@VQString@@VinstanceInfo@@@@AAEHXZ 0040785a f i AdjustMon.obj
 0001:0000685a       ?dec@?$QMapIterator@VQString@@VcomplexType@@@@AAEHXZ 0040785a f i AdjustMon.obj
 0001:00006899       ?default_error_condition@_System_error_category@std@@UBE?AVerror_condition@2@H@Z 00407899 f i AdjustMon.obj
 0001:000068c6       ?default_error_condition@error_category@std@@UBE?AVerror_condition@2@H@Z 004078c6 f i AdjustMon.obj
 0001:000068d8       ?deleteItem@?$QPtrList@VQString@@@@EAEXPAX@Z 004078d8 f i AdjustMon.obj
 0001:000068fd       ?deleteItem@?$QPtrList@VsignalConnection@@@@EAEXPAX@Z 004078fd f i AdjustMon.obj
 0001:00006921       ?detach@?$QMap@VQString@@VcomplexInstance@@@@IAEXXZ 00407921 f i AdjustMon.obj
 0001:0000692d       ?detach@?$QMap@VQString@@VcomplexParam@@@@IAEXXZ 0040792d f i AdjustMon.obj
 0001:00006939       ?detach@?$QMap@VQString@@VcomplexType@@@@IAEXXZ 00407939 f i AdjustMon.obj
 0001:00006945       ?detach@?$QMap@VQString@@VdeviceTypeInfo@@@@IAEXXZ 00407945 f i AdjustMon.obj
 0001:00006951       ?detach@?$QMap@VQString@@VinstanceInfo@@@@IAEXXZ 00407951 f i AdjustMon.obj
 0001:0000695d       ?detach@?$QMap@VQString@@VparamInfo@@@@IAEXXZ 0040795d f i AdjustMon.obj
 0001:00006969       ?detachInternal@?$QMap@VQString@@VcomplexInstance@@@@AAEXXZ 00407969 f i AdjustMon.obj
 0001:000069a4       ?detachInternal@?$QMap@VQString@@VcomplexParam@@@@AAEXXZ 004079a4 f i AdjustMon.obj
 0001:000069df       ?detachInternal@?$QMap@VQString@@VcomplexType@@@@AAEXXZ 004079df f i AdjustMon.obj
 0001:00006a1a       ?detachInternal@?$QMap@VQString@@VdeviceTypeInfo@@@@AAEXXZ 00407a1a f i AdjustMon.obj
 0001:00006a55       ?detachInternal@?$QMap@VQString@@VinstanceInfo@@@@AAEXXZ 00407a55 f i AdjustMon.obj
 0001:00006a90       ?detachInternal@?$QMap@VQString@@VparamInfo@@@@AAEXXZ 00407a90 f i AdjustMon.obj
 0001:00006acb       ?detachInternal@?$QValueList@VcomplexInstance@@@@AAEXXZ 00407acb f i AdjustMon.obj
 0001:00006b07       ?detachInternal@?$QValueList@VcomplexParam@@@@AAEXXZ 00407b07 f i AdjustMon.obj
 0001:00006b43       ?detachInternal@?$QValueList@VcomplexType@@@@AAEXXZ 00407b43 f i AdjustMon.obj
 0001:00006b7f       ?detachInternal@?$QValueList@VdeviceTypeInfo@@@@AAEXXZ 00407b7f f i AdjustMon.obj
 0001:00006bbb       ?detachInternal@?$QValueList@VinstanceInfo@@@@AAEXXZ 00407bbb f i AdjustMon.obj
 0001:00006bf7       ?detachInternal@?$QValueList@VparamInfo@@@@AAEXXZ 00407bf7 f i AdjustMon.obj
 0001:00006c33       ?isEmpty@?$QMap@VQString@@VcomplexType@@@@QBE_NXZ 00407c33 f i AdjustMon.obj
 0001:00006c33       ?empty@?$QMap@VQString@@VparamInfo@@@@QBE_NXZ 00407c33 f i AdjustMon.obj
 0001:00006c33       ?empty@?$QMap@VQString@@VcomplexType@@@@QBE_NXZ 00407c33 f i AdjustMon.obj
 0001:00006c33       ?isEmpty@?$QMap@VQString@@VcomplexParam@@@@QBE_NXZ 00407c33 f i AdjustMon.obj
 0001:00006c33       ?empty@?$QMap@VQString@@VcomplexParam@@@@QBE_NXZ 00407c33 f i AdjustMon.obj
 0001:00006c33       ?isEmpty@?$QMap@VQString@@VparamInfo@@@@QBE_NXZ 00407c33 f i AdjustMon.obj
 0001:00006c33       ?isEmpty@?$QMap@VQString@@VcomplexInstance@@@@QBE_NXZ 00407c33 f i AdjustMon.obj
 0001:00006c33       ?empty@?$QMap@VQString@@VcomplexInstance@@@@QBE_NXZ 00407c33 f i AdjustMon.obj
 0001:00006c33       ?empty@?$QMap@VQString@@VinstanceInfo@@@@QBE_NXZ 00407c33 f i AdjustMon.obj
 0001:00006c33       ?isEmpty@?$QMap@VQString@@VinstanceInfo@@@@QBE_NXZ 00407c33 f i AdjustMon.obj
 0001:00006c33       ?isEmpty@?$QMap@VQString@@VdeviceTypeInfo@@@@QBE_NXZ 00407c33 f i AdjustMon.obj
 0001:00006c33       ?empty@?$QMap@VQString@@VdeviceTypeInfo@@@@QBE_NXZ 00407c33 f i AdjustMon.obj
 0001:00006c3e       ?end@?$QMap@VQString@@VcomplexInstance@@@@QAE?AV?$QMapIterator@VQString@@VcomplexInstance@@@@XZ 00407c3e f i AdjustMon.obj
 0001:00006c5f       ?end@?$QMap@VQString@@VcomplexParam@@@@QAE?AV?$QMapIterator@VQString@@VcomplexParam@@@@XZ 00407c5f f i AdjustMon.obj
 0001:00006c80       ?constEnd@?$QMap@VQString@@VdeviceTypeInfo@@@@QBE?AV?$QMapConstIterator@VQString@@VdeviceTypeInfo@@@@XZ 00407c80 f i AdjustMon.obj
 0001:00006c80       ?end@?$QMap@VQString@@VcomplexType@@@@QBE?AV?$QMapConstIterator@VQString@@VcomplexType@@@@XZ 00407c80 f i AdjustMon.obj
 0001:00006c80       ?constEnd@?$QMap@VQString@@VinstanceInfo@@@@QBE?AV?$QMapConstIterator@VQString@@VinstanceInfo@@@@XZ 00407c80 f i AdjustMon.obj
 0001:00006c80       ?end@?$QMap@VQString@@VinstanceInfo@@@@QBE?AV?$QMapConstIterator@VQString@@VinstanceInfo@@@@XZ 00407c80 f i AdjustMon.obj
 0001:00006c80       ?constEnd@?$QMap@VQString@@VcomplexParam@@@@QBE?AV?$QMapConstIterator@VQString@@VcomplexParam@@@@XZ 00407c80 f i AdjustMon.obj
 0001:00006c80       ?end@?$QMap@VQString@@VdeviceTypeInfo@@@@QBE?AV?$QMapConstIterator@VQString@@VdeviceTypeInfo@@@@XZ 00407c80 f i AdjustMon.obj
 0001:00006c80       ?constEnd@?$QMap@VQString@@VparamInfo@@@@QBE?AV?$QMapConstIterator@VQString@@VparamInfo@@@@XZ 00407c80 f i AdjustMon.obj
 0001:00006c80       ?end@?$QMap@VQString@@VcomplexInstance@@@@QBE?AV?$QMapConstIterator@VQString@@VcomplexInstance@@@@XZ 00407c80 f i AdjustMon.obj
 0001:00006c80       ?end@?$QMap@VQString@@VcomplexParam@@@@QBE?AV?$QMapConstIterator@VQString@@VcomplexParam@@@@XZ 00407c80 f i AdjustMon.obj
 0001:00006c80       ?end@?$QMap@VQString@@VparamInfo@@@@QBE?AV?$QMapConstIterator@VQString@@VparamInfo@@@@XZ 00407c80 f i AdjustMon.obj
 0001:00006c80       ?constEnd@?$QMap@VQString@@VcomplexInstance@@@@QBE?AV?$QMapConstIterator@VQString@@VcomplexInstance@@@@XZ 00407c80 f i AdjustMon.obj
 0001:00006c80       ?constEnd@?$QMap@VQString@@VcomplexType@@@@QBE?AV?$QMapConstIterator@VQString@@VcomplexType@@@@XZ 00407c80 f i AdjustMon.obj
 0001:00006c91       ?end@?$QMap@VQString@@VcomplexType@@@@QAE?AV?$QMapIterator@VQString@@VcomplexType@@@@XZ 00407c91 f i AdjustMon.obj
 0001:00006cb2       ?end@?$QMap@VQString@@VdeviceTypeInfo@@@@QAE?AV?$QMapIterator@VQString@@VdeviceTypeInfo@@@@XZ 00407cb2 f i AdjustMon.obj
 0001:00006cd3       ?end@?$QMap@VQString@@VinstanceInfo@@@@QAE?AV?$QMapIterator@VQString@@VinstanceInfo@@@@XZ 00407cd3 f i AdjustMon.obj
 0001:00006cf4       ?end@?$QMap@VQString@@VparamInfo@@@@QAE?AV?$QMapIterator@VQString@@VparamInfo@@@@XZ 00407cf4 f i AdjustMon.obj
 0001:00006d15       ?constEnd@?$QPtrList@VsignalConnection@@@@QBE?AV?$QPtrListStdIterator@VsignalConnection@@@@XZ 00407d15 f i AdjustMon.obj
 0001:00006d15       ?end@?$QPtrList@VsignalConnection@@@@QAE?AV?$QPtrListStdIterator@VsignalConnection@@@@XZ 00407d15 f i AdjustMon.obj
 0001:00006d15       ?end@?$QPtrList@VsignalConnection@@@@QBE?AV?$QPtrListStdIterator@VsignalConnection@@@@XZ 00407d15 f i AdjustMon.obj
 0001:00006d22       ?end@?$QValueList@VcomplexInstance@@@@QAE?AV?$QValueListIterator@VcomplexInstance@@@@XZ 00407d22 f i AdjustMon.obj
 0001:00006d44       ?end@?$QValueList@VcomplexParam@@@@QAE?AV?$QValueListIterator@VcomplexParam@@@@XZ 00407d44 f i AdjustMon.obj
 0001:00006d66       ?end@?$QValueList@VcomplexType@@@@QAE?AV?$QValueListIterator@VcomplexType@@@@XZ 00407d66 f i AdjustMon.obj
 0001:00006d88       ?end@?$QValueList@VdeviceTypeInfo@@@@QAE?AV?$QValueListIterator@VdeviceTypeInfo@@@@XZ 00407d88 f i AdjustMon.obj
 0001:00006daa       ?end@?$QValueList@VinstanceInfo@@@@QAE?AV?$QValueListIterator@VinstanceInfo@@@@XZ 00407daa f i AdjustMon.obj
 0001:00006dcc       ?end@?$QValueList@VparamInfo@@@@QAE?AV?$QValueListIterator@VparamInfo@@@@XZ 00407dcc f i AdjustMon.obj
 0001:00006dee       ?equivalent@error_category@std@@UBE_NABVerror_code@2@H@Z 00407dee f i AdjustMon.obj
 0001:00006e0b       ?equivalent@error_category@std@@UBE_NHABVerror_condition@2@@Z 00407e0b f i AdjustMon.obj
 0001:00006e2c       ?remove@?$QMap@VQString@@VcomplexParam@@@@QAEXV?$QMapIterator@VQString@@VcomplexParam@@@@@Z 00407e2c f i AdjustMon.obj
 0001:00006e2c       ?erase@?$QMap@VQString@@VcomplexParam@@@@QAEXV?$QMapIterator@VQString@@VcomplexParam@@@@@Z 00407e2c f i AdjustMon.obj
 0001:00006e52       ?remove@?$QMap@VQString@@VcomplexType@@@@QAEXABVQString@@@Z 00407e52 f i AdjustMon.obj
 0001:00006e52       ?erase@?$QMap@VQString@@VcomplexType@@@@QAEXABVQString@@@Z 00407e52 f i AdjustMon.obj
 0001:00006e9c       ?erase@?$QMap@VQString@@VcomplexType@@@@QAEXV?$QMapIterator@VQString@@VcomplexType@@@@@Z 00407e9c f i AdjustMon.obj
 0001:00006e9c       ?remove@?$QMap@VQString@@VcomplexType@@@@QAEXV?$QMapIterator@VQString@@VcomplexType@@@@@Z 00407e9c f i AdjustMon.obj
 0001:00006ec2       ?erase@?$QMap@VQString@@VinstanceInfo@@@@QAEXABVQString@@@Z 00407ec2 f i AdjustMon.obj
 0001:00006ec2       ?remove@?$QMap@VQString@@VinstanceInfo@@@@QAEXABVQString@@@Z 00407ec2 f i AdjustMon.obj
 0001:00006f0c       ?remove@?$QMap@VQString@@VparamInfo@@@@QAEXABVQString@@@Z 00407f0c f i AdjustMon.obj
 0001:00006f0c       ?erase@?$QMap@VQString@@VparamInfo@@@@QAEXABVQString@@@Z 00407f0c f i AdjustMon.obj
 0001:00006f56       ?remove@?$QMap@VQString@@VparamInfo@@@@QAEXV?$QMapIterator@VQString@@VparamInfo@@@@@Z 00407f56 f i AdjustMon.obj
 0001:00006f56       ?erase@?$QMap@VQString@@VparamInfo@@@@QAEXV?$QMapIterator@VQString@@VparamInfo@@@@@Z 00407f56 f i AdjustMon.obj
 0001:00006f7c       ?erase@?$QPtrList@VsignalConnection@@@@QAE?AV?$QPtrListStdIterator@VsignalConnection@@@@V2@@Z 00407f7c f i AdjustMon.obj
 0001:00006f93       ?erase@?$basic_string@DU?$char_traits@D@std@@V?$allocator@D@2@@std@@QAEAAV12@I@Z 00407f93 f i AdjustMon.obj
 0001:00006fc2       ?erase@?$basic_string@DU?$char_traits@D@std@@V?$allocator@D@2@@std@@QAEAAV12@II@Z 00407fc2 f i AdjustMon.obj
 0001:00007045       ?find@?$QMap@VQString@@VcomplexInstance@@@@QAE?AV?$QMapIterator@VQString@@VcomplexInstance@@@@ABVQString@@@Z 00408045 f i AdjustMon.obj
 0001:00007071       ?find@?$QMap@VQString@@VcomplexParam@@@@QAE?AV?$QMapIterator@VQString@@VcomplexParam@@@@ABVQString@@@Z 00408071 f i AdjustMon.obj
 0001:0000709d       ?find@?$QMap@VQString@@VcomplexParam@@@@QBE?AV?$QMapConstIterator@VQString@@VcomplexParam@@@@ABVQString@@@Z 0040809d f i AdjustMon.obj
 0001:000070b4       ?find@?$QMap@VQString@@VcomplexType@@@@QAE?AV?$QMapIterator@VQString@@VcomplexType@@@@ABVQString@@@Z 004080b4 f i AdjustMon.obj
 0001:000070e0       ?find@?$QMap@VQString@@VdeviceTypeInfo@@@@QAE?AV?$QMapIterator@VQString@@VdeviceTypeInfo@@@@ABVQString@@@Z 004080e0 f i AdjustMon.obj
 0001:0000710c       ?find@?$QMap@VQString@@VdeviceTypeInfo@@@@QBE?AV?$QMapConstIterator@VQString@@VdeviceTypeInfo@@@@ABVQString@@@Z 0040810c f i AdjustMon.obj
 0001:00007123       ?find@?$QMap@VQString@@VinstanceInfo@@@@QAE?AV?$QMapIterator@VQString@@VinstanceInfo@@@@ABVQString@@@Z 00408123 f i AdjustMon.obj
 0001:0000714f       ?find@?$QMap@VQString@@VinstanceInfo@@@@QBE?AV?$QMapConstIterator@VQString@@VinstanceInfo@@@@ABVQString@@@Z 0040814f f i AdjustMon.obj
 0001:00007166       ?find@?$QMap@VQString@@VparamInfo@@@@QAE?AV?$QMapIterator@VQString@@VparamInfo@@@@ABVQString@@@Z 00408166 f i AdjustMon.obj
 0001:00007192       ?find@?$QMap@VQString@@VcomplexInstance@@@@QBE?AV?$QMapConstIterator@VQString@@VcomplexInstance@@@@ABVQString@@@Z 00408192 f i AdjustMon.obj
 0001:00007192       ?find@?$QMap@VQString@@VparamInfo@@@@QBE?AV?$QMapConstIterator@VQString@@VparamInfo@@@@ABVQString@@@Z 00408192 f i AdjustMon.obj
 0001:00007192       ?find@?$QMap@VQString@@VcomplexType@@@@QBE?AV?$QMapConstIterator@VQString@@VcomplexType@@@@ABVQString@@@Z 00408192 f i AdjustMon.obj
 0001:000071a9       ?find@?$QMapPrivate@VQString@@VcomplexParam@@@@QBE?AV?$QMapConstIterator@VQString@@VcomplexParam@@@@ABVQString@@@Z 004081a9 f i AdjustMon.obj
 0001:00007207       ?find@?$QMapPrivate@VQString@@VdeviceTypeInfo@@@@QBE?AV?$QMapConstIterator@VQString@@VdeviceTypeInfo@@@@ABVQString@@@Z 00408207 f i AdjustMon.obj
 0001:00007265       ?find@?$QMapPrivate@VQString@@VinstanceInfo@@@@QBE?AV?$QMapConstIterator@VQString@@VinstanceInfo@@@@ABVQString@@@Z 00408265 f i AdjustMon.obj
 0001:000072c3       ?find@?$QMapPrivate@VQString@@VcomplexType@@@@QBE?AV?$QMapConstIterator@VQString@@VcomplexType@@@@ABVQString@@@Z 004082c3 f i AdjustMon.obj
 0001:000072c3       ?find@?$QMapPrivate@VQString@@VparamInfo@@@@QBE?AV?$QMapConstIterator@VQString@@VparamInfo@@@@ABVQString@@@Z 004082c3 f i AdjustMon.obj
 0001:000072c3       ?find@?$QMapPrivate@VQString@@VcomplexInstance@@@@QBE?AV?$QMapConstIterator@VQString@@VcomplexInstance@@@@ABVQString@@@Z 004082c3 f i AdjustMon.obj
 0001:00007321       ?find@?$QPtrList@VsignalConnection@@@@QAEHPBVsignalConnection@@@Z 00408321 f i AdjustMon.obj
 0001:00007333       ?findNext@?$QPtrList@VsignalConnection@@@@QAEHPBVsignalConnection@@@Z 00408333 f i AdjustMon.obj
 0001:00007345       ?findNextRef@?$QPtrList@VsignalConnection@@@@QAEHPBVsignalConnection@@@Z 00408345 f i AdjustMon.obj
 0001:00007357       ?findRef@?$QPtrList@VsignalConnection@@@@QAEHPBVsignalConnection@@@Z 00408357 f i AdjustMon.obj
 0001:00007369       ?first@?$QPtrList@VsignalConnection@@@@QAEPAVsignalConnection@@XZ 00408369 f i AdjustMon.obj
 0001:0000736f       ?getFirst@?$QPtrList@VsignalConnection@@@@QBEPAVsignalConnection@@XZ 0040836f f i AdjustMon.obj
 0001:0000737c       ?getLast@?$QPtrList@VsignalConnection@@@@QBEPAVsignalConnection@@XZ 0040837c f i AdjustMon.obj
 0001:00007389       ?inSort@?$QPtrList@VsignalConnection@@@@QAEXPBVsignalConnection@@@Z 00408389 f i AdjustMon.obj
 0001:00007393       ?inc@?$QMapConstIterator@VQString@@VdeviceTypeInfo@@@@AAEHXZ 00408393 f i AdjustMon.obj
 0001:00007393       ?inc@?$QMapConstIterator@VQString@@VparamInfo@@@@AAEHXZ 00408393 f i AdjustMon.obj
 0001:00007393       ?inc@?$QMapConstIterator@VQString@@VcomplexType@@@@AAEHXZ 00408393 f i AdjustMon.obj
 0001:00007393       ?inc@?$QMapConstIterator@VQString@@VcomplexInstance@@@@AAEHXZ 00408393 f i AdjustMon.obj
 0001:00007393       ?inc@?$QMapConstIterator@VQString@@VinstanceInfo@@@@AAEHXZ 00408393 f i AdjustMon.obj
 0001:00007393       ?inc@?$QMapConstIterator@VQString@@VcomplexParam@@@@AAEHXZ 00408393 f i AdjustMon.obj
 0001:000073c4       ?insert@?$QMap@VQString@@VcomplexInstance@@@@QAE?AU?$QPair@V?$QMapIterator@VQString@@VcomplexInstance@@@@_N@@ABU?$QPair@$$CBVQString@@VcomplexInstance@@@@@Z 004083c4 f i AdjustMon.obj
 0001:00007419       ?insert@?$QMap@VQString@@VcomplexInstance@@@@QAE?AV?$QMapIterator@VQString@@VcomplexInstance@@@@ABVQString@@ABVcomplexInstance@@_N@Z 00408419 f i AdjustMon.obj
 0001:00007462       ?insert@?$QMap@VQString@@VcomplexParam@@@@QAE?AU?$QPair@V?$QMapIterator@VQString@@VcomplexParam@@@@_N@@ABU?$QPair@$$CBVQString@@VcomplexParam@@@@@Z 00408462 f i AdjustMon.obj
 0001:000074c6       ?insert@?$QMap@VQString@@VcomplexParam@@@@QAE?AV?$QMapIterator@VQString@@VcomplexParam@@@@ABVQString@@ABVcomplexParam@@_N@Z 004084c6 f i AdjustMon.obj
 0001:00007521       ?insert@?$QMap@VQString@@VcomplexType@@@@QAE?AU?$QPair@V?$QMapIterator@VQString@@VcomplexType@@@@_N@@ABU?$QPair@$$CBVQString@@VcomplexType@@@@@Z 00408521 f i AdjustMon.obj
 0001:00007576       ?insert@?$QMap@VQString@@VcomplexType@@@@QAE?AV?$QMapIterator@VQString@@VcomplexType@@@@ABVQString@@ABVcomplexType@@_N@Z 00408576 f i AdjustMon.obj
 0001:000075bf       ?insert@?$QMap@VQString@@VdeviceTypeInfo@@@@QAE?AU?$QPair@V?$QMapIterator@VQString@@VdeviceTypeInfo@@@@_N@@ABU?$QPair@$$CBVQString@@VdeviceTypeInfo@@@@@Z 004085bf f i AdjustMon.obj
 0001:00007614       ?insert@?$QMap@VQString@@VdeviceTypeInfo@@@@QAE?AV?$QMapIterator@VQString@@VdeviceTypeInfo@@@@ABVQString@@ABVdeviceTypeInfo@@_N@Z 00408614 f i AdjustMon.obj
 0001:0000765d       ?insert@?$QMap@VQString@@VinstanceInfo@@@@QAE?AU?$QPair@V?$QMapIterator@VQString@@VinstanceInfo@@@@_N@@ABU?$QPair@$$CBVQString@@VinstanceInfo@@@@@Z 0040865d f i AdjustMon.obj
 0001:000076b2       ?insert@?$QMap@VQString@@VinstanceInfo@@@@QAE?AV?$QMapIterator@VQString@@VinstanceInfo@@@@ABVQString@@ABVinstanceInfo@@_N@Z 004086b2 f i AdjustMon.obj
 0001:000076fb       ?insert@?$QMap@VQString@@VparamInfo@@@@QAE?AU?$QPair@V?$QMapIterator@VQString@@VparamInfo@@@@_N@@ABU?$QPair@$$CBVQString@@VparamInfo@@@@@Z 004086fb f i AdjustMon.obj
 0001:00007744       ?insert@?$QMap@VQString@@VparamInfo@@@@QAE?AV?$QMapIterator@VQString@@VparamInfo@@@@ABVQString@@ABVparamInfo@@_N@Z 00408744 f i AdjustMon.obj
 0001:0000778a       ?insert@?$QMapPrivate@VQString@@VcomplexInstance@@@@QAE?AV?$QMapIterator@VQString@@VcomplexInstance@@@@PAUQMapNodeBase@@0ABVQString@@@Z 0040878a f i AdjustMon.obj
 0001:00007831       ?insert@?$QMapPrivate@VQString@@VcomplexParam@@@@QAE?AV?$QMapIterator@VQString@@VcomplexParam@@@@PAUQMapNodeBase@@0ABVQString@@@Z 00408831 f i AdjustMon.obj
 0001:000078d8       ?insert@?$QMapPrivate@VQString@@VcomplexType@@@@QAE?AV?$QMapIterator@VQString@@VcomplexType@@@@PAUQMapNodeBase@@0ABVQString@@@Z 004088d8 f i AdjustMon.obj
 0001:0000797f       ?insert@?$QMapPrivate@VQString@@VdeviceTypeInfo@@@@QAE?AV?$QMapIterator@VQString@@VdeviceTypeInfo@@@@PAUQMapNodeBase@@0ABVQString@@@Z 0040897f f i AdjustMon.obj
 0001:00007a26       ?insert@?$QMapPrivate@VQString@@VinstanceInfo@@@@QAE?AV?$QMapIterator@VQString@@VinstanceInfo@@@@PAUQMapNodeBase@@0ABVQString@@@Z 00408a26 f i AdjustMon.obj
 0001:00007acd       ?insert@?$QMapPrivate@VQString@@VparamInfo@@@@QAE?AV?$QMapIterator@VQString@@VparamInfo@@@@PAUQMapNodeBase@@0ABVQString@@@Z 00408acd f i AdjustMon.obj
 0001:00007b74       ?insert@?$QPtrList@VsignalConnection@@@@QAE_NIPBVsignalConnection@@@Z 00408b74 f i AdjustMon.obj
 0001:00007b7e       ?insert@?$QValueListPrivate@VcomplexInstance@@@@QAE?AV?$QValueListIterator@VcomplexInstance@@@@V2@ABVcomplexInstance@@@Z 00408b7e f i AdjustMon.obj
 0001:00007bde       ?insert@?$QValueListPrivate@VcomplexParam@@@@QAE?AV?$QValueListIterator@VcomplexParam@@@@V2@ABVcomplexParam@@@Z 00408bde f i AdjustMon.obj
 0001:00007c3e       ?insert@?$QValueListPrivate@VcomplexType@@@@QAE?AV?$QValueListIterator@VcomplexType@@@@V2@ABVcomplexType@@@Z 00408c3e f i AdjustMon.obj
 0001:00007c9e       ?insert@?$QValueListPrivate@VdeviceTypeInfo@@@@QAE?AV?$QValueListIterator@VdeviceTypeInfo@@@@V2@ABVdeviceTypeInfo@@@Z 00408c9e f i AdjustMon.obj
 0001:00007cfe       ?insert@?$QValueListPrivate@VinstanceInfo@@@@QAE?AV?$QValueListIterator@VinstanceInfo@@@@V2@ABVinstanceInfo@@@Z 00408cfe f i AdjustMon.obj
 0001:00007d5e       ?insert@?$QValueListPrivate@VparamInfo@@@@QAE?AV?$QValueListIterator@VparamInfo@@@@V2@ABVparamInfo@@@Z 00408d5e f i AdjustMon.obj
 0001:00007dd2       ?insertSingle@?$QMapPrivate@VQString@@VcomplexInstance@@@@QAE?AV?$QMapIterator@VQString@@VcomplexInstance@@@@ABVQString@@@Z 00408dd2 f i AdjustMon.obj
 0001:00007e5f       ?insertSingle@?$QMapPrivate@VQString@@VcomplexParam@@@@QAE?AV?$QMapIterator@VQString@@VcomplexParam@@@@ABVQString@@@Z 00408e5f f i AdjustMon.obj
 0001:00007eec       ?insertSingle@?$QMapPrivate@VQString@@VcomplexType@@@@QAE?AV?$QMapIterator@VQString@@VcomplexType@@@@ABVQString@@@Z 00408eec f i AdjustMon.obj
 0001:00007f79       ?insertSingle@?$QMapPrivate@VQString@@VdeviceTypeInfo@@@@QAE?AV?$QMapIterator@VQString@@VdeviceTypeInfo@@@@ABVQString@@@Z 00408f79 f i AdjustMon.obj
 0001:00008006       ?insertSingle@?$QMapPrivate@VQString@@VinstanceInfo@@@@QAE?AV?$QMapIterator@VQString@@VinstanceInfo@@@@ABVQString@@@Z 00409006 f i AdjustMon.obj
 0001:00008093       ?insertSingle@?$QMapPrivate@VQString@@VparamInfo@@@@QAE?AV?$QMapIterator@VQString@@VparamInfo@@@@ABVQString@@@Z 00409093 f i AdjustMon.obj
 0001:00008120       ?isEmpty@?$QPtrList@VsignalConnection@@@@QBE_NXZ 00409120 f i AdjustMon.obj
 0001:00008129       ?isEmpty@?$QPtrListIterator@VsignalConnection@@@@QBE_NXZ 00409129 f i AdjustMon.obj
 0001:00008135       ?keys@?$QMap@VQString@@VcomplexInstance@@@@QBE?AV?$QValueList@VQString@@@@XZ 00409135 f i AdjustMon.obj
 0001:00008135       ?keys@?$QMap@VQString@@VparamInfo@@@@QBE?AV?$QValueList@VQString@@@@XZ 00409135 f i AdjustMon.obj
 0001:00008135       ?keys@?$QMap@VQString@@VcomplexType@@@@QBE?AV?$QValueList@VQString@@@@XZ 00409135 f i AdjustMon.obj
 0001:0000819b       ?keys@?$QMap@VQString@@VcomplexParam@@@@QBE?AV?$QValueList@VQString@@@@XZ 0040919b f i AdjustMon.obj
 0001:00008201       ?keys@?$QMap@VQString@@VdeviceTypeInfo@@@@QBE?AV?$QValueList@VQString@@@@XZ 00409201 f i AdjustMon.obj
 0001:00008267       ?keys@?$QMap@VQString@@VinstanceInfo@@@@QBE?AV?$QValueList@VQString@@@@XZ 00409267 f i AdjustMon.obj
 0001:000082cd       ?last@?$QPtrList@VsignalConnection@@@@QAEPAVsignalConnection@@XZ 004092cd f i AdjustMon.obj
 0001:000082d3       ?length@?$char_traits@D@std@@SAIPBD@Z 004092d3 f i AdjustMon.obj
 0001:000082eb       ?message@_Generic_error_category@std@@UBE?AV?$basic_string@DU?$char_traits@D@std@@V?$allocator@D@2@@2@H@Z 004092eb f i AdjustMon.obj
 0001:0000832e       ?message@_Iostream_error_category@std@@UBE?AV?$basic_string@DU?$char_traits@D@std@@V?$allocator@D@2@@2@H@Z 0040932e f i AdjustMon.obj
 0001:00008372       ?message@_System_error_category@std@@UBE?AV?$basic_string@DU?$char_traits@D@std@@V?$allocator@D@2@@2@H@Z 00409372 f i AdjustMon.obj
 0001:000083b5       ?name@_Generic_error_category@std@@UBEPBDXZ 004093b5 f i AdjustMon.obj
 0001:000083bb       ?name@_Iostream_error_category@std@@UBEPBDXZ 004093bb f i AdjustMon.obj
 0001:000083c1       ?name@_System_error_category@std@@UBEPBDXZ 004093c1 f i AdjustMon.obj
 0001:000083c7       ?navigateBack@CAdjustMon@@QAEXXZ 004093c7 f   AdjustMon.obj
 0001:00008435       ?next@?$QPtrList@VsignalConnection@@@@QAEPAVsignalConnection@@XZ 00409435 f i AdjustMon.obj
 0001:0000843b       ?path@global@@SA?AVQString@@XZ 0040943b f i AdjustMon.obj
 0001:000084bb       ?prepend@?$QPtrList@VsignalConnection@@@@QAEXPBVsignalConnection@@@Z 004094bb f i AdjustMon.obj
 0001:000084cd       ?prev@?$QPtrList@VsignalConnection@@@@QAEPAVsignalConnection@@XZ 004094cd f i AdjustMon.obj
 0001:000084d3       ?remove@?$QMap@VQString@@VcomplexInstance@@@@QAEXABVQString@@@Z 004094d3 f i AdjustMon.obj
 0001:000084d3       ?erase@?$QMap@VQString@@VcomplexInstance@@@@QAEXABVQString@@@Z 004094d3 f i AdjustMon.obj
 0001:0000851d       ?erase@?$QMap@VQString@@VcomplexInstance@@@@QAEXV?$QMapIterator@VQString@@VcomplexInstance@@@@@Z 0040951d f i AdjustMon.obj
 0001:0000851d       ?remove@?$QMap@VQString@@VcomplexInstance@@@@QAEXV?$QMapIterator@VQString@@VcomplexInstance@@@@@Z 0040951d f i AdjustMon.obj
 0001:00008543       ?remove@?$QMap@VQString@@VcomplexParam@@@@QAEXABVQString@@@Z 00409543 f i AdjustMon.obj
 0001:00008543       ?erase@?$QMap@VQString@@VcomplexParam@@@@QAEXABVQString@@@Z 00409543 f i AdjustMon.obj
 0001:0000858d       ?remove@?$QMap@VQString@@VdeviceTypeInfo@@@@QAEXABVQString@@@Z 0040958d f i AdjustMon.obj
 0001:0000858d       ?erase@?$QMap@VQString@@VdeviceTypeInfo@@@@QAEXABVQString@@@Z 0040958d f i AdjustMon.obj
 0001:000085d7       ?remove@?$QMap@VQString@@VdeviceTypeInfo@@@@QAEXV?$QMapIterator@VQString@@VdeviceTypeInfo@@@@@Z 004095d7 f i AdjustMon.obj
 0001:000085d7       ?erase@?$QMap@VQString@@VdeviceTypeInfo@@@@QAEXV?$QMapIterator@VQString@@VdeviceTypeInfo@@@@@Z 004095d7 f i AdjustMon.obj
 0001:000085fd       ?erase@?$QMap@VQString@@VinstanceInfo@@@@QAEXV?$QMapIterator@VQString@@VinstanceInfo@@@@@Z 004095fd f i AdjustMon.obj
 0001:000085fd       ?remove@?$QMap@VQString@@VinstanceInfo@@@@QAEXV?$QMapIterator@VQString@@VinstanceInfo@@@@@Z 004095fd f i AdjustMon.obj
 0001:00008623       ?remove@?$QMapPrivate@VQString@@VcomplexInstance@@@@QAEXV?$QMapIterator@VQString@@VcomplexInstance@@@@@Z 00409623 f i AdjustMon.obj
 0001:0000865c       ?remove@?$QMapPrivate@VQString@@VcomplexParam@@@@QAEXV?$QMapIterator@VQString@@VcomplexParam@@@@@Z 0040965c f i AdjustMon.obj
 0001:00008695       ?remove@?$QMapPrivate@VQString@@VcomplexType@@@@QAEXV?$QMapIterator@VQString@@VcomplexType@@@@@Z 00409695 f i AdjustMon.obj
 0001:000086ce       ?remove@?$QMapPrivate@VQString@@VdeviceTypeInfo@@@@QAEXV?$QMapIterator@VQString@@VdeviceTypeInfo@@@@@Z 004096ce f i AdjustMon.obj
 0001:00008707       ?remove@?$QMapPrivate@VQString@@VinstanceInfo@@@@QAEXV?$QMapIterator@VQString@@VinstanceInfo@@@@@Z 00409707 f i AdjustMon.obj
 0001:00008740       ?remove@?$QMapPrivate@VQString@@VparamInfo@@@@QAEXV?$QMapIterator@VQString@@VparamInfo@@@@@Z 00409740 f i AdjustMon.obj
 0001:00008779       ?remove@?$QPtrList@VsignalConnection@@@@QAE_NI@Z 00409779 f i AdjustMon.obj
 0001:00008783       ?remove@?$QPtrList@VsignalConnection@@@@QAE_NPBVsignalConnection@@@Z 00409783 f i AdjustMon.obj
 0001:0000878d       ?remove@?$QPtrList@VsignalConnection@@@@QAE_NXZ 0040978d f i AdjustMon.obj
 0001:00008796       ?removeFirst@?$QPtrList@VsignalConnection@@@@QAE_NXZ 00409796 f i AdjustMon.obj
 0001:000087ab       ?removeLast@?$QPtrList@VsignalConnection@@@@QAE_NXZ 004097ab f i AdjustMon.obj
 0001:000087c0       ?removeNode@?$QPtrList@VsignalConnection@@@@QAEXPAVQLNode@@@Z 004097c0 f i AdjustMon.obj
 0001:000087ca       ?removeRef@?$QPtrList@VsignalConnection@@@@QAE_NPBVsignalConnection@@@Z 004097ca f i AdjustMon.obj
 0001:000087d4       ?replace@?$QMap@VQString@@VcomplexInstance@@@@QAE?AV?$QMapIterator@VQString@@VcomplexInstance@@@@ABVQString@@ABVcomplexInstance@@@Z 004097d4 f i AdjustMon.obj
 0001:000087fc       ?replace@?$QMap@VQString@@VcomplexParam@@@@QAE?AV?$QMapIterator@VQString@@VcomplexParam@@@@ABVQString@@ABVcomplexParam@@@Z 004097fc f i AdjustMon.obj
 0001:00008824       ?replace@?$QMap@VQString@@VcomplexType@@@@QAE?AV?$QMapIterator@VQString@@VcomplexType@@@@ABVQString@@ABVcomplexType@@@Z 00409824 f i AdjustMon.obj
 0001:0000884c       ?replace@?$QMap@VQString@@VdeviceTypeInfo@@@@QAE?AV?$QMapIterator@VQString@@VdeviceTypeInfo@@@@ABVQString@@ABVdeviceTypeInfo@@@Z 0040984c f i AdjustMon.obj
 0001:00008874       ?replace@?$QMap@VQString@@VinstanceInfo@@@@QAE?AV?$QMapIterator@VQString@@VinstanceInfo@@@@ABVQString@@ABVinstanceInfo@@@Z 00409874 f i AdjustMon.obj
 0001:0000889c       ?replace@?$QMap@VQString@@VparamInfo@@@@QAE?AV?$QMapIterator@VQString@@VparamInfo@@@@ABVQString@@ABVparamInfo@@@Z 0040989c f i AdjustMon.obj
 0001:000088c4       ?replace@?$QPtrList@VsignalConnection@@@@QAE_NIPBVsignalConnection@@@Z 004098c4 f i AdjustMon.obj
 0001:000088ce       ?setToolTip@CAdjustMon@@AAEXVQString@@@Z 004098ce f   AdjustMon.obj
 0001:0000890b       ?count@?$QMap@VQString@@VdeviceTypeInfo@@@@QBEIXZ 0040990b f i AdjustMon.obj
 0001:0000890b       ?count@?$QMap@VQString@@VinstanceInfo@@@@QBEIXZ 0040990b f i AdjustMon.obj
 0001:0000890b       ?size@?$QMap@VQString@@VdeviceTypeInfo@@@@QBEIXZ 0040990b f i AdjustMon.obj
 0001:0000890b       ?count@?$QMap@VQString@@VcomplexInstance@@@@QBEIXZ 0040990b f i AdjustMon.obj
[...]
      183    ?find@?$QMap@VQString@@VcomplexType@@@@QAE?AV?$QMapIterator@VQString@@VcomplexType@@@@ABVQString@@@Z (public: class QMapIterator<class QString,class complexType> __thiscall QMap<class QString,class complexType>::find(class QString const &))
      184    ?find@?$QMap@VQString@@VcomplexType@@@@QBE?AV?$QMapConstIterator@VQString@@VcomplexType@@@@ABVQString@@@Z (public: class QMapConstIterator<class QString,class complexType> __thiscall QMap<class QString,class complexType>::find(class QString const &)const )
      185    ?find@?$QMap@VQString@@VdeviceTypeInfo@@@@QAE?AV?$QMapIterator@VQString@@VdeviceTypeInfo@@@@ABVQString@@@Z (public: class QMapIterator<class QString,class deviceTypeInfo> __thiscall QMap<class QString,class deviceTypeInfo>::find(class QString const &))
      186    ?find@?$QMap@VQString@@VdeviceTypeInfo@@@@QBE?AV?$QMapConstIterator@VQString@@VdeviceTypeInfo@@@@ABVQString@@@Z (public: class QMapConstIterator<class QString,class deviceTypeInfo> __thiscall QMap<class QString,class deviceTypeInfo>::find(class QString const &)const )
      187    ?find@?$QMap@VQString@@VinstanceInfo@@@@QAE?AV?$QMapIterator@VQString@@VinstanceInfo@@@@ABVQString@@@Z (public: class QMapIterator<class QString,class instanceInfo> __thiscall QMap<class QString,class instanceInfo>::find(class QString const &))
      188    ?find@?$QMap@VQString@@VinstanceInfo@@@@QBE?AV?$QMapConstIterator@VQString@@VinstanceInfo@@@@ABVQString@@@Z (public: class QMapConstIterator<class QString,class instanceInfo> __thiscall QMap<class QString,class instanceInfo>::find(class QString const &)const )
      189    ?find@?$QMap@VQString@@VparamInfo@@@@QAE?AV?$QMapIterator@VQString@@VparamInfo@@@@ABVQString@@@Z (public: class QMapIterator<class QString,class paramInfo> __thiscall QMap<class QString,class paramInfo>::find(class QString const &))
      190    ?find@?$QMap@VQString@@VparamInfo@@@@QBE?AV?$QMapConstIterator@VQString@@VparamInfo@@@@ABVQString@@@Z (public: class QMapConstIterator<class QString,class paramInfo> __thiscall QMap<class QString,class paramInfo>::find(class QString const &)const )
      191    ?find@?$QPtrList@VsignalConnection@@@@QAEHPBVsignalConnection@@@Z (public: int __thiscall QPtrList<class signalConnection>::find(class signalConnection const *))
      192    ?findNext@?$QPtrList@VsignalConnection@@@@QAEHPBVsignalConnection@@@Z (public: int __thiscall QPtrList<class signalConnection>::findNext(class signalConnection const *))
      193    ?findNextRef@?$QPtrList@VsignalConnection@@@@QAEHPBVsignalConnection@@@Z (public: int __thiscall QPtrList<class signalConnection>::findNextRef(class signalConnection const *))
      194    ?findRef@?$QPtrList@VsignalConnection@@@@QAEHPBVsignalConnection@@@Z (public: int __thiscall QPtrList<class signalConnection>::findRef(class signalConnection const *))
      195    ?first@?$QPtrList@VsignalConnection@@@@QAEPAVsignalConnection@@XZ (public: class signalConnection * __thiscall QPtrList<class signalConnection>::first(void))
      196    ?getFirst@?$QPtrList@VsignalConnection@@@@QBEPAVsignalConnection@@XZ (public: class signalConnection * __thiscall QPtrList<class signalConnection>::getFirst(void)const )
      197    ?getLast@?$QPtrList@VsignalConnection@@@@QBEPAVsignalConnection@@XZ (public: class signalConnection * __thiscall QPtrList<class signalConnection>::getLast(void)const )
      198    ?inSort@?$QPtrList@VsignalConnection@@@@QAEXPBVsignalConnection@@@Z (public: void __thiscall QPtrList<class signalConnection>::inSort(class signalConnection const *))
      199    ?insert@?$QMap@VQString@@VcomplexInstance@@@@QAE?AU?$QPair@V?$QMapIterator@VQString@@VcomplexInstance@@@@_N@@ABU?$QPair@$$CBVQString@@VcomplexInstance@@@@@Z (public: struct QPair<class QMapIterator<class QString,class complexInstance>,bool> __thiscall QMap<class QString,class complexInstance>::insert(struct QPair<class QString const ,class complexInstance> const &))
      200    ?insert@?$QMap@VQString@@VcomplexInstance@@@@QAE?AV?$QMapIterator@VQString@@VcomplexInstance@@@@ABVQString@@ABVcomplexInstance@@_N@Z (public: class QMapIterator<class QString,class complexInstance> __thiscall QMap<class QString,class complexInstance>::insert(class QString const &,class complexInstance const &,bool))
      201    ?insert@?$QMap@VQString@@VcomplexParam@@@@QAE?AU?$QPair@V?$QMapIterator@VQString@@VcomplexParam@@@@_N@@ABU?$QPair@$$CBVQString@@VcomplexParam@@@@@Z (public: struct QPair<class QMapIterator<class QString,class complexParam>,bool> __thiscall QMap<class QString,class complexParam>::insert(struct QPair<class QString const ,class complexParam> const &))
      202    ?insert@?$QMap@VQString@@VcomplexParam@@@@QAE?AV?$QMapIterator@VQString@@VcomplexParam@@@@ABVQString@@ABVcomplexParam@@_N@Z (public: class QMapIterator<class QString,class complexParam> __thiscall QMap<class QString,class complexParam>::insert(class QString const &,class complexParam const &,bool))
      203    ?insert@?$QMap@VQString@@VcomplexType@@@@QAE?AU?$QPair@V?$QMapIterator@VQString@@VcomplexType@@@@_N@@ABU?$QPair@$$CBVQString@@VcomplexType@@@@@Z (public: struct QPair<class QMapIterator<class QString,class complexType>,bool> __thiscall QMap<class QString,class complexType>::insert(struct QPair<class QString const ,class complexType> const &))
      204    ?insert@?$QMap@VQString@@VcomplexType@@@@QAE?AV?$QMapIterator@VQString@@VcomplexType@@@@ABVQString@@ABVcomplexType@@_N@Z (public: class QMapIterator<class QString,class complexType> __thiscall QMap<class QString,class complexType>::insert(class QString const &,class complexType const &,bool))
      205    ?insert@?$QMap@VQString@@VdeviceTypeInfo@@@@QAE?AU?$QPair@V?$QMapIterator@VQString@@VdeviceTypeInfo@@@@_N@@ABU?$QPair@$$CBVQString@@VdeviceTypeInfo@@@@@Z (public: struct QPair<class QMapIterator<class QString,class deviceTypeInfo>,bool> __thiscall QMap<class QString,class deviceTypeInfo>::insert(struct QPair<class QString const ,class deviceTypeInfo> const &))
      206    ?insert@?$QMap@VQString@@VdeviceTypeInfo@@@@QAE?AV?$QMapIterator@VQString@@VdeviceTypeInfo@@@@ABVQString@@ABVdeviceTypeInfo@@_N@Z (public: class QMapIterator<class QString,class deviceTypeInfo> __thiscall QMap<class QString,class deviceTypeInfo>::insert(class QString const &,class deviceTypeInfo const &,bool))
      207    ?insert@?$QMap@VQString@@VinstanceInfo@@@@QAE?AU?$QPair@V?$QMapIterator@VQString@@VinstanceInfo@@@@_N@@ABU?$QPair@$$CBVQString@@VinstanceInfo@@@@@Z (public: struct QPair<class QMapIterator<class QString,class instanceInfo>,bool> __thiscall QMap<class QString,class instanceInfo>::insert(struct QPair<class QString const ,class instanceInfo> const &))
      208    ?insert@?$QMap@VQString@@VinstanceInfo@@@@QAE?AV?$QMapIterator@VQString@@VinstanceInfo@@@@ABVQString@@ABVinstanceInfo@@_N@Z (public: class QMapIterator<class QString,class instanceInfo> __thiscall QMap<class QString,class instanceInfo>::insert(class QString const &,class instanceInfo const &,bool))
      209    ?insert@?$QMap@VQString@@VparamInfo@@@@QAE?AU?$QPair@V?$QMapIterator@VQString@@VparamInfo@@@@_N@@ABU?$QPair@$$CBVQString@@VparamInfo@@@@@Z (public: struct QPair<class QMapIterator<class QString,class paramInfo>,bool> __thiscall QMap<class QString,class paramInfo>::insert(struct QPair<class QString const ,class paramInfo> const &))
      210    ?insert@?$QMap@VQString@@VparamInfo@@@@QAE?AV?$QMapIterator@VQString@@VparamInfo@@@@ABVQString@@ABVparamInfo@@_N@Z (public: class QMapIterator<class QString,class paramInfo> __thiscall QMap<class QString,class paramInfo>::insert(class QString const &,class paramInfo const &,bool))
      211    ?insert@?$QPtrList@VsignalConnection@@@@QAE_NIPBVsignalConnection@@@Z (public: bool __thiscall QPtrList<class signalConnection>::insert(unsigned int,class signalConnection const *))
      212    ?isEmpty@?$QMap@VQString@@VcomplexInstance@@@@QBE_NXZ (public: bool __thiscall QMap<class QString,class complexInstance>::isEmpty(void)const )
      213    ?isEmpty@?$QMap@VQString@@VcomplexParam@@@@QBE_NXZ (public: bool __thiscall QMap<class QString,class complexParam>::isEmpty(void)const )
      214    ?isEmpty@?$QMap@VQString@@VcomplexType@@@@QBE_NXZ (public: bool __thiscall QMap<class QString,class complexType>::isEmpty(void)const )
      215    ?isEmpty@?$QMap@VQString@@VdeviceTypeInfo@@@@QBE_NXZ (public: bool __thiscall QMap<class QString,class deviceTypeInfo>::isEmpty(void)const )
      216    ?isEmpty@?$QMap@VQString@@VinstanceInfo@@@@QBE_NXZ (public: bool __thiscall QMap<class QString,class instanceInfo>::isEmpty(void)const )
      217    ?isEmpty@?$QMap@VQString@@VparamInfo@@@@QBE_NXZ (public: bool __thiscall QMap<class QString,class paramInfo>::isEmpty(void)const )
      218    ?isEmpty@?$QPtrList@VsignalConnection@@@@QBE_NXZ (public: bool __thiscall QPtrList<class signalConnection>::isEmpty(void)const )
      219    ?isEmpty@?$QPtrListIterator@VsignalConnection@@@@QBE_NXZ (public: bool __thiscall QPtrListIterator<class signalConnection>::isEmpty(void)const )
      220    ?keys@?$QMap@VQString@@VcomplexInstance@@@@QBE?AV?$QValueList@VQString@@@@XZ (public: class QValueList<class QString> __thiscall QMap<class QString,class complexInstance>::keys(void)const )
      221    ?keys@?$QMap@VQString@@VcomplexParam@@@@QBE?AV?$QValueList@VQString@@@@XZ (public: class QValueList<class QString> __thiscall QMap<class QString,class complexParam>::keys(void)const )
      222    ?keys@?$QMap@VQString@@VcomplexType@@@@QBE?AV?$QValueList@VQString@@@@XZ (public: class QValueList<class QString> __thiscall QMap<class QString,class complexType>::keys(void)const )
      223    ?keys@?$QMap@VQString@@VdeviceTypeInfo@@@@QBE?AV?$QValueList@VQString@@@@XZ (public: class QValueList<class QString> __thiscall QMap<class QString,class deviceTypeInfo>::keys(void)const )
      224    ?keys@?$QMap@VQString@@VinstanceInfo@@@@QBE?AV?$QValueList@VQString@@@@XZ (public: class QValueList<class QString> __thiscall QMap<class QString,class instanceInfo>::keys(void)const )
      225    ?keys@?$QMap@VQString@@VparamInfo@@@@QBE?AV?$QValueList@VQString@@@@XZ (public: class QValueList<class QString> __thiscall QMap<class QString,class paramInfo>::keys(void)const )
      226    ?last@?$QPtrList@VsignalConnection@@@@QAEPAVsignalConnection@@XZ (public: class signalConnection * __thiscall QPtrList<class signalConnection>::last(void))
      227    ?next@?$QPtrList@VsignalConnection@@@@QAEPAVsignalConnection@@XZ (public: class signalConnection * __thiscall QPtrList<class signalConnection>::next(void))
      228    ?prepend@?$QPtrList@VsignalConnection@@@@QAEXPBVsignalConnection@@@Z (public: void __thiscall QPtrList<class signalConnection>::prepend(class signalConnection const *))
      229    ?prev@?$QPtrList@VsignalConnection@@@@QAEPAVsignalConnection@@XZ (public: class signalConnection * __thiscall QPtrList<class signalConnection>::prev(void))
      230    ?remove@?$QMap@VQString@@VcomplexInstance@@@@QAEXABVQString@@@Z (public: void __thiscall QMap<class QString,class complexInstance>::remove(class QString const &))
      231    ?remove@?$QMap@VQString@@VcomplexInstance@@@@QAEXV?$QMapIterator@VQString@@VcomplexInstance@@@@@Z (public: void __thiscall QMap<class QString,class complexInstance>::remove(class QMapIterator<class QString,class complexInstance>))
      232    ?remove@?$QMap@VQString@@VcomplexParam@@@@QAEXABVQString@@@Z (public: void __thiscall QMap<class QString,class complexParam>::remove(class QString const &))
      233    ?remove@?$QMap@VQString@@VcomplexParam@@@@QAEXV?$QMapIterator@VQString@@VcomplexParam@@@@@Z (public: void __thiscall QMap<class QString,class complexParam>::remove(class QMapIterator<class QString,class complexParam>))
      234    ?remove@?$QMap@VQString@@VcomplexType@@@@QAEXABVQString@@@Z (public: void __thiscall QMap<class QString,class complexType>::remove(class QString const &))
      235    ?remove@?$QMap@VQString@@VcomplexType@@@@QAEXV?$QMapIterator@VQString@@VcomplexType@@@@@Z (public: void __thiscall QMap<class QString,class complexType>::remove(class QMapIterator<class QString,class complexType>))
      236    ?remove@?$QMap@VQString@@VdeviceTypeInfo@@@@QAEXABVQString@@@Z (public: void __thiscall QMap<class QString,class deviceTypeInfo>::remove(class QString const &))
      237    ?remove@?$QMap@VQString@@VdeviceTypeInfo@@@@QAEXV?$QMapIterator@VQString@@VdeviceTypeInfo@@@@@Z (public: void __thiscall QMap<class QString,class deviceTypeInfo>::remove(class QMapIterator<class QString,class deviceTypeInfo>))
      238    ?remove@?$QMap@VQString@@VinstanceInfo@@@@QAEXABVQString@@@Z (public: void __thiscall QMap<class QString,class instanceInfo>::remove(class QString const &))
      239    ?remove@?$QMap@VQString@@VinstanceInfo@@@@QAEXV?$QMapIterator@VQString@@VinstanceInfo@@@@@Z (public: void __thiscall QMap<class QString,class instanceInfo>::remove(class QMapIterator<class QString,class instanceInfo>))
      240    ?remove@?$QMap@VQString@@VparamInfo@@@@QAEXABVQString@@@Z (public: void __thiscall QMap<class QString,class paramInfo>::remove(class QString const &))
      241    ?remove@?$QMap@VQString@@VparamInfo@@@@QAEXV?$QMapIterator@VQString@@VparamInfo@@@@@Z (public: void __thiscall QMap<class QString,class paramInfo>::remove(class QMapIterator<class QString,class paramInfo>))
      242    ?remove@?$QPtrList@VsignalConnection@@@@QAE_NI@Z (public: bool __thiscall QPtrList<class signalConnection>::remove(unsigned int))
      243    ?remove@?$QPtrList@VsignalConnection@@@@QAE_NPBVsignalConnection@@@Z (public: bool __thiscall QPtrList<class signalConnection>::remove(class signalConnection const *))
      244    ?remove@?$QPtrList@VsignalConnection@@@@QAE_NXZ (public: bool __thiscall QPtrList<class signalConnection>::remove(void))
      245    ?removeFirst@?$QPtrList@VsignalConnection@@@@QAE_NXZ (public: bool __thiscall QPtrList<class signalConnection>::removeFirst(void))
      246    ?removeLast@?$QPtrList@VsignalConnection@@@@QAE_NXZ (public: bool __thiscall QPtrList<class signalConnection>::removeLast(void))
      247    ?removeNode@?$QPtrList@VsignalConnection@@@@QAEXPAVQLNode@@@Z (public: void __thiscall QPtrList<class signalConnection>::removeNode(class QLNode *))
      248    ?removeRef@?$QPtrList@VsignalConnection@@@@QAE_NPBVsignalConnection@@@Z (public: bool __thiscall QPtrList<class signalConnection>::removeRef(class signalConnection const *))
      249    ?replace@?$QMap@VQString@@VcomplexInstance@@@@QAE?AV?$QMapIterator@VQString@@VcomplexInstance@@@@ABVQString@@ABVcomplexInstance@@@Z (public: class QMapIterator<class QString,class complexInstance> __thiscall QMap<class QString,class complexInstance>::replace(class QString const &,class complexInstance const &))
      250    ?replace@?$QMap@VQString@@VcomplexParam@@@@QAE?AV?$QMapIterator@VQString@@VcomplexParam@@@@ABVQString@@ABVcomplexParam@@@Z (public: class QMapIterator<class QString,class complexParam> __thiscall QMap<class QString,class complexParam>::replace(class QString const &,class complexParam const &))
      251    ?replace@?$QMap@VQString@@VcomplexType@@@@QAE?AV?$QMapIterator@VQString@@VcomplexType@@@@ABVQString@@ABVcomplexType@@@Z (public: class QMapIterator<class QString,class complexType> __thiscall QMap<class QString,class complexType>::replace(class QString const &,class complexType const &))
      252    ?replace@?$QMap@VQString@@VdeviceTypeInfo@@@@QAE?AV?$QMapIterator@VQString@@VdeviceTypeInfo@@@@ABVQString@@ABVdeviceTypeInfo@@@Z (public: class QMapIterator<class QString,class deviceTypeInfo> __thiscall QMap<class QString,class deviceTypeInfo>::replace(class QString const &,class deviceTypeInfo const &))
      253    ?replace@?$QMap@VQString@@VinstanceInfo@@@@QAE?AV?$QMapIterator@VQString@@VinstanceInfo@@@@ABVQString@@ABVinstanceInfo@@@Z (public: class QMapIterator<class QString,class instanceInfo> __thiscall QMap<class QString,class instanceInfo>::replace(class QString const &,class instanceInfo const &))
      254    ?replace@?$QMap@VQString@@VparamInfo@@@@QAE?AV?$QMapIterator@VQString@@VparamInfo@@@@ABVQString@@ABVparamInfo@@@Z (public: class QMapIterator<class QString,class paramInfo> __thiscall QMap<class QString,class paramInfo>::replace(class QString const &,class paramInfo const &))
      255    ?replace@?$QPtrList@VsignalConnection@@@@QAE_NIPBVsignalConnection@@@Z (public: bool __thiscall QPtrList<class signalConnection>::replace(unsigned int,class signalConnection const *))
      256    ?size@?$QMap@VQString@@VcomplexInstance@@@@QBEIXZ (public: unsigned int __thiscall QMap<class QString,class complexInstance>::size(void)const )
      257    ?size@?$QMap@VQString@@VcomplexParam@@@@QBEIXZ (public: unsigned int __thiscall QMap<class QString,class complexParam>::size(void)const )
      258    ?size@?$QMap@VQString@@VcomplexType@@@@QBEIXZ (public: unsigned int __thiscall QMap<class QString,class complexType>::size(void)const )
      259    ?size@?$QMap@VQString@@VdeviceTypeInfo@@@@QBEIXZ (public: unsigned int __thiscall QMap<class QString,class deviceTypeInfo>::size(void)const )
      260    ?size@?$QMap@VQString@@VinstanceInfo@@@@QBEIXZ (public: unsigned int __thiscall QMap<class QString,class instanceInfo>::size(void)const )
      261    ?size@?$QMap@VQString@@VparamInfo@@@@QBEIXZ (public: unsigned int __thiscall QMap<class QString,class paramInfo>::size(void)const )
      262    ?sort@?$QPtrList@VsignalConnection@@@@QAEXXZ (public: void __thiscall QPtrList<class signalConnection>::sort(void))
      263    ?take@?$QPtrList@VsignalConnection@@@@QAEPAVsignalConnection@@I@Z (public: class signalConnection * __thiscall QPtrList<class signalConnection>::take(unsigned int))
      264    ?take@?$QPtrList@VsignalConnection@@@@QAEPAVsignalConnection@@XZ (public: class signalConnection * __thiscall QPtrList<class signalConnection>::take(void))
      265    ?takeNode@?$QPtrList@VsignalConnection@@@@QAEPAVsignalConnection@@PAVQLNode@@@Z (public: class signalConnection * __thiscall QPtrList<class signalConnection>::takeNode(class QLNode *))
      266    ?toFirst@?$QPtrListIterator@VsignalConnection@@@@QAEPAVsignalConnection@@XZ (public: class signalConnection * __thiscall QPtrListIterator<class signalConnection>::toFirst(void))
      267    ?toLast@?$QPtrListIterator@VsignalConnection@@@@QAEPAVsignalConnection@@XZ (public: class signalConnection * __thiscall QPtrListIterator<class signalConnection>::toLast(void))
      268    ?toVector@?$QPtrList@VsignalConnection@@@@QBEXPAVQGVector@@@Z (public: void __thiscall QPtrList<class signalConnection>::toVector(class QGVector *)const )
      269    ?values@?$QMap@VQString@@VcomplexInstance@@@@QBE?AV?$QValueList@VcomplexInstance@@@@XZ (public: class QValueList<class complexInstance> __thiscall QMap<class QString,class complexInstance>::values(void)const )
      270    ?values@?$QMap@VQString@@VcomplexParam@@@@QBE?AV?$QValueList@VcomplexParam@@@@XZ (public: class QValueList<class complexParam> __thiscall QMap<class QString,class complexParam>::values(void)const )
      271    ?values@?$QMap@VQString@@VcomplexType@@@@QBE?AV?$QValueList@VcomplexType@@@@XZ (public: class QValueList<class complexType> __thiscall QMap<class QString,class complexType>::values(void)const )
      272    ?values@?$QMap@VQString@@VdeviceTypeInfo@@@@QBE?AV?$QValueList@VdeviceTypeInfo@@@@XZ (public: class QValueList<class deviceTypeInfo> __thiscall QMap<class QString,class deviceTypeInfo>::values(void)const )
      273    ?values@?$QMap@VQString@@VinstanceInfo@@@@QBE?AV?$QValueList@VinstanceInfo@@@@XZ (public: class QValueList<class instanceInfo> __thiscall QMap<class QString,class instanceInfo>::values(void)const )
      274    ?values@?$QMap@VQString@@VparamInfo@@@@QBE?AV?$QValueList@VparamInfo@@@@XZ (public: class QValueList<class paramInfo> __thiscall QMap<class QString,class paramInfo>::values(void)const )
