 ParamTester

 Timestamp is 56de002e (Mon Mar 07 22:26:54 2016)

 Preferred load address is 00400000

 Start         Length     Name                   Class
 0001:00000000 0000d584H .text                   CODE
 0001:0000d590 000014c0H .text$x                 CODE
 0002:00000000 00000ef4H .idata$5                DATA
 0002:00000ef8 000024dcH .rdata                  DATA
 0002:000033d8 00001240H .xdata$x                DATA
 0002:00004618 000000b4H .idata$2                DATA
 0002:000046cc 00000014H .idata$3                DATA
 0002:000046e0 00000ef4H .idata$4                DATA
 0002:000055d4 00009820H .idata$6                DATA
 0002:0000edf4 00000000H .edata                  DATA
 0003:00000000 00000004H .CRT$XCA                DATA
 0003:00000004 00000008H .CRT$XCU                DATA
 0003:0000000c 00000004H .CRT$XCZ                DATA
 0003:00000010 00000004H .CRT$XIA                DATA
 0003:00000014 00000004H .CRT$XIZ                DATA
 0003:00000020 00002514H .data                   DATA
 0003:00002538 000000a0H .bss                    DATA
 0004:00000000 00000148H .rsrc$01                DATA
 0004:00000150 00003f88H .rsrc$02                DATA

  Address         Publics by Value              Rva+Base     Lib:Object

 0001:00000000       _main                      00401000 f   main.obj
 0001:00000390       ??1ParamTesterMainWindow@@UAE@XZ 00401390 f i main.obj
 0001:000004c0       ??_GmyListViewItem@@UAEPAXI@Z 004014c0 f i myListViewItem.obj
 0001:000004c0       ??_EmyListViewItem@@UAEPAXI@Z 004014c0 f i myListViewItem.obj
 0001:000004e0       ??0myListViewItem@@QAE@PAVQListView@@VQString@@1111111@Z 004014e0 f   myListViewItem.obj
 0001:000006f0       ??1myListViewItem@@UAE@XZ  004016f0 f   myListViewItem.obj
 0001:00000700       ?compare@myListViewItem@@UBEHPAVQListViewItem@@H_N@Z 00401700 f   myListViewItem.obj
 0001:00000c00       ??9@YA_NVQChar@@0@Z        00401c00 f i myListViewItem.obj
 0001:00000c10       ??O@YA_NVQChar@@0@Z        00401c10 f i myListViewItem.obj
 0001:00000c40       ??P@YA_NVQChar@@0@Z        00401c40 f i myListViewItem.obj
 0001:00000c70       ??N@YA_NVQChar@@0@Z        00401c70 f i myListViewItem.obj
 0001:00000c80       ??0ParamTesterMainWindow@@QAE@PAVQWidget@@PBDI@Z 00401c80 f   paramtestermainwindow.obj
 0001:000013f0       ?metaObject@ParamTesterMainWindow@@UBEPAVQMetaObject@@XZ 004023f0 f i paramtestermainwindow.obj
 0001:00001400       ??_EParamTesterMainWindow@@UAEPAXI@Z 00402400 f i paramtestermainwindow.obj
 0001:00001400       ??_GParamTesterMainWindow@@UAEPAXI@Z 00402400 f i paramtestermainwindow.obj
 0001:00001420       ??_GQMenuBar@@UAEPAXI@Z    00402420 f i paramtestermainwindow.obj
 0001:00001420       ??_EQMenuBar@@UAEPAXI@Z    00402420 f i paramtestermainwindow.obj
 0001:00001440       ??_EQPopupMenu@@UAEPAXI@Z  00402440 f i paramtestermainwindow.obj
 0001:00001440       ??_GQPopupMenu@@UAEPAXI@Z  00402440 f i paramtestermainwindow.obj
 0001:00001460       ?loadInstances@ParamTesterMainWindow@@QAE_NXZ 00402460 f   paramtestermainwindow.obj
 0001:00002420       ??_GQDomElement@@UAEPAXI@Z 00403420 f i paramtestermainwindow.obj
 0001:00002420       ??_EQDomElement@@UAEPAXI@Z 00403420 f i paramtestermainwindow.obj
 0001:00002440       ??_EQProgressDialog@@UAEPAXI@Z 00403440 f i paramtestermainwindow.obj
 0001:00002440       ??_GQProgressDialog@@UAEPAXI@Z 00403440 f i paramtestermainwindow.obj
 0001:00002460       ?loadDeviceType@ParamTesterMainWindow@@AAE_NVQString@@@Z 00403460 f   paramtestermainwindow.obj
 0001:00002f20       ?selectInstance@ParamTesterMainWindow@@QAEXPAVQListViewItem@@@Z 00403f20 f   paramtestermainwindow.obj
 0001:000039e0       ?notify@ParamTesterMainWindow@@UAEJPAVcPanel@@PBD@Z 004049e0 f   paramtestermainwindow.obj
 0001:00003d10       ?selectParam@ParamTesterMainWindow@@QAEXPAVQListViewItem@@@Z 00404d10 f   paramtestermainwindow.obj
 0001:000053d0       ??_EQPushButton@@UAEPAXI@Z 004063d0 f i paramtestermainwindow.obj
 0001:000053d0       ??_GQPushButton@@UAEPAXI@Z 004063d0 f i paramtestermainwindow.obj
 0001:000053f0       ?setValue@ParamTesterMainWindow@@QAEXVQString@@@Z 004063f0 f   paramtestermainwindow.obj
 0001:000057f0       ?setEnteredValue@ParamTesterMainWindow@@QAEXXZ 004067f0 f   paramtestermainwindow.obj
 0001:00005c70       ?setFilter@ParamTesterMainWindow@@QAEXABVQString@@@Z 00406c70 f   paramtestermainwindow.obj
 0001:00005de0       ?ButtonPushed@ParamTesterMainWindow@@QAEXH@Z 00406de0 f   paramtestermainwindow.obj
 0001:00005f60       ?setDevSlot@ParamTesterMainWindow@@AAE_NVQString@@0@Z 00406f60 f   paramtestermainwindow.obj
 0001:00007100       ?LoadTemplate@ParamTesterMainWindow@@AAEXVQString@@@Z 00408100 f   paramtestermainwindow.obj
 0001:00007d70       ?about@ParamTesterMainWindow@@QAEXXZ 00408d70 f   paramtestermainwindow.obj
 0001:00008050       ?retPressed@ParamTesterMainWindow@@QAEXPAVQListViewItem@@@Z 00409050 f   paramtestermainwindow.obj
 0001:00008060       ?selectNextParam@ParamTesterMainWindow@@AAEXXZ 00409060 f   paramtestermainwindow.obj
 0001:00008110       ?spacePressed@ParamTesterMainWindow@@QAEXPAVQListViewItem@@@Z 00409110 f   paramtestermainwindow.obj
 0001:00008120       ?toggleState@ParamTesterMainWindow@@AAEXXZ 00409120 f   paramtestermainwindow.obj
 0001:00008190       ?toggleTestMode@ParamTesterMainWindow@@QAEXXZ 00409190 f   paramtestermainwindow.obj
 0001:000081b0       ?withSlotSetToggled@ParamTesterMainWindow@@QAEX_N@Z 004091b0 f   paramtestermainwindow.obj
 0001:000082f0       ?count@?$QPtrList@VQPushButton@@@@UBEIXZ 004092f0 f i paramtestermainwindow.obj
 0001:00008300       ?clear@?$QPtrList@VQPushButton@@@@UAEXXZ 00409300 f i paramtestermainwindow.obj
 0001:00008310       ??_G?$QMapPrivate@HVQString@@@@QAEPAXI@Z 00409310 f i paramtestermainwindow.obj
 0001:000083a0       ??_E?$QPtrList@VQPushButton@@@@UAEPAXI@Z 004093a0 f i paramtestermainwindow.obj
 0001:000083a0       ??_G?$QPtrList@VQPushButton@@@@UAEPAXI@Z 004093a0 f i paramtestermainwindow.obj
 0001:000083c0       ??1?$QPtrList@VQPushButton@@@@UAE@XZ 004093c0 f i paramtestermainwindow.obj
 0001:00008420       ?derefAndDelete@?$QValueListPrivate@VQString@@@@QAEXXZ 00409420 f i paramtestermainwindow.obj
 0001:00008440       ??_E?$QValueListNode@VQString@@@@UAEPAXI@Z 00409440 f i paramtestermainwindow.obj
 0001:00008440       ??_G?$QValueListNode@VQString@@@@UAEPAXI@Z 00409440 f i paramtestermainwindow.obj
 0001:00008460       ??1?$QValueListNode@VQString@@@@UAE@XZ 00409460 f i paramtestermainwindow.obj
 0001:00008490       ??1?$QMapNode@HVQString@@@@QAE@XZ 00409490 f i paramtestermainwindow.obj
 0001:000084b0       ?inc@?$QMapIterator@HVQString@@@@AAEHXZ 004094b0 f i paramtestermainwindow.obj
 0001:000084f0       ?deleteItem@?$QPtrList@VQPushButton@@@@EAEXPAX@Z 004094f0 f i paramtestermainwindow.obj
 0001:00008510       ??0?$QValueListPrivate@VQString@@@@QAE@XZ 00409510 f i paramtestermainwindow.obj
 0001:000085b0       ?insert@?$QValueListPrivate@VQString@@@@QAE?AV?$QValueListIterator@VQString@@@@V2@ABVQString@@@Z 004095b0 f i paramtestermainwindow.obj
 0001:00008630       ??0?$QMapPrivate@HVQString@@@@QAE@XZ 00409630 f i paramtestermainwindow.obj
 0001:000086c0       ??_G?$QValueListPrivate@VQString@@@@UAEPAXI@Z 004096c0 f i paramtestermainwindow.obj
 0001:000086c0       ??_E?$QValueListPrivate@VQString@@@@UAEPAXI@Z 004096c0 f i paramtestermainwindow.obj
 0001:00008710       ?clear@?$QValueListPrivate@VQString@@@@QAEXXZ 00409710 f i paramtestermainwindow.obj
 0001:00008750       ?clear@?$QMapPrivate@HVQString@@@@QAEXPAU?$QMapNode@HVQString@@@@@Z 00409750 f i paramtestermainwindow.obj
 0001:00008790       ??_EParamTesterMainWindow@@WCI@AEPAXI@Z 00409790 f i paramtestermainwindow.obj
 0001:000087a0       ??_EParamTesterMainWindow@@WOI@AEPAXI@Z 004097a0 f i paramtestermainwindow.obj
 0001:000087b0       ??_EQProgressDialog@@WCI@AEPAXI@Z 004097b0 f i paramtestermainwindow.obj
 0001:000087c0       ??_EQMenuBar@@WCI@AEPAXI@Z 004097c0 f i paramtestermainwindow.obj
 0001:000087d0       ??_EQMenuBar@@WIM@AEPAXI@Z 004097d0 f i paramtestermainwindow.obj
 0001:000087e0       ??_EQPopupMenu@@WCI@AEPAXI@Z 004097e0 f i paramtestermainwindow.obj
 0001:000087f0       ??_EQPopupMenu@@WIM@AEPAXI@Z 004097f0 f i paramtestermainwindow.obj
 0001:00008800       ??_EQPushButton@@WCI@AEPAXI@Z 00409800 f i paramtestermainwindow.obj
 0001:00008810       ?className@ParamTesterMainWindow@@UBEPBDXZ 00409810 f   moc_paramtestermainwindow.obj
 0001:00008870       ?staticMetaObject@ParamTesterMainWindow@@SAPAVQMetaObject@@XZ 00409870 f   moc_paramtestermainwindow.obj
 0001:000089f0       ?qt_cast@ParamTesterMainWindow@@UAEPAXPBD@Z 004099f0 f   moc_paramtestermainwindow.obj
 0001:00008ad0       ?qt_invoke@ParamTesterMainWindow@@UAE_NHPAUQUObject@@@Z 00409ad0 f   moc_paramtestermainwindow.obj
 0001:00008c30       ?qt_emit@ParamTesterMainWindow@@UAE_NHPAUQUObject@@@Z 00409c30 f   moc_paramtestermainwindow.obj
 0001:00008c50       ?qt_property@ParamTesterMainWindow@@UAE_NHHPAVQVariant@@@Z 00409c50 f   moc_paramtestermainwindow.obj
 0001:00008c70       ?className@ParamTesterMainWindowBase@@UBEPBDXZ 00409c70 f   moc_paramtestermainwindowbase.obj
 0001:00008cd0       ?tr@ParamTesterMainWindowBase@@SA?AVQString@@PBD0@Z 00409cd0 f   moc_paramtestermainwindowbase.obj
 0001:00008d20       ?staticMetaObject@ParamTesterMainWindowBase@@SAPAVQMetaObject@@XZ 00409d20 f   moc_paramtestermainwindowbase.obj
 0001:00008d70       ?qt_cast@ParamTesterMainWindowBase@@UAEPAXPBD@Z 00409d70 f   moc_paramtestermainwindowbase.obj
 0001:00008de0       ?qt_invoke@ParamTesterMainWindowBase@@UAE_NHPAUQUObject@@@Z 00409de0 f   moc_paramtestermainwindowbase.obj
 0001:00008e20       ?qt_emit@ParamTesterMainWindowBase@@UAE_NHPAUQUObject@@@Z 00409e20 f   moc_paramtestermainwindowbase.obj
 0001:00008e40       ?qt_property@ParamTesterMainWindowBase@@UAE_NHHPAVQVariant@@@Z 00409e40 f   moc_paramtestermainwindowbase.obj
 0001:00008e60       ??0ParamTesterMainWindowBase@@QAE@PAVQWidget@@PBDI@Z 00409e60 f   paramtestermainwindowbase.obj
 0001:00009f80       ?metaObject@ParamTesterMainWindowBase@@UBEPAVQMetaObject@@XZ 0040af80 f i paramtestermainwindowbase.obj
 0001:00009f90       ??_GQSpacerItem@@UAEPAXI@Z 0040af90 f i paramtestermainwindowbase.obj
 0001:00009f90       ??_EQSpacerItem@@UAEPAXI@Z 0040af90 f i paramtestermainwindowbase.obj
 0001:00009fb0       ??_EParamTesterMainWindowBase@@UAEPAXI@Z 0040afb0 f i paramtestermainwindowbase.obj
 0001:00009fb0       ??_GParamTesterMainWindowBase@@UAEPAXI@Z 0040afb0 f i paramtestermainwindowbase.obj
 0001:00009fd0       ??_GQWidget@@UAEPAXI@Z     0040afd0 f i paramtestermainwindowbase.obj
 0001:00009fd0       ??_EQWidget@@UAEPAXI@Z     0040afd0 f i paramtestermainwindowbase.obj
 0001:00009ff0       ??_EQHBoxLayout@@UAEPAXI@Z 0040aff0 f i paramtestermainwindowbase.obj
 0001:00009ff0       ??_GQHBoxLayout@@UAEPAXI@Z 0040aff0 f i paramtestermainwindowbase.obj
 0001:0000a010       ??_EQSplitter@@UAEPAXI@Z   0040b010 f i paramtestermainwindowbase.obj
 0001:0000a010       ??_GQSplitter@@UAEPAXI@Z   0040b010 f i paramtestermainwindowbase.obj
 0001:0000a030       ??_GQVBoxLayout@@UAEPAXI@Z 0040b030 f i paramtestermainwindowbase.obj
 0001:0000a030       ??_EQVBoxLayout@@UAEPAXI@Z 0040b030 f i paramtestermainwindowbase.obj
 0001:0000a050       ??_GQLabel@@UAEPAXI@Z      0040b050 f i paramtestermainwindowbase.obj
 0001:0000a050       ??_EQLabel@@UAEPAXI@Z      0040b050 f i paramtestermainwindowbase.obj
 0001:0000a070       ??_GQComboBox@@UAEPAXI@Z   0040b070 f i paramtestermainwindowbase.obj
 0001:0000a070       ??_EQComboBox@@UAEPAXI@Z   0040b070 f i paramtestermainwindowbase.obj
 0001:0000a090       ??_GQListView@@UAEPAXI@Z   0040b090 f i paramtestermainwindowbase.obj
 0001:0000a090       ??_EQListView@@UAEPAXI@Z   0040b090 f i paramtestermainwindowbase.obj
 0001:0000a0b0       ??_GQCheckBox@@UAEPAXI@Z   0040b0b0 f i paramtestermainwindowbase.obj
 0001:0000a0b0       ??_EQCheckBox@@UAEPAXI@Z   0040b0b0 f i paramtestermainwindowbase.obj
 0001:0000a0d0       ??_EQGroupBox@@UAEPAXI@Z   0040b0d0 f i paramtestermainwindowbase.obj
 0001:0000a0d0       ??_GQGroupBox@@UAEPAXI@Z   0040b0d0 f i paramtestermainwindowbase.obj
 0001:0000a0f0       ??_EQGridLayout@@UAEPAXI@Z 0040b0f0 f i paramtestermainwindowbase.obj
 0001:0000a0f0       ??_GQGridLayout@@UAEPAXI@Z 0040b0f0 f i paramtestermainwindowbase.obj
 0001:0000a110       ??_GQButtonGroup@@UAEPAXI@Z 0040b110 f i paramtestermainwindowbase.obj
 0001:0000a110       ??_EQButtonGroup@@UAEPAXI@Z 0040b110 f i paramtestermainwindowbase.obj
 0001:0000a130       ??_EQLineEdit@@UAEPAXI@Z   0040b130 f i paramtestermainwindowbase.obj
 0001:0000a130       ??_GQLineEdit@@UAEPAXI@Z   0040b130 f i paramtestermainwindowbase.obj
 0001:0000a150       ??1ParamTesterMainWindowBase@@UAE@XZ 0040b150 f   paramtestermainwindowbase.obj
 0001:0000a170       ?languageChange@ParamTesterMainWindowBase@@MAEXXZ 0040b170 f   paramtestermainwindowbase.obj
 0001:0000ad50       ??_EQWidget@@WCI@AEPAXI@Z  0040bd50 f i paramtestermainwindowbase.obj
 0001:0000ad60       ??_EQGridLayout@@WCI@AEPAXI@Z 0040bd60 f i paramtestermainwindowbase.obj
 0001:0000ad70       ??_EQSplitter@@WCI@AEPAXI@Z 0040bd70 f i paramtestermainwindowbase.obj
 0001:0000ad80       ??_EQLabel@@WCI@AEPAXI@Z   0040bd80 f i paramtestermainwindowbase.obj
 0001:0000ad90       ??_EQComboBox@@WCI@AEPAXI@Z 0040bd90 f i paramtestermainwindowbase.obj
 0001:0000ada0       ??_EQListView@@WCI@AEPAXI@Z 0040bda0 f i paramtestermainwindowbase.obj
 0001:0000adb0       ??_EQCheckBox@@WCI@AEPAXI@Z 0040bdb0 f i paramtestermainwindowbase.obj
 0001:0000adc0       ??_EQGroupBox@@WCI@AEPAXI@Z 0040bdc0 f i paramtestermainwindowbase.obj
 0001:0000add0       ??_EQButtonGroup@@WCI@AEPAXI@Z 0040bdd0 f i paramtestermainwindowbase.obj
 0001:0000ade0       ??_EQLineEdit@@WCI@AEPAXI@Z 0040bde0 f i paramtestermainwindowbase.obj
 0001:0000adf0       ??_EParamTesterMainWindowBase@@WCI@AEPAXI@Z 0040bdf0 f i paramtestermainwindowbase.obj
 0001:0000ae00       ??_EQHBoxLayout@@WCI@AEPAXI@Z 0040be00 f i paramtestermainwindowbase.obj
 0001:0000ae10       ??_EQVBoxLayout@@WCI@AEPAXI@Z 0040be10 f i paramtestermainwindowbase.obj
 0001:0000ae20       ??0cPanel@@QAE@XZ          0040be20 f   panel:panelif.obj
 0001:0000ae80       ??_GcPanel@@UAEPAXI@Z      0040be80 f i panel:panelif.obj
 0001:0000ae80       ??_EcPanel@@UAEPAXI@Z      0040be80 f i panel:panelif.obj
 0001:0000aea0       ?connect@cPanel@@QAEIPBD@Z 0040bea0 f   panel:panelif.obj
 0001:0000afe0       ??1cPanel@@UAE@XZ          0040bfe0 f   panel:panelif.obj
 0001:0000b030       ?showError@cPanel@@AAEXKQBD@Z 0040c030 f   panel:panelif.obj
 0001:0000b0b0       ?getstate@cPanel@@QAEIXZ   0040c0b0 f   panel:panelif.obj
 0001:0000b0c0       ?setstate@cPanel@@QAEII@Z  0040c0c0 f   panel:panelif.obj
 0001:0000b0d0       ?incrx@cPanel@@AAEXXZ      0040c0d0 f   panel:panelif.obj
 0001:0000b0e0       ?tokenize@cPanel@@AAEIXZ   0040c0e0 f   panel:panelif.obj
 0001:0000b1c0       ?regtallyrange@cPanel@@QAEJIIIH@Z 0040c1c0 f   panel:panelif.obj
 0001:0000b220       ?unregtallyrange@cPanel@@QAEJIII@Z 0040c220 f   panel:panelif.obj
 0001:0000b2b0       ?txrtrcmd@cPanel@@QAEJPBDH@Z 0040c2b0 f   panel:panelif.obj
 0001:0000b390       ?txinfocmd@cPanel@@QAEJPBDH@Z 0040c390 f   panel:panelif.obj
 0001:0000b450       ?txgpicmd@cPanel@@QAEJPBDH@Z 0040c450 f   panel:panelif.obj
 0001:0000b500       ?getparam@cPanel@@QAEPADI@Z 0040c500 f   panel:panelif.obj
 0001:0000b510       ?ClientWndProcInt@cPanel@@EAGJPAUHWND__@@IIJ@Z 0040c510 f   panel:panelif.obj
 0001:0000b960       ?ClientWndProc@cPanel@@CGJPAUHWND__@@IIJ@Z 0040c960 f   panel:panelif.obj
 0001:0000b9c0       ??0cBncsVersion@@QAE@PBD@Z 0040c9c0 f   BncsVersionInfo:cBncsVersion.obj
 0001:0000bed0       ??_EcBncsVersion@@UAEPAXI@Z 0040ced0 f i BncsVersionInfo:cBncsVersion.obj
 0001:0000bed0       ??_GcBncsVersion@@UAEPAXI@Z 0040ced0 f i BncsVersionInfo:cBncsVersion.obj
 0001:0000bef0       ??1cBncsVersion@@UAE@XZ    0040cef0 f   BncsVersionInfo:cBncsVersion.obj
 0001:0000bfd0       ??0decodeCaptionString@@QAE@PBD@Z 0040cfd0 f   decodecaptionstring:decodecaptionstring.obj
 0001:0000c100       ??1decodeCaptionString@@QAE@XZ 0040d100 f   decodecaptionstring:decodecaptionstring.obj
 0001:0000c120       ?show@QMainWindow@@UAEXXZ  0040d120 f   qt-mt323:qt-mt323.dll
 0001:0000c126       ?cancelRename@QListViewItem@@MAEXH@Z 0040d126 f   qt-mt323:qt-mt323.dll
 0001:0000c12c       ?okRename@QListViewItem@@MAEXH@Z 0040d12c f   qt-mt323:qt-mt323.dll
 0001:0000c132       ?dragLeft@QListViewItem@@MAEXXZ 0040d132 f   qt-mt323:qt-mt323.dll
 0001:0000c138       ?dragEntered@QListViewItem@@MAEXXZ 0040d138 f   qt-mt323:qt-mt323.dll
 0001:0000c13e       ?dropped@QListViewItem@@MAEXPAVQDropEvent@@@Z 0040d13e f   qt-mt323:qt-mt323.dll
 0001:0000c144       ?activate@QListViewItem@@MAEXXZ 0040d144 f   qt-mt323:qt-mt323.dll
 0001:0000c14a       ?setHeight@QListViewItem@@MAEXH@Z 0040d14a f   qt-mt323:qt-mt323.dll
 0001:0000c150       ?enforceSortOrder@QListViewItem@@MBEXXZ 0040d150 f   qt-mt323:qt-mt323.dll
 0001:0000c156       ?setMultiLinesEnabled@QListViewItem@@UAEX_N@Z 0040d156 f   qt-mt323:qt-mt323.dll
 0001:0000c15c       ?rtti@QListViewItem@@UBEHXZ 0040d15c f   qt-mt323:qt-mt323.dll
 0001:0000c162       ?setEnabled@QListViewItem@@UAEX_N@Z 0040d162 f   qt-mt323:qt-mt323.dll
 0001:0000c168       ?startRename@QListViewItem@@UAEXH@Z 0040d168 f   qt-mt323:qt-mt323.dll
 0001:0000c16e       ?setRenameEnabled@QListViewItem@@UAEXH_N@Z 0040d16e f   qt-mt323:qt-mt323.dll
 0001:0000c174       ?acceptDrop@QListViewItem@@UBE_NPBVQMimeSource@@@Z 0040d174 f   qt-mt323:qt-mt323.dll
 0001:0000c17a       ?setDropEnabled@QListViewItem@@UAEX_N@Z 0040d17a f   qt-mt323:qt-mt323.dll
 0001:0000c180       ?setDragEnabled@QListViewItem@@UAEX_N@Z 0040d180 f   qt-mt323:qt-mt323.dll
 0001:0000c186       ?sort@QListViewItem@@UAEXXZ 0040d186 f   qt-mt323:qt-mt323.dll
 0001:0000c18c       ?setExpandable@QListViewItem@@UAEX_N@Z 0040d18c f   qt-mt323:qt-mt323.dll
 0001:0000c192       ?setSelectable@QListViewItem@@UAEX_N@Z 0040d192 f   qt-mt323:qt-mt323.dll
 0001:0000c198       ?paintFocus@QListViewItem@@UAEXPAVQPainter@@ABVQColorGroup@@ABVQRect@@@Z 0040d198 f   qt-mt323:qt-mt323.dll
 0001:0000c19e       ?paintBranches@QListViewItem@@UAEXPAVQPainter@@ABVQColorGroup@@HHH@Z 0040d19e f   qt-mt323:qt-mt323.dll
 0001:0000c1a4       ?paintCell@QListViewItem@@UAEXPAVQPainter@@ABVQColorGroup@@HHH@Z 0040d1a4 f   qt-mt323:qt-mt323.dll
 0001:0000c1aa       ?setSelected@QListViewItem@@UAEX_N@Z 0040d1aa f   qt-mt323:qt-mt323.dll
 0001:0000c1b0       ?setup@QListViewItem@@UAEXXZ 0040d1b0 f   qt-mt323:qt-mt323.dll
 0001:0000c1b6       ?setOpen@QListViewItem@@UAEX_N@Z 0040d1b6 f   qt-mt323:qt-mt323.dll
 0001:0000c1bc       ?sortChildItems@QListViewItem@@UAEXH_N@Z 0040d1bc f   qt-mt323:qt-mt323.dll
 0001:0000c1c2       ?key@QListViewItem@@UBE?AVQString@@H_N@Z 0040d1c2 f   qt-mt323:qt-mt323.dll
 0001:0000c1c8       ?pixmap@QListViewItem@@UBEPBVQPixmap@@H@Z 0040d1c8 f   qt-mt323:qt-mt323.dll
 0001:0000c1ce       ?setPixmap@QListViewItem@@UAEXHABVQPixmap@@@Z 0040d1ce f   qt-mt323:qt-mt323.dll
 0001:0000c1d4       ?text@QListViewItem@@UBE?AVQString@@H@Z 0040d1d4 f   qt-mt323:qt-mt323.dll
 0001:0000c1da       ?setText@QListViewItem@@UAEXHABVQString@@@Z 0040d1da f   qt-mt323:qt-mt323.dll
 0001:0000c1e0       ?width@QListViewItem@@UBEHABVQFontMetrics@@PBVQListView@@H@Z 0040d1e0 f   qt-mt323:qt-mt323.dll
 0001:0000c1e6       ?invalidateHeight@QListViewItem@@UAEXXZ 0040d1e6 f   qt-mt323:qt-mt323.dll
 0001:0000c1ec       ?removeItem@QListViewItem@@UAEXPAV1@@Z 0040d1ec f   qt-mt323:qt-mt323.dll
 0001:0000c1f2       ?takeItem@QListViewItem@@UAEXPAV1@@Z 0040d1f2 f   qt-mt323:qt-mt323.dll
 0001:0000c1f8       ?insertItem@QListViewItem@@UAEXPAV1@@Z 0040d1f8 f   qt-mt323:qt-mt323.dll
 0001:0000c1fe       ?menuDelPopup@QPopupMenu@@EAEXPAV1@@Z 0040d1fe f   qt-mt323:qt-mt323.dll
 0001:0000c204       ?menuInsPopup@QPopupMenu@@EAEXPAV1@@Z 0040d204 f   qt-mt323:qt-mt323.dll
 0001:0000c20a       ?menuStateChanged@QPopupMenu@@EAEXXZ 0040d20a f   qt-mt323:qt-mt323.dll
 0001:0000c210       ?menuContentsChanged@QPopupMenu@@EAEXXZ 0040d210 f   qt-mt323:qt-mt323.dll
 0001:0000c216       ?activateItemAt@QPopupMenu@@UAEXH@Z 0040d216 f   qt-mt323:qt-mt323.dll
 0001:0000c21c       ?updateItem@QPopupMenu@@UAEXH@Z 0040d21c f   qt-mt323:qt-mt323.dll
 0001:0000c222       ?setFirstItemActive@QPopupMenu@@EAEXXZ 0040d222 f   qt-mt323:qt-mt323.dll
 0001:0000c228       ?setActiveItem@QPopupMenu@@UAEXH@Z 0040d228 f   qt-mt323:qt-mt323.dll
 0001:0000c22e       ?setCheckable@QPopupMenu@@UAEX_N@Z 0040d22e f   qt-mt323:qt-mt323.dll
 0001:0000c234       ?frameChanged@QPopupMenu@@EAEXXZ 0040d234 f   qt-mt323:qt-mt323.dll
 0001:0000c23a       ?drawContents@QPopupMenu@@MAEXPAVQPainter@@@Z 0040d23a f   qt-mt323:qt-mt323.dll
 0001:0000c240       ?focusNextPrevChild@QPopupMenu@@MAE_N_N@Z 0040d240 f   qt-mt323:qt-mt323.dll
 0001:0000c246       ?enabledChange@QPopupMenu@@MAEX_N@Z 0040d246 f   qt-mt323:qt-mt323.dll
 0001:0000c24c       ?styleChange@QPopupMenu@@MAEXAAVQStyle@@@Z 0040d24c f   qt-mt323:qt-mt323.dll
 0001:0000c252       ?closeEvent@QPopupMenu@@MAEXPAVQCloseEvent@@@Z 0040d252 f   qt-mt323:qt-mt323.dll
 0001:0000c258       ?resizeEvent@QFrame@@MAEXPAVQResizeEvent@@@Z 0040d258 f   qt-mt323:qt-mt323.dll
 0001:0000c25e       ?paintEvent@QPopupMenu@@MAEXPAVQPaintEvent@@@Z 0040d25e f   qt-mt323:qt-mt323.dll
 0001:0000c264       ?leaveEvent@QPopupMenu@@MAEXPAVQEvent@@@Z 0040d264 f   qt-mt323:qt-mt323.dll
 0001:0000c26a       ?focusOutEvent@QPopupMenu@@MAEXPAVQFocusEvent@@@Z 0040d26a f   qt-mt323:qt-mt323.dll
 0001:0000c270       ?focusInEvent@QPopupMenu@@MAEXPAVQFocusEvent@@@Z 0040d270 f   qt-mt323:qt-mt323.dll
 0001:0000c276       ?keyPressEvent@QPopupMenu@@MAEXPAVQKeyEvent@@@Z 0040d276 f   qt-mt323:qt-mt323.dll
 0001:0000c27c       ?mouseMoveEvent@QPopupMenu@@MAEXPAVQMouseEvent@@@Z 0040d27c f   qt-mt323:qt-mt323.dll
 0001:0000c282       ?mouseReleaseEvent@QPopupMenu@@MAEXPAVQMouseEvent@@@Z 0040d282 f   qt-mt323:qt-mt323.dll
 0001:0000c288       ?mousePressEvent@QPopupMenu@@MAEXPAVQMouseEvent@@@Z 0040d288 f   qt-mt323:qt-mt323.dll
 0001:0000c28e       ?customWhatsThis@QPopupMenu@@UBE_NXZ 0040d28e f   qt-mt323:qt-mt323.dll
 0001:0000c294       ?minimumSizeHint@QWidget@@UBE?AVQSize@@XZ 0040d294 f   qt-mt323:qt-mt323.dll
 0001:0000c29a       ?sizeHint@QPopupMenu@@UBE?AVQSize@@XZ 0040d29a f   qt-mt323:qt-mt323.dll
 0001:0000c2a0       ?hide@QPopupMenu@@UAEXXZ   0040d2a0 f   qt-mt323:qt-mt323.dll
 0001:0000c2a6       ?show@QPopupMenu@@UAEXXZ   0040d2a6 f   qt-mt323:qt-mt323.dll
 0001:0000c2ac       ?setFont@QPopupMenu@@UAEXABVQFont@@@Z 0040d2ac f   qt-mt323:qt-mt323.dll
 0001:0000c2b2       ?timerEvent@QPopupMenu@@MAEXPAVQTimerEvent@@@Z 0040d2b2 f   qt-mt323:qt-mt323.dll
 0001:0000c2b8       ?eventFilter@QObject@@UAE_NPAV1@PAVQEvent@@@Z 0040d2b8 f   qt-mt323:qt-mt323.dll
 0001:0000c2be       ?qt_property@QPopupMenu@@UAE_NHHPAVQVariant@@@Z 0040d2be f   qt-mt323:qt-mt323.dll
 0001:0000c2c4       ?qt_emit@QPopupMenu@@UAE_NHPAUQUObject@@@Z 0040d2c4 f   qt-mt323:qt-mt323.dll
 0001:0000c2ca       ?qt_invoke@QPopupMenu@@UAE_NHPAUQUObject@@@Z 0040d2ca f   qt-mt323:qt-mt323.dll
 0001:0000c2d0       ?qt_cast@QPopupMenu@@UAEPAXPBD@Z 0040d2d0 f   qt-mt323:qt-mt323.dll
 0001:0000c2d6       ?className@QPopupMenu@@UBEPBDXZ 0040d2d6 f   qt-mt323:qt-mt323.dll
 0001:0000c2dc       ?metaObject@QPopupMenu@@UBEPAVQMetaObject@@XZ 0040d2dc f   qt-mt323:qt-mt323.dll
 0001:0000c2e2       ?menuDelPopup@QMenuBar@@EAEXPAVQPopupMenu@@@Z 0040d2e2 f   qt-mt323:qt-mt323.dll
 0001:0000c2e8       ?menuInsPopup@QMenuBar@@EAEXPAVQPopupMenu@@@Z 0040d2e8 f   qt-mt323:qt-mt323.dll
 0001:0000c2ee       ?menuStateChanged@QMenuBar@@MAEXXZ 0040d2ee f   qt-mt323:qt-mt323.dll
 0001:0000c2f4       ?menuContentsChanged@QMenuBar@@MAEXXZ 0040d2f4 f   qt-mt323:qt-mt323.dll
 0001:0000c2fa       ?activateItemAt@QMenuBar@@UAEXH@Z 0040d2fa f   qt-mt323:qt-mt323.dll
 0001:0000c300       ?setId@QMenuData@@UAEXHH@Z 0040d300 f   qt-mt323:qt-mt323.dll
 0001:0000c306       ?updateItem@QMenuBar@@UAEXH@Z 0040d306 f   qt-mt323:qt-mt323.dll
 0001:0000c30c       ?setSeparator@QMenuBar@@UAEXW4Separator@1@@Z 0040d30c f   qt-mt323:qt-mt323.dll
 0001:0000c312       ?frameChanged@QMenuBar@@EAEXXZ 0040d312 f   qt-mt323:qt-mt323.dll
 0001:0000c318       ?drawContents@QMenuBar@@MAEXPAVQPainter@@@Z 0040d318 f   qt-mt323:qt-mt323.dll
 0001:0000c31e       ?drawFrame@QFrame@@MAEXPAVQPainter@@@Z 0040d31e f   qt-mt323:qt-mt323.dll
 0001:0000c324       ?setFrameRect@QFrame@@UAEXABVQRect@@@Z 0040d324 f   qt-mt323:qt-mt323.dll
 0001:0000c32a       ?setMidLineWidth@QFrame@@UAEXH@Z 0040d32a f   qt-mt323:qt-mt323.dll
 0001:0000c330       ?setMargin@QFrame@@UAEXH@Z 0040d330 f   qt-mt323:qt-mt323.dll
 0001:0000c336       ?setLineWidth@QFrame@@UAEXH@Z 0040d336 f   qt-mt323:qt-mt323.dll
 0001:0000c33c       ?setFrameStyle@QFrame@@UAEXH@Z 0040d33c f   qt-mt323:qt-mt323.dll
 0001:0000c342       ?fontChange@QMenuBar@@MAEXABVQFont@@@Z 0040d342 f   qt-mt323:qt-mt323.dll
 0001:0000c348       ?styleChange@QMenuBar@@MAEXAAVQStyle@@@Z 0040d348 f   qt-mt323:qt-mt323.dll
 0001:0000c34e       ?resizeEvent@QMenuBar@@MAEXPAVQResizeEvent@@@Z 0040d34e f   qt-mt323:qt-mt323.dll
 0001:0000c354       ?paintEvent@QFrame@@MAEXPAVQPaintEvent@@@Z 0040d354 f   qt-mt323:qt-mt323.dll
 0001:0000c35a       ?leaveEvent@QMenuBar@@MAEXPAVQEvent@@@Z 0040d35a f   qt-mt323:qt-mt323.dll
 0001:0000c360       ?focusOutEvent@QMenuBar@@MAEXPAVQFocusEvent@@@Z 0040d360 f   qt-mt323:qt-mt323.dll
 0001:0000c366       ?focusInEvent@QMenuBar@@MAEXPAVQFocusEvent@@@Z 0040d366 f   qt-mt323:qt-mt323.dll
 0001:0000c36c       ?keyPressEvent@QMenuBar@@MAEXPAVQKeyEvent@@@Z 0040d36c f   qt-mt323:qt-mt323.dll
 0001:0000c372       ?mouseMoveEvent@QMenuBar@@MAEXPAVQMouseEvent@@@Z 0040d372 f   qt-mt323:qt-mt323.dll
 0001:0000c378       ?mouseReleaseEvent@QMenuBar@@MAEXPAVQMouseEvent@@@Z 0040d378 f   qt-mt323:qt-mt323.dll
 0001:0000c37e       ?mousePressEvent@QMenuBar@@MAEXPAVQMouseEvent@@@Z 0040d37e f   qt-mt323:qt-mt323.dll
 0001:0000c384       ?customWhatsThis@QMenuBar@@UBE_NXZ 0040d384 f   qt-mt323:qt-mt323.dll
 0001:0000c38a       ?heightForWidth@QMenuBar@@UBEHH@Z 0040d38a f   qt-mt323:qt-mt323.dll
 0001:0000c390       ?minimumSizeHint@QMenuBar@@UBE?AVQSize@@XZ 0040d390 f   qt-mt323:qt-mt323.dll
 0001:0000c396       ?sizeHint@QMenuBar@@UBE?AVQSize@@XZ 0040d396 f   qt-mt323:qt-mt323.dll
 0001:0000c39c       ?hide@QMenuBar@@UAEXXZ     0040d39c f   qt-mt323:qt-mt323.dll
 0001:0000c3a2       ?show@QMenuBar@@UAEXXZ     0040d3a2 f   qt-mt323:qt-mt323.dll
 0001:0000c3a8       ?childEvent@QObject@@MAEXPAVQChildEvent@@@Z 0040d3a8 f   qt-mt323:qt-mt323.dll
 0001:0000c3ae       ?eventFilter@QMenuBar@@UAE_NPAVQObject@@PAVQEvent@@@Z 0040d3ae f   qt-mt323:qt-mt323.dll
 0001:0000c3b4       ?event@QWidget@@MAE_NPAVQEvent@@@Z 0040d3b4 f   qt-mt323:qt-mt323.dll
 0001:0000c3ba       ?qt_property@QMenuBar@@UAE_NHHPAVQVariant@@@Z 0040d3ba f   qt-mt323:qt-mt323.dll
 0001:0000c3c0       ?qt_emit@QMenuBar@@UAE_NHPAUQUObject@@@Z 0040d3c0 f   qt-mt323:qt-mt323.dll
 0001:0000c3c6       ?qt_invoke@QMenuBar@@UAE_NHPAUQUObject@@@Z 0040d3c6 f   qt-mt323:qt-mt323.dll
 0001:0000c3cc       ?qt_cast@QMenuBar@@UAEPAXPBD@Z 0040d3cc f   qt-mt323:qt-mt323.dll
 0001:0000c3d2       ?className@QMenuBar@@UBEPBDXZ 0040d3d2 f   qt-mt323:qt-mt323.dll
 0001:0000c3d8       ?metaObject@QMenuBar@@UBEPAVQMetaObject@@XZ 0040d3d8 f   qt-mt323:qt-mt323.dll
 0001:0000c3de       ?compareItems@QGList@@MAEHPAX0@Z 0040d3de f   qt-mt323:qt-mt323.dll
 0001:0000c3e4       ?write@QGList@@MBEAAVQDataStream@@AAV2@PAX@Z 0040d3e4 f   qt-mt323:qt-mt323.dll
 0001:0000c3ea       ?read@QGList@@MAEAAVQDataStream@@AAV2@AAPAX@Z 0040d3ea f   qt-mt323:qt-mt323.dll
 0001:0000c3f0       ?newItem@QPtrCollection@@MAEPAXPAX@Z 0040d3f0 f   qt-mt323:qt-mt323.dll
 0001:0000c3f6       ?fontInf@QPaintDevice@@MBEHPAVQFont@@H@Z 0040d3f6 f   qt-mt323:qt-mt323.dll
 0001:0000c3fc       ?fontMet@QPaintDevice@@MBEHPAVQFont@@HPBDH@Z 0040d3fc f   qt-mt323:qt-mt323.dll
 0001:0000c402       ?metric@QWidget@@MBEHH@Z   0040d402 f   qt-mt323:qt-mt323.dll
 0001:0000c408       ?cmd@QPaintDevice@@MAE_NHPAVQPainter@@PATQPDevCmdParam@@@Z 0040d408 f   qt-mt323:qt-mt323.dll
 0001:0000c40e       ?handle@QPaintDevice@@UBEPAUHDC__@@XZ 0040d40e f   qt-mt323:qt-mt323.dll
 0001:0000c414       ?resolution@QPaintDevice@@UBEHXZ 0040d414 f   qt-mt323:qt-mt323.dll
 0001:0000c41a       ?setResolution@QPaintDevice@@UAEXH@Z 0040d41a f   qt-mt323:qt-mt323.dll
 0001:0000c420       ?setToolTipGroup@QMainWindow@@EAEXPAVQToolTipGroup@@@Z 0040d420 f   qt-mt323:qt-mt323.dll
 0001:0000c426       ?setStatusBar@QMainWindow@@EAEXPAVQStatusBar@@@Z 0040d426 f   qt-mt323:qt-mt323.dll
 0001:0000c42c       ?setMenuBar@QMainWindow@@EAEXPAVQMenuBar@@@Z 0040d42c f   qt-mt323:qt-mt323.dll
 0001:0000c432       ?showDockMenu@QMainWindow@@MAE_NABVQPoint@@@Z 0040d432 f   qt-mt323:qt-mt323.dll
 0001:0000c438       ?setUpLayout@QMainWindow@@MAEXXZ 0040d438 f   qt-mt323:qt-mt323.dll
 0001:0000c43e       ?customize@QMainWindow@@UAEXXZ 0040d43e f   qt-mt323:qt-mt323.dll
 0001:0000c444       ?setAppropriate@QMainWindow@@UAEXPAVQDockWindow@@_N@Z 0040d444 f   qt-mt323:qt-mt323.dll
 0001:0000c44a       ?whatsThis@QMainWindow@@UAEXXZ 0040d44a f   qt-mt323:qt-mt323.dll
 0001:0000c450       ?setDockMenuEnabled@QMainWindow@@UAEX_N@Z 0040d450 f   qt-mt323:qt-mt323.dll
 0001:0000c456       ?setOpaqueMoving@QMainWindow@@UAEX_N@Z 0040d456 f   qt-mt323:qt-mt323.dll
 0001:0000c45c       ?setDockWindowsMovable@QMainWindow@@UAEX_N@Z 0040d45c f   qt-mt323:qt-mt323.dll
 0001:0000c462       ?setUsesTextLabel@QMainWindow@@UAEX_N@Z 0040d462 f   qt-mt323:qt-mt323.dll
 0001:0000c468       ?setUsesBigPixmaps@QMainWindow@@UAEX_N@Z 0040d468 f   qt-mt323:qt-mt323.dll
 0001:0000c46e       ?setRightJustification@QMainWindow@@UAEX_N@Z 0040d46e f   qt-mt323:qt-mt323.dll
 0001:0000c474       ?isCustomizable@QMainWindow@@UBE_NXZ 0040d474 f   qt-mt323:qt-mt323.dll
 0001:0000c47a       ?dockingArea@QMainWindow@@UAEPAVQDockArea@@ABVQPoint@@@Z 0040d47a f   qt-mt323:qt-mt323.dll
 0001:0000c480       ?removeDockWindow@QMainWindow@@UAEXPAVQDockWindow@@@Z 0040d480 f   qt-mt323:qt-mt323.dll
 0001:0000c486       ?moveDockWindow@QMainWindow@@UAEXPAVQDockWindow@@W4Dock@Qt@@@Z 0040d486 f   qt-mt323:qt-mt323.dll
 0001:0000c48c       ?moveDockWindow@QMainWindow@@UAEXPAVQDockWindow@@W4Dock@Qt@@_NHH@Z 0040d48c f   qt-mt323:qt-mt323.dll
 0001:0000c492       ?addDockWindow@QMainWindow@@UAEXPAVQDockWindow@@W4Dock@Qt@@_N@Z 0040d492 f   qt-mt323:qt-mt323.dll
 0001:0000c498       ?addDockWindow@QMainWindow@@UAEXPAVQDockWindow@@ABVQString@@W4Dock@Qt@@_N@Z 0040d498 f   qt-mt323:qt-mt323.dll
 0001:0000c49e       ?setDockEnabled@QMainWindow@@UAEXW4Dock@Qt@@_N@Z 0040d49e f   qt-mt323:qt-mt323.dll
 0001:0000c4a4       ?setDockEnabled@QMainWindow@@UAEXPAVQDockWindow@@W4Dock@Qt@@_N@Z 0040d4a4 f   qt-mt323:qt-mt323.dll
 0001:0000c4aa       ?setCentralWidget@QMainWindow@@UAEXPAVQWidget@@@Z 0040d4aa f   qt-mt323:qt-mt323.dll
 0001:0000c4b0       ?setMicroFocusHint@QWidget@@MAEXHHHH_NPAVQFont@@@Z 0040d4b0 f   qt-mt323:qt-mt323.dll
 0001:0000c4b6       ?setKeyCompression@QWidget@@MAEX_N@Z 0040d4b6 f   qt-mt323:qt-mt323.dll
 0001:0000c4bc       ?focusNextPrevChild@QWidget@@MAE_N_N@Z 0040d4bc f   qt-mt323:qt-mt323.dll
 0001:0000c4c2       ?setWFlags@QWidget@@MAEXI@Z 0040d4c2 f   qt-mt323:qt-mt323.dll
 0001:0000c4c8       ?setWState@QWidget@@MAEXI@Z 0040d4c8 f   qt-mt323:qt-mt323.dll
 0001:0000c4ce       ?destroy@QWidget@@MAEX_N0@Z 0040d4ce f   qt-mt323:qt-mt323.dll
 0001:0000c4d4       ?create@QWidget@@MAEXPAUHWND__@@_N1@Z 0040d4d4 f   qt-mt323:qt-mt323.dll
 0001:0000c4da       ?windowActivationChange@QWidget@@MAEX_N@Z 0040d4da f   qt-mt323:qt-mt323.dll
 0001:0000c4e0       ?fontChange@QWidget@@MAEXABVQFont@@@Z 0040d4e0 f   qt-mt323:qt-mt323.dll
 0001:0000c4e6       ?paletteChange@QWidget@@MAEXABVQPalette@@@Z 0040d4e6 f   qt-mt323:qt-mt323.dll
 0001:0000c4ec       ?enabledChange@QWidget@@MAEX_N@Z 0040d4ec f   qt-mt323:qt-mt323.dll
 0001:0000c4f2       ?styleChange@QMainWindow@@MAEXAAVQStyle@@@Z 0040d4f2 f   qt-mt323:qt-mt323.dll
 0001:0000c4f8       ?updateMask@QWidget@@MAEXXZ 0040d4f8 f   qt-mt323:qt-mt323.dll
 0001:0000c4fe       ?winEvent@QWidget@@MAE_NPAUtagMSG@@@Z 0040d4fe f   qt-mt323:qt-mt323.dll
 0001:0000c504       ?hideEvent@QWidget@@MAEXPAVQHideEvent@@@Z 0040d504 f   qt-mt323:qt-mt323.dll
 0001:0000c50a       ?showEvent@QWidget@@MAEXPAVQShowEvent@@@Z 0040d50a f   qt-mt323:qt-mt323.dll
 0001:0000c510       ?dropEvent@QWidget@@MAEXPAVQDropEvent@@@Z 0040d510 f   qt-mt323:qt-mt323.dll
 0001:0000c516       ?dragLeaveEvent@QWidget@@MAEXPAVQDragLeaveEvent@@@Z 0040d516 f   qt-mt323:qt-mt323.dll
 0001:0000c51c       ?dragMoveEvent@QWidget@@MAEXPAVQDragMoveEvent@@@Z 0040d51c f   qt-mt323:qt-mt323.dll
 0001:0000c522       ?dragEnterEvent@QWidget@@MAEXPAVQDragEnterEvent@@@Z 0040d522 f   qt-mt323:qt-mt323.dll
 0001:0000c528       ?tabletEvent@QWidget@@MAEXPAVQTabletEvent@@@Z 0040d528 f   qt-mt323:qt-mt323.dll
 0001:0000c52e       ?imEndEvent@QWidget@@MAEXPAVQIMEvent@@@Z 0040d52e f   qt-mt323:qt-mt323.dll
 0001:0000c534       ?imComposeEvent@QWidget@@MAEXPAVQIMEvent@@@Z 0040d534 f   qt-mt323:qt-mt323.dll
 0001:0000c53a       ?imStartEvent@QWidget@@MAEXPAVQIMEvent@@@Z 0040d53a f   qt-mt323:qt-mt323.dll
 0001:0000c540       ?contextMenuEvent@QWidget@@MAEXPAVQContextMenuEvent@@@Z 0040d540 f   qt-mt323:qt-mt323.dll
 0001:0000c546       ?closeEvent@QWidget@@MAEXPAVQCloseEvent@@@Z 0040d546 f   qt-mt323:qt-mt323.dll
 0001:0000c54c       ?resizeEvent@QWidget@@MAEXPAVQResizeEvent@@@Z 0040d54c f   qt-mt323:qt-mt323.dll
 0001:0000c552       ?moveEvent@QWidget@@MAEXPAVQMoveEvent@@@Z 0040d552 f   qt-mt323:qt-mt323.dll
 0001:0000c558       ?paintEvent@QMainWindow@@MAEXPAVQPaintEvent@@@Z 0040d558 f   qt-mt323:qt-mt323.dll
 0001:0000c55e       ?leaveEvent@QWidget@@MAEXPAVQEvent@@@Z 0040d55e f   qt-mt323:qt-mt323.dll
 0001:0000c564       ?enterEvent@QWidget@@MAEXPAVQEvent@@@Z 0040d564 f   qt-mt323:qt-mt323.dll
 0001:0000c56a       ?focusOutEvent@QWidget@@MAEXPAVQFocusEvent@@@Z 0040d56a f   qt-mt323:qt-mt323.dll
 0001:0000c570       ?focusInEvent@QWidget@@MAEXPAVQFocusEvent@@@Z 0040d570 f   qt-mt323:qt-mt323.dll
 0001:0000c576       ?keyReleaseEvent@QWidget@@MAEXPAVQKeyEvent@@@Z 0040d576 f   qt-mt323:qt-mt323.dll
 0001:0000c57c       ?keyPressEvent@QWidget@@MAEXPAVQKeyEvent@@@Z 0040d57c f   qt-mt323:qt-mt323.dll
 0001:0000c582       ?wheelEvent@QWidget@@MAEXPAVQWheelEvent@@@Z 0040d582 f   qt-mt323:qt-mt323.dll
 0001:0000c588       ?mouseMoveEvent@QWidget@@MAEXPAVQMouseEvent@@@Z 0040d588 f   qt-mt323:qt-mt323.dll
 0001:0000c58e       ?mouseDoubleClickEvent@QWidget@@MAEXPAVQMouseEvent@@@Z 0040d58e f   qt-mt323:qt-mt323.dll
 0001:0000c594       ?mouseReleaseEvent@QWidget@@MAEXPAVQMouseEvent@@@Z 0040d594 f   qt-mt323:qt-mt323.dll
 0001:0000c59a       ?mousePressEvent@QWidget@@MAEXPAVQMouseEvent@@@Z 0040d59a f   qt-mt323:qt-mt323.dll
 0001:0000c5a0       ?customWhatsThis@QWidget@@UBE_NXZ 0040d5a0 f   qt-mt323:qt-mt323.dll
 0001:0000c5a6       ?setBackgroundOrigin@QWidget@@UAEXW4BackgroundOrigin@1@@Z 0040d5a6 f   qt-mt323:qt-mt323.dll
 0001:0000c5ac       ?setAutoMask@QWidget@@UAEX_N@Z 0040d5ac f   qt-mt323:qt-mt323.dll
 0001:0000c5b2       ?setAcceptDrops@QWidget@@UAEX_N@Z 0040d5b2 f   qt-mt323:qt-mt323.dll
 0001:0000c5b8       ?reparent@QWidget@@UAEXPAV1@IABVQPoint@@_N@Z 0040d5b8 f   qt-mt323:qt-mt323.dll
 0001:0000c5be       ?adjustSize@QWidget@@UAEXXZ 0040d5be f   qt-mt323:qt-mt323.dll
 0001:0000c5c4       ?heightForWidth@QWidget@@UBEHH@Z 0040d5c4 f   qt-mt323:qt-mt323.dll
 0001:0000c5ca       ?setSizePolicy@QWidget@@UAEXVQSizePolicy@@@Z 0040d5ca f   qt-mt323:qt-mt323.dll
 0001:0000c5d0       ?sizePolicy@QWidget@@UBE?AVQSizePolicy@@XZ 0040d5d0 f   qt-mt323:qt-mt323.dll
 0001:0000c5d6       ?minimumSizeHint@QMainWindow@@UBE?AVQSize@@XZ 0040d5d6 f   qt-mt323:qt-mt323.dll
 0001:0000c5dc       ?sizeHint@QMainWindow@@UBE?AVQSize@@XZ 0040d5dc f   qt-mt323:qt-mt323.dll
 0001:0000c5e2       ?setGeometry@QWidget@@UAEXHHHH@Z 0040d5e2 f   qt-mt323:qt-mt323.dll
 0001:0000c5e8       ?setGeometry@QWidget@@UAEXABVQRect@@@Z 0040d5e8 f   qt-mt323:qt-mt323.dll
 0001:0000c5ee       ?resize@QWidget@@UAEXHH@Z  0040d5ee f   qt-mt323:qt-mt323.dll
 0001:0000c5f4       ?move@QWidget@@UAEXHH@Z    0040d5f4 f   qt-mt323:qt-mt323.dll
 0001:0000c5fa       ?close@QWidget@@UAE_N_N@Z  0040d5fa f   qt-mt323:qt-mt323.dll
 0001:0000c600       ?polish@QWidget@@UAEXXZ    0040d600 f   qt-mt323:qt-mt323.dll
 0001:0000c606       ?showNormal@QWidget@@UAEXXZ 0040d606 f   qt-mt323:qt-mt323.dll
 0001:0000c60c       ?showMaximized@QWidget@@UAEXXZ 0040d60c f   qt-mt323:qt-mt323.dll
 0001:0000c612       ?showMinimized@QWidget@@UAEXXZ 0040d612 f   qt-mt323:qt-mt323.dll
 0001:0000c618       ?hide@QMainWindow@@UAEXXZ  0040d618 f   qt-mt323:qt-mt323.dll
 0001:0000c61e       ?setUpdatesEnabled@QWidget@@UAEX_N@Z 0040d61e f   qt-mt323:qt-mt323.dll
 0001:0000c624       ?setFocusProxy@QWidget@@UAEXPAV1@@Z 0040d624 f   qt-mt323:qt-mt323.dll
 0001:0000c62a       ?setFocusPolicy@QWidget@@UAEXW4FocusPolicy@1@@Z 0040d62a f   qt-mt323:qt-mt323.dll
 0001:0000c630       ?setActiveWindow@QWidget@@UAEXXZ 0040d630 f   qt-mt323:qt-mt323.dll
 0001:0000c636       ?setFocus@QWidget@@UAEXXZ  0040d636 f   qt-mt323:qt-mt323.dll
 0001:0000c63c       ?setMouseTracking@QWidget@@UAEX_N@Z 0040d63c f   qt-mt323:qt-mt323.dll
 0001:0000c642       ?setIconText@QWidget@@UAEXABVQString@@@Z 0040d642 f   qt-mt323:qt-mt323.dll
 0001:0000c648       ?setIcon@QWidget@@UAEXABVQPixmap@@@Z 0040d648 f   qt-mt323:qt-mt323.dll
 0001:0000c64e       ?setCaption@QWidget@@UAEXABVQString@@@Z 0040d64e f   qt-mt323:qt-mt323.dll
 0001:0000c654       ?setBackgroundPixmap@QWidget@@UAEXABVQPixmap@@@Z 0040d654 f   qt-mt323:qt-mt323.dll
 0001:0000c65a       ?setBackgroundColor@QWidget@@UAEXABVQColor@@@Z 0040d65a f   qt-mt323:qt-mt323.dll
 0001:0000c660       ?setMask@QWidget@@UAEXABVQBitmap@@@Z 0040d660 f   qt-mt323:qt-mt323.dll
 0001:0000c666       ?setMask@QWidget@@UAEXABVQRegion@@@Z 0040d666 f   qt-mt323:qt-mt323.dll
 0001:0000c66c       ?unsetCursor@QWidget@@UAEXXZ 0040d66c f   qt-mt323:qt-mt323.dll
 0001:0000c672       ?setCursor@QWidget@@UAEXABVQCursor@@@Z 0040d672 f   qt-mt323:qt-mt323.dll
 0001:0000c678       ?setFont@QWidget@@UAEXABVQFont@@@Z 0040d678 f   qt-mt323:qt-mt323.dll
 0001:0000c67e       ?setPaletteBackgroundPixmap@QWidget@@UAEXABVQPixmap@@@Z 0040d67e f   qt-mt323:qt-mt323.dll
 0001:0000c684       ?setPaletteBackgroundColor@QWidget@@UAEXABVQColor@@@Z 0040d684 f   qt-mt323:qt-mt323.dll
 0001:0000c68a       ?setPalette@QWidget@@UAEXABVQPalette@@@Z 0040d68a f   qt-mt323:qt-mt323.dll
 0001:0000c690       ?setErasePixmap@QWidget@@UAEXABVQPixmap@@@Z 0040d690 f   qt-mt323:qt-mt323.dll
 0001:0000c696       ?setEraseColor@QWidget@@UAEXABVQColor@@@Z 0040d696 f   qt-mt323:qt-mt323.dll
 0001:0000c69c       ?setBackgroundMode@QWidget@@UAEXW4BackgroundMode@Qt@@@Z 0040d69c f   qt-mt323:qt-mt323.dll
 0001:0000c6a2       ?setSizeIncrement@QWidget@@UAEXHH@Z 0040d6a2 f   qt-mt323:qt-mt323.dll
 0001:0000c6a8       ?setMaximumSize@QWidget@@UAEXHH@Z 0040d6a8 f   qt-mt323:qt-mt323.dll
 0001:0000c6ae       ?setMinimumSize@QWidget@@UAEXHH@Z 0040d6ae f   qt-mt323:qt-mt323.dll
 0001:0000c6b4       ?setEnabled@QWidget@@UAEX_N@Z 0040d6b4 f   qt-mt323:qt-mt323.dll
 0001:0000c6ba       ?checkConnectArgs@QObject@@MAE_NPBDPBV1@0@Z 0040d6ba f   qt-mt323:qt-mt323.dll
 0001:0000c6c0       ?disconnectNotify@QObject@@MAEXPBD@Z 0040d6c0 f   qt-mt323:qt-mt323.dll
 0001:0000c6c6       ?connectNotify@QObject@@MAEXPBD@Z 0040d6c6 f   qt-mt323:qt-mt323.dll
 0001:0000c6cc       ?customEvent@QObject@@MAEXPAVQCustomEvent@@@Z 0040d6cc f   qt-mt323:qt-mt323.dll
 0001:0000c6d2       ?childEvent@QMainWindow@@MAEXPAVQChildEvent@@@Z 0040d6d2 f   qt-mt323:qt-mt323.dll
 0001:0000c6d8       ?timerEvent@QObject@@MAEXPAVQTimerEvent@@@Z 0040d6d8 f   qt-mt323:qt-mt323.dll
 0001:0000c6de       ?property@QObject@@UBE?AVQVariant@@PBD@Z 0040d6de f   qt-mt323:qt-mt323.dll
 0001:0000c6e4       ?setProperty@QObject@@UAE_NPBDABVQVariant@@@Z 0040d6e4 f   qt-mt323:qt-mt323.dll
 0001:0000c6ea       ?removeChild@QObject@@UAEXPAV1@@Z 0040d6ea f   qt-mt323:qt-mt323.dll
 0001:0000c6f0       ?insertChild@QObject@@UAEXPAV1@@Z 0040d6f0 f   qt-mt323:qt-mt323.dll
 0001:0000c6f6       ?setName@QWidget@@UAEXPBD@Z 0040d6f6 f   qt-mt323:qt-mt323.dll
 0001:0000c6fc       ?eventFilter@QMainWindow@@UAE_NPAVQObject@@PAVQEvent@@@Z 0040d6fc f   qt-mt323:qt-mt323.dll
 0001:0000c702       ?event@QMainWindow@@MAE_NPAVQEvent@@@Z 0040d702 f   qt-mt323:qt-mt323.dll
 0001:0000c708       ?reject@QDialog@@MAEXXZ    0040d708 f   qt-mt323:qt-mt323.dll
 0001:0000c70e       ?accept@QDialog@@MAEXXZ    0040d70e f   qt-mt323:qt-mt323.dll
 0001:0000c714       ?done@QDialog@@MAEXH@Z     0040d714 f   qt-mt323:qt-mt323.dll
 0001:0000c71a       ?styleChange@QProgressDialog@@MAEXAAVQStyle@@@Z 0040d71a f   qt-mt323:qt-mt323.dll
 0001:0000c720       ?showEvent@QProgressDialog@@MAEXPAVQShowEvent@@@Z 0040d720 f   qt-mt323:qt-mt323.dll
 0001:0000c726       ?contextMenuEvent@QDialog@@MAEXPAVQContextMenuEvent@@@Z 0040d726 f   qt-mt323:qt-mt323.dll
 0001:0000c72c       ?closeEvent@QProgressDialog@@MAEXPAVQCloseEvent@@@Z 0040d72c f   qt-mt323:qt-mt323.dll
 0001:0000c732       ?resizeEvent@QProgressDialog@@MAEXPAVQResizeEvent@@@Z 0040d732 f   qt-mt323:qt-mt323.dll
 0001:0000c738       ?paintEvent@QWidget@@MAEXPAVQPaintEvent@@@Z 0040d738 f   qt-mt323:qt-mt323.dll
 0001:0000c73e       ?keyPressEvent@QDialog@@MAEXPAVQKeyEvent@@@Z 0040d73e f   qt-mt323:qt-mt323.dll
 0001:0000c744       ?minimumSizeHint@QDialog@@UBE?AVQSize@@XZ 0040d744 f   qt-mt323:qt-mt323.dll
 0001:0000c74a       ?sizeHint@QProgressDialog@@UBE?AVQSize@@XZ 0040d74a f   qt-mt323:qt-mt323.dll
 0001:0000c750       ?setGeometry@QDialog@@UAEXHHHH@Z 0040d750 f   qt-mt323:qt-mt323.dll
 0001:0000c756       ?setGeometry@QDialog@@UAEXABVQRect@@@Z 0040d756 f   qt-mt323:qt-mt323.dll
 0001:0000c75c       ?resize@QDialog@@UAEXHH@Z  0040d75c f   qt-mt323:qt-mt323.dll
 0001:0000c762       ?move@QDialog@@UAEXHH@Z    0040d762 f   qt-mt323:qt-mt323.dll
 0001:0000c768       ?hide@QDialog@@UAEXXZ      0040d768 f   qt-mt323:qt-mt323.dll
 0001:0000c76e       ?show@QDialog@@UAEXXZ      0040d76e f   qt-mt323:qt-mt323.dll
 0001:0000c774       ?eventFilter@QDialog@@MAE_NPAVQObject@@PAVQEvent@@@Z 0040d774 f   qt-mt323:qt-mt323.dll
 0001:0000c77a       ?qt_property@QProgressDialog@@UAE_NHHPAVQVariant@@@Z 0040d77a f   qt-mt323:qt-mt323.dll
 0001:0000c780       ?qt_emit@QProgressDialog@@UAE_NHPAUQUObject@@@Z 0040d780 f   qt-mt323:qt-mt323.dll
 0001:0000c786       ?qt_invoke@QProgressDialog@@UAE_NHPAUQUObject@@@Z 0040d786 f   qt-mt323:qt-mt323.dll
 0001:0000c78c       ?qt_cast@QProgressDialog@@UAEPAXPBD@Z 0040d78c f   qt-mt323:qt-mt323.dll
 0001:0000c792       ?className@QProgressDialog@@UBEPBDXZ 0040d792 f   qt-mt323:qt-mt323.dll
 0001:0000c798       ?metaObject@QProgressDialog@@UBEPAVQMetaObject@@XZ 0040d798 f   qt-mt323:qt-mt323.dll
 0001:0000c79e       ?elementsByTagNameNS@QDomElement@@UBE?AVQDomNodeList@@ABVQString@@0@Z 0040d79e f   qt-mt323:qt-mt323.dll
 0001:0000c7a4       ?elementsByTagName@QDomElement@@UBE?AVQDomNodeList@@ABVQString@@@Z 0040d7a4 f   qt-mt323:qt-mt323.dll
 0001:0000c7aa       ?isComment@QDomNode@@UBE_NXZ 0040d7aa f   qt-mt323:qt-mt323.dll
 0001:0000c7b0       ?isCharacterData@QDomNode@@UBE_NXZ 0040d7b0 f   qt-mt323:qt-mt323.dll
 0001:0000c7b6       ?isProcessingInstruction@QDomNode@@UBE_NXZ 0040d7b6 f   qt-mt323:qt-mt323.dll
 0001:0000c7bc       ?isNotation@QDomNode@@UBE_NXZ 0040d7bc f   qt-mt323:qt-mt323.dll
 0001:0000c7c2       ?isEntity@QDomNode@@UBE_NXZ 0040d7c2 f   qt-mt323:qt-mt323.dll
 0001:0000c7c8       ?isText@QDomNode@@UBE_NXZ  0040d7c8 f   qt-mt323:qt-mt323.dll
 0001:0000c7ce       ?isEntityReference@QDomNode@@UBE_NXZ 0040d7ce f   qt-mt323:qt-mt323.dll
 0001:0000c7d4       ?isElement@QDomElement@@UBE_NXZ 0040d7d4 f   qt-mt323:qt-mt323.dll
 0001:0000c7da       ?isDocumentType@QDomNode@@UBE_NXZ 0040d7da f   qt-mt323:qt-mt323.dll
 0001:0000c7e0       ?isDocument@QDomNode@@UBE_NXZ 0040d7e0 f   qt-mt323:qt-mt323.dll
 0001:0000c7e6       ?isDocumentFragment@QDomNode@@UBE_NXZ 0040d7e6 f   qt-mt323:qt-mt323.dll
 0001:0000c7ec       ?isCDATASection@QDomNode@@UBE_NXZ 0040d7ec f   qt-mt323:qt-mt323.dll
 0001:0000c7f2       ?isAttr@QDomNode@@UBE_NXZ  0040d7f2 f   qt-mt323:qt-mt323.dll
 0001:0000c7f8       ?setPrefix@QDomNode@@UAEXABVQString@@@Z 0040d7f8 f   qt-mt323:qt-mt323.dll
 0001:0000c7fe       ?prefix@QDomNode@@UBE?AVQString@@XZ 0040d7fe f   qt-mt323:qt-mt323.dll
 0001:0000c804       ?setNodeValue@QDomNode@@UAEXABVQString@@@Z 0040d804 f   qt-mt323:qt-mt323.dll
 0001:0000c80a       ?nodeValue@QDomNode@@UBE?AVQString@@XZ 0040d80a f   qt-mt323:qt-mt323.dll
 0001:0000c810       ?hasAttributes@QDomNode@@UBE_NXZ 0040d810 f   qt-mt323:qt-mt323.dll
 0001:0000c816       ?localName@QDomNode@@UBE?AVQString@@XZ 0040d816 f   qt-mt323:qt-mt323.dll
 0001:0000c81c       ?namespaceURI@QDomNode@@UBE?AVQString@@XZ 0040d81c f   qt-mt323:qt-mt323.dll
 0001:0000c822       ?ownerDocument@QDomNode@@UBE?AVQDomDocument@@XZ 0040d822 f   qt-mt323:qt-mt323.dll
 0001:0000c828       ?attributes@QDomElement@@UBE?AVQDomNamedNodeMap@@XZ 0040d828 f   qt-mt323:qt-mt323.dll
 0001:0000c82e       ?nextSibling@QDomNode@@UBE?AV1@XZ 0040d82e f   qt-mt323:qt-mt323.dll
 0001:0000c834       ?previousSibling@QDomNode@@UBE?AV1@XZ 0040d834 f   qt-mt323:qt-mt323.dll
 0001:0000c83a       ?lastChild@QDomNode@@UBE?AV1@XZ 0040d83a f   qt-mt323:qt-mt323.dll
 0001:0000c840       ?firstChild@QDomNode@@UBE?AV1@XZ 0040d840 f   qt-mt323:qt-mt323.dll
 0001:0000c846       ?childNodes@QDomNode@@UBE?AVQDomNodeList@@XZ 0040d846 f   qt-mt323:qt-mt323.dll
 0001:0000c84c       ?parentNode@QDomNode@@UBE?AV1@XZ 0040d84c f   qt-mt323:qt-mt323.dll
 0001:0000c852       ?nodeType@QDomElement@@UBE?AW4NodeType@QDomNode@@XZ 0040d852 f   qt-mt323:qt-mt323.dll
 0001:0000c858       ?nodeName@QDomNode@@UBE?AVQString@@XZ 0040d858 f   qt-mt323:qt-mt323.dll
 0001:0000c85e       ?isSupported@QDomNode@@UBE_NABVQString@@0@Z 0040d85e f   qt-mt323:qt-mt323.dll
 0001:0000c864       ?normalize@QDomNode@@UAEXXZ 0040d864 f   qt-mt323:qt-mt323.dll
 0001:0000c86a       ?cloneNode@QDomNode@@UBE?AV1@_N@Z 0040d86a f   qt-mt323:qt-mt323.dll
 0001:0000c870       ?hasChildNodes@QDomNode@@UBE_NXZ 0040d870 f   qt-mt323:qt-mt323.dll
 0001:0000c876       ?appendChild@QDomNode@@UAE?AV1@ABV1@@Z 0040d876 f   qt-mt323:qt-mt323.dll
 0001:0000c87c       ?removeChild@QDomNode@@UAE?AV1@ABV1@@Z 0040d87c f   qt-mt323:qt-mt323.dll
 0001:0000c882       ?replaceChild@QDomNode@@UAE?AV1@ABV1@0@Z 0040d882 f   qt-mt323:qt-mt323.dll
 0001:0000c888       ?insertAfter@QDomNode@@UAE?AV1@ABV1@0@Z 0040d888 f   qt-mt323:qt-mt323.dll
 0001:0000c88e       ?insertBefore@QDomNode@@UAE?AV1@ABV1@0@Z 0040d88e f   qt-mt323:qt-mt323.dll
 0001:0000c894       ?setOn@QPushButton@@UAEX_N@Z 0040d894 f   qt-mt323:qt-mt323.dll
 0001:0000c89a       ?setIsMenuButton@QPushButton@@UAEX_N@Z 0040d89a f   qt-mt323:qt-mt323.dll
 0001:0000c8a0       ?setDefault@QPushButton@@UAEX_N@Z 0040d8a0 f   qt-mt323:qt-mt323.dll
 0001:0000c8a6       ?setAutoDefault@QPushButton@@UAEX_N@Z 0040d8a6 f   qt-mt323:qt-mt323.dll
 0001:0000c8ac       ?setGroup@QButton@@EAEXPAVQButtonGroup@@@Z 0040d8ac f   qt-mt323:qt-mt323.dll
 0001:0000c8b2       ?drawButtonLabel@QPushButton@@MAEXPAVQPainter@@@Z 0040d8b2 f   qt-mt323:qt-mt323.dll
 0001:0000c8b8       ?drawButton@QPushButton@@MAEXPAVQPainter@@@Z 0040d8b8 f   qt-mt323:qt-mt323.dll
 0001:0000c8be       ?hitButton@QButton@@MBE_NABVQPoint@@@Z 0040d8be f   qt-mt323:qt-mt323.dll
 0001:0000c8c4       ?setState@QButton@@MAEXW4ToggleState@1@@Z 0040d8c4 f   qt-mt323:qt-mt323.dll
 0001:0000c8ca       ?setToggleType@QButton@@MAEXW4ToggleType@1@@Z 0040d8ca f   qt-mt323:qt-mt323.dll
 0001:0000c8d0       ?setAutoRepeat@QButton@@UAEX_N@Z 0040d8d0 f   qt-mt323:qt-mt323.dll
 0001:0000c8d6       ?setDown@QButton@@UAEX_N@Z 0040d8d6 f   qt-mt323:qt-mt323.dll
 0001:0000c8dc       ?setAccel@QButton@@UAEXABVQKeySequence@@@Z 0040d8dc f   qt-mt323:qt-mt323.dll
 0001:0000c8e2       ?setPixmap@QButton@@UAEXABVQPixmap@@@Z 0040d8e2 f   qt-mt323:qt-mt323.dll
 0001:0000c8e8       ?setText@QButton@@UAEXABVQString@@@Z 0040d8e8 f   qt-mt323:qt-mt323.dll
 0001:0000c8ee       ?enabledChange@QButton@@MAEX_N@Z 0040d8ee f   qt-mt323:qt-mt323.dll
 0001:0000c8f4       ?styleChange@QWidget@@MAEXAAVQStyle@@@Z 0040d8f4 f   qt-mt323:qt-mt323.dll
 0001:0000c8fa       ?updateMask@QPushButton@@MAEXXZ 0040d8fa f   qt-mt323:qt-mt323.dll
 0001:0000c900       ?resizeEvent@QPushButton@@MAEXPAVQResizeEvent@@@Z 0040d900 f   qt-mt323:qt-mt323.dll
 0001:0000c906       ?paintEvent@QButton@@MAEXPAVQPaintEvent@@@Z 0040d906 f   qt-mt323:qt-mt323.dll
 0001:0000c90c       ?focusOutEvent@QPushButton@@MAEXPAVQFocusEvent@@@Z 0040d90c f   qt-mt323:qt-mt323.dll
 0001:0000c912       ?focusInEvent@QPushButton@@MAEXPAVQFocusEvent@@@Z 0040d912 f   qt-mt323:qt-mt323.dll
 0001:0000c918       ?keyReleaseEvent@QButton@@MAEXPAVQKeyEvent@@@Z 0040d918 f   qt-mt323:qt-mt323.dll
 0001:0000c91e       ?keyPressEvent@QButton@@MAEXPAVQKeyEvent@@@Z 0040d91e f   qt-mt323:qt-mt323.dll
 0001:0000c924       ?mouseMoveEvent@QButton@@MAEXPAVQMouseEvent@@@Z 0040d924 f   qt-mt323:qt-mt323.dll
 0001:0000c92a       ?mouseReleaseEvent@QButton@@MAEXPAVQMouseEvent@@@Z 0040d92a f   qt-mt323:qt-mt323.dll
 0001:0000c930       ?mousePressEvent@QButton@@MAEXPAVQMouseEvent@@@Z 0040d930 f   qt-mt323:qt-mt323.dll
 0001:0000c936       ?sizeHint@QPushButton@@UBE?AVQSize@@XZ 0040d936 f   qt-mt323:qt-mt323.dll
 0001:0000c93c       ?setGeometry@QPushButton@@UAEXHHHH@Z 0040d93c f   qt-mt323:qt-mt323.dll
 0001:0000c942       ?setGeometry@QPushButton@@UAEXABVQRect@@@Z 0040d942 f   qt-mt323:qt-mt323.dll
 0001:0000c948       ?resize@QPushButton@@UAEXHH@Z 0040d948 f   qt-mt323:qt-mt323.dll
 0001:0000c94e       ?move@QPushButton@@UAEXHH@Z 0040d94e f   qt-mt323:qt-mt323.dll
 0001:0000c954       ?hide@QWidget@@UAEXXZ      0040d954 f   qt-mt323:qt-mt323.dll
 0001:0000c95a       ?show@QWidget@@UAEXXZ      0040d95a f   qt-mt323:qt-mt323.dll
 0001:0000c960       ?qt_property@QPushButton@@UAE_NHHPAVQVariant@@@Z 0040d960 f   qt-mt323:qt-mt323.dll
 0001:0000c966       ?qt_emit@QPushButton@@UAE_NHPAUQUObject@@@Z 0040d966 f   qt-mt323:qt-mt323.dll
 0001:0000c96c       ?qt_invoke@QPushButton@@UAE_NHPAUQUObject@@@Z 0040d96c f   qt-mt323:qt-mt323.dll
 0001:0000c972       ?qt_cast@QPushButton@@UAEPAXPBD@Z 0040d972 f   qt-mt323:qt-mt323.dll
 0001:0000c978       ?className@QPushButton@@UBEPBDXZ 0040d978 f   qt-mt323:qt-mt323.dll
 0001:0000c97e       ?metaObject@QPushButton@@UBEPAVQMetaObject@@XZ 0040d97e f   qt-mt323:qt-mt323.dll
 0001:0000c984       ?spacerItem@QSpacerItem@@UAEPAV1@XZ 0040d984 f   qt-mt323:qt-mt323.dll
 0001:0000c98a       ?layout@QLayoutItem@@UAEPAVQLayout@@XZ 0040d98a f   qt-mt323:qt-mt323.dll
 0001:0000c990       ?iterator@QLayoutItem@@UAE?AVQLayoutIterator@@XZ 0040d990 f   qt-mt323:qt-mt323.dll
 0001:0000c996       ?invalidate@QLayoutItem@@UAEXXZ 0040d996 f   qt-mt323:qt-mt323.dll
 0001:0000c99c       ?heightForWidth@QLayoutItem@@UBEHH@Z 0040d99c f   qt-mt323:qt-mt323.dll
 0001:0000c9a2       ?hasHeightForWidth@QLayoutItem@@UBE_NXZ 0040d9a2 f   qt-mt323:qt-mt323.dll
 0001:0000c9a8       ?isEmpty@QSpacerItem@@UBE_NXZ 0040d9a8 f   qt-mt323:qt-mt323.dll
 0001:0000c9ae       ?geometry@QSpacerItem@@UBE?AVQRect@@XZ 0040d9ae f   qt-mt323:qt-mt323.dll
 0001:0000c9b4       ?setGeometry@QSpacerItem@@UAEXABVQRect@@@Z 0040d9b4 f   qt-mt323:qt-mt323.dll
 0001:0000c9ba       ?expanding@QSpacerItem@@UBE?AW4ExpandData@QSizePolicy@@XZ 0040d9ba f   qt-mt323:qt-mt323.dll
 0001:0000c9c0       ?maximumSize@QSpacerItem@@UBE?AVQSize@@XZ 0040d9c0 f   qt-mt323:qt-mt323.dll
 0001:0000c9c6       ?minimumSize@QSpacerItem@@UBE?AVQSize@@XZ 0040d9c6 f   qt-mt323:qt-mt323.dll
 0001:0000c9cc       ?sizeHint@QSpacerItem@@UBE?AVQSize@@XZ 0040d9cc f   qt-mt323:qt-mt323.dll
 0001:0000c9d2       ?qt_property@QVBoxLayout@@UAE_NHHPAVQVariant@@@Z 0040d9d2 f   qt-mt323:qt-mt323.dll
 0001:0000c9d8       ?qt_emit@QVBoxLayout@@UAE_NHPAUQUObject@@@Z 0040d9d8 f   qt-mt323:qt-mt323.dll
 0001:0000c9de       ?qt_invoke@QVBoxLayout@@UAE_NHPAUQUObject@@@Z 0040d9de f   qt-mt323:qt-mt323.dll
 0001:0000c9e4       ?qt_cast@QVBoxLayout@@UAEPAXPBD@Z 0040d9e4 f   qt-mt323:qt-mt323.dll
 0001:0000c9ea       ?className@QVBoxLayout@@UBEPBDXZ 0040d9ea f   qt-mt323:qt-mt323.dll
 0001:0000c9f0       ?metaObject@QVBoxLayout@@UBEPAVQMetaObject@@XZ 0040d9f0 f   qt-mt323:qt-mt323.dll
 0001:0000c9f6       ?iterator@QBoxLayout@@UAE?AVQLayoutIterator@@XZ 0040d9f6 f   qt-mt323:qt-mt323.dll
 0001:0000c9fc       ?invalidate@QBoxLayout@@UAEXXZ 0040d9fc f   qt-mt323:qt-mt323.dll
 0001:0000ca02       ?heightForWidth@QBoxLayout@@UBEHH@Z 0040da02 f   qt-mt323:qt-mt323.dll
 0001:0000ca08       ?hasHeightForWidth@QBoxLayout@@UBE_NXZ 0040da08 f   qt-mt323:qt-mt323.dll
 0001:0000ca0e       ?setGeometry@QBoxLayout@@UAEXABVQRect@@@Z 0040da0e f   qt-mt323:qt-mt323.dll
 0001:0000ca14       ?expanding@QBoxLayout@@UBE?AW4ExpandData@QSizePolicy@@XZ 0040da14 f   qt-mt323:qt-mt323.dll
 0001:0000ca1a       ?maximumSize@QBoxLayout@@UBE?AVQSize@@XZ 0040da1a f   qt-mt323:qt-mt323.dll
 0001:0000ca20       ?minimumSize@QBoxLayout@@UBE?AVQSize@@XZ 0040da20 f   qt-mt323:qt-mt323.dll
 0001:0000ca26       ?sizeHint@QBoxLayout@@UBE?AVQSize@@XZ 0040da26 f   qt-mt323:qt-mt323.dll
 0001:0000ca2c       ?addItem@QBoxLayout@@UAEXPAVQLayoutItem@@@Z 0040da2c f   qt-mt323:qt-mt323.dll
 0001:0000ca32       ?qt_property@QHBoxLayout@@UAE_NHHPAVQVariant@@@Z 0040da32 f   qt-mt323:qt-mt323.dll
 0001:0000ca38       ?qt_emit@QHBoxLayout@@UAE_NHPAUQUObject@@@Z 0040da38 f   qt-mt323:qt-mt323.dll
 0001:0000ca3e       ?qt_invoke@QHBoxLayout@@UAE_NHPAUQUObject@@@Z 0040da3e f   qt-mt323:qt-mt323.dll
 0001:0000ca44       ?qt_cast@QHBoxLayout@@UAEPAXPBD@Z 0040da44 f   qt-mt323:qt-mt323.dll
 0001:0000ca4a       ?className@QHBoxLayout@@UBEPBDXZ 0040da4a f   qt-mt323:qt-mt323.dll
 0001:0000ca50       ?metaObject@QHBoxLayout@@UBEPAVQMetaObject@@XZ 0040da50 f   qt-mt323:qt-mt323.dll
 0001:0000ca56       ?createPopupMenu@QLineEdit@@MAEPAVQPopupMenu@@XZ 0040da56 f   qt-mt323:qt-mt323.dll
 0001:0000ca5c       ?setDragEnabled@QLineEdit@@UAEX_N@Z 0040da5c f   qt-mt323:qt-mt323.dll
 0001:0000ca62       ?paste@QLineEdit@@UAEXXZ   0040da62 f   qt-mt323:qt-mt323.dll
 0001:0000ca68       ?copy@QLineEdit@@UBEXXZ    0040da68 f   qt-mt323:qt-mt323.dll
 0001:0000ca6e       ?cut@QLineEdit@@UAEXXZ     0040da6e f   qt-mt323:qt-mt323.dll
 0001:0000ca74       ?setAlignment@QLineEdit@@UAEXH@Z 0040da74 f   qt-mt323:qt-mt323.dll
 0001:0000ca7a       ?setCursorPosition@QLineEdit@@UAEXH@Z 0040da7a f   qt-mt323:qt-mt323.dll
 0001:0000ca80       ?setSelection@QLineEdit@@UAEXHH@Z 0040da80 f   qt-mt323:qt-mt323.dll
 0001:0000ca86       ?setValidator@QLineEdit@@UAEXPBVQValidator@@@Z 0040da86 f   qt-mt323:qt-mt323.dll
 0001:0000ca8c       ?setReadOnly@QLineEdit@@UAEX_N@Z 0040da8c f   qt-mt323:qt-mt323.dll
 0001:0000ca92       ?setEchoMode@QLineEdit@@UAEXW4EchoMode@1@@Z 0040da92 f   qt-mt323:qt-mt323.dll
 0001:0000ca98       ?setFrame@QLineEdit@@UAEX_N@Z 0040da98 f   qt-mt323:qt-mt323.dll
 0001:0000ca9e       ?setMaxLength@QLineEdit@@UAEXH@Z 0040da9e f   qt-mt323:qt-mt323.dll
 0001:0000caa4       ?redo@QLineEdit@@UAEXXZ    0040daa4 f   qt-mt323:qt-mt323.dll
 0001:0000caaa       ?undo@QLineEdit@@UAEXXZ    0040daaa f   qt-mt323:qt-mt323.dll
 0001:0000cab0       ?clear@QLineEdit@@UAEXXZ   0040dab0 f   qt-mt323:qt-mt323.dll
 0001:0000cab6       ?insert@QLineEdit@@UAEXABVQString@@@Z 0040dab6 f   qt-mt323:qt-mt323.dll
 0001:0000cabc       ?clearValidator@QLineEdit@@UAEXXZ 0040dabc f   qt-mt323:qt-mt323.dll
 0001:0000cac2       ?deselect@QLineEdit@@UAEXXZ 0040dac2 f   qt-mt323:qt-mt323.dll
 0001:0000cac8       ?selectAll@QLineEdit@@UAEXXZ 0040dac8 f   qt-mt323:qt-mt323.dll
 0001:0000cace       ?setText@QLineEdit@@UAEXABVQString@@@Z 0040dace f   qt-mt323:qt-mt323.dll
 0001:0000cad4       ?drawContents@QLineEdit@@MAEXPAVQPainter@@@Z 0040dad4 f   qt-mt323:qt-mt323.dll
 0001:0000cada       ?windowActivationChange@QLineEdit@@MAEX_N@Z 0040dada f   qt-mt323:qt-mt323.dll
 0001:0000cae0       ?dropEvent@QLineEdit@@MAEXPAVQDropEvent@@@Z 0040dae0 f   qt-mt323:qt-mt323.dll
 0001:0000cae6       ?dragLeaveEvent@QLineEdit@@MAEXPAVQDragLeaveEvent@@@Z 0040dae6 f   qt-mt323:qt-mt323.dll
 0001:0000caec       ?dragMoveEvent@QLineEdit@@MAEXPAVQDragMoveEvent@@@Z 0040daec f   qt-mt323:qt-mt323.dll
 0001:0000caf2       ?dragEnterEvent@QLineEdit@@MAEXPAVQDragEnterEvent@@@Z 0040daf2 f   qt-mt323:qt-mt323.dll
 0001:0000caf8       ?imEndEvent@QLineEdit@@MAEXPAVQIMEvent@@@Z 0040daf8 f   qt-mt323:qt-mt323.dll
 0001:0000cafe       ?imComposeEvent@QLineEdit@@MAEXPAVQIMEvent@@@Z 0040dafe f   qt-mt323:qt-mt323.dll
 0001:0000cb04       ?imStartEvent@QLineEdit@@MAEXPAVQIMEvent@@@Z 0040db04 f   qt-mt323:qt-mt323.dll
 0001:0000cb0a       ?contextMenuEvent@QLineEdit@@MAEXPAVQContextMenuEvent@@@Z 0040db0a f   qt-mt323:qt-mt323.dll
 0001:0000cb10       ?resizeEvent@QLineEdit@@MAEXPAVQResizeEvent@@@Z 0040db10 f   qt-mt323:qt-mt323.dll
 0001:0000cb16       ?focusOutEvent@QLineEdit@@MAEXPAVQFocusEvent@@@Z 0040db16 f   qt-mt323:qt-mt323.dll
 0001:0000cb1c       ?focusInEvent@QLineEdit@@MAEXPAVQFocusEvent@@@Z 0040db1c f   qt-mt323:qt-mt323.dll
 0001:0000cb22       ?keyPressEvent@QLineEdit@@MAEXPAVQKeyEvent@@@Z 0040db22 f   qt-mt323:qt-mt323.dll
 0001:0000cb28       ?mouseMoveEvent@QLineEdit@@MAEXPAVQMouseEvent@@@Z 0040db28 f   qt-mt323:qt-mt323.dll
 0001:0000cb2e       ?mouseDoubleClickEvent@QLineEdit@@MAEXPAVQMouseEvent@@@Z 0040db2e f   qt-mt323:qt-mt323.dll
 0001:0000cb34       ?mouseReleaseEvent@QLineEdit@@MAEXPAVQMouseEvent@@@Z 0040db34 f   qt-mt323:qt-mt323.dll
 0001:0000cb3a       ?mousePressEvent@QLineEdit@@MAEXPAVQMouseEvent@@@Z 0040db3a f   qt-mt323:qt-mt323.dll
 0001:0000cb40       ?minimumSizeHint@QLineEdit@@UBE?AVQSize@@XZ 0040db40 f   qt-mt323:qt-mt323.dll
 0001:0000cb46       ?sizeHint@QLineEdit@@UBE?AVQSize@@XZ 0040db46 f   qt-mt323:qt-mt323.dll
 0001:0000cb4c       ?setFont@QLineEdit@@UAEXABVQFont@@@Z 0040db4c f   qt-mt323:qt-mt323.dll
 0001:0000cb52       ?setPalette@QLineEdit@@UAEXABVQPalette@@@Z 0040db52 f   qt-mt323:qt-mt323.dll
 0001:0000cb58       ?event@QLineEdit@@MAE_NPAVQEvent@@@Z 0040db58 f   qt-mt323:qt-mt323.dll
 0001:0000cb5e       ?qt_property@QLineEdit@@UAE_NHHPAVQVariant@@@Z 0040db5e f   qt-mt323:qt-mt323.dll
 0001:0000cb64       ?qt_emit@QLineEdit@@UAE_NHPAUQUObject@@@Z 0040db64 f   qt-mt323:qt-mt323.dll
 0001:0000cb6a       ?qt_invoke@QLineEdit@@UAE_NHPAUQUObject@@@Z 0040db6a f   qt-mt323:qt-mt323.dll
 0001:0000cb70       ?qt_cast@QLineEdit@@UAEPAXPBD@Z 0040db70 f   qt-mt323:qt-mt323.dll
 0001:0000cb76       ?className@QLineEdit@@UBEPBDXZ 0040db76 f   qt-mt323:qt-mt323.dll
 0001:0000cb7c       ?metaObject@QLineEdit@@UBEPAVQMetaObject@@XZ 0040db7c f   qt-mt323:qt-mt323.dll
 0001:0000cb82       ?moveFocus@QButtonGroup@@UAEXH@Z 0040db82 f   qt-mt323:qt-mt323.dll
 0001:0000cb88       ?setButton@QButtonGroup@@UAEXH@Z 0040db88 f   qt-mt323:qt-mt323.dll
 0001:0000cb8e       ?setRadioButtonExclusive@QButtonGroup@@UAEX_N@Z 0040db8e f   qt-mt323:qt-mt323.dll
 0001:0000cb94       ?setExclusive@QButtonGroup@@UAEX_N@Z 0040db94 f   qt-mt323:qt-mt323.dll
 0001:0000cb9a       ?event@QButtonGroup@@MAE_NPAVQEvent@@@Z 0040db9a f   qt-mt323:qt-mt323.dll
 0001:0000cba0       ?qt_property@QButtonGroup@@UAE_NHHPAVQVariant@@@Z 0040dba0 f   qt-mt323:qt-mt323.dll
 0001:0000cba6       ?qt_emit@QButtonGroup@@UAE_NHPAUQUObject@@@Z 0040dba6 f   qt-mt323:qt-mt323.dll
 0001:0000cbac       ?qt_invoke@QButtonGroup@@UAE_NHPAUQUObject@@@Z 0040dbac f   qt-mt323:qt-mt323.dll
 0001:0000cbb2       ?qt_cast@QButtonGroup@@UAEPAXPBD@Z 0040dbb2 f   qt-mt323:qt-mt323.dll
 0001:0000cbb8       ?className@QButtonGroup@@UBEPBDXZ 0040dbb8 f   qt-mt323:qt-mt323.dll
 0001:0000cbbe       ?metaObject@QButtonGroup@@UBEPAVQMetaObject@@XZ 0040dbbe f   qt-mt323:qt-mt323.dll
 0001:0000cbc4       ?setAlignment@QGroupBox@@UAEXH@Z 0040dbc4 f   qt-mt323:qt-mt323.dll
 0001:0000cbca       ?setTitle@QGroupBox@@UAEXABVQString@@@Z 0040dbca f   qt-mt323:qt-mt323.dll
 0001:0000cbd0       ?setColumnLayout@QGroupBox@@UAEXHW4Orientation@Qt@@@Z 0040dbd0 f   qt-mt323:qt-mt323.dll
 0001:0000cbd6       ?fontChange@QGroupBox@@MAEXABVQFont@@@Z 0040dbd6 f   qt-mt323:qt-mt323.dll
 0001:0000cbdc       ?resizeEvent@QGroupBox@@MAEXPAVQResizeEvent@@@Z 0040dbdc f   qt-mt323:qt-mt323.dll
 0001:0000cbe2       ?paintEvent@QGroupBox@@MAEXPAVQPaintEvent@@@Z 0040dbe2 f   qt-mt323:qt-mt323.dll
 0001:0000cbe8       ?focusInEvent@QGroupBox@@MAEXPAVQFocusEvent@@@Z 0040dbe8 f   qt-mt323:qt-mt323.dll
 0001:0000cbee       ?sizeHint@QGroupBox@@UBE?AVQSize@@XZ 0040dbee f   qt-mt323:qt-mt323.dll
 0001:0000cbf4       ?setEnabled@QGroupBox@@UAEX_N@Z 0040dbf4 f   qt-mt323:qt-mt323.dll
 0001:0000cbfa       ?childEvent@QGroupBox@@MAEXPAVQChildEvent@@@Z 0040dbfa f   qt-mt323:qt-mt323.dll
 0001:0000cc00       ?event@QGroupBox@@MAE_NPAVQEvent@@@Z 0040dc00 f   qt-mt323:qt-mt323.dll
 0001:0000cc06       ?qt_property@QGroupBox@@UAE_NHHPAVQVariant@@@Z 0040dc06 f   qt-mt323:qt-mt323.dll
 0001:0000cc0c       ?qt_emit@QGroupBox@@UAE_NHPAUQUObject@@@Z 0040dc0c f   qt-mt323:qt-mt323.dll
 0001:0000cc12       ?qt_invoke@QGroupBox@@UAE_NHPAUQUObject@@@Z 0040dc12 f   qt-mt323:qt-mt323.dll
 0001:0000cc18       ?qt_cast@QGroupBox@@UAEPAXPBD@Z 0040dc18 f   qt-mt323:qt-mt323.dll
 0001:0000cc1e       ?className@QGroupBox@@UBEPBDXZ 0040dc1e f   qt-mt323:qt-mt323.dll
 0001:0000cc24       ?metaObject@QGroupBox@@UBEPAVQMetaObject@@XZ 0040dc24 f   qt-mt323:qt-mt323.dll
 0001:0000cc2a       ?drawButtonLabel@QCheckBox@@MAEXPAVQPainter@@@Z 0040dc2a f   qt-mt323:qt-mt323.dll
 0001:0000cc30       ?drawButton@QCheckBox@@MAEXPAVQPainter@@@Z 0040dc30 f   qt-mt323:qt-mt323.dll
 0001:0000cc36       ?hitButton@QCheckBox@@MBE_NABVQPoint@@@Z 0040dc36 f   qt-mt323:qt-mt323.dll
 0001:0000cc3c       ?updateMask@QCheckBox@@MAEXXZ 0040dc3c f   qt-mt323:qt-mt323.dll
 0001:0000cc42       ?resizeEvent@QCheckBox@@MAEXPAVQResizeEvent@@@Z 0040dc42 f   qt-mt323:qt-mt323.dll
 0001:0000cc48       ?focusOutEvent@QButton@@MAEXPAVQFocusEvent@@@Z 0040dc48 f   qt-mt323:qt-mt323.dll
 0001:0000cc4e       ?focusInEvent@QButton@@MAEXPAVQFocusEvent@@@Z 0040dc4e f   qt-mt323:qt-mt323.dll
 0001:0000cc54       ?sizeHint@QCheckBox@@UBE?AVQSize@@XZ 0040dc54 f   qt-mt323:qt-mt323.dll
 0001:0000cc5a       ?qt_property@QCheckBox@@UAE_NHHPAVQVariant@@@Z 0040dc5a f   qt-mt323:qt-mt323.dll
 0001:0000cc60       ?qt_emit@QCheckBox@@UAE_NHPAUQUObject@@@Z 0040dc60 f   qt-mt323:qt-mt323.dll
 0001:0000cc66       ?qt_invoke@QCheckBox@@UAE_NHPAUQUObject@@@Z 0040dc66 f   qt-mt323:qt-mt323.dll
 0001:0000cc6c       ?qt_cast@QCheckBox@@UAEPAXPBD@Z 0040dc6c f   qt-mt323:qt-mt323.dll
 0001:0000cc72       ?className@QCheckBox@@UBEPBDXZ 0040dc72 f   qt-mt323:qt-mt323.dll
 0001:0000cc78       ?metaObject@QCheckBox@@UBEPAVQMetaObject@@XZ 0040dc78 f   qt-mt323:qt-mt323.dll
 0001:0000cc7e       ?paintEmptyArea@QListView@@MAEXPAVQPainter@@ABVQRect@@@Z 0040dc7e f   qt-mt323:qt-mt323.dll
 0001:0000cc84       ?startDrag@QListView@@MAEXXZ 0040dc84 f   qt-mt323:qt-mt323.dll
 0001:0000cc8a       ?dragObject@QListView@@MAEPAVQDragObject@@XZ 0040dc8a f   qt-mt323:qt-mt323.dll
 0001:0000cc90       ?selectAll@QListView@@UAEX_N@Z 0040dc90 f   qt-mt323:qt-mt323.dll
 0001:0000cc96       ?invertSelection@QListView@@UAEXXZ 0040dc96 f   qt-mt323:qt-mt323.dll
 0001:0000cc9c       ?clear@QListView@@UAEXXZ   0040dc9c f   qt-mt323:qt-mt323.dll
 0001:0000cca2       ?setDefaultRenameAction@QListView@@UAEXW4RenameAction@1@@Z 0040dca2 f   qt-mt323:qt-mt323.dll
 0001:0000cca8       ?setResizeMode@QListView@@UAEXW4ResizeMode@1@@Z 0040dca8 f   qt-mt323:qt-mt323.dll
 0001:0000ccae       ?setShowToolTips@QListView@@UAEX_N@Z 0040dcae f   qt-mt323:qt-mt323.dll
 0001:0000ccb4       ?setShowSortIndicator@QListView@@UAEX_N@Z 0040dcb4 f   qt-mt323:qt-mt323.dll
 0001:0000ccba       ?sort@QListView@@UAEXXZ    0040dcba f   qt-mt323:qt-mt323.dll
 0001:0000ccc0       ?setSorting@QListView@@UAEXH_N@Z 0040dcc0 f   qt-mt323:qt-mt323.dll
 0001:0000ccc6       ?setRootIsDecorated@QListView@@UAEX_N@Z 0040dcc6 f   qt-mt323:qt-mt323.dll
 0001:0000cccc       ?setItemMargin@QListView@@UAEXH@Z 0040dccc f   qt-mt323:qt-mt323.dll
 0001:0000ccd2       ?setAllColumnsShowFocus@QListView@@UAEX_N@Z 0040dcd2 f   qt-mt323:qt-mt323.dll
 0001:0000ccd8       ?setCurrentItem@QListView@@UAEXPAVQListViewItem@@@Z 0040dcd8 f   qt-mt323:qt-mt323.dll
 0001:0000ccde       ?setOpen@QListView@@UAEXPAVQListViewItem@@_N@Z 0040dcde f   qt-mt323:qt-mt323.dll
 0001:0000cce4       ?setSelected@QListView@@UAEXPAVQListViewItem@@_N@Z 0040dce4 f   qt-mt323:qt-mt323.dll
 0001:0000ccea       ?clearSelection@QListView@@UAEXXZ 0040dcea f   qt-mt323:qt-mt323.dll
 0001:0000ccf0       ?setMultiSelection@QListView@@UAEX_N@Z 0040dcf0 f   qt-mt323:qt-mt323.dll
 0001:0000ccf6       ?setColumnAlignment@QListView@@UAEXHH@Z 0040dcf6 f   qt-mt323:qt-mt323.dll
 0001:0000ccfc       ?setColumnWidthMode@QListView@@UAEXHW4WidthMode@1@@Z 0040dcfc f   qt-mt323:qt-mt323.dll
 0001:0000cd02       ?setColumnWidth@QListView@@UAEXHH@Z 0040dd02 f   qt-mt323:qt-mt323.dll
 0001:0000cd08       ?setColumnText@QListView@@UAEXHABVQString@@@Z 0040dd08 f   qt-mt323:qt-mt323.dll
 0001:0000cd0e       ?setColumnText@QListView@@UAEXHABVQIconSet@@ABVQString@@@Z 0040dd0e f   qt-mt323:qt-mt323.dll
 0001:0000cd14       ?removeColumn@QListView@@UAEXH@Z 0040dd14 f   qt-mt323:qt-mt323.dll
 0001:0000cd1a       ?addColumn@QListView@@UAEHABVQString@@H@Z 0040dd1a f   qt-mt323:qt-mt323.dll
 0001:0000cd20       ?addColumn@QListView@@UAEHABVQIconSet@@ABVQString@@H@Z 0040dd20 f   qt-mt323:qt-mt323.dll
 0001:0000cd26       ?removeItem@QListView@@UAEXPAVQListViewItem@@@Z 0040dd26 f   qt-mt323:qt-mt323.dll
 0001:0000cd2c       ?takeItem@QListView@@UAEXPAVQListViewItem@@@Z 0040dd2c f   qt-mt323:qt-mt323.dll
 0001:0000cd32       ?insertItem@QListView@@UAEXPAVQListViewItem@@@Z 0040dd32 f   qt-mt323:qt-mt323.dll
 0001:0000cd38       ?setTreeStepSize@QListView@@UAEXH@Z 0040dd38 f   qt-mt323:qt-mt323.dll
 0001:0000cd3e       ?setVBarGeometry@QScrollView@@MAEXAAVQScrollBar@@HHHH@Z 0040dd3e f   qt-mt323:qt-mt323.dll
 0001:0000cd44       ?setHBarGeometry@QScrollView@@MAEXAAVQScrollBar@@HHHH@Z 0040dd44 f   qt-mt323:qt-mt323.dll
 0001:0000cd4a       ?setMargins@QScrollView@@MAEXHHHH@Z 0040dd4a f   qt-mt323:qt-mt323.dll
 0001:0000cd50       ?viewportContextMenuEvent@QScrollView@@MAEXPAVQContextMenuEvent@@@Z 0040dd50 f   qt-mt323:qt-mt323.dll
 0001:0000cd56       ?viewportWheelEvent@QScrollView@@MAEXPAVQWheelEvent@@@Z 0040dd56 f   qt-mt323:qt-mt323.dll
 0001:0000cd5c       ?viewportDropEvent@QScrollView@@MAEXPAVQDropEvent@@@Z 0040dd5c f   qt-mt323:qt-mt323.dll
 0001:0000cd62       ?viewportDragLeaveEvent@QScrollView@@MAEXPAVQDragLeaveEvent@@@Z 0040dd62 f   qt-mt323:qt-mt323.dll
 0001:0000cd68       ?viewportDragMoveEvent@QScrollView@@MAEXPAVQDragMoveEvent@@@Z 0040dd68 f   qt-mt323:qt-mt323.dll
 0001:0000cd6e       ?viewportDragEnterEvent@QScrollView@@MAEXPAVQDragEnterEvent@@@Z 0040dd6e f   qt-mt323:qt-mt323.dll
 0001:0000cd74       ?viewportMouseMoveEvent@QScrollView@@MAEXPAVQMouseEvent@@@Z 0040dd74 f   qt-mt323:qt-mt323.dll
 0001:0000cd7a       ?viewportMouseDoubleClickEvent@QScrollView@@MAEXPAVQMouseEvent@@@Z 0040dd7a f   qt-mt323:qt-mt323.dll
 0001:0000cd80       ?viewportMouseReleaseEvent@QScrollView@@MAEXPAVQMouseEvent@@@Z 0040dd80 f   qt-mt323:qt-mt323.dll
 0001:0000cd86       ?viewportMousePressEvent@QScrollView@@MAEXPAVQMouseEvent@@@Z 0040dd86 f   qt-mt323:qt-mt323.dll
 0001:0000cd8c       ?viewportResizeEvent@QListView@@MAEXPAVQResizeEvent@@@Z 0040dd8c f   qt-mt323:qt-mt323.dll
 0001:0000cd92       ?viewportPaintEvent@QScrollView@@MAEXPAVQPaintEvent@@@Z 0040dd92 f   qt-mt323:qt-mt323.dll
 0001:0000cd98       ?contentsContextMenuEvent@QListView@@MAEXPAVQContextMenuEvent@@@Z 0040dd98 f   qt-mt323:qt-mt323.dll
 0001:0000cd9e       ?contentsWheelEvent@QScrollView@@MAEXPAVQWheelEvent@@@Z 0040dd9e f   qt-mt323:qt-mt323.dll
 0001:0000cda4       ?contentsDropEvent@QListView@@MAEXPAVQDropEvent@@@Z 0040dda4 f   qt-mt323:qt-mt323.dll
 0001:0000cdaa       ?contentsDragLeaveEvent@QListView@@MAEXPAVQDragLeaveEvent@@@Z 0040ddaa f   qt-mt323:qt-mt323.dll
 0001:0000cdb0       ?contentsDragMoveEvent@QListView@@MAEXPAVQDragMoveEvent@@@Z 0040ddb0 f   qt-mt323:qt-mt323.dll
 0001:0000cdb6       ?contentsDragEnterEvent@QListView@@MAEXPAVQDragEnterEvent@@@Z 0040ddb6 f   qt-mt323:qt-mt323.dll
 0001:0000cdbc       ?contentsMouseMoveEvent@QListView@@MAEXPAVQMouseEvent@@@Z 0040ddbc f   qt-mt323:qt-mt323.dll
 0001:0000cdc2       ?contentsMouseDoubleClickEvent@QListView@@MAEXPAVQMouseEvent@@@Z 0040ddc2 f   qt-mt323:qt-mt323.dll
 0001:0000cdc8       ?contentsMouseReleaseEvent@QListView@@MAEXPAVQMouseEvent@@@Z 0040ddc8 f   qt-mt323:qt-mt323.dll
 0001:0000cdce       ?contentsMousePressEvent@QListView@@MAEXPAVQMouseEvent@@@Z 0040ddce f   qt-mt323:qt-mt323.dll
 0001:0000cdd4       ?drawContentsOffset@QListView@@MAEXPAVQPainter@@HHHHHH@Z 0040ddd4 f   qt-mt323:qt-mt323.dll
 0001:0000cdda       ?drawContents@QScrollView@@MAEXPAVQPainter@@HHHH@Z 0040ddda f   qt-mt323:qt-mt323.dll
 0001:0000cde0       ?setContentsPos@QListView@@UAEXHH@Z 0040dde0 f   qt-mt323:qt-mt323.dll
 0001:0000cde6       ?resizeContents@QScrollView@@UAEXHH@Z 0040dde6 f   qt-mt323:qt-mt323.dll
 0001:0000cdec       ?setDragAutoScroll@QScrollView@@UAEX_N@Z 0040ddec f   qt-mt323:qt-mt323.dll
 0001:0000cdf2       ?setCornerWidget@QScrollView@@UAEXPAVQWidget@@@Z 0040ddf2 f   qt-mt323:qt-mt323.dll
 0001:0000cdf8       ?setHScrollBarMode@QScrollView@@UAEXW4ScrollBarMode@1@@Z 0040ddf8 f   qt-mt323:qt-mt323.dll
 0001:0000cdfe       ?setVScrollBarMode@QScrollView@@UAEXW4ScrollBarMode@1@@Z 0040ddfe f   qt-mt323:qt-mt323.dll
 0001:0000ce04       ?moveChild@QScrollView@@UAEXPAVQWidget@@HH@Z 0040de04 f   qt-mt323:qt-mt323.dll
 0001:0000ce0a       ?addChild@QScrollView@@UAEXPAVQWidget@@HH@Z 0040de0a f   qt-mt323:qt-mt323.dll
 0001:0000ce10       ?setResizePolicy@QScrollView@@UAEXW4ResizePolicy@1@@Z 0040de10 f   qt-mt323:qt-mt323.dll
 0001:0000ce16       ?frameChanged@QScrollView@@MAEXXZ 0040de16 f   qt-mt323:qt-mt323.dll
 0001:0000ce1c       ?drawContents@QScrollView@@EAEXPAVQPainter@@@Z 0040de1c f   qt-mt323:qt-mt323.dll
 0001:0000ce22       ?focusNextPrevChild@QScrollView@@MAE_N_N@Z 0040de22 f   qt-mt323:qt-mt323.dll
 0001:0000ce28       ?windowActivationChange@QListView@@MAEX_N@Z 0040de28 f   qt-mt323:qt-mt323.dll
 0001:0000ce2e       ?fontChange@QScrollView@@MAEXABVQFont@@@Z 0040de2e f   qt-mt323:qt-mt323.dll
 0001:0000ce34       ?styleChange@QListView@@MAEXAAVQStyle@@@Z 0040de34 f   qt-mt323:qt-mt323.dll
 0001:0000ce3a       ?showEvent@QListView@@MAEXPAVQShowEvent@@@Z 0040de3a f   qt-mt323:qt-mt323.dll
 0001:0000ce40       ?contextMenuEvent@QScrollView@@MAEXPAVQContextMenuEvent@@@Z 0040de40 f   qt-mt323:qt-mt323.dll
 0001:0000ce46       ?resizeEvent@QListView@@MAEXPAVQResizeEvent@@@Z 0040de46 f   qt-mt323:qt-mt323.dll
 0001:0000ce4c       ?focusOutEvent@QListView@@MAEXPAVQFocusEvent@@@Z 0040de4c f   qt-mt323:qt-mt323.dll
 0001:0000ce52       ?focusInEvent@QListView@@MAEXPAVQFocusEvent@@@Z 0040de52 f   qt-mt323:qt-mt323.dll
 0001:0000ce58       ?keyPressEvent@QListView@@MAEXPAVQKeyEvent@@@Z 0040de58 f   qt-mt323:qt-mt323.dll
 0001:0000ce5e       ?wheelEvent@QScrollView@@MAEXPAVQWheelEvent@@@Z 0040de5e f   qt-mt323:qt-mt323.dll
 0001:0000ce64       ?mouseMoveEvent@QScrollView@@MAEXPAVQMouseEvent@@@Z 0040de64 f   qt-mt323:qt-mt323.dll
 0001:0000ce6a       ?mouseDoubleClickEvent@QScrollView@@MAEXPAVQMouseEvent@@@Z 0040de6a f   qt-mt323:qt-mt323.dll
 0001:0000ce70       ?mouseReleaseEvent@QScrollView@@MAEXPAVQMouseEvent@@@Z 0040de70 f   qt-mt323:qt-mt323.dll
 0001:0000ce76       ?mousePressEvent@QScrollView@@MAEXPAVQMouseEvent@@@Z 0040de76 f   qt-mt323:qt-mt323.dll
 0001:0000ce7c       ?minimumSizeHint@QListView@@UBE?AVQSize@@XZ 0040de7c f   qt-mt323:qt-mt323.dll
 0001:0000ce82       ?sizeHint@QListView@@UBE?AVQSize@@XZ 0040de82 f   qt-mt323:qt-mt323.dll
 0001:0000ce88       ?resize@QScrollView@@UAEXHH@Z 0040de88 f   qt-mt323:qt-mt323.dll
 0001:0000ce8e       ?show@QListView@@UAEXXZ    0040de8e f   qt-mt323:qt-mt323.dll
 0001:0000ce94       ?setFont@QListView@@UAEXABVQFont@@@Z 0040de94 f   qt-mt323:qt-mt323.dll
 0001:0000ce9a       ?setPalette@QListView@@UAEXABVQPalette@@@Z 0040de9a f   qt-mt323:qt-mt323.dll
 0001:0000cea0       ?setEnabled@QScrollView@@UAEX_N@Z 0040dea0 f   qt-mt323:qt-mt323.dll
 0001:0000cea6       ?removeChild@QScrollView@@UAEXPAVQObject@@@Z 0040dea6 f   qt-mt323:qt-mt323.dll
 0001:0000ceac       ?eventFilter@QListView@@UAE_NPAVQObject@@PAVQEvent@@@Z 0040deac f   qt-mt323:qt-mt323.dll
 0001:0000ceb2       ?qt_property@QListView@@UAE_NHHPAVQVariant@@@Z 0040deb2 f   qt-mt323:qt-mt323.dll
 0001:0000ceb8       ?qt_emit@QListView@@UAE_NHPAUQUObject@@@Z 0040deb8 f   qt-mt323:qt-mt323.dll
 0001:0000cebe       ?qt_invoke@QListView@@UAE_NHPAUQUObject@@@Z 0040debe f   qt-mt323:qt-mt323.dll
 0001:0000cec4       ?qt_cast@QListView@@UAEPAXPBD@Z 0040dec4 f   qt-mt323:qt-mt323.dll
 0001:0000ceca       ?className@QListView@@UBEPBDXZ 0040deca f   qt-mt323:qt-mt323.dll
 0001:0000ced0       ?metaObject@QListView@@UBEPAVQMetaObject@@XZ 0040ded0 f   qt-mt323:qt-mt323.dll
 0001:0000ced6       ?setEditText@QComboBox@@UAEXABVQString@@@Z 0040ded6 f   qt-mt323:qt-mt323.dll
 0001:0000cedc       ?popup@QComboBox@@UAEXXZ   0040dedc f   qt-mt323:qt-mt323.dll
 0001:0000cee2       ?setAutoCompletion@QComboBox@@UAEX_N@Z 0040dee2 f   qt-mt323:qt-mt323.dll
 0001:0000cee8       ?setLineEdit@QComboBox@@UAEXPAVQLineEdit@@@Z 0040dee8 f   qt-mt323:qt-mt323.dll
 0001:0000ceee       ?setListBox@QComboBox@@UAEXPAVQListBox@@@Z 0040deee f   qt-mt323:qt-mt323.dll
 0001:0000cef4       ?setValidator@QComboBox@@UAEXPBVQValidator@@@Z 0040def4 f   qt-mt323:qt-mt323.dll
 0001:0000cefa       ?setInsertionPolicy@QComboBox@@UAEXW4Policy@1@@Z 0040defa f   qt-mt323:qt-mt323.dll
 0001:0000cf00       ?setMaxCount@QComboBox@@UAEXH@Z 0040df00 f   qt-mt323:qt-mt323.dll
 0001:0000cf06       ?setSizeLimit@QComboBox@@UAEXH@Z 0040df06 f   qt-mt323:qt-mt323.dll
 0001:0000cf0c       ?setAutoResize@QComboBox@@UAEX_N@Z 0040df0c f   qt-mt323:qt-mt323.dll
 0001:0000cf12       ?setCurrentText@QComboBox@@UAEXABVQString@@@Z 0040df12 f   qt-mt323:qt-mt323.dll
 0001:0000cf18       ?setCurrentItem@QComboBox@@UAEXH@Z 0040df18 f   qt-mt323:qt-mt323.dll
 0001:0000cf1e       ?styleChange@QComboBox@@MAEXAAVQStyle@@@Z 0040df1e f   qt-mt323:qt-mt323.dll
 0001:0000cf24       ?updateMask@QComboBox@@MAEXXZ 0040df24 f   qt-mt323:qt-mt323.dll
 0001:0000cf2a       ?resizeEvent@QComboBox@@MAEXPAVQResizeEvent@@@Z 0040df2a f   qt-mt323:qt-mt323.dll
 0001:0000cf30       ?paintEvent@QComboBox@@MAEXPAVQPaintEvent@@@Z 0040df30 f   qt-mt323:qt-mt323.dll
 0001:0000cf36       ?focusOutEvent@QComboBox@@MAEXPAVQFocusEvent@@@Z 0040df36 f   qt-mt323:qt-mt323.dll
 0001:0000cf3c       ?focusInEvent@QComboBox@@MAEXPAVQFocusEvent@@@Z 0040df3c f   qt-mt323:qt-mt323.dll
 0001:0000cf42       ?keyPressEvent@QComboBox@@MAEXPAVQKeyEvent@@@Z 0040df42 f   qt-mt323:qt-mt323.dll
 0001:0000cf48       ?wheelEvent@QComboBox@@MAEXPAVQWheelEvent@@@Z 0040df48 f   qt-mt323:qt-mt323.dll
 0001:0000cf4e       ?mouseMoveEvent@QComboBox@@MAEXPAVQMouseEvent@@@Z 0040df4e f   qt-mt323:qt-mt323.dll
 0001:0000cf54       ?mouseDoubleClickEvent@QComboBox@@MAEXPAVQMouseEvent@@@Z 0040df54 f   qt-mt323:qt-mt323.dll
 0001:0000cf5a       ?mouseReleaseEvent@QComboBox@@MAEXPAVQMouseEvent@@@Z 0040df5a f   qt-mt323:qt-mt323.dll
 0001:0000cf60       ?mousePressEvent@QComboBox@@MAEXPAVQMouseEvent@@@Z 0040df60 f   qt-mt323:qt-mt323.dll
 0001:0000cf66       ?sizeHint@QComboBox@@UBE?AVQSize@@XZ 0040df66 f   qt-mt323:qt-mt323.dll
 0001:0000cf6c       ?setFont@QComboBox@@UAEXABVQFont@@@Z 0040df6c f   qt-mt323:qt-mt323.dll
 0001:0000cf72       ?setPalette@QComboBox@@UAEXABVQPalette@@@Z 0040df72 f   qt-mt323:qt-mt323.dll
 0001:0000cf78       ?setEnabled@QComboBox@@UAEX_N@Z 0040df78 f   qt-mt323:qt-mt323.dll
 0001:0000cf7e       ?eventFilter@QComboBox@@UAE_NPAVQObject@@PAVQEvent@@@Z 0040df7e f   qt-mt323:qt-mt323.dll
 0001:0000cf84       ?qt_property@QComboBox@@UAE_NHHPAVQVariant@@@Z 0040df84 f   qt-mt323:qt-mt323.dll
 0001:0000cf8a       ?qt_emit@QComboBox@@UAE_NHPAUQUObject@@@Z 0040df8a f   qt-mt323:qt-mt323.dll
 0001:0000cf90       ?qt_invoke@QComboBox@@UAE_NHPAUQUObject@@@Z 0040df90 f   qt-mt323:qt-mt323.dll
 0001:0000cf96       ?qt_cast@QComboBox@@UAEPAXPBD@Z 0040df96 f   qt-mt323:qt-mt323.dll
 0001:0000cf9c       ?className@QComboBox@@UBEPBDXZ 0040df9c f   qt-mt323:qt-mt323.dll
 0001:0000cfa2       ?metaObject@QComboBox@@UBEPAVQMetaObject@@XZ 0040dfa2 f   qt-mt323:qt-mt323.dll
 0001:0000cfa8       ?setNum@QLabel@@UAEXH@Z    0040dfa8 f   qt-mt323:qt-mt323.dll
 0001:0000cfae       ?setNum@QLabel@@UAEXN@Z    0040dfae f   qt-mt323:qt-mt323.dll
 0001:0000cfb4       ?setMovie@QLabel@@UAEXABVQMovie@@@Z 0040dfb4 f   qt-mt323:qt-mt323.dll
 0001:0000cfba       ?setPicture@QLabel@@UAEXABVQPicture@@@Z 0040dfba f   qt-mt323:qt-mt323.dll
 0001:0000cfc0       ?setPixmap@QLabel@@UAEXABVQPixmap@@@Z 0040dfc0 f   qt-mt323:qt-mt323.dll
 0001:0000cfc6       ?setText@QLabel@@UAEXABVQString@@@Z 0040dfc6 f   qt-mt323:qt-mt323.dll
 0001:0000cfcc       ?setBuddy@QLabel@@UAEXPAVQWidget@@@Z 0040dfcc f   qt-mt323:qt-mt323.dll
 0001:0000cfd2       ?setAutoResize@QLabel@@UAEX_N@Z 0040dfd2 f   qt-mt323:qt-mt323.dll
 0001:0000cfd8       ?setAlignment@QLabel@@UAEXH@Z 0040dfd8 f   qt-mt323:qt-mt323.dll
 0001:0000cfde       ?drawContents@QLabel@@MAEXPAVQPainter@@@Z 0040dfde f   qt-mt323:qt-mt323.dll
 0001:0000cfe4       ?fontChange@QLabel@@MAEXABVQFont@@@Z 0040dfe4 f   qt-mt323:qt-mt323.dll
 0001:0000cfea       ?styleChange@QFrame@@MAEXAAVQStyle@@@Z 0040dfea f   qt-mt323:qt-mt323.dll
 0001:0000cff0       ?resizeEvent@QLabel@@MAEXPAVQResizeEvent@@@Z 0040dff0 f   qt-mt323:qt-mt323.dll
 0001:0000cff6       ?heightForWidth@QLabel@@UBEHH@Z 0040dff6 f   qt-mt323:qt-mt323.dll
 0001:0000cffc       ?minimumSizeHint@QLabel@@UBE?AVQSize@@XZ 0040dffc f   qt-mt323:qt-mt323.dll
 0001:0000d002       ?sizeHint@QLabel@@UBE?AVQSize@@XZ 0040e002 f   qt-mt323:qt-mt323.dll
 0001:0000d008       ?setFont@QLabel@@UAEXABVQFont@@@Z 0040e008 f   qt-mt323:qt-mt323.dll
 0001:0000d00e       ?qt_property@QLabel@@UAE_NHHPAVQVariant@@@Z 0040e00e f   qt-mt323:qt-mt323.dll
 0001:0000d014       ?qt_emit@QLabel@@UAE_NHPAUQUObject@@@Z 0040e014 f   qt-mt323:qt-mt323.dll
 0001:0000d01a       ?qt_invoke@QLabel@@UAE_NHPAUQUObject@@@Z 0040e01a f   qt-mt323:qt-mt323.dll
 0001:0000d020       ?qt_cast@QLabel@@UAEPAXPBD@Z 0040e020 f   qt-mt323:qt-mt323.dll
 0001:0000d026       ?className@QLabel@@UBEPBDXZ 0040e026 f   qt-mt323:qt-mt323.dll
 0001:0000d02c       ?metaObject@QLabel@@UBEPAVQMetaObject@@XZ 0040e02c f   qt-mt323:qt-mt323.dll
 0001:0000d032       ?setRubberband@QSplitter@@MAEXH@Z 0040e032 f   qt-mt323:qt-mt323.dll
 0001:0000d038       ?drawSplitter@QSplitter@@MAEXPAVQPainter@@HHHH@Z 0040e038 f   qt-mt323:qt-mt323.dll
 0001:0000d03e       ?setOpaqueResize@QSplitter@@UAEX_N@Z 0040e03e f   qt-mt323:qt-mt323.dll
 0001:0000d044       ?setResizeMode@QSplitter@@UAEXPAVQWidget@@W4ResizeMode@1@@Z 0040e044 f   qt-mt323:qt-mt323.dll
 0001:0000d04a       ?setOrientation@QSplitter@@UAEXW4Orientation@Qt@@@Z 0040e04a f   qt-mt323:qt-mt323.dll
 0001:0000d050       ?frameChanged@QFrame@@MAEXXZ 0040e050 f   qt-mt323:qt-mt323.dll
 0001:0000d056       ?drawContents@QFrame@@MAEXPAVQPainter@@@Z 0040e056 f   qt-mt323:qt-mt323.dll
 0001:0000d05c       ?styleChange@QSplitter@@MAEXAAVQStyle@@@Z 0040e05c f   qt-mt323:qt-mt323.dll
[...]
 0003:00001674       ??_C@_08IHDL@instance?$AA@ 00420674     paramtestermainwindow.obj
 0003:00001680       ??_C@_09MMGO@instances?$AA@ 00420680     paramtestermainwindow.obj
 0003:0000168c       ??_C@_0BG@BLGI@?1config?1instances?4xml?$AA@ 0042068c     paramtestermainwindow.obj
 0003:000016a4       ??_C@_01FDLN@?1?$AA@       004206a4     paramtestermainwindow.obj
 0003:000016a8       ??_C@_04IEHK@slot?$AA@     004206a8     paramtestermainwindow.obj
 0003:000016b0       ??_C@_04OPJK@name?$AA@     004206b0     paramtestermainwindow.obj
 0003:000016b8       ??_C@_05FMAI@param?$AA@    004206b8     paramtestermainwindow.obj
 0003:000016c0       ??_C@_0EP@IBOB@ParamTesterMainWindow?3?3loadDevic@ 004206c0     paramtestermainwindow.obj
 0003:00001710       ??_C@_0BD@LKLG@device_description?$AA@ 00420710     paramtestermainwindow.obj
 0003:00001724       ??_C@_04KGPJ@?4xml?$AA@    00420724     paramtestermainwindow.obj
 0003:0000172c       ??_C@_0BF@GLOG@?1config?1devicetypes?1?$AA@ 0042072c     paramtestermainwindow.obj
 0003:00001744       ??_C@_0M@PBKG@GP?5?$CF1?5?$CF2?5?$CF3?$AA@ 00420744     paramtestermainwindow.obj
 0003:00001750       ??_C@_0M@BJOK@RP?5?$CF1?5?$CF2?5?$CF3?$AA@ 00420750     paramtestermainwindow.obj
 0003:0000175c       ??_C@_0M@NKPI@IP?5?$CF1?5?$CF2?5?$CF3?$AA@ 0042075c     paramtestermainwindow.obj
 0003:00001768       ??_C@_0CE@MDBI@Instance?5and?1or?5parameter?5not?5va@ 00420768     paramtestermainwindow.obj
 0003:0000178c       ??_C@_07FPEB@offset?$DN?$AA@ 0042078c     paramtestermainwindow.obj
 0003:00001794       ??_C@_01KPOD@?$DN?$AA@     00420794     paramtestermainwindow.obj
 0003:00001798       ??_C@_07EBIG@device?$DN?$AA@ 00420798     paramtestermainwindow.obj
 0003:000017a0       ??_C@_01KMAE@?0?$AA@       004207a0     paramtestermainwindow.obj
 0003:000017a4       ??_C@_0M@IFOC@QPushButton?$AA@ 004207a4     paramtestermainwindow.obj
 0003:000017b0       ??_C@_05MGIA@range?$AA@    004207b0     paramtestermainwindow.obj
 0003:000017b8       ??_C@_04PGN@enum?$AA@      004207b8     paramtestermainwindow.obj
 0003:000017c0       ??_C@_01HAF@?8?$AA@        004207c0     paramtestermainwindow.obj
 0003:000017c4       ??_C@_0CD@NELH@Failed?5to?5convert?5?8?$CFs?8?5to?5intege@ 004207c4     paramtestermainwindow.obj
 0003:000017e8       ??_C@_0BE@BGCE@CSI?5has?5closed?5down?$AA@ 004207e8     paramtestermainwindow.obj
 0003:000017fc       ??_C@_03HJ@?9?$CF1?$AA@    004207fc     paramtestermainwindow.obj
 0003:00001800       ??_C@_07FMEP@default?$AA@  00420800     paramtestermainwindow.obj
 0003:00001808       ??_C@_03OMAO@?$CL?$CF1?$AA@ 00420808     paramtestermainwindow.obj
 0003:0000180c       ??_C@_0N@NLJG@defaultvalue?$AA@ 0042080c     paramtestermainwindow.obj
 0003:0000181c       ??_C@_04HPI@step?$AA@      0042081c     paramtestermainwindow.obj
 0003:00001824       ??_C@_07KEKH@bigstep?$AA@  00420824     paramtestermainwindow.obj
 0003:0000182c       ??_C@_03CODD@max?$AA@      0042082c     paramtestermainwindow.obj
 0003:00001830       ??_C@_03MNGF@min?$AA@      00420830     paramtestermainwindow.obj
 0003:00001834       ??_C@_06HJEM@values?$AA@   00420834     paramtestermainwindow.obj
 0003:0000183c       ??_C@_05KFME@value?$AA@    0042083c     paramtestermainwindow.obj
 0003:00001844       ??_C@_07IOAK@caption?$AA@  00420844     paramtestermainwindow.obj
 0003:0000184c       ??_C@_0L@BGIA@QBoxLayout?$AA@ 0042084c     paramtestermainwindow.obj
 0003:00001858       ??_C@_05PMBM@state?$AA@    00420858     paramtestermainwindow.obj
 0003:00001860       ??_C@_08JONF@template?$AA@ 00420860     paramtestermainwindow.obj
 0003:0000186c       ??_C@_05LGKP@class?$AA@    0042086c     paramtestermainwindow.obj
 0003:00001874       ??_C@_0M@GBOA@GS?5?$CF1?5?$CF2?5?$CF3?$AA@ 00420874     paramtestermainwindow.obj
 0003:00001880       ??_C@_0M@HFII@RC?5?$CF1?5?$CF2?5?$CF3?$AA@ 00420880     paramtestermainwindow.obj
 0003:0000188c       ??_C@_0O@DCBO@IW?5?$CF1?5?8?$CF2?8?5?$CF3?$AA@ 0042088c     paramtestermainwindow.obj
 0003:0000189c       ??_C@_0CN@LILG@Can?8t?5find?5a?5valid?5file?5?9?5device@ 0042089c     paramtestermainwindow.obj
 0003:000018cc       ??_C@_0DH@LLDE@Can?8t?5find?5device?5description?5fo@ 004208cc     paramtestermainwindow.obj
 0003:00001904       ??_C@_0BL@HDMB@complex_instances?2?$CF1?4?$CF2?4?$CF3?$AA@ 00420904     paramtestermainwindow.obj
 0003:00001920       ??_C@_09CDDJ@Slot?5?$DN?$DN?50?$AA@ 00420920     paramtestermainwindow.obj
 0003:0000192c       ??_C@_0L@DHDG@Infodriver?$AA@ 0042092c     paramtestermainwindow.obj
 0003:00001938       ??_C@_0L@EKEL@Unknown?5?9?5?$AA@ 00420938     paramtestermainwindow.obj
 0003:00001944       ??_C@_0L@HGNO@INFODRIVER?$AA@ 00420944     paramtestermainwindow.obj
 0003:00001950       ??_C@_03NJAO@GRD?$AA@      00420950     paramtestermainwindow.obj
 0003:00001954       ??_C@_06JDNA@ROUTER?$AA@   00420954     paramtestermainwindow.obj
 0003:0000195c       ??_C@_03KACI@GPI?$AA@      0042095c     paramtestermainwindow.obj
 0003:00001960       ??_C@_0L@JKHJ@drivertype?$AA@ 00420960     paramtestermainwindow.obj
 0003:0000196c       ??_C@_0P@PPLI@devicetypes?2?$CF1?$AA@ 0042096c     paramtestermainwindow.obj
 0003:0000197c       ??_C@_07DMAD@complex?$AA@  0042097c     paramtestermainwindow.obj
 0003:00001984       ??_C@_06KCLD@offset?$AA@   00420984     paramtestermainwindow.obj
 0003:0000198c       ??_C@_06GFPG@device?$AA@   0042098c     paramtestermainwindow.obj
 0003:00001994       ??_C@_0N@FBKL@instances?4?$CF1?$AA@ 00420994     paramtestermainwindow.obj
 0003:000019a4       ??_C@_07FJMA@setting?$AA@  004209a4     paramtestermainwindow.obj
 0003:000019ac       ??_C@_0BC@LIHI@?1config?1template?1?$AA@ 004209ac     paramtestermainwindow.obj
 0003:000019c0       ??_C@_0BN@KCHK@http?3?1?1www?4sbs?4siemens?4co?4uk?$AA@ 004209c0     paramtestermainwindow.obj
 0003:000019e0       ??_C@_0BH@FGGE@Author?5?9?5Mark?5Baldry?6?6?$AA@ 004209e0     paramtestermainwindow.obj
 0003:000019f8       ??_C@_0L@HCKM@Version?5?9?5?$AA@ 004209f8     paramtestermainwindow.obj
 0003:00001a04       ??_C@_02JJJH@?6?6?$AA@     00420a04     paramtestermainwindow.obj
 0003:00001a08       ??_C@_01BJG@?6?$AA@        00420a08     paramtestermainwindow.obj
 0003:00001a0c       ??_C@_0BJ@LMLB@withSlotSetToggled?$CIbool?$CJ?$AA@ 00420a0c     moc_paramtestermainwindow.obj
 0003:00001a28       ??_C@_0BP@KBFE@selectInstance?$CIQListViewItem?$CK?$CJ?$AA@ 00420a28     moc_paramtestermainwindow.obj
 0003:00001a48       ??_C@_0BM@FCBJ@selectParam?$CIQListViewItem?$CK?$CJ?$AA@ 00420a48     moc_paramtestermainwindow.obj
 0003:00001a64       ??_C@_0BC@GINB@setValue?$CIQString?$CJ?$AA@ 00420a64     moc_paramtestermainwindow.obj
 0003:00001a78       ??_C@_0BK@FHLP@setFilter?$CIconst?5QString?$CG?$CJ?$AA@ 00420a78     moc_paramtestermainwindow.obj
 0003:00001a94       ??_C@_0BC@GCCO@setEnteredValue?$CI?$CJ?$AA@ 00420a94     moc_paramtestermainwindow.obj
 0003:00001aa8       ??_C@_0BC@KHBM@ButtonPushed?$CIint?$CJ?$AA@ 00420aa8     moc_paramtestermainwindow.obj
 0003:00001abc       ??_C@_07LLFA@about?$CI?$CJ?$AA@ 00420abc     moc_paramtestermainwindow.obj
 0003:00001ac4       ??_C@_0BL@FDFC@retPressed?$CIQListViewItem?$CK?$CJ?$AA@ 00420ac4     moc_paramtestermainwindow.obj
 0003:00001ae0       ??_C@_0BN@DFBF@spacePressed?$CIQListViewItem?$CK?$CJ?$AA@ 00420ae0     moc_paramtestermainwindow.obj
 0003:00001b00       ??_C@_0BB@CGIE@toggleTestMode?$CI?$CJ?$AA@ 00420b00     moc_paramtestermainwindow.obj
 0003:00001b14       ??_C@_0BD@FBCA@withSlotSetToggled?$AA@ 00420b14     moc_paramtestermainwindow.obj
 0003:00001b68       ??_C@_03GKPL@val?$AA@      00420b68     moc_paramtestermainwindow.obj
 0003:00001b6c       ??_C@_0P@NIOC@selectInstance?$AA@ 00420b6c     moc_paramtestermainwindow.obj
 0003:00001b7c       ??_C@_0M@PHLH@selectParam?$AA@ 00420b7c     moc_paramtestermainwindow.obj
 0003:00001b88       ??_C@_03HEDO@lvi?$AA@      00420b88     moc_paramtestermainwindow.obj
 0003:00001b8c       ??_C@_08MGBD@setValue?$AA@ 00420b8c     moc_paramtestermainwindow.obj
 0003:00001b98       ??_C@_06JJIB@sValue?$AA@   00420b98     moc_paramtestermainwindow.obj
 0003:00001ba0       ??_C@_09JFIG@setFilter?$AA@ 00420ba0     moc_paramtestermainwindow.obj
 0003:00001bac       ??_C@_04LHJL@text?$AA@     00420bac     moc_paramtestermainwindow.obj
 0003:00001bb4       ??_C@_0BA@PNCN@setEnteredValue?$AA@ 00420bb4     moc_paramtestermainwindow.obj
 0003:00001bc4       ??_C@_0N@DFOP@ButtonPushed?$AA@ 00420bc4     moc_paramtestermainwindow.obj
 0003:00001bd4       ??_C@_05FNEB@about?$AA@    00420bd4     moc_paramtestermainwindow.obj
 0003:00001bdc       ??_C@_0L@CBLP@retPressed?$AA@ 00420bdc     moc_paramtestermainwindow.obj
 0003:00001be8       ??_C@_0N@PPDL@spacePressed?$AA@ 00420be8     moc_paramtestermainwindow.obj
 0003:00001bf8       ??_C@_0P@CBMA@toggleTestMode?$AA@ 00420bf8     moc_paramtestermainwindow.obj
 0003:00001c08       ??_C@_0BG@FHOO@ParamTesterMainWindow?$AA@ 00420c08     moc_paramtestermainwindow.obj
 0003:00001c20       ??_C@_0O@GBOH@QListViewItem?$AA@ 00420c20     moc_paramtestermainwindow.obj
 0003:00001c30       ??_C@_06DDPH@cPanel?$AA@   00420c30     moc_paramtestermainwindow.obj
 0003:00001c38       ??_C@_0BB@MOGM@languageChange?$CI?$CJ?$AA@ 00420c38     moc_paramtestermainwindowbase.obj
 0003:00001c4c       ??_C@_0P@COD@languageChange?$AA@ 00420c4c     moc_paramtestermainwindowbase.obj
 0003:00001c5c       ??_C@_0BK@JGOB@ParamTesterMainWindowBase?$AA@ 00420c5c     moc_paramtestermainwindowbase.obj
 0003:00001c78       ??_C@_0L@MPCJ@cbTestMode?$AA@ 00420c78     paramtestermainwindowbase.obj
 0003:00001c84       ??_C@_08CAGA@lineEdit?$AA@ 00420c84     paramtestermainwindowbase.obj
 0003:00001c90       ??_C@_0O@GGGM@pushButton_Go?$AA@ 00420c90     paramtestermainwindowbase.obj
 0003:00001ca0       ??_C@_09PBBG@groupBox2?$AA@ 00420ca0     paramtestermainwindowbase.obj
 0003:00001cac       ??_C@_0O@FHDD@setValueGroup?$AA@ 00420cac     paramtestermainwindowbase.obj
 0003:00001cbc       ??_C@_0BB@NDOF@textLabel1_2_3_2?$AA@ 00420cbc     paramtestermainwindowbase.obj
 0003:00001cd0       ??_C@_09MHAA@labeltype?$AA@ 00420cd0     paramtestermainwindowbase.obj
 0003:00001cdc       ??_C@_0P@IGPK@textLabel1_2_2?$AA@ 00420cdc     paramtestermainwindowbase.obj
 0003:00001cec       ??_C@_08PCMJ@labelDev?$AA@ 00420cec     paramtestermainwindowbase.obj
 0003:00001cf8       ??_C@_09BBJF@labelSlot?$AA@ 00420cf8     paramtestermainwindowbase.obj
 0003:00001d04       ??_C@_0P@CMGN@textLabel1_2_3?$AA@ 00420d04     paramtestermainwindowbase.obj
 0003:00001d14       ??_C@_0N@EDCN@textLabel1_2?$AA@ 00420d14     paramtestermainwindowbase.obj
 0003:00001d24       ??_C@_0L@KLFB@labelValue?$AA@ 00420d24     paramtestermainwindowbase.obj
 0003:00001d30       ??_C@_0L@KEKH@textLabel1?$AA@ 00420d30     paramtestermainwindowbase.obj
 0003:00001d3c       ??_C@_0O@OOMF@labelLocation?$AA@ 00420d3c     paramtestermainwindowbase.obj
 0003:00001d4c       ??_C@_09OKP@groupBox1?$AA@ 00420d4c     paramtestermainwindowbase.obj
 0003:00001d58       ??_C@_08MHIP@layout26?$AA@ 00420d58     paramtestermainwindowbase.obj
 0003:00001d64       ??_C@_09IOKP@Parameter?$AA@ 00420d64     paramtestermainwindowbase.obj
 0003:00001d70       ??_C@_09KCFH@listParam?$AA@ 00420d70     paramtestermainwindowbase.obj
 0003:00001d7c       ??_C@_0M@FAHP@withSlotSet?$AA@ 00420d7c     paramtestermainwindowbase.obj
 0003:00001d88       ??_C@_07MHED@layout3?$AA@  00420d88     paramtestermainwindowbase.obj
 0003:00001d90       ??_C@_06LFE@Alt?5ID?$AA@   00420d90     paramtestermainwindowbase.obj
 0003:00001d98       ??_C@_04FCOP@Type?$AA@     00420d98     paramtestermainwindowbase.obj
 0003:00001da0       ??_C@_08ICOJ@Instance?$AA@ 00420da0     paramtestermainwindowbase.obj
 0003:00001dac       ??_C@_0N@EDAJ@listInstance?$AA@ 00420dac     paramtestermainwindowbase.obj
 0003:00001dbc       ??_C@_09JCFH@splitter2?$AA@ 00420dbc     paramtestermainwindowbase.obj
 0003:00001dc8       ??_C@_0P@JIHH@lineEditFilter?$AA@ 00420dc8     paramtestermainwindowbase.obj
 0003:00001dd8       ??_C@_0BA@JCGN@textLabelFilter?$AA@ 00420dd8     paramtestermainwindowbase.obj
 0003:00001de8       ??_C@_07MHII@layout6?$AA@  00420de8     paramtestermainwindowbase.obj
 0003:00001df0       ??_C@_09DIMA@splitter3?$AA@ 00420df0     paramtestermainwindowbase.obj
 0003:00001dfc       ??_C@_0CA@ILJD@ParamTesterMainWindowBaseLayout?$AA@ 00420dfc     paramtestermainwindowbase.obj
 0003:00001e1c       ??_C@_0BC@OAFG@qt_central_widget?$AA@ 00420e1c     paramtestermainwindowbase.obj
 0003:00001e30       ??_C@_0LD@PAPL@Test?5Mode?5allows?5allows?5the?5spac@ 00420e30     paramtestermainwindowbase.obj
 0003:00001ee4       ??_C@_0BB@HJHJ@Enable?5test?5mode?$AA@ 00420ee4     paramtestermainwindowbase.obj
 0003:00001ef8       ??_C@_0CC@FHBH@Test?5Mode?6?6?6?6?6?$CILists?5need?5focus?4@ 00420ef8     paramtestermainwindowbase.obj
 0003:00001f1c       ??_C@_02DNIN@Go?$AA@       00420f1c     paramtestermainwindowbase.obj
 0003:00001f20       ??_C@_0GF@ICBD@Provides?5the?5user?5the?5ability?5to@ 00420f20     paramtestermainwindowbase.obj
 0003:00001f88       ??_C@_0BM@BBBP@Manual?5entry?5for?5parmaeter?4?$AA@ 00420f88     paramtestermainwindowbase.obj
 0003:00001fa4       ??_C@_0N@OKIO@Manual?5Entry?$AA@ 00420fa4     paramtestermainwindowbase.obj
 0003:00001fb4       ??_C@_0EO@FACJ@List?5of?5values?5avaialble?5for?5thi@ 00420fb4     paramtestermainwindowbase.obj
 0003:00002004       ??_C@_0BH@FICG@List?5of?5values?5to?5set?4?$AA@ 00421004     paramtestermainwindowbase.obj
 0003:0000201c       ??_C@_09KHAI@Set?5Value?$AA@ 0042101c     paramtestermainwindowbase.obj
 0003:00002028       ??_C@_06NBPC@Device?$AA@   00421028     paramtestermainwindowbase.obj
 0003:00002030       ??_C@_0ID@HIPO@This?5is?5the?5device?5number?5for?5th@ 00421030     paramtestermainwindowbase.obj
 0003:000020b4       ??_C@_0BG@IFOI@Current?5device?5number?$AA@ 004210b4     paramtestermainwindowbase.obj
 0003:000020cc       ??_C@_0CA@PPOP@Slot?5for?5the?5current?5parameter?4?$AA@ 004210cc     paramtestermainwindowbase.obj
 0003:000020ec       ??_C@_0N@JEAP@Current?5slot?$AA@ 004210ec     paramtestermainwindowbase.obj
 0003:000020fc       ??_C@_04CODI@Slot?$AA@     004210fc     paramtestermainwindowbase.obj
 0003:00002104       ??_C@_05KBGO@Value?$AA@    00421104     paramtestermainwindowbase.obj
 0003:0000210c       ??_C@_0EO@CGAA@Shows?5the?5value?5of?5the?5currently@ 0042110c     paramtestermainwindowbase.obj
 0003:0000215c       ??_C@_0O@NFNE@Current?5value?$AA@ 0042115c     paramtestermainwindowbase.obj
 0003:0000216c       ??_C@_08KDKK@Location?$AA@ 0042116c     paramtestermainwindowbase.obj
 0003:00002178       ??_C@_0FE@NPEH@Displays?5the?5location?0?5as?5set?5in@ 00421178     paramtestermainwindowbase.obj
 0003:000021cc       ??_C@_0BK@NOGM@Current?5instance?5location?$AA@ 004211cc     paramtestermainwindowbase.obj
 0003:000021e8       ??_C@_0ED@GAHN@Select?5the?5parameter?5on?5the?5curr@ 004211e8     paramtestermainwindowbase.obj
 0003:0000222c       ??_C@_0P@ECDL@Parameter?5list?$AA@ 0042122c     paramtestermainwindowbase.obj
 0003:0000223c       ??_C@_0BD@KMJF@Show?5only?5slot?5?$DO?50?$AA@ 0042123c     paramtestermainwindowbase.obj
 0003:00002250       ??_C@_0ID@OHPC@Select?5the?5instance?5to?5monitor?5o@ 00421250     paramtestermainwindowbase.obj
 0003:000022d4       ??_C@_09IFGL@Instances?$AA@ 004212d4     paramtestermainwindowbase.obj
 0003:000022e0       ??_C@_06GOOB@Filter?$AA@   004212e0     paramtestermainwindowbase.obj
 0003:000022e8       ??_C@_07HKHC@Network?$AA@  004212e8     panel:panelif.obj
 0003:000022f0       ??_C@_0M@PHEL@Workstation?$AA@ 004212f0     panel:panelif.obj
 0003:000022fc       ??_C@_07NJLA@CSI?4INI?$AA@ 004212fc     panel:panelif.obj
 0003:00002304       ??_C@_0P@NIEE@CC_WORKSTATION?$AA@ 00421304     panel:panelif.obj
 0003:00002314       ??_C@_0BD@DGL@Registering?5class?3?$AA@ 00421314     panel:panelif.obj
 0003:00002328       ??_C@_07JODG@panelif?$AA@  00421328     panel:panelif.obj
 0003:00002330       ??_C@_04DCMN@?$CFs?$CFs?$AA@ 00421330     panel:panelif.obj
 0003:00002338       ??_C@_07NICC@?5?8?0?9?9?9?8?$AA@ 00421338     panel:panelif.obj
 0003:00002340       ??_C@_03IGPL@?5?$CFd?$AA@  00421340     panel:panelif.obj
 0003:00002344       ??_C@_0BF@PBKI@_?$CL_?$CL_?$CL_?$CL_?$CL_?$CL_?$CL?5NO?5P?6?$AA@ 00421344     panel:panelif.obj
 0003:0000235c       ??_C@_0M@HEPL@RM?5?$CFd?5?$CFd?5?$CFd?$AA@ 0042135c     panel:panelif.obj
 0003:00002368       ??_C@_0M@NGNF@CSI?5closing?$AA@ 00421368     panel:panelif.obj
 0003:00002374       ??_C@_0CA@NIKF@?2StringFileInfo?2?$CFs?2SpecialBuild?$AA@ 00421374     BncsVersionInfo:cBncsVersion.obj
 0003:00002394       ??_C@_0CE@CKA@?2StringFileInfo?2?$CFs?2OriginalFileN@ 00421394     BncsVersionInfo:cBncsVersion.obj
 0003:000023b8       ??_C@_0CA@BBDI@?2StringFileInfo?2?$CFs?2PrivateBuild?$AA@ 004213b8     BncsVersionInfo:cBncsVersion.obj
 0003:000023d8       ??_C@_0CD@GCNL@?2StringFileInfo?2?$CFs?2LegalTradeMar@ 004213d8     BncsVersionInfo:cBncsVersion.obj
 0003:000023fc       ??_C@_0CC@KILK@?2StringFileInfo?2?$CFs?2ProductVersio@ 004213fc     BncsVersionInfo:cBncsVersion.obj
 0003:00002420       ??_C@_0CC@OKGI@?2StringFileInfo?2?$CFs?2LegalCopyrigh@ 00421420     BncsVersionInfo:cBncsVersion.obj
 0003:00002444       ??_C@_0BP@HFNO@?2StringFileInfo?2?$CFs?2CompanyName?$AA@ 00421444     BncsVersionInfo:cBncsVersion.obj
 0003:00002464       ??_C@_0BP@OKDL@?2StringFileInfo?2?$CFs?2ProductName?$AA@ 00421464     BncsVersionInfo:cBncsVersion.obj
 0003:00002484       ??_C@_0CA@FECA@?2StringFileInfo?2?$CFs?2InternalName?$AA@ 00421484     BncsVersionInfo:cBncsVersion.obj
 0003:000024a4       ??_C@_0BM@IIGK@?2StringFileInfo?2?$CFs?2Comments?$AA@ 004214a4     BncsVersionInfo:cBncsVersion.obj
 0003:000024c0       ??_C@_0CD@LFKN@?2StringFileInfo?2?$CFs?2FileDescripti@ 004214c0     BncsVersionInfo:cBncsVersion.obj
 0003:000024e4       ??_C@_0BP@EOHM@?2StringFileInfo?2?$CFs?2FileVersion?$AA@ 004214e4     BncsVersionInfo:cBncsVersion.obj
 0003:00002504       ??_C@_08CALL@?$CF04X?$CF04X?$AA@ 00421504     BncsVersionInfo:cBncsVersion.obj
 0003:00002510       ??_C@_0BJ@KCFH@?2VarFileInfo?2Translation?$AA@ 00421510     BncsVersionInfo:cBncsVersion.obj
 0003:00002530       ___defaultmatherr          00421530     MSVCRT:merr.obj
 0003:00002538       ??_C@_00A@?$AA@            00421538     paramtestermainwindow.obj
 0003:00002548       ?metaObj@ParamTesterMainWindow@@0PAVQMetaObject@@A 00421548     moc_paramtestermainwindow.obj
 0003:00002594       ?metaObj@ParamTesterMainWindowBase@@0PAVQMetaObject@@A 00421594     moc_paramtestermainwindowbase.obj
 0003:000025bc       __dowildcard               004215bc     MSVCRT:wildcard.obj
 0003:000025c0       __newmode                  004215c0     MSVCRT:_newmode.obj
 0003:000025c4       __commode                  004215c4     MSVCRT:xncommod.obj
 0003:000025c8       __fmode                    004215c8     MSVCRT:xtxtmode.obj
 0003:000025cc       __adjust_fdiv              004215cc     <common>
 0003:000025d0       ___onexitend               004215d0     <common>
 0003:000025d4       ___onexitbegin             004215d4     <common>

 entry point at        0001:0000d2b0

 Static symbols

 0001:00008c80       _$E103                     00409c80 f   moc_paramtestermainwindowbase.obj
 0001:00008c90       _$E100                     00409c90 f   moc_paramtestermainwindowbase.obj
 0001:00008cb0       _$E102                     00409cb0 f   moc_paramtestermainwindowbase.obj
 0001:00008cc0       _$E101                     00409cc0 f   moc_paramtestermainwindowbase.obj
 0001:00008820       _$E104                     00409820 f   moc_paramtestermainwindow.obj
 0001:00008830       _$E101                     00409830 f   moc_paramtestermainwindow.obj
 0001:00008850       _$E103                     00409850 f   moc_paramtestermainwindow.obj
 0001:00008860       _$E102                     00409860 f   moc_paramtestermainwindow.obj
