 ParamTester

 Timestamp is 5e9dbbde (Mon Apr 20 16:12:30 2020)

 Preferred load address is 00400000

 Start         Length     Name                   Class
 0001:00000000 000000b8H .text                   CODE
 0001:000000c0 00000081H .text$di                CODE
 0001:00000150 0000cbdaH .text$mn                CODE
 0001:0000cd30 000016a6H .text$x                 CODE
 0001:0000e3e0 0000004bH .text$yd                CODE
 0002:00000000 00000f7cH .idata$5                DATA
 0002:00000f7c 00000004H .CRT$XCA                DATA
 0002:00000f80 00000004H .CRT$XCAA               DATA
 0002:00000f84 00000014H .CRT$XCU                DATA
 0002:00000f98 00000004H .CRT$XCZ                DATA
 0002:00000f9c 00000004H .CRT$XIA                DATA
 0002:00000fa0 00000004H .CRT$XIAA               DATA
 0002:00000fa4 00000004H .CRT$XIC                DATA
 0002:00000fa8 00000004H .CRT$XIY                DATA
 0002:00000fac 00000004H .CRT$XIZ                DATA
 0002:00000fb0 00004d18H .rdata                  DATA
 0002:00005cc8 0000108cH .rdata$r                DATA
 0002:00006d54 00000004H .rtc$IAA                DATA
 0002:00006d58 00000004H .rtc$IZZ                DATA
 0002:00006d5c 00000004H .rtc$TAA                DATA
 0002:00006d60 00000004H .rtc$TZZ                DATA
 0002:00006d68 000014a4H .xdata$x                DATA
 0002:0000820c 00000000H .edata                  DATA
 0002:0000820c 000000b4H .idata$2                DATA
 0002:000082c0 00000014H .idata$3                DATA
 0002:000082d4 00000f7cH .idata$4                DATA
 0002:00009250 00009b06H .idata$6                DATA
 0003:00000000 00000482H .data                   DATA
 0003:00000484 00000554H .data$r                 DATA
 0003:000009d8 00000614H .bss                    DATA
 0004:00000000 00000190H .rsrc$01                DATA
 0004:00000190 00004058H .rsrc$02                DATA

  Address         Publics by Value              Rva+Base       Lib:Object

 0000:00000000       ___safe_se_handler_count   00000000     <absolute>
 0000:00000000       ___guard_fids_table        00000000     <absolute>
 0000:00000000       ___safe_se_handler_table   00000000     <absolute>
 0000:00000000       __except_list              00000000     <absolute>
 0000:00000000       ___guard_flags             00000000     <absolute>
 0000:00000000       ___guard_fids_count        00000000     <absolute>
 0000:00009876       __ldused                   00009876     <absolute>
 0000:00009876       __fltused                  00009876     <absolute>
 0000:00000000       ___ImageBase               00400000     <linker-defined>
 0001:00000000       _WinMain@16                00401000 f   qtmain:qtmain_win.obj
 0001:0000008d       ?detach@?$QMemArray@PAD@@UAEXXZ 0040108d f i qtmain:qtmain_win.obj
 0001:00000095       ??_G?$QMemArray@PAD@@UAEPAXI@Z 00401095 f i qtmain:qtmain_win.obj
 0001:00000095       ??_E?$QMemArray@PAD@@UAEPAXI@Z 00401095 f i qtmain:qtmain_win.obj
 0001:00000150       ??0?$basic_string@DU?$char_traits@D@std@@V?$allocator@D@2@@std@@QAE@PBD@Z 00401150 f i main.obj
 0001:000001b0       ??1?$basic_string@DU?$char_traits@D@std@@V?$allocator@D@2@@std@@QAE@XZ 004011b0 f i main.obj
 0001:000001e0       ??3@YAXPAX0@Z              004011e0 f i main.obj
 0001:000001e0       ?cccConnected@IccClientCallback@@MAEXXZ 004011e0 f i paramtestermainwindow.obj
 0001:000001e0       ?cccDisconnected@IccClientCallback@@MAEXXZ 004011e0 f i paramtestermainwindow.obj
 0001:000001f0       ??_E_Generic_error_category@std@@UAEPAXI@Z 004011f0 f i main.obj
 0001:000001f0       ??_Gerror_category@std@@UAEPAXI@Z 004011f0 f i main.obj
 0001:000001f0       ??_Eerror_category@std@@UAEPAXI@Z 004011f0 f i main.obj
 0001:000001f0       ??_G_System_error_category@std@@UAEPAXI@Z 004011f0 f i main.obj
 0001:000001f0       ??_E_System_error_category@std@@UAEPAXI@Z 004011f0 f i main.obj
 0001:000001f0       ??_E_Iostream_error_category@std@@UAEPAXI@Z 004011f0 f i main.obj
 0001:000001f0       ??_G_Generic_error_category@std@@UAEPAXI@Z 004011f0 f i main.obj
 0001:000001f0       ??_G_Iostream_error_category@std@@UAEPAXI@Z 004011f0 f i main.obj
 0001:00000220       ?_Copy@?$basic_string@DU?$char_traits@D@std@@V?$allocator@D@2@@std@@QAEXII@Z 00401220 f i main.obj
 0001:00000370       ?_Grow@?$basic_string@DU?$char_traits@D@std@@V?$allocator@D@2@@std@@QAE_NI_N@Z 00401370 f i main.obj
 0001:00000420       ?allocate@?$_Wrap_alloc@V?$allocator@D@std@@@std@@QAEPADI@Z 00401420 f i main.obj
 0001:00000450       ?assign@?$basic_string@DU?$char_traits@D@std@@V?$allocator@D@2@@std@@QAEAAV12@ABV12@II@Z 00401450 f i main.obj
 0001:00000570       ?assign@?$basic_string@DU?$char_traits@D@std@@V?$allocator@D@2@@std@@QAEAAV12@PBDI@Z 00401570 f i main.obj
 0001:00000670       ?default_error_condition@_System_error_category@std@@UBE?AVerror_condition@2@H@Z 00401670 f i main.obj
 0001:000006b0       ?default_error_condition@error_category@std@@UBE?AVerror_condition@2@H@Z 004016b0 f i main.obj
 0001:000006d0       ?equivalent@error_category@std@@UBE_NABVerror_code@2@H@Z 004016d0 f i main.obj
 0001:000006f0       ?equivalent@error_category@std@@UBE_NHABVerror_condition@2@@Z 004016f0 f i main.obj
 0001:00000730       ?erase@?$basic_string@DU?$char_traits@D@std@@V?$allocator@D@2@@std@@QAEAAV12@II@Z 00401730 f i main.obj
 0001:000007d0       ?message@_Generic_error_category@std@@UBE?AV?$basic_string@DU?$char_traits@D@std@@V?$allocator@D@2@@2@H@Z 004017d0 f i main.obj
 0001:00000850       ?message@_Iostream_error_category@std@@UBE?AV?$basic_string@DU?$char_traits@D@std@@V?$allocator@D@2@@2@H@Z 00401850 f i main.obj
 0001:000008a0       ?message@_System_error_category@std@@UBE?AV?$basic_string@DU?$char_traits@D@std@@V?$allocator@D@2@@2@H@Z 004018a0 f i main.obj
 0001:00000920       ?name@_Generic_error_category@std@@UBEPBDXZ 00401920 f i main.obj
 0001:00000930       ?name@_Iostream_error_category@std@@UBEPBDXZ 00401930 f i main.obj
 0001:00000940       ?name@_System_error_category@std@@UBEPBDXZ 00401940 f i main.obj
 0001:00000950       _main                      00401950 f   main.obj
 0001:00000ae0       ??0myListViewItem@@QAE@PAVQListView@@VQString@@1111111@Z 00401ae0 f   myListViewItem.obj
 0001:00000c30       ??_GmyListViewItem@@UAEPAXI@Z 00401c30 f i myListViewItem.obj
 0001:00000c30       ??_EmyListViewItem@@UAEPAXI@Z 00401c30 f i myListViewItem.obj
 0001:00000c60       ?compare@myListViewItem@@UBEHPAVQListViewItem@@H_N@Z 00401c60 f   myListViewItem.obj
 0001:00000e70       ??0ParamTesterMainWindow@@QAE@PAVQWidget@@PBDI@Z 00401e70 f   paramtestermainwindow.obj
 0001:00001480       ??1ParamTesterMainWindow@@UAE@XZ 00402480 f   paramtestermainwindow.obj
 0001:00001555       ??_EParamTesterMainWindow@@WCI@AEPAXI@Z 00402555 f i paramtestermainwindow.obj
 0001:0000155d       ??_EQMenuBar@@WCI@AEPAXI@Z 0040255d f i paramtestermainwindow.obj
 0001:00001565       ??_EQMenuBar@@WIM@AEPAXI@Z 00402565 f i paramtestermainwindow.obj
 0001:00001570       ??_EQPopupMenu@@WCI@AEPAXI@Z 00402570 f i paramtestermainwindow.obj
 0001:00001578       ??_EQPopupMenu@@WIM@AEPAXI@Z 00402578 f i paramtestermainwindow.obj
 0001:00001583       ??_EQProgressDialog@@WCI@AEPAXI@Z 00402583 f i paramtestermainwindow.obj
 0001:0000158b       ??_EQPushButton@@WCI@AEPAXI@Z 0040258b f i paramtestermainwindow.obj
 0001:000015a0       ??_G?$QPtrList@VQPushButton@@@@UAEPAXI@Z 004025a0 f i paramtestermainwindow.obj
 0001:000015a0       ??_E?$QPtrList@VQPushButton@@@@UAEPAXI@Z 004025a0 f i paramtestermainwindow.obj
 0001:00001610       ??_GParamTesterMainWindow@@UAEPAXI@Z 00402610 f i paramtestermainwindow.obj
 0001:00001610       ??_EParamTesterMainWindow@@UAEPAXI@Z 00402610 f i paramtestermainwindow.obj
 0001:00001640       ??_EQDomElement@@UAEPAXI@Z 00402640 f i paramtestermainwindow.obj
 0001:00001640       ??_GQDomElement@@UAEPAXI@Z 00402640 f i paramtestermainwindow.obj
 0001:00001670       ??_EQMenuBar@@UAEPAXI@Z    00402670 f i paramtestermainwindow.obj
 0001:00001670       ??_GQMenuBar@@UAEPAXI@Z    00402670 f i paramtestermainwindow.obj
 0001:000016a0       ??_EQPopupMenu@@UAEPAXI@Z  004026a0 f i paramtestermainwindow.obj
 0001:000016a0       ??_GQPopupMenu@@UAEPAXI@Z  004026a0 f i paramtestermainwindow.obj
 0001:000016d0       ??_GQProgressDialog@@UAEPAXI@Z 004026d0 f i paramtestermainwindow.obj
 0001:000016d0       ??_EQProgressDialog@@UAEPAXI@Z 004026d0 f i paramtestermainwindow.obj
 0001:00001700       ??_GQPushButton@@UAEPAXI@Z 00402700 f i paramtestermainwindow.obj
 0001:00001700       ??_EQPushButton@@UAEPAXI@Z 00402700 f i paramtestermainwindow.obj
 0001:00001730       ?ButtonPushed@ParamTesterMainWindow@@QAEXH@Z 00402730 f   paramtestermainwindow.obj
 0001:000018a0       ?LoadTemplate@ParamTesterMainWindow@@AAEXVQString@@@Z 004028a0 f   paramtestermainwindow.obj
 0001:00001ee0       ?about@ParamTesterMainWindow@@QAEXXZ 00402ee0 f   paramtestermainwindow.obj
 0001:00002100       ?cccConfigChangeMessage@IccClientCallback@@MAEXABV?$basic_string@DU?$char_traits@D@std@@V?$allocator@D@2@@std@@@Z 00403100 f i paramtestermainwindow.obj
 0001:00002110       ?cccDeviceMessage@IccClientCallback@@MAEXHHABV?$basic_string@DU?$char_traits@D@std@@V?$allocator@D@2@@std@@H@Z 00403110 f i paramtestermainwindow.obj
 0001:00002120       ?cccDatabaseChange@IccClientCallback@@MAEXHHH@Z 00403120 f i paramtestermainwindow.obj
 0001:00002120       ?cccRtrRevertive@IccClientCallback@@MAEXHHH@Z 00403120 f i paramtestermainwindow.obj
 0001:00002120       ?cccGpiRevertive@IccClientCallback@@MAEXHH_N@Z 00403120 f i paramtestermainwindow.obj
 0001:00002120       ?cccInfoRevertive@IccClientCallback@@MAEXHHABV?$basic_string@DU?$char_traits@D@std@@V?$allocator@D@2@@std@@@Z 00403120 f i paramtestermainwindow.obj
 0001:00002120       ?cccDeviceMode@IccClientCallback@@MAEXHHW4redundancyState@cc@@@Z 00403120 f i paramtestermainwindow.obj
 0001:00002130       ?cccDisconnected@ParamTesterMainWindow@@UAEXXZ 00403130 f   paramtestermainwindow.obj
 0001:00002140       ?cccGpiRevertive@ParamTesterMainWindow@@UAEXHH_N@Z 00403140 f   paramtestermainwindow.obj
 0001:000021f0       ?cccInfoRevertive@ParamTesterMainWindow@@UAEXHHABV?$basic_string@DU?$char_traits@D@std@@V?$allocator@D@2@@std@@@Z 004031f0 f   paramtestermainwindow.obj
 0001:00002280       ?cccRtrRevertive@ParamTesterMainWindow@@UAEXHHH@Z 00403280 f   paramtestermainwindow.obj
 0001:00002330       ?cccSerialNumberError@IccClientCallback@@MAEXHH@Z 00403330 f i paramtestermainwindow.obj
 0001:00002330       ?cccPollError@IccClientCallback@@MAEXHH@Z 00403330 f i paramtestermainwindow.obj
 0001:00002340       ?clear@?$QPtrList@VQPushButton@@@@UAEXXZ 00403340 f i paramtestermainwindow.obj
 0001:00002350       ?count@?$QPtrList@VQPushButton@@@@UBEIXZ 00403350 f i paramtestermainwindow.obj
 0001:00002360       ?deleteItem@?$QPtrList@VQPushButton@@@@EAEXPAX@Z 00403360 f i paramtestermainwindow.obj
 0001:00002390       ?handleRevertive@ParamTesterMainWindow@@QAEXHHABVQString@@@Z 00403390 f   paramtestermainwindow.obj
 0001:00002460       ?loadDeviceType@ParamTesterMainWindow@@AAE_NVQString@@@Z 00403460 f   paramtestermainwindow.obj
 0001:00002a10       ?loadInstances@ParamTesterMainWindow@@QAE_NXZ 00403a10 f   paramtestermainwindow.obj
 0001:000031e0       ?metaObject@ParamTesterMainWindow@@UBEPAVQMetaObject@@XZ 004041e0 f i paramtestermainwindow.obj
 0001:000031f0       ?retPressed@ParamTesterMainWindow@@QAEXPAVQListViewItem@@@Z 004041f0 f   paramtestermainwindow.obj
 0001:00003200       ?selectInstance@ParamTesterMainWindow@@QAEXPAVQListViewItem@@@Z 00404200 f   paramtestermainwindow.obj
 0001:000036d0       ?selectNextParam@ParamTesterMainWindow@@AAEXXZ 004046d0 f   paramtestermainwindow.obj
 0001:00003780       ?selectParam@ParamTesterMainWindow@@QAEXPAVQListViewItem@@@Z 00404780 f   paramtestermainwindow.obj
 0001:00004540       ?setDevSlot@ParamTesterMainWindow@@AAE_NVQString@@0@Z 00405540 f   paramtestermainwindow.obj
 0001:00004f00       ?setEnteredValue@ParamTesterMainWindow@@QAEXXZ 00405f00 f   paramtestermainwindow.obj
 0001:000050f0       ?setFilter@ParamTesterMainWindow@@QAEXABVQString@@@Z 004060f0 f   paramtestermainwindow.obj
 0001:00005240       ?setValue@ParamTesterMainWindow@@QAEXVQString@@@Z 00406240 f   paramtestermainwindow.obj
 0001:000053e0       ?spacePressed@ParamTesterMainWindow@@QAEXPAVQListViewItem@@@Z 004063e0 f   paramtestermainwindow.obj
 0001:000053f0       ?toggleState@ParamTesterMainWindow@@AAEXXZ 004063f0 f   paramtestermainwindow.obj
 0001:00005460       ?toggleTestMode@ParamTesterMainWindow@@QAEXXZ 00406460 f   paramtestermainwindow.obj
 0001:00005480       ?withSlotSetToggled@ParamTesterMainWindow@@QAEX_N@Z 00406480 f   paramtestermainwindow.obj
 0001:00005570       ?className@ParamTesterMainWindow@@UBEPBDXZ 00406570 f   moc_paramtestermainwindow.obj
 0001:00005580       ?qt_cast@ParamTesterMainWindow@@UAEPAXPBD@Z 00406580 f   moc_paramtestermainwindow.obj
 0001:00005630       ?qt_emit@ParamTesterMainWindow@@UAE_NHPAUQUObject@@@Z 00406630 f   moc_paramtestermainwindow.obj
 0001:00005640       ?qt_invoke@ParamTesterMainWindow@@UAE_NHPAUQUObject@@@Z 00406640 f   moc_paramtestermainwindow.obj
 0001:00005780       ?qt_property@ParamTesterMainWindow@@UAE_NHHPAVQVariant@@@Z 00406780 f   moc_paramtestermainwindow.obj
 0001:00005790       ?staticMetaObject@ParamTesterMainWindow@@SAPAVQMetaObject@@XZ 00406790 f   moc_paramtestermainwindow.obj
 0001:00005940       ?className@ParamTesterMainWindowBase@@UBEPBDXZ 00406940 f   moc_paramtestermainwindowbase.obj
 0001:00005950       ?qt_cast@ParamTesterMainWindowBase@@UAEPAXPBD@Z 00406950 f   moc_paramtestermainwindowbase.obj
 0001:000059b0       ?qt_emit@ParamTesterMainWindowBase@@UAE_NHPAUQUObject@@@Z 004069b0 f   moc_paramtestermainwindowbase.obj
 0001:000059c0       ?qt_invoke@ParamTesterMainWindowBase@@UAE_NHPAUQUObject@@@Z 004069c0 f   moc_paramtestermainwindowbase.obj
 0001:00005a50       ?qt_property@ParamTesterMainWindowBase@@UAE_NHHPAVQVariant@@@Z 00406a50 f   moc_paramtestermainwindowbase.obj
 0001:00005a60       ?staticMetaObject@ParamTesterMainWindowBase@@SAPAVQMetaObject@@XZ 00406a60 f   moc_paramtestermainwindowbase.obj
 0001:00005ab0       ?tr@ParamTesterMainWindowBase@@SA?AVQString@@PBD0@Z 00406ab0 f   moc_paramtestermainwindowbase.obj
 0001:00005b10       ??0ParamTesterMainWindowBase@@QAE@PAVQWidget@@PBDI@Z 00406b10 f   paramtestermainwindowbase.obj
 0001:00006b60       ??1ParamTesterMainWindowBase@@UAE@XZ 00407b60 f   paramtestermainwindowbase.obj
 0001:00006b73       ??_EParamTesterMainWindowBase@@WCI@AEPAXI@Z 00407b73 f i paramtestermainwindowbase.obj
 0001:00006b7b       ??_EQButtonGroup@@WCI@AEPAXI@Z 00407b7b f i paramtestermainwindowbase.obj
 0001:00006b83       ??_EQCheckBox@@WCI@AEPAXI@Z 00407b83 f i paramtestermainwindowbase.obj
 0001:00006b8b       ??_EQComboBox@@WCI@AEPAXI@Z 00407b8b f i paramtestermainwindowbase.obj
 0001:00006b93       ??_EQGridLayout@@WCI@AEPAXI@Z 00407b93 f i paramtestermainwindowbase.obj
 0001:00006b9b       ??_EQGroupBox@@WCI@AEPAXI@Z 00407b9b f i paramtestermainwindowbase.obj
 0001:00006ba3       ??_EQHBoxLayout@@WCI@AEPAXI@Z 00407ba3 f i paramtestermainwindowbase.obj
 0001:00006bab       ??_EQLabel@@WCI@AEPAXI@Z   00407bab f i paramtestermainwindowbase.obj
 0001:00006bb3       ??_EQLineEdit@@WCI@AEPAXI@Z 00407bb3 f i paramtestermainwindowbase.obj
 0001:00006bbb       ??_EQListView@@WCI@AEPAXI@Z 00407bbb f i paramtestermainwindowbase.obj
 0001:00006bc3       ??_EQSplitter@@WCI@AEPAXI@Z 00407bc3 f i paramtestermainwindowbase.obj
 0001:00006bcb       ??_EQVBoxLayout@@WCI@AEPAXI@Z 00407bcb f i paramtestermainwindowbase.obj
 0001:00006bd3       ??_EQWidget@@WCI@AEPAXI@Z  00407bd3 f i paramtestermainwindowbase.obj
 0001:00006be0       ??_EParamTesterMainWindowBase@@UAEPAXI@Z 00407be0 f i paramtestermainwindowbase.obj
 0001:00006be0       ??_GParamTesterMainWindowBase@@UAEPAXI@Z 00407be0 f i paramtestermainwindowbase.obj
 0001:00006c10       ??_EQButtonGroup@@UAEPAXI@Z 00407c10 f i paramtestermainwindowbase.obj
 0001:00006c10       ??_GQButtonGroup@@UAEPAXI@Z 00407c10 f i paramtestermainwindowbase.obj
 0001:00006c40       ??_EQCheckBox@@UAEPAXI@Z   00407c40 f i paramtestermainwindowbase.obj
 0001:00006c40       ??_GQCheckBox@@UAEPAXI@Z   00407c40 f i paramtestermainwindowbase.obj
 0001:00006c70       ??_EQComboBox@@UAEPAXI@Z   00407c70 f i paramtestermainwindowbase.obj
 0001:00006c70       ??_GQComboBox@@UAEPAXI@Z   00407c70 f i paramtestermainwindowbase.obj
 0001:00006ca0       ??_GQGridLayout@@UAEPAXI@Z 00407ca0 f i paramtestermainwindowbase.obj
 0001:00006ca0       ??_EQGridLayout@@UAEPAXI@Z 00407ca0 f i paramtestermainwindowbase.obj
 0001:00006cd0       ??_GQGroupBox@@UAEPAXI@Z   00407cd0 f i paramtestermainwindowbase.obj
 0001:00006cd0       ??_EQGroupBox@@UAEPAXI@Z   00407cd0 f i paramtestermainwindowbase.obj
 0001:00006d00       ??_EQHBoxLayout@@UAEPAXI@Z 00407d00 f i paramtestermainwindowbase.obj
 0001:00006d00       ??_GQHBoxLayout@@UAEPAXI@Z 00407d00 f i paramtestermainwindowbase.obj
 0001:00006d30       ??_GQLabel@@UAEPAXI@Z      00407d30 f i paramtestermainwindowbase.obj
 0001:00006d30       ??_EQLabel@@UAEPAXI@Z      00407d30 f i paramtestermainwindowbase.obj
 0001:00006d60       ??_EQLineEdit@@UAEPAXI@Z   00407d60 f i paramtestermainwindowbase.obj
 0001:00006d60       ??_GQLineEdit@@UAEPAXI@Z   00407d60 f i paramtestermainwindowbase.obj
 0001:00006d90       ??_GQListView@@UAEPAXI@Z   00407d90 f i paramtestermainwindowbase.obj
 0001:00006d90       ??_EQListView@@UAEPAXI@Z   00407d90 f i paramtestermainwindowbase.obj
 0001:00006dc0       ??_EQSpacerItem@@UAEPAXI@Z 00407dc0 f i paramtestermainwindowbase.obj
 0001:00006dc0       ??_GQSpacerItem@@UAEPAXI@Z 00407dc0 f i paramtestermainwindowbase.obj
 0001:00006df0       ??_GQSplitter@@UAEPAXI@Z   00407df0 f i paramtestermainwindowbase.obj
 0001:00006df0       ??_EQSplitter@@UAEPAXI@Z   00407df0 f i paramtestermainwindowbase.obj
 0001:00006e20       ??_EQVBoxLayout@@UAEPAXI@Z 00407e20 f i paramtestermainwindowbase.obj
 0001:00006e20       ??_GQVBoxLayout@@UAEPAXI@Z 00407e20 f i paramtestermainwindowbase.obj
 0001:00006e50       ??_EQWidget@@UAEPAXI@Z     00407e50 f i paramtestermainwindowbase.obj
 0001:00006e50       ??_GQWidget@@UAEPAXI@Z     00407e50 f i paramtestermainwindowbase.obj
 0001:00006e80       ?languageChange@ParamTesterMainWindowBase@@MAEXXZ 00407e80 f   paramtestermainwindowbase.obj
 0001:00007700       ?metaObject@ParamTesterMainWindowBase@@UBEPAVQMetaObject@@XZ 00408700 f i paramtestermainwindowbase.obj
 0001:00007710       ??0?$basic_string@DU?$char_traits@D@std@@V?$allocator@D@2@@std@@QAE@$$QAV01@@Z 00408710 f i ccLibrary_vs2013:ccClient.obj
 0001:00007780       ??0ccClient@@QAE@PAVIccClientCallback@@ABV?$basic_string@DU?$char_traits@D@std@@V?$allocator@D@2@@std@@@Z 00408780 f   ccLibrary_vs2013:ccClient.obj
 0001:00007970       ??1?$queue@V?$basic_string@DU?$char_traits@D@std@@V?$allocator@D@2@@std@@V?$deque@V?$basic_string@DU?$char_traits@D@std@@V?$allocator@D@2@@std@@V?$allocator@V?$basic_string@DU?$char_traits@D@std@@V?$allocator@D@2@@std@@@2@@2@@std@@QAE@XZ 00408970 f i ccLibrary_vs2013:ccClient.obj
 0001:00007990       ??1ccClient@@UAE@XZ        00408990 f   ccLibrary_vs2013:ccClient.obj
 0001:00007a40       ??_EccClient@@UAEPAXI@Z    00408a40 f i ccLibrary_vs2013:ccClient.obj
 0001:00007a40       ??_GccClient@@UAEPAXI@Z    00408a40 f i ccLibrary_vs2013:ccClient.obj
 0001:00007a70       ?BNCSSendMessage@ccClient@@AAEJIIJHHH@Z 00408a70 f   ccLibrary_vs2013:ccClient.obj
 0001:00007ad0       ?WndProc@ccClient@@CGJPAUHWND__@@IIJ@Z 00408ad0 f   ccLibrary_vs2013:ccClient.obj
 0001:00008480       ?_Growmap@?$deque@V?$basic_string@DU?$char_traits@D@std@@V?$allocator@D@2@@std@@V?$allocator@V?$basic_string@DU?$char_traits@D@std@@V?$allocator@D@2@@std@@@2@@std@@IAEXI@Z 00409480 f i ccLibrary_vs2013:ccClient.obj
 0001:00008600       ?_Tidy@?$deque@V?$basic_string@DU?$char_traits@D@std@@V?$allocator@D@2@@std@@V?$allocator@V?$basic_string@DU?$char_traits@D@std@@V?$allocator@D@2@@std@@@2@@std@@IAEXXZ 00409600 f i ccLibrary_vs2013:ccClient.obj
 0001:000086a0       ?begin@?$deque@V?$basic_string@DU?$char_traits@D@std@@V?$allocator@D@2@@std@@V?$allocator@V?$basic_string@DU?$char_traits@D@std@@V?$allocator@D@2@@std@@@2@@std@@QAE?AV?$_Deque_iterator@V?$_Deque_val@U?$_Deque_simple_types@V?$basic_string@DU?$char_traits@D@std@@V?$allocator@D@2@@std@@@std@@@std@@@2@XZ 004096a0 f i ccLibrary_vs2013:ccClient.obj
 0001:000086c0       ?connect@ccClient@@QAE_NW4ipcType@cc@@J@Z 004096c0 f   ccLibrary_vs2013:ccClient.obj
 0001:00008950       ?devicePoll@ccClient@@AAEXDHHH_N@Z 00409950 f   ccLibrary_vs2013:ccClient.obj
 0001:00008a90       ?disconnect@ccClient@@QAE_NXZ 00409a90 f   ccLibrary_vs2013:ccClient.obj
 0001:00008af0       ?gpiPoll@ccClient@@QAEXHHH_N@Z 00409af0 f   ccLibrary_vs2013:ccClient.obj
 0001:00008b10       ?gpiSwitch@ccClient@@QAEXHH_N0H@Z 00409b10 f   ccLibrary_vs2013:ccClient.obj
 0001:00008bf0       ?infoPoll@ccClient@@QAEXHHH_N@Z 00409bf0 f   ccLibrary_vs2013:ccClient.obj
 0001:00008c10       ?infoWrite@ccClient@@QAEXHHABV?$basic_string@DU?$char_traits@D@std@@V?$allocator@D@2@@std@@_NH@Z 00409c10 f   ccLibrary_vs2013:ccClient.obj
 0001:00008d00       ?push_back@?$deque@V?$basic_string@DU?$char_traits@D@std@@V?$allocator@D@2@@std@@V?$allocator@V?$basic_string@DU?$char_traits@D@std@@V?$allocator@D@2@@std@@@2@@std@@QAEX$$QAV?$basic_string@DU?$char_traits@D@std@@V?$allocator@D@2@@2@@Z 00409d00 f i ccLibrary_vs2013:ccClient.obj
 0001:00008d70       ?push_back@?$deque@V?$basic_string@DU?$char_traits@D@std@@V?$allocator@D@2@@std@@V?$allocator@V?$basic_string@DU?$char_traits@D@std@@V?$allocator@D@2@@std@@@2@@std@@QAEXABV?$basic_string@DU?$char_traits@D@std@@V?$allocator@D@2@@2@@Z 00409d70 f i ccLibrary_vs2013:ccClient.obj
 0001:00008e30       ?revertiveDeregister@ccClient@@QAEXHHH@Z 00409e30 f   ccLibrary_vs2013:ccClient.obj
 0001:00008eb0       ?revertiveRegister@ccClient@@QAEXHHH_NH@Z 00409eb0 f   ccLibrary_vs2013:ccClient.obj
 0001:00008f50       ?routerCrosspoint@ccClient@@QAEXHHHABV?$basic_string@DU?$char_traits@D@std@@V?$allocator@D@2@@std@@_NH@Z 00409f50 f   ccLibrary_vs2013:ccClient.obj
 0001:00009040       ?routerPoll@ccClient@@QAEXHHH_N@Z 0040a040 f   ccLibrary_vs2013:ccClient.obj
 0001:00009060       ??$?HDU?$char_traits@D@std@@V?$allocator@D@1@@std@@YA?AV?$basic_string@DU?$char_traits@D@std@@V?$allocator@D@2@@0@$$QAV10@ABV10@@Z 0040a060 f i ccLibrary_vs2013:ccCheck.obj
 0001:000090e0       ??$?HDU?$char_traits@D@std@@V?$allocator@D@1@@std@@YA?AV?$basic_string@DU?$char_traits@D@std@@V?$allocator@D@2@@0@$$QAV10@PBD@Z 0040a0e0 f i ccLibrary_vs2013:ccCheck.obj
 0001:00009180       ??$?HDU?$char_traits@D@std@@V?$allocator@D@1@@std@@YA?AV?$basic_string@DU?$char_traits@D@std@@V?$allocator@D@2@@0@ABV10@PBD@Z 0040a180 f i ccLibrary_vs2013:ccCheck.obj
 0001:00009270       ??$?HDU?$char_traits@D@std@@V?$allocator@D@1@@std@@YA?AV?$basic_string@DU?$char_traits@D@std@@V?$allocator@D@2@@0@PBDABV10@@Z 0040a270 f i ccLibrary_vs2013:ccCheck.obj
 0001:00009360       ??0ccCheck@@QAE@ABV?$basic_string@DU?$char_traits@D@std@@V?$allocator@D@2@@std@@@Z 0040a360 f   ccLibrary_vs2013:ccCheck.obj
 0001:000093c0       ??1ccCheck@@UAE@XZ         0040a3c0 f   ccLibrary_vs2013:ccCheck.obj
 0001:000093f0       ??_GccCheck@@UAEPAXI@Z     0040a3f0 f i ccLibrary_vs2013:ccCheck.obj
 0001:000093f0       ??_EccCheck@@UAEPAXI@Z     0040a3f0 f i ccLibrary_vs2013:ccCheck.obj
 0001:00009440       ?append@?$basic_string@DU?$char_traits@D@std@@V?$allocator@D@2@@std@@QAEAAV12@ABV12@II@Z 0040a440 f i ccLibrary_vs2013:ccCheck.obj
 0001:00009500       ?append@?$basic_string@DU?$char_traits@D@std@@V?$allocator@D@2@@std@@QAEAAV12@PBDI@Z 0040a500 f i ccLibrary_vs2013:ccCheck.obj
 0001:000095f0       ?checkDatabase@ccCheck@@QAE_NII@Z 0040a5f0 f   ccLibrary_vs2013:ccCheck.obj
 0001:00009690       ?checkDevice@ccCheck@@QAE_NI@Z 0040a690 f   ccLibrary_vs2013:ccCheck.obj
 0001:00009770       ?checkIndex@ccCheck@@QAE_NI@Z 0040a770 f   ccLibrary_vs2013:ccCheck.obj
 0001:00009850       ?checkIndexRange@ccCheck@@QAE_NII@Z 0040a850 f   ccLibrary_vs2013:ccCheck.obj
 0001:00009900       ?checkSource@ccCheck@@QAE_NH@Z 0040a900 f   ccLibrary_vs2013:ccCheck.obj
 0001:000099e0       ?checkString@ccCheck@@QAE_NABV?$basic_string@DU?$char_traits@D@std@@V?$allocator@D@2@@std@@@Z 0040a9e0 f   ccLibrary_vs2013:ccCheck.obj
 0001:00009a70       ?checkWorkstation@ccCheck@@QAE_NI@Z 0040aa70 f   ccLibrary_vs2013:ccCheck.obj
 0001:00009b90       ?log@ccCheck@@QAEXABV?$basic_string@DU?$char_traits@D@std@@V?$allocator@D@2@@std@@@Z 0040ab90 f   ccLibrary_vs2013:ccCheck.obj
 0001:00009c80       ?setMaxDatabase@ccCheck@@QAEXI@Z 0040ac80 f   ccLibrary_vs2013:ccCheck.obj
 0001:00009c90       ?setMaxDevice@ccCheck@@QAEXI@Z 0040ac90 f   ccLibrary_vs2013:ccCheck.obj
 0001:00009ca0       ?setMaxIndex@ccCheck@@QAEXI@Z 0040aca0 f   ccLibrary_vs2013:ccCheck.obj
 0001:00009cb0       ?setMaxSource@ccCheck@@QAEXH@Z 0040acb0 f   ccLibrary_vs2013:ccCheck.obj
 0001:00009cc0       ?setMaxString@ccCheck@@QAEXI@Z 0040acc0 f   ccLibrary_vs2013:ccCheck.obj
 0001:00009ce0       ?getDevPath@ccConfig@@SA?AV?$basic_string@DU?$char_traits@D@std@@V?$allocator@D@2@@std@@XZ 0040ace0 f   ccLibrary_vs2013:ccConfig.obj
 0001:00009ef0       ?getInt@ccConfig@@SAHABV?$basic_string@DU?$char_traits@D@std@@V?$allocator@D@2@@std@@00H_N@Z 0040aef0 f   ccLibrary_vs2013:ccConfig.obj
 0001:0000a040       ?isV3Based@ccConfig@@SA_NXZ 0040b040 f   ccLibrary_vs2013:ccConfig.obj
 0001:0000a0f0       ?workstation@ccConfig@@SAHXZ 0040b0f0 f   ccLibrary_vs2013:ccConfig.obj
 0001:0000a450       ??0cBncsVersion@@QAE@PBD@Z 0040b450 f   BncsVersionInfo:cBncsVersion.obj
 0001:0000aa70       ??1cBncsVersion@@UAE@XZ    0040ba70 f   BncsVersionInfo:cBncsVersion.obj
 0001:0000ab50       ??_EcBncsVersion@@UAEPAXI@Z 0040bb50 f i BncsVersionInfo:cBncsVersion.obj
 0001:0000ab50       ??_GcBncsVersion@@UAEPAXI@Z 0040bb50 f i BncsVersionInfo:cBncsVersion.obj
 0001:0000ab80       ??0decodeCaptionString@@QAE@PBD@Z 0040bb80 f   decodecaptionstring:decodecaptionstring.obj
 0001:0000aba0       ??1decodeCaptionString@@QAE@XZ 0040bba0 f   decodecaptionstring:decodecaptionstring.obj
 0001:0000abc0       ?split@decodeCaptionString@@AAEXPBD@Z 0040bbc0 f i decodecaptionstring:decodecaptionstring.obj
 0001:0000adc0       ??0decodeBNCSString@@QAE@PBDD@Z 0040bdc0 f   decodecaptionstring:decodeBNCSString.obj
 0001:0000adf0       ??1decodeBNCSString@@UAE@XZ 0040bdf0 f   decodecaptionstring:decodeBNCSString.obj
 0001:0000ae10       ??_EdecodeBNCSString@@UAEPAXI@Z 0040be10 f i decodecaptionstring:decodeBNCSString.obj
 0001:0000ae10       ??_GdecodeBNCSString@@UAEPAXI@Z 0040be10 f i decodecaptionstring:decodeBNCSString.obj
 0001:0000ae50       ?split@decodeBNCSString@@AAEXPBD@Z 0040be50 f i decodecaptionstring:decodeBNCSString.obj
 0001:0000b072       ?show@QMainWindow@@UAEXXZ  0040c072 f   qt-mt323:qt-mt323.dll
 0001:0000b078       ?acceptDrop@QListViewItem@@UBE_NPBVQMimeSource@@@Z 0040c078 f   qt-mt323:qt-mt323.dll
 0001:0000b07e       ?activate@QListViewItem@@MAEXXZ 0040c07e f   qt-mt323:qt-mt323.dll
 0001:0000b084       ?cancelRename@QListViewItem@@MAEXH@Z 0040c084 f   qt-mt323:qt-mt323.dll
 0001:0000b08a       ?dragEntered@QListViewItem@@MAEXXZ 0040c08a f   qt-mt323:qt-mt323.dll
 0001:0000b090       ?dragLeft@QListViewItem@@MAEXXZ 0040c090 f   qt-mt323:qt-mt323.dll
 0001:0000b096       ?dropped@QListViewItem@@MAEXPAVQDropEvent@@@Z 0040c096 f   qt-mt323:qt-mt323.dll
 0001:0000b09c       ?enforceSortOrder@QListViewItem@@MBEXXZ 0040c09c f   qt-mt323:qt-mt323.dll
 0001:0000b0a2       ?insertItem@QListViewItem@@UAEXPAV1@@Z 0040c0a2 f   qt-mt323:qt-mt323.dll
 0001:0000b0a8       ?invalidateHeight@QListViewItem@@UAEXXZ 0040c0a8 f   qt-mt323:qt-mt323.dll
 0001:0000b0ae       ?key@QListViewItem@@UBE?AVQString@@H_N@Z 0040c0ae f   qt-mt323:qt-mt323.dll
 0001:0000b0b4       ?okRename@QListViewItem@@MAEXH@Z 0040c0b4 f   qt-mt323:qt-mt323.dll
 0001:0000b0ba       ?paintBranches@QListViewItem@@UAEXPAVQPainter@@ABVQColorGroup@@HHH@Z 0040c0ba f   qt-mt323:qt-mt323.dll
 0001:0000b0c0       ?paintCell@QListViewItem@@UAEXPAVQPainter@@ABVQColorGroup@@HHH@Z 0040c0c0 f   qt-mt323:qt-mt323.dll
 0001:0000b0c6       ?paintFocus@QListViewItem@@UAEXPAVQPainter@@ABVQColorGroup@@ABVQRect@@@Z 0040c0c6 f   qt-mt323:qt-mt323.dll
 0001:0000b0cc       ?pixmap@QListViewItem@@UBEPBVQPixmap@@H@Z 0040c0cc f   qt-mt323:qt-mt323.dll
 0001:0000b0d2       ?removeItem@QListViewItem@@UAEXPAV1@@Z 0040c0d2 f   qt-mt323:qt-mt323.dll
 0001:0000b0d8       ?rtti@QListViewItem@@UBEHXZ 0040c0d8 f   qt-mt323:qt-mt323.dll
 0001:0000b0de       ?setDragEnabled@QListViewItem@@UAEX_N@Z 0040c0de f   qt-mt323:qt-mt323.dll
 0001:0000b0e4       ?setDropEnabled@QListViewItem@@UAEX_N@Z 0040c0e4 f   qt-mt323:qt-mt323.dll
 0001:0000b0ea       ?setEnabled@QListViewItem@@UAEX_N@Z 0040c0ea f   qt-mt323:qt-mt323.dll
 0001:0000b0f0       ?setExpandable@QListViewItem@@UAEX_N@Z 0040c0f0 f   qt-mt323:qt-mt323.dll
 0001:0000b0f6       ?setHeight@QListViewItem@@MAEXH@Z 0040c0f6 f   qt-mt323:qt-mt323.dll
 0001:0000b0fc       ?setMultiLinesEnabled@QListViewItem@@UAEX_N@Z 0040c0fc f   qt-mt323:qt-mt323.dll
 0001:0000b102       ?setOpen@QListViewItem@@UAEX_N@Z 0040c102 f   qt-mt323:qt-mt323.dll
 0001:0000b108       ?setPixmap@QListViewItem@@UAEXHABVQPixmap@@@Z 0040c108 f   qt-mt323:qt-mt323.dll
 0001:0000b10e       ?setRenameEnabled@QListViewItem@@UAEXH_N@Z 0040c10e f   qt-mt323:qt-mt323.dll
 0001:0000b114       ?setSelectable@QListViewItem@@UAEX_N@Z 0040c114 f   qt-mt323:qt-mt323.dll
 0001:0000b11a       ?setSelected@QListViewItem@@UAEX_N@Z 0040c11a f   qt-mt323:qt-mt323.dll
 0001:0000b120       ?setText@QListViewItem@@UAEXHABVQString@@@Z 0040c120 f   qt-mt323:qt-mt323.dll
 0001:0000b126       ?setup@QListViewItem@@UAEXXZ 0040c126 f   qt-mt323:qt-mt323.dll
 0001:0000b12c       ?sort@QListViewItem@@UAEXXZ 0040c12c f   qt-mt323:qt-mt323.dll
 0001:0000b132       ?sortChildItems@QListViewItem@@UAEXH_N@Z 0040c132 f   qt-mt323:qt-mt323.dll
 0001:0000b138       ?startRename@QListViewItem@@UAEXH@Z 0040c138 f   qt-mt323:qt-mt323.dll
 0001:0000b13e       ?takeItem@QListViewItem@@UAEXPAV1@@Z 0040c13e f   qt-mt323:qt-mt323.dll
 0001:0000b144       ?text@QListViewItem@@UBE?AVQString@@H@Z 0040c144 f   qt-mt323:qt-mt323.dll
 0001:0000b14a       ?width@QListViewItem@@UBEHABVQFontMetrics@@PBVQListView@@H@Z 0040c14a f   qt-mt323:qt-mt323.dll
 0001:0000b150       ?setCaption@QWidget@@UAEXABVQString@@@Z 0040c150 f   qt-mt323:qt-mt323.dll
 0001:0000b156       ?setIcon@QWidget@@UAEXABVQPixmap@@@Z 0040c156 f   qt-mt323:qt-mt323.dll
 0001:0000b15c       ?firstChild@QDomNode@@UBE?AV1@XZ 0040c15c f   qt-mt323:qt-mt323.dll
 0001:0000b162       ?nextSibling@QDomNode@@UBE?AV1@XZ 0040c162 f   qt-mt323:qt-mt323.dll
 0001:0000b168       ?accept@QDialog@@MAEXXZ    0040c168 f   qt-mt323:qt-mt323.dll
 0001:0000b16e       ?activateItemAt@QMenuBar@@UAEXH@Z 0040c16e f   qt-mt323:qt-mt323.dll
 0001:0000b174       ?activateItemAt@QPopupMenu@@UAEXH@Z 0040c174 f   qt-mt323:qt-mt323.dll
 0001:0000b17a       ?addDockWindow@QMainWindow@@UAEXPAVQDockWindow@@ABVQString@@W4Dock@Qt@@_N@Z 0040c17a f   qt-mt323:qt-mt323.dll
 0001:0000b180       ?addDockWindow@QMainWindow@@UAEXPAVQDockWindow@@W4Dock@Qt@@_N@Z 0040c180 f   qt-mt323:qt-mt323.dll
 0001:0000b186       ?adjustSize@QWidget@@UAEXXZ 0040c186 f   qt-mt323:qt-mt323.dll
 0001:0000b18c       ?appendChild@QDomNode@@UAE?AV1@ABV1@@Z 0040c18c f   qt-mt323:qt-mt323.dll
 0001:0000b192       ?attributes@QDomElement@@UBE?AVQDomNamedNodeMap@@XZ 0040c192 f   qt-mt323:qt-mt323.dll
 0001:0000b198       ?checkConnectArgs@QObject@@MAE_NPBDPBV1@0@Z 0040c198 f   qt-mt323:qt-mt323.dll
 0001:0000b19e       ?childEvent@QMainWindow@@MAEXPAVQChildEvent@@@Z 0040c19e f   qt-mt323:qt-mt323.dll
 0001:0000b1a4       ?childEvent@QObject@@MAEXPAVQChildEvent@@@Z 0040c1a4 f   qt-mt323:qt-mt323.dll
 0001:0000b1aa       ?childNodes@QDomNode@@UBE?AVQDomNodeList@@XZ 0040c1aa f   qt-mt323:qt-mt323.dll
 0001:0000b1b0       ?className@QMenuBar@@UBEPBDXZ 0040c1b0 f   qt-mt323:qt-mt323.dll
 0001:0000b1b6       ?className@QPopupMenu@@UBEPBDXZ 0040c1b6 f   qt-mt323:qt-mt323.dll
 0001:0000b1bc       ?className@QProgressDialog@@UBEPBDXZ 0040c1bc f   qt-mt323:qt-mt323.dll
 0001:0000b1c2       ?className@QPushButton@@UBEPBDXZ 0040c1c2 f   qt-mt323:qt-mt323.dll
 0001:0000b1c8       ?cloneNode@QDomNode@@UBE?AV1@_N@Z 0040c1c8 f   qt-mt323:qt-mt323.dll
 0001:0000b1ce       ?close@QWidget@@UAE_N_N@Z  0040c1ce f   qt-mt323:qt-mt323.dll
 0001:0000b1d4       ?closeEvent@QPopupMenu@@MAEXPAVQCloseEvent@@@Z 0040c1d4 f   qt-mt323:qt-mt323.dll
 0001:0000b1da       ?closeEvent@QProgressDialog@@MAEXPAVQCloseEvent@@@Z 0040c1da f   qt-mt323:qt-mt323.dll
 0001:0000b1e0       ?closeEvent@QWidget@@MAEXPAVQCloseEvent@@@Z 0040c1e0 f   qt-mt323:qt-mt323.dll
 0001:0000b1e6       ?cmd@QPaintDevice@@MAE_NHPAVQPainter@@PATQPDevCmdParam@@@Z 0040c1e6 f   qt-mt323:qt-mt323.dll
 0001:0000b1ec       ?compareItems@QGList@@MAEHPAX0@Z 0040c1ec f   qt-mt323:qt-mt323.dll
 0001:0000b1f2       ?connectNotify@QObject@@MAEXPBD@Z 0040c1f2 f   qt-mt323:qt-mt323.dll
 0001:0000b1f8       ?contextMenuEvent@QDialog@@MAEXPAVQContextMenuEvent@@@Z 0040c1f8 f   qt-mt323:qt-mt323.dll
 0001:0000b1fe       ?contextMenuEvent@QWidget@@MAEXPAVQContextMenuEvent@@@Z 0040c1fe f   qt-mt323:qt-mt323.dll
 0001:0000b204       ?create@QWidget@@MAEXPAUHWND__@@_N1@Z 0040c204 f   qt-mt323:qt-mt323.dll
 0001:0000b20a       ?customEvent@QObject@@MAEXPAVQCustomEvent@@@Z 0040c20a f   qt-mt323:qt-mt323.dll
 0001:0000b210       ?customWhatsThis@QMenuBar@@UBE_NXZ 0040c210 f   qt-mt323:qt-mt323.dll
 0001:0000b216       ?customWhatsThis@QPopupMenu@@UBE_NXZ 0040c216 f   qt-mt323:qt-mt323.dll
 0001:0000b21c       ?customWhatsThis@QWidget@@UBE_NXZ 0040c21c f   qt-mt323:qt-mt323.dll
 0001:0000b222       ?customize@QMainWindow@@UAEXXZ 0040c222 f   qt-mt323:qt-mt323.dll
 0001:0000b228       ?destroy@QWidget@@MAEX_N0@Z 0040c228 f   qt-mt323:qt-mt323.dll
 0001:0000b22e       ?disconnectNotify@QObject@@MAEXPBD@Z 0040c22e f   qt-mt323:qt-mt323.dll
 0001:0000b234       ?dockingArea@QMainWindow@@UAEPAVQDockArea@@ABVQPoint@@@Z 0040c234 f   qt-mt323:qt-mt323.dll
 0001:0000b23a       ?done@QDialog@@MAEXH@Z     0040c23a f   qt-mt323:qt-mt323.dll
 0001:0000b240       ?dragEnterEvent@QWidget@@MAEXPAVQDragEnterEvent@@@Z 0040c240 f   qt-mt323:qt-mt323.dll
 0001:0000b246       ?dragLeaveEvent@QWidget@@MAEXPAVQDragLeaveEvent@@@Z 0040c246 f   qt-mt323:qt-mt323.dll
 0001:0000b24c       ?dragMoveEvent@QWidget@@MAEXPAVQDragMoveEvent@@@Z 0040c24c f   qt-mt323:qt-mt323.dll
 0001:0000b252       ?drawButton@QPushButton@@MAEXPAVQPainter@@@Z 0040c252 f   qt-mt323:qt-mt323.dll
 0001:0000b258       ?drawButtonLabel@QPushButton@@MAEXPAVQPainter@@@Z 0040c258 f   qt-mt323:qt-mt323.dll
 0001:0000b25e       ?drawContents@QMenuBar@@MAEXPAVQPainter@@@Z 0040c25e f   qt-mt323:qt-mt323.dll
 0001:0000b264       ?drawContents@QPopupMenu@@MAEXPAVQPainter@@@Z 0040c264 f   qt-mt323:qt-mt323.dll
 0001:0000b26a       ?drawFrame@QFrame@@MAEXPAVQPainter@@@Z 0040c26a f   qt-mt323:qt-mt323.dll
 0001:0000b270       ?dropEvent@QWidget@@MAEXPAVQDropEvent@@@Z 0040c270 f   qt-mt323:qt-mt323.dll
 0001:0000b276       ?elementsByTagName@QDomElement@@UBE?AVQDomNodeList@@ABVQString@@@Z 0040c276 f   qt-mt323:qt-mt323.dll
 0001:0000b27c       ?elementsByTagNameNS@QDomElement@@UBE?AVQDomNodeList@@ABVQString@@0@Z 0040c27c f   qt-mt323:qt-mt323.dll
 0001:0000b282       ?enabledChange@QButton@@MAEX_N@Z 0040c282 f   qt-mt323:qt-mt323.dll
 0001:0000b288       ?enabledChange@QPopupMenu@@MAEX_N@Z 0040c288 f   qt-mt323:qt-mt323.dll
 0001:0000b28e       ?enabledChange@QWidget@@MAEX_N@Z 0040c28e f   qt-mt323:qt-mt323.dll
 0001:0000b294       ?enterEvent@QWidget@@MAEXPAVQEvent@@@Z 0040c294 f   qt-mt323:qt-mt323.dll
 0001:0000b29a       ?event@QMainWindow@@MAE_NPAVQEvent@@@Z 0040c29a f   qt-mt323:qt-mt323.dll
 0001:0000b2a0       ?event@QWidget@@MAE_NPAVQEvent@@@Z 0040c2a0 f   qt-mt323:qt-mt323.dll
 0001:0000b2a6       ?eventFilter@QDialog@@MAE_NPAVQObject@@PAVQEvent@@@Z 0040c2a6 f   qt-mt323:qt-mt323.dll
 0001:0000b2ac       ?eventFilter@QMainWindow@@UAE_NPAVQObject@@PAVQEvent@@@Z 0040c2ac f   qt-mt323:qt-mt323.dll
 0001:0000b2b2       ?eventFilter@QMenuBar@@UAE_NPAVQObject@@PAVQEvent@@@Z 0040c2b2 f   qt-mt323:qt-mt323.dll
 0001:0000b2b8       ?eventFilter@QObject@@UAE_NPAV1@PAVQEvent@@@Z 0040c2b8 f   qt-mt323:qt-mt323.dll
 0001:0000b2be       ?focusInEvent@QMenuBar@@MAEXPAVQFocusEvent@@@Z 0040c2be f   qt-mt323:qt-mt323.dll
 0001:0000b2c4       ?focusInEvent@QPopupMenu@@MAEXPAVQFocusEvent@@@Z 0040c2c4 f   qt-mt323:qt-mt323.dll
 0001:0000b2ca       ?focusInEvent@QPushButton@@MAEXPAVQFocusEvent@@@Z 0040c2ca f   qt-mt323:qt-mt323.dll
 0001:0000b2d0       ?focusInEvent@QWidget@@MAEXPAVQFocusEvent@@@Z 0040c2d0 f   qt-mt323:qt-mt323.dll
 0001:0000b2d6       ?focusNextPrevChild@QPopupMenu@@MAE_N_N@Z 0040c2d6 f   qt-mt323:qt-mt323.dll
 0001:0000b2dc       ?focusNextPrevChild@QWidget@@MAE_N_N@Z 0040c2dc f   qt-mt323:qt-mt323.dll
 0001:0000b2e2       ?focusOutEvent@QMenuBar@@MAEXPAVQFocusEvent@@@Z 0040c2e2 f   qt-mt323:qt-mt323.dll
 0001:0000b2e8       ?focusOutEvent@QPopupMenu@@MAEXPAVQFocusEvent@@@Z 0040c2e8 f   qt-mt323:qt-mt323.dll
 0001:0000b2ee       ?focusOutEvent@QPushButton@@MAEXPAVQFocusEvent@@@Z 0040c2ee f   qt-mt323:qt-mt323.dll
 0001:0000b2f4       ?focusOutEvent@QWidget@@MAEXPAVQFocusEvent@@@Z 0040c2f4 f   qt-mt323:qt-mt323.dll
 0001:0000b2fa       ?fontChange@QMenuBar@@MAEXABVQFont@@@Z 0040c2fa f   qt-mt323:qt-mt323.dll
 0001:0000b300       ?fontChange@QWidget@@MAEXABVQFont@@@Z 0040c300 f   qt-mt323:qt-mt323.dll
 0001:0000b306       ?fontInf@QPaintDevice@@MBEHPAVQFont@@H@Z 0040c306 f   qt-mt323:qt-mt323.dll
 0001:0000b30c       ?fontMet@QPaintDevice@@MBEHPAVQFont@@HPBDH@Z 0040c30c f   qt-mt323:qt-mt323.dll
 0001:0000b312       ?frameChanged@QMenuBar@@EAEXXZ 0040c312 f   qt-mt323:qt-mt323.dll
 0001:0000b318       ?frameChanged@QPopupMenu@@EAEXXZ 0040c318 f   qt-mt323:qt-mt323.dll
 0001:0000b31e       ?handle@QPaintDevice@@UBEPAUHDC__@@XZ 0040c31e f   qt-mt323:qt-mt323.dll
 0001:0000b324       ?hasAttributes@QDomNode@@UBE_NXZ 0040c324 f   qt-mt323:qt-mt323.dll
 0001:0000b32a       ?hasChildNodes@QDomNode@@UBE_NXZ 0040c32a f   qt-mt323:qt-mt323.dll
 0001:0000b330       ?heightForWidth@QMenuBar@@UBEHH@Z 0040c330 f   qt-mt323:qt-mt323.dll
 0001:0000b336       ?heightForWidth@QWidget@@UBEHH@Z 0040c336 f   qt-mt323:qt-mt323.dll
 0001:0000b33c       ?hide@QDialog@@UAEXXZ      0040c33c f   qt-mt323:qt-mt323.dll
 0001:0000b342       ?hide@QMainWindow@@UAEXXZ  0040c342 f   qt-mt323:qt-mt323.dll
 0001:0000b348       ?hide@QMenuBar@@UAEXXZ     0040c348 f   qt-mt323:qt-mt323.dll
 0001:0000b34e       ?hide@QPopupMenu@@UAEXXZ   0040c34e f   qt-mt323:qt-mt323.dll
 0001:0000b354       ?hide@QWidget@@UAEXXZ      0040c354 f   qt-mt323:qt-mt323.dll
 0001:0000b35a       ?hideEvent@QWidget@@MAEXPAVQHideEvent@@@Z 0040c35a f   qt-mt323:qt-mt323.dll
 0001:0000b360       ?hitButton@QButton@@MBE_NABVQPoint@@@Z 0040c360 f   qt-mt323:qt-mt323.dll
 0001:0000b366       ?imComposeEvent@QWidget@@MAEXPAVQIMEvent@@@Z 0040c366 f   qt-mt323:qt-mt323.dll
 0001:0000b36c       ?imEndEvent@QWidget@@MAEXPAVQIMEvent@@@Z 0040c36c f   qt-mt323:qt-mt323.dll
 0001:0000b372       ?imStartEvent@QWidget@@MAEXPAVQIMEvent@@@Z 0040c372 f   qt-mt323:qt-mt323.dll
 0001:0000b378       ?insertAfter@QDomNode@@UAE?AV1@ABV1@0@Z 0040c378 f   qt-mt323:qt-mt323.dll
 0001:0000b37e       ?insertBefore@QDomNode@@UAE?AV1@ABV1@0@Z 0040c37e f   qt-mt323:qt-mt323.dll
 0001:0000b384       ?insertChild@QObject@@UAEXPAV1@@Z 0040c384 f   qt-mt323:qt-mt323.dll
 0001:0000b38a       ?isAttr@QDomNode@@UBE_NXZ  0040c38a f   qt-mt323:qt-mt323.dll
 0001:0000b390       ?isCDATASection@QDomNode@@UBE_NXZ 0040c390 f   qt-mt323:qt-mt323.dll
 0001:0000b396       ?isCharacterData@QDomNode@@UBE_NXZ 0040c396 f   qt-mt323:qt-mt323.dll
 0001:0000b39c       ?isComment@QDomNode@@UBE_NXZ 0040c39c f   qt-mt323:qt-mt323.dll
 0001:0000b3a2       ?isCustomizable@QMainWindow@@UBE_NXZ 0040c3a2 f   qt-mt323:qt-mt323.dll
 0001:0000b3a8       ?isDocument@QDomNode@@UBE_NXZ 0040c3a8 f   qt-mt323:qt-mt323.dll
 0001:0000b3ae       ?isDocumentFragment@QDomNode@@UBE_NXZ 0040c3ae f   qt-mt323:qt-mt323.dll
 0001:0000b3b4       ?isDocumentType@QDomNode@@UBE_NXZ 0040c3b4 f   qt-mt323:qt-mt323.dll
 0001:0000b3ba       ?isElement@QDomElement@@UBE_NXZ 0040c3ba f   qt-mt323:qt-mt323.dll
 0001:0000b3c0       ?isEntity@QDomNode@@UBE_NXZ 0040c3c0 f   qt-mt323:qt-mt323.dll
 0001:0000b3c6       ?isEntityReference@QDomNode@@UBE_NXZ 0040c3c6 f   qt-mt323:qt-mt323.dll
 0001:0000b3cc       ?isNotation@QDomNode@@UBE_NXZ 0040c3cc f   qt-mt323:qt-mt323.dll
 0001:0000b3d2       ?isProcessingInstruction@QDomNode@@UBE_NXZ 0040c3d2 f   qt-mt323:qt-mt323.dll
 0001:0000b3d8       ?isSupported@QDomNode@@UBE_NABVQString@@0@Z 0040c3d8 f   qt-mt323:qt-mt323.dll
 0001:0000b3de       ?isText@QDomNode@@UBE_NXZ  0040c3de f   qt-mt323:qt-mt323.dll
 0001:0000b3e4       ?keyPressEvent@QButton@@MAEXPAVQKeyEvent@@@Z 0040c3e4 f   qt-mt323:qt-mt323.dll
 0001:0000b3ea       ?keyPressEvent@QDialog@@MAEXPAVQKeyEvent@@@Z 0040c3ea f   qt-mt323:qt-mt323.dll
 0001:0000b3f0       ?keyPressEvent@QMenuBar@@MAEXPAVQKeyEvent@@@Z 0040c3f0 f   qt-mt323:qt-mt323.dll
 0001:0000b3f6       ?keyPressEvent@QPopupMenu@@MAEXPAVQKeyEvent@@@Z 0040c3f6 f   qt-mt323:qt-mt323.dll
 0001:0000b3fc       ?keyPressEvent@QWidget@@MAEXPAVQKeyEvent@@@Z 0040c3fc f   qt-mt323:qt-mt323.dll
 0001:0000b402       ?keyReleaseEvent@QButton@@MAEXPAVQKeyEvent@@@Z 0040c402 f   qt-mt323:qt-mt323.dll
 0001:0000b408       ?keyReleaseEvent@QWidget@@MAEXPAVQKeyEvent@@@Z 0040c408 f   qt-mt323:qt-mt323.dll
 0001:0000b40e       ?lastChild@QDomNode@@UBE?AV1@XZ 0040c40e f   qt-mt323:qt-mt323.dll
 0001:0000b414       ?leaveEvent@QMenuBar@@MAEXPAVQEvent@@@Z 0040c414 f   qt-mt323:qt-mt323.dll
 0001:0000b41a       ?leaveEvent@QPopupMenu@@MAEXPAVQEvent@@@Z 0040c41a f   qt-mt323:qt-mt323.dll
 0001:0000b420       ?leaveEvent@QWidget@@MAEXPAVQEvent@@@Z 0040c420 f   qt-mt323:qt-mt323.dll
 0001:0000b426       ?localName@QDomNode@@UBE?AVQString@@XZ 0040c426 f   qt-mt323:qt-mt323.dll
 0001:0000b42c       ?menuContentsChanged@QMenuBar@@MAEXXZ 0040c42c f   qt-mt323:qt-mt323.dll
 0001:0000b432       ?menuContentsChanged@QPopupMenu@@EAEXXZ 0040c432 f   qt-mt323:qt-mt323.dll
 0001:0000b438       ?menuDelPopup@QMenuBar@@EAEXPAVQPopupMenu@@@Z 0040c438 f   qt-mt323:qt-mt323.dll
 0001:0000b43e       ?menuDelPopup@QPopupMenu@@EAEXPAV1@@Z 0040c43e f   qt-mt323:qt-mt323.dll
 0001:0000b444       ?menuInsPopup@QMenuBar@@EAEXPAVQPopupMenu@@@Z 0040c444 f   qt-mt323:qt-mt323.dll
 0001:0000b44a       ?menuInsPopup@QPopupMenu@@EAEXPAV1@@Z 0040c44a f   qt-mt323:qt-mt323.dll
 0001:0000b450       ?menuStateChanged@QMenuBar@@MAEXXZ 0040c450 f   qt-mt323:qt-mt323.dll
 0001:0000b456       ?menuStateChanged@QPopupMenu@@EAEXXZ 0040c456 f   qt-mt323:qt-mt323.dll
 0001:0000b45c       ?metaObject@QMenuBar@@UBEPAVQMetaObject@@XZ 0040c45c f   qt-mt323:qt-mt323.dll
 0001:0000b462       ?metaObject@QPopupMenu@@UBEPAVQMetaObject@@XZ 0040c462 f   qt-mt323:qt-mt323.dll
 0001:0000b468       ?metaObject@QProgressDialog@@UBEPAVQMetaObject@@XZ 0040c468 f   qt-mt323:qt-mt323.dll
 0001:0000b46e       ?metaObject@QPushButton@@UBEPAVQMetaObject@@XZ 0040c46e f   qt-mt323:qt-mt323.dll
 0001:0000b474       ?metric@QWidget@@MBEHH@Z   0040c474 f   qt-mt323:qt-mt323.dll
 0001:0000b47a       ?minimumSizeHint@QDialog@@UBE?AVQSize@@XZ 0040c47a f   qt-mt323:qt-mt323.dll
 0001:0000b480       ?minimumSizeHint@QMainWindow@@UBE?AVQSize@@XZ 0040c480 f   qt-mt323:qt-mt323.dll
 0001:0000b486       ?minimumSizeHint@QMenuBar@@UBE?AVQSize@@XZ 0040c486 f   qt-mt323:qt-mt323.dll
 0001:0000b48c       ?minimumSizeHint@QWidget@@UBE?AVQSize@@XZ 0040c48c f   qt-mt323:qt-mt323.dll
 0001:0000b492       ?mouseDoubleClickEvent@QWidget@@MAEXPAVQMouseEvent@@@Z 0040c492 f   qt-mt323:qt-mt323.dll
 0001:0000b498       ?mouseMoveEvent@QButton@@MAEXPAVQMouseEvent@@@Z 0040c498 f   qt-mt323:qt-mt323.dll
 0001:0000b49e       ?mouseMoveEvent@QMenuBar@@MAEXPAVQMouseEvent@@@Z 0040c49e f   qt-mt323:qt-mt323.dll
 0001:0000b4a4       ?mouseMoveEvent@QPopupMenu@@MAEXPAVQMouseEvent@@@Z 0040c4a4 f   qt-mt323:qt-mt323.dll
 0001:0000b4aa       ?mouseMoveEvent@QWidget@@MAEXPAVQMouseEvent@@@Z 0040c4aa f   qt-mt323:qt-mt323.dll
 0001:0000b4b0       ?mousePressEvent@QButton@@MAEXPAVQMouseEvent@@@Z 0040c4b0 f   qt-mt323:qt-mt323.dll
 0001:0000b4b6       ?mousePressEvent@QMenuBar@@MAEXPAVQMouseEvent@@@Z 0040c4b6 f   qt-mt323:qt-mt323.dll
 0001:0000b4bc       ?mousePressEvent@QPopupMenu@@MAEXPAVQMouseEvent@@@Z 0040c4bc f   qt-mt323:qt-mt323.dll
 0001:0000b4c2       ?mousePressEvent@QWidget@@MAEXPAVQMouseEvent@@@Z 0040c4c2 f   qt-mt323:qt-mt323.dll
 0001:0000b4c8       ?mouseReleaseEvent@QButton@@MAEXPAVQMouseEvent@@@Z 0040c4c8 f   qt-mt323:qt-mt323.dll
 0001:0000b4ce       ?mouseReleaseEvent@QMenuBar@@MAEXPAVQMouseEvent@@@Z 0040c4ce f   qt-mt323:qt-mt323.dll
 0001:0000b4d4       ?mouseReleaseEvent@QPopupMenu@@MAEXPAVQMouseEvent@@@Z 0040c4d4 f   qt-mt323:qt-mt323.dll
 0001:0000b4da       ?mouseReleaseEvent@QWidget@@MAEXPAVQMouseEvent@@@Z 0040c4da f   qt-mt323:qt-mt323.dll
 0001:0000b4e0       ?move@QDialog@@UAEXHH@Z    0040c4e0 f   qt-mt323:qt-mt323.dll
 0001:0000b4e6       ?move@QPushButton@@UAEXHH@Z 0040c4e6 f   qt-mt323:qt-mt323.dll
 0001:0000b4ec       ?move@QWidget@@UAEXHH@Z    0040c4ec f   qt-mt323:qt-mt323.dll
 0001:0000b4f2       ?moveDockWindow@QMainWindow@@UAEXPAVQDockWindow@@W4Dock@Qt@@@Z 0040c4f2 f   qt-mt323:qt-mt323.dll
 0001:0000b4f8       ?moveDockWindow@QMainWindow@@UAEXPAVQDockWindow@@W4Dock@Qt@@_NHH@Z 0040c4f8 f   qt-mt323:qt-mt323.dll
 0001:0000b4fe       ?moveEvent@QWidget@@MAEXPAVQMoveEvent@@@Z 0040c4fe f   qt-mt323:qt-mt323.dll
 0001:0000b504       ?namespaceURI@QDomNode@@UBE?AVQString@@XZ 0040c504 f   qt-mt323:qt-mt323.dll
 0001:0000b50a       ?newItem@QPtrCollection@@MAEPAXPAX@Z 0040c50a f   qt-mt323:qt-mt323.dll
 0001:0000b510       ?nodeName@QDomNode@@UBE?AVQString@@XZ 0040c510 f   qt-mt323:qt-mt323.dll
 0001:0000b516       ?nodeType@QDomElement@@UBE?AW4NodeType@QDomNode@@XZ 0040c516 f   qt-mt323:qt-mt323.dll
 0001:0000b51c       ?nodeValue@QDomNode@@UBE?AVQString@@XZ 0040c51c f   qt-mt323:qt-mt323.dll
 0001:0000b522       ?normalize@QDomNode@@UAEXXZ 0040c522 f   qt-mt323:qt-mt323.dll
 0001:0000b528       ?ownerDocument@QDomNode@@UBE?AVQDomDocument@@XZ 0040c528 f   qt-mt323:qt-mt323.dll
 0001:0000b52e       ?paintEvent@QButton@@MAEXPAVQPaintEvent@@@Z 0040c52e f   qt-mt323:qt-mt323.dll
 0001:0000b534       ?paintEvent@QFrame@@MAEXPAVQPaintEvent@@@Z 0040c534 f   qt-mt323:qt-mt323.dll
 0001:0000b53a       ?paintEvent@QMainWindow@@MAEXPAVQPaintEvent@@@Z 0040c53a f   qt-mt323:qt-mt323.dll
 0001:0000b540       ?paintEvent@QPopupMenu@@MAEXPAVQPaintEvent@@@Z 0040c540 f   qt-mt323:qt-mt323.dll
 0001:0000b546       ?paintEvent@QWidget@@MAEXPAVQPaintEvent@@@Z 0040c546 f   qt-mt323:qt-mt323.dll
 0001:0000b54c       ?paletteChange@QWidget@@MAEXABVQPalette@@@Z 0040c54c f   qt-mt323:qt-mt323.dll
 0001:0000b552       ?parentNode@QDomNode@@UBE?AV1@XZ 0040c552 f   qt-mt323:qt-mt323.dll
 0001:0000b558       ?polish@QWidget@@UAEXXZ    0040c558 f   qt-mt323:qt-mt323.dll
 0001:0000b55e       ?prefix@QDomNode@@UBE?AVQString@@XZ 0040c55e f   qt-mt323:qt-mt323.dll
 0001:0000b564       ?previousSibling@QDomNode@@UBE?AV1@XZ 0040c564 f   qt-mt323:qt-mt323.dll
 0001:0000b56a       ?property@QObject@@UBE?AVQVariant@@PBD@Z 0040c56a f   qt-mt323:qt-mt323.dll
 0001:0000b570       ?qt_cast@QMenuBar@@UAEPAXPBD@Z 0040c570 f   qt-mt323:qt-mt323.dll
 0001:0000b576       ?qt_cast@QPopupMenu@@UAEPAXPBD@Z 0040c576 f   qt-mt323:qt-mt323.dll
 0001:0000b57c       ?qt_cast@QProgressDialog@@UAEPAXPBD@Z 0040c57c f   qt-mt323:qt-mt323.dll
 0001:0000b582       ?qt_cast@QPushButton@@UAEPAXPBD@Z 0040c582 f   qt-mt323:qt-mt323.dll
 0001:0000b588       ?qt_emit@QMenuBar@@UAE_NHPAUQUObject@@@Z 0040c588 f   qt-mt323:qt-mt323.dll
 0001:0000b58e       ?qt_emit@QPopupMenu@@UAE_NHPAUQUObject@@@Z 0040c58e f   qt-mt323:qt-mt323.dll
 0001:0000b594       ?qt_emit@QProgressDialog@@UAE_NHPAUQUObject@@@Z 0040c594 f   qt-mt323:qt-mt323.dll
 0001:0000b59a       ?qt_emit@QPushButton@@UAE_NHPAUQUObject@@@Z 0040c59a f   qt-mt323:qt-mt323.dll
 0001:0000b5a0       ?qt_invoke@QMenuBar@@UAE_NHPAUQUObject@@@Z 0040c5a0 f   qt-mt323:qt-mt323.dll
 0001:0000b5a6       ?qt_invoke@QPopupMenu@@UAE_NHPAUQUObject@@@Z 0040c5a6 f   qt-mt323:qt-mt323.dll
 0001:0000b5ac       ?qt_invoke@QProgressDialog@@UAE_NHPAUQUObject@@@Z 0040c5ac f   qt-mt323:qt-mt323.dll
 0001:0000b5b2       ?qt_invoke@QPushButton@@UAE_NHPAUQUObject@@@Z 0040c5b2 f   qt-mt323:qt-mt323.dll
 0001:0000b5b8       ?qt_property@QMenuBar@@UAE_NHHPAVQVariant@@@Z 0040c5b8 f   qt-mt323:qt-mt323.dll
 0001:0000b5be       ?qt_property@QPopupMenu@@UAE_NHHPAVQVariant@@@Z 0040c5be f   qt-mt323:qt-mt323.dll
 0001:0000b5c4       ?qt_property@QProgressDialog@@UAE_NHHPAVQVariant@@@Z 0040c5c4 f   qt-mt323:qt-mt323.dll
 0001:0000b5ca       ?qt_property@QPushButton@@UAE_NHHPAVQVariant@@@Z 0040c5ca f   qt-mt323:qt-mt323.dll
 0001:0000b5d0       ?read@QGList@@MAEAAVQDataStream@@AAV2@AAPAX@Z 0040c5d0 f   qt-mt323:qt-mt323.dll
 0001:0000b5d6       ?reject@QDialog@@MAEXXZ    0040c5d6 f   qt-mt323:qt-mt323.dll
 0001:0000b5dc       ?removeChild@QDomNode@@UAE?AV1@ABV1@@Z 0040c5dc f   qt-mt323:qt-mt323.dll
 0001:0000b5e2       ?removeChild@QObject@@UAEXPAV1@@Z 0040c5e2 f   qt-mt323:qt-mt323.dll
 0001:0000b5e8       ?removeDockWindow@QMainWindow@@UAEXPAVQDockWindow@@@Z 0040c5e8 f   qt-mt323:qt-mt323.dll
 0001:0000b5ee       ?reparent@QWidget@@UAEXPAV1@IABVQPoint@@_N@Z 0040c5ee f   qt-mt323:qt-mt323.dll
 0001:0000b5f4       ?replaceChild@QDomNode@@UAE?AV1@ABV1@0@Z 0040c5f4 f   qt-mt323:qt-mt323.dll
 0001:0000b5fa       ?resize@QDialog@@UAEXHH@Z  0040c5fa f   qt-mt323:qt-mt323.dll
 0001:0000b600       ?resize@QPushButton@@UAEXHH@Z 0040c600 f   qt-mt323:qt-mt323.dll
 0001:0000b606       ?resize@QWidget@@UAEXHH@Z  0040c606 f   qt-mt323:qt-mt323.dll
 0001:0000b60c       ?resizeEvent@QFrame@@MAEXPAVQResizeEvent@@@Z 0040c60c f   qt-mt323:qt-mt323.dll
 0001:0000b612       ?resizeEvent@QMenuBar@@MAEXPAVQResizeEvent@@@Z 0040c612 f   qt-mt323:qt-mt323.dll
 0001:0000b618       ?resizeEvent@QProgressDialog@@MAEXPAVQResizeEvent@@@Z 0040c618 f   qt-mt323:qt-mt323.dll
 0001:0000b61e       ?resizeEvent@QPushButton@@MAEXPAVQResizeEvent@@@Z 0040c61e f   qt-mt323:qt-mt323.dll
 0001:0000b624       ?resizeEvent@QWidget@@MAEXPAVQResizeEvent@@@Z 0040c624 f   qt-mt323:qt-mt323.dll
 0001:0000b62a       ?resolution@QPaintDevice@@UBEHXZ 0040c62a f   qt-mt323:qt-mt323.dll
 0001:0000b630       ?setAccel@QButton@@UAEXABVQKeySequence@@@Z 0040c630 f   qt-mt323:qt-mt323.dll
 0001:0000b636       ?setAcceptDrops@QWidget@@UAEX_N@Z 0040c636 f   qt-mt323:qt-mt323.dll
 0001:0000b63c       ?setActiveItem@QPopupMenu@@UAEXH@Z 0040c63c f   qt-mt323:qt-mt323.dll
 0001:0000b642       ?setActiveWindow@QWidget@@UAEXXZ 0040c642 f   qt-mt323:qt-mt323.dll
 0001:0000b648       ?setAppropriate@QMainWindow@@UAEXPAVQDockWindow@@_N@Z 0040c648 f   qt-mt323:qt-mt323.dll
 0001:0000b64e       ?setAutoDefault@QPushButton@@UAEX_N@Z 0040c64e f   qt-mt323:qt-mt323.dll
 0001:0000b654       ?setAutoMask@QWidget@@UAEX_N@Z 0040c654 f   qt-mt323:qt-mt323.dll
 0001:0000b65a       ?setAutoRepeat@QButton@@UAEX_N@Z 0040c65a f   qt-mt323:qt-mt323.dll
 0001:0000b660       ?setBackgroundColor@QWidget@@UAEXABVQColor@@@Z 0040c660 f   qt-mt323:qt-mt323.dll
 0001:0000b666       ?setBackgroundMode@QWidget@@UAEXW4BackgroundMode@Qt@@@Z 0040c666 f   qt-mt323:qt-mt323.dll
 0001:0000b66c       ?setBackgroundOrigin@QWidget@@UAEXW4BackgroundOrigin@1@@Z 0040c66c f   qt-mt323:qt-mt323.dll
 0001:0000b672       ?setBackgroundPixmap@QWidget@@UAEXABVQPixmap@@@Z 0040c672 f   qt-mt323:qt-mt323.dll
 0001:0000b678       ?setCentralWidget@QMainWindow@@UAEXPAVQWidget@@@Z 0040c678 f   qt-mt323:qt-mt323.dll
 0001:0000b67e       ?setCheckable@QPopupMenu@@UAEX_N@Z 0040c67e f   qt-mt323:qt-mt323.dll
 0001:0000b684       ?setCursor@QWidget@@UAEXABVQCursor@@@Z 0040c684 f   qt-mt323:qt-mt323.dll
 0001:0000b68a       ?setDefault@QPushButton@@UAEX_N@Z 0040c68a f   qt-mt323:qt-mt323.dll
 0001:0000b690       ?setDockEnabled@QMainWindow@@UAEXPAVQDockWindow@@W4Dock@Qt@@_N@Z 0040c690 f   qt-mt323:qt-mt323.dll
 0001:0000b696       ?setDockEnabled@QMainWindow@@UAEXW4Dock@Qt@@_N@Z 0040c696 f   qt-mt323:qt-mt323.dll
 0001:0000b69c       ?setDockMenuEnabled@QMainWindow@@UAEX_N@Z 0040c69c f   qt-mt323:qt-mt323.dll
 0001:0000b6a2       ?setDockWindowsMovable@QMainWindow@@UAEX_N@Z 0040c6a2 f   qt-mt323:qt-mt323.dll
 0001:0000b6a8       ?setDown@QButton@@UAEX_N@Z 0040c6a8 f   qt-mt323:qt-mt323.dll
 0001:0000b6ae       ?setEnabled@QWidget@@UAEX_N@Z 0040c6ae f   qt-mt323:qt-mt323.dll
 0001:0000b6b4       ?setEraseColor@QWidget@@UAEXABVQColor@@@Z 0040c6b4 f   qt-mt323:qt-mt323.dll
 0001:0000b6ba       ?setErasePixmap@QWidget@@UAEXABVQPixmap@@@Z 0040c6ba f   qt-mt323:qt-mt323.dll
 0001:0000b6c0       ?setFirstItemActive@QPopupMenu@@EAEXXZ 0040c6c0 f   qt-mt323:qt-mt323.dll
 0001:0000b6c6       ?setFocus@QWidget@@UAEXXZ  0040c6c6 f   qt-mt323:qt-mt323.dll
 0001:0000b6cc       ?setFocusPolicy@QWidget@@UAEXW4FocusPolicy@1@@Z 0040c6cc f   qt-mt323:qt-mt323.dll
 0001:0000b6d2       ?setFocusProxy@QWidget@@UAEXPAV1@@Z 0040c6d2 f   qt-mt323:qt-mt323.dll
 0001:0000b6d8       ?setFont@QPopupMenu@@UAEXABVQFont@@@Z 0040c6d8 f   qt-mt323:qt-mt323.dll
 0001:0000b6de       ?setFont@QWidget@@UAEXABVQFont@@@Z 0040c6de f   qt-mt323:qt-mt323.dll
 0001:0000b6e4       ?setFrameRect@QFrame@@UAEXABVQRect@@@Z 0040c6e4 f   qt-mt323:qt-mt323.dll
 0001:0000b6ea       ?setFrameStyle@QFrame@@UAEXH@Z 0040c6ea f   qt-mt323:qt-mt323.dll
 0001:0000b6f0       ?setGeometry@QDialog@@UAEXABVQRect@@@Z 0040c6f0 f   qt-mt323:qt-mt323.dll
 0001:0000b6f6       ?setGeometry@QDialog@@UAEXHHHH@Z 0040c6f6 f   qt-mt323:qt-mt323.dll
 0001:0000b6fc       ?setGeometry@QPushButton@@UAEXABVQRect@@@Z 0040c6fc f   qt-mt323:qt-mt323.dll
 0001:0000b702       ?setGeometry@QPushButton@@UAEXHHHH@Z 0040c702 f   qt-mt323:qt-mt323.dll
 0001:0000b708       ?setGeometry@QWidget@@UAEXABVQRect@@@Z 0040c708 f   qt-mt323:qt-mt323.dll
 0001:0000b70e       ?setGeometry@QWidget@@UAEXHHHH@Z 0040c70e f   qt-mt323:qt-mt323.dll
 0001:0000b714       ?setGroup@QButton@@EAEXPAVQButtonGroup@@@Z 0040c714 f   qt-mt323:qt-mt323.dll
 0001:0000b71a       ?setIconText@QWidget@@UAEXABVQString@@@Z 0040c71a f   qt-mt323:qt-mt323.dll
 0001:0000b720       ?setId@QMenuData@@UAEXHH@Z 0040c720 f   qt-mt323:qt-mt323.dll
 0001:0000b726       ?setIsMenuButton@QPushButton@@UAEX_N@Z 0040c726 f   qt-mt323:qt-mt323.dll
 0001:0000b72c       ?setKeyCompression@QWidget@@MAEX_N@Z 0040c72c f   qt-mt323:qt-mt323.dll
 0001:0000b732       ?setLineWidth@QFrame@@UAEXH@Z 0040c732 f   qt-mt323:qt-mt323.dll
 0001:0000b738       ?setMargin@QFrame@@UAEXH@Z 0040c738 f   qt-mt323:qt-mt323.dll
 0001:0000b73e       ?setMask@QWidget@@UAEXABVQBitmap@@@Z 0040c73e f   qt-mt323:qt-mt323.dll
 0001:0000b744       ?setMask@QWidget@@UAEXABVQRegion@@@Z 0040c744 f   qt-mt323:qt-mt323.dll
 0001:0000b74a       ?setMaximumSize@QWidget@@UAEXHH@Z 0040c74a f   qt-mt323:qt-mt323.dll
 0001:0000b750       ?setMenuBar@QMainWindow@@EAEXPAVQMenuBar@@@Z 0040c750 f   qt-mt323:qt-mt323.dll
 0001:0000b756       ?setMicroFocusHint@QWidget@@MAEXHHHH_NPAVQFont@@@Z 0040c756 f   qt-mt323:qt-mt323.dll
 0001:0000b75c       ?setMidLineWidth@QFrame@@UAEXH@Z 0040c75c f   qt-mt323:qt-mt323.dll
 0001:0000b762       ?setMinimumSize@QWidget@@UAEXHH@Z 0040c762 f   qt-mt323:qt-mt323.dll
 0001:0000b768       ?setMouseTracking@QWidget@@UAEX_N@Z 0040c768 f   qt-mt323:qt-mt323.dll
 0001:0000b76e       ?setName@QWidget@@UAEXPBD@Z 0040c76e f   qt-mt323:qt-mt323.dll
 0001:0000b774       ?setNodeValue@QDomNode@@UAEXABVQString@@@Z 0040c774 f   qt-mt323:qt-mt323.dll
 0001:0000b77a       ?setOn@QPushButton@@UAEX_N@Z 0040c77a f   qt-mt323:qt-mt323.dll
 0001:0000b780       ?setOpaqueMoving@QMainWindow@@UAEX_N@Z 0040c780 f   qt-mt323:qt-mt323.dll
 0001:0000b786       ?setPalette@QWidget@@UAEXABVQPalette@@@Z 0040c786 f   qt-mt323:qt-mt323.dll
 0001:0000b78c       ?setPaletteBackgroundColor@QWidget@@UAEXABVQColor@@@Z 0040c78c f   qt-mt323:qt-mt323.dll
 0001:0000b792       ?setPaletteBackgroundPixmap@QWidget@@UAEXABVQPixmap@@@Z 0040c792 f   qt-mt323:qt-mt323.dll
 0001:0000b798       ?setPixmap@QButton@@UAEXABVQPixmap@@@Z 0040c798 f   qt-mt323:qt-mt323.dll
 0001:0000b79e       ?setPrefix@QDomNode@@UAEXABVQString@@@Z 0040c79e f   qt-mt323:qt-mt323.dll
 0001:0000b7a4       ?setProperty@QObject@@UAE_NPBDABVQVariant@@@Z 0040c7a4 f   qt-mt323:qt-mt323.dll
 0001:0000b7aa       ?setResolution@QPaintDevice@@UAEXH@Z 0040c7aa f   qt-mt323:qt-mt323.dll
 0001:0000b7b0       ?setRightJustification@QMainWindow@@UAEX_N@Z 0040c7b0 f   qt-mt323:qt-mt323.dll
 0001:0000b7b6       ?setSeparator@QMenuBar@@UAEXW4Separator@1@@Z 0040c7b6 f   qt-mt323:qt-mt323.dll
 0001:0000b7bc       ?setSizeIncrement@QWidget@@UAEXHH@Z 0040c7bc f   qt-mt323:qt-mt323.dll
 0001:0000b7c2       ?setSizePolicy@QWidget@@UAEXVQSizePolicy@@@Z 0040c7c2 f   qt-mt323:qt-mt323.dll
 0001:0000b7c8       ?setState@QButton@@MAEXW4ToggleState@1@@Z 0040c7c8 f   qt-mt323:qt-mt323.dll
 0001:0000b7ce       ?setStatusBar@QMainWindow@@EAEXPAVQStatusBar@@@Z 0040c7ce f   qt-mt323:qt-mt323.dll
 0001:0000b7d4       ?setText@QButton@@UAEXABVQString@@@Z 0040c7d4 f   qt-mt323:qt-mt323.dll
 0001:0000b7da       ?setToggleType@QButton@@MAEXW4ToggleType@1@@Z 0040c7da f   qt-mt323:qt-mt323.dll
 0001:0000b7e0       ?setToolTipGroup@QMainWindow@@EAEXPAVQToolTipGroup@@@Z 0040c7e0 f   qt-mt323:qt-mt323.dll
 0001:0000b7e6       ?setUpLayout@QMainWindow@@MAEXXZ 0040c7e6 f   qt-mt323:qt-mt323.dll
 0001:0000b7ec       ?setUpdatesEnabled@QWidget@@UAEX_N@Z 0040c7ec f   qt-mt323:qt-mt323.dll
 0001:0000b7f2       ?setUsesBigPixmaps@QMainWindow@@UAEX_N@Z 0040c7f2 f   qt-mt323:qt-mt323.dll
 0001:0000b7f8       ?setUsesTextLabel@QMainWindow@@UAEX_N@Z 0040c7f8 f   qt-mt323:qt-mt323.dll
 0001:0000b7fe       ?setWFlags@QWidget@@MAEXI@Z 0040c7fe f   qt-mt323:qt-mt323.dll
 0001:0000b804       ?setWState@QWidget@@MAEXI@Z 0040c804 f   qt-mt323:qt-mt323.dll
 0001:0000b80a       ?show@QDialog@@UAEXXZ      0040c80a f   qt-mt323:qt-mt323.dll
 0001:0000b810       ?show@QMenuBar@@UAEXXZ     0040c810 f   qt-mt323:qt-mt323.dll
 0001:0000b816       ?show@QPopupMenu@@UAEXXZ   0040c816 f   qt-mt323:qt-mt323.dll
 0001:0000b81c       ?show@QWidget@@UAEXXZ      0040c81c f   qt-mt323:qt-mt323.dll
 0001:0000b822       ?showDockMenu@QMainWindow@@MAE_NABVQPoint@@@Z 0040c822 f   qt-mt323:qt-mt323.dll
 0001:0000b828       ?showEvent@QProgressDialog@@MAEXPAVQShowEvent@@@Z 0040c828 f   qt-mt323:qt-mt323.dll
 0001:0000b82e       ?showEvent@QWidget@@MAEXPAVQShowEvent@@@Z 0040c82e f   qt-mt323:qt-mt323.dll
 0001:0000b834       ?showMaximized@QWidget@@UAEXXZ 0040c834 f   qt-mt323:qt-mt323.dll
 0001:0000b83a       ?showMinimized@QWidget@@UAEXXZ 0040c83a f   qt-mt323:qt-mt323.dll
 0001:0000b840       ?showNormal@QWidget@@UAEXXZ 0040c840 f   qt-mt323:qt-mt323.dll
 0001:0000b846       ?sizeHint@QMainWindow@@UBE?AVQSize@@XZ 0040c846 f   qt-mt323:qt-mt323.dll
 0001:0000b84c       ?sizeHint@QMenuBar@@UBE?AVQSize@@XZ 0040c84c f   qt-mt323:qt-mt323.dll
 0001:0000b852       ?sizeHint@QPopupMenu@@UBE?AVQSize@@XZ 0040c852 f   qt-mt323:qt-mt323.dll
 0001:0000b858       ?sizeHint@QProgressDialog@@UBE?AVQSize@@XZ 0040c858 f   qt-mt323:qt-mt323.dll
 0001:0000b85e       ?sizeHint@QPushButton@@UBE?AVQSize@@XZ 0040c85e f   qt-mt323:qt-mt323.dll
 0001:0000b864       ?sizePolicy@QWidget@@UBE?AVQSizePolicy@@XZ 0040c864 f   qt-mt323:qt-mt323.dll
 0001:0000b86a       ?styleChange@QMainWindow@@MAEXAAVQStyle@@@Z 0040c86a f   qt-mt323:qt-mt323.dll
 0001:0000b870       ?styleChange@QMenuBar@@MAEXAAVQStyle@@@Z 0040c870 f   qt-mt323:qt-mt323.dll
 0001:0000b876       ?styleChange@QPopupMenu@@MAEXAAVQStyle@@@Z 0040c876 f   qt-mt323:qt-mt323.dll
 0001:0000b87c       ?styleChange@QProgressDialog@@MAEXAAVQStyle@@@Z 0040c87c f   qt-mt323:qt-mt323.dll
 0001:0000b882       ?styleChange@QWidget@@MAEXAAVQStyle@@@Z 0040c882 f   qt-mt323:qt-mt323.dll
 0001:0000b888       ?tabletEvent@QWidget@@MAEXPAVQTabletEvent@@@Z 0040c888 f   qt-mt323:qt-mt323.dll
 0001:0000b88e       ?timerEvent@QObject@@MAEXPAVQTimerEvent@@@Z 0040c88e f   qt-mt323:qt-mt323.dll
 0001:0000b894       ?timerEvent@QPopupMenu@@MAEXPAVQTimerEvent@@@Z 0040c894 f   qt-mt323:qt-mt323.dll
 0001:0000b89a       ?unsetCursor@QWidget@@UAEXXZ 0040c89a f   qt-mt323:qt-mt323.dll
 0001:0000b8a0       ?updateItem@QMenuBar@@UAEXH@Z 0040c8a0 f   qt-mt323:qt-mt323.dll
 0001:0000b8a6       ?updateItem@QPopupMenu@@UAEXH@Z 0040c8a6 f   qt-mt323:qt-mt323.dll
 0001:0000b8ac       ?updateMask@QPushButton@@MAEXXZ 0040c8ac f   qt-mt323:qt-mt323.dll
 0001:0000b8b2       ?updateMask@QWidget@@MAEXXZ 0040c8b2 f   qt-mt323:qt-mt323.dll
 0001:0000b8b8       ?whatsThis@QMainWindow@@UAEXXZ 0040c8b8 f   qt-mt323:qt-mt323.dll
 0001:0000b8be       ?wheelEvent@QWidget@@MAEXPAVQWheelEvent@@@Z 0040c8be f   qt-mt323:qt-mt323.dll
 0001:0000b8c4       ?winEvent@QWidget@@MAE_NPAUtagMSG@@@Z 0040c8c4 f   qt-mt323:qt-mt323.dll
 0001:0000b8ca       ?windowActivationChange@QWidget@@MAEX_N@Z 0040c8ca f   qt-mt323:qt-mt323.dll
 0001:0000b8d0       ?write@QGList@@MBEAAVQDataStream@@AAV2@PAX@Z 0040c8d0 f   qt-mt323:qt-mt323.dll
 0001:0000b8d6       ?addChild@QScrollView@@UAEXPAVQWidget@@HH@Z 0040c8d6 f   qt-mt323:qt-mt323.dll
 0001:0000b8dc       ?addColumn@QListView@@UAEHABVQIconSet@@ABVQString@@H@Z 0040c8dc f   qt-mt323:qt-mt323.dll
 0001:0000b8e2       ?addColumn@QListView@@UAEHABVQString@@H@Z 0040c8e2 f   qt-mt323:qt-mt323.dll
 0001:0000b8e8       ?addItem@QBoxLayout@@UAEXPAVQLayoutItem@@@Z 0040c8e8 f   qt-mt323:qt-mt323.dll
 0001:0000b8ee       ?addItem@QGridLayout@@UAEXPAVQLayoutItem@@@Z 0040c8ee f   qt-mt323:qt-mt323.dll
 0001:0000b8f4       ?childEvent@QGroupBox@@MAEXPAVQChildEvent@@@Z 0040c8f4 f   qt-mt323:qt-mt323.dll
 0001:0000b8fa       ?childEvent@QLayout@@MAEXPAVQChildEvent@@@Z 0040c8fa f   qt-mt323:qt-mt323.dll
 0001:0000b900       ?childEvent@QSplitter@@MAEXPAVQChildEvent@@@Z 0040c900 f   qt-mt323:qt-mt323.dll
 0001:0000b906       ?className@QButtonGroup@@UBEPBDXZ 0040c906 f   qt-mt323:qt-mt323.dll
 0001:0000b90c       ?className@QCheckBox@@UBEPBDXZ 0040c90c f   qt-mt323:qt-mt323.dll
 0001:0000b912       ?className@QComboBox@@UBEPBDXZ 0040c912 f   qt-mt323:qt-mt323.dll
 0001:0000b918       ?className@QGridLayout@@UBEPBDXZ 0040c918 f   qt-mt323:qt-mt323.dll
 0001:0000b91e       ?className@QGroupBox@@UBEPBDXZ 0040c91e f   qt-mt323:qt-mt323.dll
 0001:0000b924       ?className@QHBoxLayout@@UBEPBDXZ 0040c924 f   qt-mt323:qt-mt323.dll
 0001:0000b92a       ?className@QLabel@@UBEPBDXZ 0040c92a f   qt-mt323:qt-mt323.dll
 0001:0000b930       ?className@QLineEdit@@UBEPBDXZ 0040c930 f   qt-mt323:qt-mt323.dll
 0001:0000b936       ?className@QListView@@UBEPBDXZ 0040c936 f   qt-mt323:qt-mt323.dll
 0001:0000b93c       ?className@QSplitter@@UBEPBDXZ 0040c93c f   qt-mt323:qt-mt323.dll
 0001:0000b942       ?className@QVBoxLayout@@UBEPBDXZ 0040c942 f   qt-mt323:qt-mt323.dll
 0001:0000b948       ?className@QWidget@@UBEPBDXZ 0040c948 f   qt-mt323:qt-mt323.dll
 0001:0000b94e       ?clear@QLineEdit@@UAEXXZ   0040c94e f   qt-mt323:qt-mt323.dll
 0001:0000b954       ?clear@QListView@@UAEXXZ   0040c954 f   qt-mt323:qt-mt323.dll
 0001:0000b95a       ?clearSelection@QListView@@UAEXXZ 0040c95a f   qt-mt323:qt-mt323.dll
 0001:0000b960       ?clearValidator@QLineEdit@@UAEXXZ 0040c960 f   qt-mt323:qt-mt323.dll
 0001:0000b966       ?contentsContextMenuEvent@QListView@@MAEXPAVQContextMenuEvent@@@Z 0040c966 f   qt-mt323:qt-mt323.dll
 0001:0000b96c       ?contentsDragEnterEvent@QListView@@MAEXPAVQDragEnterEvent@@@Z 0040c96c f   qt-mt323:qt-mt323.dll
 0001:0000b972       ?contentsDragLeaveEvent@QListView@@MAEXPAVQDragLeaveEvent@@@Z 0040c972 f   qt-mt323:qt-mt323.dll
 0001:0000b978       ?contentsDragMoveEvent@QListView@@MAEXPAVQDragMoveEvent@@@Z 0040c978 f   qt-mt323:qt-mt323.dll
 0001:0000b97e       ?contentsDropEvent@QListView@@MAEXPAVQDropEvent@@@Z 0040c97e f   qt-mt323:qt-mt323.dll
 0001:0000b984       ?contentsMouseDoubleClickEvent@QListView@@MAEXPAVQMouseEvent@@@Z 0040c984 f   qt-mt323:qt-mt323.dll
 0001:0000b98a       ?contentsMouseMoveEvent@QListView@@MAEXPAVQMouseEvent@@@Z 0040c98a f   qt-mt323:qt-mt323.dll
 0001:0000b990       ?contentsMousePressEvent@QListView@@MAEXPAVQMouseEvent@@@Z 0040c990 f   qt-mt323:qt-mt323.dll
 0001:0000b996       ?contentsMouseReleaseEvent@QListView@@MAEXPAVQMouseEvent@@@Z 0040c996 f   qt-mt323:qt-mt323.dll
 0001:0000b99c       ?contentsWheelEvent@QScrollView@@MAEXPAVQWheelEvent@@@Z 0040c99c f   qt-mt323:qt-mt323.dll
 0001:0000b9a2       ?contextMenuEvent@QLineEdit@@MAEXPAVQContextMenuEvent@@@Z 0040c9a2 f   qt-mt323:qt-mt323.dll
 0001:0000b9a8       ?contextMenuEvent@QScrollView@@MAEXPAVQContextMenuEvent@@@Z 0040c9a8 f   qt-mt323:qt-mt323.dll
 0001:0000b9ae       ?copy@QLineEdit@@UBEXXZ    0040c9ae f   qt-mt323:qt-mt323.dll
 0001:0000b9b4       ?createPopupMenu@QLineEdit@@MAEPAVQPopupMenu@@XZ 0040c9b4 f   qt-mt323:qt-mt323.dll
 0001:0000b9ba       ?cut@QLineEdit@@UAEXXZ     0040c9ba f   qt-mt323:qt-mt323.dll
 0001:0000b9c0       ?deselect@QLineEdit@@UAEXXZ 0040c9c0 f   qt-mt323:qt-mt323.dll
 0001:0000b9c6       ?dragEnterEvent@QLineEdit@@MAEXPAVQDragEnterEvent@@@Z 0040c9c6 f   qt-mt323:qt-mt323.dll
 0001:0000b9cc       ?dragLeaveEvent@QLineEdit@@MAEXPAVQDragLeaveEvent@@@Z 0040c9cc f   qt-mt323:qt-mt323.dll
 0001:0000b9d2       ?dragMoveEvent@QLineEdit@@MAEXPAVQDragMoveEvent@@@Z 0040c9d2 f   qt-mt323:qt-mt323.dll
 0001:0000b9d8       ?dragObject@QListView@@MAEPAVQDragObject@@XZ 0040c9d8 f   qt-mt323:qt-mt323.dll
 0001:0000b9de       ?drawButton@QCheckBox@@MAEXPAVQPainter@@@Z 0040c9de f   qt-mt323:qt-mt323.dll
 0001:0000b9e4       ?drawButtonLabel@QCheckBox@@MAEXPAVQPainter@@@Z 0040c9e4 f   qt-mt323:qt-mt323.dll
 0001:0000b9ea       ?drawContents@QFrame@@MAEXPAVQPainter@@@Z 0040c9ea f   qt-mt323:qt-mt323.dll
 0001:0000b9f0       ?drawContents@QLabel@@MAEXPAVQPainter@@@Z 0040c9f0 f   qt-mt323:qt-mt323.dll
 0001:0000b9f6       ?drawContents@QLineEdit@@MAEXPAVQPainter@@@Z 0040c9f6 f   qt-mt323:qt-mt323.dll
 0001:0000b9fc       ?drawContents@QScrollView@@EAEXPAVQPainter@@@Z 0040c9fc f   qt-mt323:qt-mt323.dll
 0001:0000ba02       ?drawContents@QScrollView@@MAEXPAVQPainter@@HHHH@Z 0040ca02 f   qt-mt323:qt-mt323.dll
 0001:0000ba08       ?drawContentsOffset@QListView@@MAEXPAVQPainter@@HHHHHH@Z 0040ca08 f   qt-mt323:qt-mt323.dll
 0001:0000ba0e       ?drawSplitter@QSplitter@@MAEXPAVQPainter@@HHHH@Z 0040ca0e f   qt-mt323:qt-mt323.dll
 0001:0000ba14       ?dropEvent@QLineEdit@@MAEXPAVQDropEvent@@@Z 0040ca14 f   qt-mt323:qt-mt323.dll
 0001:0000ba1a       ?event@QButtonGroup@@MAE_NPAVQEvent@@@Z 0040ca1a f   qt-mt323:qt-mt323.dll
 0001:0000ba20       ?event@QGroupBox@@MAE_NPAVQEvent@@@Z 0040ca20 f   qt-mt323:qt-mt323.dll
 0001:0000ba26       ?event@QLineEdit@@MAE_NPAVQEvent@@@Z 0040ca26 f   qt-mt323:qt-mt323.dll
 0001:0000ba2c       ?event@QObject@@UAE_NPAVQEvent@@@Z 0040ca2c f   qt-mt323:qt-mt323.dll
 0001:0000ba32       ?event@QSplitter@@MAE_NPAVQEvent@@@Z 0040ca32 f   qt-mt323:qt-mt323.dll
 0001:0000ba38       ?eventFilter@QComboBox@@UAE_NPAVQObject@@PAVQEvent@@@Z 0040ca38 f   qt-mt323:qt-mt323.dll
 0001:0000ba3e       ?eventFilter@QLayout@@MAE_NPAVQObject@@PAVQEvent@@@Z 0040ca3e f   qt-mt323:qt-mt323.dll
 0001:0000ba44       ?eventFilter@QListView@@UAE_NPAVQObject@@PAVQEvent@@@Z 0040ca44 f   qt-mt323:qt-mt323.dll
 0001:0000ba4a       ?expanding@QBoxLayout@@UBE?AW4ExpandData@QSizePolicy@@XZ 0040ca4a f   qt-mt323:qt-mt323.dll
 0001:0000ba50       ?expanding@QGridLayout@@UBE?AW4ExpandData@QSizePolicy@@XZ 0040ca50 f   qt-mt323:qt-mt323.dll
 0001:0000ba56       ?expanding@QSpacerItem@@UBE?AW4ExpandData@QSizePolicy@@XZ 0040ca56 f   qt-mt323:qt-mt323.dll
 0001:0000ba5c       ?focusInEvent@QButton@@MAEXPAVQFocusEvent@@@Z 0040ca5c f   qt-mt323:qt-mt323.dll
 0001:0000ba62       ?focusInEvent@QComboBox@@MAEXPAVQFocusEvent@@@Z 0040ca62 f   qt-mt323:qt-mt323.dll
 0001:0000ba68       ?focusInEvent@QGroupBox@@MAEXPAVQFocusEvent@@@Z 0040ca68 f   qt-mt323:qt-mt323.dll
 0001:0000ba6e       ?focusInEvent@QLineEdit@@MAEXPAVQFocusEvent@@@Z 0040ca6e f   qt-mt323:qt-mt323.dll
 0001:0000ba74       ?focusInEvent@QListView@@MAEXPAVQFocusEvent@@@Z 0040ca74 f   qt-mt323:qt-mt323.dll
 0001:0000ba7a       ?focusNextPrevChild@QScrollView@@MAE_N_N@Z 0040ca7a f   qt-mt323:qt-mt323.dll
 0001:0000ba80       ?focusOutEvent@QButton@@MAEXPAVQFocusEvent@@@Z 0040ca80 f   qt-mt323:qt-mt323.dll
 0001:0000ba86       ?focusOutEvent@QComboBox@@MAEXPAVQFocusEvent@@@Z 0040ca86 f   qt-mt323:qt-mt323.dll
 0001:0000ba8c       ?focusOutEvent@QLineEdit@@MAEXPAVQFocusEvent@@@Z 0040ca8c f   qt-mt323:qt-mt323.dll
 0001:0000ba92       ?focusOutEvent@QListView@@MAEXPAVQFocusEvent@@@Z 0040ca92 f   qt-mt323:qt-mt323.dll
 0001:0000ba98       ?fontChange@QGroupBox@@MAEXABVQFont@@@Z 0040ca98 f   qt-mt323:qt-mt323.dll
 0001:0000ba9e       ?fontChange@QLabel@@MAEXABVQFont@@@Z 0040ca9e f   qt-mt323:qt-mt323.dll
 0001:0000baa4       ?fontChange@QScrollView@@MAEXABVQFont@@@Z 0040caa4 f   qt-mt323:qt-mt323.dll
 0001:0000baaa       ?frameChanged@QFrame@@MAEXXZ 0040caaa f   qt-mt323:qt-mt323.dll
 0001:0000bab0       ?frameChanged@QScrollView@@MAEXXZ 0040cab0 f   qt-mt323:qt-mt323.dll
 0001:0000bab6       ?geometry@QLayout@@UBE?AVQRect@@XZ 0040cab6 f   qt-mt323:qt-mt323.dll
 0001:0000babc       ?geometry@QSpacerItem@@UBE?AVQRect@@XZ 0040cabc f   qt-mt323:qt-mt323.dll
 0001:0000bac2       ?hasHeightForWidth@QBoxLayout@@UBE_NXZ 0040cac2 f   qt-mt323:qt-mt323.dll
 0001:0000bac8       ?hasHeightForWidth@QGridLayout@@UBE_NXZ 0040cac8 f   qt-mt323:qt-mt323.dll
 0001:0000bace       ?hasHeightForWidth@QLayoutItem@@UBE_NXZ 0040cace f   qt-mt323:qt-mt323.dll
 0001:0000bad4       ?heightForWidth@QBoxLayout@@UBEHH@Z 0040cad4 f   qt-mt323:qt-mt323.dll
 0001:0000bada       ?heightForWidth@QGridLayout@@UBEHH@Z 0040cada f   qt-mt323:qt-mt323.dll
 0001:0000bae0       ?heightForWidth@QLabel@@UBEHH@Z 0040cae0 f   qt-mt323:qt-mt323.dll
 0001:0000bae6       ?heightForWidth@QLayoutItem@@UBEHH@Z 0040cae6 f   qt-mt323:qt-mt323.dll
 0001:0000baec       ?hitButton@QCheckBox@@MBE_NABVQPoint@@@Z 0040caec f   qt-mt323:qt-mt323.dll
 0001:0000baf2       ?imComposeEvent@QLineEdit@@MAEXPAVQIMEvent@@@Z 0040caf2 f   qt-mt323:qt-mt323.dll
 0001:0000baf8       ?imEndEvent@QLineEdit@@MAEXPAVQIMEvent@@@Z 0040caf8 f   qt-mt323:qt-mt323.dll
 0001:0000bafe       ?imStartEvent@QLineEdit@@MAEXPAVQIMEvent@@@Z 0040cafe f   qt-mt323:qt-mt323.dll
 0001:0000bb04       ?insert@QLineEdit@@UAEXABVQString@@@Z 0040cb04 f   qt-mt323:qt-mt323.dll
 0001:0000bb0a       ?insertItem@QListView@@UAEXPAVQListViewItem@@@Z 0040cb0a f   qt-mt323:qt-mt323.dll
 0001:0000bb10       ?invalidate@QBoxLayout@@UAEXXZ 0040cb10 f   qt-mt323:qt-mt323.dll
 0001:0000bb16       ?invalidate@QGridLayout@@UAEXXZ 0040cb16 f   qt-mt323:qt-mt323.dll
 0001:0000bb1c       ?invalidate@QLayoutItem@@UAEXXZ 0040cb1c f   qt-mt323:qt-mt323.dll
 0001:0000bb22       ?invertSelection@QListView@@UAEXXZ 0040cb22 f   qt-mt323:qt-mt323.dll
 0001:0000bb28       ?isEmpty@QLayout@@UBE_NXZ  0040cb28 f   qt-mt323:qt-mt323.dll
 0001:0000bb2e       ?isEmpty@QSpacerItem@@UBE_NXZ 0040cb2e f   qt-mt323:qt-mt323.dll
 0001:0000bb34       ?iterator@QBoxLayout@@UAE?AVQLayoutIterator@@XZ 0040cb34 f   qt-mt323:qt-mt323.dll
 0001:0000bb3a       ?iterator@QGridLayout@@UAE?AVQLayoutIterator@@XZ 0040cb3a f   qt-mt323:qt-mt323.dll
 0001:0000bb40       ?iterator@QLayoutItem@@UAE?AVQLayoutIterator@@XZ 0040cb40 f   qt-mt323:qt-mt323.dll
 0001:0000bb46       ?keyPressEvent@QComboBox@@MAEXPAVQKeyEvent@@@Z 0040cb46 f   qt-mt323:qt-mt323.dll
 0001:0000bb4c       ?keyPressEvent@QLineEdit@@MAEXPAVQKeyEvent@@@Z 0040cb4c f   qt-mt323:qt-mt323.dll
 0001:0000bb52       ?keyPressEvent@QListView@@MAEXPAVQKeyEvent@@@Z 0040cb52 f   qt-mt323:qt-mt323.dll
 0001:0000bb58       ?layout@QLayout@@UAEPAV1@XZ 0040cb58 f   qt-mt323:qt-mt323.dll
 0001:0000bb5e       ?layout@QLayoutItem@@UAEPAVQLayout@@XZ 0040cb5e f   qt-mt323:qt-mt323.dll
 0001:0000bb64       ?maximumSize@QBoxLayout@@UBE?AVQSize@@XZ 0040cb64 f   qt-mt323:qt-mt323.dll
 0001:0000bb6a       ?maximumSize@QGridLayout@@UBE?AVQSize@@XZ 0040cb6a f   qt-mt323:qt-mt323.dll
 0001:0000bb70       ?maximumSize@QSpacerItem@@UBE?AVQSize@@XZ 0040cb70 f   qt-mt323:qt-mt323.dll
 0001:0000bb76       ?metaObject@QButtonGroup@@UBEPAVQMetaObject@@XZ 0040cb76 f   qt-mt323:qt-mt323.dll
 0001:0000bb7c       ?metaObject@QCheckBox@@UBEPAVQMetaObject@@XZ 0040cb7c f   qt-mt323:qt-mt323.dll
 0001:0000bb82       ?metaObject@QComboBox@@UBEPAVQMetaObject@@XZ 0040cb82 f   qt-mt323:qt-mt323.dll
 0001:0000bb88       ?metaObject@QGridLayout@@UBEPAVQMetaObject@@XZ 0040cb88 f   qt-mt323:qt-mt323.dll
 0001:0000bb8e       ?metaObject@QGroupBox@@UBEPAVQMetaObject@@XZ 0040cb8e f   qt-mt323:qt-mt323.dll
 0001:0000bb94       ?metaObject@QHBoxLayout@@UBEPAVQMetaObject@@XZ 0040cb94 f   qt-mt323:qt-mt323.dll
 0001:0000bb9a       ?metaObject@QLabel@@UBEPAVQMetaObject@@XZ 0040cb9a f   qt-mt323:qt-mt323.dll
 0001:0000bba0       ?metaObject@QLineEdit@@UBEPAVQMetaObject@@XZ 0040cba0 f   qt-mt323:qt-mt323.dll
 0001:0000bba6       ?metaObject@QListView@@UBEPAVQMetaObject@@XZ 0040cba6 f   qt-mt323:qt-mt323.dll
 0001:0000bbac       ?metaObject@QSplitter@@UBEPAVQMetaObject@@XZ 0040cbac f   qt-mt323:qt-mt323.dll
 0001:0000bbb2       ?metaObject@QVBoxLayout@@UBEPAVQMetaObject@@XZ 0040cbb2 f   qt-mt323:qt-mt323.dll
 0001:0000bbb8       ?metaObject@QWidget@@UBEPAVQMetaObject@@XZ 0040cbb8 f   qt-mt323:qt-mt323.dll
 0001:0000bbbe       ?minimumSize@QBoxLayout@@UBE?AVQSize@@XZ 0040cbbe f   qt-mt323:qt-mt323.dll
 0001:0000bbc4       ?minimumSize@QGridLayout@@UBE?AVQSize@@XZ 0040cbc4 f   qt-mt323:qt-mt323.dll
 0001:0000bbca       ?minimumSize@QSpacerItem@@UBE?AVQSize@@XZ 0040cbca f   qt-mt323:qt-mt323.dll
 0001:0000bbd0       ?minimumSizeHint@QLabel@@UBE?AVQSize@@XZ 0040cbd0 f   qt-mt323:qt-mt323.dll
 0001:0000bbd6       ?minimumSizeHint@QLineEdit@@UBE?AVQSize@@XZ 0040cbd6 f   qt-mt323:qt-mt323.dll
 0001:0000bbdc       ?minimumSizeHint@QListView@@UBE?AVQSize@@XZ 0040cbdc f   qt-mt323:qt-mt323.dll
 0001:0000bbe2       ?minimumSizeHint@QSplitter@@UBE?AVQSize@@XZ 0040cbe2 f   qt-mt323:qt-mt323.dll
 0001:0000bbe8       ?mouseDoubleClickEvent@QComboBox@@MAEXPAVQMouseEvent@@@Z 0040cbe8 f   qt-mt323:qt-mt323.dll
 0001:0000bbee       ?mouseDoubleClickEvent@QLineEdit@@MAEXPAVQMouseEvent@@@Z 0040cbee f   qt-mt323:qt-mt323.dll
 0001:0000bbf4       ?mouseDoubleClickEvent@QScrollView@@MAEXPAVQMouseEvent@@@Z 0040cbf4 f   qt-mt323:qt-mt323.dll
 0001:0000bbfa       ?mouseMoveEvent@QComboBox@@MAEXPAVQMouseEvent@@@Z 0040cbfa f   qt-mt323:qt-mt323.dll
 0001:0000bc00       ?mouseMoveEvent@QLineEdit@@MAEXPAVQMouseEvent@@@Z 0040cc00 f   qt-mt323:qt-mt323.dll
 0001:0000bc06       ?mouseMoveEvent@QScrollView@@MAEXPAVQMouseEvent@@@Z 0040cc06 f   qt-mt323:qt-mt323.dll
 0001:0000bc0c       ?mousePressEvent@QComboBox@@MAEXPAVQMouseEvent@@@Z 0040cc0c f   qt-mt323:qt-mt323.dll
 0001:0000bc12       ?mousePressEvent@QLineEdit@@MAEXPAVQMouseEvent@@@Z 0040cc12 f   qt-mt323:qt-mt323.dll
 0001:0000bc18       ?mousePressEvent@QScrollView@@MAEXPAVQMouseEvent@@@Z 0040cc18 f   qt-mt323:qt-mt323.dll
 0001:0000bc1e       ?mouseReleaseEvent@QComboBox@@MAEXPAVQMouseEvent@@@Z 0040cc1e f   qt-mt323:qt-mt323.dll
 0001:0000bc24       ?mouseReleaseEvent@QLineEdit@@MAEXPAVQMouseEvent@@@Z 0040cc24 f   qt-mt323:qt-mt323.dll
 0001:0000bc2a       ?mouseReleaseEvent@QScrollView@@MAEXPAVQMouseEvent@@@Z 0040cc2a f   qt-mt323:qt-mt323.dll
 0001:0000bc30       ?moveChild@QScrollView@@UAEXPAVQWidget@@HH@Z 0040cc30 f   qt-mt323:qt-mt323.dll
 0001:0000bc36       ?moveFocus@QButtonGroup@@UAEXH@Z 0040cc36 f   qt-mt323:qt-mt323.dll
 0001:0000bc3c       ?paintEmptyArea@QListView@@MAEXPAVQPainter@@ABVQRect@@@Z 0040cc3c f   qt-mt323:qt-mt323.dll
 0001:0000bc42       ?paintEvent@QComboBox@@MAEXPAVQPaintEvent@@@Z 0040cc42 f   qt-mt323:qt-mt323.dll
 0001:0000bc48       ?paintEvent@QGroupBox@@MAEXPAVQPaintEvent@@@Z 0040cc48 f   qt-mt323:qt-mt323.dll
 0001:0000bc4e       ?paste@QLineEdit@@UAEXXZ   0040cc4e f   qt-mt323:qt-mt323.dll
 0001:0000bc54       ?popup@QComboBox@@UAEXXZ   0040cc54 f   qt-mt323:qt-mt323.dll
 0001:0000bc5a       ?qt_cast@QButtonGroup@@UAEPAXPBD@Z 0040cc5a f   qt-mt323:qt-mt323.dll
 0001:0000bc60       ?qt_cast@QCheckBox@@UAEPAXPBD@Z 0040cc60 f   qt-mt323:qt-mt323.dll
 0001:0000bc66       ?qt_cast@QComboBox@@UAEPAXPBD@Z 0040cc66 f   qt-mt323:qt-mt323.dll
 0001:0000bc6c       ?qt_cast@QGridLayout@@UAEPAXPBD@Z 0040cc6c f   qt-mt323:qt-mt323.dll
 0001:0000bc72       ?qt_cast@QGroupBox@@UAEPAXPBD@Z 0040cc72 f   qt-mt323:qt-mt323.dll
 0001:0000bc78       ?qt_cast@QHBoxLayout@@UAEPAXPBD@Z 0040cc78 f   qt-mt323:qt-mt323.dll
 0001:0000bc7e       ?qt_cast@QLabel@@UAEPAXPBD@Z 0040cc7e f   qt-mt323:qt-mt323.dll
 0001:0000bc84       ?qt_cast@QLineEdit@@UAEPAXPBD@Z 0040cc84 f   qt-mt323:qt-mt323.dll
 0001:0000bc8a       ?qt_cast@QListView@@UAEPAXPBD@Z 0040cc8a f   qt-mt323:qt-mt323.dll
 0001:0000bc90       ?qt_cast@QSplitter@@UAEPAXPBD@Z 0040cc90 f   qt-mt323:qt-mt323.dll
 0001:0000bc96       ?qt_cast@QVBoxLayout@@UAEPAXPBD@Z 0040cc96 f   qt-mt323:qt-mt323.dll
 0001:0000bc9c       ?qt_cast@QWidget@@UAEPAXPBD@Z 0040cc9c f   qt-mt323:qt-mt323.dll
 0001:0000bca2       ?qt_emit@QButtonGroup@@UAE_NHPAUQUObject@@@Z 0040cca2 f   qt-mt323:qt-mt323.dll
 0001:0000bca8       ?qt_emit@QCheckBox@@UAE_NHPAUQUObject@@@Z 0040cca8 f   qt-mt323:qt-mt323.dll
 0001:0000bcae       ?qt_emit@QComboBox@@UAE_NHPAUQUObject@@@Z 0040ccae f   qt-mt323:qt-mt323.dll
 0001:0000bcb4       ?qt_emit@QGridLayout@@UAE_NHPAUQUObject@@@Z 0040ccb4 f   qt-mt323:qt-mt323.dll
 0001:0000bcba       ?qt_emit@QGroupBox@@UAE_NHPAUQUObject@@@Z 0040ccba f   qt-mt323:qt-mt323.dll
 0001:0000bcc0       ?qt_emit@QHBoxLayout@@UAE_NHPAUQUObject@@@Z 0040ccc0 f   qt-mt323:qt-mt323.dll
 0001:0000bcc6       ?qt_emit@QLabel@@UAE_NHPAUQUObject@@@Z 0040ccc6 f   qt-mt323:qt-mt323.dll
 0001:0000bccc       ?qt_emit@QLineEdit@@UAE_NHPAUQUObject@@@Z 0040cccc f   qt-mt323:qt-mt323.dll
 0001:0000bcd2       ?qt_emit@QListView@@UAE_NHPAUQUObject@@@Z 0040ccd2 f   qt-mt323:qt-mt323.dll
 0001:0000bcd8       ?qt_emit@QSplitter@@UAE_NHPAUQUObject@@@Z 0040ccd8 f   qt-mt323:qt-mt323.dll
 0001:0000bcde       ?qt_emit@QVBoxLayout@@UAE_NHPAUQUObject@@@Z 0040ccde f   qt-mt323:qt-mt323.dll
 0001:0000bce4       ?qt_emit@QWidget@@UAE_NHPAUQUObject@@@Z 0040cce4 f   qt-mt323:qt-mt323.dll
 0001:0000bcea       ?qt_invoke@QButtonGroup@@UAE_NHPAUQUObject@@@Z 0040ccea f   qt-mt323:qt-mt323.dll
 0001:0000bcf0       ?qt_invoke@QCheckBox@@UAE_NHPAUQUObject@@@Z 0040ccf0 f   qt-mt323:qt-mt323.dll
 0001:0000bcf6       ?qt_invoke@QComboBox@@UAE_NHPAUQUObject@@@Z 0040ccf6 f   qt-mt323:qt-mt323.dll
 0001:0000bcfc       ?qt_invoke@QGridLayout@@UAE_NHPAUQUObject@@@Z 0040ccfc f   qt-mt323:qt-mt323.dll
 0001:0000bd02       ?qt_invoke@QGroupBox@@UAE_NHPAUQUObject@@@Z 0040cd02 f   qt-mt323:qt-mt323.dll
 0001:0000bd08       ?qt_invoke@QHBoxLayout@@UAE_NHPAUQUObject@@@Z 0040cd08 f   qt-mt323:qt-mt323.dll
 0001:0000bd0e       ?qt_invoke@QLabel@@UAE_NHPAUQUObject@@@Z 0040cd0e f   qt-mt323:qt-mt323.dll
 0001:0000bd14       ?qt_invoke@QLineEdit@@UAE_NHPAUQUObject@@@Z 0040cd14 f   qt-mt323:qt-mt323.dll
 0001:0000bd1a       ?qt_invoke@QListView@@UAE_NHPAUQUObject@@@Z 0040cd1a f   qt-mt323:qt-mt323.dll
 0001:0000bd20       ?qt_invoke@QSplitter@@UAE_NHPAUQUObject@@@Z 0040cd20 f   qt-mt323:qt-mt323.dll
 0001:0000bd26       ?qt_invoke@QVBoxLayout@@UAE_NHPAUQUObject@@@Z 0040cd26 f   qt-mt323:qt-mt323.dll
 0001:0000bd2c       ?qt_invoke@QWidget@@UAE_NHPAUQUObject@@@Z 0040cd2c f   qt-mt323:qt-mt323.dll
[...]
 0002:0000346c       ?slot_3@?3??staticMetaObject@ParamTesterMainWindow@@SAPAVQMetaObject@@XZ@4UQUMethod@@B 0041346c     moc_paramtestermainwindow.obj
 0002:00003480       ?slot_4@?3??staticMetaObject@ParamTesterMainWindow@@SAPAVQMetaObject@@XZ@4UQUMethod@@B 00413480     moc_paramtestermainwindow.obj
 0002:0000349c       ?slot_5@?3??staticMetaObject@ParamTesterMainWindow@@SAPAVQMetaObject@@XZ@4UQUMethod@@B 0041349c     moc_paramtestermainwindow.obj
 0002:000034c0       ?slot_6@?3??staticMetaObject@ParamTesterMainWindow@@SAPAVQMetaObject@@XZ@4UQUMethod@@B 004134c0     moc_paramtestermainwindow.obj
 0002:000034e0       ?slot_7@?3??staticMetaObject@ParamTesterMainWindow@@SAPAVQMetaObject@@XZ@4UQUMethod@@B 004134e0     moc_paramtestermainwindow.obj
 0002:000034fc       ?slot_8@?3??staticMetaObject@ParamTesterMainWindow@@SAPAVQMetaObject@@XZ@4UQUMethod@@B 004134fc     moc_paramtestermainwindow.obj
 0002:00003514       ?slot_9@?3??staticMetaObject@ParamTesterMainWindow@@SAPAVQMetaObject@@XZ@4UQUMethod@@B 00413514     moc_paramtestermainwindow.obj
 0002:00003534       ?slot_10@?3??staticMetaObject@ParamTesterMainWindow@@SAPAVQMetaObject@@XZ@4UQUMethod@@B 00413534     moc_paramtestermainwindow.obj
 0002:00003558       ?slot_tbl@?3??staticMetaObject@ParamTesterMainWindow@@SAPAVQMetaObject@@XZ@4QBUQMetaData@@B 00413558     moc_paramtestermainwindow.obj
 0002:00003714       ?slot_0@?3??staticMetaObject@ParamTesterMainWindowBase@@SAPAVQMetaObject@@XZ@4UQUMethod@@B 00413714     moc_paramtestermainwindowbase.obj
 0002:00003730       ?slot_tbl@?3??staticMetaObject@ParamTesterMainWindowBase@@SAPAVQMetaObject@@XZ@4QBUQMetaData@@B 00413730     moc_paramtestermainwindowbase.obj
 0002:00005c5c       _GS_ExceptionPointers      00415c5c     MSVCRT:gs_report.obj
 0002:00006d68       __catchsym$?_Copy@?$basic_string@DU?$char_traits@D@std@@V?$allocator@D@2@@std@@QAEXII@Z$5 00416d68     main.obj
 0002:00006d78       __catchsym$?_Copy@?$basic_string@DU?$char_traits@D@std@@V?$allocator@D@2@@std@@QAEXII@Z$4 00416d78     main.obj
 0002:00006d88       __unwindtable$?_Copy@?$basic_string@DU?$char_traits@D@std@@V?$allocator@D@2@@std@@QAEXII@Z 00416d88     main.obj
 0002:00006da8       __ehfuncinfo$?_Copy@?$basic_string@DU?$char_traits@D@std@@V?$allocator@D@2@@std@@QAEXII@Z 00416da8     main.obj
 0002:00006dcc       __tryblocktable$?_Copy@?$basic_string@DU?$char_traits@D@std@@V?$allocator@D@2@@std@@QAEXII@Z 00416dcc     main.obj
 0002:00006df4       __ehfuncinfo$_main         00416df4     main.obj
 0002:00006e18       __unwindtable$_main        00416e18     main.obj
 0002:00006e48       __unwindtable$?compare@myListViewItem@@UBEHPAVQListViewItem@@H_N@Z 00416e48     myListViewItem.obj
 0002:00006e68       __ehfuncinfo$?compare@myListViewItem@@UBEHPAVQListViewItem@@H_N@Z 00416e68     myListViewItem.obj
 0002:00006e8c       __ehfuncinfo$??0myListViewItem@@QAE@PAVQListView@@VQString@@1111111@Z 00416e8c     myListViewItem.obj
 0002:00006eb0       __unwindtable$??0myListViewItem@@QAE@PAVQListView@@VQString@@1111111@Z 00416eb0     myListViewItem.obj
 0002:00006f28       __ehfuncinfo$?loadInstances@ParamTesterMainWindow@@QAE_NXZ 00416f28     paramtestermainwindow.obj
 0002:00006f4c       __unwindtable$?loadInstances@ParamTesterMainWindow@@QAE_NXZ 00416f4c     paramtestermainwindow.obj
 0002:000070d4       __ehfuncinfo$??0ParamTesterMainWindow@@QAE@PAVQWidget@@PBDI@Z 004170d4     paramtestermainwindow.obj
 0002:000070f8       __unwindtable$??0ParamTesterMainWindow@@QAE@PAVQWidget@@PBDI@Z 004170f8     paramtestermainwindow.obj
 0002:000071c8       __ehfuncinfo$??1ParamTesterMainWindow@@UAE@XZ 004171c8     paramtestermainwindow.obj
 0002:000071ec       __unwindtable$??1ParamTesterMainWindow@@UAE@XZ 004171ec     paramtestermainwindow.obj
 0002:00007224       __unwindtable$?cccInfoRevertive@ParamTesterMainWindow@@UAEXHHABV?$basic_string@DU?$char_traits@D@std@@V?$allocator@D@2@@std@@@Z 00417224     paramtestermainwindow.obj
 0002:0000722c       __ehfuncinfo$?cccInfoRevertive@ParamTesterMainWindow@@UAEXHHABV?$basic_string@DU?$char_traits@D@std@@V?$allocator@D@2@@std@@@Z 0041722c     paramtestermainwindow.obj
 0002:00007250       __unwindtable$?cccGpiRevertive@ParamTesterMainWindow@@UAEXHH_N@Z 00417250     paramtestermainwindow.obj
 0002:00007250       __unwindtable$?cccRtrRevertive@ParamTesterMainWindow@@UAEXHHH@Z 00417250     paramtestermainwindow.obj
 0002:00007268       __ehfuncinfo$?cccRtrRevertive@ParamTesterMainWindow@@UAEXHHH@Z 00417268     paramtestermainwindow.obj
 0002:00007268       __ehfuncinfo$?cccGpiRevertive@ParamTesterMainWindow@@UAEXHH_N@Z 00417268     paramtestermainwindow.obj
 0002:0000728c       __ehfuncinfo$?about@ParamTesterMainWindow@@QAEXXZ 0041728c     paramtestermainwindow.obj
 0002:000072b0       __unwindtable$?about@ParamTesterMainWindow@@QAEXXZ 004172b0     paramtestermainwindow.obj
 0002:00007320       __ehfuncinfo$?setEnteredValue@ParamTesterMainWindow@@QAEXXZ 00417320     paramtestermainwindow.obj
 0002:00007344       __unwindtable$?setEnteredValue@ParamTesterMainWindow@@QAEXXZ 00417344     paramtestermainwindow.obj
 0002:00007374       __unwindtable$?setFilter@ParamTesterMainWindow@@QAEXABVQString@@@Z 00417374     paramtestermainwindow.obj
 0002:0000738c       __ehfuncinfo$?setFilter@ParamTesterMainWindow@@QAEXABVQString@@@Z 0041738c     paramtestermainwindow.obj
 0002:000073b0       __unwindtable$?setValue@ParamTesterMainWindow@@QAEXVQString@@@Z 004173b0     paramtestermainwindow.obj
 0002:000073d0       __ehfuncinfo$?setValue@ParamTesterMainWindow@@QAEXVQString@@@Z 004173d0     paramtestermainwindow.obj
 0002:000073f4       __ehfuncinfo$?selectParam@ParamTesterMainWindow@@QAEXPAVQListViewItem@@@Z 004173f4     paramtestermainwindow.obj
 0002:00007418       __unwindtable$?selectParam@ParamTesterMainWindow@@QAEXPAVQListViewItem@@@Z 00417418     paramtestermainwindow.obj
 0002:00007610       __ehfuncinfo$?selectInstance@ParamTesterMainWindow@@QAEXPAVQListViewItem@@@Z 00417610     paramtestermainwindow.obj
 0002:00007634       __unwindtable$?selectInstance@ParamTesterMainWindow@@QAEXPAVQListViewItem@@@Z 00417634     paramtestermainwindow.obj
 0002:000076bc       __unwindtable$?withSlotSetToggled@ParamTesterMainWindow@@QAEX_N@Z 004176bc     paramtestermainwindow.obj
 0002:000076cc       __ehfuncinfo$?withSlotSetToggled@ParamTesterMainWindow@@QAEX_N@Z 004176cc     paramtestermainwindow.obj
 0002:000076f0       __ehfuncinfo$?LoadTemplate@ParamTesterMainWindow@@AAEXVQString@@@Z 004176f0     paramtestermainwindow.obj
 0002:00007714       __unwindtable$?LoadTemplate@ParamTesterMainWindow@@AAEXVQString@@@Z 00417714     paramtestermainwindow.obj
 0002:0000780c       __ehfuncinfo$?setDevSlot@ParamTesterMainWindow@@AAE_NVQString@@0@Z 0041780c     paramtestermainwindow.obj
 0002:00007830       __unwindtable$?setDevSlot@ParamTesterMainWindow@@AAE_NVQString@@0@Z 00417830     paramtestermainwindow.obj
 0002:00007a60       __ehfuncinfo$?loadDeviceType@ParamTesterMainWindow@@AAE_NVQString@@@Z 00417a60     paramtestermainwindow.obj
 0002:00007a84       __unwindtable$?loadDeviceType@ParamTesterMainWindow@@AAE_NVQString@@@Z 00417a84     paramtestermainwindow.obj
 0002:00007b84       __unwindtable$??_G?$QPtrList@VQPushButton@@@@UAEPAXI@Z 00417b84     paramtestermainwindow.obj
 0002:00007b8c       __ehfuncinfo$??_G?$QPtrList@VQPushButton@@@@UAEPAXI@Z 00417b8c     paramtestermainwindow.obj
 0002:00007bb0       __ehfuncinfo$??0ParamTesterMainWindowBase@@QAE@PAVQWidget@@PBDI@Z 00417bb0     paramtestermainwindowbase.obj
 0002:00007bd4       __unwindtable$??0ParamTesterMainWindowBase@@QAE@PAVQWidget@@PBDI@Z 00417bd4     paramtestermainwindowbase.obj
 0002:00007d0c       __ehfuncinfo$?languageChange@ParamTesterMainWindowBase@@MAEXXZ 00417d0c     paramtestermainwindowbase.obj
 0002:00007d30       __unwindtable$?languageChange@ParamTesterMainWindowBase@@MAEXXZ 00417d30     paramtestermainwindowbase.obj
 0002:00007e50       __unwindtable$??0ccClient@@QAE@PAVIccClientCallback@@ABV?$basic_string@DU?$char_traits@D@std@@V?$allocator@D@2@@std@@@Z 00417e50     ccLibrary_vs2013:ccClient.obj
 0002:00007e60       __ehfuncinfo$??0ccClient@@QAE@PAVIccClientCallback@@ABV?$basic_string@DU?$char_traits@D@std@@V?$allocator@D@2@@std@@@Z 00417e60     ccLibrary_vs2013:ccClient.obj
 0002:00007e84       __unwindtable$?push_back@?$deque@V?$basic_string@DU?$char_traits@D@std@@V?$allocator@D@2@@std@@V?$allocator@V?$basic_string@DU?$char_traits@D@std@@V?$allocator@D@2@@std@@@2@@std@@QAEXABV?$basic_string@DU?$char_traits@D@std@@V?$allocator@D@2@@2@@Z 00417e84     ccLibrary_vs2013:ccClient.obj
 0002:00007e8c       __ehfuncinfo$?push_back@?$deque@V?$basic_string@DU?$char_traits@D@std@@V?$allocator@D@2@@std@@V?$allocator@V?$basic_string@DU?$char_traits@D@std@@V?$allocator@D@2@@std@@@2@@std@@QAEXABV?$basic_string@DU?$char_traits@D@std@@V?$allocator@D@2@@2@@Z 00417e8c     ccLibrary_vs2013:ccClient.obj
 0002:00007eb0       __ehfuncinfo$?WndProc@ccClient@@CGJPAUHWND__@@IIJ@Z 00417eb0     ccLibrary_vs2013:ccClient.obj
 0002:00007ed4       __unwindtable$?WndProc@ccClient@@CGJPAUHWND__@@IIJ@Z 00417ed4     ccLibrary_vs2013:ccClient.obj
 0002:00007f14       __unwindtable$?devicePoll@ccClient@@AAEXDHHH_N@Z 00417f14     ccLibrary_vs2013:ccClient.obj
 0002:00007f1c       __ehfuncinfo$?devicePoll@ccClient@@AAEXDHHH_N@Z 00417f1c     ccLibrary_vs2013:ccClient.obj
 0002:00007f40       __unwindtable$?checkDevice@ccCheck@@QAE_NI@Z 00417f40     ccLibrary_vs2013:ccCheck.obj
 0002:00007f40       __unwindtable$?checkIndex@ccCheck@@QAE_NI@Z 00417f40     ccLibrary_vs2013:ccCheck.obj
 0002:00007f40       __unwindtable$?checkSource@ccCheck@@QAE_NH@Z 00417f40     ccLibrary_vs2013:ccCheck.obj
 0002:00007f50       __ehfuncinfo$?checkIndex@ccCheck@@QAE_NI@Z 00417f50     ccLibrary_vs2013:ccCheck.obj
 0002:00007f50       __ehfuncinfo$?checkSource@ccCheck@@QAE_NH@Z 00417f50     ccLibrary_vs2013:ccCheck.obj
 0002:00007f50       __ehfuncinfo$?checkDevice@ccCheck@@QAE_NI@Z 00417f50     ccLibrary_vs2013:ccCheck.obj
 0002:00007f74       __unwindtable$?checkIndexRange@ccCheck@@QAE_NII@Z 00417f74     ccLibrary_vs2013:ccCheck.obj
 0002:00007f7c       __ehfuncinfo$?checkIndexRange@ccCheck@@QAE_NII@Z 00417f7c     ccLibrary_vs2013:ccCheck.obj
 0002:00007fa0       __unwindtable$?checkDatabase@ccCheck@@QAE_NII@Z 00417fa0     ccLibrary_vs2013:ccCheck.obj
 0002:00007fb0       __ehfuncinfo$?checkDatabase@ccCheck@@QAE_NII@Z 00417fb0     ccLibrary_vs2013:ccCheck.obj
 0002:00007fd4       __unwindtable$?checkString@ccCheck@@QAE_NABV?$basic_string@DU?$char_traits@D@std@@V?$allocator@D@2@@std@@@Z 00417fd4     ccLibrary_vs2013:ccCheck.obj
 0002:00007fdc       __ehfuncinfo$?checkString@ccCheck@@QAE_NABV?$basic_string@DU?$char_traits@D@std@@V?$allocator@D@2@@std@@@Z 00417fdc     ccLibrary_vs2013:ccCheck.obj
 0002:00008000       __unwindtable$?checkWorkstation@ccCheck@@QAE_NI@Z 00418000     ccLibrary_vs2013:ccCheck.obj
 0002:00008010       __ehfuncinfo$?checkWorkstation@ccCheck@@QAE_NI@Z 00418010     ccLibrary_vs2013:ccCheck.obj
 0002:00008034       __unwindtable$?log@ccCheck@@QAEXABV?$basic_string@DU?$char_traits@D@std@@V?$allocator@D@2@@std@@@Z 00418034     ccLibrary_vs2013:ccCheck.obj
 0002:00008044       __ehfuncinfo$?log@ccCheck@@QAEXABV?$basic_string@DU?$char_traits@D@std@@V?$allocator@D@2@@std@@@Z 00418044     ccLibrary_vs2013:ccCheck.obj
 0002:00008068       __unwindtable$??$?HDU?$char_traits@D@std@@V?$allocator@D@1@@std@@YA?AV?$basic_string@DU?$char_traits@D@std@@V?$allocator@D@2@@0@PBDABV10@@Z 00418068     ccLibrary_vs2013:ccCheck.obj
 0002:00008068       __unwindtable$??$?HDU?$char_traits@D@std@@V?$allocator@D@1@@std@@YA?AV?$basic_string@DU?$char_traits@D@std@@V?$allocator@D@2@@0@ABV10@PBD@Z 00418068     ccLibrary_vs2013:ccCheck.obj
 0002:00008070       __ehfuncinfo$??$?HDU?$char_traits@D@std@@V?$allocator@D@1@@std@@YA?AV?$basic_string@DU?$char_traits@D@std@@V?$allocator@D@2@@0@PBDABV10@@Z 00418070     ccLibrary_vs2013:ccCheck.obj
 0002:00008070       __ehfuncinfo$??$?HDU?$char_traits@D@std@@V?$allocator@D@1@@std@@YA?AV?$basic_string@DU?$char_traits@D@std@@V?$allocator@D@2@@0@ABV10@PBD@Z 00418070     ccLibrary_vs2013:ccCheck.obj
 0002:00008094       __unwindtable$?getInt@ccConfig@@SAHABV?$basic_string@DU?$char_traits@D@std@@V?$allocator@D@2@@std@@00H_N@Z 00418094     ccLibrary_vs2013:ccConfig.obj
 0002:000080a4       __ehfuncinfo$?getInt@ccConfig@@SAHABV?$basic_string@DU?$char_traits@D@std@@V?$allocator@D@2@@std@@00H_N@Z 004180a4     ccLibrary_vs2013:ccConfig.obj
 0002:000080c8       __unwindtable$?getDevPath@ccConfig@@SA?AV?$basic_string@DU?$char_traits@D@std@@V?$allocator@D@2@@std@@XZ 004180c8     ccLibrary_vs2013:ccConfig.obj
 0002:000080e0       __ehfuncinfo$?getDevPath@ccConfig@@SA?AV?$basic_string@DU?$char_traits@D@std@@V?$allocator@D@2@@std@@XZ 004180e0     ccLibrary_vs2013:ccConfig.obj
 0002:00008104       __ehfuncinfo$?workstation@ccConfig@@SAHXZ 00418104     ccLibrary_vs2013:ccConfig.obj
 0002:00008128       __unwindtable$?workstation@ccConfig@@SAHXZ 00418128     ccLibrary_vs2013:ccConfig.obj
 0002:00008170       __sehtable$__onexit        00418170     MSVCRT:atonexit.obj
 0002:00008190       __sehtable$___tmainCRTStartup 00418190     MSVCRT:crtexew.obj
 0002:000081b0       __sehtable$??_M@YGXPAXIHP6EX0@Z@Z 004181b0     MSVCRT:ehvecdtr.obj
 0002:000081d0       __sehtable$?__ArrayUnwind@@YGXPAXIHP6EX0@Z@Z 004181d0     MSVCRT:ehvecdtr.obj
 0002:000081f0       __sehtable$__IsNonwritableInCurrentImage 004181f0     MSVCRT:pesect.obj
 0002:000092de       .idata$6                   004192de     bncs_string:bncs_string.dll
 0002:00009400       .idata$6                   00419400     bncs_config:bncs_config.dll
 0002:0001261a       .idata$6                   0042261a     qt-mt323:qt-mt323.dll
 0002:00012628       .idata$6                   00422628     bncsif32:BNCSIF32.dll
 0002:000126ea       .idata$6                   004226ea     kernel32:KERNEL32.dll
 0002:000127cc       .idata$6                   004227cc     user32:USER32.dll
 0002:00012872       .idata$6                   00422872     msvcprt:MSVCP120.dll
 0002:00012952       .idata$6                   00422952     MSVCRT:MSVCR120.dll
 0002:00012b92       .idata$6                   00422b92     version:VERSION.dll
 0003:00000010       _PT_large_Icon_32          00423010     paramtestermainwindow.obj
 0003:00000294       ?param_slot_6@?3??staticMetaObject@ParamTesterMainWindow@@SAPAVQMetaObject@@XZ@4QBUQUParameter@@B 00423294     moc_paramtestermainwindow.obj
 0003:000002a4       ?param_slot_7@?3??staticMetaObject@ParamTesterMainWindow@@SAPAVQMetaObject@@XZ@4QBUQUParameter@@B 004232a4     moc_paramtestermainwindow.obj
 0003:000002b4       ?param_slot_8@?3??staticMetaObject@ParamTesterMainWindow@@SAPAVQMetaObject@@XZ@4QBUQUParameter@@B 004232b4     moc_paramtestermainwindow.obj
 0003:000002c4       ?param_slot_10@?3??staticMetaObject@ParamTesterMainWindow@@SAPAVQMetaObject@@XZ@4QBUQUParameter@@B 004232c4     moc_paramtestermainwindow.obj
 0003:000002d8       _BNCS_CCCLIENT_SIG         004232d8     ccLibrary_vs2013:ccClient.obj
 0003:00000340       _BNCS_CCCHECK_SIG          00423340     ccLibrary_vs2013:ccCheck.obj
 0003:000003a8       _BNCS_CCCONFIG_SIG         004233a8     ccLibrary_vs2013:ccConfig.obj
 0003:00000430       _BNCS_BNCSWM32_SIG         00423430     bncswm32:BncsWM32.obj
 0003:000009d8       _allocator_arg             004239d8     main.obj
 0003:000009d9       _piecewise_construct       004239d9     main.obj
 0003:000009e4       _allocator_arg             004239e4     paramtestermainwindow.obj
 0003:000009e5       _piecewise_construct       004239e5     paramtestermainwindow.obj
 0003:000009ec       _allocator_arg             004239ec     moc_paramtestermainwindow.obj
 0003:000009ed       _piecewise_construct       004239ed     moc_paramtestermainwindow.obj
 0003:000009f0       _cleanUp_ParamTesterMainWindow 004239f0     moc_paramtestermainwindow.obj
 0003:000009f4       ?param_slot_1@?3??staticMetaObject@ParamTesterMainWindow@@SAPAVQMetaObject@@XZ@4QBUQUParameter@@B 004239f4     moc_paramtestermainwindow.obj
 0003:00000a04       ?$S1@?3??staticMetaObject@ParamTesterMainWindow@@SAPAVQMetaObject@@XZ@4IA 00423a04     moc_paramtestermainwindow.obj
 0003:00000a08       ?param_slot_2@?3??staticMetaObject@ParamTesterMainWindow@@SAPAVQMetaObject@@XZ@4QBUQUParameter@@B 00423a08     moc_paramtestermainwindow.obj
 0003:00000a18       ?param_slot_4@?3??staticMetaObject@ParamTesterMainWindow@@SAPAVQMetaObject@@XZ@4QBUQUParameter@@B 00423a18     moc_paramtestermainwindow.obj
 0003:00000a28       ?param_slot_9@?3??staticMetaObject@ParamTesterMainWindow@@SAPAVQMetaObject@@XZ@4QBUQUParameter@@B 00423a28     moc_paramtestermainwindow.obj
 0003:00000a3c       _cleanUp_ParamTesterMainWindowBase 00423a3c     moc_paramtestermainwindowbase.obj
 0003:00000a40       __Tuple_alloc              00423a40     ccLibrary_vs2013:ccClient.obj
 0003:00000a41       _ignore                    00423a41     ccLibrary_vs2013:ccClient.obj
 0003:00000a42       _allocator_arg             00423a42     ccLibrary_vs2013:ccClient.obj
 0003:00000a43       _piecewise_construct       00423a43     ccLibrary_vs2013:ccClient.obj
 0003:00000a44       _allocator_arg             00423a44     ccLibrary_vs2013:ccCheck.obj
 0003:00000a45       _piecewise_construct       00423a45     ccLibrary_vs2013:ccCheck.obj
 0003:00000a46       __Tuple_alloc              00423a46     ccLibrary_vs2013:ccConfig.obj
 0003:00000a47       _ignore                    00423a47     ccLibrary_vs2013:ccConfig.obj
 0003:00000a48       _allocator_arg             00423a48     ccLibrary_vs2013:ccConfig.obj
 0003:00000a49       _piecewise_construct       00423a49     ccLibrary_vs2013:ccConfig.obj
 0003:00000a4c       _has_cctor                 00423a4c     MSVCRT:crtexew.obj
 0003:00000a50       _mainret                   00423a50     MSVCRT:crtexew.obj
 0003:00000a54       _managedapp                00423a54     MSVCRT:crtexew.obj
 0003:00000a58       _argc                      00423a58     MSVCRT:crtexew.obj
 0003:00000a5c       _argv                      00423a5c     MSVCRT:crtexew.obj
 0003:00000a60       _envp                      00423a60     MSVCRT:crtexew.obj
 0003:00000a64       _argret                    00423a64     MSVCRT:crtexew.obj
 0003:00000a68       _startinfo                 00423a68     MSVCRT:crtexew.obj
 0003:00000a70       _GS_ExceptionRecord        00423a70     MSVCRT:gs_report.obj
 0003:00000ac0       _GS_ContextRecord          00423ac0     MSVCRT:gs_report.obj
 0003:00000d8c       _DebuggerWasPresent        00423d8c     MSVCRT:gs_report.obj
 0003:00000da0       _acCopyDataResult          00423da0     bncswm32:BncsWM32.obj
 0003:00000fa4       _lCopyDataResult           00423fa4     bncswm32:BncsWM32.obj
 0003:00000fa8       ?lResult@?1??BNCS32SendMessage@@9@4JA 00423fa8     bncswm32:BncsWM32.obj
 0003:00000fac       ?acNumericData@?1??BNCS32SendMessage@@9@4PADA 00423fac     bncswm32:BncsWM32.obj
 0003:00000fbc       ?CDS@?1??BNCS32SendMessage@@9@4UtagCOPYDATASTRUCT@@A 00423fbc     bncswm32:BncsWM32.obj
 0003:00000fc8       ?uMsg@?1??BNCS32ReceiveMessage@@9@4IA 00423fc8     bncswm32:BncsWM32.obj
 0003:00000fcc       ?wParam@?1??BNCS32ReceiveMessage@@9@4IA 00423fcc     bncswm32:BncsWM32.obj
 0003:00000fd0       ?lParam@?1??BNCS32ReceiveMessage@@9@4JA 00423fd0     bncswm32:BncsWM32.obj
 0003:00000fd4       ?lResult@?1??BNCS32ReceiveMessage@@9@4JA 00423fd4     bncswm32:BncsWM32.obj
 0004:00000190       $R000000                   00424190     version.res
 0004:00000580       $R0003F0                   00424580     version.res
 0004:00001628       $R001498                   00425628     version.res
 0004:00003bd0       $R003A40                   00427bd0     version.res
 0004:00004038       $R003EA8                   00428038     version.res
 0004:00004068       $R003ED8                   00428068     version.res
