 setlana

 Timestamp is 5e9dbc2b (Mon Apr 20 16:13:47 2020)

 Preferred load address is 00400000

 Start         Length     Name                   Class
 0001:00000000 000000b8H .text                   CODE
 0001:000000c0 00000051H .text$di                CODE
 0001:00000120 00006138H .text$mn                CODE
 0001:00006260 00000d30H .text$x                 CODE
 0001:00006f90 0000001bH .text$yd                CODE
 0002:00000000 00000a00H .idata$5                DATA
 0002:00000a00 00000004H .CRT$XCA                DATA
 0002:00000a04 00000004H .CRT$XCAA               DATA
 0002:00000a08 00000008H .CRT$XCU                DATA
 0002:00000a10 00000004H .CRT$XCZ                DATA
 0002:00000a14 00000004H .CRT$XIA                DATA
 0002:00000a18 00000004H .CRT$XIAA               DATA
 0002:00000a1c 00000004H .CRT$XIC                DATA
 0002:00000a20 00000004H .CRT$XIY                DATA
 0002:00000a24 00000004H .CRT$XIZ                DATA
 0002:00000a28 000036a0H .rdata                  DATA
 0002:000040c8 0000090cH .rdata$r                DATA
 0002:000049d4 00000004H .rtc$IAA                DATA
 0002:000049d8 00000004H .rtc$IZZ                DATA
 0002:000049dc 00000004H .rtc$TAA                DATA
 0002:000049e0 00000004H .rtc$TZZ                DATA
 0002:000049e8 00000c24H .xdata$x                DATA
 0002:0000560c 00000000H .edata                  DATA
 0002:0000560c 00000050H .idata$2                DATA
 0002:0000565c 00000014H .idata$3                DATA
 0002:00005670 00000a00H .idata$4                DATA
 0002:00006070 000064faH .idata$6                DATA
 0003:00000000 000002bcH .data                   DATA
 0003:000002bc 00000300H .data$r                 DATA
 0003:000005c0 0000037cH .bss                    DATA
 0004:00000000 00000190H .rsrc$01                DATA
 0004:00000190 00004038H .rsrc$02                DATA

  Address         Publics by Value              Rva+Base       Lib:Object

 0000:00000000       ___safe_se_handler_table   00000000     <absolute>
 0000:00000000       ___safe_se_handler_count   00000000     <absolute>
 0000:00000000       ___guard_fids_table        00000000     <absolute>
 0000:00000000       ___guard_fids_count        00000000     <absolute>
 0000:00000000       ___guard_flags             00000000     <absolute>
 0000:00000000       ___ImageBase               00400000     <linker-defined>
 0001:00000000       _WinMain@16                00401000 f   qtmain:qtmain_win.obj
 0001:0000008d       ?detach@?$QMemArray@PAD@@UAEXXZ 0040108d f i qtmain:qtmain_win.obj
 0001:00000095       ??_G?$QMemArray@PAD@@UAEPAXI@Z 00401095 f i qtmain:qtmain_win.obj
 0001:00000095       ??_E?$QMemArray@PAD@@UAEPAXI@Z 00401095 f i qtmain:qtmain_win.obj
 0001:00000120       _main                      00401120 f   main.obj
 0001:000001d0       ??0?$QValueListPrivate@UNetBinding@setlanaDialog@@@@QAE@ABV0@@Z 004011d0 f i setlanadialog.obj
 0001:000002c0       ??0?$QValueListPrivate@UNetBinding@setlanaDialog@@@@QAE@XZ 004012c0 f i setlanadialog.obj
 0001:00000370       ??0setlanaDialog@@QAE@PAVQWidget@@PBD_NI@Z 00401370 f   setlanadialog.obj
 0001:00001260       ??1?$QValueList@UNetBinding@setlanaDialog@@@@QAE@XZ 00402260 f i setlanadialog.obj
 0001:00001280       ??1NetBinding@setlanaDialog@@QAE@XZ 00402280 f i setlanadialog.obj
 0001:000012e0       ??1setlanaDialog@@UAE@XZ   004022e0 f   setlanadialog.obj
 0001:00001370       ??A?$QValueList@UNetBinding@setlanaDialog@@@@QAEAAUNetBinding@setlanaDialog@@I@Z 00402370 f i setlanadialog.obj
 0001:0000141d       ??_EsetlanaDialog@@WCI@AEPAXI@Z 0040241d f i setlanadialog.obj
 0001:00001430       ??_G?$QValueListNode@UNetBinding@setlanaDialog@@@@UAEPAXI@Z 00402430 f i setlanadialog.obj
 0001:00001430       ??_E?$QValueListNode@UNetBinding@setlanaDialog@@@@UAEPAXI@Z 00402430 f i setlanadialog.obj
 0001:000014b0       ??_G?$QValueListPrivate@UNetBinding@setlanaDialog@@@@UAEPAXI@Z 004024b0 f i setlanadialog.obj
 0001:000014b0       ??_E?$QValueListPrivate@UNetBinding@setlanaDialog@@@@UAEPAXI@Z 004024b0 f i setlanadialog.obj
 0001:00001500       ??_EQListViewItem@@UAEPAXI@Z 00402500 f i setlanadialog.obj
 0001:00001500       ??_GQListViewItem@@UAEPAXI@Z 00402500 f i setlanadialog.obj
 0001:00001530       ??_GQProcess@@UAEPAXI@Z    00402530 f i setlanadialog.obj
 0001:00001530       ??_EQProcess@@UAEPAXI@Z    00402530 f i setlanadialog.obj
 0001:00001560       ??_GsetlanaDialog@@UAEPAXI@Z 00402560 f i setlanadialog.obj
 0001:00001560       ??_EsetlanaDialog@@UAEPAXI@Z 00402560 f i setlanadialog.obj
 0001:00001600       ?GetAdapterDescriptionData@setlanaDialog@@AAEXAAV?$QMap@VQString@@V1@@@@Z 00402600 f   setlanadialog.obj
 0001:00001a00       ?GetKey@setlanaDialog@@AAEJPAUHKEY__@@ABVQString@@KAAPAEAAKAAV3@@Z 00402a00 f   setlanadialog.obj
 0001:00001cc0       ?GetMultiString@setlanaDialog@@AAEJPAUHKEY__@@QBDAAVQStringList@@AAVQString@@@Z 00402cc0 f   setlanadialog.obj
 0001:00001dc0       ?GetNetBiosLinkageData@setlanaDialog@@AAEXAAV?$QValueList@UNetBinding@setlanaDialog@@@@@Z 00402dc0 f   setlanadialog.obj
 0001:00002420       ?GetRootDevice@setlanaDialog@@AAEXPAUHKEY__@@VQString@@AAVQStringList@@@Z 00403420 f   setlanadialog.obj
 0001:00002540       ?GetString@setlanaDialog@@AAEJPAUHKEY__@@QBDAAVQString@@2@Z 00403540 f   setlanadialog.obj
 0001:00002610       ?ShowLastError@setlanaDialog@@AAEXABVQString@@@Z 00403610 f   setlanadialog.obj
 0001:00002740       ?accept@setlanaDialog@@UAEXXZ 00403740 f   setlanadialog.obj
 0001:00002b00       ?append@?$QValueList@UNetBinding@setlanaDialog@@@@QAE?AV?$QValueListIterator@UNetBinding@setlanaDialog@@@@ABUNetBinding@setlanaDialog@@@Z 00403b00 f i setlanadialog.obj
 0001:00002bd0       ?doHelp@setlanaDialog@@QAEXXZ 00403bd0 f   setlanadialog.obj
 0001:00002c70       ?insert@?$QValueListPrivate@UNetBinding@setlanaDialog@@@@QAE?AV?$QValueListIterator@UNetBinding@setlanaDialog@@@@V2@ABUNetBinding@setlanaDialog@@@Z 00403c70 f i setlanadialog.obj
 0001:00002d40       ?lvSelectionChanged@setlanaDialog@@QAEXPAVQListViewItem@@@Z 00403d40 f   setlanadialog.obj
 0001:00002d60       ?metaObject@setlanaDialog@@UBEPAVQMetaObject@@XZ 00403d60 f i setlanadialog.obj
 0001:00002d80       ?parse@setlanaDialog@@AAEXVQStringList@@@Z 00403d80 f   setlanadialog.obj
 0001:000031e0       ?processExited@setlanaDialog@@QAEXXZ 004041e0 f   setlanadialog.obj
 0001:000032c0       ?readyReadStdout@setlanaDialog@@QAEXXZ 004042c0 f   setlanadialog.obj
 0001:00003360       ?className@setlanaDialog@@UBEPBDXZ 00404360 f   moc_setlanadialog.obj
 0001:00003370       ?qt_cast@setlanaDialog@@UAEPAXPBD@Z 00404370 f   moc_setlanadialog.obj
 0001:000033d0       ?qt_emit@setlanaDialog@@UAE_NHPAUQUObject@@@Z 004043d0 f   moc_setlanadialog.obj
 0001:000033e0       ?qt_invoke@setlanaDialog@@UAE_NHPAUQUObject@@@Z 004043e0 f   moc_setlanadialog.obj
 0001:00003460       ?qt_property@setlanaDialog@@UAE_NHHPAVQVariant@@@Z 00404460 f   moc_setlanadialog.obj
 0001:00003470       ?staticMetaObject@setlanaDialog@@SAPAVQMetaObject@@XZ 00404470 f   moc_setlanadialog.obj
 0001:00003500       ?className@setlanaDialogBase@@UBEPBDXZ 00404500 f   moc_setlanadialogbase.obj
 0001:00003510       ?qt_cast@setlanaDialogBase@@UAEPAXPBD@Z 00404510 f   moc_setlanadialogbase.obj
 0001:00003570       ?qt_emit@setlanaDialogBase@@UAE_NHPAUQUObject@@@Z 00404570 f   moc_setlanadialogbase.obj
 0001:00003580       ?qt_invoke@setlanaDialogBase@@UAE_NHPAUQUObject@@@Z 00404580 f   moc_setlanadialogbase.obj
 0001:00003610       ?qt_property@setlanaDialogBase@@UAE_NHHPAVQVariant@@@Z 00404610 f   moc_setlanadialogbase.obj
 0001:00003620       ?staticMetaObject@setlanaDialogBase@@SAPAVQMetaObject@@XZ 00404620 f   moc_setlanadialogbase.obj
 0001:00003670       ?tr@setlanaDialogBase@@SA?AVQString@@PBD0@Z 00404670 f   moc_setlanadialogbase.obj
 0001:000036c0       ??0setlanaDialogBase@@QAE@PAVQWidget@@PBD_NI@Z 004046c0 f   setlanadialogbase.obj
 0001:000044a0       ??1setlanaDialogBase@@UAE@XZ 004054a0 f   setlanadialogbase.obj
 0001:000044b3       ??_EQGroupBox@@WCI@AEPAXI@Z 004054b3 f i setlanadialogbase.obj
 0001:000044bb       ??_EQHBoxLayout@@WCI@AEPAXI@Z 004054bb f i setlanadialogbase.obj
 0001:000044c3       ??_EQLabel@@WCI@AEPAXI@Z   004054c3 f i setlanadialogbase.obj
 0001:000044cb       ??_EQLineEdit@@WCI@AEPAXI@Z 004054cb f i setlanadialogbase.obj
 0001:000044d3       ??_EQListView@@WCI@AEPAXI@Z 004054d3 f i setlanadialogbase.obj
 0001:000044db       ??_EQPushButton@@WCI@AEPAXI@Z 004054db f i setlanadialogbase.obj
 0001:000044e3       ??_EQVBoxLayout@@WCI@AEPAXI@Z 004054e3 f i setlanadialogbase.obj
 0001:000044eb       ??_EsetlanaDialogBase@@WCI@AEPAXI@Z 004054eb f i setlanadialogbase.obj
 0001:00004500       ??_GQGroupBox@@UAEPAXI@Z   00405500 f i setlanadialogbase.obj
 0001:00004500       ??_EQGroupBox@@UAEPAXI@Z   00405500 f i setlanadialogbase.obj
 0001:00004530       ??_GQHBoxLayout@@UAEPAXI@Z 00405530 f i setlanadialogbase.obj
 0001:00004530       ??_EQHBoxLayout@@UAEPAXI@Z 00405530 f i setlanadialogbase.obj
 0001:00004560       ??_EQLabel@@UAEPAXI@Z      00405560 f i setlanadialogbase.obj
 0001:00004560       ??_GQLabel@@UAEPAXI@Z      00405560 f i setlanadialogbase.obj
 0001:00004590       ??_EQLineEdit@@UAEPAXI@Z   00405590 f i setlanadialogbase.obj
 0001:00004590       ??_GQLineEdit@@UAEPAXI@Z   00405590 f i setlanadialogbase.obj
 0001:000045c0       ??_EQListView@@UAEPAXI@Z   004055c0 f i setlanadialogbase.obj
 0001:000045c0       ??_GQListView@@UAEPAXI@Z   004055c0 f i setlanadialogbase.obj
 0001:000045f0       ??_GQPushButton@@UAEPAXI@Z 004055f0 f i setlanadialogbase.obj
 0001:000045f0       ??_EQPushButton@@UAEPAXI@Z 004055f0 f i setlanadialogbase.obj
 0001:00004620       ??_GQSpacerItem@@UAEPAXI@Z 00405620 f i setlanadialogbase.obj
 0001:00004620       ??_EQSpacerItem@@UAEPAXI@Z 00405620 f i setlanadialogbase.obj
 0001:00004650       ??_EQVBoxLayout@@UAEPAXI@Z 00405650 f i setlanadialogbase.obj
 0001:00004650       ??_GQVBoxLayout@@UAEPAXI@Z 00405650 f i setlanadialogbase.obj
 0001:00004680       ??_EsetlanaDialogBase@@UAEPAXI@Z 00405680 f i setlanadialogbase.obj
 0001:00004680       ??_GsetlanaDialogBase@@UAEPAXI@Z 00405680 f i setlanadialogbase.obj
 0001:000046b0       ?languageChange@setlanaDialogBase@@MAEXXZ 004056b0 f   setlanadialogbase.obj
 0001:00004d40       ?metaObject@setlanaDialogBase@@UBEPAVQMetaObject@@XZ 00405d40 f i setlanadialogbase.obj
 0001:00004d46       ?setIcon@QWidget@@UAEXABVQPixmap@@@Z 00405d46 f   qt-mt323:qt-mt323.dll
 0001:00004d4c       ?accept@QDialog@@MAEXXZ    00405d4c f   qt-mt323:qt-mt323.dll
 0001:00004d52       ?acceptDrop@QListViewItem@@UBE_NPBVQMimeSource@@@Z 00405d52 f   qt-mt323:qt-mt323.dll
 0001:00004d58       ?activate@QListViewItem@@MAEXXZ 00405d58 f   qt-mt323:qt-mt323.dll
 0001:00004d5e       ?addArgument@QProcess@@UAEXABVQString@@@Z 00405d5e f   qt-mt323:qt-mt323.dll
 0001:00004d64       ?adjustSize@QWidget@@UAEXXZ 00405d64 f   qt-mt323:qt-mt323.dll
 0001:00004d6a       ?cancelRename@QListViewItem@@MAEXH@Z 00405d6a f   qt-mt323:qt-mt323.dll
 0001:00004d70       ?checkConnectArgs@QObject@@MAE_NPBDPBV1@0@Z 00405d70 f   qt-mt323:qt-mt323.dll
 0001:00004d76       ?childEvent@QObject@@MAEXPAVQChildEvent@@@Z 00405d76 f   qt-mt323:qt-mt323.dll
 0001:00004d7c       ?className@QProcess@@UBEPBDXZ 00405d7c f   qt-mt323:qt-mt323.dll
 0001:00004d82       ?close@QWidget@@UAE_N_N@Z  00405d82 f   qt-mt323:qt-mt323.dll
 0001:00004d88       ?closeEvent@QDialog@@MAEXPAVQCloseEvent@@@Z 00405d88 f   qt-mt323:qt-mt323.dll
 0001:00004d8e       ?closeStdin@QProcess@@UAEXXZ 00405d8e f   qt-mt323:qt-mt323.dll
 0001:00004d94       ?cmd@QPaintDevice@@MAE_NHPAVQPainter@@PATQPDevCmdParam@@@Z 00405d94 f   qt-mt323:qt-mt323.dll
 0001:00004d9a       ?compare@QListViewItem@@UBEHPAV1@H_N@Z 00405d9a f   qt-mt323:qt-mt323.dll
 0001:00004da0       ?connectNotify@QObject@@MAEXPBD@Z 00405da0 f   qt-mt323:qt-mt323.dll
 0001:00004da6       ?connectNotify@QProcess@@MAEXPBD@Z 00405da6 f   qt-mt323:qt-mt323.dll
 0001:00004dac       ?contextMenuEvent@QDialog@@MAEXPAVQContextMenuEvent@@@Z 00405dac f   qt-mt323:qt-mt323.dll
 0001:00004db2       ?create@QWidget@@MAEXPAUHWND__@@_N1@Z 00405db2 f   qt-mt323:qt-mt323.dll
 0001:00004db8       ?customEvent@QObject@@MAEXPAVQCustomEvent@@@Z 00405db8 f   qt-mt323:qt-mt323.dll
 0001:00004dbe       ?customWhatsThis@QWidget@@UBE_NXZ 00405dbe f   qt-mt323:qt-mt323.dll
 0001:00004dc4       ?destroy@QWidget@@MAEX_N0@Z 00405dc4 f   qt-mt323:qt-mt323.dll
 0001:00004dca       ?disconnectNotify@QObject@@MAEXPBD@Z 00405dca f   qt-mt323:qt-mt323.dll
 0001:00004dd0       ?disconnectNotify@QProcess@@MAEXPBD@Z 00405dd0 f   qt-mt323:qt-mt323.dll
 0001:00004dd6       ?done@QDialog@@MAEXH@Z     00405dd6 f   qt-mt323:qt-mt323.dll
 0001:00004ddc       ?dragEnterEvent@QWidget@@MAEXPAVQDragEnterEvent@@@Z 00405ddc f   qt-mt323:qt-mt323.dll
 0001:00004de2       ?dragEntered@QListViewItem@@MAEXXZ 00405de2 f   qt-mt323:qt-mt323.dll
 0001:00004de8       ?dragLeaveEvent@QWidget@@MAEXPAVQDragLeaveEvent@@@Z 00405de8 f   qt-mt323:qt-mt323.dll
 0001:00004dee       ?dragLeft@QListViewItem@@MAEXXZ 00405dee f   qt-mt323:qt-mt323.dll
 0001:00004df4       ?dragMoveEvent@QWidget@@MAEXPAVQDragMoveEvent@@@Z 00405df4 f   qt-mt323:qt-mt323.dll
 0001:00004dfa       ?dropEvent@QWidget@@MAEXPAVQDropEvent@@@Z 00405dfa f   qt-mt323:qt-mt323.dll
 0001:00004e00       ?dropped@QListViewItem@@MAEXPAVQDropEvent@@@Z 00405e00 f   qt-mt323:qt-mt323.dll
 0001:00004e06       ?enabledChange@QWidget@@MAEX_N@Z 00405e06 f   qt-mt323:qt-mt323.dll
 0001:00004e0c       ?enforceSortOrder@QListViewItem@@MBEXXZ 00405e0c f   qt-mt323:qt-mt323.dll
 0001:00004e12       ?enterEvent@QWidget@@MAEXPAVQEvent@@@Z 00405e12 f   qt-mt323:qt-mt323.dll
 0001:00004e18       ?event@QObject@@UAE_NPAVQEvent@@@Z 00405e18 f   qt-mt323:qt-mt323.dll
 0001:00004e1e       ?event@QWidget@@MAE_NPAVQEvent@@@Z 00405e1e f   qt-mt323:qt-mt323.dll
 0001:00004e24       ?eventFilter@QDialog@@MAE_NPAVQObject@@PAVQEvent@@@Z 00405e24 f   qt-mt323:qt-mt323.dll
 0001:00004e2a       ?eventFilter@QObject@@UAE_NPAV1@PAVQEvent@@@Z 00405e2a f   qt-mt323:qt-mt323.dll
 0001:00004e30       ?focusInEvent@QWidget@@MAEXPAVQFocusEvent@@@Z 00405e30 f   qt-mt323:qt-mt323.dll
 0001:00004e36       ?focusNextPrevChild@QWidget@@MAE_N_N@Z 00405e36 f   qt-mt323:qt-mt323.dll
 0001:00004e3c       ?focusOutEvent@QWidget@@MAEXPAVQFocusEvent@@@Z 00405e3c f   qt-mt323:qt-mt323.dll
 0001:00004e42       ?fontChange@QWidget@@MAEXABVQFont@@@Z 00405e42 f   qt-mt323:qt-mt323.dll
 0001:00004e48       ?fontInf@QPaintDevice@@MBEHPAVQFont@@H@Z 00405e48 f   qt-mt323:qt-mt323.dll
 0001:00004e4e       ?fontMet@QPaintDevice@@MBEHPAVQFont@@HPBDH@Z 00405e4e f   qt-mt323:qt-mt323.dll
 0001:00004e54       ?handle@QPaintDevice@@UBEPAUHDC__@@XZ 00405e54 f   qt-mt323:qt-mt323.dll
 0001:00004e5a       ?heightForWidth@QWidget@@UBEHH@Z 00405e5a f   qt-mt323:qt-mt323.dll
 0001:00004e60       ?hide@QDialog@@UAEXXZ      00405e60 f   qt-mt323:qt-mt323.dll
 0001:00004e66       ?hideEvent@QWidget@@MAEXPAVQHideEvent@@@Z 00405e66 f   qt-mt323:qt-mt323.dll
 0001:00004e6c       ?imComposeEvent@QWidget@@MAEXPAVQIMEvent@@@Z 00405e6c f   qt-mt323:qt-mt323.dll
 0001:00004e72       ?imEndEvent@QWidget@@MAEXPAVQIMEvent@@@Z 00405e72 f   qt-mt323:qt-mt323.dll
 0001:00004e78       ?imStartEvent@QWidget@@MAEXPAVQIMEvent@@@Z 00405e78 f   qt-mt323:qt-mt323.dll
 0001:00004e7e       ?insertChild@QObject@@UAEXPAV1@@Z 00405e7e f   qt-mt323:qt-mt323.dll
 0001:00004e84       ?insertItem@QListViewItem@@UAEXPAV1@@Z 00405e84 f   qt-mt323:qt-mt323.dll
 0001:00004e8a       ?invalidateHeight@QListViewItem@@UAEXXZ 00405e8a f   qt-mt323:qt-mt323.dll
 0001:00004e90       ?key@QListViewItem@@UBE?AVQString@@H_N@Z 00405e90 f   qt-mt323:qt-mt323.dll
 0001:00004e96       ?keyPressEvent@QDialog@@MAEXPAVQKeyEvent@@@Z 00405e96 f   qt-mt323:qt-mt323.dll
 0001:00004e9c       ?keyReleaseEvent@QWidget@@MAEXPAVQKeyEvent@@@Z 00405e9c f   qt-mt323:qt-mt323.dll
 0001:00004ea2       ?launch@QProcess@@UAE_NABV?$QMemArray@D@@PAVQStringList@@@Z 00405ea2 f   qt-mt323:qt-mt323.dll
 0001:00004ea8       ?launch@QProcess@@UAE_NABVQString@@PAVQStringList@@@Z 00405ea8 f   qt-mt323:qt-mt323.dll
 0001:00004eae       ?leaveEvent@QWidget@@MAEXPAVQEvent@@@Z 00405eae f   qt-mt323:qt-mt323.dll
 0001:00004eb4       ?metaObject@QProcess@@UBEPAVQMetaObject@@XZ 00405eb4 f   qt-mt323:qt-mt323.dll
 0001:00004eba       ?metric@QWidget@@MBEHH@Z   00405eba f   qt-mt323:qt-mt323.dll
 0001:00004ec0       ?minimumSizeHint@QDialog@@UBE?AVQSize@@XZ 00405ec0 f   qt-mt323:qt-mt323.dll
 0001:00004ec6       ?mouseDoubleClickEvent@QWidget@@MAEXPAVQMouseEvent@@@Z 00405ec6 f   qt-mt323:qt-mt323.dll
 0001:00004ecc       ?mouseMoveEvent@QWidget@@MAEXPAVQMouseEvent@@@Z 00405ecc f   qt-mt323:qt-mt323.dll
 0001:00004ed2       ?mousePressEvent@QWidget@@MAEXPAVQMouseEvent@@@Z 00405ed2 f   qt-mt323:qt-mt323.dll
 0001:00004ed8       ?mouseReleaseEvent@QWidget@@MAEXPAVQMouseEvent@@@Z 00405ed8 f   qt-mt323:qt-mt323.dll
 0001:00004ede       ?move@QDialog@@UAEXHH@Z    00405ede f   qt-mt323:qt-mt323.dll
 0001:00004ee4       ?moveEvent@QWidget@@MAEXPAVQMoveEvent@@@Z 00405ee4 f   qt-mt323:qt-mt323.dll
 0001:00004eea       ?okRename@QListViewItem@@MAEXH@Z 00405eea f   qt-mt323:qt-mt323.dll
 0001:00004ef0       ?paintBranches@QListViewItem@@UAEXPAVQPainter@@ABVQColorGroup@@HHH@Z 00405ef0 f   qt-mt323:qt-mt323.dll
 0001:00004ef6       ?paintCell@QListViewItem@@UAEXPAVQPainter@@ABVQColorGroup@@HHH@Z 00405ef6 f   qt-mt323:qt-mt323.dll
 0001:00004efc       ?paintEvent@QWidget@@MAEXPAVQPaintEvent@@@Z 00405efc f   qt-mt323:qt-mt323.dll
 0001:00004f02       ?paintFocus@QListViewItem@@UAEXPAVQPainter@@ABVQColorGroup@@ABVQRect@@@Z 00405f02 f   qt-mt323:qt-mt323.dll
 0001:00004f08       ?paletteChange@QWidget@@MAEXABVQPalette@@@Z 00405f08 f   qt-mt323:qt-mt323.dll
 0001:00004f0e       ?pixmap@QListViewItem@@UBEPBVQPixmap@@H@Z 00405f0e f   qt-mt323:qt-mt323.dll
 0001:00004f14       ?polish@QWidget@@UAEXXZ    00405f14 f   qt-mt323:qt-mt323.dll
 0001:00004f1a       ?property@QObject@@UBE?AVQVariant@@PBD@Z 00405f1a f   qt-mt323:qt-mt323.dll
 0001:00004f20       ?qt_cast@QProcess@@UAEPAXPBD@Z 00405f20 f   qt-mt323:qt-mt323.dll
 0001:00004f26       ?qt_emit@QProcess@@UAE_NHPAUQUObject@@@Z 00405f26 f   qt-mt323:qt-mt323.dll
 0001:00004f2c       ?qt_invoke@QProcess@@UAE_NHPAUQUObject@@@Z 00405f2c f   qt-mt323:qt-mt323.dll
 0001:00004f32       ?qt_property@QProcess@@UAE_NHHPAVQVariant@@@Z 00405f32 f   qt-mt323:qt-mt323.dll
 0001:00004f38       ?readLineStderr@QProcess@@UAE?AVQString@@XZ 00405f38 f   qt-mt323:qt-mt323.dll
 0001:00004f3e       ?readLineStdout@QProcess@@UAE?AVQString@@XZ 00405f3e f   qt-mt323:qt-mt323.dll
 0001:00004f44       ?readStderr@QProcess@@UAE?AV?$QMemArray@D@@XZ 00405f44 f   qt-mt323:qt-mt323.dll
 0001:00004f4a       ?readStdout@QProcess@@UAE?AV?$QMemArray@D@@XZ 00405f4a f   qt-mt323:qt-mt323.dll
 0001:00004f50       ?reject@QDialog@@MAEXXZ    00405f50 f   qt-mt323:qt-mt323.dll
 0001:00004f56       ?removeChild@QObject@@UAEXPAV1@@Z 00405f56 f   qt-mt323:qt-mt323.dll
 0001:00004f5c       ?removeItem@QListViewItem@@UAEXPAV1@@Z 00405f5c f   qt-mt323:qt-mt323.dll
 0001:00004f62       ?reparent@QWidget@@UAEXPAV1@IABVQPoint@@_N@Z 00405f62 f   qt-mt323:qt-mt323.dll
 0001:00004f68       ?resize@QDialog@@UAEXHH@Z  00405f68 f   qt-mt323:qt-mt323.dll
 0001:00004f6e       ?resizeEvent@QDialog@@MAEXPAVQResizeEvent@@@Z 00405f6e f   qt-mt323:qt-mt323.dll
 0001:00004f74       ?resolution@QPaintDevice@@UBEHXZ 00405f74 f   qt-mt323:qt-mt323.dll
 0001:00004f7a       ?rtti@QListViewItem@@UBEHXZ 00405f7a f   qt-mt323:qt-mt323.dll
 0001:00004f80       ?setAcceptDrops@QWidget@@UAEX_N@Z 00405f80 f   qt-mt323:qt-mt323.dll
 0001:00004f86       ?setActiveWindow@QWidget@@UAEXXZ 00405f86 f   qt-mt323:qt-mt323.dll
 0001:00004f8c       ?setArguments@QProcess@@UAEXABVQStringList@@@Z 00405f8c f   qt-mt323:qt-mt323.dll
 0001:00004f92       ?setAutoMask@QWidget@@UAEX_N@Z 00405f92 f   qt-mt323:qt-mt323.dll
 0001:00004f98       ?setBackgroundColor@QWidget@@UAEXABVQColor@@@Z 00405f98 f   qt-mt323:qt-mt323.dll
 0001:00004f9e       ?setBackgroundMode@QWidget@@UAEXW4BackgroundMode@Qt@@@Z 00405f9e f   qt-mt323:qt-mt323.dll
 0001:00004fa4       ?setBackgroundOrigin@QWidget@@UAEXW4BackgroundOrigin@1@@Z 00405fa4 f   qt-mt323:qt-mt323.dll
 0001:00004faa       ?setBackgroundPixmap@QWidget@@UAEXABVQPixmap@@@Z 00405faa f   qt-mt323:qt-mt323.dll
 0001:00004fb0       ?setCaption@QWidget@@UAEXABVQString@@@Z 00405fb0 f   qt-mt323:qt-mt323.dll
 0001:00004fb6       ?setCursor@QWidget@@UAEXABVQCursor@@@Z 00405fb6 f   qt-mt323:qt-mt323.dll
 0001:00004fbc       ?setDragEnabled@QListViewItem@@UAEX_N@Z 00405fbc f   qt-mt323:qt-mt323.dll
 0001:00004fc2       ?setDropEnabled@QListViewItem@@UAEX_N@Z 00405fc2 f   qt-mt323:qt-mt323.dll
 0001:00004fc8       ?setEnabled@QListViewItem@@UAEX_N@Z 00405fc8 f   qt-mt323:qt-mt323.dll
 0001:00004fce       ?setEnabled@QWidget@@UAEX_N@Z 00405fce f   qt-mt323:qt-mt323.dll
 0001:00004fd4       ?setEraseColor@QWidget@@UAEXABVQColor@@@Z 00405fd4 f   qt-mt323:qt-mt323.dll
 0001:00004fda       ?setErasePixmap@QWidget@@UAEXABVQPixmap@@@Z 00405fda f   qt-mt323:qt-mt323.dll
 0001:00004fe0       ?setExpandable@QListViewItem@@UAEX_N@Z 00405fe0 f   qt-mt323:qt-mt323.dll
 0001:00004fe6       ?setFocus@QWidget@@UAEXXZ  00405fe6 f   qt-mt323:qt-mt323.dll
 0001:00004fec       ?setFocusPolicy@QWidget@@UAEXW4FocusPolicy@1@@Z 00405fec f   qt-mt323:qt-mt323.dll
 0001:00004ff2       ?setFocusProxy@QWidget@@UAEXPAV1@@Z 00405ff2 f   qt-mt323:qt-mt323.dll
 0001:00004ff8       ?setFont@QWidget@@UAEXABVQFont@@@Z 00405ff8 f   qt-mt323:qt-mt323.dll
 0001:00004ffe       ?setGeometry@QDialog@@UAEXABVQRect@@@Z 00405ffe f   qt-mt323:qt-mt323.dll
 0001:00005004       ?setGeometry@QDialog@@UAEXHHHH@Z 00406004 f   qt-mt323:qt-mt323.dll
 0001:0000500a       ?setHeight@QListViewItem@@MAEXH@Z 0040600a f   qt-mt323:qt-mt323.dll
 0001:00005010       ?setIconText@QWidget@@UAEXABVQString@@@Z 00406010 f   qt-mt323:qt-mt323.dll
 0001:00005016       ?setKeyCompression@QWidget@@MAEX_N@Z 00406016 f   qt-mt323:qt-mt323.dll
 0001:0000501c       ?setMask@QWidget@@UAEXABVQBitmap@@@Z 0040601c f   qt-mt323:qt-mt323.dll
 0001:00005022       ?setMask@QWidget@@UAEXABVQRegion@@@Z 00406022 f   qt-mt323:qt-mt323.dll
 0001:00005028       ?setMaximumSize@QWidget@@UAEXHH@Z 00406028 f   qt-mt323:qt-mt323.dll
 0001:0000502e       ?setMicroFocusHint@QWidget@@MAEXHHHH_NPAVQFont@@@Z 0040602e f   qt-mt323:qt-mt323.dll
 0001:00005034       ?setMinimumSize@QWidget@@UAEXHH@Z 00406034 f   qt-mt323:qt-mt323.dll
 0001:0000503a       ?setMouseTracking@QWidget@@UAEX_N@Z 0040603a f   qt-mt323:qt-mt323.dll
 0001:00005040       ?setMultiLinesEnabled@QListViewItem@@UAEX_N@Z 00406040 f   qt-mt323:qt-mt323.dll
 0001:00005046       ?setName@QObject@@UAEXPBD@Z 00406046 f   qt-mt323:qt-mt323.dll
 0001:0000504c       ?setName@QWidget@@UAEXPBD@Z 0040604c f   qt-mt323:qt-mt323.dll
 0001:00005052       ?setOpen@QListViewItem@@UAEX_N@Z 00406052 f   qt-mt323:qt-mt323.dll
 0001:00005058       ?setPalette@QWidget@@UAEXABVQPalette@@@Z 00406058 f   qt-mt323:qt-mt323.dll
 0001:0000505e       ?setPaletteBackgroundColor@QWidget@@UAEXABVQColor@@@Z 0040605e f   qt-mt323:qt-mt323.dll
 0001:00005064       ?setPaletteBackgroundPixmap@QWidget@@UAEXABVQPixmap@@@Z 00406064 f   qt-mt323:qt-mt323.dll
 0001:0000506a       ?setPixmap@QListViewItem@@UAEXHABVQPixmap@@@Z 0040606a f   qt-mt323:qt-mt323.dll
 0001:00005070       ?setProperty@QObject@@UAE_NPBDABVQVariant@@@Z 00406070 f   qt-mt323:qt-mt323.dll
 0001:00005076       ?setRenameEnabled@QListViewItem@@UAEXH_N@Z 00406076 f   qt-mt323:qt-mt323.dll
 0001:0000507c       ?setResolution@QPaintDevice@@UAEXH@Z 0040607c f   qt-mt323:qt-mt323.dll
 0001:00005082       ?setSelectable@QListViewItem@@UAEX_N@Z 00406082 f   qt-mt323:qt-mt323.dll
 0001:00005088       ?setSelected@QListViewItem@@UAEX_N@Z 00406088 f   qt-mt323:qt-mt323.dll
 0001:0000508e       ?setSizeIncrement@QWidget@@UAEXHH@Z 0040608e f   qt-mt323:qt-mt323.dll
 0001:00005094       ?setSizePolicy@QWidget@@UAEXVQSizePolicy@@@Z 00406094 f   qt-mt323:qt-mt323.dll
 0001:0000509a       ?setText@QListViewItem@@UAEXHABVQString@@@Z 0040609a f   qt-mt323:qt-mt323.dll
 0001:000050a0       ?setUpdatesEnabled@QWidget@@UAEX_N@Z 004060a0 f   qt-mt323:qt-mt323.dll
 0001:000050a6       ?setWFlags@QWidget@@MAEXI@Z 004060a6 f   qt-mt323:qt-mt323.dll
 0001:000050ac       ?setWState@QWidget@@MAEXI@Z 004060ac f   qt-mt323:qt-mt323.dll
 0001:000050b2       ?setWorkingDirectory@QProcess@@UAEXABVQDir@@@Z 004060b2 f   qt-mt323:qt-mt323.dll
 0001:000050b8       ?setup@QListViewItem@@UAEXXZ 004060b8 f   qt-mt323:qt-mt323.dll
 0001:000050be       ?show@QDialog@@UAEXXZ      004060be f   qt-mt323:qt-mt323.dll
 0001:000050c4       ?showEvent@QWidget@@MAEXPAVQShowEvent@@@Z 004060c4 f   qt-mt323:qt-mt323.dll
 0001:000050ca       ?showMaximized@QWidget@@UAEXXZ 004060ca f   qt-mt323:qt-mt323.dll
 0001:000050d0       ?showMinimized@QWidget@@UAEXXZ 004060d0 f   qt-mt323:qt-mt323.dll
 0001:000050d6       ?showNormal@QWidget@@UAEXXZ 004060d6 f   qt-mt323:qt-mt323.dll
 0001:000050dc       ?sizeHint@QDialog@@UBE?AVQSize@@XZ 004060dc f   qt-mt323:qt-mt323.dll
 0001:000050e2       ?sizePolicy@QWidget@@UBE?AVQSizePolicy@@XZ 004060e2 f   qt-mt323:qt-mt323.dll
 0001:000050e8       ?sort@QListViewItem@@UAEXXZ 004060e8 f   qt-mt323:qt-mt323.dll
 0001:000050ee       ?sortChildItems@QListViewItem@@UAEXH_N@Z 004060ee f   qt-mt323:qt-mt323.dll
 0001:000050f4       ?start@QProcess@@UAE_NPAVQStringList@@@Z 004060f4 f   qt-mt323:qt-mt323.dll
 0001:000050fa       ?startRename@QListViewItem@@UAEXH@Z 004060fa f   qt-mt323:qt-mt323.dll
 0001:00005100       ?styleChange@QWidget@@MAEXAAVQStyle@@@Z 00406100 f   qt-mt323:qt-mt323.dll
 0001:00005106       ?tabletEvent@QWidget@@MAEXPAVQTabletEvent@@@Z 00406106 f   qt-mt323:qt-mt323.dll
 0001:0000510c       ?takeItem@QListViewItem@@UAEXPAV1@@Z 0040610c f   qt-mt323:qt-mt323.dll
 0001:00005112       ?text@QListViewItem@@UBE?AVQString@@H@Z 00406112 f   qt-mt323:qt-mt323.dll
 0001:00005118       ?timerEvent@QObject@@MAEXPAVQTimerEvent@@@Z 00406118 f   qt-mt323:qt-mt323.dll
 0001:0000511e       ?unsetCursor@QWidget@@UAEXXZ 0040611e f   qt-mt323:qt-mt323.dll
 0001:00005124       ?updateMask@QWidget@@MAEXXZ 00406124 f   qt-mt323:qt-mt323.dll
 0001:0000512a       ?wheelEvent@QWidget@@MAEXPAVQWheelEvent@@@Z 0040612a f   qt-mt323:qt-mt323.dll
 0001:00005130       ?width@QListViewItem@@UBEHABVQFontMetrics@@PBVQListView@@H@Z 00406130 f   qt-mt323:qt-mt323.dll
 0001:00005136       ?winEvent@QWidget@@MAE_NPAUtagMSG@@@Z 00406136 f   qt-mt323:qt-mt323.dll
 0001:0000513c       ?windowActivationChange@QWidget@@MAEX_N@Z 0040613c f   qt-mt323:qt-mt323.dll
 0001:00005142       ?writeToStdin@QProcess@@UAEXABV?$QMemArray@D@@@Z 00406142 f   qt-mt323:qt-mt323.dll
 0001:00005148       ?writeToStdin@QProcess@@UAEXABVQString@@@Z 00406148 f   qt-mt323:qt-mt323.dll
 0001:0000514e       ?addChild@QScrollView@@UAEXPAVQWidget@@HH@Z 0040614e f   qt-mt323:qt-mt323.dll
 0001:00005154       ?addColumn@QListView@@UAEHABVQIconSet@@ABVQString@@H@Z 00406154 f   qt-mt323:qt-mt323.dll
 0001:0000515a       ?addColumn@QListView@@UAEHABVQString@@H@Z 0040615a f   qt-mt323:qt-mt323.dll
 0001:00005160       ?addItem@QBoxLayout@@UAEXPAVQLayoutItem@@@Z 00406160 f   qt-mt323:qt-mt323.dll
 0001:00005166       ?childEvent@QGroupBox@@MAEXPAVQChildEvent@@@Z 00406166 f   qt-mt323:qt-mt323.dll
 0001:0000516c       ?childEvent@QLayout@@MAEXPAVQChildEvent@@@Z 0040616c f   qt-mt323:qt-mt323.dll
 0001:00005172       ?className@QGroupBox@@UBEPBDXZ 00406172 f   qt-mt323:qt-mt323.dll
 0001:00005178       ?className@QHBoxLayout@@UBEPBDXZ 00406178 f   qt-mt323:qt-mt323.dll
 0001:0000517e       ?className@QLabel@@UBEPBDXZ 0040617e f   qt-mt323:qt-mt323.dll
 0001:00005184       ?className@QLineEdit@@UBEPBDXZ 00406184 f   qt-mt323:qt-mt323.dll
 0001:0000518a       ?className@QListView@@UBEPBDXZ 0040618a f   qt-mt323:qt-mt323.dll
 0001:00005190       ?className@QPushButton@@UBEPBDXZ 00406190 f   qt-mt323:qt-mt323.dll
 0001:00005196       ?className@QVBoxLayout@@UBEPBDXZ 00406196 f   qt-mt323:qt-mt323.dll
 0001:0000519c       ?clear@QLineEdit@@UAEXXZ   0040619c f   qt-mt323:qt-mt323.dll
 0001:000051a2       ?clear@QListView@@UAEXXZ   004061a2 f   qt-mt323:qt-mt323.dll
 0001:000051a8       ?clearSelection@QListView@@UAEXXZ 004061a8 f   qt-mt323:qt-mt323.dll
 0001:000051ae       ?clearValidator@QLineEdit@@UAEXXZ 004061ae f   qt-mt323:qt-mt323.dll
 0001:000051b4       ?closeEvent@QWidget@@MAEXPAVQCloseEvent@@@Z 004061b4 f   qt-mt323:qt-mt323.dll
 0001:000051ba       ?contentsContextMenuEvent@QListView@@MAEXPAVQContextMenuEvent@@@Z 004061ba f   qt-mt323:qt-mt323.dll
 0001:000051c0       ?contentsDragEnterEvent@QListView@@MAEXPAVQDragEnterEvent@@@Z 004061c0 f   qt-mt323:qt-mt323.dll
 0001:000051c6       ?contentsDragLeaveEvent@QListView@@MAEXPAVQDragLeaveEvent@@@Z 004061c6 f   qt-mt323:qt-mt323.dll
 0001:000051cc       ?contentsDragMoveEvent@QListView@@MAEXPAVQDragMoveEvent@@@Z 004061cc f   qt-mt323:qt-mt323.dll
 0001:000051d2       ?contentsDropEvent@QListView@@MAEXPAVQDropEvent@@@Z 004061d2 f   qt-mt323:qt-mt323.dll
 0001:000051d8       ?contentsMouseDoubleClickEvent@QListView@@MAEXPAVQMouseEvent@@@Z 004061d8 f   qt-mt323:qt-mt323.dll
 0001:000051de       ?contentsMouseMoveEvent@QListView@@MAEXPAVQMouseEvent@@@Z 004061de f   qt-mt323:qt-mt323.dll
 0001:000051e4       ?contentsMousePressEvent@QListView@@MAEXPAVQMouseEvent@@@Z 004061e4 f   qt-mt323:qt-mt323.dll
 0001:000051ea       ?contentsMouseReleaseEvent@QListView@@MAEXPAVQMouseEvent@@@Z 004061ea f   qt-mt323:qt-mt323.dll
 0001:000051f0       ?contentsWheelEvent@QScrollView@@MAEXPAVQWheelEvent@@@Z 004061f0 f   qt-mt323:qt-mt323.dll
 0001:000051f6       ?contextMenuEvent@QLineEdit@@MAEXPAVQContextMenuEvent@@@Z 004061f6 f   qt-mt323:qt-mt323.dll
 0001:000051fc       ?contextMenuEvent@QScrollView@@MAEXPAVQContextMenuEvent@@@Z 004061fc f   qt-mt323:qt-mt323.dll
 0001:00005202       ?contextMenuEvent@QWidget@@MAEXPAVQContextMenuEvent@@@Z 00406202 f   qt-mt323:qt-mt323.dll
 0001:00005208       ?copy@QLineEdit@@UBEXXZ    00406208 f   qt-mt323:qt-mt323.dll
 0001:0000520e       ?createPopupMenu@QLineEdit@@MAEPAVQPopupMenu@@XZ 0040620e f   qt-mt323:qt-mt323.dll
 0001:00005214       ?cut@QLineEdit@@UAEXXZ     00406214 f   qt-mt323:qt-mt323.dll
 0001:0000521a       ?deselect@QLineEdit@@UAEXXZ 0040621a f   qt-mt323:qt-mt323.dll
 0001:00005220       ?dragEnterEvent@QLineEdit@@MAEXPAVQDragEnterEvent@@@Z 00406220 f   qt-mt323:qt-mt323.dll
 0001:00005226       ?dragLeaveEvent@QLineEdit@@MAEXPAVQDragLeaveEvent@@@Z 00406226 f   qt-mt323:qt-mt323.dll
 0001:0000522c       ?dragMoveEvent@QLineEdit@@MAEXPAVQDragMoveEvent@@@Z 0040622c f   qt-mt323:qt-mt323.dll
 0001:00005232       ?dragObject@QListView@@MAEPAVQDragObject@@XZ 00406232 f   qt-mt323:qt-mt323.dll
 0001:00005238       ?drawButton@QPushButton@@MAEXPAVQPainter@@@Z 00406238 f   qt-mt323:qt-mt323.dll
 0001:0000523e       ?drawButtonLabel@QPushButton@@MAEXPAVQPainter@@@Z 0040623e f   qt-mt323:qt-mt323.dll
 0001:00005244       ?drawContents@QFrame@@MAEXPAVQPainter@@@Z 00406244 f   qt-mt323:qt-mt323.dll
 0001:0000524a       ?drawContents@QLabel@@MAEXPAVQPainter@@@Z 0040624a f   qt-mt323:qt-mt323.dll
 0001:00005250       ?drawContents@QLineEdit@@MAEXPAVQPainter@@@Z 00406250 f   qt-mt323:qt-mt323.dll
 0001:00005256       ?drawContents@QScrollView@@EAEXPAVQPainter@@@Z 00406256 f   qt-mt323:qt-mt323.dll
 0001:0000525c       ?drawContents@QScrollView@@MAEXPAVQPainter@@HHHH@Z 0040625c f   qt-mt323:qt-mt323.dll
 0001:00005262       ?drawContentsOffset@QListView@@MAEXPAVQPainter@@HHHHHH@Z 00406262 f   qt-mt323:qt-mt323.dll
 0001:00005268       ?drawFrame@QFrame@@MAEXPAVQPainter@@@Z 00406268 f   qt-mt323:qt-mt323.dll
 0001:0000526e       ?dropEvent@QLineEdit@@MAEXPAVQDropEvent@@@Z 0040626e f   qt-mt323:qt-mt323.dll
 0001:00005274       ?enabledChange@QButton@@MAEX_N@Z 00406274 f   qt-mt323:qt-mt323.dll
 0001:0000527a       ?event@QGroupBox@@MAE_NPAVQEvent@@@Z 0040627a f   qt-mt323:qt-mt323.dll
 0001:00005280       ?event@QLineEdit@@MAE_NPAVQEvent@@@Z 00406280 f   qt-mt323:qt-mt323.dll
 0001:00005286       ?eventFilter@QLayout@@MAE_NPAVQObject@@PAVQEvent@@@Z 00406286 f   qt-mt323:qt-mt323.dll
 0001:0000528c       ?eventFilter@QListView@@UAE_NPAVQObject@@PAVQEvent@@@Z 0040628c f   qt-mt323:qt-mt323.dll
 0001:00005292       ?expanding@QBoxLayout@@UBE?AW4ExpandData@QSizePolicy@@XZ 00406292 f   qt-mt323:qt-mt323.dll
 0001:00005298       ?expanding@QSpacerItem@@UBE?AW4ExpandData@QSizePolicy@@XZ 00406298 f   qt-mt323:qt-mt323.dll
 0001:0000529e       ?focusInEvent@QGroupBox@@MAEXPAVQFocusEvent@@@Z 0040629e f   qt-mt323:qt-mt323.dll
 0001:000052a4       ?focusInEvent@QLineEdit@@MAEXPAVQFocusEvent@@@Z 004062a4 f   qt-mt323:qt-mt323.dll
 0001:000052aa       ?focusInEvent@QListView@@MAEXPAVQFocusEvent@@@Z 004062aa f   qt-mt323:qt-mt323.dll
 0001:000052b0       ?focusInEvent@QPushButton@@MAEXPAVQFocusEvent@@@Z 004062b0 f   qt-mt323:qt-mt323.dll
 0001:000052b6       ?focusNextPrevChild@QScrollView@@MAE_N_N@Z 004062b6 f   qt-mt323:qt-mt323.dll
 0001:000052bc       ?focusOutEvent@QLineEdit@@MAEXPAVQFocusEvent@@@Z 004062bc f   qt-mt323:qt-mt323.dll
 0001:000052c2       ?focusOutEvent@QListView@@MAEXPAVQFocusEvent@@@Z 004062c2 f   qt-mt323:qt-mt323.dll
 0001:000052c8       ?focusOutEvent@QPushButton@@MAEXPAVQFocusEvent@@@Z 004062c8 f   qt-mt323:qt-mt323.dll
 0001:000052ce       ?fontChange@QGroupBox@@MAEXABVQFont@@@Z 004062ce f   qt-mt323:qt-mt323.dll
 0001:000052d4       ?fontChange@QLabel@@MAEXABVQFont@@@Z 004062d4 f   qt-mt323:qt-mt323.dll
 0001:000052da       ?fontChange@QScrollView@@MAEXABVQFont@@@Z 004062da f   qt-mt323:qt-mt323.dll
 0001:000052e0       ?frameChanged@QFrame@@MAEXXZ 004062e0 f   qt-mt323:qt-mt323.dll
 0001:000052e6       ?frameChanged@QScrollView@@MAEXXZ 004062e6 f   qt-mt323:qt-mt323.dll
 0001:000052ec       ?geometry@QLayout@@UBE?AVQRect@@XZ 004062ec f   qt-mt323:qt-mt323.dll
 0001:000052f2       ?geometry@QSpacerItem@@UBE?AVQRect@@XZ 004062f2 f   qt-mt323:qt-mt323.dll
 0001:000052f8       ?hasHeightForWidth@QBoxLayout@@UBE_NXZ 004062f8 f   qt-mt323:qt-mt323.dll
 0001:000052fe       ?hasHeightForWidth@QLayoutItem@@UBE_NXZ 004062fe f   qt-mt323:qt-mt323.dll
 0001:00005304       ?heightForWidth@QBoxLayout@@UBEHH@Z 00406304 f   qt-mt323:qt-mt323.dll
 0001:0000530a       ?heightForWidth@QLabel@@UBEHH@Z 0040630a f   qt-mt323:qt-mt323.dll
 0001:00005310       ?heightForWidth@QLayoutItem@@UBEHH@Z 00406310 f   qt-mt323:qt-mt323.dll
 0001:00005316       ?hide@QWidget@@UAEXXZ      00406316 f   qt-mt323:qt-mt323.dll
 0001:0000531c       ?hitButton@QButton@@MBE_NABVQPoint@@@Z 0040631c f   qt-mt323:qt-mt323.dll
 0001:00005322       ?imComposeEvent@QLineEdit@@MAEXPAVQIMEvent@@@Z 00406322 f   qt-mt323:qt-mt323.dll
 0001:00005328       ?imEndEvent@QLineEdit@@MAEXPAVQIMEvent@@@Z 00406328 f   qt-mt323:qt-mt323.dll
 0001:0000532e       ?imStartEvent@QLineEdit@@MAEXPAVQIMEvent@@@Z 0040632e f   qt-mt323:qt-mt323.dll
 0001:00005334       ?insert@QLineEdit@@UAEXABVQString@@@Z 00406334 f   qt-mt323:qt-mt323.dll
 0001:0000533a       ?insertItem@QListView@@UAEXPAVQListViewItem@@@Z 0040633a f   qt-mt323:qt-mt323.dll
 0001:00005340       ?invalidate@QBoxLayout@@UAEXXZ 00406340 f   qt-mt323:qt-mt323.dll
 0001:00005346       ?invalidate@QLayoutItem@@UAEXXZ 00406346 f   qt-mt323:qt-mt323.dll
 0001:0000534c       ?invertSelection@QListView@@UAEXXZ 0040634c f   qt-mt323:qt-mt323.dll
 0001:00005352       ?isEmpty@QLayout@@UBE_NXZ  00406352 f   qt-mt323:qt-mt323.dll
 0001:00005358       ?isEmpty@QSpacerItem@@UBE_NXZ 00406358 f   qt-mt323:qt-mt323.dll
 0001:0000535e       ?iterator@QBoxLayout@@UAE?AVQLayoutIterator@@XZ 0040635e f   qt-mt323:qt-mt323.dll
 0001:00005364       ?iterator@QLayoutItem@@UAE?AVQLayoutIterator@@XZ 00406364 f   qt-mt323:qt-mt323.dll
 0001:0000536a       ?keyPressEvent@QButton@@MAEXPAVQKeyEvent@@@Z 0040636a f   qt-mt323:qt-mt323.dll
 0001:00005370       ?keyPressEvent@QLineEdit@@MAEXPAVQKeyEvent@@@Z 00406370 f   qt-mt323:qt-mt323.dll
 0001:00005376       ?keyPressEvent@QListView@@MAEXPAVQKeyEvent@@@Z 00406376 f   qt-mt323:qt-mt323.dll
 0001:0000537c       ?keyPressEvent@QWidget@@MAEXPAVQKeyEvent@@@Z 0040637c f   qt-mt323:qt-mt323.dll
 0001:00005382       ?keyReleaseEvent@QButton@@MAEXPAVQKeyEvent@@@Z 00406382 f   qt-mt323:qt-mt323.dll
 0001:00005388       ?layout@QLayout@@UAEPAV1@XZ 00406388 f   qt-mt323:qt-mt323.dll
 0001:0000538e       ?layout@QLayoutItem@@UAEPAVQLayout@@XZ 0040638e f   qt-mt323:qt-mt323.dll
 0001:00005394       ?maximumSize@QBoxLayout@@UBE?AVQSize@@XZ 00406394 f   qt-mt323:qt-mt323.dll
 0001:0000539a       ?maximumSize@QSpacerItem@@UBE?AVQSize@@XZ 0040639a f   qt-mt323:qt-mt323.dll
 0001:000053a0       ?metaObject@QGroupBox@@UBEPAVQMetaObject@@XZ 004063a0 f   qt-mt323:qt-mt323.dll
 0001:000053a6       ?metaObject@QHBoxLayout@@UBEPAVQMetaObject@@XZ 004063a6 f   qt-mt323:qt-mt323.dll
 0001:000053ac       ?metaObject@QLabel@@UBEPAVQMetaObject@@XZ 004063ac f   qt-mt323:qt-mt323.dll
 0001:000053b2       ?metaObject@QLineEdit@@UBEPAVQMetaObject@@XZ 004063b2 f   qt-mt323:qt-mt323.dll
 0001:000053b8       ?metaObject@QListView@@UBEPAVQMetaObject@@XZ 004063b8 f   qt-mt323:qt-mt323.dll
 0001:000053be       ?metaObject@QPushButton@@UBEPAVQMetaObject@@XZ 004063be f   qt-mt323:qt-mt323.dll
 0001:000053c4       ?metaObject@QVBoxLayout@@UBEPAVQMetaObject@@XZ 004063c4 f   qt-mt323:qt-mt323.dll
 0001:000053ca       ?minimumSize@QBoxLayout@@UBE?AVQSize@@XZ 004063ca f   qt-mt323:qt-mt323.dll
 0001:000053d0       ?minimumSize@QSpacerItem@@UBE?AVQSize@@XZ 004063d0 f   qt-mt323:qt-mt323.dll
 0001:000053d6       ?minimumSizeHint@QLabel@@UBE?AVQSize@@XZ 004063d6 f   qt-mt323:qt-mt323.dll
 0001:000053dc       ?minimumSizeHint@QLineEdit@@UBE?AVQSize@@XZ 004063dc f   qt-mt323:qt-mt323.dll
 0001:000053e2       ?minimumSizeHint@QListView@@UBE?AVQSize@@XZ 004063e2 f   qt-mt323:qt-mt323.dll
 0001:000053e8       ?minimumSizeHint@QWidget@@UBE?AVQSize@@XZ 004063e8 f   qt-mt323:qt-mt323.dll
 0001:000053ee       ?mouseDoubleClickEvent@QLineEdit@@MAEXPAVQMouseEvent@@@Z 004063ee f   qt-mt323:qt-mt323.dll
 0001:000053f4       ?mouseDoubleClickEvent@QScrollView@@MAEXPAVQMouseEvent@@@Z 004063f4 f   qt-mt323:qt-mt323.dll
 0001:000053fa       ?mouseMoveEvent@QButton@@MAEXPAVQMouseEvent@@@Z 004063fa f   qt-mt323:qt-mt323.dll
 0001:00005400       ?mouseMoveEvent@QLineEdit@@MAEXPAVQMouseEvent@@@Z 00406400 f   qt-mt323:qt-mt323.dll
 0001:00005406       ?mouseMoveEvent@QScrollView@@MAEXPAVQMouseEvent@@@Z 00406406 f   qt-mt323:qt-mt323.dll
 0001:0000540c       ?mousePressEvent@QButton@@MAEXPAVQMouseEvent@@@Z 0040640c f   qt-mt323:qt-mt323.dll
 0001:00005412       ?mousePressEvent@QLineEdit@@MAEXPAVQMouseEvent@@@Z 00406412 f   qt-mt323:qt-mt323.dll
 0001:00005418       ?mousePressEvent@QScrollView@@MAEXPAVQMouseEvent@@@Z 00406418 f   qt-mt323:qt-mt323.dll
 0001:0000541e       ?mouseReleaseEvent@QButton@@MAEXPAVQMouseEvent@@@Z 0040641e f   qt-mt323:qt-mt323.dll
 0001:00005424       ?mouseReleaseEvent@QLineEdit@@MAEXPAVQMouseEvent@@@Z 00406424 f   qt-mt323:qt-mt323.dll
 0001:0000542a       ?mouseReleaseEvent@QScrollView@@MAEXPAVQMouseEvent@@@Z 0040642a f   qt-mt323:qt-mt323.dll
 0001:00005430       ?move@QPushButton@@UAEXHH@Z 00406430 f   qt-mt323:qt-mt323.dll
 0001:00005436       ?move@QWidget@@UAEXHH@Z    00406436 f   qt-mt323:qt-mt323.dll
 0001:0000543c       ?moveChild@QScrollView@@UAEXPAVQWidget@@HH@Z 0040643c f   qt-mt323:qt-mt323.dll
 0001:00005442       ?paintEmptyArea@QListView@@MAEXPAVQPainter@@ABVQRect@@@Z 00406442 f   qt-mt323:qt-mt323.dll
 0001:00005448       ?paintEvent@QButton@@MAEXPAVQPaintEvent@@@Z 00406448 f   qt-mt323:qt-mt323.dll
 0001:0000544e       ?paintEvent@QFrame@@MAEXPAVQPaintEvent@@@Z 0040644e f   qt-mt323:qt-mt323.dll
 0001:00005454       ?paintEvent@QGroupBox@@MAEXPAVQPaintEvent@@@Z 00406454 f   qt-mt323:qt-mt323.dll
 0001:0000545a       ?paste@QLineEdit@@UAEXXZ   0040645a f   qt-mt323:qt-mt323.dll
 0001:00005460       ?qt_cast@QGroupBox@@UAEPAXPBD@Z 00406460 f   qt-mt323:qt-mt323.dll
 0001:00005466       ?qt_cast@QHBoxLayout@@UAEPAXPBD@Z 00406466 f   qt-mt323:qt-mt323.dll
 0001:0000546c       ?qt_cast@QLabel@@UAEPAXPBD@Z 0040646c f   qt-mt323:qt-mt323.dll
 0001:00005472       ?qt_cast@QLineEdit@@UAEPAXPBD@Z 00406472 f   qt-mt323:qt-mt323.dll
 0001:00005478       ?qt_cast@QListView@@UAEPAXPBD@Z 00406478 f   qt-mt323:qt-mt323.dll
 0001:0000547e       ?qt_cast@QPushButton@@UAEPAXPBD@Z 0040647e f   qt-mt323:qt-mt323.dll
 0001:00005484       ?qt_cast@QVBoxLayout@@UAEPAXPBD@Z 00406484 f   qt-mt323:qt-mt323.dll
 0001:0000548a       ?qt_emit@QGroupBox@@UAE_NHPAUQUObject@@@Z 0040648a f   qt-mt323:qt-mt323.dll
 0001:00005490       ?qt_emit@QHBoxLayout@@UAE_NHPAUQUObject@@@Z 00406490 f   qt-mt323:qt-mt323.dll
 0001:00005496       ?qt_emit@QLabel@@UAE_NHPAUQUObject@@@Z 00406496 f   qt-mt323:qt-mt323.dll
 0001:0000549c       ?qt_emit@QLineEdit@@UAE_NHPAUQUObject@@@Z 0040649c f   qt-mt323:qt-mt323.dll
 0001:000054a2       ?qt_emit@QListView@@UAE_NHPAUQUObject@@@Z 004064a2 f   qt-mt323:qt-mt323.dll
 0001:000054a8       ?qt_emit@QPushButton@@UAE_NHPAUQUObject@@@Z 004064a8 f   qt-mt323:qt-mt323.dll
 0001:000054ae       ?qt_emit@QVBoxLayout@@UAE_NHPAUQUObject@@@Z 004064ae f   qt-mt323:qt-mt323.dll
 0001:000054b4       ?qt_invoke@QGroupBox@@UAE_NHPAUQUObject@@@Z 004064b4 f   qt-mt323:qt-mt323.dll
 0001:000054ba       ?qt_invoke@QHBoxLayout@@UAE_NHPAUQUObject@@@Z 004064ba f   qt-mt323:qt-mt323.dll
 0001:000054c0       ?qt_invoke@QLabel@@UAE_NHPAUQUObject@@@Z 004064c0 f   qt-mt323:qt-mt323.dll
 0001:000054c6       ?qt_invoke@QLineEdit@@UAE_NHPAUQUObject@@@Z 004064c6 f   qt-mt323:qt-mt323.dll
 0001:000054cc       ?qt_invoke@QListView@@UAE_NHPAUQUObject@@@Z 004064cc f   qt-mt323:qt-mt323.dll
 0001:000054d2       ?qt_invoke@QPushButton@@UAE_NHPAUQUObject@@@Z 004064d2 f   qt-mt323:qt-mt323.dll
 0001:000054d8       ?qt_invoke@QVBoxLayout@@UAE_NHPAUQUObject@@@Z 004064d8 f   qt-mt323:qt-mt323.dll
 0001:000054de       ?qt_property@QGroupBox@@UAE_NHHPAVQVariant@@@Z 004064de f   qt-mt323:qt-mt323.dll
 0001:000054e4       ?qt_property@QHBoxLayout@@UAE_NHHPAVQVariant@@@Z 004064e4 f   qt-mt323:qt-mt323.dll
 0001:000054ea       ?qt_property@QLabel@@UAE_NHHPAVQVariant@@@Z 004064ea f   qt-mt323:qt-mt323.dll
 0001:000054f0       ?qt_property@QLineEdit@@UAE_NHHPAVQVariant@@@Z 004064f0 f   qt-mt323:qt-mt323.dll
 0001:000054f6       ?qt_property@QListView@@UAE_NHHPAVQVariant@@@Z 004064f6 f   qt-mt323:qt-mt323.dll
 0001:000054fc       ?qt_property@QPushButton@@UAE_NHHPAVQVariant@@@Z 004064fc f   qt-mt323:qt-mt323.dll
 0001:00005502       ?qt_property@QVBoxLayout@@UAE_NHHPAVQVariant@@@Z 00406502 f   qt-mt323:qt-mt323.dll
 0001:00005508       ?redo@QLineEdit@@UAEXXZ    00406508 f   qt-mt323:qt-mt323.dll
 0001:0000550e       ?removeChild@QScrollView@@UAEXPAVQObject@@@Z 0040650e f   qt-mt323:qt-mt323.dll
 0001:00005514       ?removeColumn@QListView@@UAEXH@Z 00406514 f   qt-mt323:qt-mt323.dll
 0001:0000551a       ?removeItem@QListView@@UAEXPAVQListViewItem@@@Z 0040651a f   qt-mt323:qt-mt323.dll
 0001:00005520       ?resize@QPushButton@@UAEXHH@Z 00406520 f   qt-mt323:qt-mt323.dll
 0001:00005526       ?resize@QScrollView@@UAEXHH@Z 00406526 f   qt-mt323:qt-mt323.dll
 0001:0000552c       ?resize@QWidget@@UAEXHH@Z  0040652c f   qt-mt323:qt-mt323.dll
 0001:00005532       ?resizeContents@QScrollView@@UAEXHH@Z 00406532 f   qt-mt323:qt-mt323.dll
 0001:00005538       ?resizeEvent@QGroupBox@@MAEXPAVQResizeEvent@@@Z 00406538 f   qt-mt323:qt-mt323.dll
 0001:0000553e       ?resizeEvent@QLabel@@MAEXPAVQResizeEvent@@@Z 0040653e f   qt-mt323:qt-mt323.dll
 0001:00005544       ?resizeEvent@QLineEdit@@MAEXPAVQResizeEvent@@@Z 00406544 f   qt-mt323:qt-mt323.dll
 0001:0000554a       ?resizeEvent@QListView@@MAEXPAVQResizeEvent@@@Z 0040654a f   qt-mt323:qt-mt323.dll
 0001:00005550       ?resizeEvent@QPushButton@@MAEXPAVQResizeEvent@@@Z 00406550 f   qt-mt323:qt-mt323.dll
 0001:00005556       ?selectAll@QLineEdit@@UAEXXZ 00406556 f   qt-mt323:qt-mt323.dll
 0001:0000555c       ?selectAll@QListView@@UAEX_N@Z 0040655c f   qt-mt323:qt-mt323.dll
 0001:00005562       ?setAccel@QButton@@UAEXABVQKeySequence@@@Z 00406562 f   qt-mt323:qt-mt323.dll
 0001:00005568       ?setAlignment@QGroupBox@@UAEXH@Z 00406568 f   qt-mt323:qt-mt323.dll
 0001:0000556e       ?setAlignment@QLabel@@UAEXH@Z 0040656e f   qt-mt323:qt-mt323.dll
 0001:00005574       ?setAlignment@QLayoutItem@@UAEXH@Z 00406574 f   qt-mt323:qt-mt323.dll
 0001:0000557a       ?setAlignment@QLineEdit@@UAEXH@Z 0040657a f   qt-mt323:qt-mt323.dll
 0001:00005580       ?setAllColumnsShowFocus@QListView@@UAEX_N@Z 00406580 f   qt-mt323:qt-mt323.dll
 0001:00005586       ?setAutoAdd@QLayout@@UAEX_N@Z 00406586 f   qt-mt323:qt-mt323.dll
 0001:0000558c       ?setAutoDefault@QPushButton@@UAEX_N@Z 0040658c f   qt-mt323:qt-mt323.dll
 0001:00005592       ?setAutoRepeat@QButton@@UAEX_N@Z 00406592 f   qt-mt323:qt-mt323.dll
 0001:00005598       ?setAutoResize@QLabel@@UAEX_N@Z 00406598 f   qt-mt323:qt-mt323.dll
 0001:0000559e       ?setBuddy@QLabel@@UAEXPAVQWidget@@@Z 0040659e f   qt-mt323:qt-mt323.dll
 0001:000055a4       ?setColumnAlignment@QListView@@UAEXHH@Z 004065a4 f   qt-mt323:qt-mt323.dll
 0001:000055aa       ?setColumnLayout@QGroupBox@@UAEXHW4Orientation@Qt@@@Z 004065aa f   qt-mt323:qt-mt323.dll
 0001:000055b0       ?setColumnText@QListView@@UAEXHABVQIconSet@@ABVQString@@@Z 004065b0 f   qt-mt323:qt-mt323.dll
 0001:000055b6       ?setColumnText@QListView@@UAEXHABVQString@@@Z 004065b6 f   qt-mt323:qt-mt323.dll
 0001:000055bc       ?setColumnWidth@QListView@@UAEXHH@Z 004065bc f   qt-mt323:qt-mt323.dll
 0001:000055c2       ?setColumnWidthMode@QListView@@UAEXHW4WidthMode@1@@Z 004065c2 f   qt-mt323:qt-mt323.dll
 0001:000055c8       ?setContentsPos@QListView@@UAEXHH@Z 004065c8 f   qt-mt323:qt-mt323.dll
 0001:000055ce       ?setCornerWidget@QScrollView@@UAEXPAVQWidget@@@Z 004065ce f   qt-mt323:qt-mt323.dll
 0001:000055d4       ?setCurrentItem@QListView@@UAEXPAVQListViewItem@@@Z 004065d4 f   qt-mt323:qt-mt323.dll
 0001:000055da       ?setCursorPosition@QLineEdit@@UAEXH@Z 004065da f   qt-mt323:qt-mt323.dll
 0001:000055e0       ?setDefault@QPushButton@@UAEX_N@Z 004065e0 f   qt-mt323:qt-mt323.dll
 0001:000055e6       ?setDefaultRenameAction@QListView@@UAEXW4RenameAction@1@@Z 004065e6 f   qt-mt323:qt-mt323.dll
 0001:000055ec       ?setDown@QButton@@UAEX_N@Z 004065ec f   qt-mt323:qt-mt323.dll
 0001:000055f2       ?setDragAutoScroll@QScrollView@@UAEX_N@Z 004065f2 f   qt-mt323:qt-mt323.dll
 0001:000055f8       ?setDragEnabled@QLineEdit@@UAEX_N@Z 004065f8 f   qt-mt323:qt-mt323.dll
 0001:000055fe       ?setEchoMode@QLineEdit@@UAEXW4EchoMode@1@@Z 004065fe f   qt-mt323:qt-mt323.dll
 0001:00005604       ?setEnabled@QGroupBox@@UAEX_N@Z 00406604 f   qt-mt323:qt-mt323.dll
 0001:0000560a       ?setEnabled@QScrollView@@UAEX_N@Z 0040660a f   qt-mt323:qt-mt323.dll
 0001:00005610       ?setFont@QLabel@@UAEXABVQFont@@@Z 00406610 f   qt-mt323:qt-mt323.dll
 0001:00005616       ?setFont@QLineEdit@@UAEXABVQFont@@@Z 00406616 f   qt-mt323:qt-mt323.dll
 0001:0000561c       ?setFont@QListView@@UAEXABVQFont@@@Z 0040661c f   qt-mt323:qt-mt323.dll
 0001:00005622       ?setFrame@QLineEdit@@UAEX_N@Z 00406622 f   qt-mt323:qt-mt323.dll
 0001:00005628       ?setFrameRect@QFrame@@UAEXABVQRect@@@Z 00406628 f   qt-mt323:qt-mt323.dll
 0001:0000562e       ?setFrameStyle@QFrame@@UAEXH@Z 0040662e f   qt-mt323:qt-mt323.dll
 0001:00005634       ?setGeometry@QBoxLayout@@UAEXABVQRect@@@Z 00406634 f   qt-mt323:qt-mt323.dll
 0001:0000563a       ?setGeometry@QPushButton@@UAEXABVQRect@@@Z 0040663a f   qt-mt323:qt-mt323.dll
 0001:00005640       ?setGeometry@QPushButton@@UAEXHHHH@Z 00406640 f   qt-mt323:qt-mt323.dll
 0001:00005646       ?setGeometry@QSpacerItem@@UAEXABVQRect@@@Z 00406646 f   qt-mt323:qt-mt323.dll
 0001:0000564c       ?setGeometry@QWidget@@UAEXABVQRect@@@Z 0040664c f   qt-mt323:qt-mt323.dll
 0001:00005652       ?setGeometry@QWidget@@UAEXHHHH@Z 00406652 f   qt-mt323:qt-mt323.dll
 0001:00005658       ?setGroup@QButton@@EAEXPAVQButtonGroup@@@Z 00406658 f   qt-mt323:qt-mt323.dll
 0001:0000565e       ?setHBarGeometry@QScrollView@@MAEXAAVQScrollBar@@HHHH@Z 0040665e f   qt-mt323:qt-mt323.dll
 0001:00005664       ?setHScrollBarMode@QScrollView@@UAEXW4ScrollBarMode@1@@Z 00406664 f   qt-mt323:qt-mt323.dll
 0001:0000566a       ?setIsMenuButton@QPushButton@@UAEX_N@Z 0040666a f   qt-mt323:qt-mt323.dll
 0001:00005670       ?setItemMargin@QListView@@UAEXH@Z 00406670 f   qt-mt323:qt-mt323.dll
 0001:00005676       ?setLineWidth@QFrame@@UAEXH@Z 00406676 f   qt-mt323:qt-mt323.dll
 0001:0000567c       ?setMargin@QFrame@@UAEXH@Z 0040667c f   qt-mt323:qt-mt323.dll
 0001:00005682       ?setMargin@QLayout@@UAEXH@Z 00406682 f   qt-mt323:qt-mt323.dll
 0001:00005688       ?setMargins@QScrollView@@MAEXHHHH@Z 00406688 f   qt-mt323:qt-mt323.dll
 0001:0000568e       ?setMaxLength@QLineEdit@@UAEXH@Z 0040668e f   qt-mt323:qt-mt323.dll
 0001:00005694       ?setMenuBar@QLayout@@UAEXPAVQMenuBar@@@Z 00406694 f   qt-mt323:qt-mt323.dll
 0001:0000569a       ?setMidLineWidth@QFrame@@UAEXH@Z 0040669a f   qt-mt323:qt-mt323.dll
 0001:000056a0       ?setMovie@QLabel@@UAEXABVQMovie@@@Z 004066a0 f   qt-mt323:qt-mt323.dll
 0001:000056a6       ?setMultiSelection@QListView@@UAEX_N@Z 004066a6 f   qt-mt323:qt-mt323.dll
 0001:000056ac       ?setNum@QLabel@@UAEXH@Z    004066ac f   qt-mt323:qt-mt323.dll
 0001:000056b2       ?setNum@QLabel@@UAEXN@Z    004066b2 f   qt-mt323:qt-mt323.dll
 0001:000056b8       ?setOn@QPushButton@@UAEX_N@Z 004066b8 f   qt-mt323:qt-mt323.dll
 0001:000056be       ?setOpen@QListView@@UAEXPAVQListViewItem@@_N@Z 004066be f   qt-mt323:qt-mt323.dll
 0001:000056c4       ?setPalette@QLineEdit@@UAEXABVQPalette@@@Z 004066c4 f   qt-mt323:qt-mt323.dll
 0001:000056ca       ?setPalette@QListView@@UAEXABVQPalette@@@Z 004066ca f   qt-mt323:qt-mt323.dll
 0001:000056d0       ?setPicture@QLabel@@UAEXABVQPicture@@@Z 004066d0 f   qt-mt323:qt-mt323.dll
 0001:000056d6       ?setPixmap@QButton@@UAEXABVQPixmap@@@Z 004066d6 f   qt-mt323:qt-mt323.dll
 0001:000056dc       ?setPixmap@QLabel@@UAEXABVQPixmap@@@Z 004066dc f   qt-mt323:qt-mt323.dll
 0001:000056e2       ?setReadOnly@QLineEdit@@UAEX_N@Z 004066e2 f   qt-mt323:qt-mt323.dll
 0001:000056e8       ?setResizeMode@QListView@@UAEXW4ResizeMode@1@@Z 004066e8 f   qt-mt323:qt-mt323.dll
 0001:000056ee       ?setResizePolicy@QScrollView@@UAEXW4ResizePolicy@1@@Z 004066ee f   qt-mt323:qt-mt323.dll
 0001:000056f4       ?setRootIsDecorated@QListView@@UAEX_N@Z 004066f4 f   qt-mt323:qt-mt323.dll
 0001:000056fa       ?setSelected@QListView@@UAEXPAVQListViewItem@@_N@Z 004066fa f   qt-mt323:qt-mt323.dll
 0001:00005700       ?setSelection@QLineEdit@@UAEXHH@Z 00406700 f   qt-mt323:qt-mt323.dll
 0001:00005706       ?setShowSortIndicator@QListView@@UAEX_N@Z 00406706 f   qt-mt323:qt-mt323.dll
 0001:0000570c       ?setShowToolTips@QListView@@UAEX_N@Z 0040670c f   qt-mt323:qt-mt323.dll
 0001:00005712       ?setSorting@QListView@@UAEXH_N@Z 00406712 f   qt-mt323:qt-mt323.dll
 0001:00005718       ?setSpacing@QLayout@@UAEXH@Z 00406718 f   qt-mt323:qt-mt323.dll
 0001:0000571e       ?setState@QButton@@MAEXW4ToggleState@1@@Z 0040671e f   qt-mt323:qt-mt323.dll
 0001:00005724       ?setText@QButton@@UAEXABVQString@@@Z 00406724 f   qt-mt323:qt-mt323.dll
 0001:0000572a       ?setText@QLabel@@UAEXABVQString@@@Z 0040672a f   qt-mt323:qt-mt323.dll
 0001:00005730       ?setText@QLineEdit@@UAEXABVQString@@@Z 00406730 f   qt-mt323:qt-mt323.dll
 0001:00005736       ?setTitle@QGroupBox@@UAEXABVQString@@@Z 00406736 f   qt-mt323:qt-mt323.dll
 0001:0000573c       ?setToggleType@QButton@@MAEXW4ToggleType@1@@Z 0040673c f   qt-mt323:qt-mt323.dll
 0001:00005742       ?setTreeStepSize@QListView@@UAEXH@Z 00406742 f   qt-mt323:qt-mt323.dll
 0001:00005748       ?setVBarGeometry@QScrollView@@MAEXAAVQScrollBar@@HHHH@Z 00406748 f   qt-mt323:qt-mt323.dll
 0001:0000574e       ?setVScrollBarMode@QScrollView@@UAEXW4ScrollBarMode@1@@Z 0040674e f   qt-mt323:qt-mt323.dll
 0001:00005754       ?setValidator@QLineEdit@@UAEXPBVQValidator@@@Z 00406754 f   qt-mt323:qt-mt323.dll
 0001:0000575a       ?show@QListView@@UAEXXZ    0040675a f   qt-mt323:qt-mt323.dll
 0001:00005760       ?show@QWidget@@UAEXXZ      00406760 f   qt-mt323:qt-mt323.dll
 0001:00005766       ?showEvent@QListView@@MAEXPAVQShowEvent@@@Z 00406766 f   qt-mt323:qt-mt323.dll
 0001:0000576c       ?sizeHint@QBoxLayout@@UBE?AVQSize@@XZ 0040676c f   qt-mt323:qt-mt323.dll
 0001:00005772       ?sizeHint@QGroupBox@@UBE?AVQSize@@XZ 00406772 f   qt-mt323:qt-mt323.dll
 0001:00005778       ?sizeHint@QLabel@@UBE?AVQSize@@XZ 00406778 f   qt-mt323:qt-mt323.dll
 0001:0000577e       ?sizeHint@QLineEdit@@UBE?AVQSize@@XZ 0040677e f   qt-mt323:qt-mt323.dll
 0001:00005784       ?sizeHint@QListView@@UBE?AVQSize@@XZ 00406784 f   qt-mt323:qt-mt323.dll
 0001:0000578a       ?sizeHint@QPushButton@@UBE?AVQSize@@XZ 0040678a f   qt-mt323:qt-mt323.dll
 0001:00005790       ?sizeHint@QSpacerItem@@UBE?AVQSize@@XZ 00406790 f   qt-mt323:qt-mt323.dll
 0001:00005796       ?sort@QListView@@UAEXXZ    00406796 f   qt-mt323:qt-mt323.dll
 0001:0000579c       ?spacerItem@QLayoutItem@@UAEPAVQSpacerItem@@XZ 0040679c f   qt-mt323:qt-mt323.dll
 0001:000057a2       ?spacerItem@QSpacerItem@@UAEPAV1@XZ 004067a2 f   qt-mt323:qt-mt323.dll
 0001:000057a8       ?startDrag@QListView@@MAEXXZ 004067a8 f   qt-mt323:qt-mt323.dll
 0001:000057ae       ?styleChange@QFrame@@MAEXAAVQStyle@@@Z 004067ae f   qt-mt323:qt-mt323.dll
 0001:000057b4       ?styleChange@QListView@@MAEXAAVQStyle@@@Z 004067b4 f   qt-mt323:qt-mt323.dll
 0001:000057ba       ?takeItem@QListView@@UAEXPAVQListViewItem@@@Z 004067ba f   qt-mt323:qt-mt323.dll
 0001:000057c0       ?undo@QLineEdit@@UAEXXZ    004067c0 f   qt-mt323:qt-mt323.dll
 0001:000057c6       ?updateMask@QPushButton@@MAEXXZ 004067c6 f   qt-mt323:qt-mt323.dll
 0001:000057cc       ?viewportContextMenuEvent@QScrollView@@MAEXPAVQContextMenuEvent@@@Z 004067cc f   qt-mt323:qt-mt323.dll
 0001:000057d2       ?viewportDragEnterEvent@QScrollView@@MAEXPAVQDragEnterEvent@@@Z 004067d2 f   qt-mt323:qt-mt323.dll
 0001:000057d8       ?viewportDragLeaveEvent@QScrollView@@MAEXPAVQDragLeaveEvent@@@Z 004067d8 f   qt-mt323:qt-mt323.dll
 0001:000057de       ?viewportDragMoveEvent@QScrollView@@MAEXPAVQDragMoveEvent@@@Z 004067de f   qt-mt323:qt-mt323.dll
 0001:000057e4       ?viewportDropEvent@QScrollView@@MAEXPAVQDropEvent@@@Z 004067e4 f   qt-mt323:qt-mt323.dll
 0001:000057ea       ?viewportMouseDoubleClickEvent@QScrollView@@MAEXPAVQMouseEvent@@@Z 004067ea f   qt-mt323:qt-mt323.dll
 0001:000057f0       ?viewportMouseMoveEvent@QScrollView@@MAEXPAVQMouseEvent@@@Z 004067f0 f   qt-mt323:qt-mt323.dll
 0001:000057f6       ?viewportMousePressEvent@QScrollView@@MAEXPAVQMouseEvent@@@Z 004067f6 f   qt-mt323:qt-mt323.dll
 0001:000057fc       ?viewportMouseReleaseEvent@QScrollView@@MAEXPAVQMouseEvent@@@Z 004067fc f   qt-mt323:qt-mt323.dll
 0001:00005802       ?viewportPaintEvent@QScrollView@@MAEXPAVQPaintEvent@@@Z 00406802 f   qt-mt323:qt-mt323.dll
 0001:00005808       ?viewportResizeEvent@QListView@@MAEXPAVQResizeEvent@@@Z 00406808 f   qt-mt323:qt-mt323.dll
 0001:0000580e       ?viewportWheelEvent@QScrollView@@MAEXPAVQWheelEvent@@@Z 0040680e f   qt-mt323:qt-mt323.dll
 0001:00005814       ?wheelEvent@QScrollView@@MAEXPAVQWheelEvent@@@Z 00406814 f   qt-mt323:qt-mt323.dll
 0001:0000581a       ?widget@QLayoutItem@@UAEPAVQWidget@@XZ 0040681a f   qt-mt323:qt-mt323.dll
 0001:00005820       ?windowActivationChange@QLineEdit@@MAEX_N@Z 00406820 f   qt-mt323:qt-mt323.dll
 0001:00005826       ?windowActivationChange@QListView@@MAEX_N@Z 00406826 f   qt-mt323:qt-mt323.dll
 0001:0000582c       @__security_check_cookie@4 0040682c f   MSVCRT:secchk.obj
 0001:0000583c       ___CxxFrameHandler3        0040683c f   MSVCRT:MSVCR120.dll
 0001:00005842       ??2@YAPAXI@Z               00406842 f   MSVCRT:MSVCR120.dll
 0001:00005848       ??3@YAXPAX@Z               00406848 f   MSVCRT:MSVCR120.dll
 0001:00005850       __alloca_probe_16          00406850 f   MSVCRT:alloca16.obj
 0001:00005866       __alloca_probe_8           00406866     MSVCRT:alloca16.obj
 0001:0000587c       ??_Etype_info@@UAEPAXI@Z   0040687c f i MSVCRT:ti_inst.obj
 0001:000058c6       ___atonexitinit            004068c6 f   MSVCRT:atonexit.obj
 0001:00005902       __onexit                   00406902 f   MSVCRT:atonexit.obj
 0001:000059ab       _atexit                    004069ab f   MSVCRT:atonexit.obj
 0001:00005ac4       _WinMainCRTStartup         00406ac4 f   MSVCRT:crtexew.obj
 0001:00005c82       ___raise_securityfailure   00406c82 f   MSVCRT:gs_report.obj
 0001:00005cbf       ___report_gsfailure        00406cbf f   MSVCRT:gs_report.obj
 0001:00005dc0       __alloca_probe             00406dc0 f   MSVCRT:chkstk.obj
 0001:00005dc0       __chkstk                   00406dc0 f   MSVCRT:chkstk.obj
 0001:00005deb       ??_M@YGXPAXIHP6EX0@Z@Z     00406deb f   MSVCRT:ehvecdtr.obj
 0001:00005e5a       ?__ArrayUnwind@@YGXPAXIHP6EX0@Z@Z 00406e5a f   MSVCRT:ehvecdtr.obj
 0001:00005eb8       ??1type_info@@UAE@XZ       00406eb8 f   MSVCRT:MSVCR120.dll
 0001:00005ebe       __lock                     00406ebe f   MSVCRT:MSVCR120.dll
 0001:00005ec4       __unlock                   00406ec4 f   MSVCRT:MSVCR120.dll
 0001:00005eca       ___dllonexit               00406eca f   MSVCRT:MSVCR120.dll
 0001:00005ed0       __SEH_prolog4              00406ed0 f   MSVCRT:sehprolg4.obj
 0001:00005f15       __SEH_epilog4              00406f15 f   MSVCRT:sehprolg4.obj
 0001:00005f29       __except_handler4          00406f29 f   MSVCRT:chandler4gs.obj
 0001:00005f4c       ?__CxxUnhandledExceptionFilter@@YGJPAU_EXCEPTION_POINTERS@@@Z 00406f4c f   MSVCRT:unhandld.obj
 0001:00005f8d       ___CxxSetUnhandledExceptionFilter 00406f8d f   MSVCRT:unhandld.obj
 0001:00005f9c       __XcptFilter               00406f9c f   MSVCRT:MSVCR120.dll
 0001:00005fa2       __amsg_exit                00406fa2 f   MSVCRT:MSVCR120.dll
 0001:00005fb0       __FindPESection            00406fb0 f   MSVCRT:pesect.obj
 0001:00006000       __IsNonwritableInCurrentImage 00407000 f   MSVCRT:pesect.obj
 0001:000060c0       __ValidateImageBase        004070c0 f   MSVCRT:pesect.obj
 0001:000060f1       ___security_init_cookie    004070f1 f   MSVCRT:gs_support.obj
 0001:0000618d       __setargv                  0040718d f   MSVCRT:dllargv.obj
 0001:0000618d       __matherr                  0040718d f   MSVCRT:merr.obj
 0001:00006190       __RTC_Initialize           00407190 f   MSVCRT:initsect.obj
 0001:000061b0       __RTC_Terminate            004071b0 f   MSVCRT:initsect.obj
 0001:000061d0       __setdefaultprecision      004071d0 f   MSVCRT:fp8.obj
 0001:000061f8       __initterm_e               004071f8 f   MSVCRT:MSVCR120.dll
 0001:000061fe       __initterm                 004071fe f   MSVCRT:MSVCR120.dll
 0001:00006204       __crt_debugger_hook        00407204 f   MSVCRT:MSVCR120.dll
 0001:0000620a       ___crtUnhandledException   0040720a f   MSVCRT:MSVCR120.dll
 0001:00006210       ___crtTerminateProcess     00407210 f   MSVCRT:MSVCR120.dll
 0001:00006216       ?terminate@@YAXXZ          00407216 f   MSVCRT:MSVCR120.dll
 0001:0000621c       __except_handler4_common   0040721c f   MSVCRT:MSVCR120.dll
 0001:00006222       ___crtSetUnhandledExceptionFilter 00407222 f   MSVCRT:MSVCR120.dll
 0001:00006228       __invoke_watson            00407228 f   MSVCRT:MSVCR120.dll
 0001:0000622e       __controlfp_s              0040722e f   MSVCRT:MSVCR120.dll
 0001:00006234       _IsProcessorFeaturePresent@4 00407234 f   kernel32:KERNEL32.dll
 0001:0000623a       _strcpy                    0040723a f   MSVCRT:MSVCR120.dll
 0001:00006240       _strlen                    00407240 f   MSVCRT:MSVCR120.dll
 0001:00006246       ?deleteData@QGArray@@MAEXPAUarray_data@1@@Z 00407246 f   qt-mt323:qt-mt323.dll
 0001:0000624c       ?newData@QGArray@@MAEPAUarray_data@1@XZ 0040724c f   qt-mt323:qt-mt323.dll
 0001:00006252       ?qWinMain@@YAXPAUHINSTANCE__@@0PADHAAHAAV?$QMemArray@PAD@@@Z 00407252 f   qt-mt323:qt-mt323.dll
 0002:00000000       __imp__RegQueryInfoKeyA@48 00408000     advapi32:ADVAPI32.dll
 0002:00000004       __imp__RegOpenKeyExA@20    00408004     advapi32:ADVAPI32.dll
 0002:00000008       __imp__RegEnumKeyExA@32    00408008     advapi32:ADVAPI32.dll
 0002:0000000c       __imp__RegQueryValueExA@24 0040800c     advapi32:ADVAPI32.dll
 0002:00000010       \177ADVAPI32_NULL_THUNK_DATA 00408010     advapi32:ADVAPI32.dll
 0002:00000014       __imp__IsDebuggerPresent@0 00408014     kernel32:KERNEL32.dll
 0002:00000018       __imp__DecodePointer@4     00408018     kernel32:KERNEL32.dll
 0002:0000001c       __imp__EncodePointer@4     0040801c     kernel32:KERNEL32.dll
 0002:00000020       __imp__FormatMessageA@28   00408020     kernel32:KERNEL32.dll
 0002:00000024       __imp__IsProcessorFeaturePresent@4 00408024     kernel32:KERNEL32.dll
 0002:00000028       __imp__GetPrivateProfileIntA@16 00408028     kernel32:KERNEL32.dll
 0002:0000002c       __imp__GetPrivateProfileStringA@24 0040802c     kernel32:KERNEL32.dll
 0002:00000030       __imp__WritePrivateProfileStringA@16 00408030     kernel32:KERNEL32.dll
 0002:00000034       __imp__GetWindowsDirectoryA@8 00408034     kernel32:KERNEL32.dll
 0002:00000038       __imp__QueryPerformanceCounter@4 00408038     kernel32:KERNEL32.dll
 0002:0000003c       __imp__GetCurrentProcessId@0 0040803c     kernel32:KERNEL32.dll
 0002:00000040       __imp__GetCurrentThreadId@0 00408040     kernel32:KERNEL32.dll
 0002:00000044       __imp__GetSystemTimeAsFileTime@4 00408044     kernel32:KERNEL32.dll
 0002:00000048       __imp__LocalFree@4         00408048     kernel32:KERNEL32.dll
 0002:0000004c       __imp__GetLastError@0      0040804c     kernel32:KERNEL32.dll
 0002:00000050       \177KERNEL32_NULL_THUNK_DATA 00408050     kernel32:KERNEL32.dll
 0002:00000054       __imp____setusermatherr    00408054     MSVCRT:MSVCR120.dll
 0002:00000058       __imp___configthreadlocale 00408058     MSVCRT:MSVCR120.dll
 0002:0000005c       __imp___ismbblead          0040805c     MSVCRT:MSVCR120.dll
 0002:00000060       __imp___cexit              00408060     MSVCRT:MSVCR120.dll
 0002:00000064       __imp___exit               00408064     MSVCRT:MSVCR120.dll
 0002:00000068       __imp____set_app_type      00408068     MSVCRT:MSVCR120.dll
 0002:0000006c       __imp____getmainargs       0040806c     MSVCRT:MSVCR120.dll
 0002:00000070       __imp___initterm_e         00408070     MSVCRT:MSVCR120.dll
 0002:00000074       __imp____crtGetShowWindowMode 00408074     MSVCRT:MSVCR120.dll
 0002:00000078       __imp___XcptFilter         00408078     MSVCRT:MSVCR120.dll
 0002:0000007c       __imp___onexit             0040807c     MSVCRT:MSVCR120.dll
 0002:00000080       __imp____dllonexit         00408080     MSVCRT:MSVCR120.dll
 0002:00000084       __imp___calloc_crt         00408084     MSVCRT:MSVCR120.dll
 0002:00000088       __imp___unlock             00408088     MSVCRT:MSVCR120.dll
 0002:0000008c       __imp___lock               0040808c     MSVCRT:MSVCR120.dll
 0002:00000090       __imp_??1type_info@@UAE@XZ 00408090     MSVCRT:MSVCR120.dll
 0002:00000094       __imp__sprintf             00408094     MSVCRT:MSVCR120.dll
 0002:00000098       __imp__malloc              00408098     MSVCRT:MSVCR120.dll
 0002:0000009c       __imp__free                0040809c     MSVCRT:MSVCR120.dll
 0002:000000a0       __imp__getenv              004080a0     MSVCRT:MSVCR120.dll
 0002:000000a4       __imp__exit                004080a4     MSVCRT:MSVCR120.dll
 0002:000000a8       __imp_??3@YAXPAX@Z         004080a8     MSVCRT:MSVCR120.dll
 0002:000000ac       __imp_??2@YAPAXI@Z         004080ac     MSVCRT:MSVCR120.dll
 0002:000000b0       __imp____CxxFrameHandler3  004080b0     MSVCRT:MSVCR120.dll
 0002:000000b4       __imp___initterm           004080b4     MSVCRT:MSVCR120.dll
 0002:000000b8       __imp___acmdln             004080b8     MSVCRT:MSVCR120.dll
 0002:000000bc       __imp___fmode              004080bc     MSVCRT:MSVCR120.dll
 0002:000000c0       __imp___commode            004080c0     MSVCRT:MSVCR120.dll
 0002:000000c4       __imp___crt_debugger_hook  004080c4     MSVCRT:MSVCR120.dll
 0002:000000c8       __imp____crtUnhandledException 004080c8     MSVCRT:MSVCR120.dll
 0002:000000cc       __imp____crtTerminateProcess 004080cc     MSVCRT:MSVCR120.dll
 0002:000000d0       __imp_?terminate@@YAXXZ    004080d0     MSVCRT:MSVCR120.dll
 0002:000000d4       __imp___except_handler4_common 004080d4     MSVCRT:MSVCR120.dll
 0002:000000d8       __imp____crtSetUnhandledExceptionFilter 004080d8     MSVCRT:MSVCR120.dll
 0002:000000dc       __imp___invoke_watson      004080dc     MSVCRT:MSVCR120.dll
 0002:000000e0       __imp___controlfp_s        004080e0     MSVCRT:MSVCR120.dll
 0002:000000e4       __imp___amsg_exit          004080e4     MSVCRT:MSVCR120.dll
 0002:000000e8       __imp__strlen              004080e8     MSVCRT:MSVCR120.dll
 0002:000000ec       __imp__strcpy              004080ec     MSVCRT:MSVCR120.dll
 0002:000000f0       \177MSVCR120_NULL_THUNK_DATA 004080f0     MSVCRT:MSVCR120.dll
 0002:000000f4       __imp_??0QRegExp@@QAE@ABVQString@@_N1@Z 004080f4     qt-mt323:qt-mt323.dll
 0002:000000f8       __imp_??1QRegExp@@QAE@XZ   004080f8     qt-mt323:qt-mt323.dll
 0002:000000fc       __imp_?search@QRegExp@@QBEHABVQString@@H@Z 004080fc     qt-mt323:qt-mt323.dll
 0002:00000100       __imp_?cap@QRegExp@@QAE?AVQString@@H@Z 00408100     qt-mt323:qt-mt323.dll
 0002:00000104       __imp_?acceptDrop@QListViewItem@@UBE_NPBVQMimeSource@@@Z 00408104     qt-mt323:qt-mt323.dll
 0002:00000108       __imp_?activate@QListViewItem@@MAEXXZ 00408108     qt-mt323:qt-mt323.dll
 0002:0000010c       __imp_?addArgument@QProcess@@UAEXABVQString@@@Z 0040810c     qt-mt323:qt-mt323.dll
 0002:00000110       __imp_?adjustSize@QWidget@@UAEXXZ 00408110     qt-mt323:qt-mt323.dll
 0002:00000114       __imp_?cancelRename@QListViewItem@@MAEXH@Z 00408114     qt-mt323:qt-mt323.dll
 0002:00000118       __imp_?checkConnectArgs@QObject@@MAE_NPBDPBV1@0@Z 00408118     qt-mt323:qt-mt323.dll
 0002:0000011c       __imp_?childEvent@QObject@@MAEXPAVQChildEvent@@@Z 0040811c     qt-mt323:qt-mt323.dll
 0002:00000120       __imp_?className@QProcess@@UBEPBDXZ 00408120     qt-mt323:qt-mt323.dll
 0002:00000124       __imp_?close@QWidget@@UAE_N_N@Z 00408124     qt-mt323:qt-mt323.dll
 0002:00000128       __imp_?closeEvent@QDialog@@MAEXPAVQCloseEvent@@@Z 00408128     qt-mt323:qt-mt323.dll
 0002:0000012c       __imp_?closeStdin@QProcess@@UAEXXZ 0040812c     qt-mt323:qt-mt323.dll
 0002:00000130       __imp_?cmd@QPaintDevice@@MAE_NHPAVQPainter@@PATQPDevCmdParam@@@Z 00408130     qt-mt323:qt-mt323.dll
 0002:00000134       __imp_?compare@QListViewItem@@UBEHPAV1@H_N@Z 00408134     qt-mt323:qt-mt323.dll
 0002:00000138       __imp_?connectNotify@QObject@@MAEXPBD@Z 00408138     qt-mt323:qt-mt323.dll
 0002:0000013c       __imp_?connectNotify@QProcess@@MAEXPBD@Z 0040813c     qt-mt323:qt-mt323.dll
 0002:00000140       __imp_?contextMenuEvent@QDialog@@MAEXPAVQContextMenuEvent@@@Z 00408140     qt-mt323:qt-mt323.dll
 0002:00000144       __imp_?create@QWidget@@MAEXPAUHWND__@@_N1@Z 00408144     qt-mt323:qt-mt323.dll
 0002:00000148       __imp_?customEvent@QObject@@MAEXPAVQCustomEvent@@@Z 00408148     qt-mt323:qt-mt323.dll
 0002:0000014c       __imp_?customWhatsThis@QWidget@@UBE_NXZ 0040814c     qt-mt323:qt-mt323.dll
 0002:00000150       __imp_?destroy@QWidget@@MAEX_N0@Z 00408150     qt-mt323:qt-mt323.dll
 0002:00000154       __imp_?disconnectNotify@QObject@@MAEXPBD@Z 00408154     qt-mt323:qt-mt323.dll
 0002:00000158       __imp_?disconnectNotify@QProcess@@MAEXPBD@Z 00408158     qt-mt323:qt-mt323.dll
 0002:0000015c       __imp_?done@QDialog@@MAEXH@Z 0040815c     qt-mt323:qt-mt323.dll
 0002:00000160       __imp_?dragEnterEvent@QWidget@@MAEXPAVQDragEnterEvent@@@Z 00408160     qt-mt323:qt-mt323.dll
 0002:00000164       __imp_?dragEntered@QListViewItem@@MAEXXZ 00408164     qt-mt323:qt-mt323.dll
 0002:00000168       __imp_?dragLeaveEvent@QWidget@@MAEXPAVQDragLeaveEvent@@@Z 00408168     qt-mt323:qt-mt323.dll
 0002:0000016c       __imp_?dragLeft@QListViewItem@@MAEXXZ 0040816c     qt-mt323:qt-mt323.dll
 0002:00000170       __imp_?dragMoveEvent@QWidget@@MAEXPAVQDragMoveEvent@@@Z 00408170     qt-mt323:qt-mt323.dll
 0002:00000174       __imp_?dropEvent@QWidget@@MAEXPAVQDropEvent@@@Z 00408174     qt-mt323:qt-mt323.dll
 0002:00000178       __imp_?dropped@QListViewItem@@MAEXPAVQDropEvent@@@Z 00408178     qt-mt323:qt-mt323.dll
 0002:0000017c       __imp_?enabledChange@QWidget@@MAEX_N@Z 0040817c     qt-mt323:qt-mt323.dll
 0002:00000180       __imp_?enforceSortOrder@QListViewItem@@MBEXXZ 00408180     qt-mt323:qt-mt323.dll
 0002:00000184       __imp_?enterEvent@QWidget@@MAEXPAVQEvent@@@Z 00408184     qt-mt323:qt-mt323.dll
 0002:00000188       __imp_?event@QObject@@UAE_NPAVQEvent@@@Z 00408188     qt-mt323:qt-mt323.dll
 0002:0000018c       __imp_?event@QWidget@@MAE_NPAVQEvent@@@Z 0040818c     qt-mt323:qt-mt323.dll
 0002:00000190       __imp_?eventFilter@QDialog@@MAE_NPAVQObject@@PAVQEvent@@@Z 00408190     qt-mt323:qt-mt323.dll
 0002:00000194       __imp_?eventFilter@QObject@@UAE_NPAV1@PAVQEvent@@@Z 00408194     qt-mt323:qt-mt323.dll
 0002:00000198       __imp_?focusInEvent@QWidget@@MAEXPAVQFocusEvent@@@Z 00408198     qt-mt323:qt-mt323.dll
 0002:0000019c       __imp_?focusNextPrevChild@QWidget@@MAE_N_N@Z 0040819c     qt-mt323:qt-mt323.dll
 0002:000001a0       __imp_?focusOutEvent@QWidget@@MAEXPAVQFocusEvent@@@Z 004081a0     qt-mt323:qt-mt323.dll
 0002:000001a4       __imp_?fontChange@QWidget@@MAEXABVQFont@@@Z 004081a4     qt-mt323:qt-mt323.dll
 0002:000001a8       __imp_?fontInf@QPaintDevice@@MBEHPAVQFont@@H@Z 004081a8     qt-mt323:qt-mt323.dll
 0002:000001ac       __imp_?fontMet@QPaintDevice@@MBEHPAVQFont@@HPBDH@Z 004081ac     qt-mt323:qt-mt323.dll
 0002:000001b0       __imp_?handle@QPaintDevice@@UBEPAUHDC__@@XZ 004081b0     qt-mt323:qt-mt323.dll
 0002:000001b4       __imp_?heightForWidth@QWidget@@UBEHH@Z 004081b4     qt-mt323:qt-mt323.dll
 0002:000001b8       __imp_?hide@QDialog@@UAEXXZ 004081b8     qt-mt323:qt-mt323.dll
 0002:000001bc       __imp_?hideEvent@QWidget@@MAEXPAVQHideEvent@@@Z 004081bc     qt-mt323:qt-mt323.dll
 0002:000001c0       __imp_?imComposeEvent@QWidget@@MAEXPAVQIMEvent@@@Z 004081c0     qt-mt323:qt-mt323.dll
 0002:000001c4       __imp_?imEndEvent@QWidget@@MAEXPAVQIMEvent@@@Z 004081c4     qt-mt323:qt-mt323.dll
 0002:000001c8       __imp_?imStartEvent@QWidget@@MAEXPAVQIMEvent@@@Z 004081c8     qt-mt323:qt-mt323.dll
 0002:000001cc       __imp_?insertChild@QObject@@UAEXPAV1@@Z 004081cc     qt-mt323:qt-mt323.dll
 0002:000001d0       __imp_?insertItem@QListViewItem@@UAEXPAV1@@Z 004081d0     qt-mt323:qt-mt323.dll
 0002:000001d4       __imp_?invalidateHeight@QListViewItem@@UAEXXZ 004081d4     qt-mt323:qt-mt323.dll
 0002:000001d8       __imp_?key@QListViewItem@@UBE?AVQString@@H_N@Z 004081d8     qt-mt323:qt-mt323.dll
 0002:000001dc       __imp_?keyPressEvent@QDialog@@MAEXPAVQKeyEvent@@@Z 004081dc     qt-mt323:qt-mt323.dll
 0002:000001e0       __imp_?keyReleaseEvent@QWidget@@MAEXPAVQKeyEvent@@@Z 004081e0     qt-mt323:qt-mt323.dll
 0002:000001e4       __imp_?launch@QProcess@@UAE_NABV?$QMemArray@D@@PAVQStringList@@@Z 004081e4     qt-mt323:qt-mt323.dll
 0002:000001e8       __imp_?launch@QProcess@@UAE_NABVQString@@PAVQStringList@@@Z 004081e8     qt-mt323:qt-mt323.dll
 0002:000001ec       __imp_?leaveEvent@QWidget@@MAEXPAVQEvent@@@Z 004081ec     qt-mt323:qt-mt323.dll
 0002:000001f0       __imp_?metaObject@QProcess@@UBEPAVQMetaObject@@XZ 004081f0     qt-mt323:qt-mt323.dll
 0002:000001f4       __imp_?metric@QWidget@@MBEHH@Z 004081f4     qt-mt323:qt-mt323.dll
 0002:000001f8       __imp_?minimumSizeHint@QDialog@@UBE?AVQSize@@XZ 004081f8     qt-mt323:qt-mt323.dll
 0002:000001fc       __imp_?mouseDoubleClickEvent@QWidget@@MAEXPAVQMouseEvent@@@Z 004081fc     qt-mt323:qt-mt323.dll
 0002:00000200       __imp_?mouseMoveEvent@QWidget@@MAEXPAVQMouseEvent@@@Z 00408200     qt-mt323:qt-mt323.dll
 0002:00000204       __imp_?mousePressEvent@QWidget@@MAEXPAVQMouseEvent@@@Z 00408204     qt-mt323:qt-mt323.dll
 0002:00000208       __imp_?mouseReleaseEvent@QWidget@@MAEXPAVQMouseEvent@@@Z 00408208     qt-mt323:qt-mt323.dll
 0002:0000020c       __imp_?move@QDialog@@UAEXHH@Z 0040820c     qt-mt323:qt-mt323.dll
 0002:00000210       __imp_?moveEvent@QWidget@@MAEXPAVQMoveEvent@@@Z 00408210     qt-mt323:qt-mt323.dll
 0002:00000214       __imp_?okRename@QListViewItem@@MAEXH@Z 00408214     qt-mt323:qt-mt323.dll
 0002:00000218       __imp_?paintBranches@QListViewItem@@UAEXPAVQPainter@@ABVQColorGroup@@HHH@Z 00408218     qt-mt323:qt-mt323.dll
 0002:0000021c       __imp_?paintCell@QListViewItem@@UAEXPAVQPainter@@ABVQColorGroup@@HHH@Z 0040821c     qt-mt323:qt-mt323.dll
 0002:00000220       __imp_?paintEvent@QWidget@@MAEXPAVQPaintEvent@@@Z 00408220     qt-mt323:qt-mt323.dll
 0002:00000224       __imp_?paintFocus@QListViewItem@@UAEXPAVQPainter@@ABVQColorGroup@@ABVQRect@@@Z 00408224     qt-mt323:qt-mt323.dll
 0002:00000228       __imp_?paletteChange@QWidget@@MAEXABVQPalette@@@Z 00408228     qt-mt323:qt-mt323.dll
 0002:0000022c       __imp_?pixmap@QListViewItem@@UBEPBVQPixmap@@H@Z 0040822c     qt-mt323:qt-mt323.dll
 0002:00000230       __imp_?polish@QWidget@@UAEXXZ 00408230     qt-mt323:qt-mt323.dll
 0002:00000234       __imp_?property@QObject@@UBE?AVQVariant@@PBD@Z 00408234     qt-mt323:qt-mt323.dll
 0002:00000238       __imp_?qt_cast@QProcess@@UAEPAXPBD@Z 00408238     qt-mt323:qt-mt323.dll
 0002:0000023c       __imp_?qt_emit@QProcess@@UAE_NHPAUQUObject@@@Z 0040823c     qt-mt323:qt-mt323.dll
 0002:00000240       __imp_?qt_invoke@QProcess@@UAE_NHPAUQUObject@@@Z 00408240     qt-mt323:qt-mt323.dll
 0002:00000244       __imp_?qt_property@QProcess@@UAE_NHHPAVQVariant@@@Z 00408244     qt-mt323:qt-mt323.dll
 0002:00000248       __imp_?readLineStderr@QProcess@@UAE?AVQString@@XZ 00408248     qt-mt323:qt-mt323.dll
 0002:0000024c       __imp_?readLineStdout@QProcess@@UAE?AVQString@@XZ 0040824c     qt-mt323:qt-mt323.dll
 0002:00000250       __imp_?readStderr@QProcess@@UAE?AV?$QMemArray@D@@XZ 00408250     qt-mt323:qt-mt323.dll
 0002:00000254       __imp_?readStdout@QProcess@@UAE?AV?$QMemArray@D@@XZ 00408254     qt-mt323:qt-mt323.dll
 0002:00000258       __imp_?reject@QDialog@@MAEXXZ 00408258     qt-mt323:qt-mt323.dll
 0002:0000025c       __imp_?removeChild@QObject@@UAEXPAV1@@Z 0040825c     qt-mt323:qt-mt323.dll
 0002:00000260       __imp_?removeItem@QListViewItem@@UAEXPAV1@@Z 00408260     qt-mt323:qt-mt323.dll
 0002:00000264       __imp_?reparent@QWidget@@UAEXPAV1@IABVQPoint@@_N@Z 00408264     qt-mt323:qt-mt323.dll
 0002:00000268       __imp_?resize@QDialog@@UAEXHH@Z 00408268     qt-mt323:qt-mt323.dll
 0002:0000026c       __imp_?resizeEvent@QDialog@@MAEXPAVQResizeEvent@@@Z 0040826c     qt-mt323:qt-mt323.dll
 0002:00000270       __imp_?resolution@QPaintDevice@@UBEHXZ 00408270     qt-mt323:qt-mt323.dll
 0002:00000274       __imp_?rtti@QListViewItem@@UBEHXZ 00408274     qt-mt323:qt-mt323.dll
 0002:00000278       __imp_?setAcceptDrops@QWidget@@UAEX_N@Z 00408278     qt-mt323:qt-mt323.dll
 0002:0000027c       __imp_?setActiveWindow@QWidget@@UAEXXZ 0040827c     qt-mt323:qt-mt323.dll
 0002:00000280       __imp_?setArguments@QProcess@@UAEXABVQStringList@@@Z 00408280     qt-mt323:qt-mt323.dll
 0002:00000284       __imp_?setAutoMask@QWidget@@UAEX_N@Z 00408284     qt-mt323:qt-mt323.dll
 0002:00000288       __imp_?setBackgroundColor@QWidget@@UAEXABVQColor@@@Z 00408288     qt-mt323:qt-mt323.dll
 0002:0000028c       __imp_?setBackgroundMode@QWidget@@UAEXW4BackgroundMode@Qt@@@Z 0040828c     qt-mt323:qt-mt323.dll
 0002:00000290       __imp_?setBackgroundOrigin@QWidget@@UAEXW4BackgroundOrigin@1@@Z 00408290     qt-mt323:qt-mt323.dll
 0002:00000294       __imp_?setBackgroundPixmap@QWidget@@UAEXABVQPixmap@@@Z 00408294     qt-mt323:qt-mt323.dll
 0002:00000298       __imp_?setCaption@QWidget@@UAEXABVQString@@@Z 00408298     qt-mt323:qt-mt323.dll
 0002:0000029c       __imp_?setCursor@QWidget@@UAEXABVQCursor@@@Z 0040829c     qt-mt323:qt-mt323.dll
 0002:000002a0       __imp_?setDragEnabled@QListViewItem@@UAEX_N@Z 004082a0     qt-mt323:qt-mt323.dll
 0002:000002a4       __imp_?setDropEnabled@QListViewItem@@UAEX_N@Z 004082a4     qt-mt323:qt-mt323.dll
 0002:000002a8       __imp_?setEnabled@QListViewItem@@UAEX_N@Z 004082a8     qt-mt323:qt-mt323.dll
 0002:000002ac       __imp_?setEnabled@QWidget@@UAEX_N@Z 004082ac     qt-mt323:qt-mt323.dll
 0002:000002b0       __imp_?setEraseColor@QWidget@@UAEXABVQColor@@@Z 004082b0     qt-mt323:qt-mt323.dll
 0002:000002b4       __imp_?setErasePixmap@QWidget@@UAEXABVQPixmap@@@Z 004082b4     qt-mt323:qt-mt323.dll
 0002:000002b8       __imp_?setExpandable@QListViewItem@@UAEX_N@Z 004082b8     qt-mt323:qt-mt323.dll
 0002:000002bc       __imp_?setFocus@QWidget@@UAEXXZ 004082bc     qt-mt323:qt-mt323.dll
 0002:000002c0       __imp_?setFocusPolicy@QWidget@@UAEXW4FocusPolicy@1@@Z 004082c0     qt-mt323:qt-mt323.dll
 0002:000002c4       __imp_?setFocusProxy@QWidget@@UAEXPAV1@@Z 004082c4     qt-mt323:qt-mt323.dll
 0002:000002c8       __imp_?setFont@QWidget@@UAEXABVQFont@@@Z 004082c8     qt-mt323:qt-mt323.dll
 0002:000002cc       __imp_?setGeometry@QDialog@@UAEXABVQRect@@@Z 004082cc     qt-mt323:qt-mt323.dll
 0002:000002d0       __imp_?setGeometry@QDialog@@UAEXHHHH@Z 004082d0     qt-mt323:qt-mt323.dll
 0002:000002d4       __imp_?setHeight@QListViewItem@@MAEXH@Z 004082d4     qt-mt323:qt-mt323.dll
 0002:000002d8       __imp_?setIconText@QWidget@@UAEXABVQString@@@Z 004082d8     qt-mt323:qt-mt323.dll
 0002:000002dc       __imp_?setKeyCompression@QWidget@@MAEX_N@Z 004082dc     qt-mt323:qt-mt323.dll
 0002:000002e0       __imp_?setMask@QWidget@@UAEXABVQBitmap@@@Z 004082e0     qt-mt323:qt-mt323.dll
 0002:000002e4       __imp_?setMask@QWidget@@UAEXABVQRegion@@@Z 004082e4     qt-mt323:qt-mt323.dll
 0002:000002e8       __imp_?setMaximumSize@QWidget@@UAEXHH@Z 004082e8     qt-mt323:qt-mt323.dll
 0002:000002ec       __imp_?setMicroFocusHint@QWidget@@MAEXHHHH_NPAVQFont@@@Z 004082ec     qt-mt323:qt-mt323.dll
 0002:000002f0       __imp_?setMinimumSize@QWidget@@UAEXHH@Z 004082f0     qt-mt323:qt-mt323.dll
 0002:000002f4       __imp_?setMouseTracking@QWidget@@UAEX_N@Z 004082f4     qt-mt323:qt-mt323.dll
 0002:000002f8       __imp_?setMultiLinesEnabled@QListViewItem@@UAEX_N@Z 004082f8     qt-mt323:qt-mt323.dll
 0002:000002fc       __imp_?setName@QObject@@UAEXPBD@Z 004082fc     qt-mt323:qt-mt323.dll
 0002:00000300       __imp_?setName@QWidget@@UAEXPBD@Z 00408300     qt-mt323:qt-mt323.dll
 0002:00000304       __imp_?setOpen@QListViewItem@@UAEX_N@Z 00408304     qt-mt323:qt-mt323.dll
 0002:00000308       __imp_?setPalette@QWidget@@UAEXABVQPalette@@@Z 00408308     qt-mt323:qt-mt323.dll
 0002:0000030c       __imp_?setPaletteBackgroundColor@QWidget@@UAEXABVQColor@@@Z 0040830c     qt-mt323:qt-mt323.dll
 0002:00000310       __imp_?setPaletteBackgroundPixmap@QWidget@@UAEXABVQPixmap@@@Z 00408310     qt-mt323:qt-mt323.dll
 0002:00000314       __imp_?setPixmap@QListViewItem@@UAEXHABVQPixmap@@@Z 00408314     qt-mt323:qt-mt323.dll
 0002:00000318       __imp_?setProperty@QObject@@UAE_NPBDABVQVariant@@@Z 00408318     qt-mt323:qt-mt323.dll
 0002:0000031c       __imp_?setRenameEnabled@QListViewItem@@UAEXH_N@Z 0040831c     qt-mt323:qt-mt323.dll
 0002:00000320       __imp_?setResolution@QPaintDevice@@UAEXH@Z 00408320     qt-mt323:qt-mt323.dll
 0002:00000324       __imp_?setSelectable@QListViewItem@@UAEX_N@Z 00408324     qt-mt323:qt-mt323.dll
 0002:00000328       __imp_?setSelected@QListViewItem@@UAEX_N@Z 00408328     qt-mt323:qt-mt323.dll
 0002:0000032c       __imp_?setSizeIncrement@QWidget@@UAEXHH@Z 0040832c     qt-mt323:qt-mt323.dll
 0002:00000330       __imp_?setSizePolicy@QWidget@@UAEXVQSizePolicy@@@Z 00408330     qt-mt323:qt-mt323.dll
[...]
 0001:00006c0d       __unwindfunclet$?parse@setlanaDialog@@AAEXVQStringList@@@Z$4 00407c0d f   setlanadialog.obj
 0001:00006c16       __unwindfunclet$?parse@setlanaDialog@@AAEXVQStringList@@@Z$23 00407c16 f   setlanadialog.obj
 0001:00006c1f       __unwindfunclet$?parse@setlanaDialog@@AAEXVQStringList@@@Z$5 00407c1f f   setlanadialog.obj
 0001:00006c28       __unwindfunclet$?parse@setlanaDialog@@AAEXVQStringList@@@Z$6 00407c28 f   setlanadialog.obj
 0001:00006c31       __unwindfunclet$?parse@setlanaDialog@@AAEXVQStringList@@@Z$7 00407c31 f   setlanadialog.obj
 0001:00006c3a       __unwindfunclet$?parse@setlanaDialog@@AAEXVQStringList@@@Z$8 00407c3a f   setlanadialog.obj
 0001:00006c43       __unwindfunclet$?parse@setlanaDialog@@AAEXVQStringList@@@Z$9 00407c43 f   setlanadialog.obj
 0001:00006c4c       __unwindfunclet$?parse@setlanaDialog@@AAEXVQStringList@@@Z$10 00407c4c f   setlanadialog.obj
 0001:00006c57       __unwindfunclet$?parse@setlanaDialog@@AAEXVQStringList@@@Z$11 00407c57 f   setlanadialog.obj
 0001:00006c60       __unwindfunclet$?parse@setlanaDialog@@AAEXVQStringList@@@Z$12 00407c60 f   setlanadialog.obj
 0001:00006c69       __unwindfunclet$?parse@setlanaDialog@@AAEXVQStringList@@@Z$13 00407c69 f   setlanadialog.obj
 0001:00006c72       __unwindfunclet$?parse@setlanaDialog@@AAEXVQStringList@@@Z$14 00407c72 f   setlanadialog.obj
 0001:00006c7b       __unwindfunclet$?parse@setlanaDialog@@AAEXVQStringList@@@Z$15 00407c7b f   setlanadialog.obj
 0001:00006c84       __unwindfunclet$?parse@setlanaDialog@@AAEXVQStringList@@@Z$16 00407c84 f   setlanadialog.obj
 0001:00006c8d       __unwindfunclet$?parse@setlanaDialog@@AAEXVQStringList@@@Z$17 00407c8d f   setlanadialog.obj
 0001:00006c96       __unwindfunclet$?parse@setlanaDialog@@AAEXVQStringList@@@Z$18 00407c96 f   setlanadialog.obj
 0001:00006cb0       __unwindfunclet$?parse@setlanaDialog@@AAEXVQStringList@@@Z$20 00407cb0 f   setlanadialog.obj
 0001:00006cb9       __unwindfunclet$?parse@setlanaDialog@@AAEXVQStringList@@@Z$21 00407cb9 f   setlanadialog.obj
 0001:00006cc2       __ehhandler$?parse@setlanaDialog@@AAEXVQStringList@@@Z 00407cc2 f   setlanadialog.obj
 0001:00006ce0       __unwindfunclet$?processExited@setlanaDialog@@QAEXXZ$0 00407ce0 f   setlanadialog.obj
 0001:00006ce9       __unwindfunclet$?processExited@setlanaDialog@@QAEXXZ$1 00407ce9 f   setlanadialog.obj
 0001:00006cf2       __ehhandler$?processExited@setlanaDialog@@QAEXXZ 00407cf2 f   setlanadialog.obj
 0001:00006d10       __unwindfunclet$?readyReadStdout@setlanaDialog@@QAEXXZ$0 00407d10 f   setlanadialog.obj
 0001:00006d19       __unwindfunclet$?readyReadStdout@setlanaDialog@@QAEXXZ$1 00407d19 f   setlanadialog.obj
 0001:00006d22       __ehhandler$?readyReadStdout@setlanaDialog@@QAEXXZ 00407d22 f   setlanadialog.obj
 0001:00006d40       __unwindfunclet$??0setlanaDialogBase@@QAE@PAVQWidget@@PBD_NI@Z$0 00407d40 f   setlanadialogbase.obj
 0001:00006d49       __unwindfunclet$??0setlanaDialogBase@@QAE@PAVQWidget@@PBD_NI@Z$1 00407d49 f   setlanadialogbase.obj
 0001:00006d54       __unwindfunclet$??0setlanaDialogBase@@QAE@PAVQWidget@@PBD_NI@Z$2 00407d54 f   setlanadialogbase.obj
 0001:00006d5f       __unwindfunclet$??0setlanaDialogBase@@QAE@PAVQWidget@@PBD_NI@Z$3 00407d5f f   setlanadialogbase.obj
 0001:00006d6a       __unwindfunclet$??0setlanaDialogBase@@QAE@PAVQWidget@@PBD_NI@Z$4 00407d6a f   setlanadialogbase.obj
 0001:00006d75       __unwindfunclet$??0setlanaDialogBase@@QAE@PAVQWidget@@PBD_NI@Z$5 00407d75 f   setlanadialogbase.obj
 0001:00006d80       __unwindfunclet$??0setlanaDialogBase@@QAE@PAVQWidget@@PBD_NI@Z$6 00407d80 f   setlanadialogbase.obj
 0001:00006d8b       __unwindfunclet$??0setlanaDialogBase@@QAE@PAVQWidget@@PBD_NI@Z$7 00407d8b f   setlanadialogbase.obj
 0001:00006d96       __unwindfunclet$??0setlanaDialogBase@@QAE@PAVQWidget@@PBD_NI@Z$8 00407d96 f   setlanadialogbase.obj
 0001:00006da1       __unwindfunclet$??0setlanaDialogBase@@QAE@PAVQWidget@@PBD_NI@Z$9 00407da1 f   setlanadialogbase.obj
 0001:00006dac       __unwindfunclet$??0setlanaDialogBase@@QAE@PAVQWidget@@PBD_NI@Z$10 00407dac f   setlanadialogbase.obj
 0001:00006db7       __unwindfunclet$??0setlanaDialogBase@@QAE@PAVQWidget@@PBD_NI@Z$11 00407db7 f   setlanadialogbase.obj
 0001:00006dc2       __unwindfunclet$??0setlanaDialogBase@@QAE@PAVQWidget@@PBD_NI@Z$12 00407dc2 f   setlanadialogbase.obj
 0001:00006dcd       __unwindfunclet$??0setlanaDialogBase@@QAE@PAVQWidget@@PBD_NI@Z$13 00407dcd f   setlanadialogbase.obj
 0001:00006dd8       __unwindfunclet$??0setlanaDialogBase@@QAE@PAVQWidget@@PBD_NI@Z$14 00407dd8 f   setlanadialogbase.obj
 0001:00006de3       __unwindfunclet$??0setlanaDialogBase@@QAE@PAVQWidget@@PBD_NI@Z$16 00407de3 f   setlanadialogbase.obj
 0001:00006dee       __unwindfunclet$??0setlanaDialogBase@@QAE@PAVQWidget@@PBD_NI@Z$17 00407dee f   setlanadialogbase.obj
 0001:00006df9       __unwindfunclet$??0setlanaDialogBase@@QAE@PAVQWidget@@PBD_NI@Z$18 00407df9 f   setlanadialogbase.obj
 0001:00006e04       __unwindfunclet$??0setlanaDialogBase@@QAE@PAVQWidget@@PBD_NI@Z$19 00407e04 f   setlanadialogbase.obj
 0001:00006e0d       __unwindfunclet$??0setlanaDialogBase@@QAE@PAVQWidget@@PBD_NI@Z$20 00407e0d f   setlanadialogbase.obj
 0001:00006e16       __unwindfunclet$??0setlanaDialogBase@@QAE@PAVQWidget@@PBD_NI@Z$21 00407e16 f   setlanadialogbase.obj
 0001:00006e1f       __unwindfunclet$??0setlanaDialogBase@@QAE@PAVQWidget@@PBD_NI@Z$22 00407e1f f   setlanadialogbase.obj
 0001:00006e2a       __unwindfunclet$??0setlanaDialogBase@@QAE@PAVQWidget@@PBD_NI@Z$23 00407e2a f   setlanadialogbase.obj
 0001:00006e35       __unwindfunclet$??0setlanaDialogBase@@QAE@PAVQWidget@@PBD_NI@Z$25 00407e35 f   setlanadialogbase.obj
 0001:00006e40       __unwindfunclet$??0setlanaDialogBase@@QAE@PAVQWidget@@PBD_NI@Z$26 00407e40 f   setlanadialogbase.obj
 0001:00006e4b       __ehhandler$??0setlanaDialogBase@@QAE@PAVQWidget@@PBD_NI@Z 00407e4b f   setlanadialogbase.obj
 0001:00006e70       __unwindfunclet$?languageChange@setlanaDialogBase@@MAEXXZ$0 00407e70 f   setlanadialogbase.obj
 0001:00006e79       __unwindfunclet$?languageChange@setlanaDialogBase@@MAEXXZ$1 00407e79 f   setlanadialogbase.obj
 0001:00006e82       __unwindfunclet$?languageChange@setlanaDialogBase@@MAEXXZ$2 00407e82 f   setlanadialogbase.obj
 0001:00006e8b       __unwindfunclet$?languageChange@setlanaDialogBase@@MAEXXZ$3 00407e8b f   setlanadialogbase.obj
 0001:00006e94       __unwindfunclet$?languageChange@setlanaDialogBase@@MAEXXZ$4 00407e94 f   setlanadialogbase.obj
 0001:00006e9d       __unwindfunclet$?languageChange@setlanaDialogBase@@MAEXXZ$5 00407e9d f   setlanadialogbase.obj
 0001:00006ea6       __unwindfunclet$?languageChange@setlanaDialogBase@@MAEXXZ$6 00407ea6 f   setlanadialogbase.obj
 0001:00006eaf       __unwindfunclet$?languageChange@setlanaDialogBase@@MAEXXZ$7 00407eaf f   setlanadialogbase.obj
 0001:00006eb8       __unwindfunclet$?languageChange@setlanaDialogBase@@MAEXXZ$8 00407eb8 f   setlanadialogbase.obj
 0001:00006ec1       __unwindfunclet$?languageChange@setlanaDialogBase@@MAEXXZ$9 00407ec1 f   setlanadialogbase.obj
 0001:00006eca       __unwindfunclet$?languageChange@setlanaDialogBase@@MAEXXZ$10 00407eca f   setlanadialogbase.obj
 0001:00006ed3       __unwindfunclet$?languageChange@setlanaDialogBase@@MAEXXZ$11 00407ed3 f   setlanadialogbase.obj
 0001:00006edc       __unwindfunclet$?languageChange@setlanaDialogBase@@MAEXXZ$12 00407edc f   setlanadialogbase.obj
 0001:00006ee5       __unwindfunclet$?languageChange@setlanaDialogBase@@MAEXXZ$13 00407ee5 f   setlanadialogbase.obj
 0001:00006eee       __unwindfunclet$?languageChange@setlanaDialogBase@@MAEXXZ$14 00407eee f   setlanadialogbase.obj
 0001:00006ef7       __unwindfunclet$?languageChange@setlanaDialogBase@@MAEXXZ$15 00407ef7 f   setlanadialogbase.obj
 0001:00006f00       __unwindfunclet$?languageChange@setlanaDialogBase@@MAEXXZ$16 00407f00 f   setlanadialogbase.obj
 0001:00006f09       __unwindfunclet$?languageChange@setlanaDialogBase@@MAEXXZ$17 00407f09 f   setlanadialogbase.obj
 0001:00006f12       __unwindfunclet$?languageChange@setlanaDialogBase@@MAEXXZ$18 00407f12 f   setlanadialogbase.obj
 0001:00006f1b       __unwindfunclet$?languageChange@setlanaDialogBase@@MAEXXZ$19 00407f1b f   setlanadialogbase.obj
 0001:00006f24       __unwindfunclet$?languageChange@setlanaDialogBase@@MAEXXZ$20 00407f24 f   setlanadialogbase.obj
 0001:00006f2d       __unwindfunclet$?languageChange@setlanaDialogBase@@MAEXXZ$21 00407f2d f   setlanadialogbase.obj
 0001:00006f36       __unwindfunclet$?languageChange@setlanaDialogBase@@MAEXXZ$22 00407f36 f   setlanadialogbase.obj
 0001:00006f3f       __unwindfunclet$?languageChange@setlanaDialogBase@@MAEXXZ$23 00407f3f f   setlanadialogbase.obj
 0001:00006f48       __unwindfunclet$?languageChange@setlanaDialogBase@@MAEXXZ$24 00407f48 f   setlanadialogbase.obj
 0001:00006f51       __unwindfunclet$?languageChange@setlanaDialogBase@@MAEXXZ$25 00407f51 f   setlanadialogbase.obj
 0001:00006f5a       __unwindfunclet$?languageChange@setlanaDialogBase@@MAEXXZ$26 00407f5a f   setlanadialogbase.obj
 0001:00006f63       __unwindfunclet$?languageChange@setlanaDialogBase@@MAEXXZ$27 00407f63 f   setlanadialogbase.obj
 0001:00006f6c       __unwindfunclet$?languageChange@setlanaDialogBase@@MAEXXZ$28 00407f6c f   setlanadialogbase.obj
 0001:00006f75       __ehhandler$?languageChange@setlanaDialogBase@@MAEXXZ 00407f75 f   setlanadialogbase.obj
 0001:00006f90       ??__FcleanUp_setlanaDialog@@YAXXZ 00407f90 f   moc_setlanadialog.obj
 0001:00006fa0       ??__FcleanUp_setlanaDialogBase@@YAXXZ 00407fa0 f   moc_setlanadialogbase.obj
 0002:00000a04       _pcppinit                  00408a04     MSVCRT:crtexew.obj
 0002:00000a08       _cleanUp_setlanaDialog$initializer$ 00408a08     moc_setlanadialog.obj
 0002:00000a0c       _cleanUp_setlanaDialogBase$initializer$ 00408a0c     moc_setlanadialogbase.obj
 0002:00000a18       _pcinit                    00408a18     MSVCRT:crtexew.obj
 0002:00000a1c       _pinit                     00408a1c     MSVCRT:atonexit.obj
 0002:00000a20       _pinit                     00408a20     MSVCRT:crtexew.obj
 0002:00002920       ?slot_0@?3??staticMetaObject@setlanaDialog@@SAPAVQMetaObject@@XZ@4UQUMethod@@B 0040a920     moc_setlanadialog.obj
 0002:0000293c       ?slot_1@?3??staticMetaObject@setlanaDialog@@SAPAVQMetaObject@@XZ@4UQUMethod@@B 0040a93c     moc_setlanadialog.obj
 0002:0000296c       ?slot_2@?3??staticMetaObject@setlanaDialog@@SAPAVQMetaObject@@XZ@4UQUMethod@@B 0040a96c     moc_setlanadialog.obj
 0002:0000298c       ?slot_3@?3??staticMetaObject@setlanaDialog@@SAPAVQMetaObject@@XZ@4UQUMethod@@B 0040a98c     moc_setlanadialog.obj
 0002:000029a0       ?slot_tbl@?3??staticMetaObject@setlanaDialog@@SAPAVQMetaObject@@XZ@4QBUQMetaData@@B 0040a9a0     moc_setlanadialog.obj
 0002:00002a38       ?slot_0@?3??staticMetaObject@setlanaDialogBase@@SAPAVQMetaObject@@XZ@4UQUMethod@@B 0040aa38     moc_setlanadialogbase.obj
 0002:00002a54       ?slot_tbl@?3??staticMetaObject@setlanaDialogBase@@SAPAVQMetaObject@@XZ@4QBUQMetaData@@B 0040aa54     moc_setlanadialogbase.obj
 0002:00004068       _GS_ExceptionPointers      0040c068     MSVCRT:gs_report.obj
 0002:000049e8       __unwindtable$_main        0040c9e8     main.obj
 0002:000049f8       __ehfuncinfo$_main         0040c9f8     main.obj
 0002:00004a1c       __ehfuncinfo$?parse@setlanaDialog@@AAEXVQStringList@@@Z 0040ca1c     setlanadialog.obj
 0002:00004a40       __unwindtable$?parse@setlanaDialog@@AAEXVQStringList@@@Z 0040ca40     setlanadialog.obj
 0002:00004b10       __ehfuncinfo$??0setlanaDialog@@QAE@PAVQWidget@@PBD_NI@Z 0040cb10     setlanadialog.obj
 0002:00004b34       __unwindtable$??0setlanaDialog@@QAE@PAVQWidget@@PBD_NI@Z 0040cb34     setlanadialog.obj
 0002:00004d4c       __ehfuncinfo$?accept@setlanaDialog@@UAEXXZ 0040cd4c     setlanadialog.obj
 0002:00004d70       __unwindtable$?accept@setlanaDialog@@UAEXXZ 0040cd70     setlanadialog.obj
 0002:00004de0       __unwindtable$?processExited@setlanaDialog@@QAEXXZ 0040cde0     setlanadialog.obj
 0002:00004df8       __ehfuncinfo$?processExited@setlanaDialog@@QAEXXZ 0040cdf8     setlanadialog.obj
 0002:00004e1c       __unwindtable$?readyReadStdout@setlanaDialog@@QAEXXZ 0040ce1c     setlanadialog.obj
 0002:00004e34       __ehfuncinfo$?readyReadStdout@setlanaDialog@@QAEXXZ 0040ce34     setlanadialog.obj
 0002:00004e58       __unwindtable$?doHelp@setlanaDialog@@QAEXXZ 0040ce58     setlanadialog.obj
 0002:00004e68       __ehfuncinfo$?doHelp@setlanaDialog@@QAEXXZ 0040ce68     setlanadialog.obj
 0002:00004e8c       __unwindtable$??1NetBinding@setlanaDialog@@QAE@XZ 0040ce8c     setlanadialog.obj
 0002:00004e94       __ehfuncinfo$??1NetBinding@setlanaDialog@@QAE@XZ 0040ce94     setlanadialog.obj
 0002:00004eb8       __unwindtable$?GetRootDevice@setlanaDialog@@AAEXPAUHKEY__@@VQString@@AAVQStringList@@@Z 0040ceb8     setlanadialog.obj
 0002:00004ed0       __ehfuncinfo$?GetRootDevice@setlanaDialog@@AAEXPAUHKEY__@@VQString@@AAVQStringList@@@Z 0040ced0     setlanadialog.obj
 0002:00004ef4       __ehfuncinfo$?GetNetBiosLinkageData@setlanaDialog@@AAEXAAV?$QValueList@UNetBinding@setlanaDialog@@@@@Z 0040cef4     setlanadialog.obj
 0002:00004f18       __unwindtable$?GetNetBiosLinkageData@setlanaDialog@@AAEXAAV?$QValueList@UNetBinding@setlanaDialog@@@@@Z 0040cf18     setlanadialog.obj
 0002:00005020       __ehfuncinfo$?GetAdapterDescriptionData@setlanaDialog@@AAEXAAV?$QMap@VQString@@V1@@@@Z 0040d020     setlanadialog.obj
 0002:00005044       __unwindtable$?GetAdapterDescriptionData@setlanaDialog@@AAEXAAV?$QMap@VQString@@V1@@@@Z 0040d044     setlanadialog.obj
 0002:000050ac       __ehfuncinfo$?ShowLastError@setlanaDialog@@AAEXABVQString@@@Z 0040d0ac     setlanadialog.obj
 0002:000050d0       __unwindtable$?ShowLastError@setlanaDialog@@AAEXABVQString@@@Z 0040d0d0     setlanadialog.obj
 0002:00005110       __ehfuncinfo$?GetKey@setlanaDialog@@AAEJPAUHKEY__@@ABVQString@@KAAPAEAAKAAV3@@Z 0040d110     setlanadialog.obj
 0002:00005134       __unwindtable$?GetKey@setlanaDialog@@AAEJPAUHKEY__@@ABVQString@@KAAPAEAAKAAV3@@Z 0040d134     setlanadialog.obj
 0002:000051ac       __unwindtable$?GetString@setlanaDialog@@AAEJPAUHKEY__@@QBDAAVQString@@2@Z 0040d1ac     setlanadialog.obj
 0002:000051bc       __ehfuncinfo$?GetString@setlanaDialog@@AAEJPAUHKEY__@@QBDAAVQString@@2@Z 0040d1bc     setlanadialog.obj
 0002:000051e0       __unwindtable$?GetMultiString@setlanaDialog@@AAEJPAUHKEY__@@QBDAAVQStringList@@AAVQString@@@Z 0040d1e0     setlanadialog.obj
 0002:000051f0       __ehfuncinfo$?GetMultiString@setlanaDialog@@AAEJPAUHKEY__@@QBDAAVQStringList@@AAVQString@@@Z 0040d1f0     setlanadialog.obj
 0002:00005214       __unwindtable$??_GsetlanaDialog@@UAEPAXI@Z 0040d214     setlanadialog.obj
 0002:00005214       __unwindtable$??1setlanaDialog@@UAE@XZ 0040d214     setlanadialog.obj
 0002:0000522c       __ehfuncinfo$??_GsetlanaDialog@@UAEPAXI@Z 0040d22c     setlanadialog.obj
 0002:0000522c       __ehfuncinfo$??1setlanaDialog@@UAE@XZ 0040d22c     setlanadialog.obj
 0002:00005250       __unwindtable$?append@?$QValueList@UNetBinding@setlanaDialog@@@@QAE?AV?$QValueListIterator@UNetBinding@setlanaDialog@@@@ABUNetBinding@setlanaDialog@@@Z 0040d250     setlanadialog.obj
 0002:00005260       __ehfuncinfo$?append@?$QValueList@UNetBinding@setlanaDialog@@@@QAE?AV?$QValueListIterator@UNetBinding@setlanaDialog@@@@ABUNetBinding@setlanaDialog@@@Z 0040d260     setlanadialog.obj
 0002:00005284       __unwindtable$??A?$QValueList@UNetBinding@setlanaDialog@@@@QAEAAUNetBinding@setlanaDialog@@I@Z 0040d284     setlanadialog.obj
 0002:0000528c       __ehfuncinfo$??A?$QValueList@UNetBinding@setlanaDialog@@@@QAEAAUNetBinding@setlanaDialog@@I@Z 0040d28c     setlanadialog.obj
 0002:000052b0       __unwindtable$??0?$QValueListPrivate@UNetBinding@setlanaDialog@@@@QAE@XZ 0040d2b0     setlanadialog.obj
 0002:000052c0       __ehfuncinfo$??0?$QValueListPrivate@UNetBinding@setlanaDialog@@@@QAE@XZ 0040d2c0     setlanadialog.obj
 0002:000052e4       __unwindtable$??0?$QValueListPrivate@UNetBinding@setlanaDialog@@@@QAE@ABV0@@Z 0040d2e4     setlanadialog.obj
 0002:000052f4       __ehfuncinfo$??0?$QValueListPrivate@UNetBinding@setlanaDialog@@@@QAE@ABV0@@Z 0040d2f4     setlanadialog.obj
 0002:00005318       __unwindtable$?insert@?$QValueListPrivate@UNetBinding@setlanaDialog@@@@QAE?AV?$QValueListIterator@UNetBinding@setlanaDialog@@@@V2@ABUNetBinding@setlanaDialog@@@Z 0040d318     setlanadialog.obj
 0002:00005328       __ehfuncinfo$?insert@?$QValueListPrivate@UNetBinding@setlanaDialog@@@@QAE?AV?$QValueListIterator@UNetBinding@setlanaDialog@@@@V2@ABUNetBinding@setlanaDialog@@@Z 0040d328     setlanadialog.obj
 0002:0000534c       __unwindtable$??_G?$QValueListNode@UNetBinding@setlanaDialog@@@@UAEPAXI@Z 0040d34c     setlanadialog.obj
 0002:00005354       __ehfuncinfo$??_G?$QValueListNode@UNetBinding@setlanaDialog@@@@UAEPAXI@Z 0040d354     setlanadialog.obj
 0002:00005378       __ehfuncinfo$??0setlanaDialogBase@@QAE@PAVQWidget@@PBD_NI@Z 0040d378     setlanadialogbase.obj
 0002:0000539c       __unwindtable$??0setlanaDialogBase@@QAE@PAVQWidget@@PBD_NI@Z 0040d39c     setlanadialogbase.obj
 0002:00005464       __ehfuncinfo$?languageChange@setlanaDialogBase@@MAEXXZ 0040d464     setlanadialogbase.obj
 0002:00005488       __unwindtable$?languageChange@setlanaDialogBase@@MAEXXZ 0040d488     setlanadialogbase.obj
 0002:00005570       __sehtable$__onexit        0040d570     MSVCRT:atonexit.obj
 0002:00005590       __sehtable$___tmainCRTStartup 0040d590     MSVCRT:crtexew.obj
 0002:000055b0       __sehtable$??_M@YGXPAXIHP6EX0@Z@Z 0040d5b0     MSVCRT:ehvecdtr.obj
 0002:000055d0       __sehtable$?__ArrayUnwind@@YGXPAXIHP6EX0@Z@Z 0040d5d0     MSVCRT:ehvecdtr.obj
 0002:000055f0       __sehtable$__IsNonwritableInCurrentImage 0040d5f0     MSVCRT:pesect.obj
 0002:0000c06e       .idata$6                   0041406e     qt-mt323:qt-mt323.dll
 0002:0000c114       .idata$6                   00414114     kernel32:KERNEL32.dll
 0002:0000c16a       .idata$6                   0041416a     advapi32:ADVAPI32.dll
 0002:0000c1dc       .idata$6                   004141dc     MSVCRT:MSVCR120.dll
 0003:00000000       _SL_large_Icon_32          00415000     setlanadialog.obj
 0003:00000290       ?param_slot_2@?3??staticMetaObject@setlanaDialog@@SAPAVQMetaObject@@XZ@4QBUQUParameter@@B 00415290     moc_setlanadialog.obj
 0003:000005c4       _cleanUp_setlanaDialog     004155c4     moc_setlanadialog.obj
 0003:000005c8       ?$S1@?3??staticMetaObject@setlanaDialog@@SAPAVQMetaObject@@XZ@4IA 004155c8     moc_setlanadialog.obj
 0003:000005d0       _cleanUp_setlanaDialogBase 004155d0     moc_setlanadialogbase.obj
 0003:000005d4       _has_cctor                 004155d4     MSVCRT:crtexew.obj
 0003:000005d8       _mainret                   004155d8     MSVCRT:crtexew.obj
 0003:000005dc       _managedapp                004155dc     MSVCRT:crtexew.obj
 0003:000005e0       _argc                      004155e0     MSVCRT:crtexew.obj
 0003:000005e4       _argv                      004155e4     MSVCRT:crtexew.obj
 0003:000005e8       _envp                      004155e8     MSVCRT:crtexew.obj
 0003:000005ec       _argret                    004155ec     MSVCRT:crtexew.obj
 0003:000005f0       _startinfo                 004155f0     MSVCRT:crtexew.obj
 0003:000005f8       _GS_ExceptionRecord        004155f8     MSVCRT:gs_report.obj
 0003:00000648       _GS_ContextRecord          00415648     MSVCRT:gs_report.obj
 0003:00000914       _DebuggerWasPresent        00415914     MSVCRT:gs_report.obj
 0004:00000190       $R000000                   00416190     Script1.res
 0004:00000560       $R0003D0                   00416560     Script1.res
 0004:00001608       $R001478                   00417608     Script1.res
 0004:00003bb0       $R003A20                   00419bb0     Script1.res
 0004:00004018       $R003E88                   0041a018     Script1.res
 0004:00004048       $R003EB8                   0041a048     Script1.res
