 setlanadb

 Timestamp is 5e9dbc26 (Mon Apr 20 16:13:42 2020)

 Preferred load address is 00400000

 Start         Length     Name                   Class
 0001:00000000 00010000H .textbss                DATA
 0002:00000000 000026e6H .text                   CODE
 0002:000026f0 000010f7H .text$di                CODE
 0002:000037f0 00012ac4H .text$mn                CODE
 0002:000162c0 00002d9eH .text$x                 CODE
 0002:00019060 000010baH .text$yd                CODE
 0003:00000000 00000104H .CRT$XCA                DATA
 0003:00000104 00000104H .CRT$XCAA               DATA
 0003:00000208 00000109H .CRT$XCU                DATA
 0003:00000314 00000104H .CRT$XCZ                DATA
 0003:00000418 00000104H .CRT$XIA                DATA
 0003:0000051c 00000104H .CRT$XIAA               DATA
 0003:00000620 00000104H .CRT$XIC                DATA
 0003:00000724 00000104H .CRT$XIY                DATA
 0003:00000828 00000104H .CRT$XIZ                DATA
 0003:00000930 00004b84H .rdata                  DATA
 0003:000054b4 0000016eH .rdata$debug            DATA
 0003:00005624 00000c46H .rdata$r                DATA
 0003:0000626c 00000104H .rtc$IAA                DATA
 0003:00006370 00000118H .rtc$IMZ                DATA
 0003:00006488 00000104H .rtc$IZZ                DATA
 0003:0000658c 00000104H .rtc$TAA                DATA
 0003:00006690 00000118H .rtc$TMZ                DATA
 0003:000067a8 00000104H .rtc$TZZ                DATA
 0003:000068b0 000011b6H .xdata$x                DATA
 0003:00007a66 00000000H .edata                  DATA
 0004:00000000 00000462H .data                   DATA
 0004:00000464 00000497H .data$r                 DATA
 0004:00000900 00000464H .bss                    DATA
 0005:00000000 00000d7cH .idata$5                DATA
 0005:00000d7c 00000050H .idata$2                DATA
 0005:00000dcc 00000014H .idata$3                DATA
 0005:00000de0 00000d7cH .idata$4                DATA
 0005:00001b5c 000075c3H .idata$6                DATA
 0006:00000000 000002e0H .rsrc$01                DATA
 0006:000002e0 00004e10H .rsrc$02                DATA

  Address         Publics by Value              Rva+Base       Lib:Object

 0000:00000000       ___guard_fids_table        00000000     <absolute>
 0000:00000000       ___guard_flags             00000000     <absolute>
 0000:00000000       ___safe_se_handler_count   00000000     <absolute>
 0000:00000000       ___safe_se_handler_table   00000000     <absolute>
 0000:00000000       ___guard_fids_count        00000000     <absolute>
 0000:00000000       ___ImageBase               00400000     <linker-defined>
 0001:00000000       __enc$textbss$begin        00401000     <linker-defined>
 0001:00010000       __enc$textbss$end          00411000     <linker-defined>
 0002:00002107       _WinMain@16                00413107 f   qtmain:qtmain_win.obj
 0002:000021b7       ?detach@?$QMemArray@PAD@@UAEXXZ 004131b7 f i qtmain:qtmain_win.obj
 0002:000021c1       ??_G?$QMemArray@H@@UAEPAXI@Z 004131c1 f i qtmain:qtmain_win.obj
 0002:000021ee       ??_G?$QMemArray@_N@@UAEPAXI@Z 004131ee f i qtmain:qtmain_win.obj
 0002:0000221b       ??_G?$QMemArray@D@@UAEPAXI@Z 0041321b f i qtmain:qtmain_win.obj
 0002:00002248       ??_G?$QMemArray@VQPoint@@@@UAEPAXI@Z 00413248 f i qtmain:qtmain_win.obj
 0002:00002275       ??_G?$QPtrList@D@@UAEPAXI@Z 00413275 f i qtmain:qtmain_win.obj
 0002:000022ac       ??_G?$QPtrList@VQObject@@@@UAEPAXI@Z 004132ac f i qtmain:qtmain_win.obj
 0002:000022e3       ??_G?$QPtrList@VQWidget@@@@UAEPAXI@Z 004132e3 f i qtmain:qtmain_win.obj
 0002:0000231a       ??_E?$QMemArray@PAD@@UAEPAXI@Z 0041331a f i qtmain:qtmain_win.obj
 0002:0000231a       ??_G?$QMemArray@PAD@@UAEPAXI@Z 0041331a f i qtmain:qtmain_win.obj
 0002:000037f0       _main                      004147f0 f   main.obj
 0002:00003980       ?parse@setlanaDialog@@AAEXVQStringList@@@Z 00414980 f   setlanadialog.obj
 0002:00004210       ?parse@setlanaDialog@@AAEXVQStringList@@AAVQTextStream@@@Z 00415210 f   setlanadialog.obj
 0002:00004630       ??0setlanaDialog@@QAE@PAVQWidget@@PBD_NI@Z 00415630 f   setlanadialog.obj
 0002:00005fd0       ??1setlanaDialog@@UAE@XZ   00416fd0 f   setlanadialog.obj
 0002:000060b0       ?accept@setlanaDialog@@UAEXXZ 004170b0 f   setlanadialog.obj
 0002:000067c0       ?processExited@setlanaDialog@@QAEXXZ 004177c0 f   setlanadialog.obj
 0002:000069a0       ?readyReadStdout@setlanaDialog@@QAEXXZ 004179a0 f   setlanadialog.obj
 0002:00006af0       ?lvSelectionChanged@setlanaDialog@@QAEXPAVQListViewItem@@@Z 00417af0 f   setlanadialog.obj
 0002:00006b70       ?doHelp@setlanaDialog@@QAEXXZ 00417b70 f   setlanadialog.obj
 0002:00006c90       ?GetRootDevice@setlanaDialog@@AAEXPAUHKEY__@@VQString@@AAVQStringList@@@Z 00417c90 f   setlanadialog.obj
 0002:00006eb0       ?GetNetBiosLinkageData@setlanaDialog@@AAEXAAV?$QValueList@UNetBinding@setlanaDialog@@@@@Z 00417eb0 f   setlanadialog.obj
 0002:00007bc0       ?GetAdapterDescriptionData@setlanaDialog@@AAEXAAV?$QMap@VQString@@V1@@@@Z 00418bc0 f   setlanadialog.obj
 0002:00008700       ?ShowLastError@setlanaDialog@@AAEXABVQString@@@Z 00419700 f   setlanadialog.obj
 0002:00008980       ?GetKey@setlanaDialog@@AAEJPAUHKEY__@@ABVQString@@KAAPAEAAKAAV3@@Z 00419980 f   setlanadialog.obj
 0002:00008f50       ?GetString@setlanaDialog@@AAEJPAUHKEY__@@QBDAAVQString@@2@Z 00419f50 f   setlanadialog.obj
 0002:00009100       ?GetMultiString@setlanaDialog@@AAEJPAUHKEY__@@QBDAAVQStringList@@AAVQString@@@Z 0041a100 f   setlanadialog.obj
 0002:000092d0       ?GetBinary@setlanaDialog@@AAEJPAUHKEY__@@QBDAAPAEAAKAAVQString@@@Z 0041a2d0 f   setlanadialog.obj
 0002:000093a0       ?TestData@@YAXKPAEAAVQRegExp@@VQString@@AAVQTextStream@@@Z 0041a3a0 f   setlanadialog.obj
 0002:00009860       ?TestScanKeys@@YAXPAUHKEY__@@AAVQRegExp@@AAHVQString@@AAVQTextStream@@@Z 0041a860 f   setlanadialog.obj
 0002:0000a1c0       ?ScanRegistry@@YAXAAVQRegExp@@AAVQString@@AAVQTextStream@@@Z 0041b1c0 f   setlanadialog.obj
 0002:0000bfc0       ??0?$QValueList@UNetBinding@setlanaDialog@@@@QAE@XZ 0041cfc0 f i setlanadialog.obj
 0002:0000c0b0       ??0?$QValueListIterator@UNetBinding@setlanaDialog@@@@QAE@ABV0@@Z 0041d0b0 f i setlanadialog.obj
 0002:0000c100       ??0?$QValueListIterator@UNetBinding@setlanaDialog@@@@QAE@PAV?$QValueListNode@UNetBinding@setlanaDialog@@@@@Z 0041d100 f i setlanadialog.obj
 0002:0000c150       ??0?$QValueListNode@UNetBinding@setlanaDialog@@@@QAE@ABUNetBinding@setlanaDialog@@@Z 0041d150 f i setlanadialog.obj
 0002:0000c1c0       ??0?$QValueListNode@UNetBinding@setlanaDialog@@@@QAE@XZ 0041d1c0 f i setlanadialog.obj
 0002:0000c230       ??0?$QValueListPrivate@UNetBinding@setlanaDialog@@@@QAE@ABV0@@Z 0041d230 f i setlanadialog.obj
 0002:0000c480       ??0?$QValueListPrivate@UNetBinding@setlanaDialog@@@@QAE@XZ 0041d480 f i setlanadialog.obj
 0002:0000c5d0       ??0NetBinding@setlanaDialog@@QAE@ABU01@@Z 0041d5d0 f i setlanadialog.obj
 0002:0000c6d0       ??0NetBinding@setlanaDialog@@QAE@XZ 0041d6d0 f i setlanadialog.obj
 0002:0000c7b0       ??1?$QValueList@UNetBinding@setlanaDialog@@@@QAE@XZ 0041d7b0 f i setlanadialog.obj
 0002:0000c810       ??1?$QValueListNode@UNetBinding@setlanaDialog@@@@UAE@XZ 0041d810 f i setlanadialog.obj
 0002:0000c870       ??1?$QValueListPrivate@UNetBinding@setlanaDialog@@@@UAE@XZ 0041d870 f i setlanadialog.obj
 0002:0000c9c0       ??1NetBinding@setlanaDialog@@QAE@XZ 0041d9c0 f i setlanadialog.obj
 0002:0000ca80       ??9?$QMapIterator@VQString@@V1@@@QBE_NABV0@@Z 0041da80 f i setlanadialog.obj
 0002:0000caf0       ??9?$QValueListIterator@UNetBinding@setlanaDialog@@@@QBE_NABV0@@Z 0041daf0 f i setlanadialog.obj
 0002:0000cb60       ??A?$QValueList@UNetBinding@setlanaDialog@@@@QAEAAUNetBinding@setlanaDialog@@I@Z 0041db60 f i setlanadialog.obj
 0002:0000cbd0       ??D?$QValueListIterator@UNetBinding@setlanaDialog@@@@QAEAAUNetBinding@setlanaDialog@@XZ 0041dbd0 f i setlanadialog.obj
 0002:0000cc10       ??E?$QMapIterator@VQString@@V1@@@QAEAAV0@XZ 0041dc10 f i setlanadialog.obj
 0002:0000cc70       ??E?$QValueListIterator@UNetBinding@setlanaDialog@@@@QAE?AV0@H@Z 0041dc70 f i setlanadialog.obj
 0002:0000cd20       ??E?$QValueListIterator@UNetBinding@setlanaDialog@@@@QAEAAV0@XZ 0041dd20 f i setlanadialog.obj
 0002:0000cd68       ??_EsetlanaDialog@@WCI@AEPAXI@Z 0041dd68 f i setlanadialog.obj
 0002:0000cd80       ??_E?$QValueListNode@UNetBinding@setlanaDialog@@@@UAEPAXI@Z 0041dd80 f i setlanadialog.obj
 0002:0000cd80       ??_G?$QValueListNode@UNetBinding@setlanaDialog@@@@UAEPAXI@Z 0041dd80 f i setlanadialog.obj
 0002:0000cdf0       ??_G?$QValueListPrivate@UNetBinding@setlanaDialog@@@@UAEPAXI@Z 0041ddf0 f i setlanadialog.obj
 0002:0000cdf0       ??_E?$QValueListPrivate@UNetBinding@setlanaDialog@@@@UAEPAXI@Z 0041ddf0 f i setlanadialog.obj
 0002:0000ce60       ??_GQListViewItem@@UAEPAXI@Z 0041de60 f i setlanadialog.obj
 0002:0000ce60       ??_EQListViewItem@@UAEPAXI@Z 0041de60 f i setlanadialog.obj
 0002:0000cee0       ??_EQProcess@@UAEPAXI@Z    0041dee0 f i setlanadialog.obj
 0002:0000cee0       ??_GQProcess@@UAEPAXI@Z    0041dee0 f i setlanadialog.obj
 0002:0000cf60       ??_EsetlanaDialog@@UAEPAXI@Z 0041df60 f i setlanadialog.obj
 0002:0000cf60       ??_GsetlanaDialog@@UAEPAXI@Z 0041df60 f i setlanadialog.obj
 0002:0000cfd0       ?append@?$QValueList@UNetBinding@setlanaDialog@@@@QAE?AV?$QValueListIterator@UNetBinding@setlanaDialog@@@@ABUNetBinding@setlanaDialog@@@Z 0041dfd0 f i setlanadialog.obj
 0002:0000d050       ?at@?$QValueListPrivate@UNetBinding@setlanaDialog@@@@QBEPAV?$QValueListNode@UNetBinding@setlanaDialog@@@@I@Z 0041e050 f i setlanadialog.obj
 0002:0000d120       ?begin@?$QValueList@UNetBinding@setlanaDialog@@@@QAE?AV?$QValueListIterator@UNetBinding@setlanaDialog@@@@XZ 0041e120 f i setlanadialog.obj
 0002:0000d190       ?count@?$QValueList@UNetBinding@setlanaDialog@@@@QBEIXZ 0041e190 f i setlanadialog.obj
 0002:0000d1d0       ?data@?$QMapIterator@VQString@@V1@@@QAEAAVQString@@XZ 0041e1d0 f i setlanadialog.obj
 0002:0000d210       ?derefAndDelete@?$QValueListPrivate@UNetBinding@setlanaDialog@@@@QAEXXZ 0041e210 f i setlanadialog.obj
 0002:0000d2e0       ?detach@?$QValueList@UNetBinding@setlanaDialog@@@@IAEXXZ 0041e2e0 f i setlanadialog.obj
 0002:0000d340       ?detachInternal@?$QValueList@UNetBinding@setlanaDialog@@@@AAEXXZ 0041e340 f i setlanadialog.obj
 0002:0000d450       ?end@?$QValueList@UNetBinding@setlanaDialog@@@@QAE?AV?$QValueListIterator@UNetBinding@setlanaDialog@@@@XZ 0041e450 f i setlanadialog.obj
 0002:0000d4c0       ?inc@?$QMapIterator@VQString@@V1@@@AAEHXZ 0041e4c0 f i setlanadialog.obj
 0002:0000d580       ?insert@?$QValueListPrivate@UNetBinding@setlanaDialog@@@@QAE?AV?$QValueListIterator@UNetBinding@setlanaDialog@@@@V2@ABUNetBinding@setlanaDialog@@@Z 0041e580 f i setlanadialog.obj
 0002:0000d6d0       ?key@?$QMapIterator@VQString@@V1@@@QBEABVQString@@XZ 0041e6d0 f i setlanadialog.obj
 0002:0000d710       ?metaObject@setlanaDialog@@UBEPAVQMetaObject@@XZ 0041e710 f i setlanadialog.obj
 0002:0000d760       ?className@setlanaDialog@@UBEPBDXZ 0041e760 f   moc_setlanadialog.obj
 0002:0000d790       ?qt_cast@setlanaDialog@@UAEPAXPBD@Z 0041e790 f   moc_setlanadialog.obj
 0002:0000d800       ?qt_invoke@setlanaDialog@@UAE_NHPAUQUObject@@@Z 0041e800 f   moc_setlanadialog.obj
 0002:0000d8e0       ?qt_emit@setlanaDialog@@UAE_NHPAUQUObject@@@Z 0041e8e0 f   moc_setlanadialog.obj
 0002:0000d930       ?qt_property@setlanaDialog@@UAE_NHHPAVQVariant@@@Z 0041e930 f   moc_setlanadialog.obj
 0002:0000d980       ?qt_static_property@setlanaDialog@@SA_NPAVQObject@@HHPAVQVariant@@@Z 0041e980 f   moc_setlanadialog.obj
 0002:0000d9b0       ?staticMetaObject@setlanaDialog@@SAPAVQMetaObject@@XZ 0041e9b0 f   moc_setlanadialog.obj
 0002:0000da90       ?tr@setlanaDialog@@SA?AVQString@@PBD0@Z 0041ea90 f   moc_setlanadialog.obj
 0002:0000db50       ?trUtf8@setlanaDialog@@SA?AVQString@@PBD0@Z 0041eb50 f   moc_setlanadialog.obj
 0002:0000dd30       ?className@setlanaDialogBase@@UBEPBDXZ 0041ed30 f   moc_setlanadialogbase.obj
 0002:0000dd60       ?qt_cast@setlanaDialogBase@@UAEPAXPBD@Z 0041ed60 f   moc_setlanadialogbase.obj
 0002:0000dde0       ?qt_invoke@setlanaDialogBase@@UAE_NHPAUQUObject@@@Z 0041ede0 f   moc_setlanadialogbase.obj
 0002:0000de80       ?qt_emit@setlanaDialogBase@@UAE_NHPAUQUObject@@@Z 0041ee80 f   moc_setlanadialogbase.obj
 0002:0000dee0       ?qt_property@setlanaDialogBase@@UAE_NHHPAVQVariant@@@Z 0041eee0 f   moc_setlanadialogbase.obj
 0002:0000df40       ?qt_static_property@setlanaDialogBase@@SA_NPAVQObject@@HHPAVQVariant@@@Z 0041ef40 f   moc_setlanadialogbase.obj
 0002:0000df70       ?staticMetaObject@setlanaDialogBase@@SAPAVQMetaObject@@XZ 0041ef70 f   moc_setlanadialogbase.obj
 0002:0000e020       ?tr@setlanaDialogBase@@SA?AVQString@@PBD0@Z 0041f020 f   moc_setlanadialogbase.obj
 0002:0000e0e0       ?trUtf8@setlanaDialogBase@@SA?AVQString@@PBD0@Z 0041f0e0 f   moc_setlanadialogbase.obj
 0002:0000e2b0       ??0setlanaDialogBase@@QAE@PAVQWidget@@PBD_NI@Z 0041f2b0 f   setlanadialogbase.obj
 0002:000100d0       ??1setlanaDialogBase@@UAE@XZ 004210d0 f   setlanadialogbase.obj
 0002:00010130       ?languageChange@setlanaDialogBase@@MAEXXZ 00421130 f   setlanadialogbase.obj
 0002:000119fb       ??_EQGroupBox@@WCI@AEPAXI@Z 004229fb f i setlanadialogbase.obj
 0002:00011a05       ??_EQHBoxLayout@@WCI@AEPAXI@Z 00422a05 f i setlanadialogbase.obj
 0002:00011a0f       ??_EQLabel@@WCI@AEPAXI@Z   00422a0f f i setlanadialogbase.obj
 0002:00011a19       ??_EQLineEdit@@WCI@AEPAXI@Z 00422a19 f i setlanadialogbase.obj
 0002:00011a23       ??_EQListView@@WCI@AEPAXI@Z 00422a23 f i setlanadialogbase.obj
 0002:00011a2d       ??_EQPushButton@@WCI@AEPAXI@Z 00422a2d f i setlanadialogbase.obj
 0002:00011a37       ??_EQVBoxLayout@@WCI@AEPAXI@Z 00422a37 f i setlanadialogbase.obj
 0002:00011a41       ??_EsetlanaDialogBase@@WCI@AEPAXI@Z 00422a41 f i setlanadialogbase.obj
 0002:00011a50       ??_GQGroupBox@@UAEPAXI@Z   00422a50 f i setlanadialogbase.obj
 0002:00011a50       ??_EQGroupBox@@UAEPAXI@Z   00422a50 f i setlanadialogbase.obj
 0002:00011ad0       ??_GQHBoxLayout@@UAEPAXI@Z 00422ad0 f i setlanadialogbase.obj
 0002:00011ad0       ??_EQHBoxLayout@@UAEPAXI@Z 00422ad0 f i setlanadialogbase.obj
 0002:00011b50       ??_GQLabel@@UAEPAXI@Z      00422b50 f i setlanadialogbase.obj
 0002:00011b50       ??_EQLabel@@UAEPAXI@Z      00422b50 f i setlanadialogbase.obj
 0002:00011bd0       ??_EQLineEdit@@UAEPAXI@Z   00422bd0 f i setlanadialogbase.obj
 0002:00011bd0       ??_GQLineEdit@@UAEPAXI@Z   00422bd0 f i setlanadialogbase.obj
 0002:00011c50       ??_EQListView@@UAEPAXI@Z   00422c50 f i setlanadialogbase.obj
 0002:00011c50       ??_GQListView@@UAEPAXI@Z   00422c50 f i setlanadialogbase.obj
 0002:00011cd0       ??_EQPushButton@@UAEPAXI@Z 00422cd0 f i setlanadialogbase.obj
 0002:00011cd0       ??_GQPushButton@@UAEPAXI@Z 00422cd0 f i setlanadialogbase.obj
 0002:00011d50       ??_GQSpacerItem@@UAEPAXI@Z 00422d50 f i setlanadialogbase.obj
 0002:00011d50       ??_EQSpacerItem@@UAEPAXI@Z 00422d50 f i setlanadialogbase.obj
 0002:00011dd0       ??_EQVBoxLayout@@UAEPAXI@Z 00422dd0 f i setlanadialogbase.obj
 0002:00011dd0       ??_GQVBoxLayout@@UAEPAXI@Z 00422dd0 f i setlanadialogbase.obj
 0002:00011e50       ??_EsetlanaDialogBase@@UAEPAXI@Z 00422e50 f i setlanadialogbase.obj
 0002:00011e50       ??_GsetlanaDialogBase@@UAEPAXI@Z 00422e50 f i setlanadialogbase.obj
 0002:00011ec0       ?metaObject@setlanaDialogBase@@UBEPAVQMetaObject@@XZ 00422ec0 f i setlanadialogbase.obj
 0002:00011f0c       ??0QApplication@@QAE@AAHPAPAD@Z 00422f0c f   qt-mt323:qt-mt323.dll
 0002:00011f12       ??1QApplication@@UAE@XZ    00422f12 f   qt-mt323:qt-mt323.dll
 0002:00011f18       ?setMainWidget@QApplication@@UAEXPAVQWidget@@@Z 00422f18 f   qt-mt323:qt-mt323.dll
 0002:00011f1e       ?exec@QDialog@@QAEHXZ      00422f1e f   qt-mt323:qt-mt323.dll
 0002:00011f24       ?qDebug@@YAXPBDZZ          00422f24 f   qt-mt323:qt-mt323.dll
 0002:00011f2a       ?qWarning@@YAXPBDZZ        00422f2a f   qt-mt323:qt-mt323.dll
 0002:00011f30       ??0QShared@@QAE@XZ         00422f30 f   qt-mt323:qt-mt323.dll
 0002:00011f36       ?deref@QShared@@QAE_NXZ    00422f36 f   qt-mt323:qt-mt323.dll
 0002:00011f3c       ??1?$QMemArray@D@@UAE@XZ   00422f3c f   qt-mt323:qt-mt323.dll
 0002:00011f42       ??0QString@@QAE@XZ         00422f42 f   qt-mt323:qt-mt323.dll
 0002:00011f48       ??0QString@@QAE@ABV0@@Z    00422f48 f   qt-mt323:qt-mt323.dll
 0002:00011f4e       ??0QString@@QAE@ABV?$QMemArray@D@@@Z 00422f4e f   qt-mt323:qt-mt323.dll
 0002:00011f54       ??0QString@@QAE@PBD@Z      00422f54 f   qt-mt323:qt-mt323.dll
 0002:00011f5a       ??1QString@@QAE@XZ         00422f5a f   qt-mt323:qt-mt323.dll
 0002:00011f60       ??4QString@@QAEAAV0@ABV0@@Z 00422f60 f   qt-mt323:qt-mt323.dll
 0002:00011f66       ??4QString@@QAEAAV0@PBD@Z  00422f66 f   qt-mt323:qt-mt323.dll
 0002:00011f6c       ?length@QString@@QBEIXZ    00422f6c f   qt-mt323:qt-mt323.dll
 0002:00011f72       ?arg@QString@@QBE?AV1@KHH@Z 00422f72 f   qt-mt323:qt-mt323.dll
 0002:00011f78       ?arg@QString@@QBE?AV1@HHH@Z 00422f78 f   qt-mt323:qt-mt323.dll
 0002:00011f7e       ?arg@QString@@QBE?AV1@IHH@Z 00422f7e f   qt-mt323:qt-mt323.dll
 0002:00011f84       ?arg@QString@@QBE?AV1@ABV1@H@Z 00422f84 f   qt-mt323:qt-mt323.dll
 0002:00011f8a       ?find@QString@@QBEHABV1@H_N@Z 00422f8a f   qt-mt323:qt-mt323.dll
 0002:00011f90       ?find@QString@@QBEHPBDH@Z  00422f90 f   qt-mt323:qt-mt323.dll
 0002:00011f96       ?remove@QString@@QAEAAV1@II@Z 00422f96 f   qt-mt323:qt-mt323.dll
 0002:00011f9c       ?toInt@QString@@QBEHPA_NH@Z 00422f9c f   qt-mt323:qt-mt323.dll
 0002:00011fa2       ?number@QString@@SA?AV1@HH@Z 00422fa2 f   qt-mt323:qt-mt323.dll
 0002:00011fa8       ?number@QString@@SA?AV1@IH@Z 00422fa8 f   qt-mt323:qt-mt323.dll
 0002:00011fae       ??YQString@@QAEAAV0@ABV0@@Z 00422fae f   qt-mt323:qt-mt323.dll
 0002:00011fb4       ??BQString@@QBEPBDXZ       00422fb4 f   qt-mt323:qt-mt323.dll
 0002:00011fba       ?startsWith@QString@@QBE_NABV1@@Z 00422fba f   qt-mt323:qt-mt323.dll
 0002:00011fc0       ??8@YA_NABVQString@@PBD@Z  00422fc0 f   qt-mt323:qt-mt323.dll
 0002:00011fc6       ??H@YA?BVQString@@ABV0@0@Z 00422fc6 f   qt-mt323:qt-mt323.dll
 0002:00011fcc       ??H@YA?BVQString@@ABV0@PBD@Z 00422fcc f   qt-mt323:qt-mt323.dll
 0002:00011fd2       ??H@YA?BVQString@@PBDABV0@@Z 00422fd2 f   qt-mt323:qt-mt323.dll
 0002:00011fd8       ??6QTextStream@@QAEAAV0@PBD@Z 00422fd8 f   qt-mt323:qt-mt323.dll
 0002:00011fde       ??6QTextStream@@QAEAAV0@ABVQString@@@Z 00422fde f   qt-mt323:qt-mt323.dll
 0002:00011fe4       ??6@YAAAVQTextStream@@AAV0@P6AAAV0@0@Z@Z 00422fe4 f   qt-mt323:qt-mt323.dll
 0002:00011fea       ?endl@@YAAAVQTextStream@@AAV1@@Z 00422fea f   qt-mt323:qt-mt323.dll
 0002:00011ff0       ??6?$QValueList@VQString@@@@QAEAAV0@ABVQString@@@Z 00422ff0 f   qt-mt323:qt-mt323.dll
 0002:00011ff6       ?append@?$QValueList@VQString@@@@QAE?AV?$QValueListIterator@VQString@@@@ABVQString@@@Z 00422ff6 f   qt-mt323:qt-mt323.dll
 0002:00011ffc       ??A?$QValueList@VQString@@@@QAEAAVQString@@I@Z 00422ffc f   qt-mt323:qt-mt323.dll
 0002:00012002       ?count@?$QValueList@VQString@@@@QBEIXZ 00423002 f   qt-mt323:qt-mt323.dll
 0002:00012008       ??0?$QMap@VQString@@V1@@@QAE@XZ 00423008 f   qt-mt323:qt-mt323.dll
 0002:0001200e       ??1?$QMap@VQString@@V1@@@QAE@XZ 0042300e f   qt-mt323:qt-mt323.dll
 0002:00012014       ?begin@?$QMap@VQString@@V1@@@QAE?AV?$QMapIterator@VQString@@V1@@@XZ 00423014 f   qt-mt323:qt-mt323.dll
 0002:0001201a       ?end@?$QMap@VQString@@V1@@@QAE?AV?$QMapIterator@VQString@@V1@@@XZ 0042301a f   qt-mt323:qt-mt323.dll
 0002:00012020       ?size@?$QMap@VQString@@V1@@@QBEIXZ 00423020 f   qt-mt323:qt-mt323.dll
 0002:00012026       ?find@?$QMap@VQString@@V1@@@QAE?AV?$QMapIterator@VQString@@V1@@@ABVQString@@@Z 00423026 f   qt-mt323:qt-mt323.dll
 0002:0001202c       ?insert@?$QMap@VQString@@V1@@@QAE?AV?$QMapIterator@VQString@@V1@@@ABVQString@@0_N@Z 0042302c f   qt-mt323:qt-mt323.dll
 0002:00012032       ?connect@QObject@@SA_NPBV1@PBD01@Z 00423032 f   qt-mt323:qt-mt323.dll
 0002:00012038       ??0QStringList@@QAE@XZ     00423038 f   qt-mt323:qt-mt323.dll
 0002:0001203e       ??0QStringList@@QAE@ABV0@@Z 0042303e f   qt-mt323:qt-mt323.dll
 0002:00012044       ?split@QStringList@@SA?AV1@ABVQString@@0_N@Z 00423044 f   qt-mt323:qt-mt323.dll
 0002:0001204a       ?join@QStringList@@QBE?AVQString@@ABV2@@Z 0042304a f   qt-mt323:qt-mt323.dll
 0002:00012050       ??1QStringList@@QAE@XZ     00423050 f   qt-mt323:qt-mt323.dll
 0002:00012056       ?setIcon@QWidget@@UAEXABVQPixmap@@@Z 00423056 f   qt-mt323:qt-mt323.dll
 0002:0001205c       ?accept@QDialog@@MAEXXZ    0042305c f   qt-mt323:qt-mt323.dll
 0002:00012062       ?information@QMessageBox@@SAHPAVQWidget@@ABVQString@@1111HH@Z 00423062 f   qt-mt323:qt-mt323.dll
 0002:00012068       ?critical@QMessageBox@@SAHPAVQWidget@@ABVQString@@1111HH@Z 00423068 f   qt-mt323:qt-mt323.dll
 0002:0001206e       ?argc@QApplication@@QBEHXZ 0042306e f   qt-mt323:qt-mt323.dll
 0002:00012074       ?argv@QApplication@@QBEPAPADXZ 00423074 f   qt-mt323:qt-mt323.dll
 0002:0001207a       ??0QListViewItem@@QAE@PAVQListView@@VQString@@1111111@Z 0042307a f   qt-mt323:qt-mt323.dll
 0002:00012080       ??1QListViewItem@@UAE@XZ   00423080 f   qt-mt323:qt-mt323.dll
 0002:00012086       ?currentItem@QListView@@QBEPAVQListViewItem@@XZ 00423086 f   qt-mt323:qt-mt323.dll
 0002:0001208c       ?findItem@QListView@@QBEPAVQListViewItem@@ABVQString@@HI@Z 0042308c f   qt-mt323:qt-mt323.dll
 0002:00012092       ??0QProcess@@QAE@ABVQStringList@@PAVQObject@@PBD@Z 00423092 f   qt-mt323:qt-mt323.dll
 0002:00012098       ??1QProcess@@UAE@XZ        00423098 f   qt-mt323:qt-mt323.dll
 0002:0001209e       ??0QPixmap@@QAE@QAPBD@Z    0042309e f   qt-mt323:qt-mt323.dll
 0002:000120a4       ??1QPixmap@@UAE@XZ         004230a4 f   qt-mt323:qt-mt323.dll
 0002:000120aa       ??0QRegExp@@QAE@ABVQString@@_N1@Z 004230aa f   qt-mt323:qt-mt323.dll
 0002:000120b0       ??1QRegExp@@QAE@XZ         004230b0 f   qt-mt323:qt-mt323.dll
 0002:000120b6       ??4QRegExp@@QAEAAV0@ABV0@@Z 004230b6 f   qt-mt323:qt-mt323.dll
 0002:000120bc       ?search@QRegExp@@QBEHABVQString@@H@Z 004230bc f   qt-mt323:qt-mt323.dll
 0002:000120c2       ?cap@QRegExp@@QAE?AVQString@@H@Z 004230c2 f   qt-mt323:qt-mt323.dll
 0002:000120c8       ?acceptDrop@QListViewItem@@UBE_NPBVQMimeSource@@@Z 004230c8 f   qt-mt323:qt-mt323.dll
 0002:000120ce       ?activate@QListViewItem@@MAEXXZ 004230ce f   qt-mt323:qt-mt323.dll
 0002:000120d4       ?addArgument@QProcess@@UAEXABVQString@@@Z 004230d4 f   qt-mt323:qt-mt323.dll
 0002:000120da       ?adjustSize@QWidget@@UAEXXZ 004230da f   qt-mt323:qt-mt323.dll
 0002:000120e0       ?cancelRename@QListViewItem@@MAEXH@Z 004230e0 f   qt-mt323:qt-mt323.dll
 0002:000120e6       ?checkConnectArgs@QObject@@MAE_NPBDPBV1@0@Z 004230e6 f   qt-mt323:qt-mt323.dll
 0002:000120ec       ?childEvent@QObject@@MAEXPAVQChildEvent@@@Z 004230ec f   qt-mt323:qt-mt323.dll
 0002:000120f2       ?className@QProcess@@UBEPBDXZ 004230f2 f   qt-mt323:qt-mt323.dll
 0002:000120f8       ?close@QWidget@@UAE_N_N@Z  004230f8 f   qt-mt323:qt-mt323.dll
 0002:000120fe       ?closeEvent@QDialog@@MAEXPAVQCloseEvent@@@Z 004230fe f   qt-mt323:qt-mt323.dll
 0002:00012104       ?closeStdin@QProcess@@UAEXXZ 00423104 f   qt-mt323:qt-mt323.dll
 0002:0001210a       ?cmd@QPaintDevice@@MAE_NHPAVQPainter@@PATQPDevCmdParam@@@Z 0042310a f   qt-mt323:qt-mt323.dll
 0002:00012110       ?compare@QListViewItem@@UBEHPAV1@H_N@Z 00423110 f   qt-mt323:qt-mt323.dll
 0002:00012116       ?connectNotify@QObject@@MAEXPBD@Z 00423116 f   qt-mt323:qt-mt323.dll
 0002:0001211c       ?connectNotify@QProcess@@MAEXPBD@Z 0042311c f   qt-mt323:qt-mt323.dll
 0002:00012122       ?contextMenuEvent@QDialog@@MAEXPAVQContextMenuEvent@@@Z 00423122 f   qt-mt323:qt-mt323.dll
 0002:00012128       ?create@QWidget@@MAEXPAUHWND__@@_N1@Z 00423128 f   qt-mt323:qt-mt323.dll
 0002:0001212e       ?customEvent@QObject@@MAEXPAVQCustomEvent@@@Z 0042312e f   qt-mt323:qt-mt323.dll
 0002:00012134       ?customWhatsThis@QWidget@@UBE_NXZ 00423134 f   qt-mt323:qt-mt323.dll
 0002:0001213a       ?destroy@QWidget@@MAEX_N0@Z 0042313a f   qt-mt323:qt-mt323.dll
 0002:00012140       ?disconnectNotify@QObject@@MAEXPBD@Z 00423140 f   qt-mt323:qt-mt323.dll
 0002:00012146       ?disconnectNotify@QProcess@@MAEXPBD@Z 00423146 f   qt-mt323:qt-mt323.dll
 0002:0001214c       ?done@QDialog@@MAEXH@Z     0042314c f   qt-mt323:qt-mt323.dll
 0002:00012152       ?dragEnterEvent@QWidget@@MAEXPAVQDragEnterEvent@@@Z 00423152 f   qt-mt323:qt-mt323.dll
 0002:00012158       ?dragEntered@QListViewItem@@MAEXXZ 00423158 f   qt-mt323:qt-mt323.dll
 0002:0001215e       ?dragLeaveEvent@QWidget@@MAEXPAVQDragLeaveEvent@@@Z 0042315e f   qt-mt323:qt-mt323.dll
 0002:00012164       ?dragLeft@QListViewItem@@MAEXXZ 00423164 f   qt-mt323:qt-mt323.dll
 0002:0001216a       ?dragMoveEvent@QWidget@@MAEXPAVQDragMoveEvent@@@Z 0042316a f   qt-mt323:qt-mt323.dll
 0002:00012170       ?dropEvent@QWidget@@MAEXPAVQDropEvent@@@Z 00423170 f   qt-mt323:qt-mt323.dll
 0002:00012176       ?dropped@QListViewItem@@MAEXPAVQDropEvent@@@Z 00423176 f   qt-mt323:qt-mt323.dll
 0002:0001217c       ?enabledChange@QWidget@@MAEX_N@Z 0042317c f   qt-mt323:qt-mt323.dll
 0002:00012182       ?enforceSortOrder@QListViewItem@@MBEXXZ 00423182 f   qt-mt323:qt-mt323.dll
 0002:00012188       ?enterEvent@QWidget@@MAEXPAVQEvent@@@Z 00423188 f   qt-mt323:qt-mt323.dll
 0002:0001218e       ?event@QObject@@UAE_NPAVQEvent@@@Z 0042318e f   qt-mt323:qt-mt323.dll
 0002:00012194       ?event@QWidget@@MAE_NPAVQEvent@@@Z 00423194 f   qt-mt323:qt-mt323.dll
 0002:0001219a       ?eventFilter@QDialog@@MAE_NPAVQObject@@PAVQEvent@@@Z 0042319a f   qt-mt323:qt-mt323.dll
 0002:000121a0       ?eventFilter@QObject@@UAE_NPAV1@PAVQEvent@@@Z 004231a0 f   qt-mt323:qt-mt323.dll
 0002:000121a6       ?focusInEvent@QWidget@@MAEXPAVQFocusEvent@@@Z 004231a6 f   qt-mt323:qt-mt323.dll
 0002:000121ac       ?focusNextPrevChild@QWidget@@MAE_N_N@Z 004231ac f   qt-mt323:qt-mt323.dll
 0002:000121b2       ?focusOutEvent@QWidget@@MAEXPAVQFocusEvent@@@Z 004231b2 f   qt-mt323:qt-mt323.dll
 0002:000121b8       ?fontChange@QWidget@@MAEXABVQFont@@@Z 004231b8 f   qt-mt323:qt-mt323.dll
 0002:000121be       ?fontInf@QPaintDevice@@MBEHPAVQFont@@H@Z 004231be f   qt-mt323:qt-mt323.dll
 0002:000121c4       ?fontMet@QPaintDevice@@MBEHPAVQFont@@HPBDH@Z 004231c4 f   qt-mt323:qt-mt323.dll
 0002:000121ca       ?handle@QPaintDevice@@UBEPAUHDC__@@XZ 004231ca f   qt-mt323:qt-mt323.dll
 0002:000121d0       ?heightForWidth@QWidget@@UBEHH@Z 004231d0 f   qt-mt323:qt-mt323.dll
 0002:000121d6       ?hide@QDialog@@UAEXXZ      004231d6 f   qt-mt323:qt-mt323.dll
 0002:000121dc       ?hideEvent@QWidget@@MAEXPAVQHideEvent@@@Z 004231dc f   qt-mt323:qt-mt323.dll
 0002:000121e2       ?imComposeEvent@QWidget@@MAEXPAVQIMEvent@@@Z 004231e2 f   qt-mt323:qt-mt323.dll
 0002:000121e8       ?imEndEvent@QWidget@@MAEXPAVQIMEvent@@@Z 004231e8 f   qt-mt323:qt-mt323.dll
 0002:000121ee       ?imStartEvent@QWidget@@MAEXPAVQIMEvent@@@Z 004231ee f   qt-mt323:qt-mt323.dll
 0002:000121f4       ?insertChild@QObject@@UAEXPAV1@@Z 004231f4 f   qt-mt323:qt-mt323.dll
 0002:000121fa       ?insertItem@QListViewItem@@UAEXPAV1@@Z 004231fa f   qt-mt323:qt-mt323.dll
 0002:00012200       ?invalidateHeight@QListViewItem@@UAEXXZ 00423200 f   qt-mt323:qt-mt323.dll
 0002:00012206       ?key@QListViewItem@@UBE?AVQString@@H_N@Z 00423206 f   qt-mt323:qt-mt323.dll
 0002:0001220c       ?keyPressEvent@QDialog@@MAEXPAVQKeyEvent@@@Z 0042320c f   qt-mt323:qt-mt323.dll
 0002:00012212       ?keyReleaseEvent@QWidget@@MAEXPAVQKeyEvent@@@Z 00423212 f   qt-mt323:qt-mt323.dll
 0002:00012218       ?launch@QProcess@@UAE_NABV?$QMemArray@D@@PAVQStringList@@@Z 00423218 f   qt-mt323:qt-mt323.dll
 0002:0001221e       ?launch@QProcess@@UAE_NABVQString@@PAVQStringList@@@Z 0042321e f   qt-mt323:qt-mt323.dll
 0002:00012224       ?leaveEvent@QWidget@@MAEXPAVQEvent@@@Z 00423224 f   qt-mt323:qt-mt323.dll
 0002:0001222a       ?metaObject@QProcess@@UBEPAVQMetaObject@@XZ 0042322a f   qt-mt323:qt-mt323.dll
 0002:00012230       ?metric@QWidget@@MBEHH@Z   00423230 f   qt-mt323:qt-mt323.dll
 0002:00012236       ?minimumSizeHint@QDialog@@UBE?AVQSize@@XZ 00423236 f   qt-mt323:qt-mt323.dll
 0002:0001223c       ?mouseDoubleClickEvent@QWidget@@MAEXPAVQMouseEvent@@@Z 0042323c f   qt-mt323:qt-mt323.dll
 0002:00012242       ?mouseMoveEvent@QWidget@@MAEXPAVQMouseEvent@@@Z 00423242 f   qt-mt323:qt-mt323.dll
 0002:00012248       ?mousePressEvent@QWidget@@MAEXPAVQMouseEvent@@@Z 00423248 f   qt-mt323:qt-mt323.dll
 0002:0001224e       ?mouseReleaseEvent@QWidget@@MAEXPAVQMouseEvent@@@Z 0042324e f   qt-mt323:qt-mt323.dll
 0002:00012254       ?move@QDialog@@UAEXHH@Z    00423254 f   qt-mt323:qt-mt323.dll
 0002:0001225a       ?moveEvent@QWidget@@MAEXPAVQMoveEvent@@@Z 0042325a f   qt-mt323:qt-mt323.dll
 0002:00012260       ?okRename@QListViewItem@@MAEXH@Z 00423260 f   qt-mt323:qt-mt323.dll
 0002:00012266       ?paintBranches@QListViewItem@@UAEXPAVQPainter@@ABVQColorGroup@@HHH@Z 00423266 f   qt-mt323:qt-mt323.dll
 0002:0001226c       ?paintCell@QListViewItem@@UAEXPAVQPainter@@ABVQColorGroup@@HHH@Z 0042326c f   qt-mt323:qt-mt323.dll
 0002:00012272       ?paintEvent@QWidget@@MAEXPAVQPaintEvent@@@Z 00423272 f   qt-mt323:qt-mt323.dll
 0002:00012278       ?paintFocus@QListViewItem@@UAEXPAVQPainter@@ABVQColorGroup@@ABVQRect@@@Z 00423278 f   qt-mt323:qt-mt323.dll
 0002:0001227e       ?paletteChange@QWidget@@MAEXABVQPalette@@@Z 0042327e f   qt-mt323:qt-mt323.dll
 0002:00012284       ?pixmap@QListViewItem@@UBEPBVQPixmap@@H@Z 00423284 f   qt-mt323:qt-mt323.dll
 0002:0001228a       ?polish@QWidget@@UAEXXZ    0042328a f   qt-mt323:qt-mt323.dll
 0002:00012290       ?property@QObject@@UBE?AVQVariant@@PBD@Z 00423290 f   qt-mt323:qt-mt323.dll
 0002:00012296       ?qt_cast@QProcess@@UAEPAXPBD@Z 00423296 f   qt-mt323:qt-mt323.dll
 0002:0001229c       ?qt_emit@QProcess@@UAE_NHPAUQUObject@@@Z 0042329c f   qt-mt323:qt-mt323.dll
 0002:000122a2       ?qt_invoke@QProcess@@UAE_NHPAUQUObject@@@Z 004232a2 f   qt-mt323:qt-mt323.dll
 0002:000122a8       ?qt_property@QProcess@@UAE_NHHPAVQVariant@@@Z 004232a8 f   qt-mt323:qt-mt323.dll
 0002:000122ae       ?readLineStderr@QProcess@@UAE?AVQString@@XZ 004232ae f   qt-mt323:qt-mt323.dll
 0002:000122b4       ?readLineStdout@QProcess@@UAE?AVQString@@XZ 004232b4 f   qt-mt323:qt-mt323.dll
 0002:000122ba       ?readStderr@QProcess@@UAE?AV?$QMemArray@D@@XZ 004232ba f   qt-mt323:qt-mt323.dll
 0002:000122c0       ?readStdout@QProcess@@UAE?AV?$QMemArray@D@@XZ 004232c0 f   qt-mt323:qt-mt323.dll
 0002:000122c6       ?reject@QDialog@@MAEXXZ    004232c6 f   qt-mt323:qt-mt323.dll
 0002:000122cc       ?removeChild@QObject@@UAEXPAV1@@Z 004232cc f   qt-mt323:qt-mt323.dll
 0002:000122d2       ?removeItem@QListViewItem@@UAEXPAV1@@Z 004232d2 f   qt-mt323:qt-mt323.dll
 0002:000122d8       ?reparent@QWidget@@UAEXPAV1@IABVQPoint@@_N@Z 004232d8 f   qt-mt323:qt-mt323.dll
 0002:000122de       ?resize@QDialog@@UAEXHH@Z  004232de f   qt-mt323:qt-mt323.dll
 0002:000122e4       ?resizeEvent@QDialog@@MAEXPAVQResizeEvent@@@Z 004232e4 f   qt-mt323:qt-mt323.dll
 0002:000122ea       ?resolution@QPaintDevice@@UBEHXZ 004232ea f   qt-mt323:qt-mt323.dll
 0002:000122f0       ?rtti@QListViewItem@@UBEHXZ 004232f0 f   qt-mt323:qt-mt323.dll
 0002:000122f6       ?setAcceptDrops@QWidget@@UAEX_N@Z 004232f6 f   qt-mt323:qt-mt323.dll
 0002:000122fc       ?setActiveWindow@QWidget@@UAEXXZ 004232fc f   qt-mt323:qt-mt323.dll
 0002:00012302       ?setArguments@QProcess@@UAEXABVQStringList@@@Z 00423302 f   qt-mt323:qt-mt323.dll
 0002:00012308       ?setAutoMask@QWidget@@UAEX_N@Z 00423308 f   qt-mt323:qt-mt323.dll
 0002:0001230e       ?setBackgroundColor@QWidget@@UAEXABVQColor@@@Z 0042330e f   qt-mt323:qt-mt323.dll
 0002:00012314       ?setBackgroundMode@QWidget@@UAEXW4BackgroundMode@Qt@@@Z 00423314 f   qt-mt323:qt-mt323.dll
 0002:0001231a       ?setBackgroundOrigin@QWidget@@UAEXW4BackgroundOrigin@1@@Z 0042331a f   qt-mt323:qt-mt323.dll
 0002:00012320       ?setBackgroundPixmap@QWidget@@UAEXABVQPixmap@@@Z 00423320 f   qt-mt323:qt-mt323.dll
 0002:00012326       ?setCaption@QWidget@@UAEXABVQString@@@Z 00423326 f   qt-mt323:qt-mt323.dll
 0002:0001232c       ?setCursor@QWidget@@UAEXABVQCursor@@@Z 0042332c f   qt-mt323:qt-mt323.dll
 0002:00012332       ?setDragEnabled@QListViewItem@@UAEX_N@Z 00423332 f   qt-mt323:qt-mt323.dll
 0002:00012338       ?setDropEnabled@QListViewItem@@UAEX_N@Z 00423338 f   qt-mt323:qt-mt323.dll
 0002:0001233e       ?setEnabled@QListViewItem@@UAEX_N@Z 0042333e f   qt-mt323:qt-mt323.dll
 0002:00012344       ?setEnabled@QWidget@@UAEX_N@Z 00423344 f   qt-mt323:qt-mt323.dll
 0002:0001234a       ?setEraseColor@QWidget@@UAEXABVQColor@@@Z 0042334a f   qt-mt323:qt-mt323.dll
 0002:00012350       ?setErasePixmap@QWidget@@UAEXABVQPixmap@@@Z 00423350 f   qt-mt323:qt-mt323.dll
 0002:00012356       ?setExpandable@QListViewItem@@UAEX_N@Z 00423356 f   qt-mt323:qt-mt323.dll
 0002:0001235c       ?setFocus@QWidget@@UAEXXZ  0042335c f   qt-mt323:qt-mt323.dll
 0002:00012362       ?setFocusPolicy@QWidget@@UAEXW4FocusPolicy@1@@Z 00423362 f   qt-mt323:qt-mt323.dll
 0002:00012368       ?setFocusProxy@QWidget@@UAEXPAV1@@Z 00423368 f   qt-mt323:qt-mt323.dll
 0002:0001236e       ?setFont@QWidget@@UAEXABVQFont@@@Z 0042336e f   qt-mt323:qt-mt323.dll
 0002:00012374       ?setGeometry@QDialog@@UAEXABVQRect@@@Z 00423374 f   qt-mt323:qt-mt323.dll
 0002:0001237a       ?setGeometry@QDialog@@UAEXHHHH@Z 0042337a f   qt-mt323:qt-mt323.dll
 0002:00012380       ?setHeight@QListViewItem@@MAEXH@Z 00423380 f   qt-mt323:qt-mt323.dll
 0002:00012386       ?setIconText@QWidget@@UAEXABVQString@@@Z 00423386 f   qt-mt323:qt-mt323.dll
 0002:0001238c       ?setKeyCompression@QWidget@@MAEX_N@Z 0042338c f   qt-mt323:qt-mt323.dll
 0002:00012392       ?setMask@QWidget@@UAEXABVQBitmap@@@Z 00423392 f   qt-mt323:qt-mt323.dll
 0002:00012398       ?setMask@QWidget@@UAEXABVQRegion@@@Z 00423398 f   qt-mt323:qt-mt323.dll
 0002:0001239e       ?setMaximumSize@QWidget@@UAEXHH@Z 0042339e f   qt-mt323:qt-mt323.dll
 0002:000123a4       ?setMicroFocusHint@QWidget@@MAEXHHHH_NPAVQFont@@@Z 004233a4 f   qt-mt323:qt-mt323.dll
 0002:000123aa       ?setMinimumSize@QWidget@@UAEXHH@Z 004233aa f   qt-mt323:qt-mt323.dll
 0002:000123b0       ?setMouseTracking@QWidget@@UAEX_N@Z 004233b0 f   qt-mt323:qt-mt323.dll
 0002:000123b6       ?setMultiLinesEnabled@QListViewItem@@UAEX_N@Z 004233b6 f   qt-mt323:qt-mt323.dll
 0002:000123bc       ?setName@QObject@@UAEXPBD@Z 004233bc f   qt-mt323:qt-mt323.dll
 0002:000123c2       ?setName@QWidget@@UAEXPBD@Z 004233c2 f   qt-mt323:qt-mt323.dll
 0002:000123c8       ?setOpen@QListViewItem@@UAEX_N@Z 004233c8 f   qt-mt323:qt-mt323.dll
 0002:000123ce       ?setPalette@QWidget@@UAEXABVQPalette@@@Z 004233ce f   qt-mt323:qt-mt323.dll
 0002:000123d4       ?setPaletteBackgroundColor@QWidget@@UAEXABVQColor@@@Z 004233d4 f   qt-mt323:qt-mt323.dll
 0002:000123da       ?setPaletteBackgroundPixmap@QWidget@@UAEXABVQPixmap@@@Z 004233da f   qt-mt323:qt-mt323.dll
 0002:000123e0       ?setPixmap@QListViewItem@@UAEXHABVQPixmap@@@Z 004233e0 f   qt-mt323:qt-mt323.dll
 0002:000123e6       ?setProperty@QObject@@UAE_NPBDABVQVariant@@@Z 004233e6 f   qt-mt323:qt-mt323.dll
 0002:000123ec       ?setRenameEnabled@QListViewItem@@UAEXH_N@Z 004233ec f   qt-mt323:qt-mt323.dll
 0002:000123f2       ?setResolution@QPaintDevice@@UAEXH@Z 004233f2 f   qt-mt323:qt-mt323.dll
 0002:000123f8       ?setSelectable@QListViewItem@@UAEX_N@Z 004233f8 f   qt-mt323:qt-mt323.dll
 0002:000123fe       ?setSelected@QListViewItem@@UAEX_N@Z 004233fe f   qt-mt323:qt-mt323.dll
 0002:00012404       ?setSizeIncrement@QWidget@@UAEXHH@Z 00423404 f   qt-mt323:qt-mt323.dll
 0002:0001240a       ?setSizePolicy@QWidget@@UAEXVQSizePolicy@@@Z 0042340a f   qt-mt323:qt-mt323.dll
 0002:00012410       ?setText@QListViewItem@@UAEXHABVQString@@@Z 00423410 f   qt-mt323:qt-mt323.dll
 0002:00012416       ?setUpdatesEnabled@QWidget@@UAEX_N@Z 00423416 f   qt-mt323:qt-mt323.dll
 0002:0001241c       ?setWFlags@QWidget@@MAEXI@Z 0042341c f   qt-mt323:qt-mt323.dll
 0002:00012422       ?setWState@QWidget@@MAEXI@Z 00423422 f   qt-mt323:qt-mt323.dll
 0002:00012428       ?setWorkingDirectory@QProcess@@UAEXABVQDir@@@Z 00423428 f   qt-mt323:qt-mt323.dll
 0002:0001242e       ?setup@QListViewItem@@UAEXXZ 0042342e f   qt-mt323:qt-mt323.dll
 0002:00012434       ?show@QDialog@@UAEXXZ      00423434 f   qt-mt323:qt-mt323.dll
 0002:0001243a       ?showEvent@QWidget@@MAEXPAVQShowEvent@@@Z 0042343a f   qt-mt323:qt-mt323.dll
 0002:00012440       ?showMaximized@QWidget@@UAEXXZ 00423440 f   qt-mt323:qt-mt323.dll
 0002:00012446       ?showMinimized@QWidget@@UAEXXZ 00423446 f   qt-mt323:qt-mt323.dll
 0002:0001244c       ?showNormal@QWidget@@UAEXXZ 0042344c f   qt-mt323:qt-mt323.dll
 0002:00012452       ?sizeHint@QDialog@@UBE?AVQSize@@XZ 00423452 f   qt-mt323:qt-mt323.dll
 0002:00012458       ?sizePolicy@QWidget@@UBE?AVQSizePolicy@@XZ 00423458 f   qt-mt323:qt-mt323.dll
 0002:0001245e       ?sort@QListViewItem@@UAEXXZ 0042345e f   qt-mt323:qt-mt323.dll
 0002:00012464       ?sortChildItems@QListViewItem@@UAEXH_N@Z 00423464 f   qt-mt323:qt-mt323.dll
 0002:0001246a       ?start@QProcess@@UAE_NPAVQStringList@@@Z 0042346a f   qt-mt323:qt-mt323.dll
 0002:00012470       ?startRename@QListViewItem@@UAEXH@Z 00423470 f   qt-mt323:qt-mt323.dll
 0002:00012476       ?styleChange@QWidget@@MAEXAAVQStyle@@@Z 00423476 f   qt-mt323:qt-mt323.dll
 0002:0001247c       ?tabletEvent@QWidget@@MAEXPAVQTabletEvent@@@Z 0042347c f   qt-mt323:qt-mt323.dll
 0002:00012482       ?takeItem@QListViewItem@@UAEXPAV1@@Z 00423482 f   qt-mt323:qt-mt323.dll
 0002:00012488       ?text@QListViewItem@@UBE?AVQString@@H@Z 00423488 f   qt-mt323:qt-mt323.dll
 0002:0001248e       ?timerEvent@QObject@@MAEXPAVQTimerEvent@@@Z 0042348e f   qt-mt323:qt-mt323.dll
 0002:00012494       ?unsetCursor@QWidget@@UAEXXZ 00423494 f   qt-mt323:qt-mt323.dll
 0002:0001249a       ?updateMask@QWidget@@MAEXXZ 0042349a f   qt-mt323:qt-mt323.dll
 0002:000124a0       ?wheelEvent@QWidget@@MAEXPAVQWheelEvent@@@Z 004234a0 f   qt-mt323:qt-mt323.dll
 0002:000124a6       ?width@QListViewItem@@UBEHABVQFontMetrics@@PBVQListView@@H@Z 004234a6 f   qt-mt323:qt-mt323.dll
 0002:000124ac       ?winEvent@QWidget@@MAE_NPAUtagMSG@@@Z 004234ac f   qt-mt323:qt-mt323.dll
 0002:000124b2       ?windowActivationChange@QWidget@@MAEX_N@Z 004234b2 f   qt-mt323:qt-mt323.dll
 0002:000124b8       ?writeToStdin@QProcess@@UAEXABV?$QMemArray@D@@@Z 004234b8 f   qt-mt323:qt-mt323.dll
 0002:000124be       ?writeToStdin@QProcess@@UAEXABVQString@@@Z 004234be f   qt-mt323:qt-mt323.dll
 0002:000124c4       ?qstrcmp@@YAHPBD0@Z        004234c4 f   qt-mt323:qt-mt323.dll
 0002:000124ca       ?fromLatin1@QString@@SA?AV1@PBDH@Z 004234ca f   qt-mt323:qt-mt323.dll
 0002:000124d0       ?fromUtf8@QString@@SA?AV1@PBDH@Z 004234d0 f   qt-mt323:qt-mt323.dll
 0002:000124d6       ?slotOffset@QMetaObject@@QBEHXZ 004234d6 f   qt-mt323:qt-mt323.dll
 0002:000124dc       ?new_metaobject@QMetaObject@@SAPAV1@PBDPAV1@QBUQMetaData@@H2HQBVQMetaProperty@@HQBUQMetaEnum@@HQBUQClassInfo@@H@Z 004234dc f   qt-mt323:qt-mt323.dll
 0002:000124e2       ??0QMetaObjectCleanUp@@QAE@PBDP6APAVQMetaObject@@XZ@Z 004234e2 f   qt-mt323:qt-mt323.dll
 0002:000124e8       ??1QMetaObjectCleanUp@@QAE@XZ 004234e8 f   qt-mt323:qt-mt323.dll
 0002:000124ee       ?setMetaObject@QMetaObjectCleanUp@@QAEXAAPAVQMetaObject@@@Z 004234ee f   qt-mt323:qt-mt323.dll
 0002:000124f4       ?translate@QApplication@@QBE?AVQString@@PBD00W4Encoding@1@@Z 004234f4 f   qt-mt323:qt-mt323.dll
 0002:000124fa       ?get@QUType_ptr@@QAEAAPAXPAUQUObject@@@Z 004234fa f   qt-mt323:qt-mt323.dll
 0002:00012500       ?qt_cast@QDialog@@UAEPAXPBD@Z 00423500 f   qt-mt323:qt-mt323.dll
 0002:00012506       ?qt_invoke@QDialog@@UAE_NHPAUQUObject@@@Z 00423506 f   qt-mt323:qt-mt323.dll
 0002:0001250c       ?qt_emit@QDialog@@UAE_NHPAUQUObject@@@Z 0042350c f   qt-mt323:qt-mt323.dll
 0002:00012512       ?qt_property@QDialog@@UAE_NHHPAVQVariant@@@Z 00423512 f   qt-mt323:qt-mt323.dll
 0002:00012518       ?staticMetaObject@QDialog@@SAPAVQMetaObject@@XZ 00423518 f   qt-mt323:qt-mt323.dll
 0002:0001251e       ??0QSize@@QAE@HH@Z         0042351e f   qt-mt323:qt-mt323.dll
 0002:00012524       ?expandedTo@QSize@@QBE?AV1@ABV1@@Z 00423524 f   qt-mt323:qt-mt323.dll
 0002:0001252a       ??0QSizePolicy@@QAE@W4SizeType@0@0EE_N@Z 0042352a f   qt-mt323:qt-mt323.dll
 0002:00012530       ?hasHeightForWidth@QSizePolicy@@QBE_NXZ 00423530 f   qt-mt323:qt-mt323.dll
 0002:00012536       ?setMinimumSize@QWidget@@QAEXABVQSize@@@Z 00423536 f   qt-mt323:qt-mt323.dll
 0002:0001253c       ?setMaximumSize@QWidget@@QAEXABVQSize@@@Z 0042353c f   qt-mt323:qt-mt323.dll
 0002:00012542       ?setTabOrder@QWidget@@SAXPAV1@0@Z 00423542 f   qt-mt323:qt-mt323.dll
 0002:00012548       ?layout@QWidget@@QBEPAVQLayout@@XZ 00423548 f   qt-mt323:qt-mt323.dll
 0002:0001254e       ?clearWState@QWidget@@IAEXI@Z 0042354e f   qt-mt323:qt-mt323.dll
 0002:00012554       ??0QDialog@@QAE@PAVQWidget@@PBD_NI@Z 00423554 f   qt-mt323:qt-mt323.dll
 0002:0001255a       ??1QDialog@@UAE@XZ         0042355a f   qt-mt323:qt-mt323.dll
 0002:00012560       ?resize@QDialog@@QAEXABVQSize@@@Z 00423560 f   qt-mt323:qt-mt323.dll
 0002:00012566       ?setSizeGripEnabled@QDialog@@QAEX_N@Z 00423566 f   qt-mt323:qt-mt323.dll
 0002:0001256c       ??0QKeySequence@@QAE@ABVQString@@@Z 0042356c f   qt-mt323:qt-mt323.dll
 0002:00012572       ??1QKeySequence@@QAE@XZ    00423572 f   qt-mt323:qt-mt323.dll
 0002:00012578       ??0QPushButton@@QAE@PAVQWidget@@PBD@Z 00423578 f   qt-mt323:qt-mt323.dll
 0002:0001257e       ??1QPushButton@@UAE@XZ     0042357e f   qt-mt323:qt-mt323.dll
 0002:00012584       ?setFrameShape@QFrame@@QAEXW4Shape@1@@Z 00423584 f   qt-mt323:qt-mt323.dll
 0002:0001258a       ?setFrameShadow@QFrame@@QAEXW4Shadow@1@@Z 0042358a f   qt-mt323:qt-mt323.dll
 0002:00012590       ??0QLabel@@QAE@PAVQWidget@@PBDI@Z 00423590 f   qt-mt323:qt-mt323.dll
 0002:00012596       ??1QLabel@@UAE@XZ          00423596 f   qt-mt323:qt-mt323.dll
 0002:0001259c       ??0QGroupBox@@QAE@PAVQWidget@@PBD@Z 0042359c f   qt-mt323:qt-mt323.dll
 0002:000125a2       ??1QGroupBox@@UAE@XZ       004235a2 f   qt-mt323:qt-mt323.dll
 0002:000125a8       ??0QLineEdit@@QAE@PAVQWidget@@PBD@Z 004235a8 f   qt-mt323:qt-mt323.dll
 0002:000125ae       ??1QLineEdit@@UAE@XZ       004235ae f   qt-mt323:qt-mt323.dll
 0002:000125b4       ??0QListView@@QAE@PAVQWidget@@PBDI@Z 004235b4 f   qt-mt323:qt-mt323.dll
 0002:000125ba       ??1QListView@@UAE@XZ       004235ba f   qt-mt323:qt-mt323.dll
 0002:000125c0       ?header@QListView@@QBEPAVQHeader@@XZ 004235c0 f   qt-mt323:qt-mt323.dll
 0002:000125c6       ??0QSpacerItem@@QAE@HHW4SizeType@QSizePolicy@@0@Z 004235c6 f   qt-mt323:qt-mt323.dll
 0002:000125cc       ??1QSpacerItem@@UAE@XZ     004235cc f   qt-mt323:qt-mt323.dll
 0002:000125d2       ?addWidget@QBoxLayout@@QAEXPAVQWidget@@HH@Z 004235d2 f   qt-mt323:qt-mt323.dll
 0002:000125d8       ?addLayout@QBoxLayout@@QAEXPAVQLayout@@H@Z 004235d8 f   qt-mt323:qt-mt323.dll
 0002:000125de       ??0QHBoxLayout@@QAE@PAVQWidget@@HHPBD@Z 004235de f   qt-mt323:qt-mt323.dll
 0002:000125e4       ??0QHBoxLayout@@QAE@PAVQLayout@@HPBD@Z 004235e4 f   qt-mt323:qt-mt323.dll
 0002:000125ea       ??1QHBoxLayout@@UAE@XZ     004235ea f   qt-mt323:qt-mt323.dll
 0002:000125f0       ??0QVBoxLayout@@QAE@PAVQWidget@@HHPBD@Z 004235f0 f   qt-mt323:qt-mt323.dll
 0002:000125f6       ??0QVBoxLayout@@QAE@PAVQLayout@@HPBD@Z 004235f6 f   qt-mt323:qt-mt323.dll
 0002:000125fc       ??1QVBoxLayout@@UAE@XZ     004235fc f   qt-mt323:qt-mt323.dll
 0002:00012602       ?add@QToolTip@@SAXPAVQWidget@@ABVQString@@@Z 00423602 f   qt-mt323:qt-mt323.dll
 0002:00012608       ?add@QWhatsThis@@SAXPAVQWidget@@ABVQString@@@Z 00423608 f   qt-mt323:qt-mt323.dll
 0002:0001260e       ?addChild@QScrollView@@UAEXPAVQWidget@@HH@Z 0042360e f   qt-mt323:qt-mt323.dll
 0002:00012614       ?addColumn@QListView@@UAEHABVQIconSet@@ABVQString@@H@Z 00423614 f   qt-mt323:qt-mt323.dll
 0002:0001261a       ?addColumn@QListView@@UAEHABVQString@@H@Z 0042361a f   qt-mt323:qt-mt323.dll
 0002:00012620       ?addItem@QBoxLayout@@UAEXPAVQLayoutItem@@@Z 00423620 f   qt-mt323:qt-mt323.dll
 0002:00012626       ?childEvent@QGroupBox@@MAEXPAVQChildEvent@@@Z 00423626 f   qt-mt323:qt-mt323.dll
 0002:0001262c       ?childEvent@QLayout@@MAEXPAVQChildEvent@@@Z 0042362c f   qt-mt323:qt-mt323.dll
 0002:00012632       ?className@QGroupBox@@UBEPBDXZ 00423632 f   qt-mt323:qt-mt323.dll
 0002:00012638       ?className@QHBoxLayout@@UBEPBDXZ 00423638 f   qt-mt323:qt-mt323.dll
 0002:0001263e       ?className@QLabel@@UBEPBDXZ 0042363e f   qt-mt323:qt-mt323.dll
 0002:00012644       ?className@QLineEdit@@UBEPBDXZ 00423644 f   qt-mt323:qt-mt323.dll
 0002:0001264a       ?className@QListView@@UBEPBDXZ 0042364a f   qt-mt323:qt-mt323.dll
 0002:00012650       ?className@QPushButton@@UBEPBDXZ 00423650 f   qt-mt323:qt-mt323.dll
 0002:00012656       ?className@QVBoxLayout@@UBEPBDXZ 00423656 f   qt-mt323:qt-mt323.dll
 0002:0001265c       ?clear@QLineEdit@@UAEXXZ   0042365c f   qt-mt323:qt-mt323.dll
 0002:00012662       ?clear@QListView@@UAEXXZ   00423662 f   qt-mt323:qt-mt323.dll
 0002:00012668       ?clearSelection@QListView@@UAEXXZ 00423668 f   qt-mt323:qt-mt323.dll
 0002:0001266e       ?clearValidator@QLineEdit@@UAEXXZ 0042366e f   qt-mt323:qt-mt323.dll
 0002:00012674       ?closeEvent@QWidget@@MAEXPAVQCloseEvent@@@Z 00423674 f   qt-mt323:qt-mt323.dll
 0002:0001267a       ?contentsContextMenuEvent@QListView@@MAEXPAVQContextMenuEvent@@@Z 0042367a f   qt-mt323:qt-mt323.dll
 0002:00012680       ?contentsDragEnterEvent@QListView@@MAEXPAVQDragEnterEvent@@@Z 00423680 f   qt-mt323:qt-mt323.dll
 0002:00012686       ?contentsDragLeaveEvent@QListView@@MAEXPAVQDragLeaveEvent@@@Z 00423686 f   qt-mt323:qt-mt323.dll
 0002:0001268c       ?contentsDragMoveEvent@QListView@@MAEXPAVQDragMoveEvent@@@Z 0042368c f   qt-mt323:qt-mt323.dll
 0002:00012692       ?contentsDropEvent@QListView@@MAEXPAVQDropEvent@@@Z 00423692 f   qt-mt323:qt-mt323.dll
 0002:00012698       ?contentsMouseDoubleClickEvent@QListView@@MAEXPAVQMouseEvent@@@Z 00423698 f   qt-mt323:qt-mt323.dll
 0002:0001269e       ?contentsMouseMoveEvent@QListView@@MAEXPAVQMouseEvent@@@Z 0042369e f   qt-mt323:qt-mt323.dll
 0002:000126a4       ?contentsMousePressEvent@QListView@@MAEXPAVQMouseEvent@@@Z 004236a4 f   qt-mt323:qt-mt323.dll
 0002:000126aa       ?contentsMouseReleaseEvent@QListView@@MAEXPAVQMouseEvent@@@Z 004236aa f   qt-mt323:qt-mt323.dll
 0002:000126b0       ?contentsWheelEvent@QScrollView@@MAEXPAVQWheelEvent@@@Z 004236b0 f   qt-mt323:qt-mt323.dll
 0002:000126b6       ?contextMenuEvent@QLineEdit@@MAEXPAVQContextMenuEvent@@@Z 004236b6 f   qt-mt323:qt-mt323.dll
 0002:000126bc       ?contextMenuEvent@QScrollView@@MAEXPAVQContextMenuEvent@@@Z 004236bc f   qt-mt323:qt-mt323.dll
 0002:000126c2       ?contextMenuEvent@QWidget@@MAEXPAVQContextMenuEvent@@@Z 004236c2 f   qt-mt323:qt-mt323.dll
 0002:000126c8       ?copy@QLineEdit@@UBEXXZ    004236c8 f   qt-mt323:qt-mt323.dll
 0002:000126ce       ?createPopupMenu@QLineEdit@@MAEPAVQPopupMenu@@XZ 004236ce f   qt-mt323:qt-mt323.dll
 0002:000126d4       ?cut@QLineEdit@@UAEXXZ     004236d4 f   qt-mt323:qt-mt323.dll
 0002:000126da       ?deselect@QLineEdit@@UAEXXZ 004236da f   qt-mt323:qt-mt323.dll
 0002:000126e0       ?dragEnterEvent@QLineEdit@@MAEXPAVQDragEnterEvent@@@Z 004236e0 f   qt-mt323:qt-mt323.dll
 0002:000126e6       ?dragLeaveEvent@QLineEdit@@MAEXPAVQDragLeaveEvent@@@Z 004236e6 f   qt-mt323:qt-mt323.dll
 0002:000126ec       ?dragMoveEvent@QLineEdit@@MAEXPAVQDragMoveEvent@@@Z 004236ec f   qt-mt323:qt-mt323.dll
 0002:000126f2       ?dragObject@QListView@@MAEPAVQDragObject@@XZ 004236f2 f   qt-mt323:qt-mt323.dll
 0002:000126f8       ?drawButton@QPushButton@@MAEXPAVQPainter@@@Z 004236f8 f   qt-mt323:qt-mt323.dll
 0002:000126fe       ?drawButtonLabel@QPushButton@@MAEXPAVQPainter@@@Z 004236fe f   qt-mt323:qt-mt323.dll
 0002:00012704       ?drawContents@QFrame@@MAEXPAVQPainter@@@Z 00423704 f   qt-mt323:qt-mt323.dll
 0002:0001270a       ?drawContents@QLabel@@MAEXPAVQPainter@@@Z 0042370a f   qt-mt323:qt-mt323.dll
 0002:00012710       ?drawContents@QLineEdit@@MAEXPAVQPainter@@@Z 00423710 f   qt-mt323:qt-mt323.dll
 0002:00012716       ?drawContents@QScrollView@@EAEXPAVQPainter@@@Z 00423716 f   qt-mt323:qt-mt323.dll
 0002:0001271c       ?drawContents@QScrollView@@MAEXPAVQPainter@@HHHH@Z 0042371c f   qt-mt323:qt-mt323.dll
 0002:00012722       ?drawContentsOffset@QListView@@MAEXPAVQPainter@@HHHHHH@Z 00423722 f   qt-mt323:qt-mt323.dll
 0002:00012728       ?drawFrame@QFrame@@MAEXPAVQPainter@@@Z 00423728 f   qt-mt323:qt-mt323.dll
 0002:0001272e       ?dropEvent@QLineEdit@@MAEXPAVQDropEvent@@@Z 0042372e f   qt-mt323:qt-mt323.dll
 0002:00012734       ?enabledChange@QButton@@MAEX_N@Z 00423734 f   qt-mt323:qt-mt323.dll
 0002:0001273a       ?event@QGroupBox@@MAE_NPAVQEvent@@@Z 0042373a f   qt-mt323:qt-mt323.dll
 0002:00012740       ?event@QLineEdit@@MAE_NPAVQEvent@@@Z 00423740 f   qt-mt323:qt-mt323.dll
 0002:00012746       ?eventFilter@QLayout@@MAE_NPAVQObject@@PAVQEvent@@@Z 00423746 f   qt-mt323:qt-mt323.dll
 0002:0001274c       ?eventFilter@QListView@@UAE_NPAVQObject@@PAVQEvent@@@Z 0042374c f   qt-mt323:qt-mt323.dll
 0002:00012752       ?expanding@QBoxLayout@@UBE?AW4ExpandData@QSizePolicy@@XZ 00423752 f   qt-mt323:qt-mt323.dll
 0002:00012758       ?expanding@QSpacerItem@@UBE?AW4ExpandData@QSizePolicy@@XZ 00423758 f   qt-mt323:qt-mt323.dll
 0002:0001275e       ?focusInEvent@QGroupBox@@MAEXPAVQFocusEvent@@@Z 0042375e f   qt-mt323:qt-mt323.dll
 0002:00012764       ?focusInEvent@QLineEdit@@MAEXPAVQFocusEvent@@@Z 00423764 f   qt-mt323:qt-mt323.dll
 0002:0001276a       ?focusInEvent@QListView@@MAEXPAVQFocusEvent@@@Z 0042376a f   qt-mt323:qt-mt323.dll
 0002:00012770       ?focusInEvent@QPushButton@@MAEXPAVQFocusEvent@@@Z 00423770 f   qt-mt323:qt-mt323.dll
 0002:00012776       ?focusNextPrevChild@QScrollView@@MAE_N_N@Z 00423776 f   qt-mt323:qt-mt323.dll
 0002:0001277c       ?focusOutEvent@QLineEdit@@MAEXPAVQFocusEvent@@@Z 0042377c f   qt-mt323:qt-mt323.dll
 0002:00012782       ?focusOutEvent@QListView@@MAEXPAVQFocusEvent@@@Z 00423782 f   qt-mt323:qt-mt323.dll
 0002:00012788       ?focusOutEvent@QPushButton@@MAEXPAVQFocusEvent@@@Z 00423788 f   qt-mt323:qt-mt323.dll
 0002:0001278e       ?fontChange@QGroupBox@@MAEXABVQFont@@@Z 0042378e f   qt-mt323:qt-mt323.dll
 0002:00012794       ?fontChange@QLabel@@MAEXABVQFont@@@Z 00423794 f   qt-mt323:qt-mt323.dll
 0002:0001279a       ?fontChange@QScrollView@@MAEXABVQFont@@@Z 0042379a f   qt-mt323:qt-mt323.dll
 0002:000127a0       ?frameChanged@QFrame@@MAEXXZ 004237a0 f   qt-mt323:qt-mt323.dll
 0002:000127a6       ?frameChanged@QScrollView@@MAEXXZ 004237a6 f   qt-mt323:qt-mt323.dll
 0002:000127ac       ?geometry@QLayout@@UBE?AVQRect@@XZ 004237ac f   qt-mt323:qt-mt323.dll
 0002:000127b2       ?geometry@QSpacerItem@@UBE?AVQRect@@XZ 004237b2 f   qt-mt323:qt-mt323.dll
 0002:000127b8       ?hasHeightForWidth@QBoxLayout@@UBE_NXZ 004237b8 f   qt-mt323:qt-mt323.dll
 0002:000127be       ?hasHeightForWidth@QLayoutItem@@UBE_NXZ 004237be f   qt-mt323:qt-mt323.dll
 0002:000127c4       ?heightForWidth@QBoxLayout@@UBEHH@Z 004237c4 f   qt-mt323:qt-mt323.dll
 0002:000127ca       ?heightForWidth@QLabel@@UBEHH@Z 004237ca f   qt-mt323:qt-mt323.dll
 0002:000127d0       ?heightForWidth@QLayoutItem@@UBEHH@Z 004237d0 f   qt-mt323:qt-mt323.dll
 0002:000127d6       ?hide@QWidget@@UAEXXZ      004237d6 f   qt-mt323:qt-mt323.dll
 0002:000127dc       ?hitButton@QButton@@MBE_NABVQPoint@@@Z 004237dc f   qt-mt323:qt-mt323.dll
 0002:000127e2       ?imComposeEvent@QLineEdit@@MAEXPAVQIMEvent@@@Z 004237e2 f   qt-mt323:qt-mt323.dll
 0002:000127e8       ?imEndEvent@QLineEdit@@MAEXPAVQIMEvent@@@Z 004237e8 f   qt-mt323:qt-mt323.dll
 0002:000127ee       ?imStartEvent@QLineEdit@@MAEXPAVQIMEvent@@@Z 004237ee f   qt-mt323:qt-mt323.dll
 0002:000127f4       ?insert@QLineEdit@@UAEXABVQString@@@Z 004237f4 f   qt-mt323:qt-mt323.dll
 0002:000127fa       ?insertItem@QListView@@UAEXPAVQListViewItem@@@Z 004237fa f   qt-mt323:qt-mt323.dll
 0002:00012800       ?invalidate@QBoxLayout@@UAEXXZ 00423800 f   qt-mt323:qt-mt323.dll
 0002:00012806       ?invalidate@QLayoutItem@@UAEXXZ 00423806 f   qt-mt323:qt-mt323.dll
 0002:0001280c       ?invertSelection@QListView@@UAEXXZ 0042380c f   qt-mt323:qt-mt323.dll
 0002:00012812       ?isEmpty@QLayout@@UBE_NXZ  00423812 f   qt-mt323:qt-mt323.dll
 0002:00012818       ?isEmpty@QSpacerItem@@UBE_NXZ 00423818 f   qt-mt323:qt-mt323.dll
 0002:0001281e       ?iterator@QBoxLayout@@UAE?AVQLayoutIterator@@XZ 0042381e f   qt-mt323:qt-mt323.dll
 0002:00012824       ?iterator@QLayoutItem@@UAE?AVQLayoutIterator@@XZ 00423824 f   qt-mt323:qt-mt323.dll
 0002:0001282a       ?keyPressEvent@QButton@@MAEXPAVQKeyEvent@@@Z 0042382a f   qt-mt323:qt-mt323.dll
 0002:00012830       ?keyPressEvent@QLineEdit@@MAEXPAVQKeyEvent@@@Z 00423830 f   qt-mt323:qt-mt323.dll
 0002:00012836       ?keyPressEvent@QListView@@MAEXPAVQKeyEvent@@@Z 00423836 f   qt-mt323:qt-mt323.dll
 0002:0001283c       ?keyPressEvent@QWidget@@MAEXPAVQKeyEvent@@@Z 0042383c f   qt-mt323:qt-mt323.dll
 0002:00012842       ?keyReleaseEvent@QButton@@MAEXPAVQKeyEvent@@@Z 00423842 f   qt-mt323:qt-mt323.dll
 0002:00012848       ?layout@QLayout@@UAEPAV1@XZ 00423848 f   qt-mt323:qt-mt323.dll
 0002:0001284e       ?layout@QLayoutItem@@UAEPAVQLayout@@XZ 0042384e f   qt-mt323:qt-mt323.dll
 0002:00012854       ?maximumSize@QBoxLayout@@UBE?AVQSize@@XZ 00423854 f   qt-mt323:qt-mt323.dll
 0002:0001285a       ?maximumSize@QSpacerItem@@UBE?AVQSize@@XZ 0042385a f   qt-mt323:qt-mt323.dll
 0002:00012860       ?metaObject@QGroupBox@@UBEPAVQMetaObject@@XZ 00423860 f   qt-mt323:qt-mt323.dll
 0002:00012866       ?metaObject@QHBoxLayout@@UBEPAVQMetaObject@@XZ 00423866 f   qt-mt323:qt-mt323.dll
 0002:0001286c       ?metaObject@QLabel@@UBEPAVQMetaObject@@XZ 0042386c f   qt-mt323:qt-mt323.dll
 0002:00012872       ?metaObject@QLineEdit@@UBEPAVQMetaObject@@XZ 00423872 f   qt-mt323:qt-mt323.dll
 0002:00012878       ?metaObject@QListView@@UBEPAVQMetaObject@@XZ 00423878 f   qt-mt323:qt-mt323.dll
 0002:0001287e       ?metaObject@QPushButton@@UBEPAVQMetaObject@@XZ 0042387e f   qt-mt323:qt-mt323.dll
 0002:00012884       ?metaObject@QVBoxLayout@@UBEPAVQMetaObject@@XZ 00423884 f   qt-mt323:qt-mt323.dll
 0002:0001288a       ?minimumSize@QBoxLayout@@UBE?AVQSize@@XZ 0042388a f   qt-mt323:qt-mt323.dll
 0002:00012890       ?minimumSize@QSpacerItem@@UBE?AVQSize@@XZ 00423890 f   qt-mt323:qt-mt323.dll
 0002:00012896       ?minimumSizeHint@QLabel@@UBE?AVQSize@@XZ 00423896 f   qt-mt323:qt-mt323.dll
 0002:0001289c       ?minimumSizeHint@QLineEdit@@UBE?AVQSize@@XZ 0042389c f   qt-mt323:qt-mt323.dll
 0002:000128a2       ?minimumSizeHint@QListView@@UBE?AVQSize@@XZ 004238a2 f   qt-mt323:qt-mt323.dll
 0002:000128a8       ?minimumSizeHint@QWidget@@UBE?AVQSize@@XZ 004238a8 f   qt-mt323:qt-mt323.dll
 0002:000128ae       ?mouseDoubleClickEvent@QLineEdit@@MAEXPAVQMouseEvent@@@Z 004238ae f   qt-mt323:qt-mt323.dll
 0002:000128b4       ?mouseDoubleClickEvent@QScrollView@@MAEXPAVQMouseEvent@@@Z 004238b4 f   qt-mt323:qt-mt323.dll
 0002:000128ba       ?mouseMoveEvent@QButton@@MAEXPAVQMouseEvent@@@Z 004238ba f   qt-mt323:qt-mt323.dll
 0002:000128c0       ?mouseMoveEvent@QLineEdit@@MAEXPAVQMouseEvent@@@Z 004238c0 f   qt-mt323:qt-mt323.dll
 0002:000128c6       ?mouseMoveEvent@QScrollView@@MAEXPAVQMouseEvent@@@Z 004238c6 f   qt-mt323:qt-mt323.dll
 0002:000128cc       ?mousePressEvent@QButton@@MAEXPAVQMouseEvent@@@Z 004238cc f   qt-mt323:qt-mt323.dll
 0002:000128d2       ?mousePressEvent@QLineEdit@@MAEXPAVQMouseEvent@@@Z 004238d2 f   qt-mt323:qt-mt323.dll
 0002:000128d8       ?mousePressEvent@QScrollView@@MAEXPAVQMouseEvent@@@Z 004238d8 f   qt-mt323:qt-mt323.dll
 0002:000128de       ?mouseReleaseEvent@QButton@@MAEXPAVQMouseEvent@@@Z 004238de f   qt-mt323:qt-mt323.dll
 0002:000128e4       ?mouseReleaseEvent@QLineEdit@@MAEXPAVQMouseEvent@@@Z 004238e4 f   qt-mt323:qt-mt323.dll
 0002:000128ea       ?mouseReleaseEvent@QScrollView@@MAEXPAVQMouseEvent@@@Z 004238ea f   qt-mt323:qt-mt323.dll
 0002:000128f0       ?move@QPushButton@@UAEXHH@Z 004238f0 f   qt-mt323:qt-mt323.dll
 0002:000128f6       ?move@QWidget@@UAEXHH@Z    004238f6 f   qt-mt323:qt-mt323.dll
 0002:000128fc       ?moveChild@QScrollView@@UAEXPAVQWidget@@HH@Z 004238fc f   qt-mt323:qt-mt323.dll
 0002:00012902       ?paintEmptyArea@QListView@@MAEXPAVQPainter@@ABVQRect@@@Z 00423902 f   qt-mt323:qt-mt323.dll
 0002:00012908       ?paintEvent@QButton@@MAEXPAVQPaintEvent@@@Z 00423908 f   qt-mt323:qt-mt323.dll
 0002:0001290e       ?paintEvent@QFrame@@MAEXPAVQPaintEvent@@@Z 0042390e f   qt-mt323:qt-mt323.dll
 0002:00012914       ?paintEvent@QGroupBox@@MAEXPAVQPaintEvent@@@Z 00423914 f   qt-mt323:qt-mt323.dll
 0002:0001291a       ?paste@QLineEdit@@UAEXXZ   0042391a f   qt-mt323:qt-mt323.dll
 0002:00012920       ?qt_cast@QGroupBox@@UAEPAXPBD@Z 00423920 f   qt-mt323:qt-mt323.dll
 0002:00012926       ?qt_cast@QHBoxLayout@@UAEPAXPBD@Z 00423926 f   qt-mt323:qt-mt323.dll
 0002:0001292c       ?qt_cast@QLabel@@UAEPAXPBD@Z 0042392c f   qt-mt323:qt-mt323.dll
 0002:00012932       ?qt_cast@QLineEdit@@UAEPAXPBD@Z 00423932 f   qt-mt323:qt-mt323.dll
 0002:00012938       ?qt_cast@QListView@@UAEPAXPBD@Z 00423938 f   qt-mt323:qt-mt323.dll
 0002:0001293e       ?qt_cast@QPushButton@@UAEPAXPBD@Z 0042393e f   qt-mt323:qt-mt323.dll
 0002:00012944       ?qt_cast@QVBoxLayout@@UAEPAXPBD@Z 00423944 f   qt-mt323:qt-mt323.dll
 0002:0001294a       ?qt_emit@QGroupBox@@UAE_NHPAUQUObject@@@Z 0042394a f   qt-mt323:qt-mt323.dll
 0002:00012950       ?qt_emit@QHBoxLayout@@UAE_NHPAUQUObject@@@Z 00423950 f   qt-mt323:qt-mt323.dll
 0002:00012956       ?qt_emit@QLabel@@UAE_NHPAUQUObject@@@Z 00423956 f   qt-mt323:qt-mt323.dll
 0002:0001295c       ?qt_emit@QLineEdit@@UAE_NHPAUQUObject@@@Z 0042395c f   qt-mt323:qt-mt323.dll
 0002:00012962       ?qt_emit@QListView@@UAE_NHPAUQUObject@@@Z 00423962 f   qt-mt323:qt-mt323.dll
 0002:00012968       ?qt_emit@QPushButton@@UAE_NHPAUQUObject@@@Z 00423968 f   qt-mt323:qt-mt323.dll
 0002:0001296e       ?qt_emit@QVBoxLayout@@UAE_NHPAUQUObject@@@Z 0042396e f   qt-mt323:qt-mt323.dll
 0002:00012974       ?qt_invoke@QGroupBox@@UAE_NHPAUQUObject@@@Z 00423974 f   qt-mt323:qt-mt323.dll
 0002:0001297a       ?qt_invoke@QHBoxLayout@@UAE_NHPAUQUObject@@@Z 0042397a f   qt-mt323:qt-mt323.dll
 0002:00012980       ?qt_invoke@QLabel@@UAE_NHPAUQUObject@@@Z 00423980 f   qt-mt323:qt-mt323.dll
 0002:00012986       ?qt_invoke@QLineEdit@@UAE_NHPAUQUObject@@@Z 00423986 f   qt-mt323:qt-mt323.dll
 0002:0001298c       ?qt_invoke@QListView@@UAE_NHPAUQUObject@@@Z 0042398c f   qt-mt323:qt-mt323.dll
 0002:00012992       ?qt_invoke@QPushButton@@UAE_NHPAUQUObject@@@Z 00423992 f   qt-mt323:qt-mt323.dll
 0002:00012998       ?qt_invoke@QVBoxLayout@@UAE_NHPAUQUObject@@@Z 00423998 f   qt-mt323:qt-mt323.dll
 0002:0001299e       ?qt_property@QGroupBox@@UAE_NHHPAVQVariant@@@Z 0042399e f   qt-mt323:qt-mt323.dll
 0002:000129a4       ?qt_property@QHBoxLayout@@UAE_NHHPAVQVariant@@@Z 004239a4 f   qt-mt323:qt-mt323.dll
 0002:000129aa       ?qt_property@QLabel@@UAE_NHHPAVQVariant@@@Z 004239aa f   qt-mt323:qt-mt323.dll
 0002:000129b0       ?qt_property@QLineEdit@@UAE_NHHPAVQVariant@@@Z 004239b0 f   qt-mt323:qt-mt323.dll
 0002:000129b6       ?qt_property@QListView@@UAE_NHHPAVQVariant@@@Z 004239b6 f   qt-mt323:qt-mt323.dll
 0002:000129bc       ?qt_property@QPushButton@@UAE_NHHPAVQVariant@@@Z 004239bc f   qt-mt323:qt-mt323.dll
 0002:000129c2       ?qt_property@QVBoxLayout@@UAE_NHHPAVQVariant@@@Z 004239c2 f   qt-mt323:qt-mt323.dll
 0002:000129c8       ?redo@QLineEdit@@UAEXXZ    004239c8 f   qt-mt323:qt-mt323.dll
 0002:000129ce       ?removeChild@QScrollView@@UAEXPAVQObject@@@Z 004239ce f   qt-mt323:qt-mt323.dll
 0002:000129d4       ?removeColumn@QListView@@UAEXH@Z 004239d4 f   qt-mt323:qt-mt323.dll
 0002:000129da       ?removeItem@QListView@@UAEXPAVQListViewItem@@@Z 004239da f   qt-mt323:qt-mt323.dll
 0002:000129e0       ?resize@QPushButton@@UAEXHH@Z 004239e0 f   qt-mt323:qt-mt323.dll
 0002:000129e6       ?resize@QScrollView@@UAEXHH@Z 004239e6 f   qt-mt323:qt-mt323.dll
 0002:000129ec       ?resize@QWidget@@UAEXHH@Z  004239ec f   qt-mt323:qt-mt323.dll
 0002:000129f2       ?resizeContents@QScrollView@@UAEXHH@Z 004239f2 f   qt-mt323:qt-mt323.dll
 0002:000129f8       ?resizeEvent@QGroupBox@@MAEXPAVQResizeEvent@@@Z 004239f8 f   qt-mt323:qt-mt323.dll
 0002:000129fe       ?resizeEvent@QLabel@@MAEXPAVQResizeEvent@@@Z 004239fe f   qt-mt323:qt-mt323.dll
 0002:00012a04       ?resizeEvent@QLineEdit@@MAEXPAVQResizeEvent@@@Z 00423a04 f   qt-mt323:qt-mt323.dll
 0002:00012a0a       ?resizeEvent@QListView@@MAEXPAVQResizeEvent@@@Z 00423a0a f   qt-mt323:qt-mt323.dll
 0002:00012a10       ?resizeEvent@QPushButton@@MAEXPAVQResizeEvent@@@Z 00423a10 f   qt-mt323:qt-mt323.dll
 0002:00012a16       ?selectAll@QLineEdit@@UAEXXZ 00423a16 f   qt-mt323:qt-mt323.dll
 0002:00012a1c       ?selectAll@QListView@@UAEX_N@Z 00423a1c f   qt-mt323:qt-mt323.dll
 0002:00012a22       ?setAccel@QButton@@UAEXABVQKeySequence@@@Z 00423a22 f   qt-mt323:qt-mt323.dll
 0002:00012a28       ?setAlignment@QGroupBox@@UAEXH@Z 00423a28 f   qt-mt323:qt-mt323.dll
 0002:00012a2e       ?setAlignment@QLabel@@UAEXH@Z 00423a2e f   qt-mt323:qt-mt323.dll
 0002:00012a34       ?setAlignment@QLayoutItem@@UAEXH@Z 00423a34 f   qt-mt323:qt-mt323.dll
 0002:00012a3a       ?setAlignment@QLineEdit@@UAEXH@Z 00423a3a f   qt-mt323:qt-mt323.dll
 0002:00012a40       ?setAllColumnsShowFocus@QListView@@UAEX_N@Z 00423a40 f   qt-mt323:qt-mt323.dll
 0002:00012a46       ?setAutoAdd@QLayout@@UAEX_N@Z 00423a46 f   qt-mt323:qt-mt323.dll
 0002:00012a4c       ?setAutoDefault@QPushButton@@UAEX_N@Z 00423a4c f   qt-mt323:qt-mt323.dll
 0002:00012a52       ?setAutoRepeat@QButton@@UAEX_N@Z 00423a52 f   qt-mt323:qt-mt323.dll
 0002:00012a58       ?setAutoResize@QLabel@@UAEX_N@Z 00423a58 f   qt-mt323:qt-mt323.dll
 0002:00012a5e       ?setBuddy@QLabel@@UAEXPAVQWidget@@@Z 00423a5e f   qt-mt323:qt-mt323.dll
 0002:00012a64       ?setColumnAlignment@QListView@@UAEXHH@Z 00423a64 f   qt-mt323:qt-mt323.dll
 0002:00012a6a       ?setColumnLayout@QGroupBox@@UAEXHW4Orientation@Qt@@@Z 00423a6a f   qt-mt323:qt-mt323.dll
 0002:00012a70       ?setColumnText@QListView@@UAEXHABVQIconSet@@ABVQString@@@Z 00423a70 f   qt-mt323:qt-mt323.dll
 0002:00012a76       ?setColumnText@QListView@@UAEXHABVQString@@@Z 00423a76 f   qt-mt323:qt-mt323.dll
 0002:00012a7c       ?setColumnWidth@QListView@@UAEXHH@Z 00423a7c f   qt-mt323:qt-mt323.dll
 0002:00012a82       ?setColumnWidthMode@QListView@@UAEXHW4WidthMode@1@@Z 00423a82 f   qt-mt323:qt-mt323.dll
 0002:00012a88       ?setContentsPos@QListView@@UAEXHH@Z 00423a88 f   qt-mt323:qt-mt323.dll
 0002:00012a8e       ?setCornerWidget@QScrollView@@UAEXPAVQWidget@@@Z 00423a8e f   qt-mt323:qt-mt323.dll
 0002:00012a94       ?setCurrentItem@QListView@@UAEXPAVQListViewItem@@@Z 00423a94 f   qt-mt323:qt-mt323.dll
 0002:00012a9a       ?setCursorPosition@QLineEdit@@UAEXH@Z 00423a9a f   qt-mt323:qt-mt323.dll
 0002:00012aa0       ?setDefault@QPushButton@@UAEX_N@Z 00423aa0 f   qt-mt323:qt-mt323.dll
 0002:00012aa6       ?setDefaultRenameAction@QListView@@UAEXW4RenameAction@1@@Z 00423aa6 f   qt-mt323:qt-mt323.dll
 0002:00012aac       ?setDown@QButton@@UAEX_N@Z 00423aac f   qt-mt323:qt-mt323.dll
 0002:00012ab2       ?setDragAutoScroll@QScrollView@@UAEX_N@Z 00423ab2 f   qt-mt323:qt-mt323.dll
 0002:00012ab8       ?setDragEnabled@QLineEdit@@UAEX_N@Z 00423ab8 f   qt-mt323:qt-mt323.dll
 0002:00012abe       ?setEchoMode@QLineEdit@@UAEXW4EchoMode@1@@Z 00423abe f   qt-mt323:qt-mt323.dll
 0002:00012ac4       ?setEnabled@QGroupBox@@UAEX_N@Z 00423ac4 f   qt-mt323:qt-mt323.dll
 0002:00012aca       ?setEnabled@QScrollView@@UAEX_N@Z 00423aca f   qt-mt323:qt-mt323.dll
 0002:00012ad0       ?setFont@QLabel@@UAEXABVQFont@@@Z 00423ad0 f   qt-mt323:qt-mt323.dll
 0002:00012ad6       ?setFont@QLineEdit@@UAEXABVQFont@@@Z 00423ad6 f   qt-mt323:qt-mt323.dll
 0002:00012adc       ?setFont@QListView@@UAEXABVQFont@@@Z 00423adc f   qt-mt323:qt-mt323.dll
 0002:00012ae2       ?setFrame@QLineEdit@@UAEX_N@Z 00423ae2 f   qt-mt323:qt-mt323.dll
 0002:00012ae8       ?setFrameRect@QFrame@@UAEXABVQRect@@@Z 00423ae8 f   qt-mt323:qt-mt323.dll
 0002:00012aee       ?setFrameStyle@QFrame@@UAEXH@Z 00423aee f   qt-mt323:qt-mt323.dll
 0002:00012af4       ?setGeometry@QBoxLayout@@UAEXABVQRect@@@Z 00423af4 f   qt-mt323:qt-mt323.dll
 0002:00012afa       ?setGeometry@QPushButton@@UAEXABVQRect@@@Z 00423afa f   qt-mt323:qt-mt323.dll
 0002:00012b00       ?setGeometry@QPushButton@@UAEXHHHH@Z 00423b00 f   qt-mt323:qt-mt323.dll
 0002:00012b06       ?setGeometry@QSpacerItem@@UAEXABVQRect@@@Z 00423b06 f   qt-mt323:qt-mt323.dll
 0002:00012b0c       ?setGeometry@QWidget@@UAEXABVQRect@@@Z 00423b0c f   qt-mt323:qt-mt323.dll
 0002:00012b12       ?setGeometry@QWidget@@UAEXHHHH@Z 00423b12 f   qt-mt323:qt-mt323.dll
 0002:00012b18       ?setGroup@QButton@@EAEXPAVQButtonGroup@@@Z 00423b18 f   qt-mt323:qt-mt323.dll
 0002:00012b1e       ?setHBarGeometry@QScrollView@@MAEXAAVQScrollBar@@HHHH@Z 00423b1e f   qt-mt323:qt-mt323.dll
 0002:00012b24       ?setHScrollBarMode@QScrollView@@UAEXW4ScrollBarMode@1@@Z 00423b24 f   qt-mt323:qt-mt323.dll
 0002:00012b2a       ?setIsMenuButton@QPushButton@@UAEX_N@Z 00423b2a f   qt-mt323:qt-mt323.dll
 0002:00012b30       ?setItemMargin@QListView@@UAEXH@Z 00423b30 f   qt-mt323:qt-mt323.dll
 0002:00012b36       ?setLineWidth@QFrame@@UAEXH@Z 00423b36 f   qt-mt323:qt-mt323.dll
 0002:00012b3c       ?setMargin@QFrame@@UAEXH@Z 00423b3c f   qt-mt323:qt-mt323.dll
 0002:00012b42       ?setMargin@QLayout@@UAEXH@Z 00423b42 f   qt-mt323:qt-mt323.dll
 0002:00012b48       ?setMargins@QScrollView@@MAEXHHHH@Z 00423b48 f   qt-mt323:qt-mt323.dll
 0002:00012b4e       ?setMaxLength@QLineEdit@@UAEXH@Z 00423b4e f   qt-mt323:qt-mt323.dll
 0002:00012b54       ?setMenuBar@QLayout@@UAEXPAVQMenuBar@@@Z 00423b54 f   qt-mt323:qt-mt323.dll
 0002:00012b5a       ?setMidLineWidth@QFrame@@UAEXH@Z 00423b5a f   qt-mt323:qt-mt323.dll
 0002:00012b60       ?setMovie@QLabel@@UAEXABVQMovie@@@Z 00423b60 f   qt-mt323:qt-mt323.dll
 0002:00012b66       ?setMultiSelection@QListView@@UAEX_N@Z 00423b66 f   qt-mt323:qt-mt323.dll
 0002:00012b6c       ?setNum@QLabel@@UAEXH@Z    00423b6c f   qt-mt323:qt-mt323.dll
 0002:00012b72       ?setNum@QLabel@@UAEXN@Z    00423b72 f   qt-mt323:qt-mt323.dll
 0002:00012b78       ?setOn@QPushButton@@UAEX_N@Z 00423b78 f   qt-mt323:qt-mt323.dll
 0002:00012b7e       ?setOpen@QListView@@UAEXPAVQListViewItem@@_N@Z 00423b7e f   qt-mt323:qt-mt323.dll
 0002:00012b84       ?setPalette@QLineEdit@@UAEXABVQPalette@@@Z 00423b84 f   qt-mt323:qt-mt323.dll
 0002:00012b8a       ?setPalette@QListView@@UAEXABVQPalette@@@Z 00423b8a f   qt-mt323:qt-mt323.dll
 0002:00012b90       ?setPicture@QLabel@@UAEXABVQPicture@@@Z 00423b90 f   qt-mt323:qt-mt323.dll
 0002:00012b96       ?setPixmap@QButton@@UAEXABVQPixmap@@@Z 00423b96 f   qt-mt323:qt-mt323.dll
 0002:00012b9c       ?setPixmap@QLabel@@UAEXABVQPixmap@@@Z 00423b9c f   qt-mt323:qt-mt323.dll
 0002:00012ba2       ?setReadOnly@QLineEdit@@UAEX_N@Z 00423ba2 f   qt-mt323:qt-mt323.dll
 0002:00012ba8       ?setResizeMode@QListView@@UAEXW4ResizeMode@1@@Z 00423ba8 f   qt-mt323:qt-mt323.dll
 0002:00012bae       ?setResizePolicy@QScrollView@@UAEXW4ResizePolicy@1@@Z 00423bae f   qt-mt323:qt-mt323.dll
 0002:00012bb4       ?setRootIsDecorated@QListView@@UAEX_N@Z 00423bb4 f   qt-mt323:qt-mt323.dll
 0002:00012bba       ?setSelected@QListView@@UAEXPAVQListViewItem@@_N@Z 00423bba f   qt-mt323:qt-mt323.dll
 0002:00012bc0       ?setSelection@QLineEdit@@UAEXHH@Z 00423bc0 f   qt-mt323:qt-mt323.dll
 0002:00012bc6       ?setShowSortIndicator@QListView@@UAEX_N@Z 00423bc6 f   qt-mt323:qt-mt323.dll
 0002:00012bcc       ?setShowToolTips@QListView@@UAEX_N@Z 00423bcc f   qt-mt323:qt-mt323.dll
 0002:00012bd2       ?setSorting@QListView@@UAEXH_N@Z 00423bd2 f   qt-mt323:qt-mt323.dll
 0002:00012bd8       ?setSpacing@QLayout@@UAEXH@Z 00423bd8 f   qt-mt323:qt-mt323.dll
 0002:00012bde       ?setState@QButton@@MAEXW4ToggleState@1@@Z 00423bde f   qt-mt323:qt-mt323.dll
 0002:00012be4       ?setText@QButton@@UAEXABVQString@@@Z 00423be4 f   qt-mt323:qt-mt323.dll
 0002:00012bea       ?setText@QLabel@@UAEXABVQString@@@Z 00423bea f   qt-mt323:qt-mt323.dll
 0002:00012bf0       ?setText@QLineEdit@@UAEXABVQString@@@Z 00423bf0 f   qt-mt323:qt-mt323.dll
 0002:00012bf6       ?setTitle@QGroupBox@@UAEXABVQString@@@Z 00423bf6 f   qt-mt323:qt-mt323.dll
 0002:00012bfc       ?setToggleType@QButton@@MAEXW4ToggleType@1@@Z 00423bfc f   qt-mt323:qt-mt323.dll
 0002:00012c02       ?setTreeStepSize@QListView@@UAEXH@Z 00423c02 f   qt-mt323:qt-mt323.dll
 0002:00012c08       ?setVBarGeometry@QScrollView@@MAEXAAVQScrollBar@@HHHH@Z 00423c08 f   qt-mt323:qt-mt323.dll
 0002:00012c0e       ?setVScrollBarMode@QScrollView@@UAEXW4ScrollBarMode@1@@Z 00423c0e f   qt-mt323:qt-mt323.dll
 0002:00012c14       ?setValidator@QLineEdit@@UAEXPBVQValidator@@@Z 00423c14 f   qt-mt323:qt-mt323.dll
 0002:00012c1a       ?show@QListView@@UAEXXZ    00423c1a f   qt-mt323:qt-mt323.dll
 0002:00012c20       ?show@QWidget@@UAEXXZ      00423c20 f   qt-mt323:qt-mt323.dll
 0002:00012c26       ?showEvent@QListView@@MAEXPAVQShowEvent@@@Z 00423c26 f   qt-mt323:qt-mt323.dll
 0002:00012c2c       ?sizeHint@QBoxLayout@@UBE?AVQSize@@XZ 00423c2c f   qt-mt323:qt-mt323.dll
 0002:00012c32       ?sizeHint@QGroupBox@@UBE?AVQSize@@XZ 00423c32 f   qt-mt323:qt-mt323.dll
 0002:00012c38       ?sizeHint@QLabel@@UBE?AVQSize@@XZ 00423c38 f   qt-mt323:qt-mt323.dll
 0002:00012c3e       ?sizeHint@QLineEdit@@UBE?AVQSize@@XZ 00423c3e f   qt-mt323:qt-mt323.dll
 0002:00012c44       ?sizeHint@QListView@@UBE?AVQSize@@XZ 00423c44 f   qt-mt323:qt-mt323.dll
 0002:00012c4a       ?sizeHint@QPushButton@@UBE?AVQSize@@XZ 00423c4a f   qt-mt323:qt-mt323.dll
 0002:00012c50       ?sizeHint@QSpacerItem@@UBE?AVQSize@@XZ 00423c50 f   qt-mt323:qt-mt323.dll
 0002:00012c56       ?sort@QListView@@UAEXXZ    00423c56 f   qt-mt323:qt-mt323.dll
 0002:00012c5c       ?spacerItem@QLayoutItem@@UAEPAVQSpacerItem@@XZ 00423c5c f   qt-mt323:qt-mt323.dll
 0002:00012c62       ?spacerItem@QSpacerItem@@UAEPAV1@XZ 00423c62 f   qt-mt323:qt-mt323.dll
 0002:00012c68       ?startDrag@QListView@@MAEXXZ 00423c68 f   qt-mt323:qt-mt323.dll
 0002:00012c6e       ?styleChange@QFrame@@MAEXAAVQStyle@@@Z 00423c6e f   qt-mt323:qt-mt323.dll
 0002:00012c74       ?styleChange@QListView@@MAEXAAVQStyle@@@Z 00423c74 f   qt-mt323:qt-mt323.dll
 0002:00012c7a       ?takeItem@QListView@@UAEXPAVQListViewItem@@@Z 00423c7a f   qt-mt323:qt-mt323.dll
 0002:00012c80       ?undo@QLineEdit@@UAEXXZ    00423c80 f   qt-mt323:qt-mt323.dll
 0002:00012c86       ?updateMask@QPushButton@@MAEXXZ 00423c86 f   qt-mt323:qt-mt323.dll
 0002:00012c8c       ?viewportContextMenuEvent@QScrollView@@MAEXPAVQContextMenuEvent@@@Z 00423c8c f   qt-mt323:qt-mt323.dll
 0002:00012c92       ?viewportDragEnterEvent@QScrollView@@MAEXPAVQDragEnterEvent@@@Z 00423c92 f   qt-mt323:qt-mt323.dll
 0002:00012c98       ?viewportDragLeaveEvent@QScrollView@@MAEXPAVQDragLeaveEvent@@@Z 00423c98 f   qt-mt323:qt-mt323.dll
 0002:00012c9e       ?viewportDragMoveEvent@QScrollView@@MAEXPAVQDragMoveEvent@@@Z 00423c9e f   qt-mt323:qt-mt323.dll
 0002:00012ca4       ?viewportDropEvent@QScrollView@@MAEXPAVQDropEvent@@@Z 00423ca4 f   qt-mt323:qt-mt323.dll
 0002:00012caa       ?viewportMouseDoubleClickEvent@QScrollView@@MAEXPAVQMouseEvent@@@Z 00423caa f   qt-mt323:qt-mt323.dll
 0002:00012cb0       ?viewportMouseMoveEvent@QScrollView@@MAEXPAVQMouseEvent@@@Z 00423cb0 f   qt-mt323:qt-mt323.dll
 0002:00012cb6       ?viewportMousePressEvent@QScrollView@@MAEXPAVQMouseEvent@@@Z 00423cb6 f   qt-mt323:qt-mt323.dll
 0002:00012cbc       ?viewportMouseReleaseEvent@QScrollView@@MAEXPAVQMouseEvent@@@Z 00423cbc f   qt-mt323:qt-mt323.dll
 0002:00012cc2       ?viewportPaintEvent@QScrollView@@MAEXPAVQPaintEvent@@@Z 00423cc2 f   qt-mt323:qt-mt323.dll
 0002:00012cc8       ?viewportResizeEvent@QListView@@MAEXPAVQResizeEvent@@@Z 00423cc8 f   qt-mt323:qt-mt323.dll
 0002:00012cce       ?viewportWheelEvent@QScrollView@@MAEXPAVQWheelEvent@@@Z 00423cce f   qt-mt323:qt-mt323.dll
 0002:00012cd4       ?wheelEvent@QScrollView@@MAEXPAVQWheelEvent@@@Z 00423cd4 f   qt-mt323:qt-mt323.dll
 0002:00012cda       ?widget@QLayoutItem@@UAEPAVQWidget@@XZ 00423cda f   qt-mt323:qt-mt323.dll
 0002:00012ce0       ?windowActivationChange@QLineEdit@@MAEX_N@Z 00423ce0 f   qt-mt323:qt-mt323.dll
 0002:00012ce6       ?windowActivationChange@QListView@@MAEX_N@Z 00423ce6 f   qt-mt323:qt-mt323.dll
 0002:00012cec       _LocalFree@4               00423cec f   kernel32:KERNEL32.dll
 0002:00012cf2       _GetLastError@0            00423cf2 f   kernel32:KERNEL32.dll
 0002:00012cf8       _FormatMessageA@28         00423cf8 f   kernel32:KERNEL32.dll
 0002:00012cfe       _ExpandEnvironmentStringsA@12 00423cfe f   kernel32:KERNEL32.dll
 0002:00012d04       _GetPrivateProfileIntA@16  00423d04 f   kernel32:KERNEL32.dll
 0002:00012d0a       _GetPrivateProfileStringA@24 00423d0a f   kernel32:KERNEL32.dll
 0002:00012d10       _WritePrivateProfileStringA@16 00423d10 f   kernel32:KERNEL32.dll
 0002:00012d16       _GetWindowsDirectoryA@8    00423d16 f   kernel32:KERNEL32.dll
 0002:00012d1c       _RegEnumKeyExA@32          00423d1c f   advapi32:ADVAPI32.dll
 0002:00012d22       _RegEnumValueA@32          00423d22 f   advapi32:ADVAPI32.dll
 0002:00012d28       _RegOpenKeyExA@20          00423d28 f   advapi32:ADVAPI32.dll
 0002:00012d2e       _RegQueryInfoKeyA@48       00423d2e f   advapi32:ADVAPI32.dll
 0002:00012d34       _RegQueryValueExA@24       00423d34 f   advapi32:ADVAPI32.dll
 0002:00012d3a       @_RTC_AllocaHelper@12      00423d3a f   MSVCRT:stack.obj
 0002:00012d78       @_RTC_CheckStackVars2@12   00423d78 f   MSVCRT:stack.obj
 0002:00012e6f       @_RTC_CheckStackVars@8     00423e6f f   MSVCRT:stack.obj
 0002:00012edd       __RTC_CheckEsp             00423edd f   MSVCRT:stack.obj
 0002:00012f08       @__security_check_cookie@4 00423f08 f   MSVCRT:secchk.obj
 0002:00012f1a       __RTC_InitBase             00423f1a f   MSVCRT:init.obj
 0002:00012f4a       __RTC_Shutdown             00423f4a f   MSVCRT:init.obj
 0002:00012f60       ___CxxFrameHandler3        00423f60 f   MSVCRT:MSVCR120.dll
 0002:00012f66       ??2@YAPAXI@Z               00423f66 f   MSVCRT:MSVCR120.dll
 0002:00012f6c       ??3@YAXPAX@Z               00423f6c f   MSVCRT:MSVCR120.dll
 0002:00012f72       _memcpy                    00423f72 f   MSVCRT:MSVCR120.dll
 0002:00012f78       _strlen                    00423f78 f   MSVCRT:MSVCR120.dll
 0002:00012f7e       _exit                      00423f7e f   MSVCRT:MSVCR120.dll
 0002:00012f84       _getenv                    00423f84 f   MSVCRT:MSVCR120.dll
 0002:00012f8a       _free                      00423f8a f   MSVCRT:MSVCR120.dll
 0002:00012f90       _malloc                    00423f90 f   MSVCRT:MSVCR120.dll
 0002:00012f96       _sprintf                   00423f96 f   MSVCRT:MSVCR120.dll
 0002:00012fa0       __alloca_probe_16          00423fa0 f   MSVCRT:alloca16.obj
 0002:00012fb6       __alloca_probe_8           00423fb6     MSVCRT:alloca16.obj
 0002:00012fd7       ??0type_info@@AAE@ABV0@@Z  00423fd7 f   MSVCRT:ti_inst.obj
 0002:00012fe4       ??4type_info@@AAEAAV0@ABV0@@Z 00423fe4 f   MSVCRT:ti_inst.obj
 0002:00012fe9       ??_Etype_info@@UAEPAXI@Z   00423fe9 f i MSVCRT:ti_inst.obj
 0002:00013045       ___atonexitinit            00424045 f   MSVCRT:atonexit.obj
 0002:00013090       __onexit                   00424090 f   MSVCRT:atonexit.obj
 0002:00013163       _atexit                    00424163 f   MSVCRT:atonexit.obj
 0002:000132c1       _NtCurrentTeb              004242c1 f i MSVCRT:crtexew.obj
 0002:000132c8       _WinMainCRTStartup         004242c8 f   MSVCRT:crtexew.obj
 0002:00013657       ?_RTC_AllocaFailure@@YAXPAXPAU_RTC_ALLOCA_NODE@@H@Z 00424657 f   MSVCRT:error.obj
 0002:00013803       ?_RTC_Failure@@YAXPAXH@Z   00424803 f   MSVCRT:error.obj
 0002:0001384e       ?_RTC_StackFailure@@YAXPAXPBD@Z 0042484e f   MSVCRT:error.obj
 0002:00013c75       __RTC_UninitUse            00424c75 f   MSVCRT:error.obj
 0002:00013d8b       ___raise_securityfailure   00424d8b f   MSVCRT:gs_report.obj
 0002:00013dd7       ___report_gsfailure        00424dd7 f   MSVCRT:gs_report.obj
 0002:00013f10       ___report_rangecheckfailure 00424f10 f   MSVCRT:gs_report.obj
 0002:00013f1f       ___report_securityfailure  00424f1f f   MSVCRT:gs_report.obj
 0002:00014023       ___report_securityfailureEx 00425023 f   MSVCRT:gs_report.obj
 0002:0001417e       ?_RTC_GetErrorFunc@@YAP6AHHPBDH00ZZPBX@Z 0042517e f   MSVCRT:userapi.obj
 0002:00014184       ?_RTC_GetErrorFuncW@@YAP6AHHPB_WH00ZZPBX@Z 00425184 f   MSVCRT:userapi.obj
 0002:0001418a       __RTC_GetErrDesc           0042518a f   MSVCRT:userapi.obj
 0002:000141a8       __RTC_NumErrors            004251a8 f   MSVCRT:userapi.obj
 0002:000141ac       __RTC_SetErrorFunc         004251ac f   MSVCRT:userapi.obj
 0002:000141cc       __RTC_SetErrorFuncW        004251cc f   MSVCRT:userapi.obj
 0002:000141ec       __RTC_SetErrorType         004251ec f   MSVCRT:userapi.obj
 0002:00014218       __CRT_RTC_INITW            00425218 f   MSVCRT:MSVCR120.dll
 0002:00014220       __alloca_probe             00425220 f   MSVCRT:chkstk.obj
 0002:00014220       __chkstk                   00425220 f   MSVCRT:chkstk.obj
 0002:00014255       ??_M@YGXPAXIHP6EX0@Z@Z     00425255 f   MSVCRT:ehvecdtr.obj
 0002:000142fe       ?__ArrayUnwind@@YGXPAXIHP6EX0@Z@Z 004252fe f   MSVCRT:ehvecdtr.obj
 0002:00014374       ??1type_info@@UAE@XZ       00425374 f   MSVCRT:MSVCR120.dll
 0002:0001437a       __lock                     0042537a f   MSVCRT:MSVCR120.dll
 0002:00014380       __unlock                   00425380 f   MSVCRT:MSVCR120.dll
 0002:00014386       __calloc_crt               00425386 f   MSVCRT:MSVCR120.dll
 0002:0001438c       ___dllonexit               0042538c f   MSVCRT:MSVCR120.dll
 0002:000143a0       __SEH_prolog4              004253a0 f   MSVCRT:sehprolg4.obj
 0002:000143e5       __SEH_epilog4              004253e5 f   MSVCRT:sehprolg4.obj
 0002:0001440f       __except_handler4          0042540f f   MSVCRT:chandler4gs.obj
 0002:0001443a       ?__CxxUnhandledExceptionFilter@@YGJPAU_EXCEPTION_POINTERS@@@Z 0042543a f   MSVCRT:unhandld.obj
 0002:0001448b       ___CxxSetUnhandledExceptionFilter 0042548b f   MSVCRT:unhandld.obj
 0002:0001449c       __XcptFilter               0042549c f   MSVCRT:MSVCR120.dll
 0002:000144a2       ___crtGetShowWindowMode    004254a2 f   MSVCRT:MSVCR120.dll
 0002:000144a8       __amsg_exit                004254a8 f   MSVCRT:MSVCR120.dll
 0002:000144ae       __setargv                  004254ae f   MSVCRT:dllargv.obj
 0002:000144b2       ___getmainargs             004254b2 f   MSVCRT:MSVCR120.dll
 0002:000144b8       ___set_app_type            004254b8 f   MSVCRT:MSVCR120.dll
 0002:000144c0       __FindPESection            004254c0 f   MSVCRT:pesect.obj
 0002:00014520       __IsNonwritableInCurrentImage 00425520 f   MSVCRT:pesect.obj
 0002:00014610       __ValidateImageBase        00425610 f   MSVCRT:pesect.obj
 0002:0001464e       __exit                     0042564e f   MSVCRT:MSVCR120.dll
 0002:00014654       __cexit                    00425654 f   MSVCRT:MSVCR120.dll
 0002:0001465a       ___security_init_cookie    0042565a f   MSVCRT:gs_support.obj
 0002:0001471d       __matherr                  0042571d f   MSVCRT:merr.obj
 0002:00014720       __ismbblead                00425720 f   MSVCRT:MSVCR120.dll
 0002:00014726       __RTC_Initialize           00425726 f   MSVCRT:initsect.obj
 0002:0001474e       __RTC_Terminate            0042574e f   MSVCRT:initsect.obj
 0002:00014776       __configthreadlocale       00425776 f   MSVCRT:MSVCR120.dll
[...]
 0005:0000085c       __imp_?setColumnWidth@QListView@@UAEXHH@Z 0043585c     qt-mt323:qt-mt323.dll
 0005:00000860       __imp_?setColumnWidthMode@QListView@@UAEXHW4WidthMode@1@@Z 00435860     qt-mt323:qt-mt323.dll
 0005:00000864       __imp_?setContentsPos@QListView@@UAEXHH@Z 00435864     qt-mt323:qt-mt323.dll
 0005:00000868       __imp_?setCornerWidget@QScrollView@@UAEXPAVQWidget@@@Z 00435868     qt-mt323:qt-mt323.dll
 0005:0000086c       __imp_?setCurrentItem@QListView@@UAEXPAVQListViewItem@@@Z 0043586c     qt-mt323:qt-mt323.dll
 0005:00000870       __imp_?setCursorPosition@QLineEdit@@UAEXH@Z 00435870     qt-mt323:qt-mt323.dll
 0005:00000874       __imp_?setDefault@QPushButton@@UAEX_N@Z 00435874     qt-mt323:qt-mt323.dll
 0005:00000878       __imp_?setDefaultRenameAction@QListView@@UAEXW4RenameAction@1@@Z 00435878     qt-mt323:qt-mt323.dll
 0005:0000087c       __imp_?setDown@QButton@@UAEX_N@Z 0043587c     qt-mt323:qt-mt323.dll
 0005:00000880       __imp_?setDragAutoScroll@QScrollView@@UAEX_N@Z 00435880     qt-mt323:qt-mt323.dll
 0005:00000884       __imp_?setDragEnabled@QLineEdit@@UAEX_N@Z 00435884     qt-mt323:qt-mt323.dll
 0005:00000888       __imp_?setEchoMode@QLineEdit@@UAEXW4EchoMode@1@@Z 00435888     qt-mt323:qt-mt323.dll
 0005:0000088c       __imp_?setEnabled@QGroupBox@@UAEX_N@Z 0043588c     qt-mt323:qt-mt323.dll
 0005:00000890       __imp_?setEnabled@QScrollView@@UAEX_N@Z 00435890     qt-mt323:qt-mt323.dll
 0005:00000894       __imp_?setFont@QLabel@@UAEXABVQFont@@@Z 00435894     qt-mt323:qt-mt323.dll
 0005:00000898       __imp_?setFont@QLineEdit@@UAEXABVQFont@@@Z 00435898     qt-mt323:qt-mt323.dll
 0005:0000089c       __imp_?setFont@QListView@@UAEXABVQFont@@@Z 0043589c     qt-mt323:qt-mt323.dll
 0005:000008a0       __imp_?setFrame@QLineEdit@@UAEX_N@Z 004358a0     qt-mt323:qt-mt323.dll
 0005:000008a4       __imp_?setFrameRect@QFrame@@UAEXABVQRect@@@Z 004358a4     qt-mt323:qt-mt323.dll
 0005:000008a8       __imp_?setFrameStyle@QFrame@@UAEXH@Z 004358a8     qt-mt323:qt-mt323.dll
 0005:000008ac       __imp_?setGeometry@QBoxLayout@@UAEXABVQRect@@@Z 004358ac     qt-mt323:qt-mt323.dll
 0005:000008b0       __imp_?setGeometry@QPushButton@@UAEXABVQRect@@@Z 004358b0     qt-mt323:qt-mt323.dll
 0005:000008b4       __imp_?setGeometry@QPushButton@@UAEXHHHH@Z 004358b4     qt-mt323:qt-mt323.dll
 0005:000008b8       __imp_?setGeometry@QSpacerItem@@UAEXABVQRect@@@Z 004358b8     qt-mt323:qt-mt323.dll
 0005:000008bc       __imp_?setGeometry@QWidget@@UAEXABVQRect@@@Z 004358bc     qt-mt323:qt-mt323.dll
 0005:000008c0       __imp_?setGeometry@QWidget@@UAEXHHHH@Z 004358c0     qt-mt323:qt-mt323.dll
 0005:000008c4       __imp_?setGroup@QButton@@EAEXPAVQButtonGroup@@@Z 004358c4     qt-mt323:qt-mt323.dll
 0005:000008c8       __imp_?setHBarGeometry@QScrollView@@MAEXAAVQScrollBar@@HHHH@Z 004358c8     qt-mt323:qt-mt323.dll
 0005:000008cc       __imp_?setHScrollBarMode@QScrollView@@UAEXW4ScrollBarMode@1@@Z 004358cc     qt-mt323:qt-mt323.dll
 0005:000008d0       __imp_?setIsMenuButton@QPushButton@@UAEX_N@Z 004358d0     qt-mt323:qt-mt323.dll
 0005:000008d4       __imp_?setItemMargin@QListView@@UAEXH@Z 004358d4     qt-mt323:qt-mt323.dll
 0005:000008d8       __imp_?setLineWidth@QFrame@@UAEXH@Z 004358d8     qt-mt323:qt-mt323.dll
 0005:000008dc       __imp_?setMargin@QFrame@@UAEXH@Z 004358dc     qt-mt323:qt-mt323.dll
 0005:000008e0       __imp_?setMargin@QLayout@@UAEXH@Z 004358e0     qt-mt323:qt-mt323.dll
 0005:000008e4       __imp_?setMargins@QScrollView@@MAEXHHHH@Z 004358e4     qt-mt323:qt-mt323.dll
 0005:000008e8       __imp_?setMaxLength@QLineEdit@@UAEXH@Z 004358e8     qt-mt323:qt-mt323.dll
 0005:000008ec       __imp_?setMenuBar@QLayout@@UAEXPAVQMenuBar@@@Z 004358ec     qt-mt323:qt-mt323.dll
 0005:000008f0       __imp_?setMidLineWidth@QFrame@@UAEXH@Z 004358f0     qt-mt323:qt-mt323.dll
 0005:000008f4       __imp_?setMovie@QLabel@@UAEXABVQMovie@@@Z 004358f4     qt-mt323:qt-mt323.dll
 0005:000008f8       __imp_?setMultiSelection@QListView@@UAEX_N@Z 004358f8     qt-mt323:qt-mt323.dll
 0005:000008fc       __imp_?setNum@QLabel@@UAEXH@Z 004358fc     qt-mt323:qt-mt323.dll
 0005:00000900       __imp_?setNum@QLabel@@UAEXN@Z 00435900     qt-mt323:qt-mt323.dll
 0005:00000904       __imp_?setOn@QPushButton@@UAEX_N@Z 00435904     qt-mt323:qt-mt323.dll
 0005:00000908       __imp_?setOpen@QListView@@UAEXPAVQListViewItem@@_N@Z 00435908     qt-mt323:qt-mt323.dll
 0005:0000090c       __imp_?setPalette@QLineEdit@@UAEXABVQPalette@@@Z 0043590c     qt-mt323:qt-mt323.dll
 0005:00000910       __imp_?setPalette@QListView@@UAEXABVQPalette@@@Z 00435910     qt-mt323:qt-mt323.dll
 0005:00000914       __imp_?setPicture@QLabel@@UAEXABVQPicture@@@Z 00435914     qt-mt323:qt-mt323.dll
 0005:00000918       __imp_?setPixmap@QButton@@UAEXABVQPixmap@@@Z 00435918     qt-mt323:qt-mt323.dll
 0005:0000091c       __imp_?setPixmap@QLabel@@UAEXABVQPixmap@@@Z 0043591c     qt-mt323:qt-mt323.dll
 0005:00000920       __imp_?setReadOnly@QLineEdit@@UAEX_N@Z 00435920     qt-mt323:qt-mt323.dll
 0005:00000924       __imp_?setResizeMode@QListView@@UAEXW4ResizeMode@1@@Z 00435924     qt-mt323:qt-mt323.dll
 0005:00000928       __imp_?setResizePolicy@QScrollView@@UAEXW4ResizePolicy@1@@Z 00435928     qt-mt323:qt-mt323.dll
 0005:0000092c       __imp_?setRootIsDecorated@QListView@@UAEX_N@Z 0043592c     qt-mt323:qt-mt323.dll
 0005:00000930       __imp_?setSelected@QListView@@UAEXPAVQListViewItem@@_N@Z 00435930     qt-mt323:qt-mt323.dll
 0005:00000934       __imp_?setSelection@QLineEdit@@UAEXHH@Z 00435934     qt-mt323:qt-mt323.dll
 0005:00000938       __imp_?setShowSortIndicator@QListView@@UAEX_N@Z 00435938     qt-mt323:qt-mt323.dll
 0005:0000093c       __imp_?setShowToolTips@QListView@@UAEX_N@Z 0043593c     qt-mt323:qt-mt323.dll
 0005:00000940       __imp_?setSorting@QListView@@UAEXH_N@Z 00435940     qt-mt323:qt-mt323.dll
 0005:00000944       __imp_?setSpacing@QLayout@@UAEXH@Z 00435944     qt-mt323:qt-mt323.dll
 0005:00000948       __imp_?setState@QButton@@MAEXW4ToggleState@1@@Z 00435948     qt-mt323:qt-mt323.dll
 0005:0000094c       __imp_?setText@QButton@@UAEXABVQString@@@Z 0043594c     qt-mt323:qt-mt323.dll
 0005:00000950       __imp_?setText@QLabel@@UAEXABVQString@@@Z 00435950     qt-mt323:qt-mt323.dll
 0005:00000954       __imp_?setText@QLineEdit@@UAEXABVQString@@@Z 00435954     qt-mt323:qt-mt323.dll
 0005:00000958       __imp_?setTitle@QGroupBox@@UAEXABVQString@@@Z 00435958     qt-mt323:qt-mt323.dll
 0005:0000095c       __imp_?setToggleType@QButton@@MAEXW4ToggleType@1@@Z 0043595c     qt-mt323:qt-mt323.dll
 0005:00000960       __imp_?setTreeStepSize@QListView@@UAEXH@Z 00435960     qt-mt323:qt-mt323.dll
 0005:00000964       __imp_?setVBarGeometry@QScrollView@@MAEXAAVQScrollBar@@HHHH@Z 00435964     qt-mt323:qt-mt323.dll
 0005:00000968       __imp_?setVScrollBarMode@QScrollView@@UAEXW4ScrollBarMode@1@@Z 00435968     qt-mt323:qt-mt323.dll
 0005:0000096c       __imp_?setValidator@QLineEdit@@UAEXPBVQValidator@@@Z 0043596c     qt-mt323:qt-mt323.dll
 0005:00000970       __imp_?show@QListView@@UAEXXZ 00435970     qt-mt323:qt-mt323.dll
 0005:00000974       __imp_?show@QWidget@@UAEXXZ 00435974     qt-mt323:qt-mt323.dll
 0005:00000978       __imp_?showEvent@QListView@@MAEXPAVQShowEvent@@@Z 00435978     qt-mt323:qt-mt323.dll
 0005:0000097c       __imp_?sizeHint@QBoxLayout@@UBE?AVQSize@@XZ 0043597c     qt-mt323:qt-mt323.dll
 0005:00000980       __imp_?sizeHint@QGroupBox@@UBE?AVQSize@@XZ 00435980     qt-mt323:qt-mt323.dll
 0005:00000984       __imp_?sizeHint@QLabel@@UBE?AVQSize@@XZ 00435984     qt-mt323:qt-mt323.dll
 0005:00000988       __imp_?sizeHint@QLineEdit@@UBE?AVQSize@@XZ 00435988     qt-mt323:qt-mt323.dll
 0005:0000098c       __imp_?sizeHint@QListView@@UBE?AVQSize@@XZ 0043598c     qt-mt323:qt-mt323.dll
 0005:00000990       __imp_?sizeHint@QPushButton@@UBE?AVQSize@@XZ 00435990     qt-mt323:qt-mt323.dll
 0005:00000994       __imp_?sizeHint@QSpacerItem@@UBE?AVQSize@@XZ 00435994     qt-mt323:qt-mt323.dll
 0005:00000998       __imp_?sort@QListView@@UAEXXZ 00435998     qt-mt323:qt-mt323.dll
 0005:0000099c       __imp_?spacerItem@QLayoutItem@@UAEPAVQSpacerItem@@XZ 0043599c     qt-mt323:qt-mt323.dll
 0005:000009a0       __imp_?spacerItem@QSpacerItem@@UAEPAV1@XZ 004359a0     qt-mt323:qt-mt323.dll
 0005:000009a4       __imp_?startDrag@QListView@@MAEXXZ 004359a4     qt-mt323:qt-mt323.dll
 0005:000009a8       __imp_?styleChange@QFrame@@MAEXAAVQStyle@@@Z 004359a8     qt-mt323:qt-mt323.dll
 0005:000009ac       __imp_?styleChange@QListView@@MAEXAAVQStyle@@@Z 004359ac     qt-mt323:qt-mt323.dll
 0005:000009b0       __imp_?takeItem@QListView@@UAEXPAVQListViewItem@@@Z 004359b0     qt-mt323:qt-mt323.dll
 0005:000009b4       __imp_?undo@QLineEdit@@UAEXXZ 004359b4     qt-mt323:qt-mt323.dll
 0005:000009b8       __imp_?updateMask@QPushButton@@MAEXXZ 004359b8     qt-mt323:qt-mt323.dll
 0005:000009bc       __imp_?viewportContextMenuEvent@QScrollView@@MAEXPAVQContextMenuEvent@@@Z 004359bc     qt-mt323:qt-mt323.dll
 0005:000009c0       __imp_?viewportDragEnterEvent@QScrollView@@MAEXPAVQDragEnterEvent@@@Z 004359c0     qt-mt323:qt-mt323.dll
 0005:000009c4       __imp_?viewportDragLeaveEvent@QScrollView@@MAEXPAVQDragLeaveEvent@@@Z 004359c4     qt-mt323:qt-mt323.dll
 0005:000009c8       __imp_?viewportDragMoveEvent@QScrollView@@MAEXPAVQDragMoveEvent@@@Z 004359c8     qt-mt323:qt-mt323.dll
 0005:000009cc       __imp_?viewportDropEvent@QScrollView@@MAEXPAVQDropEvent@@@Z 004359cc     qt-mt323:qt-mt323.dll
 0005:000009d0       __imp_?viewportMouseDoubleClickEvent@QScrollView@@MAEXPAVQMouseEvent@@@Z 004359d0     qt-mt323:qt-mt323.dll
 0005:000009d4       __imp_?viewportMouseMoveEvent@QScrollView@@MAEXPAVQMouseEvent@@@Z 004359d4     qt-mt323:qt-mt323.dll
 0005:000009d8       __imp_?viewportMousePressEvent@QScrollView@@MAEXPAVQMouseEvent@@@Z 004359d8     qt-mt323:qt-mt323.dll
 0005:000009dc       __imp_?viewportMouseReleaseEvent@QScrollView@@MAEXPAVQMouseEvent@@@Z 004359dc     qt-mt323:qt-mt323.dll
 0005:000009e0       __imp_?viewportPaintEvent@QScrollView@@MAEXPAVQPaintEvent@@@Z 004359e0     qt-mt323:qt-mt323.dll
 0005:000009e4       __imp_?viewportResizeEvent@QListView@@MAEXPAVQResizeEvent@@@Z 004359e4     qt-mt323:qt-mt323.dll
 0005:000009e8       __imp_?viewportWheelEvent@QScrollView@@MAEXPAVQWheelEvent@@@Z 004359e8     qt-mt323:qt-mt323.dll
 0005:000009ec       __imp_?wheelEvent@QScrollView@@MAEXPAVQWheelEvent@@@Z 004359ec     qt-mt323:qt-mt323.dll
 0005:000009f0       __imp_?widget@QLayoutItem@@UAEPAVQWidget@@XZ 004359f0     qt-mt323:qt-mt323.dll
 0005:000009f4       __imp_?windowActivationChange@QLineEdit@@MAEX_N@Z 004359f4     qt-mt323:qt-mt323.dll
 0005:000009f8       __imp_?windowActivationChange@QListView@@MAEX_N@Z 004359f8     qt-mt323:qt-mt323.dll
 0005:000009fc       __imp_?acceptDrop@QListViewItem@@UBE_NPBVQMimeSource@@@Z 004359fc     qt-mt323:qt-mt323.dll
 0005:00000a00       __imp_?cap@QRegExp@@QAE?AVQString@@H@Z 00435a00     qt-mt323:qt-mt323.dll
 0005:00000a04       __imp_?search@QRegExp@@QBEHABVQString@@H@Z 00435a04     qt-mt323:qt-mt323.dll
 0005:00000a08       __imp_??4QRegExp@@QAEAAV0@ABV0@@Z 00435a08     qt-mt323:qt-mt323.dll
 0005:00000a0c       __imp_??1QRegExp@@QAE@XZ   00435a0c     qt-mt323:qt-mt323.dll
 0005:00000a10       __imp_??0QRegExp@@QAE@ABVQString@@_N1@Z 00435a10     qt-mt323:qt-mt323.dll
 0005:00000a14       __imp_??1QPixmap@@UAE@XZ   00435a14     qt-mt323:qt-mt323.dll
 0005:00000a18       __imp_??0QPixmap@@QAE@QAPBD@Z 00435a18     qt-mt323:qt-mt323.dll
 0005:00000a1c       __imp_??1QProcess@@UAE@XZ  00435a1c     qt-mt323:qt-mt323.dll
 0005:00000a20       __imp_??0QProcess@@QAE@ABVQStringList@@PAVQObject@@PBD@Z 00435a20     qt-mt323:qt-mt323.dll
 0005:00000a24       __imp_?findItem@QListView@@QBEPAVQListViewItem@@ABVQString@@HI@Z 00435a24     qt-mt323:qt-mt323.dll
 0005:00000a28       __imp_?currentItem@QListView@@QBEPAVQListViewItem@@XZ 00435a28     qt-mt323:qt-mt323.dll
 0005:00000a2c       __imp_??1QListViewItem@@UAE@XZ 00435a2c     qt-mt323:qt-mt323.dll
 0005:00000a30       __imp_??0QListViewItem@@QAE@PAVQListView@@VQString@@1111111@Z 00435a30     qt-mt323:qt-mt323.dll
 0005:00000a34       __imp_?argv@QApplication@@QBEPAPADXZ 00435a34     qt-mt323:qt-mt323.dll
 0005:00000a38       __imp_?argc@QApplication@@QBEHXZ 00435a38     qt-mt323:qt-mt323.dll
 0005:00000a3c       __imp_?critical@QMessageBox@@SAHPAVQWidget@@ABVQString@@1111HH@Z 00435a3c     qt-mt323:qt-mt323.dll
 0005:00000a40       __imp_?information@QMessageBox@@SAHPAVQWidget@@ABVQString@@1111HH@Z 00435a40     qt-mt323:qt-mt323.dll
 0005:00000a44       __imp_?accept@QDialog@@MAEXXZ 00435a44     qt-mt323:qt-mt323.dll
 0005:00000a48       __imp_?setIcon@QWidget@@UAEXABVQPixmap@@@Z 00435a48     qt-mt323:qt-mt323.dll
 0005:00000a4c       __imp_??1QStringList@@QAE@XZ 00435a4c     qt-mt323:qt-mt323.dll
 0005:00000a50       __imp_?join@QStringList@@QBE?AVQString@@ABV2@@Z 00435a50     qt-mt323:qt-mt323.dll
 0005:00000a54       __imp_?split@QStringList@@SA?AV1@ABVQString@@0_N@Z 00435a54     qt-mt323:qt-mt323.dll
 0005:00000a58       __imp_??0QStringList@@QAE@ABV0@@Z 00435a58     qt-mt323:qt-mt323.dll
 0005:00000a5c       __imp_??0QStringList@@QAE@XZ 00435a5c     qt-mt323:qt-mt323.dll
 0005:00000a60       __imp_?connect@QObject@@SA_NPBV1@PBD01@Z 00435a60     qt-mt323:qt-mt323.dll
 0005:00000a64       __imp_?insert@?$QMap@VQString@@V1@@@QAE?AV?$QMapIterator@VQString@@V1@@@ABVQString@@0_N@Z 00435a64     qt-mt323:qt-mt323.dll
 0005:00000a68       __imp_?find@?$QMap@VQString@@V1@@@QAE?AV?$QMapIterator@VQString@@V1@@@ABVQString@@@Z 00435a68     qt-mt323:qt-mt323.dll
 0005:00000a6c       __imp_?size@?$QMap@VQString@@V1@@@QBEIXZ 00435a6c     qt-mt323:qt-mt323.dll
 0005:00000a70       __imp_?end@?$QMap@VQString@@V1@@@QAE?AV?$QMapIterator@VQString@@V1@@@XZ 00435a70     qt-mt323:qt-mt323.dll
 0005:00000a74       __imp_?begin@?$QMap@VQString@@V1@@@QAE?AV?$QMapIterator@VQString@@V1@@@XZ 00435a74     qt-mt323:qt-mt323.dll
 0005:00000a78       __imp_??1?$QMap@VQString@@V1@@@QAE@XZ 00435a78     qt-mt323:qt-mt323.dll
 0005:00000a7c       __imp_??0?$QMap@VQString@@V1@@@QAE@XZ 00435a7c     qt-mt323:qt-mt323.dll
 0005:00000a80       __imp_?count@?$QValueList@VQString@@@@QBEIXZ 00435a80     qt-mt323:qt-mt323.dll
 0005:00000a84       __imp_??A?$QValueList@VQString@@@@QAEAAVQString@@I@Z 00435a84     qt-mt323:qt-mt323.dll
 0005:00000a88       __imp_?append@?$QValueList@VQString@@@@QAE?AV?$QValueListIterator@VQString@@@@ABVQString@@@Z 00435a88     qt-mt323:qt-mt323.dll
 0005:00000a8c       __imp_??6?$QValueList@VQString@@@@QAEAAV0@ABVQString@@@Z 00435a8c     qt-mt323:qt-mt323.dll
 0005:00000a90       __imp_?endl@@YAAAVQTextStream@@AAV1@@Z 00435a90     qt-mt323:qt-mt323.dll
 0005:00000a94       __imp_??6@YAAAVQTextStream@@AAV0@P6AAAV0@0@Z@Z 00435a94     qt-mt323:qt-mt323.dll
 0005:00000a98       __imp_??6QTextStream@@QAEAAV0@ABVQString@@@Z 00435a98     qt-mt323:qt-mt323.dll
 0005:00000a9c       __imp_??6QTextStream@@QAEAAV0@PBD@Z 00435a9c     qt-mt323:qt-mt323.dll
 0005:00000aa0       __imp_??H@YA?BVQString@@PBDABV0@@Z 00435aa0     qt-mt323:qt-mt323.dll
 0005:00000aa4       __imp_??H@YA?BVQString@@ABV0@PBD@Z 00435aa4     qt-mt323:qt-mt323.dll
 0005:00000aa8       __imp_??H@YA?BVQString@@ABV0@0@Z 00435aa8     qt-mt323:qt-mt323.dll
 0005:00000aac       __imp_??8@YA_NABVQString@@PBD@Z 00435aac     qt-mt323:qt-mt323.dll
 0005:00000ab0       __imp_?startsWith@QString@@QBE_NABV1@@Z 00435ab0     qt-mt323:qt-mt323.dll
 0005:00000ab4       __imp_??BQString@@QBEPBDXZ 00435ab4     qt-mt323:qt-mt323.dll
 0005:00000ab8       __imp_??YQString@@QAEAAV0@ABV0@@Z 00435ab8     qt-mt323:qt-mt323.dll
 0005:00000abc       __imp_?number@QString@@SA?AV1@IH@Z 00435abc     qt-mt323:qt-mt323.dll
 0005:00000ac0       __imp_?number@QString@@SA?AV1@HH@Z 00435ac0     qt-mt323:qt-mt323.dll
 0005:00000ac4       __imp_?toInt@QString@@QBEHPA_NH@Z 00435ac4     qt-mt323:qt-mt323.dll
 0005:00000ac8       __imp_?remove@QString@@QAEAAV1@II@Z 00435ac8     qt-mt323:qt-mt323.dll
 0005:00000acc       __imp_?find@QString@@QBEHPBDH@Z 00435acc     qt-mt323:qt-mt323.dll
 0005:00000ad0       __imp_?find@QString@@QBEHABV1@H_N@Z 00435ad0     qt-mt323:qt-mt323.dll
 0005:00000ad4       __imp_?arg@QString@@QBE?AV1@ABV1@H@Z 00435ad4     qt-mt323:qt-mt323.dll
 0005:00000ad8       __imp_?arg@QString@@QBE?AV1@IHH@Z 00435ad8     qt-mt323:qt-mt323.dll
 0005:00000adc       __imp_?arg@QString@@QBE?AV1@HHH@Z 00435adc     qt-mt323:qt-mt323.dll
 0005:00000ae0       __imp_?arg@QString@@QBE?AV1@KHH@Z 00435ae0     qt-mt323:qt-mt323.dll
 0005:00000ae4       __imp_?length@QString@@QBEIXZ 00435ae4     qt-mt323:qt-mt323.dll
 0005:00000ae8       __imp_??4QString@@QAEAAV0@PBD@Z 00435ae8     qt-mt323:qt-mt323.dll
 0005:00000aec       __imp_??4QString@@QAEAAV0@ABV0@@Z 00435aec     qt-mt323:qt-mt323.dll
 0005:00000af0       __imp_??1QString@@QAE@XZ   00435af0     qt-mt323:qt-mt323.dll
 0005:00000af4       __imp_??0QString@@QAE@PBD@Z 00435af4     qt-mt323:qt-mt323.dll
 0005:00000af8       __imp_??0QString@@QAE@ABV?$QMemArray@D@@@Z 00435af8     qt-mt323:qt-mt323.dll
 0005:00000afc       __imp_??0QString@@QAE@ABV0@@Z 00435afc     qt-mt323:qt-mt323.dll
 0005:00000b00       __imp_??0QString@@QAE@XZ   00435b00     qt-mt323:qt-mt323.dll
 0005:00000b04       __imp_??1?$QMemArray@D@@UAE@XZ 00435b04     qt-mt323:qt-mt323.dll
 0005:00000b08       __imp_?deref@QShared@@QAE_NXZ 00435b08     qt-mt323:qt-mt323.dll
 0005:00000b0c       __imp_??0QShared@@QAE@XZ   00435b0c     qt-mt323:qt-mt323.dll
 0005:00000b10       __imp_?qWarning@@YAXPBDZZ  00435b10     qt-mt323:qt-mt323.dll
 0005:00000b14       __imp_?qDebug@@YAXPBDZZ    00435b14     qt-mt323:qt-mt323.dll
 0005:00000b18       __imp_?exec@QDialog@@QAEHXZ 00435b18     qt-mt323:qt-mt323.dll
 0005:00000b1c       __imp_?setMainWidget@QApplication@@UAEXPAVQWidget@@@Z 00435b1c     qt-mt323:qt-mt323.dll
 0005:00000b20       __imp_??1QApplication@@UAE@XZ 00435b20     qt-mt323:qt-mt323.dll
 0005:00000b24       __imp_?cut@QLineEdit@@UAEXXZ 00435b24     qt-mt323:qt-mt323.dll
 0005:00000b28       __imp_??0QApplication@@QAE@AAHPAPAD@Z 00435b28     qt-mt323:qt-mt323.dll
 0005:00000b2c       __imp_?deleteData@QGArray@@MAEXPAUarray_data@1@@Z 00435b2c     qt-mt323:qt-mt323.dll
 0005:00000b30       __imp_?newData@QGArray@@MAEPAUarray_data@1@XZ 00435b30     qt-mt323:qt-mt323.dll
 0005:00000b34       __imp_??1QGArray@@MAE@XZ   00435b34     qt-mt323:qt-mt323.dll
 0005:00000b38       __imp_?qWinMain@@YAXPAUHINSTANCE__@@0PADHAAHAAV?$QMemArray@PAD@@@Z 00435b38     qt-mt323:qt-mt323.dll
 0005:00000b3c       __imp_??0QGArray@@IAE@H@Z  00435b3c     qt-mt323:qt-mt323.dll
 0005:00000b40       __imp_?duplicate@QGArray@@IAEAAV1@ABV1@@Z 00435b40     qt-mt323:qt-mt323.dll
 0005:00000b44       __imp_??_7?$QMemArray@H@@6B@ 00435b44     qt-mt323:qt-mt323.dll
 0005:00000b48       __imp_??_7?$QMemArray@_N@@6B@ 00435b48     qt-mt323:qt-mt323.dll
 0005:00000b4c       __imp_??_7?$QMemArray@D@@6B@ 00435b4c     qt-mt323:qt-mt323.dll
 0005:00000b50       __imp_??_7?$QMemArray@VQPoint@@@@6B@ 00435b50     qt-mt323:qt-mt323.dll
 0005:00000b54       __imp_??1QGList@@MAE@XZ    00435b54     qt-mt323:qt-mt323.dll
 0005:00000b58       __imp_?clear@QGList@@MAEXXZ 00435b58     qt-mt323:qt-mt323.dll
 0005:00000b5c       __imp_??_7?$QPtrList@D@@6B@ 00435b5c     qt-mt323:qt-mt323.dll
 0005:00000b60       __imp_??_7?$QPtrList@VQObject@@@@6B@ 00435b60     qt-mt323:qt-mt323.dll
 0005:00000b64       __imp_??_7?$QPtrList@VQWidget@@@@6B@ 00435b64     qt-mt323:qt-mt323.dll
 0005:00000b68       \177qt-mt323_NULL_THUNK_DATA 00435b68     qt-mt323:qt-mt323.dll
 0005:00000d7c       __IMPORT_DESCRIPTOR_qt-mt323 00435d7c     qt-mt323:qt-mt323.dll
 0005:00000d90       __IMPORT_DESCRIPTOR_KERNEL32 00435d90     kernel32:KERNEL32.dll
 0005:00000da4       __IMPORT_DESCRIPTOR_ADVAPI32 00435da4     advapi32:ADVAPI32.dll
 0005:00000db8       __IMPORT_DESCRIPTOR_MSVCR120 00435db8     MSVCRT:MSVCR120.dll
 0005:00000dcc       __NULL_IMPORT_DESCRIPTOR   00435dcc     qt-mt323:qt-mt323.dll
