 slinkClient

 Timestamp is 5e9dbcb0 (Mon Apr 20 16:16:00 2020)

 Preferred load address is 00400000

 Start         Length     Name                   Class
 0001:00000000 000000f8H .text                   CODE
 0001:00000100 000000bbH .text$di                CODE
 0001:000001c0 00020614H .text$mn                CODE
 0001:000207e0 00003837H .text$x                 CODE
 0001:00024020 000000c2H .text$yd                CODE
 0002:00000000 00000bf8H .idata$5                DATA
 0002:00000bf8 00000004H .CRT$XCA                DATA
 0002:00000bfc 00000004H .CRT$XCAA               DATA
 0002:00000c00 00000024H .CRT$XCU                DATA
 0002:00000c24 00000004H .CRT$XCZ                DATA
 0002:00000c28 00000004H .CRT$XIA                DATA
 0002:00000c2c 00000004H .CRT$XIAA               DATA
 0002:00000c30 00000004H .CRT$XIC                DATA
 0002:00000c34 00000004H .CRT$XIY                DATA
 0002:00000c38 00000004H .CRT$XIZ                DATA
 0002:00000c40 00005dc0H .rdata                  DATA
 0002:00006a00 00001270H .rdata$r                DATA
 0002:00007c70 00000004H .rtc$IAA                DATA
 0002:00007c74 00000004H .rtc$IZZ                DATA
 0002:00007c78 00000004H .rtc$TAA                DATA
 0002:00007c7c 00000004H .rtc$TZZ                DATA
 0002:00007c80 0000338cH .xdata$x                DATA
 0002:0000b00c 00000000H .edata                  DATA
 0002:0000b00c 000000f0H .idata$2                DATA
 0002:0000b0fc 00000014H .idata$3                DATA
 0002:0000b110 00000bf8H .idata$4                DATA
 0002:0000bd08 00007d48H .idata$6                DATA
 0003:00000000 000005ccH .data                   DATA
 0003:000005cc 00000614H .data$r                 DATA
 0003:00000be0 00000628H .bss                    DATA
 0004:00000000 000001c0H .rsrc$01                DATA
 0004:000001c0 00008da8H .rsrc$02                DATA

  Address         Publics by Value              Rva+Base       Lib:Object

 0000:00000000       ___safe_se_handler_count   00000000     <absolute>
 0000:00000000       __except_list              00000000     <absolute>
 0000:00000000       ___guard_fids_table        00000000     <absolute>
 0000:00000000       ___guard_flags             00000000     <absolute>
 0000:00000000       ___safe_se_handler_table   00000000     <absolute>
 0000:00000000       ___guard_fids_count        00000000     <absolute>
 0000:00009876       __ldused                   00009876     <absolute>
 0000:00009876       __fltused                  00009876     <absolute>
 0000:00000000       ___ImageBase               00400000     <linker-defined>
 0001:00000000       _HtmlHelpA@16              00401000 f   htmlhelp:init.obj
 0001:000001c0       ??0cBncsVersion@@QAE@PBD@Z 004011c0 f   cBncsVersion.obj
 0001:000007e0       ??1cBncsVersion@@UAE@XZ    004017e0 f   cBncsVersion.obj
 0001:000008c0       ??_GcBncsVersion@@UAEPAXI@Z 004018c0 f i cBncsVersion.obj
 0001:000008c0       ??_EcBncsVersion@@UAEPAXI@Z 004018c0 f i cBncsVersion.obj
 0001:000008f0       ??0bncs_disklog@@QAE@PBDW4filetype@0@@Z 004018f0 f   bncs_disklog.obj
 0001:00000920       ??_Gbncs_disklog@@UAEPAXI@Z 00401920 f i bncs_disklog.obj
 0001:00000920       ??_Ebncs_disklog@@UAEPAXI@Z 00401920 f i bncs_disklog.obj
 0001:00000960       ?createDirectory@bncs_disklog@@AAEXPBD@Z 00401960 f   bncs_disklog.obj
 0001:00000a60       ?openLogFile@bncs_disklog@@AAEXPBDW4filetype@1@@Z 00401a60 f   bncs_disklog.obj
 0001:00000ca0       ?write@bncs_disklog@@QAEXPBD00000@Z 00401ca0 f   bncs_disklog.obj
 0001:00000ee0       ??$?HDU?$char_traits@D@std@@V?$allocator@D@1@@std@@YA?AV?$basic_string@DU?$char_traits@D@std@@V?$allocator@D@2@@0@$$QAV10@ABV10@@Z 00401ee0 f i ccCheck.obj
 0001:00000f60       ??$?HDU?$char_traits@D@std@@V?$allocator@D@1@@std@@YA?AV?$basic_string@DU?$char_traits@D@std@@V?$allocator@D@2@@0@$$QAV10@PBD@Z 00401f60 f i ccCheck.obj
 0001:00001000       ??$?HDU?$char_traits@D@std@@V?$allocator@D@1@@std@@YA?AV?$basic_string@DU?$char_traits@D@std@@V?$allocator@D@2@@0@ABV10@PBD@Z 00402000 f i ccCheck.obj
 0001:000010f0       ??$?HDU?$char_traits@D@std@@V?$allocator@D@1@@std@@YA?AV?$basic_string@DU?$char_traits@D@std@@V?$allocator@D@2@@0@PBDABV10@@Z 004020f0 f i ccCheck.obj
 0001:000011e0       ??0?$basic_string@DU?$char_traits@D@std@@V?$allocator@D@2@@std@@QAE@$$QAV01@@Z 004021e0 f i ccCheck.obj
 0001:00001250       ??0?$basic_string@DU?$char_traits@D@std@@V?$allocator@D@2@@std@@QAE@PBD@Z 00402250 f i ccCheck.obj
 0001:000012b0       ??0ccCheck@@QAE@ABV?$basic_string@DU?$char_traits@D@std@@V?$allocator@D@2@@std@@@Z 004022b0 f   ccCheck.obj
 0001:00001310       ??1?$basic_string@DU?$char_traits@D@std@@V?$allocator@D@2@@std@@QAE@XZ 00402310 f i ccCheck.obj
 0001:00001340       ??1ccCheck@@UAE@XZ         00402340 f   ccCheck.obj
 0001:00001370       ??_EccCheck@@UAEPAXI@Z     00402370 f i ccCheck.obj
 0001:00001370       ??_GccCheck@@UAEPAXI@Z     00402370 f i ccCheck.obj
 0001:000013c0       ??_E_System_error_category@std@@UAEPAXI@Z 004023c0 f i ccCheck.obj
 0001:000013c0       ??_Eerror_category@std@@UAEPAXI@Z 004023c0 f i ccCheck.obj
 0001:000013c0       ??_Gerror_category@std@@UAEPAXI@Z 004023c0 f i ccCheck.obj
 0001:000013c0       ??_E_Generic_error_category@std@@UAEPAXI@Z 004023c0 f i ccCheck.obj
 0001:000013c0       ??_G_System_error_category@std@@UAEPAXI@Z 004023c0 f i ccCheck.obj
 0001:000013c0       ??_G_Generic_error_category@std@@UAEPAXI@Z 004023c0 f i ccCheck.obj
 0001:000013c0       ??_E_Iostream_error_category@std@@UAEPAXI@Z 004023c0 f i ccCheck.obj
 0001:000013c0       ??_G_Iostream_error_category@std@@UAEPAXI@Z 004023c0 f i ccCheck.obj
 0001:000013f0       ?_Assign_rv@?$basic_string@DU?$char_traits@D@std@@V?$allocator@D@2@@std@@QAEX$$QAV12@@Z 004023f0 f i ccCheck.obj
 0001:00001450       ?_Copy@?$basic_string@DU?$char_traits@D@std@@V?$allocator@D@2@@std@@QAEXII@Z 00402450 f i ccCheck.obj
 0001:000015a0       ?_Grow@?$basic_string@DU?$char_traits@D@std@@V?$allocator@D@2@@std@@QAE_NI_N@Z 004025a0 f i ccCheck.obj
 0001:00001650       ?allocate@?$_Wrap_alloc@V?$allocator@D@std@@@std@@QAEPADI@Z 00402650 f i ccCheck.obj
 0001:00001680       ?append@?$basic_string@DU?$char_traits@D@std@@V?$allocator@D@2@@std@@QAEAAV12@ABV12@II@Z 00402680 f i ccCheck.obj
 0001:00001740       ?append@?$basic_string@DU?$char_traits@D@std@@V?$allocator@D@2@@std@@QAEAAV12@PBDI@Z 00402740 f i ccCheck.obj
 0001:00001830       ?assign@?$basic_string@DU?$char_traits@D@std@@V?$allocator@D@2@@std@@QAEAAV12@ABV12@II@Z 00402830 f i ccCheck.obj
 0001:00001950       ?assign@?$basic_string@DU?$char_traits@D@std@@V?$allocator@D@2@@std@@QAEAAV12@PBDI@Z 00402950 f i ccCheck.obj
 0001:00001a50       ?checkDatabase@ccCheck@@QAE_NII@Z 00402a50 f   ccCheck.obj
 0001:00001af0       ?checkDevice@ccCheck@@QAE_NI@Z 00402af0 f   ccCheck.obj
 0001:00001bd0       ?checkIndex@ccCheck@@QAE_NI@Z 00402bd0 f   ccCheck.obj
 0001:00001cb0       ?checkString@ccCheck@@QAE_NABV?$basic_string@DU?$char_traits@D@std@@V?$allocator@D@2@@std@@@Z 00402cb0 f   ccCheck.obj
 0001:00001d40       ?checkWorkstation@ccCheck@@QAE_NI@Z 00402d40 f   ccCheck.obj
 0001:00001e60       ?default_error_condition@_System_error_category@std@@UBE?AVerror_condition@2@H@Z 00402e60 f i ccCheck.obj
 0001:00001ea0       ?default_error_condition@error_category@std@@UBE?AVerror_condition@2@H@Z 00402ea0 f i ccCheck.obj
 0001:00001ec0       ?equivalent@error_category@std@@UBE_NABVerror_code@2@H@Z 00402ec0 f i ccCheck.obj
 0001:00001ee0       ?equivalent@error_category@std@@UBE_NHABVerror_condition@2@@Z 00402ee0 f i ccCheck.obj
 0001:00001f20       ?erase@?$basic_string@DU?$char_traits@D@std@@V?$allocator@D@2@@std@@QAEAAV12@II@Z 00402f20 f i ccCheck.obj
 0001:00001fc0       ?log@ccCheck@@QAEXABV?$basic_string@DU?$char_traits@D@std@@V?$allocator@D@2@@std@@@Z 00402fc0 f   ccCheck.obj
 0001:000020b0       ?message@_Generic_error_category@std@@UBE?AV?$basic_string@DU?$char_traits@D@std@@V?$allocator@D@2@@2@H@Z 004030b0 f i ccCheck.obj
 0001:00002130       ?message@_Iostream_error_category@std@@UBE?AV?$basic_string@DU?$char_traits@D@std@@V?$allocator@D@2@@2@H@Z 00403130 f i ccCheck.obj
 0001:00002180       ?message@_System_error_category@std@@UBE?AV?$basic_string@DU?$char_traits@D@std@@V?$allocator@D@2@@2@H@Z 00403180 f i ccCheck.obj
 0001:00002200       ?name@_Generic_error_category@std@@UBEPBDXZ 00403200 f i ccCheck.obj
 0001:00002210       ?name@_Iostream_error_category@std@@UBEPBDXZ 00403210 f i ccCheck.obj
 0001:00002220       ?name@_System_error_category@std@@UBEPBDXZ 00403220 f i ccCheck.obj
 0001:00002230       ?setMaxDatabase@ccCheck@@QAEXI@Z 00403230 f   ccCheck.obj
 0001:00002240       ?setMaxDevice@ccCheck@@QAEXI@Z 00403240 f   ccCheck.obj
 0001:00002250       ?setMaxIndex@ccCheck@@QAEXI@Z 00403250 f   ccCheck.obj
 0001:00002260       ?setMaxSource@ccCheck@@QAEXH@Z 00403260 f   ccCheck.obj
 0001:00002270       ?setMaxString@ccCheck@@QAEXI@Z 00403270 f   ccCheck.obj
 0001:00002290       ??0ccClient@@QAE@PAVIccClientCallback@@ABV?$basic_string@DU?$char_traits@D@std@@V?$allocator@D@2@@std@@@Z 00403290 f   ccClient.obj
 0001:00002480       ??1?$queue@V?$basic_string@DU?$char_traits@D@std@@V?$allocator@D@2@@std@@V?$deque@V?$basic_string@DU?$char_traits@D@std@@V?$allocator@D@2@@std@@V?$allocator@V?$basic_string@DU?$char_traits@D@std@@V?$allocator@D@2@@std@@@2@@2@@std@@QAE@XZ 00403480 f i ccClient.obj
 0001:000024a0       ??1ccClient@@UAE@XZ        004034a0 f   ccClient.obj
 0001:00002550       ??4?$basic_string@DU?$char_traits@D@std@@V?$allocator@D@2@@std@@QAEAAV01@PBD@Z 00403550 f i ccClient.obj
 0001:00002590       ??_GccClient@@UAEPAXI@Z    00403590 f i ccClient.obj
 0001:00002590       ??_EccClient@@UAEPAXI@Z    00403590 f i ccClient.obj
 0001:000025c0       ?WndProc@ccClient@@CGJPAUHWND__@@IIJ@Z 004035c0 f   ccClient.obj
 0001:00002f70       ?_Growmap@?$deque@V?$basic_string@DU?$char_traits@D@std@@V?$allocator@D@2@@std@@V?$allocator@V?$basic_string@DU?$char_traits@D@std@@V?$allocator@D@2@@std@@@2@@std@@IAEXI@Z 00403f70 f i ccClient.obj
 0001:000030f0       ?_Tidy@?$deque@V?$basic_string@DU?$char_traits@D@std@@V?$allocator@D@2@@std@@V?$allocator@V?$basic_string@DU?$char_traits@D@std@@V?$allocator@D@2@@std@@@2@@std@@IAEXXZ 004040f0 f i ccClient.obj
 0001:00003190       ?begin@?$deque@VccDriverPost@@V?$allocator@VccDriverPost@@@std@@@std@@QAE?AV?$_Deque_iterator@V?$_Deque_val@U?$_Deque_simple_types@VccDriverPost@@@std@@@std@@@2@XZ 00404190 f i ccDriver.obj
 0001:00003190       ?begin@?$deque@V?$basic_string@DU?$char_traits@D@std@@V?$allocator@D@2@@std@@V?$allocator@V?$basic_string@DU?$char_traits@D@std@@V?$allocator@D@2@@std@@@2@@std@@QAE?AV?$_Deque_iterator@V?$_Deque_val@U?$_Deque_simple_types@V?$basic_string@DU?$char_traits@D@std@@V?$allocator@D@2@@std@@@std@@@std@@@2@XZ 00404190 f i ccClient.obj
 0001:00003190       ?begin@?$deque@VccInfodriverPost@@V?$allocator@VccInfodriverPost@@@std@@@std@@QAE?AV?$_Deque_iterator@V?$_Deque_val@U?$_Deque_simple_types@VccInfodriverPost@@@std@@@std@@@2@XZ 00404190 f i ccInfodriver.obj
 0001:000031b0       ?connect@ccClient@@QAE_NW4ipcType@cc@@J@Z 004041b0 f   ccClient.obj
 0001:00003440       ?deviceProfile@ccClient@@QAEXHAAH00AAV?$basic_string@DU?$char_traits@D@std@@V?$allocator@D@2@@std@@@Z 00404440 f   ccClient.obj
 0001:000035e0       ?disconnect@ccClient@@QAE_NXZ 004045e0 f   ccClient.obj
 0001:00003640       ?push_back@?$deque@V?$basic_string@DU?$char_traits@D@std@@V?$allocator@D@2@@std@@V?$allocator@V?$basic_string@DU?$char_traits@D@std@@V?$allocator@D@2@@std@@@2@@std@@QAEX$$QAV?$basic_string@DU?$char_traits@D@std@@V?$allocator@D@2@@2@@Z 00404640 f i ccClient.obj
 0001:000036b0       ?push_back@?$deque@V?$basic_string@DU?$char_traits@D@std@@V?$allocator@D@2@@std@@V?$allocator@V?$basic_string@DU?$char_traits@D@std@@V?$allocator@D@2@@std@@@2@@std@@QAEXABV?$basic_string@DU?$char_traits@D@std@@V?$allocator@D@2@@2@@Z 004046b0 f i ccClient.obj
 0001:00003770       ??$?0V?$basic_string@DU?$char_traits@D@std@@V?$allocator@D@2@@std@@V01@X@?$pair@$$CBV?$basic_string@DU?$char_traits@D@std@@V?$allocator@D@2@@std@@V12@@std@@QAE@$$QAU?$pair@V?$basic_string@DU?$char_traits@D@std@@V?$allocator@D@2@@std@@V12@@1@@Z 00404770 f i ccConfig.obj
 0001:00003840       ??$_Buynode@U?$pair@V?$basic_string@DU?$char_traits@D@std@@V?$allocator@D@2@@std@@V12@@std@@@?$_Tree_buy@U?$pair@$$CBV?$basic_string@DU?$char_traits@D@std@@V?$allocator@D@2@@std@@V12@@std@@V?$allocator@U?$pair@$$CBV?$basic_string@DU?$char_traits@D@std@@V?$allocator@D@2@@std@@V12@@std@@@2@@std@@QAEPAU?$_Tree_node@U?$pair@$$CBV?$basic_string@DU?$char_traits@D@std@@V?$allocator@D@2@@std@@V12@@std@@PAX@1@$$QAU?$pair@V?$basic_string@DU?$char_traits@D@std@@V?$allocator@D@2@@std@@V12@@1@@Z 00404840 f i ccConfig.obj
 0001:00003870       ??$_Insert_at@AAU?$pair@$$CBV?$basic_string@DU?$char_traits@D@std@@V?$allocator@D@2@@std@@V12@@std@@PAU?$_Tree_node@U?$pair@$$CBV?$basic_string@DU?$char_traits@D@std@@V?$allocator@D@2@@std@@V12@@std@@PAX@2@@?$_Tree@V?$_Tmap_traits@V?$basic_string@DU?$char_traits@D@std@@V?$allocator@D@2@@std@@V12@U?$less@V?$basic_string@DU?$char_traits@D@std@@V?$allocator@D@2@@std@@@2@V?$allocator@U?$pair@$$CBV?$basic_string@DU?$char_traits@D@std@@V?$allocator@D@2@@std@@V12@@std@@@2@$0A@@std@@@std@@IAE?AV?$_Tree_iterator@V?$_Tree_val@U?$_Tree_simple_types@U?$pair@$$CBV?$basic_string@DU?$char_traits@D@std@@V?$allocator@D@2@@std@@V12@@std@@@std@@@std@@@1@_NPAU?$_Tree_node@U?$pair@$$CBV?$basic_string@DU?$char_traits@D@std@@V?$allocator@D@2@@std@@V12@@std@@PAX@1@AAU?$pair@$$CBV?$basic_string@DU?$char_traits@D@std@@V?$allocator@D@2@@std@@V12@@1@1@Z 00404870 f i ccConfig.obj
 0001:00003a80       ??$_Insert_nohint@AAU?$pair@$$CBV?$basic_string@DU?$char_traits@D@std@@V?$allocator@D@2@@std@@V12@@std@@PAU?$_Tree_node@U?$pair@$$CBV?$basic_string@DU?$char_traits@D@std@@V?$allocator@D@2@@std@@V12@@std@@PAX@2@@?$_Tree@V?$_Tmap_traits@V?$basic_string@DU?$char_traits@D@std@@V?$allocator@D@2@@std@@V12@U?$less@V?$basic_string@DU?$char_traits@D@std@@V?$allocator@D@2@@std@@@2@V?$allocator@U?$pair@$$CBV?$basic_string@DU?$char_traits@D@std@@V?$allocator@D@2@@std@@V12@@std@@@2@$0A@@std@@@std@@IAE?AU?$pair@V?$_Tree_iterator@V?$_Tree_val@U?$_Tree_simple_types@U?$pair@$$CBV?$basic_string@DU?$char_traits@D@std@@V?$allocator@D@2@@std@@V12@@std@@@std@@@std@@@std@@_N@1@_NAAU?$pair@$$CBV?$basic_string@DU?$char_traits@D@std@@V?$allocator@D@2@@std@@V12@@1@PAU?$_Tree_node@U?$pair@$$CBV?$basic_string@DU?$char_traits@D@std@@V?$allocator@D@2@@std@@V12@@std@@PAX@1@@Z 00404a80 f i ccConfig.obj
 0001:00003cf0       ??0ccConfig@@QAE@ABV?$basic_string@DU?$char_traits@D@std@@V?$allocator@D@2@@std@@0@Z 00404cf0 f   ccConfig.obj
 0001:00003e10       ??1?$map@V?$basic_string@DU?$char_traits@D@std@@V?$allocator@D@2@@std@@V12@U?$less@V?$basic_string@DU?$char_traits@D@std@@V?$allocator@D@2@@std@@@2@V?$allocator@U?$pair@$$CBV?$basic_string@DU?$char_traits@D@std@@V?$allocator@D@2@@std@@V12@@std@@@2@@std@@QAE@XZ 00404e10 f i ccConfig.obj
 0001:00003e40       ??1?$pair@V?$basic_string@DU?$char_traits@D@std@@V?$allocator@D@2@@std@@V12@@std@@QAE@XZ 00404e40 f i ccConfig.obj
 0001:00003e90       ??1ccConfig@@UAE@XZ        00404e90 f   ccConfig.obj
 0001:00003f10       ??_EccConfig@@UAEPAXI@Z    00404f10 f i ccConfig.obj
 0001:00003f10       ??_GccConfig@@UAEPAXI@Z    00404f10 f i ccConfig.obj
 0001:00003f40       ?_Buyheadnode@?$_Tree_alloc@$0A@U?$_Tree_base_types@U?$pair@$$CBV?$basic_string@DU?$char_traits@D@std@@V?$allocator@D@2@@std@@V12@@std@@V?$allocator@U?$pair@$$CBV?$basic_string@DU?$char_traits@D@std@@V?$allocator@D@2@@std@@V12@@std@@@2@@std@@@std@@QAEPAU?$_Tree_node@U?$pair@$$CBV?$basic_string@DU?$char_traits@D@std@@V?$allocator@D@2@@std@@V12@@std@@PAX@2@XZ 00404f40 f i ccConfig.obj
 0001:00003f70       ?_Buynode0@?$_Tree_buy@U?$pair@$$CBV?$basic_string@DU?$char_traits@D@std@@V?$allocator@D@2@@std@@V12@@std@@V?$allocator@U?$pair@$$CBV?$basic_string@DU?$char_traits@D@std@@V?$allocator@D@2@@std@@V12@@std@@@2@@std@@QAEPAU?$_Tree_node@U?$pair@$$CBV?$basic_string@DU?$char_traits@D@std@@V?$allocator@D@2@@std@@V12@@std@@PAX@2@XZ 00404f70 f i ccConfig.obj
 0001:00003fb0       ?_Destroy_if_not_nil@?$_Tree@V?$_Tmap_traits@V?$basic_string@DU?$char_traits@D@std@@V?$allocator@D@2@@std@@V12@U?$less@V?$basic_string@DU?$char_traits@D@std@@V?$allocator@D@2@@std@@@2@V?$allocator@U?$pair@$$CBV?$basic_string@DU?$char_traits@D@std@@V?$allocator@D@2@@std@@V12@@std@@@2@$0A@@std@@@std@@IAEXPAU?$_Tree_node@U?$pair@$$CBV?$basic_string@DU?$char_traits@D@std@@V?$allocator@D@2@@std@@V12@@std@@PAX@2@@Z 00404fb0 f i ccConfig.obj
 0001:00004010       ?_Erase@?$_Tree@V?$_Tmap_traits@V?$basic_string@DU?$char_traits@D@std@@V?$allocator@D@2@@std@@V12@U?$less@V?$basic_string@DU?$char_traits@D@std@@V?$allocator@D@2@@std@@@2@V?$allocator@U?$pair@$$CBV?$basic_string@DU?$char_traits@D@std@@V?$allocator@D@2@@std@@V12@@std@@@2@$0A@@std@@@std@@IAEXPAU?$_Tree_node@U?$pair@$$CBV?$basic_string@DU?$char_traits@D@std@@V?$allocator@D@2@@std@@V12@@std@@PAX@2@@Z 00405010 f i ccConfig.obj
 0001:00004090       ?buftolower@ccConfig@@CAPADPAD@Z 00405090 f   ccConfig.obj
 0001:000040e0       ?compare@?$basic_string@DU?$char_traits@D@std@@V?$allocator@D@2@@std@@QBEHIIPBDI@Z 004050e0 f i ccConfig.obj
 0001:00004150       ?compare@?$char_traits@D@std@@SAHPBD0I@Z 00405150 f i ccConfig.obj
 0001:000041c0       ?erase@?$_Tree@V?$_Tmap_traits@V?$basic_string@DU?$char_traits@D@std@@V?$allocator@D@2@@std@@V12@U?$less@V?$basic_string@DU?$char_traits@D@std@@V?$allocator@D@2@@std@@@2@V?$allocator@U?$pair@$$CBV?$basic_string@DU?$char_traits@D@std@@V?$allocator@D@2@@std@@V12@@std@@@2@$0A@@std@@@std@@QAE?AV?$_Tree_iterator@V?$_Tree_val@U?$_Tree_simple_types@U?$pair@$$CBV?$basic_string@DU?$char_traits@D@std@@V?$allocator@D@2@@std@@V12@@std@@@std@@@std@@@2@V?$_Tree_const_iterator@V?$_Tree_val@U?$_Tree_simple_types@U?$pair@$$CBV?$basic_string@DU?$char_traits@D@std@@V?$allocator@D@2@@std@@V12@@std@@@std@@@std@@@2@0@Z 004051c0 f i ccConfig.obj
 0001:00004280       ?erase@?$_Tree@V?$_Tmap_traits@V?$basic_string@DU?$char_traits@D@std@@V?$allocator@D@2@@std@@V12@U?$less@V?$basic_string@DU?$char_traits@D@std@@V?$allocator@D@2@@std@@@2@V?$allocator@U?$pair@$$CBV?$basic_string@DU?$char_traits@D@std@@V?$allocator@D@2@@std@@V12@@std@@@2@$0A@@std@@@std@@QAE?AV?$_Tree_iterator@V?$_Tree_val@U?$_Tree_simple_types@U?$pair@$$CBV?$basic_string@DU?$char_traits@D@std@@V?$allocator@D@2@@std@@V12@@std@@@std@@@std@@@2@V?$_Tree_const_iterator@V?$_Tree_val@U?$_Tree_simple_types@U?$pair@$$CBV?$basic_string@DU?$char_traits@D@std@@V?$allocator@D@2@@std@@V12@@std@@@std@@@std@@@2@@Z 00405280 f i ccConfig.obj
 0001:00004550       ?find@ccConfig@@AAE?AV?$_Tree_iterator@V?$_Tree_val@U?$_Tree_simple_types@U?$pair@$$CBV?$basic_string@DU?$char_traits@D@std@@V?$allocator@D@2@@std@@V12@@std@@@std@@@std@@@std@@ABV?$basic_string@DU?$char_traits@D@std@@V?$allocator@D@2@@3@@Z 00405550 f   ccConfig.obj
 0001:00004710       ?getDevPath@ccConfig@@SA?AV?$basic_string@DU?$char_traits@D@std@@V?$allocator@D@2@@std@@ABV23@@Z 00405710 f   ccConfig.obj
 0001:000047d0       ?getDevPath@ccConfig@@SA?AV?$basic_string@DU?$char_traits@D@std@@V?$allocator@D@2@@std@@XZ 004057d0 f   ccConfig.obj
 0001:000049e0       ?getInt@ccConfig@@QAEHABV?$basic_string@DU?$char_traits@D@std@@V?$allocator@D@2@@std@@H_N@Z 004059e0 f   ccConfig.obj
 0001:00004aa0       ?getInt@ccConfig@@SAHABV?$basic_string@DU?$char_traits@D@std@@V?$allocator@D@2@@std@@00H_N@Z 00405aa0 f   ccConfig.obj
 0001:00004bf0       ?getInt@ccConfig@@SAHHABV?$basic_string@DU?$char_traits@D@std@@V?$allocator@D@2@@std@@0H_N@Z 00405bf0 f   ccConfig.obj
 0001:00004d40       ?getString@ccConfig@@QAE?AV?$basic_string@DU?$char_traits@D@std@@V?$allocator@D@2@@std@@ABV23@0_N@Z 00405d40 f   ccConfig.obj
 0001:00004de0       ?getString@ccConfig@@SA?AV?$basic_string@DU?$char_traits@D@std@@V?$allocator@D@2@@std@@HABV23@00_N@Z 00405de0 f   ccConfig.obj
 0001:00005030       ?isV3Based@ccConfig@@SA_NXZ 00406030 f   ccConfig.obj
 0001:000050e0       ?readConfigSectionAbs@ccConfig@@CAXABV?$basic_string@DU?$char_traits@D@std@@V?$allocator@D@2@@std@@0AAV?$map@V?$basic_string@DU?$char_traits@D@std@@V?$allocator@D@2@@std@@V12@U?$less@V?$basic_string@DU?$char_traits@D@std@@V?$allocator@D@2@@std@@@2@V?$allocator@U?$pair@$$CBV?$basic_string@DU?$char_traits@D@std@@V?$allocator@D@2@@std@@V12@@std@@@2@@3@@Z 004060e0 f   ccConfig.obj
 0001:00005500       ?setString@ccConfig@@QAEXABV?$basic_string@DU?$char_traits@D@std@@V?$allocator@D@2@@std@@0@Z 00406500 f   ccConfig.obj
 0001:00005570       ?strtolower@ccConfig@@CA?AV?$basic_string@DU?$char_traits@D@std@@V?$allocator@D@2@@std@@ABV23@@Z 00406570 f   ccConfig.obj
 0001:00005660       ?workstation@ccConfig@@SAHXZ 00406660 f   ccConfig.obj
 0001:000059c0       ??0ccDriver@@QAE@PAVIccDriverCallback@@ABV?$basic_string@DU?$char_traits@D@std@@V?$allocator@D@2@@std@@@Z 004069c0 f   ccDriver.obj
 0001:00005bc0       ??0ccInfodriverPost@@QAE@HHABV?$basic_string@DU?$char_traits@D@std@@V?$allocator@D@2@@std@@@Z 00406bc0 f i ccInfodriver.obj
 0001:00005bc0       ??0ccDriverPost@@QAE@HHABV?$basic_string@DU?$char_traits@D@std@@V?$allocator@D@2@@std@@@Z 00406bc0 f i ccDriver.obj
 0001:00005c40       ??1?$queue@VccInfodriverPost@@V?$deque@VccInfodriverPost@@V?$allocator@VccInfodriverPost@@@std@@@std@@@std@@QAE@XZ 00406c40 f i ccInfodriver.obj
 0001:00005c40       ??1?$queue@VccDriverPost@@V?$deque@VccDriverPost@@V?$allocator@VccDriverPost@@@std@@@std@@@std@@QAE@XZ 00406c40 f i ccDriver.obj
 0001:00005c60       ??1ccDriver@@UAE@XZ        00406c60 f   ccDriver.obj
 0001:00005cd0       ??1ccDriverPost@@QAE@XZ    00406cd0 f i ccDriver.obj
 0001:00005cd0       ??1ccInfodriverPost@@QAE@XZ 00406cd0 f i ccInfodriver.obj
 0001:00005d00       ??_GccDriver@@UAEPAXI@Z    00406d00 f i ccDriver.obj
 0001:00005d00       ??_EccDriver@@UAEPAXI@Z    00406d00 f i ccDriver.obj
 0001:00005d30       ?BNCSSendMessage@ccDriver@@AAEJIIJHHH@Z 00406d30 f   ccDriver.obj
 0001:00005da0       ?WndProc@ccDriver@@CGJPAUHWND__@@IIJ@Z 00406da0 f   ccDriver.obj
 0001:000063e0       ?_Tidy@?$deque@VccInfodriverPost@@V?$allocator@VccInfodriverPost@@@std@@@std@@IAEXXZ 004073e0 f i ccInfodriver.obj
 0001:000063e0       ?_Tidy@?$deque@VccDriverPost@@V?$allocator@VccDriverPost@@@std@@@std@@IAEXXZ 004073e0 f i ccDriver.obj
 0001:00006480       ?clientMessage@ccDriver@@QAEXHHABV?$basic_string@DU?$char_traits@D@std@@V?$allocator@D@2@@std@@00@Z 00407480 f   ccDriver.obj
 0001:00006570       ?connect@ccDriver@@QAE_NHW4ipcType@cc@@J@Z 00407570 f   ccDriver.obj
 0001:000067d0       ?counters@ccDriver@@QAE_NAAI0@Z 004077d0 f   ccDriver.obj
 0001:00006830       ?device@ccDriver@@QAEHXZ   00407830 f   ccDriver.obj
 0001:00006840       ?disconnect@ccDriver@@QAE_NXZ 00407840 f   ccDriver.obj
 0001:000068d0       ?maxIndexes@ccDriver@@QAEIXZ 004078d0 f   ccDriver.obj
 0001:000068f0       ?pop@?$queue@VccDriverPost@@V?$deque@VccDriverPost@@V?$allocator@VccDriverPost@@@std@@@std@@@std@@QAEXXZ 004078f0 f i ccDriver.obj
 0001:000068f0       ?pop@?$queue@VccInfodriverPost@@V?$deque@VccInfodriverPost@@V?$allocator@VccInfodriverPost@@@std@@@std@@@std@@QAEXXZ 004078f0 f i ccInfodriver.obj
 0001:00006940       ?push_back@?$deque@VccInfodriverPost@@V?$allocator@VccInfodriverPost@@@std@@@std@@QAEX$$QAVccInfodriverPost@@@Z 00407940 f i ccInfodriver.obj
 0001:00006940       ?push_back@?$deque@VccDriverPost@@V?$allocator@VccDriverPost@@@std@@@std@@QAEX$$QAVccDriverPost@@@Z 00407940 f i ccDriver.obj
 0001:00006a10       ?redundancyState@ccDriver@@QAE?AW40cc@@XZ 00407a10 f   ccDriver.obj
 0001:00006a20       ?resetCounters@ccDriver@@QAEXXZ 00407a20 f   ccDriver.obj
 0001:00006a50       ?routerDatabase@ccDriver@@QAE_NHHHABV?$basic_string@DU?$char_traits@D@std@@V?$allocator@D@2@@std@@@Z 00407a50 f   ccDriver.obj
 0001:00006b20       ?sendPollResponse@ccDriver@@QAEXHPBD_N@Z 00407b20 f   ccDriver.obj
 0001:00006ba0       ?setDriverState@ccDriver@@QAEXW4driverState@cc@@_N@Z 00407ba0 f   ccDriver.obj
 0001:00006c40       ?setRedundancyMaster@ccDriver@@QAEII@Z 00407c40 f   ccDriver.obj
 0001:00006c80       ?setRedundancyState@ccDriver@@QAEXW4redundancyState@cc@@_N@Z 00407c80 f   ccDriver.obj
 0001:00006d10       ?setType@ccDriver@@QAE_ND@Z 00407d10 f   ccDriver.obj
 0001:00006d30       ?type@ccDriver@@QAEDXZ     00407d30 f   ccDriver.obj
 0001:00006d40       ??0ccInfodriver@@QAE@PAVIccInfodriverCallback@@ABV?$basic_string@DU?$char_traits@D@std@@V?$allocator@D@2@@std@@@Z 00407d40 f   ccInfodriver.obj
 0001:00006ef0       ??0ccDriverPost@@QAE@ABV0@@Z 00407ef0 f i ccDriver.obj
 0001:00006ef0       ??0ccInfodriverPost@@QAE@ABV0@@Z 00407ef0 f i ccInfodriver.obj
 0001:00006f30       ??1ccInfodriver@@UAE@XZ    00407f30 f   ccInfodriver.obj
 0001:00006fe0       ??_GccInfodriver@@UAEPAXI@Z 00407fe0 f i ccInfodriver.obj
 0001:00006fe0       ??_EccInfodriver@@UAEPAXI@Z 00407fe0 f i ccInfodriver.obj
 0001:00007010       ?WndProc@ccInfodriver@@CGJPAUHWND__@@IIJ@Z 00408010 f   ccInfodriver.obj
 0001:000074b0       ?_Growmap@?$deque@VccDriverPost@@V?$allocator@VccDriverPost@@@std@@@std@@IAEXI@Z 004084b0 f i ccDriver.obj
 0001:000074b0       ?_Growmap@?$deque@VccInfodriverPost@@V?$allocator@VccInfodriverPost@@@std@@@std@@IAEXI@Z 004084b0 f i ccInfodriver.obj
 0001:00007630       ?connect@ccInfodriver@@QAE_NHW4ipcType@cc@@J@Z 00408630 f   ccInfodriver.obj
 0001:00007850       ?disconnect@ccInfodriver@@QAE_NXZ 00408850 f   ccInfodriver.obj
 0001:000078b0       ?front@?$queue@VccDriverPost@@V?$deque@VccDriverPost@@V?$allocator@VccDriverPost@@@std@@@std@@@std@@QAEAAVccDriverPost@@XZ 004088b0 f i ccDriver.obj
 0001:000078b0       ?front@?$queue@VccInfodriverPost@@V?$deque@VccInfodriverPost@@V?$allocator@VccInfodriverPost@@@std@@@std@@@std@@QAEAAVccInfodriverPost@@XZ 004088b0 f i ccInfodriver.obj
 0001:000078f0       ?setRedundancyState@ccInfodriver@@QAEXW4redundancyState@cc@@_N@Z 004088f0 f   ccInfodriver.obj
 0001:00007970       ?setSlot@ccInfodriver@@QAE_NHABV?$basic_string@DU?$char_traits@D@std@@V?$allocator@D@2@@std@@_N@Z 00408970 f   ccInfodriver.obj
 0001:00007a50       ?slot@ccInfodriver@@QAE_NHAAV?$basic_string@DU?$char_traits@D@std@@V?$allocator@D@2@@std@@@Z 00408a50 f   ccInfodriver.obj
 0001:00007b40       ?updateSlot@ccInfodriver@@QAE_NHABV?$basic_string@DU?$char_traits@D@std@@V?$allocator@D@2@@std@@AA_N@Z 00408b40 f   ccInfodriver.obj
 0001:00007c20       ??$?0HV?$basic_string@DU?$char_traits@D@std@@V?$allocator@D@2@@std@@X@?$pair@$$CBHV?$basic_string@DU?$char_traits@D@std@@V?$allocator@D@2@@std@@@std@@QAE@$$QAU?$pair@HV?$basic_string@DU?$char_traits@D@std@@V?$allocator@D@2@@std@@@1@@Z 00408c20 f i database.obj
 0001:00007c90       ??$_Buynode@U?$pair@HV?$basic_string@DU?$char_traits@D@std@@V?$allocator@D@2@@std@@@std@@@?$_Tree_buy@U?$pair@$$CBHV?$basic_string@DU?$char_traits@D@std@@V?$allocator@D@2@@std@@@std@@V?$allocator@U?$pair@$$CBHV?$basic_string@DU?$char_traits@D@std@@V?$allocator@D@2@@std@@@std@@@2@@std@@QAEPAU?$_Tree_node@U?$pair@$$CBHV?$basic_string@DU?$char_traits@D@std@@V?$allocator@D@2@@std@@@std@@PAX@1@$$QAU?$pair@HV?$basic_string@DU?$char_traits@D@std@@V?$allocator@D@2@@std@@@1@@Z 00408c90 f i database.obj
 0001:00007cc0       ??$_Insert_at@AAU?$pair@$$CBHV?$basic_string@DU?$char_traits@D@std@@V?$allocator@D@2@@std@@@std@@PAU?$_Tree_node@U?$pair@$$CBHV?$basic_string@DU?$char_traits@D@std@@V?$allocator@D@2@@std@@@std@@PAX@2@@?$_Tree@V?$_Tmap_traits@HV?$basic_string@DU?$char_traits@D@std@@V?$allocator@D@2@@std@@U?$less@H@2@V?$allocator@U?$pair@$$CBHV?$basic_string@DU?$char_traits@D@std@@V?$allocator@D@2@@std@@@std@@@2@$0A@@std@@@std@@IAE?AV?$_Tree_iterator@V?$_Tree_val@U?$_Tree_simple_types@U?$pair@$$CBHV?$basic_string@DU?$char_traits@D@std@@V?$allocator@D@2@@std@@@std@@@std@@@std@@@1@_NPAU?$_Tree_node@U?$pair@$$CBHV?$basic_string@DU?$char_traits@D@std@@V?$allocator@D@2@@std@@@std@@PAX@1@AAU?$pair@$$CBHV?$basic_string@DU?$char_traits@D@std@@V?$allocator@D@2@@std@@@1@1@Z 00408cc0 f i database.obj
 0001:00007ef0       ??$_Insert_nohint@AAU?$pair@$$CBHV?$basic_string@DU?$char_traits@D@std@@V?$allocator@D@2@@std@@@std@@PAU?$_Tree_node@U?$pair@$$CBHV?$basic_string@DU?$char_traits@D@std@@V?$allocator@D@2@@std@@@std@@PAX@2@@?$_Tree@V?$_Tmap_traits@HV?$basic_string@DU?$char_traits@D@std@@V?$allocator@D@2@@std@@U?$less@H@2@V?$allocator@U?$pair@$$CBHV?$basic_string@DU?$char_traits@D@std@@V?$allocator@D@2@@std@@@std@@@2@$0A@@std@@@std@@IAE?AU?$pair@V?$_Tree_iterator@V?$_Tree_val@U?$_Tree_simple_types@U?$pair@$$CBHV?$basic_string@DU?$char_traits@D@std@@V?$allocator@D@2@@std@@@std@@@std@@@std@@@std@@_N@1@_NAAU?$pair@$$CBHV?$basic_string@DU?$char_traits@D@std@@V?$allocator@D@2@@std@@@1@PAU?$_Tree_node@U?$pair@$$CBHV?$basic_string@DU?$char_traits@D@std@@V?$allocator@D@2@@std@@@std@@PAX@1@@Z 00408ef0 f i database.obj
 0001:00008030       ??0database@@QAE@PBDHH@Z   00409030 f   database.obj
 0001:000080e0       ??1?$map@HV?$basic_string@DU?$char_traits@D@std@@V?$allocator@D@2@@std@@U?$less@H@2@V?$allocator@U?$pair@$$CBHV?$basic_string@DU?$char_traits@D@std@@V?$allocator@D@2@@std@@@std@@@2@@std@@QAE@XZ 004090e0 f i database.obj
 0001:00008110       ??1?$pair@HV?$basic_string@DU?$char_traits@D@std@@V?$allocator@D@2@@std@@@std@@QAE@XZ 00409110 f i database.obj
 0001:00008140       ??_Edatabase@@UAEPAXI@Z    00409140 f i database.obj
 0001:00008140       ??_Gdatabase@@UAEPAXI@Z    00409140 f i database.obj
 0001:000081b0       ?_Buyheadnode@?$_Tree_alloc@$0A@U?$_Tree_base_types@U?$pair@$$CBHV?$basic_string@DU?$char_traits@D@std@@V?$allocator@D@2@@std@@@std@@V?$allocator@U?$pair@$$CBHV?$basic_string@DU?$char_traits@D@std@@V?$allocator@D@2@@std@@@std@@@2@@std@@@std@@QAEPAU?$_Tree_node@U?$pair@$$CBHV?$basic_string@DU?$char_traits@D@std@@V?$allocator@D@2@@std@@@std@@PAX@2@XZ 004091b0 f i database.obj
 0001:000081e0       ?_Buynode0@?$_Tree_buy@U?$pair@$$CBHV?$basic_string@DU?$char_traits@D@std@@V?$allocator@D@2@@std@@@std@@V?$allocator@U?$pair@$$CBHV?$basic_string@DU?$char_traits@D@std@@V?$allocator@D@2@@std@@@std@@@2@@std@@QAEPAU?$_Tree_node@U?$pair@$$CBHV?$basic_string@DU?$char_traits@D@std@@V?$allocator@D@2@@std@@@std@@PAX@2@XZ 004091e0 f i database.obj
 0001:00008220       ?_Destroy_if_not_nil@?$_Tree@V?$_Tmap_traits@HV?$basic_string@DU?$char_traits@D@std@@V?$allocator@D@2@@std@@U?$less@H@2@V?$allocator@U?$pair@$$CBHV?$basic_string@DU?$char_traits@D@std@@V?$allocator@D@2@@std@@@std@@@2@$0A@@std@@@std@@IAEXPAU?$_Tree_node@U?$pair@$$CBHV?$basic_string@DU?$char_traits@D@std@@V?$allocator@D@2@@std@@@std@@PAX@2@@Z 00409220 f i database.obj
 0001:00008260       ?_Erase@?$_Tree@V?$_Tmap_traits@HV?$basic_string@DU?$char_traits@D@std@@V?$allocator@D@2@@std@@U?$less@H@2@V?$allocator@U?$pair@$$CBHV?$basic_string@DU?$char_traits@D@std@@V?$allocator@D@2@@std@@@std@@@2@$0A@@std@@@std@@IAEXPAU?$_Tree_node@U?$pair@$$CBHV?$basic_string@DU?$char_traits@D@std@@V?$allocator@D@2@@std@@@std@@PAX@2@@Z 00409260 f i database.obj
 0001:000082c0       ?_Rrotate@?$_Tree@V?$_Tmap_traits@IIU?$less@I@std@@V?$allocator@U?$pair@$$CBII@std@@@2@$0A@@std@@@std@@IAEXPAU?$_Tree_node@U?$pair@$$CBII@std@@PAX@2@@Z 004092c0 f i slinkclient.obj
 0001:000082c0       ?_Rrotate@?$_Tree@V?$_Tmap_traits@HV?$basic_string@DU?$char_traits@D@std@@V?$allocator@D@2@@std@@U?$less@H@2@V?$allocator@U?$pair@$$CBHV?$basic_string@DU?$char_traits@D@std@@V?$allocator@D@2@@std@@@std@@@2@$0A@@std@@@std@@IAEXPAU?$_Tree_node@U?$pair@$$CBHV?$basic_string@DU?$char_traits@D@std@@V?$allocator@D@2@@std@@@std@@PAX@2@@Z 004092c0 f i database.obj
 0001:000082c0       ?_Rrotate@?$_Tree@V?$_Tset_traits@IU?$less@I@std@@V?$allocator@I@2@$0A@@std@@@std@@IAEXPAU?$_Tree_node@IPAX@2@@Z 004092c0 f i slinkclient.obj
 0001:000082c0       ?_Rrotate@?$_Tree@V?$_Tmap_traits@IPAVccDriver@@U?$less@I@std@@V?$allocator@U?$pair@$$CBIPAVccDriver@@@std@@@3@$0A@@std@@@std@@IAEXPAU?$_Tree_node@U?$pair@$$CBIPAVccDriver@@@std@@PAX@2@@Z 004092c0 f i slinkclient.obj
 0001:000082c0       ?_Rrotate@?$_Tree@V?$_Tmap_traits@HPAVdatabase@@U?$less@H@std@@V?$allocator@U?$pair@$$CBHPAVdatabase@@@std@@@3@$0A@@std@@@std@@IAEXPAU?$_Tree_node@U?$pair@$$CBHPAVdatabase@@@std@@PAX@2@@Z 004092c0 f i databaseMgr.obj
 0001:000082c0       ?_Rrotate@?$_Tree@V?$_Tmap_traits@V?$basic_string@DU?$char_traits@D@std@@V?$allocator@D@2@@std@@V12@U?$less@V?$basic_string@DU?$char_traits@D@std@@V?$allocator@D@2@@std@@@2@V?$allocator@U?$pair@$$CBV?$basic_string@DU?$char_traits@D@std@@V?$allocator@D@2@@std@@V12@@std@@@2@$0A@@std@@@std@@IAEXPAU?$_Tree_node@U?$pair@$$CBV?$basic_string@DU?$char_traits@D@std@@V?$allocator@D@2@@std@@V12@@std@@PAX@2@@Z 004092c0 f i ccConfig.obj
 0001:000082c0       ?_Rrotate@?$_Tree@V?$_Tmap_traits@VQString@@V1@U?$less@VQString@@@std@@V?$allocator@U?$pair@$$CBVQString@@V1@@std@@@3@$0A@@std@@@std@@IAEXPAU?$_Tree_node@U?$pair@$$CBVQString@@V1@@std@@PAX@2@@Z 004092c0 f i netStatus.obj
 0001:00008320       ?dump@database@@QAE_NPBD@Z 00409320 f   database.obj
 0001:00008440       ?erase@?$_Tree@V?$_Tmap_traits@HV?$basic_string@DU?$char_traits@D@std@@V?$allocator@D@2@@std@@U?$less@H@2@V?$allocator@U?$pair@$$CBHV?$basic_string@DU?$char_traits@D@std@@V?$allocator@D@2@@std@@@std@@@2@$0A@@std@@@std@@QAE?AV?$_Tree_iterator@V?$_Tree_val@U?$_Tree_simple_types@U?$pair@$$CBHV?$basic_string@DU?$char_traits@D@std@@V?$allocator@D@2@@std@@@std@@@std@@@std@@@2@V?$_Tree_const_iterator@V?$_Tree_val@U?$_Tree_simple_types@U?$pair@$$CBHV?$basic_string@DU?$char_traits@D@std@@V?$allocator@D@2@@std@@@std@@@std@@@std@@@2@0@Z 00409440 f i database.obj
 0001:00008500       ?erase@?$_Tree@V?$_Tmap_traits@HV?$basic_string@DU?$char_traits@D@std@@V?$allocator@D@2@@std@@U?$less@H@2@V?$allocator@U?$pair@$$CBHV?$basic_string@DU?$char_traits@D@std@@V?$allocator@D@2@@std@@@std@@@2@$0A@@std@@@std@@QAE?AV?$_Tree_iterator@V?$_Tree_val@U?$_Tree_simple_types@U?$pair@$$CBHV?$basic_string@DU?$char_traits@D@std@@V?$allocator@D@2@@std@@@std@@@std@@@std@@@2@V?$_Tree_const_iterator@V?$_Tree_val@U?$_Tree_simple_types@U?$pair@$$CBHV?$basic_string@DU?$char_traits@D@std@@V?$allocator@D@2@@std@@@std@@@std@@@std@@@2@@Z 00409500 f i database.obj
 0001:000087b0       ?exists@database@@QAE_NH@Z 004097b0 f   database.obj
 0001:00008800       ?getName@database@@QAEPBDH@Z 00409800 f   database.obj
 0001:00008880       ?load@database@@AAEXPBDHH@Z 00409880 f   database.obj
 0001:00008da0       ?loadDump@database@@QAE_NPBD@Z 00409da0 f   database.obj
 0001:00008f60       ?setName@database@@QAE_NHPBD_NPA_N@Z 00409f60 f   database.obj
 0001:00009210       ??$_Buynode@U?$pair@IPAVccDriver@@@std@@@?$_Tree_buy@U?$pair@$$CBIPAVccDriver@@@std@@V?$allocator@U?$pair@$$CBIPAVccDriver@@@std@@@2@@std@@QAEPAU?$_Tree_node@U?$pair@$$CBIPAVccDriver@@@std@@PAX@1@$$QAU?$pair@IPAVccDriver@@@1@@Z 0040a210 f i slinkclient.obj
 0001:00009210       ??$_Buynode@U?$pair@HPAVdatabase@@@std@@@?$_Tree_buy@U?$pair@$$CBHPAVdatabase@@@std@@V?$allocator@U?$pair@$$CBHPAVdatabase@@@std@@@2@@std@@QAEPAU?$_Tree_node@U?$pair@$$CBHPAVdatabase@@@std@@PAX@1@$$QAU?$pair@HPAVdatabase@@@1@@Z 0040a210 f i databaseMgr.obj
 0001:00009210       ??$_Buynode@U?$pair@II@std@@@?$_Tree_buy@U?$pair@$$CBII@std@@V?$allocator@U?$pair@$$CBII@std@@@2@@std@@QAEPAU?$_Tree_node@U?$pair@$$CBII@std@@PAX@1@$$QAU?$pair@II@1@@Z 0040a210 f i slinkclient.obj
 0001:00009240       ??$_Insert_nohint@AAU?$pair@$$CBHPAVdatabase@@@std@@PAU?$_Tree_node@U?$pair@$$CBHPAVdatabase@@@std@@PAX@2@@?$_Tree@V?$_Tmap_traits@HPAVdatabase@@U?$less@H@std@@V?$allocator@U?$pair@$$CBHPAVdatabase@@@std@@@3@$0A@@std@@@std@@IAE?AU?$pair@V?$_Tree_iterator@V?$_Tree_val@U?$_Tree_simple_types@U?$pair@$$CBHPAVdatabase@@@std@@@std@@@std@@@std@@_N@1@_NAAU?$pair@$$CBHPAVdatabase@@@1@PAU?$_Tree_node@U?$pair@$$CBHPAVdatabase@@@std@@PAX@1@@Z 0040a240 f i databaseMgr.obj
 0001:00009360       ??0databaseMgr@@QAE@PBD@Z  0040a360 f   databaseMgr.obj
 0001:000093d0       ??0databaseMgr@@QAE@XZ     0040a3d0 f   databaseMgr.obj
 0001:000094c0       ??1databaseMgr@@UAE@XZ     0040a4c0 f   databaseMgr.obj
 0001:00009530       ??_EdatabaseMgr@@UAEPAXI@Z 0040a530 f i databaseMgr.obj
 0001:00009530       ??_GdatabaseMgr@@UAEPAXI@Z 0040a530 f i databaseMgr.obj
 0001:000095b0       ?_Buynode0@?$_Tree_buy@U?$pair@$$CBHPAVdatabase@@@std@@V?$allocator@U?$pair@$$CBHPAVdatabase@@@std@@@2@@std@@QAEPAU?$_Tree_node@U?$pair@$$CBHPAVdatabase@@@std@@PAX@2@XZ 0040a5b0 f i databaseMgr.obj
 0001:000095b0       ?_Buynode0@?$_Tree_buy@U?$pair@$$CBIPAVccDriver@@@std@@V?$allocator@U?$pair@$$CBIPAVccDriver@@@std@@@2@@std@@QAEPAU?$_Tree_node@U?$pair@$$CBIPAVccDriver@@@std@@PAX@2@XZ 0040a5b0 f i slinkclient.obj
 0001:000095b0       ?_Buynode0@?$_Tree_buy@U?$pair@$$CBVQString@@V1@@std@@V?$allocator@U?$pair@$$CBVQString@@V1@@std@@@2@@std@@QAEPAU?$_Tree_node@U?$pair@$$CBVQString@@V1@@std@@PAX@2@XZ 0040a5b0 f i netStatus.obj
 0001:000095b0       ?_Buynode0@?$_Tree_buy@U?$pair@$$CBII@std@@V?$allocator@U?$pair@$$CBII@std@@@2@@std@@QAEPAU?$_Tree_node@U?$pair@$$CBII@std@@PAX@2@XZ 0040a5b0 f i slinkclient.obj
 0001:000095f0       ?_Lrotate@?$_Tree@V?$_Tmap_traits@IPAVccDriver@@U?$less@I@std@@V?$allocator@U?$pair@$$CBIPAVccDriver@@@std@@@3@$0A@@std@@@std@@IAEXPAU?$_Tree_node@U?$pair@$$CBIPAVccDriver@@@std@@PAX@2@@Z 0040a5f0 f i slinkclient.obj
 0001:000095f0       ?_Lrotate@?$_Tree@V?$_Tset_traits@IU?$less@I@std@@V?$allocator@I@2@$0A@@std@@@std@@IAEXPAU?$_Tree_node@IPAX@2@@Z 0040a5f0 f i slinkclient.obj
 0001:000095f0       ?_Lrotate@?$_Tree@V?$_Tmap_traits@HV?$basic_string@DU?$char_traits@D@std@@V?$allocator@D@2@@std@@U?$less@H@2@V?$allocator@U?$pair@$$CBHV?$basic_string@DU?$char_traits@D@std@@V?$allocator@D@2@@std@@@std@@@2@$0A@@std@@@std@@IAEXPAU?$_Tree_node@U?$pair@$$CBHV?$basic_string@DU?$char_traits@D@std@@V?$allocator@D@2@@std@@@std@@PAX@2@@Z 0040a5f0 f i database.obj
 0001:000095f0       ?_Lrotate@?$_Tree@V?$_Tmap_traits@HPAVdatabase@@U?$less@H@std@@V?$allocator@U?$pair@$$CBHPAVdatabase@@@std@@@3@$0A@@std@@@std@@IAEXPAU?$_Tree_node@U?$pair@$$CBHPAVdatabase@@@std@@PAX@2@@Z 0040a5f0 f i databaseMgr.obj
 0001:000095f0       ?_Lrotate@?$_Tree@V?$_Tmap_traits@IIU?$less@I@std@@V?$allocator@U?$pair@$$CBII@std@@@2@$0A@@std@@@std@@IAEXPAU?$_Tree_node@U?$pair@$$CBII@std@@PAX@2@@Z 0040a5f0 f i slinkclient.obj
 0001:000095f0       ?_Lrotate@?$_Tree@V?$_Tmap_traits@V?$basic_string@DU?$char_traits@D@std@@V?$allocator@D@2@@std@@V12@U?$less@V?$basic_string@DU?$char_traits@D@std@@V?$allocator@D@2@@std@@@2@V?$allocator@U?$pair@$$CBV?$basic_string@DU?$char_traits@D@std@@V?$allocator@D@2@@std@@V12@@std@@@2@$0A@@std@@@std@@IAEXPAU?$_Tree_node@U?$pair@$$CBV?$basic_string@DU?$char_traits@D@std@@V?$allocator@D@2@@std@@V12@@std@@PAX@2@@Z 0040a5f0 f i ccConfig.obj
 0001:000095f0       ?_Lrotate@?$_Tree@V?$_Tmap_traits@VQString@@V1@U?$less@VQString@@@std@@V?$allocator@U?$pair@$$CBVQString@@V1@@std@@@3@$0A@@std@@@std@@IAEXPAU?$_Tree_node@U?$pair@$$CBVQString@@V1@@std@@PAX@2@@Z 0040a5f0 f i netStatus.obj
 0001:00009650       ?clear@databaseMgr@@QAEXH@Z 0040a650 f   databaseMgr.obj
 0001:00009790       ?createDatabase@databaseMgr@@QAE_NPBDHHHHHHHHHHH@Z 0040a790 f   databaseMgr.obj
 0001:00009a00       ?dump@databaseMgr@@QAE_NXZ 0040aa00 f   databaseMgr.obj
 0001:00009b40       ?exists@databaseMgr@@QAE_NHHHH@Z 0040ab40 f   databaseMgr.obj
 0001:00009ba0       ?getDatabaseObject@databaseMgr@@AAEPAVdatabase@@HH_N@Z 0040aba0 f i databaseMgr.obj
 0001:00009cc0       ?getName@databaseMgr@@QAEPBDHHH@Z 0040acc0 f   databaseMgr.obj
 0001:00009d00       ?loadDump@databaseMgr@@QAE_NHH@Z 0040ad00 f   databaseMgr.obj
 0001:00009e10       ?setName@databaseMgr@@QAE_NHHHPBD_NPA_N@Z 0040ae10 f   databaseMgr.obj
 0001:00009e50       ?setPath@databaseMgr@@QAEXPBD@Z 0040ae50 f   databaseMgr.obj
 0001:00009ec0       ??0decodeBNCSString@@QAE@PBDD@Z 0040aec0 f   decodeBNCSString.obj
 0001:00009ef0       ??1decodeBNCSString@@UAE@XZ 0040aef0 f   decodeBNCSString.obj
 0001:00009f10       ??_GdecodeBNCSString@@UAEPAXI@Z 0040af10 f i decodeBNCSString.obj
 0001:00009f10       ??_EdecodeBNCSString@@UAEPAXI@Z 0040af10 f i decodeBNCSString.obj
 0001:00009f50       ?split@decodeBNCSString@@AAEXPBD@Z 0040af50 f i decodeBNCSString.obj
 0001:0000a180       ??H@YA?BVQString@@ABV0@0@Z 0040b180 f i appGlobal.obj
 0001:0000a1f0       ??H@YA?BVQString@@ABV0@PBD@Z 0040b1f0 f i appGlobal.obj
 0001:0000a280       ??H@YA?BVQString@@PBDABV0@@Z 0040b280 f i appGlobal.obj
 0001:0000a2f0       ?clearLog@appGlobal@@SAXXZ 0040b2f0 f   appGlobal.obj
 0001:0000a310       ?configFilename@appGlobal@@SA?AVQString@@XZ 0040b310 f   appGlobal.obj
 0001:0000a3e0       ?log@appGlobal@@SAXABVQString@@@Z 0040b3e0 f   appGlobal.obj
 0001:0000a500       ?logError@appGlobal@@SAXABVQString@@@Z 0040b500 f   appGlobal.obj
 0001:0000a660       ?profile@appGlobal@@SA?AVQString@@XZ 0040b660 f   appGlobal.obj
 0001:0000a6b0       ?setLog@appGlobal@@SAXPAVQTextEdit@@H@Z 0040b6b0 f   appGlobal.obj
 0001:0000a7f0       ?setProfile@appGlobal@@SAXABVQString@@@Z 0040b7f0 f   appGlobal.obj
 0001:0000a810       ??0fabianClient@@QAE@PAVQObject@@PAVIfabianClient_callback@@ABVQString@@I2I_N@Z 0040b810 f   fabianClient.obj
 0001:0000a9a0       ??_GfabianClient@@UAEPAXI@Z 0040b9a0 f i fabianClient.obj
 0001:0000a9a0       ??_EfabianClient@@UAEPAXI@Z 0040b9a0 f i fabianClient.obj
 0001:0000aa40       ?bufParse@fabianClient@@AAEHPADH@Z 0040ba40 f   fabianClient.obj
 0001:0000ab40       ?counters@fabianClient@@QAE_NAAI0@Z 0040bb40 f   fabianClient.obj
 0001:0000ab80       ?databaseChange@fabianClient@@QAEXIIIABVQString@@_NI@Z 0040bb80 f   fabianClient.obj
 0001:0000ab90       ?deviceProfile@fabianClient@@QAEXI@Z 0040bb90 f   fabianClient.obj
 0001:0000ac40       ?gpiLock@fabianClient@@QAEXIII_N@Z 0040bc40 f   fabianClient.obj
 0001:0000ad90       ?gpiPoll@fabianClient@@QAEXIII@Z 0040bd90 f   fabianClient.obj
 0001:0000aeb0       ?gpiSwitch@fabianClient@@QAEXII_N@Z 0040beb0 f   fabianClient.obj
 0001:0000afd0       ?infoLock@fabianClient@@QAEXIII_N@Z 0040bfd0 f   fabianClient.obj
 0001:0000b120       ?infoPoll@fabianClient@@QAEXIII@Z 0040c120 f   fabianClient.obj
 0001:0000b240       ?infoWrite@fabianClient@@QAEXIIABVQString@@@Z 0040c240 f   fabianClient.obj
 0001:0000b350       ?lineParse@fabianClient@@AAEXABVQString@@@Z 0040c350 f   fabianClient.obj
 0001:0000c200       ?peerAddress@fabianClient@@QAE?AVQString@@XZ 0040d200 f   fabianClient.obj
 0001:0000c2a0       ?peerName@fabianClient@@QAE?AVQString@@XZ 0040d2a0 f   fabianClient.obj
 0001:0000c2e0       ?peerPort@fabianClient@@QAEHXZ 0040d2e0 f   fabianClient.obj
 0001:0000c2f0       ?resetCounters@fabianClient@@QAEXXZ 0040d2f0 f   fabianClient.obj
 0001:0000c310       ?revertiveDeregister@fabianClient@@QAEXI@Z 0040d310 f   fabianClient.obj
 0001:0000c3c0       ?revertiveRegister@fabianClient@@QAEXIII@Z 0040d3c0 f   fabianClient.obj
 0001:0000c4e0       ?rtrCrosspoint@fabianClient@@QAEXIIHABVQString@@@Z 0040d4e0 f   fabianClient.obj
 0001:0000c630       ?rtrLock@fabianClient@@QAEXIII_N@Z 0040d630 f   fabianClient.obj
 0001:0000c780       ?rtrModify@fabianClient@@QAEXIIIABVQString@@_NI@Z 0040d780 f   fabianClient.obj
 0001:0000c8d0       ?rtrPoll@fabianClient@@QAEXIII@Z 0040d8d0 f   fabianClient.obj
 0001:0000c9f0       ?socketDisconnected@fabianClient@@AAEXXZ 0040d9f0 f   fabianClient.obj
 0001:0000ca00       ?socketReadyRead@fabianClient@@AAEXXZ 0040da00 f   fabianClient.obj
 0001:0000cb30       ?timerEvent@fabianClient@@MAEXPAVQTimerEvent@@@Z 0040db30 f   fabianClient.obj
 0001:0000cba0       ?useAlt@fabianClient@@QAE_NXZ 0040dba0 f   fabianClient.obj
 0001:0000cbb0       ?write@fabianClient@@AAEXABVQString@@@Z 0040dbb0 f   fabianClient.obj
 0001:0000ccd0       ?metaObject@fabianClient@@UBEPBUQMetaObject@@XZ 0040dcd0 f   moc_fabianClient.obj
 0001:0000ccf0       ?qt_metacall@fabianClient@@UAEHW4Call@QMetaObject@@HPAPAX@Z 0040dcf0 f   moc_fabianClient.obj
 0001:0000cd70       ?qt_metacast@fabianClient@@UAEPAXPBD@Z 0040dd70 f   moc_fabianClient.obj
 0001:0000cdd0       ?qt_static_metacall@fabianClient@@CAXPAVQObject@@W4Call@QMetaObject@@HPAPAX@Z 0040ddd0 f   moc_fabianClient.obj
 0001:0000ce00       ??0?$QList@VQSslError@@@@QAE@ABV0@@Z 0040de00 f i moc_persistentSocket.obj
 0001:0000cec0       ??1?$QList@VQSslError@@@@QAE@XZ 0040dec0 f i moc_persistentSocket.obj
 0001:0000cf30       ?Construct@?$QMetaTypeFunctionHelper@V?$QList@VQSslError@@@@$00@QtMetaTypePrivate@@SAPAXPAXPBX@Z 0040df30 f i moc_persistentSocket.obj
 0001:0000cfc0       ?Construct@?$QMetaTypeFunctionHelper@W4SocketError@QAbstractSocket@@$00@QtMetaTypePrivate@@SAPAXPAXPBX@Z 0040dfc0 f i moc_persistentSocket.obj
 0001:0000cff0       ?Destruct@?$QMetaTypeFunctionHelper@V?$QList@VQSslError@@@@$00@QtMetaTypePrivate@@SAXPAX@Z 0040dff0 f i moc_persistentSocket.obj
 0001:0000d000       ?disconnected@persistentSocket@@QAEXXZ 0040e000 f   moc_persistentSocket.obj
 0001:0000d020       ?metaObject@persistentSocket@@UBEPBUQMetaObject@@XZ 0040e020 f   moc_persistentSocket.obj
 0001:0000d040       ?node_copy@?$QList@VQSslError@@@@AAEXPAUNode@1@00@Z 0040e040 f i moc_persistentSocket.obj
 0001:0000d0e0       ?qt_metacall@persistentSocket@@UAEHW4Call@QMetaObject@@HPAPAX@Z 0040e0e0 f   moc_persistentSocket.obj
 0001:0000d140       ?qt_metacast@persistentSocket@@UAEPAXPBD@Z 0040e140 f   moc_persistentSocket.obj
 0001:0000d1a0       ?qt_metatype_id@?$QMetaTypeId@V?$QList@VQSslError@@@@@@SAHXZ 0040e1a0 f i moc_persistentSocket.obj
 0001:0000d240       ?qt_metatype_id@?$QMetaTypeId@W4SocketError@QAbstractSocket@@@@SAHXZ 0040e240 f i moc_persistentSocket.obj
 0001:0000d2e0       ?qt_static_metacall@persistentSocket@@CAXPAVQObject@@W4Call@QMetaObject@@HPAPAX@Z 0040e2e0 f   moc_persistentSocket.obj
 0001:0000d410       ?readyRead@persistentSocket@@QAEXXZ 0040e410 f   moc_persistentSocket.obj
 0001:0000d430       ?metaObject@slinkClient@@UBEPBUQMetaObject@@XZ 0040e430 f   moc_slinkclient.obj
 0001:0000d450       ?qt_metacall@slinkClient@@UAEHW4Call@QMetaObject@@HPAPAX@Z 0040e450 f   moc_slinkclient.obj
 0001:0000d4c0       ?qt_metacast@slinkClient@@UAEPAXPBD@Z 0040e4c0 f   moc_slinkclient.obj
 0001:0000d5e0       ?qt_static_metacall@slinkClient@@CAXPAVQObject@@W4Call@QMetaObject@@HPAPAX@Z 0040e5e0 f   moc_slinkclient.obj
 0001:0000d680       ??1?$QList@VQString@@@@QAE@XZ 0040e680 f i main.obj
 0001:0000d6e0       ??1QStringList@@QAE@XZ     0040e6e0 f i main.obj
 0001:0000d6f0       ?append@?$QList@VQString@@@@QAEXABVQString@@@Z 0040e6f0 f i main.obj
 0001:0000d7a0       ?detach_helper_grow@?$QList@VQString@@@@AAEPAUNode@1@HH@Z 0040e7a0 f i main.obj
 0001:0000d920       ?node_copy@?$QList@VQString@@@@AAEXPAUNode@1@00@Z 0040e920 f i main.obj
 0001:0000d960       ?node_destruct@?$QList@VQString@@@@AAEXPAUNode@1@0@Z 0040e960 f i main.obj
 0001:0000d990       _main                      0040e990 f   main.obj
 0001:0000dcb0       ??$_Buynode@U?$pair@VQString@@V1@@std@@@?$_Tree_buy@U?$pair@$$CBVQString@@V1@@std@@V?$allocator@U?$pair@$$CBVQString@@V1@@std@@@2@@std@@QAEPAU?$_Tree_node@U?$pair@$$CBVQString@@V1@@std@@PAX@1@$$QAU?$pair@VQString@@V1@@1@@Z 0040ecb0 f i netStatus.obj
 0001:0000dcf0       ??$_Insert_at@AAU?$pair@$$CBVQString@@V1@@std@@PAU?$_Tree_node@U?$pair@$$CBVQString@@V1@@std@@PAX@2@@?$_Tree@V?$_Tmap_traits@VQString@@V1@U?$less@VQString@@@std@@V?$allocator@U?$pair@$$CBVQString@@V1@@std@@@3@$0A@@std@@@std@@IAE?AV?$_Tree_iterator@V?$_Tree_val@U?$_Tree_simple_types@U?$pair@$$CBVQString@@V1@@std@@@std@@@std@@@1@_NPAU?$_Tree_node@U?$pair@$$CBVQString@@V1@@std@@PAX@1@AAU?$pair@$$CBVQString@@V1@@1@1@Z 0040ecf0 f i netStatus.obj
 0001:0000df50       ??$_Insert_nohint@AAU?$pair@$$CBVQString@@V1@@std@@PAU?$_Tree_node@U?$pair@$$CBVQString@@V1@@std@@PAX@2@@?$_Tree@V?$_Tmap_traits@VQString@@V1@U?$less@VQString@@@std@@V?$allocator@U?$pair@$$CBVQString@@V1@@std@@@3@$0A@@std@@@std@@IAE?AU?$pair@V?$_Tree_iterator@V?$_Tree_val@U?$_Tree_simple_types@U?$pair@$$CBVQString@@V1@@std@@@std@@@std@@@std@@_N@1@_NAAU?$pair@$$CBVQString@@V1@@1@PAU?$_Tree_node@U?$pair@$$CBVQString@@V1@@std@@PAX@1@@Z 0040ef50 f i netStatus.obj
 0001:0000e0b0       ??0initializer@?A0xcc4eed96@@QAE@XZ 0040f0b0 f i qrc_slinkclient.obj
 0001:0000e0b0       ??0?$_Wrap_alloc@V?$allocator@U?$_Tree_node@U?$pair@$$CBVQString@@V1@@std@@PAX@std@@@std@@@std@@QAE@XZ 0040f0b0 f i netStatus.obj
 0001:0000e0c0       ??1?$pair@VQString@@V1@@std@@QAE@XZ 0040f0c0 f i netStatus.obj
 0001:0000e120       ?_Destroy_if_not_nil@?$_Tree@V?$_Tmap_traits@VQString@@V1@U?$less@VQString@@@std@@V?$allocator@U?$pair@$$CBVQString@@V1@@std@@@3@$0A@@std@@@std@@IAEXPAU?$_Tree_node@U?$pair@$$CBVQString@@V1@@std@@PAX@2@@Z 0040f120 f i netStatus.obj
 0001:0000e190       ?_Erase@?$_Tree@V?$_Tmap_traits@VQString@@V1@U?$less@VQString@@@std@@V?$allocator@U?$pair@$$CBVQString@@V1@@std@@@3@$0A@@std@@@std@@IAEXPAU?$_Tree_node@U?$pair@$$CBVQString@@V1@@std@@PAX@2@@Z 0040f190 f i netStatus.obj
 0001:0000e220       ?erase@?$_Tree@V?$_Tmap_traits@VQString@@V1@U?$less@VQString@@@std@@V?$allocator@U?$pair@$$CBVQString@@V1@@std@@@3@$0A@@std@@@std@@QAE?AV?$_Tree_iterator@V?$_Tree_val@U?$_Tree_simple_types@U?$pair@$$CBVQString@@V1@@std@@@std@@@std@@@2@V?$_Tree_const_iterator@V?$_Tree_val@U?$_Tree_simple_types@U?$pair@$$CBVQString@@V1@@std@@@std@@@std@@@2@0@Z 0040f220 f i netStatus.obj
 0001:0000e2e0       ?erase@?$_Tree@V?$_Tmap_traits@VQString@@V1@U?$less@VQString@@@std@@V?$allocator@U?$pair@$$CBVQString@@V1@@std@@@3@$0A@@std@@@std@@QAE?AV?$_Tree_iterator@V?$_Tree_val@U?$_Tree_simple_types@U?$pair@$$CBVQString@@V1@@std@@@std@@@std@@@2@V?$_Tree_const_iterator@V?$_Tree_val@U?$_Tree_simple_types@U?$pair@$$CBVQString@@V1@@std@@@std@@@std@@@2@@Z 0040f2e0 f i netStatus.obj
 0001:0000e5a0       ?query@netStatus@@SA_NPAVccDriver@@ABVQString@@H11@Z 0040f5a0 f   netStatus.obj
 0001:0000eed0       ?setSendSpontaneous@netStatus@@SAX_N@Z 0040fed0 f   netStatus.obj
 0001:0000eee0       ?setValue@netStatus@@SA_NPAVccDriver@@ABVQString@@1@Z 0040fee0 f   netStatus.obj
 0001:0000f160       ?spontaneous@netStatus@@SA_NXZ 00410160 f   netStatus.obj
 0001:0000f170       ??0persistentSocket@@QAE@PAVQObject@@ABVQString@@H1H_N@Z 00410170 f   persistentSocket.obj
 0001:0000f420       ??1?$QForeachContainer@$$CBV?$QList@VQSslError@@@@@@QAE@XZ 00410420 f i persistentSocket.obj
 0001:0000f430       ??_EQSslSocket@@UAEPAXI@Z  00410430 f i persistentSocket.obj
 0001:0000f430       ??_GQSslSocket@@UAEPAXI@Z  00410430 f i persistentSocket.obj
 0001:0000f460       ??_GpersistentSocket@@UAEPAXI@Z 00410460 f i persistentSocket.obj
 0001:0000f460       ??_EpersistentSocket@@UAEPAXI@Z 00410460 f i persistentSocket.obj
 0001:0000f500       ?close@persistentSocket@@QAEX_N@Z 00410500 f   persistentSocket.obj
 0001:0000f520       ?connectionSummary@persistentSocket@@QAE?AVQString@@XZ 00410520 f   persistentSocket.obj
 0001:0000f550       ?enc@persistentSocket@@QAEXXZ 00410550 f   persistentSocket.obj
 0001:0000f750       ?join@?$QListSpecialMethods@VQString@@@@QBE?AVQString@@ABV2@@Z 00410750 f i persistentSocket.obj
 0001:0000f790       ?peerAddress@persistentSocket@@QAE?AVQHostAddress@@XZ 00410790 f   persistentSocket.obj
 0001:0000f7d0       ?peerName@persistentSocket@@QAE?AVQString@@XZ 004107d0 f   persistentSocket.obj
 0001:0000f820       ?peerPort@persistentSocket@@QAEHXZ 00410820 f   persistentSocket.obj
 0001:0000f840       ?read@persistentSocket@@QAE_JPAD_J@Z 00410840 f   persistentSocket.obj
 0001:0000f870       ?socketConnected@persistentSocket@@QAEXXZ 00410870 f   persistentSocket.obj
 0001:0000f8f0       ?socketDisconnected@persistentSocket@@QAEXXZ 004108f0 f   persistentSocket.obj
 0001:0000f9a0       ?socketError@persistentSocket@@QAEXW4SocketError@QAbstractSocket@@@Z 004109a0 f   persistentSocket.obj
 0001:0000fbf0       ?socketSslErrors@persistentSocket@@QAEXABV?$QList@VQSslError@@@@@Z 00410bf0 f   persistentSocket.obj
 0001:0000fde0       ?sslMode@persistentSocket@@QAEXW4SslMode@QSslSocket@@@Z 00410de0 f   persistentSocket.obj
 0001:0000fe10       ?timerEvent@persistentSocket@@MAEXPAVQTimerEvent@@@Z 00410e10 f   persistentSocket.obj
 0001:0000ff40       ?tryConnect@persistentSocket@@AAEXXZ 00410f40 f   persistentSocket.obj
 0001:000104f0       ?useAlt@persistentSocket@@QAE_NXZ 004114f0 f   persistentSocket.obj
 0001:00010500       ?write@persistentSocket@@QAEXABVQByteArray@@@Z 00411500 f   persistentSocket.obj
 0001:00010520       ??$_Buynode@ABI@?$_Tree_buy@IV?$allocator@I@std@@@std@@QAEPAU?$_Tree_node@IPAX@1@ABI@Z 00411520 f i slinkclient.obj
 0001:00010540       ??$_Insert_at@AAU?$pair@$$CBHPAVdatabase@@@std@@PAU?$_Tree_node@U?$pair@$$CBHPAVdatabase@@@std@@PAX@2@@?$_Tree@V?$_Tmap_traits@HPAVdatabase@@U?$less@H@std@@V?$allocator@U?$pair@$$CBHPAVdatabase@@@std@@@3@$0A@@std@@@std@@IAE?AV?$_Tree_iterator@V?$_Tree_val@U?$_Tree_simple_types@U?$pair@$$CBHPAVdatabase@@@std@@@std@@@std@@@1@_NPAU?$_Tree_node@U?$pair@$$CBHPAVdatabase@@@std@@PAX@1@AAU?$pair@$$CBHPAVdatabase@@@1@1@Z 00411540 f i databaseMgr.obj
 0001:00010540       ??$_Insert_at@AAU?$pair@$$CBII@std@@PAU?$_Tree_node@U?$pair@$$CBII@std@@PAX@2@@?$_Tree@V?$_Tmap_traits@IIU?$less@I@std@@V?$allocator@U?$pair@$$CBII@std@@@2@$0A@@std@@@std@@IAE?AV?$_Tree_iterator@V?$_Tree_val@U?$_Tree_simple_types@U?$pair@$$CBII@std@@@std@@@std@@@1@_NPAU?$_Tree_node@U?$pair@$$CBII@std@@PAX@1@AAU?$pair@$$CBII@1@1@Z 00411540 f i slinkclient.obj
 0001:00010540       ??$_Insert_at@AAU?$pair@$$CBIPAVccDriver@@@std@@PAU?$_Tree_node@U?$pair@$$CBIPAVccDriver@@@std@@PAX@2@@?$_Tree@V?$_Tmap_traits@IPAVccDriver@@U?$less@I@std@@V?$allocator@U?$pair@$$CBIPAVccDriver@@@std@@@3@$0A@@std@@@std@@IAE?AV?$_Tree_iterator@V?$_Tree_val@U?$_Tree_simple_types@U?$pair@$$CBIPAVccDriver@@@std@@@std@@@std@@@1@_NPAU?$_Tree_node@U?$pair@$$CBIPAVccDriver@@@std@@PAX@1@AAU?$pair@$$CBIPAVccDriver@@@1@1@Z 00411540 f i slinkclient.obj
 0001:00010750       ??$_Insert_at@ABIU_Nil@std@@@?$_Tree@V?$_Tset_traits@IU?$less@I@std@@V?$allocator@I@2@$0A@@std@@@std@@IAE?AV?$_Tree_const_iterator@V?$_Tree_val@U?$_Tree_simple_types@I@std@@@std@@@1@_NPAU?$_Tree_node@IPAX@1@ABIU_Nil@1@@Z 00411750 f i slinkclient.obj
 0001:00010950       ??$_Insert_nohint@AAU?$pair@$$CBII@std@@PAU?$_Tree_node@U?$pair@$$CBII@std@@PAX@2@@?$_Tree@V?$_Tmap_traits@IIU?$less@I@std@@V?$allocator@U?$pair@$$CBII@std@@@2@$0A@@std@@@std@@IAE?AU?$pair@V?$_Tree_iterator@V?$_Tree_val@U?$_Tree_simple_types@U?$pair@$$CBII@std@@@std@@@std@@@std@@_N@1@_NAAU?$pair@$$CBII@1@PAU?$_Tree_node@U?$pair@$$CBII@std@@PAX@1@@Z 00411950 f i slinkclient.obj
 0001:00010950       ??$_Insert_nohint@AAU?$pair@$$CBIPAVccDriver@@@std@@PAU?$_Tree_node@U?$pair@$$CBIPAVccDriver@@@std@@PAX@2@@?$_Tree@V?$_Tmap_traits@IPAVccDriver@@U?$less@I@std@@V?$allocator@U?$pair@$$CBIPAVccDriver@@@std@@@3@$0A@@std@@@std@@IAE?AU?$pair@V?$_Tree_iterator@V?$_Tree_val@U?$_Tree_simple_types@U?$pair@$$CBIPAVccDriver@@@std@@@std@@@std@@@std@@_N@1@_NAAU?$pair@$$CBIPAVccDriver@@@1@PAU?$_Tree_node@U?$pair@$$CBIPAVccDriver@@@std@@PAX@1@@Z 00411950 f i slinkclient.obj
 0001:00010a70       ??$_Insert_nohint@ABIU_Nil@std@@@?$_Tree@V?$_Tset_traits@IU?$less@I@std@@V?$allocator@I@2@$0A@@std@@@std@@IAE?AU?$pair@V?$_Tree_const_iterator@V?$_Tree_val@U?$_Tree_simple_types@I@std@@@std@@@std@@_N@1@_NABIU_Nil@1@@Z 00411a70 f i slinkclient.obj
 0001:00010b80       ??0slinkClient@@QAE@PAVQWidget@@@Z 00411b80 f   slinkclient.obj
 0001:000124f0       ??1?$QList@PAVQListWidgetItem@@@@QAE@XZ 004134f0 f i slinkclient.obj
 0001:00012520       ??1?$map@IIU?$less@I@std@@V?$allocator@U?$pair@$$CBII@std@@@2@@std@@QAE@XZ 00413520 f i slinkclient.obj
 0001:00012520       ??1?$set@IU?$less@I@std@@V?$allocator@I@2@@std@@QAE@XZ 00413520 f i slinkclient.obj
 0001:00012520       ??1?$map@HPAVdatabase@@U?$less@H@std@@V?$allocator@U?$pair@$$CBHPAVdatabase@@@std@@@3@@std@@QAE@XZ 00413520 f i databaseMgr.obj
 0001:00012520       ??1?$map@IPAVccDriver@@U?$less@I@std@@V?$allocator@U?$pair@$$CBIPAVccDriver@@@std@@@3@@std@@QAE@XZ 00413520 f i slinkclient.obj
 0001:00012550       ??1slinkClient@@UAE@XZ     00413550 f   slinkclient.obj
 0001:00012780       ??E?$_Tree_unchecked_const_iterator@V?$_Tree_val@U?$_Tree_simple_types@U?$pair@$$CBVQString@@V1@@std@@@std@@@std@@U_Iterator_base0@2@@std@@QAEAAV01@XZ 00413780 f i netStatus.obj
 0001:00012780       ??E?$_Tree_unchecked_const_iterator@V?$_Tree_val@U?$_Tree_simple_types@I@std@@@std@@U_Iterator_base0@2@@std@@QAEAAV01@XZ 00413780 f i slinkclient.obj
 0001:00012780       ??E?$_Tree_unchecked_const_iterator@V?$_Tree_val@U?$_Tree_simple_types@U?$pair@$$CBII@std@@@std@@@std@@U_Iterator_base0@2@@std@@QAEAAV01@XZ 00413780 f i slinkclient.obj
 0001:00012780       ??E?$_Tree_unchecked_const_iterator@V?$_Tree_val@U?$_Tree_simple_types@U?$pair@$$CBHPAVdatabase@@@std@@@std@@@std@@U_Iterator_base0@2@@std@@QAEAAV01@XZ 00413780 f i databaseMgr.obj
 0001:00012780       ??E?$_Tree_unchecked_const_iterator@V?$_Tree_val@U?$_Tree_simple_types@U?$pair@$$CBIPAVccDriver@@@std@@@std@@@std@@U_Iterator_base0@2@@std@@QAEAAV01@XZ 00413780 f i slinkclient.obj
 0001:00012780       ??E?$_Tree_unchecked_const_iterator@V?$_Tree_val@U?$_Tree_simple_types@U?$pair@$$CBV?$basic_string@DU?$char_traits@D@std@@V?$allocator@D@2@@std@@V12@@std@@@std@@@std@@U_Iterator_base0@2@@std@@QAEAAV01@XZ 00413780 f i ccConfig.obj
 0001:00012780       ??E?$_Tree_unchecked_const_iterator@V?$_Tree_val@U?$_Tree_simple_types@U?$pair@$$CBHV?$basic_string@DU?$char_traits@D@std@@V?$allocator@D@2@@std@@@std@@@std@@@std@@U_Iterator_base0@2@@std@@QAEAAV01@XZ 00413780 f i database.obj
 0001:000127d0       ??F?$_Tree_unchecked_const_iterator@V?$_Tree_val@U?$_Tree_simple_types@U?$pair@$$CBV?$basic_string@DU?$char_traits@D@std@@V?$allocator@D@2@@std@@V12@@std@@@std@@@std@@U_Iterator_base0@2@@std@@QAEAAV01@XZ 004137d0 f i ccConfig.obj
 0001:000127d0       ??F?$_Tree_unchecked_const_iterator@V?$_Tree_val@U?$_Tree_simple_types@U?$pair@$$CBIPAVccDriver@@@std@@@std@@@std@@U_Iterator_base0@2@@std@@QAEAAV01@XZ 004137d0 f i slinkclient.obj
 0001:000127d0       ??F?$_Tree_unchecked_const_iterator@V?$_Tree_val@U?$_Tree_simple_types@U?$pair@$$CBII@std@@@std@@@std@@U_Iterator_base0@2@@std@@QAEAAV01@XZ 004137d0 f i slinkclient.obj
 0001:000127d0       ??F?$_Tree_unchecked_const_iterator@V?$_Tree_val@U?$_Tree_simple_types@U?$pair@$$CBVQString@@V1@@std@@@std@@@std@@U_Iterator_base0@2@@std@@QAEAAV01@XZ 004137d0 f i netStatus.obj
 0001:000127d0       ??F?$_Tree_unchecked_const_iterator@V?$_Tree_val@U?$_Tree_simple_types@U?$pair@$$CBHV?$basic_string@DU?$char_traits@D@std@@V?$allocator@D@2@@std@@@std@@@std@@@std@@U_Iterator_base0@2@@std@@QAEAAV01@XZ 004137d0 f i database.obj
 0001:000127d0       ??F?$_Tree_unchecked_const_iterator@V?$_Tree_val@U?$_Tree_simple_types@U?$pair@$$CBHPAVdatabase@@@std@@@std@@@std@@U_Iterator_base0@2@@std@@QAEAAV01@XZ 004137d0 f i databaseMgr.obj
 0001:000127d0       ??F?$_Tree_unchecked_const_iterator@V?$_Tree_val@U?$_Tree_simple_types@I@std@@@std@@U_Iterator_base0@2@@std@@QAEAAV01@XZ 004137d0 f i slinkclient.obj
 0001:0001354a       ??_EQCheckBox@@W7AEPAXI@Z  0041454a f i slinkclient.obj
 0001:00013552       ??_EQDialogButtonBox@@W7AEPAXI@Z 00414552 f i slinkclient.obj
 0001:0001355a       ??_EQFormLayout@@W7AEPAXI@Z 0041455a f i slinkclient.obj
 0001:00013562       ??_EQGroupBox@@W7AEPAXI@Z  00414562 f i slinkclient.obj
 0001:0001356a       ??_EQHBoxLayout@@W7AEPAXI@Z 0041456a f i slinkclient.obj
 0001:00013572       ??_EQLabel@@W7AEPAXI@Z     00414572 f i slinkclient.obj
 0001:0001357a       ??_EQLineEdit@@W7AEPAXI@Z  0041457a f i slinkclient.obj
 0001:00013582       ??_EQListWidget@@W7AEPAXI@Z 00414582 f i slinkclient.obj
 0001:0001358a       ??_EQMenu@@W7AEPAXI@Z      0041458a f i slinkclient.obj
 0001:00013592       ??_EQMenuBar@@W7AEPAXI@Z   00414592 f i slinkclient.obj
 0001:0001359a       ??_EQPushButton@@W7AEPAXI@Z 0041459a f i slinkclient.obj
 0001:000135a2       ??_EQSplitter@@W7AEPAXI@Z  004145a2 f i slinkclient.obj
 0001:000135aa       ??_EQStatusBar@@W7AEPAXI@Z 004145aa f i slinkclient.obj
 0001:000135b2       ??_EQTextEdit@@W7AEPAXI@Z  004145b2 f i slinkclient.obj
 0001:000135ba       ??_EQToolBar@@W7AEPAXI@Z   004145ba f i slinkclient.obj
 0001:000135c2       ??_EQVBoxLayout@@W7AEPAXI@Z 004145c2 f i slinkclient.obj
 0001:000135ca       ??_EQWidget@@W7AEPAXI@Z    004145ca f i slinkclient.obj
 0001:000135d2       ??_EslinkClient@@W7AEPAXI@Z 004145d2 f i slinkclient.obj
 0001:000135e0       ??_EQAction@@UAEPAXI@Z     004145e0 f i slinkclient.obj
 0001:000135e0       ??_GQAction@@UAEPAXI@Z     004145e0 f i slinkclient.obj
 0001:00013610       ??_EQCheckBox@@UAEPAXI@Z   00414610 f i slinkclient.obj
 0001:00013610       ??_GQCheckBox@@UAEPAXI@Z   00414610 f i slinkclient.obj
 0001:00013640       ??_GQDialogButtonBox@@UAEPAXI@Z 00414640 f i slinkclient.obj
 0001:00013640       ??_EQDialogButtonBox@@UAEPAXI@Z 00414640 f i slinkclient.obj
 0001:00013670       ??_EQFormLayout@@UAEPAXI@Z 00414670 f i slinkclient.obj
 0001:00013670       ??_GQFormLayout@@UAEPAXI@Z 00414670 f i slinkclient.obj
 0001:000136a0       ??_GQGroupBox@@UAEPAXI@Z   004146a0 f i slinkclient.obj
 0001:000136a0       ??_EQGroupBox@@UAEPAXI@Z   004146a0 f i slinkclient.obj
 0001:000136d0       ??_EQHBoxLayout@@UAEPAXI@Z 004146d0 f i slinkclient.obj
 0001:000136d0       ??_GQHBoxLayout@@UAEPAXI@Z 004146d0 f i slinkclient.obj
 0001:00013700       ??_EQLabel@@UAEPAXI@Z      00414700 f i slinkclient.obj
 0001:00013700       ??_GQLabel@@UAEPAXI@Z      00414700 f i slinkclient.obj
 0001:00013730       ??_GQLineEdit@@UAEPAXI@Z   00414730 f i slinkclient.obj
 0001:00013730       ??_EQLineEdit@@UAEPAXI@Z   00414730 f i slinkclient.obj
 0001:00013760       ??_GQListWidget@@UAEPAXI@Z 00414760 f i slinkclient.obj
 0001:00013760       ??_EQListWidget@@UAEPAXI@Z 00414760 f i slinkclient.obj
 0001:00013790       ??_GQMenu@@UAEPAXI@Z       00414790 f i slinkclient.obj
 0001:00013790       ??_EQMenu@@UAEPAXI@Z       00414790 f i slinkclient.obj
 0001:000137c0       ??_EQMenuBar@@UAEPAXI@Z    004147c0 f i slinkclient.obj
 0001:000137c0       ??_GQMenuBar@@UAEPAXI@Z    004147c0 f i slinkclient.obj
 0001:000137f0       ??_EQPushButton@@UAEPAXI@Z 004147f0 f i slinkclient.obj
 0001:000137f0       ??_GQPushButton@@UAEPAXI@Z 004147f0 f i slinkclient.obj
 0001:00013820       ??_EQSpacerItem@@UAEPAXI@Z 00414820 f i slinkclient.obj
 0001:00013820       ??_GQSpacerItem@@UAEPAXI@Z 00414820 f i slinkclient.obj
 0001:00013850       ??_GQSplitter@@UAEPAXI@Z   00414850 f i slinkclient.obj
 0001:00013850       ??_EQSplitter@@UAEPAXI@Z   00414850 f i slinkclient.obj
 0001:00013880       ??_GQStatusBar@@UAEPAXI@Z  00414880 f i slinkclient.obj
 0001:00013880       ??_EQStatusBar@@UAEPAXI@Z  00414880 f i slinkclient.obj
 0001:000138b0       ??_GQTextEdit@@UAEPAXI@Z   004148b0 f i slinkclient.obj
 0001:000138b0       ??_EQTextEdit@@UAEPAXI@Z   004148b0 f i slinkclient.obj
 0001:000138e0       ??_GQToolBar@@UAEPAXI@Z    004148e0 f i slinkclient.obj
 0001:000138e0       ??_EQToolBar@@UAEPAXI@Z    004148e0 f i slinkclient.obj
 0001:00013910       ??_EQVBoxLayout@@UAEPAXI@Z 00414910 f i slinkclient.obj
 0001:00013910       ??_GQVBoxLayout@@UAEPAXI@Z 00414910 f i slinkclient.obj
 0001:00013940       ??_GQWidget@@UAEPAXI@Z     00414940 f i slinkclient.obj
 0001:00013940       ??_EQWidget@@UAEPAXI@Z     00414940 f i slinkclient.obj
 0001:00013970       ??_GslinkClient@@UAEPAXI@Z 00414970 f i slinkclient.obj
 0001:00013970       ??_EslinkClient@@UAEPAXI@Z 00414970 f i slinkclient.obj
 0001:000139a0       ?_Buyheadnode@?$_Tree_alloc@$0A@U?$_Tree_base_types@IV?$allocator@I@std@@@std@@@std@@QAEPAU?$_Tree_node@IPAX@2@XZ 004149a0 f i slinkclient.obj
 0001:000139d0       ?_Buyheadnode@?$_Tree_alloc@$0A@U?$_Tree_base_types@U?$pair@$$CBVQString@@V1@@std@@V?$allocator@U?$pair@$$CBVQString@@V1@@std@@@2@@std@@@std@@QAEPAU?$_Tree_node@U?$pair@$$CBVQString@@V1@@std@@PAX@2@XZ 004149d0 f i netStatus.obj
 0001:000139d0       ?_Buyheadnode@?$_Tree_alloc@$0A@U?$_Tree_base_types@U?$pair@$$CBHPAVdatabase@@@std@@V?$allocator@U?$pair@$$CBHPAVdatabase@@@std@@@2@@std@@@std@@QAEPAU?$_Tree_node@U?$pair@$$CBHPAVdatabase@@@std@@PAX@2@XZ 004149d0 f i databaseMgr.obj
 0001:000139d0       ?_Buyheadnode@?$_Tree_alloc@$0A@U?$_Tree_base_types@U?$pair@$$CBIPAVccDriver@@@std@@V?$allocator@U?$pair@$$CBIPAVccDriver@@@std@@@2@@std@@@std@@QAEPAU?$_Tree_node@U?$pair@$$CBIPAVccDriver@@@std@@PAX@2@XZ 004149d0 f i slinkclient.obj
 0001:000139d0       ?_Buyheadnode@?$_Tree_alloc@$0A@U?$_Tree_base_types@U?$pair@$$CBII@std@@V?$allocator@U?$pair@$$CBII@std@@@2@@std@@@std@@QAEPAU?$_Tree_node@U?$pair@$$CBII@std@@PAX@2@XZ 004149d0 f i slinkclient.obj
 0001:00013a00       ?_Buynode0@?$_Tree_buy@IV?$allocator@I@std@@@std@@QAEPAU?$_Tree_node@IPAX@2@XZ 00414a00 f i slinkclient.obj
 0001:00013a40       ?_Eqrange@?$_Tree@V?$_Tmap_traits@IIU?$less@I@std@@V?$allocator@U?$pair@$$CBII@std@@@2@$0A@@std@@@std@@IAE?AU?$pair@V?$_Tree_iterator@V?$_Tree_val@U?$_Tree_simple_types@U?$pair@$$CBII@std@@@std@@@std@@@std@@V12@@2@ABI@Z 00414a40 f i slinkclient.obj
 0001:00013ac0       ?_Erase@?$_Tree@V?$_Tmap_traits@HPAVdatabase@@U?$less@H@std@@V?$allocator@U?$pair@$$CBHPAVdatabase@@@std@@@3@$0A@@std@@@std@@IAEXPAU?$_Tree_node@U?$pair@$$CBHPAVdatabase@@@std@@PAX@2@@Z 00414ac0 f i databaseMgr.obj
 0001:00013ac0       ?_Erase@?$_Tree@V?$_Tmap_traits@IIU?$less@I@std@@V?$allocator@U?$pair@$$CBII@std@@@2@$0A@@std@@@std@@IAEXPAU?$_Tree_node@U?$pair@$$CBII@std@@PAX@2@@Z 00414ac0 f i slinkclient.obj
 0001:00013ac0       ?_Erase@?$_Tree@V?$_Tset_traits@IU?$less@I@std@@V?$allocator@I@2@$0A@@std@@@std@@IAEXPAU?$_Tree_node@IPAX@2@@Z 00414ac0 f i slinkclient.obj
 0001:00013ac0       ?_Erase@?$_Tree@V?$_Tmap_traits@IPAVccDriver@@U?$less@I@std@@V?$allocator@U?$pair@$$CBIPAVccDriver@@@std@@@3@$0A@@std@@@std@@IAEXPAU?$_Tree_node@U?$pair@$$CBIPAVccDriver@@@std@@PAX@2@@Z 00414ac0 f i slinkclient.obj
 0001:00013b00       ?about@slinkClient@@AAEXXZ 00414b00 f   slinkclient.obj
 0001:00013e80       ?addDriver@slinkClient@@AAEXIID@Z 00414e80 f   slinkclient.obj
 0001:000145e0       ??3@YAXPAX0@Z              004155e0 f i ccCheck.obj
 0001:000145e0       ??1initializer@?A0xcc4eed96@@QAE@XZ 004155e0 f i qrc_slinkclient.obj
 0001:000145e0       ?Destruct@?$QMetaTypeFunctionHelper@W4SocketError@QAbstractSocket@@$00@QtMetaTypePrivate@@SAXPAX@Z 004155e0 f i moc_persistentSocket.obj
 0001:000145e0       ?cccConnected@IccClientCallback@@MAEXXZ 004155e0 f i slinkclient.obj
 0001:000145e0       ?cccDisconnected@IccClientCallback@@MAEXXZ 004155e0 f i slinkclient.obj
 0001:000145f0       ?cccDeviceMessage@IccClientCallback@@MAEXHHABV?$basic_string@DU?$char_traits@D@std@@V?$allocator@D@2@@std@@H@Z 004155f0 f i slinkclient.obj
 0001:00014600       ?cccDisconnected@slinkClient@@MAEXXZ 00415600 f   slinkclient.obj
 0001:00014640       ?cccGpiRevertive@IccClientCallback@@MAEXHH_N@Z 00415640 f i slinkclient.obj
 0001:00014640       ?cccDatabaseChange@IccClientCallback@@MAEXHHH@Z 00415640 f i slinkclient.obj
 0001:00014640       ?cccDeviceMode@IccClientCallback@@MAEXHHW4redundancyState@cc@@@Z 00415640 f i slinkclient.obj
 0001:00014640       ?cccInfoRevertive@IccClientCallback@@MAEXHHABV?$basic_string@DU?$char_traits@D@std@@V?$allocator@D@2@@std@@@Z 00415640 f i slinkclient.obj
 0001:00014640       ?cccRtrRevertive@IccClientCallback@@MAEXHHH@Z 00415640 f i slinkclient.obj
 0001:00014650       ?ccdRedundancyState@IccDriverCallback@@MAEXPAVccDriver@@W4redundancyState@cc@@@Z 00415650 f i slinkclient.obj
 0001:00014650       ?cccPollError@IccClientCallback@@MAEXHH@Z 00415650 f i slinkclient.obj
 0001:00014650       ?cccSerialNumberError@IccClientCallback@@MAEXHH@Z 00415650 f i slinkclient.obj
 0001:00014660       ?ccdClientMessage@IccDriverCallback@@MAEXHHABV?$basic_string@DU?$char_traits@D@std@@V?$allocator@D@2@@std@@00@Z 00415660 f i slinkclient.obj
 0001:00014670       ?ccdClientMessage@slinkClient@@MAEXHHABV?$basic_string@DU?$char_traits@D@std@@V?$allocator@D@2@@std@@00@Z 00415670 f   slinkclient.obj
 0001:00014950       ?ccdCommand@slinkClient@@MAEXPAVccDriver@@PBD@Z 00415950 f   slinkclient.obj
 0001:00015570       ?ccdDatabaseChange@slinkClient@@MAEXIII@Z 00416570 f   slinkclient.obj
 0001:00015680       ?ccdConnected@slinkClient@@MAEXH@Z 00416680 f i slinkclient.obj
 0001:00015680       ?cccConfigChangeMessage@IccClientCallback@@MAEXABV?$basic_string@DU?$char_traits@D@std@@V?$allocator@D@2@@std@@@Z 00416680 f i slinkclient.obj
 0001:00015680       ??$destroy@PAU?$_Tree_node@U?$pair@$$CBVQString@@V1@@std@@PAX@std@@@?$_Wrap_alloc@V?$allocator@U?$_Tree_node@U?$pair@$$CBVQString@@V1@@std@@PAX@std@@@std@@@std@@QAEXPAPAU?$_Tree_node@U?$pair@$$CBVQString@@V1@@std@@PAX@1@@Z 00416680 f i netStatus.obj
 0001:00015680       ?ccdDisconnected@slinkClient@@MAEXH@Z 00416680 f i slinkclient.obj
 0001:00015680       ?ccdConnected@IccDriverCallback@@MAEXH@Z 00416680 f i slinkclient.obj
 0001:00015680       ?ccdDisconnected@IccDriverCallback@@MAEXH@Z 00416680 f i slinkclient.obj
 0001:00015690       ?ccdRedundancyState@slinkClient@@MAEXPAVccDriver@@W4redundancyState@cc@@@Z 00416690 f   slinkclient.obj
 0001:00015910       ?clear@?$_Tree@V?$_Tset_traits@IU?$less@I@std@@V?$allocator@I@2@$0A@@std@@@std@@QAEXXZ 00416910 f i slinkclient.obj
 0001:00015910       ?clear@?$_Tree@V?$_Tmap_traits@IPAVccDriver@@U?$less@I@std@@V?$allocator@U?$pair@$$CBIPAVccDriver@@@std@@@3@$0A@@std@@@std@@QAEXXZ 00416910 f i slinkclient.obj
 0001:00015910       ?clear@?$_Tree@V?$_Tmap_traits@IIU?$less@I@std@@V?$allocator@U?$pair@$$CBII@std@@@2@$0A@@std@@@std@@QAEXXZ 00416910 f i slinkclient.obj
 0001:00015910       ?clear@?$_Tree@V?$_Tmap_traits@HPAVdatabase@@U?$less@H@std@@V?$allocator@U?$pair@$$CBHPAVdatabase@@@std@@@3@$0A@@std@@@std@@QAEXXZ 00416910 f i databaseMgr.obj
 0001:00015960       ?connectStatusInfodriver@slinkClient@@AAEXXZ 00416960 f   slinkclient.obj
 0001:00015b20       ?detach_helper@?$QList@PAVQListWidgetItem@@@@AAEXH@Z 00416b20 f i slinkclient.obj
 0001:00015bf0       ?detach_helper@?$QList@VQString@@@@AAEXH@Z 00416bf0 f i slinkclient.obj
 0001:00015ce0       ?doClearDebug@slinkClient@@AAEXXZ 00416ce0 f   slinkclient.obj
 0001:00015d00       ?doConfigEdit@slinkClient@@AAEXXZ 00416d00 f   slinkclient.obj
 0001:000172a0       ?doHelp@slinkClient@@AAEXXZ 004182a0 f   slinkclient.obj
 0001:00017470       ?doResetCounters@slinkClient@@AAEXXZ 00418470 f   slinkclient.obj
 0001:000174e0       ?erase@?$_Tree@V?$_Tmap_traits@IPAVccDriver@@U?$less@I@std@@V?$allocator@U?$pair@$$CBIPAVccDriver@@@std@@@3@$0A@@std@@@std@@QAE?AV?$_Tree_iterator@V?$_Tree_val@U?$_Tree_simple_types@U?$pair@$$CBIPAVccDriver@@@std@@@std@@@std@@@2@V?$_Tree_const_iterator@V?$_Tree_val@U?$_Tree_simple_types@U?$pair@$$CBIPAVccDriver@@@std@@@std@@@std@@@2@0@Z 004184e0 f i slinkclient.obj
 0001:000174e0       ?erase@?$_Tree@V?$_Tmap_traits@HPAVdatabase@@U?$less@H@std@@V?$allocator@U?$pair@$$CBHPAVdatabase@@@std@@@3@$0A@@std@@@std@@QAE?AV?$_Tree_iterator@V?$_Tree_val@U?$_Tree_simple_types@U?$pair@$$CBHPAVdatabase@@@std@@@std@@@std@@@2@V?$_Tree_const_iterator@V?$_Tree_val@U?$_Tree_simple_types@U?$pair@$$CBHPAVdatabase@@@std@@@std@@@std@@@2@0@Z 004184e0 f i databaseMgr.obj
 0001:000174e0       ?erase@?$_Tree@V?$_Tset_traits@IU?$less@I@std@@V?$allocator@I@2@$0A@@std@@@std@@QAE?AV?$_Tree_const_iterator@V?$_Tree_val@U?$_Tree_simple_types@I@std@@@std@@@2@V32@0@Z 004184e0 f i slinkclient.obj
 0001:000174e0       ?erase@?$_Tree@V?$_Tmap_traits@IIU?$less@I@std@@V?$allocator@U?$pair@$$CBII@std@@@2@$0A@@std@@@std@@QAE?AV?$_Tree_iterator@V?$_Tree_val@U?$_Tree_simple_types@U?$pair@$$CBII@std@@@std@@@std@@@2@V?$_Tree_const_iterator@V?$_Tree_val@U?$_Tree_simple_types@U?$pair@$$CBII@std@@@std@@@std@@@2@0@Z 004184e0 f i slinkclient.obj
 0001:00017580       ?erase@?$_Tree@V?$_Tset_traits@IU?$less@I@std@@V?$allocator@I@2@$0A@@std@@@std@@QAE?AV?$_Tree_const_iterator@V?$_Tree_val@U?$_Tree_simple_types@I@std@@@std@@@2@V32@@Z 00418580 f i slinkclient.obj
 0001:00017580       ?erase@?$_Tree@V?$_Tmap_traits@IIU?$less@I@std@@V?$allocator@U?$pair@$$CBII@std@@@2@$0A@@std@@@std@@QAE?AV?$_Tree_iterator@V?$_Tree_val@U?$_Tree_simple_types@U?$pair@$$CBII@std@@@std@@@std@@@2@V?$_Tree_const_iterator@V?$_Tree_val@U?$_Tree_simple_types@U?$pair@$$CBII@std@@@std@@@std@@@2@@Z 00418580 f i slinkclient.obj
 0001:00017580       ?erase@?$_Tree@V?$_Tmap_traits@HPAVdatabase@@U?$less@H@std@@V?$allocator@U?$pair@$$CBHPAVdatabase@@@std@@@3@$0A@@std@@@std@@QAE?AV?$_Tree_iterator@V?$_Tree_val@U?$_Tree_simple_types@U?$pair@$$CBHPAVdatabase@@@std@@@std@@@std@@@2@V?$_Tree_const_iterator@V?$_Tree_val@U?$_Tree_simple_types@U?$pair@$$CBHPAVdatabase@@@std@@@std@@@std@@@2@@Z 00418580 f i databaseMgr.obj
 0001:00017580       ?erase@?$_Tree@V?$_Tmap_traits@IPAVccDriver@@U?$less@I@std@@V?$allocator@U?$pair@$$CBIPAVccDriver@@@std@@@3@$0A@@std@@@std@@QAE?AV?$_Tree_iterator@V?$_Tree_val@U?$_Tree_simple_types@U?$pair@$$CBIPAVccDriver@@@std@@@std@@@std@@@2@V?$_Tree_const_iterator@V?$_Tree_val@U?$_Tree_simple_types@U?$pair@$$CBIPAVccDriver@@@std@@@std@@@std@@@2@@Z 00418580 f i slinkclient.obj
 0001:000177f0       ?fccConnected@slinkClient@@MAEXABVQString@@H0@Z 004187f0 f   slinkclient.obj
 0001:00017ab0       ?fccDatabaseChange@slinkClient@@MAEXPAVfabianClient@@IIIABVQString@@@Z 00418ab0 f   slinkclient.obj
 0001:00017ba0       ?fccDeviceProfile@slinkClient@@MAEXPAVfabianClient@@III@Z 00418ba0 f   slinkclient.obj
 0001:00017f50       ?fccDisconnected@slinkClient@@MAEXXZ 00418f50 f   slinkclient.obj
 0001:00018130       ?fccGpiRevertive@slinkClient@@MAEXPAVfabianClient@@II_NI@Z 00419130 f   slinkclient.obj
 0001:00018410       ?fccInfoRevertive@slinkClient@@MAEXPAVfabianClient@@IIABVQString@@I@Z 00419410 f   slinkclient.obj
 0001:00018710       ?fccRouterRevertive@slinkClient@@MAEXPAVfabianClient@@IIHI@Z 00419710 f   slinkclient.obj
 0001:00018a60       ?find@?$_Tree@V?$_Tmap_traits@IPAVccDriver@@U?$less@I@std@@V?$allocator@U?$pair@$$CBIPAVccDriver@@@std@@@3@$0A@@std@@@std@@QAE?AV?$_Tree_iterator@V?$_Tree_val@U?$_Tree_simple_types@U?$pair@$$CBIPAVccDriver@@@std@@@std@@@std@@@2@ABI@Z 00419a60 f i slinkclient.obj
 0001:00018ab0       ?forceTx@slinkClient@@AAEXXZ 00419ab0 f   slinkclient.obj
 0001:00018b20       ?localToRemote@slinkClient@@AAEII@Z 00419b20 f   slinkclient.obj
 0001:00018b80       ?node_copy@?$QList@PAVQListWidgetItem@@@@AAEXPAUNode@1@00@Z 00419b80 f i slinkclient.obj
 0001:00018bb0       ?remoteToLocal@slinkClient@@AAEII@Z 00419bb0 f   slinkclient.obj
 0001:00018c10       ?removeDriver@slinkClient@@AAEXI@Z 00419c10 f   slinkclient.obj
 0001:00018e90       ?retranslateUi@Ui_configEdit@@QAEXPAVQDialog@@@Z 00419e90 f i slinkclient.obj
 0001:000193c0       ?retranslateUi@Ui_slinkClientClass@@QAEXPAVQMainWindow@@@Z 0041a3c0 f i slinkclient.obj
 0001:00019d50       ?sendConnectionString@slinkClient@@AAEXXZ 0041ad50 f   slinkclient.obj
 0001:00019fd0       ?setFabianStatus@slinkClient@@AAEXI@Z 0041afd0 f   slinkclient.obj
 0001:0001a0f0       ?setInfodriverStatusValue@slinkClient@@AAEXABVQString@@@Z 0041b0f0 f   slinkclient.obj
 0001:0001a220       ?setRxOnly@slinkClient@@AAEXXZ 0041b220 f   slinkclient.obj
 0001:0001a290       ?setSocksProxy@slinkClient@@AAEXXZ 0041b290 f   slinkclient.obj
 0001:0001a390       ?setTx@slinkClient@@AAEXXZ 0041b390 f   slinkclient.obj
 0001:0001a400       ?setupUi@Ui_configEdit@@QAEXPAVQDialog@@@Z 0041b400 f i slinkclient.obj
 0001:0001b980       ?setupUi@Ui_slinkClientClass@@QAEXPAVQMainWindow@@@Z 0041c980 f i slinkclient.obj
 0001:0001da80       ?showConfig@slinkClient@@AAEXXZ 0041ea80 f   slinkclient.obj
 0001:0001dd40       ?slotAddDriver@slinkClient@@AAEXXZ 0041ed40 f   slinkclient.obj
 0001:0001e350       ?slotRemoveDriver@slinkClient@@AAEXXZ 0041f350 f   slinkclient.obj
 0001:0001e660       ?timerEvent@slinkClient@@MAEXPAVQTimerEvent@@@Z 0041f660 f   slinkclient.obj
 0001:0001e940       ?writeDeviceConfig@slinkClient@@AAEXXZ 0041f940 f   slinkclient.obj
 0001:0001eff0       _GetFileVersionInfoSizeA@8 0041fff0 f   version:VERSION.dll
 0001:0001eff6       _GetFileVersionInfoA@16    0041fff6 f   version:VERSION.dll
 0001:0001effe       _VerQueryValueA@16         0041fffe f   version:VERSION.dll
 0001:0001f004       ?childEvent@QObject@@MAEXPAVQChildEvent@@@Z 00420004 f   Qt5Core:Qt5Core.dll
 0001:0001f00a       ?connectNotify@QObject@@MAEXABVQMetaMethod@@@Z 0042000a f   Qt5Core:Qt5Core.dll
 0001:0001f010       ?customEvent@QObject@@MAEXPAVQEvent@@@Z 00420010 f   Qt5Core:Qt5Core.dll
 0001:0001f016       ?disconnectNotify@QObject@@MAEXABVQMetaMethod@@@Z 00420016 f   Qt5Core:Qt5Core.dll
 0001:0001f01c       ?event@QObject@@UAE_NPAVQEvent@@@Z 0042001c f   Qt5Core:Qt5Core.dll
 0001:0001f022       ?eventFilter@QObject@@UAE_NPAV1@PAVQEvent@@@Z 00420022 f   Qt5Core:Qt5Core.dll
 0001:0001f028       ?open@QIODevice@@UAE_NV?$QFlags@W4OpenModeFlag@QIODevice@@@@@Z 00420028 f   Qt5Core:Qt5Core.dll
 0001:0001f02e       ?pos@QIODevice@@UBE_JXZ    0042002e f   Qt5Core:Qt5Core.dll
 0001:0001f034       ?reset@QIODevice@@UAE_NXZ  00420034 f   Qt5Core:Qt5Core.dll
 0001:0001f03a       ?seek@QIODevice@@UAE_N_J@Z 0042003a f   Qt5Core:Qt5Core.dll
 0001:0001f040       ?size@QIODevice@@UBE_JXZ   00420040 f   Qt5Core:Qt5Core.dll
 0001:0001f046       ?timerEvent@QObject@@MAEXPAVQTimerEvent@@@Z 00420046 f   Qt5Core:Qt5Core.dll
 0001:0001f04c       ?atEnd@QSslSocket@@UBE_NXZ 0042004c f   Qt5Network:Qt5Network.dll
 0001:0001f052       ?bytesAvailable@QSslSocket@@UBE_JXZ 00420052 f   Qt5Network:Qt5Network.dll
 0001:0001f058       ?bytesToWrite@QSslSocket@@UBE_JXZ 00420058 f   Qt5Network:Qt5Network.dll
 0001:0001f05e       ?canReadLine@QSslSocket@@UBE_NXZ 0042005e f   Qt5Network:Qt5Network.dll
 0001:0001f064       ?close@QSslSocket@@UAEXXZ  00420064 f   Qt5Network:Qt5Network.dll
 0001:0001f06a       ?connectToHost@QAbstractSocket@@UAEXABVQHostAddress@@GV?$QFlags@W4OpenModeFlag@QIODevice@@@@@Z 0042006a f   Qt5Network:Qt5Network.dll
 0001:0001f070       ?connectToHost@QSslSocket@@UAEXABVQString@@GV?$QFlags@W4OpenModeFlag@QIODevice@@@@W4NetworkLayerProtocol@QAbstractSocket@@@Z 00420070 f   Qt5Network:Qt5Network.dll
 0001:0001f076       ?disconnectFromHost@QSslSocket@@UAEXXZ 00420076 f   Qt5Network:Qt5Network.dll
 0001:0001f07c       ?isSequential@QAbstractSocket@@UBE_NXZ 0042007c f   Qt5Network:Qt5Network.dll
 0001:0001f082       ?metaObject@QSslSocket@@UBEPBUQMetaObject@@XZ 00420082 f   Qt5Network:Qt5Network.dll
 0001:0001f088       ?qt_metacall@QSslSocket@@UAEHW4Call@QMetaObject@@HPAPAX@Z 00420088 f   Qt5Network:Qt5Network.dll
 0001:0001f08e       ?qt_metacast@QSslSocket@@UAEPAXPBD@Z 0042008e f   Qt5Network:Qt5Network.dll
 0001:0001f094       ?readData@QSslSocket@@MAE_JPAD_J@Z 00420094 f   Qt5Network:Qt5Network.dll
 0001:0001f09a       ?readLineData@QAbstractSocket@@MAE_JPAD_J@Z 0042009a f   Qt5Network:Qt5Network.dll
 0001:0001f0a0       ?resume@QSslSocket@@UAEXXZ 004200a0 f   Qt5Network:Qt5Network.dll
 0001:0001f0a6       ?setReadBufferSize@QSslSocket@@UAEX_J@Z 004200a6 f   Qt5Network:Qt5Network.dll
 0001:0001f0ac       ?setSocketDescriptor@QSslSocket@@UAE_NHW4SocketState@QAbstractSocket@@V?$QFlags@W4OpenModeFlag@QIODevice@@@@@Z 004200ac f   Qt5Network:Qt5Network.dll
 0001:0001f0b2       ?setSocketOption@QSslSocket@@UAEXW4SocketOption@QAbstractSocket@@ABVQVariant@@@Z 004200b2 f   Qt5Network:Qt5Network.dll
 0001:0001f0b8       ?socketDescriptor@QAbstractSocket@@UBEHXZ 004200b8 f   Qt5Network:Qt5Network.dll
 0001:0001f0be       ?socketOption@QSslSocket@@UAE?AVQVariant@@W4SocketOption@QAbstractSocket@@@Z 004200be f   Qt5Network:Qt5Network.dll
 0001:0001f0c4       ?waitForBytesWritten@QSslSocket@@UAE_NH@Z 004200c4 f   Qt5Network:Qt5Network.dll
 0001:0001f0ca       ?waitForConnected@QSslSocket@@UAE_NH@Z 004200ca f   Qt5Network:Qt5Network.dll
 0001:0001f0d0       ?waitForDisconnected@QSslSocket@@UAE_NH@Z 004200d0 f   Qt5Network:Qt5Network.dll
 0001:0001f0d6       ?waitForReadyRead@QSslSocket@@UAE_NH@Z 004200d6 f   Qt5Network:Qt5Network.dll
 0001:0001f0dc       ?writeData@QSslSocket@@MAE_JPBD_J@Z 004200dc f   Qt5Network:Qt5Network.dll
 0001:0001f0e2       ?actionEvent@QMenu@@MAEXPAVQActionEvent@@@Z 004200e2 f   Qt5Widgets:Qt5Widgets.dll
 0001:0001f0e8       ?actionEvent@QMenuBar@@MAEXPAVQActionEvent@@@Z 004200e8 f   Qt5Widgets:Qt5Widgets.dll
[...]
 0002:0000a000       __unwindtable$?setFabianStatus@slinkClient@@AAEXI@Z 00430000     slinkclient.obj
 0002:0000a018       __ehfuncinfo$?setFabianStatus@slinkClient@@AAEXI@Z 00430018     slinkclient.obj
 0002:0000a03c       __ehfuncinfo$?ccdCommand@slinkClient@@MAEXPAVccDriver@@PBD@Z 0043003c     slinkclient.obj
 0002:0000a060       __unwindtable$?ccdCommand@slinkClient@@MAEXPAVccDriver@@PBD@Z 00430060     slinkclient.obj
 0002:0000a150       __ehfuncinfo$?ccdClientMessage@slinkClient@@MAEXHHABV?$basic_string@DU?$char_traits@D@std@@V?$allocator@D@2@@std@@00@Z 00430150     slinkclient.obj
 0002:0000a174       __unwindtable$?ccdClientMessage@slinkClient@@MAEXHHABV?$basic_string@DU?$char_traits@D@std@@V?$allocator@D@2@@std@@00@Z 00430174     slinkclient.obj
 0002:0000a1e4       __ehfuncinfo$?ccdRedundancyState@slinkClient@@MAEXPAVccDriver@@W4redundancyState@cc@@@Z 004301e4     slinkclient.obj
 0002:0000a208       __unwindtable$?ccdRedundancyState@slinkClient@@MAEXPAVccDriver@@W4redundancyState@cc@@@Z 00430208     slinkclient.obj
 0002:0000a268       __unwindtable$?ccdDatabaseChange@slinkClient@@MAEXIII@Z 00430268     slinkclient.obj
 0002:0000a278       __ehfuncinfo$?ccdDatabaseChange@slinkClient@@MAEXIII@Z 00430278     slinkclient.obj
 0002:0000a29c       __ehfuncinfo$?timerEvent@slinkClient@@MAEXPAVQTimerEvent@@@Z 0043029c     slinkclient.obj
 0002:0000a2c0       __unwindtable$?timerEvent@slinkClient@@MAEXPAVQTimerEvent@@@Z 004302c0     slinkclient.obj
 0002:0000a300       __ehfuncinfo$?fccInfoRevertive@slinkClient@@MAEXPAVfabianClient@@IIABVQString@@I@Z 00430300     slinkclient.obj
 0002:0000a324       __unwindtable$?fccInfoRevertive@slinkClient@@MAEXPAVfabianClient@@IIABVQString@@I@Z 00430324     slinkclient.obj
 0002:0000a37c       __ehfuncinfo$?fccRouterRevertive@slinkClient@@MAEXPAVfabianClient@@IIHI@Z 0043037c     slinkclient.obj
 0002:0000a3a0       __unwindtable$?fccRouterRevertive@slinkClient@@MAEXPAVfabianClient@@IIHI@Z 004303a0     slinkclient.obj
 0002:0000a408       __ehfuncinfo$?fccGpiRevertive@slinkClient@@MAEXPAVfabianClient@@II_NI@Z 00430408     slinkclient.obj
 0002:0000a42c       __unwindtable$?fccGpiRevertive@slinkClient@@MAEXPAVfabianClient@@II_NI@Z 0043042c     slinkclient.obj
 0002:0000a47c       __ehfuncinfo$?fccConnected@slinkClient@@MAEXABVQString@@H0@Z 0043047c     slinkclient.obj
 0002:0000a4a0       __unwindtable$?fccConnected@slinkClient@@MAEXABVQString@@H0@Z 004304a0     slinkclient.obj
 0002:0000a4e8       __unwindtable$?fccDisconnected@slinkClient@@MAEXXZ 004304e8     slinkclient.obj
 0002:0000a508       __ehfuncinfo$?fccDisconnected@slinkClient@@MAEXXZ 00430508     slinkclient.obj
 0002:0000a52c       __unwindtable$?updateSlot@ccInfodriver@@QAE_NHABV?$basic_string@DU?$char_traits@D@std@@V?$allocator@D@2@@std@@AA_N@Z 0043052c     slinkclient.obj
 0002:0000a52c       __unwindtable$?fccDatabaseChange@slinkClient@@MAEXPAVfabianClient@@IIIABVQString@@@Z 0043052c     slinkclient.obj
 0002:0000a534       __ehfuncinfo$?updateSlot@ccInfodriver@@QAE_NHABV?$basic_string@DU?$char_traits@D@std@@V?$allocator@D@2@@std@@AA_N@Z 00430534     slinkclient.obj
 0002:0000a534       __ehfuncinfo$?fccDatabaseChange@slinkClient@@MAEXPAVfabianClient@@IIIABVQString@@@Z 00430534     slinkclient.obj
 0002:0000a558       __ehfuncinfo$?fccDeviceProfile@slinkClient@@MAEXPAVfabianClient@@III@Z 00430558     slinkclient.obj
 0002:0000a57c       __unwindtable$?fccDeviceProfile@slinkClient@@MAEXPAVfabianClient@@III@Z 0043057c     slinkclient.obj
 0002:0000a5d4       __ehfuncinfo$?about@slinkClient@@AAEXXZ 004305d4     slinkclient.obj
 0002:0000a5f8       __unwindtable$?about@slinkClient@@AAEXXZ 004305f8     slinkclient.obj
 0002:0000a660       __ehfuncinfo$?doHelp@slinkClient@@AAEXXZ 00430660     slinkclient.obj
 0002:0000a684       __unwindtable$?doHelp@slinkClient@@AAEXXZ 00430684     slinkclient.obj
 0002:0000a6b4       __ehfuncinfo$?slotAddDriver@slinkClient@@AAEXXZ 004306b4     slinkclient.obj
 0002:0000a6d8       __unwindtable$?slotAddDriver@slinkClient@@AAEXXZ 004306d8     slinkclient.obj
 0002:0000a760       __ehfuncinfo$?slotRemoveDriver@slinkClient@@AAEXXZ 00430760     slinkclient.obj
 0002:0000a784       __unwindtable$?slotRemoveDriver@slinkClient@@AAEXXZ 00430784     slinkclient.obj
 0002:0000a7cc       __ehfuncinfo$?doConfigEdit@slinkClient@@AAEXXZ 004307cc     slinkclient.obj
 0002:0000a7f0       __unwindtable$?doConfigEdit@slinkClient@@AAEXXZ 004307f0     slinkclient.obj
 0002:0000aa98       __ehfuncinfo$?setupUi@Ui_configEdit@@QAEXPAVQDialog@@@Z 00430a98     slinkclient.obj
 0002:0000aabc       __unwindtable$?setupUi@Ui_configEdit@@QAEXPAVQDialog@@@Z 00430abc     slinkclient.obj
 0002:0000ad94       __ehfuncinfo$?retranslateUi@Ui_configEdit@@QAEXPAVQDialog@@@Z 00430d94     slinkclient.obj
 0002:0000adb8       __unwindtable$?retranslateUi@Ui_configEdit@@QAEXPAVQDialog@@@Z 00430db8     slinkclient.obj
 0002:0000ae68       __catchsym$?detach_helper@?$QList@PAVQListWidgetItem@@@@AAEXH@Z$2 00430e68     slinkclient.obj
 0002:0000ae78       __unwindtable$?detach_helper@?$QList@PAVQListWidgetItem@@@@AAEXH@Z 00430e78     slinkclient.obj
 0002:0000ae88       __tryblocktable$?detach_helper@?$QList@PAVQListWidgetItem@@@@AAEXH@Z 00430e88     slinkclient.obj
 0002:0000ae9c       __ehfuncinfo$?detach_helper@?$QList@PAVQListWidgetItem@@@@AAEXH@Z 00430e9c     slinkclient.obj
 0002:0000aec0       __catchsym$??$_Insert_nohint@ABIU_Nil@std@@@?$_Tree@V?$_Tset_traits@IU?$less@I@std@@V?$allocator@I@2@$0A@@std@@@std@@IAE?AU?$pair@V?$_Tree_const_iterator@V?$_Tree_val@U?$_Tree_simple_types@I@std@@@std@@@std@@_N@1@_NABIU_Nil@1@@Z$2 00430ec0     slinkclient.obj
 0002:0000aed0       __unwindtable$??$_Insert_nohint@ABIU_Nil@std@@@?$_Tree@V?$_Tset_traits@IU?$less@I@std@@V?$allocator@I@2@$0A@@std@@@std@@IAE?AU?$pair@V?$_Tree_const_iterator@V?$_Tree_val@U?$_Tree_simple_types@I@std@@@std@@@std@@_N@1@_NABIU_Nil@1@@Z 00430ed0     slinkclient.obj
 0002:0000aee0       __tryblocktable$??$_Insert_nohint@ABIU_Nil@std@@@?$_Tree@V?$_Tset_traits@IU?$less@I@std@@V?$allocator@I@2@$0A@@std@@@std@@IAE?AU?$pair@V?$_Tree_const_iterator@V?$_Tree_val@U?$_Tree_simple_types@I@std@@@std@@@std@@_N@1@_NABIU_Nil@1@@Z 00430ee0     slinkclient.obj
 0002:0000aef4       __ehfuncinfo$??$_Insert_nohint@ABIU_Nil@std@@@?$_Tree@V?$_Tset_traits@IU?$less@I@std@@V?$allocator@I@2@$0A@@std@@@std@@IAE?AU?$pair@V?$_Tree_const_iterator@V?$_Tree_val@U?$_Tree_simple_types@I@std@@@std@@@std@@_N@1@_NABIU_Nil@1@@Z 00430ef4     slinkclient.obj
 0002:0000af18       __catchsym$??$_Insert_nohint@AAU?$pair@$$CBII@std@@PAU?$_Tree_node@U?$pair@$$CBII@std@@PAX@2@@?$_Tree@V?$_Tmap_traits@IIU?$less@I@std@@V?$allocator@U?$pair@$$CBII@std@@@2@$0A@@std@@@std@@IAE?AU?$pair@V?$_Tree_iterator@V?$_Tree_val@U?$_Tree_simple_types@U?$pair@$$CBII@std@@@std@@@std@@@std@@_N@1@_NAAU?$pair@$$CBII@1@PAU?$_Tree_node@U?$pair@$$CBII@std@@PAX@1@@Z$2 00430f18     slinkclient.obj
 0002:0000af18       __catchsym$??$_Insert_nohint@AAU?$pair@$$CBIPAVccDriver@@@std@@PAU?$_Tree_node@U?$pair@$$CBIPAVccDriver@@@std@@PAX@2@@?$_Tree@V?$_Tmap_traits@IPAVccDriver@@U?$less@I@std@@V?$allocator@U?$pair@$$CBIPAVccDriver@@@std@@@3@$0A@@std@@@std@@IAE?AU?$pair@V?$_Tree_iterator@V?$_Tree_val@U?$_Tree_simple_types@U?$pair@$$CBIPAVccDriver@@@std@@@std@@@std@@@std@@_N@1@_NAAU?$pair@$$CBIPAVccDriver@@@1@PAU?$_Tree_node@U?$pair@$$CBIPAVccDriver@@@std@@PAX@1@@Z$2 00430f18     slinkclient.obj
 0002:0000af28       __unwindtable$??$_Insert_nohint@AAU?$pair@$$CBII@std@@PAU?$_Tree_node@U?$pair@$$CBII@std@@PAX@2@@?$_Tree@V?$_Tmap_traits@IIU?$less@I@std@@V?$allocator@U?$pair@$$CBII@std@@@2@$0A@@std@@@std@@IAE?AU?$pair@V?$_Tree_iterator@V?$_Tree_val@U?$_Tree_simple_types@U?$pair@$$CBII@std@@@std@@@std@@@std@@_N@1@_NAAU?$pair@$$CBII@1@PAU?$_Tree_node@U?$pair@$$CBII@std@@PAX@1@@Z 00430f28     slinkclient.obj
 0002:0000af28       __unwindtable$??$_Insert_nohint@AAU?$pair@$$CBIPAVccDriver@@@std@@PAU?$_Tree_node@U?$pair@$$CBIPAVccDriver@@@std@@PAX@2@@?$_Tree@V?$_Tmap_traits@IPAVccDriver@@U?$less@I@std@@V?$allocator@U?$pair@$$CBIPAVccDriver@@@std@@@3@$0A@@std@@@std@@IAE?AU?$pair@V?$_Tree_iterator@V?$_Tree_val@U?$_Tree_simple_types@U?$pair@$$CBIPAVccDriver@@@std@@@std@@@std@@@std@@_N@1@_NAAU?$pair@$$CBIPAVccDriver@@@1@PAU?$_Tree_node@U?$pair@$$CBIPAVccDriver@@@std@@PAX@1@@Z 00430f28     slinkclient.obj
 0002:0000af38       __tryblocktable$??$_Insert_nohint@AAU?$pair@$$CBIPAVccDriver@@@std@@PAU?$_Tree_node@U?$pair@$$CBIPAVccDriver@@@std@@PAX@2@@?$_Tree@V?$_Tmap_traits@IPAVccDriver@@U?$less@I@std@@V?$allocator@U?$pair@$$CBIPAVccDriver@@@std@@@3@$0A@@std@@@std@@IAE?AU?$pair@V?$_Tree_iterator@V?$_Tree_val@U?$_Tree_simple_types@U?$pair@$$CBIPAVccDriver@@@std@@@std@@@std@@@std@@_N@1@_NAAU?$pair@$$CBIPAVccDriver@@@1@PAU?$_Tree_node@U?$pair@$$CBIPAVccDriver@@@std@@PAX@1@@Z 00430f38     slinkclient.obj
 0002:0000af38       __tryblocktable$??$_Insert_nohint@AAU?$pair@$$CBII@std@@PAU?$_Tree_node@U?$pair@$$CBII@std@@PAX@2@@?$_Tree@V?$_Tmap_traits@IIU?$less@I@std@@V?$allocator@U?$pair@$$CBII@std@@@2@$0A@@std@@@std@@IAE?AU?$pair@V?$_Tree_iterator@V?$_Tree_val@U?$_Tree_simple_types@U?$pair@$$CBII@std@@@std@@@std@@@std@@_N@1@_NAAU?$pair@$$CBII@1@PAU?$_Tree_node@U?$pair@$$CBII@std@@PAX@1@@Z 00430f38     slinkclient.obj
 0002:0000af4c       __ehfuncinfo$??$_Insert_nohint@AAU?$pair@$$CBII@std@@PAU?$_Tree_node@U?$pair@$$CBII@std@@PAX@2@@?$_Tree@V?$_Tmap_traits@IIU?$less@I@std@@V?$allocator@U?$pair@$$CBII@std@@@2@$0A@@std@@@std@@IAE?AU?$pair@V?$_Tree_iterator@V?$_Tree_val@U?$_Tree_simple_types@U?$pair@$$CBII@std@@@std@@@std@@@std@@_N@1@_NAAU?$pair@$$CBII@1@PAU?$_Tree_node@U?$pair@$$CBII@std@@PAX@1@@Z 00430f4c     slinkclient.obj
 0002:0000af4c       __ehfuncinfo$??$_Insert_nohint@AAU?$pair@$$CBIPAVccDriver@@@std@@PAU?$_Tree_node@U?$pair@$$CBIPAVccDriver@@@std@@PAX@2@@?$_Tree@V?$_Tmap_traits@IPAVccDriver@@U?$less@I@std@@V?$allocator@U?$pair@$$CBIPAVccDriver@@@std@@@3@$0A@@std@@@std@@IAE?AU?$pair@V?$_Tree_iterator@V?$_Tree_val@U?$_Tree_simple_types@U?$pair@$$CBIPAVccDriver@@@std@@@std@@@std@@@std@@_N@1@_NAAU?$pair@$$CBIPAVccDriver@@@1@PAU?$_Tree_node@U?$pair@$$CBIPAVccDriver@@@std@@PAX@1@@Z 00430f4c     slinkclient.obj
 0002:0000af70       __sehtable$__onexit        00430f70     MSVCRT:atonexit.obj
 0002:0000af90       __sehtable$___tmainCRTStartup 00430f90     MSVCRT:crtexew.obj
 0002:0000afb0       __sehtable$??_M@YGXPAXIHP6EX0@Z@Z 00430fb0     MSVCRT:ehvecdtr.obj
 0002:0000afd0       __sehtable$?__ArrayUnwind@@YGXPAXIHP6EX0@Z@Z 00430fd0     MSVCRT:ehvecdtr.obj
 0002:0000aff0       __sehtable$__IsNonwritableInCurrentImage 00430ff0     MSVCRT:pesect.obj
 0002:0000bd4a       .idata$6                   00431d4a     version:VERSION.dll
 0002:0000cc8e       .idata$6                   00432c8e     Qt5Core:Qt5Core.dll
 0002:0000cd82       .idata$6                   00432d82     Qt5Gui:Qt5Gui.dll
 0002:0000d816       .idata$6                   00433816     Qt5Network:Qt5Network.dll
 0002:0001328c       .idata$6                   0043928c     Qt5Widgets:Qt5Widgets.dll
 0002:0001329c       .idata$6                   0043929c     bncsif32:BNCSIF32.dll
 0002:000133fa       .idata$6                   004393fa     kernel32:KERNEL32.dll
 0002:000134dc       .idata$6                   004394dc     user32:USER32.dll
 0002:0001351a       .idata$6                   0043951a     advapi32:ADVAPI32.dll
 0002:000136a4       .idata$6                   004396a4     MSVCRT:MSVCR120.dll
 0002:0001393c       .idata$6                   0043993c     msvcprt:MSVCP120.dll
 0002:00013a44       .idata$6                   00439a44     shell32:SHELL32.dll
 0003:00000000       _BNCS_DISKLOG_SIG          0043a000     bncs_disklog.obj
 0003:00000070       _BNCS_CCCHECK_SIG          0043a070     ccCheck.obj
 0003:000000e0       _BNCS_CCCLIENT_SIG         0043a0e0     ccClient.obj
 0003:00000148       _BNCS_CCCONFIG_SIG         0043a148     ccConfig.obj
 0003:000001b0       _BNCS_CCDRIVER_SIG         0043a1b0     ccDriver.obj
 0003:00000218       _BNCS_CCINFODRIVER_SIG     0043a218     ccInfodriver.obj
 0003:000002d0       _SC_large_Icon_32          0043a2d0     slinkclient.obj
 0003:00000560       _BNCS_BNCSWM32_SIG         0043a560     bncswm32:BncsWM32.obj
 0003:00000be0       _allocator_arg             0043abe0     ccCheck.obj
 0003:00000be1       _piecewise_construct       0043abe1     ccCheck.obj
 0003:00000bec       __Tuple_alloc              0043abec     ccClient.obj
 0003:00000bed       _ignore                    0043abed     ccClient.obj
 0003:00000bee       _allocator_arg             0043abee     ccClient.obj
 0003:00000bef       _piecewise_construct       0043abef     ccClient.obj
 0003:00000bf0       __Tuple_alloc              0043abf0     ccConfig.obj
 0003:00000bf1       _ignore                    0043abf1     ccConfig.obj
 0003:00000bf2       _allocator_arg             0043abf2     ccConfig.obj
 0003:00000bf3       _piecewise_construct       0043abf3     ccConfig.obj
 0003:00000bf4       __Tuple_alloc              0043abf4     ccDriver.obj
 0003:00000bf5       _ignore                    0043abf5     ccDriver.obj
 0003:00000bf6       _allocator_arg             0043abf6     ccDriver.obj
 0003:00000bf7       _piecewise_construct       0043abf7     ccDriver.obj
 0003:00000bf8       __Tuple_alloc              0043abf8     ccInfodriver.obj
 0003:00000bf9       _ignore                    0043abf9     ccInfodriver.obj
 0003:00000bfa       _allocator_arg             0043abfa     ccInfodriver.obj
 0003:00000bfb       _piecewise_construct       0043abfb     ccInfodriver.obj
 0003:00000bfc       __Tuple_alloc              0043abfc     database.obj
 0003:00000bfd       _ignore                    0043abfd     database.obj
 0003:00000bfe       _allocator_arg             0043abfe     database.obj
 0003:00000bff       _piecewise_construct       0043abff     database.obj
 0003:00000c00       __Tuple_alloc              0043ac00     databaseMgr.obj
 0003:00000c01       _ignore                    0043ac01     databaseMgr.obj
 0003:00000c02       _allocator_arg             0043ac02     databaseMgr.obj
 0003:00000c03       _piecewise_construct       0043ac03     databaseMgr.obj
 0003:00000c0c       __Tuple_alloc              0043ac0c     appGlobal.obj
 0003:00000c0d       _ignore                    0043ac0d     appGlobal.obj
 0003:00000c0e       _allocator_arg             0043ac0e     appGlobal.obj
 0003:00000c0f       _piecewise_construct       0043ac0f     appGlobal.obj
 0003:00000c14       __Tuple_alloc              0043ac14     fabianClient.obj
 0003:00000c15       _ignore                    0043ac15     fabianClient.obj
 0003:00000c16       _allocator_arg             0043ac16     fabianClient.obj
 0003:00000c17       _piecewise_construct       0043ac17     fabianClient.obj
 0003:00000c19       __Tuple_alloc              0043ac19     moc_fabianClient.obj
 0003:00000c1a       _ignore                    0043ac1a     moc_fabianClient.obj
 0003:00000c1b       _allocator_arg             0043ac1b     moc_fabianClient.obj
 0003:00000c1c       _piecewise_construct       0043ac1c     moc_fabianClient.obj
 0003:00000c1d       __Tuple_alloc              0043ac1d     moc_persistentSocket.obj
 0003:00000c1e       _ignore                    0043ac1e     moc_persistentSocket.obj
 0003:00000c1f       _allocator_arg             0043ac1f     moc_persistentSocket.obj
 0003:00000c20       _piecewise_construct       0043ac20     moc_persistentSocket.obj
 0003:00000c2c       __Tuple_alloc              0043ac2c     moc_slinkclient.obj
 0003:00000c2d       _ignore                    0043ac2d     moc_slinkclient.obj
 0003:00000c2e       _allocator_arg             0043ac2e     moc_slinkclient.obj
 0003:00000c2f       _piecewise_construct       0043ac2f     moc_slinkclient.obj
 0003:00000c30       __Tuple_alloc              0043ac30     main.obj
 0003:00000c31       _ignore                    0043ac31     main.obj
 0003:00000c32       _allocator_arg             0043ac32     main.obj
 0003:00000c33       _piecewise_construct       0043ac33     main.obj
 0003:00000c35       __Tuple_alloc              0043ac35     netStatus.obj
 0003:00000c36       _ignore                    0043ac36     netStatus.obj
 0003:00000c37       _allocator_arg             0043ac37     netStatus.obj
 0003:00000c40       _piecewise_construct       0043ac40     netStatus.obj
 0003:00000c41       __Tuple_alloc              0043ac41     persistentSocket.obj
 0003:00000c42       _ignore                    0043ac42     persistentSocket.obj
 0003:00000c43       _allocator_arg             0043ac43     persistentSocket.obj
 0003:00000c44       _piecewise_construct       0043ac44     persistentSocket.obj
 0003:00000c45       __Tuple_alloc              0043ac45     slinkclient.obj
 0003:00000c46       _ignore                    0043ac46     slinkclient.obj
 0003:00000c47       _allocator_arg             0043ac47     slinkclient.obj
 0003:00000c48       _piecewise_construct       0043ac48     slinkclient.obj
 0003:00000c49       __Nil_obj                  0043ac49     slinkclient.obj
 0003:00000c4c       _?g_fTriedAndFailed@?1??HtmlHelpW@@9@16@4HA$S28322 0043ac4c     htmlhelp:init.obj
 0003:00000c50       _?g_hmodHHCtrl@?1??HtmlHelpA@@9@16@4PAUHINSTANCE__@@A$S28294 0043ac50     htmlhelp:init.obj
 0003:00000c54       _?g_hmodHHCtrl@?1??HtmlHelpW@@9@16@4PAUHINSTANCE__@@A$S28320 0043ac54     htmlhelp:init.obj
 0003:00000c58       _?g_fTriedAndFailed@?1??HtmlHelpA@@9@16@4HA$S28296 0043ac58     htmlhelp:init.obj
 0003:00000c68       _acCopyDataResult          0043ac68     bncswm32:BncsWM32.obj
 0003:00000e6c       _lCopyDataResult           0043ae6c     bncswm32:BncsWM32.obj
 0003:00000e70       ?lResult@?1??BNCS32SendMessage@@9@4JA 0043ae70     bncswm32:BncsWM32.obj
 0003:00000e74       ?acNumericData@?1??BNCS32SendMessage@@9@4PADA 0043ae74     bncswm32:BncsWM32.obj
 0003:00000e84       ?CDS@?1??BNCS32SendMessage@@9@4UtagCOPYDATASTRUCT@@A 0043ae84     bncswm32:BncsWM32.obj
 0003:00000e90       ?uMsg@?1??BNCS32ReceiveMessage@@9@4IA 0043ae90     bncswm32:BncsWM32.obj
 0003:00000e94       ?wParam@?1??BNCS32ReceiveMessage@@9@4IA 0043ae94     bncswm32:BncsWM32.obj
 0003:00000e98       ?lParam@?1??BNCS32ReceiveMessage@@9@4JA 0043ae98     bncswm32:BncsWM32.obj
 0003:00000e9c       ?lResult@?1??BNCS32ReceiveMessage@@9@4JA 0043ae9c     bncswm32:BncsWM32.obj
 0003:00000ea0       _GS_ExceptionRecord        0043aea0     MSVCRT:gs_report.obj
 0003:00000ef0       _GS_ContextRecord          0043aef0     MSVCRT:gs_report.obj
 0003:000011bc       _DebuggerWasPresent        0043b1bc     MSVCRT:gs_report.obj
 0003:000011c0       _has_cctor                 0043b1c0     MSVCRT:crtexew.obj
 0003:000011c4       _mainret                   0043b1c4     MSVCRT:crtexew.obj
 0003:000011c8       _managedapp                0043b1c8     MSVCRT:crtexew.obj
 0003:000011cc       _argc                      0043b1cc     MSVCRT:crtexew.obj
 0003:000011d0       _argv                      0043b1d0     MSVCRT:crtexew.obj
 0003:000011d4       _envp                      0043b1d4     MSVCRT:crtexew.obj
 0003:000011d8       _argret                    0043b1d8     MSVCRT:crtexew.obj
 0003:000011dc       _startinfo                 0043b1dc     MSVCRT:crtexew.obj
 0003:000011f0       _allocator_arg             0043b1f0     qtmain:qtmain_win.obj
 0003:000011f1       _piecewise_construct       0043b1f1     qtmain:qtmain_win.obj
 0004:000001c0       $R000000                   0043c1c0     slinkClient.res
 0004:000005b8       $R0003F8                   0043c5b8     slinkClient.res
 0004:00001660       $R0014A0                   0043d660     slinkClient.res
 0004:00003c08       $R003A48                   0043fc08     slinkClient.res
 0004:00008940       $R008780                   00444940     slinkClient.res
 0004:00008da8       $R008BE8                   00444da8     slinkClient.res
 0004:00008de8       $R008C28                   00444de8     slinkClient.res
