 slinkServer

 Timestamp is 5e9dbcb9 (Mon Apr 20 16:16:09 2020)

 Preferred load address is 00400000

 Start         Length     Name                   Class
 0001:00000000 000000f8H .text                   CODE
 0001:00000100 0000011bH .text$di                CODE
 0001:00000220 00024134H .text$mn                CODE
 0001:00024360 0000487fH .text$x                 CODE
 0001:00028be0 00000152H .text$yd                CODE
 0002:00000000 00000d9cH .idata$5                DATA
 0002:00000d9c 00000004H .CRT$XCA                DATA
 0002:00000da0 00000004H .CRT$XCAA               DATA
 0002:00000da4 00000034H .CRT$XCU                DATA
 0002:00000dd8 00000004H .CRT$XCZ                DATA
 0002:00000ddc 00000004H .CRT$XIA                DATA
 0002:00000de0 00000004H .CRT$XIAA               DATA
 0002:00000de4 00000004H .CRT$XIC                DATA
 0002:00000de8 00000004H .CRT$XIY                DATA
 0002:00000dec 00000004H .CRT$XIZ                DATA
 0002:00000df0 00006c88H .rdata                  DATA
 0002:00007a78 00001498H .rdata$r                DATA
 0002:00008f10 00000004H .rtc$IAA                DATA
 0002:00008f14 00000004H .rtc$IZZ                DATA
 0002:00008f18 00000004H .rtc$TAA                DATA
 0002:00008f1c 00000004H .rtc$TZZ                DATA
 0002:00008f20 000042d4H .xdata$x                DATA
 0002:0000d1f4 00000000H .edata                  DATA
 0002:0000d1f4 000000f0H .idata$2                DATA
 0002:0000d2e4 00000014H .idata$3                DATA
 0002:0000d2f8 00000d9cH .idata$4                DATA
 0002:0000e094 00009016H .idata$6                DATA
 0003:00000000 0000052cH .data                   DATA
 0003:0000052c 000006d4H .data$r                 DATA
 0003:00000c00 00000640H .bss                    DATA
 0004:00000000 000001c0H .rsrc$01                DATA
 0004:000001c0 00008f58H .rsrc$02                DATA

  Address         Publics by Value              Rva+Base       Lib:Object

 0000:00000000       ___guard_fids_table        00000000     <absolute>
 0000:00000000       ___safe_se_handler_table   00000000     <absolute>
 0000:00000000       ___guard_fids_count        00000000     <absolute>
 0000:00000000       __except_list              00000000     <absolute>
 0000:00000000       ___safe_se_handler_count   00000000     <absolute>
 0000:00000000       ___guard_flags             00000000     <absolute>
 0000:00009876       __ldused                   00009876     <absolute>
 0000:00009876       __fltused                  00009876     <absolute>
 0000:00000000       ___ImageBase               00400000     <linker-defined>
 0001:00000000       _HtmlHelpA@16              00401000 f   htmlhelp:init.obj
 0001:00000220       ??0cBncsVersion@@QAE@PBD@Z 00401220 f   cBncsVersion.obj
 0001:00000840       ??1cBncsVersion@@UAE@XZ    00401840 f   cBncsVersion.obj
 0001:00000920       ??_GcBncsVersion@@UAEPAXI@Z 00401920 f i cBncsVersion.obj
 0001:00000920       ??_EcBncsVersion@@UAEPAXI@Z 00401920 f i cBncsVersion.obj
 0001:00000950       ??0bncs_disklog@@QAE@PBDW4filetype@0@@Z 00401950 f   bncs_disklog.obj
 0001:00000980       ??_Gbncs_disklog@@UAEPAXI@Z 00401980 f i bncs_disklog.obj
 0001:00000980       ??_Ebncs_disklog@@UAEPAXI@Z 00401980 f i bncs_disklog.obj
 0001:000009c0       ?createDirectory@bncs_disklog@@AAEXPBD@Z 004019c0 f   bncs_disklog.obj
 0001:00000ac0       ?openLogFile@bncs_disklog@@AAEXPBDW4filetype@1@@Z 00401ac0 f   bncs_disklog.obj
 0001:00000d00       ?write@bncs_disklog@@QAEXPBD00000@Z 00401d00 f   bncs_disklog.obj
 0001:00000f40       ??$?HDU?$char_traits@D@std@@V?$allocator@D@1@@std@@YA?AV?$basic_string@DU?$char_traits@D@std@@V?$allocator@D@2@@0@$$QAV10@ABV10@@Z 00401f40 f i ccCheck.obj
 0001:00000fc0       ??$?HDU?$char_traits@D@std@@V?$allocator@D@1@@std@@YA?AV?$basic_string@DU?$char_traits@D@std@@V?$allocator@D@2@@0@$$QAV10@PBD@Z 00401fc0 f i ccCheck.obj
 0001:00001060       ??$?HDU?$char_traits@D@std@@V?$allocator@D@1@@std@@YA?AV?$basic_string@DU?$char_traits@D@std@@V?$allocator@D@2@@0@ABV10@PBD@Z 00402060 f i ccCheck.obj
 0001:00001150       ??$?HDU?$char_traits@D@std@@V?$allocator@D@1@@std@@YA?AV?$basic_string@DU?$char_traits@D@std@@V?$allocator@D@2@@0@PBDABV10@@Z 00402150 f i ccCheck.obj
 0001:00001240       ??0?$basic_string@DU?$char_traits@D@std@@V?$allocator@D@2@@std@@QAE@$$QAV01@@Z 00402240 f i ccCheck.obj
 0001:000012b0       ??0?$basic_string@DU?$char_traits@D@std@@V?$allocator@D@2@@std@@QAE@PBD@Z 004022b0 f i ccCheck.obj
 0001:00001310       ??0ccCheck@@QAE@ABV?$basic_string@DU?$char_traits@D@std@@V?$allocator@D@2@@std@@@Z 00402310 f   ccCheck.obj
 0001:00001370       ??1?$basic_string@DU?$char_traits@D@std@@V?$allocator@D@2@@std@@QAE@XZ 00402370 f i ccCheck.obj
 0001:000013a0       ??1ccCheck@@UAE@XZ         004023a0 f   ccCheck.obj
 0001:000013d0       ??_E_Iostream_error_category@std@@UAEPAXI@Z 004023d0 f i ccCheck.obj
 0001:000013d0       ??_G_System_error_category@std@@UAEPAXI@Z 004023d0 f i ccCheck.obj
 0001:000013d0       ??_Eerror_category@std@@UAEPAXI@Z 004023d0 f i ccCheck.obj
 0001:000013d0       ??_G_Iostream_error_category@std@@UAEPAXI@Z 004023d0 f i ccCheck.obj
 0001:000013d0       ??_E_Generic_error_category@std@@UAEPAXI@Z 004023d0 f i ccCheck.obj
 0001:000013d0       ??_E_System_error_category@std@@UAEPAXI@Z 004023d0 f i ccCheck.obj
 0001:000013d0       ??_G_Generic_error_category@std@@UAEPAXI@Z 004023d0 f i ccCheck.obj
 0001:000013d0       ??_Gerror_category@std@@UAEPAXI@Z 004023d0 f i ccCheck.obj
 0001:00001400       ??_GccCheck@@UAEPAXI@Z     00402400 f i ccCheck.obj
 0001:00001400       ??_EccCheck@@UAEPAXI@Z     00402400 f i ccCheck.obj
 0001:00001450       ?_Assign_rv@?$basic_string@DU?$char_traits@D@std@@V?$allocator@D@2@@std@@QAEX$$QAV12@@Z 00402450 f i ccCheck.obj
 0001:000014b0       ?_Copy@?$basic_string@DU?$char_traits@D@std@@V?$allocator@D@2@@std@@QAEXII@Z 004024b0 f i ccCheck.obj
 0001:00001600       ?_Grow@?$basic_string@DU?$char_traits@D@std@@V?$allocator@D@2@@std@@QAE_NI_N@Z 00402600 f i ccCheck.obj
 0001:000016b0       ?allocate@?$_Wrap_alloc@V?$allocator@D@std@@@std@@QAEPADI@Z 004026b0 f i ccCheck.obj
 0001:000016e0       ?append@?$basic_string@DU?$char_traits@D@std@@V?$allocator@D@2@@std@@QAEAAV12@ABV12@II@Z 004026e0 f i ccCheck.obj
 0001:000017a0       ?append@?$basic_string@DU?$char_traits@D@std@@V?$allocator@D@2@@std@@QAEAAV12@PBDI@Z 004027a0 f i ccCheck.obj
 0001:00001890       ?assign@?$basic_string@DU?$char_traits@D@std@@V?$allocator@D@2@@std@@QAEAAV12@ABV12@II@Z 00402890 f i ccCheck.obj
 0001:000019b0       ?assign@?$basic_string@DU?$char_traits@D@std@@V?$allocator@D@2@@std@@QAEAAV12@PBDI@Z 004029b0 f i ccCheck.obj
 0001:00001ab0       ?c_str@?$basic_string@DU?$char_traits@D@std@@V?$allocator@D@2@@std@@QBEPBDXZ 00402ab0 f i ccCheck.obj
 0001:00001ac0       ?checkDatabase@ccCheck@@QAE_NI@Z 00402ac0 f   ccCheck.obj
 0001:00001b60       ?checkDatabase@ccCheck@@QAE_NII@Z 00402b60 f   ccCheck.obj
 0001:00001c00       ?checkDevice@ccCheck@@QAE_NI@Z 00402c00 f   ccCheck.obj
 0001:00001ce0       ?checkIndex@ccCheck@@QAE_NI@Z 00402ce0 f   ccCheck.obj
 0001:00001dc0       ?checkIndexRange@ccCheck@@QAE_NII@Z 00402dc0 f   ccCheck.obj
 0001:00001e70       ?checkSource@ccCheck@@QAE_NH@Z 00402e70 f   ccCheck.obj
 0001:00001f50       ?checkString@ccCheck@@QAE_NABV?$basic_string@DU?$char_traits@D@std@@V?$allocator@D@2@@std@@@Z 00402f50 f   ccCheck.obj
 0001:00001fe0       ?checkWorkstation@ccCheck@@QAE_NI@Z 00402fe0 f   ccCheck.obj
 0001:00002100       ?default_error_condition@_System_error_category@std@@UBE?AVerror_condition@2@H@Z 00403100 f i ccCheck.obj
 0001:00002140       ?default_error_condition@error_category@std@@UBE?AVerror_condition@2@H@Z 00403140 f i ccCheck.obj
 0001:00002160       ?equivalent@error_category@std@@UBE_NABVerror_code@2@H@Z 00403160 f i ccCheck.obj
 0001:00002180       ?equivalent@error_category@std@@UBE_NHABVerror_condition@2@@Z 00403180 f i ccCheck.obj
 0001:000021c0       ?erase@?$basic_string@DU?$char_traits@D@std@@V?$allocator@D@2@@std@@QAEAAV12@II@Z 004031c0 f i ccCheck.obj
 0001:00002260       ?log@ccCheck@@QAEXABV?$basic_string@DU?$char_traits@D@std@@V?$allocator@D@2@@std@@@Z 00403260 f   ccCheck.obj
 0001:00002350       ?message@_Generic_error_category@std@@UBE?AV?$basic_string@DU?$char_traits@D@std@@V?$allocator@D@2@@2@H@Z 00403350 f i ccCheck.obj
 0001:000023d0       ?message@_Iostream_error_category@std@@UBE?AV?$basic_string@DU?$char_traits@D@std@@V?$allocator@D@2@@2@H@Z 004033d0 f i ccCheck.obj
 0001:00002420       ?message@_System_error_category@std@@UBE?AV?$basic_string@DU?$char_traits@D@std@@V?$allocator@D@2@@2@H@Z 00403420 f i ccCheck.obj
 0001:000024a0       ?name@_Generic_error_category@std@@UBEPBDXZ 004034a0 f i ccCheck.obj
 0001:000024b0       ?name@_Iostream_error_category@std@@UBEPBDXZ 004034b0 f i ccCheck.obj
 0001:000024c0       ?name@_System_error_category@std@@UBEPBDXZ 004034c0 f i ccCheck.obj
 0001:000024d0       ?setMaxDatabase@ccCheck@@QAEXI@Z 004034d0 f   ccCheck.obj
 0001:000024e0       ?setMaxDevice@ccCheck@@QAEXI@Z 004034e0 f   ccCheck.obj
 0001:000024f0       ?setMaxIndex@ccCheck@@QAEXI@Z 004034f0 f   ccCheck.obj
 0001:00002500       ?setMaxSource@ccCheck@@QAEXH@Z 00403500 f   ccCheck.obj
 0001:00002510       ?setMaxString@ccCheck@@QAEXI@Z 00403510 f   ccCheck.obj
 0001:00002530       ??0ccClient@@QAE@PAVIccClientCallback@@ABV?$basic_string@DU?$char_traits@D@std@@V?$allocator@D@2@@std@@@Z 00403530 f   ccClient.obj
 0001:00002720       ??1?$queue@V?$basic_string@DU?$char_traits@D@std@@V?$allocator@D@2@@std@@V?$deque@V?$basic_string@DU?$char_traits@D@std@@V?$allocator@D@2@@std@@V?$allocator@V?$basic_string@DU?$char_traits@D@std@@V?$allocator@D@2@@std@@@2@@2@@std@@QAE@XZ 00403720 f i ccClient.obj
 0001:00002740       ??1ccClient@@UAE@XZ        00403740 f   ccClient.obj
 0001:000027f0       ??4?$basic_string@DU?$char_traits@D@std@@V?$allocator@D@2@@std@@QAEAAV01@PBD@Z 004037f0 f i ccClient.obj
 0001:00002830       ??_GccClient@@UAEPAXI@Z    00403830 f i ccClient.obj
 0001:00002830       ??_EccClient@@UAEPAXI@Z    00403830 f i ccClient.obj
 0001:00002860       ?BNCSSendMessage@ccClient@@AAEJIIJHHH@Z 00403860 f   ccClient.obj
 0001:000028c0       ?WndProc@ccClient@@CGJPAUHWND__@@IIJ@Z 004038c0 f   ccClient.obj
 0001:00003270       ?_Growmap@?$deque@V?$basic_string@DU?$char_traits@D@std@@V?$allocator@D@2@@std@@V?$allocator@V?$basic_string@DU?$char_traits@D@std@@V?$allocator@D@2@@std@@@2@@std@@IAEXI@Z 00404270 f i ccClient.obj
 0001:000033f0       ?_Tidy@?$deque@V?$basic_string@DU?$char_traits@D@std@@V?$allocator@D@2@@std@@V?$allocator@V?$basic_string@DU?$char_traits@D@std@@V?$allocator@D@2@@std@@@2@@std@@IAEXXZ 004043f0 f i ccClient.obj
 0001:00003490       ?begin@?$deque@VpollCommand@@V?$allocator@VpollCommand@@@std@@@std@@QAE?AV?$_Deque_iterator@V?$_Deque_val@U?$_Deque_simple_types@VpollCommand@@@std@@@std@@@2@XZ 00404490 f i slink.obj
 0001:00003490       ?begin@?$deque@V?$basic_string@DU?$char_traits@D@std@@V?$allocator@D@2@@std@@V?$allocator@V?$basic_string@DU?$char_traits@D@std@@V?$allocator@D@2@@std@@@2@@std@@QAE?AV?$_Deque_iterator@V?$_Deque_val@U?$_Deque_simple_types@V?$basic_string@DU?$char_traits@D@std@@V?$allocator@D@2@@std@@@std@@@std@@@2@XZ 00404490 f i ccClient.obj
 0001:000034b0       ?cacheTest@ccClient@@QAE_NHHH@Z 004044b0 f   ccClient.obj
 0001:00003520       ?cacheValue@ccClient@@QAE_NHHAAV?$basic_string@DU?$char_traits@D@std@@V?$allocator@D@2@@std@@PAH@Z 00404520 f   ccClient.obj
 0001:000036a0       ?connect@ccClient@@QAE_NW4ipcType@cc@@J@Z 004046a0 f   ccClient.obj
 0001:00003930       ?databaseModify@ccClient@@QAE_NHHHABV?$basic_string@DU?$char_traits@D@std@@V?$allocator@D@2@@std@@_N1H@Z 00404930 f   ccClient.obj
 0001:00003a80       ?databaseName@ccClient@@QAE_NHHHAAV?$basic_string@DU?$char_traits@D@std@@V?$allocator@D@2@@std@@@Z 00404a80 f   ccClient.obj
 0001:00003be0       ?deviceLock@ccClient@@AAEXDHHH_N0H@Z 00404be0 f   ccClient.obj
 0001:00003d50       ?devicePoll@ccClient@@AAEXDHHH_N@Z 00404d50 f   ccClient.obj
 0001:00003e90       ?deviceProfile@ccClient@@QAEXHAAH00AAV?$basic_string@DU?$char_traits@D@std@@V?$allocator@D@2@@std@@@Z 00404e90 f   ccClient.obj
 0001:00004030       ?disconnect@ccClient@@QAE_NXZ 00405030 f   ccClient.obj
 0001:00004090       ?gpiLock@ccClient@@QAEXHHH_N0H@Z 00405090 f   ccClient.obj
 0001:000040b0       ?gpiPoll@ccClient@@QAEXHHH_N@Z 004050b0 f   ccClient.obj
 0001:000040d0       ?gpiSwitch@ccClient@@QAEXHH_N0H@Z 004050d0 f   ccClient.obj
 0001:000041b0       ?infoLock@ccClient@@QAEXHHH_N0H@Z 004051b0 f   ccClient.obj
 0001:000041d0       ?infoPoll@ccClient@@QAEXHHH_N@Z 004051d0 f   ccClient.obj
 0001:000041f0       ?infoWrite@ccClient@@QAEXHHABV?$basic_string@DU?$char_traits@D@std@@V?$allocator@D@2@@std@@_NH@Z 004051f0 f   ccClient.obj
 0001:000042e0       ?maxIndexes@ccClient@@QAEIXZ 004052e0 f   ccClient.obj
 0001:00004300       ?push_back@?$deque@V?$basic_string@DU?$char_traits@D@std@@V?$allocator@D@2@@std@@V?$allocator@V?$basic_string@DU?$char_traits@D@std@@V?$allocator@D@2@@std@@@2@@std@@QAEX$$QAV?$basic_string@DU?$char_traits@D@std@@V?$allocator@D@2@@2@@Z 00405300 f i ccClient.obj
 0001:00004370       ?push_back@?$deque@V?$basic_string@DU?$char_traits@D@std@@V?$allocator@D@2@@std@@V?$allocator@V?$basic_string@DU?$char_traits@D@std@@V?$allocator@D@2@@std@@@2@@std@@QAEXABV?$basic_string@DU?$char_traits@D@std@@V?$allocator@D@2@@2@@Z 00405370 f i ccClient.obj
 0001:00004430       ?revertiveDeregister@ccClient@@QAEXHHH@Z 00405430 f   ccClient.obj
 0001:000044b0       ?revertiveRegister@ccClient@@QAEXHHH_NH@Z 004054b0 f   ccClient.obj
 0001:00004550       ?routerCrosspoint@ccClient@@QAEXHHHABV?$basic_string@DU?$char_traits@D@std@@V?$allocator@D@2@@std@@_NH@Z 00405550 f   ccClient.obj
 0001:00004640       ?routerLock@ccClient@@QAEXHHH_N0H@Z 00405640 f   ccClient.obj
 0001:00004660       ?routerPoll@ccClient@@QAEXHHH_N@Z 00405660 f   ccClient.obj
 0001:00004680       ??$?0V?$basic_string@DU?$char_traits@D@std@@V?$allocator@D@2@@std@@V01@X@?$pair@$$CBV?$basic_string@DU?$char_traits@D@std@@V?$allocator@D@2@@std@@V12@@std@@QAE@$$QAU?$pair@V?$basic_string@DU?$char_traits@D@std@@V?$allocator@D@2@@std@@V12@@1@@Z 00405680 f i ccConfig.obj
 0001:00004750       ??$_Buynode@U?$pair@V?$basic_string@DU?$char_traits@D@std@@V?$allocator@D@2@@std@@V12@@std@@@?$_Tree_buy@U?$pair@$$CBV?$basic_string@DU?$char_traits@D@std@@V?$allocator@D@2@@std@@V12@@std@@V?$allocator@U?$pair@$$CBV?$basic_string@DU?$char_traits@D@std@@V?$allocator@D@2@@std@@V12@@std@@@2@@std@@QAEPAU?$_Tree_node@U?$pair@$$CBV?$basic_string@DU?$char_traits@D@std@@V?$allocator@D@2@@std@@V12@@std@@PAX@1@$$QAU?$pair@V?$basic_string@DU?$char_traits@D@std@@V?$allocator@D@2@@std@@V12@@1@@Z 00405750 f i ccConfig.obj
 0001:00004780       ??$_Buynode@V?$basic_string@DU?$char_traits@D@std@@V?$allocator@D@2@@std@@@?$_List_buy@V?$basic_string@DU?$char_traits@D@std@@V?$allocator@D@2@@std@@V?$allocator@V?$basic_string@DU?$char_traits@D@std@@V?$allocator@D@2@@std@@@2@@std@@QAEPAU?$_List_node@V?$basic_string@DU?$char_traits@D@std@@V?$allocator@D@2@@std@@PAX@1@PAU21@0$$QAV?$basic_string@DU?$char_traits@D@std@@V?$allocator@D@2@@1@@Z 00405780 f i ccConfig.obj
 0001:000047b0       ??$_Insert_at@AAU?$pair@$$CBV?$basic_string@DU?$char_traits@D@std@@V?$allocator@D@2@@std@@V12@@std@@PAU?$_Tree_node@U?$pair@$$CBV?$basic_string@DU?$char_traits@D@std@@V?$allocator@D@2@@std@@V12@@std@@PAX@2@@?$_Tree@V?$_Tmap_traits@V?$basic_string@DU?$char_traits@D@std@@V?$allocator@D@2@@std@@V12@U?$less@V?$basic_string@DU?$char_traits@D@std@@V?$allocator@D@2@@std@@@2@V?$allocator@U?$pair@$$CBV?$basic_string@DU?$char_traits@D@std@@V?$allocator@D@2@@std@@V12@@std@@@2@$0A@@std@@@std@@IAE?AV?$_Tree_iterator@V?$_Tree_val@U?$_Tree_simple_types@U?$pair@$$CBV?$basic_string@DU?$char_traits@D@std@@V?$allocator@D@2@@std@@V12@@std@@@std@@@std@@@1@_NPAU?$_Tree_node@U?$pair@$$CBV?$basic_string@DU?$char_traits@D@std@@V?$allocator@D@2@@std@@V12@@std@@PAX@1@AAU?$pair@$$CBV?$basic_string@DU?$char_traits@D@std@@V?$allocator@D@2@@std@@V12@@1@1@Z 004057b0 f i ccConfig.obj
 0001:000049c0       ??$_Insert_nohint@AAU?$pair@$$CBV?$basic_string@DU?$char_traits@D@std@@V?$allocator@D@2@@std@@V12@@std@@PAU?$_Tree_node@U?$pair@$$CBV?$basic_string@DU?$char_traits@D@std@@V?$allocator@D@2@@std@@V12@@std@@PAX@2@@?$_Tree@V?$_Tmap_traits@V?$basic_string@DU?$char_traits@D@std@@V?$allocator@D@2@@std@@V12@U?$less@V?$basic_string@DU?$char_traits@D@std@@V?$allocator@D@2@@std@@@2@V?$allocator@U?$pair@$$CBV?$basic_string@DU?$char_traits@D@std@@V?$allocator@D@2@@std@@V12@@std@@@2@$0A@@std@@@std@@IAE?AU?$pair@V?$_Tree_iterator@V?$_Tree_val@U?$_Tree_simple_types@U?$pair@$$CBV?$basic_string@DU?$char_traits@D@std@@V?$allocator@D@2@@std@@V12@@std@@@std@@@std@@@std@@_N@1@_NAAU?$pair@$$CBV?$basic_string@DU?$char_traits@D@std@@V?$allocator@D@2@@std@@V12@@1@PAU?$_Tree_node@U?$pair@$$CBV?$basic_string@DU?$char_traits@D@std@@V?$allocator@D@2@@std@@V12@@std@@PAX@1@@Z 004059c0 f i ccConfig.obj
 0001:00004c30       ??0ccConfig@@QAE@ABV?$basic_string@DU?$char_traits@D@std@@V?$allocator@D@2@@std@@0@Z 00405c30 f   ccConfig.obj
 0001:00004d50       ??1?$map@V?$basic_string@DU?$char_traits@D@std@@V?$allocator@D@2@@std@@V12@U?$less@V?$basic_string@DU?$char_traits@D@std@@V?$allocator@D@2@@std@@@2@V?$allocator@U?$pair@$$CBV?$basic_string@DU?$char_traits@D@std@@V?$allocator@D@2@@std@@V12@@std@@@2@@std@@QAE@XZ 00405d50 f i ccConfig.obj
 0001:00004d80       ??1?$pair@V?$basic_string@DU?$char_traits@D@std@@V?$allocator@D@2@@std@@V12@@std@@QAE@XZ 00405d80 f i ccConfig.obj
 0001:00004dd0       ??1ccConfig@@UAE@XZ        00405dd0 f   ccConfig.obj
 0001:00004e50       ??E?$_Tree_unchecked_const_iterator@V?$_Tree_val@U?$_Tree_simple_types@U?$pair@$$CBIPAVsingleReg@@@std@@@std@@@std@@U_Iterator_base0@2@@std@@QAEAAV01@XZ 00405e50 f i clientsRegistration.obj
 0001:00004e50       ??E?$_Tree_unchecked_const_iterator@V?$_Tree_val@U?$_Tree_simple_types@U?$pair@$$CBIPAVfabianServer@@@std@@@std@@@std@@U_Iterator_base0@2@@std@@QAEAAV01@XZ 00405e50 f i slink.obj
 0001:00004e50       ??E?$_Tree_unchecked_const_iterator@V?$_Tree_val@U?$_Tree_simple_types@U?$pair@$$CBV?$basic_string@DU?$char_traits@D@std@@V?$allocator@D@2@@std@@V12@@std@@@std@@@std@@U_Iterator_base0@2@@std@@QAEAAV01@XZ 00405e50 f i ccConfig.obj
 0001:00004e50       ??E?$_Tree_unchecked_const_iterator@V?$_Tree_val@U?$_Tree_simple_types@VQString@@@std@@@std@@U_Iterator_base0@2@@std@@QAEAAV01@XZ 00405e50 f i fabianServer.obj
 0001:00004e50       ??E?$_Tree_unchecked_const_iterator@V?$_Tree_val@U?$_Tree_simple_types@U?$pair@$$CBIPAVdatabaseSync@@@std@@@std@@@std@@U_Iterator_base0@2@@std@@QAEAAV01@XZ 00405e50 f i databaseSync.obj
 0001:00004e50       ??E?$_Tree_unchecked_const_iterator@V?$_Tree_val@U?$_Tree_simple_types@VdbEntry@@@std@@@std@@U_Iterator_base0@2@@std@@QAEAAV01@XZ 00405e50 f i slink.obj
 0001:00004e50       ??E?$_Tree_unchecked_const_iterator@V?$_Tree_val@U?$_Tree_simple_types@U?$pair@$$CBVQString@@PAVuser@@@std@@@std@@@std@@U_Iterator_base0@2@@std@@QAEAAV01@XZ 00405e50 f i users.obj
 0001:00004e50       ??E?$_Tree_unchecked_const_iterator@V?$_Tree_val@U?$_Tree_simple_types@VpollCommand@@@std@@@std@@U_Iterator_base0@2@@std@@QAEAAV01@XZ 00405e50 f i slink.obj
 0001:00004ea0       ??_EccConfig@@UAEPAXI@Z    00405ea0 f i ccConfig.obj
 0001:00004ea0       ??_GccConfig@@UAEPAXI@Z    00405ea0 f i ccConfig.obj
 0001:00004ed0       ?_Buyheadnode@?$_Tree_alloc@$0A@U?$_Tree_base_types@U?$pair@$$CBV?$basic_string@DU?$char_traits@D@std@@V?$allocator@D@2@@std@@V12@@std@@V?$allocator@U?$pair@$$CBV?$basic_string@DU?$char_traits@D@std@@V?$allocator@D@2@@std@@V12@@std@@@2@@std@@@std@@QAEPAU?$_Tree_node@U?$pair@$$CBV?$basic_string@DU?$char_traits@D@std@@V?$allocator@D@2@@std@@V12@@std@@PAX@2@XZ 00405ed0 f i ccConfig.obj
 0001:00004f00       ?_Buynode0@?$_List_alloc@$0A@U?$_List_base_types@V?$basic_string@DU?$char_traits@D@std@@V?$allocator@D@2@@std@@V?$allocator@V?$basic_string@DU?$char_traits@D@std@@V?$allocator@D@2@@std@@@2@@std@@@std@@QAEPAU?$_List_node@V?$basic_string@DU?$char_traits@D@std@@V?$allocator@D@2@@std@@PAX@2@PAU32@0@Z 00405f00 f i ccConfig.obj
 0001:00004f40       ?_Buynode0@?$_Tree_buy@U?$pair@$$CBV?$basic_string@DU?$char_traits@D@std@@V?$allocator@D@2@@std@@V12@@std@@V?$allocator@U?$pair@$$CBV?$basic_string@DU?$char_traits@D@std@@V?$allocator@D@2@@std@@V12@@std@@@2@@std@@QAEPAU?$_Tree_node@U?$pair@$$CBV?$basic_string@DU?$char_traits@D@std@@V?$allocator@D@2@@std@@V12@@std@@PAX@2@XZ 00405f40 f i ccConfig.obj
 0001:00004f80       ?_Destroy_if_not_nil@?$_Tree@V?$_Tmap_traits@V?$basic_string@DU?$char_traits@D@std@@V?$allocator@D@2@@std@@V12@U?$less@V?$basic_string@DU?$char_traits@D@std@@V?$allocator@D@2@@std@@@2@V?$allocator@U?$pair@$$CBV?$basic_string@DU?$char_traits@D@std@@V?$allocator@D@2@@std@@V12@@std@@@2@$0A@@std@@@std@@IAEXPAU?$_Tree_node@U?$pair@$$CBV?$basic_string@DU?$char_traits@D@std@@V?$allocator@D@2@@std@@V12@@std@@PAX@2@@Z 00405f80 f i ccConfig.obj
 0001:00004fe0       ?_Erase@?$_Tree@V?$_Tmap_traits@V?$basic_string@DU?$char_traits@D@std@@V?$allocator@D@2@@std@@V12@U?$less@V?$basic_string@DU?$char_traits@D@std@@V?$allocator@D@2@@std@@@2@V?$allocator@U?$pair@$$CBV?$basic_string@DU?$char_traits@D@std@@V?$allocator@D@2@@std@@V12@@std@@@2@$0A@@std@@@std@@IAEXPAU?$_Tree_node@U?$pair@$$CBV?$basic_string@DU?$char_traits@D@std@@V?$allocator@D@2@@std@@V12@@std@@PAX@2@@Z 00405fe0 f i ccConfig.obj
 0001:00005060       ?buftolower@ccConfig@@CAPADPAD@Z 00406060 f   ccConfig.obj
 0001:000050b0       ?compare@?$basic_string@DU?$char_traits@D@std@@V?$allocator@D@2@@std@@QBEHIIPBDI@Z 004060b0 f i ccConfig.obj
 0001:00005120       ?compare@?$char_traits@D@std@@SAHPBD0I@Z 00406120 f i ccConfig.obj
 0001:00005190       ?deleteKeysFromSectionRoot@ccConfig@@SAXABV?$basic_string@DU?$char_traits@D@std@@V?$allocator@D@2@@std@@00@Z 00406190 f   ccConfig.obj
 0001:00005310       ?deleteSectionRoot@ccConfig@@SAXABV?$basic_string@DU?$char_traits@D@std@@V?$allocator@D@2@@std@@0@Z 00406310 f   ccConfig.obj
 0001:00005400       ?erase@?$_Tree@V?$_Tmap_traits@V?$basic_string@DU?$char_traits@D@std@@V?$allocator@D@2@@std@@V12@U?$less@V?$basic_string@DU?$char_traits@D@std@@V?$allocator@D@2@@std@@@2@V?$allocator@U?$pair@$$CBV?$basic_string@DU?$char_traits@D@std@@V?$allocator@D@2@@std@@V12@@std@@@2@$0A@@std@@@std@@QAE?AV?$_Tree_iterator@V?$_Tree_val@U?$_Tree_simple_types@U?$pair@$$CBV?$basic_string@DU?$char_traits@D@std@@V?$allocator@D@2@@std@@V12@@std@@@std@@@std@@@2@V?$_Tree_const_iterator@V?$_Tree_val@U?$_Tree_simple_types@U?$pair@$$CBV?$basic_string@DU?$char_traits@D@std@@V?$allocator@D@2@@std@@V12@@std@@@std@@@std@@@2@0@Z 00406400 f i ccConfig.obj
 0001:000054c0       ?erase@?$_Tree@V?$_Tmap_traits@V?$basic_string@DU?$char_traits@D@std@@V?$allocator@D@2@@std@@V12@U?$less@V?$basic_string@DU?$char_traits@D@std@@V?$allocator@D@2@@std@@@2@V?$allocator@U?$pair@$$CBV?$basic_string@DU?$char_traits@D@std@@V?$allocator@D@2@@std@@V12@@std@@@2@$0A@@std@@@std@@QAE?AV?$_Tree_iterator@V?$_Tree_val@U?$_Tree_simple_types@U?$pair@$$CBV?$basic_string@DU?$char_traits@D@std@@V?$allocator@D@2@@std@@V12@@std@@@std@@@std@@@2@V?$_Tree_const_iterator@V?$_Tree_val@U?$_Tree_simple_types@U?$pair@$$CBV?$basic_string@DU?$char_traits@D@std@@V?$allocator@D@2@@std@@V12@@std@@@std@@@std@@@2@@Z 004064c0 f i ccConfig.obj
 0001:00005790       ?find@?$basic_string@DU?$char_traits@D@std@@V?$allocator@D@2@@std@@QBEIPBDII@Z 00406790 f i ccConfig.obj
 0001:00005830       ?find@ccConfig@@AAE?AV?$_Tree_iterator@V?$_Tree_val@U?$_Tree_simple_types@U?$pair@$$CBV?$basic_string@DU?$char_traits@D@std@@V?$allocator@D@2@@std@@V12@@std@@@std@@@std@@@std@@ABV?$basic_string@DU?$char_traits@D@std@@V?$allocator@D@2@@3@@Z 00406830 f   ccConfig.obj
 0001:000059f0       ?getDevPath@ccConfig@@SA?AV?$basic_string@DU?$char_traits@D@std@@V?$allocator@D@2@@std@@ABV23@@Z 004069f0 f   ccConfig.obj
 0001:00005ab0       ?getDevPath@ccConfig@@SA?AV?$basic_string@DU?$char_traits@D@std@@V?$allocator@D@2@@std@@XZ 00406ab0 f   ccConfig.obj
 0001:00005cc0       ?getInt@ccConfig@@QAEHABV?$basic_string@DU?$char_traits@D@std@@V?$allocator@D@2@@std@@H_N@Z 00406cc0 f   ccConfig.obj
 0001:00005d80       ?getInt@ccConfig@@SAHABV?$basic_string@DU?$char_traits@D@std@@V?$allocator@D@2@@std@@00H_N@Z 00406d80 f   ccConfig.obj
 0001:00005ed0       ?getString@ccConfig@@QAE?AV?$basic_string@DU?$char_traits@D@std@@V?$allocator@D@2@@std@@ABV23@0_N@Z 00406ed0 f   ccConfig.obj
 0001:00005f70       ?isV3Based@ccConfig@@SA_NXZ 00406f70 f   ccConfig.obj
 0001:00006020       ?readConfigSectionAbs@ccConfig@@CAXABV?$basic_string@DU?$char_traits@D@std@@V?$allocator@D@2@@std@@0AAV?$map@V?$basic_string@DU?$char_traits@D@std@@V?$allocator@D@2@@std@@V12@U?$less@V?$basic_string@DU?$char_traits@D@std@@V?$allocator@D@2@@std@@@2@V?$allocator@U?$pair@$$CBV?$basic_string@DU?$char_traits@D@std@@V?$allocator@D@2@@std@@V12@@std@@@2@@3@@Z 00407020 f   ccConfig.obj
 0001:00006440       ?readConfigSectionRoot@ccConfig@@SAXABV?$basic_string@DU?$char_traits@D@std@@V?$allocator@D@2@@std@@0AAV?$map@V?$basic_string@DU?$char_traits@D@std@@V?$allocator@D@2@@std@@V12@U?$less@V?$basic_string@DU?$char_traits@D@std@@V?$allocator@D@2@@std@@@2@V?$allocator@U?$pair@$$CBV?$basic_string@DU?$char_traits@D@std@@V?$allocator@D@2@@std@@V12@@std@@@2@@3@@Z 00407440 f   ccConfig.obj
 0001:00006530       ?sectionsAbs@ccConfig@@SAXABV?$basic_string@DU?$char_traits@D@std@@V?$allocator@D@2@@std@@AAV?$list@V?$basic_string@DU?$char_traits@D@std@@V?$allocator@D@2@@std@@V?$allocator@V?$basic_string@DU?$char_traits@D@std@@V?$allocator@D@2@@std@@@2@@3@@Z 00407530 f   ccConfig.obj
 0001:00006720       ?sectionsRoot@ccConfig@@SAXABV?$basic_string@DU?$char_traits@D@std@@V?$allocator@D@2@@std@@AAV?$list@V?$basic_string@DU?$char_traits@D@std@@V?$allocator@D@2@@std@@V?$allocator@V?$basic_string@DU?$char_traits@D@std@@V?$allocator@D@2@@std@@@2@@3@@Z 00407720 f   ccConfig.obj
 0001:00006800       ?setString@ccConfig@@QAEXABV?$basic_string@DU?$char_traits@D@std@@V?$allocator@D@2@@std@@0@Z 00407800 f   ccConfig.obj
 0001:00006870       ?strtolower@ccConfig@@CA?AV?$basic_string@DU?$char_traits@D@std@@V?$allocator@D@2@@std@@ABV23@@Z 00407870 f   ccConfig.obj
 0001:00006960       ?workstation@ccConfig@@SAHXZ 00407960 f   ccConfig.obj
 0001:00006cc0       ?writeConfigSectionAbs@ccConfig@@CAXABV?$basic_string@DU?$char_traits@D@std@@V?$allocator@D@2@@std@@0ABV?$map@V?$basic_string@DU?$char_traits@D@std@@V?$allocator@D@2@@std@@V12@U?$less@V?$basic_string@DU?$char_traits@D@std@@V?$allocator@D@2@@std@@@2@V?$allocator@U?$pair@$$CBV?$basic_string@DU?$char_traits@D@std@@V?$allocator@D@2@@std@@V12@@std@@@2@@3@@Z 00407cc0 f   ccConfig.obj
 0001:00007130       ?writeConfigSectionRoot@ccConfig@@SAXABV?$basic_string@DU?$char_traits@D@std@@V?$allocator@D@2@@std@@0ABV?$map@V?$basic_string@DU?$char_traits@D@std@@V?$allocator@D@2@@std@@V12@U?$less@V?$basic_string@DU?$char_traits@D@std@@V?$allocator@D@2@@std@@@2@V?$allocator@U?$pair@$$CBV?$basic_string@DU?$char_traits@D@std@@V?$allocator@D@2@@std@@V12@@std@@@2@@3@@Z 00408130 f   ccConfig.obj
 0001:00007220       ??H@YA?BVQString@@ABV0@0@Z 00408220 f i appGlobal.obj
 0001:00007290       ??H@YA?BVQString@@ABV0@PBD@Z 00408290 f i appGlobal.obj
 0001:00007320       ??H@YA?BVQString@@PBDABV0@@Z 00408320 f i appGlobal.obj
 0001:00007390       ?configFilename@appGlobal@@SA?AVQString@@XZ 00408390 f   appGlobal.obj
 0001:00007460       ?dataPath@appGlobal@@SA?AVQString@@ABV2@@Z 00408460 f   appGlobal.obj
 0001:00007760       ?log@appGlobal@@SAXABVQString@@@Z 00408760 f   appGlobal.obj
 0001:000078a0       ?logError@appGlobal@@SAXABVQString@@@Z 004088a0 f   appGlobal.obj
 0001:00007a00       ?profile@appGlobal@@SA?AVQString@@XZ 00408a00 f   appGlobal.obj
 0001:00007a50       ?setLog@appGlobal@@SAXPAVQTextEdit@@H@Z 00408a50 f   appGlobal.obj
 0001:00007bb0       ?setLogging@appGlobal@@SAX_N@Z 00408bb0 f   appGlobal.obj
 0001:00007bc0       ?setProfile@appGlobal@@SAXABVQString@@@Z 00408bc0 f   appGlobal.obj
 0001:00007be0       ??$_Buynode@U?$pair@IPAVsingleReg@@@std@@@?$_Tree_buy@U?$pair@$$CBIPAVsingleReg@@@std@@V?$allocator@U?$pair@$$CBIPAVsingleReg@@@std@@@2@@std@@QAEPAU?$_Tree_node@U?$pair@$$CBIPAVsingleReg@@@std@@PAX@1@$$QAU?$pair@IPAVsingleReg@@@1@@Z 00408be0 f i user.obj
 0001:00007be0       ??$_Buynode@U?$pair@IPAVfabianServer@@@std@@@?$_Tree_buy@U?$pair@$$CBIPAVfabianServer@@@std@@V?$allocator@U?$pair@$$CBIPAVfabianServer@@@std@@@2@@std@@QAEPAU?$_Tree_node@U?$pair@$$CBIPAVfabianServer@@@std@@PAX@1@$$QAU?$pair@IPAVfabianServer@@@1@@Z 00408be0 f i slink.obj
 0001:00007be0       ??$_Buynode@U?$pair@IPAVdatabaseSync@@@std@@@?$_Tree_buy@U?$pair@$$CBIPAVdatabaseSync@@@std@@V?$allocator@U?$pair@$$CBIPAVdatabaseSync@@@std@@@2@@std@@QAEPAU?$_Tree_node@U?$pair@$$CBIPAVdatabaseSync@@@std@@PAX@1@$$QAU?$pair@IPAVdatabaseSync@@@1@@Z 00408be0 f i databaseSync.obj
 0001:00007be0       ??$_Buynode@U?$pair@HPAVsingleReg@@@std@@@?$_Tree_buy@U?$pair@$$CBIPAVsingleReg@@@std@@V?$allocator@U?$pair@$$CBIPAVsingleReg@@@std@@@2@@std@@QAEPAU?$_Tree_node@U?$pair@$$CBIPAVsingleReg@@@std@@PAX@1@$$QAU?$pair@HPAVsingleReg@@@1@@Z 00408be0 f i clientsRegistration.obj
 0001:00007be0       ??$_Buynode@VdbEntry@@@?$_Tree_buy@VdbEntry@@V?$allocator@VdbEntry@@@std@@@std@@QAEPAU?$_Tree_node@VdbEntry@@PAX@1@$$QAVdbEntry@@@Z 00408be0 f i databaseSync.obj
 0001:00007c10       ??$_Insert_at@AAU?$pair@$$CBIPAVdatabaseSync@@@std@@PAU?$_Tree_node@U?$pair@$$CBIPAVdatabaseSync@@@std@@PAX@2@@?$_Tree@V?$_Tmap_traits@IPAVdatabaseSync@@U?$less@I@std@@V?$allocator@U?$pair@$$CBIPAVdatabaseSync@@@std@@@3@$0A@@std@@@std@@IAE?AV?$_Tree_iterator@V?$_Tree_val@U?$_Tree_simple_types@U?$pair@$$CBIPAVdatabaseSync@@@std@@@std@@@std@@@1@_NPAU?$_Tree_node@U?$pair@$$CBIPAVdatabaseSync@@@std@@PAX@1@AAU?$pair@$$CBIPAVdatabaseSync@@@1@1@Z 00408c10 f i databaseSync.obj
 0001:00007c10       ??$_Insert_at@AAU?$pair@$$CBIPAVfabianServer@@@std@@PAU?$_Tree_node@U?$pair@$$CBIPAVfabianServer@@@std@@PAX@2@@?$_Tree@V?$_Tmap_traits@IPAVfabianServer@@U?$less@I@std@@V?$allocator@U?$pair@$$CBIPAVfabianServer@@@std@@@3@$0A@@std@@@std@@IAE?AV?$_Tree_iterator@V?$_Tree_val@U?$_Tree_simple_types@U?$pair@$$CBIPAVfabianServer@@@std@@@std@@@std@@@1@_NPAU?$_Tree_node@U?$pair@$$CBIPAVfabianServer@@@std@@PAX@1@AAU?$pair@$$CBIPAVfabianServer@@@1@1@Z 00408c10 f i slink.obj
 0001:00007c10       ??$_Insert_at@AAU?$pair@$$CBIPAVsingleReg@@@std@@PAU?$_Tree_node@U?$pair@$$CBIPAVsingleReg@@@std@@PAX@2@@?$_Tree@V?$_Tmap_traits@IPAVsingleReg@@U?$less@I@std@@V?$allocator@U?$pair@$$CBIPAVsingleReg@@@std@@@3@$00@std@@@std@@IAE?AV?$_Tree_iterator@V?$_Tree_val@U?$_Tree_simple_types@U?$pair@$$CBIPAVsingleReg@@@std@@@std@@@std@@@1@_NPAU?$_Tree_node@U?$pair@$$CBIPAVsingleReg@@@std@@PAX@1@AAU?$pair@$$CBIPAVsingleReg@@@1@1@Z 00408c10 f i clientsRegistration.obj
 0001:00007c10       ??$_Insert_at@AAU?$pair@$$CBIPAVsingleReg@@@std@@PAU?$_Tree_node@U?$pair@$$CBIPAVsingleReg@@@std@@PAX@2@@?$_Tree@V?$_Tmap_traits@IPAVsingleReg@@U?$less@I@std@@V?$allocator@U?$pair@$$CBIPAVsingleReg@@@std@@@3@$0A@@std@@@std@@IAE?AV?$_Tree_iterator@V?$_Tree_val@U?$_Tree_simple_types@U?$pair@$$CBIPAVsingleReg@@@std@@@std@@@std@@@1@_NPAU?$_Tree_node@U?$pair@$$CBIPAVsingleReg@@@std@@PAX@1@AAU?$pair@$$CBIPAVsingleReg@@@1@1@Z 00408c10 f i user.obj
 0001:00007e20       ??$_Insert_nohint@AAU?$pair@$$CBIPAVsingleReg@@@std@@PAU?$_Tree_node@U?$pair@$$CBIPAVsingleReg@@@std@@PAX@2@@?$_Tree@V?$_Tmap_traits@IPAVsingleReg@@U?$less@I@std@@V?$allocator@U?$pair@$$CBIPAVsingleReg@@@std@@@3@$00@std@@@std@@IAE?AU?$pair@V?$_Tree_iterator@V?$_Tree_val@U?$_Tree_simple_types@U?$pair@$$CBIPAVsingleReg@@@std@@@std@@@std@@@std@@_N@1@_NAAU?$pair@$$CBIPAVsingleReg@@@1@PAU?$_Tree_node@U?$pair@$$CBIPAVsingleReg@@@std@@PAX@1@@Z 00408e20 f i clientsRegistration.obj
 0001:00007ee0       ??0clientsRegistration@@QAE@XZ 00408ee0 f   clientsRegistration.obj
 0001:00007f10       ??1clientsRegistration@@UAE@XZ 00408f10 f   clientsRegistration.obj
 0001:00008020       ??F?$_Tree_unchecked_const_iterator@V?$_Tree_val@U?$_Tree_simple_types@U?$pair@$$CBIPAVsingleReg@@@std@@@std@@@std@@U_Iterator_base0@2@@std@@QAEAAV01@XZ 00409020 f i clientsRegistration.obj
 0001:00008020       ??F?$_Tree_unchecked_const_iterator@V?$_Tree_val@U?$_Tree_simple_types@VQString@@@std@@@std@@U_Iterator_base0@2@@std@@QAEAAV01@XZ 00409020 f i slink.obj
 0001:00008020       ??F?$_Tree_unchecked_const_iterator@V?$_Tree_val@U?$_Tree_simple_types@U?$pair@$$CBV?$basic_string@DU?$char_traits@D@std@@V?$allocator@D@2@@std@@V12@@std@@@std@@@std@@U_Iterator_base0@2@@std@@QAEAAV01@XZ 00409020 f i ccConfig.obj
 0001:00008020       ??F?$_Tree_unchecked_const_iterator@V?$_Tree_val@U?$_Tree_simple_types@U?$pair@$$CBIPAVdatabaseSync@@@std@@@std@@@std@@U_Iterator_base0@2@@std@@QAEAAV01@XZ 00409020 f i databaseSync.obj
 0001:00008020       ??F?$_Tree_unchecked_const_iterator@V?$_Tree_val@U?$_Tree_simple_types@U?$pair@$$CBVQString@@PAVuser@@@std@@@std@@@std@@U_Iterator_base0@2@@std@@QAEAAV01@XZ 00409020 f i users.obj
 0001:00008020       ??F?$_Tree_unchecked_const_iterator@V?$_Tree_val@U?$_Tree_simple_types@VpollCommand@@@std@@@std@@U_Iterator_base0@2@@std@@QAEAAV01@XZ 00409020 f i slink.obj
 0001:00008020       ??F?$_Tree_unchecked_const_iterator@V?$_Tree_val@U?$_Tree_simple_types@U?$pair@$$CBIPAVfabianServer@@@std@@@std@@@std@@U_Iterator_base0@2@@std@@QAEAAV01@XZ 00409020 f i slink.obj
 0001:00008020       ??F?$_Tree_unchecked_const_iterator@V?$_Tree_val@U?$_Tree_simple_types@VdbEntry@@@std@@@std@@U_Iterator_base0@2@@std@@QAEAAV01@XZ 00409020 f i databaseSync.obj
 0001:00008080       ??_EclientsRegistration@@UAEPAXI@Z 00409080 f i clientsRegistration.obj
 0001:00008080       ??_GclientsRegistration@@UAEPAXI@Z 00409080 f i clientsRegistration.obj
 0001:000080b0       ?addRegistration@clientsRegistration@@QAEXVclientIPC@@III_N@Z 004090b0 f   clientsRegistration.obj
 0001:000080f0       ?deleteAllRegistrations@clientsRegistration@@QAEXVclientIPC@@I@Z 004090f0 f   clientsRegistration.obj
 0001:000081b0       ?getClientList@clientsRegistration@@QAEXIAAV?$list@VclientIPC@@V?$allocator@VclientIPC@@@std@@@std@@@Z 004091b0 f   clientsRegistration.obj
 0001:000082c0       ?getClientList@clientsRegistration@@QAEXIIAAV?$list@VclientIPC@@V?$allocator@VclientIPC@@@std@@@std@@@Z 004092c0 f   clientsRegistration.obj
 0001:000083e0       ?getRationalisedReg@clientsRegistration@@QAEXIAAI0@Z 004093e0 f   clientsRegistration.obj
 0001:000084f0       ?getRegObject@clientsRegistration@@AAEPAVsingleReg@@VclientIPC@@I_N@Z 004094f0 f   clientsRegistration.obj
 0001:00008670       ?hasRegistration@clientsRegistration@@QAE_NI@Z 00409670 f   clientsRegistration.obj
 0001:000086c0       ?isRegistered@clientsRegistration@@QAE_NVclientIPC@@II@Z 004096c0 f   clientsRegistration.obj
 0001:000087a0       ?isRegistered@clientsRegistration@@QAE_NVclientIPC@@III@Z 004097a0 f   clientsRegistration.obj
 0001:00008880       ??$_Insert_at@VdbEntry@@U_Nil@std@@@?$_Tree@V?$_Tset_traits@VdbEntry@@U?$less@VdbEntry@@@std@@V?$allocator@VdbEntry@@@3@$0A@@std@@@std@@IAE?AV?$_Tree_const_iterator@V?$_Tree_val@U?$_Tree_simple_types@VdbEntry@@@std@@@std@@@1@_NPAU?$_Tree_node@VdbEntry@@PAX@1@$$QAVdbEntry@@U_Nil@1@@Z 00409880 f i databaseSync.obj
 0001:00008a80       ??$_Insert_nohint@VdbEntry@@U_Nil@std@@@?$_Tree@V?$_Tset_traits@VdbEntry@@U?$less@VdbEntry@@@std@@V?$allocator@VdbEntry@@@3@$0A@@std@@@std@@IAE?AU?$pair@V?$_Tree_const_iterator@V?$_Tree_val@U?$_Tree_simple_types@VdbEntry@@@std@@@std@@@std@@_N@1@_N$$QAVdbEntry@@U_Nil@1@@Z 00409a80 f i databaseSync.obj
 0001:00008bb0       ??0databaseSync@@QAE@I@Z   00409bb0 f   databaseSync.obj
 0001:00008d80       ??1?$QList@VQString@@@@QAE@XZ 00409d80 f i databaseSync.obj
 0001:00008de0       ??1QStringList@@QAE@XZ     00409de0 f i databaseSync.obj
 0001:00008df0       ??A?$QList@VQString@@@@QAEAAVQString@@H@Z 00409df0 f i databaseSync.obj
 0001:00008e20       ??_GdatabaseSync@@UAEPAXI@Z 00409e20 f i databaseSync.obj
 0001:00008e20       ??_EdatabaseSync@@UAEPAXI@Z 00409e20 f i databaseSync.obj
 0001:00008e50       ?_Lrotate@?$_Tree@V?$_Tmap_traits@V?$basic_string@DU?$char_traits@D@std@@V?$allocator@D@2@@std@@V12@U?$less@V?$basic_string@DU?$char_traits@D@std@@V?$allocator@D@2@@std@@@2@V?$allocator@U?$pair@$$CBV?$basic_string@DU?$char_traits@D@std@@V?$allocator@D@2@@std@@V12@@std@@@2@$0A@@std@@@std@@IAEXPAU?$_Tree_node@U?$pair@$$CBV?$basic_string@DU?$char_traits@D@std@@V?$allocator@D@2@@std@@V12@@std@@PAX@2@@Z 00409e50 f i ccConfig.obj
 0001:00008e50       ?_Lrotate@?$_Tree@V?$_Tmap_traits@IPAVdatabaseSync@@U?$less@I@std@@V?$allocator@U?$pair@$$CBIPAVdatabaseSync@@@std@@@3@$0A@@std@@@std@@IAEXPAU?$_Tree_node@U?$pair@$$CBIPAVdatabaseSync@@@std@@PAX@2@@Z 00409e50 f i databaseSync.obj
 0001:00008e50       ?_Lrotate@?$_Tree@V?$_Tset_traits@VdbEntry@@U?$less@VdbEntry@@@std@@V?$allocator@VdbEntry@@@3@$0A@@std@@@std@@IAEXPAU?$_Tree_node@VdbEntry@@PAX@2@@Z 00409e50 f i databaseSync.obj
 0001:00008e50       ?_Lrotate@?$_Tree@V?$_Tmap_traits@IPAVfabianServer@@U?$less@I@std@@V?$allocator@U?$pair@$$CBIPAVfabianServer@@@std@@@3@$0A@@std@@@std@@IAEXPAU?$_Tree_node@U?$pair@$$CBIPAVfabianServer@@@std@@PAX@2@@Z 00409e50 f i slink.obj
 0001:00008e50       ?_Lrotate@?$_Tree@V?$_Tmap_traits@VQString@@PAVuser@@U?$less@VQString@@@std@@V?$allocator@U?$pair@$$CBVQString@@PAVuser@@@std@@@4@$0A@@std@@@std@@IAEXPAU?$_Tree_node@U?$pair@$$CBVQString@@PAVuser@@@std@@PAX@2@@Z 00409e50 f i users.obj
 0001:00008e50       ?_Lrotate@?$_Tree@V?$_Tset_traits@VQString@@U?$less@VQString@@@std@@V?$allocator@VQString@@@3@$0A@@std@@@std@@IAEXPAU?$_Tree_node@VQString@@PAX@2@@Z 00409e50 f i slink.obj
 0001:00008e50       ?_Lrotate@?$_Tree@V?$_Tmap_traits@IPAVsingleReg@@U?$less@I@std@@V?$allocator@U?$pair@$$CBIPAVsingleReg@@@std@@@3@$0A@@std@@@std@@IAEXPAU?$_Tree_node@U?$pair@$$CBIPAVsingleReg@@@std@@PAX@2@@Z 00409e50 f i user.obj
 0001:00008e50       ?_Lrotate@?$_Tree@V?$_Tmap_traits@IPAVsingleReg@@U?$less@I@std@@V?$allocator@U?$pair@$$CBIPAVsingleReg@@@std@@@3@$00@std@@@std@@IAEXPAU?$_Tree_node@U?$pair@$$CBIPAVsingleReg@@@std@@PAX@2@@Z 00409e50 f i clientsRegistration.obj
 0001:00008e50       ?_Lrotate@?$_Tree@V?$_Tset_traits@VpollCommand@@U?$less@VpollCommand@@@std@@V?$allocator@VpollCommand@@@3@$0A@@std@@@std@@IAEXPAU?$_Tree_node@VpollCommand@@PAX@2@@Z 00409e50 f i slink.obj
 0001:00008eb0       ?_Rrotate@?$_Tree@V?$_Tset_traits@VpollCommand@@U?$less@VpollCommand@@@std@@V?$allocator@VpollCommand@@@3@$0A@@std@@@std@@IAEXPAU?$_Tree_node@VpollCommand@@PAX@2@@Z 00409eb0 f i slink.obj
 0001:00008eb0       ?_Rrotate@?$_Tree@V?$_Tmap_traits@IPAVfabianServer@@U?$less@I@std@@V?$allocator@U?$pair@$$CBIPAVfabianServer@@@std@@@3@$0A@@std@@@std@@IAEXPAU?$_Tree_node@U?$pair@$$CBIPAVfabianServer@@@std@@PAX@2@@Z 00409eb0 f i slink.obj
 0001:00008eb0       ?_Rrotate@?$_Tree@V?$_Tmap_traits@V?$basic_string@DU?$char_traits@D@std@@V?$allocator@D@2@@std@@V12@U?$less@V?$basic_string@DU?$char_traits@D@std@@V?$allocator@D@2@@std@@@2@V?$allocator@U?$pair@$$CBV?$basic_string@DU?$char_traits@D@std@@V?$allocator@D@2@@std@@V12@@std@@@2@$0A@@std@@@std@@IAEXPAU?$_Tree_node@U?$pair@$$CBV?$basic_string@DU?$char_traits@D@std@@V?$allocator@D@2@@std@@V12@@std@@PAX@2@@Z 00409eb0 f i ccConfig.obj
 0001:00008eb0       ?_Rrotate@?$_Tree@V?$_Tmap_traits@IPAVsingleReg@@U?$less@I@std@@V?$allocator@U?$pair@$$CBIPAVsingleReg@@@std@@@3@$00@std@@@std@@IAEXPAU?$_Tree_node@U?$pair@$$CBIPAVsingleReg@@@std@@PAX@2@@Z 00409eb0 f i clientsRegistration.obj
 0001:00008eb0       ?_Rrotate@?$_Tree@V?$_Tmap_traits@VQString@@PAVuser@@U?$less@VQString@@@std@@V?$allocator@U?$pair@$$CBVQString@@PAVuser@@@std@@@4@$0A@@std@@@std@@IAEXPAU?$_Tree_node@U?$pair@$$CBVQString@@PAVuser@@@std@@PAX@2@@Z 00409eb0 f i users.obj
 0001:00008eb0       ?_Rrotate@?$_Tree@V?$_Tset_traits@VdbEntry@@U?$less@VdbEntry@@@std@@V?$allocator@VdbEntry@@@3@$0A@@std@@@std@@IAEXPAU?$_Tree_node@VdbEntry@@PAX@2@@Z 00409eb0 f i databaseSync.obj
 0001:00008eb0       ?_Rrotate@?$_Tree@V?$_Tmap_traits@IPAVsingleReg@@U?$less@I@std@@V?$allocator@U?$pair@$$CBIPAVsingleReg@@@std@@@3@$0A@@std@@@std@@IAEXPAU?$_Tree_node@U?$pair@$$CBIPAVsingleReg@@@std@@PAX@2@@Z 00409eb0 f i user.obj
 0001:00008eb0       ?_Rrotate@?$_Tree@V?$_Tset_traits@VQString@@U?$less@VQString@@@std@@V?$allocator@VQString@@@3@$0A@@std@@@std@@IAEXPAU?$_Tree_node@VQString@@PAX@2@@Z 00409eb0 f i slink.obj
 0001:00008eb0       ?_Rrotate@?$_Tree@V?$_Tmap_traits@IPAVdatabaseSync@@U?$less@I@std@@V?$allocator@U?$pair@$$CBIPAVdatabaseSync@@@std@@@3@$0A@@std@@@std@@IAEXPAU?$_Tree_node@U?$pair@$$CBIPAVdatabaseSync@@@std@@PAX@2@@Z 00409eb0 f i databaseSync.obj
 0001:00008f10       ?detach_helper@?$QList@VQString@@@@AAEXH@Z 00409f10 f i databaseSync.obj
 0001:00009000       ?erase@?$_Tree@V?$_Tmap_traits@IPAVfabianServer@@U?$less@I@std@@V?$allocator@U?$pair@$$CBIPAVfabianServer@@@std@@@3@$0A@@std@@@std@@QAE?AV?$_Tree_iterator@V?$_Tree_val@U?$_Tree_simple_types@U?$pair@$$CBIPAVfabianServer@@@std@@@std@@@std@@@2@V?$_Tree_const_iterator@V?$_Tree_val@U?$_Tree_simple_types@U?$pair@$$CBIPAVfabianServer@@@std@@@std@@@std@@@2@@Z 0040a000 f i slink.obj
 0001:00009000       ?erase@?$_Tree@V?$_Tmap_traits@IPAVsingleReg@@U?$less@I@std@@V?$allocator@U?$pair@$$CBIPAVsingleReg@@@std@@@3@$00@std@@@std@@QAE?AV?$_Tree_iterator@V?$_Tree_val@U?$_Tree_simple_types@U?$pair@$$CBIPAVsingleReg@@@std@@@std@@@std@@@2@V?$_Tree_const_iterator@V?$_Tree_val@U?$_Tree_simple_types@U?$pair@$$CBIPAVsingleReg@@@std@@@std@@@std@@@2@@Z 0040a000 f i clientsRegistration.obj
 0001:00009000       ?erase@?$_Tree@V?$_Tmap_traits@IPAVsingleReg@@U?$less@I@std@@V?$allocator@U?$pair@$$CBIPAVsingleReg@@@std@@@3@$0A@@std@@@std@@QAE?AV?$_Tree_iterator@V?$_Tree_val@U?$_Tree_simple_types@U?$pair@$$CBIPAVsingleReg@@@std@@@std@@@std@@@2@V?$_Tree_const_iterator@V?$_Tree_val@U?$_Tree_simple_types@U?$pair@$$CBIPAVsingleReg@@@std@@@std@@@std@@@2@@Z 0040a000 f i user.obj
 0001:00009000       ?erase@?$_Tree@V?$_Tset_traits@VpollCommand@@U?$less@VpollCommand@@@std@@V?$allocator@VpollCommand@@@3@$0A@@std@@@std@@QAE?AV?$_Tree_const_iterator@V?$_Tree_val@U?$_Tree_simple_types@VpollCommand@@@std@@@std@@@2@V32@@Z 0040a000 f i slink.obj
 0001:00009000       ?erase@?$_Tree@V?$_Tset_traits@VdbEntry@@U?$less@VdbEntry@@@std@@V?$allocator@VdbEntry@@@3@$0A@@std@@@std@@QAE?AV?$_Tree_const_iterator@V?$_Tree_val@U?$_Tree_simple_types@VdbEntry@@@std@@@std@@@2@V32@@Z 0040a000 f i slink.obj
 0001:00009000       ?erase@?$_Tree@V?$_Tmap_traits@IPAVdatabaseSync@@U?$less@I@std@@V?$allocator@U?$pair@$$CBIPAVdatabaseSync@@@std@@@3@$0A@@std@@@std@@QAE?AV?$_Tree_iterator@V?$_Tree_val@U?$_Tree_simple_types@U?$pair@$$CBIPAVdatabaseSync@@@std@@@std@@@std@@@2@V?$_Tree_const_iterator@V?$_Tree_val@U?$_Tree_simple_types@U?$pair@$$CBIPAVdatabaseSync@@@std@@@std@@@std@@@2@@Z 0040a000 f i databaseSync.obj
 0001:00009270       ?getDatabaseSync@databaseSync@@SAPAV1@I@Z 0040a270 f   databaseSync.obj
 0001:00009360       ?getList@databaseSync@@QAE_NIIIAAV?$set@VdbEntry@@U?$less@VdbEntry@@@std@@V?$allocator@VdbEntry@@@3@@std@@@Z 0040a360 f   databaseSync.obj
 0001:000097b0       ?node_copy@?$QList@VQString@@@@AAEXPAUNode@1@00@Z 0040a7b0 f i databaseSync.obj
 0001:000097f0       ?node_destruct@?$QList@VQString@@@@AAEXPAUNode@1@0@Z 0040a7f0 f i databaseSync.obj
 0001:00009820       ?save@databaseSync@@QAEIIII@Z 0040a820 f   databaseSync.obj
 0001:00009e00       ?setTransId@databaseSync@@QAEXABVQString@@I@Z 0040ae00 f   databaseSync.obj
 0001:0000a140       ?transId@databaseSync@@QAEIABVQString@@@Z 0040b140 f   databaseSync.obj
 0001:0000a430       ?transId@databaseSync@@QAEIXZ 0040b430 f   databaseSync.obj
 0001:0000a510       ??0decodeBNCSString@@QAE@PBDD@Z 0040b510 f   decodeBNCSString.obj
 0001:0000a750       ??1decodeBNCSString@@UAE@XZ 0040b750 f   decodeBNCSString.obj
 0001:0000a770       ??_EdecodeBNCSString@@UAEPAXI@Z 0040b770 f i decodeBNCSString.obj
 0001:0000a770       ??_GdecodeBNCSString@@UAEPAXI@Z 0040b770 f i decodeBNCSString.obj
 0001:0000a7b0       ??$_Buynode@VclientIPC@@@?$_List_buy@VclientIPC@@V?$allocator@VclientIPC@@@std@@@std@@QAEPAU?$_List_node@VclientIPC@@PAX@1@PAU21@0$$QAVclientIPC@@@Z 0040b7b0 f i clientsRegistration.obj
 0001:0000a7b0       ??$_Buynode@ABQAVfabian_client@@@?$_List_buy@PAVfabian_client@@V?$allocator@PAVfabian_client@@@std@@@std@@QAEPAU?$_List_node@PAVfabian_client@@PAX@1@PAU21@0ABQAVfabian_client@@@Z 0040b7b0 f i fabianServer.obj
 0001:0000a7b0       ??$_Buynode@ABQAVuser@@@?$_List_buy@PAVuser@@V?$allocator@PAVuser@@@std@@@std@@QAEPAU?$_List_node@PAVuser@@PAX@1@PAU21@0ABQAVuser@@@Z 0040b7b0 f i users.obj
 0001:0000a7d0       ??0fabianServer@@QAE@PAVQObject@@ABVQHostAddress@@H_N2PAVIfabian_clientCallback@@PAV?$set@VQString@@U?$less@VQString@@@std@@V?$allocator@VQString@@@3@@std@@4@Z 0040b7d0 f   fabianServer.obj
 0001:0000aa50       ??1?$QPair@VQHostAddress@@H@@QAE@XZ 0040ba50 f i fabianServer.obj
 0001:0000aa60       ??1fabianServer@@UAE@XZ    0040ba60 f   fabianServer.obj
 0001:0000ab40       ??_GfabianServer@@UAEPAXI@Z 0040bb40 f i fabianServer.obj
 0001:0000ab40       ??_EfabianServer@@UAEPAXI@Z 0040bb40 f i fabianServer.obj
 0001:0000ab70       ?_Buynode0@?$_List_alloc@$0A@U?$_List_base_types@PAVuser@@V?$allocator@PAVuser@@@std@@@std@@@std@@QAEPAU?$_List_node@PAVuser@@PAX@2@PAU32@0@Z 0040bb70 f i slink.obj
 0001:0000ab70       ?_Buynode0@?$_List_alloc@$0A@U?$_List_base_types@VclientIPC@@V?$allocator@VclientIPC@@@std@@@std@@@std@@QAEPAU?$_List_node@VclientIPC@@PAX@2@PAU32@0@Z 0040bb70 f i clientsRegistration.obj
 0001:0000ab70       ?_Buynode0@?$_List_alloc@$0A@U?$_List_base_types@PAVfabian_client@@V?$allocator@PAVfabian_client@@@std@@@std@@@std@@QAEPAU?$_List_node@PAVfabian_client@@PAX@2@PAU32@0@Z 0040bb70 f i fabianServer.obj
 0001:0000abb0       ?deleteClientsByName@fabianServer@@QAEHABVQString@@@Z 0040bbb0 f   fabianServer.obj
 0001:0000ac40       ?incomingConnection@fabianServer@@MAEXH@Z 0040bc40 f   fabianServer.obj
 0001:0000af90       ?ok@fabianServer@@QAE_NXZ  0040bf90 f   fabianServer.obj
 0001:0000afa0       ?remove@?$list@PAVfabian_client@@V?$allocator@PAVfabian_client@@@std@@@std@@QAEXABQAVfabian_client@@@Z 0040bfa0 f i fabianServer.obj
 0001:0000b020       ?socketDisconnected@fabianServer@@AAEXXZ 0040c020 f   fabianServer.obj
 0001:0000b080       ??0?$QList@VQSslError@@@@QAE@ABV0@@Z 0040c080 f i fabian_client.obj
 0001:0000b140       ??0fabian_client@@QAE@H_N0PAVIfabian_clientCallback@@PAVQObject@@@Z 0040c140 f   fabian_client.obj
 0001:0000c600       ??1?$QForeachContainer@$$CBV?$QList@VQSslError@@@@@@QAE@XZ 0040d600 f i fabian_client.obj
 0001:0000c610       ??1?$QList@VQSslError@@@@QAE@XZ 0040d610 f i fabian_client.obj
 0001:0000c680       ??1fabian_client@@UAE@XZ   0040d680 f   fabian_client.obj
 0001:0000c776       ??_Efabian_client@@W7AEPAXI@Z 0040d776 f i fabian_client.obj
 0001:0000c780       ??_GQSslSocket@@UAEPAXI@Z  0040d780 f i fabian_client.obj
 0001:0000c780       ??_EQSslSocket@@UAEPAXI@Z  0040d780 f i fabian_client.obj
 0001:0000c7b0       ??_Gfabian_client@@UAEPAXI@Z 0040d7b0 f i fabian_client.obj
 0001:0000c7b0       ??_Efabian_client@@UAEPAXI@Z 0040d7b0 f i fabian_client.obj
 0001:0000c7e0       ?append@?$QList@VQString@@@@QAEXABVQString@@@Z 0040d7e0 f i fabian_client.obj
 0001:0000c890       ?bufParse@fabian_client@@AAEHPADH@Z 0040d890 f   fabian_client.obj
 0001:0000ca70       ?currentUser@fabian_client@@QAEPAVuser@@XZ 0040da70 f   fabian_client.obj
 0001:0000ca80       ?detach_helper_grow@?$QList@VQString@@@@AAEPAUNode@1@HH@Z 0040da80 f i fabian_client.obj
 0001:0000cc00       ?join@?$QListSpecialMethods@VQString@@@@QBE?AVQString@@ABV2@@Z 0040dc00 f i fabian_client.obj
 0001:0000cc40       ?lineParse@fabian_client@@AAEXABVQStringList@@@Z 0040dc40 f   fabian_client.obj
 0001:0000fb00       ?node_copy@?$QList@VQSslError@@@@AAEXPAUNode@1@00@Z 00410b00 f i fabian_client.obj
 0001:0000fba0       ?peerAddress@fabian_client@@QAE?AVQHostAddress@@XZ 00410ba0 f   fabian_client.obj
 0001:0000fbe0       ?preSharedKeyAuthenticationRequired@fabian_client@@QAEXPAVQSslPreSharedKeyAuthenticator@@@Z 00410be0 f   fabian_client.obj
 0001:0000fc10       ?sendData@fabian_client@@QAEXABVQString@@@Z 00410c10 f   fabian_client.obj
 0001:0000fc90       ?sendGreeting@fabian_client@@AAEXXZ 00410c90 f   fabian_client.obj
 0001:0000fe70       ?socketDisconnected@fabian_client@@QAEXXZ 00410e70 f   fabian_client.obj
 0001:0000ff30       ?socketEncrypted@fabian_client@@QAEXXZ 00410f30 f   fabian_client.obj
 0001:00010050       ?socketError@fabian_client@@QAEXW4SocketError@QAbstractSocket@@@Z 00411050 f   fabian_client.obj
 0001:000103c0       ?socketReadyRead@fabian_client@@QAEXXZ 004113c0 f   fabian_client.obj
 0001:00010540       ?socketSslErrors@fabian_client@@QAEXABV?$QList@VQSslError@@@@@Z 00411540 f   fabian_client.obj
 0001:00010780       ?sslMode@fabian_client@@QAEXW4SslMode@QSslSocket@@@Z 00411780 f   fabian_client.obj
 0001:000107b0       ?timerEvent@fabian_client@@MAEXPAVQTimerEvent@@@Z 004117b0 f   fabian_client.obj
 0001:00010930       ?userId@fabian_client@@QAE?AVQString@@XZ 00411930 f   fabian_client.obj
 0001:00010a10       ?workstationOverride@fabian_client@@QBEIXZ 00411a10 f   fabian_client.obj
 0001:00010a20       ??0?$_Wrap_alloc@V?$allocator@U?$_Tree_node@U?$pair@$$CBVQString@@PAVuser@@@std@@PAX@std@@@std@@@std@@QAE@XZ 00411a20 f i users.obj
 0001:00010a20       ??0?$_Wrap_alloc@V?$allocator@U?$_Tree_node@U?$pair@$$CBIPAVdatabaseSync@@@std@@PAX@std@@@std@@@std@@QAE@XZ 00411a20 f i databaseSync.obj
 0001:00010a20       ??0initializer@?A0x3ad23e3c@@QAE@XZ 00411a20 f i qrc_slink.obj
 0001:00010a30       ?metaObject@fabianServer@@UBEPBUQMetaObject@@XZ 00411a30 f   moc_fabianServer.obj
 0001:00010a50       ?qt_metacall@fabianServer@@UAEHW4Call@QMetaObject@@HPAPAX@Z 00411a50 f   moc_fabianServer.obj
 0001:00010ab0       ?qt_metacast@fabianServer@@UAEPAXPBD@Z 00411ab0 f   moc_fabianServer.obj
 0001:00010b10       ?qt_static_metacall@fabianServer@@CAXPAVQObject@@W4Call@QMetaObject@@HPAPAX@Z 00411b10 f   moc_fabianServer.obj
 0001:00010b30       ?Construct@?$QMetaTypeFunctionHelper@V?$QList@VQSslError@@@@$00@QtMetaTypePrivate@@SAPAXPAXPBX@Z 00411b30 f i moc_fabian_client.obj
 0001:00010bc0       ?Construct@?$QMetaTypeFunctionHelper@W4SocketError@QAbstractSocket@@$00@QtMetaTypePrivate@@SAPAXPAXPBX@Z 00411bc0 f i moc_fabian_client.obj
 0001:00010bf0       ?Destruct@?$QMetaTypeFunctionHelper@V?$QList@VQSslError@@@@$00@QtMetaTypePrivate@@SAXPAX@Z 00411bf0 f i moc_fabian_client.obj
 0001:00010c00       ?cccConnected@IccClientCallback@@MAEXXZ 00411c00 f i slink.obj
 0001:00010c00       ?cccDisconnected@IccClientCallback@@MAEXXZ 00411c00 f i slink.obj
 0001:00010c00       ?Destruct@?$QMetaTypeFunctionHelper@W4SocketError@QAbstractSocket@@$00@QtMetaTypePrivate@@SAXPAX@Z 00411c00 f i moc_fabian_client.obj
 0001:00010c00       ??1initializer@?A0x3ad23e3c@@QAE@XZ 00411c00 f i qrc_slink.obj
 0001:00010c00       ??3@YAXPAX0@Z              00411c00 f i ccCheck.obj
 0001:00010c10       ?disconnected@fabian_client@@QAEXXZ 00411c10 f   moc_fabian_client.obj
 0001:00010c30       ?metaObject@fabian_client@@UBEPBUQMetaObject@@XZ 00411c30 f   moc_fabian_client.obj
 0001:00010c50       ?qt_metacall@fabian_client@@UAEHW4Call@QMetaObject@@HPAPAX@Z 00411c50 f   moc_fabian_client.obj
 0001:00010cb0       ?qt_metacast@fabian_client@@UAEPAXPBD@Z 00411cb0 f   moc_fabian_client.obj
 0001:00010d50       ?qt_metatype_id@?$QMetaTypeId@V?$QList@VQSslError@@@@@@SAHXZ 00411d50 f i moc_fabian_client.obj
 0001:00010df0       ?qt_metatype_id@?$QMetaTypeId@W4SocketError@QAbstractSocket@@@@SAHXZ 00411df0 f i moc_fabian_client.obj
 0001:00010e90       ?qt_static_metacall@fabian_client@@CAXPAVQObject@@W4Call@QMetaObject@@HPAPAX@Z 00411e90 f   moc_fabian_client.obj
 0001:00010fc0       ?metaObject@slink@@UBEPBUQMetaObject@@XZ 00411fc0 f   moc_slink.obj
 0001:00010fe0       ?qt_metacall@slink@@UAEHW4Call@QMetaObject@@HPAPAX@Z 00411fe0 f   moc_slink.obj
 0001:00011050       ?qt_metacast@slink@@UAEPAXPBD@Z 00412050 f   moc_slink.obj
 0001:000110b0       ?qt_static_metacall@slink@@CAXPAVQObject@@W4Call@QMetaObject@@HPAPAX@Z 004120b0 f   moc_slink.obj
 0001:00011180       ?metaObject@userEditDialog@@UBEPBUQMetaObject@@XZ 00412180 f   moc_userEditDialog.obj
 0001:000111a0       ?qt_metacall@userEditDialog@@UAEHW4Call@QMetaObject@@HPAPAX@Z 004121a0 f   moc_userEditDialog.obj
 0001:00011210       ?qt_metacast@userEditDialog@@UAEPAXPBD@Z 00412210 f   moc_userEditDialog.obj
 0001:00011270       ?qt_static_metacall@userEditDialog@@CAXPAVQObject@@W4Call@QMetaObject@@HPAPAX@Z 00412270 f   moc_userEditDialog.obj
 0001:00011330       ?userAdded@userEditDialog@@QAEXPAVuser@@@Z 00412330 f   moc_userEditDialog.obj
 0001:00011360       ?userDeleted@userEditDialog@@QAEXABVQString@@@Z 00412360 f   moc_userEditDialog.obj
 0001:00011390       ?metaObject@userEditPermissionsDialog@@UBEPBUQMetaObject@@XZ 00412390 f   moc_userEditPermissionsDialog.obj
 0001:000113b0       ?qt_metacall@userEditPermissionsDialog@@UAEHW4Call@QMetaObject@@HPAPAX@Z 004123b0 f   moc_userEditPermissionsDialog.obj
 0001:00011430       ?qt_metacast@userEditPermissionsDialog@@UAEPAXPBD@Z 00412430 f   moc_userEditPermissionsDialog.obj
 0001:00011490       ?qt_static_metacall@userEditPermissionsDialog@@CAXPAVQObject@@W4Call@QMetaObject@@HPAPAX@Z 00412490 f   moc_userEditPermissionsDialog.obj
 0001:000114c0       _main                      004124c0 f   main.obj
 0001:000117e0       ??$_Buynode@ABVreg@@@?$_List_buy@Vreg@@V?$allocator@Vreg@@@std@@@std@@QAEPAU?$_List_node@Vreg@@PAX@1@PAU21@0ABVreg@@@Z 004127e0 f i singleReg.obj
 0001:000117e0       ??$_Buynode@Vreg@@@?$_List_buy@Vreg@@V?$allocator@Vreg@@@std@@@std@@QAEPAU?$_List_node@Vreg@@PAX@1@PAU21@0$$QAVreg@@@Z 004127e0 f i singleReg.obj
 0001:00011810       ??$_Insert_range@V?$_List_const_iterator@V?$_List_val@U?$_List_simple_types@Vreg@@@std@@@std@@@std@@@?$list@Vreg@@V?$allocator@Vreg@@@std@@@std@@QAEXV?$_List_unchecked_const_iterator@V?$_List_val@U?$_List_simple_types@Vreg@@@std@@@std@@U_Iterator_base0@2@@1@V?$_List_const_iterator@V?$_List_val@U?$_List_simple_types@Vreg@@@std@@@std@@@1@1Uforward_iterator_tag@1@@Z 00412810 f i singleReg.obj
 0001:000118e0       ??0?$list@Vreg@@V?$allocator@Vreg@@@std@@@std@@QAE@ABV01@@Z 004128e0 f i singleReg.obj
 0001:00011980       ??0singleReg@@QAE@VclientIPC@@I@Z 00412980 f   singleReg.obj
 0001:000119d0       ??1?$_List_buy@Vreg@@V?$allocator@Vreg@@@std@@@std@@QAE@XZ 004129d0 f i singleReg.obj
 0001:000119e0       ??_EsingleReg@@UAEPAXI@Z   004129e0 f i singleReg.obj
 0001:000119e0       ??_GsingleReg@@UAEPAXI@Z   004129e0 f i singleReg.obj
 0001:00011a40       ?_Buynode0@?$_List_alloc@$0A@U?$_List_base_types@Vreg@@V?$allocator@Vreg@@@std@@@std@@@std@@QAEPAU?$_List_node@Vreg@@PAX@2@PAU32@0@Z 00412a40 f i singleReg.obj
 0001:00011a80       ?_Tidy@?$list@Vreg@@V?$allocator@Vreg@@@std@@@std@@QAEXXZ 00412a80 f i singleReg.obj
 0001:00011ac0       ?_Unchecked_erase@?$list@Vreg@@V?$allocator@Vreg@@@std@@@std@@QAEXV?$_List_unchecked_const_iterator@V?$_List_val@U?$_List_simple_types@Vreg@@@std@@@std@@U_Iterator_base0@2@@2@@Z 00412ac0 f i singleReg.obj
 0001:00011af0       ?addRegistration@singleReg@@QAEXII@Z 00412af0 f   singleReg.obj
 0001:00011b50       ?cleanDuplicateRegistrations@singleReg@@AAEXXZ 00412b50 f   singleReg.obj
 0001:00011c10       ?client@singleReg@@QBE?AVclientIPC@@XZ 00412c10 f   singleReg.obj
 0001:00011c20       ?device@singleReg@@QBEIXZ  00412c20 f   singleReg.obj
 0001:00011c30       ?extendExistingRegistration@singleReg@@AAE_NII@Z 00412c30 f   singleReg.obj
 0001:00011cb0       ?isRegistered@singleReg@@QBE_NI@Z 00412cb0 f   singleReg.obj
 0001:00011ce0       ?isRegisteredRange@singleReg@@QBE_NII@Z 00412ce0 f   singleReg.obj
 0001:00011d40       ?maxIndex@singleReg@@QBEIXZ 00412d40 f   singleReg.obj
 0001:00011d60       ?minIndex@singleReg@@QBEIXZ 00412d60 f   singleReg.obj
 0001:00011d80       ?push_back@?$list@Vreg@@V?$allocator@Vreg@@@std@@@std@@QAEX$$QAVreg@@@Z 00412d80 f i singleReg.obj
 0001:00011dd0       ?registrations@singleReg@@QAEPAV?$list@Vreg@@V?$allocator@Vreg@@@std@@@std@@XZ 00412dd0 f   singleReg.obj
 0001:00011de0       ?removeAllRegistration@singleReg@@QAEXXZ 00412de0 f   singleReg.obj
 0001:00011e20       ??$_Buynode@ABVpollCommand@@@?$_Tree_buy@VpollCommand@@V?$allocator@VpollCommand@@@std@@@std@@QAEPAU?$_Tree_node@VpollCommand@@PAX@1@ABVpollCommand@@@Z 00412e20 f i slink.obj
 0001:00011e50       ??$_Buynode@VQString@@@?$_Tree_buy@VQString@@V?$allocator@VQString@@@std@@@std@@QAEPAU?$_Tree_node@VQString@@PAX@1@$$QAVQString@@@Z 00412e50 f i slink.obj
 0001:00011e80       ??$_Distance2@V?$_Tree_const_iterator@V?$_Tree_val@U?$_Tree_simple_types@VpollCommand@@@std@@@std@@@std@@I@std@@YAXV?$_Tree_const_iterator@V?$_Tree_val@U?$_Tree_simple_types@VpollCommand@@@std@@@std@@@0@0AAIUbidirectional_iterator_tag@0@@Z 00412e80 f i slink.obj
 0001:00011ef0       ??$_Insert_at@ABVpollCommand@@U_Nil@std@@@?$_Tree@V?$_Tset_traits@VpollCommand@@U?$less@VpollCommand@@@std@@V?$allocator@VpollCommand@@@3@$0A@@std@@@std@@IAE?AV?$_Tree_const_iterator@V?$_Tree_val@U?$_Tree_simple_types@VpollCommand@@@std@@@std@@@1@_NPAU?$_Tree_node@VpollCommand@@PAX@1@ABVpollCommand@@U_Nil@1@@Z 00412ef0 f i slink.obj
 0001:000120f0       ??$_Insert_at@VQString@@U_Nil@std@@@?$_Tree@V?$_Tset_traits@VQString@@U?$less@VQString@@@std@@V?$allocator@VQString@@@3@$0A@@std@@@std@@IAE?AV?$_Tree_const_iterator@V?$_Tree_val@U?$_Tree_simple_types@VQString@@@std@@@std@@@1@_NPAU?$_Tree_node@VQString@@PAX@1@$$QAVQString@@U_Nil@1@@Z 004130f0 f i slink.obj
 0001:000122f0       ??$_Insert_nohint@ABVpollCommand@@U_Nil@std@@@?$_Tree@V?$_Tset_traits@VpollCommand@@U?$less@VpollCommand@@@std@@V?$allocator@VpollCommand@@@3@$0A@@std@@@std@@IAE?AU?$pair@V?$_Tree_const_iterator@V?$_Tree_val@U?$_Tree_simple_types@VpollCommand@@@std@@@std@@@std@@_N@1@_NABVpollCommand@@U_Nil@1@@Z 004132f0 f i slink.obj
 0001:000124a0       ??$_Insert_nohint@VQString@@U_Nil@std@@@?$_Tree@V?$_Tset_traits@VQString@@U?$less@VQString@@@std@@V?$allocator@VQString@@@3@$0A@@std@@@std@@IAE?AU?$pair@V?$_Tree_const_iterator@V?$_Tree_val@U?$_Tree_simple_types@VQString@@@std@@@std@@@std@@_N@1@_N$$QAVQString@@U_Nil@1@@Z 004134a0 f i slink.obj
 0001:000125c0       ??0?$set@VdbEntry@@U?$less@VdbEntry@@@std@@V?$allocator@VdbEntry@@@3@@std@@QAE@XZ 004135c0 f i slink.obj
 0001:000125e0       ??0slink@@QAE@PAVQWidget@@@Z 004135e0 f   slink.obj
 0001:00013b50       ??1?$QList@VQSslCipher@@@@QAE@XZ 00414b50 f i slink.obj
 0001:00013bc0       ??1?$list@VclientIPC@@V?$allocator@VclientIPC@@@std@@@std@@QAE@XZ 00414bc0 f i slink.obj
 0001:00013bc0       ??1?$list@PAVfabian_client@@V?$allocator@PAVfabian_client@@@std@@@std@@QAE@XZ 00414bc0 f i fabianServer.obj
 0001:00013bc0       ??1?$list@PAVuser@@V?$allocator@PAVuser@@@std@@@std@@QAE@XZ 00414bc0 f i slink.obj
 0001:00013c00       ??1?$queue@VpollCommand@@V?$deque@VpollCommand@@V?$allocator@VpollCommand@@@std@@@std@@@std@@QAE@XZ 00414c00 f i slink.obj
 0001:00013c20       ??1?$set@VQString@@U?$less@VQString@@@std@@V?$allocator@VQString@@@3@@std@@QAE@XZ 00414c20 f i slink.obj
 0001:00013c50       ??1?$map@IPAVfabianServer@@U?$less@I@std@@V?$allocator@U?$pair@$$CBIPAVfabianServer@@@std@@@3@@std@@QAE@XZ 00414c50 f i slink.obj
 0001:00013c50       ??1?$multimap@IPAVsingleReg@@U?$less@I@std@@V?$allocator@U?$pair@$$CBIPAVsingleReg@@@std@@@3@@std@@QAE@XZ 00414c50 f i clientsRegistration.obj
 0001:00013c50       ??1?$map@IPAVsingleReg@@U?$less@I@std@@V?$allocator@U?$pair@$$CBIPAVsingleReg@@@std@@@3@@std@@QAE@XZ 00414c50 f i user.obj
 0001:00013c50       ??1?$set@VpollCommand@@U?$less@VpollCommand@@@std@@V?$allocator@VpollCommand@@@3@@std@@QAE@XZ 00414c50 f i slink.obj
 0001:00013c50       ??1?$set@VdbEntry@@U?$less@VdbEntry@@@std@@V?$allocator@VdbEntry@@@3@@std@@QAE@XZ 00414c50 f i slink.obj
 0001:00013c80       ??1slink@@UAE@XZ           00414c80 f   slink.obj
 0001:0001425a       ??_EQGroupBox@@W7AEPAXI@Z  0041525a f i slink.obj
 0001:00014262       ??_EQHBoxLayout@@W7AEPAXI@Z 00415262 f i slink.obj
 0001:0001426a       ??_EQListWidget@@W7AEPAXI@Z 0041526a f i slink.obj
 0001:00014272       ??_EQMenu@@W7AEPAXI@Z      00415272 f i slink.obj
 0001:0001427a       ??_EQMenuBar@@W7AEPAXI@Z   0041527a f i slink.obj
 0001:00014282       ??_EQPushButton@@W7AEPAXI@Z 00415282 f i slink.obj
 0001:0001428a       ??_EQSplitter@@W7AEPAXI@Z  0041528a f i slink.obj
 0001:00014292       ??_EQStatusBar@@W7AEPAXI@Z 00415292 f i slink.obj
 0001:0001429a       ??_EQTextEdit@@W7AEPAXI@Z  0041529a f i slink.obj
 0001:000142a2       ??_EQToolBar@@W7AEPAXI@Z   004152a2 f i slink.obj
 0001:000142aa       ??_EQTreeWidget@@W7AEPAXI@Z 004152aa f i slink.obj
 0001:000142b2       ??_EQVBoxLayout@@W7AEPAXI@Z 004152b2 f i slink.obj
 0001:000142ba       ??_EQWidget@@W7AEPAXI@Z    004152ba f i slink.obj
 0001:000142c2       ??_Eslink@@W7AEPAXI@Z      004152c2 f i slink.obj
 0001:000142ca       ??_Eslink@@WCA@AEPAXI@Z    004152ca f i slink.obj
 0001:000142e0       ??_GQAction@@UAEPAXI@Z     004152e0 f i slink.obj
 0001:000142e0       ??_EQAction@@UAEPAXI@Z     004152e0 f i slink.obj
 0001:00014310       ??_GQGroupBox@@UAEPAXI@Z   00415310 f i slink.obj
 0001:00014310       ??_EQGroupBox@@UAEPAXI@Z   00415310 f i slink.obj
 0001:00014340       ??_EQHBoxLayout@@UAEPAXI@Z 00415340 f i slink.obj
 0001:00014340       ??_GQHBoxLayout@@UAEPAXI@Z 00415340 f i slink.obj
 0001:00014370       ??_EQListWidget@@UAEPAXI@Z 00415370 f i slink.obj
 0001:00014370       ??_GQListWidget@@UAEPAXI@Z 00415370 f i slink.obj
 0001:000143a0       ??_EQListWidgetItem@@UAEPAXI@Z 004153a0 f i slink.obj
 0001:000143a0       ??_GQListWidgetItem@@UAEPAXI@Z 004153a0 f i slink.obj
 0001:000143d0       ??_EQMenu@@UAEPAXI@Z       004153d0 f i slink.obj
 0001:000143d0       ??_GQMenu@@UAEPAXI@Z       004153d0 f i slink.obj
 0001:00014400       ??_EQMenuBar@@UAEPAXI@Z    00415400 f i slink.obj
 0001:00014400       ??_GQMenuBar@@UAEPAXI@Z    00415400 f i slink.obj
 0001:00014430       ??_EQPushButton@@UAEPAXI@Z 00415430 f i slink.obj
 0001:00014430       ??_GQPushButton@@UAEPAXI@Z 00415430 f i slink.obj
 0001:00014460       ??_EQSpacerItem@@UAEPAXI@Z 00415460 f i slink.obj
 0001:00014460       ??_GQSpacerItem@@UAEPAXI@Z 00415460 f i slink.obj
 0001:00014490       ??_EQSplitter@@UAEPAXI@Z   00415490 f i slink.obj
 0001:00014490       ??_GQSplitter@@UAEPAXI@Z   00415490 f i slink.obj
 0001:000144c0       ??_EQStatusBar@@UAEPAXI@Z  004154c0 f i slink.obj
 0001:000144c0       ??_GQStatusBar@@UAEPAXI@Z  004154c0 f i slink.obj
 0001:000144f0       ??_GQTextEdit@@UAEPAXI@Z   004154f0 f i slink.obj
 0001:000144f0       ??_EQTextEdit@@UAEPAXI@Z   004154f0 f i slink.obj
 0001:00014520       ??_EQToolBar@@UAEPAXI@Z    00415520 f i slink.obj
 0001:00014520       ??_GQToolBar@@UAEPAXI@Z    00415520 f i slink.obj
 0001:00014550       ??_EQTreeWidget@@UAEPAXI@Z 00415550 f i slink.obj
 0001:00014550       ??_GQTreeWidget@@UAEPAXI@Z 00415550 f i slink.obj
 0001:00014580       ??_GQVBoxLayout@@UAEPAXI@Z 00415580 f i slink.obj
 0001:00014580       ??_EQVBoxLayout@@UAEPAXI@Z 00415580 f i slink.obj
 0001:000145b0       ??_EQWidget@@UAEPAXI@Z     004155b0 f i slink.obj
 0001:000145b0       ??_GQWidget@@UAEPAXI@Z     004155b0 f i slink.obj
 0001:000145e0       ??_Eslink@@UAEPAXI@Z       004155e0 f i slink.obj
 0001:000145e0       ??_Gslink@@UAEPAXI@Z       004155e0 f i slink.obj
 0001:00014610       ?_Buyheadnode@?$_Tree_alloc@$0A@U?$_Tree_base_types@VdbEntry@@V?$allocator@VdbEntry@@@std@@@std@@@std@@QAEPAU?$_Tree_node@VdbEntry@@PAX@2@XZ 00415610 f i slink.obj
 0001:00014610       ?_Buyheadnode@?$_Tree_alloc@$0A@U?$_Tree_base_types@U?$pair@$$CBIPAVsingleReg@@@std@@V?$allocator@U?$pair@$$CBIPAVsingleReg@@@std@@@2@@std@@@std@@QAEPAU?$_Tree_node@U?$pair@$$CBIPAVsingleReg@@@std@@PAX@2@XZ 00415610 f i clientsRegistration.obj
 0001:00014610       ?_Buyheadnode@?$_Tree_alloc@$0A@U?$_Tree_base_types@U?$pair@$$CBVQString@@PAVuser@@@std@@V?$allocator@U?$pair@$$CBVQString@@PAVuser@@@std@@@2@@std@@@std@@QAEPAU?$_Tree_node@U?$pair@$$CBVQString@@PAVuser@@@std@@PAX@2@XZ 00415610 f i users.obj
 0001:00014610       ?_Buyheadnode@?$_Tree_alloc@$0A@U?$_Tree_base_types@U?$pair@$$CBIPAVdatabaseSync@@@std@@V?$allocator@U?$pair@$$CBIPAVdatabaseSync@@@std@@@2@@std@@@std@@QAEPAU?$_Tree_node@U?$pair@$$CBIPAVdatabaseSync@@@std@@PAX@2@XZ 00415610 f i databaseSync.obj
 0001:00014610       ?_Buyheadnode@?$_Tree_alloc@$0A@U?$_Tree_base_types@U?$pair@$$CBIPAVfabianServer@@@std@@V?$allocator@U?$pair@$$CBIPAVfabianServer@@@std@@@2@@std@@@std@@QAEPAU?$_Tree_node@U?$pair@$$CBIPAVfabianServer@@@std@@PAX@2@XZ 00415610 f i slink.obj
 0001:00014640       ?_Buyheadnode@?$_Tree_alloc@$0A@U?$_Tree_base_types@VQString@@V?$allocator@VQString@@@std@@@std@@@std@@QAEPAU?$_Tree_node@VQString@@PAX@2@XZ 00415640 f i slink.obj
 0001:00014670       ?_Buyheadnode@?$_Tree_alloc@$0A@U?$_Tree_base_types@VpollCommand@@V?$allocator@VpollCommand@@@std@@@std@@@std@@QAEPAU?$_Tree_node@VpollCommand@@PAX@2@XZ 00415670 f i slink.obj
 0001:000146a0       ?_Buynode0@?$_Tree_buy@VQString@@V?$allocator@VQString@@@std@@@std@@QAEPAU?$_Tree_node@VQString@@PAX@2@XZ 004156a0 f i slink.obj
 0001:000146e0       ?_Buynode0@?$_Tree_buy@VpollCommand@@V?$allocator@VpollCommand@@@std@@@std@@QAEPAU?$_Tree_node@VpollCommand@@PAX@2@XZ 004156e0 f i slink.obj
 0001:00014720       ?_Eqrange@?$_Tree@V?$_Tset_traits@VpollCommand@@U?$less@VpollCommand@@@std@@V?$allocator@VpollCommand@@@3@$0A@@std@@@std@@IAE?AU?$pair@V?$_Tree_const_iterator@V?$_Tree_val@U?$_Tree_simple_types@VpollCommand@@@std@@@std@@@std@@V12@@2@ABVpollCommand@@@Z 00415720 f i slink.obj
 0001:000147f0       ?_Erase@?$_Tree@V?$_Tset_traits@VQString@@U?$less@VQString@@@std@@V?$allocator@VQString@@@3@$0A@@std@@@std@@IAEXPAU?$_Tree_node@VQString@@PAX@2@@Z 004157f0 f i slink.obj
 0001:000147f0       ?_Erase@?$_Tree@V?$_Tmap_traits@VQString@@PAVuser@@U?$less@VQString@@@std@@V?$allocator@U?$pair@$$CBVQString@@PAVuser@@@std@@@4@$0A@@std@@@std@@IAEXPAU?$_Tree_node@U?$pair@$$CBVQString@@PAVuser@@@std@@PAX@2@@Z 004157f0 f i users.obj
 0001:00014830       ?_Erase@?$_Tree@V?$_Tmap_traits@IPAVsingleReg@@U?$less@I@std@@V?$allocator@U?$pair@$$CBIPAVsingleReg@@@std@@@3@$00@std@@@std@@IAEXPAU?$_Tree_node@U?$pair@$$CBIPAVsingleReg@@@std@@PAX@2@@Z 00415830 f i clientsRegistration.obj
 0001:00014830       ?_Erase@?$_Tree@V?$_Tmap_traits@IPAVdatabaseSync@@U?$less@I@std@@V?$allocator@U?$pair@$$CBIPAVdatabaseSync@@@std@@@3@$0A@@std@@@std@@IAEXPAU?$_Tree_node@U?$pair@$$CBIPAVdatabaseSync@@@std@@PAX@2@@Z 00415830 f i databaseSync.obj
 0001:00014830       ?_Erase@?$_Tree@V?$_Tmap_traits@IPAVfabianServer@@U?$less@I@std@@V?$allocator@U?$pair@$$CBIPAVfabianServer@@@std@@@3@$0A@@std@@@std@@IAEXPAU?$_Tree_node@U?$pair@$$CBIPAVfabianServer@@@std@@PAX@2@@Z 00415830 f i slink.obj
 0001:00014830       ?_Erase@?$_Tree@V?$_Tset_traits@VpollCommand@@U?$less@VpollCommand@@@std@@V?$allocator@VpollCommand@@@3@$0A@@std@@@std@@IAEXPAU?$_Tree_node@VpollCommand@@PAX@2@@Z 00415830 f i slink.obj
 0001:00014830       ?_Erase@?$_Tree@V?$_Tmap_traits@IPAVsingleReg@@U?$less@I@std@@V?$allocator@U?$pair@$$CBIPAVsingleReg@@@std@@@3@$0A@@std@@@std@@IAEXPAU?$_Tree_node@U?$pair@$$CBIPAVsingleReg@@@std@@PAX@2@@Z 00415830 f i user.obj
 0001:00014830       ?_Erase@?$_Tree@V?$_Tset_traits@VdbEntry@@U?$less@VdbEntry@@@std@@V?$allocator@VdbEntry@@@3@$0A@@std@@@std@@IAEXPAU?$_Tree_node@VdbEntry@@PAX@2@@Z 00415830 f i slink.obj
 0001:00014870       ?_Growmap@?$deque@VpollCommand@@V?$allocator@VpollCommand@@@std@@@std@@IAEXI@Z 00415870 f i slink.obj
 0001:000149f0       ?_Lbound@?$_Tree@V?$_Tset_traits@VpollCommand@@U?$less@VpollCommand@@@std@@V?$allocator@VpollCommand@@@3@$0A@@std@@@std@@IAEPAU?$_Tree_node@VpollCommand@@PAX@2@ABVpollCommand@@@Z 004159f0 f i slink.obj
 0001:00014a40       ?_Tidy@?$deque@VpollCommand@@V?$allocator@VpollCommand@@@std@@@std@@IAEXXZ 00415a40 f i slink.obj
 0001:00014aa0       ?about@slink@@AAEXXZ       00415aa0 f   slink.obj
 0001:00014d90       ?addServer@slink@@AAE_NABVQHostAddress@@I_N@Z 00415d90 f   slink.obj
 0001:00015030       ?append@?$QList@VQSslCipher@@@@QAEXABVQSslCipher@@@Z 00416030 f i slink.obj
 0001:00015120       ??$destroy@PAU?$_Tree_node@U?$pair@$$CBVQString@@PAVuser@@@std@@PAX@std@@@?$_Wrap_alloc@V?$allocator@U?$_Tree_node@U?$pair@$$CBVQString@@PAVuser@@@std@@PAX@std@@@std@@@std@@QAEXPAPAU?$_Tree_node@U?$pair@$$CBVQString@@PAVuser@@@std@@PAX@1@@Z 00416120 f i users.obj
 0001:00015120       ??$destroy@PAU?$_Tree_node@U?$pair@$$CBIPAVdatabaseSync@@@std@@PAX@std@@@?$_Wrap_alloc@V?$allocator@U?$_Tree_node@U?$pair@$$CBIPAVdatabaseSync@@@std@@PAX@std@@@std@@@std@@QAEXPAPAU?$_Tree_node@U?$pair@$$CBIPAVdatabaseSync@@@std@@PAX@1@@Z 00416120 f i databaseSync.obj
 0001:00015120       ?cccConfigChangeMessage@IccClientCallback@@MAEXABV?$basic_string@DU?$char_traits@D@std@@V?$allocator@D@2@@std@@@Z 00416120 f i slink.obj
 0001:00015130       ?cccDatabaseChange@slink@@EAEXHHH@Z 00416130 f   slink.obj
 0001:00015220       ?cccDeviceMessage@IccClientCallback@@MAEXHHABV?$basic_string@DU?$char_traits@D@std@@V?$allocator@D@2@@std@@H@Z 00416220 f i slink.obj
 0001:00015230       ?cccDatabaseChange@IccClientCallback@@MAEXHHH@Z 00416230 f i slink.obj
 0001:00015230       ?cccRtrRevertive@IccClientCallback@@MAEXHHH@Z 00416230 f i slink.obj
 0001:00015230       ?cccGpiRevertive@IccClientCallback@@MAEXHH_N@Z 00416230 f i slink.obj
 0001:00015230       ?cccDeviceMode@IccClientCallback@@MAEXHHW4redundancyState@cc@@@Z 00416230 f i slink.obj
 0001:00015230       ?cccInfoRevertive@IccClientCallback@@MAEXHHABV?$basic_string@DU?$char_traits@D@std@@V?$allocator@D@2@@std@@@Z 00416230 f i slink.obj
 0001:00015240       ?cccDisconnected@slink@@EAEXXZ 00416240 f   slink.obj
 0001:00015250       ?cccGpiRevertive@slink@@EAEXHH_N@Z 00416250 f   slink.obj
 0001:000153b0       ?cccInfoRevertive@slink@@EAEXHHABV?$basic_string@DU?$char_traits@D@std@@V?$allocator@D@2@@std@@@Z 004163b0 f   slink.obj
 0001:00015540       ?cccSerialNumberError@IccClientCallback@@MAEXHH@Z 00416540 f i slink.obj
 0001:00015540       ?encrypted@slink@@EAEXPAVfabian_client@@_N@Z 00416540 f i slink.obj
 0001:00015540       ?cccPollError@IccClientCallback@@MAEXHH@Z 00416540 f i slink.obj
 0001:00015550       ?cccRtrRevertive@slink@@EAEXHHH@Z 00416550 f   slink.obj
 0001:000156a0       ?checksumDatabase@slink@@EAEXPAVfabian_client@@IIII@Z 004166a0 f   slink.obj
 0001:00015a80       ?clear@?$_Tree@V?$_Tset_traits@VpollCommand@@U?$less@VpollCommand@@@std@@V?$allocator@VpollCommand@@@3@$0A@@std@@@std@@QAEXXZ 00416a80 f i slink.obj
 0001:00015a80       ?clear@?$_Tree@V?$_Tset_traits@VdbEntry@@U?$less@VdbEntry@@@std@@V?$allocator@VdbEntry@@@3@$0A@@std@@@std@@QAEXXZ 00416a80 f i slink.obj
 0001:00015a80       ?clear@?$_Tree@V?$_Tmap_traits@IPAVdatabaseSync@@U?$less@I@std@@V?$allocator@U?$pair@$$CBIPAVdatabaseSync@@@std@@@3@$0A@@std@@@std@@QAEXXZ 00416a80 f i databaseSync.obj
 0001:00015a80       ?clear@?$_Tree@V?$_Tmap_traits@IPAVsingleReg@@U?$less@I@std@@V?$allocator@U?$pair@$$CBIPAVsingleReg@@@std@@@3@$0A@@std@@@std@@QAEXXZ 00416a80 f i user.obj
 0001:00015a80       ?clear@?$_Tree@V?$_Tmap_traits@IPAVfabianServer@@U?$less@I@std@@V?$allocator@U?$pair@$$CBIPAVfabianServer@@@std@@@3@$0A@@std@@@std@@QAEXXZ 00416a80 f i slink.obj
 0001:00015a80       ?clear@?$_Tree@V?$_Tmap_traits@IPAVsingleReg@@U?$less@I@std@@V?$allocator@U?$pair@$$CBIPAVsingleReg@@@std@@@3@$00@std@@@std@@QAEXXZ 00416a80 f i clientsRegistration.obj
 0001:00015ad0       ?clearPollQueue@slink@@AAEXXZ 00416ad0 f   slink.obj
 0001:00015bb0       ?connected@slink@@EAEXPAVfabian_client@@ABVQHostAddress@@G@Z 00416bb0 f   slink.obj
 0001:00015c50       ?connectedUser@slink@@EAEXPAVfabian_client@@ABVQString@@11I@Z 00416c50 f   slink.obj
 0001:00015d50       ?data@slink@@EAEXPAVfabian_client@@ABVQString@@@Z 00416d50 f   slink.obj
 0001:00015dd0       ?databaseModify@slink@@EAEXPAVfabian_client@@IIIABVQString@@@Z 00416dd0 f   slink.obj
 0001:00015ea0       ?deleteServer@slink@@AAE_NI@Z 00416ea0 f   slink.obj
 0001:00015f30       ?detach_helper@?$QList@VQSslCipher@@@@AAEXH@Z 00416f30 f i slink.obj
 0001:00016020       ?detach_helper_grow@?$QList@VQSslCipher@@@@AAEPAUNode@1@HH@Z 00417020 f i slink.obj
 0001:000161a0       ?disconnected@slink@@EAEXPAVfabian_client@@@Z 004171a0 f   slink.obj
 0001:00016230       ?distributeDatabaseModify@slink@@AAEXPAVfabian_client@@IIIABVQString@@@Z 00417230 f   slink.obj
 0001:00016460       ?distributeRevertive@slink@@AAEXHHABVQString@@@Z 00417460 f   slink.obj
 0001:00016550       ?doHelp@slink@@AAEXXZ      00417550 f   slink.obj
 0001:00016720       ?doLogging@slink@@AAEX_N@Z 00417720 f   slink.obj
 0001:00016760       ?doPoll@slink@@AAEXPAVfabian_client@@DIII@Z 00417760 f   slink.obj
 0001:00017570       ?doServerConfig@slink@@AAEXXZ 00418570 f   slink.obj
 0001:00017730       ?doUserEdit@slink@@AAEXXZ  00418730 f   slink.obj
 0001:000177e0       ?doWhiteBlackListEdit@slink@@AAEXXZ 004187e0 f   slink.obj
 0001:00017860       ?dumpServerList@slink@@AAEXXZ 00418860 f   slink.obj
 0001:000179b0       ?erase@?$_Tree@V?$_Tmap_traits@VQString@@PAVuser@@U?$less@VQString@@@std@@V?$allocator@U?$pair@$$CBVQString@@PAVuser@@@std@@@4@$0A@@std@@@std@@QAE?AV?$_Tree_iterator@V?$_Tree_val@U?$_Tree_simple_types@U?$pair@$$CBVQString@@PAVuser@@@std@@@std@@@std@@@2@V?$_Tree_const_iterator@V?$_Tree_val@U?$_Tree_simple_types@U?$pair@$$CBVQString@@PAVuser@@@std@@@std@@@std@@@2@0@Z 004189b0 f i users.obj
 0001:000179b0       ?erase@?$_Tree@V?$_Tset_traits@VQString@@U?$less@VQString@@@std@@V?$allocator@VQString@@@3@$0A@@std@@@std@@QAE?AV?$_Tree_const_iterator@V?$_Tree_val@U?$_Tree_simple_types@VQString@@@std@@@std@@@2@V32@0@Z 004189b0 f i slink.obj
 0001:00017a70       ?erase@?$_Tree@V?$_Tmap_traits@IPAVsingleReg@@U?$less@I@std@@V?$allocator@U?$pair@$$CBIPAVsingleReg@@@std@@@3@$0A@@std@@@std@@QAE?AV?$_Tree_iterator@V?$_Tree_val@U?$_Tree_simple_types@U?$pair@$$CBIPAVsingleReg@@@std@@@std@@@std@@@2@V?$_Tree_const_iterator@V?$_Tree_val@U?$_Tree_simple_types@U?$pair@$$CBIPAVsingleReg@@@std@@@std@@@std@@@2@0@Z 00418a70 f i user.obj
 0001:00017a70       ?erase@?$_Tree@V?$_Tset_traits@VdbEntry@@U?$less@VdbEntry@@@std@@V?$allocator@VdbEntry@@@3@$0A@@std@@@std@@QAE?AV?$_Tree_const_iterator@V?$_Tree_val@U?$_Tree_simple_types@VdbEntry@@@std@@@std@@@2@V32@0@Z 00418a70 f i slink.obj
 0001:00017a70       ?erase@?$_Tree@V?$_Tset_traits@VpollCommand@@U?$less@VpollCommand@@@std@@V?$allocator@VpollCommand@@@3@$0A@@std@@@std@@QAE?AV?$_Tree_const_iterator@V?$_Tree_val@U?$_Tree_simple_types@VpollCommand@@@std@@@std@@@2@V32@0@Z 00418a70 f i slink.obj
 0001:00017a70       ?erase@?$_Tree@V?$_Tmap_traits@IPAVsingleReg@@U?$less@I@std@@V?$allocator@U?$pair@$$CBIPAVsingleReg@@@std@@@3@$00@std@@@std@@QAE?AV?$_Tree_iterator@V?$_Tree_val@U?$_Tree_simple_types@U?$pair@$$CBIPAVsingleReg@@@std@@@std@@@std@@@2@V?$_Tree_const_iterator@V?$_Tree_val@U?$_Tree_simple_types@U?$pair@$$CBIPAVsingleReg@@@std@@@std@@@std@@@2@0@Z 00418a70 f i clientsRegistration.obj
 0001:00017a70       ?erase@?$_Tree@V?$_Tmap_traits@IPAVdatabaseSync@@U?$less@I@std@@V?$allocator@U?$pair@$$CBIPAVdatabaseSync@@@std@@@3@$0A@@std@@@std@@QAE?AV?$_Tree_iterator@V?$_Tree_val@U?$_Tree_simple_types@U?$pair@$$CBIPAVdatabaseSync@@@std@@@std@@@std@@@2@V?$_Tree_const_iterator@V?$_Tree_val@U?$_Tree_simple_types@U?$pair@$$CBIPAVdatabaseSync@@@std@@@std@@@std@@@2@0@Z 00418a70 f i databaseSync.obj
 0001:00017a70       ?erase@?$_Tree@V?$_Tmap_traits@IPAVfabianServer@@U?$less@I@std@@V?$allocator@U?$pair@$$CBIPAVfabianServer@@@std@@@3@$0A@@std@@@std@@QAE?AV?$_Tree_iterator@V?$_Tree_val@U?$_Tree_simple_types@U?$pair@$$CBIPAVfabianServer@@@std@@@std@@@std@@@2@V?$_Tree_const_iterator@V?$_Tree_val@U?$_Tree_simple_types@U?$pair@$$CBIPAVfabianServer@@@std@@@std@@@std@@@2@0@Z 00418a70 f i slink.obj
 0001:00017b10       ?erase@?$_Tree@V?$_Tset_traits@VpollCommand@@U?$less@VpollCommand@@@std@@V?$allocator@VpollCommand@@@3@$0A@@std@@@std@@QAEIABVpollCommand@@@Z 00418b10 f i slink.obj
 0001:00017b60       ?find@?$_Tree@V?$_Tset_traits@VpollCommand@@U?$less@VpollCommand@@@std@@V?$allocator@VpollCommand@@@3@$0A@@std@@@std@@QAE?AV?$_Tree_const_iterator@V?$_Tree_val@U?$_Tree_simple_types@VpollCommand@@@std@@@std@@@2@ABVpollCommand@@@Z 00418b60 f i slink.obj
 0001:00017bc0       ?front@?$queue@VpollCommand@@V?$deque@VpollCommand@@V?$allocator@VpollCommand@@@std@@@std@@@std@@QAEAAVpollCommand@@XZ 00418bc0 f i slink.obj
 0001:00017c00       ?getDevProps@slink@@EAEXPAVfabian_client@@I@Z 00418c00 f   slink.obj
 0001:00017f20       ?gpiLock@slink@@EAEXPAVfabian_client@@IIII@Z 00418f20 f   slink.obj
 0001:00017f60       ?gpiPoll@slink@@EAEXPAVfabian_client@@III@Z 00418f60 f   slink.obj
 0001:00017f80       ?gpiSwitch@slink@@EAEXPAVfabian_client@@III@Z 00418f80 f   slink.obj
 0001:00017fc0       ?infoLock@slink@@EAEXPAVfabian_client@@IIII@Z 00418fc0 f   slink.obj
 0001:00018000       ?infoPoll@slink@@EAEXPAVfabian_client@@III@Z 00419000 f   slink.obj
 0001:00018020       ?infoRegister@slink@@EAEXPAVfabian_client@@III@Z 00419020 f   slink.obj
 0001:00018450       ?infoUnregister@slink@@EAEXPAVfabian_client@@I@Z 00419450 f   slink.obj
 0001:00018510       ?infoWrite@slink@@EAEXPAVfabian_client@@IIABVQString@@@Z 00419510 f   slink.obj
 0001:000185b0       ?listClientContextMenu@slink@@AAEXABVQPoint@@@Z 004195b0 f   slink.obj
 0001:00018680       ?listRouter@slink@@EAEXPAVfabian_client@@IIII@Z 00419680 f   slink.obj
 0001:000189e0       ?loadBlackList@slink@@AAEXXZ 004199e0 f   slink.obj
 0001:00018d50       ?loadWhiteList@slink@@AAEXXZ 00419d50 f   slink.obj
 0001:000190c0       ?nextPoll@slink@@AAEX_N@Z  0041a0c0 f   slink.obj
 0001:000194f0       ?node_copy@?$QList@VQSslCipher@@@@AAEXPAUNode@1@00@Z 0041a4f0 f i slink.obj
 0001:00019590       ?node_destruct@?$QList@VQSslCipher@@@@AAEXPAUNode@1@0@Z 0041a590 f i slink.obj
 0001:000195c0       ?push_back@?$deque@VpollCommand@@V?$allocator@VpollCommand@@@std@@@std@@QAEXABVpollCommand@@@Z 0041a5c0 f i slink.obj
 0001:00019640       ?retranslateUi@Ui_slinkClass@@QAEXPAVQMainWindow@@@Z 0041a640 f i slink.obj
 0001:00019ba0       ?routerCrosspoint@slink@@EAEXPAVfabian_client@@IHIABVQString@@@Z 0041aba0 f   slink.obj
 0001:00019c40       ?routerLock@slink@@EAEXPAVfabian_client@@IIII@Z 0041ac40 f   slink.obj
 0001:00019c80       ?routerName@slink@@EAEXPAVfabian_client@@III@Z 0041ac80 f   slink.obj
 0001:00019f70       ?routerPoll@slink@@EAEXPAVfabian_client@@III@Z 0041af70 f   slink.obj
 0001:00019f90       ?setupUi@Ui_slinkClass@@QAEXPAVQMainWindow@@@Z 0041af90 f i slink.obj
 0001:0001ac40       ?timerEvent@slink@@MAEXPAVQTimerEvent@@@Z 0041bc40 f   slink.obj
 0001:0001ace0       ?userAdded@slink@@AAEXPAVuser@@@Z 0041bce0 f   slink.obj
 0001:0001ad20       ?userDeleted@slink@@AAEXABVQString@@@Z 0041bd20 f   slink.obj
 0001:0001af10       ??$_Insert_nohint@AAU?$pair@$$CBIPAVdatabaseSync@@@std@@PAU?$_Tree_node@U?$pair@$$CBIPAVdatabaseSync@@@std@@PAX@2@@?$_Tree@V?$_Tmap_traits@IPAVdatabaseSync@@U?$less@I@std@@V?$allocator@U?$pair@$$CBIPAVdatabaseSync@@@std@@@3@$0A@@std@@@std@@IAE?AU?$pair@V?$_Tree_iterator@V?$_Tree_val@U?$_Tree_simple_types@U?$pair@$$CBIPAVdatabaseSync@@@std@@@std@@@std@@@std@@_N@1@_NAAU?$pair@$$CBIPAVdatabaseSync@@@1@PAU?$_Tree_node@U?$pair@$$CBIPAVdatabaseSync@@@std@@PAX@1@@Z 0041bf10 f i databaseSync.obj
 0001:0001af10       ??$_Insert_nohint@AAU?$pair@$$CBIPAVfabianServer@@@std@@PAU?$_Tree_node@U?$pair@$$CBIPAVfabianServer@@@std@@PAX@2@@?$_Tree@V?$_Tmap_traits@IPAVfabianServer@@U?$less@I@std@@V?$allocator@U?$pair@$$CBIPAVfabianServer@@@std@@@3@$0A@@std@@@std@@IAE?AU?$pair@V?$_Tree_iterator@V?$_Tree_val@U?$_Tree_simple_types@U?$pair@$$CBIPAVfabianServer@@@std@@@std@@@std@@@std@@_N@1@_NAAU?$pair@$$CBIPAVfabianServer@@@1@PAU?$_Tree_node@U?$pair@$$CBIPAVfabianServer@@@std@@PAX@1@@Z 0041bf10 f i slink.obj
[...]
 0002:0000c234       __ehfuncinfo$??$_Insert_nohint@AAU?$pair@$$CBIPAVsingleReg@@@std@@PAU?$_Tree_node@U?$pair@$$CBIPAVsingleReg@@@std@@PAX@2@@?$_Tree@V?$_Tmap_traits@IPAVsingleReg@@U?$less@I@std@@V?$allocator@U?$pair@$$CBIPAVsingleReg@@@std@@@3@$0A@@std@@@std@@IAE?AU?$pair@V?$_Tree_iterator@V?$_Tree_val@U?$_Tree_simple_types@U?$pair@$$CBIPAVsingleReg@@@std@@@std@@@std@@@std@@_N@1@_NAAU?$pair@$$CBIPAVsingleReg@@@1@PAU?$_Tree_node@U?$pair@$$CBIPAVsingleReg@@@std@@PAX@1@@Z 00436234     user.obj
 0002:0000c234       __ehfuncinfo$??$_Insert_nohint@AAU?$pair@$$CBIPAVfabianServer@@@std@@PAU?$_Tree_node@U?$pair@$$CBIPAVfabianServer@@@std@@PAX@2@@?$_Tree@V?$_Tmap_traits@IPAVfabianServer@@U?$less@I@std@@V?$allocator@U?$pair@$$CBIPAVfabianServer@@@std@@@3@$0A@@std@@@std@@IAE?AU?$pair@V?$_Tree_iterator@V?$_Tree_val@U?$_Tree_simple_types@U?$pair@$$CBIPAVfabianServer@@@std@@@std@@@std@@@std@@_N@1@_NAAU?$pair@$$CBIPAVfabianServer@@@1@PAU?$_Tree_node@U?$pair@$$CBIPAVfabianServer@@@std@@PAX@1@@Z 00436234     user.obj
 0002:0000c234       __ehfuncinfo$??$_Insert_nohint@AAU?$pair@$$CBIPAVdatabaseSync@@@std@@PAU?$_Tree_node@U?$pair@$$CBIPAVdatabaseSync@@@std@@PAX@2@@?$_Tree@V?$_Tmap_traits@IPAVdatabaseSync@@U?$less@I@std@@V?$allocator@U?$pair@$$CBIPAVdatabaseSync@@@std@@@3@$0A@@std@@@std@@IAE?AU?$pair@V?$_Tree_iterator@V?$_Tree_val@U?$_Tree_simple_types@U?$pair@$$CBIPAVdatabaseSync@@@std@@@std@@@std@@@std@@_N@1@_NAAU?$pair@$$CBIPAVdatabaseSync@@@1@PAU?$_Tree_node@U?$pair@$$CBIPAVdatabaseSync@@@std@@PAX@1@@Z 00436234     user.obj
 0002:0000c258       __ehfuncinfo$?setupUi@Ui_userEditDialog@@QAEXPAVQDialog@@@Z 00436258     userEditDialog.obj
 0002:0000c27c       __unwindtable$?setupUi@Ui_userEditDialog@@QAEXPAVQDialog@@@Z 0043627c     userEditDialog.obj
 0002:0000c324       __ehfuncinfo$?retranslateUi@Ui_userEditDialog@@QAEXPAVQDialog@@@Z 00436324     userEditDialog.obj
 0002:0000c348       __unwindtable$?retranslateUi@Ui_userEditDialog@@QAEXPAVQDialog@@@Z 00436348     userEditDialog.obj
 0002:0000c3a0       __ehfuncinfo$??0userEditDialog@@QAE@XZ 004363a0     userEditDialog.obj
 0002:0000c3c4       __unwindtable$??0userEditDialog@@QAE@XZ 004363c4     userEditDialog.obj
 0002:0000c444       __unwindtable$?slotItemDoubleClicked@userEditDialog@@AAEXPAVQTreeWidgetItem@@H@Z 00436444     userEditDialog.obj
 0002:0000c45c       __ehfuncinfo$?slotItemDoubleClicked@userEditDialog@@AAEXPAVQTreeWidgetItem@@H@Z 0043645c     userEditDialog.obj
 0002:0000c480       __ehfuncinfo$?slotAddUser@userEditDialog@@AAEXXZ 00436480     userEditDialog.obj
 0002:0000c4a4       __unwindtable$?slotAddUser@userEditDialog@@AAEXXZ 004364a4     userEditDialog.obj
 0002:0000c564       __unwindtable$?slotDeleteUser@userEditDialog@@AAEXXZ 00436564     userEditDialog.obj
 0002:0000c584       __ehfuncinfo$?slotDeleteUser@userEditDialog@@AAEXXZ 00436584     userEditDialog.obj
 0002:0000c5a8       __ehfuncinfo$?setupUi@Ui_userEditPermissionsDialog@@QAEXPAVQDialog@@@Z 004365a8     userEditPermissionsDialog.obj
 0002:0000c5cc       __unwindtable$?setupUi@Ui_userEditPermissionsDialog@@QAEXPAVQDialog@@@Z 004365cc     userEditPermissionsDialog.obj
 0002:0000c6b4       __ehfuncinfo$?retranslateUi@Ui_userEditPermissionsDialog@@QAEXPAVQDialog@@@Z 004366b4     userEditPermissionsDialog.obj
 0002:0000c6d8       __unwindtable$?retranslateUi@Ui_userEditPermissionsDialog@@QAEXPAVQDialog@@@Z 004366d8     userEditPermissionsDialog.obj
 0002:0000c708       __ehfuncinfo$??0userEditPermissionsDialog@@QAE@ABVQString@@@Z 00436708     userEditPermissionsDialog.obj
 0002:0000c72c       __unwindtable$??0userEditPermissionsDialog@@QAE@ABVQString@@@Z 0043672c     userEditPermissionsDialog.obj
 0002:0000c7dc       __ehfuncinfo$?accept@userEditPermissionsDialog@@UAEXXZ 004367dc     userEditPermissionsDialog.obj
 0002:0000c800       __unwindtable$?accept@userEditPermissionsDialog@@UAEXXZ 00436800     userEditPermissionsDialog.obj
 0002:0000c960       __ehfuncinfo$?validDevAndRange@@YA_NABVQString@@@Z 00436960     userEditPermissionsDialog.obj
 0002:0000c984       __unwindtable$?validDevAndRange@@YA_NABVQString@@@Z 00436984     userEditPermissionsDialog.obj
 0002:0000c9b4       __ehfuncinfo$?loadUsers@users@@SAXXZ 004369b4     users.obj
 0002:0000c9d8       __unwindtable$?loadUsers@users@@SAXXZ 004369d8     users.obj
 0002:0000ca18       __ehfuncinfo$?loadAccess@users@@SAXAAVccConfig@@PAVuser@@ABVQString@@@Z 00436a18     users.obj
 0002:0000ca3c       __unwindtable$?loadAccess@users@@SAXAAVccConfig@@PAVuser@@ABVQString@@@Z 00436a3c     users.obj
 0002:0000cafc       __ehfuncinfo$?loadUserInfo@users@@SAXABVQString@@@Z 00436afc     users.obj
 0002:0000cb20       __unwindtable$?loadUserInfo@users@@SAXABVQString@@@Z 00436b20     users.obj
 0002:0000cc60       __ehfuncinfo$?createUser@users@@SAPAVuser@@ABVQString@@00II@Z 00436c60     users.obj
 0002:0000cc84       __unwindtable$?createUser@users@@SAPAVuser@@ABVQString@@00II@Z 00436c84     users.obj
 0002:0000cd64       __ehfuncinfo$?deleteUser@users@@SAXABVQString@@@Z 00436d64     users.obj
 0002:0000cd88       __unwindtable$?deleteUser@users@@SAXABVQString@@@Z 00436d88     users.obj
 0002:0000cdc8       __catchsym$??$_Insert_nohint@AAU?$pair@$$CBVQString@@PAVuser@@@std@@PAU?$_Tree_node@U?$pair@$$CBVQString@@PAVuser@@@std@@PAX@2@@?$_Tree@V?$_Tmap_traits@VQString@@PAVuser@@U?$less@VQString@@@std@@V?$allocator@U?$pair@$$CBVQString@@PAVuser@@@std@@@4@$0A@@std@@@std@@IAE?AU?$pair@V?$_Tree_iterator@V?$_Tree_val@U?$_Tree_simple_types@U?$pair@$$CBVQString@@PAVuser@@@std@@@std@@@std@@@std@@_N@1@_NAAU?$pair@$$CBVQString@@PAVuser@@@1@PAU?$_Tree_node@U?$pair@$$CBVQString@@PAVuser@@@std@@PAX@1@@Z$3 00436dc8     users.obj
 0002:0000cdd8       __unwindtable$??$_Insert_nohint@AAU?$pair@$$CBVQString@@PAVuser@@@std@@PAU?$_Tree_node@U?$pair@$$CBVQString@@PAVuser@@@std@@PAX@2@@?$_Tree@V?$_Tmap_traits@VQString@@PAVuser@@U?$less@VQString@@@std@@V?$allocator@U?$pair@$$CBVQString@@PAVuser@@@std@@@4@$0A@@std@@@std@@IAE?AU?$pair@V?$_Tree_iterator@V?$_Tree_val@U?$_Tree_simple_types@U?$pair@$$CBVQString@@PAVuser@@@std@@@std@@@std@@@std@@_N@1@_NAAU?$pair@$$CBVQString@@PAVuser@@@1@PAU?$_Tree_node@U?$pair@$$CBVQString@@PAVuser@@@std@@PAX@1@@Z 00436dd8     users.obj
 0002:0000cde8       __tryblocktable$??$_Insert_nohint@AAU?$pair@$$CBVQString@@PAVuser@@@std@@PAU?$_Tree_node@U?$pair@$$CBVQString@@PAVuser@@@std@@PAX@2@@?$_Tree@V?$_Tmap_traits@VQString@@PAVuser@@U?$less@VQString@@@std@@V?$allocator@U?$pair@$$CBVQString@@PAVuser@@@std@@@4@$0A@@std@@@std@@IAE?AU?$pair@V?$_Tree_iterator@V?$_Tree_val@U?$_Tree_simple_types@U?$pair@$$CBVQString@@PAVuser@@@std@@@std@@@std@@@std@@_N@1@_NAAU?$pair@$$CBVQString@@PAVuser@@@1@PAU?$_Tree_node@U?$pair@$$CBVQString@@PAVuser@@@std@@PAX@1@@Z 00436de8     users.obj
 0002:0000cdfc       __ehfuncinfo$??$_Insert_nohint@AAU?$pair@$$CBVQString@@PAVuser@@@std@@PAU?$_Tree_node@U?$pair@$$CBVQString@@PAVuser@@@std@@PAX@2@@?$_Tree@V?$_Tmap_traits@VQString@@PAVuser@@U?$less@VQString@@@std@@V?$allocator@U?$pair@$$CBVQString@@PAVuser@@@std@@@4@$0A@@std@@@std@@IAE?AU?$pair@V?$_Tree_iterator@V?$_Tree_val@U?$_Tree_simple_types@U?$pair@$$CBVQString@@PAVuser@@@std@@@std@@@std@@@std@@_N@1@_NAAU?$pair@$$CBVQString@@PAVuser@@@1@PAU?$_Tree_node@U?$pair@$$CBVQString@@PAVuser@@@std@@PAX@1@@Z 00436dfc     users.obj
 0002:0000ce20       __ehfuncinfo$?setupUi@Ui_whiteBlackListEdit@@QAEXPAVQDialog@@@Z 00436e20     whiteBlackListEditDialog.obj
 0002:0000ce44       __unwindtable$?setupUi@Ui_whiteBlackListEdit@@QAEXPAVQDialog@@@Z 00436e44     whiteBlackListEditDialog.obj
 0002:0000cf3c       __ehfuncinfo$?retranslateUi@Ui_whiteBlackListEdit@@QAEXPAVQDialog@@@Z 00436f3c     whiteBlackListEditDialog.obj
 0002:0000cf60       __unwindtable$?retranslateUi@Ui_whiteBlackListEdit@@QAEXPAVQDialog@@@Z 00436f60     whiteBlackListEditDialog.obj
 0002:0000cfa0       __unwindtable$??0whiteBlackListEditDialog@@QAE@PAV?$set@VQString@@U?$less@VQString@@@std@@V?$allocator@VQString@@@3@@std@@0@Z 00436fa0     whiteBlackListEditDialog.obj
 0002:0000cfa8       __ehfuncinfo$??0whiteBlackListEditDialog@@QAE@PAV?$set@VQString@@U?$less@VQString@@@std@@V?$allocator@VQString@@@3@@std@@0@Z 00436fa8     whiteBlackListEditDialog.obj
 0002:0000cfcc       __ehfuncinfo$?accept@whiteBlackListEditDialog@@UAEXXZ 00436fcc     whiteBlackListEditDialog.obj
 0002:0000cff0       __unwindtable$?accept@whiteBlackListEditDialog@@UAEXXZ 00436ff0     whiteBlackListEditDialog.obj
 0002:0000d110       __unwindtable$?validateIpEntries@whiteBlackListEditDialog@@AAE?AVQString@@PAVQTextEdit@@@Z 00437110     whiteBlackListEditDialog.obj
 0002:0000d130       __ehfuncinfo$?validateIpEntries@whiteBlackListEditDialog@@AAE?AVQString@@PAVQTextEdit@@@Z 00437130     whiteBlackListEditDialog.obj
 0002:0000d158       __sehtable$__onexit        00437158     MSVCRT:atonexit.obj
 0002:0000d178       __sehtable$___tmainCRTStartup 00437178     MSVCRT:crtexew.obj
 0002:0000d198       __sehtable$??_M@YGXPAXIHP6EX0@Z@Z 00437198     MSVCRT:ehvecdtr.obj
 0002:0000d1b8       __sehtable$?__ArrayUnwind@@YGXPAXIHP6EX0@Z@Z 004371b8     MSVCRT:ehvecdtr.obj
 0002:0000d1d8       __sehtable$__IsNonwritableInCurrentImage 004371d8     MSVCRT:pesect.obj
 0002:0000e0d6       .idata$6                   004380d6     version:VERSION.dll
 0002:0000f346       .idata$6                   00439346     Qt5Core:Qt5Core.dll
 0002:0000f50a       .idata$6                   0043950a     Qt5Gui:Qt5Gui.dll
 0002:000103e8       .idata$6                   0043a3e8     Qt5Network:Qt5Network.dll
 0002:000168c2       .idata$6                   004408c2     Qt5Widgets:Qt5Widgets.dll
 0002:000168d2       .idata$6                   004408d2     bncsif32:BNCSIF32.dll
 0002:00016a30       .idata$6                   00440a30     kernel32:KERNEL32.dll
 0002:00016b12       .idata$6                   00440b12     user32:USER32.dll
 0002:00016b50       .idata$6                   00440b50     advapi32:ADVAPI32.dll
 0002:00016b6e       .idata$6                   00440b6e     shell32:SHELL32.dll
 0002:00016d0a       .idata$6                   00440d0a     MSVCRT:MSVCR120.dll
 0002:00016fa2       .idata$6                   00440fa2     msvcprt:MSVCP120.dll
 0003:00000000       _BNCS_DISKLOG_SIG          00442000     bncs_disklog.obj
 0003:00000070       _BNCS_CCCHECK_SIG          00442070     ccCheck.obj
 0003:000000e0       _BNCS_CCCLIENT_SIG         004420e0     ccClient.obj
 0003:00000148       _BNCS_CCCONFIG_SIG         00442148     ccConfig.obj
 0003:00000228       _SS_large_Icon_32          00442228     slink.obj
 0003:000004c0       _BNCS_BNCSWM32_SIG         004424c0     bncswm32:BncsWM32.obj
 0003:00000c00       _allocator_arg             00442c00     ccCheck.obj
 0003:00000c01       _piecewise_construct       00442c01     ccCheck.obj
 0003:00000c0c       __Tuple_alloc              00442c0c     ccClient.obj
 0003:00000c0d       _ignore                    00442c0d     ccClient.obj
 0003:00000c0e       _allocator_arg             00442c0e     ccClient.obj
 0003:00000c0f       _piecewise_construct       00442c0f     ccClient.obj
 0003:00000c10       __Tuple_alloc              00442c10     ccConfig.obj
 0003:00000c11       _ignore                    00442c11     ccConfig.obj
 0003:00000c12       _allocator_arg             00442c12     ccConfig.obj
 0003:00000c13       _piecewise_construct       00442c13     ccConfig.obj
 0003:00000c1c       __Tuple_alloc              00442c1c     appGlobal.obj
 0003:00000c1d       _ignore                    00442c1d     appGlobal.obj
 0003:00000c1e       _allocator_arg             00442c1e     appGlobal.obj
 0003:00000c1f       _piecewise_construct       00442c1f     appGlobal.obj
 0003:00000c28       __Tuple_alloc              00442c28     clientsRegistration.obj
 0003:00000c29       _ignore                    00442c29     clientsRegistration.obj
 0003:00000c2a       _allocator_arg             00442c2a     clientsRegistration.obj
 0003:00000c2b       _piecewise_construct       00442c2b     clientsRegistration.obj
 0003:00000c2c       __Tuple_alloc              00442c2c     databaseSync.obj
 0003:00000c2d       _ignore                    00442c2d     databaseSync.obj
 0003:00000c2e       _allocator_arg             00442c2e     databaseSync.obj
 0003:00000c2f       _piecewise_construct       00442c2f     databaseSync.obj
 0003:00000c38       __Nil_obj                  00442c38     databaseSync.obj
 0003:00000c39       __Tuple_alloc              00442c39     fabianServer.obj
 0003:00000c3a       _ignore                    00442c3a     fabianServer.obj
 0003:00000c3b       _allocator_arg             00442c3b     fabianServer.obj
 0003:00000c3c       _piecewise_construct       00442c3c     fabianServer.obj
 0003:00000c3d       __Tuple_alloc              00442c3d     fabian_client.obj
 0003:00000c3e       _ignore                    00442c3e     fabian_client.obj
 0003:00000c3f       _allocator_arg             00442c3f     fabian_client.obj
 0003:00000c40       _piecewise_construct       00442c40     fabian_client.obj
 0003:00000c42       __Tuple_alloc              00442c42     moc_fabianServer.obj
 0003:00000c43       _ignore                    00442c43     moc_fabianServer.obj
 0003:00000c44       _allocator_arg             00442c44     moc_fabianServer.obj
 0003:00000c45       _piecewise_construct       00442c45     moc_fabianServer.obj
 0003:00000c46       __Tuple_alloc              00442c46     moc_fabian_client.obj
 0003:00000c47       _ignore                    00442c47     moc_fabian_client.obj
 0003:00000c48       _allocator_arg             00442c48     moc_fabian_client.obj
 0003:00000c49       _piecewise_construct       00442c49     moc_fabian_client.obj
 0003:00000c54       __Tuple_alloc              00442c54     moc_slink.obj
 0003:00000c55       _ignore                    00442c55     moc_slink.obj
 0003:00000c56       _allocator_arg             00442c56     moc_slink.obj
 0003:00000c57       _piecewise_construct       00442c57     moc_slink.obj
 0003:00000c58       __Tuple_alloc              00442c58     moc_userEditDialog.obj
 0003:00000c59       _ignore                    00442c59     moc_userEditDialog.obj
 0003:00000c5a       _allocator_arg             00442c5a     moc_userEditDialog.obj
 0003:00000c5b       _piecewise_construct       00442c5b     moc_userEditDialog.obj
 0003:00000c5c       __Tuple_alloc              00442c5c     moc_userEditPermissionsDialog.obj
 0003:00000c5d       _ignore                    00442c5d     moc_userEditPermissionsDialog.obj
 0003:00000c5e       _allocator_arg             00442c5e     moc_userEditPermissionsDialog.obj
 0003:00000c5f       _piecewise_construct       00442c5f     moc_userEditPermissionsDialog.obj
 0003:00000c60       __Tuple_alloc              00442c60     main.obj
 0003:00000c61       _ignore                    00442c61     main.obj
 0003:00000c62       _allocator_arg             00442c62     main.obj
 0003:00000c63       _piecewise_construct       00442c63     main.obj
 0003:00000c64       _allocator_arg             00442c64     singleReg.obj
 0003:00000c65       _piecewise_construct       00442c65     singleReg.obj
 0003:00000c66       __Tuple_alloc              00442c66     slink.obj
 0003:00000c67       _ignore                    00442c67     slink.obj
 0003:00000c68       _allocator_arg             00442c68     slink.obj
 0003:00000c69       _piecewise_construct       00442c69     slink.obj
 0003:00000c6a       __Nil_obj                  00442c6a     slink.obj
 0003:00000c6b       __Tuple_alloc              00442c6b     user.obj
 0003:00000c6c       _ignore                    00442c6c     user.obj
 0003:00000c6d       _allocator_arg             00442c6d     user.obj
 0003:00000c6e       _piecewise_construct       00442c6e     user.obj
 0003:00000c6f       __Tuple_alloc              00442c6f     userEditDialog.obj
 0003:00000c70       _ignore                    00442c70     userEditDialog.obj
 0003:00000c71       _allocator_arg             00442c71     userEditDialog.obj
 0003:00000c72       _piecewise_construct       00442c72     userEditDialog.obj
 0003:00000c73       __Tuple_alloc              00442c73     userEditPermissionsDialog.obj
 0003:00000c74       _ignore                    00442c74     userEditPermissionsDialog.obj
 0003:00000c75       _allocator_arg             00442c75     userEditPermissionsDialog.obj
 0003:00000c76       _piecewise_construct       00442c76     userEditPermissionsDialog.obj
 0003:00000c80       __Tuple_alloc              00442c80     users.obj
 0003:00000c81       _ignore                    00442c81     users.obj
 0003:00000c82       _allocator_arg             00442c82     users.obj
 0003:00000c83       _piecewise_construct       00442c83     users.obj
 0003:00000c84       __Tuple_alloc              00442c84     whiteBlackListEditDialog.obj
 0003:00000c85       _ignore                    00442c85     whiteBlackListEditDialog.obj
 0003:00000c86       _allocator_arg             00442c86     whiteBlackListEditDialog.obj
 0003:00000c87       _piecewise_construct       00442c87     whiteBlackListEditDialog.obj
 0003:00000c88       _?g_fTriedAndFailed@?1??HtmlHelpW@@9@16@4HA$S28322 00442c88     htmlhelp:init.obj
 0003:00000c8c       _?g_hmodHHCtrl@?1??HtmlHelpA@@9@16@4PAUHINSTANCE__@@A$S28294 00442c8c     htmlhelp:init.obj
 0003:00000c90       _?g_hmodHHCtrl@?1??HtmlHelpW@@9@16@4PAUHINSTANCE__@@A$S28320 00442c90     htmlhelp:init.obj
 0003:00000c94       _?g_fTriedAndFailed@?1??HtmlHelpA@@9@16@4HA$S28296 00442c94     htmlhelp:init.obj
 0003:00000ca0       _acCopyDataResult          00442ca0     bncswm32:BncsWM32.obj
 0003:00000ea4       _lCopyDataResult           00442ea4     bncswm32:BncsWM32.obj
 0003:00000ea8       ?lResult@?1??BNCS32SendMessage@@9@4JA 00442ea8     bncswm32:BncsWM32.obj
 0003:00000eac       ?acNumericData@?1??BNCS32SendMessage@@9@4PADA 00442eac     bncswm32:BncsWM32.obj
 0003:00000ebc       ?CDS@?1??BNCS32SendMessage@@9@4UtagCOPYDATASTRUCT@@A 00442ebc     bncswm32:BncsWM32.obj
 0003:00000ec8       ?uMsg@?1??BNCS32ReceiveMessage@@9@4IA 00442ec8     bncswm32:BncsWM32.obj
 0003:00000ecc       ?wParam@?1??BNCS32ReceiveMessage@@9@4IA 00442ecc     bncswm32:BncsWM32.obj
 0003:00000ed0       ?lParam@?1??BNCS32ReceiveMessage@@9@4JA 00442ed0     bncswm32:BncsWM32.obj
 0003:00000ed4       ?lResult@?1??BNCS32ReceiveMessage@@9@4JA 00442ed4     bncswm32:BncsWM32.obj
 0003:00000ed8       _has_cctor                 00442ed8     MSVCRT:crtexew.obj
 0003:00000edc       _mainret                   00442edc     MSVCRT:crtexew.obj
 0003:00000ee0       _managedapp                00442ee0     MSVCRT:crtexew.obj
 0003:00000ee4       _argc                      00442ee4     MSVCRT:crtexew.obj
 0003:00000ee8       _argv                      00442ee8     MSVCRT:crtexew.obj
 0003:00000eec       _envp                      00442eec     MSVCRT:crtexew.obj
 0003:00000ef0       _argret                    00442ef0     MSVCRT:crtexew.obj
 0003:00000ef4       _startinfo                 00442ef4     MSVCRT:crtexew.obj
 0003:00000ef8       _GS_ExceptionRecord        00442ef8     MSVCRT:gs_report.obj
 0003:00000f48       _GS_ContextRecord          00442f48     MSVCRT:gs_report.obj
 0003:00001214       _DebuggerWasPresent        00443214     MSVCRT:gs_report.obj
 0003:00001228       _allocator_arg             00443228     qtmain:qtmain_win.obj
 0003:00001229       _piecewise_construct       00443229     qtmain:qtmain_win.obj
 0004:000001c0       $R000000                   004441c0     slink.res
 0004:000005b8       $R0003F8                   004445b8     slink.res
 0004:00001660       $R0014A0                   00445660     slink.res
 0004:00003c08       $R003A48                   00447c08     slink.res
 0004:00008af0       $R008930                   0044caf0     slink.res
 0004:00008f58       $R008D98                   0044cf58     slink.res
 0004:00008f98       $R008DD8                   0044cf98     slink.res
