 slinkNetStatusAggregator

 Timestamp is 5e9dbc92 (Mon Apr 20 16:15:30 2020)

 Preferred load address is 00400000

 Start         Length     Name                   Class
 0001:00000000 00012ce9H .textbss                DATA
 0002:00000000 00003557H .text                   CODE
 0002:00003560 000019d4H .text$di                CODE
 0002:00004f40 00023846H .text$mn                CODE
 0002:00028790 00003c89H .text$x                 CODE
 0002:0002c420 00001378H .text$yd                CODE
 0003:00000000 00000104H .CRT$XCA                DATA
 0003:00000104 00000104H .CRT$XCAA               DATA
 0003:00000208 000001b1H .CRT$XCU                DATA
 0003:000003bc 00000104H .CRT$XCZ                DATA
 0003:000004c0 00000104H .CRT$XIA                DATA
 0003:000005c4 00000104H .CRT$XIAA               DATA
 0003:000006c8 00000104H .CRT$XIC                DATA
 0003:000007cc 00000104H .CRT$XIY                DATA
 0003:000008d0 00000104H .CRT$XIZ                DATA
 0003:000009e0 0000770bH .rdata                  DATA
 0003:000080ec 00000181H .rdata$debug            DATA
 0003:00008270 00000e11H .rdata$r                DATA
 0003:00009084 00000104H .rtc$IAA                DATA
 0003:00009188 00000109H .rtc$IMZ                DATA
 0003:00009294 00000104H .rtc$IZZ                DATA
 0003:00009398 00000104H .rtc$TAA                DATA
 0003:0000949c 00000109H .rtc$TMZ                DATA
 0003:000095a8 00000104H .rtc$TZZ                DATA
 0003:000096b0 00002d00H .xdata$x                DATA
 0003:0000c3b0 00000000H .edata                  DATA
 0004:00000000 000006afH .data                   DATA
 0004:000006b0 00000564H .data$r                 DATA
 0004:00000c18 00000760H .bss                    DATA
 0005:00000000 00000a4cH .idata$5                DATA
 0005:00000a4c 000000dcH .idata$2                DATA
 0005:00000b28 00000014H .idata$3                DATA
 0005:00000b3c 00000a4cH .idata$4                DATA
 0005:00001588 00004c1cH .idata$6                DATA
 0006:00000000 00000331H .rsrc$01                DATA
 0006:00000340 0000aa59H .rsrc$02                DATA

  Address         Publics by Value              Rva+Base       Lib:Object

 0000:00000000       ___guard_flags             00000000     <absolute>
 0000:00000000       ___guard_fids_table        00000000     <absolute>
 0000:00000000       ___guard_fids_count        00000000     <absolute>
 0000:00000000       ___safe_se_handler_table   00000000     <absolute>
 0000:00000000       ___safe_se_handler_count   00000000     <absolute>
 0000:00000000       __except_list              00000000     <absolute>
 0000:00009876       __ldused                   00009876     <absolute>
 0000:00009876       __fltused                  00009876     <absolute>
 0000:00000000       ___ImageBase               00400000     <linker-defined>
 0001:00000000       __enc$textbss$begin        00401000     <linker-defined>
 0001:00012ce9       __enc$textbss$end          00413ce9     <linker-defined>
 0002:00003363       _HtmlHelpA@16              00417363 f   htmlhelp:init.obj
 0002:00003498       _HtmlHelpW@16              00417498 f   htmlhelp:init.obj
 0002:00004f40       ??0ccCheck@@QAE@ABV?$basic_string@DU?$char_traits@D@std@@V?$allocator@D@2@@std@@@Z 00418f40 f   ccCheck.obj
 0002:00004fa0       ??1ccCheck@@UAE@XZ         00418fa0 f   ccCheck.obj
 0002:00004fc0       ?setHeader@ccCheck@@QAEXABV?$basic_string@DU?$char_traits@D@std@@V?$allocator@D@2@@std@@@Z 00418fc0 f   ccCheck.obj
 0002:00004fe0       ?checkDevice@ccCheck@@QAE_NI@Z 00418fe0 f   ccCheck.obj
 0002:000050a0       ?checkIndex@ccCheck@@QAE_NI@Z 004190a0 f   ccCheck.obj
 0002:00005160       ?checkSource@ccCheck@@QAE_NH@Z 00419160 f   ccCheck.obj
 0002:00005230       ?checkRange@ccCheck@@QAE_NII@Z 00419230 f   ccCheck.obj
 0002:000052c0       ?checkIndexRange@ccCheck@@QAE_NII@Z 004192c0 f   ccCheck.obj
 0002:00005390       ?checkDbIndexRange@ccCheck@@QAE_NII@Z 00419390 f   ccCheck.obj
 0002:00005420       ?checkDatabase@ccCheck@@QAE_NII@Z 00419420 f   ccCheck.obj
 0002:00005510       ?checkDatabase@ccCheck@@QAE_NI@Z 00419510 f   ccCheck.obj
 0002:00005610       ?checkV1Database@ccCheck@@QAE_NI@Z 00419610 f   ccCheck.obj
 0002:000056d0       ?checkString@ccCheck@@QAE_NABV?$basic_string@DU?$char_traits@D@std@@V?$allocator@D@2@@std@@@Z 004196d0 f   ccCheck.obj
 0002:00005770       ?checkString@ccCheck@@QAE_NABV?$basic_string@DU?$char_traits@D@std@@V?$allocator@D@2@@std@@I@Z 00419770 f   ccCheck.obj
 0002:00005810       ?checkWorkstation@ccCheck@@QAE_NI@Z 00419810 f   ccCheck.obj
 0002:00005910       ?log@ccCheck@@QAEXABV?$basic_string@DU?$char_traits@D@std@@V?$allocator@D@2@@std@@@Z 00419910 f   ccCheck.obj
 0002:000059f0       ?setMaxIndex@ccCheck@@QAEXI@Z 004199f0 f   ccCheck.obj
 0002:00005a10       ?setMaxSource@ccCheck@@QAEXH@Z 00419a10 f   ccCheck.obj
 0002:00005a30       ?setMaxDatabase@ccCheck@@QAEXI@Z 00419a30 f   ccCheck.obj
 0002:00005a50       ?setMaxDevice@ccCheck@@QAEXI@Z 00419a50 f   ccCheck.obj
 0002:00005a70       ?setMaxString@ccCheck@@QAEXI@Z 00419a70 f   ccCheck.obj
 0002:00005d70       ??$?8DD@std@@YA_NABV?$allocator@D@0@0@Z 00419d70 f i ccCheck.obj
 0002:00005d80       ??$?8V?$allocator@D@std@@V01@@std@@YA_NABU?$_Wrap_alloc@V?$allocator@D@std@@@0@0@Z 00419d80 f i ccCheck.obj
 0002:00005dc0       ??$?9V?$allocator@D@std@@V01@@std@@YA_NABU?$_Wrap_alloc@V?$allocator@D@std@@@0@0@Z 00419dc0 f i ccCheck.obj
 0002:00005e00       ??$?HDU?$char_traits@D@std@@V?$allocator@D@1@@std@@YA?AV?$basic_string@DU?$char_traits@D@std@@V?$allocator@D@2@@0@$$QAV10@ABV10@@Z 00419e00 f i ccCheck.obj
 0002:00005e50       ??$?HDU?$char_traits@D@std@@V?$allocator@D@1@@std@@YA?AV?$basic_string@DU?$char_traits@D@std@@V?$allocator@D@2@@0@$$QAV10@PBD@Z 00419e50 f i ccCheck.obj
 0002:00005ea0       ??$?HDU?$char_traits@D@std@@V?$allocator@D@1@@std@@YA?AV?$basic_string@DU?$char_traits@D@std@@V?$allocator@D@2@@0@ABV10@PBD@Z 00419ea0 f i ccCheck.obj
 0002:00005f90       ??$?HDU?$char_traits@D@std@@V?$allocator@D@1@@std@@YA?AV?$basic_string@DU?$char_traits@D@std@@V?$allocator@D@2@@0@PBDABV10@@Z 00419f90 f i ccCheck.obj
 0002:00006080       ??$_Allocate@D@std@@YAPADIPAD@Z 0041a080 f i ccCheck.obj
 0002:000060d0       ??$_Allocate@U_Container_proxy@std@@@std@@YAPAU_Container_proxy@0@IPAU10@@Z 0041a0d0 f i ccCheck.obj
 0002:00006130       ??$_Debug_pointer@D@std@@YAXPBDPB_WI@Z 0041a130 f i ccCheck.obj
 0002:00006160       ??$addressof@D@std@@YAPADAAD@Z 0041a160 f i ccCheck.obj
 0002:00006170       ??$construct@PADAAPAD@?$_Wrap_alloc@V?$allocator@D@std@@@std@@QAEXPAPADAAPAD@Z 0041a170 f i ccCheck.obj
 0002:000061b0       ??$construct@PADAAPAD@?$allocator@D@std@@QAEXPAPADAAPAD@Z 0041a1b0 f i ccCheck.obj
 0002:00006260       ??$construct@PADAAPAD@?$allocator_traits@V?$allocator@D@std@@@std@@SAXAAV?$allocator@D@1@PAPADAAPAD@Z 0041a260 f i ccCheck.obj
 0002:00006290       ??$construct@U_Container_proxy@std@@U12@@?$allocator@U_Container_proxy@std@@@std@@QAEXPAU_Container_proxy@1@$$QAU21@@Z 0041a290 f i ccCheck.obj
 0002:00006340       ??$destroy@PAD@?$_Wrap_alloc@V?$allocator@D@std@@@std@@QAEXPAPAD@Z 0041a340 f i ccCheck.obj
 0002:00006370       ??$destroy@PAD@?$allocator@D@std@@QAEXPAPAD@Z 0041a370 f i ccCheck.obj
 0002:00006380       ??$destroy@PAD@?$allocator_traits@V?$allocator@D@std@@@std@@SAXAAV?$allocator@D@1@PAPAD@Z 0041a380 f i ccCheck.obj
 0002:000063a0       ??$destroy@U_Container_proxy@std@@@?$allocator@U_Container_proxy@std@@@std@@QAEXPAU_Container_proxy@1@@Z 0041a3a0 f i ccCheck.obj
 0002:000063b0       ??$forward@AAPAD@std@@YAAAPADAAPAD@Z 0041a3b0 f i ccCheck.obj
 0002:000063c0       ??$forward@U_Container_proxy@std@@@std@@YA$$QAU_Container_proxy@0@AAU10@@Z 0041a3c0 f i ccCheck.obj
 0002:000063d0       ??$forward@V?$basic_string@DU?$char_traits@D@std@@V?$allocator@D@2@@std@@@std@@YA$$QAV?$basic_string@DU?$char_traits@D@std@@V?$allocator@D@2@@0@AAV10@@Z 0041a3d0 f i ccCheck.obj
 0002:000063e0       ??$move@AAV?$basic_string@DU?$char_traits@D@std@@V?$allocator@D@2@@std@@@std@@YA$$QAV?$basic_string@DU?$char_traits@D@std@@V?$allocator@D@2@@0@AAV10@@Z 0041a3e0 f i ccCheck.obj
 0002:000063f0       ??0?$_String_alloc@$0A@U?$_String_base_types@DV?$allocator@D@std@@@std@@@std@@QAE@ABV?$allocator@D@1@@Z 0041a3f0 f i ccCheck.obj
 0002:00006460       ??0?$_String_val@U?$_Simple_types@D@std@@@std@@QAE@XZ 0041a460 f i ccCheck.obj
 0002:000064a0       ??0?$_Wrap_alloc@V?$allocator@D@std@@@std@@QAE@ABV?$allocator@D@1@@Z 0041a4a0 f i ccCheck.obj
 0002:000064d0       ??0?$_Wrap_alloc@V?$allocator@D@std@@@std@@QAE@XZ 0041a4d0 f i ccCheck.obj
 0002:000064f0       ??0?$allocator@D@std@@QAE@ABV01@@Z 0041a4f0 f i ccCheck.obj
 0002:00006510       ??0?$allocator@D@std@@QAE@XZ 0041a510 f i ccCheck.obj
 0002:00006530       ??0?$allocator@U_Container_proxy@std@@@std@@QAE@XZ 0041a530 f i ccCheck.obj
 0002:00006550       ??0?$basic_string@DU?$char_traits@D@std@@V?$allocator@D@2@@std@@QAE@$$QAV01@@Z 0041a550 f i ccCheck.obj
 0002:000065b0       ??0?$basic_string@DU?$char_traits@D@std@@V?$allocator@D@2@@std@@QAE@ABV01@@Z 0041a5b0 f i ccCheck.obj
 0002:00006660       ??0?$basic_string@DU?$char_traits@D@std@@V?$allocator@D@2@@std@@QAE@PBD@Z 0041a660 f i ccCheck.obj
 0002:000066f0       ??0?$basic_string@DU?$char_traits@D@std@@V?$allocator@D@2@@std@@QAE@XZ 0041a6f0 f i ccCheck.obj
 0002:00006770       ??0_Container_proxy@std@@QAE@XZ 0041a770 f i ccCheck.obj
 0002:000067a0       ??0_Generic_error_category@std@@QAE@XZ 0041a7a0 f i ccCheck.obj
 0002:000067d0       ??0_Iostream_error_category@std@@QAE@XZ 0041a7d0 f i ccCheck.obj
 0002:00006800       ??0_System_error_category@std@@QAE@XZ 0041a800 f i ccCheck.obj
 0002:00006830       ??0error_category@std@@QAE@XZ 0041a830 f i ccCheck.obj
 0002:00006850       ??0error_condition@std@@QAE@HABVerror_category@1@@Z 0041a850 f i ccCheck.obj
 0002:00006880       ??1?$_String_alloc@$0A@U?$_String_base_types@DV?$allocator@D@std@@@std@@@std@@QAE@XZ 0041a880 f i ccCheck.obj
 0002:000068b0       ??1?$_String_val@U?$_Simple_types@D@std@@@std@@QAE@XZ 0041a8b0 f i ccCheck.obj
 0002:000068d0       ??1?$basic_string@DU?$char_traits@D@std@@V?$allocator@D@2@@std@@QAE@XZ 0041a8d0 f i ccCheck.obj
 0002:00006900       ??1_Generic_error_category@std@@UAE@XZ 0041a900 f i ccCheck.obj
 0002:00006920       ??1_Iostream_error_category@std@@UAE@XZ 0041a920 f i ccCheck.obj
 0002:00006940       ??1_System_error_category@std@@UAE@XZ 0041a940 f i ccCheck.obj
 0002:00006960       ??1error_category@std@@UAE@XZ 0041a960 f i ccCheck.obj
 0002:00006980       ??2@YAPAXIPAX@Z            0041a980 f i ccCheck.obj
 0002:00006990       ??3@YAXPAX0@Z              0041a990 f i ccCheck.obj
 0002:000069a0       ??4?$basic_string@DU?$char_traits@D@std@@V?$allocator@D@2@@std@@QAEAAV01@ABV01@@Z 0041a9a0 f i ccCheck.obj
 0002:00006a40       ??8error_category@std@@QBE_NABV01@@Z 0041aa40 f i ccCheck.obj
 0002:00006a80       ??8error_condition@std@@QBE_NABV01@@Z 0041aa80 f i ccCheck.obj
 0002:00006af0       ??Y?$basic_string@DU?$char_traits@D@std@@V?$allocator@D@2@@std@@QAEAAV01@ABV01@@Z 0041aaf0 f i ccCheck.obj
 0002:00006b10       ??Y?$basic_string@DU?$char_traits@D@std@@V?$allocator@D@2@@std@@QAEAAV01@PBD@Z 0041ab10 f i ccCheck.obj
 0002:00006b30       ??_G_Generic_error_category@std@@UAEPAXI@Z 0041ab30 f i ccCheck.obj
 0002:00006b30       ??_E_Generic_error_category@std@@UAEPAXI@Z 0041ab30 f i ccCheck.obj
 0002:00006b70       ??_E_Iostream_error_category@std@@UAEPAXI@Z 0041ab70 f i ccCheck.obj
 0002:00006b70       ??_G_Iostream_error_category@std@@UAEPAXI@Z 0041ab70 f i ccCheck.obj
 0002:00006bb0       ??_E_System_error_category@std@@UAEPAXI@Z 0041abb0 f i ccCheck.obj
 0002:00006bb0       ??_G_System_error_category@std@@UAEPAXI@Z 0041abb0 f i ccCheck.obj
 0002:00006bf0       ??_EccCheck@@UAEPAXI@Z     0041abf0 f i ccCheck.obj
 0002:00006bf0       ??_GccCheck@@UAEPAXI@Z     0041abf0 f i ccCheck.obj
 0002:00006c30       ??_Eerror_category@std@@UAEPAXI@Z 0041ac30 f i ccCheck.obj
 0002:00006c30       ??_Gerror_category@std@@UAEPAXI@Z 0041ac30 f i ccCheck.obj
 0002:00006c70       ?_Alloc_proxy@?$_String_alloc@$0A@U?$_String_base_types@DV?$allocator@D@std@@@std@@@std@@QAEXXZ 0041ac70 f i ccCheck.obj
 0002:00006cd0       ?_Assign_rv@?$basic_string@DU?$char_traits@D@std@@V?$allocator@D@2@@std@@QAEX$$QAV12@@Z 0041acd0 f i ccCheck.obj
 0002:00006d80       ?_Change_alloc@?$_String_alloc@$0A@U?$_String_base_types@DV?$allocator@D@std@@@std@@@std@@QAEXABU?$_Wrap_alloc@V?$allocator@D@std@@@2@@Z 0041ad80 f i ccCheck.obj
 0002:00006d90       ?_Copy@?$basic_string@DU?$char_traits@D@std@@V?$allocator@D@2@@std@@QAEXII@Z 0041ad90 f i ccCheck.obj
 0002:00006fc0       ?_Eos@?$basic_string@DU?$char_traits@D@std@@V?$allocator@D@2@@std@@QAEXI@Z 0041afc0 f i ccCheck.obj
 0002:00007010       ?_Free_proxy@?$_String_alloc@$0A@U?$_String_base_types@DV?$allocator@D@std@@@std@@@std@@QAEXXZ 0041b010 f i ccCheck.obj
 0002:00007070       ?_Getal@?$_String_alloc@$0A@U?$_String_base_types@DV?$allocator@D@std@@@std@@@std@@QBE?AU?$_Wrap_alloc@V?$allocator@D@std@@@2@XZ 0041b070 f i ccCheck.obj
 0002:00007090       ?_Grow@?$basic_string@DU?$char_traits@D@std@@V?$allocator@D@2@@std@@QAE_NI_N@Z 0041b090 f i ccCheck.obj
 0002:00007160       ?_Inside@?$basic_string@DU?$char_traits@D@std@@V?$allocator@D@2@@std@@QAE_NPBD@Z 0041b160 f i ccCheck.obj
 0002:000071b0       ?_Myptr@?$_String_val@U?$_Simple_types@D@std@@@std@@QAEPADXZ 0041b1b0 f i ccCheck.obj
 0002:00007200       ?_Myptr@?$_String_val@U?$_Simple_types@D@std@@@std@@QBEPBDXZ 0041b200 f i ccCheck.obj
 0002:00007250       ?_Tidy@?$basic_string@DU?$char_traits@D@std@@V?$allocator@D@2@@std@@QAEX_NI@Z 0041b250 f i ccCheck.obj
 0002:00007320       ?_Xlen@?$basic_string@DU?$char_traits@D@std@@V?$allocator@D@2@@std@@QBEXXZ 0041b320 f i ccCheck.obj
 0002:00007340       ?_Xran@?$basic_string@DU?$char_traits@D@std@@V?$allocator@D@2@@std@@QBEXXZ 0041b340 f i ccCheck.obj
 0002:00007360       ?allocate@?$_Wrap_alloc@V?$allocator@D@std@@@std@@QAEPADI@Z 0041b360 f i ccCheck.obj
 0002:00007380       ?allocate@?$allocator@D@std@@QAEPADI@Z 0041b380 f i ccCheck.obj
 0002:000073b0       ?allocate@?$allocator@U_Container_proxy@std@@@std@@QAEPAU_Container_proxy@2@I@Z 0041b3b0 f i ccCheck.obj
 0002:000073e0       ?append@?$basic_string@DU?$char_traits@D@std@@V?$allocator@D@2@@std@@QAEAAV12@ABV12@@Z 0041b3e0 f i ccCheck.obj
 0002:00007410       ?append@?$basic_string@DU?$char_traits@D@std@@V?$allocator@D@2@@std@@QAEAAV12@ABV12@II@Z 0041b410 f i ccCheck.obj
 0002:00007500       ?append@?$basic_string@DU?$char_traits@D@std@@V?$allocator@D@2@@std@@QAEAAV12@PBD@Z 0041b500 f i ccCheck.obj
 0002:00007550       ?append@?$basic_string@DU?$char_traits@D@std@@V?$allocator@D@2@@std@@QAEAAV12@PBDI@Z 0041b550 f i ccCheck.obj
 0002:00007650       ?assign@?$basic_string@DU?$char_traits@D@std@@V?$allocator@D@2@@std@@QAEAAV12@ABV12@@Z 0041b650 f i ccCheck.obj
 0002:00007680       ?assign@?$basic_string@DU?$char_traits@D@std@@V?$allocator@D@2@@std@@QAEAAV12@ABV12@II@Z 0041b680 f i ccCheck.obj
 0002:00007760       ?assign@?$basic_string@DU?$char_traits@D@std@@V?$allocator@D@2@@std@@QAEAAV12@PBD@Z 0041b760 f i ccCheck.obj
 0002:000077b0       ?assign@?$basic_string@DU?$char_traits@D@std@@V?$allocator@D@2@@std@@QAEAAV12@PBDI@Z 0041b7b0 f i ccCheck.obj
 0002:00007870       ?assign@?$char_traits@D@std@@SAXAADABD@Z 0041b870 f i ccCheck.obj
 0002:00007890       ?c_str@?$basic_string@DU?$char_traits@D@std@@V?$allocator@D@2@@std@@QBEPBDXZ 0041b890 f i ccCheck.obj
 0002:000078b0       ?category@error_code@std@@QBEABVerror_category@2@XZ 0041b8b0 f i ccCheck.obj
 0002:000078d0       ?category@error_condition@std@@QBEABVerror_category@2@XZ 0041b8d0 f i ccCheck.obj
 0002:000078f0       ?copy@?$char_traits@D@std@@SAPADPADPBDI@Z 0041b8f0 f i ccCheck.obj
 0002:00007930       ?deallocate@?$_Wrap_alloc@V?$allocator@D@std@@@std@@QAEXPADI@Z 0041b930 f i ccCheck.obj
 0002:00007960       ?deallocate@?$allocator@D@std@@QAEXPADI@Z 0041b960 f i ccCheck.obj
 0002:00007980       ?deallocate@?$allocator@U_Container_proxy@std@@@std@@QAEXPAU_Container_proxy@2@I@Z 0041b980 f i ccCheck.obj
 0002:000079a0       ?default_error_condition@_System_error_category@std@@UBE?AVerror_condition@2@H@Z 0041b9a0 f i ccCheck.obj
 0002:00007a00       ?default_error_condition@error_category@std@@UBE?AVerror_condition@2@H@Z 0041ba00 f i ccCheck.obj
 0002:00007a30       ?equivalent@error_category@std@@UBE_NABVerror_code@2@H@Z 0041ba30 f i ccCheck.obj
 0002:00007a90       ?equivalent@error_category@std@@UBE_NHABVerror_condition@2@@Z 0041ba90 f i ccCheck.obj
 0002:00007ad0       ?erase@?$basic_string@DU?$char_traits@D@std@@V?$allocator@D@2@@std@@QAEAAV12@I@Z 0041bad0 f i ccCheck.obj
 0002:00007b10       ?erase@?$basic_string@DU?$char_traits@D@std@@V?$allocator@D@2@@std@@QAEAAV12@II@Z 0041bb10 f i ccCheck.obj
 0002:00007bc0       ?generic_category@std@@YAABVerror_category@1@XZ 0041bbc0 f i ccCheck.obj
 0002:00007bd0       ?length@?$basic_string@DU?$char_traits@D@std@@V?$allocator@D@2@@std@@QBEIXZ 0041bbd0 f i ccCheck.obj
 0002:00007bf0       ?length@?$char_traits@D@std@@SAIPBD@Z 0041bbf0 f i ccCheck.obj
 0002:00007c30       ?max_size@?$_Wrap_alloc@V?$allocator@D@std@@@std@@QBEIXZ 0041bc30 f i ccCheck.obj
 0002:00007c50       ?max_size@?$allocator@D@std@@QBEIXZ 0041bc50 f i ccCheck.obj
 0002:00007c70       ?max_size@?$allocator_traits@V?$allocator@D@std@@@std@@SAIABV?$allocator@D@2@@Z 0041bc70 f i ccCheck.obj
 0002:00007c80       ?max_size@?$basic_string@DU?$char_traits@D@std@@V?$allocator@D@2@@std@@QBEIXZ 0041bc80 f i ccCheck.obj
 0002:00007cd0       ?message@_Generic_error_category@std@@UBE?AV?$basic_string@DU?$char_traits@D@std@@V?$allocator@D@2@@2@H@Z 0041bcd0 f i ccCheck.obj
 0002:00007d40       ?message@_Iostream_error_category@std@@UBE?AV?$basic_string@DU?$char_traits@D@std@@V?$allocator@D@2@@2@H@Z 0041bd40 f i ccCheck.obj
 0002:00007db0       ?message@_System_error_category@std@@UBE?AV?$basic_string@DU?$char_traits@D@std@@V?$allocator@D@2@@2@H@Z 0041bdb0 f i ccCheck.obj
 0002:00007e20       ?move@?$char_traits@D@std@@SAPADPADPBDI@Z 0041be20 f i ccCheck.obj
 0002:00007e60       ?name@_Generic_error_category@std@@UBEPBDXZ 0041be60 f i ccCheck.obj
 0002:00007e80       ?name@_Iostream_error_category@std@@UBEPBDXZ 0041be80 f i ccCheck.obj
 0002:00007ea0       ?name@_System_error_category@std@@UBEPBDXZ 0041bea0 f i ccCheck.obj
 0002:00007ec0       ?reserve@?$basic_string@DU?$char_traits@D@std@@V?$allocator@D@2@@std@@QAEXI@Z 0041bec0 f i ccCheck.obj
 0002:00007f30       ?select_on_container_copy_construction@?$_Wrap_alloc@V?$allocator@D@std@@@std@@QBE?AU12@XZ 0041bf30 f i ccCheck.obj
 0002:00007f70       ?select_on_container_copy_construction@?$allocator@D@std@@QBE?AV12@XZ 0041bf70 f i ccCheck.obj
 0002:00007fa0       ?select_on_container_copy_construction@?$allocator_traits@V?$allocator@D@std@@@std@@SA?AV?$allocator@D@2@ABV32@@Z 0041bfa0 f i ccCheck.obj
 0002:00007fc0       ?size@?$basic_string@DU?$char_traits@D@std@@V?$allocator@D@2@@std@@QBEIXZ 0041bfc0 f i ccCheck.obj
 0002:00007fe0       ?system_category@std@@YAABVerror_category@1@XZ 0041bfe0 f i ccCheck.obj
 0002:00007ff0       ?value@error_code@std@@QBEHXZ 0041bff0 f i ccCheck.obj
 0002:00008010       ?value@error_condition@std@@QBEHXZ 0041c010 f i ccCheck.obj
 0002:00008030       _hypot                     0041c030 f i ccCheck.obj
 0002:00008070       ??0ccClient@@QAE@PAVIccClientCallback@@ABV?$basic_string@DU?$char_traits@D@std@@V?$allocator@D@2@@std@@@Z 0041c070 f   ccClient.obj
 0002:00008270       ??1ccClient@@UAE@XZ        0041c270 f   ccClient.obj
 0002:00008350       ?version@ccClient@@QAEJXZ  0041c350 f   ccClient.obj
 0002:00008360       ?routerCrosspoint@ccClient@@QAEXHHHABV?$basic_string@DU?$char_traits@D@std@@V?$allocator@D@2@@std@@_NH@Z 0041c360 f   ccClient.obj
 0002:000084b0       ?routerPoll@ccClient@@QAEXHHH_N@Z 0041c4b0 f   ccClient.obj
 0002:000084e0       ?routerQuery@ccClient@@QAEXHHH_N@Z 0041c4e0 f   ccClient.obj
 0002:00008510       ?routerLock@ccClient@@QAEXHHH_N0H@Z 0041c510 f   ccClient.obj
 0002:00008550       ?routerFile@ccClient@@QAEXH@Z 0041c550 f   ccClient.obj
 0002:00008580       ?infoWrite@ccClient@@QAEXHHABV?$basic_string@DU?$char_traits@D@std@@V?$allocator@D@2@@std@@_NH@Z 0041c580 f   ccClient.obj
 0002:000086d0       ?infoPoll@ccClient@@QAEXHHH_N@Z 0041c6d0 f   ccClient.obj
 0002:00008700       ?infoQuery@ccClient@@QAEXHHH_N@Z 0041c700 f   ccClient.obj
 0002:00008730       ?infoLock@ccClient@@QAEXHHH_N0H@Z 0041c730 f   ccClient.obj
 0002:00008770       ?gpiSwitch@ccClient@@QAEXHH_N0H@Z 0041c770 f   ccClient.obj
 0002:000088e0       ?gpiFile@ccClient@@QAEXH@Z 0041c8e0 f   ccClient.obj
 0002:00008910       ?gpiLock@ccClient@@QAEXHHH_N0H@Z 0041c910 f   ccClient.obj
 0002:00008950       ?gpiPoll@ccClient@@QAEXHHH_N@Z 0041c950 f   ccClient.obj
 0002:00008980       ?gpiQuery@ccClient@@QAEXHHH_N@Z 0041c980 f   ccClient.obj
 0002:000089b0       ?deviceMessage@ccClient@@QAEXHHABV?$basic_string@DU?$char_traits@D@std@@V?$allocator@D@2@@std@@H@Z 0041c9b0 f   ccClient.obj
 0002:00008ab0       ?deviceProfile@ccClient@@QAEXHAAH00AAV?$basic_string@DU?$char_traits@D@std@@V?$allocator@D@2@@std@@@Z 0041cab0 f   ccClient.obj
 0002:00008c60       ?databaseName@ccClient@@QAE_NHHHAAV?$basic_string@DU?$char_traits@D@std@@V?$allocator@D@2@@std@@@Z 0041cc60 f   ccClient.obj
 0002:00008d60       ?databaseIndex@ccClient@@QAEHHHABV?$basic_string@DU?$char_traits@D@std@@V?$allocator@D@2@@std@@@Z 0041cd60 f   ccClient.obj
 0002:00008ef0       ?databaseModify@ccClient@@QAE_NHHHABV?$basic_string@DU?$char_traits@D@std@@V?$allocator@D@2@@std@@_N1H@Z 0041cef0 f   ccClient.obj
 0002:000090b0       ?revertiveRegister@ccClient@@QAEXHHH_NH@Z 0041d0b0 f   ccClient.obj
 0002:00009140       ?revertiveDeregister@ccClient@@QAEXHHH@Z 0041d140 f   ccClient.obj
 0002:000091e0       ?revertiveDeregisterAll@ccClient@@QAEXXZ 0041d1e0 f   ccClient.obj
 0002:00009210       ?cacheValue@ccClient@@QAE_NHHAAV?$basic_string@DU?$char_traits@D@std@@V?$allocator@D@2@@std@@PAH@Z 0041d210 f   ccClient.obj
 0002:00009320       ?cacheIndex@ccClient@@QAEHHHHABV?$basic_string@DU?$char_traits@D@std@@V?$allocator@D@2@@std@@@Z 0041d320 f   ccClient.obj
 0002:00009420       ?cacheEnable@ccClient@@QAEX_N@Z 0041d420 f   ccClient.obj
 0002:00009450       ?cacheTest@ccClient@@QAE_NHHH@Z 0041d450 f   ccClient.obj
 0002:000094f0       ?cacheFlush@ccClient@@QAEXH@Z 0041d4f0 f   ccClient.obj
 0002:00009530       ?isCacheEnabled@ccClient@@QAE_NXZ 0041d530 f   ccClient.obj
 0002:00009570       ?connect@ccClient@@QAE_NW4ipcType@cc@@J@Z 0041d570 f   ccClient.obj
 0002:00009900       ?isConnected@ccClient@@QAE_NXZ 0041d900 f   ccClient.obj
 0002:00009930       ?disconnect@ccClient@@QAE_NXZ 0041d930 f   ccClient.obj
 0002:000099c0       ?writeEnable@ccClient@@QAEX_N@Z 0041d9c0 f   ccClient.obj
 0002:000099e0       ?isWriteEnabled@ccClient@@QAE_NXZ 0041d9e0 f   ccClient.obj
 0002:00009a00       ?setCloseHostOnExit@ccClient@@QAEX_N@Z 0041da00 f   ccClient.obj
 0002:00009a20       ?counters@ccClient@@QAE_NAAI0@Z 0041da20 f   ccClient.obj
 0002:00009a90       ?resetCounters@ccClient@@QAEXXZ 0041da90 f   ccClient.obj
 0002:00009ad0       ?setCallback@ccClient@@QAEXPAVIccClientCallback@@@Z 0041dad0 f   ccClient.obj
 0002:00009af0       ?getClientRegistrationExtent@ccClient@@QAE_NHAAH0@Z 0041daf0 f   ccClient.obj
 0002:00009b60       ?sendBufferedCommands@ccClient@@QAEXXZ 0041db60 f   ccClient.obj
 0002:00009b90       ?registerForNetMessage@ccClient@@QAEXXZ 0041db90 f   ccClient.obj
 0002:00009bc0       ?deregisterForNetMessage@ccClient@@QAEXXZ 0041dbc0 f   ccClient.obj
 0002:00009bf0       ?registerForConfigChangeMessage@ccClient@@QAEXXZ 0041dbf0 f   ccClient.obj
 0002:00009c20       ?deregisterForConfigChangeMessage@ccClient@@QAEXXZ 0041dc20 f   ccClient.obj
 0002:00009c50       ?sendConfigChangeMessage@ccClient@@QAEXABV?$basic_string@DU?$char_traits@D@std@@V?$allocator@D@2@@std@@@Z 0041dc50 f   ccClient.obj
 0002:00009c90       ?flushDatabaseCache@ccClient@@QAEXH@Z 0041dc90 f   ccClient.obj
 0002:00009cc0       ?maxDevices@ccClient@@QAEIXZ 0041dcc0 f   ccClient.obj
 0002:00009d00       ?maxIndexes@ccClient@@QAEIXZ 0041dd00 f   ccClient.obj
 0002:00009d40       ?maxSources@ccClient@@QAEIXZ 0041dd40 f   ccClient.obj
 0002:00009d80       ?maxDatabases@ccClient@@QAEIXZ 0041dd80 f   ccClient.obj
 0002:00009dc0       ?maxString@ccClient@@QAEIXZ 0041ddc0 f   ccClient.obj
 0002:00009e00       ?workstation@ccClient@@QAEHXZ 0041de00 f   ccClient.obj
 0002:00009e20       ?WndProc@ccClient@@CGJPAUHWND__@@IIJ@Z 0041de20 f   ccClient.obj
 0002:0000ae40       ?BNCSSendMessage@ccClient@@AAEJIIJHHH@Z 0041ee40 f   ccClient.obj
 0002:0000aed0       ?deviceQuery@ccClient@@AAEXDHHH_N@Z 0041eed0 f   ccClient.obj
 0002:0000b090       ?devicePoll@ccClient@@AAEXDHHH_N@Z 0041f090 f   ccClient.obj
 0002:0000b250       ?deviceLock@ccClient@@AAEXDHHH_N0H@Z 0041f250 f   ccClient.obj
 0002:0000b460       ?deviceFile@ccClient@@AAEXDH@Z 0041f460 f   ccClient.obj
 0002:0000c300       ??$?0U?$_Wrap_alloc@V?$allocator@V?$basic_string@DU?$char_traits@D@std@@V?$allocator@D@2@@std@@@std@@@std@@@?$_Wrap_alloc@V?$allocator@PAV?$basic_string@DU?$char_traits@D@std@@V?$allocator@D@2@@std@@@std@@@std@@QAE@ABU?$_Wrap_alloc@V?$allocator@V?$basic_string@DU?$char_traits@D@std@@V?$allocator@D@2@@std@@@std@@@1@@Z 00420300 f i ccClient.obj
 0002:0000c330       ??$?0V?$basic_string@DU?$char_traits@D@std@@V?$allocator@D@2@@std@@@?$allocator@PAV?$basic_string@DU?$char_traits@D@std@@V?$allocator@D@2@@std@@@std@@QAE@ABV?$allocator@V?$basic_string@DU?$char_traits@D@std@@V?$allocator@D@2@@std@@@1@@Z 00420330 f i ccClient.obj
 0002:0000c350       ??$_Allocate@PAV?$basic_string@DU?$char_traits@D@std@@V?$allocator@D@2@@std@@@std@@YAPAPAV?$basic_string@DU?$char_traits@D@std@@V?$allocator@D@2@@0@IPAPAV10@@Z 00420350 f i ccClient.obj
 0002:0000c3b0       ??$_Allocate@V?$basic_string@DU?$char_traits@D@std@@V?$allocator@D@2@@std@@@std@@YAPAV?$basic_string@DU?$char_traits@D@std@@V?$allocator@D@2@@0@IPAV10@@Z 004203b0 f i ccClient.obj
 0002:0000c400       ??$_Debug_pointer@PAV?$basic_string@DU?$char_traits@D@std@@V?$allocator@D@2@@std@@@std@@YAXPAPAV?$basic_string@DU?$char_traits@D@std@@V?$allocator@D@2@@0@PB_WI@Z 00420400 f i ccClient.obj
 0002:0000c430       ??$_Debug_range2@PAPAV?$basic_string@DU?$char_traits@D@std@@V?$allocator@D@2@@std@@@std@@YAXPAPAV?$basic_string@DU?$char_traits@D@std@@V?$allocator@D@2@@0@0PB_WIUrandom_access_iterator_tag@0@@Z 00420430 f i ccClient.obj
 0002:0000c4a0       ??$_Debug_range@PAPAV?$basic_string@DU?$char_traits@D@std@@V?$allocator@D@2@@std@@@std@@YAXPAPAV?$basic_string@DU?$char_traits@D@std@@V?$allocator@D@2@@0@0PB_WI@Z 004204a0 f i ccClient.obj
 0002:0000c4f0       ??$_Destroy_range@U?$_Wrap_alloc@V?$allocator@PAV?$basic_string@DU?$char_traits@D@std@@V?$allocator@D@2@@std@@@std@@@std@@@std@@YAXPAPAV?$basic_string@DU?$char_traits@D@std@@V?$allocator@D@2@@0@0AAU?$_Wrap_alloc@V?$allocator@PAV?$basic_string@DU?$char_traits@D@std@@V?$allocator@D@2@@std@@@std@@@0@@Z 004204f0 f i ccClient.obj
 0002:0000c540       ??$_Destroy_range@U?$_Wrap_alloc@V?$allocator@PAV?$basic_string@DU?$char_traits@D@std@@V?$allocator@D@2@@std@@@std@@@std@@@std@@YAXPAPAV?$basic_string@DU?$char_traits@D@std@@V?$allocator@D@2@@0@0AAU?$_Wrap_alloc@V?$allocator@PAV?$basic_string@DU?$char_traits@D@std@@V?$allocator@D@2@@std@@@std@@@0@U_Scalar_ptr_iterator_tag@0@@Z 00420540 f i ccClient.obj
 0002:0000c550       ??$_Fill_n@PAPAV?$basic_string@DU?$char_traits@D@std@@V?$allocator@D@2@@std@@IPAV12@@std@@YAPAPAV?$basic_string@DU?$char_traits@D@std@@V?$allocator@D@2@@0@PAPAV10@IABQAV10@@Z 00420550 f i ccClient.obj
 0002:0000c590       ??$_Iter_cat@PAPAV?$basic_string@DU?$char_traits@D@std@@V?$allocator@D@2@@std@@@std@@YA?AUrandom_access_iterator_tag@0@ABQAPAV?$basic_string@DU?$char_traits@D@std@@V?$allocator@D@2@@0@@Z 00420590 f i ccClient.obj
 0002:0000c5b0       ??$_Ptr_cat@PAV?$basic_string@DU?$char_traits@D@std@@V?$allocator@D@2@@std@@PAV12@@std@@YA?AU_Scalar_ptr_iterator_tag@0@PAPAV?$basic_string@DU?$char_traits@D@std@@V?$allocator@D@2@@0@0@Z 004205b0 f i ccClient.obj
 0002:0000c5c0       ??$_Rechecked@PAPAV?$basic_string@DU?$char_traits@D@std@@V?$allocator@D@2@@std@@PAPAV12@@std@@YAAAPAPAV?$basic_string@DU?$char_traits@D@std@@V?$allocator@D@2@@0@AAPAPAV10@PAPAV10@@Z 004205c0 f i ccClient.obj
 0002:0000c5e0       ??$_Unchecked@PAPAV?$basic_string@DU?$char_traits@D@std@@V?$allocator@D@2@@std@@@std@@YAPAPAV?$basic_string@DU?$char_traits@D@std@@V?$allocator@D@2@@0@PAPAV10@@Z 004205e0 f i ccClient.obj
 0002:0000c5f0       ??$_Uninit_copy@PAPAV?$basic_string@DU?$char_traits@D@std@@V?$allocator@D@2@@std@@PAPAV12@U?$_Wrap_alloc@V?$allocator@PAV?$basic_string@DU?$char_traits@D@std@@V?$allocator@D@2@@std@@@std@@@2@@std@@YAPAPAV?$basic_string@DU?$char_traits@D@std@@V?$allocator@D@2@@0@PAPAV10@00AAU?$_Wrap_alloc@V?$allocator@PAV?$basic_string@DU?$char_traits@D@std@@V?$allocator@D@2@@std@@@std@@@0@@Z 004205f0 f i ccClient.obj
 0002:0000c640       ??$_Uninit_copy@PAV?$basic_string@DU?$char_traits@D@std@@V?$allocator@D@2@@std@@PAV12@@std@@YAPAPAV?$basic_string@DU?$char_traits@D@std@@V?$allocator@D@2@@0@PAPAV10@00AAU?$_Wrap_alloc@V?$allocator@PAV?$basic_string@DU?$char_traits@D@std@@V?$allocator@D@2@@std@@@std@@@0@U_Scalar_ptr_iterator_tag@0@@Z 00420640 f i ccClient.obj
 0002:0000c6c0       ??$_Uninit_def_fill_n@PAV?$basic_string@DU?$char_traits@D@std@@V?$allocator@D@2@@std@@IPAV12@@std@@YAXPAPAV?$basic_string@DU?$char_traits@D@std@@V?$allocator@D@2@@0@IAAU?$_Wrap_alloc@V?$allocator@PAV?$basic_string@DU?$char_traits@D@std@@V?$allocator@D@2@@std@@@std@@@0@0U_Scalar_ptr_iterator_tag@0@@Z 004206c0 f i ccClient.obj
 0002:0000c6f0       ??$_Uninitialized_copy@PAPAV?$basic_string@DU?$char_traits@D@std@@V?$allocator@D@2@@std@@PAPAV12@U?$_Wrap_alloc@V?$allocator@PAV?$basic_string@DU?$char_traits@D@std@@V?$allocator@D@2@@std@@@std@@@2@@std@@YAPAPAV?$basic_string@DU?$char_traits@D@std@@V?$allocator@D@2@@0@PAPAV10@00AAU?$_Wrap_alloc@V?$allocator@PAV?$basic_string@DU?$char_traits@D@std@@V?$allocator@D@2@@std@@@std@@@0@@Z 004206f0 f i ccClient.obj
 0002:0000c750       ??$_Uninitialized_default_fill_n@PAPAV?$basic_string@DU?$char_traits@D@std@@V?$allocator@D@2@@std@@IU?$_Wrap_alloc@V?$allocator@PAV?$basic_string@DU?$char_traits@D@std@@V?$allocator@D@2@@std@@@std@@@2@@std@@YAXPAPAV?$basic_string@DU?$char_traits@D@std@@V?$allocator@D@2@@0@IAAU?$_Wrap_alloc@V?$allocator@PAV?$basic_string@DU?$char_traits@D@std@@V?$allocator@D@2@@std@@@std@@@0@@Z 00420750 f i ccClient.obj
 0002:0000c7b0       ??$_Val_type@PAPAV?$basic_string@DU?$char_traits@D@std@@V?$allocator@D@2@@std@@@std@@YAPAPAV?$basic_string@DU?$char_traits@D@std@@V?$allocator@D@2@@0@PAPAV10@@Z 004207b0 f i ccClient.obj
 0002:0000c7c0       ??$construct@U_Container_proxy@std@@U12@@?$_Wrap_alloc@V?$allocator@U_Container_proxy@std@@@std@@@std@@QAEXPAU_Container_proxy@1@$$QAU21@@Z 004207c0 f i ccClient.obj
 0002:0000c800       ??$construct@U_Container_proxy@std@@U12@@?$allocator_traits@V?$allocator@U_Container_proxy@std@@@std@@@std@@SAXAAV?$allocator@U_Container_proxy@std@@@1@PAU_Container_proxy@1@$$QAU31@@Z 00420800 f i ccClient.obj
 0002:0000c830       ??$construct@V?$basic_string@DU?$char_traits@D@std@@V?$allocator@D@2@@std@@ABV12@@?$_Wrap_alloc@V?$allocator@V?$basic_string@DU?$char_traits@D@std@@V?$allocator@D@2@@std@@@std@@@std@@QAEXPAV?$basic_string@DU?$char_traits@D@std@@V?$allocator@D@2@@1@ABV21@@Z 00420830 f i ccClient.obj
 0002:0000c870       ??$construct@V?$basic_string@DU?$char_traits@D@std@@V?$allocator@D@2@@std@@ABV12@@?$allocator_traits@V?$allocator@V?$basic_string@DU?$char_traits@D@std@@V?$allocator@D@2@@std@@@std@@@std@@SAXAAV?$allocator@V?$basic_string@DU?$char_traits@D@std@@V?$allocator@D@2@@std@@@1@PAV?$basic_string@DU?$char_traits@D@std@@V?$allocator@D@2@@1@ABV31@@Z 00420870 f i ccClient.obj
 0002:0000c8a0       ??$construct@V?$basic_string@DU?$char_traits@D@std@@V?$allocator@D@2@@std@@V12@@?$_Wrap_alloc@V?$allocator@V?$basic_string@DU?$char_traits@D@std@@V?$allocator@D@2@@std@@@std@@@std@@QAEXPAV?$basic_string@DU?$char_traits@D@std@@V?$allocator@D@2@@1@$$QAV21@@Z 004208a0 f i ccClient.obj
 0002:0000c8e0       ??$construct@V?$basic_string@DU?$char_traits@D@std@@V?$allocator@D@2@@std@@V12@@?$allocator@V?$basic_string@DU?$char_traits@D@std@@V?$allocator@D@2@@std@@@std@@QAEXPAV?$basic_string@DU?$char_traits@D@std@@V?$allocator@D@2@@1@$$QAV21@@Z 004208e0 f i ccClient.obj
 0002:0000c990       ??$construct@V?$basic_string@DU?$char_traits@D@std@@V?$allocator@D@2@@std@@V12@@?$allocator_traits@V?$allocator@V?$basic_string@DU?$char_traits@D@std@@V?$allocator@D@2@@std@@@std@@@std@@SAXAAV?$allocator@V?$basic_string@DU?$char_traits@D@std@@V?$allocator@D@2@@std@@@1@PAV?$basic_string@DU?$char_traits@D@std@@V?$allocator@D@2@@1@$$QAV31@@Z 00420990 f i ccClient.obj
 0002:0000c9c0       ??$destroy@PAV?$basic_string@DU?$char_traits@D@std@@V?$allocator@D@2@@std@@@?$_Wrap_alloc@V?$allocator@V?$basic_string@DU?$char_traits@D@std@@V?$allocator@D@2@@std@@@std@@@std@@QAEXPAPAV?$basic_string@DU?$char_traits@D@std@@V?$allocator@D@2@@1@@Z 004209c0 f i ccClient.obj
 0002:0000c9f0       ??$destroy@PAV?$basic_string@DU?$char_traits@D@std@@V?$allocator@D@2@@std@@@?$allocator@V?$basic_string@DU?$char_traits@D@std@@V?$allocator@D@2@@std@@@std@@QAEXPAPAV?$basic_string@DU?$char_traits@D@std@@V?$allocator@D@2@@1@@Z 004209f0 f i ccClient.obj
 0002:0000ca00       ??$destroy@PAV?$basic_string@DU?$char_traits@D@std@@V?$allocator@D@2@@std@@@?$allocator_traits@V?$allocator@V?$basic_string@DU?$char_traits@D@std@@V?$allocator@D@2@@std@@@std@@@std@@SAXAAV?$allocator@V?$basic_string@DU?$char_traits@D@std@@V?$allocator@D@2@@std@@@1@PAPAV?$basic_string@DU?$char_traits@D@std@@V?$allocator@D@2@@1@@Z 00420a00 f i ccClient.obj
 0002:0000ca20       ??$destroy@U_Container_proxy@std@@@?$_Wrap_alloc@V?$allocator@U_Container_proxy@std@@@std@@@std@@QAEXPAU_Container_proxy@1@@Z 00420a20 f i ccClient.obj
 0002:0000ca50       ??$destroy@U_Container_proxy@std@@@?$allocator_traits@V?$allocator@U_Container_proxy@std@@@std@@@std@@SAXAAV?$allocator@U_Container_proxy@std@@@1@PAU_Container_proxy@1@@Z 00420a50 f i ccClient.obj
 0002:0000ca70       ??$destroy@V?$basic_string@DU?$char_traits@D@std@@V?$allocator@D@2@@std@@@?$_Wrap_alloc@V?$allocator@V?$basic_string@DU?$char_traits@D@std@@V?$allocator@D@2@@std@@@std@@@std@@QAEXPAV?$basic_string@DU?$char_traits@D@std@@V?$allocator@D@2@@1@@Z 00420a70 f i ccClient.obj
 0002:0000caa0       ??$destroy@V?$basic_string@DU?$char_traits@D@std@@V?$allocator@D@2@@std@@@?$allocator@V?$basic_string@DU?$char_traits@D@std@@V?$allocator@D@2@@std@@@std@@QAEXPAV?$basic_string@DU?$char_traits@D@std@@V?$allocator@D@2@@1@@Z 00420aa0 f i ccClient.obj
 0002:0000cac0       ??$destroy@V?$basic_string@DU?$char_traits@D@std@@V?$allocator@D@2@@std@@@?$allocator_traits@V?$allocator@V?$basic_string@DU?$char_traits@D@std@@V?$allocator@D@2@@std@@@std@@@std@@SAXAAV?$allocator@V?$basic_string@DU?$char_traits@D@std@@V?$allocator@D@2@@std@@@1@PAV?$basic_string@DU?$char_traits@D@std@@V?$allocator@D@2@@1@@Z 00420ac0 f i ccClient.obj
 0002:0000cae0       ??$forward@ABV?$basic_string@DU?$char_traits@D@std@@V?$allocator@D@2@@std@@@std@@YAABV?$basic_string@DU?$char_traits@D@std@@V?$allocator@D@2@@0@ABV10@@Z 00420ae0 f i ccClient.obj
 0002:0000caf0       ??0?$_Deque_alloc@$0A@U?$_Deque_base_types@V?$basic_string@DU?$char_traits@D@std@@V?$allocator@D@2@@std@@V?$allocator@V?$basic_string@DU?$char_traits@D@std@@V?$allocator@D@2@@std@@@2@@std@@@std@@QAE@ABV?$allocator@V?$basic_string@DU?$char_traits@D@std@@V?$allocator@D@2@@std@@@1@@Z 00420af0 f i ccClient.obj
 0002:0000cb60       ??0?$_Deque_const_iterator@V?$_Deque_val@U?$_Deque_simple_types@V?$basic_string@DU?$char_traits@D@std@@V?$allocator@D@2@@std@@@std@@@std@@@std@@QAE@IPBU_Container_base12@1@@Z 00420b60 f i ccClient.obj
 0002:0000cbe0       ??0?$_Deque_iterator@V?$_Deque_val@U?$_Deque_simple_types@V?$basic_string@DU?$char_traits@D@std@@V?$allocator@D@2@@std@@@std@@@std@@@std@@QAE@IPBU_Container_base12@1@@Z 00420be0 f i ccClient.obj
 0002:0000cc10       ??0?$_Deque_val@U?$_Deque_simple_types@V?$basic_string@DU?$char_traits@D@std@@V?$allocator@D@2@@std@@@std@@@std@@QAE@XZ 00420c10 f i ccClient.obj
 0002:0000cc60       ??0?$_Wrap_alloc@V?$allocator@U_Container_proxy@std@@@std@@@std@@QAE@XZ 00420c60 f i ccClient.obj
 0002:0000cc80       ??0?$_Wrap_alloc@V?$allocator@V?$basic_string@DU?$char_traits@D@std@@V?$allocator@D@2@@std@@@std@@@std@@QAE@XZ 00420c80 f i ccClient.obj
 0002:0000cca0       ??0?$allocator@V?$basic_string@DU?$char_traits@D@std@@V?$allocator@D@2@@std@@@std@@QAE@XZ 00420ca0 f i ccClient.obj
 0002:0000ccc0       ??0?$deque@V?$basic_string@DU?$char_traits@D@std@@V?$allocator@D@2@@std@@V?$allocator@V?$basic_string@DU?$char_traits@D@std@@V?$allocator@D@2@@std@@@2@@std@@QAE@XZ 00420cc0 f i ccClient.obj
 0002:0000ccf0       ??0?$queue@V?$basic_string@DU?$char_traits@D@std@@V?$allocator@D@2@@std@@V?$deque@V?$basic_string@DU?$char_traits@D@std@@V?$allocator@D@2@@std@@V?$allocator@V?$basic_string@DU?$char_traits@D@std@@V?$allocator@D@2@@std@@@2@@2@@std@@QAE@XZ 00420cf0 f i ccClient.obj
 0002:0000cd10       ??0_Ignore@std@@QAE@XZ     00420d10 f i ccClient.obj
 0002:0000cd30       ??0_Iterator_base12@std@@QAE@XZ 00420d30 f i ccClient.obj
 0002:0000cd60       ??1?$_Deque_alloc@$0A@U?$_Deque_base_types@V?$basic_string@DU?$char_traits@D@std@@V?$allocator@D@2@@std@@V?$allocator@V?$basic_string@DU?$char_traits@D@std@@V?$allocator@D@2@@std@@@2@@std@@@std@@QAE@XZ 00420d60 f i ccClient.obj
 0002:0000cd90       ??1?$_Deque_const_iterator@V?$_Deque_val@U?$_Deque_simple_types@V?$basic_string@DU?$char_traits@D@std@@V?$allocator@D@2@@std@@@std@@@std@@@std@@QAE@XZ 00420d90 f i ccClient.obj
 0002:0000cdb0       ??1?$_Deque_iterator@V?$_Deque_val@U?$_Deque_simple_types@V?$basic_string@DU?$char_traits@D@std@@V?$allocator@D@2@@std@@@std@@@std@@@std@@QAE@XZ 00420db0 f i ccClient.obj
 0002:0000cdd0       ??1?$_Deque_val@U?$_Deque_simple_types@V?$basic_string@DU?$char_traits@D@std@@V?$allocator@D@2@@std@@@std@@@std@@QAE@XZ 00420dd0 f i ccClient.obj
 0002:0000cdf0       ??1?$deque@V?$basic_string@DU?$char_traits@D@std@@V?$allocator@D@2@@std@@V?$allocator@V?$basic_string@DU?$char_traits@D@std@@V?$allocator@D@2@@std@@@2@@std@@QAE@XZ 00420df0 f i ccClient.obj
 0002:0000ce20       ??1?$queue@V?$basic_string@DU?$char_traits@D@std@@V?$allocator@D@2@@std@@V?$deque@V?$basic_string@DU?$char_traits@D@std@@V?$allocator@D@2@@std@@V?$allocator@V?$basic_string@DU?$char_traits@D@std@@V?$allocator@D@2@@std@@@2@@2@@std@@QAE@XZ 00420e20 f i ccClient.obj
 0002:0000ce40       ??1_Iterator_base12@std@@QAE@XZ 00420e40 f i ccClient.obj
 0002:0000ce80       ??4?$basic_string@DU?$char_traits@D@std@@V?$allocator@D@2@@std@@QAEAAV01@PBD@Z 00420e80 f i ccClient.obj
 0002:0000cea0       ??D?$_Deque_const_iterator@V?$_Deque_val@U?$_Deque_simple_types@V?$basic_string@DU?$char_traits@D@std@@V?$allocator@D@2@@std@@@std@@@std@@@std@@QBEABV?$basic_string@DU?$char_traits@D@std@@V?$allocator@D@2@@1@XZ 00420ea0 f i ccClient.obj
 0002:0000cfc0       ??D?$_Deque_iterator@V?$_Deque_val@U?$_Deque_simple_types@V?$basic_string@DU?$char_traits@D@std@@V?$allocator@D@2@@std@@@std@@@std@@@std@@QBEAAV?$basic_string@DU?$char_traits@D@std@@V?$allocator@D@2@@1@XZ 00420fc0 f i ccClient.obj
 0002:0000cfe0       ??_G?$basic_string@DU?$char_traits@D@std@@V?$allocator@D@2@@std@@QAEPAXI@Z 00420fe0 f i ccClient.obj
 0002:0000d020       ??_EccClient@@UAEPAXI@Z    00421020 f i ccClient.obj
 0002:0000d020       ??_GccClient@@UAEPAXI@Z    00421020 f i ccClient.obj
 0002:0000d060       ?_Adopt@_Iterator_base12@std@@QAEXPBU_Container_base12@2@@Z 00421060 f i ccClient.obj
 0002:0000d160       ?_Alloc_proxy@?$_Deque_alloc@$0A@U?$_Deque_base_types@V?$basic_string@DU?$char_traits@D@std@@V?$allocator@D@2@@std@@V?$allocator@V?$basic_string@DU?$char_traits@D@std@@V?$allocator@D@2@@std@@@2@@std@@@std@@QAEXXZ 00421160 f i ccClient.obj
 0002:0000d1c0       ?_Clrcont@_Iterator_base12@std@@QAEXXZ 004211c0 f i ccClient.obj
 0002:0000d1e0       ?_Free_proxy@?$_Deque_alloc@$0A@U?$_Deque_base_types@V?$basic_string@DU?$char_traits@D@std@@V?$allocator@D@2@@std@@V?$allocator@V?$basic_string@DU?$char_traits@D@std@@V?$allocator@D@2@@std@@@2@@std@@@std@@QAEXXZ 004211e0 f i ccClient.obj
 0002:0000d240       ?_Getal@?$_Deque_alloc@$0A@U?$_Deque_base_types@V?$basic_string@DU?$char_traits@D@std@@V?$allocator@D@2@@std@@V?$allocator@V?$basic_string@DU?$char_traits@D@std@@V?$allocator@D@2@@std@@@2@@std@@@std@@QBE?AU?$_Wrap_alloc@V?$allocator@V?$basic_string@DU?$char_traits@D@std@@V?$allocator@D@2@@std@@@std@@@2@XZ 00421240 f i ccClient.obj
 0002:0000d260       ?_Getblock@?$_Deque_val@U?$_Deque_simple_types@V?$basic_string@DU?$char_traits@D@std@@V?$allocator@D@2@@std@@@std@@@std@@QBEII@Z 00421260 f i ccClient.obj
 0002:0000d280       ?_Getcont@_Iterator_base12@std@@QBEPBU_Container_base12@2@XZ 00421280 f i ccClient.obj
 0002:0000d2c0       ?_Getpnext@_Iterator_base12@std@@QAEPAPAU12@XZ 004212c0 f i ccClient.obj
 0002:0000d2e0       ?_Growmap@?$deque@V?$basic_string@DU?$char_traits@D@std@@V?$allocator@D@2@@std@@V?$allocator@V?$basic_string@DU?$char_traits@D@std@@V?$allocator@D@2@@std@@@2@@std@@IAEXI@Z 004212e0 f i ccClient.obj
 0002:0000d570       ?_Orphan_me@_Iterator_base12@std@@QAEXXZ 00421570 f i ccClient.obj
 0002:0000d600       ?_Orphan_off@?$deque@V?$basic_string@DU?$char_traits@D@std@@V?$allocator@D@2@@std@@V?$allocator@V?$basic_string@DU?$char_traits@D@std@@V?$allocator@D@2@@std@@@2@@std@@IBEXI@Z 00421600 f i ccClient.obj
 0002:0000d740       ?_Setcont@?$_Deque_const_iterator@V?$_Deque_val@U?$_Deque_simple_types@V?$basic_string@DU?$char_traits@D@std@@V?$allocator@D@2@@std@@@std@@@std@@@std@@QAEXPBV?$_Deque_val@U?$_Deque_simple_types@V?$basic_string@DU?$char_traits@D@std@@V?$allocator@D@2@@std@@@std@@@2@@Z 00421740 f i ccClient.obj
 0002:0000d760       ?_Tidy@?$deque@V?$basic_string@DU?$char_traits@D@std@@V?$allocator@D@2@@std@@V?$allocator@V?$basic_string@DU?$char_traits@D@std@@V?$allocator@D@2@@std@@@2@@std@@IAEXXZ 00421760 f i ccClient.obj
 0002:0000d870       ?_Xlen@?$deque@V?$basic_string@DU?$char_traits@D@std@@V?$allocator@D@2@@std@@V?$allocator@V?$basic_string@DU?$char_traits@D@std@@V?$allocator@D@2@@std@@@2@@std@@IBEXXZ 00421870 f i ccClient.obj
 0002:0000d890       ?allocate@?$_Wrap_alloc@V?$allocator@PAV?$basic_string@DU?$char_traits@D@std@@V?$allocator@D@2@@std@@@std@@@std@@QAEPAPAV?$basic_string@DU?$char_traits@D@std@@V?$allocator@D@2@@2@I@Z 00421890 f i ccClient.obj
 0002:0000d8b0       ?allocate@?$_Wrap_alloc@V?$allocator@U_Container_proxy@std@@@std@@@std@@QAEPAU_Container_proxy@2@I@Z 004218b0 f i ccClient.obj
 0002:0000d8d0       ?allocate@?$_Wrap_alloc@V?$allocator@V?$basic_string@DU?$char_traits@D@std@@V?$allocator@D@2@@std@@@std@@@std@@QAEPAV?$basic_string@DU?$char_traits@D@std@@V?$allocator@D@2@@2@I@Z 004218d0 f i ccClient.obj
 0002:0000d8f0       ?allocate@?$allocator@PAV?$basic_string@DU?$char_traits@D@std@@V?$allocator@D@2@@std@@@std@@QAEPAPAV?$basic_string@DU?$char_traits@D@std@@V?$allocator@D@2@@2@I@Z 004218f0 f i ccClient.obj
 0002:0000d920       ?allocate@?$allocator@V?$basic_string@DU?$char_traits@D@std@@V?$allocator@D@2@@std@@@std@@QAEPAV?$basic_string@DU?$char_traits@D@std@@V?$allocator@D@2@@2@I@Z 00421920 f i ccClient.obj
 0002:0000d950       ?begin@?$deque@V?$basic_string@DU?$char_traits@D@std@@V?$allocator@D@2@@std@@V?$allocator@V?$basic_string@DU?$char_traits@D@std@@V?$allocator@D@2@@std@@@2@@std@@QAE?AV?$_Deque_iterator@V?$_Deque_val@U?$_Deque_simple_types@V?$basic_string@DU?$char_traits@D@std@@V?$allocator@D@2@@std@@@std@@@std@@@2@XZ 00421950 f i ccClient.obj
 0002:0000d980       ?construct@?$allocator@V?$basic_string@DU?$char_traits@D@std@@V?$allocator@D@2@@std@@@std@@QAEXPAV?$basic_string@DU?$char_traits@D@std@@V?$allocator@D@2@@2@ABV32@@Z 00421980 f i ccClient.obj
 0002:0000da20       ?deallocate@?$_Wrap_alloc@V?$allocator@PAV?$basic_string@DU?$char_traits@D@std@@V?$allocator@D@2@@std@@@std@@@std@@QAEXPAPAV?$basic_string@DU?$char_traits@D@std@@V?$allocator@D@2@@2@I@Z 00421a20 f i ccClient.obj
 0002:0000da50       ?deallocate@?$_Wrap_alloc@V?$allocator@U_Container_proxy@std@@@std@@@std@@QAEXPAU_Container_proxy@2@I@Z 00421a50 f i ccClient.obj
 0002:0000da80       ?deallocate@?$_Wrap_alloc@V?$allocator@V?$basic_string@DU?$char_traits@D@std@@V?$allocator@D@2@@std@@@std@@@std@@QAEXPAV?$basic_string@DU?$char_traits@D@std@@V?$allocator@D@2@@2@I@Z 00421a80 f i ccClient.obj
 0002:0000dab0       ?deallocate@?$allocator@PAV?$basic_string@DU?$char_traits@D@std@@V?$allocator@D@2@@std@@@std@@QAEXPAPAV?$basic_string@DU?$char_traits@D@std@@V?$allocator@D@2@@2@I@Z 00421ab0 f i ccClient.obj
 0002:0000dad0       ?deallocate@?$allocator@V?$basic_string@DU?$char_traits@D@std@@V?$allocator@D@2@@std@@@std@@QAEXPAV?$basic_string@DU?$char_traits@D@std@@V?$allocator@D@2@@2@I@Z 00421ad0 f i ccClient.obj
 0002:0000daf0       ?empty@?$deque@V?$basic_string@DU?$char_traits@D@std@@V?$allocator@D@2@@std@@V?$allocator@V?$basic_string@DU?$char_traits@D@std@@V?$allocator@D@2@@std@@@2@@std@@QBE_NXZ 00421af0 f i ccClient.obj
 0002:0000db30       ?front@?$deque@V?$basic_string@DU?$char_traits@D@std@@V?$allocator@D@2@@std@@V?$allocator@V?$basic_string@DU?$char_traits@D@std@@V?$allocator@D@2@@std@@@2@@std@@QAEAAV?$basic_string@DU?$char_traits@D@std@@V?$allocator@D@2@@2@XZ 00421b30 f i ccClient.obj
 0002:0000dbc0       ?front@?$queue@V?$basic_string@DU?$char_traits@D@std@@V?$allocator@D@2@@std@@V?$deque@V?$basic_string@DU?$char_traits@D@std@@V?$allocator@D@2@@std@@V?$allocator@V?$basic_string@DU?$char_traits@D@std@@V?$allocator@D@2@@std@@@2@@2@@std@@QAEAAV?$basic_string@DU?$char_traits@D@std@@V?$allocator@D@2@@2@XZ 00421bc0 f i ccClient.obj
 0002:0000dbe0       ?max_size@?$_Wrap_alloc@V?$allocator@V?$basic_string@DU?$char_traits@D@std@@V?$allocator@D@2@@std@@@std@@@std@@QBEIXZ 00421be0 f i ccClient.obj
 0002:0000dc00       ?max_size@?$allocator@V?$basic_string@DU?$char_traits@D@std@@V?$allocator@D@2@@std@@@std@@QBEIXZ 00421c00 f i ccClient.obj
 0002:0000dc20       ?max_size@?$allocator_traits@V?$allocator@V?$basic_string@DU?$char_traits@D@std@@V?$allocator@D@2@@std@@@std@@@std@@SAIABV?$allocator@V?$basic_string@DU?$char_traits@D@std@@V?$allocator@D@2@@std@@@2@@Z 00421c20 f i ccClient.obj
 0002:0000dc30       ?max_size@?$deque@V?$basic_string@DU?$char_traits@D@std@@V?$allocator@D@2@@std@@V?$allocator@V?$basic_string@DU?$char_traits@D@std@@V?$allocator@D@2@@std@@@2@@std@@QBEIXZ 00421c30 f i ccClient.obj
 0002:0000dc60       ?pop@?$queue@V?$basic_string@DU?$char_traits@D@std@@V?$allocator@D@2@@std@@V?$deque@V?$basic_string@DU?$char_traits@D@std@@V?$allocator@D@2@@std@@V?$allocator@V?$basic_string@DU?$char_traits@D@std@@V?$allocator@D@2@@std@@@2@@2@@std@@QAEXXZ 00421c60 f i ccClient.obj
 0002:0000dc80       ?pop_back@?$deque@V?$basic_string@DU?$char_traits@D@std@@V?$allocator@D@2@@std@@V?$allocator@V?$basic_string@DU?$char_traits@D@std@@V?$allocator@D@2@@std@@@2@@std@@QAEXXZ 00421c80 f i ccClient.obj
 0002:0000dd70       ?pop_front@?$deque@V?$basic_string@DU?$char_traits@D@std@@V?$allocator@D@2@@std@@V?$allocator@V?$basic_string@DU?$char_traits@D@std@@V?$allocator@D@2@@std@@@2@@std@@QAEXXZ 00421d70 f i ccClient.obj
 0002:0000de70       ?push@?$queue@V?$basic_string@DU?$char_traits@D@std@@V?$allocator@D@2@@std@@V?$deque@V?$basic_string@DU?$char_traits@D@std@@V?$allocator@D@2@@std@@V?$allocator@V?$basic_string@DU?$char_traits@D@std@@V?$allocator@D@2@@std@@@2@@2@@std@@QAEX$$QAV?$basic_string@DU?$char_traits@D@std@@V?$allocator@D@2@@2@@Z 00421e70 f i ccClient.obj
 0002:0000dea0       ?push@?$queue@V?$basic_string@DU?$char_traits@D@std@@V?$allocator@D@2@@std@@V?$deque@V?$basic_string@DU?$char_traits@D@std@@V?$allocator@D@2@@std@@V?$allocator@V?$basic_string@DU?$char_traits@D@std@@V?$allocator@D@2@@std@@@2@@2@@std@@QAEXABV?$basic_string@DU?$char_traits@D@std@@V?$allocator@D@2@@2@@Z 00421ea0 f i ccClient.obj
 0002:0000dec0       ?push_back@?$deque@V?$basic_string@DU?$char_traits@D@std@@V?$allocator@D@2@@std@@V?$allocator@V?$basic_string@DU?$char_traits@D@std@@V?$allocator@D@2@@std@@@2@@std@@QAEX$$QAV?$basic_string@DU?$char_traits@D@std@@V?$allocator@D@2@@2@@Z 00421ec0 f i ccClient.obj
 0002:0000e000       ?push_back@?$deque@V?$basic_string@DU?$char_traits@D@std@@V?$allocator@D@2@@std@@V?$allocator@V?$basic_string@DU?$char_traits@D@std@@V?$allocator@D@2@@std@@@2@@std@@QAEXABV?$basic_string@DU?$char_traits@D@std@@V?$allocator@D@2@@2@@Z 00422000 f i ccClient.obj
 0002:0000e130       ?size@?$deque@V?$basic_string@DU?$char_traits@D@std@@V?$allocator@D@2@@std@@V?$allocator@V?$basic_string@DU?$char_traits@D@std@@V?$allocator@D@2@@std@@@2@@std@@QBEIXZ 00422130 f i ccClient.obj
 0002:0000e150       ?size@?$queue@V?$basic_string@DU?$char_traits@D@std@@V?$allocator@D@2@@std@@V?$deque@V?$basic_string@DU?$char_traits@D@std@@V?$allocator@D@2@@std@@V?$allocator@V?$basic_string@DU?$char_traits@D@std@@V?$allocator@D@2@@std@@@2@@2@@std@@QBEIXZ 00422150 f i ccClient.obj
 0002:0000e170       ?readConfigSection@ccConfig@@SAXABV?$basic_string@DU?$char_traits@D@std@@V?$allocator@D@2@@std@@0AAV?$map@V?$basic_string@DU?$char_traits@D@std@@V?$allocator@D@2@@std@@V12@U?$less@V?$basic_string@DU?$char_traits@D@std@@V?$allocator@D@2@@std@@@2@V?$allocator@U?$pair@$$CBV?$basic_string@DU?$char_traits@D@std@@V?$allocator@D@2@@std@@V12@@std@@@2@@3@@Z 00422170 f   ccConfig.obj
 0002:0000e300       ?readConfigSectionRoot@ccConfig@@SAXABV?$basic_string@DU?$char_traits@D@std@@V?$allocator@D@2@@std@@0AAV?$map@V?$basic_string@DU?$char_traits@D@std@@V?$allocator@D@2@@std@@V12@U?$less@V?$basic_string@DU?$char_traits@D@std@@V?$allocator@D@2@@std@@@2@V?$allocator@U?$pair@$$CBV?$basic_string@DU?$char_traits@D@std@@V?$allocator@D@2@@std@@V12@@std@@@2@@3@@Z 00422300 f   ccConfig.obj
 0002:0000e3e0       ?readConfigSection@ccConfig@@SAXHABV?$basic_string@DU?$char_traits@D@std@@V?$allocator@D@2@@std@@AAV?$map@V?$basic_string@DU?$char_traits@D@std@@V?$allocator@D@2@@std@@V12@U?$less@V?$basic_string@DU?$char_traits@D@std@@V?$allocator@D@2@@std@@@2@V?$allocator@U?$pair@$$CBV?$basic_string@DU?$char_traits@D@std@@V?$allocator@D@2@@std@@V12@@std@@@2@@3@@Z 004223e0 f   ccConfig.obj
 0002:0000e4e0       ?deleteKeysFromSectionRoot@ccConfig@@SAXABV?$basic_string@DU?$char_traits@D@std@@V?$allocator@D@2@@std@@00@Z 004224e0 f   ccConfig.obj
 0002:0000e690       ?writeConfigSection@ccConfig@@SAXABV?$basic_string@DU?$char_traits@D@std@@V?$allocator@D@2@@std@@0ABV?$map@V?$basic_string@DU?$char_traits@D@std@@V?$allocator@D@2@@std@@V12@U?$less@V?$basic_string@DU?$char_traits@D@std@@V?$allocator@D@2@@std@@@2@V?$allocator@U?$pair@$$CBV?$basic_string@DU?$char_traits@D@std@@V?$allocator@D@2@@std@@V12@@std@@@2@@3@@Z 00422690 f   ccConfig.obj
 0002:0000e820       ?writeConfigSectionRoot@ccConfig@@SAXABV?$basic_string@DU?$char_traits@D@std@@V?$allocator@D@2@@std@@0ABV?$map@V?$basic_string@DU?$char_traits@D@std@@V?$allocator@D@2@@std@@V12@U?$less@V?$basic_string@DU?$char_traits@D@std@@V?$allocator@D@2@@std@@@2@V?$allocator@U?$pair@$$CBV?$basic_string@DU?$char_traits@D@std@@V?$allocator@D@2@@std@@V12@@std@@@2@@3@@Z 00422820 f   ccConfig.obj
 0002:0000e900       ?writeConfigSection@ccConfig@@SAXHABV?$basic_string@DU?$char_traits@D@std@@V?$allocator@D@2@@std@@ABV?$map@V?$basic_string@DU?$char_traits@D@std@@V?$allocator@D@2@@std@@V12@U?$less@V?$basic_string@DU?$char_traits@D@std@@V?$allocator@D@2@@std@@@2@V?$allocator@U?$pair@$$CBV?$basic_string@DU?$char_traits@D@std@@V?$allocator@D@2@@std@@V12@@std@@@2@@3@@Z 00422900 f   ccConfig.obj
 0002:0000ea00       ?getString@ccConfig@@SA?AV?$basic_string@DU?$char_traits@D@std@@V?$allocator@D@2@@std@@ABV23@000_N@Z 00422a00 f   ccConfig.obj
 0002:0000eb90       ?getString@ccConfig@@SA?AV?$basic_string@DU?$char_traits@D@std@@V?$allocator@D@2@@std@@HABV23@00_N@Z 00422b90 f   ccConfig.obj
 0002:0000ed00       ?setString@ccConfig@@SAXABV?$basic_string@DU?$char_traits@D@std@@V?$allocator@D@2@@std@@000@Z 00422d00 f   ccConfig.obj
 0002:0000ede0       ?setString@ccConfig@@SAXHABV?$basic_string@DU?$char_traits@D@std@@V?$allocator@D@2@@std@@00@Z 00422de0 f   ccConfig.obj
 0002:0000eed0       ?getInt@ccConfig@@SAHABV?$basic_string@DU?$char_traits@D@std@@V?$allocator@D@2@@std@@00H_N@Z 00422ed0 f   ccConfig.obj
 0002:0000f030       ?getInt@ccConfig@@SAHHABV?$basic_string@DU?$char_traits@D@std@@V?$allocator@D@2@@std@@0H_N@Z 00423030 f   ccConfig.obj
 0002:0000f180       ?getDevPath@ccConfig@@SA?AV?$basic_string@DU?$char_traits@D@std@@V?$allocator@D@2@@std@@XZ 00423180 f   ccConfig.obj
 0002:0000f360       ?getSystem@ccConfig@@SA?AV?$basic_string@DU?$char_traits@D@std@@V?$allocator@D@2@@std@@XZ 00423360 f   ccConfig.obj
 0002:0000f470       ?getDevPath@ccConfig@@SA?AV?$basic_string@DU?$char_traits@D@std@@V?$allocator@D@2@@std@@H@Z 00423470 f   ccConfig.obj
 0002:0000f560       ?getDevPath@ccConfig@@SA?AV?$basic_string@DU?$char_traits@D@std@@V?$allocator@D@2@@std@@ABV23@@Z 00423560 f   ccConfig.obj
 0002:0000f620       ?isV4Based@ccConfig@@SA_NXZ 00423620 f   ccConfig.obj
 0002:0000f690       ?isV3Based@ccConfig@@SA_NXZ 00423690 f   ccConfig.obj
 0002:0000f700       ?workstation@ccConfig@@SAHXZ 00423700 f   ccConfig.obj
 0002:0000f950       ?sectionsAbs@ccConfig@@SAXABV?$basic_string@DU?$char_traits@D@std@@V?$allocator@D@2@@std@@AAV?$list@V?$basic_string@DU?$char_traits@D@std@@V?$allocator@D@2@@std@@V?$allocator@V?$basic_string@DU?$char_traits@D@std@@V?$allocator@D@2@@std@@@2@@3@@Z 00423950 f   ccConfig.obj
 0002:0000faf0       ?sections@ccConfig@@SAXABV?$basic_string@DU?$char_traits@D@std@@V?$allocator@D@2@@std@@AAV?$list@V?$basic_string@DU?$char_traits@D@std@@V?$allocator@D@2@@std@@V?$allocator@V?$basic_string@DU?$char_traits@D@std@@V?$allocator@D@2@@std@@@2@@3@@Z 00423af0 f   ccConfig.obj
 0002:0000fc70       ?sectionsRoot@ccConfig@@SAXABV?$basic_string@DU?$char_traits@D@std@@V?$allocator@D@2@@std@@AAV?$list@V?$basic_string@DU?$char_traits@D@std@@V?$allocator@D@2@@std@@V?$allocator@V?$basic_string@DU?$char_traits@D@std@@V?$allocator@D@2@@std@@@2@@3@@Z 00423c70 f   ccConfig.obj
 0002:0000fd50       ?sections@ccConfig@@SAXHAAV?$list@V?$basic_string@DU?$char_traits@D@std@@V?$allocator@D@2@@std@@V?$allocator@V?$basic_string@DU?$char_traits@D@std@@V?$allocator@D@2@@std@@@2@@std@@@Z 00423d50 f   ccConfig.obj
 0002:0000fe50       ?deleteSectionRoot@ccConfig@@SAXABV?$basic_string@DU?$char_traits@D@std@@V?$allocator@D@2@@std@@0@Z 00423e50 f   ccConfig.obj
 0002:0000ff30       ??0ccConfig@@QAE@XZ        00423f30 f   ccConfig.obj
 0002:0000ffb0       ??0ccConfig@@QAE@ABV?$basic_string@DU?$char_traits@D@std@@V?$allocator@D@2@@std@@0@Z 00423fb0 f   ccConfig.obj
 0002:00010090       ??0ccConfig@@QAE@HABV?$basic_string@DU?$char_traits@D@std@@V?$allocator@D@2@@std@@@Z 00424090 f   ccConfig.obj
 0002:00010170       ??1ccConfig@@UAE@XZ        00424170 f   ccConfig.obj
 0002:000101b0       ?getString@ccConfig@@QAE?AV?$basic_string@DU?$char_traits@D@std@@V?$allocator@D@2@@std@@ABV23@0_N@Z 004241b0 f   ccConfig.obj
 0002:000102f0       ?setString@ccConfig@@QAEXABV?$basic_string@DU?$char_traits@D@std@@V?$allocator@D@2@@std@@0@Z 004242f0 f   ccConfig.obj
 0002:000103e0       ?getInt@ccConfig@@QAEHABV?$basic_string@DU?$char_traits@D@std@@V?$allocator@D@2@@std@@H_N@Z 004243e0 f   ccConfig.obj
 0002:00010560       ?developerMode@ccConfig@@SA_NXZ 00424560 f   ccConfig.obj
 0002:000105b0       ?getLogPath@ccConfig@@SA?AV?$basic_string@DU?$char_traits@D@std@@V?$allocator@D@2@@std@@ABV23@0@Z 004245b0 f   ccConfig.obj
 0002:000106e0       ?readConfigSectionAbs@ccConfig@@CAXABV?$basic_string@DU?$char_traits@D@std@@V?$allocator@D@2@@std@@0AAV?$map@V?$basic_string@DU?$char_traits@D@std@@V?$allocator@D@2@@std@@V12@U?$less@V?$basic_string@DU?$char_traits@D@std@@V?$allocator@D@2@@std@@@2@V?$allocator@U?$pair@$$CBV?$basic_string@DU?$char_traits@D@std@@V?$allocator@D@2@@std@@V12@@std@@@2@@3@@Z 004246e0 f   ccConfig.obj
 0002:00010a50       ?writeConfigSectionAbs@ccConfig@@CAXABV?$basic_string@DU?$char_traits@D@std@@V?$allocator@D@2@@std@@0ABV?$map@V?$basic_string@DU?$char_traits@D@std@@V?$allocator@D@2@@std@@V12@U?$less@V?$basic_string@DU?$char_traits@D@std@@V?$allocator@D@2@@std@@@2@V?$allocator@U?$pair@$$CBV?$basic_string@DU?$char_traits@D@std@@V?$allocator@D@2@@std@@V12@@std@@@2@@3@@Z 00424a50 f   ccConfig.obj
 0002:00010f90       ?buftolower@ccConfig@@CAPADPAD@Z 00424f90 f   ccConfig.obj
 0002:00011000       ?strtolower@ccConfig@@CA?AV?$basic_string@DU?$char_traits@D@std@@V?$allocator@D@2@@std@@ABV23@@Z 00425000 f   ccConfig.obj
 0002:000110e0       ?find@ccConfig@@AAE?AV?$_Tree_iterator@V?$_Tree_val@U?$_Tree_simple_types@U?$pair@$$CBV?$basic_string@DU?$char_traits@D@std@@V?$allocator@D@2@@std@@V12@@std@@@std@@@std@@@std@@ABV?$basic_string@DU?$char_traits@D@std@@V?$allocator@D@2@@3@@Z 004250e0 f   ccConfig.obj
 0002:00011ec0       ??$?0AAV?$_Tree_iterator@V?$_Tree_val@U?$_Tree_simple_types@U?$pair@$$CBV?$basic_string@DU?$char_traits@D@std@@V?$allocator@D@2@@std@@V12@@std@@@std@@@std@@@std@@_NX@?$pair@V?$_Tree_iterator@V?$_Tree_val@U?$_Tree_simple_types@U?$pair@$$CBV?$basic_string@DU?$char_traits@D@std@@V?$allocator@D@2@@std@@V12@@std@@@std@@@std@@@std@@_N@std@@QAE@AAV?$_Tree_iterator@V?$_Tree_val@U?$_Tree_simple_types@U?$pair@$$CBV?$basic_string@DU?$char_traits@D@std@@V?$allocator@D@2@@std@@V12@@std@@@std@@@std@@@1@$$QA_N@Z 00425ec0 f i ccConfig.obj
 0002:00011f50       ??$?0AAV?$basic_string@DU?$char_traits@D@std@@V?$allocator@D@2@@std@@AAV01@X@?$pair@V?$basic_string@DU?$char_traits@D@std@@V?$allocator@D@2@@std@@V12@@std@@QAE@AAV?$basic_string@DU?$char_traits@D@std@@V?$allocator@D@2@@1@0@Z 00425f50 f i ccConfig.obj
 0002:00011ff0       ??$?0U?$_Tree_node@U?$pair@$$CBV?$basic_string@DU?$char_traits@D@std@@V?$allocator@D@2@@std@@V12@@std@@PAX@std@@@?$allocator@U_Container_proxy@std@@@std@@QAE@ABV?$allocator@U?$_Tree_node@U?$pair@$$CBV?$basic_string@DU?$char_traits@D@std@@V?$allocator@D@2@@std@@V12@@std@@PAX@std@@@1@@Z 00425ff0 f i ccConfig.obj
 0002:00012010       ??$?0U?$_Wrap_alloc@V?$allocator@U?$_Tree_node@U?$pair@$$CBV?$basic_string@DU?$char_traits@D@std@@V?$allocator@D@2@@std@@V12@@std@@PAX@std@@@std@@@std@@@?$_Wrap_alloc@V?$allocator@U_Container_proxy@std@@@std@@@std@@QAE@ABU?$_Wrap_alloc@V?$allocator@U?$_Tree_node@U?$pair@$$CBV?$basic_string@DU?$char_traits@D@std@@V?$allocator@D@2@@std@@V12@@std@@PAX@std@@@std@@@1@@Z 00426010 f i ccConfig.obj
 0002:00012040       ??$?0V?$_Tree_iterator@V?$_Tree_val@U?$_Tree_simple_types@U?$pair@$$CBV?$basic_string@DU?$char_traits@D@std@@V?$allocator@D@2@@std@@V12@@std@@@std@@@std@@@std@@_NX@?$pair@V?$_Tree_iterator@V?$_Tree_val@U?$_Tree_simple_types@U?$pair@$$CBV?$basic_string@DU?$char_traits@D@std@@V?$allocator@D@2@@std@@V12@@std@@@std@@@std@@@std@@_N@std@@QAE@$$QAV?$_Tree_iterator@V?$_Tree_val@U?$_Tree_simple_types@U?$pair@$$CBV?$basic_string@DU?$char_traits@D@std@@V?$allocator@D@2@@std@@V12@@std@@@std@@@std@@@1@$$QA_N@Z 00426040 f i ccConfig.obj
 0002:000120d0       ??$?0V?$basic_string@DU?$char_traits@D@std@@V?$allocator@D@2@@std@@V01@X@?$pair@$$CBV?$basic_string@DU?$char_traits@D@std@@V?$allocator@D@2@@std@@V12@@std@@QAE@$$QAU?$pair@V?$basic_string@DU?$char_traits@D@std@@V?$allocator@D@2@@std@@V12@@1@@Z 004260d0 f i ccConfig.obj
 0002:00012170       ??$?8DU?$char_traits@D@std@@V?$allocator@D@1@@std@@YA_NABV?$basic_string@DU?$char_traits@D@std@@V?$allocator@D@2@@0@0@Z 00426170 f i ccConfig.obj
 0002:000121b0       ??$?8DU?$char_traits@D@std@@V?$allocator@D@1@@std@@YA_NABV?$basic_string@DU?$char_traits@D@std@@V?$allocator@D@2@@0@PBD@Z 004261b0 f i ccConfig.obj
 0002:000121f0       ??$?MDU?$char_traits@D@std@@V?$allocator@D@1@@std@@YA_NABV?$basic_string@DU?$char_traits@D@std@@V?$allocator@D@2@@0@0@Z 004261f0 f i ccConfig.obj
 0002:00012230       ??$_Allocate@U?$_List_node@V?$basic_string@DU?$char_traits@D@std@@V?$allocator@D@2@@std@@PAX@std@@@std@@YAPAU?$_List_node@V?$basic_string@DU?$char_traits@D@std@@V?$allocator@D@2@@std@@PAX@0@IPAU10@@Z 00426230 f i ccConfig.obj
 0002:00012280       ??$_Allocate@U?$_Tree_node@U?$pair@$$CBV?$basic_string@DU?$char_traits@D@std@@V?$allocator@D@2@@std@@V12@@std@@PAX@std@@@std@@YAPAU?$_Tree_node@U?$pair@$$CBV?$basic_string@DU?$char_traits@D@std@@V?$allocator@D@2@@std@@V12@@std@@PAX@0@IPAU10@@Z 00426280 f i ccConfig.obj
 0002:000122d0       ??$_Buynode@U?$pair@V?$basic_string@DU?$char_traits@D@std@@V?$allocator@D@2@@std@@V12@@std@@@?$_Tree_buy@U?$pair@$$CBV?$basic_string@DU?$char_traits@D@std@@V?$allocator@D@2@@std@@V12@@std@@V?$allocator@U?$pair@$$CBV?$basic_string@DU?$char_traits@D@std@@V?$allocator@D@2@@std@@V12@@std@@@2@@std@@QAEPAU?$_Tree_node@U?$pair@$$CBV?$basic_string@DU?$char_traits@D@std@@V?$allocator@D@2@@std@@V12@@std@@PAX@1@$$QAU?$pair@V?$basic_string@DU?$char_traits@D@std@@V?$allocator@D@2@@std@@V12@@1@@Z 004262d0 f i ccConfig.obj
 0002:00012400       ??$_Buynode@V?$basic_string@DU?$char_traits@D@std@@V?$allocator@D@2@@std@@@?$_List_buy@V?$basic_string@DU?$char_traits@D@std@@V?$allocator@D@2@@std@@V?$allocator@V?$basic_string@DU?$char_traits@D@std@@V?$allocator@D@2@@std@@@2@@std@@QAEPAU?$_List_node@V?$basic_string@DU?$char_traits@D@std@@V?$allocator@D@2@@std@@PAX@1@PAU21@0$$QAV?$basic_string@DU?$char_traits@D@std@@V?$allocator@D@2@@1@@Z 00426400 f i ccConfig.obj
 0002:00012520       ??$_Buynode_if_nil@AAU?$pair@$$CBV?$basic_string@DU?$char_traits@D@std@@V?$allocator@D@2@@std@@V12@@std@@@?$_Tree@V?$_Tmap_traits@V?$basic_string@DU?$char_traits@D@std@@V?$allocator@D@2@@std@@V12@U?$less@V?$basic_string@DU?$char_traits@D@std@@V?$allocator@D@2@@std@@@2@V?$allocator@U?$pair@$$CBV?$basic_string@DU?$char_traits@D@std@@V?$allocator@D@2@@std@@V12@@std@@@2@$0A@@std@@@std@@IAEPAU?$_Tree_node@U?$pair@$$CBV?$basic_string@DU?$char_traits@D@std@@V?$allocator@D@2@@std@@V12@@std@@PAX@1@PAU21@AAU?$pair@$$CBV?$basic_string@DU?$char_traits@D@std@@V?$allocator@D@2@@std@@V12@@1@@Z 00426520 f i ccConfig.obj
 0002:00012540       ??$_Debug_lt_pred@U?$less@V?$basic_string@DU?$char_traits@D@std@@V?$allocator@D@2@@std@@@std@@ABV?$basic_string@DU?$char_traits@D@std@@V?$allocator@D@2@@2@ABV32@@std@@YA_NU?$less@V?$basic_string@DU?$char_traits@D@std@@V?$allocator@D@2@@std@@@0@ABV?$basic_string@DU?$char_traits@D@std@@V?$allocator@D@2@@0@1PB_WI@Z 00426540 f i ccConfig.obj
 0002:000125e0       ??$_Insert@V?$basic_string@DU?$char_traits@D@std@@V?$allocator@D@2@@std@@@?$list@V?$basic_string@DU?$char_traits@D@std@@V?$allocator@D@2@@std@@V?$allocator@V?$basic_string@DU?$char_traits@D@std@@V?$allocator@D@2@@std@@@2@@std@@QAEXV?$_List_unchecked_const_iterator@V?$_List_val@U?$_List_simple_types@V?$basic_string@DU?$char_traits@D@std@@V?$allocator@D@2@@std@@@std@@@std@@U_Iterator_base0@2@@1@$$QAV?$basic_string@DU?$char_traits@D@std@@V?$allocator@D@2@@1@@Z 004265e0 f i ccConfig.obj
 0002:00012680       ??$_Insert_at@AAU?$pair@$$CBV?$basic_string@DU?$char_traits@D@std@@V?$allocator@D@2@@std@@V12@@std@@PAU?$_Tree_node@U?$pair@$$CBV?$basic_string@DU?$char_traits@D@std@@V?$allocator@D@2@@std@@V12@@std@@PAX@2@@?$_Tree@V?$_Tmap_traits@V?$basic_string@DU?$char_traits@D@std@@V?$allocator@D@2@@std@@V12@U?$less@V?$basic_string@DU?$char_traits@D@std@@V?$allocator@D@2@@std@@@2@V?$allocator@U?$pair@$$CBV?$basic_string@DU?$char_traits@D@std@@V?$allocator@D@2@@std@@V12@@std@@@2@$0A@@std@@@std@@IAE?AV?$_Tree_iterator@V?$_Tree_val@U?$_Tree_simple_types@U?$pair@$$CBV?$basic_string@DU?$char_traits@D@std@@V?$allocator@D@2@@std@@V12@@std@@@std@@@std@@@1@_NPAU?$_Tree_node@U?$pair@$$CBV?$basic_string@DU?$char_traits@D@std@@V?$allocator@D@2@@std@@V12@@std@@PAX@1@AAU?$pair@$$CBV?$basic_string@DU?$char_traits@D@std@@V?$allocator@D@2@@std@@V12@@1@1@Z 00426680 f i ccConfig.obj
 0002:00012bd0       ??$_Insert_nohint@AAU?$pair@$$CBV?$basic_string@DU?$char_traits@D@std@@V?$allocator@D@2@@std@@V12@@std@@PAU?$_Tree_node@U?$pair@$$CBV?$basic_string@DU?$char_traits@D@std@@V?$allocator@D@2@@std@@V12@@std@@PAX@2@@?$_Tree@V?$_Tmap_traits@V?$basic_string@DU?$char_traits@D@std@@V?$allocator@D@2@@std@@V12@U?$less@V?$basic_string@DU?$char_traits@D@std@@V?$allocator@D@2@@std@@@2@V?$allocator@U?$pair@$$CBV?$basic_string@DU?$char_traits@D@std@@V?$allocator@D@2@@std@@V12@@std@@@2@$0A@@std@@@std@@IAE?AU?$pair@V?$_Tree_iterator@V?$_Tree_val@U?$_Tree_simple_types@U?$pair@$$CBV?$basic_string@DU?$char_traits@D@std@@V?$allocator@D@2@@std@@V12@@std@@@std@@@std@@@std@@_N@1@_NAAU?$pair@$$CBV?$basic_string@DU?$char_traits@D@std@@V?$allocator@D@2@@std@@V12@@1@PAU?$_Tree_node@U?$pair@$$CBV?$basic_string@DU?$char_traits@D@std@@V?$allocator@D@2@@std@@V12@@std@@PAX@1@@Z 00426bd0 f i ccConfig.obj
 0002:000131b0       ??$_Kfn@$$CBV?$basic_string@DU?$char_traits@D@std@@V?$allocator@D@2@@std@@V12@@?$_Tmap_traits@V?$basic_string@DU?$char_traits@D@std@@V?$allocator@D@2@@std@@V12@U?$less@V?$basic_string@DU?$char_traits@D@std@@V?$allocator@D@2@@std@@@2@V?$allocator@U?$pair@$$CBV?$basic_string@DU?$char_traits@D@std@@V?$allocator@D@2@@std@@V12@@std@@@2@$0A@@std@@SAABV?$basic_string@DU?$char_traits@D@std@@V?$allocator@D@2@@1@ABU?$pair@$$CBV?$basic_string@DU?$char_traits@D@std@@V?$allocator@D@2@@std@@V12@@1@@Z 004271b0 f i ccConfig.obj
 0002:000131c0       ??$_Move@AAD@std@@YA$$QADAAD@Z 004271c0 f i ccConfig.obj
 0002:000131d0       ??$addressof@$$CBU?$pair@$$CBV?$basic_string@DU?$char_traits@D@std@@V?$allocator@D@2@@std@@V12@@std@@@std@@YAPBU?$pair@$$CBV?$basic_string@DU?$char_traits@D@std@@V?$allocator@D@2@@std@@V12@@0@ABU10@@Z 004271d0 f i ccConfig.obj
 0002:000131e0       ??$addressof@PAU?$_List_node@V?$basic_string@DU?$char_traits@D@std@@V?$allocator@D@2@@std@@PAX@std@@@std@@YAPAPAU?$_List_node@V?$basic_string@DU?$char_traits@D@std@@V?$allocator@D@2@@std@@PAX@0@AAPAU10@@Z 004271e0 f i ccConfig.obj
 0002:000131f0       ??$addressof@PAU?$_Tree_node@U?$pair@$$CBV?$basic_string@DU?$char_traits@D@std@@V?$allocator@D@2@@std@@V12@@std@@PAX@std@@@std@@YAPAPAU?$_Tree_node@U?$pair@$$CBV?$basic_string@DU?$char_traits@D@std@@V?$allocator@D@2@@std@@V12@@std@@PAX@0@AAPAU10@@Z 004271f0 f i ccConfig.obj
 0002:00013200       ??$addressof@U?$pair@$$CBV?$basic_string@DU?$char_traits@D@std@@V?$allocator@D@2@@std@@V12@@std@@@std@@YAPAU?$pair@$$CBV?$basic_string@DU?$char_traits@D@std@@V?$allocator@D@2@@std@@V12@@0@AAU10@@Z 00427200 f i ccConfig.obj
 0002:00013210       ??$addressof@V?$basic_string@DU?$char_traits@D@std@@V?$allocator@D@2@@std@@@std@@YAPAV?$basic_string@DU?$char_traits@D@std@@V?$allocator@D@2@@0@AAV10@@Z 00427210 f i ccConfig.obj
 0002:00013220       ??$assign@V?$_String_iterator@V?$_String_val@U?$_Simple_types@D@std@@@std@@@std@@@?$basic_string@DU?$char_traits@D@std@@V?$allocator@D@2@@std@@QAEAAV01@V?$_String_iterator@V?$_String_val@U?$_Simple_types@D@std@@@std@@@1@0@Z 00427220 f i ccConfig.obj
 0002:000133a0       ??$construct@PAU?$_List_node@V?$basic_string@DU?$char_traits@D@std@@V?$allocator@D@2@@std@@PAX@std@@AAPAU12@@?$_Wrap_alloc@V?$allocator@U?$_List_node@V?$basic_string@DU?$char_traits@D@std@@V?$allocator@D@2@@std@@PAX@std@@@std@@@std@@QAEXPAPAU?$_List_node@V?$basic_string@DU?$char_traits@D@std@@V?$allocator@D@2@@std@@PAX@1@AAPAU21@@Z 004273a0 f i ccConfig.obj
 0002:000133e0       ??$construct@PAU?$_List_node@V?$basic_string@DU?$char_traits@D@std@@V?$allocator@D@2@@std@@PAX@std@@AAPAU12@@?$allocator@U?$_List_node@V?$basic_string@DU?$char_traits@D@std@@V?$allocator@D@2@@std@@PAX@std@@@std@@QAEXPAPAU?$_List_node@V?$basic_string@DU?$char_traits@D@std@@V?$allocator@D@2@@std@@PAX@1@AAPAU21@@Z 004273e0 f i ccConfig.obj
 0002:00013490       ??$construct@PAU?$_List_node@V?$basic_string@DU?$char_traits@D@std@@V?$allocator@D@2@@std@@PAX@std@@AAPAU12@@?$allocator_traits@V?$allocator@U?$_List_node@V?$basic_string@DU?$char_traits@D@std@@V?$allocator@D@2@@std@@PAX@std@@@std@@@std@@SAXAAV?$allocator@U?$_List_node@V?$basic_string@DU?$char_traits@D@std@@V?$allocator@D@2@@std@@PAX@std@@@1@PAPAU?$_List_node@V?$basic_string@DU?$char_traits@D@std@@V?$allocator@D@2@@std@@PAX@1@AAPAU31@@Z 00427490 f i ccConfig.obj
 0002:000134c0       ??$construct@PAU?$_Tree_node@U?$pair@$$CBV?$basic_string@DU?$char_traits@D@std@@V?$allocator@D@2@@std@@V12@@std@@PAX@std@@AAPAU12@@?$_Wrap_alloc@V?$allocator@U?$_Tree_node@U?$pair@$$CBV?$basic_string@DU?$char_traits@D@std@@V?$allocator@D@2@@std@@V12@@std@@PAX@std@@@std@@@std@@QAEXPAPAU?$_Tree_node@U?$pair@$$CBV?$basic_string@DU?$char_traits@D@std@@V?$allocator@D@2@@std@@V12@@std@@PAX@1@AAPAU21@@Z 004274c0 f i ccConfig.obj
 0002:00013500       ??$construct@PAU?$_Tree_node@U?$pair@$$CBV?$basic_string@DU?$char_traits@D@std@@V?$allocator@D@2@@std@@V12@@std@@PAX@std@@AAPAU12@@?$allocator@U?$_Tree_node@U?$pair@$$CBV?$basic_string@DU?$char_traits@D@std@@V?$allocator@D@2@@std@@V12@@std@@PAX@std@@@std@@QAEXPAPAU?$_Tree_node@U?$pair@$$CBV?$basic_string@DU?$char_traits@D@std@@V?$allocator@D@2@@std@@V12@@std@@PAX@1@AAPAU21@@Z 00427500 f i ccConfig.obj
 0002:000135b0       ??$construct@PAU?$_Tree_node@U?$pair@$$CBV?$basic_string@DU?$char_traits@D@std@@V?$allocator@D@2@@std@@V12@@std@@PAX@std@@AAPAU12@@?$allocator_traits@V?$allocator@U?$_Tree_node@U?$pair@$$CBV?$basic_string@DU?$char_traits@D@std@@V?$allocator@D@2@@std@@V12@@std@@PAX@std@@@std@@@std@@SAXAAV?$allocator@U?$_Tree_node@U?$pair@$$CBV?$basic_string@DU?$char_traits@D@std@@V?$allocator@D@2@@std@@V12@@std@@PAX@std@@@1@PAPAU?$_Tree_node@U?$pair@$$CBV?$basic_string@DU?$char_traits@D@std@@V?$allocator@D@2@@std@@V12@@std@@PAX@1@AAPAU31@@Z 004275b0 f i ccConfig.obj
 0002:000135e0       ??$construct@U?$pair@$$CBV?$basic_string@DU?$char_traits@D@std@@V?$allocator@D@2@@std@@V12@@std@@U?$pair@V?$basic_string@DU?$char_traits@D@std@@V?$allocator@D@2@@std@@V12@@2@@?$_Wrap_alloc@V?$allocator@U?$_Tree_node@U?$pair@$$CBV?$basic_string@DU?$char_traits@D@std@@V?$allocator@D@2@@std@@V12@@std@@PAX@std@@@std@@@std@@QAEXPAU?$pair@$$CBV?$basic_string@DU?$char_traits@D@std@@V?$allocator@D@2@@std@@V12@@1@$$QAU?$pair@V?$basic_string@DU?$char_traits@D@std@@V?$allocator@D@2@@std@@V12@@1@@Z 004275e0 f i ccConfig.obj
 0002:00013620       ??$construct@U?$pair@$$CBV?$basic_string@DU?$char_traits@D@std@@V?$allocator@D@2@@std@@V12@@std@@U?$pair@V?$basic_string@DU?$char_traits@D@std@@V?$allocator@D@2@@std@@V12@@2@@?$allocator@U?$_Tree_node@U?$pair@$$CBV?$basic_string@DU?$char_traits@D@std@@V?$allocator@D@2@@std@@V12@@std@@PAX@std@@@std@@QAEXPAU?$pair@$$CBV?$basic_string@DU?$char_traits@D@std@@V?$allocator@D@2@@std@@V12@@1@$$QAU?$pair@V?$basic_string@DU?$char_traits@D@std@@V?$allocator@D@2@@std@@V12@@1@@Z 00427620 f i ccConfig.obj
 0002:000136d0       ??$construct@U?$pair@$$CBV?$basic_string@DU?$char_traits@D@std@@V?$allocator@D@2@@std@@V12@@std@@U?$pair@V?$basic_string@DU?$char_traits@D@std@@V?$allocator@D@2@@std@@V12@@2@@?$allocator_traits@V?$allocator@U?$_Tree_node@U?$pair@$$CBV?$basic_string@DU?$char_traits@D@std@@V?$allocator@D@2@@std@@V12@@std@@PAX@std@@@std@@@std@@SAXAAV?$allocator@U?$_Tree_node@U?$pair@$$CBV?$basic_string@DU?$char_traits@D@std@@V?$allocator@D@2@@std@@V12@@std@@PAX@std@@@1@PAU?$pair@$$CBV?$basic_string@DU?$char_traits@D@std@@V?$allocator@D@2@@std@@V12@@1@$$QAU?$pair@V?$basic_string@DU?$char_traits@D@std@@V?$allocator@D@2@@std@@V12@@1@@Z 004276d0 f i ccConfig.obj
 0002:00013700       ??$construct@V?$basic_string@DU?$char_traits@D@std@@V?$allocator@D@2@@std@@V12@@?$_Wrap_alloc@V?$allocator@U?$_List_node@V?$basic_string@DU?$char_traits@D@std@@V?$allocator@D@2@@std@@PAX@std@@@std@@@std@@QAEXPAV?$basic_string@DU?$char_traits@D@std@@V?$allocator@D@2@@1@$$QAV21@@Z 00427700 f i ccConfig.obj
 0002:00013740       ??$construct@V?$basic_string@DU?$char_traits@D@std@@V?$allocator@D@2@@std@@V12@@?$allocator@U?$_List_node@V?$basic_string@DU?$char_traits@D@std@@V?$allocator@D@2@@std@@PAX@std@@@std@@QAEXPAV?$basic_string@DU?$char_traits@D@std@@V?$allocator@D@2@@1@$$QAV21@@Z 00427740 f i ccConfig.obj
 0002:000137f0       ??$construct@V?$basic_string@DU?$char_traits@D@std@@V?$allocator@D@2@@std@@V12@@?$allocator_traits@V?$allocator@U?$_List_node@V?$basic_string@DU?$char_traits@D@std@@V?$allocator@D@2@@std@@PAX@std@@@std@@@std@@SAXAAV?$allocator@U?$_List_node@V?$basic_string@DU?$char_traits@D@std@@V?$allocator@D@2@@std@@PAX@std@@@1@PAV?$basic_string@DU?$char_traits@D@std@@V?$allocator@D@2@@1@$$QAV31@@Z 004277f0 f i ccConfig.obj
 0002:00013820       ??$destroy@PAU?$_Tree_node@U?$pair@$$CBV?$basic_string@DU?$char_traits@D@std@@V?$allocator@D@2@@std@@V12@@std@@PAX@std@@@?$_Wrap_alloc@V?$allocator@U?$_Tree_node@U?$pair@$$CBV?$basic_string@DU?$char_traits@D@std@@V?$allocator@D@2@@std@@V12@@std@@PAX@std@@@std@@@std@@QAEXPAPAU?$_Tree_node@U?$pair@$$CBV?$basic_string@DU?$char_traits@D@std@@V?$allocator@D@2@@std@@V12@@std@@PAX@1@@Z 00427820 f i ccConfig.obj
 0002:00013850       ??$destroy@PAU?$_Tree_node@U?$pair@$$CBV?$basic_string@DU?$char_traits@D@std@@V?$allocator@D@2@@std@@V12@@std@@PAX@std@@@?$allocator@U?$_Tree_node@U?$pair@$$CBV?$basic_string@DU?$char_traits@D@std@@V?$allocator@D@2@@std@@V12@@std@@PAX@std@@@std@@QAEXPAPAU?$_Tree_node@U?$pair@$$CBV?$basic_string@DU?$char_traits@D@std@@V?$allocator@D@2@@std@@V12@@std@@PAX@1@@Z 00427850 f i ccConfig.obj
 0002:00013860       ??$destroy@PAU?$_Tree_node@U?$pair@$$CBV?$basic_string@DU?$char_traits@D@std@@V?$allocator@D@2@@std@@V12@@std@@PAX@std@@@?$allocator_traits@V?$allocator@U?$_Tree_node@U?$pair@$$CBV?$basic_string@DU?$char_traits@D@std@@V?$allocator@D@2@@std@@V12@@std@@PAX@std@@@std@@@std@@SAXAAV?$allocator@U?$_Tree_node@U?$pair@$$CBV?$basic_string@DU?$char_traits@D@std@@V?$allocator@D@2@@std@@V12@@std@@PAX@std@@@1@PAPAU?$_Tree_node@U?$pair@$$CBV?$basic_string@DU?$char_traits@D@std@@V?$allocator@D@2@@std@@V12@@std@@PAX@1@@Z 00427860 f i ccConfig.obj
 0002:00013880       ??$destroy@U?$pair@$$CBV?$basic_string@DU?$char_traits@D@std@@V?$allocator@D@2@@std@@V12@@std@@@?$_Wrap_alloc@V?$allocator@U?$_Tree_node@U?$pair@$$CBV?$basic_string@DU?$char_traits@D@std@@V?$allocator@D@2@@std@@V12@@std@@PAX@std@@@std@@@std@@QAEXPAU?$pair@$$CBV?$basic_string@DU?$char_traits@D@std@@V?$allocator@D@2@@std@@V12@@1@@Z 00427880 f i ccConfig.obj
 0002:000138b0       ??$destroy@U?$pair@$$CBV?$basic_string@DU?$char_traits@D@std@@V?$allocator@D@2@@std@@V12@@std@@@?$allocator@U?$_Tree_node@U?$pair@$$CBV?$basic_string@DU?$char_traits@D@std@@V?$allocator@D@2@@std@@V12@@std@@PAX@std@@@std@@QAEXPAU?$pair@$$CBV?$basic_string@DU?$char_traits@D@std@@V?$allocator@D@2@@std@@V12@@1@@Z 004278b0 f i ccConfig.obj
 0002:000138d0       ??$destroy@U?$pair@$$CBV?$basic_string@DU?$char_traits@D@std@@V?$allocator@D@2@@std@@V12@@std@@@?$allocator_traits@V?$allocator@U?$_Tree_node@U?$pair@$$CBV?$basic_string@DU?$char_traits@D@std@@V?$allocator@D@2@@std@@V12@@std@@PAX@std@@@std@@@std@@SAXAAV?$allocator@U?$_Tree_node@U?$pair@$$CBV?$basic_string@DU?$char_traits@D@std@@V?$allocator@D@2@@std@@V12@@std@@PAX@std@@@1@PAU?$pair@$$CBV?$basic_string@DU?$char_traits@D@std@@V?$allocator@D@2@@std@@V12@@1@@Z 004278d0 f i ccConfig.obj
 0002:000138f0       ??$forward@AAPAU?$_List_node@V?$basic_string@DU?$char_traits@D@std@@V?$allocator@D@2@@std@@PAX@std@@@std@@YAAAPAU?$_List_node@V?$basic_string@DU?$char_traits@D@std@@V?$allocator@D@2@@std@@PAX@0@AAPAU10@@Z 004278f0 f i ccConfig.obj
 0002:00013900       ??$forward@AAPAU?$_Tree_node@U?$pair@$$CBV?$basic_string@DU?$char_traits@D@std@@V?$allocator@D@2@@std@@V12@@std@@PAX@std@@@std@@YAAAPAU?$_Tree_node@U?$pair@$$CBV?$basic_string@DU?$char_traits@D@std@@V?$allocator@D@2@@std@@V12@@std@@PAX@0@AAPAU10@@Z 00427900 f i ccConfig.obj
 0002:00013910       ??$forward@AAU?$pair@$$CBV?$basic_string@DU?$char_traits@D@std@@V?$allocator@D@2@@std@@V12@@std@@@std@@YAAAU?$pair@$$CBV?$basic_string@DU?$char_traits@D@std@@V?$allocator@D@2@@std@@V12@@0@AAU10@@Z 00427910 f i ccConfig.obj
 0002:00013920       ??$forward@AAV?$_Tree_iterator@V?$_Tree_val@U?$_Tree_simple_types@U?$pair@$$CBV?$basic_string@DU?$char_traits@D@std@@V?$allocator@D@2@@std@@V12@@std@@@std@@@std@@@std@@@std@@YAAAV?$_Tree_iterator@V?$_Tree_val@U?$_Tree_simple_types@U?$pair@$$CBV?$basic_string@DU?$char_traits@D@std@@V?$allocator@D@2@@std@@V12@@std@@@std@@@std@@@0@AAV10@@Z 00427920 f i ccConfig.obj
 0002:00013930       ??$forward@AAV?$basic_string@DU?$char_traits@D@std@@V?$allocator@D@2@@std@@@std@@YAAAV?$basic_string@DU?$char_traits@D@std@@V?$allocator@D@2@@0@AAV10@@Z 00427930 f i ccConfig.obj
 0002:00013940       ??$forward@U?$pair@V?$basic_string@DU?$char_traits@D@std@@V?$allocator@D@2@@std@@V12@@std@@@std@@YA$$QAU?$pair@V?$basic_string@DU?$char_traits@D@std@@V?$allocator@D@2@@std@@V12@@0@AAU10@@Z 00427940 f i ccConfig.obj
 0002:00013950       ??$forward@V?$_Tree_iterator@V?$_Tree_val@U?$_Tree_simple_types@U?$pair@$$CBV?$basic_string@DU?$char_traits@D@std@@V?$allocator@D@2@@std@@V12@@std@@@std@@@std@@@std@@@std@@YA$$QAV?$_Tree_iterator@V?$_Tree_val@U?$_Tree_simple_types@U?$pair@$$CBV?$basic_string@DU?$char_traits@D@std@@V?$allocator@D@2@@std@@V12@@std@@@std@@@std@@@0@AAV10@@Z 00427950 f i ccConfig.obj
 0002:00013960       ??$forward@_N@std@@YA$$QA_NAA_N@Z 00427960 f i ccConfig.obj
 0002:00013970       ??$insert@U?$pair@V?$basic_string@DU?$char_traits@D@std@@V?$allocator@D@2@@std@@V12@@std@@@?$_Tree@V?$_Tmap_traits@V?$basic_string@DU?$char_traits@D@std@@V?$allocator@D@2@@std@@V12@U?$less@V?$basic_string@DU?$char_traits@D@std@@V?$allocator@D@2@@std@@@2@V?$allocator@U?$pair@$$CBV?$basic_string@DU?$char_traits@D@std@@V?$allocator@D@2@@std@@V12@@std@@@2@$0A@@std@@@std@@QAE?AU?$pair@V?$_Tree_iterator@V?$_Tree_val@U?$_Tree_simple_types@U?$pair@$$CBV?$basic_string@DU?$char_traits@D@std@@V?$allocator@D@2@@std@@V12@@std@@@std@@@std@@@std@@_N@1@$$QAU?$pair@V?$basic_string@DU?$char_traits@D@std@@V?$allocator@D@2@@std@@V12@@1@@Z 00427970 f i ccConfig.obj
 0002:000139e0       ??$swap@D@std@@YAXAAD0@Z   004279e0 f i ccConfig.obj
 0002:00013a30       ??0?$_Iterator012@Ubidirectional_iterator_tag@std@@U?$pair@$$CBV?$basic_string@DU?$char_traits@D@std@@V?$allocator@D@2@@std@@V12@@2@HPBU32@ABU32@U_Iterator_base12@2@@std@@QAE@ABU01@@Z 00427a30 f i ccConfig.obj
 0002:00013a60       ??0?$_Iterator012@Ubidirectional_iterator_tag@std@@U?$pair@$$CBV?$basic_string@DU?$char_traits@D@std@@V?$allocator@D@2@@std@@V12@@2@HPBU32@ABU32@U_Iterator_base12@2@@std@@QAE@XZ 00427a60 f i ccConfig.obj
 0002:00013a80       ??0?$_Iterator012@Urandom_access_iterator_tag@std@@DHPBDABDU_Iterator_base12@2@@std@@QAE@ABU01@@Z 00427a80 f i ccConfig.obj
 0002:00013ab0       ??0?$_Iterator012@Urandom_access_iterator_tag@std@@DHPBDABDU_Iterator_base12@2@@std@@QAE@XZ 00427ab0 f i ccConfig.obj
 0002:00013ad0       ??0?$_List_unchecked_const_iterator@V?$_List_val@U?$_List_simple_types@V?$basic_string@DU?$char_traits@D@std@@V?$allocator@D@2@@std@@@std@@@std@@U_Iterator_base0@2@@std@@QAE@PAU?$_List_node@V?$basic_string@DU?$char_traits@D@std@@V?$allocator@D@2@@std@@PAX@1@PBV?$_List_val@U?$_List_simple_types@V?$basic_string@DU?$char_traits@D@std@@V?$allocator@D@2@@std@@@std@@@1@@Z 00427ad0 f i ccConfig.obj
 0002:00013b00       ??0?$_List_unchecked_iterator@V?$_List_val@U?$_List_simple_types@V?$basic_string@DU?$char_traits@D@std@@V?$allocator@D@2@@std@@@std@@@std@@@std@@QAE@PAU?$_List_node@V?$basic_string@DU?$char_traits@D@std@@V?$allocator@D@2@@std@@PAX@1@PBV?$_List_val@U?$_List_simple_types@V?$basic_string@DU?$char_traits@D@std@@V?$allocator@D@2@@std@@@std@@@1@@Z 00427b00 f i ccConfig.obj
 0002:00013b30       ??0?$_String_const_iterator@V?$_String_val@U?$_Simple_types@D@std@@@std@@@std@@QAE@ABV01@@Z 00427b30 f i ccConfig.obj
 0002:00013b70       ??0?$_String_const_iterator@V?$_String_val@U?$_Simple_types@D@std@@@std@@@std@@QAE@PBDPBU_Container_base12@1@@Z 00427b70 f i ccConfig.obj
 0002:00013bf0       ??0?$_String_iterator@V?$_String_val@U?$_Simple_types@D@std@@@std@@@std@@QAE@ABV01@@Z 00427bf0 f i ccConfig.obj
 0002:00013c20       ??0?$_String_iterator@V?$_String_val@U?$_Simple_types@D@std@@@std@@@std@@QAE@PADPBU_Container_base12@1@@Z 00427c20 f i ccConfig.obj
[...]
 0005:0000062c       __imp_?sizeHintForColumn@QTreeView@@MBEHH@Z 0045162c     Qt5Widgetsd:Qt5Widgetsd.dll
 0005:00000630       __imp_?sizeHintForRow@QAbstractItemView@@UBEHH@Z 00451630     Qt5Widgetsd:Qt5Widgetsd.dll
 0005:00000634       __imp_?spacerItem@QLayoutItem@@UAEPAVQSpacerItem@@XZ 00451634     Qt5Widgetsd:Qt5Widgetsd.dll
 0005:00000638       __imp_?startDrag@QAbstractItemView@@MAEXV?$QFlags@W4DropAction@Qt@@@@@Z 00451638     Qt5Widgetsd:Qt5Widgetsd.dll
 0005:0000063c       __imp_?supportedDropActions@QTreeWidget@@MBE?AV?$QFlags@W4DropAction@Qt@@@@XZ 0045163c     Qt5Widgetsd:Qt5Widgetsd.dll
 0005:00000640       __imp_?tabletEvent@QWidget@@MAEXPAVQTabletEvent@@@Z 00451640     Qt5Widgetsd:Qt5Widgetsd.dll
 0005:00000644       __imp_?takeAt@QBoxLayout@@UAEPAVQLayoutItem@@H@Z 00451644     Qt5Widgetsd:Qt5Widgetsd.dll
 0005:00000648       __imp_?timerEvent@QMenu@@MAEXPAVQTimerEvent@@@Z 00451648     Qt5Widgetsd:Qt5Widgetsd.dll
 0005:0000064c       __imp_?timerEvent@QMenuBar@@MAEXPAVQTimerEvent@@@Z 0045164c     Qt5Widgetsd:Qt5Widgetsd.dll
 0005:00000650       __imp_?timerEvent@QTreeView@@MAEXPAVQTimerEvent@@@Z 00451650     Qt5Widgetsd:Qt5Widgetsd.dll
 0005:00000654       __imp_?updateEditorData@QAbstractItemView@@MAEXXZ 00451654     Qt5Widgetsd:Qt5Widgetsd.dll
 0005:00000658       __imp_?updateEditorGeometries@QAbstractItemView@@MAEXXZ 00451658     Qt5Widgetsd:Qt5Widgetsd.dll
 0005:0000065c       __imp_?updateGeometries@QTreeView@@MAEXXZ 0045165c     Qt5Widgetsd:Qt5Widgetsd.dll
 0005:00000660       __imp_?verticalOffset@QTreeView@@MBEHXZ 00451660     Qt5Widgetsd:Qt5Widgetsd.dll
 0005:00000664       __imp_?verticalScrollbarAction@QAbstractItemView@@MAEXH@Z 00451664     Qt5Widgetsd:Qt5Widgetsd.dll
 0005:00000668       __imp_?verticalScrollbarValueChanged@QAbstractItemView@@MAEXH@Z 00451668     Qt5Widgetsd:Qt5Widgetsd.dll
 0005:0000066c       __imp_?viewOptions@QAbstractItemView@@MBE?AVQStyleOptionViewItem@@XZ 0045166c     Qt5Widgetsd:Qt5Widgetsd.dll
 0005:00000670       __imp_?viewportEvent@QTreeView@@MAE_NPAVQEvent@@@Z 00451670     Qt5Widgetsd:Qt5Widgetsd.dll
 0005:00000674       __imp_?viewportSizeHint@QTreeView@@MBE?AVQSize@@XZ 00451674     Qt5Widgetsd:Qt5Widgetsd.dll
 0005:00000678       __imp_?visualRect@QTreeView@@UBE?AVQRect@@ABVQModelIndex@@@Z 00451678     Qt5Widgetsd:Qt5Widgetsd.dll
 0005:0000067c       __imp_?visualRegionForSelection@QTreeView@@MBE?AVQRegion@@ABVQItemSelection@@@Z 0045167c     Qt5Widgetsd:Qt5Widgetsd.dll
 0005:00000680       __imp_?wheelEvent@QAbstractScrollArea@@MAEXPAVQWheelEvent@@@Z 00451680     Qt5Widgetsd:Qt5Widgetsd.dll
 0005:00000684       __imp_?wheelEvent@QMenu@@MAEXPAVQWheelEvent@@@Z 00451684     Qt5Widgetsd:Qt5Widgetsd.dll
 0005:00000688       __imp_?wheelEvent@QWidget@@MAEXPAVQWheelEvent@@@Z 00451688     Qt5Widgetsd:Qt5Widgetsd.dll
 0005:0000068c       __imp_?widget@QLayoutItem@@UAEPAVQWidget@@XZ 0045168c     Qt5Widgetsd:Qt5Widgetsd.dll
 0005:00000690       __imp_?write@QTreeWidgetItem@@UBEXAAVQDataStream@@@Z 00451690     Qt5Widgetsd:Qt5Widgetsd.dll
 0005:00000694       __imp_?qt_metacast@QMainWindow@@UAEPAXPBD@Z 00451694     Qt5Widgetsd:Qt5Widgetsd.dll
 0005:00000698       __imp_?qt_metacall@QMainWindow@@UAEHW4Call@QMetaObject@@HPAPAX@Z 00451698     Qt5Widgetsd:Qt5Widgetsd.dll
 0005:0000069c       __imp_?staticMetaObject@QMainWindow@@2UQMetaObject@@B 0045169c     Qt5Widgetsd:Qt5Widgetsd.dll
 0005:000006a0       __imp_?childEvent@QLayout@@MAEXPAVQChildEvent@@@Z 004516a0     Qt5Widgetsd:Qt5Widgetsd.dll
 0005:000006a4       __imp_?changeEvent@QWidget@@MAEXPAVQEvent@@@Z 004516a4     Qt5Widgetsd:Qt5Widgetsd.dll
 0005:000006a8       __imp_?changeEvent@QMenuBar@@MAEXPAVQEvent@@@Z 004516a8     Qt5Widgetsd:Qt5Widgetsd.dll
 0005:000006ac       __imp_?changeEvent@QMenu@@MAEXPAVQEvent@@@Z 004516ac     Qt5Widgetsd:Qt5Widgetsd.dll
 0005:000006b0       __imp_?changeEvent@QFrame@@MAEXPAVQEvent@@@Z 004516b0     Qt5Widgetsd:Qt5Widgetsd.dll
 0005:000006b4       __imp_?addItem@QBoxLayout@@UAEXPAVQLayoutItem@@@Z 004516b4     Qt5Widgetsd:Qt5Widgetsd.dll
 0005:000006b8       __imp_?actionEvent@QWidget@@MAEXPAVQActionEvent@@@Z 004516b8     Qt5Widgetsd:Qt5Widgetsd.dll
 0005:000006bc       __imp_?actionEvent@QMenuBar@@MAEXPAVQActionEvent@@@Z 004516bc     Qt5Widgetsd:Qt5Widgetsd.dll
 0005:000006c0       __imp_?actionEvent@QMenu@@MAEXPAVQActionEvent@@@Z 004516c0     Qt5Widgetsd:Qt5Widgetsd.dll
 0005:000006c4       __imp_??MQTreeWidgetItem@@UBE_NABV0@@Z 004516c4     Qt5Widgetsd:Qt5Widgetsd.dll
 0005:000006c8       __imp_?critical@QMessageBox@@SA?AW4StandardButton@1@PAVQWidget@@ABVQString@@1V?$QFlags@W4StandardButton@QMessageBox@@@@W421@@Z 004516c8     Qt5Widgetsd:Qt5Widgetsd.dll
 0005:000006cc       __imp_?information@QMessageBox@@SA?AW4StandardButton@1@PAVQWidget@@ABVQString@@1V?$QFlags@W4StandardButton@QMessageBox@@@@W421@@Z 004516cc     Qt5Widgetsd:Qt5Widgetsd.dll
 0005:000006d0       __imp_??1QVBoxLayout@@UAE@XZ 004516d0     Qt5Widgetsd:Qt5Widgetsd.dll
 0005:000006d4       __imp_??0QVBoxLayout@@QAE@PAVQWidget@@@Z 004516d4     Qt5Widgetsd:Qt5Widgetsd.dll
 0005:000006d8       __imp_?setSpacing@QBoxLayout@@QAEXH@Z 004516d8     Qt5Widgetsd:Qt5Widgetsd.dll
 0005:000006dc       __imp_?addWidget@QBoxLayout@@QAEXPAVQWidget@@HV?$QFlags@W4AlignmentFlag@Qt@@@@@Z 004516dc     Qt5Widgetsd:Qt5Widgetsd.dll
 0005:000006e0       __imp_?setContentsMargins@QLayout@@QAEXHHHH@Z 004516e0     Qt5Widgetsd:Qt5Widgetsd.dll
 0005:000006e4       __imp_?findItems@QTreeWidget@@QBE?AV?$QList@PAVQTreeWidgetItem@@@@ABVQString@@V?$QFlags@W4MatchFlag@Qt@@@@H@Z 004516e4     Qt5Widgetsd:Qt5Widgetsd.dll
 0005:000006e8       __imp_?headerItem@QTreeWidget@@QBEPAVQTreeWidgetItem@@XZ 004516e8     Qt5Widgetsd:Qt5Widgetsd.dll
 0005:000006ec       __imp_??1QTreeWidget@@UAE@XZ 004516ec     Qt5Widgetsd:Qt5Widgetsd.dll
 0005:000006f0       __imp_??0QTreeWidget@@QAE@PAVQWidget@@@Z 004516f0     Qt5Widgetsd:Qt5Widgetsd.dll
 0005:000006f4       __imp_?setText@QTreeWidgetItem@@QAEXHABVQString@@@Z 004516f4     Qt5Widgetsd:Qt5Widgetsd.dll
 0005:000006f8       __imp_?text@QTreeWidgetItem@@QBE?AVQString@@H@Z 004516f8     Qt5Widgetsd:Qt5Widgetsd.dll
 0005:000006fc       __imp_??1QTreeWidgetItem@@UAE@XZ 004516fc     Qt5Widgetsd:Qt5Widgetsd.dll
 0005:00000700       __imp_??0QTreeWidgetItem@@QAE@PAVQTreeWidget@@ABVQStringList@@H@Z 00451700     Qt5Widgetsd:Qt5Widgetsd.dll
 0005:00000704       __imp_??DQTreeWidgetItemIterator@@QBEPAVQTreeWidgetItem@@XZ 00451704     Qt5Widgetsd:Qt5Widgetsd.dll
 0005:00000708       __imp_??EQTreeWidgetItemIterator@@QAE?BV0@H@Z 00451708     Qt5Widgetsd:Qt5Widgetsd.dll
 0005:0000070c       __imp_??1QTreeWidgetItemIterator@@QAE@XZ 0045170c     Qt5Widgetsd:Qt5Widgetsd.dll
 0005:00000710       __imp_??0QTreeWidgetItemIterator@@QAE@PAVQTreeWidget@@V?$QFlags@W4IteratorFlag@QTreeWidgetItemIterator@@@@@Z 00451710     Qt5Widgetsd:Qt5Widgetsd.dll
 0005:00000714       __imp_??1QStatusBar@@UAE@XZ 00451714     Qt5Widgetsd:Qt5Widgetsd.dll
 0005:00000718       __imp_??0QStatusBar@@QAE@PAVQWidget@@@Z 00451718     Qt5Widgetsd:Qt5Widgetsd.dll
 0005:0000071c       __imp_??1QMenuBar@@UAE@XZ  0045171c     Qt5Widgetsd:Qt5Widgetsd.dll
 0005:00000720       __imp_??0QMenuBar@@QAE@PAVQWidget@@@Z 00451720     Qt5Widgetsd:Qt5Widgetsd.dll
 0005:00000724       __imp_?setTitle@QMenu@@QAEXABVQString@@@Z 00451724     Qt5Widgetsd:Qt5Widgetsd.dll
 0005:00000728       __imp_?menuAction@QMenu@@QBEPAVQAction@@XZ 00451728     Qt5Widgetsd:Qt5Widgetsd.dll
 0005:0000072c       __imp_??1QMenu@@UAE@XZ     0045172c     Qt5Widgetsd:Qt5Widgetsd.dll
 0005:00000730       __imp_??0QMenu@@QAE@PAVQWidget@@@Z 00451730     Qt5Widgetsd:Qt5Widgetsd.dll
 0005:00000734       __imp_?setShortcut@QAction@@QAEXABVQKeySequence@@@Z 00451734     Qt5Widgetsd:Qt5Widgetsd.dll
 0005:00000738       __imp_?setText@QAction@@QAEXABVQString@@@Z 00451738     Qt5Widgetsd:Qt5Widgetsd.dll
 0005:0000073c       __imp_??1QAction@@UAE@XZ   0045173c     Qt5Widgetsd:Qt5Widgetsd.dll
 0005:00000740       __imp_??0QAction@@QAE@PAVQObject@@@Z 00451740     Qt5Widgetsd:Qt5Widgetsd.dll
 0005:00000744       __imp_?setCentralWidget@QMainWindow@@QAEXPAVQWidget@@@Z 00451744     Qt5Widgetsd:Qt5Widgetsd.dll
 0005:00000748       __imp_?setStatusBar@QMainWindow@@QAEXPAVQStatusBar@@@Z 00451748     Qt5Widgetsd:Qt5Widgetsd.dll
 0005:0000074c       __imp_?setMenuBar@QMainWindow@@QAEXPAVQMenuBar@@@Z 0045174c     Qt5Widgetsd:Qt5Widgetsd.dll
 0005:00000750       __imp_??1QMainWindow@@UAE@XZ 00451750     Qt5Widgetsd:Qt5Widgetsd.dll
 0005:00000754       __imp_??0QMainWindow@@QAE@PAVQWidget@@V?$QFlags@W4WindowType@Qt@@@@@Z 00451754     Qt5Widgetsd:Qt5Widgetsd.dll
 0005:00000758       __imp_?addAction@QWidget@@QAEXPAVQAction@@@Z 00451758     Qt5Widgetsd:Qt5Widgetsd.dll
 0005:0000075c       __imp_?setGeometry@QWidget@@QAEXABVQRect@@@Z 0045175c     Qt5Widgetsd:Qt5Widgetsd.dll
 0005:00000760       __imp_?resize@QWidget@@QAEXHH@Z 00451760     Qt5Widgetsd:Qt5Widgetsd.dll
 0005:00000764       __imp_?close@QWidget@@QAE_NXZ 00451764     Qt5Widgetsd:Qt5Widgetsd.dll
 0005:00000768       __imp_?setWindowIcon@QWidget@@QAEXABVQIcon@@@Z 00451768     Qt5Widgetsd:Qt5Widgetsd.dll
 0005:0000076c       __imp_?setWindowTitle@QWidget@@QAEXABVQString@@@Z 0045176c     Qt5Widgetsd:Qt5Widgetsd.dll
 0005:00000770       __imp_?winId@QWidget@@QBEIXZ 00451770     Qt5Widgetsd:Qt5Widgetsd.dll
 0005:00000774       __imp_??1QWidget@@UAE@XZ   00451774     Qt5Widgetsd:Qt5Widgetsd.dll
 0005:00000778       __imp_??0QWidget@@QAE@PAV0@V?$QFlags@W4WindowType@Qt@@@@@Z 00451778     Qt5Widgetsd:Qt5Widgetsd.dll
 0005:0000077c       __imp_?exec@QApplication@@SAHXZ 0045177c     Qt5Widgetsd:Qt5Widgetsd.dll
 0005:00000780       __imp_??1QApplication@@UAE@XZ 00451780     Qt5Widgetsd:Qt5Widgetsd.dll
 0005:00000784       __imp_??0QApplication@@QAE@AAHPAPADH@Z 00451784     Qt5Widgetsd:Qt5Widgetsd.dll
 0005:00000788       __imp_?show@QWidget@@QAEXXZ 00451788     Qt5Widgetsd:Qt5Widgetsd.dll
 0005:0000078c       __imp_?indexAt@QTreeView@@UBE?AVQModelIndex@@ABVQPoint@@@Z 0045178c     Qt5Widgetsd:Qt5Widgetsd.dll
 0005:00000790       __imp_?horizontalScrollbarValueChanged@QAbstractItemView@@MAEXH@Z 00451790     Qt5Widgetsd:Qt5Widgetsd.dll
 0005:00000794       __imp_?horizontalScrollbarAction@QTreeView@@MAEXH@Z 00451794     Qt5Widgetsd:Qt5Widgetsd.dll
 0005:00000798       __imp_?horizontalOffset@QTreeView@@MBEHXZ 00451798     Qt5Widgetsd:Qt5Widgetsd.dll
 0005:0000079c       __imp_?hideEvent@QWidget@@MAEXPAVQHideEvent@@@Z 0045179c     Qt5Widgetsd:Qt5Widgetsd.dll
 0005:000007a0       __imp_?heightForWidth@QWidget@@UBEHH@Z 004517a0     Qt5Widgetsd:Qt5Widgetsd.dll
 0005:000007a4       __imp_?hideEvent@QMenu@@MAEXPAVQHideEvent@@@Z 004517a4     Qt5Widgetsd:Qt5Widgetsd.dll
 0005:000007a8       __imp_?heightForWidth@QMenuBar@@UBEHH@Z 004517a8     Qt5Widgetsd:Qt5Widgetsd.dll
 0005:000007ac       __imp_?heightForWidth@QBoxLayout@@UBEHH@Z 004517ac     Qt5Widgetsd:Qt5Widgetsd.dll
 0005:000007b0       __imp_?hasHeightForWidth@QWidget@@UBE_NXZ 004517b0     Qt5Widgetsd:Qt5Widgetsd.dll
 0005:000007b4       __imp_?hasHeightForWidth@QBoxLayout@@UBE_NXZ 004517b4     Qt5Widgetsd:Qt5Widgetsd.dll
 0005:000007b8       __imp_?geometry@QLayout@@UBE?AVQRect@@XZ 004517b8     Qt5Widgetsd:Qt5Widgetsd.dll
 0005:000007bc       __imp_?focusOutEvent@QWidget@@MAEXPAVQFocusEvent@@@Z 004517bc     Qt5Widgetsd:Qt5Widgetsd.dll
 0005:000007c0       __imp_?focusOutEvent@QMenuBar@@MAEXPAVQFocusEvent@@@Z 004517c0     Qt5Widgetsd:Qt5Widgetsd.dll
 0005:000007c4       __imp_?focusOutEvent@QAbstractItemView@@MAEXPAVQFocusEvent@@@Z 004517c4     Qt5Widgetsd:Qt5Widgetsd.dll
 0005:000007c8       __imp_?focusNextPrevChild@QWidget@@MAE_N_N@Z 004517c8     Qt5Widgetsd:Qt5Widgetsd.dll
 0005:000007cc       __imp_?focusNextPrevChild@QMenu@@MAE_N_N@Z 004517cc     Qt5Widgetsd:Qt5Widgetsd.dll
 0005:000007d0       __imp_?focusNextPrevChild@QAbstractItemView@@MAE_N_N@Z 004517d0     Qt5Widgetsd:Qt5Widgetsd.dll
 0005:000007d4       __imp_?focusInEvent@QWidget@@MAEXPAVQFocusEvent@@@Z 004517d4     Qt5Widgetsd:Qt5Widgetsd.dll
 0005:000007d8       __imp_?focusInEvent@QMenuBar@@MAEXPAVQFocusEvent@@@Z 004517d8     Qt5Widgetsd:Qt5Widgetsd.dll
 0005:000007dc       __imp_?focusInEvent@QAbstractItemView@@MAEXPAVQFocusEvent@@@Z 004517dc     Qt5Widgetsd:Qt5Widgetsd.dll
 0005:000007e0       __imp_?expandingDirections@QBoxLayout@@UBE?AV?$QFlags@W4Orientation@Qt@@@@XZ 004517e0     Qt5Widgetsd:Qt5Widgetsd.dll
 0005:000007e4       __imp_?eventFilter@QMenuBar@@MAE_NPAVQObject@@PAVQEvent@@@Z 004517e4     Qt5Widgetsd:Qt5Widgetsd.dll
 0005:000007e8       __imp_?eventFilter@QAbstractScrollArea@@MAE_NPAVQObject@@PAVQEvent@@@Z 004517e8     Qt5Widgetsd:Qt5Widgetsd.dll
 0005:000007ec       __imp_?event@QWidget@@MAE_NPAVQEvent@@@Z 004517ec     Qt5Widgetsd:Qt5Widgetsd.dll
 0005:000007f0       __imp_?event@QTreeWidget@@MAE_NPAVQEvent@@@Z 004517f0     Qt5Widgetsd:Qt5Widgetsd.dll
 0005:000007f4       __imp_?event@QStatusBar@@MAE_NPAVQEvent@@@Z 004517f4     Qt5Widgetsd:Qt5Widgetsd.dll
 0005:000007f8       __imp_?event@QMenuBar@@MAE_NPAVQEvent@@@Z 004517f8     Qt5Widgetsd:Qt5Widgetsd.dll
 0005:000007fc       __imp_?event@QMenu@@MAE_NPAVQEvent@@@Z 004517fc     Qt5Widgetsd:Qt5Widgetsd.dll
 0005:00000800       __imp_?event@QMainWindow@@MAE_NPAVQEvent@@@Z 00451800     Qt5Widgetsd:Qt5Widgetsd.dll
 0005:00000804       __imp_?event@QAction@@MAE_NPAVQEvent@@@Z 00451804     Qt5Widgetsd:Qt5Widgetsd.dll
 0005:00000808       __imp_?enterEvent@QWidget@@MAEXPAVQEvent@@@Z 00451808     Qt5Widgetsd:Qt5Widgetsd.dll
 0005:0000080c       __imp_?enterEvent@QMenu@@MAEXPAVQEvent@@@Z 0045180c     Qt5Widgetsd:Qt5Widgetsd.dll
 0005:00000810       __imp_?editorDestroyed@QAbstractItemView@@MAEXPAVQObject@@@Z 00451810     Qt5Widgetsd:Qt5Widgetsd.dll
 0005:00000814       __imp_?edit@QAbstractItemView@@MAE_NABVQModelIndex@@W4EditTrigger@1@PAVQEvent@@@Z 00451814     Qt5Widgetsd:Qt5Widgetsd.dll
 0005:00000818       __imp_?dropMimeData@QTreeWidget@@MAE_NPAVQTreeWidgetItem@@HPBVQMimeData@@W4DropAction@Qt@@@Z 00451818     Qt5Widgetsd:Qt5Widgetsd.dll
 0005:0000081c       __imp_?dropEvent@QWidget@@MAEXPAVQDropEvent@@@Z 0045181c     Qt5Widgetsd:Qt5Widgetsd.dll
 0005:00000820       __imp_?dropEvent@QTreeWidget@@MAEXPAVQDropEvent@@@Z 00451820     Qt5Widgetsd:Qt5Widgetsd.dll
 0005:00000824       __imp_?drawRow@QTreeView@@MBEXPAVQPainter@@ABVQStyleOptionViewItem@@ABVQModelIndex@@@Z 00451824     Qt5Widgetsd:Qt5Widgetsd.dll
 0005:00000828       __imp_?drawBranches@QTreeView@@MBEXPAVQPainter@@ABVQRect@@ABVQModelIndex@@@Z 00451828     Qt5Widgetsd:Qt5Widgetsd.dll
 0005:0000082c       __imp_?dragMoveEvent@QWidget@@MAEXPAVQDragMoveEvent@@@Z 0045182c     Qt5Widgetsd:Qt5Widgetsd.dll
 0005:00000830       __imp_?dragMoveEvent@QTreeView@@MAEXPAVQDragMoveEvent@@@Z 00451830     Qt5Widgetsd:Qt5Widgetsd.dll
 0005:00000834       __imp_?dragLeaveEvent@QWidget@@MAEXPAVQDragLeaveEvent@@@Z 00451834     Qt5Widgetsd:Qt5Widgetsd.dll
 0005:00000838       __imp_?dragLeaveEvent@QAbstractItemView@@MAEXPAVQDragLeaveEvent@@@Z 00451838     Qt5Widgetsd:Qt5Widgetsd.dll
 0005:0000083c       __imp_?dragEnterEvent@QWidget@@MAEXPAVQDragEnterEvent@@@Z 0045183c     Qt5Widgetsd:Qt5Widgetsd.dll
 0005:00000840       __imp_?dragEnterEvent@QAbstractItemView@@MAEXPAVQDragEnterEvent@@@Z 00451840     Qt5Widgetsd:Qt5Widgetsd.dll
 0005:00000844       __imp_?doItemsLayout@QTreeView@@UAEXXZ 00451844     Qt5Widgetsd:Qt5Widgetsd.dll
 0005:00000848       __imp_?devType@QWidget@@UBEHXZ 00451848     Qt5Widgetsd:Qt5Widgetsd.dll
 0005:0000084c       __imp_?dataChanged@QTreeView@@UAEXABVQModelIndex@@0ABV?$QVector@H@@@Z 0045184c     Qt5Widgetsd:Qt5Widgetsd.dll
 0005:00000850       __imp_?data@QTreeWidgetItem@@UBE?AVQVariant@@HH@Z 00451850     Qt5Widgetsd:Qt5Widgetsd.dll
 0005:00000854       __imp_?currentChanged@QTreeView@@MAEXABVQModelIndex@@0@Z 00451854     Qt5Widgetsd:Qt5Widgetsd.dll
 0005:00000858       __imp_?createPopupMenu@QMainWindow@@UAEPAVQMenu@@XZ 00451858     Qt5Widgetsd:Qt5Widgetsd.dll
 0005:0000085c       __imp_?count@QBoxLayout@@UBEHXZ 0045185c     Qt5Widgetsd:Qt5Widgetsd.dll
 0005:00000860       __imp_?controlTypes@QLayout@@UBE?AV?$QFlags@W4ControlType@QSizePolicy@@@@XZ 00451860     Qt5Widgetsd:Qt5Widgetsd.dll
 0005:00000864       __imp_?contextMenuEvent@QWidget@@MAEXPAVQContextMenuEvent@@@Z 00451864     Qt5Widgetsd:Qt5Widgetsd.dll
 0005:00000868       __imp_?contextMenuEvent@QMainWindow@@MAEXPAVQContextMenuEvent@@@Z 00451868     Qt5Widgetsd:Qt5Widgetsd.dll
 0005:0000086c       __imp_?contextMenuEvent@QAbstractScrollArea@@MAEXPAVQContextMenuEvent@@@Z 0045186c     Qt5Widgetsd:Qt5Widgetsd.dll
 0005:00000870       __imp_?commitData@QAbstractItemView@@MAEXPAVQWidget@@@Z 00451870     Qt5Widgetsd:Qt5Widgetsd.dll
 0005:00000874       __imp_?sharedPainter@QWidget@@MBEPAVQPainter@@XZ 00451874     Qt5Widgetsd:Qt5Widgetsd.dll
 0005:00000878       __imp_?closeEvent@QWidget@@MAEXPAVQCloseEvent@@@Z 00451878     Qt5Widgetsd:Qt5Widgetsd.dll
 0005:0000087c       __imp_?minimumSizeHint@QMenuBar@@UBE?AVQSize@@XZ 0045187c     Qt5Widgetsd:Qt5Widgetsd.dll
 0005:00000880       __imp_?mousePressEvent@QWidget@@MAEXPAVQMouseEvent@@@Z 00451880     Qt5Widgetsd:Qt5Widgetsd.dll
 0005:00000884       \177Qt5Widgetsd_NULL_THUNK_DATA 00451884     Qt5Widgetsd:Qt5Widgetsd.dll
 0005:00000978       __imp__CommandLineToArgvW@8 00451978     shell32:SHELL32.dll
 0005:0000097c       __imp__ShellExecuteA@24    0045197c     shell32:SHELL32.dll
 0005:00000980       \177SHELL32_NULL_THUNK_DATA 00451980     shell32:SHELL32.dll
 0005:000009ac       __imp__wsprintfA           004519ac     user32:USER32.dll
 0005:000009b0       __imp__GetClassNameA@12    004519b0     user32:USER32.dll
 0005:000009b4       __imp__SetWindowLongA@12   004519b4     user32:USER32.dll
 0005:000009b8       __imp__GetWindowLongA@8    004519b8     user32:USER32.dll
 0005:000009bc       __imp__MessageBoxA@16      004519bc     user32:USER32.dll
 0005:000009c0       __imp__DestroyWindow@4     004519c0     user32:USER32.dll
 0005:000009c4       __imp__IsWindow@4          004519c4     user32:USER32.dll
 0005:000009c8       __imp__CreateWindowExA@48  004519c8     user32:USER32.dll
 0005:000009cc       __imp__UnregisterClassA@8  004519cc     user32:USER32.dll
 0005:000009d0       __imp__RegisterClassA@4    004519d0     user32:USER32.dll
 0005:000009d4       __imp__DefWindowProcA@16   004519d4     user32:USER32.dll
 0005:000009d8       __imp__PostMessageA@16     004519d8     user32:USER32.dll
 0005:000009dc       __imp__SendMessageA@16     004519dc     user32:USER32.dll
 0005:000009e0       \177USER32_NULL_THUNK_DATA 004519e0     user32:USER32.dll
 0005:00000a14       __imp__VerQueryValueA@16   00451a14     version:VERSION.dll
 0005:00000a18       __imp__GetFileVersionInfoA@16 00451a18     version:VERSION.dll
 0005:00000a1c       __imp__GetFileVersionInfoSizeA@8 00451a1c     version:VERSION.dll
 0005:00000a20       \177VERSION_NULL_THUNK_DATA 00451a20     version:VERSION.dll
 0005:00000a4c       __IMPORT_DESCRIPTOR_VERSION 00451a4c     version:VERSION.dll
 0005:00000a60       __IMPORT_DESCRIPTOR_BNCSIF32 00451a60     bncsif32:BNCSIF32.dll
 0005:00000a74       __IMPORT_DESCRIPTOR_Qt5Cored 00451a74     Qt5Cored:Qt5Cored.dll
 0005:00000a88       __IMPORT_DESCRIPTOR_Qt5Guid 00451a88     Qt5Guid:Qt5Guid.dll
 0005:00000a9c       __IMPORT_DESCRIPTOR_Qt5Widgetsd 00451a9c     Qt5Widgetsd:Qt5Widgetsd.dll
 0005:00000ab0       __IMPORT_DESCRIPTOR_KERNEL32 00451ab0     kernel32:KERNEL32.dll
 0005:00000ac4       __IMPORT_DESCRIPTOR_USER32 00451ac4     user32:USER32.dll
 0005:00000ad8       __IMPORT_DESCRIPTOR_ADVAPI32 00451ad8     advapi32:ADVAPI32.dll
 0005:00000aec       __IMPORT_DESCRIPTOR_SHELL32 00451aec     shell32:SHELL32.dll
 0005:00000b00       __IMPORT_DESCRIPTOR_MSVCP120D 00451b00     msvcprtd:MSVCP120D.dll
 0005:00000b14       __IMPORT_DESCRIPTOR_MSVCR120D 00451b14     MSVCRTD:MSVCR120D.dll
 0005:00000b28       __NULL_IMPORT_DESCRIPTOR   00451b28     version:VERSION.dll
