 slinkServerdb

 Timestamp is 5e9dbc92 (Mon Apr 20 16:15:30 2020)

 Preferred load address is 00400000

 Start         Length     Name                   Class
 0001:00000000 0000623aH .text                   CODE
 0001:00006240 00002b0bH .text$di                CODE
 0001:00008d50 00073a25H .text$mn                CODE
 0001:0007c780 0000c8edH .text$x                 CODE
 0001:00089070 000018ffH .text$yd                CODE
 0002:00000000 00000104H .CRT$XCA                DATA
 0002:00000104 00000104H .CRT$XCAA               DATA
 0002:00000208 000002e6H .CRT$XCU                DATA
 0002:000004f0 00000104H .CRT$XCZ                DATA
 0002:000005f4 00000104H .CRT$XIA                DATA
 0002:000006f8 00000104H .CRT$XIAA               DATA
 0002:000007fc 00000104H .CRT$XIC                DATA
 0002:00000900 00000104H .CRT$XIY                DATA
 0002:00000a04 00000104H .CRT$XIZ                DATA
 0002:00000b10 000184f3H .rdata                  DATA
 0002:00019004 00000173H .rdata$debug            DATA
 0002:00019178 00001b3cH .rdata$r                DATA
 0002:0001acb4 00000104H .rtc$IAA                DATA
 0002:0001adb8 00000104H .rtc$IZZ                DATA
 0002:0001aebc 00000104H .rtc$TAA                DATA
 0002:0001afc0 00000104H .rtc$TZZ                DATA
 0002:0001b0c8 0000b56aH .xdata$x                DATA
 0002:00026632 00000000H .edata                  DATA
 0003:00000000 00000695H .data                   DATA
 0003:00000698 0000094dH .data$r                 DATA
 0003:00000fe8 00000724H .bss                    DATA
 0004:00000000 000012d0H .idata$5                DATA
 0004:000012d0 000000f0H .idata$2                DATA
 0004:000013c0 00000014H .idata$3                DATA
 0004:000013d4 000012d0H .idata$4                DATA
 0004:000026a4 0000a401H .idata$6                DATA
 0005:00000000 00000319H .rsrc$01                DATA
 0005:00000320 0000ad03H .rsrc$02                DATA

  Address         Publics by Value              Rva+Base       Lib:Object

 0000:00000000       ___guard_fids_count        00000000     <absolute>
 0000:00000000       ___safe_se_handler_table   00000000     <absolute>
 0000:00000000       ___guard_fids_table        00000000     <absolute>
 0000:00000000       __except_list              00000000     <absolute>
 0000:00000000       ___guard_flags             00000000     <absolute>
 0000:00000000       ___safe_se_handler_count   00000000     <absolute>
 0000:00009876       __ldused                   00009876     <absolute>
 0000:00009876       __fltused                  00009876     <absolute>
 0000:00000000       ___ImageBase               00400000     <linker-defined>
 0001:000060a9       _HtmlHelpA@16              004070a9 f   htmlhelp:init.obj
 0001:000061a1       _HtmlHelpW@16              004071a1 f   htmlhelp:init.obj
 0001:00008d50       ??0cBncsVersion@@QAE@PBD@Z 00409d50 f   cBncsVersion.obj
 0001:00009670       ??1cBncsVersion@@UAE@XZ    0040a670 f   cBncsVersion.obj
 0001:00009ac0       ??_EcBncsVersion@@UAEPAXI@Z 0040aac0 f i cBncsVersion.obj
 0001:00009ac0       ??_GcBncsVersion@@UAEPAXI@Z 0040aac0 f i cBncsVersion.obj
 0001:00009b00       ?strpbrk@@YAPADPADPBD@Z    0040ab00 f i cBncsVersion.obj
 0001:00009b60       ??0bncs_disklog@@QAE@PBDW4filetype@0@000000@Z 0040ab60 f   bncs_disklog.obj
 0001:00009bc0       ??0bncs_disklog@@QAE@PBDW4filetype@0@@Z 0040abc0 f   bncs_disklog.obj
 0001:00009c00       ?write@bncs_disklog@@QAEXPBD00000@Z 0040ac00 f   bncs_disklog.obj
 0001:00009ea0       ??1bncs_disklog@@UAE@XZ    0040aea0 f   bncs_disklog.obj
 0001:00009ec0       ?ref@bncs_disklog@@QAEPBDXZ 0040aec0 f   bncs_disklog.obj
 0001:00009ee0       ?clear@bncs_disklog@@QAEXXZ 0040aee0 f   bncs_disklog.obj
 0001:00009f20       ?openLogFile@bncs_disklog@@AAEXPBDW4filetype@1@@Z 0040af20 f   bncs_disklog.obj
 0001:0000a240       ?initVars@bncs_disklog@@AAEXXZ 0040b240 f   bncs_disklog.obj
 0001:0000a270       ?createDirectory@bncs_disklog@@AAEXPBD@Z 0040b270 f   bncs_disklog.obj
 0001:0000a370       ?cleanup@bncs_disklog@@AAEXXZ 0040b370 f   bncs_disklog.obj
 0001:0000a5c0       ??_Gbncs_disklog@@UAEPAXI@Z 0040b5c0 f i bncs_disklog.obj
 0001:0000a5c0       ??_Ebncs_disklog@@UAEPAXI@Z 0040b5c0 f i bncs_disklog.obj
 0001:0000a600       ??0ccCheck@@QAE@ABV?$basic_string@DU?$char_traits@D@std@@V?$allocator@D@2@@std@@@Z 0040b600 f   ccCheck.obj
 0001:0000a660       ??1ccCheck@@UAE@XZ         0040b660 f   ccCheck.obj
 0001:0000a680       ?setHeader@ccCheck@@QAEXABV?$basic_string@DU?$char_traits@D@std@@V?$allocator@D@2@@std@@@Z 0040b680 f   ccCheck.obj
 0001:0000a6a0       ?checkDevice@ccCheck@@QAE_NI@Z 0040b6a0 f   ccCheck.obj
 0001:0000a760       ?checkIndex@ccCheck@@QAE_NI@Z 0040b760 f   ccCheck.obj
 0001:0000a820       ?checkSource@ccCheck@@QAE_NH@Z 0040b820 f   ccCheck.obj
 0001:0000a8f0       ?checkRange@ccCheck@@QAE_NII@Z 0040b8f0 f   ccCheck.obj
 0001:0000a980       ?checkIndexRange@ccCheck@@QAE_NII@Z 0040b980 f   ccCheck.obj
 0001:0000aa50       ?checkDbIndexRange@ccCheck@@QAE_NII@Z 0040ba50 f   ccCheck.obj
 0001:0000aae0       ?checkDatabase@ccCheck@@QAE_NII@Z 0040bae0 f   ccCheck.obj
 0001:0000abd0       ?checkDatabase@ccCheck@@QAE_NI@Z 0040bbd0 f   ccCheck.obj
 0001:0000acd0       ?checkV1Database@ccCheck@@QAE_NI@Z 0040bcd0 f   ccCheck.obj
 0001:0000ad90       ?checkString@ccCheck@@QAE_NABV?$basic_string@DU?$char_traits@D@std@@V?$allocator@D@2@@std@@@Z 0040bd90 f   ccCheck.obj
 0001:0000ae30       ?checkString@ccCheck@@QAE_NABV?$basic_string@DU?$char_traits@D@std@@V?$allocator@D@2@@std@@I@Z 0040be30 f   ccCheck.obj
 0001:0000aed0       ?checkWorkstation@ccCheck@@QAE_NI@Z 0040bed0 f   ccCheck.obj
 0001:0000afd0       ?log@ccCheck@@QAEXABV?$basic_string@DU?$char_traits@D@std@@V?$allocator@D@2@@std@@@Z 0040bfd0 f   ccCheck.obj
 0001:0000b0b0       ?setMaxIndex@ccCheck@@QAEXI@Z 0040c0b0 f   ccCheck.obj
 0001:0000b0d0       ?setMaxSource@ccCheck@@QAEXH@Z 0040c0d0 f   ccCheck.obj
 0001:0000b0f0       ?setMaxDatabase@ccCheck@@QAEXI@Z 0040c0f0 f   ccCheck.obj
 0001:0000b110       ?setMaxDevice@ccCheck@@QAEXI@Z 0040c110 f   ccCheck.obj
 0001:0000b130       ?setMaxString@ccCheck@@QAEXI@Z 0040c130 f   ccCheck.obj
 0001:0000b430       ??$?8DD@std@@YA_NABV?$allocator@D@0@0@Z 0040c430 f i ccCheck.obj
 0001:0000b440       ??$?8V?$allocator@D@std@@V01@@std@@YA_NABU?$_Wrap_alloc@V?$allocator@D@std@@@0@0@Z 0040c440 f i ccCheck.obj
 0001:0000b480       ??$?9V?$allocator@D@std@@V01@@std@@YA_NABU?$_Wrap_alloc@V?$allocator@D@std@@@0@0@Z 0040c480 f i ccCheck.obj
 0001:0000b4c0       ??$?HDU?$char_traits@D@std@@V?$allocator@D@1@@std@@YA?AV?$basic_string@DU?$char_traits@D@std@@V?$allocator@D@2@@0@$$QAV10@ABV10@@Z 0040c4c0 f i ccCheck.obj
 0001:0000b510       ??$?HDU?$char_traits@D@std@@V?$allocator@D@1@@std@@YA?AV?$basic_string@DU?$char_traits@D@std@@V?$allocator@D@2@@0@$$QAV10@PBD@Z 0040c510 f i ccCheck.obj
 0001:0000b560       ??$?HDU?$char_traits@D@std@@V?$allocator@D@1@@std@@YA?AV?$basic_string@DU?$char_traits@D@std@@V?$allocator@D@2@@0@ABV10@PBD@Z 0040c560 f i ccCheck.obj
 0001:0000b650       ??$?HDU?$char_traits@D@std@@V?$allocator@D@1@@std@@YA?AV?$basic_string@DU?$char_traits@D@std@@V?$allocator@D@2@@0@PBDABV10@@Z 0040c650 f i ccCheck.obj
 0001:0000b740       ??$_Allocate@D@std@@YAPADIPAD@Z 0040c740 f i ccCheck.obj
 0001:0000b790       ??$_Allocate@U_Container_proxy@std@@@std@@YAPAU_Container_proxy@0@IPAU10@@Z 0040c790 f i ccCheck.obj
 0001:0000b7f0       ??$_Debug_pointer@D@std@@YAXPBDPB_WI@Z 0040c7f0 f i ccCheck.obj
 0001:0000b820       ??$addressof@D@std@@YAPADAAD@Z 0040c820 f i ccCheck.obj
 0001:0000b830       ??$construct@PADAAPAD@?$_Wrap_alloc@V?$allocator@D@std@@@std@@QAEXPAPADAAPAD@Z 0040c830 f i ccCheck.obj
 0001:0000b870       ??$construct@PADAAPAD@?$allocator@D@std@@QAEXPAPADAAPAD@Z 0040c870 f i ccCheck.obj
 0001:0000b920       ??$construct@PADAAPAD@?$allocator_traits@V?$allocator@D@std@@@std@@SAXAAV?$allocator@D@1@PAPADAAPAD@Z 0040c920 f i ccCheck.obj
 0001:0000b950       ??$construct@U_Container_proxy@std@@U12@@?$allocator@U_Container_proxy@std@@@std@@QAEXPAU_Container_proxy@1@$$QAU21@@Z 0040c950 f i ccCheck.obj
 0001:0000ba00       ??$destroy@PAD@?$_Wrap_alloc@V?$allocator@D@std@@@std@@QAEXPAPAD@Z 0040ca00 f i ccCheck.obj
 0001:0000ba30       ??$destroy@PAD@?$allocator@D@std@@QAEXPAPAD@Z 0040ca30 f i ccCheck.obj
 0001:0000ba40       ??$destroy@PAD@?$allocator_traits@V?$allocator@D@std@@@std@@SAXAAV?$allocator@D@1@PAPAD@Z 0040ca40 f i ccCheck.obj
 0001:0000ba60       ??$destroy@U_Container_proxy@std@@@?$allocator@U_Container_proxy@std@@@std@@QAEXPAU_Container_proxy@1@@Z 0040ca60 f i ccCheck.obj
 0001:0000ba70       ??$forward@AAPAD@std@@YAAAPADAAPAD@Z 0040ca70 f i ccCheck.obj
 0001:0000ba80       ??$forward@U_Container_proxy@std@@@std@@YA$$QAU_Container_proxy@0@AAU10@@Z 0040ca80 f i ccCheck.obj
 0001:0000ba90       ??$forward@V?$basic_string@DU?$char_traits@D@std@@V?$allocator@D@2@@std@@@std@@YA$$QAV?$basic_string@DU?$char_traits@D@std@@V?$allocator@D@2@@0@AAV10@@Z 0040ca90 f i ccCheck.obj
 0001:0000baa0       ??$move@AAV?$basic_string@DU?$char_traits@D@std@@V?$allocator@D@2@@std@@@std@@YA$$QAV?$basic_string@DU?$char_traits@D@std@@V?$allocator@D@2@@0@AAV10@@Z 0040caa0 f i ccCheck.obj
 0001:0000bab0       ??0?$_String_alloc@$0A@U?$_String_base_types@DV?$allocator@D@std@@@std@@@std@@QAE@ABV?$allocator@D@1@@Z 0040cab0 f i ccCheck.obj
 0001:0000bb20       ??0?$_String_val@U?$_Simple_types@D@std@@@std@@QAE@XZ 0040cb20 f i ccCheck.obj
 0001:0000bb60       ??0?$_Wrap_alloc@V?$allocator@D@std@@@std@@QAE@ABV?$allocator@D@1@@Z 0040cb60 f i ccCheck.obj
 0001:0000bb90       ??0?$_Wrap_alloc@V?$allocator@D@std@@@std@@QAE@XZ 0040cb90 f i ccCheck.obj
 0001:0000bbb0       ??0?$allocator@D@std@@QAE@ABV01@@Z 0040cbb0 f i ccCheck.obj
 0001:0000bbd0       ??0?$allocator@D@std@@QAE@XZ 0040cbd0 f i ccCheck.obj
 0001:0000bbf0       ??0?$allocator@U_Container_proxy@std@@@std@@QAE@XZ 0040cbf0 f i ccCheck.obj
 0001:0000bc10       ??0?$basic_string@DU?$char_traits@D@std@@V?$allocator@D@2@@std@@QAE@$$QAV01@@Z 0040cc10 f i ccCheck.obj
 0001:0000bc70       ??0?$basic_string@DU?$char_traits@D@std@@V?$allocator@D@2@@std@@QAE@ABV01@@Z 0040cc70 f i ccCheck.obj
 0001:0000bd20       ??0?$basic_string@DU?$char_traits@D@std@@V?$allocator@D@2@@std@@QAE@PBD@Z 0040cd20 f i ccCheck.obj
 0001:0000bdb0       ??0?$basic_string@DU?$char_traits@D@std@@V?$allocator@D@2@@std@@QAE@XZ 0040cdb0 f i ccCheck.obj
 0001:0000be30       ??0_Container_proxy@std@@QAE@XZ 0040ce30 f i ccCheck.obj
 0001:0000be60       ??0_Generic_error_category@std@@QAE@XZ 0040ce60 f i ccCheck.obj
 0001:0000be90       ??0_Iostream_error_category@std@@QAE@XZ 0040ce90 f i ccCheck.obj
 0001:0000bec0       ??0_System_error_category@std@@QAE@XZ 0040cec0 f i ccCheck.obj
 0001:0000bef0       ??0error_category@std@@QAE@XZ 0040cef0 f i ccCheck.obj
 0001:0000bf10       ??0error_condition@std@@QAE@HABVerror_category@1@@Z 0040cf10 f i ccCheck.obj
 0001:0000bf40       ??1?$_String_alloc@$0A@U?$_String_base_types@DV?$allocator@D@std@@@std@@@std@@QAE@XZ 0040cf40 f i ccCheck.obj
 0001:0000bf70       ??1?$_String_val@U?$_Simple_types@D@std@@@std@@QAE@XZ 0040cf70 f i ccCheck.obj
 0001:0000bf90       ??1?$basic_string@DU?$char_traits@D@std@@V?$allocator@D@2@@std@@QAE@XZ 0040cf90 f i ccCheck.obj
 0001:0000bfc0       ??1_Generic_error_category@std@@UAE@XZ 0040cfc0 f i ccCheck.obj
 0001:0000bfe0       ??1_Iostream_error_category@std@@UAE@XZ 0040cfe0 f i ccCheck.obj
 0001:0000c000       ??1_System_error_category@std@@UAE@XZ 0040d000 f i ccCheck.obj
 0001:0000c020       ??1error_category@std@@UAE@XZ 0040d020 f i ccCheck.obj
 0001:0000c040       ??2@YAPAXIPAX@Z            0040d040 f i ccCheck.obj
 0001:0000c050       ??3@YAXPAX0@Z              0040d050 f i ccCheck.obj
 0001:0000c060       ??4?$basic_string@DU?$char_traits@D@std@@V?$allocator@D@2@@std@@QAEAAV01@ABV01@@Z 0040d060 f i ccCheck.obj
 0001:0000c100       ??8error_category@std@@QBE_NABV01@@Z 0040d100 f i ccCheck.obj
 0001:0000c140       ??8error_condition@std@@QBE_NABV01@@Z 0040d140 f i ccCheck.obj
 0001:0000c1b0       ??Y?$basic_string@DU?$char_traits@D@std@@V?$allocator@D@2@@std@@QAEAAV01@ABV01@@Z 0040d1b0 f i ccCheck.obj
 0001:0000c1d0       ??Y?$basic_string@DU?$char_traits@D@std@@V?$allocator@D@2@@std@@QAEAAV01@PBD@Z 0040d1d0 f i ccCheck.obj
 0001:0000c1f0       ??_E_Generic_error_category@std@@UAEPAXI@Z 0040d1f0 f i ccCheck.obj
 0001:0000c1f0       ??_G_Generic_error_category@std@@UAEPAXI@Z 0040d1f0 f i ccCheck.obj
 0001:0000c230       ??_E_Iostream_error_category@std@@UAEPAXI@Z 0040d230 f i ccCheck.obj
 0001:0000c230       ??_G_Iostream_error_category@std@@UAEPAXI@Z 0040d230 f i ccCheck.obj
 0001:0000c270       ??_G_System_error_category@std@@UAEPAXI@Z 0040d270 f i ccCheck.obj
 0001:0000c270       ??_E_System_error_category@std@@UAEPAXI@Z 0040d270 f i ccCheck.obj
 0001:0000c2b0       ??_EccCheck@@UAEPAXI@Z     0040d2b0 f i ccCheck.obj
 0001:0000c2b0       ??_GccCheck@@UAEPAXI@Z     0040d2b0 f i ccCheck.obj
 0001:0000c2f0       ??_Gerror_category@std@@UAEPAXI@Z 0040d2f0 f i ccCheck.obj
 0001:0000c2f0       ??_Eerror_category@std@@UAEPAXI@Z 0040d2f0 f i ccCheck.obj
 0001:0000c330       ?_Alloc_proxy@?$_String_alloc@$0A@U?$_String_base_types@DV?$allocator@D@std@@@std@@@std@@QAEXXZ 0040d330 f i ccCheck.obj
 0001:0000c390       ?_Assign_rv@?$basic_string@DU?$char_traits@D@std@@V?$allocator@D@2@@std@@QAEX$$QAV12@@Z 0040d390 f i ccCheck.obj
 0001:0000c440       ?_Change_alloc@?$_String_alloc@$0A@U?$_String_base_types@DV?$allocator@D@std@@@std@@@std@@QAEXABU?$_Wrap_alloc@V?$allocator@D@std@@@2@@Z 0040d440 f i ccCheck.obj
 0001:0000c450       ?_Copy@?$basic_string@DU?$char_traits@D@std@@V?$allocator@D@2@@std@@QAEXII@Z 0040d450 f i ccCheck.obj
 0001:0000c680       ?_Eos@?$basic_string@DU?$char_traits@D@std@@V?$allocator@D@2@@std@@QAEXI@Z 0040d680 f i ccCheck.obj
 0001:0000c6d0       ?_Free_proxy@?$_String_alloc@$0A@U?$_String_base_types@DV?$allocator@D@std@@@std@@@std@@QAEXXZ 0040d6d0 f i ccCheck.obj
 0001:0000c730       ?_Getal@?$_String_alloc@$0A@U?$_String_base_types@DV?$allocator@D@std@@@std@@@std@@QBE?AU?$_Wrap_alloc@V?$allocator@D@std@@@2@XZ 0040d730 f i ccCheck.obj
 0001:0000c750       ?_Grow@?$basic_string@DU?$char_traits@D@std@@V?$allocator@D@2@@std@@QAE_NI_N@Z 0040d750 f i ccCheck.obj
 0001:0000c820       ?_Inside@?$basic_string@DU?$char_traits@D@std@@V?$allocator@D@2@@std@@QAE_NPBD@Z 0040d820 f i ccCheck.obj
 0001:0000c870       ?_Myptr@?$_String_val@U?$_Simple_types@D@std@@@std@@QAEPADXZ 0040d870 f i ccCheck.obj
 0001:0000c8c0       ?_Myptr@?$_String_val@U?$_Simple_types@D@std@@@std@@QBEPBDXZ 0040d8c0 f i ccCheck.obj
 0001:0000c910       ?_Tidy@?$basic_string@DU?$char_traits@D@std@@V?$allocator@D@2@@std@@QAEX_NI@Z 0040d910 f i ccCheck.obj
 0001:0000c9e0       ?_Xlen@?$basic_string@DU?$char_traits@D@std@@V?$allocator@D@2@@std@@QBEXXZ 0040d9e0 f i ccCheck.obj
 0001:0000ca00       ?_Xran@?$basic_string@DU?$char_traits@D@std@@V?$allocator@D@2@@std@@QBEXXZ 0040da00 f i ccCheck.obj
 0001:0000ca20       ?allocate@?$_Wrap_alloc@V?$allocator@D@std@@@std@@QAEPADI@Z 0040da20 f i ccCheck.obj
 0001:0000ca40       ?allocate@?$allocator@D@std@@QAEPADI@Z 0040da40 f i ccCheck.obj
 0001:0000ca70       ?allocate@?$allocator@U_Container_proxy@std@@@std@@QAEPAU_Container_proxy@2@I@Z 0040da70 f i ccCheck.obj
 0001:0000caa0       ?append@?$basic_string@DU?$char_traits@D@std@@V?$allocator@D@2@@std@@QAEAAV12@ABV12@@Z 0040daa0 f i ccCheck.obj
 0001:0000cad0       ?append@?$basic_string@DU?$char_traits@D@std@@V?$allocator@D@2@@std@@QAEAAV12@ABV12@II@Z 0040dad0 f i ccCheck.obj
 0001:0000cbc0       ?append@?$basic_string@DU?$char_traits@D@std@@V?$allocator@D@2@@std@@QAEAAV12@PBD@Z 0040dbc0 f i ccCheck.obj
 0001:0000cc10       ?append@?$basic_string@DU?$char_traits@D@std@@V?$allocator@D@2@@std@@QAEAAV12@PBDI@Z 0040dc10 f i ccCheck.obj
 0001:0000cd10       ?assign@?$basic_string@DU?$char_traits@D@std@@V?$allocator@D@2@@std@@QAEAAV12@ABV12@@Z 0040dd10 f i ccCheck.obj
 0001:0000cd40       ?assign@?$basic_string@DU?$char_traits@D@std@@V?$allocator@D@2@@std@@QAEAAV12@ABV12@II@Z 0040dd40 f i ccCheck.obj
 0001:0000ce20       ?assign@?$basic_string@DU?$char_traits@D@std@@V?$allocator@D@2@@std@@QAEAAV12@PBD@Z 0040de20 f i ccCheck.obj
 0001:0000ce70       ?assign@?$basic_string@DU?$char_traits@D@std@@V?$allocator@D@2@@std@@QAEAAV12@PBDI@Z 0040de70 f i ccCheck.obj
 0001:0000cf30       ?assign@?$char_traits@D@std@@SAXAADABD@Z 0040df30 f i ccCheck.obj
 0001:0000cf50       ?c_str@?$basic_string@DU?$char_traits@D@std@@V?$allocator@D@2@@std@@QBEPBDXZ 0040df50 f i ccCheck.obj
 0001:0000cf70       ?category@error_code@std@@QBEABVerror_category@2@XZ 0040df70 f i ccCheck.obj
 0001:0000cf90       ?category@error_condition@std@@QBEABVerror_category@2@XZ 0040df90 f i ccCheck.obj
 0001:0000cfb0       ?copy@?$char_traits@D@std@@SAPADPADPBDI@Z 0040dfb0 f i ccCheck.obj
 0001:0000cff0       ?deallocate@?$_Wrap_alloc@V?$allocator@D@std@@@std@@QAEXPADI@Z 0040dff0 f i ccCheck.obj
 0001:0000d020       ?deallocate@?$allocator@D@std@@QAEXPADI@Z 0040e020 f i ccCheck.obj
 0001:0000d040       ?deallocate@?$allocator@U_Container_proxy@std@@@std@@QAEXPAU_Container_proxy@2@I@Z 0040e040 f i ccCheck.obj
 0001:0000d060       ?default_error_condition@_System_error_category@std@@UBE?AVerror_condition@2@H@Z 0040e060 f i ccCheck.obj
 0001:0000d0c0       ?default_error_condition@error_category@std@@UBE?AVerror_condition@2@H@Z 0040e0c0 f i ccCheck.obj
 0001:0000d0f0       ?equivalent@error_category@std@@UBE_NABVerror_code@2@H@Z 0040e0f0 f i ccCheck.obj
 0001:0000d150       ?equivalent@error_category@std@@UBE_NHABVerror_condition@2@@Z 0040e150 f i ccCheck.obj
 0001:0000d190       ?erase@?$basic_string@DU?$char_traits@D@std@@V?$allocator@D@2@@std@@QAEAAV12@I@Z 0040e190 f i ccCheck.obj
 0001:0000d1d0       ?erase@?$basic_string@DU?$char_traits@D@std@@V?$allocator@D@2@@std@@QAEAAV12@II@Z 0040e1d0 f i ccCheck.obj
 0001:0000d280       ?generic_category@std@@YAABVerror_category@1@XZ 0040e280 f i ccCheck.obj
 0001:0000d290       ?length@?$basic_string@DU?$char_traits@D@std@@V?$allocator@D@2@@std@@QBEIXZ 0040e290 f i ccCheck.obj
 0001:0000d2b0       ?length@?$char_traits@D@std@@SAIPBD@Z 0040e2b0 f i ccCheck.obj
 0001:0000d2f0       ?max_size@?$_Wrap_alloc@V?$allocator@D@std@@@std@@QBEIXZ 0040e2f0 f i ccCheck.obj
 0001:0000d310       ?max_size@?$allocator@D@std@@QBEIXZ 0040e310 f i ccCheck.obj
 0001:0000d330       ?max_size@?$allocator_traits@V?$allocator@D@std@@@std@@SAIABV?$allocator@D@2@@Z 0040e330 f i ccCheck.obj
 0001:0000d340       ?max_size@?$basic_string@DU?$char_traits@D@std@@V?$allocator@D@2@@std@@QBEIXZ 0040e340 f i ccCheck.obj
 0001:0000d390       ?message@_Generic_error_category@std@@UBE?AV?$basic_string@DU?$char_traits@D@std@@V?$allocator@D@2@@2@H@Z 0040e390 f i ccCheck.obj
 0001:0000d400       ?message@_Iostream_error_category@std@@UBE?AV?$basic_string@DU?$char_traits@D@std@@V?$allocator@D@2@@2@H@Z 0040e400 f i ccCheck.obj
 0001:0000d470       ?message@_System_error_category@std@@UBE?AV?$basic_string@DU?$char_traits@D@std@@V?$allocator@D@2@@2@H@Z 0040e470 f i ccCheck.obj
 0001:0000d4e0       ?move@?$char_traits@D@std@@SAPADPADPBDI@Z 0040e4e0 f i ccCheck.obj
 0001:0000d520       ?name@_Generic_error_category@std@@UBEPBDXZ 0040e520 f i ccCheck.obj
 0001:0000d540       ?name@_Iostream_error_category@std@@UBEPBDXZ 0040e540 f i ccCheck.obj
 0001:0000d560       ?name@_System_error_category@std@@UBEPBDXZ 0040e560 f i ccCheck.obj
 0001:0000d580       ?reserve@?$basic_string@DU?$char_traits@D@std@@V?$allocator@D@2@@std@@QAEXI@Z 0040e580 f i ccCheck.obj
 0001:0000d5f0       ?select_on_container_copy_construction@?$_Wrap_alloc@V?$allocator@D@std@@@std@@QBE?AU12@XZ 0040e5f0 f i ccCheck.obj
 0001:0000d630       ?select_on_container_copy_construction@?$allocator@D@std@@QBE?AV12@XZ 0040e630 f i ccCheck.obj
 0001:0000d660       ?select_on_container_copy_construction@?$allocator_traits@V?$allocator@D@std@@@std@@SA?AV?$allocator@D@2@ABV32@@Z 0040e660 f i ccCheck.obj
 0001:0000d680       ?size@?$basic_string@DU?$char_traits@D@std@@V?$allocator@D@2@@std@@QBEIXZ 0040e680 f i ccCheck.obj
 0001:0000d6a0       ?system_category@std@@YAABVerror_category@1@XZ 0040e6a0 f i ccCheck.obj
 0001:0000d6b0       ?value@error_code@std@@QBEHXZ 0040e6b0 f i ccCheck.obj
 0001:0000d6d0       ?value@error_condition@std@@QBEHXZ 0040e6d0 f i ccCheck.obj
 0001:0000d6f0       _hypot                     0040e6f0 f i ccCheck.obj
 0001:0000d730       ??0ccClient@@QAE@PAVIccClientCallback@@ABV?$basic_string@DU?$char_traits@D@std@@V?$allocator@D@2@@std@@@Z 0040e730 f   ccClient.obj
 0001:0000d930       ??1ccClient@@UAE@XZ        0040e930 f   ccClient.obj
 0001:0000da10       ?version@ccClient@@QAEJXZ  0040ea10 f   ccClient.obj
 0001:0000da20       ?routerCrosspoint@ccClient@@QAEXHHHABV?$basic_string@DU?$char_traits@D@std@@V?$allocator@D@2@@std@@_NH@Z 0040ea20 f   ccClient.obj
 0001:0000db70       ?routerPoll@ccClient@@QAEXHHH_N@Z 0040eb70 f   ccClient.obj
 0001:0000dba0       ?routerQuery@ccClient@@QAEXHHH_N@Z 0040eba0 f   ccClient.obj
 0001:0000dbd0       ?routerLock@ccClient@@QAEXHHH_N0H@Z 0040ebd0 f   ccClient.obj
 0001:0000dc10       ?routerFile@ccClient@@QAEXH@Z 0040ec10 f   ccClient.obj
 0001:0000dc40       ?infoWrite@ccClient@@QAEXHHABV?$basic_string@DU?$char_traits@D@std@@V?$allocator@D@2@@std@@_NH@Z 0040ec40 f   ccClient.obj
 0001:0000dd90       ?infoPoll@ccClient@@QAEXHHH_N@Z 0040ed90 f   ccClient.obj
 0001:0000ddc0       ?infoQuery@ccClient@@QAEXHHH_N@Z 0040edc0 f   ccClient.obj
 0001:0000ddf0       ?infoLock@ccClient@@QAEXHHH_N0H@Z 0040edf0 f   ccClient.obj
 0001:0000de30       ?gpiSwitch@ccClient@@QAEXHH_N0H@Z 0040ee30 f   ccClient.obj
 0001:0000dfa0       ?gpiFile@ccClient@@QAEXH@Z 0040efa0 f   ccClient.obj
 0001:0000dfd0       ?gpiLock@ccClient@@QAEXHHH_N0H@Z 0040efd0 f   ccClient.obj
 0001:0000e010       ?gpiPoll@ccClient@@QAEXHHH_N@Z 0040f010 f   ccClient.obj
 0001:0000e040       ?gpiQuery@ccClient@@QAEXHHH_N@Z 0040f040 f   ccClient.obj
 0001:0000e070       ?deviceMessage@ccClient@@QAEXHHABV?$basic_string@DU?$char_traits@D@std@@V?$allocator@D@2@@std@@H@Z 0040f070 f   ccClient.obj
 0001:0000e170       ?deviceProfile@ccClient@@QAEXHAAH00AAV?$basic_string@DU?$char_traits@D@std@@V?$allocator@D@2@@std@@@Z 0040f170 f   ccClient.obj
 0001:0000e320       ?databaseName@ccClient@@QAE_NHHHAAV?$basic_string@DU?$char_traits@D@std@@V?$allocator@D@2@@std@@@Z 0040f320 f   ccClient.obj
 0001:0000e420       ?databaseIndex@ccClient@@QAEHHHABV?$basic_string@DU?$char_traits@D@std@@V?$allocator@D@2@@std@@@Z 0040f420 f   ccClient.obj
 0001:0000e5b0       ?databaseModify@ccClient@@QAE_NHHHABV?$basic_string@DU?$char_traits@D@std@@V?$allocator@D@2@@std@@_N1H@Z 0040f5b0 f   ccClient.obj
 0001:0000e770       ?revertiveRegister@ccClient@@QAEXHHH_NH@Z 0040f770 f   ccClient.obj
 0001:0000e800       ?revertiveDeregister@ccClient@@QAEXHHH@Z 0040f800 f   ccClient.obj
 0001:0000e8a0       ?revertiveDeregisterAll@ccClient@@QAEXXZ 0040f8a0 f   ccClient.obj
 0001:0000e8d0       ?cacheValue@ccClient@@QAE_NHHAAV?$basic_string@DU?$char_traits@D@std@@V?$allocator@D@2@@std@@PAH@Z 0040f8d0 f   ccClient.obj
 0001:0000e9e0       ?cacheIndex@ccClient@@QAEHHHHABV?$basic_string@DU?$char_traits@D@std@@V?$allocator@D@2@@std@@@Z 0040f9e0 f   ccClient.obj
 0001:0000eae0       ?cacheEnable@ccClient@@QAEX_N@Z 0040fae0 f   ccClient.obj
 0001:0000eb10       ?cacheTest@ccClient@@QAE_NHHH@Z 0040fb10 f   ccClient.obj
 0001:0000ebb0       ?cacheFlush@ccClient@@QAEXH@Z 0040fbb0 f   ccClient.obj
 0001:0000ebf0       ?isCacheEnabled@ccClient@@QAE_NXZ 0040fbf0 f   ccClient.obj
 0001:0000ec30       ?connect@ccClient@@QAE_NW4ipcType@cc@@J@Z 0040fc30 f   ccClient.obj
 0001:0000efc0       ?isConnected@ccClient@@QAE_NXZ 0040ffc0 f   ccClient.obj
 0001:0000eff0       ?disconnect@ccClient@@QAE_NXZ 0040fff0 f   ccClient.obj
 0001:0000f080       ?writeEnable@ccClient@@QAEX_N@Z 00410080 f   ccClient.obj
 0001:0000f0a0       ?isWriteEnabled@ccClient@@QAE_NXZ 004100a0 f   ccClient.obj
 0001:0000f0c0       ?setCloseHostOnExit@ccClient@@QAEX_N@Z 004100c0 f   ccClient.obj
 0001:0000f0e0       ?counters@ccClient@@QAE_NAAI0@Z 004100e0 f   ccClient.obj
 0001:0000f150       ?resetCounters@ccClient@@QAEXXZ 00410150 f   ccClient.obj
 0001:0000f190       ?setCallback@ccClient@@QAEXPAVIccClientCallback@@@Z 00410190 f   ccClient.obj
 0001:0000f1b0       ?getClientRegistrationExtent@ccClient@@QAE_NHAAH0@Z 004101b0 f   ccClient.obj
 0001:0000f220       ?sendBufferedCommands@ccClient@@QAEXXZ 00410220 f   ccClient.obj
 0001:0000f250       ?registerForNetMessage@ccClient@@QAEXXZ 00410250 f   ccClient.obj
 0001:0000f280       ?deregisterForNetMessage@ccClient@@QAEXXZ 00410280 f   ccClient.obj
 0001:0000f2b0       ?registerForConfigChangeMessage@ccClient@@QAEXXZ 004102b0 f   ccClient.obj
 0001:0000f2e0       ?deregisterForConfigChangeMessage@ccClient@@QAEXXZ 004102e0 f   ccClient.obj
 0001:0000f310       ?sendConfigChangeMessage@ccClient@@QAEXABV?$basic_string@DU?$char_traits@D@std@@V?$allocator@D@2@@std@@@Z 00410310 f   ccClient.obj
 0001:0000f350       ?flushDatabaseCache@ccClient@@QAEXH@Z 00410350 f   ccClient.obj
 0001:0000f380       ?maxDevices@ccClient@@QAEIXZ 00410380 f   ccClient.obj
 0001:0000f3c0       ?maxIndexes@ccClient@@QAEIXZ 004103c0 f   ccClient.obj
 0001:0000f400       ?maxSources@ccClient@@QAEIXZ 00410400 f   ccClient.obj
 0001:0000f440       ?maxDatabases@ccClient@@QAEIXZ 00410440 f   ccClient.obj
 0001:0000f480       ?maxString@ccClient@@QAEIXZ 00410480 f   ccClient.obj
 0001:0000f4c0       ?workstation@ccClient@@QAEHXZ 004104c0 f   ccClient.obj
 0001:0000f4e0       ?WndProc@ccClient@@CGJPAUHWND__@@IIJ@Z 004104e0 f   ccClient.obj
 0001:00010500       ?BNCSSendMessage@ccClient@@AAEJIIJHHH@Z 00411500 f   ccClient.obj
 0001:00010590       ?deviceQuery@ccClient@@AAEXDHHH_N@Z 00411590 f   ccClient.obj
 0001:00010750       ?devicePoll@ccClient@@AAEXDHHH_N@Z 00411750 f   ccClient.obj
 0001:00010910       ?deviceLock@ccClient@@AAEXDHHH_N0H@Z 00411910 f   ccClient.obj
 0001:00010b20       ?deviceFile@ccClient@@AAEXDH@Z 00411b20 f   ccClient.obj
 0001:000119c0       ??$?0U?$_Wrap_alloc@V?$allocator@V?$basic_string@DU?$char_traits@D@std@@V?$allocator@D@2@@std@@@std@@@std@@@?$_Wrap_alloc@V?$allocator@PAV?$basic_string@DU?$char_traits@D@std@@V?$allocator@D@2@@std@@@std@@@std@@QAE@ABU?$_Wrap_alloc@V?$allocator@V?$basic_string@DU?$char_traits@D@std@@V?$allocator@D@2@@std@@@std@@@1@@Z 004129c0 f i ccClient.obj
 0001:000119f0       ??$?0V?$basic_string@DU?$char_traits@D@std@@V?$allocator@D@2@@std@@@?$allocator@PAV?$basic_string@DU?$char_traits@D@std@@V?$allocator@D@2@@std@@@std@@QAE@ABV?$allocator@V?$basic_string@DU?$char_traits@D@std@@V?$allocator@D@2@@std@@@1@@Z 004129f0 f i ccClient.obj
 0001:00011a10       ??$_Allocate@PAV?$basic_string@DU?$char_traits@D@std@@V?$allocator@D@2@@std@@@std@@YAPAPAV?$basic_string@DU?$char_traits@D@std@@V?$allocator@D@2@@0@IPAPAV10@@Z 00412a10 f i ccClient.obj
 0001:00011a70       ??$_Allocate@V?$basic_string@DU?$char_traits@D@std@@V?$allocator@D@2@@std@@@std@@YAPAV?$basic_string@DU?$char_traits@D@std@@V?$allocator@D@2@@0@IPAV10@@Z 00412a70 f i ccClient.obj
 0001:00011ac0       ??$_Debug_pointer@PAV?$basic_string@DU?$char_traits@D@std@@V?$allocator@D@2@@std@@@std@@YAXPAPAV?$basic_string@DU?$char_traits@D@std@@V?$allocator@D@2@@0@PB_WI@Z 00412ac0 f i ccClient.obj
 0001:00011af0       ??$_Debug_range2@PAPAV?$basic_string@DU?$char_traits@D@std@@V?$allocator@D@2@@std@@@std@@YAXPAPAV?$basic_string@DU?$char_traits@D@std@@V?$allocator@D@2@@0@0PB_WIUrandom_access_iterator_tag@0@@Z 00412af0 f i ccClient.obj
 0001:00011b60       ??$_Debug_range@PAPAV?$basic_string@DU?$char_traits@D@std@@V?$allocator@D@2@@std@@@std@@YAXPAPAV?$basic_string@DU?$char_traits@D@std@@V?$allocator@D@2@@0@0PB_WI@Z 00412b60 f i ccClient.obj
 0001:00011bb0       ??$_Destroy_range@U?$_Wrap_alloc@V?$allocator@PAV?$basic_string@DU?$char_traits@D@std@@V?$allocator@D@2@@std@@@std@@@std@@@std@@YAXPAPAV?$basic_string@DU?$char_traits@D@std@@V?$allocator@D@2@@0@0AAU?$_Wrap_alloc@V?$allocator@PAV?$basic_string@DU?$char_traits@D@std@@V?$allocator@D@2@@std@@@std@@@0@@Z 00412bb0 f i ccClient.obj
 0001:00011c00       ??$_Destroy_range@U?$_Wrap_alloc@V?$allocator@PAV?$basic_string@DU?$char_traits@D@std@@V?$allocator@D@2@@std@@@std@@@std@@@std@@YAXPAPAV?$basic_string@DU?$char_traits@D@std@@V?$allocator@D@2@@0@0AAU?$_Wrap_alloc@V?$allocator@PAV?$basic_string@DU?$char_traits@D@std@@V?$allocator@D@2@@std@@@std@@@0@U_Scalar_ptr_iterator_tag@0@@Z 00412c00 f i ccClient.obj
 0001:00011c10       ??$_Fill_n@PAPAV?$basic_string@DU?$char_traits@D@std@@V?$allocator@D@2@@std@@IPAV12@@std@@YAPAPAV?$basic_string@DU?$char_traits@D@std@@V?$allocator@D@2@@0@PAPAV10@IABQAV10@@Z 00412c10 f i ccClient.obj
 0001:00011c50       ??$_Iter_cat@PAPAV?$basic_string@DU?$char_traits@D@std@@V?$allocator@D@2@@std@@@std@@YA?AUrandom_access_iterator_tag@0@ABQAPAV?$basic_string@DU?$char_traits@D@std@@V?$allocator@D@2@@0@@Z 00412c50 f i ccClient.obj
 0001:00011c70       ??$_Ptr_cat@PAV?$basic_string@DU?$char_traits@D@std@@V?$allocator@D@2@@std@@PAV12@@std@@YA?AU_Scalar_ptr_iterator_tag@0@PAPAV?$basic_string@DU?$char_traits@D@std@@V?$allocator@D@2@@0@0@Z 00412c70 f i ccClient.obj
 0001:00011c80       ??$_Rechecked@PAPAV?$basic_string@DU?$char_traits@D@std@@V?$allocator@D@2@@std@@PAPAV12@@std@@YAAAPAPAV?$basic_string@DU?$char_traits@D@std@@V?$allocator@D@2@@0@AAPAPAV10@PAPAV10@@Z 00412c80 f i ccClient.obj
 0001:00011ca0       ??$_Unchecked@PAPAV?$basic_string@DU?$char_traits@D@std@@V?$allocator@D@2@@std@@@std@@YAPAPAV?$basic_string@DU?$char_traits@D@std@@V?$allocator@D@2@@0@PAPAV10@@Z 00412ca0 f i ccClient.obj
 0001:00011cb0       ??$_Uninit_copy@PAPAV?$basic_string@DU?$char_traits@D@std@@V?$allocator@D@2@@std@@PAPAV12@U?$_Wrap_alloc@V?$allocator@PAV?$basic_string@DU?$char_traits@D@std@@V?$allocator@D@2@@std@@@std@@@2@@std@@YAPAPAV?$basic_string@DU?$char_traits@D@std@@V?$allocator@D@2@@0@PAPAV10@00AAU?$_Wrap_alloc@V?$allocator@PAV?$basic_string@DU?$char_traits@D@std@@V?$allocator@D@2@@std@@@std@@@0@@Z 00412cb0 f i ccClient.obj
 0001:00011d00       ??$_Uninit_copy@PAV?$basic_string@DU?$char_traits@D@std@@V?$allocator@D@2@@std@@PAV12@@std@@YAPAPAV?$basic_string@DU?$char_traits@D@std@@V?$allocator@D@2@@0@PAPAV10@00AAU?$_Wrap_alloc@V?$allocator@PAV?$basic_string@DU?$char_traits@D@std@@V?$allocator@D@2@@std@@@std@@@0@U_Scalar_ptr_iterator_tag@0@@Z 00412d00 f i ccClient.obj
 0001:00011d80       ??$_Uninit_def_fill_n@PAV?$basic_string@DU?$char_traits@D@std@@V?$allocator@D@2@@std@@IPAV12@@std@@YAXPAPAV?$basic_string@DU?$char_traits@D@std@@V?$allocator@D@2@@0@IAAU?$_Wrap_alloc@V?$allocator@PAV?$basic_string@DU?$char_traits@D@std@@V?$allocator@D@2@@std@@@std@@@0@0U_Scalar_ptr_iterator_tag@0@@Z 00412d80 f i ccClient.obj
 0001:00011db0       ??$_Uninitialized_copy@PAPAV?$basic_string@DU?$char_traits@D@std@@V?$allocator@D@2@@std@@PAPAV12@U?$_Wrap_alloc@V?$allocator@PAV?$basic_string@DU?$char_traits@D@std@@V?$allocator@D@2@@std@@@std@@@2@@std@@YAPAPAV?$basic_string@DU?$char_traits@D@std@@V?$allocator@D@2@@0@PAPAV10@00AAU?$_Wrap_alloc@V?$allocator@PAV?$basic_string@DU?$char_traits@D@std@@V?$allocator@D@2@@std@@@std@@@0@@Z 00412db0 f i ccClient.obj
 0001:00011e10       ??$_Uninitialized_default_fill_n@PAPAV?$basic_string@DU?$char_traits@D@std@@V?$allocator@D@2@@std@@IU?$_Wrap_alloc@V?$allocator@PAV?$basic_string@DU?$char_traits@D@std@@V?$allocator@D@2@@std@@@std@@@2@@std@@YAXPAPAV?$basic_string@DU?$char_traits@D@std@@V?$allocator@D@2@@0@IAAU?$_Wrap_alloc@V?$allocator@PAV?$basic_string@DU?$char_traits@D@std@@V?$allocator@D@2@@std@@@std@@@0@@Z 00412e10 f i ccClient.obj
 0001:00011e70       ??$_Val_type@PAPAV?$basic_string@DU?$char_traits@D@std@@V?$allocator@D@2@@std@@@std@@YAPAPAV?$basic_string@DU?$char_traits@D@std@@V?$allocator@D@2@@0@PAPAV10@@Z 00412e70 f i ccClient.obj
 0001:00011e80       ??$construct@U_Container_proxy@std@@U12@@?$_Wrap_alloc@V?$allocator@U_Container_proxy@std@@@std@@@std@@QAEXPAU_Container_proxy@1@$$QAU21@@Z 00412e80 f i ccClient.obj
 0001:00011ec0       ??$construct@U_Container_proxy@std@@U12@@?$allocator_traits@V?$allocator@U_Container_proxy@std@@@std@@@std@@SAXAAV?$allocator@U_Container_proxy@std@@@1@PAU_Container_proxy@1@$$QAU31@@Z 00412ec0 f i ccClient.obj
 0001:00011ef0       ??$construct@V?$basic_string@DU?$char_traits@D@std@@V?$allocator@D@2@@std@@ABV12@@?$_Wrap_alloc@V?$allocator@V?$basic_string@DU?$char_traits@D@std@@V?$allocator@D@2@@std@@@std@@@std@@QAEXPAV?$basic_string@DU?$char_traits@D@std@@V?$allocator@D@2@@1@ABV21@@Z 00412ef0 f i ccClient.obj
 0001:00011f30       ??$construct@V?$basic_string@DU?$char_traits@D@std@@V?$allocator@D@2@@std@@ABV12@@?$allocator_traits@V?$allocator@V?$basic_string@DU?$char_traits@D@std@@V?$allocator@D@2@@std@@@std@@@std@@SAXAAV?$allocator@V?$basic_string@DU?$char_traits@D@std@@V?$allocator@D@2@@std@@@1@PAV?$basic_string@DU?$char_traits@D@std@@V?$allocator@D@2@@1@ABV31@@Z 00412f30 f i ccClient.obj
 0001:00011f60       ??$construct@V?$basic_string@DU?$char_traits@D@std@@V?$allocator@D@2@@std@@V12@@?$_Wrap_alloc@V?$allocator@V?$basic_string@DU?$char_traits@D@std@@V?$allocator@D@2@@std@@@std@@@std@@QAEXPAV?$basic_string@DU?$char_traits@D@std@@V?$allocator@D@2@@1@$$QAV21@@Z 00412f60 f i ccClient.obj
 0001:00011fa0       ??$construct@V?$basic_string@DU?$char_traits@D@std@@V?$allocator@D@2@@std@@V12@@?$allocator@V?$basic_string@DU?$char_traits@D@std@@V?$allocator@D@2@@std@@@std@@QAEXPAV?$basic_string@DU?$char_traits@D@std@@V?$allocator@D@2@@1@$$QAV21@@Z 00412fa0 f i ccClient.obj
 0001:00012050       ??$construct@V?$basic_string@DU?$char_traits@D@std@@V?$allocator@D@2@@std@@V12@@?$allocator_traits@V?$allocator@V?$basic_string@DU?$char_traits@D@std@@V?$allocator@D@2@@std@@@std@@@std@@SAXAAV?$allocator@V?$basic_string@DU?$char_traits@D@std@@V?$allocator@D@2@@std@@@1@PAV?$basic_string@DU?$char_traits@D@std@@V?$allocator@D@2@@1@$$QAV31@@Z 00413050 f i ccClient.obj
 0001:00012080       ??$destroy@PAV?$basic_string@DU?$char_traits@D@std@@V?$allocator@D@2@@std@@@?$_Wrap_alloc@V?$allocator@V?$basic_string@DU?$char_traits@D@std@@V?$allocator@D@2@@std@@@std@@@std@@QAEXPAPAV?$basic_string@DU?$char_traits@D@std@@V?$allocator@D@2@@1@@Z 00413080 f i ccClient.obj
 0001:000120b0       ??$destroy@PAV?$basic_string@DU?$char_traits@D@std@@V?$allocator@D@2@@std@@@?$allocator@V?$basic_string@DU?$char_traits@D@std@@V?$allocator@D@2@@std@@@std@@QAEXPAPAV?$basic_string@DU?$char_traits@D@std@@V?$allocator@D@2@@1@@Z 004130b0 f i ccClient.obj
 0001:000120c0       ??$destroy@PAV?$basic_string@DU?$char_traits@D@std@@V?$allocator@D@2@@std@@@?$allocator_traits@V?$allocator@V?$basic_string@DU?$char_traits@D@std@@V?$allocator@D@2@@std@@@std@@@std@@SAXAAV?$allocator@V?$basic_string@DU?$char_traits@D@std@@V?$allocator@D@2@@std@@@1@PAPAV?$basic_string@DU?$char_traits@D@std@@V?$allocator@D@2@@1@@Z 004130c0 f i ccClient.obj
 0001:000120e0       ??$destroy@U_Container_proxy@std@@@?$_Wrap_alloc@V?$allocator@U_Container_proxy@std@@@std@@@std@@QAEXPAU_Container_proxy@1@@Z 004130e0 f i ccClient.obj
 0001:00012110       ??$destroy@U_Container_proxy@std@@@?$allocator_traits@V?$allocator@U_Container_proxy@std@@@std@@@std@@SAXAAV?$allocator@U_Container_proxy@std@@@1@PAU_Container_proxy@1@@Z 00413110 f i ccClient.obj
 0001:00012130       ??$destroy@V?$basic_string@DU?$char_traits@D@std@@V?$allocator@D@2@@std@@@?$_Wrap_alloc@V?$allocator@V?$basic_string@DU?$char_traits@D@std@@V?$allocator@D@2@@std@@@std@@@std@@QAEXPAV?$basic_string@DU?$char_traits@D@std@@V?$allocator@D@2@@1@@Z 00413130 f i ccClient.obj
 0001:00012160       ??$destroy@V?$basic_string@DU?$char_traits@D@std@@V?$allocator@D@2@@std@@@?$allocator@V?$basic_string@DU?$char_traits@D@std@@V?$allocator@D@2@@std@@@std@@QAEXPAV?$basic_string@DU?$char_traits@D@std@@V?$allocator@D@2@@1@@Z 00413160 f i ccClient.obj
 0001:00012180       ??$destroy@V?$basic_string@DU?$char_traits@D@std@@V?$allocator@D@2@@std@@@?$allocator_traits@V?$allocator@V?$basic_string@DU?$char_traits@D@std@@V?$allocator@D@2@@std@@@std@@@std@@SAXAAV?$allocator@V?$basic_string@DU?$char_traits@D@std@@V?$allocator@D@2@@std@@@1@PAV?$basic_string@DU?$char_traits@D@std@@V?$allocator@D@2@@1@@Z 00413180 f i ccClient.obj
 0001:000121a0       ??$forward@ABV?$basic_string@DU?$char_traits@D@std@@V?$allocator@D@2@@std@@@std@@YAABV?$basic_string@DU?$char_traits@D@std@@V?$allocator@D@2@@0@ABV10@@Z 004131a0 f i ccClient.obj
 0001:000121b0       ??0?$_Deque_alloc@$0A@U?$_Deque_base_types@V?$basic_string@DU?$char_traits@D@std@@V?$allocator@D@2@@std@@V?$allocator@V?$basic_string@DU?$char_traits@D@std@@V?$allocator@D@2@@std@@@2@@std@@@std@@QAE@ABV?$allocator@V?$basic_string@DU?$char_traits@D@std@@V?$allocator@D@2@@std@@@1@@Z 004131b0 f i ccClient.obj
 0001:00012220       ??0?$_Deque_const_iterator@V?$_Deque_val@U?$_Deque_simple_types@V?$basic_string@DU?$char_traits@D@std@@V?$allocator@D@2@@std@@@std@@@std@@@std@@QAE@IPBU_Container_base12@1@@Z 00413220 f i ccClient.obj
 0001:000122a0       ??0?$_Deque_iterator@V?$_Deque_val@U?$_Deque_simple_types@V?$basic_string@DU?$char_traits@D@std@@V?$allocator@D@2@@std@@@std@@@std@@@std@@QAE@IPBU_Container_base12@1@@Z 004132a0 f i ccClient.obj
 0001:000122d0       ??0?$_Deque_val@U?$_Deque_simple_types@V?$basic_string@DU?$char_traits@D@std@@V?$allocator@D@2@@std@@@std@@@std@@QAE@XZ 004132d0 f i ccClient.obj
 0001:00012320       ??0?$_Wrap_alloc@V?$allocator@U_Container_proxy@std@@@std@@@std@@QAE@XZ 00413320 f i ccClient.obj
 0001:00012340       ??0?$_Wrap_alloc@V?$allocator@V?$basic_string@DU?$char_traits@D@std@@V?$allocator@D@2@@std@@@std@@@std@@QAE@XZ 00413340 f i ccClient.obj
 0001:00012360       ??0?$allocator@V?$basic_string@DU?$char_traits@D@std@@V?$allocator@D@2@@std@@@std@@QAE@XZ 00413360 f i ccClient.obj
 0001:00012380       ??0?$deque@V?$basic_string@DU?$char_traits@D@std@@V?$allocator@D@2@@std@@V?$allocator@V?$basic_string@DU?$char_traits@D@std@@V?$allocator@D@2@@std@@@2@@std@@QAE@XZ 00413380 f i ccClient.obj
 0001:000123b0       ??0?$queue@V?$basic_string@DU?$char_traits@D@std@@V?$allocator@D@2@@std@@V?$deque@V?$basic_string@DU?$char_traits@D@std@@V?$allocator@D@2@@std@@V?$allocator@V?$basic_string@DU?$char_traits@D@std@@V?$allocator@D@2@@std@@@2@@2@@std@@QAE@XZ 004133b0 f i ccClient.obj
 0001:000123d0       ??0_Ignore@std@@QAE@XZ     004133d0 f i ccClient.obj
 0001:000123f0       ??0_Iterator_base12@std@@QAE@XZ 004133f0 f i ccClient.obj
 0001:00012420       ??1?$_Deque_alloc@$0A@U?$_Deque_base_types@V?$basic_string@DU?$char_traits@D@std@@V?$allocator@D@2@@std@@V?$allocator@V?$basic_string@DU?$char_traits@D@std@@V?$allocator@D@2@@std@@@2@@std@@@std@@QAE@XZ 00413420 f i ccClient.obj
 0001:00012450       ??1?$_Deque_const_iterator@V?$_Deque_val@U?$_Deque_simple_types@V?$basic_string@DU?$char_traits@D@std@@V?$allocator@D@2@@std@@@std@@@std@@@std@@QAE@XZ 00413450 f i ccClient.obj
 0001:00012470       ??1?$_Deque_iterator@V?$_Deque_val@U?$_Deque_simple_types@V?$basic_string@DU?$char_traits@D@std@@V?$allocator@D@2@@std@@@std@@@std@@@std@@QAE@XZ 00413470 f i ccClient.obj
 0001:00012490       ??1?$_Deque_val@U?$_Deque_simple_types@V?$basic_string@DU?$char_traits@D@std@@V?$allocator@D@2@@std@@@std@@@std@@QAE@XZ 00413490 f i ccClient.obj
 0001:000124b0       ??1?$deque@V?$basic_string@DU?$char_traits@D@std@@V?$allocator@D@2@@std@@V?$allocator@V?$basic_string@DU?$char_traits@D@std@@V?$allocator@D@2@@std@@@2@@std@@QAE@XZ 004134b0 f i ccClient.obj
 0001:000124e0       ??1?$queue@V?$basic_string@DU?$char_traits@D@std@@V?$allocator@D@2@@std@@V?$deque@V?$basic_string@DU?$char_traits@D@std@@V?$allocator@D@2@@std@@V?$allocator@V?$basic_string@DU?$char_traits@D@std@@V?$allocator@D@2@@std@@@2@@2@@std@@QAE@XZ 004134e0 f i ccClient.obj
 0001:00012500       ??1_Iterator_base12@std@@QAE@XZ 00413500 f i ccClient.obj
 0001:00012540       ??4?$basic_string@DU?$char_traits@D@std@@V?$allocator@D@2@@std@@QAEAAV01@PBD@Z 00413540 f i ccClient.obj
 0001:00012560       ??D?$_Deque_const_iterator@V?$_Deque_val@U?$_Deque_simple_types@V?$basic_string@DU?$char_traits@D@std@@V?$allocator@D@2@@std@@@std@@@std@@@std@@QBEABV?$basic_string@DU?$char_traits@D@std@@V?$allocator@D@2@@1@XZ 00413560 f i ccClient.obj
 0001:00012680       ??D?$_Deque_iterator@V?$_Deque_val@U?$_Deque_simple_types@V?$basic_string@DU?$char_traits@D@std@@V?$allocator@D@2@@std@@@std@@@std@@@std@@QBEAAV?$basic_string@DU?$char_traits@D@std@@V?$allocator@D@2@@1@XZ 00413680 f i ccClient.obj
 0001:000126a0       ??_G?$basic_string@DU?$char_traits@D@std@@V?$allocator@D@2@@std@@QAEPAXI@Z 004136a0 f i ccClient.obj
 0001:000126e0       ??_EccClient@@UAEPAXI@Z    004136e0 f i ccClient.obj
 0001:000126e0       ??_GccClient@@UAEPAXI@Z    004136e0 f i ccClient.obj
 0001:00012720       ?_Adopt@_Iterator_base12@std@@QAEXPBU_Container_base12@2@@Z 00413720 f i ccClient.obj
 0001:00012820       ?_Alloc_proxy@?$_Deque_alloc@$0A@U?$_Deque_base_types@V?$basic_string@DU?$char_traits@D@std@@V?$allocator@D@2@@std@@V?$allocator@V?$basic_string@DU?$char_traits@D@std@@V?$allocator@D@2@@std@@@2@@std@@@std@@QAEXXZ 00413820 f i ccClient.obj
 0001:00012880       ?_Clrcont@_Iterator_base12@std@@QAEXXZ 00413880 f i ccClient.obj
 0001:000128a0       ?_Free_proxy@?$_Deque_alloc@$0A@U?$_Deque_base_types@V?$basic_string@DU?$char_traits@D@std@@V?$allocator@D@2@@std@@V?$allocator@V?$basic_string@DU?$char_traits@D@std@@V?$allocator@D@2@@std@@@2@@std@@@std@@QAEXXZ 004138a0 f i ccClient.obj
 0001:00012900       ?_Getal@?$_Deque_alloc@$0A@U?$_Deque_base_types@V?$basic_string@DU?$char_traits@D@std@@V?$allocator@D@2@@std@@V?$allocator@V?$basic_string@DU?$char_traits@D@std@@V?$allocator@D@2@@std@@@2@@std@@@std@@QBE?AU?$_Wrap_alloc@V?$allocator@V?$basic_string@DU?$char_traits@D@std@@V?$allocator@D@2@@std@@@std@@@2@XZ 00413900 f i ccClient.obj
 0001:00012920       ?_Getblock@?$_Deque_val@U?$_Deque_simple_types@V?$basic_string@DU?$char_traits@D@std@@V?$allocator@D@2@@std@@@std@@@std@@QBEII@Z 00413920 f i ccClient.obj
 0001:00012940       ?_Getcont@_Iterator_base12@std@@QBEPBU_Container_base12@2@XZ 00413940 f i ccClient.obj
 0001:00012980       ?_Getpnext@_Iterator_base12@std@@QAEPAPAU12@XZ 00413980 f i ccClient.obj
 0001:000129a0       ?_Growmap@?$deque@V?$basic_string@DU?$char_traits@D@std@@V?$allocator@D@2@@std@@V?$allocator@V?$basic_string@DU?$char_traits@D@std@@V?$allocator@D@2@@std@@@2@@std@@IAEXI@Z 004139a0 f i ccClient.obj
 0001:00012c30       ?_Orphan_me@_Iterator_base12@std@@QAEXXZ 00413c30 f i ccClient.obj
 0001:00012cc0       ?_Orphan_off@?$deque@V?$basic_string@DU?$char_traits@D@std@@V?$allocator@D@2@@std@@V?$allocator@V?$basic_string@DU?$char_traits@D@std@@V?$allocator@D@2@@std@@@2@@std@@IBEXI@Z 00413cc0 f i ccClient.obj
 0001:00012e00       ?_Setcont@?$_Deque_const_iterator@V?$_Deque_val@U?$_Deque_simple_types@V?$basic_string@DU?$char_traits@D@std@@V?$allocator@D@2@@std@@@std@@@std@@@std@@QAEXPBV?$_Deque_val@U?$_Deque_simple_types@V?$basic_string@DU?$char_traits@D@std@@V?$allocator@D@2@@std@@@std@@@2@@Z 00413e00 f i ccClient.obj
 0001:00012e20       ?_Tidy@?$deque@V?$basic_string@DU?$char_traits@D@std@@V?$allocator@D@2@@std@@V?$allocator@V?$basic_string@DU?$char_traits@D@std@@V?$allocator@D@2@@std@@@2@@std@@IAEXXZ 00413e20 f i ccClient.obj
 0001:00012f30       ?_Xlen@?$deque@V?$basic_string@DU?$char_traits@D@std@@V?$allocator@D@2@@std@@V?$allocator@V?$basic_string@DU?$char_traits@D@std@@V?$allocator@D@2@@std@@@2@@std@@IBEXXZ 00413f30 f i ccClient.obj
 0001:00012f50       ?allocate@?$_Wrap_alloc@V?$allocator@PAV?$basic_string@DU?$char_traits@D@std@@V?$allocator@D@2@@std@@@std@@@std@@QAEPAPAV?$basic_string@DU?$char_traits@D@std@@V?$allocator@D@2@@2@I@Z 00413f50 f i ccClient.obj
 0001:00012f70       ?allocate@?$_Wrap_alloc@V?$allocator@U_Container_proxy@std@@@std@@@std@@QAEPAU_Container_proxy@2@I@Z 00413f70 f i ccClient.obj
 0001:00012f90       ?allocate@?$_Wrap_alloc@V?$allocator@V?$basic_string@DU?$char_traits@D@std@@V?$allocator@D@2@@std@@@std@@@std@@QAEPAV?$basic_string@DU?$char_traits@D@std@@V?$allocator@D@2@@2@I@Z 00413f90 f i ccClient.obj
 0001:00012fb0       ?allocate@?$allocator@PAV?$basic_string@DU?$char_traits@D@std@@V?$allocator@D@2@@std@@@std@@QAEPAPAV?$basic_string@DU?$char_traits@D@std@@V?$allocator@D@2@@2@I@Z 00413fb0 f i ccClient.obj
 0001:00012fe0       ?allocate@?$allocator@V?$basic_string@DU?$char_traits@D@std@@V?$allocator@D@2@@std@@@std@@QAEPAV?$basic_string@DU?$char_traits@D@std@@V?$allocator@D@2@@2@I@Z 00413fe0 f i ccClient.obj
 0001:00013010       ?begin@?$deque@V?$basic_string@DU?$char_traits@D@std@@V?$allocator@D@2@@std@@V?$allocator@V?$basic_string@DU?$char_traits@D@std@@V?$allocator@D@2@@std@@@2@@std@@QAE?AV?$_Deque_iterator@V?$_Deque_val@U?$_Deque_simple_types@V?$basic_string@DU?$char_traits@D@std@@V?$allocator@D@2@@std@@@std@@@std@@@2@XZ 00414010 f i ccClient.obj
 0001:00013040       ?construct@?$allocator@V?$basic_string@DU?$char_traits@D@std@@V?$allocator@D@2@@std@@@std@@QAEXPAV?$basic_string@DU?$char_traits@D@std@@V?$allocator@D@2@@2@ABV32@@Z 00414040 f i ccClient.obj
 0001:000130e0       ?deallocate@?$_Wrap_alloc@V?$allocator@PAV?$basic_string@DU?$char_traits@D@std@@V?$allocator@D@2@@std@@@std@@@std@@QAEXPAPAV?$basic_string@DU?$char_traits@D@std@@V?$allocator@D@2@@2@I@Z 004140e0 f i ccClient.obj
 0001:00013110       ?deallocate@?$_Wrap_alloc@V?$allocator@U_Container_proxy@std@@@std@@@std@@QAEXPAU_Container_proxy@2@I@Z 00414110 f i ccClient.obj
 0001:00013140       ?deallocate@?$_Wrap_alloc@V?$allocator@V?$basic_string@DU?$char_traits@D@std@@V?$allocator@D@2@@std@@@std@@@std@@QAEXPAV?$basic_string@DU?$char_traits@D@std@@V?$allocator@D@2@@2@I@Z 00414140 f i ccClient.obj
 0001:00013170       ?deallocate@?$allocator@PAV?$basic_string@DU?$char_traits@D@std@@V?$allocator@D@2@@std@@@std@@QAEXPAPAV?$basic_string@DU?$char_traits@D@std@@V?$allocator@D@2@@2@I@Z 00414170 f i ccClient.obj
 0001:00013190       ?deallocate@?$allocator@V?$basic_string@DU?$char_traits@D@std@@V?$allocator@D@2@@std@@@std@@QAEXPAV?$basic_string@DU?$char_traits@D@std@@V?$allocator@D@2@@2@I@Z 00414190 f i ccClient.obj
 0001:000131b0       ?empty@?$deque@V?$basic_string@DU?$char_traits@D@std@@V?$allocator@D@2@@std@@V?$allocator@V?$basic_string@DU?$char_traits@D@std@@V?$allocator@D@2@@std@@@2@@std@@QBE_NXZ 004141b0 f i ccClient.obj
 0001:000131f0       ?front@?$deque@V?$basic_string@DU?$char_traits@D@std@@V?$allocator@D@2@@std@@V?$allocator@V?$basic_string@DU?$char_traits@D@std@@V?$allocator@D@2@@std@@@2@@std@@QAEAAV?$basic_string@DU?$char_traits@D@std@@V?$allocator@D@2@@2@XZ 004141f0 f i ccClient.obj
 0001:00013280       ?front@?$queue@V?$basic_string@DU?$char_traits@D@std@@V?$allocator@D@2@@std@@V?$deque@V?$basic_string@DU?$char_traits@D@std@@V?$allocator@D@2@@std@@V?$allocator@V?$basic_string@DU?$char_traits@D@std@@V?$allocator@D@2@@std@@@2@@2@@std@@QAEAAV?$basic_string@DU?$char_traits@D@std@@V?$allocator@D@2@@2@XZ 00414280 f i ccClient.obj
 0001:000132a0       ?max_size@?$_Wrap_alloc@V?$allocator@V?$basic_string@DU?$char_traits@D@std@@V?$allocator@D@2@@std@@@std@@@std@@QBEIXZ 004142a0 f i ccClient.obj
 0001:000132c0       ?max_size@?$allocator@V?$basic_string@DU?$char_traits@D@std@@V?$allocator@D@2@@std@@@std@@QBEIXZ 004142c0 f i ccClient.obj
 0001:000132e0       ?max_size@?$allocator_traits@V?$allocator@V?$basic_string@DU?$char_traits@D@std@@V?$allocator@D@2@@std@@@std@@@std@@SAIABV?$allocator@V?$basic_string@DU?$char_traits@D@std@@V?$allocator@D@2@@std@@@2@@Z 004142e0 f i ccClient.obj
 0001:000132f0       ?max_size@?$deque@V?$basic_string@DU?$char_traits@D@std@@V?$allocator@D@2@@std@@V?$allocator@V?$basic_string@DU?$char_traits@D@std@@V?$allocator@D@2@@std@@@2@@std@@QBEIXZ 004142f0 f i ccClient.obj
 0001:00013320       ?pop@?$queue@V?$basic_string@DU?$char_traits@D@std@@V?$allocator@D@2@@std@@V?$deque@V?$basic_string@DU?$char_traits@D@std@@V?$allocator@D@2@@std@@V?$allocator@V?$basic_string@DU?$char_traits@D@std@@V?$allocator@D@2@@std@@@2@@2@@std@@QAEXXZ 00414320 f i ccClient.obj
 0001:00013340       ?pop_back@?$deque@V?$basic_string@DU?$char_traits@D@std@@V?$allocator@D@2@@std@@V?$allocator@V?$basic_string@DU?$char_traits@D@std@@V?$allocator@D@2@@std@@@2@@std@@QAEXXZ 00414340 f i ccClient.obj
 0001:00013430       ?pop_front@?$deque@V?$basic_string@DU?$char_traits@D@std@@V?$allocator@D@2@@std@@V?$allocator@V?$basic_string@DU?$char_traits@D@std@@V?$allocator@D@2@@std@@@2@@std@@QAEXXZ 00414430 f i ccClient.obj
 0001:00013530       ?push@?$queue@V?$basic_string@DU?$char_traits@D@std@@V?$allocator@D@2@@std@@V?$deque@V?$basic_string@DU?$char_traits@D@std@@V?$allocator@D@2@@std@@V?$allocator@V?$basic_string@DU?$char_traits@D@std@@V?$allocator@D@2@@std@@@2@@2@@std@@QAEX$$QAV?$basic_string@DU?$char_traits@D@std@@V?$allocator@D@2@@2@@Z 00414530 f i ccClient.obj
 0001:00013560       ?push@?$queue@V?$basic_string@DU?$char_traits@D@std@@V?$allocator@D@2@@std@@V?$deque@V?$basic_string@DU?$char_traits@D@std@@V?$allocator@D@2@@std@@V?$allocator@V?$basic_string@DU?$char_traits@D@std@@V?$allocator@D@2@@std@@@2@@2@@std@@QAEXABV?$basic_string@DU?$char_traits@D@std@@V?$allocator@D@2@@2@@Z 00414560 f i ccClient.obj
 0001:00013580       ?push_back@?$deque@V?$basic_string@DU?$char_traits@D@std@@V?$allocator@D@2@@std@@V?$allocator@V?$basic_string@DU?$char_traits@D@std@@V?$allocator@D@2@@std@@@2@@std@@QAEX$$QAV?$basic_string@DU?$char_traits@D@std@@V?$allocator@D@2@@2@@Z 00414580 f i ccClient.obj
 0001:000136c0       ?push_back@?$deque@V?$basic_string@DU?$char_traits@D@std@@V?$allocator@D@2@@std@@V?$allocator@V?$basic_string@DU?$char_traits@D@std@@V?$allocator@D@2@@std@@@2@@std@@QAEXABV?$basic_string@DU?$char_traits@D@std@@V?$allocator@D@2@@2@@Z 004146c0 f i ccClient.obj
 0001:000137f0       ?size@?$deque@V?$basic_string@DU?$char_traits@D@std@@V?$allocator@D@2@@std@@V?$allocator@V?$basic_string@DU?$char_traits@D@std@@V?$allocator@D@2@@std@@@2@@std@@QBEIXZ 004147f0 f i ccClient.obj
 0001:00013810       ?size@?$queue@V?$basic_string@DU?$char_traits@D@std@@V?$allocator@D@2@@std@@V?$deque@V?$basic_string@DU?$char_traits@D@std@@V?$allocator@D@2@@std@@V?$allocator@V?$basic_string@DU?$char_traits@D@std@@V?$allocator@D@2@@std@@@2@@2@@std@@QBEIXZ 00414810 f i ccClient.obj
 0001:00013830       ?readConfigSection@ccConfig@@SAXABV?$basic_string@DU?$char_traits@D@std@@V?$allocator@D@2@@std@@0AAV?$map@V?$basic_string@DU?$char_traits@D@std@@V?$allocator@D@2@@std@@V12@U?$less@V?$basic_string@DU?$char_traits@D@std@@V?$allocator@D@2@@std@@@2@V?$allocator@U?$pair@$$CBV?$basic_string@DU?$char_traits@D@std@@V?$allocator@D@2@@std@@V12@@std@@@2@@3@@Z 00414830 f   ccConfig.obj
 0001:000139c0       ?readConfigSectionRoot@ccConfig@@SAXABV?$basic_string@DU?$char_traits@D@std@@V?$allocator@D@2@@std@@0AAV?$map@V?$basic_string@DU?$char_traits@D@std@@V?$allocator@D@2@@std@@V12@U?$less@V?$basic_string@DU?$char_traits@D@std@@V?$allocator@D@2@@std@@@2@V?$allocator@U?$pair@$$CBV?$basic_string@DU?$char_traits@D@std@@V?$allocator@D@2@@std@@V12@@std@@@2@@3@@Z 004149c0 f   ccConfig.obj
 0001:00013aa0       ?readConfigSection@ccConfig@@SAXHABV?$basic_string@DU?$char_traits@D@std@@V?$allocator@D@2@@std@@AAV?$map@V?$basic_string@DU?$char_traits@D@std@@V?$allocator@D@2@@std@@V12@U?$less@V?$basic_string@DU?$char_traits@D@std@@V?$allocator@D@2@@std@@@2@V?$allocator@U?$pair@$$CBV?$basic_string@DU?$char_traits@D@std@@V?$allocator@D@2@@std@@V12@@std@@@2@@3@@Z 00414aa0 f   ccConfig.obj
 0001:00013ba0       ?deleteKeysFromSectionRoot@ccConfig@@SAXABV?$basic_string@DU?$char_traits@D@std@@V?$allocator@D@2@@std@@00@Z 00414ba0 f   ccConfig.obj
 0001:00013d50       ?writeConfigSection@ccConfig@@SAXABV?$basic_string@DU?$char_traits@D@std@@V?$allocator@D@2@@std@@0ABV?$map@V?$basic_string@DU?$char_traits@D@std@@V?$allocator@D@2@@std@@V12@U?$less@V?$basic_string@DU?$char_traits@D@std@@V?$allocator@D@2@@std@@@2@V?$allocator@U?$pair@$$CBV?$basic_string@DU?$char_traits@D@std@@V?$allocator@D@2@@std@@V12@@std@@@2@@3@@Z 00414d50 f   ccConfig.obj
 0001:00013ee0       ?writeConfigSectionRoot@ccConfig@@SAXABV?$basic_string@DU?$char_traits@D@std@@V?$allocator@D@2@@std@@0ABV?$map@V?$basic_string@DU?$char_traits@D@std@@V?$allocator@D@2@@std@@V12@U?$less@V?$basic_string@DU?$char_traits@D@std@@V?$allocator@D@2@@std@@@2@V?$allocator@U?$pair@$$CBV?$basic_string@DU?$char_traits@D@std@@V?$allocator@D@2@@std@@V12@@std@@@2@@3@@Z 00414ee0 f   ccConfig.obj
 0001:00013fc0       ?writeConfigSection@ccConfig@@SAXHABV?$basic_string@DU?$char_traits@D@std@@V?$allocator@D@2@@std@@ABV?$map@V?$basic_string@DU?$char_traits@D@std@@V?$allocator@D@2@@std@@V12@U?$less@V?$basic_string@DU?$char_traits@D@std@@V?$allocator@D@2@@std@@@2@V?$allocator@U?$pair@$$CBV?$basic_string@DU?$char_traits@D@std@@V?$allocator@D@2@@std@@V12@@std@@@2@@3@@Z 00414fc0 f   ccConfig.obj
 0001:000140c0       ?getString@ccConfig@@SA?AV?$basic_string@DU?$char_traits@D@std@@V?$allocator@D@2@@std@@ABV23@000_N@Z 004150c0 f   ccConfig.obj
 0001:00014250       ?getString@ccConfig@@SA?AV?$basic_string@DU?$char_traits@D@std@@V?$allocator@D@2@@std@@HABV23@00_N@Z 00415250 f   ccConfig.obj
 0001:000143c0       ?setString@ccConfig@@SAXABV?$basic_string@DU?$char_traits@D@std@@V?$allocator@D@2@@std@@000@Z 004153c0 f   ccConfig.obj
 0001:000144a0       ?setString@ccConfig@@SAXHABV?$basic_string@DU?$char_traits@D@std@@V?$allocator@D@2@@std@@00@Z 004154a0 f   ccConfig.obj
 0001:00014590       ?getInt@ccConfig@@SAHABV?$basic_string@DU?$char_traits@D@std@@V?$allocator@D@2@@std@@00H_N@Z 00415590 f   ccConfig.obj
 0001:000146f0       ?getInt@ccConfig@@SAHHABV?$basic_string@DU?$char_traits@D@std@@V?$allocator@D@2@@std@@0H_N@Z 004156f0 f   ccConfig.obj
 0001:00014840       ?getDevPath@ccConfig@@SA?AV?$basic_string@DU?$char_traits@D@std@@V?$allocator@D@2@@std@@XZ 00415840 f   ccConfig.obj
 0001:00014a20       ?getSystem@ccConfig@@SA?AV?$basic_string@DU?$char_traits@D@std@@V?$allocator@D@2@@std@@XZ 00415a20 f   ccConfig.obj
 0001:00014b30       ?getDevPath@ccConfig@@SA?AV?$basic_string@DU?$char_traits@D@std@@V?$allocator@D@2@@std@@H@Z 00415b30 f   ccConfig.obj
 0001:00014c20       ?getDevPath@ccConfig@@SA?AV?$basic_string@DU?$char_traits@D@std@@V?$allocator@D@2@@std@@ABV23@@Z 00415c20 f   ccConfig.obj
 0001:00014ce0       ?isV4Based@ccConfig@@SA_NXZ 00415ce0 f   ccConfig.obj
 0001:00014d50       ?isV3Based@ccConfig@@SA_NXZ 00415d50 f   ccConfig.obj
 0001:00014dc0       ?workstation@ccConfig@@SAHXZ 00415dc0 f   ccConfig.obj
 0001:00015010       ?sectionsAbs@ccConfig@@SAXABV?$basic_string@DU?$char_traits@D@std@@V?$allocator@D@2@@std@@AAV?$list@V?$basic_string@DU?$char_traits@D@std@@V?$allocator@D@2@@std@@V?$allocator@V?$basic_string@DU?$char_traits@D@std@@V?$allocator@D@2@@std@@@2@@3@@Z 00416010 f   ccConfig.obj
 0001:000151b0       ?sections@ccConfig@@SAXABV?$basic_string@DU?$char_traits@D@std@@V?$allocator@D@2@@std@@AAV?$list@V?$basic_string@DU?$char_traits@D@std@@V?$allocator@D@2@@std@@V?$allocator@V?$basic_string@DU?$char_traits@D@std@@V?$allocator@D@2@@std@@@2@@3@@Z 004161b0 f   ccConfig.obj
 0001:00015330       ?sectionsRoot@ccConfig@@SAXABV?$basic_string@DU?$char_traits@D@std@@V?$allocator@D@2@@std@@AAV?$list@V?$basic_string@DU?$char_traits@D@std@@V?$allocator@D@2@@std@@V?$allocator@V?$basic_string@DU?$char_traits@D@std@@V?$allocator@D@2@@std@@@2@@3@@Z 00416330 f   ccConfig.obj
 0001:00015410       ?sections@ccConfig@@SAXHAAV?$list@V?$basic_string@DU?$char_traits@D@std@@V?$allocator@D@2@@std@@V?$allocator@V?$basic_string@DU?$char_traits@D@std@@V?$allocator@D@2@@std@@@2@@std@@@Z 00416410 f   ccConfig.obj
 0001:00015510       ?deleteSectionRoot@ccConfig@@SAXABV?$basic_string@DU?$char_traits@D@std@@V?$allocator@D@2@@std@@0@Z 00416510 f   ccConfig.obj
 0001:000155f0       ??0ccConfig@@QAE@XZ        004165f0 f   ccConfig.obj
 0001:00015670       ??0ccConfig@@QAE@ABV?$basic_string@DU?$char_traits@D@std@@V?$allocator@D@2@@std@@0@Z 00416670 f   ccConfig.obj
 0001:00015750       ??0ccConfig@@QAE@HABV?$basic_string@DU?$char_traits@D@std@@V?$allocator@D@2@@std@@@Z 00416750 f   ccConfig.obj
 0001:00015830       ??1ccConfig@@UAE@XZ        00416830 f   ccConfig.obj
 0001:00015870       ?getString@ccConfig@@QAE?AV?$basic_string@DU?$char_traits@D@std@@V?$allocator@D@2@@std@@ABV23@0_N@Z 00416870 f   ccConfig.obj
 0001:000159b0       ?setString@ccConfig@@QAEXABV?$basic_string@DU?$char_traits@D@std@@V?$allocator@D@2@@std@@0@Z 004169b0 f   ccConfig.obj
 0001:00015aa0       ?getInt@ccConfig@@QAEHABV?$basic_string@DU?$char_traits@D@std@@V?$allocator@D@2@@std@@H_N@Z 00416aa0 f   ccConfig.obj
 0001:00015c20       ?developerMode@ccConfig@@SA_NXZ 00416c20 f   ccConfig.obj
 0001:00015c70       ?getLogPath@ccConfig@@SA?AV?$basic_string@DU?$char_traits@D@std@@V?$allocator@D@2@@std@@ABV23@0@Z 00416c70 f   ccConfig.obj
 0001:00015da0       ?readConfigSectionAbs@ccConfig@@CAXABV?$basic_string@DU?$char_traits@D@std@@V?$allocator@D@2@@std@@0AAV?$map@V?$basic_string@DU?$char_traits@D@std@@V?$allocator@D@2@@std@@V12@U?$less@V?$basic_string@DU?$char_traits@D@std@@V?$allocator@D@2@@std@@@2@V?$allocator@U?$pair@$$CBV?$basic_string@DU?$char_traits@D@std@@V?$allocator@D@2@@std@@V12@@std@@@2@@3@@Z 00416da0 f   ccConfig.obj
 0001:00016110       ?writeConfigSectionAbs@ccConfig@@CAXABV?$basic_string@DU?$char_traits@D@std@@V?$allocator@D@2@@std@@0ABV?$map@V?$basic_string@DU?$char_traits@D@std@@V?$allocator@D@2@@std@@V12@U?$less@V?$basic_string@DU?$char_traits@D@std@@V?$allocator@D@2@@std@@@2@V?$allocator@U?$pair@$$CBV?$basic_string@DU?$char_traits@D@std@@V?$allocator@D@2@@std@@V12@@std@@@2@@3@@Z 00417110 f   ccConfig.obj
 0001:00016650       ?buftolower@ccConfig@@CAPADPAD@Z 00417650 f   ccConfig.obj
 0001:000166c0       ?strtolower@ccConfig@@CA?AV?$basic_string@DU?$char_traits@D@std@@V?$allocator@D@2@@std@@ABV23@@Z 004176c0 f   ccConfig.obj
 0001:000167a0       ?find@ccConfig@@AAE?AV?$_Tree_iterator@V?$_Tree_val@U?$_Tree_simple_types@U?$pair@$$CBV?$basic_string@DU?$char_traits@D@std@@V?$allocator@D@2@@std@@V12@@std@@@std@@@std@@@std@@ABV?$basic_string@DU?$char_traits@D@std@@V?$allocator@D@2@@3@@Z 004177a0 f   ccConfig.obj
 0001:00017580       ??$?0AAV?$_Tree_iterator@V?$_Tree_val@U?$_Tree_simple_types@U?$pair@$$CBV?$basic_string@DU?$char_traits@D@std@@V?$allocator@D@2@@std@@V12@@std@@@std@@@std@@@std@@_NX@?$pair@V?$_Tree_iterator@V?$_Tree_val@U?$_Tree_simple_types@U?$pair@$$CBV?$basic_string@DU?$char_traits@D@std@@V?$allocator@D@2@@std@@V12@@std@@@std@@@std@@@std@@_N@std@@QAE@AAV?$_Tree_iterator@V?$_Tree_val@U?$_Tree_simple_types@U?$pair@$$CBV?$basic_string@DU?$char_traits@D@std@@V?$allocator@D@2@@std@@V12@@std@@@std@@@std@@@1@$$QA_N@Z 00418580 f i ccConfig.obj
 0001:00017610       ??$?0AAV?$basic_string@DU?$char_traits@D@std@@V?$allocator@D@2@@std@@AAV01@X@?$pair@V?$basic_string@DU?$char_traits@D@std@@V?$allocator@D@2@@std@@V12@@std@@QAE@AAV?$basic_string@DU?$char_traits@D@std@@V?$allocator@D@2@@1@0@Z 00418610 f i ccConfig.obj
 0001:000176b0       ??$?0U?$_Tree_node@U?$pair@$$CBV?$basic_string@DU?$char_traits@D@std@@V?$allocator@D@2@@std@@V12@@std@@PAX@std@@@?$allocator@U_Container_proxy@std@@@std@@QAE@ABV?$allocator@U?$_Tree_node@U?$pair@$$CBV?$basic_string@DU?$char_traits@D@std@@V?$allocator@D@2@@std@@V12@@std@@PAX@std@@@1@@Z 004186b0 f i ccConfig.obj
 0001:000176d0       ??$?0U?$_Wrap_alloc@V?$allocator@U?$_Tree_node@U?$pair@$$CBV?$basic_string@DU?$char_traits@D@std@@V?$allocator@D@2@@std@@V12@@std@@PAX@std@@@std@@@std@@@?$_Wrap_alloc@V?$allocator@U_Container_proxy@std@@@std@@@std@@QAE@ABU?$_Wrap_alloc@V?$allocator@U?$_Tree_node@U?$pair@$$CBV?$basic_string@DU?$char_traits@D@std@@V?$allocator@D@2@@std@@V12@@std@@PAX@std@@@std@@@1@@Z 004186d0 f i ccConfig.obj
 0001:00017700       ??$?0V?$_Tree_iterator@V?$_Tree_val@U?$_Tree_simple_types@U?$pair@$$CBV?$basic_string@DU?$char_traits@D@std@@V?$allocator@D@2@@std@@V12@@std@@@std@@@std@@@std@@_NX@?$pair@V?$_Tree_iterator@V?$_Tree_val@U?$_Tree_simple_types@U?$pair@$$CBV?$basic_string@DU?$char_traits@D@std@@V?$allocator@D@2@@std@@V12@@std@@@std@@@std@@@std@@_N@std@@QAE@$$QAV?$_Tree_iterator@V?$_Tree_val@U?$_Tree_simple_types@U?$pair@$$CBV?$basic_string@DU?$char_traits@D@std@@V?$allocator@D@2@@std@@V12@@std@@@std@@@std@@@1@$$QA_N@Z 00418700 f i ccConfig.obj
 0001:00017790       ??$?0V?$basic_string@DU?$char_traits@D@std@@V?$allocator@D@2@@std@@V01@X@?$pair@$$CBV?$basic_string@DU?$char_traits@D@std@@V?$allocator@D@2@@std@@V12@@std@@QAE@$$QAU?$pair@V?$basic_string@DU?$char_traits@D@std@@V?$allocator@D@2@@std@@V12@@1@@Z 00418790 f i ccConfig.obj
 0001:00017830       ??$?8DU?$char_traits@D@std@@V?$allocator@D@1@@std@@YA_NABV?$basic_string@DU?$char_traits@D@std@@V?$allocator@D@2@@0@0@Z 00418830 f i ccConfig.obj
 0001:00017870       ??$?8DU?$char_traits@D@std@@V?$allocator@D@1@@std@@YA_NABV?$basic_string@DU?$char_traits@D@std@@V?$allocator@D@2@@0@PBD@Z 00418870 f i ccConfig.obj
 0001:000178b0       ??$?MDU?$char_traits@D@std@@V?$allocator@D@1@@std@@YA_NABV?$basic_string@DU?$char_traits@D@std@@V?$allocator@D@2@@0@0@Z 004188b0 f i ccConfig.obj
 0001:000178f0       ??$_Allocate@U?$_List_node@V?$basic_string@DU?$char_traits@D@std@@V?$allocator@D@2@@std@@PAX@std@@@std@@YAPAU?$_List_node@V?$basic_string@DU?$char_traits@D@std@@V?$allocator@D@2@@std@@PAX@0@IPAU10@@Z 004188f0 f i ccConfig.obj
 0001:00017940       ??$_Allocate@U?$_Tree_node@U?$pair@$$CBV?$basic_string@DU?$char_traits@D@std@@V?$allocator@D@2@@std@@V12@@std@@PAX@std@@@std@@YAPAU?$_Tree_node@U?$pair@$$CBV?$basic_string@DU?$char_traits@D@std@@V?$allocator@D@2@@std@@V12@@std@@PAX@0@IPAU10@@Z 00418940 f i ccConfig.obj
 0001:00017990       ??$_Buynode@U?$pair@V?$basic_string@DU?$char_traits@D@std@@V?$allocator@D@2@@std@@V12@@std@@@?$_Tree_buy@U?$pair@$$CBV?$basic_string@DU?$char_traits@D@std@@V?$allocator@D@2@@std@@V12@@std@@V?$allocator@U?$pair@$$CBV?$basic_string@DU?$char_traits@D@std@@V?$allocator@D@2@@std@@V12@@std@@@2@@std@@QAEPAU?$_Tree_node@U?$pair@$$CBV?$basic_string@DU?$char_traits@D@std@@V?$allocator@D@2@@std@@V12@@std@@PAX@1@$$QAU?$pair@V?$basic_string@DU?$char_traits@D@std@@V?$allocator@D@2@@std@@V12@@1@@Z 00418990 f i ccConfig.obj
 0001:00017ac0       ??$_Buynode@V?$basic_string@DU?$char_traits@D@std@@V?$allocator@D@2@@std@@@?$_List_buy@V?$basic_string@DU?$char_traits@D@std@@V?$allocator@D@2@@std@@V?$allocator@V?$basic_string@DU?$char_traits@D@std@@V?$allocator@D@2@@std@@@2@@std@@QAEPAU?$_List_node@V?$basic_string@DU?$char_traits@D@std@@V?$allocator@D@2@@std@@PAX@1@PAU21@0$$QAV?$basic_string@DU?$char_traits@D@std@@V?$allocator@D@2@@1@@Z 00418ac0 f i ccConfig.obj
 0001:00017be0       ??$_Buynode_if_nil@AAU?$pair@$$CBV?$basic_string@DU?$char_traits@D@std@@V?$allocator@D@2@@std@@V12@@std@@@?$_Tree@V?$_Tmap_traits@V?$basic_string@DU?$char_traits@D@std@@V?$allocator@D@2@@std@@V12@U?$less@V?$basic_string@DU?$char_traits@D@std@@V?$allocator@D@2@@std@@@2@V?$allocator@U?$pair@$$CBV?$basic_string@DU?$char_traits@D@std@@V?$allocator@D@2@@std@@V12@@std@@@2@$0A@@std@@@std@@IAEPAU?$_Tree_node@U?$pair@$$CBV?$basic_string@DU?$char_traits@D@std@@V?$allocator@D@2@@std@@V12@@std@@PAX@1@PAU21@AAU?$pair@$$CBV?$basic_string@DU?$char_traits@D@std@@V?$allocator@D@2@@std@@V12@@1@@Z 00418be0 f i ccConfig.obj
 0001:00017c00       ??$_Debug_lt_pred@U?$less@V?$basic_string@DU?$char_traits@D@std@@V?$allocator@D@2@@std@@@std@@ABV?$basic_string@DU?$char_traits@D@std@@V?$allocator@D@2@@2@ABV32@@std@@YA_NU?$less@V?$basic_string@DU?$char_traits@D@std@@V?$allocator@D@2@@std@@@0@ABV?$basic_string@DU?$char_traits@D@std@@V?$allocator@D@2@@0@1PB_WI@Z 00418c00 f i ccConfig.obj
 0001:00017ca0       ??$_Insert@V?$basic_string@DU?$char_traits@D@std@@V?$allocator@D@2@@std@@@?$list@V?$basic_string@DU?$char_traits@D@std@@V?$allocator@D@2@@std@@V?$allocator@V?$basic_string@DU?$char_traits@D@std@@V?$allocator@D@2@@std@@@2@@std@@QAEXV?$_List_unchecked_const_iterator@V?$_List_val@U?$_List_simple_types@V?$basic_string@DU?$char_traits@D@std@@V?$allocator@D@2@@std@@@std@@@std@@U_Iterator_base0@2@@1@$$QAV?$basic_string@DU?$char_traits@D@std@@V?$allocator@D@2@@1@@Z 00418ca0 f i ccConfig.obj
 0001:00017d40       ??$_Insert_at@AAU?$pair@$$CBV?$basic_string@DU?$char_traits@D@std@@V?$allocator@D@2@@std@@V12@@std@@PAU?$_Tree_node@U?$pair@$$CBV?$basic_string@DU?$char_traits@D@std@@V?$allocator@D@2@@std@@V12@@std@@PAX@2@@?$_Tree@V?$_Tmap_traits@V?$basic_string@DU?$char_traits@D@std@@V?$allocator@D@2@@std@@V12@U?$less@V?$basic_string@DU?$char_traits@D@std@@V?$allocator@D@2@@std@@@2@V?$allocator@U?$pair@$$CBV?$basic_string@DU?$char_traits@D@std@@V?$allocator@D@2@@std@@V12@@std@@@2@$0A@@std@@@std@@IAE?AV?$_Tree_iterator@V?$_Tree_val@U?$_Tree_simple_types@U?$pair@$$CBV?$basic_string@DU?$char_traits@D@std@@V?$allocator@D@2@@std@@V12@@std@@@std@@@std@@@1@_NPAU?$_Tree_node@U?$pair@$$CBV?$basic_string@DU?$char_traits@D@std@@V?$allocator@D@2@@std@@V12@@std@@PAX@1@AAU?$pair@$$CBV?$basic_string@DU?$char_traits@D@std@@V?$allocator@D@2@@std@@V12@@1@1@Z 00418d40 f i ccConfig.obj
 0001:00018290       ??$_Insert_nohint@AAU?$pair@$$CBV?$basic_string@DU?$char_traits@D@std@@V?$allocator@D@2@@std@@V12@@std@@PAU?$_Tree_node@U?$pair@$$CBV?$basic_string@DU?$char_traits@D@std@@V?$allocator@D@2@@std@@V12@@std@@PAX@2@@?$_Tree@V?$_Tmap_traits@V?$basic_string@DU?$char_traits@D@std@@V?$allocator@D@2@@std@@V12@U?$less@V?$basic_string@DU?$char_traits@D@std@@V?$allocator@D@2@@std@@@2@V?$allocator@U?$pair@$$CBV?$basic_string@DU?$char_traits@D@std@@V?$allocator@D@2@@std@@V12@@std@@@2@$0A@@std@@@std@@IAE?AU?$pair@V?$_Tree_iterator@V?$_Tree_val@U?$_Tree_simple_types@U?$pair@$$CBV?$basic_string@DU?$char_traits@D@std@@V?$allocator@D@2@@std@@V12@@std@@@std@@@std@@@std@@_N@1@_NAAU?$pair@$$CBV?$basic_string@DU?$char_traits@D@std@@V?$allocator@D@2@@std@@V12@@1@PAU?$_Tree_node@U?$pair@$$CBV?$basic_string@DU?$char_traits@D@std@@V?$allocator@D@2@@std@@V12@@std@@PAX@1@@Z 00419290 f i ccConfig.obj
 0001:00018870       ??$_Kfn@$$CBV?$basic_string@DU?$char_traits@D@std@@V?$allocator@D@2@@std@@V12@@?$_Tmap_traits@V?$basic_string@DU?$char_traits@D@std@@V?$allocator@D@2@@std@@V12@U?$less@V?$basic_string@DU?$char_traits@D@std@@V?$allocator@D@2@@std@@@2@V?$allocator@U?$pair@$$CBV?$basic_string@DU?$char_traits@D@std@@V?$allocator@D@2@@std@@V12@@std@@@2@$0A@@std@@SAABV?$basic_string@DU?$char_traits@D@std@@V?$allocator@D@2@@1@ABU?$pair@$$CBV?$basic_string@DU?$char_traits@D@std@@V?$allocator@D@2@@std@@V12@@1@@Z 00419870 f i ccConfig.obj
 0001:00018880       ??$_Move@AAD@std@@YA$$QADAAD@Z 00419880 f i ccConfig.obj
 0001:00018890       ??$addressof@$$CBU?$pair@$$CBV?$basic_string@DU?$char_traits@D@std@@V?$allocator@D@2@@std@@V12@@std@@@std@@YAPBU?$pair@$$CBV?$basic_string@DU?$char_traits@D@std@@V?$allocator@D@2@@std@@V12@@0@ABU10@@Z 00419890 f i ccConfig.obj
 0001:000188a0       ??$addressof@PAU?$_List_node@V?$basic_string@DU?$char_traits@D@std@@V?$allocator@D@2@@std@@PAX@std@@@std@@YAPAPAU?$_List_node@V?$basic_string@DU?$char_traits@D@std@@V?$allocator@D@2@@std@@PAX@0@AAPAU10@@Z 004198a0 f i ccConfig.obj
 0001:000188b0       ??$addressof@PAU?$_Tree_node@U?$pair@$$CBV?$basic_string@DU?$char_traits@D@std@@V?$allocator@D@2@@std@@V12@@std@@PAX@std@@@std@@YAPAPAU?$_Tree_node@U?$pair@$$CBV?$basic_string@DU?$char_traits@D@std@@V?$allocator@D@2@@std@@V12@@std@@PAX@0@AAPAU10@@Z 004198b0 f i ccConfig.obj
 0001:000188c0       ??$addressof@U?$pair@$$CBV?$basic_string@DU?$char_traits@D@std@@V?$allocator@D@2@@std@@V12@@std@@@std@@YAPAU?$pair@$$CBV?$basic_string@DU?$char_traits@D@std@@V?$allocator@D@2@@std@@V12@@0@AAU10@@Z 004198c0 f i ccConfig.obj
 0001:000188d0       ??$addressof@V?$basic_string@DU?$char_traits@D@std@@V?$allocator@D@2@@std@@@std@@YAPAV?$basic_string@DU?$char_traits@D@std@@V?$allocator@D@2@@0@AAV10@@Z 004198d0 f i ccConfig.obj
 0001:000188e0       ??$assign@V?$_String_iterator@V?$_String_val@U?$_Simple_types@D@std@@@std@@@std@@@?$basic_string@DU?$char_traits@D@std@@V?$allocator@D@2@@std@@QAEAAV01@V?$_String_iterator@V?$_String_val@U?$_Simple_types@D@std@@@std@@@1@0@Z 004198e0 f i ccConfig.obj
 0001:00018a60       ??$construct@PAU?$_List_node@V?$basic_string@DU?$char_traits@D@std@@V?$allocator@D@2@@std@@PAX@std@@AAPAU12@@?$_Wrap_alloc@V?$allocator@U?$_List_node@V?$basic_string@DU?$char_traits@D@std@@V?$allocator@D@2@@std@@PAX@std@@@std@@@std@@QAEXPAPAU?$_List_node@V?$basic_string@DU?$char_traits@D@std@@V?$allocator@D@2@@std@@PAX@1@AAPAU21@@Z 00419a60 f i ccConfig.obj
 0001:00018aa0       ??$construct@PAU?$_List_node@V?$basic_string@DU?$char_traits@D@std@@V?$allocator@D@2@@std@@PAX@std@@AAPAU12@@?$allocator@U?$_List_node@V?$basic_string@DU?$char_traits@D@std@@V?$allocator@D@2@@std@@PAX@std@@@std@@QAEXPAPAU?$_List_node@V?$basic_string@DU?$char_traits@D@std@@V?$allocator@D@2@@std@@PAX@1@AAPAU21@@Z 00419aa0 f i ccConfig.obj
 0001:00018b50       ??$construct@PAU?$_List_node@V?$basic_string@DU?$char_traits@D@std@@V?$allocator@D@2@@std@@PAX@std@@AAPAU12@@?$allocator_traits@V?$allocator@U?$_List_node@V?$basic_string@DU?$char_traits@D@std@@V?$allocator@D@2@@std@@PAX@std@@@std@@@std@@SAXAAV?$allocator@U?$_List_node@V?$basic_string@DU?$char_traits@D@std@@V?$allocator@D@2@@std@@PAX@std@@@1@PAPAU?$_List_node@V?$basic_string@DU?$char_traits@D@std@@V?$allocator@D@2@@std@@PAX@1@AAPAU31@@Z 00419b50 f i ccConfig.obj
 0001:00018b80       ??$construct@PAU?$_Tree_node@U?$pair@$$CBV?$basic_string@DU?$char_traits@D@std@@V?$allocator@D@2@@std@@V12@@std@@PAX@std@@AAPAU12@@?$_Wrap_alloc@V?$allocator@U?$_Tree_node@U?$pair@$$CBV?$basic_string@DU?$char_traits@D@std@@V?$allocator@D@2@@std@@V12@@std@@PAX@std@@@std@@@std@@QAEXPAPAU?$_Tree_node@U?$pair@$$CBV?$basic_string@DU?$char_traits@D@std@@V?$allocator@D@2@@std@@V12@@std@@PAX@1@AAPAU21@@Z 00419b80 f i ccConfig.obj
 0001:00018bc0       ??$construct@PAU?$_Tree_node@U?$pair@$$CBV?$basic_string@DU?$char_traits@D@std@@V?$allocator@D@2@@std@@V12@@std@@PAX@std@@AAPAU12@@?$allocator@U?$_Tree_node@U?$pair@$$CBV?$basic_string@DU?$char_traits@D@std@@V?$allocator@D@2@@std@@V12@@std@@PAX@std@@@std@@QAEXPAPAU?$_Tree_node@U?$pair@$$CBV?$basic_string@DU?$char_traits@D@std@@V?$allocator@D@2@@std@@V12@@std@@PAX@1@AAPAU21@@Z 00419bc0 f i ccConfig.obj
 0001:00018c70       ??$construct@PAU?$_Tree_node@U?$pair@$$CBV?$basic_string@DU?$char_traits@D@std@@V?$allocator@D@2@@std@@V12@@std@@PAX@std@@AAPAU12@@?$allocator_traits@V?$allocator@U?$_Tree_node@U?$pair@$$CBV?$basic_string@DU?$char_traits@D@std@@V?$allocator@D@2@@std@@V12@@std@@PAX@std@@@std@@@std@@SAXAAV?$allocator@U?$_Tree_node@U?$pair@$$CBV?$basic_string@DU?$char_traits@D@std@@V?$allocator@D@2@@std@@V12@@std@@PAX@std@@@1@PAPAU?$_Tree_node@U?$pair@$$CBV?$basic_string@DU?$char_traits@D@std@@V?$allocator@D@2@@std@@V12@@std@@PAX@1@AAPAU31@@Z 00419c70 f i ccConfig.obj
 0001:00018ca0       ??$construct@U?$pair@$$CBV?$basic_string@DU?$char_traits@D@std@@V?$allocator@D@2@@std@@V12@@std@@U?$pair@V?$basic_string@DU?$char_traits@D@std@@V?$allocator@D@2@@std@@V12@@2@@?$_Wrap_alloc@V?$allocator@U?$_Tree_node@U?$pair@$$CBV?$basic_string@DU?$char_traits@D@std@@V?$allocator@D@2@@std@@V12@@std@@PAX@std@@@std@@@std@@QAEXPAU?$pair@$$CBV?$basic_string@DU?$char_traits@D@std@@V?$allocator@D@2@@std@@V12@@1@$$QAU?$pair@V?$basic_string@DU?$char_traits@D@std@@V?$allocator@D@2@@std@@V12@@1@@Z 00419ca0 f i ccConfig.obj
 0001:00018ce0       ??$construct@U?$pair@$$CBV?$basic_string@DU?$char_traits@D@std@@V?$allocator@D@2@@std@@V12@@std@@U?$pair@V?$basic_string@DU?$char_traits@D@std@@V?$allocator@D@2@@std@@V12@@2@@?$allocator@U?$_Tree_node@U?$pair@$$CBV?$basic_string@DU?$char_traits@D@std@@V?$allocator@D@2@@std@@V12@@std@@PAX@std@@@std@@QAEXPAU?$pair@$$CBV?$basic_string@DU?$char_traits@D@std@@V?$allocator@D@2@@std@@V12@@1@$$QAU?$pair@V?$basic_string@DU?$char_traits@D@std@@V?$allocator@D@2@@std@@V12@@1@@Z 00419ce0 f i ccConfig.obj
 0001:00018d90       ??$construct@U?$pair@$$CBV?$basic_string@DU?$char_traits@D@std@@V?$allocator@D@2@@std@@V12@@std@@U?$pair@V?$basic_string@DU?$char_traits@D@std@@V?$allocator@D@2@@std@@V12@@2@@?$allocator_traits@V?$allocator@U?$_Tree_node@U?$pair@$$CBV?$basic_string@DU?$char_traits@D@std@@V?$allocator@D@2@@std@@V12@@std@@PAX@std@@@std@@@std@@SAXAAV?$allocator@U?$_Tree_node@U?$pair@$$CBV?$basic_string@DU?$char_traits@D@std@@V?$allocator@D@2@@std@@V12@@std@@PAX@std@@@1@PAU?$pair@$$CBV?$basic_string@DU?$char_traits@D@std@@V?$allocator@D@2@@std@@V12@@1@$$QAU?$pair@V?$basic_string@DU?$char_traits@D@std@@V?$allocator@D@2@@std@@V12@@1@@Z 00419d90 f i ccConfig.obj
 0001:00018dc0       ??$construct@V?$basic_string@DU?$char_traits@D@std@@V?$allocator@D@2@@std@@V12@@?$_Wrap_alloc@V?$allocator@U?$_List_node@V?$basic_string@DU?$char_traits@D@std@@V?$allocator@D@2@@std@@PAX@std@@@std@@@std@@QAEXPAV?$basic_string@DU?$char_traits@D@std@@V?$allocator@D@2@@1@$$QAV21@@Z 00419dc0 f i ccConfig.obj
 0001:00018e00       ??$construct@V?$basic_string@DU?$char_traits@D@std@@V?$allocator@D@2@@std@@V12@@?$allocator@U?$_List_node@V?$basic_string@DU?$char_traits@D@std@@V?$allocator@D@2@@std@@PAX@std@@@std@@QAEXPAV?$basic_string@DU?$char_traits@D@std@@V?$allocator@D@2@@1@$$QAV21@@Z 00419e00 f i ccConfig.obj
 0001:00018eb0       ??$construct@V?$basic_string@DU?$char_traits@D@std@@V?$allocator@D@2@@std@@V12@@?$allocator_traits@V?$allocator@U?$_List_node@V?$basic_string@DU?$char_traits@D@std@@V?$allocator@D@2@@std@@PAX@std@@@std@@@std@@SAXAAV?$allocator@U?$_List_node@V?$basic_string@DU?$char_traits@D@std@@V?$allocator@D@2@@std@@PAX@std@@@1@PAV?$basic_string@DU?$char_traits@D@std@@V?$allocator@D@2@@1@$$QAV31@@Z 00419eb0 f i ccConfig.obj
 0001:00018ee0       ??$destroy@PAU?$_Tree_node@U?$pair@$$CBV?$basic_string@DU?$char_traits@D@std@@V?$allocator@D@2@@std@@V12@@std@@PAX@std@@@?$_Wrap_alloc@V?$allocator@U?$_Tree_node@U?$pair@$$CBV?$basic_string@DU?$char_traits@D@std@@V?$allocator@D@2@@std@@V12@@std@@PAX@std@@@std@@@std@@QAEXPAPAU?$_Tree_node@U?$pair@$$CBV?$basic_string@DU?$char_traits@D@std@@V?$allocator@D@2@@std@@V12@@std@@PAX@1@@Z 00419ee0 f i ccConfig.obj
 0001:00018f10       ??$destroy@PAU?$_Tree_node@U?$pair@$$CBV?$basic_string@DU?$char_traits@D@std@@V?$allocator@D@2@@std@@V12@@std@@PAX@std@@@?$allocator@U?$_Tree_node@U?$pair@$$CBV?$basic_string@DU?$char_traits@D@std@@V?$allocator@D@2@@std@@V12@@std@@PAX@std@@@std@@QAEXPAPAU?$_Tree_node@U?$pair@$$CBV?$basic_string@DU?$char_traits@D@std@@V?$allocator@D@2@@std@@V12@@std@@PAX@1@@Z 00419f10 f i ccConfig.obj
 0001:00018f20       ??$destroy@PAU?$_Tree_node@U?$pair@$$CBV?$basic_string@DU?$char_traits@D@std@@V?$allocator@D@2@@std@@V12@@std@@PAX@std@@@?$allocator_traits@V?$allocator@U?$_Tree_node@U?$pair@$$CBV?$basic_string@DU?$char_traits@D@std@@V?$allocator@D@2@@std@@V12@@std@@PAX@std@@@std@@@std@@SAXAAV?$allocator@U?$_Tree_node@U?$pair@$$CBV?$basic_string@DU?$char_traits@D@std@@V?$allocator@D@2@@std@@V12@@std@@PAX@std@@@1@PAPAU?$_Tree_node@U?$pair@$$CBV?$basic_string@DU?$char_traits@D@std@@V?$allocator@D@2@@std@@V12@@std@@PAX@1@@Z 00419f20 f i ccConfig.obj
 0001:00018f40       ??$destroy@U?$pair@$$CBV?$basic_string@DU?$char_traits@D@std@@V?$allocator@D@2@@std@@V12@@std@@@?$_Wrap_alloc@V?$allocator@U?$_Tree_node@U?$pair@$$CBV?$basic_string@DU?$char_traits@D@std@@V?$allocator@D@2@@std@@V12@@std@@PAX@std@@@std@@@std@@QAEXPAU?$pair@$$CBV?$basic_string@DU?$char_traits@D@std@@V?$allocator@D@2@@std@@V12@@1@@Z 00419f40 f i ccConfig.obj
 0001:00018f70       ??$destroy@U?$pair@$$CBV?$basic_string@DU?$char_traits@D@std@@V?$allocator@D@2@@std@@V12@@std@@@?$allocator@U?$_Tree_node@U?$pair@$$CBV?$basic_string@DU?$char_traits@D@std@@V?$allocator@D@2@@std@@V12@@std@@PAX@std@@@std@@QAEXPAU?$pair@$$CBV?$basic_string@DU?$char_traits@D@std@@V?$allocator@D@2@@std@@V12@@1@@Z 00419f70 f i ccConfig.obj
 0001:00018f90       ??$destroy@U?$pair@$$CBV?$basic_string@DU?$char_traits@D@std@@V?$allocator@D@2@@std@@V12@@std@@@?$allocator_traits@V?$allocator@U?$_Tree_node@U?$pair@$$CBV?$basic_string@DU?$char_traits@D@std@@V?$allocator@D@2@@std@@V12@@std@@PAX@std@@@std@@@std@@SAXAAV?$allocator@U?$_Tree_node@U?$pair@$$CBV?$basic_string@DU?$char_traits@D@std@@V?$allocator@D@2@@std@@V12@@std@@PAX@std@@@1@PAU?$pair@$$CBV?$basic_string@DU?$char_traits@D@std@@V?$allocator@D@2@@std@@V12@@1@@Z 00419f90 f i ccConfig.obj
 0001:00018fb0       ??$forward@AAPAU?$_List_node@V?$basic_string@DU?$char_traits@D@std@@V?$allocator@D@2@@std@@PAX@std@@@std@@YAAAPAU?$_List_node@V?$basic_string@DU?$char_traits@D@std@@V?$allocator@D@2@@std@@PAX@0@AAPAU10@@Z 00419fb0 f i ccConfig.obj
 0001:00018fc0       ??$forward@AAPAU?$_Tree_node@U?$pair@$$CBV?$basic_string@DU?$char_traits@D@std@@V?$allocator@D@2@@std@@V12@@std@@PAX@std@@@std@@YAAAPAU?$_Tree_node@U?$pair@$$CBV?$basic_string@DU?$char_traits@D@std@@V?$allocator@D@2@@std@@V12@@std@@PAX@0@AAPAU10@@Z 00419fc0 f i ccConfig.obj
 0001:00018fd0       ??$forward@AAU?$pair@$$CBV?$basic_string@DU?$char_traits@D@std@@V?$allocator@D@2@@std@@V12@@std@@@std@@YAAAU?$pair@$$CBV?$basic_string@DU?$char_traits@D@std@@V?$allocator@D@2@@std@@V12@@0@AAU10@@Z 00419fd0 f i ccConfig.obj
 0001:00018fe0       ??$forward@AAV?$_Tree_iterator@V?$_Tree_val@U?$_Tree_simple_types@U?$pair@$$CBV?$basic_string@DU?$char_traits@D@std@@V?$allocator@D@2@@std@@V12@@std@@@std@@@std@@@std@@@std@@YAAAV?$_Tree_iterator@V?$_Tree_val@U?$_Tree_simple_types@U?$pair@$$CBV?$basic_string@DU?$char_traits@D@std@@V?$allocator@D@2@@std@@V12@@std@@@std@@@std@@@0@AAV10@@Z 00419fe0 f i ccConfig.obj
 0001:00018ff0       ??$forward@AAV?$basic_string@DU?$char_traits@D@std@@V?$allocator@D@2@@std@@@std@@YAAAV?$basic_string@DU?$char_traits@D@std@@V?$allocator@D@2@@0@AAV10@@Z 00419ff0 f i ccConfig.obj
 0001:00019000       ??$forward@U?$pair@V?$basic_string@DU?$char_traits@D@std@@V?$allocator@D@2@@std@@V12@@std@@@std@@YA$$QAU?$pair@V?$basic_string@DU?$char_traits@D@std@@V?$allocator@D@2@@std@@V12@@0@AAU10@@Z 0041a000 f i ccConfig.obj
 0001:00019010       ??$forward@V?$_Tree_iterator@V?$_Tree_val@U?$_Tree_simple_types@U?$pair@$$CBV?$basic_string@DU?$char_traits@D@std@@V?$allocator@D@2@@std@@V12@@std@@@std@@@std@@@std@@@std@@YA$$QAV?$_Tree_iterator@V?$_Tree_val@U?$_Tree_simple_types@U?$pair@$$CBV?$basic_string@DU?$char_traits@D@std@@V?$allocator@D@2@@std@@V12@@std@@@std@@@std@@@0@AAV10@@Z 0041a010 f i ccConfig.obj
 0001:00019020       ??$forward@_N@std@@YA$$QA_NAA_N@Z 0041a020 f i ccConfig.obj
 0001:00019030       ??$insert@U?$pair@V?$basic_string@DU?$char_traits@D@std@@V?$allocator@D@2@@std@@V12@@std@@@?$_Tree@V?$_Tmap_traits@V?$basic_string@DU?$char_traits@D@std@@V?$allocator@D@2@@std@@V12@U?$less@V?$basic_string@DU?$char_traits@D@std@@V?$allocator@D@2@@std@@@2@V?$allocator@U?$pair@$$CBV?$basic_string@DU?$char_traits@D@std@@V?$allocator@D@2@@std@@V12@@std@@@2@$0A@@std@@@std@@QAE?AU?$pair@V?$_Tree_iterator@V?$_Tree_val@U?$_Tree_simple_types@U?$pair@$$CBV?$basic_string@DU?$char_traits@D@std@@V?$allocator@D@2@@std@@V12@@std@@@std@@@std@@@std@@_N@1@$$QAU?$pair@V?$basic_string@DU?$char_traits@D@std@@V?$allocator@D@2@@std@@V12@@1@@Z 0041a030 f i ccConfig.obj
 0001:000190a0       ??$swap@D@std@@YAXAAD0@Z   0041a0a0 f i ccConfig.obj
 0001:000190f0       ??0?$_Iterator012@Ubidirectional_iterator_tag@std@@U?$pair@$$CBV?$basic_string@DU?$char_traits@D@std@@V?$allocator@D@2@@std@@V12@@2@HPBU32@ABU32@U_Iterator_base12@2@@std@@QAE@ABU01@@Z 0041a0f0 f i ccConfig.obj
 0001:00019120       ??0?$_Iterator012@Ubidirectional_iterator_tag@std@@U?$pair@$$CBV?$basic_string@DU?$char_traits@D@std@@V?$allocator@D@2@@std@@V12@@2@HPBU32@ABU32@U_Iterator_base12@2@@std@@QAE@XZ 0041a120 f i ccConfig.obj
 0001:00019140       ??0?$_Iterator012@Urandom_access_iterator_tag@std@@DHPBDABDU_Iterator_base12@2@@std@@QAE@ABU01@@Z 0041a140 f i ccConfig.obj
 0001:00019170       ??0?$_Iterator012@Urandom_access_iterator_tag@std@@DHPBDABDU_Iterator_base12@2@@std@@QAE@XZ 0041a170 f i ccConfig.obj
 0001:00019190       ??0?$_List_unchecked_const_iterator@V?$_List_val@U?$_List_simple_types@V?$basic_string@DU?$char_traits@D@std@@V?$allocator@D@2@@std@@@std@@@std@@U_Iterator_base0@2@@std@@QAE@PAU?$_List_node@V?$basic_string@DU?$char_traits@D@std@@V?$allocator@D@2@@std@@PAX@1@PBV?$_List_val@U?$_List_simple_types@V?$basic_string@DU?$char_traits@D@std@@V?$allocator@D@2@@std@@@std@@@1@@Z 0041a190 f i ccConfig.obj
[...]
 0004:00000dbc       __imp_??0QDialogButtonBox@@QAE@PAVQWidget@@@Z 004b5dbc     Qt5Widgetsd:Qt5Widgetsd.dll
 0004:00000dc0       __imp_??1QDialogButtonBox@@UAE@XZ 004b5dc0     Qt5Widgetsd:Qt5Widgetsd.dll
 0004:00000dc4       __imp_?setStandardButtons@QDialogButtonBox@@QAEXV?$QFlags@W4StandardButton@QDialogButtonBox@@@@@Z 004b5dc4     Qt5Widgetsd:Qt5Widgetsd.dll
 0004:00000dc8       __imp_??0QVBoxLayout@@QAE@XZ 004b5dc8     Qt5Widgetsd:Qt5Widgetsd.dll
 0004:00000dcc       __imp_?setDocument@QTextEdit@@QAEXPAVQTextDocument@@@Z 004b5dcc     Qt5Widgetsd:Qt5Widgetsd.dll
 0004:00000dd0       __imp_??0QToolButton@@QAE@PAVQWidget@@@Z 004b5dd0     Qt5Widgetsd:Qt5Widgetsd.dll
 0004:00000dd4       __imp_??1QToolButton@@UAE@XZ 004b5dd4     Qt5Widgetsd:Qt5Widgetsd.dll
 0004:00000dd8       __imp_?actionEvent@QToolButton@@MAEXPAVQActionEvent@@@Z 004b5dd8     Qt5Widgetsd:Qt5Widgetsd.dll
 0004:00000ddc       __imp_?changeEvent@QDialogButtonBox@@MAEXPAVQEvent@@@Z 004b5ddc     Qt5Widgetsd:Qt5Widgetsd.dll
 0004:00000de0       __imp_?changeEvent@QToolButton@@MAEXPAVQEvent@@@Z 004b5de0     Qt5Widgetsd:Qt5Widgetsd.dll
 0004:00000de4       __imp_?enterEvent@QToolButton@@MAEXPAVQEvent@@@Z 004b5de4     Qt5Widgetsd:Qt5Widgetsd.dll
 0004:00000de8       __imp_?event@QDialogButtonBox@@MAE_NPAVQEvent@@@Z 004b5de8     Qt5Widgetsd:Qt5Widgetsd.dll
 0004:00000dec       __imp_?event@QToolButton@@MAE_NPAVQEvent@@@Z 004b5dec     Qt5Widgetsd:Qt5Widgetsd.dll
 0004:00000df0       __imp_?focusInEvent@QAbstractButton@@MAEXPAVQFocusEvent@@@Z 004b5df0     Qt5Widgetsd:Qt5Widgetsd.dll
 0004:00000df4       __imp_?focusOutEvent@QAbstractButton@@MAEXPAVQFocusEvent@@@Z 004b5df4     Qt5Widgetsd:Qt5Widgetsd.dll
 0004:00000df8       __imp_?hitButton@QToolButton@@MBE_NABVQPoint@@@Z 004b5df8     Qt5Widgetsd:Qt5Widgetsd.dll
 0004:00000dfc       __imp_?keyPressEvent@QAbstractButton@@MAEXPAVQKeyEvent@@@Z 004b5dfc     Qt5Widgetsd:Qt5Widgetsd.dll
 0004:00000e00       __imp_?leaveEvent@QToolButton@@MAEXPAVQEvent@@@Z 004b5e00     Qt5Widgetsd:Qt5Widgetsd.dll
 0004:00000e04       __imp_?metaObject@QDialogButtonBox@@UBEPBUQMetaObject@@XZ 004b5e04     Qt5Widgetsd:Qt5Widgetsd.dll
 0004:00000e08       __imp_?metaObject@QToolButton@@UBEPBUQMetaObject@@XZ 004b5e08     Qt5Widgetsd:Qt5Widgetsd.dll
 0004:00000e0c       __imp_?minimumSizeHint@QToolButton@@UBE?AVQSize@@XZ 004b5e0c     Qt5Widgetsd:Qt5Widgetsd.dll
 0004:00000e10       __imp_?mousePressEvent@QToolButton@@MAEXPAVQMouseEvent@@@Z 004b5e10     Qt5Widgetsd:Qt5Widgetsd.dll
 0004:00000e14       __imp_?mouseReleaseEvent@QToolButton@@MAEXPAVQMouseEvent@@@Z 004b5e14     Qt5Widgetsd:Qt5Widgetsd.dll
 0004:00000e18       __imp_?nextCheckState@QToolButton@@MAEXXZ 004b5e18     Qt5Widgetsd:Qt5Widgetsd.dll
 0004:00000e1c       __imp_?paintEvent@QToolButton@@MAEXPAVQPaintEvent@@@Z 004b5e1c     Qt5Widgetsd:Qt5Widgetsd.dll
 0004:00000e20       __imp_?qt_metacall@QDialogButtonBox@@UAEHW4Call@QMetaObject@@HPAPAX@Z 004b5e20     Qt5Widgetsd:Qt5Widgetsd.dll
 0004:00000e24       __imp_?qt_metacall@QToolButton@@UAEHW4Call@QMetaObject@@HPAPAX@Z 004b5e24     Qt5Widgetsd:Qt5Widgetsd.dll
 0004:00000e28       __imp_?qt_metacast@QDialogButtonBox@@UAEPAXPBD@Z 004b5e28     Qt5Widgetsd:Qt5Widgetsd.dll
 0004:00000e2c       __imp_?qt_metacast@QToolButton@@UAEPAXPBD@Z 004b5e2c     Qt5Widgetsd:Qt5Widgetsd.dll
 0004:00000e30       __imp_?sizeHint@QToolButton@@UBE?AVQSize@@XZ 004b5e30     Qt5Widgetsd:Qt5Widgetsd.dll
 0004:00000e34       __imp_?timerEvent@QToolButton@@MAEXPAVQTimerEvent@@@Z 004b5e34     Qt5Widgetsd:Qt5Widgetsd.dll
 0004:00000e38       __imp_?setWordWrap@QLabel@@QAEX_N@Z 004b5e38     Qt5Widgetsd:Qt5Widgetsd.dll
 0004:00000e3c       __imp_?metaObject@QDialog@@UBEPBUQMetaObject@@XZ 004b5e3c     Qt5Widgetsd:Qt5Widgetsd.dll
 0004:00000e40       __imp_?hasHeightForWidth@QSizePolicy@@QBE_NXZ 004b5e40     Qt5Widgetsd:Qt5Widgetsd.dll
 0004:00000e44       __imp_?setHeightForWidth@QSizePolicy@@QAEX_N@Z 004b5e44     Qt5Widgetsd:Qt5Widgetsd.dll
 0004:00000e48       __imp_??0QSizePolicy@@QAE@W4Policy@0@0W4ControlType@0@@Z 004b5e48     Qt5Widgetsd:Qt5Widgetsd.dll
 0004:00000e4c       __imp_?exec@QApplication@@SAHXZ 004b5e4c     Qt5Widgetsd:Qt5Widgetsd.dll
 0004:00000e50       __imp_??1QApplication@@UAE@XZ 004b5e50     Qt5Widgetsd:Qt5Widgetsd.dll
 0004:00000e54       __imp_??0QApplication@@QAE@AAHPAPADH@Z 004b5e54     Qt5Widgetsd:Qt5Widgetsd.dll
 0004:00000e58       __imp_?show@QWidget@@QAEXXZ 004b5e58     Qt5Widgetsd:Qt5Widgetsd.dll
 0004:00000e5c       __imp_?staticMetaObject@QDialog@@2UQMetaObject@@B 004b5e5c     Qt5Widgetsd:Qt5Widgetsd.dll
 0004:00000e60       __imp_?qt_metacall@QDialog@@UAEHW4Call@QMetaObject@@HPAPAX@Z 004b5e60     Qt5Widgetsd:Qt5Widgetsd.dll
 0004:00000e64       __imp_?qt_metacast@QDialog@@UAEPAXPBD@Z 004b5e64     Qt5Widgetsd:Qt5Widgetsd.dll
 0004:00000e68       __imp_?staticMetaObject@QMainWindow@@2UQMetaObject@@B 004b5e68     Qt5Widgetsd:Qt5Widgetsd.dll
 0004:00000e6c       __imp_?qt_metacall@QMainWindow@@UAEHW4Call@QMetaObject@@HPAPAX@Z 004b5e6c     Qt5Widgetsd:Qt5Widgetsd.dll
 0004:00000e70       __imp_?qt_metacast@QMainWindow@@UAEPAXPBD@Z 004b5e70     Qt5Widgetsd:Qt5Widgetsd.dll
 0004:00000e74       __imp_?write@QTreeWidgetItem@@UBEXAAVQDataStream@@@Z 004b5e74     Qt5Widgetsd:Qt5Widgetsd.dll
 0004:00000e78       __imp_?setData@QTreeWidgetItem@@UAEXHHABVQVariant@@@Z 004b5e78     Qt5Widgetsd:Qt5Widgetsd.dll
 0004:00000e7c       __imp_?read@QTreeWidgetItem@@UAEXAAVQDataStream@@@Z 004b5e7c     Qt5Widgetsd:Qt5Widgetsd.dll
 0004:00000e80       __imp_?data@QTreeWidgetItem@@UBE?AVQVariant@@HH@Z 004b5e80     Qt5Widgetsd:Qt5Widgetsd.dll
 0004:00000e84       __imp_?clone@QTreeWidgetItem@@UBEPAV1@XZ 004b5e84     Qt5Widgetsd:Qt5Widgetsd.dll
 0004:00000e88       __imp_??MQTreeWidgetItem@@UBE_NABV0@@Z 004b5e88     Qt5Widgetsd:Qt5Widgetsd.dll
 0004:00000e8c       __imp_?setText@QTreeWidgetItem@@QAEXHABVQString@@@Z 004b5e8c     Qt5Widgetsd:Qt5Widgetsd.dll
 0004:00000e90       __imp_??1QTreeWidgetItem@@UAE@XZ 004b5e90     Qt5Widgetsd:Qt5Widgetsd.dll
 0004:00000e94       __imp_??0QTreeWidgetItem@@QAE@H@Z 004b5e94     Qt5Widgetsd:Qt5Widgetsd.dll
 0004:00000e98       __imp_?append@QTextEdit@@QAEXABVQString@@@Z 004b5e98     Qt5Widgetsd:Qt5Widgetsd.dll
 0004:00000e9c       __imp_?document@QTextEdit@@QBEPAVQTextDocument@@XZ 004b5e9c     Qt5Widgetsd:Qt5Widgetsd.dll
 0004:00000ea0       __imp_?childEvent@QLayout@@MAEXPAVQChildEvent@@@Z 004b5ea0     Qt5Widgetsd:Qt5Widgetsd.dll
 0004:00000ea4       __imp_?childEvent@QGroupBox@@MAEXPAVQChildEvent@@@Z 004b5ea4     Qt5Widgetsd:Qt5Widgetsd.dll
 0004:00000ea8       __imp_?checkStateSet@QAbstractButton@@MAEXXZ 004b5ea8     Qt5Widgetsd:Qt5Widgetsd.dll
 0004:00000eac       __imp_?changeEvent@QWidget@@MAEXPAVQEvent@@@Z 004b5eac     Qt5Widgetsd:Qt5Widgetsd.dll
 0004:00000eb0       __imp_?changeEvent@QToolBar@@MAEXPAVQEvent@@@Z 004b5eb0     Qt5Widgetsd:Qt5Widgetsd.dll
 0004:00000eb4       __imp_?changeEvent@QTextEdit@@MAEXPAVQEvent@@@Z 004b5eb4     Qt5Widgetsd:Qt5Widgetsd.dll
 0004:00000eb8       __imp_?changeEvent@QSplitter@@MAEXPAVQEvent@@@Z 004b5eb8     Qt5Widgetsd:Qt5Widgetsd.dll
 0004:00000ebc       __imp_?changeEvent@QMenuBar@@MAEXPAVQEvent@@@Z 004b5ebc     Qt5Widgetsd:Qt5Widgetsd.dll
 0004:00000ec0       __imp_?changeEvent@QMenu@@MAEXPAVQEvent@@@Z 004b5ec0     Qt5Widgetsd:Qt5Widgetsd.dll
 0004:00000ec4       __imp_?changeEvent@QGroupBox@@MAEXPAVQEvent@@@Z 004b5ec4     Qt5Widgetsd:Qt5Widgetsd.dll
 0004:00000ec8       __imp_?changeEvent@QFrame@@MAEXPAVQEvent@@@Z 004b5ec8     Qt5Widgetsd:Qt5Widgetsd.dll
 0004:00000ecc       __imp_?changeEvent@QAbstractButton@@MAEXPAVQEvent@@@Z 004b5ecc     Qt5Widgetsd:Qt5Widgetsd.dll
 0004:00000ed0       __imp_?canInsertFromMimeData@QTextEdit@@MBE_NPBVQMimeData@@@Z 004b5ed0     Qt5Widgetsd:Qt5Widgetsd.dll
 0004:00000ed4       __imp_?addItem@QBoxLayout@@UAEXPAVQLayoutItem@@@Z 004b5ed4     Qt5Widgetsd:Qt5Widgetsd.dll
 0004:00000ed8       __imp_?actionEvent@QWidget@@MAEXPAVQActionEvent@@@Z 004b5ed8     Qt5Widgetsd:Qt5Widgetsd.dll
 0004:00000edc       __imp_?actionEvent@QToolBar@@MAEXPAVQActionEvent@@@Z 004b5edc     Qt5Widgetsd:Qt5Widgetsd.dll
 0004:00000ee0       __imp_?actionEvent@QMenuBar@@MAEXPAVQActionEvent@@@Z 004b5ee0     Qt5Widgetsd:Qt5Widgetsd.dll
 0004:00000ee4       __imp_?actionEvent@QMenu@@MAEXPAVQActionEvent@@@Z 004b5ee4     Qt5Widgetsd:Qt5Widgetsd.dll
 0004:00000ee8       __imp_??MQListWidgetItem@@UBE_NABV0@@Z 004b5ee8     Qt5Widgetsd:Qt5Widgetsd.dll
 0004:00000eec       __imp_?critical@QMessageBox@@SA?AW4StandardButton@1@PAVQWidget@@ABVQString@@1V?$QFlags@W4StandardButton@QMessageBox@@@@W421@@Z 004b5eec     Qt5Widgetsd:Qt5Widgetsd.dll
 0004:00000ef0       __imp_?information@QMessageBox@@SA?AW4StandardButton@1@PAVQWidget@@ABVQString@@1V?$QFlags@W4StandardButton@QMessageBox@@@@W421@@Z 004b5ef0     Qt5Widgetsd:Qt5Widgetsd.dll
 0004:00000ef4       __imp_?exec@QDialog@@UAEHXZ 004b5ef4     Qt5Widgetsd:Qt5Widgetsd.dll
 0004:00000ef8       __imp_?itemAt@QTreeWidget@@QBEPAVQTreeWidgetItem@@ABVQPoint@@@Z 004b5ef8     Qt5Widgetsd:Qt5Widgetsd.dll
 0004:00000efc       __imp_?headerItem@QTreeWidget@@QBEPAVQTreeWidgetItem@@XZ 004b5efc     Qt5Widgetsd:Qt5Widgetsd.dll
 0004:00000f00       __imp_?addTopLevelItem@QTreeWidget@@QAEXPAVQTreeWidgetItem@@@Z 004b5f00     Qt5Widgetsd:Qt5Widgetsd.dll
 0004:00000f04       __imp_??1QTreeWidget@@UAE@XZ 004b5f04     Qt5Widgetsd:Qt5Widgetsd.dll
 0004:00000f08       __imp_??0QTreeWidget@@QAE@PAVQWidget@@@Z 004b5f08     Qt5Widgetsd:Qt5Widgetsd.dll
 0004:00000f0c       __imp_?header@QTreeView@@QBEPAVQHeaderView@@XZ 004b5f0c     Qt5Widgetsd:Qt5Widgetsd.dll
 0004:00000f10       __imp_??1QToolBar@@UAE@XZ  004b5f10     Qt5Widgetsd:Qt5Widgetsd.dll
 0004:00000f14       __imp_??0QToolBar@@QAE@PAVQWidget@@@Z 004b5f14     Qt5Widgetsd:Qt5Widgetsd.dll
 0004:00000f18       __imp_?setReadOnly@QTextEdit@@QAEX_N@Z 004b5f18     Qt5Widgetsd:Qt5Widgetsd.dll
 0004:00000f1c       __imp_??1QTextEdit@@UAE@XZ 004b5f1c     Qt5Widgetsd:Qt5Widgetsd.dll
 0004:00000f20       __imp_??0QTextEdit@@QAE@PAVQWidget@@@Z 004b5f20     Qt5Widgetsd:Qt5Widgetsd.dll
 0004:00000f24       __imp_??1QStatusBar@@UAE@XZ 004b5f24     Qt5Widgetsd:Qt5Widgetsd.dll
 0004:00000f28       __imp_??0QStatusBar@@QAE@PAVQWidget@@@Z 004b5f28     Qt5Widgetsd:Qt5Widgetsd.dll
 0004:00000f2c       __imp_?setOrientation@QSplitter@@QAEXW4Orientation@Qt@@@Z 004b5f2c     Qt5Widgetsd:Qt5Widgetsd.dll
 0004:00000f30       __imp_?addWidget@QSplitter@@QAEXPAVQWidget@@@Z 004b5f30     Qt5Widgetsd:Qt5Widgetsd.dll
 0004:00000f34       __imp_??1QSplitter@@UAE@XZ 004b5f34     Qt5Widgetsd:Qt5Widgetsd.dll
 0004:00000f38       __imp_??0QSplitter@@QAE@PAVQWidget@@@Z 004b5f38     Qt5Widgetsd:Qt5Widgetsd.dll
 0004:00000f3c       __imp_??1QPushButton@@UAE@XZ 004b5f3c     Qt5Widgetsd:Qt5Widgetsd.dll
 0004:00000f40       __imp_??0QPushButton@@QAE@PAVQWidget@@@Z 004b5f40     Qt5Widgetsd:Qt5Widgetsd.dll
 0004:00000f44       __imp_?setText@QAbstractButton@@QAEXABVQString@@@Z 004b5f44     Qt5Widgetsd:Qt5Widgetsd.dll
 0004:00000f48       __imp_??1QMenuBar@@UAE@XZ  004b5f48     Qt5Widgetsd:Qt5Widgetsd.dll
 0004:00000f4c       __imp_??0QMenuBar@@QAE@PAVQWidget@@@Z 004b5f4c     Qt5Widgetsd:Qt5Widgetsd.dll
 0004:00000f50       __imp_?setTitle@QMenu@@QAEXABVQString@@@Z 004b5f50     Qt5Widgetsd:Qt5Widgetsd.dll
 0004:00000f54       __imp_?menuAction@QMenu@@QBEPAVQAction@@XZ 004b5f54     Qt5Widgetsd:Qt5Widgetsd.dll
 0004:00000f58       __imp_?exec@QMenu@@QAEPAVQAction@@ABVQPoint@@PAV2@@Z 004b5f58     Qt5Widgetsd:Qt5Widgetsd.dll
 0004:00000f5c       __imp_?addAction@QMenu@@QAEPAVQAction@@ABVQString@@@Z 004b5f5c     Qt5Widgetsd:Qt5Widgetsd.dll
 0004:00000f60       __imp_??1QMenu@@UAE@XZ     004b5f60     Qt5Widgetsd:Qt5Widgetsd.dll
 0004:00000f64       __imp_??0QMenu@@QAE@PAVQWidget@@@Z 004b5f64     Qt5Widgetsd:Qt5Widgetsd.dll
 0004:00000f68       __imp_?addItem@QListWidget@@QAEXPAVQListWidgetItem@@@Z 004b5f68     Qt5Widgetsd:Qt5Widgetsd.dll
 0004:00000f6c       __imp_??1QListWidget@@UAE@XZ 004b5f6c     Qt5Widgetsd:Qt5Widgetsd.dll
 0004:00000f70       __imp_??0QListWidget@@QAE@PAVQWidget@@@Z 004b5f70     Qt5Widgetsd:Qt5Widgetsd.dll
 0004:00000f74       __imp_??1QListWidgetItem@@UAE@XZ 004b5f74     Qt5Widgetsd:Qt5Widgetsd.dll
 0004:00000f78       __imp_??0QListWidgetItem@@QAE@ABVQString@@PAVQListWidget@@H@Z 004b5f78     Qt5Widgetsd:Qt5Widgetsd.dll
 0004:00000f7c       __imp_?setSectionResizeMode@QHeaderView@@QAEXW4ResizeMode@1@@Z 004b5f7c     Qt5Widgetsd:Qt5Widgetsd.dll
 0004:00000f80       __imp_??1QVBoxLayout@@UAE@XZ 004b5f80     Qt5Widgetsd:Qt5Widgetsd.dll
 0004:00000f84       __imp_??0QVBoxLayout@@QAE@PAVQWidget@@@Z 004b5f84     Qt5Widgetsd:Qt5Widgetsd.dll
 0004:00000f88       __imp_??1QHBoxLayout@@UAE@XZ 004b5f88     Qt5Widgetsd:Qt5Widgetsd.dll
 0004:00000f8c       __imp_??0QHBoxLayout@@QAE@XZ 004b5f8c     Qt5Widgetsd:Qt5Widgetsd.dll
 0004:00000f90       __imp_?setSpacing@QBoxLayout@@QAEXH@Z 004b5f90     Qt5Widgetsd:Qt5Widgetsd.dll
 0004:00000f94       __imp_?addLayout@QBoxLayout@@QAEXPAVQLayout@@H@Z 004b5f94     Qt5Widgetsd:Qt5Widgetsd.dll
 0004:00000f98       __imp_?addWidget@QBoxLayout@@QAEXPAVQWidget@@HV?$QFlags@W4AlignmentFlag@Qt@@@@@Z 004b5f98     Qt5Widgetsd:Qt5Widgetsd.dll
 0004:00000f9c       __imp_?setSizeConstraint@QLayout@@QAEXW4SizeConstraint@1@@Z 004b5f9c     Qt5Widgetsd:Qt5Widgetsd.dll
 0004:00000fa0       __imp_?setContentsMargins@QLayout@@QAEXHHHH@Z 004b5fa0     Qt5Widgetsd:Qt5Widgetsd.dll
 0004:00000fa4       __imp_??1QSpacerItem@@UAE@XZ 004b5fa4     Qt5Widgetsd:Qt5Widgetsd.dll
 0004:00000fa8       __imp_??0QSpacerItem@@QAE@HHW4Policy@QSizePolicy@@0@Z 004b5fa8     Qt5Widgetsd:Qt5Widgetsd.dll
 0004:00000fac       __imp_?setTitle@QGroupBox@@QAEXABVQString@@@Z 004b5fac     Qt5Widgetsd:Qt5Widgetsd.dll
 0004:00000fb0       __imp_??1QGroupBox@@UAE@XZ 004b5fb0     Qt5Widgetsd:Qt5Widgetsd.dll
 0004:00000fb4       __imp_??0QGroupBox@@QAE@PAVQWidget@@@Z 004b5fb4     Qt5Widgetsd:Qt5Widgetsd.dll
 0004:00000fb8       __imp_?setChecked@QAction@@QAEX_N@Z 004b5fb8     Qt5Widgetsd:Qt5Widgetsd.dll
 0004:00000fbc       __imp_?setCheckable@QAction@@QAEX_N@Z 004b5fbc     Qt5Widgetsd:Qt5Widgetsd.dll
 0004:00000fc0       __imp_?setShortcut@QAction@@QAEXABVQKeySequence@@@Z 004b5fc0     Qt5Widgetsd:Qt5Widgetsd.dll
 0004:00000fc4       __imp_?setText@QAction@@QAEXABVQString@@@Z 004b5fc4     Qt5Widgetsd:Qt5Widgetsd.dll
 0004:00000fc8       __imp_??1QAction@@UAE@XZ   004b5fc8     Qt5Widgetsd:Qt5Widgetsd.dll
 0004:00000fcc       __imp_??0QAction@@QAE@PAVQObject@@@Z 004b5fcc     Qt5Widgetsd:Qt5Widgetsd.dll
 0004:00000fd0       __imp_?addToolBar@QMainWindow@@QAEXW4ToolBarArea@Qt@@PAVQToolBar@@@Z 004b5fd0     Qt5Widgetsd:Qt5Widgetsd.dll
 0004:00000fd4       __imp_?setCentralWidget@QMainWindow@@QAEXPAVQWidget@@@Z 004b5fd4     Qt5Widgetsd:Qt5Widgetsd.dll
 0004:00000fd8       __imp_?setStatusBar@QMainWindow@@QAEXPAVQStatusBar@@@Z 004b5fd8     Qt5Widgetsd:Qt5Widgetsd.dll
 0004:00000fdc       __imp_??1QMainWindow@@UAE@XZ 004b5fdc     Qt5Widgetsd:Qt5Widgetsd.dll
 0004:00000fe0       __imp_?setMenuBar@QMainWindow@@QAEXPAVQMenuBar@@@Z 004b5fe0     Qt5Widgetsd:Qt5Widgetsd.dll
 0004:00000fe4       __imp_??0QMainWindow@@QAE@PAVQWidget@@V?$QFlags@W4WindowType@Qt@@@@@Z 004b5fe4     Qt5Widgetsd:Qt5Widgetsd.dll
 0004:00000fe8       __imp_?addAction@QWidget@@QAEXPAVQAction@@@Z 004b5fe8     Qt5Widgetsd:Qt5Widgetsd.dll
 0004:00000fec       __imp_?setSizePolicy@QWidget@@QAEXVQSizePolicy@@@Z 004b5fec     Qt5Widgetsd:Qt5Widgetsd.dll
 0004:00000ff0       __imp_?sizePolicy@QWidget@@QBE?AVQSizePolicy@@XZ 004b5ff0     Qt5Widgetsd:Qt5Widgetsd.dll
 0004:00000ff4       __imp_?setGeometry@QWidget@@QAEXABVQRect@@@Z 004b5ff4     Qt5Widgetsd:Qt5Widgetsd.dll
 0004:00000ff8       __imp_?resize@QWidget@@QAEXHH@Z 004b5ff8     Qt5Widgetsd:Qt5Widgetsd.dll
 0004:00000ffc       __imp_?close@QWidget@@QAE_NXZ 004b5ffc     Qt5Widgetsd:Qt5Widgetsd.dll
 0004:00001000       __imp_?setContextMenuPolicy@QWidget@@QAEXW4ContextMenuPolicy@Qt@@@Z 004b6000     Qt5Widgetsd:Qt5Widgetsd.dll
 0004:00001004       __imp_?setWindowIcon@QWidget@@QAEXABVQIcon@@@Z 004b6004     Qt5Widgetsd:Qt5Widgetsd.dll
 0004:00001008       __imp_?setWindowTitle@QWidget@@QAEXABVQString@@@Z 004b6008     Qt5Widgetsd:Qt5Widgetsd.dll
 0004:0000100c       __imp_?mapToGlobal@QWidget@@QBE?AVQPoint@@ABV2@@Z 004b600c     Qt5Widgetsd:Qt5Widgetsd.dll
 0004:00001010       __imp_?setMaximumSize@QWidget@@QAEXABVQSize@@@Z 004b6010     Qt5Widgetsd:Qt5Widgetsd.dll
 0004:00001014       __imp_?winId@QWidget@@QBEIXZ 004b6014     Qt5Widgetsd:Qt5Widgetsd.dll
 0004:00001018       __imp_?qt_metacall@QStatusBar@@UAEHW4Call@QMetaObject@@HPAPAX@Z 004b6018     Qt5Widgetsd:Qt5Widgetsd.dll
 0004:0000101c       __imp_??1QWidget@@UAE@XZ   004b601c     Qt5Widgetsd:Qt5Widgetsd.dll
 0004:00001020       __imp_?isIndexHidden@QListView@@MBE_NABVQModelIndex@@@Z 004b6020     Qt5Widgetsd:Qt5Widgetsd.dll
 0004:00001024       __imp_?heightForWidth@QMenuBar@@UBEHH@Z 004b6024     Qt5Widgetsd:Qt5Widgetsd.dll
 0004:00001028       __imp_?indexAt@QTreeView@@UBE?AVQModelIndex@@ABVQPoint@@@Z 004b6028     Qt5Widgetsd:Qt5Widgetsd.dll
 0004:0000102c       \177Qt5Widgetsd_NULL_THUNK_DATA 004b602c     Qt5Widgetsd:Qt5Widgetsd.dll
 0004:000011fc       __imp__CommandLineToArgvW@8 004b61fc     shell32:SHELL32.dll
 0004:00001200       __imp__ShellExecuteA@24    004b6200     shell32:SHELL32.dll
 0004:00001204       \177SHELL32_NULL_THUNK_DATA 004b6204     shell32:SHELL32.dll
 0004:00001230       __imp__GetClassNameA@12    004b6230     user32:USER32.dll
 0004:00001234       __imp__SetWindowLongA@12   004b6234     user32:USER32.dll
 0004:00001238       __imp__GetWindowLongA@8    004b6238     user32:USER32.dll
 0004:0000123c       __imp__MessageBoxA@16      004b623c     user32:USER32.dll
 0004:00001240       __imp__DestroyWindow@4     004b6240     user32:USER32.dll
 0004:00001244       __imp__IsWindow@4          004b6244     user32:USER32.dll
 0004:00001248       __imp__CreateWindowExA@48  004b6248     user32:USER32.dll
 0004:0000124c       __imp__UnregisterClassA@8  004b624c     user32:USER32.dll
 0004:00001250       __imp__RegisterClassA@4    004b6250     user32:USER32.dll
 0004:00001254       __imp__DefWindowProcA@16   004b6254     user32:USER32.dll
 0004:00001258       __imp__PostMessageA@16     004b6258     user32:USER32.dll
 0004:0000125c       __imp__SendMessageA@16     004b625c     user32:USER32.dll
 0004:00001260       __imp__wsprintfA           004b6260     user32:USER32.dll
 0004:00001264       \177USER32_NULL_THUNK_DATA 004b6264     user32:USER32.dll
 0004:00001298       __imp__VerQueryValueA@16   004b6298     version:VERSION.dll
 0004:0000129c       __imp__GetFileVersionInfoA@16 004b629c     version:VERSION.dll
 0004:000012a0       __imp__GetFileVersionInfoSizeA@8 004b62a0     version:VERSION.dll
 0004:000012a4       \177VERSION_NULL_THUNK_DATA 004b62a4     version:VERSION.dll
 0004:000012d0       __IMPORT_DESCRIPTOR_VERSION 004b62d0     version:VERSION.dll
 0004:000012e4       __IMPORT_DESCRIPTOR_Qt5Cored 004b62e4     Qt5Cored:Qt5Cored.dll
 0004:000012f8       __IMPORT_DESCRIPTOR_Qt5Guid 004b62f8     Qt5Guid:Qt5Guid.dll
 0004:0000130c       __IMPORT_DESCRIPTOR_Qt5Networkd 004b630c     Qt5Networkd:Qt5Networkd.dll
 0004:00001320       __IMPORT_DESCRIPTOR_Qt5Widgetsd 004b6320     Qt5Widgetsd:Qt5Widgetsd.dll
 0004:00001334       __IMPORT_DESCRIPTOR_BNCSIF32 004b6334     bncsif32:BNCSIF32.dll
 0004:00001348       __IMPORT_DESCRIPTOR_KERNEL32 004b6348     kernel32:KERNEL32.dll
 0004:0000135c       __IMPORT_DESCRIPTOR_USER32 004b635c     user32:USER32.dll
 0004:00001370       __IMPORT_DESCRIPTOR_ADVAPI32 004b6370     advapi32:ADVAPI32.dll
 0004:00001384       __IMPORT_DESCRIPTOR_SHELL32 004b6384     shell32:SHELL32.dll
 0004:00001398       __IMPORT_DESCRIPTOR_MSVCR120D 004b6398     MSVCRTD:MSVCR120D.dll
 0004:000013ac       __IMPORT_DESCRIPTOR_MSVCP120D 004b63ac     msvcprtd:MSVCP120D.dll
 0004:000013c0       __NULL_IMPORT_DESCRIPTOR   004b63c0     version:VERSION.dll
