 v3bncslinkdb

 Timestamp is 5e9db807 (Mon Apr 20 15:56:07 2020)

 Preferred load address is 00400000

 Start         Length     Name                   Class
 0001:00000000 00027865H .textbss                DATA
 0002:00000000 000054d7H .text                   CODE
 0002:000054e0 00001e9eH .text$di                CODE
 0002:00007380 0004a35fH .text$mn                CODE
 0002:000516e0 000063aaH .text$x                 CODE
 0002:00057a90 00001525H .text$yd                CODE
 0003:00000000 00000104H .CRT$XCA                DATA
 0003:00000104 00000104H .CRT$XCAA               DATA
 0003:00000208 000001b0H .CRT$XCU                DATA
 0003:000003b8 00000104H .CRT$XCZ                DATA
 0003:000004bc 00000104H .CRT$XIA                DATA
 0003:000005c0 00000104H .CRT$XIAA               DATA
 0003:000006c4 00000104H .CRT$XIC                DATA
 0003:000007c8 00000104H .CRT$XIY                DATA
 0003:000008cc 00000104H .CRT$XIZ                DATA
 0003:000009d0 0001ace9H .rdata                  DATA
 0003:0001b6bc 00000173H .rdata$debug            DATA
 0003:0001b830 0000157cH .rdata$r                DATA
 0003:0001cdac 00000104H .rtc$IAA                DATA
 0003:0001ceb0 0000015bH .rtc$IMZ                DATA
 0003:0001d00c 00000104H .rtc$IZZ                DATA
 0003:0001d110 00000104H .rtc$TAA                DATA
 0003:0001d214 0000015bH .rtc$TMZ                DATA
 0003:0001d370 00000104H .rtc$TZZ                DATA
 0003:0001d478 0000436eH .xdata$x                DATA
 0003:000217e6 00000000H .edata                  DATA
 0004:00000000 0000093eH .data                   DATA
 0004:00000940 0000077cH .data$r                 DATA
 0004:000010c0 00000d20H .bss                    DATA
 0005:00000000 0000125cH .idata$5                DATA
 0005:0000125c 000000b4H .idata$2                DATA
 0005:00001310 00000014H .idata$3                DATA
 0005:00001324 0000125cH .idata$4                DATA
 0005:00002580 000094afH .idata$6                DATA
 0006:00000000 00000319H .rsrc$01                DATA
 0006:00000320 00009f96H .rsrc$02                DATA

  Address         Publics by Value              Rva+Base       Lib:Object

 0000:00000000       ___safe_se_handler_table   00000000     <absolute>
 0000:00000000       ___guard_flags             00000000     <absolute>
 0000:00000000       ___guard_fids_count        00000000     <absolute>
 0000:00000000       ___safe_se_handler_count   00000000     <absolute>
 0000:00000000       ___guard_fids_table        00000000     <absolute>
 0000:00000000       __except_list              00000000     <absolute>
 0000:00009876       __fltused                  00009876     <absolute>
 0000:00009876       __ldused                   00009876     <absolute>
 0000:00000000       ___ImageBase               00400000     <linker-defined>
 0001:00000000       __enc$textbss$begin        00401000     <linker-defined>
 0001:00027865       __enc$textbss$end          00428865     <linker-defined>
 0002:000050a5       _HtmlHelpA@16              0042e0a5 f   htmlhelp:init.obj
 0002:000051da       _HtmlHelpW@16              0042e1da f   htmlhelp:init.obj
 0002:00005299       _WinMain@16                0042e299 f   qtmain:qtmain_win.obj
 0002:00005349       ?detach@?$QMemArray@PAD@@UAEXXZ 0042e349 f i qtmain:qtmain_win.obj
 0002:00005353       ??_G?$QMemArray@H@@UAEPAXI@Z 0042e353 f i qtmain:qtmain_win.obj
 0002:00005380       ??_G?$QMemArray@_N@@UAEPAXI@Z 0042e380 f i qtmain:qtmain_win.obj
 0002:000053ad       ??_G?$QMemArray@D@@UAEPAXI@Z 0042e3ad f i qtmain:qtmain_win.obj
 0002:000053da       ??_G?$QMemArray@VQPoint@@@@UAEPAXI@Z 0042e3da f i qtmain:qtmain_win.obj
 0002:00005407       ??_G?$QPtrList@D@@UAEPAXI@Z 0042e407 f i qtmain:qtmain_win.obj
 0002:0000543e       ??_G?$QPtrList@VQObject@@@@UAEPAXI@Z 0042e43e f i qtmain:qtmain_win.obj
 0002:00005475       ??_G?$QPtrList@VQWidget@@@@UAEPAXI@Z 0042e475 f i qtmain:qtmain_win.obj
 0002:000054ac       ??_G?$QMemArray@PAD@@UAEPAXI@Z 0042e4ac f i qtmain:qtmain_win.obj
 0002:000054ac       ??_E?$QMemArray@PAD@@UAEPAXI@Z 0042e4ac f i qtmain:qtmain_win.obj
 0002:00007380       ??0aboutDialog@@QAE@PAVQWidget@@PBD_NI@Z 00430380 f   aboutdialog.obj
 0002:00007cf0       ??1aboutDialog@@UAE@XZ     00430cf0 f   aboutdialog.obj
 0002:00007da0       ?languageChange@aboutDialog@@MAEXXZ 00430da0 f   aboutdialog.obj
 0002:000082bc       ??_EQFrame@@WCI@AEPAXI@Z   004312bc f i aboutdialog.obj
 0002:000082c6       ??_EQHBoxLayout@@WCI@AEPAXI@Z 004312c6 f i aboutdialog.obj
 0002:000082d0       ??_EQLabel@@WCI@AEPAXI@Z   004312d0 f i aboutdialog.obj
 0002:000082da       ??_EQPushButton@@WCI@AEPAXI@Z 004312da f i aboutdialog.obj
 0002:000082e4       ??_EQVBoxLayout@@WCI@AEPAXI@Z 004312e4 f i aboutdialog.obj
 0002:000082ee       ??_EaboutDialog@@WCI@AEPAXI@Z 004312ee f i aboutdialog.obj
 0002:00008300       ??_GQFrame@@UAEPAXI@Z      00431300 f i aboutdialog.obj
 0002:00008300       ??_EQFrame@@UAEPAXI@Z      00431300 f i aboutdialog.obj
 0002:00008380       ??_EQHBoxLayout@@UAEPAXI@Z 00431380 f i aboutdialog.obj
 0002:00008380       ??_GQHBoxLayout@@UAEPAXI@Z 00431380 f i aboutdialog.obj
 0002:00008400       ??_GQLabel@@UAEPAXI@Z      00431400 f i aboutdialog.obj
 0002:00008400       ??_EQLabel@@UAEPAXI@Z      00431400 f i aboutdialog.obj
 0002:00008480       ??_GQPushButton@@UAEPAXI@Z 00431480 f i aboutdialog.obj
 0002:00008480       ??_EQPushButton@@UAEPAXI@Z 00431480 f i aboutdialog.obj
 0002:00008500       ??_EQSpacerItem@@UAEPAXI@Z 00431500 f i aboutdialog.obj
 0002:00008500       ??_GQSpacerItem@@UAEPAXI@Z 00431500 f i aboutdialog.obj
 0002:00008580       ??_EQVBoxLayout@@UAEPAXI@Z 00431580 f i aboutdialog.obj
 0002:00008580       ??_GQVBoxLayout@@UAEPAXI@Z 00431580 f i aboutdialog.obj
 0002:00008600       ??_EaboutDialog@@UAEPAXI@Z 00431600 f i aboutdialog.obj
 0002:00008600       ??_GaboutDialog@@UAEPAXI@Z 00431600 f i aboutdialog.obj
 0002:00008670       ?metaObject@aboutDialog@@UBEPAVQMetaObject@@XZ 00431670 f i aboutdialog.obj
 0002:000086c0       ??0aboutDialogImpl@@QAE@PAVQWidget@@PBD_NI@Z 004316c0 f   aboutdialogimpl.obj
 0002:000089e0       ??1aboutDialogImpl@@UAE@XZ 004319e0 f   aboutdialogimpl.obj
 0002:00008b0e       ??_EaboutDialogImpl@@WCI@AEPAXI@Z 00431b0e f i aboutdialogimpl.obj
 0002:00008b20       ??_EaboutDialogImpl@@UAEPAXI@Z 00431b20 f i aboutdialogimpl.obj
 0002:00008b20       ??_GaboutDialogImpl@@UAEPAXI@Z 00431b20 f i aboutdialogimpl.obj
 0002:00008b90       ?metaObject@aboutDialogImpl@@UBEPAVQMetaObject@@XZ 00431b90 f i aboutdialogimpl.obj
 0002:00008be0       ??0bncslink32MainWindow@@QAE@PAVQWidget@@PBDI@Z 00431be0 f   bncslink32mainwindow.obj
 0002:0000a5b0       ??1bncslink32MainWindow@@UAE@XZ 004335b0 f   bncslink32mainwindow.obj
 0002:0000a610       ?languageChange@bncslink32MainWindow@@MAEXXZ 00433610 f   bncslink32mainwindow.obj
 0002:0000bc02       ??_EQGridLayout@@WCI@AEPAXI@Z 00434c02 f i bncslink32mainwindow.obj
 0002:0000bc0c       ??_EQMenuBar@@WCI@AEPAXI@Z 00434c0c f i bncslink32mainwindow.obj
 0002:0000bc16       ??_EQMenuBar@@WIM@AEPAXI@Z 00434c16 f i bncslink32mainwindow.obj
 0002:0000bc23       ??_EQPopupMenu@@WCI@AEPAXI@Z 00434c23 f i bncslink32mainwindow.obj
 0002:0000bc2d       ??_EQPopupMenu@@WIM@AEPAXI@Z 00434c2d f i bncslink32mainwindow.obj
 0002:0000bc3a       ??_EQTextEdit@@WCI@AEPAXI@Z 00434c3a f i bncslink32mainwindow.obj
 0002:0000bc44       ??_EQWidget@@WCI@AEPAXI@Z  00434c44 f i bncslink32mainwindow.obj
 0002:0000bc4e       ??_Ebncslink32MainWindow@@WCI@AEPAXI@Z 00434c4e f i bncslink32mainwindow.obj
 0002:0000bc60       ??_EQAction@@UAEPAXI@Z     00434c60 f i bncslink32mainwindow.obj
 0002:0000bc60       ??_GQAction@@UAEPAXI@Z     00434c60 f i bncslink32mainwindow.obj
 0002:0000bce0       ??_GQGridLayout@@UAEPAXI@Z 00434ce0 f i bncslink32mainwindow.obj
 0002:0000bce0       ??_EQGridLayout@@UAEPAXI@Z 00434ce0 f i bncslink32mainwindow.obj
 0002:0000bd60       ??_GQMenuBar@@UAEPAXI@Z    00434d60 f i bncslink32mainwindow.obj
 0002:0000bd60       ??_EQMenuBar@@UAEPAXI@Z    00434d60 f i bncslink32mainwindow.obj
 0002:0000bde0       ??_GQPopupMenu@@UAEPAXI@Z  00434de0 f i bncslink32mainwindow.obj
 0002:0000bde0       ??_EQPopupMenu@@UAEPAXI@Z  00434de0 f i bncslink32mainwindow.obj
 0002:0000be60       ??_EQTextEdit@@UAEPAXI@Z   00434e60 f i bncslink32mainwindow.obj
 0002:0000be60       ??_GQTextEdit@@UAEPAXI@Z   00434e60 f i bncslink32mainwindow.obj
 0002:0000bee0       ??_EQWidget@@UAEPAXI@Z     00434ee0 f i bncslink32mainwindow.obj
 0002:0000bee0       ??_GQWidget@@UAEPAXI@Z     00434ee0 f i bncslink32mainwindow.obj
 0002:0000bf60       ??_Gbncslink32MainWindow@@UAEPAXI@Z 00434f60 f i bncslink32mainwindow.obj
 0002:0000bf60       ??_Ebncslink32MainWindow@@UAEPAXI@Z 00434f60 f i bncslink32mainwindow.obj
 0002:0000bfd0       ?metaObject@bncslink32MainWindow@@UBEPAVQMetaObject@@XZ 00434fd0 f i bncslink32mainwindow.obj
 0002:0000c020       ??0bncslink32MainWindowImpl@@QAE@PAVQWidget@@PBDI@Z 00435020 f   bncslink32mainwindowimpl.obj
 0002:0000d070       ??1bncslink32MainWindowImpl@@UAE@XZ 00436070 f   bncslink32mainwindowimpl.obj
 0002:0000d1f0       ?checkDlls@bncslink32MainWindowImpl@@AAEXXZ 004361f0 f   bncslink32mainwindowimpl.obj
 0002:0000d490       ?checkWs@bncslink32MainWindowImpl@@AAEXXZ 00436490 f   bncslink32mainwindowimpl.obj
 0002:0000d720       ?moveIfRequired@bncslink32MainWindowImpl@@AAEXABVQString@@@Z 00436720 f   bncslink32mainwindowimpl.obj
 0002:0000e250       ?loadDatabaseUpdateList@bncslink32MainWindowImpl@@AAEXXZ 00437250 f   bncslink32mainwindowimpl.obj
 0002:0000eba0       ?doNextPoll@bncslink32MainWindowImpl@@AAEXXZ 00437ba0 f   bncslink32mainwindowimpl.obj
 0002:0000eed0       ?addLocalDatabase@bncslink32MainWindowImpl@@AAEXH@Z 00437ed0 f   bncslink32mainwindowimpl.obj
 0002:0000ef30       ?setEnvironment@bncslink32MainWindowImpl@@AAEXXZ 00437f30 f   bncslink32mainwindowimpl.obj
 0002:0000f530       ?timerEvent@bncslink32MainWindowImpl@@MAEXPAVQTimerEvent@@@Z 00438530 f   bncslink32mainwindowimpl.obj
 0002:0000fd50       ?fabianConnected@bncslink32MainWindowImpl@@AAEX_N@Z 00438d50 f   bncslink32mainwindowimpl.obj
 0002:00010210       ?routerName@bncslink32MainWindowImpl@@AAEXIIIABVQString@@@Z 00439210 f   bncslink32mainwindowimpl.obj
 0002:00010280       ?applcorePanelExited@bncslink32MainWindowImpl@@AAEXXZ 00439280 f   bncslink32mainwindowimpl.obj
 0002:000102e0       ?doAbout@bncslink32MainWindowImpl@@AAEXXZ 004392e0 f   bncslink32mainwindowimpl.obj
 0002:000103b0       ?doHelp@bncslink32MainWindowImpl@@AAEXXZ 004393b0 f   bncslink32mainwindowimpl.obj
 0002:000104f0       ?log@bncslink32MainWindowImpl@@QAEXABVQString@@@Z 004394f0 f   bncslink32mainwindowimpl.obj
 0002:00010560       ?logError@bncslink32MainWindowImpl@@QAEXABVQString@@@Z 00439560 f   bncslink32mainwindowimpl.obj
 0002:00011860       ??$?0AAV?$_Tree_const_iterator@V?$_Tree_val@U?$_Tree_simple_types@H@std@@@std@@@std@@_NX@?$pair@V?$_Tree_const_iterator@V?$_Tree_val@U?$_Tree_simple_types@H@std@@@std@@@std@@_N@std@@QAE@AAV?$_Tree_const_iterator@V?$_Tree_val@U?$_Tree_simple_types@H@std@@@std@@@1@$$QA_N@Z 0043a860 f i bncslink32mainwindowimpl.obj
 0002:00011930       ??$?0U?$_Tree_node@HPAX@std@@@?$allocator@U_Container_proxy@std@@@std@@QAE@ABV?$allocator@U?$_Tree_node@HPAX@std@@@1@@Z 0043a930 f i bncslink32mainwindowimpl.obj
 0002:00011970       ??$?0U?$_Wrap_alloc@V?$allocator@U?$_Tree_node@HPAX@std@@@std@@@std@@@?$_Wrap_alloc@V?$allocator@U_Container_proxy@std@@@std@@@std@@QAE@ABU?$_Wrap_alloc@V?$allocator@U?$_Tree_node@HPAX@std@@@std@@@1@@Z 0043a970 f i bncslink32mainwindowimpl.obj
 0002:000119d0       ??$?0V?$_Tree_const_iterator@V?$_Tree_val@U?$_Tree_simple_types@H@std@@@std@@@std@@_NX@?$pair@V?$_Tree_const_iterator@V?$_Tree_val@U?$_Tree_simple_types@H@std@@@std@@@std@@_N@std@@QAE@$$QAV?$_Tree_const_iterator@V?$_Tree_val@U?$_Tree_simple_types@H@std@@@std@@@1@$$QA_N@Z 0043a9d0 f i bncslink32mainwindowimpl.obj
 0002:00011aa0       ??$_Allocate@U?$_Tree_node@HPAX@std@@@std@@YAPAU?$_Tree_node@HPAX@0@IPAU10@@Z 0043aaa0 f i bncslink32mainwindowimpl.obj
 0002:00011b30       ??$_Allocate@U_Container_proxy@std@@@std@@YAPAU_Container_proxy@0@IPAU10@@Z 0043ab30 f i bncslink32mainwindowimpl.obj
 0002:00011bd0       ??$_Buynode@ABH@?$_Tree_buy@HV?$allocator@H@std@@@std@@QAEPAU?$_Tree_node@HPAX@1@ABH@Z 0043abd0 f i bncslink32mainwindowimpl.obj
 0002:00011d40       ??$_Buynode_if_nil@ABH@?$_Tree@V?$_Tset_traits@HU?$less@H@std@@V?$allocator@H@2@$0A@@std@@@std@@IAEPAU?$_Tree_node@HPAX@1@U_Nil@1@ABH@Z 0043ad40 f i bncslink32mainwindowimpl.obj
 0002:00011db0       ??$_Debug_lt_pred@U?$less@H@std@@ABHABH@std@@YA_NU?$less@H@0@ABH1PB_WI@Z 0043adb0 f i bncslink32mainwindowimpl.obj
 0002:00011e90       ??$_Insert_at@ABHU_Nil@std@@@?$_Tree@V?$_Tset_traits@HU?$less@H@std@@V?$allocator@H@2@$0A@@std@@@std@@IAE?AV?$_Tree_const_iterator@V?$_Tree_val@U?$_Tree_simple_types@H@std@@@std@@@1@_NPAU?$_Tree_node@HPAX@1@ABHU_Nil@1@@Z 0043ae90 f i bncslink32mainwindowimpl.obj
 0002:00012420       ??$_Insert_nohint@ABHU_Nil@std@@@?$_Tree@V?$_Tset_traits@HU?$less@H@std@@V?$allocator@H@2@$0A@@std@@@std@@IAE?AU?$pair@V?$_Tree_const_iterator@V?$_Tree_val@U?$_Tree_simple_types@H@std@@@std@@@std@@_N@1@_NABHU_Nil@1@@Z 0043b420 f i bncslink32mainwindowimpl.obj
 0002:00012b70       ??$_Move@AAD@std@@YA$$QADAAD@Z 0043bb70 f i bncslink32mainwindowimpl.obj
 0002:00012bb0       ??$addressof@H@std@@YAPAHAAH@Z 0043bbb0 f i bncslink32mainwindowimpl.obj
 0002:00012bf0       ??$addressof@PAU?$_Tree_node@HPAX@std@@@std@@YAPAPAU?$_Tree_node@HPAX@0@AAPAU10@@Z 0043bbf0 f i bncslink32mainwindowimpl.obj
 0002:00012c30       ??$construct@HABH@?$_Wrap_alloc@V?$allocator@U?$_Tree_node@HPAX@std@@@std@@@std@@QAEXPAHABH@Z 0043bc30 f i bncslink32mainwindowimpl.obj
 0002:00012ca0       ??$construct@HABH@?$allocator@U?$_Tree_node@HPAX@std@@@std@@QAEXPAHABH@Z 0043bca0 f i bncslink32mainwindowimpl.obj
 0002:00012da0       ??$construct@HABH@?$allocator_traits@V?$allocator@U?$_Tree_node@HPAX@std@@@std@@@std@@SAXAAV?$allocator@U?$_Tree_node@HPAX@std@@@1@PAHABH@Z 0043bda0 f i bncslink32mainwindowimpl.obj
 0002:00012e00       ??$construct@PAU?$_Tree_node@HPAX@std@@AAPAU12@@?$_Wrap_alloc@V?$allocator@U?$_Tree_node@HPAX@std@@@std@@@std@@QAEXPAPAU?$_Tree_node@HPAX@1@AAPAU21@@Z 0043be00 f i bncslink32mainwindowimpl.obj
 0002:00012e70       ??$construct@PAU?$_Tree_node@HPAX@std@@AAPAU12@@?$allocator@U?$_Tree_node@HPAX@std@@@std@@QAEXPAPAU?$_Tree_node@HPAX@1@AAPAU21@@Z 0043be70 f i bncslink32mainwindowimpl.obj
 0002:00012f70       ??$construct@PAU?$_Tree_node@HPAX@std@@AAPAU12@@?$allocator_traits@V?$allocator@U?$_Tree_node@HPAX@std@@@std@@@std@@SAXAAV?$allocator@U?$_Tree_node@HPAX@std@@@1@PAPAU?$_Tree_node@HPAX@1@AAPAU31@@Z 0043bf70 f i bncslink32mainwindowimpl.obj
 0002:00012fd0       ??$construct@U_Container_proxy@std@@U12@@?$_Wrap_alloc@V?$allocator@U_Container_proxy@std@@@std@@@std@@QAEXPAU_Container_proxy@1@$$QAU21@@Z 0043bfd0 f i bncslink32mainwindowimpl.obj
 0002:00013040       ??$construct@U_Container_proxy@std@@U12@@?$allocator@U_Container_proxy@std@@@std@@QAEXPAU_Container_proxy@1@$$QAU21@@Z 0043c040 f i bncslink32mainwindowimpl.obj
 0002:00013150       ??$construct@U_Container_proxy@std@@U12@@?$allocator_traits@V?$allocator@U_Container_proxy@std@@@std@@@std@@SAXAAV?$allocator@U_Container_proxy@std@@@1@PAU_Container_proxy@1@$$QAU31@@Z 0043c150 f i bncslink32mainwindowimpl.obj
 0002:000131b0       ??$destroy@H@?$_Wrap_alloc@V?$allocator@U?$_Tree_node@HPAX@std@@@std@@@std@@QAEXPAH@Z 0043c1b0 f i bncslink32mainwindowimpl.obj
 0002:00013210       ??$destroy@H@?$allocator@U?$_Tree_node@HPAX@std@@@std@@QAEXPAH@Z 0043c210 f i bncslink32mainwindowimpl.obj
 0002:00013250       ??$destroy@H@?$allocator_traits@V?$allocator@U?$_Tree_node@HPAX@std@@@std@@@std@@SAXAAV?$allocator@U?$_Tree_node@HPAX@std@@@1@PAH@Z 0043c250 f i bncslink32mainwindowimpl.obj
 0002:000132a0       ??$destroy@PAU?$_Tree_node@HPAX@std@@@?$_Wrap_alloc@V?$allocator@U?$_Tree_node@HPAX@std@@@std@@@std@@QAEXPAPAU?$_Tree_node@HPAX@1@@Z 0043c2a0 f i bncslink32mainwindowimpl.obj
 0002:00013300       ??$destroy@PAU?$_Tree_node@HPAX@std@@@?$allocator@U?$_Tree_node@HPAX@std@@@std@@QAEXPAPAU?$_Tree_node@HPAX@1@@Z 0043c300 f i bncslink32mainwindowimpl.obj
 0002:00013340       ??$destroy@PAU?$_Tree_node@HPAX@std@@@?$allocator_traits@V?$allocator@U?$_Tree_node@HPAX@std@@@std@@@std@@SAXAAV?$allocator@U?$_Tree_node@HPAX@std@@@1@PAPAU?$_Tree_node@HPAX@1@@Z 0043c340 f i bncslink32mainwindowimpl.obj
 0002:00013390       ??$destroy@U_Container_proxy@std@@@?$_Wrap_alloc@V?$allocator@U_Container_proxy@std@@@std@@@std@@QAEXPAU_Container_proxy@1@@Z 0043c390 f i bncslink32mainwindowimpl.obj
 0002:000133f0       ??$destroy@U_Container_proxy@std@@@?$allocator@U_Container_proxy@std@@@std@@QAEXPAU_Container_proxy@1@@Z 0043c3f0 f i bncslink32mainwindowimpl.obj
 0002:00013430       ??$destroy@U_Container_proxy@std@@@?$allocator_traits@V?$allocator@U_Container_proxy@std@@@std@@@std@@SAXAAV?$allocator@U_Container_proxy@std@@@1@PAU_Container_proxy@1@@Z 0043c430 f i bncslink32mainwindowimpl.obj
 0002:00013480       ??$forward@AAPAU?$_Tree_node@HPAX@std@@@std@@YAAAPAU?$_Tree_node@HPAX@0@AAPAU10@@Z 0043c480 f i bncslink32mainwindowimpl.obj
 0002:000134c0       ??$forward@AAV?$_Tree_const_iterator@V?$_Tree_val@U?$_Tree_simple_types@H@std@@@std@@@std@@@std@@YAAAV?$_Tree_const_iterator@V?$_Tree_val@U?$_Tree_simple_types@H@std@@@std@@@0@AAV10@@Z 0043c4c0 f i bncslink32mainwindowimpl.obj
 0002:00013500       ??$forward@ABH@std@@YAABHABH@Z 0043c500 f i bncslink32mainwindowimpl.obj
 0002:00013540       ??$forward@U_Container_proxy@std@@@std@@YA$$QAU_Container_proxy@0@AAU10@@Z 0043c540 f i bncslink32mainwindowimpl.obj
 0002:00013580       ??$forward@V?$_Tree_const_iterator@V?$_Tree_val@U?$_Tree_simple_types@H@std@@@std@@@std@@@std@@YA$$QAV?$_Tree_const_iterator@V?$_Tree_val@U?$_Tree_simple_types@H@std@@@std@@@0@AAV10@@Z 0043c580 f i bncslink32mainwindowimpl.obj
 0002:000135c0       ??$forward@_N@std@@YA$$QA_NAA_N@Z 0043c5c0 f i bncslink32mainwindowimpl.obj
 0002:00013600       ??$swap@D@std@@YAXAAD0@Z   0043c600 f i bncslink32mainwindowimpl.obj
 0002:000136c0       ??0?$QPtrQueue@VlistRouterCmd@@@@QAE@XZ 0043c6c0 f i bncslink32mainwindowimpl.obj
 0002:00013730       ??0?$_Iterator012@Ubidirectional_iterator_tag@std@@HHPBHABHU_Iterator_base12@2@@std@@QAE@ABU01@@Z 0043c730 f i bncslink32mainwindowimpl.obj
 0002:00013790       ??0?$_Iterator012@Ubidirectional_iterator_tag@std@@HHPBHABHU_Iterator_base12@2@@std@@QAE@XZ 0043c790 f i bncslink32mainwindowimpl.obj
 0002:000137f0       ??0?$_Tree@V?$_Tset_traits@HU?$less@H@std@@V?$allocator@H@2@$0A@@std@@@std@@QAE@ABU?$less@H@1@ABV?$allocator@H@1@@Z 0043c7f0 f i bncslink32mainwindowimpl.obj
 0002:00013850       ??0?$_Tree_alloc@$0A@U?$_Tree_base_types@HV?$allocator@H@std@@@std@@@std@@QAE@ABV?$allocator@H@1@@Z 0043c850 f i bncslink32mainwindowimpl.obj
 0002:00013950       ??0?$_Tree_buy@HV?$allocator@H@std@@@std@@QAE@ABV?$allocator@H@1@@Z 0043c950 f i bncslink32mainwindowimpl.obj
 0002:000139b0       ??0?$_Tree_comp@$0A@V?$_Tset_traits@HU?$less@H@std@@V?$allocator@H@2@$0A@@std@@@std@@QAE@ABU?$less@H@1@ABV?$allocator@H@1@@Z 0043c9b0 f i bncslink32mainwindowimpl.obj
 0002:00013a10       ??0?$_Tree_const_iterator@V?$_Tree_val@U?$_Tree_simple_types@H@std@@@std@@@std@@QAE@ABV01@@Z 0043ca10 f i bncslink32mainwindowimpl.obj
 0002:00013a70       ??0?$_Tree_const_iterator@V?$_Tree_val@U?$_Tree_simple_types@H@std@@@std@@@std@@QAE@PAU?$_Tree_node@HPAX@1@PBV?$_Tree_val@U?$_Tree_simple_types@H@std@@@1@@Z 0043ca70 f i bncslink32mainwindowimpl.obj
 0002:00013ad0       ??0?$_Tree_unchecked_const_iterator@V?$_Tree_val@U?$_Tree_simple_types@H@std@@@std@@U_Iterator_base12@2@@std@@QAE@ABV01@@Z 0043cad0 f i bncslink32mainwindowimpl.obj
 0002:00013b40       ??0?$_Tree_unchecked_const_iterator@V?$_Tree_val@U?$_Tree_simple_types@H@std@@@std@@U_Iterator_base12@2@@std@@QAE@PAU?$_Tree_node@HPAX@1@PBV?$_Tree_val@U?$_Tree_simple_types@H@std@@@1@@Z 0043cb40 f i bncslink32mainwindowimpl.obj
 0002:00013c00       ??0?$_Tree_val@U?$_Tree_simple_types@H@std@@@std@@QAE@XZ 0043cc00 f i bncslink32mainwindowimpl.obj
 0002:00013c80       ??0?$_Wrap_alloc@V?$allocator@U?$_Tree_node@HPAX@std@@@std@@@std@@QAE@XZ 0043cc80 f i bncslink32mainwindowimpl.obj
 0002:00013ce0       ??0?$allocator@H@std@@QAE@XZ 0043cce0 f i bncslink32mainwindowimpl.obj
 0002:00013d20       ??0?$allocator@U?$_Tree_node@HPAX@std@@@std@@QAE@XZ 0043cd20 f i bncslink32mainwindowimpl.obj
 0002:00013d60       ??0?$set@HU?$less@H@std@@V?$allocator@H@2@@std@@QAE@XZ 0043cd60 f i bncslink32mainwindowimpl.obj
 0002:00013dd0       ??0_Container_proxy@std@@QAE@XZ 0043cdd0 f i bncslink32mainwindowimpl.obj
 0002:00013e20       ??0_Iterator_base12@std@@QAE@ABU01@@Z 0043ce20 f i bncslink32mainwindowimpl.obj
 0002:00013ea0       ??0_Iterator_base12@std@@QAE@XZ 0043cea0 f i bncslink32mainwindowimpl.obj
 0002:00013ef0       ??0listRouterCmd@@QAE@HHHH@Z 0043cef0 f i bncslink32mainwindowimpl.obj
 0002:00013f70       ??1?$QPtrQueue@VlistRouterCmd@@@@UAE@XZ 0043cf70 f i bncslink32mainwindowimpl.obj
 0002:00014030       ??1?$_Iterator012@Ubidirectional_iterator_tag@std@@HHPBHABHU_Iterator_base12@2@@std@@QAE@XZ 0043d030 f i bncslink32mainwindowimpl.obj
 0002:00014080       ??1?$_Tree@V?$_Tset_traits@HU?$less@H@std@@V?$allocator@H@2@$0A@@std@@@std@@QAE@XZ 0043d080 f i bncslink32mainwindowimpl.obj
 0002:000140e0       ??1?$_Tree_alloc@$0A@U?$_Tree_base_types@HV?$allocator@H@std@@@std@@@std@@QAE@XZ 0043d0e0 f i bncslink32mainwindowimpl.obj
 0002:00014150       ??1?$_Tree_buy@HV?$allocator@H@std@@@std@@QAE@XZ 0043d150 f i bncslink32mainwindowimpl.obj
 0002:000141a0       ??1?$_Tree_comp@$0A@V?$_Tset_traits@HU?$less@H@std@@V?$allocator@H@2@$0A@@std@@@std@@QAE@XZ 0043d1a0 f i bncslink32mainwindowimpl.obj
 0002:000141f0       ??1?$_Tree_const_iterator@V?$_Tree_val@U?$_Tree_simple_types@H@std@@@std@@@std@@QAE@XZ 0043d1f0 f i bncslink32mainwindowimpl.obj
 0002:00014240       ??1?$_Tree_unchecked_const_iterator@V?$_Tree_val@U?$_Tree_simple_types@H@std@@@std@@U_Iterator_base12@2@@std@@QAE@XZ 0043d240 f i bncslink32mainwindowimpl.obj
 0002:00014290       ??1?$_Tree_val@U?$_Tree_simple_types@H@std@@@std@@QAE@XZ 0043d290 f i bncslink32mainwindowimpl.obj
 0002:000142f0       ??1?$pair@V?$_Tree_const_iterator@V?$_Tree_val@U?$_Tree_simple_types@H@std@@@std@@@std@@_N@std@@QAE@XZ 0043d2f0 f i bncslink32mainwindowimpl.obj
 0002:00014340       ??1?$set@HU?$less@H@std@@V?$allocator@H@2@@std@@QAE@XZ 0043d340 f i bncslink32mainwindowimpl.obj
 0002:00014390       ??1_Iterator_base12@std@@QAE@XZ 0043d390 f i bncslink32mainwindowimpl.obj
 0002:00014450       ??1listRouterCmd@@UAE@XZ   0043d450 f i bncslink32mainwindowimpl.obj
 0002:00014490       ??2@YAPAXIPAX@Z            0043d490 f i bncslink32mainwindowimpl.obj
 0002:000144d0       ??3@YAXPAX0@Z              0043d4d0 f i bncslink32mainwindowimpl.obj
 0002:00014500       ??4_Iterator_base12@std@@QAEAAU01@ABU01@@Z 0043d500 f i bncslink32mainwindowimpl.obj
 0002:00014640       ??8?$_Tree_const_iterator@V?$_Tree_val@U?$_Tree_simple_types@H@std@@@std@@@std@@QBE_NABV01@@Z 0043d640 f i bncslink32mainwindowimpl.obj
 0002:000147a0       ??9?$_Tree_const_iterator@V?$_Tree_val@U?$_Tree_simple_types@H@std@@@std@@@std@@QBE_NABV01@@Z 0043d7a0 f i bncslink32mainwindowimpl.obj
 0002:00014830       ??E?$_Tree_const_iterator@V?$_Tree_val@U?$_Tree_simple_types@H@std@@@std@@@std@@QAE?AV01@H@Z 0043d830 f i bncslink32mainwindowimpl.obj
 0002:00014950       ??E?$_Tree_const_iterator@V?$_Tree_val@U?$_Tree_simple_types@H@std@@@std@@@std@@QAEAAV01@XZ 0043d950 f i bncslink32mainwindowimpl.obj
 0002:00014a90       ??E?$_Tree_unchecked_const_iterator@V?$_Tree_val@U?$_Tree_simple_types@H@std@@@std@@U_Iterator_base12@2@@std@@QAEAAV01@XZ 0043da90 f i bncslink32mainwindowimpl.obj
 0002:00014bc0       ??F?$_Tree_const_iterator@V?$_Tree_val@U?$_Tree_simple_types@H@std@@@std@@@std@@QAEAAV01@XZ 0043dbc0 f i bncslink32mainwindowimpl.obj
 0002:00014da0       ??F?$_Tree_unchecked_const_iterator@V?$_Tree_val@U?$_Tree_simple_types@H@std@@@std@@U_Iterator_base12@2@@std@@QAEAAV01@XZ 0043dda0 f i bncslink32mainwindowimpl.obj
 0002:00014f00       ??R?$less@H@std@@QBE_NABH0@Z 0043df00 f i bncslink32mainwindowimpl.obj
 0002:00014f69       ??_Ebncslink32MainWindowImpl@@WCI@AEPAXI@Z 0043df69 f i bncslink32mainwindowimpl.obj
 0002:00014f80       ??_E?$QPtrQueue@VlistRouterCmd@@@@UAEPAXI@Z 0043df80 f i bncslink32mainwindowimpl.obj
 0002:00014f80       ??_G?$QPtrQueue@VlistRouterCmd@@@@UAEPAXI@Z 0043df80 f i bncslink32mainwindowimpl.obj
 0002:00014ff0       ??_Gbncslink32MainWindowImpl@@UAEPAXI@Z 0043dff0 f i bncslink32mainwindowimpl.obj
 0002:00014ff0       ??_Ebncslink32MainWindowImpl@@UAEPAXI@Z 0043dff0 f i bncslink32mainwindowimpl.obj
 0002:00015060       ??_GlistRouterCmd@@UAEPAXI@Z 0043e060 f i bncslink32mainwindowimpl.obj
 0002:00015060       ??_ElistRouterCmd@@UAEPAXI@Z 0043e060 f i bncslink32mainwindowimpl.obj
 0002:000150d0       ?_Adopt@_Iterator_base12@std@@QAEXPBU_Container_base12@2@@Z 0043e0d0 f i bncslink32mainwindowimpl.obj
 0002:00015280       ?_Alloc_proxy@?$_Tree_alloc@$0A@U?$_Tree_base_types@HV?$allocator@H@std@@@std@@@std@@QAEXXZ 0043e280 f i bncslink32mainwindowimpl.obj
 0002:00015360       ?_Buyheadnode@?$_Tree_alloc@$0A@U?$_Tree_base_types@HV?$allocator@H@std@@@std@@@std@@QAEPAU?$_Tree_node@HPAX@2@XZ 0043e360 f i bncslink32mainwindowimpl.obj
 0002:000155c0       ?_Buynode0@?$_Tree_buy@HV?$allocator@H@std@@@std@@QAEPAU?$_Tree_node@HPAX@2@XZ 0043e5c0 f i bncslink32mainwindowimpl.obj
 0002:000157d0       ?_Clrcont@_Iterator_base12@std@@QAEXXZ 0043e7d0 f i bncslink32mainwindowimpl.obj
 0002:00015810       ?_Color@?$_Tree_val@U?$_Tree_simple_types@H@std@@@std@@SAAADPAU?$_Tree_node@HPAX@2@@Z 0043e810 f i bncslink32mainwindowimpl.obj
 0002:00015850       ?_Destroy_if_not_nil@?$_Tree@V?$_Tset_traits@HU?$less@H@std@@V?$allocator@H@2@$0A@@std@@@std@@IAEXU_Nil@2@@Z 0043e850 f i bncslink32mainwindowimpl.obj
 0002:00015890       ?_Erase@?$_Tree@V?$_Tset_traits@HU?$less@H@std@@V?$allocator@H@2@$0A@@std@@@std@@IAEXPAU?$_Tree_node@HPAX@2@@Z 0043e890 f i bncslink32mainwindowimpl.obj
 0002:000159a0       ?_Free_proxy@?$_Tree_alloc@$0A@U?$_Tree_base_types@HV?$allocator@H@std@@@std@@@std@@QAEXXZ 0043e9a0 f i bncslink32mainwindowimpl.obj
 0002:00015a90       ?_Freeheadnode@?$_Tree_alloc@$0A@U?$_Tree_base_types@HV?$allocator@H@std@@@std@@@std@@QAEXPAU?$_Tree_node@HPAX@2@@Z 0043ea90 f i bncslink32mainwindowimpl.obj
 0002:00015ba0       ?_Freenode0@?$_Tree_buy@HV?$allocator@H@std@@@std@@QAEXPAU?$_Tree_node@HPAX@2@@Z 0043eba0 f i bncslink32mainwindowimpl.obj
 0002:00015cb0       ?_Getal@?$_Tree_alloc@$0A@U?$_Tree_base_types@HV?$allocator@H@std@@@std@@@std@@QBE?AU?$_Wrap_alloc@V?$allocator@U?$_Tree_node@HPAX@std@@@std@@@2@XZ 0043ecb0 f i bncslink32mainwindowimpl.obj
 0002:00015d10       ?_Getcomp@?$_Tree_comp@$0A@V?$_Tset_traits@HU?$less@H@std@@V?$allocator@H@2@$0A@@std@@@std@@QBE?AU?$less@H@2@XZ 0043ed10 f i bncslink32mainwindowimpl.obj
 0002:00015d50       ?_Getcont@_Iterator_base12@std@@QBEPBU_Container_base12@2@XZ 0043ed50 f i bncslink32mainwindowimpl.obj
 0002:00015dc0       ?_Getpnext@_Iterator_base12@std@@QAEPAPAU12@XZ 0043edc0 f i bncslink32mainwindowimpl.obj
 0002:00015e00       ?_Isnil@?$_Tree_val@U?$_Tree_simple_types@H@std@@@std@@SAAADPAU?$_Tree_node@HPAX@2@@Z 0043ee00 f i bncslink32mainwindowimpl.obj
 0002:00015e40       ?_Key@?$_Tree@V?$_Tset_traits@HU?$less@H@std@@V?$allocator@H@2@$0A@@std@@@std@@IBEABHPAU?$_Tree_node@HPAX@2@@Z 0043ee40 f i bncslink32mainwindowimpl.obj
 0002:00015eb0       ?_Kfn@?$_Tree@V?$_Tset_traits@HU?$less@H@std@@V?$allocator@H@2@$0A@@std@@@std@@IBEABHABH@Z 0043eeb0 f i bncslink32mainwindowimpl.obj
 0002:00015f10       ?_Kfn@?$_Tset_traits@HU?$less@H@std@@V?$allocator@H@2@$0A@@std@@SAABHABH@Z 0043ef10 f i bncslink32mainwindowimpl.obj
 0002:00015f50       ?_Left@?$_Tree_val@U?$_Tree_simple_types@H@std@@@std@@SAAAPAU?$_Tree_node@HPAX@2@PAU32@@Z 0043ef50 f i bncslink32mainwindowimpl.obj
 0002:00015f90       ?_Lmost@?$_Tree@V?$_Tset_traits@HU?$less@H@std@@V?$allocator@H@2@$0A@@std@@@std@@IBEAAPAU?$_Tree_node@HPAX@2@XZ 0043ef90 f i bncslink32mainwindowimpl.obj
 0002:00015ff0       ?_Lrotate@?$_Tree@V?$_Tset_traits@HU?$less@H@std@@V?$allocator@H@2@$0A@@std@@@std@@IAEXPAU?$_Tree_node@HPAX@2@@Z 0043eff0 f i bncslink32mainwindowimpl.obj
 0002:000161a0       ?_Max@?$_Tree_val@U?$_Tree_simple_types@H@std@@@std@@SAPAU?$_Tree_node@HPAX@2@PAU32@@Z 0043f1a0 f i bncslink32mainwindowimpl.obj
 0002:00016220       ?_Min@?$_Tree_val@U?$_Tree_simple_types@H@std@@@std@@SAPAU?$_Tree_node@HPAX@2@PAU32@@Z 0043f220 f i bncslink32mainwindowimpl.obj
 0002:000162a0       ?_Mynode@?$_Tree_unchecked_const_iterator@V?$_Tree_val@U?$_Tree_simple_types@H@std@@@std@@U_Iterator_base12@2@@std@@QBEPAU?$_Tree_node@HPAX@2@XZ 0043f2a0 f i bncslink32mainwindowimpl.obj
 0002:000162e0       ?_Myval@?$_Tree_val@U?$_Tree_simple_types@H@std@@@std@@SAAAHPAU?$_Tree_node@HPAX@2@@Z 0043f2e0 f i bncslink32mainwindowimpl.obj
 0002:00016320       ?_Orphan_me@_Iterator_base12@std@@QAEXXZ 0043f320 f i bncslink32mainwindowimpl.obj
 0002:000163f0       ?_Orphan_ptr@?$_Tree@V?$_Tset_traits@HU?$less@H@std@@V?$allocator@H@2@$0A@@std@@@std@@IBEXAAV12@PAU?$_Tree_node@HPAX@2@@Z 0043f3f0 f i bncslink32mainwindowimpl.obj
 0002:00016580       ?_Parent@?$_Tree_val@U?$_Tree_simple_types@H@std@@@std@@SAAAPAU?$_Tree_node@HPAX@2@PAU32@@Z 0043f580 f i bncslink32mainwindowimpl.obj
 0002:000165c0       ?_Right@?$_Tree_val@U?$_Tree_simple_types@H@std@@@std@@SAAAPAU?$_Tree_node@HPAX@2@PAU32@@Z 0043f5c0 f i bncslink32mainwindowimpl.obj
 0002:00016600       ?_Rmost@?$_Tree@V?$_Tset_traits@HU?$less@H@std@@V?$allocator@H@2@$0A@@std@@@std@@IBEAAPAU?$_Tree_node@HPAX@2@XZ 0043f600 f i bncslink32mainwindowimpl.obj
 0002:00016660       ?_Root@?$_Tree@V?$_Tset_traits@HU?$less@H@std@@V?$allocator@H@2@$0A@@std@@@std@@IBEAAPAU?$_Tree_node@HPAX@2@XZ 0043f660 f i bncslink32mainwindowimpl.obj
 0002:000166c0       ?_Rrotate@?$_Tree@V?$_Tset_traits@HU?$less@H@std@@V?$allocator@H@2@$0A@@std@@@std@@IAEXPAU?$_Tree_node@HPAX@2@@Z 0043f6c0 f i bncslink32mainwindowimpl.obj
 0002:00016870       ?_Tidy@?$_Tree@V?$_Tset_traits@HU?$less@H@std@@V?$allocator@H@2@$0A@@std@@@std@@IAEXXZ 0043f870 f i bncslink32mainwindowimpl.obj
 0002:00016920       ?allocate@?$_Wrap_alloc@V?$allocator@U?$_Tree_node@HPAX@std@@@std@@@std@@QAEPAU?$_Tree_node@HPAX@2@I@Z 0043f920 f i bncslink32mainwindowimpl.obj
 0002:00016980       ?allocate@?$_Wrap_alloc@V?$allocator@U_Container_proxy@std@@@std@@@std@@QAEPAU_Container_proxy@2@I@Z 0043f980 f i bncslink32mainwindowimpl.obj
 0002:000169e0       ?allocate@?$allocator@U?$_Tree_node@HPAX@std@@@std@@QAEPAU?$_Tree_node@HPAX@2@I@Z 0043f9e0 f i bncslink32mainwindowimpl.obj
 0002:00016a40       ?allocate@?$allocator@U_Container_proxy@std@@@std@@QAEPAU_Container_proxy@2@I@Z 0043fa40 f i bncslink32mainwindowimpl.obj
 0002:00016aa0       ?begin@?$_Tree@V?$_Tset_traits@HU?$less@H@std@@V?$allocator@H@2@$0A@@std@@@std@@QAE?AV?$_Tree_const_iterator@V?$_Tree_val@U?$_Tree_simple_types@H@std@@@std@@@2@XZ 0043faa0 f i bncslink32mainwindowimpl.obj
 0002:00016b10       ?clear@?$QPtrQueue@VlistRouterCmd@@@@UAEXXZ 0043fb10 f i bncslink32mainwindowimpl.obj
 0002:00016b70       ?clear@?$_Tree@V?$_Tset_traits@HU?$less@H@std@@V?$allocator@H@2@$0A@@std@@@std@@QAEXXZ 0043fb70 f i bncslink32mainwindowimpl.obj
 0002:00016c30       ?count@?$QPtrQueue@VlistRouterCmd@@@@UBEIXZ 0043fc30 f i bncslink32mainwindowimpl.obj
 0002:00016c90       ?deallocate@?$_Wrap_alloc@V?$allocator@U?$_Tree_node@HPAX@std@@@std@@@std@@QAEXPAU?$_Tree_node@HPAX@2@I@Z 0043fc90 f i bncslink32mainwindowimpl.obj
 0002:00016cf0       ?deallocate@?$_Wrap_alloc@V?$allocator@U_Container_proxy@std@@@std@@@std@@QAEXPAU_Container_proxy@2@I@Z 0043fcf0 f i bncslink32mainwindowimpl.obj
 0002:00016d50       ?deallocate@?$allocator@U?$_Tree_node@HPAX@std@@@std@@QAEXPAU?$_Tree_node@HPAX@2@I@Z 0043fd50 f i bncslink32mainwindowimpl.obj
 0002:00016db0       ?deallocate@?$allocator@U_Container_proxy@std@@@std@@QAEXPAU_Container_proxy@2@I@Z 0043fdb0 f i bncslink32mainwindowimpl.obj
 0002:00016e10       ?deleteItem@?$QPtrQueue@VlistRouterCmd@@@@EAEXPAX@Z 0043fe10 f i bncslink32mainwindowimpl.obj
 0002:00016ed0       ?dequeue@?$QPtrQueue@VlistRouterCmd@@@@QAEPAVlistRouterCmd@@XZ 0043fed0 f i bncslink32mainwindowimpl.obj
 0002:00016f30       ?end@?$_Tree@V?$_Tset_traits@HU?$less@H@std@@V?$allocator@H@2@$0A@@std@@@std@@QAE?AV?$_Tree_const_iterator@V?$_Tree_val@U?$_Tree_simple_types@H@std@@@std@@@2@XZ 0043ff30 f i bncslink32mainwindowimpl.obj
 0002:00016fa0       ?enqueue@?$QPtrQueue@VlistRouterCmd@@@@QAEXPBVlistRouterCmd@@@Z 0043ffa0 f i bncslink32mainwindowimpl.obj
 0002:00017010       ?erase@?$_Tree@V?$_Tset_traits@HU?$less@H@std@@V?$allocator@H@2@$0A@@std@@@std@@QAE?AV?$_Tree_const_iterator@V?$_Tree_val@U?$_Tree_simple_types@H@std@@@std@@@2@V32@0@Z 00440010 f i bncslink32mainwindowimpl.obj
 0002:00017330       ?erase@?$_Tree@V?$_Tset_traits@HU?$less@H@std@@V?$allocator@H@2@$0A@@std@@@std@@QAE?AV?$_Tree_const_iterator@V?$_Tree_val@U?$_Tree_simple_types@H@std@@@std@@@2@V32@@Z 00440330 f i bncslink32mainwindowimpl.obj
 0002:00017db0       ?insert@?$_Tree@V?$_Tset_traits@HU?$less@H@std@@V?$allocator@H@2@$0A@@std@@@std@@QAE?AU?$pair@V?$_Tree_const_iterator@V?$_Tree_val@U?$_Tree_simple_types@H@std@@@std@@@std@@_N@2@ABH@Z 00440db0 f i bncslink32mainwindowimpl.obj
 0002:00017e40       ?insert@?$set@HU?$less@H@std@@V?$allocator@H@2@@std@@QAE?AU?$pair@V?$_Tree_const_iterator@V?$_Tree_val@U?$_Tree_simple_types@H@std@@@std@@@std@@_N@2@ABH@Z 00440e40 f i bncslink32mainwindowimpl.obj
 0002:00017ec0       ?max_size@?$_Tree@V?$_Tset_traits@HU?$less@H@std@@V?$allocator@H@2@$0A@@std@@@std@@QBEIXZ 00440ec0 f i bncslink32mainwindowimpl.obj
 0002:00017f20       ?max_size@?$_Wrap_alloc@V?$allocator@U?$_Tree_node@HPAX@std@@@std@@@std@@QBEIXZ 00440f20 f i bncslink32mainwindowimpl.obj
 0002:00017f80       ?max_size@?$allocator@U?$_Tree_node@HPAX@std@@@std@@QBEIXZ 00440f80 f i bncslink32mainwindowimpl.obj
 0002:00017fc0       ?max_size@?$allocator_traits@V?$allocator@U?$_Tree_node@HPAX@std@@@std@@@std@@SAIABV?$allocator@U?$_Tree_node@HPAX@std@@@2@@Z 00440fc0 f i bncslink32mainwindowimpl.obj
 0002:00018010       ?metaObject@bncslink32MainWindowImpl@@UBEPAVQMetaObject@@XZ 00441010 f i bncslink32mainwindowimpl.obj
 0002:00018060       ?strstr@@YAPADPADPBD@Z     00441060 f i bncslink32mainwindowimpl.obj
 0002:000180c0       _hypot                     004410c0 f i bncslink32mainwindowimpl.obj
 0002:00018140       ??1clientsRegistration@@UAE@XZ 00441140 f   clientsRegistration.obj
 0002:000182d0       ??0clientsRegistration@@QAE@XZ 004412d0 f   clientsRegistration.obj
 0002:00018320       ?addRegistration@clientsRegistration@@QAEXVclientIPC@@III_N@Z 00441320 f   clientsRegistration.obj
 0002:000183a0       ?deleteRegistration@clientsRegistration@@QAEXVclientIPC@@III@Z 004413a0 f   clientsRegistration.obj
 0002:000185b0       ?deleteAllRegistrations@clientsRegistration@@QAEXVclientIPC@@I@Z 004415b0 f   clientsRegistration.obj
 0002:000187d0       ?getClientList@clientsRegistration@@QAEXIIAAV?$list@VclientIPC@@V?$allocator@VclientIPC@@@std@@@std@@@Z 004417d0 f   clientsRegistration.obj
 0002:00018970       ?getClientList@clientsRegistration@@QAEXIAAV?$list@VclientIPC@@V?$allocator@VclientIPC@@@std@@@std@@@Z 00441970 f   clientsRegistration.obj
 0002:00018af0       ?getRationalisedReg@clientsRegistration@@QAEXIAAI0@Z 00441af0 f   clientsRegistration.obj
 0002:00018ce0       ?registrationCount@clientsRegistration@@QAEIXZ 00441ce0 f   clientsRegistration.obj
 0002:00018d30       ?getRegForClient@clientsRegistration@@QAEXVclientIPC@@V?$list@IV?$allocator@I@std@@@std@@@Z 00441d30 f   clientsRegistration.obj
 0002:00018ee0       ?getRegObject@clientsRegistration@@AAEPAVsingleReg@@VclientIPC@@I_N@Z 00441ee0 f   clientsRegistration.obj
 0002:00019520       ??$_Allocate@U?$_List_node@IPAX@std@@@std@@YAPAU?$_List_node@IPAX@0@IPAU10@@Z 00442520 f i clientsRegistration.obj
 0002:000195b0       ??$_Allocate@U?$_List_node@PAVsingleReg@@PAX@std@@@std@@YAPAU?$_List_node@PAVsingleReg@@PAX@0@IPAU10@@Z 004425b0 f i clientsRegistration.obj
 0002:00019640       ??$_Allocate@U?$_List_node@VclientIPC@@PAX@std@@@std@@YAPAU?$_List_node@VclientIPC@@PAX@0@IPAU10@@Z 00442640 f i clientsRegistration.obj
 0002:000196e0       ??$_Buynode@ABQAVsingleReg@@@?$_List_buy@PAVsingleReg@@V?$allocator@PAVsingleReg@@@std@@@std@@QAEPAU?$_List_node@PAVsingleReg@@PAX@1@PAU21@0ABQAVsingleReg@@@Z 004426e0 f i clientsRegistration.obj
 0002:00019850       ??$_Buynode@I@?$_List_buy@IV?$allocator@I@std@@@std@@QAEPAU?$_List_node@IPAX@1@PAU21@0$$QAI@Z 00442850 f i clientsRegistration.obj
 0002:000199c0       ??$_Buynode@VclientIPC@@@?$_List_buy@VclientIPC@@V?$allocator@VclientIPC@@@std@@@std@@QAEPAU?$_List_node@VclientIPC@@PAX@1@PAU21@0$$QAVclientIPC@@@Z 004429c0 f i clientsRegistration.obj
 0002:00019b30       ??$_Insert@ABQAVsingleReg@@@?$list@PAVsingleReg@@V?$allocator@PAVsingleReg@@@std@@@std@@QAEXV?$_List_unchecked_const_iterator@V?$_List_val@U?$_List_simple_types@PAVsingleReg@@@std@@@std@@U_Iterator_base0@2@@1@ABQAVsingleReg@@@Z 00442b30 f i clientsRegistration.obj
 0002:00019c00       ??$_Insert@I@?$list@IV?$allocator@I@std@@@std@@QAEXV?$_List_unchecked_const_iterator@V?$_List_val@U?$_List_simple_types@I@std@@@std@@U_Iterator_base0@2@@1@$$QAI@Z 00442c00 f i clientsRegistration.obj
 0002:00019cd0       ??$_Insert@VclientIPC@@@?$list@VclientIPC@@V?$allocator@VclientIPC@@@std@@@std@@QAEXV?$_List_unchecked_const_iterator@V?$_List_val@U?$_List_simple_types@VclientIPC@@@std@@@std@@U_Iterator_base0@2@@1@$$QAVclientIPC@@@Z 00442cd0 f i clientsRegistration.obj
 0002:00019da0       ??$addressof@I@std@@YAPAIAAI@Z 00442da0 f i clientsRegistration.obj
 0002:00019de0       ??$addressof@PAU?$_List_node@IPAX@std@@@std@@YAPAPAU?$_List_node@IPAX@0@AAPAU10@@Z 00442de0 f i clientsRegistration.obj
 0002:00019e20       ??$addressof@PAU?$_List_node@PAVsingleReg@@PAX@std@@@std@@YAPAPAU?$_List_node@PAVsingleReg@@PAX@0@AAPAU10@@Z 00442e20 f i clientsRegistration.obj
 0002:00019e60       ??$addressof@PAU?$_List_node@VclientIPC@@PAX@std@@@std@@YAPAPAU?$_List_node@VclientIPC@@PAX@0@AAPAU10@@Z 00442e60 f i clientsRegistration.obj
 0002:00019ea0       ??$addressof@PAVsingleReg@@@std@@YAPAPAVsingleReg@@AAPAV1@@Z 00442ea0 f i clientsRegistration.obj
 0002:00019ee0       ??$addressof@VclientIPC@@@std@@YAPAVclientIPC@@AAV1@@Z 00442ee0 f i clientsRegistration.obj
 0002:00019f20       ??$construct@II@?$_Wrap_alloc@V?$allocator@U?$_List_node@IPAX@std@@@std@@@std@@QAEXPAI$$QAI@Z 00442f20 f i clientsRegistration.obj
 0002:00019f90       ??$construct@II@?$allocator@U?$_List_node@IPAX@std@@@std@@QAEXPAI$$QAI@Z 00442f90 f i clientsRegistration.obj
 0002:0001a090       ??$construct@II@?$allocator_traits@V?$allocator@U?$_List_node@IPAX@std@@@std@@@std@@SAXAAV?$allocator@U?$_List_node@IPAX@std@@@1@PAI$$QAI@Z 00443090 f i clientsRegistration.obj
 0002:0001a0f0       ??$construct@PAU?$_List_node@IPAX@std@@AAPAU12@@?$_Wrap_alloc@V?$allocator@U?$_List_node@IPAX@std@@@std@@@std@@QAEXPAPAU?$_List_node@IPAX@1@AAPAU21@@Z 004430f0 f i clientsRegistration.obj
 0002:0001a160       ??$construct@PAU?$_List_node@IPAX@std@@AAPAU12@@?$allocator@U?$_List_node@IPAX@std@@@std@@QAEXPAPAU?$_List_node@IPAX@1@AAPAU21@@Z 00443160 f i clientsRegistration.obj
 0002:0001a260       ??$construct@PAU?$_List_node@IPAX@std@@AAPAU12@@?$allocator_traits@V?$allocator@U?$_List_node@IPAX@std@@@std@@@std@@SAXAAV?$allocator@U?$_List_node@IPAX@std@@@1@PAPAU?$_List_node@IPAX@1@AAPAU31@@Z 00443260 f i clientsRegistration.obj
 0002:0001a2c0       ??$construct@PAU?$_List_node@PAVsingleReg@@PAX@std@@AAPAU12@@?$_Wrap_alloc@V?$allocator@U?$_List_node@PAVsingleReg@@PAX@std@@@std@@@std@@QAEXPAPAU?$_List_node@PAVsingleReg@@PAX@1@AAPAU21@@Z 004432c0 f i clientsRegistration.obj
 0002:0001a330       ??$construct@PAU?$_List_node@PAVsingleReg@@PAX@std@@AAPAU12@@?$allocator@U?$_List_node@PAVsingleReg@@PAX@std@@@std@@QAEXPAPAU?$_List_node@PAVsingleReg@@PAX@1@AAPAU21@@Z 00443330 f i clientsRegistration.obj
 0002:0001a430       ??$construct@PAU?$_List_node@PAVsingleReg@@PAX@std@@AAPAU12@@?$allocator_traits@V?$allocator@U?$_List_node@PAVsingleReg@@PAX@std@@@std@@@std@@SAXAAV?$allocator@U?$_List_node@PAVsingleReg@@PAX@std@@@1@PAPAU?$_List_node@PAVsingleReg@@PAX@1@AAPAU31@@Z 00443430 f i clientsRegistration.obj
 0002:0001a490       ??$construct@PAU?$_List_node@VclientIPC@@PAX@std@@AAPAU12@@?$_Wrap_alloc@V?$allocator@U?$_List_node@VclientIPC@@PAX@std@@@std@@@std@@QAEXPAPAU?$_List_node@VclientIPC@@PAX@1@AAPAU21@@Z 00443490 f i clientsRegistration.obj
 0002:0001a500       ??$construct@PAU?$_List_node@VclientIPC@@PAX@std@@AAPAU12@@?$allocator@U?$_List_node@VclientIPC@@PAX@std@@@std@@QAEXPAPAU?$_List_node@VclientIPC@@PAX@1@AAPAU21@@Z 00443500 f i clientsRegistration.obj
 0002:0001a600       ??$construct@PAU?$_List_node@VclientIPC@@PAX@std@@AAPAU12@@?$allocator_traits@V?$allocator@U?$_List_node@VclientIPC@@PAX@std@@@std@@@std@@SAXAAV?$allocator@U?$_List_node@VclientIPC@@PAX@std@@@1@PAPAU?$_List_node@VclientIPC@@PAX@1@AAPAU31@@Z 00443600 f i clientsRegistration.obj
 0002:0001a660       ??$construct@PAVsingleReg@@ABQAV1@@?$_Wrap_alloc@V?$allocator@U?$_List_node@PAVsingleReg@@PAX@std@@@std@@@std@@QAEXPAPAVsingleReg@@ABQAV2@@Z 00443660 f i clientsRegistration.obj
 0002:0001a6d0       ??$construct@PAVsingleReg@@ABQAV1@@?$allocator@U?$_List_node@PAVsingleReg@@PAX@std@@@std@@QAEXPAPAVsingleReg@@ABQAV2@@Z 004436d0 f i clientsRegistration.obj
 0002:0001a7d0       ??$construct@PAVsingleReg@@ABQAV1@@?$allocator_traits@V?$allocator@U?$_List_node@PAVsingleReg@@PAX@std@@@std@@@std@@SAXAAV?$allocator@U?$_List_node@PAVsingleReg@@PAX@std@@@1@PAPAVsingleReg@@ABQAV3@@Z 004437d0 f i clientsRegistration.obj
 0002:0001a830       ??$construct@VclientIPC@@V1@@?$_Wrap_alloc@V?$allocator@U?$_List_node@VclientIPC@@PAX@std@@@std@@@std@@QAEXPAVclientIPC@@$$QAV2@@Z 00443830 f i clientsRegistration.obj
 0002:0001a8a0       ??$construct@VclientIPC@@V1@@?$allocator@U?$_List_node@VclientIPC@@PAX@std@@@std@@QAEXPAVclientIPC@@$$QAV2@@Z 004438a0 f i clientsRegistration.obj
 0002:0001a9b0       ??$construct@VclientIPC@@V1@@?$allocator_traits@V?$allocator@U?$_List_node@VclientIPC@@PAX@std@@@std@@@std@@SAXAAV?$allocator@U?$_List_node@VclientIPC@@PAX@std@@@1@PAVclientIPC@@$$QAV3@@Z 004439b0 f i clientsRegistration.obj
 0002:0001aa10       ??$destroy@I@?$_Wrap_alloc@V?$allocator@U?$_List_node@IPAX@std@@@std@@@std@@QAEXPAI@Z 00443a10 f i clientsRegistration.obj
 0002:0001aa70       ??$destroy@I@?$allocator@U?$_List_node@IPAX@std@@@std@@QAEXPAI@Z 00443a70 f i clientsRegistration.obj
 0002:0001aab0       ??$destroy@I@?$allocator_traits@V?$allocator@U?$_List_node@IPAX@std@@@std@@@std@@SAXAAV?$allocator@U?$_List_node@IPAX@std@@@1@PAI@Z 00443ab0 f i clientsRegistration.obj
 0002:0001ab00       ??$destroy@PAU?$_List_node@IPAX@std@@@?$_Wrap_alloc@V?$allocator@U?$_List_node@IPAX@std@@@std@@@std@@QAEXPAPAU?$_List_node@IPAX@1@@Z 00443b00 f i clientsRegistration.obj
 0002:0001ab60       ??$destroy@PAU?$_List_node@IPAX@std@@@?$allocator@U?$_List_node@IPAX@std@@@std@@QAEXPAPAU?$_List_node@IPAX@1@@Z 00443b60 f i clientsRegistration.obj
 0002:0001aba0       ??$destroy@PAU?$_List_node@IPAX@std@@@?$allocator_traits@V?$allocator@U?$_List_node@IPAX@std@@@std@@@std@@SAXAAV?$allocator@U?$_List_node@IPAX@std@@@1@PAPAU?$_List_node@IPAX@1@@Z 00443ba0 f i clientsRegistration.obj
 0002:0001abf0       ??$destroy@PAU?$_List_node@PAVsingleReg@@PAX@std@@@?$_Wrap_alloc@V?$allocator@U?$_List_node@PAVsingleReg@@PAX@std@@@std@@@std@@QAEXPAPAU?$_List_node@PAVsingleReg@@PAX@1@@Z 00443bf0 f i clientsRegistration.obj
 0002:0001ac50       ??$destroy@PAU?$_List_node@PAVsingleReg@@PAX@std@@@?$allocator@U?$_List_node@PAVsingleReg@@PAX@std@@@std@@QAEXPAPAU?$_List_node@PAVsingleReg@@PAX@1@@Z 00443c50 f i clientsRegistration.obj
 0002:0001ac90       ??$destroy@PAU?$_List_node@PAVsingleReg@@PAX@std@@@?$allocator_traits@V?$allocator@U?$_List_node@PAVsingleReg@@PAX@std@@@std@@@std@@SAXAAV?$allocator@U?$_List_node@PAVsingleReg@@PAX@std@@@1@PAPAU?$_List_node@PAVsingleReg@@PAX@1@@Z 00443c90 f i clientsRegistration.obj
 0002:0001ace0       ??$destroy@PAVsingleReg@@@?$_Wrap_alloc@V?$allocator@U?$_List_node@PAVsingleReg@@PAX@std@@@std@@@std@@QAEXPAPAVsingleReg@@@Z 00443ce0 f i clientsRegistration.obj
 0002:0001ad40       ??$destroy@PAVsingleReg@@@?$allocator@U?$_List_node@PAVsingleReg@@PAX@std@@@std@@QAEXPAPAVsingleReg@@@Z 00443d40 f i clientsRegistration.obj
 0002:0001ad80       ??$destroy@PAVsingleReg@@@?$allocator_traits@V?$allocator@U?$_List_node@PAVsingleReg@@PAX@std@@@std@@@std@@SAXAAV?$allocator@U?$_List_node@PAVsingleReg@@PAX@std@@@1@PAPAVsingleReg@@@Z 00443d80 f i clientsRegistration.obj
 0002:0001add0       ??$forward@AAPAU?$_List_node@IPAX@std@@@std@@YAAAPAU?$_List_node@IPAX@0@AAPAU10@@Z 00443dd0 f i clientsRegistration.obj
 0002:0001ae10       ??$forward@AAPAU?$_List_node@PAVsingleReg@@PAX@std@@@std@@YAAAPAU?$_List_node@PAVsingleReg@@PAX@0@AAPAU10@@Z 00443e10 f i clientsRegistration.obj
 0002:0001ae50       ??$forward@AAPAU?$_List_node@VclientIPC@@PAX@std@@@std@@YAAAPAU?$_List_node@VclientIPC@@PAX@0@AAPAU10@@Z 00443e50 f i clientsRegistration.obj
 0002:0001ae90       ??$forward@ABQAVsingleReg@@@std@@YAABQAVsingleReg@@ABQAV1@@Z 00443e90 f i clientsRegistration.obj
 0002:0001aed0       ??$forward@I@std@@YA$$QAIAAI@Z 00443ed0 f i clientsRegistration.obj
 0002:0001af10       ??$forward@VclientIPC@@@std@@YA$$QAVclientIPC@@AAV1@@Z 00443f10 f i clientsRegistration.obj
 0002:0001af50       ??0?$_Iterator012@Ubidirectional_iterator_tag@std@@PAVsingleReg@@HPBQAV3@ABQAV3@U_Iterator_base12@2@@std@@QAE@ABU01@@Z 00443f50 f i clientsRegistration.obj
 0002:0001afb0       ??0?$_Iterator012@Ubidirectional_iterator_tag@std@@PAVsingleReg@@HPBQAV3@ABQAV3@U_Iterator_base12@2@@std@@QAE@XZ 00443fb0 f i clientsRegistration.obj
 0002:0001b010       ??0?$_List_alloc@$0A@U?$_List_base_types@PAVsingleReg@@V?$allocator@PAVsingleReg@@@std@@@std@@@std@@QAE@ABV?$allocator@PAVsingleReg@@@1@@Z 00444010 f i clientsRegistration.obj
 0002:0001b110       ??0?$_List_buy@PAVsingleReg@@V?$allocator@PAVsingleReg@@@std@@@std@@QAE@ABV?$allocator@PAVsingleReg@@@1@@Z 00444110 f i clientsRegistration.obj
 0002:0001b170       ??0?$_List_const_iterator@V?$_List_val@U?$_List_simple_types@PAVsingleReg@@@std@@@std@@@std@@QAE@ABV01@@Z 00444170 f i clientsRegistration.obj
 0002:0001b1d0       ??0?$_List_const_iterator@V?$_List_val@U?$_List_simple_types@PAVsingleReg@@@std@@@std@@@std@@QAE@PAU?$_List_node@PAVsingleReg@@PAX@1@PBV?$_List_val@U?$_List_simple_types@PAVsingleReg@@@std@@@1@@Z 004441d0 f i clientsRegistration.obj
 0002:0001b230       ??0?$_List_iterator@V?$_List_val@U?$_List_simple_types@PAVsingleReg@@@std@@@std@@@std@@QAE@PAU?$_List_node@PAVsingleReg@@PAX@1@PBV?$_List_val@U?$_List_simple_types@PAVsingleReg@@@std@@@1@@Z 00444230 f i clientsRegistration.obj
 0002:0001b290       ??0?$_List_unchecked_const_iterator@V?$_List_val@U?$_List_simple_types@I@std@@@std@@U_Iterator_base0@2@@std@@QAE@PAU?$_List_node@IPAX@1@PBV?$_List_val@U?$_List_simple_types@I@std@@@1@@Z 00444290 f i clientsRegistration.obj
 0002:0001b300       ??0?$_List_unchecked_const_iterator@V?$_List_val@U?$_List_simple_types@PAVsingleReg@@@std@@@std@@U_Iterator_base0@2@@std@@QAE@PAU?$_List_node@PAVsingleReg@@PAX@1@PBV?$_List_val@U?$_List_simple_types@PAVsingleReg@@@std@@@1@@Z 00444300 f i clientsRegistration.obj
 0002:0001b370       ??0?$_List_unchecked_const_iterator@V?$_List_val@U?$_List_simple_types@PAVsingleReg@@@std@@@std@@U_Iterator_base12@2@@std@@QAE@ABV01@@Z 00444370 f i clientsRegistration.obj
 0002:0001b3e0       ??0?$_List_unchecked_const_iterator@V?$_List_val@U?$_List_simple_types@PAVsingleReg@@@std@@@std@@U_Iterator_base12@2@@std@@QAE@PAU?$_List_node@PAVsingleReg@@PAX@1@PBV?$_List_val@U?$_List_simple_types@PAVsingleReg@@@std@@@1@@Z 004443e0 f i clientsRegistration.obj
 0002:0001b4a0       ??0?$_List_unchecked_const_iterator@V?$_List_val@U?$_List_simple_types@VclientIPC@@@std@@@std@@U_Iterator_base0@2@@std@@QAE@PAU?$_List_node@VclientIPC@@PAX@1@PBV?$_List_val@U?$_List_simple_types@VclientIPC@@@std@@@1@@Z 004444a0 f i clientsRegistration.obj
 0002:0001b510       ??0?$_List_unchecked_iterator@V?$_List_val@U?$_List_simple_types@I@std@@@std@@@std@@QAE@PAU?$_List_node@IPAX@1@PBV?$_List_val@U?$_List_simple_types@I@std@@@1@@Z 00444510 f i clientsRegistration.obj
 0002:0001b570       ??0?$_List_unchecked_iterator@V?$_List_val@U?$_List_simple_types@PAVsingleReg@@@std@@@std@@@std@@QAE@PAU?$_List_node@PAVsingleReg@@PAX@1@PBV?$_List_val@U?$_List_simple_types@PAVsingleReg@@@std@@@1@@Z 00444570 f i clientsRegistration.obj
 0002:0001b5d0       ??0?$_List_unchecked_iterator@V?$_List_val@U?$_List_simple_types@VclientIPC@@@std@@@std@@@std@@QAE@PAU?$_List_node@VclientIPC@@PAX@1@PBV?$_List_val@U?$_List_simple_types@VclientIPC@@@std@@@1@@Z 004445d0 f i clientsRegistration.obj
 0002:0001b630       ??0?$_List_val@U?$_List_simple_types@PAVsingleReg@@@std@@@std@@QAE@XZ 00444630 f i clientsRegistration.obj
 0002:0001b6b0       ??0?$_Wrap_alloc@V?$allocator@U?$_List_node@IPAX@std@@@std@@@std@@QAE@XZ 004446b0 f i clientsRegistration.obj
 0002:0001b710       ??0?$_Wrap_alloc@V?$allocator@U?$_List_node@PAVsingleReg@@PAX@std@@@std@@@std@@QAE@XZ 00444710 f i clientsRegistration.obj
 0002:0001b770       ??0?$_Wrap_alloc@V?$allocator@U?$_List_node@VclientIPC@@PAX@std@@@std@@@std@@QAE@XZ 00444770 f i clientsRegistration.obj
 0002:0001b7d0       ??0?$_Wrap_alloc@V?$allocator@U_Container_proxy@std@@@std@@@std@@QAE@XZ 004447d0 f i clientsRegistration.obj
 0002:0001b830       ??0?$allocator@PAVsingleReg@@@std@@QAE@XZ 00444830 f i clientsRegistration.obj
 0002:0001b870       ??0?$allocator@U?$_List_node@IPAX@std@@@std@@QAE@XZ 00444870 f i clientsRegistration.obj
 0002:0001b8b0       ??0?$allocator@U?$_List_node@PAVsingleReg@@PAX@std@@@std@@QAE@XZ 004448b0 f i clientsRegistration.obj
 0002:0001b8f0       ??0?$allocator@U?$_List_node@VclientIPC@@PAX@std@@@std@@QAE@XZ 004448f0 f i clientsRegistration.obj
 0002:0001b930       ??0?$allocator@U_Container_proxy@std@@@std@@QAE@XZ 00444930 f i clientsRegistration.obj
 0002:0001b970       ??0?$list@PAVsingleReg@@V?$allocator@PAVsingleReg@@@std@@@std@@QAE@XZ 00444970 f i clientsRegistration.obj
 0002:0001b9e0       ??1?$_Iterator012@Ubidirectional_iterator_tag@std@@PAVsingleReg@@HPBQAV3@ABQAV3@U_Iterator_base12@2@@std@@QAE@XZ 004449e0 f i clientsRegistration.obj
 0002:0001ba30       ??1?$_List_alloc@$0A@U?$_List_base_types@IV?$allocator@I@std@@@std@@@std@@QAE@XZ 00444a30 f i clientsRegistration.obj
 0002:0001baa0       ??1?$_List_alloc@$0A@U?$_List_base_types@PAVsingleReg@@V?$allocator@PAVsingleReg@@@std@@@std@@@std@@QAE@XZ 00444aa0 f i clientsRegistration.obj
 0002:0001bb10       ??1?$_List_buy@IV?$allocator@I@std@@@std@@QAE@XZ 00444b10 f i clientsRegistration.obj
 0002:0001bb60       ??1?$_List_buy@PAVsingleReg@@V?$allocator@PAVsingleReg@@@std@@@std@@QAE@XZ 00444b60 f i clientsRegistration.obj
 0002:0001bbb0       ??1?$_List_const_iterator@V?$_List_val@U?$_List_simple_types@PAVsingleReg@@@std@@@std@@@std@@QAE@XZ 00444bb0 f i clientsRegistration.obj
 0002:0001bc00       ??1?$_List_iterator@V?$_List_val@U?$_List_simple_types@PAVsingleReg@@@std@@@std@@@std@@QAE@XZ 00444c00 f i clientsRegistration.obj
 0002:0001bc50       ??1?$_List_unchecked_const_iterator@V?$_List_val@U?$_List_simple_types@PAVsingleReg@@@std@@@std@@U_Iterator_base12@2@@std@@QAE@XZ 00444c50 f i clientsRegistration.obj
 0002:0001bca0       ??1?$_List_val@U?$_List_simple_types@I@std@@@std@@QAE@XZ 00444ca0 f i clientsRegistration.obj
 0002:0001bd00       ??1?$_List_val@U?$_List_simple_types@PAVsingleReg@@@std@@@std@@QAE@XZ 00444d00 f i clientsRegistration.obj
 0002:0001bd60       ??1?$list@IV?$allocator@I@std@@@std@@QAE@XZ 00444d60 f i clientsRegistration.obj
 0002:0001bdc0       ??1?$list@PAVsingleReg@@V?$allocator@PAVsingleReg@@@std@@@std@@QAE@XZ 00444dc0 f i clientsRegistration.obj
 0002:0001be20       ??4?$_Iterator012@Ubidirectional_iterator_tag@std@@PAVsingleReg@@HPBQAV3@ABQAV3@U_Iterator_base12@2@@std@@QAEAAU01@ABU01@@Z 00444e20 f i clientsRegistration.obj
 0002:0001be80       ??4?$_List_const_iterator@V?$_List_val@U?$_List_simple_types@PAVsingleReg@@@std@@@std@@@std@@QAEAAV01@ABV01@@Z 00444e80 f i clientsRegistration.obj
 0002:0001bee0       ??4?$_List_iterator@V?$_List_val@U?$_List_simple_types@PAVsingleReg@@@std@@@std@@@std@@QAEAAV01@ABV01@@Z 00444ee0 f i clientsRegistration.obj
 0002:0001bf40       ??4?$_List_unchecked_const_iterator@V?$_List_val@U?$_List_simple_types@PAVsingleReg@@@std@@@std@@U_Iterator_base12@2@@std@@QAEAAV01@ABV01@@Z 00444f40 f i clientsRegistration.obj
 0002:0001bfb0       ??8?$_List_const_iterator@V?$_List_val@U?$_List_simple_types@PAVsingleReg@@@std@@@std@@@std@@QBE_NABV01@@Z 00444fb0 f i clientsRegistration.obj
 0002:0001c110       ??8clientIPC@@QAE_NABV0@@Z 00445110 f i clientsRegistration.obj
 0002:0001c160       ??9?$_List_const_iterator@V?$_List_val@U?$_List_simple_types@PAVsingleReg@@@std@@@std@@@std@@QBE_NABV01@@Z 00445160 f i clientsRegistration.obj
 0002:0001c1f0       ??D?$_List_const_iterator@V?$_List_val@U?$_List_simple_types@PAVsingleReg@@@std@@@std@@@std@@QBEABQAVsingleReg@@XZ 004451f0 f i clientsRegistration.obj
 0002:0001c330       ??D?$_List_iterator@V?$_List_val@U?$_List_simple_types@PAVsingleReg@@@std@@@std@@@std@@QBEAAPAVsingleReg@@XZ 00445330 f i clientsRegistration.obj
 0002:0001c380       ??E?$_List_const_iterator@V?$_List_val@U?$_List_simple_types@PAVsingleReg@@@std@@@std@@@std@@QAE?AV01@H@Z 00445380 f i clientsRegistration.obj
 0002:0001c4a0       ??E?$_List_const_iterator@V?$_List_val@U?$_List_simple_types@PAVsingleReg@@@std@@@std@@@std@@QAEAAV01@XZ 004454a0 f i clientsRegistration.obj
 0002:0001c5f0       ??E?$_List_iterator@V?$_List_val@U?$_List_simple_types@PAVsingleReg@@@std@@@std@@@std@@QAEAAV01@XZ 004455f0 f i clientsRegistration.obj
 0002:0001c650       ??_EclientsRegistration@@UAEPAXI@Z 00445650 f i clientsRegistration.obj
 0002:0001c650       ??_GclientsRegistration@@UAEPAXI@Z 00445650 f i clientsRegistration.obj
 0002:0001c6c0       ?_Adopt@_Iterator_base0@std@@QAEXPBX@Z 004456c0 f i clientsRegistration.obj
 0002:0001c700       ?_Alloc_proxy@?$_List_alloc@$0A@U?$_List_base_types@PAVsingleReg@@V?$allocator@PAVsingleReg@@@std@@@std@@@std@@QAEXXZ 00445700 f i clientsRegistration.obj
 0002:0001c7d0       ?_Buyheadnode@?$_List_alloc@$0A@U?$_List_base_types@PAVsingleReg@@V?$allocator@PAVsingleReg@@@std@@@std@@@std@@QAEPAU?$_List_node@PAVsingleReg@@PAX@2@XZ 004457d0 f i clientsRegistration.obj
 0002:0001c830       ?_Buynode0@?$_List_alloc@$0A@U?$_List_base_types@IV?$allocator@I@std@@@std@@@std@@QAEPAU?$_List_node@IPAX@2@PAU32@0@Z 00445830 f i clientsRegistration.obj
 0002:0001c9f0       ?_Buynode0@?$_List_alloc@$0A@U?$_List_base_types@PAVsingleReg@@V?$allocator@PAVsingleReg@@@std@@@std@@@std@@QAEPAU?$_List_node@PAVsingleReg@@PAX@2@PAU32@0@Z 004459f0 f i clientsRegistration.obj
 0002:0001cbb0       ?_Buynode0@?$_List_alloc@$0A@U?$_List_base_types@VclientIPC@@V?$allocator@VclientIPC@@@std@@@std@@@std@@QAEPAU?$_List_node@VclientIPC@@PAX@2@PAU32@0@Z 00445bb0 f i clientsRegistration.obj
 0002:0001cd70       ?_Free_proxy@?$_List_alloc@$0A@U?$_List_base_types@IV?$allocator@I@std@@@std@@@std@@QAEXXZ 00445d70 f i clientsRegistration.obj
 0002:0001ce50       ?_Free_proxy@?$_List_alloc@$0A@U?$_List_base_types@PAVsingleReg@@V?$allocator@PAVsingleReg@@@std@@@std@@@std@@QAEXXZ 00445e50 f i clientsRegistration.obj
 0002:0001cf30       ?_Freeheadnode@?$_List_alloc@$0A@U?$_List_base_types@IV?$allocator@I@std@@@std@@@std@@QAEXPAU?$_List_node@IPAX@2@@Z 00445f30 f i clientsRegistration.obj
 0002:0001d010       ?_Freeheadnode@?$_List_alloc@$0A@U?$_List_base_types@PAVsingleReg@@V?$allocator@PAVsingleReg@@@std@@@std@@@std@@QAEXPAU?$_List_node@PAVsingleReg@@PAX@2@@Z 00446010 f i clientsRegistration.obj
 0002:0001d0f0       ?_Freenode@?$_List_buy@IV?$allocator@I@std@@@std@@QAEXPAU?$_List_node@IPAX@2@@Z 004460f0 f i clientsRegistration.obj
 0002:0001d200       ?_Freenode@?$_List_buy@PAVsingleReg@@V?$allocator@PAVsingleReg@@@std@@@std@@QAEXPAU?$_List_node@PAVsingleReg@@PAX@2@@Z 00446200 f i clientsRegistration.obj
 0002:0001d310       ?_Getal@?$_List_alloc@$0A@U?$_List_base_types@IV?$allocator@I@std@@@std@@@std@@QBE?AU?$_Wrap_alloc@V?$allocator@U?$_List_node@IPAX@std@@@std@@@2@XZ 00446310 f i clientsRegistration.obj
 0002:0001d370       ?_Getal@?$_List_alloc@$0A@U?$_List_base_types@PAVsingleReg@@V?$allocator@PAVsingleReg@@@std@@@std@@@std@@QBE?AU?$_Wrap_alloc@V?$allocator@U?$_List_node@PAVsingleReg@@PAX@std@@@std@@@2@XZ 00446370 f i clientsRegistration.obj
 0002:0001d3d0       ?_Getal@?$_List_alloc@$0A@U?$_List_base_types@VclientIPC@@V?$allocator@VclientIPC@@@std@@@std@@@std@@QBE?AU?$_Wrap_alloc@V?$allocator@U?$_List_node@VclientIPC@@PAX@std@@@std@@@2@XZ 004463d0 f i clientsRegistration.obj
 0002:0001d430       ?_Incsize@?$list@IV?$allocator@I@std@@@std@@QAEXI@Z 00446430 f i clientsRegistration.obj
 0002:0001d4c0       ?_Incsize@?$list@PAVsingleReg@@V?$allocator@PAVsingleReg@@@std@@@std@@QAEXI@Z 004464c0 f i clientsRegistration.obj
 0002:0001d550       ?_Incsize@?$list@VclientIPC@@V?$allocator@VclientIPC@@@std@@@std@@QAEXI@Z 00446550 f i clientsRegistration.obj
 0002:0001d5e0       ?_Make_iter@?$list@PAVsingleReg@@V?$allocator@PAVsingleReg@@@std@@@std@@QBE?AV?$_List_iterator@V?$_List_val@U?$_List_simple_types@PAVsingleReg@@@std@@@std@@@2@V?$_List_const_iterator@V?$_List_val@U?$_List_simple_types@PAVsingleReg@@@std@@@std@@@2@@Z 004465e0 f i clientsRegistration.obj
 0002:0001d650       ?_Mynode@?$_List_unchecked_const_iterator@V?$_List_val@U?$_List_simple_types@I@std@@@std@@U_Iterator_base0@2@@std@@QBEPAU?$_List_node@IPAX@2@XZ 00446650 f i clientsRegistration.obj
 0002:0001d690       ?_Mynode@?$_List_unchecked_const_iterator@V?$_List_val@U?$_List_simple_types@PAVsingleReg@@@std@@@std@@U_Iterator_base0@2@@std@@QBEPAU?$_List_node@PAVsingleReg@@PAX@2@XZ 00446690 f i clientsRegistration.obj
 0002:0001d6d0       ?_Mynode@?$_List_unchecked_const_iterator@V?$_List_val@U?$_List_simple_types@PAVsingleReg@@@std@@@std@@U_Iterator_base12@2@@std@@QBEPAU?$_List_node@PAVsingleReg@@PAX@2@XZ 004466d0 f i clientsRegistration.obj
 0002:0001d710       ?_Mynode@?$_List_unchecked_const_iterator@V?$_List_val@U?$_List_simple_types@VclientIPC@@@std@@@std@@U_Iterator_base0@2@@std@@QBEPAU?$_List_node@VclientIPC@@PAX@2@XZ 00446710 f i clientsRegistration.obj
 0002:0001d750       ?_Myval@?$_List_val@U?$_List_simple_types@I@std@@@std@@SAAAIPAU?$_List_node@IPAX@2@@Z 00446750 f i clientsRegistration.obj
 0002:0001d790       ?_Myval@?$_List_val@U?$_List_simple_types@PAVsingleReg@@@std@@@std@@SAAAPAVsingleReg@@PAU?$_List_node@PAVsingleReg@@PAX@2@@Z 00446790 f i clientsRegistration.obj
 0002:0001d7d0       ?_Myval@?$_List_val@U?$_List_simple_types@VclientIPC@@@std@@@std@@SAAAVclientIPC@@PAU?$_List_node@VclientIPC@@PAX@2@@Z 004467d0 f i clientsRegistration.obj
 0002:0001d810       ?_Nextnode@?$_List_val@U?$_List_simple_types@I@std@@@std@@SAAAPAU?$_List_node@IPAX@2@PAU32@@Z 00446810 f i clientsRegistration.obj
 0002:0001d850       ?_Nextnode@?$_List_val@U?$_List_simple_types@PAVsingleReg@@@std@@@std@@SAAAPAU?$_List_node@PAVsingleReg@@PAX@2@PAU32@@Z 00446850 f i clientsRegistration.obj
 0002:0001d890       ?_Nextnode@?$_List_val@U?$_List_simple_types@VclientIPC@@@std@@@std@@SAAAPAU?$_List_node@VclientIPC@@PAX@2@PAU32@@Z 00446890 f i clientsRegistration.obj
 0002:0001d8d0       ?_Orphan_ptr@?$list@IV?$allocator@I@std@@@std@@QBEXAAV12@PAU?$_List_node@IPAX@2@@Z 004468d0 f i clientsRegistration.obj
 0002:0001da60       ?_Orphan_ptr@?$list@PAVsingleReg@@V?$allocator@PAVsingleReg@@@std@@@std@@QBEXAAV12@PAU?$_List_node@PAVsingleReg@@PAX@2@@Z 00446a60 f i clientsRegistration.obj
 0002:0001dbf0       ?_Prevnode@?$_List_val@U?$_List_simple_types@I@std@@@std@@SAAAPAU?$_List_node@IPAX@2@PAU32@@Z 00446bf0 f i clientsRegistration.obj
 0002:0001dc30       ?_Prevnode@?$_List_val@U?$_List_simple_types@PAVsingleReg@@@std@@@std@@SAAAPAU?$_List_node@PAVsingleReg@@PAX@2@PAU32@@Z 00446c30 f i clientsRegistration.obj
 0002:0001dc70       ?_Prevnode@?$_List_val@U?$_List_simple_types@VclientIPC@@@std@@@std@@SAAAPAU?$_List_node@VclientIPC@@PAX@2@PAU32@@Z 00446c70 f i clientsRegistration.obj
 0002:0001dcb0       ?_Tidy@?$list@IV?$allocator@I@std@@@std@@QAEXXZ 00446cb0 f i clientsRegistration.obj
 0002:0001dd00       ?_Tidy@?$list@PAVsingleReg@@V?$allocator@PAVsingleReg@@@std@@@std@@QAEXXZ 00446d00 f i clientsRegistration.obj
 0002:0001dd50       ?_Unchecked_end@?$list@IV?$allocator@I@std@@@std@@QAE?AV?$_List_unchecked_iterator@V?$_List_val@U?$_List_simple_types@I@std@@@std@@@2@XZ 00446d50 f i clientsRegistration.obj
 0002:0001ddc0       ?_Unchecked_end@?$list@PAVsingleReg@@V?$allocator@PAVsingleReg@@@std@@@std@@QAE?AV?$_List_unchecked_iterator@V?$_List_val@U?$_List_simple_types@PAVsingleReg@@@std@@@std@@@2@XZ 00446dc0 f i clientsRegistration.obj
 0002:0001de30       ?_Unchecked_end@?$list@VclientIPC@@V?$allocator@VclientIPC@@@std@@@std@@QAE?AV?$_List_unchecked_iterator@V?$_List_val@U?$_List_simple_types@VclientIPC@@@std@@@std@@@2@XZ 00446e30 f i clientsRegistration.obj
 0002:0001dea0       ?_Unlinknode@?$list@PAVsingleReg@@V?$allocator@PAVsingleReg@@@std@@@std@@QAEPAU?$_List_node@PAVsingleReg@@PAX@2@V?$_List_const_iterator@V?$_List_val@U?$_List_simple_types@PAVsingleReg@@@std@@@std@@@2@@Z 00446ea0 f i clientsRegistration.obj
 0002:0001e030       ?allocate@?$_Wrap_alloc@V?$allocator@U?$_List_node@IPAX@std@@@std@@@std@@QAEPAU?$_List_node@IPAX@2@I@Z 00447030 f i clientsRegistration.obj
 0002:0001e090       ?allocate@?$_Wrap_alloc@V?$allocator@U?$_List_node@PAVsingleReg@@PAX@std@@@std@@@std@@QAEPAU?$_List_node@PAVsingleReg@@PAX@2@I@Z 00447090 f i clientsRegistration.obj
 0002:0001e0f0       ?allocate@?$_Wrap_alloc@V?$allocator@U?$_List_node@VclientIPC@@PAX@std@@@std@@@std@@QAEPAU?$_List_node@VclientIPC@@PAX@2@I@Z 004470f0 f i clientsRegistration.obj
 0002:0001e150       ?allocate@?$allocator@U?$_List_node@IPAX@std@@@std@@QAEPAU?$_List_node@IPAX@2@I@Z 00447150 f i clientsRegistration.obj
 0002:0001e1b0       ?allocate@?$allocator@U?$_List_node@PAVsingleReg@@PAX@std@@@std@@QAEPAU?$_List_node@PAVsingleReg@@PAX@2@I@Z 004471b0 f i clientsRegistration.obj
 0002:0001e210       ?allocate@?$allocator@U?$_List_node@VclientIPC@@PAX@std@@@std@@QAEPAU?$_List_node@VclientIPC@@PAX@2@I@Z 00447210 f i clientsRegistration.obj
 0002:0001e270       ?begin@?$list@PAVsingleReg@@V?$allocator@PAVsingleReg@@@std@@@std@@QAE?AV?$_List_iterator@V?$_List_val@U?$_List_simple_types@PAVsingleReg@@@std@@@std@@@2@XZ 00447270 f i clientsRegistration.obj
 0002:0001e2e0       ?clear@?$list@IV?$allocator@I@std@@@std@@QAEXXZ 004472e0 f i clientsRegistration.obj
 0002:0001e3e0       ?clear@?$list@PAVsingleReg@@V?$allocator@PAVsingleReg@@@std@@@std@@QAEXXZ 004473e0 f i clientsRegistration.obj
 0002:0001e4e0       ?deallocate@?$_Wrap_alloc@V?$allocator@U?$_List_node@IPAX@std@@@std@@@std@@QAEXPAU?$_List_node@IPAX@2@I@Z 004474e0 f i clientsRegistration.obj
 0002:0001e540       ?deallocate@?$_Wrap_alloc@V?$allocator@U?$_List_node@PAVsingleReg@@PAX@std@@@std@@@std@@QAEXPAU?$_List_node@PAVsingleReg@@PAX@2@I@Z 00447540 f i clientsRegistration.obj
 0002:0001e5a0       ?deallocate@?$_Wrap_alloc@V?$allocator@U?$_List_node@VclientIPC@@PAX@std@@@std@@@std@@QAEXPAU?$_List_node@VclientIPC@@PAX@2@I@Z 004475a0 f i clientsRegistration.obj
 0002:0001e600       ?deallocate@?$allocator@U?$_List_node@IPAX@std@@@std@@QAEXPAU?$_List_node@IPAX@2@I@Z 00447600 f i clientsRegistration.obj
 0002:0001e660       ?deallocate@?$allocator@U?$_List_node@PAVsingleReg@@PAX@std@@@std@@QAEXPAU?$_List_node@PAVsingleReg@@PAX@2@I@Z 00447660 f i clientsRegistration.obj
 0002:0001e6c0       ?deallocate@?$allocator@U?$_List_node@VclientIPC@@PAX@std@@@std@@QAEXPAU?$_List_node@VclientIPC@@PAX@2@I@Z 004476c0 f i clientsRegistration.obj
 0002:0001e720       ?end@?$list@PAVsingleReg@@V?$allocator@PAVsingleReg@@@std@@@std@@QAE?AV?$_List_iterator@V?$_List_val@U?$_List_simple_types@PAVsingleReg@@@std@@@std@@@2@XZ 00447720 f i clientsRegistration.obj
 0002:0001e790       ?erase@?$list@PAVsingleReg@@V?$allocator@PAVsingleReg@@@std@@@std@@QAE?AV?$_List_iterator@V?$_List_val@U?$_List_simple_types@PAVsingleReg@@@std@@@std@@@2@V?$_List_const_iterator@V?$_List_val@U?$_List_simple_types@PAVsingleReg@@@std@@@std@@@2@@Z 00447790 f i clientsRegistration.obj
 0002:0001e8d0       ?max_size@?$_Wrap_alloc@V?$allocator@U?$_List_node@IPAX@std@@@std@@@std@@QBEIXZ 004478d0 f i clientsRegistration.obj
 0002:0001e930       ?max_size@?$_Wrap_alloc@V?$allocator@U?$_List_node@PAVsingleReg@@PAX@std@@@std@@@std@@QBEIXZ 00447930 f i clientsRegistration.obj
 0002:0001e990       ?max_size@?$_Wrap_alloc@V?$allocator@U?$_List_node@VclientIPC@@PAX@std@@@std@@@std@@QBEIXZ 00447990 f i clientsRegistration.obj
 0002:0001e9f0       ?max_size@?$allocator@U?$_List_node@IPAX@std@@@std@@QBEIXZ 004479f0 f i clientsRegistration.obj
 0002:0001ea30       ?max_size@?$allocator@U?$_List_node@PAVsingleReg@@PAX@std@@@std@@QBEIXZ 00447a30 f i clientsRegistration.obj
 0002:0001ea70       ?max_size@?$allocator@U?$_List_node@VclientIPC@@PAX@std@@@std@@QBEIXZ 00447a70 f i clientsRegistration.obj
 0002:0001eab0       ?max_size@?$allocator_traits@V?$allocator@U?$_List_node@IPAX@std@@@std@@@std@@SAIABV?$allocator@U?$_List_node@IPAX@std@@@2@@Z 00447ab0 f i clientsRegistration.obj
 0002:0001eb00       ?max_size@?$allocator_traits@V?$allocator@U?$_List_node@PAVsingleReg@@PAX@std@@@std@@@std@@SAIABV?$allocator@U?$_List_node@PAVsingleReg@@PAX@std@@@2@@Z 00447b00 f i clientsRegistration.obj
 0002:0001eb50       ?max_size@?$allocator_traits@V?$allocator@U?$_List_node@VclientIPC@@PAX@std@@@std@@@std@@SAIABV?$allocator@U?$_List_node@VclientIPC@@PAX@std@@@2@@Z 00447b50 f i clientsRegistration.obj
 0002:0001eba0       ?max_size@?$list@IV?$allocator@I@std@@@std@@QBEIXZ 00447ba0 f i clientsRegistration.obj
 0002:0001ec00       ?max_size@?$list@PAVsingleReg@@V?$allocator@PAVsingleReg@@@std@@@std@@QBEIXZ 00447c00 f i clientsRegistration.obj
 0002:0001ec60       ?max_size@?$list@VclientIPC@@V?$allocator@VclientIPC@@@std@@@std@@QBEIXZ 00447c60 f i clientsRegistration.obj
 0002:0001ecc0       ?push_back@?$list@IV?$allocator@I@std@@@std@@QAEX$$QAI@Z 00447cc0 f i clientsRegistration.obj
 0002:0001ed50       ?push_back@?$list@PAVsingleReg@@V?$allocator@PAVsingleReg@@@std@@@std@@QAEXABQAVsingleReg@@@Z 00447d50 f i clientsRegistration.obj
 0002:0001edd0       ?push_back@?$list@VclientIPC@@V?$allocator@VclientIPC@@@std@@@std@@QAEX$$QAVclientIPC@@@Z 00447dd0 f i clientsRegistration.obj
 0002:0001ee60       ?size@?$list@PAVsingleReg@@V?$allocator@PAVsingleReg@@@std@@@std@@QBEIXZ 00447e60 f i clientsRegistration.obj
 0002:0001eea0       ?getSetting@config@@SA?AVQString@@ABV2@00@Z 00447ea0 f   config.obj
 0002:0001f030       ?getSettingInt@config@@SAHABVQString@@0H@Z 00448030 f   config.obj
 0002:0001f2b0       ??0fabianClient@@QAE@XZ    004482b0 f   fabianClient.obj
 0002:0001f4a0       ??1fabianClient@@UAE@XZ    004484a0 f   fabianClient.obj
 0002:0001f5b0       ?setAddress@fabianClient@@QAEXABVQString@@@Z 004485b0 f   fabianClient.obj
 0002:0001f610       ?setAltAddress@fabianClient@@QAEXABVQString@@@Z 00448610 f   fabianClient.obj
 0002:0001f670       ?setPort@fabianClient@@QAEXH@Z 00448670 f   fabianClient.obj
 0002:0001f6b0       ?setAltPort@fabianClient@@QAEXH@Z 004486b0 f   fabianClient.obj
 0002:0001f6f0       ?setUserName@fabianClient@@QAEXABVQString@@@Z 004486f0 f   fabianClient.obj
 0002:0001f750       ?setPassword@fabianClient@@QAEXABVQString@@@Z 00448750 f   fabianClient.obj
 0002:0001f7b0       ?setControlPass@fabianClient@@QAEXABVQString@@@Z 004487b0 f   fabianClient.obj
 0002:0001f810       ?connect@fabianClient@@QAEXXZ 00448810 f   fabianClient.obj
 0002:0001fb20       ?transmitCount@fabianClient@@QAEIXZ 00448b20 f   fabianClient.obj
 0002:0001fb50       ?receiveCount@fabianClient@@QAEIXZ 00448b50 f   fabianClient.obj
 0002:0001fb80       ?databaseChangeCount@fabianClient@@QAEIXZ 00448b80 f   fabianClient.obj
 0002:0001fbb0       ?reg@fabianClient@@QAEXIII@Z 00448bb0 f   fabianClient.obj
 0002:0001fcf0       ?unreg@fabianClient@@QAEXI@Z 00448cf0 f   fabianClient.obj
 0002:0001fe20       ?infoWrite@fabianClient@@QAEXIIABVQString@@@Z 00448e20 f   fabianClient.obj
 0002:0001ff70       ?infoPoll@fabianClient@@QAEXIII@Z 00448f70 f   fabianClient.obj
 0002:000200b0       ?infoLock@fabianClient@@QAEXIII_N@Z 004490b0 f   fabianClient.obj
 0002:000201f0       ?gpiSwitch@fabianClient@@QAEXII_N@Z 004491f0 f   fabianClient.obj
 0002:00020330       ?gpiPoll@fabianClient@@QAEXIII@Z 00449330 f   fabianClient.obj
 0002:00020470       ?gpiLock@fabianClient@@QAEXIII_N@Z 00449470 f   fabianClient.obj
 0002:000205b0       ?routerCrosspoint@fabianClient@@QAEXIIIABVQString@@@Z 004495b0 f   fabianClient.obj
 0002:00020700       ?routerPoll@fabianClient@@QAEXIII@Z 00449700 f   fabianClient.obj
 0002:00020840       ?routerLock@fabianClient@@QAEXIII_N@Z 00449840 f   fabianClient.obj
 0002:00020980       ?listRouter@fabianClient@@QAEXIIII@Z 00449980 f   fabianClient.obj
 0002:00020ac0       ?routerModify@fabianClient@@QAEXIIIABVQString@@_N@Z 00449ac0 f   fabianClient.obj
 0002:00020c10       ?socketConnected@fabianClient@@AAEXXZ 00449c10 f   fabianClient.obj
 0002:00020cc0       ?socketConnectionClosed@fabianClient@@AAEXXZ 00449cc0 f   fabianClient.obj
 0002:00020d10       ?socketReadyRead@fabianClient@@AAEXXZ 00449d10 f   fabianClient.obj
 0002:00021c40       ?socketError@fabianClient@@AAEXH@Z 0044ac40 f   fabianClient.obj
 0002:00022c7d       ??_EfabianClient@@WCI@AEPAXI@Z 0044bc7d f i fabianClient.obj
 0002:00022c90       ??_EfabianClient@@UAEPAXI@Z 0044bc90 f i fabianClient.obj
 0002:00022c90       ??_GfabianClient@@UAEPAXI@Z 0044bc90 f i fabianClient.obj
 0002:00022d00       ?metaObject@fabianClient@@UBEPAVQMetaObject@@XZ 0044bd00 f i fabianClient.obj
 0002:00022d50       _main                      0044bd50 f   main.obj
 0002:00022ef0       ??0messageWindow@@QAE@PAUHINSTANCE__@@PADH@Z 0044bef0 f   messageWindow.obj
 0002:00023290       ??1messageWindow@@UAE@XZ   0044c290 f   messageWindow.obj
 0002:00023520       ?instance@messageWindow@@QAEPAUHINSTANCE__@@XZ 0044c520 f   messageWindow.obj
 0002:00023550       ?clientCount@messageWindow@@QAEIXZ 0044c550 f   messageWindow.obj
 0002:000235a0       ?registrationCount@messageWindow@@QAEIXZ 0044c5a0 f   messageWindow.obj
 0002:000235f0       ?clientMessageCount@messageWindow@@QAEIXZ 0044c5f0 f   messageWindow.obj
 0002:00023620       ?nameChangeCount@messageWindow@@QAEIXZ 0044c620 f   messageWindow.obj
 0002:00023650       ?setLocalDatabaseList@messageWindow@@QAEXABV?$set@HU?$less@H@std@@V?$allocator@H@2@@std@@@Z 0044c650 f   messageWindow.obj
 0002:000236a0       ?registerLocalDatabaseDevices@messageWindow@@QAEXXZ 0044c6a0 f   messageWindow.obj
 0002:000237d0       ?databasesLoaded@messageWindow@@QAEHXZ 0044c7d0 f   messageWindow.obj
 0002:00023820       ?devicesCached@messageWindow@@QAEHXZ 0044c820 f   messageWindow.obj
 0002:00023870       ?SendMessage32@messageWindow@@AAEJPAUHWND__@@VclientIPC@@IIJHH@Z 0044c870 f   messageWindow.obj
 0002:00023900       ?loadWriteEnable@messageWindow@@AAEXXZ 0044c900 f   messageWindow.obj
 0002:00023ba0       ?MyRegisterClass@messageWindow@@AAEGPAUHINSTANCE__@@@Z 0044cba0 f   messageWindow.obj
 0002:00023c50       ?InitInstance@messageWindow@@AAEHPAUHINSTANCE__@@H@Z 0044cc50 f   messageWindow.obj
 0002:00023d00       ?WndProc@@YGJPAUHWND__@@IIJ@Z 0044cd00 f   messageWindow.obj
 0002:00026270       ?addClient@messageWindow@@AAEXPAUHWND__@@H@Z 0044f270 f   messageWindow.obj
 0002:000262e0       ?removeClient@messageWindow@@AAEXPAUHWND__@@@Z 0044f2e0 f   messageWindow.obj
 0002:00026450       ?rereg@messageWindow@@AAEXI@Z 0044f450 f   messageWindow.obj
 0002:000264a0       ?rereg@messageWindow@@AAEXIII@Z 0044f4a0 f   messageWindow.obj
 0002:000265e0       ?isLocalDatabase@messageWindow@@AAE_NH@Z 0044f5e0 f   messageWindow.obj
 0002:000266f0       ?customEvent@messageWindow@@EAEXPAVQCustomEvent@@@Z 0044f6f0 f   messageWindow.obj
 0002:00026b10       ?writeEnabled@messageWindow@@QAE_NH@Z 0044fb10 f   messageWindow.obj
 0002:00026c70       ?routerRevertive@messageWindow@@QAEXIIH@Z 0044fc70 f   messageWindow.obj
 0002:00026fc0       ?infoRevertive@messageWindow@@QAEXIIABVQString@@@Z 0044ffc0 f   messageWindow.obj
 0002:00027260       ?gpiRevertive@messageWindow@@QAEXII_N@Z 00450260 f   messageWindow.obj
 0002:00027510       ?routerName@messageWindow@@QAEXIIIABVQString@@@Z 00450510 f   messageWindow.obj
 0002:000279b0       ?databaseChange@messageWindow@@QAEXIIIABVQString@@@Z 004509b0 f   messageWindow.obj
 0002:00029110       ??$?0U?$_List_node@IPAX@std@@@?$allocator@I@std@@QAE@ABV?$allocator@U?$_List_node@IPAX@std@@@1@@Z 00452110 f i messageWindow.obj
 0002:00029150       ??$?8U?$_Tree_node@HPAX@std@@U01@@std@@YA_NABV?$allocator@U?$_Tree_node@HPAX@std@@@0@0@Z 00452150 f i messageWindow.obj
 0002:00029180       ??$?8V?$allocator@U?$_Tree_node@HPAX@std@@@std@@V01@@std@@YA_NABU?$_Wrap_alloc@V?$allocator@U?$_Tree_node@HPAX@std@@@std@@@0@0@Z 00452180 f i messageWindow.obj
 0002:000291f0       ??$?9V?$allocator@U?$_Tree_node@HPAX@std@@@std@@V01@@std@@YA_NABU?$_Wrap_alloc@V?$allocator@U?$_Tree_node@HPAX@std@@@std@@@0@0@Z 004521f0 f i messageWindow.obj
 0002:00029270       ??$_Allocate@D@std@@YAPADIPAD@Z 00452270 f i messageWindow.obj
 0002:00029300       ??$_Buynode@AAH@?$_Tree_buy@HV?$allocator@H@std@@@std@@QAEPAU?$_Tree_node@HPAX@1@AAH@Z 00452300 f i messageWindow.obj
 0002:00029470       ??$_Buynode@ABI@?$_List_buy@IV?$allocator@I@std@@@std@@QAEPAU?$_List_node@IPAX@1@PAU21@0ABI@Z 00452470 f i messageWindow.obj
 0002:000295e0       ??$_Copy@U?$integral_constant@_N$0A@@std@@@?$_Tree@V?$_Tset_traits@HU?$less@H@std@@V?$allocator@H@2@$0A@@std@@@std@@IAEXABV01@U?$integral_constant@_N$0A@@1@@Z 004525e0 f i messageWindow.obj
 0002:00029710       ??$_Copy_nodes@U?$integral_constant@_N$0A@@std@@@?$_Tree@V?$_Tset_traits@HU?$less@H@std@@V?$allocator@H@2@$0A@@std@@@std@@IAEPAU?$_Tree_node@HPAX@1@PAU21@0U?$integral_constant@_N$0A@@1@@Z 00452710 f i messageWindow.obj
 0002:00029960       ??$_Copy_or_move@U?$integral_constant@_N$0A@@std@@U?$integral_constant@_N$00@2@U32@H@?$_Tree@V?$_Tset_traits@HU?$less@H@std@@V?$allocator@H@2@$0A@@std@@@std@@IAEPAU?$_Tree_node@HPAX@1@PAU21@U?$integral_constant@_N$0A@@1@U?$integral_constant@_N$00@1@2H@Z 00452960 f i messageWindow.obj
 0002:000299d0       ??$_Debug_pointer@D@std@@YAXPBDPB_WI@Z 004529d0 f i messageWindow.obj
 0002:00029a40       ??$_Debug_range2@V?$_List_const_iterator@V?$_List_val@U?$_List_simple_types@I@std@@@std@@@std@@@std@@YAXV?$_List_const_iterator@V?$_List_val@U?$_List_simple_types@I@std@@@std@@@0@0PB_WIUinput_iterator_tag@0@@Z 00452a40 f i messageWindow.obj
 0002:00029b00       ??$_Debug_range@V?$_List_const_iterator@V?$_List_val@U?$_List_simple_types@I@std@@@std@@@std@@@std@@YAXV?$_List_const_iterator@V?$_List_val@U?$_List_simple_types@I@std@@@std@@@0@0PB_WI@Z 00452b00 f i messageWindow.obj
 0002:00029c30       ??$_Insert@ABI@?$list@IV?$allocator@I@std@@@std@@QAEXV?$_List_unchecked_const_iterator@V?$_List_val@U?$_List_simple_types@I@std@@@std@@U_Iterator_base0@2@@1@ABI@Z 00452c30 f i messageWindow.obj
 0002:00029d00       ??$_Insert_range@V?$_List_const_iterator@V?$_List_val@U?$_List_simple_types@I@std@@@std@@@std@@@?$list@IV?$allocator@I@std@@@std@@QAEXV?$_List_unchecked_const_iterator@V?$_List_val@U?$_List_simple_types@I@std@@@std@@U_Iterator_base0@2@@1@V?$_List_const_iterator@V?$_List_val@U?$_List_simple_types@I@std@@@std@@@1@1Uforward_iterator_tag@1@@Z 00452d00 f i messageWindow.obj
 0002:00029f60       ??$_Iter_cat@V?$_List_const_iterator@V?$_List_val@U?$_List_simple_types@I@std@@@std@@@std@@@std@@YA?AUbidirectional_iterator_tag@0@ABV?$_List_const_iterator@V?$_List_val@U?$_List_simple_types@I@std@@@std@@@0@@Z 00452f60 f i messageWindow.obj
 0002:00029fe0       ??$addressof@$$CBVclientIPC@@@std@@YAPBVclientIPC@@ABV1@@Z 00452fe0 f i messageWindow.obj
 0002:0002a020       ??$addressof@D@std@@YAPADAAD@Z 00453020 f i messageWindow.obj
 0002:0002a060       ??$construct@HAAH@?$_Wrap_alloc@V?$allocator@U?$_Tree_node@HPAX@std@@@std@@@std@@QAEXPAHAAH@Z 00453060 f i messageWindow.obj
 0002:0002a0d0       ??$construct@HAAH@?$allocator@U?$_Tree_node@HPAX@std@@@std@@QAEXPAHAAH@Z 004530d0 f i messageWindow.obj
 0002:0002a1d0       ??$construct@HAAH@?$allocator_traits@V?$allocator@U?$_Tree_node@HPAX@std@@@std@@@std@@SAXAAV?$allocator@U?$_Tree_node@HPAX@std@@@1@PAHAAH@Z 004531d0 f i messageWindow.obj
 0002:0002a230       ??$construct@IABI@?$_Wrap_alloc@V?$allocator@U?$_List_node@IPAX@std@@@std@@@std@@QAEXPAIABI@Z 00453230 f i messageWindow.obj
 0002:0002a2a0       ??$construct@IABI@?$allocator@U?$_List_node@IPAX@std@@@std@@QAEXPAIABI@Z 004532a0 f i messageWindow.obj
 0002:0002a3a0       ??$construct@IABI@?$allocator_traits@V?$allocator@U?$_List_node@IPAX@std@@@std@@@std@@SAXAAV?$allocator@U?$_List_node@IPAX@std@@@1@PAIABI@Z 004533a0 f i messageWindow.obj
 0002:0002a400       ??$construct@PADAAPAD@?$_Wrap_alloc@V?$allocator@D@std@@@std@@QAEXPAPADAAPAD@Z 00453400 f i messageWindow.obj
 0002:0002a470       ??$construct@PADAAPAD@?$allocator@D@std@@QAEXPAPADAAPAD@Z 00453470 f i messageWindow.obj
 0002:0002a570       ??$construct@PADAAPAD@?$allocator_traits@V?$allocator@D@std@@@std@@SAXAAV?$allocator@D@1@PAPADAAPAD@Z 00453570 f i messageWindow.obj
 0002:0002a5d0       ??$destroy@PAD@?$_Wrap_alloc@V?$allocator@D@std@@@std@@QAEXPAPAD@Z 004535d0 f i messageWindow.obj
 0002:0002a630       ??$destroy@PAD@?$allocator@D@std@@QAEXPAPAD@Z 00453630 f i messageWindow.obj
 0002:0002a670       ??$destroy@PAD@?$allocator_traits@V?$allocator@D@std@@@std@@SAXAAV?$allocator@D@1@PAPAD@Z 00453670 f i messageWindow.obj
 0002:0002a6c0       ??$destroy@PAU?$_List_node@VclientIPC@@PAX@std@@@?$_Wrap_alloc@V?$allocator@U?$_List_node@VclientIPC@@PAX@std@@@std@@@std@@QAEXPAPAU?$_List_node@VclientIPC@@PAX@1@@Z 004536c0 f i messageWindow.obj
 0002:0002a720       ??$destroy@PAU?$_List_node@VclientIPC@@PAX@std@@@?$allocator@U?$_List_node@VclientIPC@@PAX@std@@@std@@QAEXPAPAU?$_List_node@VclientIPC@@PAX@1@@Z 00453720 f i messageWindow.obj
 0002:0002a760       ??$destroy@PAU?$_List_node@VclientIPC@@PAX@std@@@?$allocator_traits@V?$allocator@U?$_List_node@VclientIPC@@PAX@std@@@std@@@std@@SAXAAV?$allocator@U?$_List_node@VclientIPC@@PAX@std@@@1@PAPAU?$_List_node@VclientIPC@@PAX@1@@Z 00453760 f i messageWindow.obj
 0002:0002a7b0       ??$destroy@VclientIPC@@@?$_Wrap_alloc@V?$allocator@U?$_List_node@VclientIPC@@PAX@std@@@std@@@std@@QAEXPAVclientIPC@@@Z 004537b0 f i messageWindow.obj
 0002:0002a810       ??$destroy@VclientIPC@@@?$allocator@U?$_List_node@VclientIPC@@PAX@std@@@std@@QAEXPAVclientIPC@@@Z 00453810 f i messageWindow.obj
 0002:0002a850       ??$destroy@VclientIPC@@@?$allocator_traits@V?$allocator@U?$_List_node@VclientIPC@@PAX@std@@@std@@@std@@SAXAAV?$allocator@U?$_List_node@VclientIPC@@PAX@std@@@1@PAVclientIPC@@@Z 00453850 f i messageWindow.obj
 0002:0002a8a0       ??$forward@AAH@std@@YAAAHAAH@Z 004538a0 f i messageWindow.obj
 0002:0002a8e0       ??$forward@AAPAD@std@@YAAAPADAAPAD@Z 004538e0 f i messageWindow.obj
 0002:0002a920       ??$forward@ABI@std@@YAABIABI@Z 00453920 f i messageWindow.obj
 0002:0002a960       ??$insert@V?$_List_const_iterator@V?$_List_val@U?$_List_simple_types@I@std@@@std@@@std@@@?$list@IV?$allocator@I@std@@@std@@QAE?AV?$_List_iterator@V?$_List_val@U?$_List_simple_types@I@std@@@std@@@1@V?$_List_const_iterator@V?$_List_val@U?$_List_simple_types@I@std@@@std@@@1@00@Z 00453960 f i messageWindow.obj
 0002:0002adb0       ??0?$_Iterator012@Ubidirectional_iterator_tag@std@@IHPBIABIU_Iterator_base12@2@@std@@QAE@ABU01@@Z 00453db0 f i messageWindow.obj
[...]
 0005:00000cd8       __imp_?slotOffset@QMetaObject@@QBEHXZ 004a6cd8     qt-mt323:qt-mt323.dll
 0005:00000cdc       __imp_?new_metaobject@QMetaObject@@SAPAV1@PBDPAV1@QBUQMetaData@@H2HQBVQMetaProperty@@HQBUQMetaEnum@@HQBUQClassInfo@@H@Z 004a6cdc     qt-mt323:qt-mt323.dll
 0005:00000ce0       __imp_??0QMetaObjectCleanUp@@QAE@PBDP6APAVQMetaObject@@XZ@Z 004a6ce0     qt-mt323:qt-mt323.dll
 0005:00000ce4       __imp_??1QMetaObjectCleanUp@@QAE@XZ 004a6ce4     qt-mt323:qt-mt323.dll
 0005:00000ce8       __imp_?setMetaObject@QMetaObjectCleanUp@@QAEXAAPAVQMetaObject@@@Z 004a6ce8     qt-mt323:qt-mt323.dll
 0005:00000cec       __imp_?translate@QApplication@@QBE?AVQString@@PBD00W4Encoding@1@@Z 004a6cec     qt-mt323:qt-mt323.dll
 0005:00000cf0       __imp_?qt_cast@QMainWindow@@UAEPAXPBD@Z 004a6cf0     qt-mt323:qt-mt323.dll
 0005:00000cf4       __imp_?qt_invoke@QMainWindow@@UAE_NHPAUQUObject@@@Z 004a6cf4     qt-mt323:qt-mt323.dll
 0005:00000cf8       __imp_?qt_emit@QMainWindow@@UAE_NHPAUQUObject@@@Z 004a6cf8     qt-mt323:qt-mt323.dll
 0005:00000cfc       __imp_?qt_property@QMainWindow@@UAE_NHHPAVQVariant@@@Z 004a6cfc     qt-mt323:qt-mt323.dll
 0005:00000d00       __imp_?staticMetaObject@QMainWindow@@SAPAVQMetaObject@@XZ 004a6d00     qt-mt323:qt-mt323.dll
 0005:00000d04       __imp_?get@QUType_ptr@@QAEAAPAXPAUQUObject@@@Z 004a6d04     qt-mt323:qt-mt323.dll
 0005:00000d08       __imp_?get@QUType_bool@@QAEAA_NPAUQUObject@@@Z 004a6d08     qt-mt323:qt-mt323.dll
 0005:00000d0c       __imp_?get@QUType_QString@@QAEAAVQString@@PAUQUObject@@@Z 004a6d0c     qt-mt323:qt-mt323.dll
 0005:00000d10       __imp_?static_QUType_ptr@@3UQUType_ptr@@A 004a6d10     qt-mt323:qt-mt323.dll
 0005:00000d14       __imp_?static_QUType_bool@@3UQUType_bool@@A 004a6d14     qt-mt323:qt-mt323.dll
 0005:00000d18       __imp_?static_QUType_QString@@3UQUType_QString@@A 004a6d18     qt-mt323:qt-mt323.dll
 0005:00000d1c       __imp_??0QString@@QAE@ABV0@@Z 004a6d1c     qt-mt323:qt-mt323.dll
 0005:00000d20       __imp_?signalsBlocked@QObject@@QBE_NXZ 004a6d20     qt-mt323:qt-mt323.dll
 0005:00000d24       __imp_?receivers@QObject@@IBEPAVQConnectionList@@H@Z 004a6d24     qt-mt323:qt-mt323.dll
 0005:00000d28       __imp_?activate_signal@QObject@@IAEXHVQString@@@Z 004a6d28     qt-mt323:qt-mt323.dll
 0005:00000d2c       __imp_?activate_signal_bool@QObject@@IAEXH_N@Z 004a6d2c     qt-mt323:qt-mt323.dll
 0005:00000d30       __imp_?activate_signal@QObject@@IAEXPAVQConnectionList@@PAUQUObject@@@Z 004a6d30     qt-mt323:qt-mt323.dll
 0005:00000d34       __imp_?qt_cast@QSocket@@UAEPAXPBD@Z 004a6d34     qt-mt323:qt-mt323.dll
 0005:00000d38       __imp_?qt_invoke@QSocket@@UAE_NHPAUQUObject@@@Z 004a6d38     qt-mt323:qt-mt323.dll
 0005:00000d3c       __imp_?qt_emit@QSocket@@UAE_NHPAUQUObject@@@Z 004a6d3c     qt-mt323:qt-mt323.dll
 0005:00000d40       __imp_?qt_property@QSocket@@UAE_NHHPAVQVariant@@@Z 004a6d40     qt-mt323:qt-mt323.dll
 0005:00000d44       __imp_?staticMetaObject@QSocket@@SAPAVQMetaObject@@XZ 004a6d44     qt-mt323:qt-mt323.dll
 0005:00000d48       __imp_?signalOffset@QMetaObject@@QBEHXZ 004a6d48     qt-mt323:qt-mt323.dll
 0005:00000d4c       __imp_??0QUObject@@QAE@XZ  004a6d4c     qt-mt323:qt-mt323.dll
 0005:00000d50       __imp_??1QUObject@@QAE@XZ  004a6d50     qt-mt323:qt-mt323.dll
 0005:00000d54       __imp_?set@QUType_ptr@@QAEXPAUQUObject@@PBX@Z 004a6d54     qt-mt323:qt-mt323.dll
 0005:00000d58       __imp_?set@QUType_bool@@QAEXPAUQUObject@@_N@Z 004a6d58     qt-mt323:qt-mt323.dll
 0005:00000d5c       __imp_?set@QUType_int@@QAEXPAUQUObject@@H@Z 004a6d5c     qt-mt323:qt-mt323.dll
 0005:00000d60       __imp_?get@QUType_int@@QAEAAHPAUQUObject@@@Z 004a6d60     qt-mt323:qt-mt323.dll
 0005:00000d64       __imp_?set@QUType_QString@@QAEXPAUQUObject@@ABVQString@@@Z 004a6d64     qt-mt323:qt-mt323.dll
 0005:00000d68       __imp_?static_QUType_int@@3UQUType_int@@A 004a6d68     qt-mt323:qt-mt323.dll
 0005:00000d6c       __imp_?qt_cast@QObject@@UAEPAXPBD@Z 004a6d6c     qt-mt323:qt-mt323.dll
 0005:00000d70       __imp_?qt_invoke@QObject@@UAE_NHPAUQUObject@@@Z 004a6d70     qt-mt323:qt-mt323.dll
 0005:00000d74       __imp_?qt_emit@QObject@@UAE_NHPAUQUObject@@@Z 004a6d74     qt-mt323:qt-mt323.dll
 0005:00000d78       __imp_?qt_property@QObject@@UAE_NHHPAVQVariant@@@Z 004a6d78     qt-mt323:qt-mt323.dll
 0005:00000d7c       __imp_?staticMetaObject@QObject@@SAPAVQMetaObject@@XZ 004a6d7c     qt-mt323:qt-mt323.dll
 0005:00000d80       __imp_?addWidget@QBoxLayout@@QAEXPAVQWidget@@HH@Z 004a6d80     qt-mt323:qt-mt323.dll
 0005:00000d84       __imp_?setResizeMode@QLayout@@QAEXW4ResizeMode@1@@Z 004a6d84     qt-mt323:qt-mt323.dll
 0005:00000d88       __imp_??1QSpacerItem@@UAE@XZ 004a6d88     qt-mt323:qt-mt323.dll
 0005:00000d8c       __imp_??0QSpacerItem@@QAE@HHW4SizeType@QSizePolicy@@0@Z 004a6d8c     qt-mt323:qt-mt323.dll
 0005:00000d90       __imp_?setScaledContents@QLabel@@QAEX_N@Z 004a6d90     qt-mt323:qt-mt323.dll
 0005:00000d94       __imp_??1QLabel@@UAE@XZ    004a6d94     qt-mt323:qt-mt323.dll
 0005:00000d98       __imp_??0QLabel@@QAE@PAVQWidget@@PBDI@Z 004a6d98     qt-mt323:qt-mt323.dll
 0005:00000d9c       __imp_??1QFrame@@UAE@XZ    004a6d9c     qt-mt323:qt-mt323.dll
 0005:00000da0       __imp_?setFrameShadow@QFrame@@QAEXW4Shadow@1@@Z 004a6da0     qt-mt323:qt-mt323.dll
 0005:00000da4       __imp_?setFrameShape@QFrame@@QAEXW4Shape@1@@Z 004a6da4     qt-mt323:qt-mt323.dll
 0005:00000da8       __imp_?mouseMoveEvent@QButton@@MAEXPAVQMouseEvent@@@Z 004a6da8     qt-mt323:qt-mt323.dll
 0005:00000dac       __imp_?mouseDoubleClickEvent@QWidget@@MAEXPAVQMouseEvent@@@Z 004a6dac     qt-mt323:qt-mt323.dll
 0005:00000db0       __imp_?minimumSizeHint@QWidget@@UBE?AVQSize@@XZ 004a6db0     qt-mt323:qt-mt323.dll
 0005:00000db4       __imp_?minimumSizeHint@QLabel@@UBE?AVQSize@@XZ 004a6db4     qt-mt323:qt-mt323.dll
 0005:00000db8       __imp_?minimumSize@QSpacerItem@@UBE?AVQSize@@XZ 004a6db8     qt-mt323:qt-mt323.dll
 0005:00000dbc       __imp_?minimumSize@QBoxLayout@@UBE?AVQSize@@XZ 004a6dbc     qt-mt323:qt-mt323.dll
 0005:00000dc0       __imp_?metric@QWidget@@MBEHH@Z 004a6dc0     qt-mt323:qt-mt323.dll
 0005:00000dc4       __imp_?metaObject@QVBoxLayout@@UBEPAVQMetaObject@@XZ 004a6dc4     qt-mt323:qt-mt323.dll
 0005:00000dc8       __imp_?metaObject@QPushButton@@UBEPAVQMetaObject@@XZ 004a6dc8     qt-mt323:qt-mt323.dll
 0005:00000dcc       __imp_??0QFrame@@QAE@PAVQWidget@@PBDI@Z 004a6dcc     qt-mt323:qt-mt323.dll
 0005:00000dd0       __imp_??1QPushButton@@UAE@XZ 004a6dd0     qt-mt323:qt-mt323.dll
 0005:00000dd4       __imp_??0QPushButton@@QAE@PAVQWidget@@PBD@Z 004a6dd4     qt-mt323:qt-mt323.dll
 0005:00000dd8       __imp_?setSizeGripEnabled@QDialog@@QAEX_N@Z 004a6dd8     qt-mt323:qt-mt323.dll
 0005:00000ddc       __imp_?metaObject@QLabel@@UBEPAVQMetaObject@@XZ 004a6ddc     qt-mt323:qt-mt323.dll
 0005:00000de0       __imp_?metaObject@QHBoxLayout@@UBEPAVQMetaObject@@XZ 004a6de0     qt-mt323:qt-mt323.dll
 0005:00000de4       __imp_?metaObject@QFrame@@UBEPAVQMetaObject@@XZ 004a6de4     qt-mt323:qt-mt323.dll
 0005:00000de8       __imp_?maximumSize@QSpacerItem@@UBE?AVQSize@@XZ 004a6de8     qt-mt323:qt-mt323.dll
 0005:00000dec       __imp_?maximumSize@QBoxLayout@@UBE?AVQSize@@XZ 004a6dec     qt-mt323:qt-mt323.dll
 0005:00000df0       __imp_?leaveEvent@QWidget@@MAEXPAVQEvent@@@Z 004a6df0     qt-mt323:qt-mt323.dll
 0005:00000df4       __imp_?layout@QLayoutItem@@UAEPAVQLayout@@XZ 004a6df4     qt-mt323:qt-mt323.dll
 0005:00000df8       __imp_?layout@QLayout@@UAEPAV1@XZ 004a6df8     qt-mt323:qt-mt323.dll
 0005:00000dfc       __imp_?keyReleaseEvent@QWidget@@MAEXPAVQKeyEvent@@@Z 004a6dfc     qt-mt323:qt-mt323.dll
 0005:00000e00       __imp_?keyReleaseEvent@QButton@@MAEXPAVQKeyEvent@@@Z 004a6e00     qt-mt323:qt-mt323.dll
 0005:00000e04       __imp_?keyPressEvent@QWidget@@MAEXPAVQKeyEvent@@@Z 004a6e04     qt-mt323:qt-mt323.dll
 0005:00000e08       __imp_?keyPressEvent@QDialog@@MAEXPAVQKeyEvent@@@Z 004a6e08     qt-mt323:qt-mt323.dll
 0005:00000e0c       __imp_?keyPressEvent@QButton@@MAEXPAVQKeyEvent@@@Z 004a6e0c     qt-mt323:qt-mt323.dll
 0005:00000e10       __imp_?iterator@QLayoutItem@@UAE?AVQLayoutIterator@@XZ 004a6e10     qt-mt323:qt-mt323.dll
 0005:00000e14       __imp_?iterator@QBoxLayout@@UAE?AVQLayoutIterator@@XZ 004a6e14     qt-mt323:qt-mt323.dll
 0005:00000e18       __imp_?isEmpty@QSpacerItem@@UBE_NXZ 004a6e18     qt-mt323:qt-mt323.dll
 0005:00000e1c       __imp_?isEmpty@QLayout@@UBE_NXZ 004a6e1c     qt-mt323:qt-mt323.dll
 0005:00000e20       __imp_?invalidate@QLayoutItem@@UAEXXZ 004a6e20     qt-mt323:qt-mt323.dll
 0005:00000e24       __imp_?invalidate@QBoxLayout@@UAEXXZ 004a6e24     qt-mt323:qt-mt323.dll
 0005:00000e28       __imp_?insertChild@QObject@@UAEXPAV1@@Z 004a6e28     qt-mt323:qt-mt323.dll
 0005:00000e2c       __imp_?imStartEvent@QWidget@@MAEXPAVQIMEvent@@@Z 004a6e2c     qt-mt323:qt-mt323.dll
 0005:00000e30       __imp_?imEndEvent@QWidget@@MAEXPAVQIMEvent@@@Z 004a6e30     qt-mt323:qt-mt323.dll
 0005:00000e34       __imp_?imComposeEvent@QWidget@@MAEXPAVQIMEvent@@@Z 004a6e34     qt-mt323:qt-mt323.dll
 0005:00000e38       __imp_?hitButton@QButton@@MBE_NABVQPoint@@@Z 004a6e38     qt-mt323:qt-mt323.dll
 0005:00000e3c       __imp_?hideEvent@QWidget@@MAEXPAVQHideEvent@@@Z 004a6e3c     qt-mt323:qt-mt323.dll
 0005:00000e40       __imp_?hide@QWidget@@UAEXXZ 004a6e40     qt-mt323:qt-mt323.dll
 0005:00000e44       __imp_?hide@QDialog@@UAEXXZ 004a6e44     qt-mt323:qt-mt323.dll
 0005:00000e48       __imp_?heightForWidth@QWidget@@UBEHH@Z 004a6e48     qt-mt323:qt-mt323.dll
 0005:00000e4c       __imp_?heightForWidth@QLayoutItem@@UBEHH@Z 004a6e4c     qt-mt323:qt-mt323.dll
 0005:00000e50       __imp_?heightForWidth@QLabel@@UBEHH@Z 004a6e50     qt-mt323:qt-mt323.dll
 0005:00000e54       __imp_?heightForWidth@QBoxLayout@@UBEHH@Z 004a6e54     qt-mt323:qt-mt323.dll
 0005:00000e58       __imp_?hasHeightForWidth@QLayoutItem@@UBE_NXZ 004a6e58     qt-mt323:qt-mt323.dll
 0005:00000e5c       __imp_?hasHeightForWidth@QBoxLayout@@UBE_NXZ 004a6e5c     qt-mt323:qt-mt323.dll
 0005:00000e60       __imp_?handle@QPaintDevice@@UBEPAUHDC__@@XZ 004a6e60     qt-mt323:qt-mt323.dll
 0005:00000e64       __imp_?geometry@QSpacerItem@@UBE?AVQRect@@XZ 004a6e64     qt-mt323:qt-mt323.dll
 0005:00000e68       __imp_?geometry@QLayout@@UBE?AVQRect@@XZ 004a6e68     qt-mt323:qt-mt323.dll
 0005:00000e6c       __imp_?frameChanged@QFrame@@MAEXXZ 004a6e6c     qt-mt323:qt-mt323.dll
 0005:00000e70       __imp_?fontMet@QPaintDevice@@MBEHPAVQFont@@HPBDH@Z 004a6e70     qt-mt323:qt-mt323.dll
 0005:00000e74       __imp_?fontInf@QPaintDevice@@MBEHPAVQFont@@H@Z 004a6e74     qt-mt323:qt-mt323.dll
 0005:00000e78       __imp_?fontChange@QWidget@@MAEXABVQFont@@@Z 004a6e78     qt-mt323:qt-mt323.dll
 0005:00000e7c       __imp_?fontChange@QLabel@@MAEXABVQFont@@@Z 004a6e7c     qt-mt323:qt-mt323.dll
 0005:00000e80       __imp_?focusOutEvent@QWidget@@MAEXPAVQFocusEvent@@@Z 004a6e80     qt-mt323:qt-mt323.dll
 0005:00000e84       __imp_?focusOutEvent@QPushButton@@MAEXPAVQFocusEvent@@@Z 004a6e84     qt-mt323:qt-mt323.dll
 0005:00000e88       __imp_?focusNextPrevChild@QWidget@@MAE_N_N@Z 004a6e88     qt-mt323:qt-mt323.dll
 0005:00000e8c       __imp_?focusInEvent@QWidget@@MAEXPAVQFocusEvent@@@Z 004a6e8c     qt-mt323:qt-mt323.dll
 0005:00000e90       __imp_?focusInEvent@QPushButton@@MAEXPAVQFocusEvent@@@Z 004a6e90     qt-mt323:qt-mt323.dll
 0005:00000e94       __imp_?expanding@QSpacerItem@@UBE?AW4ExpandData@QSizePolicy@@XZ 004a6e94     qt-mt323:qt-mt323.dll
 0005:00000e98       __imp_?expanding@QBoxLayout@@UBE?AW4ExpandData@QSizePolicy@@XZ 004a6e98     qt-mt323:qt-mt323.dll
 0005:00000e9c       __imp_?eventFilter@QObject@@UAE_NPAV1@PAVQEvent@@@Z 004a6e9c     qt-mt323:qt-mt323.dll
 0005:00000ea0       __imp_?eventFilter@QLayout@@MAE_NPAVQObject@@PAVQEvent@@@Z 004a6ea0     qt-mt323:qt-mt323.dll
 0005:00000ea4       __imp_?eventFilter@QDialog@@MAE_NPAVQObject@@PAVQEvent@@@Z 004a6ea4     qt-mt323:qt-mt323.dll
 0005:00000ea8       __imp_?event@QWidget@@MAE_NPAVQEvent@@@Z 004a6ea8     qt-mt323:qt-mt323.dll
 0005:00000eac       __imp_?event@QObject@@UAE_NPAVQEvent@@@Z 004a6eac     qt-mt323:qt-mt323.dll
 0005:00000eb0       __imp_?enterEvent@QWidget@@MAEXPAVQEvent@@@Z 004a6eb0     qt-mt323:qt-mt323.dll
 0005:00000eb4       __imp_?enabledChange@QWidget@@MAEX_N@Z 004a6eb4     qt-mt323:qt-mt323.dll
 0005:00000eb8       __imp_?enabledChange@QButton@@MAEX_N@Z 004a6eb8     qt-mt323:qt-mt323.dll
 0005:00000ebc       __imp_?dropEvent@QWidget@@MAEXPAVQDropEvent@@@Z 004a6ebc     qt-mt323:qt-mt323.dll
 0005:00000ec0       __imp_?drawFrame@QFrame@@MAEXPAVQPainter@@@Z 004a6ec0     qt-mt323:qt-mt323.dll
 0005:00000ec4       __imp_?drawContents@QLabel@@MAEXPAVQPainter@@@Z 004a6ec4     qt-mt323:qt-mt323.dll
 0005:00000ec8       __imp_?drawContents@QFrame@@MAEXPAVQPainter@@@Z 004a6ec8     qt-mt323:qt-mt323.dll
 0005:00000ecc       __imp_?drawButtonLabel@QPushButton@@MAEXPAVQPainter@@@Z 004a6ecc     qt-mt323:qt-mt323.dll
 0005:00000ed0       __imp_?drawButton@QPushButton@@MAEXPAVQPainter@@@Z 004a6ed0     qt-mt323:qt-mt323.dll
 0005:00000ed4       __imp_?dragMoveEvent@QWidget@@MAEXPAVQDragMoveEvent@@@Z 004a6ed4     qt-mt323:qt-mt323.dll
 0005:00000ed8       __imp_?dragLeaveEvent@QWidget@@MAEXPAVQDragLeaveEvent@@@Z 004a6ed8     qt-mt323:qt-mt323.dll
 0005:00000edc       __imp_?dragEnterEvent@QWidget@@MAEXPAVQDragEnterEvent@@@Z 004a6edc     qt-mt323:qt-mt323.dll
 0005:00000ee0       __imp_?done@QDialog@@MAEXH@Z 004a6ee0     qt-mt323:qt-mt323.dll
 0005:00000ee4       __imp_?disconnectNotify@QObject@@MAEXPBD@Z 004a6ee4     qt-mt323:qt-mt323.dll
 0005:00000ee8       __imp_?destroy@QWidget@@MAEX_N0@Z 004a6ee8     qt-mt323:qt-mt323.dll
 0005:00000eec       __imp_?customWhatsThis@QWidget@@UBE_NXZ 004a6eec     qt-mt323:qt-mt323.dll
 0005:00000ef0       __imp_?customEvent@QObject@@MAEXPAVQCustomEvent@@@Z 004a6ef0     qt-mt323:qt-mt323.dll
 0005:00000ef4       __imp_?create@QWidget@@MAEXPAUHWND__@@_N1@Z 004a6ef4     qt-mt323:qt-mt323.dll
 0005:00000ef8       __imp_?contextMenuEvent@QWidget@@MAEXPAVQContextMenuEvent@@@Z 004a6ef8     qt-mt323:qt-mt323.dll
 0005:00000efc       __imp_?contextMenuEvent@QDialog@@MAEXPAVQContextMenuEvent@@@Z 004a6efc     qt-mt323:qt-mt323.dll
 0005:00000f00       __imp_?connectNotify@QObject@@MAEXPBD@Z 004a6f00     qt-mt323:qt-mt323.dll
 0005:00000f04       __imp_?cmd@QPaintDevice@@MAE_NHPAVQPainter@@PATQPDevCmdParam@@@Z 004a6f04     qt-mt323:qt-mt323.dll
 0005:00000f08       __imp_?closeEvent@QWidget@@MAEXPAVQCloseEvent@@@Z 004a6f08     qt-mt323:qt-mt323.dll
 0005:00000f0c       __imp_?closeEvent@QDialog@@MAEXPAVQCloseEvent@@@Z 004a6f0c     qt-mt323:qt-mt323.dll
 0005:00000f10       __imp_?close@QWidget@@UAE_N_N@Z 004a6f10     qt-mt323:qt-mt323.dll
 0005:00000f14       __imp_?className@QVBoxLayout@@UBEPBDXZ 004a6f14     qt-mt323:qt-mt323.dll
 0005:00000f18       __imp_?className@QPushButton@@UBEPBDXZ 004a6f18     qt-mt323:qt-mt323.dll
 0005:00000f1c       __imp_?className@QLabel@@UBEPBDXZ 004a6f1c     qt-mt323:qt-mt323.dll
 0005:00000f20       __imp_?className@QHBoxLayout@@UBEPBDXZ 004a6f20     qt-mt323:qt-mt323.dll
 0005:00000f24       __imp_?className@QFrame@@UBEPBDXZ 004a6f24     qt-mt323:qt-mt323.dll
 0005:00000f28       __imp_?childEvent@QObject@@MAEXPAVQChildEvent@@@Z 004a6f28     qt-mt323:qt-mt323.dll
 0005:00000f2c       __imp_?childEvent@QLayout@@MAEXPAVQChildEvent@@@Z 004a6f2c     qt-mt323:qt-mt323.dll
 0005:00000f30       __imp_?checkConnectArgs@QObject@@MAE_NPBDPBV1@0@Z 004a6f30     qt-mt323:qt-mt323.dll
 0005:00000f34       __imp_?adjustSize@QWidget@@UAEXXZ 004a6f34     qt-mt323:qt-mt323.dll
 0005:00000f38       __imp_?addItem@QBoxLayout@@UAEXPAVQLayoutItem@@@Z 004a6f38     qt-mt323:qt-mt323.dll
 0005:00000f3c       __imp_?accept@QDialog@@MAEXXZ 004a6f3c     qt-mt323:qt-mt323.dll
 0005:00000f40       __imp_??1QVBoxLayout@@UAE@XZ 004a6f40     qt-mt323:qt-mt323.dll
 0005:00000f44       __imp_??0QVBoxLayout@@QAE@PAVQWidget@@HHPBD@Z 004a6f44     qt-mt323:qt-mt323.dll
 0005:00000f48       __imp_?minimumSizeHint@QDialog@@UBE?AVQSize@@XZ 004a6f48     qt-mt323:qt-mt323.dll
 0005:00000f4c       __imp_?resize@QDialog@@QAEXABVQSize@@@Z 004a6f4c     qt-mt323:qt-mt323.dll
 0005:00000f50       __imp_??1QDialog@@UAE@XZ   004a6f50     qt-mt323:qt-mt323.dll
 0005:00000f54       __imp_??0QDialog@@QAE@PAVQWidget@@PBD_NI@Z 004a6f54     qt-mt323:qt-mt323.dll
 0005:00000f58       __imp_?clearWState@QWidget@@IAEXI@Z 004a6f58     qt-mt323:qt-mt323.dll
 0005:00000f5c       __imp_?setMinimumSize@QWidget@@QAEXABVQSize@@@Z 004a6f5c     qt-mt323:qt-mt323.dll
 0005:00000f60       __imp_?setName@QWidget@@UAEXPBD@Z 004a6f60     qt-mt323:qt-mt323.dll
 0005:00000f64       __imp_?hasHeightForWidth@QSizePolicy@@QBE_NXZ 004a6f64     qt-mt323:qt-mt323.dll
 0005:00000f68       __imp_??0QSizePolicy@@QAE@W4SizeType@0@0EE_N@Z 004a6f68     qt-mt323:qt-mt323.dll
 0005:00000f6c       __imp_?connect@QObject@@SA_NPBV1@PBD01@Z 004a6f6c     qt-mt323:qt-mt323.dll
 0005:00000f70       __imp_??1QPixmap@@UAE@XZ   004a6f70     qt-mt323:qt-mt323.dll
 0005:00000f74       __imp_??0QPixmap@@QAE@QAPBD@Z 004a6f74     qt-mt323:qt-mt323.dll
 0005:00000f78       __imp_??0QColor@@QAE@HHH@Z 004a6f78     qt-mt323:qt-mt323.dll
 0005:00000f7c       __imp_?expandedTo@QSize@@QBE?AV1@ABV1@@Z 004a6f7c     qt-mt323:qt-mt323.dll
 0005:00000f80       __imp_??0QSize@@QAE@HH@Z   004a6f80     qt-mt323:qt-mt323.dll
 0005:00000f84       __imp_??1QString@@QAE@XZ   004a6f84     qt-mt323:qt-mt323.dll
 0005:00000f88       __imp_??1QHBoxLayout@@UAE@XZ 004a6f88     qt-mt323:qt-mt323.dll
 0005:00000f8c       __imp_?qt_invoke@QWidget@@UAE_NHPAUQUObject@@@Z 004a6f8c     qt-mt323:qt-mt323.dll
 0005:00000f90       __imp_??0QHBoxLayout@@QAE@PAVQWidget@@HHPBD@Z 004a6f90     qt-mt323:qt-mt323.dll
 0005:00000f94       __imp_?polish@QTextEdit@@UAEXXZ 004a6f94     qt-mt323:qt-mt323.dll
 0005:00000f98       __imp_?deleteData@QGArray@@MAEXPAUarray_data@1@@Z 004a6f98     qt-mt323:qt-mt323.dll
 0005:00000f9c       __imp_?newData@QGArray@@MAEPAUarray_data@1@XZ 004a6f9c     qt-mt323:qt-mt323.dll
 0005:00000fa0       __imp_??1QGArray@@MAE@XZ   004a6fa0     qt-mt323:qt-mt323.dll
 0005:00000fa4       __imp_?qWinMain@@YAXPAUHINSTANCE__@@0PADHAAHAAV?$QMemArray@PAD@@@Z 004a6fa4     qt-mt323:qt-mt323.dll
 0005:00000fa8       __imp_??0QGArray@@IAE@H@Z  004a6fa8     qt-mt323:qt-mt323.dll
 0005:00000fac       __imp_?duplicate@QGArray@@IAEAAV1@ABV1@@Z 004a6fac     qt-mt323:qt-mt323.dll
 0005:00000fb0       __imp_??_7?$QMemArray@H@@6B@ 004a6fb0     qt-mt323:qt-mt323.dll
 0005:00000fb4       __imp_??_7?$QMemArray@_N@@6B@ 004a6fb4     qt-mt323:qt-mt323.dll
 0005:00000fb8       __imp_??_7?$QMemArray@D@@6B@ 004a6fb8     qt-mt323:qt-mt323.dll
 0005:00000fbc       __imp_??_7?$QMemArray@VQPoint@@@@6B@ 004a6fbc     qt-mt323:qt-mt323.dll
 0005:00000fc0       __imp_??_7?$QPtrList@D@@6B@ 004a6fc0     qt-mt323:qt-mt323.dll
 0005:00000fc4       __imp_??_7?$QPtrList@VQObject@@@@6B@ 004a6fc4     qt-mt323:qt-mt323.dll
 0005:00000fc8       __imp_??_7?$QPtrList@VQWidget@@@@6B@ 004a6fc8     qt-mt323:qt-mt323.dll
 0005:00000fcc       \177qt-mt323_NULL_THUNK_DATA 004a6fcc     qt-mt323:qt-mt323.dll
 0005:0000125c       __IMPORT_DESCRIPTOR_BNCSIF32 004a725c     bncsif32:BNCSIF32.dll
 0005:00001270       __IMPORT_DESCRIPTOR_WSOCK32 004a7270     wsock32:WSOCK32.dll
 0005:00001284       __IMPORT_DESCRIPTOR_qt-mt323 004a7284     qt-mt323:qt-mt323.dll
 0005:00001298       __IMPORT_DESCRIPTOR_KERNEL32 004a7298     kernel32:KERNEL32.dll
 0005:000012ac       __IMPORT_DESCRIPTOR_USER32 004a72ac     user32:USER32.dll
 0005:000012c0       __IMPORT_DESCRIPTOR_ADVAPI32 004a72c0     advapi32:ADVAPI32.dll
 0005:000012d4       __IMPORT_DESCRIPTOR_MSVCR120D 004a72d4     MSVCRTD:MSVCR120D.dll
 0005:000012e8       __IMPORT_DESCRIPTOR_MSVCP120D 004a72e8     msvcprtd:MSVCP120D.dll
 0005:000012fc       __IMPORT_DESCRIPTOR_VERSION 004a72fc     version:VERSION.dll
 0005:00001310       __NULL_IMPORT_DESCRIPTOR   004a7310     bncsif32:BNCSIF32.dll
