 V3CapLogDB

 Timestamp is 5e9db90e (Mon Apr 20 16:00:30 2020)

 Preferred load address is 00400000

 Start         Length     Name                   Class
 0001:00000000 00017b95H .textbss                DATA
 0002:00000000 0000281aH .text                   CODE
 0002:00002820 00001c8cH .text$di                CODE
 0002:000044b0 0002e41cH .text$mn                CODE
 0002:000328d0 00002877H .text$x                 CODE
 0002:00035150 00001232H .text$yd                CODE
 0003:00000000 00000104H .CRT$XCA                DATA
 0003:00000104 00000104H .CRT$XCAA               DATA
 0003:00000208 000001dfH .CRT$XCU                DATA
 0003:000003e8 00000104H .CRT$XCZ                DATA
 0003:000004ec 00000104H .CRT$XIA                DATA
 0003:000005f0 00000104H .CRT$XIAA               DATA
 0003:000006f4 00000104H .CRT$XIC                DATA
 0003:000007f8 00000104H .CRT$XIY                DATA
 0003:000008fc 00000104H .CRT$XIZ                DATA
 0003:00000a00 00004d15H .rdata                  DATA
 0003:00005718 0000016eH .rdata$debug            DATA
 0003:00005888 0000043cH .rdata$r                DATA
 0003:00005cc4 00000104H .rtc$IAA                DATA
 0003:00005dc8 00000156H .rtc$IMZ                DATA
 0003:00005f20 00000104H .rtc$IZZ                DATA
 0003:00006024 00000104H .rtc$TAA                DATA
 0003:00006128 00000156H .rtc$TMZ                DATA
 0003:00006280 00000104H .rtc$TZZ                DATA
 0003:00006388 000018ebH .xdata$x                DATA
 0003:00007c73 00000000H .edata                  DATA
 0004:00000000 0000027cH .data                   DATA
 0004:0000027c 00000262H .data$r                 DATA
 0004:000004e0 0000dec8H .bss                    DATA
 0005:00000000 000005bcH .idata$5                DATA
 0005:000005bc 000000c8H .idata$2                DATA
 0005:00000684 00000014H .idata$3                DATA
 0005:00000698 000005bcH .idata$4                DATA
 0005:00000c54 000010feH .idata$6                DATA
 0006:00000000 00000400H .rsrc$01                DATA
 0006:00000400 000057f6H .rsrc$02                DATA

  Address         Publics by Value              Rva+Base       Lib:Object

 0000:00000000       ___guard_fids_count        00000000     <absolute>
 0000:00000000       __except_list              00000000     <absolute>
 0000:00000000       ___safe_se_handler_table   00000000     <absolute>
 0000:00000000       ___guard_fids_table        00000000     <absolute>
 0000:00000000       ___guard_flags             00000000     <absolute>
 0000:00000000       ___safe_se_handler_count   00000000     <absolute>
 0000:00009876       __ldused                   00009876     <absolute>
 0000:00009876       __fltused                  00009876     <absolute>
 0000:00000000       ___ImageBase               00400000     <linker-defined>
 0001:00000000       __enc$textbss$begin        00401000     <linker-defined>
 0001:00017b95       __enc$textbss$end          00418b95     <linker-defined>
 0002:00002369       _HtmlHelpA@16              0041b369 f   htmlhelp:init.obj
 0002:0000249e       _HtmlHelpW@16              0041b49e f   htmlhelp:init.obj
 0002:000044b0       _GetBNCSConfigDirectory    0041d4b0 f   bncs_gcd.obj
 0002:00004660       _GetBNCSSystemDirectory    0041d660 f   bncs_gcd.obj
 0002:00004810       _GetBNCSTempDirectory      0041d810 f   bncs_gcd.obj
 0002:000049b0       _GetV4Directory            0041d9b0 f   bncs_gcd.obj
 0002:00004bf0       ?About_AboutDialogProc@@YGJPAUHWND__@@GIJ@Z 0041dbf0 f   MRABOUT.obj
 0002:00004d50       ?About_About@@YAXXZ        0041dd50 f   MRABOUT.obj
 0002:00004db0       ?About_Path@@YAXXZ         0041ddb0 f   MRABOUT.obj
 0002:00004e90       ?DefaultAdaptor_Path@@YAXXZ 0041de90 f   MRABOUT.obj
 0002:00005070       _hypot                     0041e070 f i MRABOUT.obj
 0002:000050f0       ?CSCmd_InfoRevertive@@YAXPAD@Z 0041e0f0 f   Mrcmd.obj
 0002:000053e0       ?CSCmd_GPIRevertive@@YAXPAD@Z 0041e3e0 f   Mrcmd.obj
 0002:00005640       ?CSCmd_NetAttention@@YAXPAD@Z 0041e640 f   Mrcmd.obj
 0002:00005690       ?CSCmd_NetBroken@@YAXPAD@Z 0041e690 f   Mrcmd.obj
 0002:000056e0       ?CSCmd_NetClose@@YAXPAD@Z  0041e6e0 f   Mrcmd.obj
 0002:00005730       ?CSCmd_NetDisable@@YAXPAD@Z 0041e730 f   Mrcmd.obj
 0002:00005780       ?CSCmd_NetEnable@@YAXPAD@Z 0041e780 f   Mrcmd.obj
 0002:000057d0       ?CSCmd_NetInquire@@YAXPAD@Z 0041e7d0 f   Mrcmd.obj
 0002:00005820       ?CSCmd_NetLoopbackTest@@YAXPAD@Z 0041e820 f   Mrcmd.obj
 0002:00005870       ?CSCmd_NetObject@@YAXPAD@Z 0041e870 f   Mrcmd.obj
 0002:000058c0       ?CSCmd_NetRestart@@YAXPAD@Z 0041e8c0 f   Mrcmd.obj
 0002:00005910       ?CSCmd_NetStatus@@YAXPAD@Z 0041e910 f   Mrcmd.obj
 0002:000059a0       ?CSCmd_RtrDatabase@@YAXPAD@Z 0041e9a0 f   Mrcmd.obj
 0002:00005a30       ?CSCmd_RtrRevertive@@YAXPAD@Z 0041ea30 f   Mrcmd.obj
 0002:00005c80       ?CSCmd_TimeService@@YAXPAD@Z 0041ec80 f   Mrcmd.obj
 0002:00005e30       ?CSCmd_UniRevertive@@YAXPADH@Z 0041ee30 f   Mrcmd.obj
 0002:000067c0       ?CSCmd_Heartbeat@@YAXPADH_N@Z 0041f7c0 f   Mrcmd.obj
 0002:00006c30       ?CSCmd_HB@@YAHPBEHK@Z      0041fc30 f   Mrcmd.obj
 0002:00007450       ?MRDialog_DialogProc@@YGJPAUHWND__@@GIJ@Z 00420450 f   mrdialog.obj
 0002:00007640       ?MRDialog_Init@@YAXXZ      00420640 f   mrdialog.obj
 0002:000076d0       ?MRDialog_InitDialog@@YAXXZ 004206d0 f   mrdialog.obj
 0002:00007840       ?MRDialog_Closedown@@YAXXZ 00420840 f   mrdialog.obj
 0002:000078b0       ?MRDialog_LineSelected@@YAXXZ 004208b0 f   mrdialog.obj
 0002:00007940       ?MRDialog_StatusChange@@YAXXZ 00420940 f   mrdialog.obj
 0002:000079e0       ?MRDialog_EnableAll@@YAXH@Z 004209e0 f   mrdialog.obj
 0002:00007a60       ?MRDialog_Update@@YAXXZ    00420a60 f   mrdialog.obj
 0002:00007b90       ?MRDialog_Load@@YAXXZ      00420b90 f   mrdialog.obj
 0002:00007ec0       ?MRDialog_Save@@YAXXZ      00420ec0 f   mrdialog.obj
 0002:00008200       ?IacSup_Init@@YAHXZ        00421200 f   MRIACSUP.obj
 0002:00008920       ?IacSup_NetSend@@YAHPAD0H@Z 00421920 f   MRIACSUP.obj
 0002:00008a00       ?IacSup_ReplaceNCB@@YAHPAU_NCB@@0@Z 00421a00 f   MRIACSUP.obj
 0002:00008a80       ?IacSup_Closedown@@YAXXZ   00421a80 f   MRIACSUP.obj
 0002:00008b00       ?IacSup_NetReset@@YAXXZ    00421b00 f   MRIACSUP.obj
 0002:00008ea0       _WinMain@16                00421ea0 f   Mrmain.obj
 0002:00009180       ?InitMsgwnd@@YAHPAUHINSTANCE__@@@Z 00422180 f   Mrmain.obj
 0002:000097b0       ?MsgwndWndProc@@YGJPAUHWND__@@GIJ@Z 004227b0 f   Mrmain.obj
 0002:0000a8e0       ?ClearKeep@@YAXXZ          004238e0 f   Mrmain.obj
 0002:0000a9a0       ?Main_Init@@YAXXZ          004239a0 f   Mrmain.obj
 0002:0000ae40       ?Main_Closedown@@YAXXZ     00423e40 f   Mrmain.obj
 0002:0000af40       ?Scroll_Init@@YAXPAUHWND__@@@Z 00423f40 f   Mrmain.obj
 0002:0000b0d0       ?SetupScroll@@YAXPAUHWND__@@@Z 004240d0 f   Mrmain.obj
 0002:0000b220       ?MsgwndPaint@@YAXPAUHWND__@@@Z 00424220 f   Mrmain.obj
 0002:0000b930       ?ScrollPrint@@YAXPAUHWND__@@PAD@Z 00424930 f   Mrmain.obj
 0002:0000bc10       ?Main_WM_SIZE@@YAXPAUHWND__@@J@Z 00424c10 f   Mrmain.obj
 0002:0000bc80       ?SaveWinCoordinates@@YAXXZ 00424c80 f   Mrmain.obj
 0002:0000beb0       ?Main_Scroll@@YAXPAUHWND__@@I@Z 00424eb0 f   Mrmain.obj
 0002:0000c140       ?Main_OpenLog@@YAXXZ       00425140 f   Mrmain.obj
 0002:0000c4a0       ?Main_WriteLog@@YAXPAD@Z   004254a0 f   Mrmain.obj
 0002:0000c800       ?Main_CloseLog@@YAXXZ      00425800 f   Mrmain.obj
 0002:0000c8c0       ?Main_ErrorLog@@YAXPAD@Z   004258c0 f   Mrmain.obj
 0002:0000cae0       ?Main_Decode@@YAXPADHH@Z   00425ae0 f   Mrmain.obj
 0002:0000cef0       ?Main_WriteCmds@@YAXPADH@Z 00425ef0 f   Mrmain.obj
 0002:0000d260       ?Main_ToggleCaption@@YAXXZ 00426260 f   Mrmain.obj
 0002:0000d420       ?Main_WatchDog@@YAXXZ      00426420 f   Mrmain.obj
 0002:0000d590       ?Main_Analyse@@YAXXZ       00426590 f   Mrmain.obj
 0002:0000d910       ?Main_WritePacketData@@YAXEPADG@Z 00426910 f   Mrmain.obj
 0002:0000da40       ?Main_EvaluateIsFiltered@@YAXXZ 00426a40 f   Mrmain.obj
 0002:0000dbf0       ?DoHelp@@YAXXZ             00426bf0 f   Mrmain.obj
 0002:0000dd10       ?showAlwaysOnTopSetting@@YAXXZ 00426d10 f   Mrmain.obj
 0002:0000dd90       ?showPacketSerialSetting@@YAXXZ 00426d90 f   Mrmain.obj
 0002:0000de40       ?showURSetting@@YAXXZ      00426e40 f   Mrmain.obj
 0002:0000def0       ?showHeartbeatsSetting@@YAXXZ 00426ef0 f   Mrmain.obj
 0002:0000dfa0       ?showNMessageSetting@@YAXXZ 00426fa0 f   Mrmain.obj
 0002:0000e050       ?showPacketRecoverySetting@@YAXXZ 00427050 f   Mrmain.obj
 0002:0000e110       ?messageRewriterAvailable@@YAXXZ 00427110 f   Mrmain.obj
 0002:0000e2a0       ?enablePacketRecoveryListen@@YAXXZ 004272a0 f   Mrmain.obj
 0002:0000e2d0       ?disablePacketRecoveryListen@@YAXXZ 004272d0 f   Mrmain.obj
 0002:0000e300       ?showMessageRewriterExternalSetting@@YAXXZ 00427300 f   Mrmain.obj
 0002:0000e3c0       ?enableMessageRewriterExternal@@YAXXZ 004273c0 f   Mrmain.obj
 0002:0000e560       ?disableMessageRewriterExternal@@YAXXZ 00427560 f   Mrmain.obj
 0002:0000e5f0       ?editMessageRewriterExternal@@YAXXZ 004275f0 f   Mrmain.obj
 0002:0000e670       ?MainToggleDoubleClick@@YAXXZ 00427670 f   Mrmain.obj
 0002:0000e720       ?IsV4Directory@@YAHXZ      00427720 f   Mrmain.obj
 0002:0000fe10       ?strchr@@YAPADPADH@Z       00428e10 f i Mrmain.obj
 0002:0000fe70       ?strstr@@YAPADPADPBD@Z     00428e70 f i Mrmain.obj
 0002:0000fed0       ?NetMsg_Message@@YAHIJ@Z   00428ed0 f   MRNETMSG.obj
 0002:0000ff40       ?NetMsg_ReceiveDG@@YAXPAU_NCB@@@Z 00428f40 f   MRNETMSG.obj
 0002:00010010       ?NetMsg_SendDG@@YAXPAU_NCB@@@Z 00429010 f   MRNETMSG.obj
 0002:00010080       ?NetMsg_pktRecDecode@@YAXPBEH@Z 00429080 f   MRNETMSG.obj
 0002:00010630       ?Packet_DialogProc@@YGJPAUHWND__@@GIJ@Z 00429630 f   mrpktdlg.obj
 0002:000107e0       ?Packet_Init@@YAXXZ        004297e0 f   mrpktdlg.obj
 0002:00010890       ?Packet_InitDialog@@YAXXZ  00429890 f   mrpktdlg.obj
 0002:00010a20       ?Packet_SelectPacket@@YAXXZ 00429a20 f   mrpktdlg.obj
 0002:00010ae0       ?Packet_SelectNext@@YAXXZ  00429ae0 f   mrpktdlg.obj
 0002:00010b30       ?Packet_SelectPrevious@@YAXXZ 00429b30 f   mrpktdlg.obj
 0002:00010b80       ?Packet_SelectFile@@YAXXZ  00429b80 f   mrpktdlg.obj
 0002:00010e30       ?Packet_Closedown@@YAXXZ   00429e30 f   mrpktdlg.obj
 0002:00010ed0       ?Packet_Display@@YAXXZ     00429ed0 f   mrpktdlg.obj
 0002:00011360       ?Packet_StartReplay@@YAXXZ 0042a360 f   mrpktdlg.obj
 0002:00011520       ?Packet_StopReplay@@YAXXZ  0042a520 f   mrpktdlg.obj
 0002:00011680       ?Packet_ReplayCmds@@YAXXZ  0042a680 f   mrpktdlg.obj
 0002:000117b0       ?Packet_ReplayRevs@@YAXXZ  0042a7b0 f   mrpktdlg.obj
 0002:000118e0       ?Packet_ReplayPackets@@YAXXZ 0042a8e0 f   mrpktdlg.obj
 0002:00011b80       ?Packet_SingleStep@@YAXXZ  0042ab80 f   mrpktdlg.obj
 0002:00012120       ?Prof_Init@@YAXXZ          0042b120 f   MRPROF.obj
 0002:00012cf0       ?Prof_ReadFilter@@YAXPBDPAH@Z 0042bcf0 f   MRPROF.obj
 0002:000131f0       ?Prof_WriteFilter@@YAXPBDPAH@Z 0042c1f0 f   MRPROF.obj
 0002:000138e0       ??$?0AAV?$_Tree_iterator@V?$_Tree_val@U?$_Tree_simple_types@U?$pair@$$CBV?$basic_string@DU?$char_traits@D@std@@V?$allocator@D@2@@std@@V12@@std@@@std@@@std@@@std@@_NX@?$pair@V?$_Tree_iterator@V?$_Tree_val@U?$_Tree_simple_types@U?$pair@$$CBV?$basic_string@DU?$char_traits@D@std@@V?$allocator@D@2@@std@@V12@@std@@@std@@@std@@@std@@_N@std@@QAE@AAV?$_Tree_iterator@V?$_Tree_val@U?$_Tree_simple_types@U?$pair@$$CBV?$basic_string@DU?$char_traits@D@std@@V?$allocator@D@2@@std@@V12@@std@@@std@@@std@@@1@$$QA_N@Z 0042c8e0 f i MRPROF.obj
 0002:000139b0       ??$?0U?$_Tree_node@U?$pair@$$CBV?$basic_string@DU?$char_traits@D@std@@V?$allocator@D@2@@std@@V12@@std@@PAX@std@@@?$allocator@U_Container_proxy@std@@@std@@QAE@ABV?$allocator@U?$_Tree_node@U?$pair@$$CBV?$basic_string@DU?$char_traits@D@std@@V?$allocator@D@2@@std@@V12@@std@@PAX@std@@@1@@Z 0042c9b0 f i MRPROF.obj
 0002:000139f0       ??$?0U?$_Wrap_alloc@V?$allocator@U?$_Tree_node@U?$pair@$$CBV?$basic_string@DU?$char_traits@D@std@@V?$allocator@D@2@@std@@V12@@std@@PAX@std@@@std@@@std@@@?$_Wrap_alloc@V?$allocator@U_Container_proxy@std@@@std@@@std@@QAE@ABU?$_Wrap_alloc@V?$allocator@U?$_Tree_node@U?$pair@$$CBV?$basic_string@DU?$char_traits@D@std@@V?$allocator@D@2@@std@@V12@@std@@PAX@std@@@std@@@1@@Z 0042c9f0 f i MRPROF.obj
 0002:00013a50       ??$?0V?$_Tree_iterator@V?$_Tree_val@U?$_Tree_simple_types@U?$pair@$$CBV?$basic_string@DU?$char_traits@D@std@@V?$allocator@D@2@@std@@V12@@std@@@std@@@std@@@std@@_NX@?$pair@V?$_Tree_iterator@V?$_Tree_val@U?$_Tree_simple_types@U?$pair@$$CBV?$basic_string@DU?$char_traits@D@std@@V?$allocator@D@2@@std@@V12@@std@@@std@@@std@@@std@@_N@std@@QAE@$$QAV?$_Tree_iterator@V?$_Tree_val@U?$_Tree_simple_types@U?$pair@$$CBV?$basic_string@DU?$char_traits@D@std@@V?$allocator@D@2@@std@@V12@@std@@@std@@@std@@@1@$$QA_N@Z 0042ca50 f i MRPROF.obj
 0002:00013b20       ??$?0V?$basic_string@DU?$char_traits@D@std@@V?$allocator@D@2@@std@@V01@X@?$pair@$$CBV?$basic_string@DU?$char_traits@D@std@@V?$allocator@D@2@@std@@V12@@std@@QAE@$$QAU?$pair@V?$basic_string@DU?$char_traits@D@std@@V?$allocator@D@2@@std@@V12@@1@@Z 0042cb20 f i MRPROF.obj
 0002:00013bf0       ??$?0V?$basic_string@DU?$char_traits@D@std@@V?$allocator@D@2@@std@@V01@X@?$pair@V?$basic_string@DU?$char_traits@D@std@@V?$allocator@D@2@@std@@V12@@std@@QAE@$$QAV?$basic_string@DU?$char_traits@D@std@@V?$allocator@D@2@@1@0@Z 0042cbf0 f i MRPROF.obj
 0002:00013cc0       ??$?MDU?$char_traits@D@std@@V?$allocator@D@1@@std@@YA_NABV?$basic_string@DU?$char_traits@D@std@@V?$allocator@D@2@@0@0@Z 0042ccc0 f i MRPROF.obj
 0002:00013d40       ??$_Allocate@D@std@@YAPADIPAD@Z 0042cd40 f i MRPROF.obj
 0002:00013dd0       ??$_Allocate@U?$_Tree_node@U?$pair@$$CBV?$basic_string@DU?$char_traits@D@std@@V?$allocator@D@2@@std@@V12@@std@@PAX@std@@@std@@YAPAU?$_Tree_node@U?$pair@$$CBV?$basic_string@DU?$char_traits@D@std@@V?$allocator@D@2@@std@@V12@@std@@PAX@0@IPAU10@@Z 0042cdd0 f i MRPROF.obj
 0002:00013e60       ??$_Allocate@U_Container_proxy@std@@@std@@YAPAU_Container_proxy@0@IPAU10@@Z 0042ce60 f i MRPROF.obj
 0002:00013f00       ??$_Buynode@U?$pair@V?$basic_string@DU?$char_traits@D@std@@V?$allocator@D@2@@std@@V12@@std@@@?$_Tree_buy@U?$pair@$$CBV?$basic_string@DU?$char_traits@D@std@@V?$allocator@D@2@@std@@V12@@std@@V?$allocator@U?$pair@$$CBV?$basic_string@DU?$char_traits@D@std@@V?$allocator@D@2@@std@@V12@@std@@@2@@std@@QAEPAU?$_Tree_node@U?$pair@$$CBV?$basic_string@DU?$char_traits@D@std@@V?$allocator@D@2@@std@@V12@@std@@PAX@1@$$QAU?$pair@V?$basic_string@DU?$char_traits@D@std@@V?$allocator@D@2@@std@@V12@@1@@Z 0042cf00 f i MRPROF.obj
 0002:00014070       ??$_Buynode_if_nil@AAU?$pair@$$CBV?$basic_string@DU?$char_traits@D@std@@V?$allocator@D@2@@std@@V12@@std@@@?$_Tree@V?$_Tmap_traits@V?$basic_string@DU?$char_traits@D@std@@V?$allocator@D@2@@std@@V12@U?$less@V?$basic_string@DU?$char_traits@D@std@@V?$allocator@D@2@@std@@@2@V?$allocator@U?$pair@$$CBV?$basic_string@DU?$char_traits@D@std@@V?$allocator@D@2@@std@@V12@@std@@@2@$0A@@std@@@std@@IAEPAU?$_Tree_node@U?$pair@$$CBV?$basic_string@DU?$char_traits@D@std@@V?$allocator@D@2@@std@@V12@@std@@PAX@1@PAU21@AAU?$pair@$$CBV?$basic_string@DU?$char_traits@D@std@@V?$allocator@D@2@@std@@V12@@1@@Z 0042d070 f i MRPROF.obj
 0002:000140b0       ??$_Debug_lt_pred@U?$less@V?$basic_string@DU?$char_traits@D@std@@V?$allocator@D@2@@std@@@std@@ABV?$basic_string@DU?$char_traits@D@std@@V?$allocator@D@2@@2@ABV32@@std@@YA_NU?$less@V?$basic_string@DU?$char_traits@D@std@@V?$allocator@D@2@@std@@@0@ABV?$basic_string@DU?$char_traits@D@std@@V?$allocator@D@2@@0@1PB_WI@Z 0042d0b0 f i MRPROF.obj
 0002:00014190       ??$_Debug_pointer@D@std@@YAXPBDPB_WI@Z 0042d190 f i MRPROF.obj
 0002:00014200       ??$_Insert_at@AAU?$pair@$$CBV?$basic_string@DU?$char_traits@D@std@@V?$allocator@D@2@@std@@V12@@std@@PAU?$_Tree_node@U?$pair@$$CBV?$basic_string@DU?$char_traits@D@std@@V?$allocator@D@2@@std@@V12@@std@@PAX@2@@?$_Tree@V?$_Tmap_traits@V?$basic_string@DU?$char_traits@D@std@@V?$allocator@D@2@@std@@V12@U?$less@V?$basic_string@DU?$char_traits@D@std@@V?$allocator@D@2@@std@@@2@V?$allocator@U?$pair@$$CBV?$basic_string@DU?$char_traits@D@std@@V?$allocator@D@2@@std@@V12@@std@@@2@$0A@@std@@@std@@IAE?AV?$_Tree_iterator@V?$_Tree_val@U?$_Tree_simple_types@U?$pair@$$CBV?$basic_string@DU?$char_traits@D@std@@V?$allocator@D@2@@std@@V12@@std@@@std@@@std@@@1@_NPAU?$_Tree_node@U?$pair@$$CBV?$basic_string@DU?$char_traits@D@std@@V?$allocator@D@2@@std@@V12@@std@@PAX@1@AAU?$pair@$$CBV?$basic_string@DU?$char_traits@D@std@@V?$allocator@D@2@@std@@V12@@1@1@Z 0042d200 f i MRPROF.obj
 0002:00014790       ??$_Insert_nohint@AAU?$pair@$$CBV?$basic_string@DU?$char_traits@D@std@@V?$allocator@D@2@@std@@V12@@std@@PAU?$_Tree_node@U?$pair@$$CBV?$basic_string@DU?$char_traits@D@std@@V?$allocator@D@2@@std@@V12@@std@@PAX@2@@?$_Tree@V?$_Tmap_traits@V?$basic_string@DU?$char_traits@D@std@@V?$allocator@D@2@@std@@V12@U?$less@V?$basic_string@DU?$char_traits@D@std@@V?$allocator@D@2@@std@@@2@V?$allocator@U?$pair@$$CBV?$basic_string@DU?$char_traits@D@std@@V?$allocator@D@2@@std@@V12@@std@@@2@$0A@@std@@@std@@IAE?AU?$pair@V?$_Tree_iterator@V?$_Tree_val@U?$_Tree_simple_types@U?$pair@$$CBV?$basic_string@DU?$char_traits@D@std@@V?$allocator@D@2@@std@@V12@@std@@@std@@@std@@@std@@_N@1@_NAAU?$pair@$$CBV?$basic_string@DU?$char_traits@D@std@@V?$allocator@D@2@@std@@V12@@1@PAU?$_Tree_node@U?$pair@$$CBV?$basic_string@DU?$char_traits@D@std@@V?$allocator@D@2@@std@@V12@@std@@PAX@1@@Z 0042d790 f i MRPROF.obj
 0002:00014ed0       ??$_Kfn@$$CBV?$basic_string@DU?$char_traits@D@std@@V?$allocator@D@2@@std@@V12@@?$_Tmap_traits@V?$basic_string@DU?$char_traits@D@std@@V?$allocator@D@2@@std@@V12@U?$less@V?$basic_string@DU?$char_traits@D@std@@V?$allocator@D@2@@std@@@2@V?$allocator@U?$pair@$$CBV?$basic_string@DU?$char_traits@D@std@@V?$allocator@D@2@@std@@V12@@std@@@2@$0A@@std@@SAABV?$basic_string@DU?$char_traits@D@std@@V?$allocator@D@2@@1@ABU?$pair@$$CBV?$basic_string@DU?$char_traits@D@std@@V?$allocator@D@2@@std@@V12@@1@@Z 0042ded0 f i MRPROF.obj
 0002:00014f10       ??$_Move@AAD@std@@YA$$QADAAD@Z 0042df10 f i MRPROF.obj
 0002:00014f50       ??$addressof@D@std@@YAPADAAD@Z 0042df50 f i MRPROF.obj
 0002:00014f90       ??$addressof@PAU?$_Tree_node@U?$pair@$$CBV?$basic_string@DU?$char_traits@D@std@@V?$allocator@D@2@@std@@V12@@std@@PAX@std@@@std@@YAPAPAU?$_Tree_node@U?$pair@$$CBV?$basic_string@DU?$char_traits@D@std@@V?$allocator@D@2@@std@@V12@@std@@PAX@0@AAPAU10@@Z 0042df90 f i MRPROF.obj
 0002:00014fd0       ??$addressof@U?$pair@$$CBV?$basic_string@DU?$char_traits@D@std@@V?$allocator@D@2@@std@@V12@@std@@@std@@YAPAU?$pair@$$CBV?$basic_string@DU?$char_traits@D@std@@V?$allocator@D@2@@std@@V12@@0@AAU10@@Z 0042dfd0 f i MRPROF.obj
 0002:00015010       ??$construct@PADAAPAD@?$_Wrap_alloc@V?$allocator@D@std@@@std@@QAEXPAPADAAPAD@Z 0042e010 f i MRPROF.obj
 0002:00015080       ??$construct@PADAAPAD@?$allocator@D@std@@QAEXPAPADAAPAD@Z 0042e080 f i MRPROF.obj
 0002:00015180       ??$construct@PADAAPAD@?$allocator_traits@V?$allocator@D@std@@@std@@SAXAAV?$allocator@D@1@PAPADAAPAD@Z 0042e180 f i MRPROF.obj
 0002:000151e0       ??$construct@PAU?$_Tree_node@U?$pair@$$CBV?$basic_string@DU?$char_traits@D@std@@V?$allocator@D@2@@std@@V12@@std@@PAX@std@@AAPAU12@@?$_Wrap_alloc@V?$allocator@U?$_Tree_node@U?$pair@$$CBV?$basic_string@DU?$char_traits@D@std@@V?$allocator@D@2@@std@@V12@@std@@PAX@std@@@std@@@std@@QAEXPAPAU?$_Tree_node@U?$pair@$$CBV?$basic_string@DU?$char_traits@D@std@@V?$allocator@D@2@@std@@V12@@std@@PAX@1@AAPAU21@@Z 0042e1e0 f i MRPROF.obj
 0002:00015250       ??$construct@PAU?$_Tree_node@U?$pair@$$CBV?$basic_string@DU?$char_traits@D@std@@V?$allocator@D@2@@std@@V12@@std@@PAX@std@@AAPAU12@@?$allocator@U?$_Tree_node@U?$pair@$$CBV?$basic_string@DU?$char_traits@D@std@@V?$allocator@D@2@@std@@V12@@std@@PAX@std@@@std@@QAEXPAPAU?$_Tree_node@U?$pair@$$CBV?$basic_string@DU?$char_traits@D@std@@V?$allocator@D@2@@std@@V12@@std@@PAX@1@AAPAU21@@Z 0042e250 f i MRPROF.obj
 0002:00015350       ??$construct@PAU?$_Tree_node@U?$pair@$$CBV?$basic_string@DU?$char_traits@D@std@@V?$allocator@D@2@@std@@V12@@std@@PAX@std@@AAPAU12@@?$allocator_traits@V?$allocator@U?$_Tree_node@U?$pair@$$CBV?$basic_string@DU?$char_traits@D@std@@V?$allocator@D@2@@std@@V12@@std@@PAX@std@@@std@@@std@@SAXAAV?$allocator@U?$_Tree_node@U?$pair@$$CBV?$basic_string@DU?$char_traits@D@std@@V?$allocator@D@2@@std@@V12@@std@@PAX@std@@@1@PAPAU?$_Tree_node@U?$pair@$$CBV?$basic_string@DU?$char_traits@D@std@@V?$allocator@D@2@@std@@V12@@std@@PAX@1@AAPAU31@@Z 0042e350 f i MRPROF.obj
 0002:000153b0       ??$construct@U?$pair@$$CBV?$basic_string@DU?$char_traits@D@std@@V?$allocator@D@2@@std@@V12@@std@@U?$pair@V?$basic_string@DU?$char_traits@D@std@@V?$allocator@D@2@@std@@V12@@2@@?$_Wrap_alloc@V?$allocator@U?$_Tree_node@U?$pair@$$CBV?$basic_string@DU?$char_traits@D@std@@V?$allocator@D@2@@std@@V12@@std@@PAX@std@@@std@@@std@@QAEXPAU?$pair@$$CBV?$basic_string@DU?$char_traits@D@std@@V?$allocator@D@2@@std@@V12@@1@$$QAU?$pair@V?$basic_string@DU?$char_traits@D@std@@V?$allocator@D@2@@std@@V12@@1@@Z 0042e3b0 f i MRPROF.obj
 0002:00015420       ??$construct@U?$pair@$$CBV?$basic_string@DU?$char_traits@D@std@@V?$allocator@D@2@@std@@V12@@std@@U?$pair@V?$basic_string@DU?$char_traits@D@std@@V?$allocator@D@2@@std@@V12@@2@@?$allocator@U?$_Tree_node@U?$pair@$$CBV?$basic_string@DU?$char_traits@D@std@@V?$allocator@D@2@@std@@V12@@std@@PAX@std@@@std@@QAEXPAU?$pair@$$CBV?$basic_string@DU?$char_traits@D@std@@V?$allocator@D@2@@std@@V12@@1@$$QAU?$pair@V?$basic_string@DU?$char_traits@D@std@@V?$allocator@D@2@@std@@V12@@1@@Z 0042e420 f i MRPROF.obj
 0002:00015520       ??$construct@U?$pair@$$CBV?$basic_string@DU?$char_traits@D@std@@V?$allocator@D@2@@std@@V12@@std@@U?$pair@V?$basic_string@DU?$char_traits@D@std@@V?$allocator@D@2@@std@@V12@@2@@?$allocator_traits@V?$allocator@U?$_Tree_node@U?$pair@$$CBV?$basic_string@DU?$char_traits@D@std@@V?$allocator@D@2@@std@@V12@@std@@PAX@std@@@std@@@std@@SAXAAV?$allocator@U?$_Tree_node@U?$pair@$$CBV?$basic_string@DU?$char_traits@D@std@@V?$allocator@D@2@@std@@V12@@std@@PAX@std@@@1@PAU?$pair@$$CBV?$basic_string@DU?$char_traits@D@std@@V?$allocator@D@2@@std@@V12@@1@$$QAU?$pair@V?$basic_string@DU?$char_traits@D@std@@V?$allocator@D@2@@std@@V12@@1@@Z 0042e520 f i MRPROF.obj
 0002:00015580       ??$construct@U_Container_proxy@std@@U12@@?$_Wrap_alloc@V?$allocator@U_Container_proxy@std@@@std@@@std@@QAEXPAU_Container_proxy@1@$$QAU21@@Z 0042e580 f i MRPROF.obj
 0002:000155f0       ??$construct@U_Container_proxy@std@@U12@@?$allocator@U_Container_proxy@std@@@std@@QAEXPAU_Container_proxy@1@$$QAU21@@Z 0042e5f0 f i MRPROF.obj
 0002:00015700       ??$construct@U_Container_proxy@std@@U12@@?$allocator_traits@V?$allocator@U_Container_proxy@std@@@std@@@std@@SAXAAV?$allocator@U_Container_proxy@std@@@1@PAU_Container_proxy@1@$$QAU31@@Z 0042e700 f i MRPROF.obj
 0002:00015760       ??$destroy@PAD@?$_Wrap_alloc@V?$allocator@D@std@@@std@@QAEXPAPAD@Z 0042e760 f i MRPROF.obj
 0002:000157c0       ??$destroy@PAD@?$allocator@D@std@@QAEXPAPAD@Z 0042e7c0 f i MRPROF.obj
 0002:00015800       ??$destroy@PAD@?$allocator_traits@V?$allocator@D@std@@@std@@SAXAAV?$allocator@D@1@PAPAD@Z 0042e800 f i MRPROF.obj
 0002:00015850       ??$destroy@PAU?$_Tree_node@U?$pair@$$CBV?$basic_string@DU?$char_traits@D@std@@V?$allocator@D@2@@std@@V12@@std@@PAX@std@@@?$_Wrap_alloc@V?$allocator@U?$_Tree_node@U?$pair@$$CBV?$basic_string@DU?$char_traits@D@std@@V?$allocator@D@2@@std@@V12@@std@@PAX@std@@@std@@@std@@QAEXPAPAU?$_Tree_node@U?$pair@$$CBV?$basic_string@DU?$char_traits@D@std@@V?$allocator@D@2@@std@@V12@@std@@PAX@1@@Z 0042e850 f i MRPROF.obj
 0002:000158b0       ??$destroy@PAU?$_Tree_node@U?$pair@$$CBV?$basic_string@DU?$char_traits@D@std@@V?$allocator@D@2@@std@@V12@@std@@PAX@std@@@?$allocator@U?$_Tree_node@U?$pair@$$CBV?$basic_string@DU?$char_traits@D@std@@V?$allocator@D@2@@std@@V12@@std@@PAX@std@@@std@@QAEXPAPAU?$_Tree_node@U?$pair@$$CBV?$basic_string@DU?$char_traits@D@std@@V?$allocator@D@2@@std@@V12@@std@@PAX@1@@Z 0042e8b0 f i MRPROF.obj
 0002:000158f0       ??$destroy@PAU?$_Tree_node@U?$pair@$$CBV?$basic_string@DU?$char_traits@D@std@@V?$allocator@D@2@@std@@V12@@std@@PAX@std@@@?$allocator_traits@V?$allocator@U?$_Tree_node@U?$pair@$$CBV?$basic_string@DU?$char_traits@D@std@@V?$allocator@D@2@@std@@V12@@std@@PAX@std@@@std@@@std@@SAXAAV?$allocator@U?$_Tree_node@U?$pair@$$CBV?$basic_string@DU?$char_traits@D@std@@V?$allocator@D@2@@std@@V12@@std@@PAX@std@@@1@PAPAU?$_Tree_node@U?$pair@$$CBV?$basic_string@DU?$char_traits@D@std@@V?$allocator@D@2@@std@@V12@@std@@PAX@1@@Z 0042e8f0 f i MRPROF.obj
 0002:00015940       ??$destroy@U?$pair@$$CBV?$basic_string@DU?$char_traits@D@std@@V?$allocator@D@2@@std@@V12@@std@@@?$_Wrap_alloc@V?$allocator@U?$_Tree_node@U?$pair@$$CBV?$basic_string@DU?$char_traits@D@std@@V?$allocator@D@2@@std@@V12@@std@@PAX@std@@@std@@@std@@QAEXPAU?$pair@$$CBV?$basic_string@DU?$char_traits@D@std@@V?$allocator@D@2@@std@@V12@@1@@Z 0042e940 f i MRPROF.obj
 0002:000159a0       ??$destroy@U?$pair@$$CBV?$basic_string@DU?$char_traits@D@std@@V?$allocator@D@2@@std@@V12@@std@@@?$allocator@U?$_Tree_node@U?$pair@$$CBV?$basic_string@DU?$char_traits@D@std@@V?$allocator@D@2@@std@@V12@@std@@PAX@std@@@std@@QAEXPAU?$pair@$$CBV?$basic_string@DU?$char_traits@D@std@@V?$allocator@D@2@@std@@V12@@1@@Z 0042e9a0 f i MRPROF.obj
 0002:00015a00       ??$destroy@U?$pair@$$CBV?$basic_string@DU?$char_traits@D@std@@V?$allocator@D@2@@std@@V12@@std@@@?$allocator_traits@V?$allocator@U?$_Tree_node@U?$pair@$$CBV?$basic_string@DU?$char_traits@D@std@@V?$allocator@D@2@@std@@V12@@std@@PAX@std@@@std@@@std@@SAXAAV?$allocator@U?$_Tree_node@U?$pair@$$CBV?$basic_string@DU?$char_traits@D@std@@V?$allocator@D@2@@std@@V12@@std@@PAX@std@@@1@PAU?$pair@$$CBV?$basic_string@DU?$char_traits@D@std@@V?$allocator@D@2@@std@@V12@@1@@Z 0042ea00 f i MRPROF.obj
 0002:00015a50       ??$destroy@U_Container_proxy@std@@@?$_Wrap_alloc@V?$allocator@U_Container_proxy@std@@@std@@@std@@QAEXPAU_Container_proxy@1@@Z 0042ea50 f i MRPROF.obj
 0002:00015ab0       ??$destroy@U_Container_proxy@std@@@?$allocator@U_Container_proxy@std@@@std@@QAEXPAU_Container_proxy@1@@Z 0042eab0 f i MRPROF.obj
 0002:00015af0       ??$destroy@U_Container_proxy@std@@@?$allocator_traits@V?$allocator@U_Container_proxy@std@@@std@@@std@@SAXAAV?$allocator@U_Container_proxy@std@@@1@PAU_Container_proxy@1@@Z 0042eaf0 f i MRPROF.obj
 0002:00015b40       ??$forward@AAPAD@std@@YAAAPADAAPAD@Z 0042eb40 f i MRPROF.obj
 0002:00015b80       ??$forward@AAPAU?$_Tree_node@U?$pair@$$CBV?$basic_string@DU?$char_traits@D@std@@V?$allocator@D@2@@std@@V12@@std@@PAX@std@@@std@@YAAAPAU?$_Tree_node@U?$pair@$$CBV?$basic_string@DU?$char_traits@D@std@@V?$allocator@D@2@@std@@V12@@std@@PAX@0@AAPAU10@@Z 0042eb80 f i MRPROF.obj
 0002:00015bc0       ??$forward@AAU?$pair@$$CBV?$basic_string@DU?$char_traits@D@std@@V?$allocator@D@2@@std@@V12@@std@@@std@@YAAAU?$pair@$$CBV?$basic_string@DU?$char_traits@D@std@@V?$allocator@D@2@@std@@V12@@0@AAU10@@Z 0042ebc0 f i MRPROF.obj
 0002:00015c00       ??$forward@AAV?$_Tree_iterator@V?$_Tree_val@U?$_Tree_simple_types@U?$pair@$$CBV?$basic_string@DU?$char_traits@D@std@@V?$allocator@D@2@@std@@V12@@std@@@std@@@std@@@std@@@std@@YAAAV?$_Tree_iterator@V?$_Tree_val@U?$_Tree_simple_types@U?$pair@$$CBV?$basic_string@DU?$char_traits@D@std@@V?$allocator@D@2@@std@@V12@@std@@@std@@@std@@@0@AAV10@@Z 0042ec00 f i MRPROF.obj
 0002:00015c40       ??$forward@ABV?$basic_string@DU?$char_traits@D@std@@V?$allocator@D@2@@std@@@std@@YAABV?$basic_string@DU?$char_traits@D@std@@V?$allocator@D@2@@0@ABV10@@Z 0042ec40 f i MRPROF.obj
 0002:00015c80       ??$forward@U?$pair@V?$basic_string@DU?$char_traits@D@std@@V?$allocator@D@2@@std@@V12@@std@@@std@@YA$$QAU?$pair@V?$basic_string@DU?$char_traits@D@std@@V?$allocator@D@2@@std@@V12@@0@AAU10@@Z 0042ec80 f i MRPROF.obj
 0002:00015cc0       ??$forward@U_Container_proxy@std@@@std@@YA$$QAU_Container_proxy@0@AAU10@@Z 0042ecc0 f i MRPROF.obj
 0002:00015d00       ??$forward@V?$_Tree_iterator@V?$_Tree_val@U?$_Tree_simple_types@U?$pair@$$CBV?$basic_string@DU?$char_traits@D@std@@V?$allocator@D@2@@std@@V12@@std@@@std@@@std@@@std@@@std@@YA$$QAV?$_Tree_iterator@V?$_Tree_val@U?$_Tree_simple_types@U?$pair@$$CBV?$basic_string@DU?$char_traits@D@std@@V?$allocator@D@2@@std@@V12@@std@@@std@@@std@@@0@AAV10@@Z 0042ed00 f i MRPROF.obj
 0002:00015d40       ??$forward@V?$basic_string@DU?$char_traits@D@std@@V?$allocator@D@2@@std@@@std@@YA$$QAV?$basic_string@DU?$char_traits@D@std@@V?$allocator@D@2@@0@AAV10@@Z 0042ed40 f i MRPROF.obj
 0002:00015d80       ??$forward@_N@std@@YA$$QA_NAA_N@Z 0042ed80 f i MRPROF.obj
 0002:00015dc0       ??$insert@U?$pair@V?$basic_string@DU?$char_traits@D@std@@V?$allocator@D@2@@std@@V12@@std@@@?$_Tree@V?$_Tmap_traits@V?$basic_string@DU?$char_traits@D@std@@V?$allocator@D@2@@std@@V12@U?$less@V?$basic_string@DU?$char_traits@D@std@@V?$allocator@D@2@@std@@@2@V?$allocator@U?$pair@$$CBV?$basic_string@DU?$char_traits@D@std@@V?$allocator@D@2@@std@@V12@@std@@@2@$0A@@std@@@std@@QAE?AU?$pair@V?$_Tree_iterator@V?$_Tree_val@U?$_Tree_simple_types@U?$pair@$$CBV?$basic_string@DU?$char_traits@D@std@@V?$allocator@D@2@@std@@V12@@std@@@std@@@std@@@std@@_N@1@$$QAU?$pair@V?$basic_string@DU?$char_traits@D@std@@V?$allocator@D@2@@std@@V12@@1@@Z 0042edc0 f i MRPROF.obj
 0002:00015e70       ??$make_pair@V?$basic_string@DU?$char_traits@D@std@@V?$allocator@D@2@@std@@V12@@std@@YA?AU?$pair@V?$basic_string@DU?$char_traits@D@std@@V?$allocator@D@2@@std@@V12@@0@$$QAV?$basic_string@DU?$char_traits@D@std@@V?$allocator@D@2@@0@0@Z 0042ee70 f i MRPROF.obj
 0002:00015f00       ??$swap@D@std@@YAXAAD0@Z   0042ef00 f i MRPROF.obj
 0002:00015fc0       ??0?$_Iterator012@Ubidirectional_iterator_tag@std@@U?$pair@$$CBV?$basic_string@DU?$char_traits@D@std@@V?$allocator@D@2@@std@@V12@@2@HPBU32@ABU32@U_Iterator_base12@2@@std@@QAE@ABU01@@Z 0042efc0 f i MRPROF.obj
 0002:00016020       ??0?$_Iterator012@Ubidirectional_iterator_tag@std@@U?$pair@$$CBV?$basic_string@DU?$char_traits@D@std@@V?$allocator@D@2@@std@@V12@@2@HPBU32@ABU32@U_Iterator_base12@2@@std@@QAE@XZ 0042f020 f i MRPROF.obj
 0002:00016080       ??0?$_String_alloc@$0A@U?$_String_base_types@DV?$allocator@D@std@@@std@@@std@@QAE@ABV?$allocator@D@1@@Z 0042f080 f i MRPROF.obj
 0002:00016130       ??0?$_String_val@U?$_Simple_types@D@std@@@std@@QAE@XZ 0042f130 f i MRPROF.obj
 0002:000161b0       ??0?$_Tree@V?$_Tmap_traits@V?$basic_string@DU?$char_traits@D@std@@V?$allocator@D@2@@std@@V12@U?$less@V?$basic_string@DU?$char_traits@D@std@@V?$allocator@D@2@@std@@@2@V?$allocator@U?$pair@$$CBV?$basic_string@DU?$char_traits@D@std@@V?$allocator@D@2@@std@@V12@@std@@@2@$0A@@std@@@std@@QAE@ABU?$less@V?$basic_string@DU?$char_traits@D@std@@V?$allocator@D@2@@std@@@1@ABV?$allocator@U?$pair@$$CBV?$basic_string@DU?$char_traits@D@std@@V?$allocator@D@2@@std@@V12@@std@@@1@@Z 0042f1b0 f i MRPROF.obj
 0002:00016210       ??0?$_Tree_alloc@$0A@U?$_Tree_base_types@U?$pair@$$CBV?$basic_string@DU?$char_traits@D@std@@V?$allocator@D@2@@std@@V12@@std@@V?$allocator@U?$pair@$$CBV?$basic_string@DU?$char_traits@D@std@@V?$allocator@D@2@@std@@V12@@std@@@2@@std@@@std@@QAE@ABV?$allocator@U?$pair@$$CBV?$basic_string@DU?$char_traits@D@std@@V?$allocator@D@2@@std@@V12@@std@@@1@@Z 0042f210 f i MRPROF.obj
 0002:00016310       ??0?$_Tree_buy@U?$pair@$$CBV?$basic_string@DU?$char_traits@D@std@@V?$allocator@D@2@@std@@V12@@std@@V?$allocator@U?$pair@$$CBV?$basic_string@DU?$char_traits@D@std@@V?$allocator@D@2@@std@@V12@@std@@@2@@std@@QAE@ABV?$allocator@U?$pair@$$CBV?$basic_string@DU?$char_traits@D@std@@V?$allocator@D@2@@std@@V12@@std@@@1@@Z 0042f310 f i MRPROF.obj
 0002:00016370       ??0?$_Tree_comp@$0A@V?$_Tmap_traits@V?$basic_string@DU?$char_traits@D@std@@V?$allocator@D@2@@std@@V12@U?$less@V?$basic_string@DU?$char_traits@D@std@@V?$allocator@D@2@@std@@@2@V?$allocator@U?$pair@$$CBV?$basic_string@DU?$char_traits@D@std@@V?$allocator@D@2@@std@@V12@@std@@@2@$0A@@std@@@std@@QAE@ABU?$less@V?$basic_string@DU?$char_traits@D@std@@V?$allocator@D@2@@std@@@1@ABV?$allocator@U?$pair@$$CBV?$basic_string@DU?$char_traits@D@std@@V?$allocator@D@2@@std@@V12@@std@@@1@@Z 0042f370 f i MRPROF.obj
 0002:000163d0       ??0?$_Tree_const_iterator@V?$_Tree_val@U?$_Tree_simple_types@U?$pair@$$CBV?$basic_string@DU?$char_traits@D@std@@V?$allocator@D@2@@std@@V12@@std@@@std@@@std@@@std@@QAE@ABV01@@Z 0042f3d0 f i MRPROF.obj
 0002:00016430       ??0?$_Tree_const_iterator@V?$_Tree_val@U?$_Tree_simple_types@U?$pair@$$CBV?$basic_string@DU?$char_traits@D@std@@V?$allocator@D@2@@std@@V12@@std@@@std@@@std@@@std@@QAE@PAU?$_Tree_node@U?$pair@$$CBV?$basic_string@DU?$char_traits@D@std@@V?$allocator@D@2@@std@@V12@@std@@PAX@1@PBV?$_Tree_val@U?$_Tree_simple_types@U?$pair@$$CBV?$basic_string@DU?$char_traits@D@std@@V?$allocator@D@2@@std@@V12@@std@@@std@@@1@@Z 0042f430 f i MRPROF.obj
 0002:00016490       ??0?$_Tree_iterator@V?$_Tree_val@U?$_Tree_simple_types@U?$pair@$$CBV?$basic_string@DU?$char_traits@D@std@@V?$allocator@D@2@@std@@V12@@std@@@std@@@std@@@std@@QAE@ABV01@@Z 0042f490 f i MRPROF.obj
 0002:000164f0       ??0?$_Tree_iterator@V?$_Tree_val@U?$_Tree_simple_types@U?$pair@$$CBV?$basic_string@DU?$char_traits@D@std@@V?$allocator@D@2@@std@@V12@@std@@@std@@@std@@@std@@QAE@PAU?$_Tree_node@U?$pair@$$CBV?$basic_string@DU?$char_traits@D@std@@V?$allocator@D@2@@std@@V12@@std@@PAX@1@PBV?$_Tree_val@U?$_Tree_simple_types@U?$pair@$$CBV?$basic_string@DU?$char_traits@D@std@@V?$allocator@D@2@@std@@V12@@std@@@std@@@1@@Z 0042f4f0 f i MRPROF.obj
 0002:00016550       ??0?$_Tree_unchecked_const_iterator@V?$_Tree_val@U?$_Tree_simple_types@U?$pair@$$CBV?$basic_string@DU?$char_traits@D@std@@V?$allocator@D@2@@std@@V12@@std@@@std@@@std@@U_Iterator_base12@2@@std@@QAE@ABV01@@Z 0042f550 f i MRPROF.obj
 0002:000165c0       ??0?$_Tree_unchecked_const_iterator@V?$_Tree_val@U?$_Tree_simple_types@U?$pair@$$CBV?$basic_string@DU?$char_traits@D@std@@V?$allocator@D@2@@std@@V12@@std@@@std@@@std@@U_Iterator_base12@2@@std@@QAE@PAU?$_Tree_node@U?$pair@$$CBV?$basic_string@DU?$char_traits@D@std@@V?$allocator@D@2@@std@@V12@@std@@PAX@1@PBV?$_Tree_val@U?$_Tree_simple_types@U?$pair@$$CBV?$basic_string@DU?$char_traits@D@std@@V?$allocator@D@2@@std@@V12@@std@@@std@@@1@@Z 0042f5c0 f i MRPROF.obj
 0002:00016680       ??0?$_Tree_val@U?$_Tree_simple_types@U?$pair@$$CBV?$basic_string@DU?$char_traits@D@std@@V?$allocator@D@2@@std@@V12@@std@@@std@@@std@@QAE@XZ 0042f680 f i MRPROF.obj
 0002:00016700       ??0?$_Wrap_alloc@V?$allocator@D@std@@@std@@QAE@XZ 0042f700 f i MRPROF.obj
 0002:00016760       ??0?$_Wrap_alloc@V?$allocator@U?$_Tree_node@U?$pair@$$CBV?$basic_string@DU?$char_traits@D@std@@V?$allocator@D@2@@std@@V12@@std@@PAX@std@@@std@@@std@@QAE@XZ 0042f760 f i MRPROF.obj
 0002:000167c0       ??0?$allocator@D@std@@QAE@XZ 0042f7c0 f i MRPROF.obj
 0002:00016800       ??0?$allocator@U?$_Tree_node@U?$pair@$$CBV?$basic_string@DU?$char_traits@D@std@@V?$allocator@D@2@@std@@V12@@std@@PAX@std@@@std@@QAE@XZ 0042f800 f i MRPROF.obj
 0002:00016840       ??0?$allocator@U?$pair@$$CBV?$basic_string@DU?$char_traits@D@std@@V?$allocator@D@2@@std@@V12@@std@@@std@@QAE@XZ 0042f840 f i MRPROF.obj
 0002:00016880       ??0?$allocator@U_Container_proxy@std@@@std@@QAE@XZ 0042f880 f i MRPROF.obj
 0002:000168c0       ??0?$basic_string@DU?$char_traits@D@std@@V?$allocator@D@2@@std@@QAE@$$QAV01@@Z 0042f8c0 f i MRPROF.obj
 0002:00016960       ??0?$basic_string@DU?$char_traits@D@std@@V?$allocator@D@2@@std@@QAE@PBD@Z 0042f960 f i MRPROF.obj
 0002:00016a30       ??0?$map@V?$basic_string@DU?$char_traits@D@std@@V?$allocator@D@2@@std@@V12@U?$less@V?$basic_string@DU?$char_traits@D@std@@V?$allocator@D@2@@std@@@2@V?$allocator@U?$pair@$$CBV?$basic_string@DU?$char_traits@D@std@@V?$allocator@D@2@@std@@V12@@std@@@2@@std@@QAE@XZ 0042fa30 f i MRPROF.obj
 0002:00016aa0       ??0_Container_proxy@std@@QAE@XZ 0042faa0 f i MRPROF.obj
 0002:00016af0       ??0_Generic_error_category@std@@QAE@XZ 0042faf0 f i MRPROF.obj
 0002:00016b50       ??0_Ignore@std@@QAE@XZ     0042fb50 f i MRPROF.obj
 0002:00016b90       ??0_Iostream_error_category@std@@QAE@XZ 0042fb90 f i MRPROF.obj
 0002:00016bf0       ??0_Iterator_base12@std@@QAE@ABU01@@Z 0042fbf0 f i MRPROF.obj
 0002:00016c70       ??0_Iterator_base12@std@@QAE@XZ 0042fc70 f i MRPROF.obj
 0002:00016cc0       ??0_System_error_category@std@@QAE@XZ 0042fcc0 f i MRPROF.obj
 0002:00016d20       ??0error_category@std@@QAE@XZ 0042fd20 f i MRPROF.obj
 0002:00016d70       ??0error_condition@std@@QAE@HABVerror_category@1@@Z 0042fd70 f i MRPROF.obj
 0002:00016dc0       ??1?$_Iterator012@Ubidirectional_iterator_tag@std@@U?$pair@$$CBV?$basic_string@DU?$char_traits@D@std@@V?$allocator@D@2@@std@@V12@@2@HPBU32@ABU32@U_Iterator_base12@2@@std@@QAE@XZ 0042fdc0 f i MRPROF.obj
 0002:00016e10       ??1?$_String_alloc@$0A@U?$_String_base_types@DV?$allocator@D@std@@@std@@@std@@QAE@XZ 0042fe10 f i MRPROF.obj
 0002:00016e70       ??1?$_String_val@U?$_Simple_types@D@std@@@std@@QAE@XZ 0042fe70 f i MRPROF.obj
 0002:00016ed0       ??1?$_Tree@V?$_Tmap_traits@V?$basic_string@DU?$char_traits@D@std@@V?$allocator@D@2@@std@@V12@U?$less@V?$basic_string@DU?$char_traits@D@std@@V?$allocator@D@2@@std@@@2@V?$allocator@U?$pair@$$CBV?$basic_string@DU?$char_traits@D@std@@V?$allocator@D@2@@std@@V12@@std@@@2@$0A@@std@@@std@@QAE@XZ 0042fed0 f i MRPROF.obj
 0002:00016f30       ??1?$_Tree_alloc@$0A@U?$_Tree_base_types@U?$pair@$$CBV?$basic_string@DU?$char_traits@D@std@@V?$allocator@D@2@@std@@V12@@std@@V?$allocator@U?$pair@$$CBV?$basic_string@DU?$char_traits@D@std@@V?$allocator@D@2@@std@@V12@@std@@@2@@std@@@std@@QAE@XZ 0042ff30 f i MRPROF.obj
 0002:00016fa0       ??1?$_Tree_buy@U?$pair@$$CBV?$basic_string@DU?$char_traits@D@std@@V?$allocator@D@2@@std@@V12@@std@@V?$allocator@U?$pair@$$CBV?$basic_string@DU?$char_traits@D@std@@V?$allocator@D@2@@std@@V12@@std@@@2@@std@@QAE@XZ 0042ffa0 f i MRPROF.obj
 0002:00016ff0       ??1?$_Tree_comp@$0A@V?$_Tmap_traits@V?$basic_string@DU?$char_traits@D@std@@V?$allocator@D@2@@std@@V12@U?$less@V?$basic_string@DU?$char_traits@D@std@@V?$allocator@D@2@@std@@@2@V?$allocator@U?$pair@$$CBV?$basic_string@DU?$char_traits@D@std@@V?$allocator@D@2@@std@@V12@@std@@@2@$0A@@std@@@std@@QAE@XZ 0042fff0 f i MRPROF.obj
 0002:00017040       ??1?$_Tree_const_iterator@V?$_Tree_val@U?$_Tree_simple_types@U?$pair@$$CBV?$basic_string@DU?$char_traits@D@std@@V?$allocator@D@2@@std@@V12@@std@@@std@@@std@@@std@@QAE@XZ 00430040 f i MRPROF.obj
 0002:00017090       ??1?$_Tree_iterator@V?$_Tree_val@U?$_Tree_simple_types@U?$pair@$$CBV?$basic_string@DU?$char_traits@D@std@@V?$allocator@D@2@@std@@V12@@std@@@std@@@std@@@std@@QAE@XZ 00430090 f i MRPROF.obj
 0002:000170e0       ??1?$_Tree_unchecked_const_iterator@V?$_Tree_val@U?$_Tree_simple_types@U?$pair@$$CBV?$basic_string@DU?$char_traits@D@std@@V?$allocator@D@2@@std@@V12@@std@@@std@@@std@@U_Iterator_base12@2@@std@@QAE@XZ 004300e0 f i MRPROF.obj
 0002:00017130       ??1?$_Tree_val@U?$_Tree_simple_types@U?$pair@$$CBV?$basic_string@DU?$char_traits@D@std@@V?$allocator@D@2@@std@@V12@@std@@@std@@@std@@QAE@XZ 00430130 f i MRPROF.obj
 0002:00017190       ??1?$basic_string@DU?$char_traits@D@std@@V?$allocator@D@2@@std@@QAE@XZ 00430190 f i MRPROF.obj
 0002:000171f0       ??1?$map@V?$basic_string@DU?$char_traits@D@std@@V?$allocator@D@2@@std@@V12@U?$less@V?$basic_string@DU?$char_traits@D@std@@V?$allocator@D@2@@std@@@2@V?$allocator@U?$pair@$$CBV?$basic_string@DU?$char_traits@D@std@@V?$allocator@D@2@@std@@V12@@std@@@2@@std@@QAE@XZ 004301f0 f i MRPROF.obj
 0002:00017240       ??1?$pair@$$CBV?$basic_string@DU?$char_traits@D@std@@V?$allocator@D@2@@std@@V12@@std@@QAE@XZ 00430240 f i MRPROF.obj
 0002:000172a0       ??1?$pair@V?$_Tree_iterator@V?$_Tree_val@U?$_Tree_simple_types@U?$pair@$$CBV?$basic_string@DU?$char_traits@D@std@@V?$allocator@D@2@@std@@V12@@std@@@std@@@std@@@std@@_N@std@@QAE@XZ 004302a0 f i MRPROF.obj
 0002:000172f0       ??1?$pair@V?$basic_string@DU?$char_traits@D@std@@V?$allocator@D@2@@std@@V12@@std@@QAE@XZ 004302f0 f i MRPROF.obj
 0002:00017350       ??1_Generic_error_category@std@@UAE@XZ 00430350 f i MRPROF.obj
 0002:000173a0       ??1_Iostream_error_category@std@@UAE@XZ 004303a0 f i MRPROF.obj
 0002:000173f0       ??1_Iterator_base12@std@@QAE@XZ 004303f0 f i MRPROF.obj
 0002:000174b0       ??1_System_error_category@std@@UAE@XZ 004304b0 f i MRPROF.obj
 0002:00017500       ??1error_category@std@@UAE@XZ 00430500 f i MRPROF.obj
 0002:00017540       ??2@YAPAXIPAX@Z            00430540 f i MRPROF.obj
 0002:00017580       ??3@YAXPAX0@Z              00430580 f i MRPROF.obj
 0002:000175b0       ??4?$_Iterator012@Ubidirectional_iterator_tag@std@@U?$pair@$$CBV?$basic_string@DU?$char_traits@D@std@@V?$allocator@D@2@@std@@V12@@2@HPBU32@ABU32@U_Iterator_base12@2@@std@@QAEAAU01@ABU01@@Z 004305b0 f i MRPROF.obj
 0002:00017610       ??4?$_Tree_const_iterator@V?$_Tree_val@U?$_Tree_simple_types@U?$pair@$$CBV?$basic_string@DU?$char_traits@D@std@@V?$allocator@D@2@@std@@V12@@std@@@std@@@std@@@std@@QAEAAV01@ABV01@@Z 00430610 f i MRPROF.obj
 0002:00017670       ??4?$_Tree_iterator@V?$_Tree_val@U?$_Tree_simple_types@U?$pair@$$CBV?$basic_string@DU?$char_traits@D@std@@V?$allocator@D@2@@std@@V12@@std@@@std@@@std@@@std@@QAEAAV01@ABV01@@Z 00430670 f i MRPROF.obj
 0002:000176d0       ??4?$_Tree_unchecked_const_iterator@V?$_Tree_val@U?$_Tree_simple_types@U?$pair@$$CBV?$basic_string@DU?$char_traits@D@std@@V?$allocator@D@2@@std@@V12@@std@@@std@@@std@@U_Iterator_base12@2@@std@@QAEAAV01@ABV01@@Z 004306d0 f i MRPROF.obj
 0002:00017740       ??4_Iterator_base12@std@@QAEAAU01@ABU01@@Z 00430740 f i MRPROF.obj
 0002:00017880       ??8?$_Tree_const_iterator@V?$_Tree_val@U?$_Tree_simple_types@U?$pair@$$CBV?$basic_string@DU?$char_traits@D@std@@V?$allocator@D@2@@std@@V12@@std@@@std@@@std@@@std@@QBE_NABV01@@Z 00430880 f i MRPROF.obj
 0002:000179e0       ??8error_category@std@@QBE_NABV01@@Z 004309e0 f i MRPROF.obj
 0002:00017a50       ??8error_condition@std@@QBE_NABV01@@Z 00430a50 f i MRPROF.obj
 0002:00017b00       ??9?$_Tree_const_iterator@V?$_Tree_val@U?$_Tree_simple_types@U?$pair@$$CBV?$basic_string@DU?$char_traits@D@std@@V?$allocator@D@2@@std@@V12@@std@@@std@@@std@@@std@@QBE_NABV01@@Z 00430b00 f i MRPROF.obj
 0002:00017b90       ??C?$_Tree_iterator@V?$_Tree_val@U?$_Tree_simple_types@U?$pair@$$CBV?$basic_string@DU?$char_traits@D@std@@V?$allocator@D@2@@std@@V12@@std@@@std@@@std@@@std@@QBEPAU?$pair@$$CBV?$basic_string@DU?$char_traits@D@std@@V?$allocator@D@2@@std@@V12@@1@XZ 00430b90 f i MRPROF.obj
 0002:00017bf0       ??D?$_Tree_const_iterator@V?$_Tree_val@U?$_Tree_simple_types@U?$pair@$$CBV?$basic_string@DU?$char_traits@D@std@@V?$allocator@D@2@@std@@V12@@std@@@std@@@std@@@std@@QBEABU?$pair@$$CBV?$basic_string@DU?$char_traits@D@std@@V?$allocator@D@2@@std@@V12@@1@XZ 00430bf0 f i MRPROF.obj
 0002:00017d30       ??D?$_Tree_iterator@V?$_Tree_val@U?$_Tree_simple_types@U?$pair@$$CBV?$basic_string@DU?$char_traits@D@std@@V?$allocator@D@2@@std@@V12@@std@@@std@@@std@@@std@@QBEAAU?$pair@$$CBV?$basic_string@DU?$char_traits@D@std@@V?$allocator@D@2@@std@@V12@@1@XZ 00430d30 f i MRPROF.obj
 0002:00017d80       ??E?$_Tree_const_iterator@V?$_Tree_val@U?$_Tree_simple_types@U?$pair@$$CBV?$basic_string@DU?$char_traits@D@std@@V?$allocator@D@2@@std@@V12@@std@@@std@@@std@@@std@@QAE?AV01@H@Z 00430d80 f i MRPROF.obj
 0002:00017ea0       ??E?$_Tree_const_iterator@V?$_Tree_val@U?$_Tree_simple_types@U?$pair@$$CBV?$basic_string@DU?$char_traits@D@std@@V?$allocator@D@2@@std@@V12@@std@@@std@@@std@@@std@@QAEAAV01@XZ 00430ea0 f i MRPROF.obj
 0002:00017fe0       ??E?$_Tree_unchecked_const_iterator@V?$_Tree_val@U?$_Tree_simple_types@U?$pair@$$CBV?$basic_string@DU?$char_traits@D@std@@V?$allocator@D@2@@std@@V12@@std@@@std@@@std@@U_Iterator_base12@2@@std@@QAEAAV01@XZ 00430fe0 f i MRPROF.obj
 0002:00018110       ??F?$_Tree_const_iterator@V?$_Tree_val@U?$_Tree_simple_types@U?$pair@$$CBV?$basic_string@DU?$char_traits@D@std@@V?$allocator@D@2@@std@@V12@@std@@@std@@@std@@@std@@QAEAAV01@XZ 00431110 f i MRPROF.obj
 0002:000182f0       ??F?$_Tree_iterator@V?$_Tree_val@U?$_Tree_simple_types@U?$pair@$$CBV?$basic_string@DU?$char_traits@D@std@@V?$allocator@D@2@@std@@V12@@std@@@std@@@std@@@std@@QAEAAV01@XZ 004312f0 f i MRPROF.obj
 0002:00018350       ??F?$_Tree_unchecked_const_iterator@V?$_Tree_val@U?$_Tree_simple_types@U?$pair@$$CBV?$basic_string@DU?$char_traits@D@std@@V?$allocator@D@2@@std@@V12@@std@@@std@@@std@@U_Iterator_base12@2@@std@@QAEAAV01@XZ 00431350 f i MRPROF.obj
 0002:000184b0       ??R?$less@V?$basic_string@DU?$char_traits@D@std@@V?$allocator@D@2@@std@@@std@@QBE_NABV?$basic_string@DU?$char_traits@D@std@@V?$allocator@D@2@@1@0@Z 004314b0 f i MRPROF.obj
 0002:00018510       ??_G?$pair@$$CBV?$basic_string@DU?$char_traits@D@std@@V?$allocator@D@2@@std@@V12@@std@@QAEPAXI@Z 00431510 f i MRPROF.obj
 0002:00018580       ??_G_Generic_error_category@std@@UAEPAXI@Z 00431580 f i MRPROF.obj
 0002:00018580       ??_E_Generic_error_category@std@@UAEPAXI@Z 00431580 f i MRPROF.obj
 0002:000185f0       ??_E_Iostream_error_category@std@@UAEPAXI@Z 004315f0 f i MRPROF.obj
 0002:000185f0       ??_G_Iostream_error_category@std@@UAEPAXI@Z 004315f0 f i MRPROF.obj
 0002:00018660       ??_E_System_error_category@std@@UAEPAXI@Z 00431660 f i MRPROF.obj
 0002:00018660       ??_G_System_error_category@std@@UAEPAXI@Z 00431660 f i MRPROF.obj
 0002:000186d0       ??_Eerror_category@std@@UAEPAXI@Z 004316d0 f i MRPROF.obj
 0002:000186d0       ??_Gerror_category@std@@UAEPAXI@Z 004316d0 f i MRPROF.obj
 0002:00018740       ?_Adopt@_Iterator_base12@std@@QAEXPBU_Container_base12@2@@Z 00431740 f i MRPROF.obj
 0002:000188f0       ?_Alloc_proxy@?$_String_alloc@$0A@U?$_String_base_types@DV?$allocator@D@std@@@std@@@std@@QAEXXZ 004318f0 f i MRPROF.obj
 0002:000189c0       ?_Alloc_proxy@?$_Tree_alloc@$0A@U?$_Tree_base_types@U?$pair@$$CBV?$basic_string@DU?$char_traits@D@std@@V?$allocator@D@2@@std@@V12@@std@@V?$allocator@U?$pair@$$CBV?$basic_string@DU?$char_traits@D@std@@V?$allocator@D@2@@std@@V12@@std@@@2@@std@@@std@@QAEXXZ 004319c0 f i MRPROF.obj
 0002:00018aa0       ?_Assign_rv@?$basic_string@DU?$char_traits@D@std@@V?$allocator@D@2@@std@@QAEX$$QAV12@@Z 00431aa0 f i MRPROF.obj
 0002:00018b90       ?_Buyheadnode@?$_Tree_alloc@$0A@U?$_Tree_base_types@U?$pair@$$CBV?$basic_string@DU?$char_traits@D@std@@V?$allocator@D@2@@std@@V12@@std@@V?$allocator@U?$pair@$$CBV?$basic_string@DU?$char_traits@D@std@@V?$allocator@D@2@@std@@V12@@std@@@2@@std@@@std@@QAEPAU?$_Tree_node@U?$pair@$$CBV?$basic_string@DU?$char_traits@D@std@@V?$allocator@D@2@@std@@V12@@std@@PAX@2@XZ 00431b90 f i MRPROF.obj
 0002:00018df0       ?_Buynode0@?$_Tree_buy@U?$pair@$$CBV?$basic_string@DU?$char_traits@D@std@@V?$allocator@D@2@@std@@V12@@std@@V?$allocator@U?$pair@$$CBV?$basic_string@DU?$char_traits@D@std@@V?$allocator@D@2@@std@@V12@@std@@@2@@std@@QAEPAU?$_Tree_node@U?$pair@$$CBV?$basic_string@DU?$char_traits@D@std@@V?$allocator@D@2@@std@@V12@@std@@PAX@2@XZ 00431df0 f i MRPROF.obj
 0002:00019000       ?_Clrcont@_Iterator_base12@std@@QAEXXZ 00432000 f i MRPROF.obj
 0002:00019040       ?_Color@?$_Tree_val@U?$_Tree_simple_types@U?$pair@$$CBV?$basic_string@DU?$char_traits@D@std@@V?$allocator@D@2@@std@@V12@@std@@@std@@@std@@SAAADPAU?$_Tree_node@U?$pair@$$CBV?$basic_string@DU?$char_traits@D@std@@V?$allocator@D@2@@std@@V12@@std@@PAX@2@@Z 00432040 f i MRPROF.obj
 0002:00019080       ?_Copy@?$basic_string@DU?$char_traits@D@std@@V?$allocator@D@2@@std@@QAEXII@Z 00432080 f i MRPROF.obj
 0002:00019340       ?_Destroy_if_not_nil@?$_Tree@V?$_Tmap_traits@V?$basic_string@DU?$char_traits@D@std@@V?$allocator@D@2@@std@@V12@U?$less@V?$basic_string@DU?$char_traits@D@std@@V?$allocator@D@2@@std@@@2@V?$allocator@U?$pair@$$CBV?$basic_string@DU?$char_traits@D@std@@V?$allocator@D@2@@std@@V12@@std@@@2@$0A@@std@@@std@@IAEXPAU?$_Tree_node@U?$pair@$$CBV?$basic_string@DU?$char_traits@D@std@@V?$allocator@D@2@@std@@V12@@std@@PAX@2@@Z 00432340 f i MRPROF.obj
 0002:000193f0       ?_Eos@?$basic_string@DU?$char_traits@D@std@@V?$allocator@D@2@@std@@QAEXI@Z 004323f0 f i MRPROF.obj
 0002:00019470       ?_Erase@?$_Tree@V?$_Tmap_traits@V?$basic_string@DU?$char_traits@D@std@@V?$allocator@D@2@@std@@V12@U?$less@V?$basic_string@DU?$char_traits@D@std@@V?$allocator@D@2@@std@@@2@V?$allocator@U?$pair@$$CBV?$basic_string@DU?$char_traits@D@std@@V?$allocator@D@2@@std@@V12@@std@@@2@$0A@@std@@@std@@IAEXPAU?$_Tree_node@U?$pair@$$CBV?$basic_string@DU?$char_traits@D@std@@V?$allocator@D@2@@std@@V12@@std@@PAX@2@@Z 00432470 f i MRPROF.obj
 0002:00019580       ?_Free_proxy@?$_String_alloc@$0A@U?$_String_base_types@DV?$allocator@D@std@@@std@@@std@@QAEXXZ 00432580 f i MRPROF.obj
 0002:00019660       ?_Free_proxy@?$_Tree_alloc@$0A@U?$_Tree_base_types@U?$pair@$$CBV?$basic_string@DU?$char_traits@D@std@@V?$allocator@D@2@@std@@V12@@std@@V?$allocator@U?$pair@$$CBV?$basic_string@DU?$char_traits@D@std@@V?$allocator@D@2@@std@@V12@@std@@@2@@std@@@std@@QAEXXZ 00432660 f i MRPROF.obj
 0002:00019750       ?_Freeheadnode@?$_Tree_alloc@$0A@U?$_Tree_base_types@U?$pair@$$CBV?$basic_string@DU?$char_traits@D@std@@V?$allocator@D@2@@std@@V12@@std@@V?$allocator@U?$pair@$$CBV?$basic_string@DU?$char_traits@D@std@@V?$allocator@D@2@@std@@V12@@std@@@2@@std@@@std@@QAEXPAU?$_Tree_node@U?$pair@$$CBV?$basic_string@DU?$char_traits@D@std@@V?$allocator@D@2@@std@@V12@@std@@PAX@2@@Z 00432750 f i MRPROF.obj
 0002:00019860       ?_Freenode0@?$_Tree_buy@U?$pair@$$CBV?$basic_string@DU?$char_traits@D@std@@V?$allocator@D@2@@std@@V12@@std@@V?$allocator@U?$pair@$$CBV?$basic_string@DU?$char_traits@D@std@@V?$allocator@D@2@@std@@V12@@std@@@2@@std@@QAEXPAU?$_Tree_node@U?$pair@$$CBV?$basic_string@DU?$char_traits@D@std@@V?$allocator@D@2@@std@@V12@@std@@PAX@2@@Z 00432860 f i MRPROF.obj
 0002:00019970       ?_Getal@?$_String_alloc@$0A@U?$_String_base_types@DV?$allocator@D@std@@@std@@@std@@QBE?AU?$_Wrap_alloc@V?$allocator@D@std@@@2@XZ 00432970 f i MRPROF.obj
 0002:000199d0       ?_Getal@?$_Tree_alloc@$0A@U?$_Tree_base_types@U?$pair@$$CBV?$basic_string@DU?$char_traits@D@std@@V?$allocator@D@2@@std@@V12@@std@@V?$allocator@U?$pair@$$CBV?$basic_string@DU?$char_traits@D@std@@V?$allocator@D@2@@std@@V12@@std@@@2@@std@@@std@@QBE?AU?$_Wrap_alloc@V?$allocator@U?$_Tree_node@U?$pair@$$CBV?$basic_string@DU?$char_traits@D@std@@V?$allocator@D@2@@std@@V12@@std@@PAX@std@@@std@@@2@XZ 004329d0 f i MRPROF.obj
 0002:00019a30       ?_Getcomp@?$_Tree_comp@$0A@V?$_Tmap_traits@V?$basic_string@DU?$char_traits@D@std@@V?$allocator@D@2@@std@@V12@U?$less@V?$basic_string@DU?$char_traits@D@std@@V?$allocator@D@2@@std@@@2@V?$allocator@U?$pair@$$CBV?$basic_string@DU?$char_traits@D@std@@V?$allocator@D@2@@std@@V12@@std@@@2@$0A@@std@@@std@@QBE?AU?$less@V?$basic_string@DU?$char_traits@D@std@@V?$allocator@D@2@@std@@@2@XZ 00432a30 f i MRPROF.obj
 0002:00019a70       ?_Getcont@_Iterator_base12@std@@QBEPBU_Container_base12@2@XZ 00432a70 f i MRPROF.obj
 0002:00019ae0       ?_Getpnext@_Iterator_base12@std@@QAEPAPAU12@XZ 00432ae0 f i MRPROF.obj
 0002:00019b20       ?_Grow@?$basic_string@DU?$char_traits@D@std@@V?$allocator@D@2@@std@@QAE_NI_N@Z 00432b20 f i MRPROF.obj
 0002:00019c40       ?_Inside@?$basic_string@DU?$char_traits@D@std@@V?$allocator@D@2@@std@@QAE_NPBD@Z 00432c40 f i MRPROF.obj
 0002:00019cc0       ?_Isnil@?$_Tree_val@U?$_Tree_simple_types@U?$pair@$$CBV?$basic_string@DU?$char_traits@D@std@@V?$allocator@D@2@@std@@V12@@std@@@std@@@std@@SAAADPAU?$_Tree_node@U?$pair@$$CBV?$basic_string@DU?$char_traits@D@std@@V?$allocator@D@2@@std@@V12@@std@@PAX@2@@Z 00432cc0 f i MRPROF.obj
 0002:00019d00       ?_Key@?$_Tree@V?$_Tmap_traits@V?$basic_string@DU?$char_traits@D@std@@V?$allocator@D@2@@std@@V12@U?$less@V?$basic_string@DU?$char_traits@D@std@@V?$allocator@D@2@@std@@@2@V?$allocator@U?$pair@$$CBV?$basic_string@DU?$char_traits@D@std@@V?$allocator@D@2@@std@@V12@@std@@@2@$0A@@std@@@std@@IBEABV?$basic_string@DU?$char_traits@D@std@@V?$allocator@D@2@@2@PAU?$_Tree_node@U?$pair@$$CBV?$basic_string@DU?$char_traits@D@std@@V?$allocator@D@2@@std@@V12@@std@@PAX@2@@Z 00432d00 f i MRPROF.obj
 0002:00019d70       ?_Kfn@?$_Tree@V?$_Tmap_traits@V?$basic_string@DU?$char_traits@D@std@@V?$allocator@D@2@@std@@V12@U?$less@V?$basic_string@DU?$char_traits@D@std@@V?$allocator@D@2@@std@@@2@V?$allocator@U?$pair@$$CBV?$basic_string@DU?$char_traits@D@std@@V?$allocator@D@2@@std@@V12@@std@@@2@$0A@@std@@@std@@IBEABV?$basic_string@DU?$char_traits@D@std@@V?$allocator@D@2@@2@ABU?$pair@$$CBV?$basic_string@DU?$char_traits@D@std@@V?$allocator@D@2@@std@@V12@@2@@Z 00432d70 f i MRPROF.obj
 0002:00019dd0       ?_Lbound@?$_Tree@V?$_Tmap_traits@V?$basic_string@DU?$char_traits@D@std@@V?$allocator@D@2@@std@@V12@U?$less@V?$basic_string@DU?$char_traits@D@std@@V?$allocator@D@2@@std@@@2@V?$allocator@U?$pair@$$CBV?$basic_string@DU?$char_traits@D@std@@V?$allocator@D@2@@std@@V12@@std@@@2@$0A@@std@@@std@@IAEPAU?$_Tree_node@U?$pair@$$CBV?$basic_string@DU?$char_traits@D@std@@V?$allocator@D@2@@std@@V12@@std@@PAX@2@ABV?$basic_string@DU?$char_traits@D@std@@V?$allocator@D@2@@2@@Z 00432dd0 f i MRPROF.obj
 0002:00019ee0       ?_Left@?$_Tree_val@U?$_Tree_simple_types@U?$pair@$$CBV?$basic_string@DU?$char_traits@D@std@@V?$allocator@D@2@@std@@V12@@std@@@std@@@std@@SAAAPAU?$_Tree_node@U?$pair@$$CBV?$basic_string@DU?$char_traits@D@std@@V?$allocator@D@2@@std@@V12@@std@@PAX@2@PAU32@@Z 00432ee0 f i MRPROF.obj
 0002:00019f20       ?_Lmost@?$_Tree@V?$_Tmap_traits@V?$basic_string@DU?$char_traits@D@std@@V?$allocator@D@2@@std@@V12@U?$less@V?$basic_string@DU?$char_traits@D@std@@V?$allocator@D@2@@std@@@2@V?$allocator@U?$pair@$$CBV?$basic_string@DU?$char_traits@D@std@@V?$allocator@D@2@@std@@V12@@std@@@2@$0A@@std@@@std@@IBEAAPAU?$_Tree_node@U?$pair@$$CBV?$basic_string@DU?$char_traits@D@std@@V?$allocator@D@2@@std@@V12@@std@@PAX@2@XZ 00432f20 f i MRPROF.obj
 0002:00019f80       ?_Lrotate@?$_Tree@V?$_Tmap_traits@V?$basic_string@DU?$char_traits@D@std@@V?$allocator@D@2@@std@@V12@U?$less@V?$basic_string@DU?$char_traits@D@std@@V?$allocator@D@2@@std@@@2@V?$allocator@U?$pair@$$CBV?$basic_string@DU?$char_traits@D@std@@V?$allocator@D@2@@std@@V12@@std@@@2@$0A@@std@@@std@@IAEXPAU?$_Tree_node@U?$pair@$$CBV?$basic_string@DU?$char_traits@D@std@@V?$allocator@D@2@@std@@V12@@std@@PAX@2@@Z 00432f80 f i MRPROF.obj
 0002:0001a130       ?_Max@?$_Tree_val@U?$_Tree_simple_types@U?$pair@$$CBV?$basic_string@DU?$char_traits@D@std@@V?$allocator@D@2@@std@@V12@@std@@@std@@@std@@SAPAU?$_Tree_node@U?$pair@$$CBV?$basic_string@DU?$char_traits@D@std@@V?$allocator@D@2@@std@@V12@@std@@PAX@2@PAU32@@Z 00433130 f i MRPROF.obj
 0002:0001a1b0       ?_Min@?$_Tree_val@U?$_Tree_simple_types@U?$pair@$$CBV?$basic_string@DU?$char_traits@D@std@@V?$allocator@D@2@@std@@V12@@std@@@std@@@std@@SAPAU?$_Tree_node@U?$pair@$$CBV?$basic_string@DU?$char_traits@D@std@@V?$allocator@D@2@@std@@V12@@std@@PAX@2@PAU32@@Z 004331b0 f i MRPROF.obj
 0002:0001a230       ?_Mynode@?$_Tree_unchecked_const_iterator@V?$_Tree_val@U?$_Tree_simple_types@U?$pair@$$CBV?$basic_string@DU?$char_traits@D@std@@V?$allocator@D@2@@std@@V12@@std@@@std@@@std@@U_Iterator_base12@2@@std@@QBEPAU?$_Tree_node@U?$pair@$$CBV?$basic_string@DU?$char_traits@D@std@@V?$allocator@D@2@@std@@V12@@std@@PAX@2@XZ 00433230 f i MRPROF.obj
 0002:0001a270       ?_Myptr@?$_String_val@U?$_Simple_types@D@std@@@std@@QAEPADXZ 00433270 f i MRPROF.obj
 0002:0001a300       ?_Myptr@?$_String_val@U?$_Simple_types@D@std@@@std@@QBEPBDXZ 00433300 f i MRPROF.obj
 0002:0001a390       ?_Myval@?$_Tree_val@U?$_Tree_simple_types@U?$pair@$$CBV?$basic_string@DU?$char_traits@D@std@@V?$allocator@D@2@@std@@V12@@std@@@std@@@std@@SAAAU?$pair@$$CBV?$basic_string@DU?$char_traits@D@std@@V?$allocator@D@2@@std@@V12@@2@PAU?$_Tree_node@U?$pair@$$CBV?$basic_string@DU?$char_traits@D@std@@V?$allocator@D@2@@std@@V12@@std@@PAX@2@@Z 00433390 f i MRPROF.obj
 0002:0001a3d0       ?_Orphan_me@_Iterator_base12@std@@QAEXXZ 004333d0 f i MRPROF.obj
 0002:0001a4a0       ?_Orphan_ptr@?$_Tree@V?$_Tmap_traits@V?$basic_string@DU?$char_traits@D@std@@V?$allocator@D@2@@std@@V12@U?$less@V?$basic_string@DU?$char_traits@D@std@@V?$allocator@D@2@@std@@@2@V?$allocator@U?$pair@$$CBV?$basic_string@DU?$char_traits@D@std@@V?$allocator@D@2@@std@@V12@@std@@@2@$0A@@std@@@std@@IBEXAAV12@PAU?$_Tree_node@U?$pair@$$CBV?$basic_string@DU?$char_traits@D@std@@V?$allocator@D@2@@std@@V12@@std@@PAX@2@@Z 004334a0 f i MRPROF.obj
 0002:0001a630       ?_Parent@?$_Tree_val@U?$_Tree_simple_types@U?$pair@$$CBV?$basic_string@DU?$char_traits@D@std@@V?$allocator@D@2@@std@@V12@@std@@@std@@@std@@SAAAPAU?$_Tree_node@U?$pair@$$CBV?$basic_string@DU?$char_traits@D@std@@V?$allocator@D@2@@std@@V12@@std@@PAX@2@PAU32@@Z 00433630 f i MRPROF.obj
 0002:0001a670       ?_Right@?$_Tree_val@U?$_Tree_simple_types@U?$pair@$$CBV?$basic_string@DU?$char_traits@D@std@@V?$allocator@D@2@@std@@V12@@std@@@std@@@std@@SAAAPAU?$_Tree_node@U?$pair@$$CBV?$basic_string@DU?$char_traits@D@std@@V?$allocator@D@2@@std@@V12@@std@@PAX@2@PAU32@@Z 00433670 f i MRPROF.obj
 0002:0001a6b0       ?_Rmost@?$_Tree@V?$_Tmap_traits@V?$basic_string@DU?$char_traits@D@std@@V?$allocator@D@2@@std@@V12@U?$less@V?$basic_string@DU?$char_traits@D@std@@V?$allocator@D@2@@std@@@2@V?$allocator@U?$pair@$$CBV?$basic_string@DU?$char_traits@D@std@@V?$allocator@D@2@@std@@V12@@std@@@2@$0A@@std@@@std@@IBEAAPAU?$_Tree_node@U?$pair@$$CBV?$basic_string@DU?$char_traits@D@std@@V?$allocator@D@2@@std@@V12@@std@@PAX@2@XZ 004336b0 f i MRPROF.obj
 0002:0001a710       ?_Root@?$_Tree@V?$_Tmap_traits@V?$basic_string@DU?$char_traits@D@std@@V?$allocator@D@2@@std@@V12@U?$less@V?$basic_string@DU?$char_traits@D@std@@V?$allocator@D@2@@std@@@2@V?$allocator@U?$pair@$$CBV?$basic_string@DU?$char_traits@D@std@@V?$allocator@D@2@@std@@V12@@std@@@2@$0A@@std@@@std@@IBEAAPAU?$_Tree_node@U?$pair@$$CBV?$basic_string@DU?$char_traits@D@std@@V?$allocator@D@2@@std@@V12@@std@@PAX@2@XZ 00433710 f i MRPROF.obj
 0002:0001a770       ?_Rrotate@?$_Tree@V?$_Tmap_traits@V?$basic_string@DU?$char_traits@D@std@@V?$allocator@D@2@@std@@V12@U?$less@V?$basic_string@DU?$char_traits@D@std@@V?$allocator@D@2@@std@@@2@V?$allocator@U?$pair@$$CBV?$basic_string@DU?$char_traits@D@std@@V?$allocator@D@2@@std@@V12@@std@@@2@$0A@@std@@@std@@IAEXPAU?$_Tree_node@U?$pair@$$CBV?$basic_string@DU?$char_traits@D@std@@V?$allocator@D@2@@std@@V12@@std@@PAX@2@@Z 00433770 f i MRPROF.obj
 0002:0001a920       ?_Tidy@?$_Tree@V?$_Tmap_traits@V?$basic_string@DU?$char_traits@D@std@@V?$allocator@D@2@@std@@V12@U?$less@V?$basic_string@DU?$char_traits@D@std@@V?$allocator@D@2@@std@@@2@V?$allocator@U?$pair@$$CBV?$basic_string@DU?$char_traits@D@std@@V?$allocator@D@2@@std@@V12@@std@@@2@$0A@@std@@@std@@IAEXXZ 00433920 f i MRPROF.obj
 0002:0001aab0       ?_Tidy@?$basic_string@DU?$char_traits@D@std@@V?$allocator@D@2@@std@@QAEX_NI@Z 00433ab0 f i MRPROF.obj
 0002:0001abc0       ?_Xlen@?$basic_string@DU?$char_traits@D@std@@V?$allocator@D@2@@std@@QBEXXZ 00433bc0 f i MRPROF.obj
 0002:0001ac20       ?_Xran@?$basic_string@DU?$char_traits@D@std@@V?$allocator@D@2@@std@@QBEXXZ 00433c20 f i MRPROF.obj
 0002:0001ac80       ?allocate@?$_Wrap_alloc@V?$allocator@D@std@@@std@@QAEPADI@Z 00433c80 f i MRPROF.obj
 0002:0001ace0       ?allocate@?$_Wrap_alloc@V?$allocator@U?$_Tree_node@U?$pair@$$CBV?$basic_string@DU?$char_traits@D@std@@V?$allocator@D@2@@std@@V12@@std@@PAX@std@@@std@@@std@@QAEPAU?$_Tree_node@U?$pair@$$CBV?$basic_string@DU?$char_traits@D@std@@V?$allocator@D@2@@std@@V12@@std@@PAX@2@I@Z 00433ce0 f i MRPROF.obj
 0002:0001ad40       ?allocate@?$_Wrap_alloc@V?$allocator@U_Container_proxy@std@@@std@@@std@@QAEPAU_Container_proxy@2@I@Z 00433d40 f i MRPROF.obj
 0002:0001ada0       ?allocate@?$allocator@D@std@@QAEPADI@Z 00433da0 f i MRPROF.obj
 0002:0001ae00       ?allocate@?$allocator@U?$_Tree_node@U?$pair@$$CBV?$basic_string@DU?$char_traits@D@std@@V?$allocator@D@2@@std@@V12@@std@@PAX@std@@@std@@QAEPAU?$_Tree_node@U?$pair@$$CBV?$basic_string@DU?$char_traits@D@std@@V?$allocator@D@2@@std@@V12@@std@@PAX@2@I@Z 00433e00 f i MRPROF.obj
 0002:0001ae60       ?allocate@?$allocator@U_Container_proxy@std@@@std@@QAEPAU_Container_proxy@2@I@Z 00433e60 f i MRPROF.obj
 0002:0001aec0       ?assign@?$basic_string@DU?$char_traits@D@std@@V?$allocator@D@2@@std@@QAEAAV12@ABV12@II@Z 00433ec0 f i MRPROF.obj
 0002:0001afd0       ?assign@?$basic_string@DU?$char_traits@D@std@@V?$allocator@D@2@@std@@QAEAAV12@PBD@Z 00433fd0 f i MRPROF.obj
 0002:0001b060       ?assign@?$basic_string@DU?$char_traits@D@std@@V?$allocator@D@2@@std@@QAEAAV12@PBDI@Z 00434060 f i MRPROF.obj
 0002:0001b160       ?assign@?$char_traits@D@std@@SAXAADABD@Z 00434160 f i MRPROF.obj
 0002:0001b1a0       ?begin@?$_Tree@V?$_Tmap_traits@V?$basic_string@DU?$char_traits@D@std@@V?$allocator@D@2@@std@@V12@U?$less@V?$basic_string@DU?$char_traits@D@std@@V?$allocator@D@2@@std@@@2@V?$allocator@U?$pair@$$CBV?$basic_string@DU?$char_traits@D@std@@V?$allocator@D@2@@std@@V12@@std@@@2@$0A@@std@@@std@@QAE?AV?$_Tree_iterator@V?$_Tree_val@U?$_Tree_simple_types@U?$pair@$$CBV?$basic_string@DU?$char_traits@D@std@@V?$allocator@D@2@@std@@V12@@std@@@std@@@std@@@2@XZ 004341a0 f i MRPROF.obj
 0002:0001b210       ?c_str@?$basic_string@DU?$char_traits@D@std@@V?$allocator@D@2@@std@@QBEPBDXZ 00434210 f i MRPROF.obj
 0002:0001b260       ?category@error_code@std@@QBEABVerror_category@2@XZ 00434260 f i MRPROF.obj
 0002:0001b2a0       ?category@error_condition@std@@QBEABVerror_category@2@XZ 004342a0 f i MRPROF.obj
 0002:0001b2e0       ?clear@?$_Tree@V?$_Tmap_traits@V?$basic_string@DU?$char_traits@D@std@@V?$allocator@D@2@@std@@V12@U?$less@V?$basic_string@DU?$char_traits@D@std@@V?$allocator@D@2@@std@@@2@V?$allocator@U?$pair@$$CBV?$basic_string@DU?$char_traits@D@std@@V?$allocator@D@2@@std@@V12@@std@@@2@$0A@@std@@@std@@QAEXXZ 004342e0 f i MRPROF.obj
 0002:0001b3a0       ?compare@?$basic_string@DU?$char_traits@D@std@@V?$allocator@D@2@@std@@QBEHABV12@@Z 004343a0 f i MRPROF.obj
 0002:0001b420       ?compare@?$basic_string@DU?$char_traits@D@std@@V?$allocator@D@2@@std@@QBEHIIPBDI@Z 00434420 f i MRPROF.obj
 0002:0001b590       ?compare@?$char_traits@D@std@@SAHPBD0I@Z 00434590 f i MRPROF.obj
 0002:0001b610       ?copy@?$char_traits@D@std@@SAPADPADPBDI@Z 00434610 f i MRPROF.obj
 0002:0001b690       ?deallocate@?$_Wrap_alloc@V?$allocator@D@std@@@std@@QAEXPADI@Z 00434690 f i MRPROF.obj
 0002:0001b6f0       ?deallocate@?$_Wrap_alloc@V?$allocator@U?$_Tree_node@U?$pair@$$CBV?$basic_string@DU?$char_traits@D@std@@V?$allocator@D@2@@std@@V12@@std@@PAX@std@@@std@@@std@@QAEXPAU?$_Tree_node@U?$pair@$$CBV?$basic_string@DU?$char_traits@D@std@@V?$allocator@D@2@@std@@V12@@std@@PAX@2@I@Z 004346f0 f i MRPROF.obj
 0002:0001b750       ?deallocate@?$_Wrap_alloc@V?$allocator@U_Container_proxy@std@@@std@@@std@@QAEXPAU_Container_proxy@2@I@Z 00434750 f i MRPROF.obj
 0002:0001b7b0       ?deallocate@?$allocator@D@std@@QAEXPADI@Z 004347b0 f i MRPROF.obj
 0002:0001b810       ?deallocate@?$allocator@U?$_Tree_node@U?$pair@$$CBV?$basic_string@DU?$char_traits@D@std@@V?$allocator@D@2@@std@@V12@@std@@PAX@std@@@std@@QAEXPAU?$_Tree_node@U?$pair@$$CBV?$basic_string@DU?$char_traits@D@std@@V?$allocator@D@2@@std@@V12@@std@@PAX@2@I@Z 00434810 f i MRPROF.obj
 0002:0001b870       ?deallocate@?$allocator@U_Container_proxy@std@@@std@@QAEXPAU_Container_proxy@2@I@Z 00434870 f i MRPROF.obj
 0002:0001b8d0       ?default_error_condition@_System_error_category@std@@UBE?AVerror_condition@2@H@Z 004348d0 f i MRPROF.obj
 0002:0001b980       ?default_error_condition@error_category@std@@UBE?AVerror_condition@2@H@Z 00434980 f i MRPROF.obj
 0002:0001b9e0       ?end@?$_Tree@V?$_Tmap_traits@V?$basic_string@DU?$char_traits@D@std@@V?$allocator@D@2@@std@@V12@U?$less@V?$basic_string@DU?$char_traits@D@std@@V?$allocator@D@2@@std@@@2@V?$allocator@U?$pair@$$CBV?$basic_string@DU?$char_traits@D@std@@V?$allocator@D@2@@std@@V12@@std@@@2@$0A@@std@@@std@@QAE?AV?$_Tree_iterator@V?$_Tree_val@U?$_Tree_simple_types@U?$pair@$$CBV?$basic_string@DU?$char_traits@D@std@@V?$allocator@D@2@@std@@V12@@std@@@std@@@std@@@2@XZ 004349e0 f i MRPROF.obj
 0002:0001ba50       ?equivalent@error_category@std@@UBE_NABVerror_code@2@H@Z 00434a50 f i MRPROF.obj
 0002:0001baf0       ?equivalent@error_category@std@@UBE_NHABVerror_condition@2@@Z 00434af0 f i MRPROF.obj
 0002:0001bb70       ?erase@?$_Tree@V?$_Tmap_traits@V?$basic_string@DU?$char_traits@D@std@@V?$allocator@D@2@@std@@V12@U?$less@V?$basic_string@DU?$char_traits@D@std@@V?$allocator@D@2@@std@@@2@V?$allocator@U?$pair@$$CBV?$basic_string@DU?$char_traits@D@std@@V?$allocator@D@2@@std@@V12@@std@@@2@$0A@@std@@@std@@QAE?AV?$_Tree_iterator@V?$_Tree_val@U?$_Tree_simple_types@U?$pair@$$CBV?$basic_string@DU?$char_traits@D@std@@V?$allocator@D@2@@std@@V12@@std@@@std@@@std@@@2@V?$_Tree_const_iterator@V?$_Tree_val@U?$_Tree_simple_types@U?$pair@$$CBV?$basic_string@DU?$char_traits@D@std@@V?$allocator@D@2@@std@@V12@@std@@@std@@@std@@@2@0@Z 00434b70 f i MRPROF.obj
 0002:0001be90       ?erase@?$_Tree@V?$_Tmap_traits@V?$basic_string@DU?$char_traits@D@std@@V?$allocator@D@2@@std@@V12@U?$less@V?$basic_string@DU?$char_traits@D@std@@V?$allocator@D@2@@std@@@2@V?$allocator@U?$pair@$$CBV?$basic_string@DU?$char_traits@D@std@@V?$allocator@D@2@@std@@V12@@std@@@2@$0A@@std@@@std@@QAE?AV?$_Tree_iterator@V?$_Tree_val@U?$_Tree_simple_types@U?$pair@$$CBV?$basic_string@DU?$char_traits@D@std@@V?$allocator@D@2@@std@@V12@@std@@@std@@@std@@@2@V?$_Tree_const_iterator@V?$_Tree_val@U?$_Tree_simple_types@U?$pair@$$CBV?$basic_string@DU?$char_traits@D@std@@V?$allocator@D@2@@std@@V12@@std@@@std@@@std@@@2@@Z 00434e90 f i MRPROF.obj
 0002:0001c910       ?erase@?$basic_string@DU?$char_traits@D@std@@V?$allocator@D@2@@std@@QAEAAV12@I@Z 00435910 f i MRPROF.obj
 0002:0001c990       ?erase@?$basic_string@DU?$char_traits@D@std@@V?$allocator@D@2@@std@@QAEAAV12@II@Z 00435990 f i MRPROF.obj
 0002:0001ca70       ?find@?$_Tree@V?$_Tmap_traits@V?$basic_string@DU?$char_traits@D@std@@V?$allocator@D@2@@std@@V12@U?$less@V?$basic_string@DU?$char_traits@D@std@@V?$allocator@D@2@@std@@@2@V?$allocator@U?$pair@$$CBV?$basic_string@DU?$char_traits@D@std@@V?$allocator@D@2@@std@@V12@@std@@@2@$0A@@std@@@std@@QAE?AV?$_Tree_iterator@V?$_Tree_val@U?$_Tree_simple_types@U?$pair@$$CBV?$basic_string@DU?$char_traits@D@std@@V?$allocator@D@2@@std@@V12@@std@@@std@@@std@@@2@ABV?$basic_string@DU?$char_traits@D@std@@V?$allocator@D@2@@2@@Z 00435a70 f i MRPROF.obj
 0002:0001cd80       ?generic_category@std@@YAABVerror_category@1@XZ 00435d80 f i MRPROF.obj
 0002:0001cdc0       ?length@?$char_traits@D@std@@SAIPBD@Z 00435dc0 f i MRPROF.obj
 0002:0001ce40       ?lower_bound@?$_Tree@V?$_Tmap_traits@V?$basic_string@DU?$char_traits@D@std@@V?$allocator@D@2@@std@@V12@U?$less@V?$basic_string@DU?$char_traits@D@std@@V?$allocator@D@2@@std@@@2@V?$allocator@U?$pair@$$CBV?$basic_string@DU?$char_traits@D@std@@V?$allocator@D@2@@std@@V12@@std@@@2@$0A@@std@@@std@@QAE?AV?$_Tree_iterator@V?$_Tree_val@U?$_Tree_simple_types@U?$pair@$$CBV?$basic_string@DU?$char_traits@D@std@@V?$allocator@D@2@@std@@V12@@std@@@std@@@std@@@2@ABV?$basic_string@DU?$char_traits@D@std@@V?$allocator@D@2@@2@@Z 00435e40 f i MRPROF.obj
 0002:0001ced0       ?max_size@?$_Tree@V?$_Tmap_traits@V?$basic_string@DU?$char_traits@D@std@@V?$allocator@D@2@@std@@V12@U?$less@V?$basic_string@DU?$char_traits@D@std@@V?$allocator@D@2@@std@@@2@V?$allocator@U?$pair@$$CBV?$basic_string@DU?$char_traits@D@std@@V?$allocator@D@2@@std@@V12@@std@@@2@$0A@@std@@@std@@QBEIXZ 00435ed0 f i MRPROF.obj
 0002:0001cf30       ?max_size@?$_Wrap_alloc@V?$allocator@D@std@@@std@@QBEIXZ 00435f30 f i MRPROF.obj
 0002:0001cf90       ?max_size@?$_Wrap_alloc@V?$allocator@U?$_Tree_node@U?$pair@$$CBV?$basic_string@DU?$char_traits@D@std@@V?$allocator@D@2@@std@@V12@@std@@PAX@std@@@std@@@std@@QBEIXZ 00435f90 f i MRPROF.obj
 0002:0001cff0       ?max_size@?$allocator@D@std@@QBEIXZ 00435ff0 f i MRPROF.obj
 0002:0001d030       ?max_size@?$allocator@U?$_Tree_node@U?$pair@$$CBV?$basic_string@DU?$char_traits@D@std@@V?$allocator@D@2@@std@@V12@@std@@PAX@std@@@std@@QBEIXZ 00436030 f i MRPROF.obj
 0002:0001d070       ?max_size@?$allocator_traits@V?$allocator@D@std@@@std@@SAIABV?$allocator@D@2@@Z 00436070 f i MRPROF.obj
 0002:0001d0c0       ?max_size@?$allocator_traits@V?$allocator@U?$_Tree_node@U?$pair@$$CBV?$basic_string@DU?$char_traits@D@std@@V?$allocator@D@2@@std@@V12@@std@@PAX@std@@@std@@@std@@SAIABV?$allocator@U?$_Tree_node@U?$pair@$$CBV?$basic_string@DU?$char_traits@D@std@@V?$allocator@D@2@@std@@V12@@std@@PAX@std@@@2@@Z 004360c0 f i MRPROF.obj
 0002:0001d110       ?max_size@?$basic_string@DU?$char_traits@D@std@@V?$allocator@D@2@@std@@QBEIXZ 00436110 f i MRPROF.obj
 0002:0001d1b0       ?message@_Generic_error_category@std@@UBE?AV?$basic_string@DU?$char_traits@D@std@@V?$allocator@D@2@@2@H@Z 004361b0 f i MRPROF.obj
 0002:0001d270       ?message@_Iostream_error_category@std@@UBE?AV?$basic_string@DU?$char_traits@D@std@@V?$allocator@D@2@@2@H@Z 00436270 f i MRPROF.obj
 0002:0001d330       ?message@_System_error_category@std@@UBE?AV?$basic_string@DU?$char_traits@D@std@@V?$allocator@D@2@@2@H@Z 00436330 f i MRPROF.obj
 0002:0001d3f0       ?move@?$char_traits@D@std@@SAPADPADPBDI@Z 004363f0 f i MRPROF.obj
 0002:0001d480       ?name@_Generic_error_category@std@@UBEPBDXZ 00436480 f i MRPROF.obj
 0002:0001d4c0       ?name@_Iostream_error_category@std@@UBEPBDXZ 004364c0 f i MRPROF.obj
 0002:0001d500       ?name@_System_error_category@std@@UBEPBDXZ 00436500 f i MRPROF.obj
 0002:0001d540       ?pointer_to@?$pointer_traits@PAU?$pair@$$CBV?$basic_string@DU?$char_traits@D@std@@V?$allocator@D@2@@std@@V12@@std@@@std@@SAPAU?$pair@$$CBV?$basic_string@DU?$char_traits@D@std@@V?$allocator@D@2@@std@@V12@@2@AAU32@@Z 00436540 f i MRPROF.obj
 0002:0001d590       ?size@?$basic_string@DU?$char_traits@D@std@@V?$allocator@D@2@@std@@QBEIXZ 00436590 f i MRPROF.obj
 0002:0001d5d0       ?system_category@std@@YAABVerror_category@1@XZ 004365d0 f i MRPROF.obj
 0002:0001d610       ?value@error_code@std@@QBEHXZ 00436610 f i MRPROF.obj
 0002:0001d650       ?value@error_condition@std@@QBEHXZ 00436650 f i MRPROF.obj
 0002:0001d690       ?GetArguments@@YAXPADH@Z   00436690 f   MRSUFU.obj
 0002:0001d8c0       ?De_crlf@@YAXPAD@Z         004368c0 f   MRSUFU.obj
 0002:0001d9f0       ??0sizedBuffer@@QAE@XZ     004369f0 f   sizedBuffer.obj
 0002:0001da40       ??0sizedBuffer@@QAE@PBEHH@Z 00436a40 f   sizedBuffer.obj
 0002:0001db00       ??0sizedBuffer@@QAE@ABV0@@Z 00436b00 f   sizedBuffer.obj
 0002:0001db60       ??1sizedBuffer@@UAE@XZ     00436b60 f   sizedBuffer.obj
 0002:0001dbd0       ??0sizedBuffer@@QAE@$$QAV0@@Z 00436bd0 f   sizedBuffer.obj
 0002:0001dc50       ??4sizedBuffer@@QAEAAV0@$$QAV0@@Z 00436c50 f   sizedBuffer.obj
 0002:0001dce0       ?size@sizedBuffer@@QBEHXZ  00436ce0 f   sizedBuffer.obj
 0002:0001dd10       ?data@sizedBuffer@@QBEPBEXZ 00436d10 f   sizedBuffer.obj
 0002:0001dd40       ?ref@sizedBuffer@@QBEHXZ   00436d40 f   sizedBuffer.obj
 0002:0001dd70       ??4sizedBuffer@@QAEAAV0@ABV0@@Z 00436d70 f   sizedBuffer.obj
 0002:0001ddf0       ??8@YA_NABVsizedBuffer@@0@Z 00436df0 f   sizedBuffer.obj
 0002:0001de70       ??AsizedBuffer@@QBEEH@Z    00436e70 f   sizedBuffer.obj
 0002:0001dec0       ?doCopy@sizedBuffer@@AAEXABV1@@Z 00436ec0 f   sizedBuffer.obj
 0002:0001e0f0       ??_GsizedBuffer@@UAEPAXI@Z 004370f0 f i sizedBuffer.obj
 0002:0001e0f0       ??_EsizedBuffer@@UAEPAXI@Z 004370f0 f i sizedBuffer.obj
 0002:0001e160       ?readConfigSection@ccConfig@@SAXABV?$basic_string@DU?$char_traits@D@std@@V?$allocator@D@2@@std@@0AAV?$map@V?$basic_string@DU?$char_traits@D@std@@V?$allocator@D@2@@std@@V12@U?$less@V?$basic_string@DU?$char_traits@D@std@@V?$allocator@D@2@@std@@@2@V?$allocator@U?$pair@$$CBV?$basic_string@DU?$char_traits@D@std@@V?$allocator@D@2@@std@@V12@@std@@@2@@3@@Z 00437160 f   ccConfig.obj
 0002:0001e360       ?readConfigSectionRoot@ccConfig@@SAXABV?$basic_string@DU?$char_traits@D@std@@V?$allocator@D@2@@std@@0AAV?$map@V?$basic_string@DU?$char_traits@D@std@@V?$allocator@D@2@@std@@V12@U?$less@V?$basic_string@DU?$char_traits@D@std@@V?$allocator@D@2@@std@@@2@V?$allocator@U?$pair@$$CBV?$basic_string@DU?$char_traits@D@std@@V?$allocator@D@2@@std@@V12@@std@@@2@@3@@Z 00437360 f   ccConfig.obj
 0002:0001e4a0       ?readConfigSection@ccConfig@@SAXHABV?$basic_string@DU?$char_traits@D@std@@V?$allocator@D@2@@std@@AAV?$map@V?$basic_string@DU?$char_traits@D@std@@V?$allocator@D@2@@std@@V12@U?$less@V?$basic_string@DU?$char_traits@D@std@@V?$allocator@D@2@@std@@@2@V?$allocator@U?$pair@$$CBV?$basic_string@DU?$char_traits@D@std@@V?$allocator@D@2@@std@@V12@@std@@@2@@3@@Z 004374a0 f   ccConfig.obj
 0002:0001e610       ?deleteKeysFromSectionRoot@ccConfig@@SAXABV?$basic_string@DU?$char_traits@D@std@@V?$allocator@D@2@@std@@00@Z 00437610 f   ccConfig.obj
 0002:0001e880       ?writeConfigSection@ccConfig@@SAXABV?$basic_string@DU?$char_traits@D@std@@V?$allocator@D@2@@std@@0ABV?$map@V?$basic_string@DU?$char_traits@D@std@@V?$allocator@D@2@@std@@V12@U?$less@V?$basic_string@DU?$char_traits@D@std@@V?$allocator@D@2@@std@@@2@V?$allocator@U?$pair@$$CBV?$basic_string@DU?$char_traits@D@std@@V?$allocator@D@2@@std@@V12@@std@@@2@@3@@Z 00437880 f   ccConfig.obj
 0002:0001ea80       ?writeConfigSectionRoot@ccConfig@@SAXABV?$basic_string@DU?$char_traits@D@std@@V?$allocator@D@2@@std@@0ABV?$map@V?$basic_string@DU?$char_traits@D@std@@V?$allocator@D@2@@std@@V12@U?$less@V?$basic_string@DU?$char_traits@D@std@@V?$allocator@D@2@@std@@@2@V?$allocator@U?$pair@$$CBV?$basic_string@DU?$char_traits@D@std@@V?$allocator@D@2@@std@@V12@@std@@@2@@3@@Z 00437a80 f   ccConfig.obj
 0002:0001ebc0       ?writeConfigSection@ccConfig@@SAXHABV?$basic_string@DU?$char_traits@D@std@@V?$allocator@D@2@@std@@ABV?$map@V?$basic_string@DU?$char_traits@D@std@@V?$allocator@D@2@@std@@V12@U?$less@V?$basic_string@DU?$char_traits@D@std@@V?$allocator@D@2@@std@@@2@V?$allocator@U?$pair@$$CBV?$basic_string@DU?$char_traits@D@std@@V?$allocator@D@2@@std@@V12@@std@@@2@@3@@Z 00437bc0 f   ccConfig.obj
 0002:0001ed30       ?getString@ccConfig@@SA?AV?$basic_string@DU?$char_traits@D@std@@V?$allocator@D@2@@std@@ABV23@000_N@Z 00437d30 f   ccConfig.obj
 0002:0001ef40       ?getString@ccConfig@@SA?AV?$basic_string@DU?$char_traits@D@std@@V?$allocator@D@2@@std@@HABV23@00_N@Z 00437f40 f   ccConfig.obj
 0002:0001f150       ?setString@ccConfig@@SAXABV?$basic_string@DU?$char_traits@D@std@@V?$allocator@D@2@@std@@000@Z 00438150 f   ccConfig.obj
 0002:0001f2b0       ?setString@ccConfig@@SAXHABV?$basic_string@DU?$char_traits@D@std@@V?$allocator@D@2@@std@@00@Z 004382b0 f   ccConfig.obj
 0002:0001f420       ?getInt@ccConfig@@SAHABV?$basic_string@DU?$char_traits@D@std@@V?$allocator@D@2@@std@@00H_N@Z 00438420 f   ccConfig.obj
 0002:0001f600       ?getInt@ccConfig@@SAHHABV?$basic_string@DU?$char_traits@D@std@@V?$allocator@D@2@@std@@0H_N@Z 00438600 f   ccConfig.obj
 0002:0001f7f0       ?getDevPath@ccConfig@@SA?AV?$basic_string@DU?$char_traits@D@std@@V?$allocator@D@2@@std@@XZ 004387f0 f   ccConfig.obj
 0002:0001fa40       ?getSystem@ccConfig@@SA?AV?$basic_string@DU?$char_traits@D@std@@V?$allocator@D@2@@std@@XZ 00438a40 f   ccConfig.obj
 0002:0001fbc0       ?getDevPath@ccConfig@@SA?AV?$basic_string@DU?$char_traits@D@std@@V?$allocator@D@2@@std@@H@Z 00438bc0 f   ccConfig.obj
 0002:0001fd20       ?getDevPath@ccConfig@@SA?AV?$basic_string@DU?$char_traits@D@std@@V?$allocator@D@2@@std@@ABV23@@Z 00438d20 f   ccConfig.obj
 0002:0001fe50       ?isV4Based@ccConfig@@SA_NXZ 00438e50 f   ccConfig.obj
 0002:0001ff00       ?isV3Based@ccConfig@@SA_NXZ 00438f00 f   ccConfig.obj
 0002:0001ffd0       ?workstation@ccConfig@@SAHXZ 00438fd0 f   ccConfig.obj
 0002:00020260       ?sectionsAbs@ccConfig@@SAXABV?$basic_string@DU?$char_traits@D@std@@V?$allocator@D@2@@std@@AAV?$list@V?$basic_string@DU?$char_traits@D@std@@V?$allocator@D@2@@std@@V?$allocator@V?$basic_string@DU?$char_traits@D@std@@V?$allocator@D@2@@std@@@2@@3@@Z 00439260 f   ccConfig.obj
 0002:00020470       ?sections@ccConfig@@SAXABV?$basic_string@DU?$char_traits@D@std@@V?$allocator@D@2@@std@@AAV?$list@V?$basic_string@DU?$char_traits@D@std@@V?$allocator@D@2@@std@@V?$allocator@V?$basic_string@DU?$char_traits@D@std@@V?$allocator@D@2@@std@@@2@@3@@Z 00439470 f   ccConfig.obj
 0002:00020660       ?sectionsRoot@ccConfig@@SAXABV?$basic_string@DU?$char_traits@D@std@@V?$allocator@D@2@@std@@AAV?$list@V?$basic_string@DU?$char_traits@D@std@@V?$allocator@D@2@@std@@V?$allocator@V?$basic_string@DU?$char_traits@D@std@@V?$allocator@D@2@@std@@@2@@3@@Z 00439660 f   ccConfig.obj
 0002:000207a0       ?sections@ccConfig@@SAXHAAV?$list@V?$basic_string@DU?$char_traits@D@std@@V?$allocator@D@2@@std@@V?$allocator@V?$basic_string@DU?$char_traits@D@std@@V?$allocator@D@2@@std@@@2@@std@@@Z 004397a0 f   ccConfig.obj
 0002:00020910       ?deleteSectionRoot@ccConfig@@SAXABV?$basic_string@DU?$char_traits@D@std@@V?$allocator@D@2@@std@@0@Z 00439910 f   ccConfig.obj
 0002:00020a50       ??0ccConfig@@QAE@XZ        00439a50 f   ccConfig.obj
 0002:00020af0       ??0ccConfig@@QAE@ABV?$basic_string@DU?$char_traits@D@std@@V?$allocator@D@2@@std@@0@Z 00439af0 f   ccConfig.obj
 0002:00020c10       ??0ccConfig@@QAE@HABV?$basic_string@DU?$char_traits@D@std@@V?$allocator@D@2@@std@@@Z 00439c10 f   ccConfig.obj
 0002:00020d30       ??1ccConfig@@UAE@XZ        00439d30 f   ccConfig.obj
 0002:00020da0       ?getString@ccConfig@@QAE?AV?$basic_string@DU?$char_traits@D@std@@V?$allocator@D@2@@std@@ABV23@0_N@Z 00439da0 f   ccConfig.obj
 0002:00020f60       ?setString@ccConfig@@QAEXABV?$basic_string@DU?$char_traits@D@std@@V?$allocator@D@2@@std@@0@Z 00439f60 f   ccConfig.obj
 0002:000210c0       ?getInt@ccConfig@@QAEHABV?$basic_string@DU?$char_traits@D@std@@V?$allocator@D@2@@std@@H_N@Z 0043a0c0 f   ccConfig.obj
 0002:000212a0       ?developerMode@ccConfig@@SA_NXZ 0043a2a0 f   ccConfig.obj
 0002:00021340       ?getLogPath@ccConfig@@SA?AV?$basic_string@DU?$char_traits@D@std@@V?$allocator@D@2@@std@@ABV23@0@Z 0043a340 f   ccConfig.obj
 0002:00021510       ?readConfigSectionAbs@ccConfig@@CAXABV?$basic_string@DU?$char_traits@D@std@@V?$allocator@D@2@@std@@0AAV?$map@V?$basic_string@DU?$char_traits@D@std@@V?$allocator@D@2@@std@@V12@U?$less@V?$basic_string@DU?$char_traits@D@std@@V?$allocator@D@2@@std@@@2@V?$allocator@U?$pair@$$CBV?$basic_string@DU?$char_traits@D@std@@V?$allocator@D@2@@std@@V12@@std@@@2@@3@@Z 0043a510 f   ccConfig.obj
 0002:00021910       ?writeConfigSectionAbs@ccConfig@@CAXABV?$basic_string@DU?$char_traits@D@std@@V?$allocator@D@2@@std@@0ABV?$map@V?$basic_string@DU?$char_traits@D@std@@V?$allocator@D@2@@std@@V12@U?$less@V?$basic_string@DU?$char_traits@D@std@@V?$allocator@D@2@@std@@@2@V?$allocator@U?$pair@$$CBV?$basic_string@DU?$char_traits@D@std@@V?$allocator@D@2@@std@@V12@@std@@@2@@3@@Z 0043a910 f   ccConfig.obj
 0002:00021f10       ?buftolower@ccConfig@@CAPADPAD@Z 0043af10 f   ccConfig.obj
 0002:00021fb0       ?strtolower@ccConfig@@CA?AV?$basic_string@DU?$char_traits@D@std@@V?$allocator@D@2@@std@@ABV23@@Z 0043afb0 f   ccConfig.obj
 0002:00022100       ?find@ccConfig@@AAE?AV?$_Tree_iterator@V?$_Tree_val@U?$_Tree_simple_types@U?$pair@$$CBV?$basic_string@DU?$char_traits@D@std@@V?$allocator@D@2@@std@@V12@@std@@@std@@@std@@@std@@ABV?$basic_string@DU?$char_traits@D@std@@V?$allocator@D@2@@3@@Z 0043b100 f   ccConfig.obj
 0002:000233b0       ??$?0AAV?$basic_string@DU?$char_traits@D@std@@V?$allocator@D@2@@std@@AAV01@X@?$pair@V?$basic_string@DU?$char_traits@D@std@@V?$allocator@D@2@@std@@V12@@std@@QAE@AAV?$basic_string@DU?$char_traits@D@std@@V?$allocator@D@2@@1@0@Z 0043c3b0 f i ccConfig.obj
 0002:00023480       ??$?8DD@std@@YA_NABV?$allocator@D@0@0@Z 0043c480 f i ccConfig.obj
 0002:000234b0       ??$?8DU?$char_traits@D@std@@V?$allocator@D@1@@std@@YA_NABV?$basic_string@DU?$char_traits@D@std@@V?$allocator@D@2@@0@0@Z 0043c4b0 f i ccConfig.obj
 0002:00023530       ??$?8DU?$char_traits@D@std@@V?$allocator@D@1@@std@@YA_NABV?$basic_string@DU?$char_traits@D@std@@V?$allocator@D@2@@0@PBD@Z 0043c530 f i ccConfig.obj
 0002:000235b0       ??$?8V?$allocator@D@std@@V01@@std@@YA_NABU?$_Wrap_alloc@V?$allocator@D@std@@@0@0@Z 0043c5b0 f i ccConfig.obj
 0002:00023620       ??$?9V?$allocator@D@std@@V01@@std@@YA_NABU?$_Wrap_alloc@V?$allocator@D@std@@@0@0@Z 0043c620 f i ccConfig.obj
 0002:000236a0       ??$?HDU?$char_traits@D@std@@V?$allocator@D@1@@std@@YA?AV?$basic_string@DU?$char_traits@D@std@@V?$allocator@D@2@@0@$$QAV10@ABV10@@Z 0043c6a0 f i ccConfig.obj
[...]
 0004:0000e3a4       ___onexitbegin             004663a4     <common>
 0005:00000000       __imp__RegQueryValueExA@24 00467000     advapi32:ADVAPI32.dll
 0005:00000004       __imp__RegCloseKey@4       00467004     advapi32:ADVAPI32.dll
 0005:00000008       __imp__RegOpenKeyExA@20    00467008     advapi32:ADVAPI32.dll
 0005:0000000c       \177ADVAPI32_NULL_THUNK_DATA 0046700c     advapi32:ADVAPI32.dll
 0005:00000038       __imp__GetOpenFileNameA@4  00467038     comdlg32:COMDLG32.dll
 0005:0000003c       \177COMDLG32_NULL_THUNK_DATA 0046703c     comdlg32:COMDLG32.dll
 0005:00000068       __imp__SelectObject@8      00467068     gdi32:GDI32.dll
 0005:0000006c       __imp__SetBkColor@8        0046706c     gdi32:GDI32.dll
 0005:00000070       __imp__DeleteDC@4          00467070     gdi32:GDI32.dll
 0005:00000074       __imp__GetTextMetricsA@8   00467074     gdi32:GDI32.dll
 0005:00000078       __imp__TextOutA@20         00467078     gdi32:GDI32.dll
 0005:0000007c       __imp__CreateFontIndirectA@4 0046707c     gdi32:GDI32.dll
 0005:00000080       __imp__DeleteObject@4      00467080     gdi32:GDI32.dll
 0005:00000084       __imp__CreateSolidBrush@4  00467084     gdi32:GDI32.dll
 0005:00000088       __imp__CreateCompatibleDC@4 00467088     gdi32:GDI32.dll
 0005:0000008c       __imp__CreateCompatibleBitmap@12 0046708c     gdi32:GDI32.dll
 0005:00000090       __imp__SetTextColor@8      00467090     gdi32:GDI32.dll
 0005:00000094       __imp__BitBlt@36           00467094     gdi32:GDI32.dll
 0005:00000098       \177GDI32_NULL_THUNK_DATA  00467098     gdi32:GDI32.dll
 0005:000000cc       __imp__lstrcpyA@8          004670cc     kernel32:KERNEL32.dll
 0005:000000d0       __imp__LoadLibraryA@4      004670d0     kernel32:KERNEL32.dll
 0005:000000d4       __imp__GetModuleFileNameA@12 004670d4     kernel32:KERNEL32.dll
 0005:000000d8       __imp__OutputDebugStringA@4 004670d8     kernel32:KERNEL32.dll
 0005:000000dc       __imp__IsBadReadPtr@8      004670dc     kernel32:KERNEL32.dll
 0005:000000e0       __imp__GetPrivateProfileIntA@16 004670e0     kernel32:KERNEL32.dll
 0005:000000e4       __imp__lstrcpynA@12        004670e4     kernel32:KERNEL32.dll
 0005:000000e8       __imp__GetCurrentThread@0  004670e8     kernel32:KERNEL32.dll
 0005:000000ec       __imp__GetCurrentThreadId@0 004670ec     kernel32:KERNEL32.dll
 0005:000000f0       __imp__SetThreadPriority@8 004670f0     kernel32:KERNEL32.dll
 0005:000000f4       __imp__ReleaseMutex@4      004670f4     kernel32:KERNEL32.dll
 0005:000000f8       __imp__WaitForSingleObject@8 004670f8     kernel32:KERNEL32.dll
 0005:000000fc       __imp__CloseHandle@4       004670fc     kernel32:KERNEL32.dll
 0005:00000100       __imp__CreateMutexA@12     00467100     kernel32:KERNEL32.dll
 0005:00000104       __imp__WriteFile@20        00467104     kernel32:KERNEL32.dll
 0005:00000108       __imp__GetLastError@0      00467108     kernel32:KERNEL32.dll
 0005:0000010c       __imp__SetFilePointer@16   0046710c     kernel32:KERNEL32.dll
 0005:00000110       __imp__GetSystemTime@4     00467110     kernel32:KERNEL32.dll
 0005:00000114       __imp__CreateFileA@28      00467114     kernel32:KERNEL32.dll
 0005:00000118       __imp__GetCurrentProcessId@0 00467118     kernel32:KERNEL32.dll
 0005:0000011c       __imp__QueryPerformanceCounter@4 0046711c     kernel32:KERNEL32.dll
 0005:00000120       __imp__WideCharToMultiByte@32 00467120     kernel32:KERNEL32.dll
 0005:00000124       __imp__MultiByteToWideChar@24 00467124     kernel32:KERNEL32.dll
 0005:00000128       __imp__LoadLibraryExW@12   00467128     kernel32:KERNEL32.dll
 0005:0000012c       __imp__RaiseException@16   0046712c     kernel32:KERNEL32.dll
 0005:00000130       __imp__DecodePointer@4     00467130     kernel32:KERNEL32.dll
 0005:00000134       __imp__EncodePointer@4     00467134     kernel32:KERNEL32.dll
 0005:00000138       __imp__IsProcessorFeaturePresent@4 00467138     kernel32:KERNEL32.dll
 0005:0000013c       __imp__IsDebuggerPresent@0 0046713c     kernel32:KERNEL32.dll
 0005:00000140       __imp__GlobalFree@4        00467140     kernel32:KERNEL32.dll
 0005:00000144       __imp__GlobalUnlock@4      00467144     kernel32:KERNEL32.dll
 0005:00000148       __imp__GlobalLock@4        00467148     kernel32:KERNEL32.dll
 0005:0000014c       __imp__GlobalAlloc@8       0046714c     kernel32:KERNEL32.dll
 0005:00000150       __imp__GetModuleHandleW@4  00467150     kernel32:KERNEL32.dll
 0005:00000154       __imp__GetProcAddress@8    00467154     kernel32:KERNEL32.dll
 0005:00000158       __imp__FreeLibrary@4       00467158     kernel32:KERNEL32.dll
 0005:0000015c       __imp__SetLocalTime@4      0046715c     kernel32:KERNEL32.dll
 0005:00000160       __imp__GetLocalTime@4      00467160     kernel32:KERNEL32.dll
 0005:00000164       __imp__GetWindowsDirectoryA@8 00467164     kernel32:KERNEL32.dll
 0005:00000168       __imp__WritePrivateProfileStringA@16 00467168     kernel32:KERNEL32.dll
 0005:0000016c       __imp__GetPrivateProfileStringA@24 0046716c     kernel32:KERNEL32.dll
 0005:00000170       __imp__GetSystemTimeAsFileTime@4 00467170     kernel32:KERNEL32.dll
 0005:00000174       __imp__HeapAlloc@12        00467174     kernel32:KERNEL32.dll
 0005:00000178       __imp__HeapFree@12         00467178     kernel32:KERNEL32.dll
 0005:0000017c       __imp__GetProcessHeap@0    0046717c     kernel32:KERNEL32.dll
 0005:00000180       __imp__VirtualQuery@12     00467180     kernel32:KERNEL32.dll
 0005:00000184       __imp__GetModuleFileNameW@12 00467184     kernel32:KERNEL32.dll
 0005:00000188       __imp__SetEndOfFile@4      00467188     kernel32:KERNEL32.dll
 0005:0000018c       \177KERNEL32_NULL_THUNK_DATA 0046718c     kernel32:KERNEL32.dll
 0005:000001dc       __imp_?_Xout_of_range@std@@YAXPBD@Z 004671dc     msvcprtd:MSVCP120D.dll
 0005:000001e0       __imp_?_Winerror_map@std@@YAPBDH@Z 004671e0     msvcprtd:MSVCP120D.dll
 0005:000001e4       __imp_?_Syserror_map@std@@YAPBDH@Z 004671e4     msvcprtd:MSVCP120D.dll
 0005:000001e8       __imp_??0id@locale@std@@QAE@I@Z 004671e8     msvcprtd:MSVCP120D.dll
 0005:000001ec       __imp_?_Xlength_error@std@@YAXPBD@Z 004671ec     msvcprtd:MSVCP120D.dll
 0005:000001f0       __imp_?_Xbad_alloc@std@@YAXXZ 004671f0     msvcprtd:MSVCP120D.dll
 0005:000001f4       __imp_?_Orphan_all@_Container_base12@std@@QAEXXZ 004671f4     msvcprtd:MSVCP120D.dll
 0005:000001f8       __imp_?_Getpfirst@_Container_base12@std@@QBEPAPAU_Iterator_base12@2@XZ 004671f8     msvcprtd:MSVCP120D.dll
 0005:000001fc       __imp_??1_Container_base12@std@@QAE@XZ 004671fc     msvcprtd:MSVCP120D.dll
 0005:00000200       __imp_??0_Container_base12@std@@QAE@XZ 00467200     msvcprtd:MSVCP120D.dll
 0005:00000204       __imp_?_Debug_message@std@@YAXPB_W0I@Z 00467204     msvcprtd:MSVCP120D.dll
 0005:00000208       __imp_??1_Lockit@std@@QAE@XZ 00467208     msvcprtd:MSVCP120D.dll
 0005:0000020c       __imp_??0_Lockit@std@@QAE@H@Z 0046720c     msvcprtd:MSVCP120D.dll
 0005:00000210       \177MSVCP120D_NULL_THUNK_DATA 00467210     msvcprtd:MSVCP120D.dll
 0005:00000244       __imp__exit                00467244     MSVCRTD:MSVCR120D.dll
 0005:00000248       __imp___CrtSetCheckCount   00467248     MSVCRTD:MSVCR120D.dll
 0005:0000024c       __imp____set_app_type      0046724c     MSVCRTD:MSVCR120D.dll
 0005:00000250       __imp____getmainargs       00467250     MSVCRTD:MSVCR120D.dll
 0005:00000254       __imp___exit               00467254     MSVCRTD:MSVCR120D.dll
 0005:00000258       __imp___invoke_watson      00467258     MSVCRTD:MSVCR120D.dll
 0005:0000025c       __imp___controlfp_s        0046725c     MSVCRTD:MSVCR120D.dll
 0005:00000260       __imp__wcscpy_s            00467260     MSVCRTD:MSVCR120D.dll
 0005:00000264       __imp___wmakepath_s        00467264     MSVCRTD:MSVCR120D.dll
 0005:00000268       __imp___wsplitpath_s       00467268     MSVCRTD:MSVCR120D.dll
 0005:0000026c       __imp___cexit              0046726c     MSVCRTD:MSVCR120D.dll
 0005:00000270       __imp___ismbblead          00467270     MSVCRTD:MSVCR120D.dll
 0005:00000274       __imp___configthreadlocale 00467274     MSVCRTD:MSVCR120D.dll
 0005:00000278       __imp____setusermatherr    00467278     MSVCRTD:MSVCR120D.dll
 0005:0000027c       __imp___initterm_e         0046727c     MSVCRTD:MSVCR120D.dll
 0005:00000280       __imp___initterm           00467280     MSVCRTD:MSVCR120D.dll
 0005:00000284       __imp___acmdln             00467284     MSVCRTD:MSVCR120D.dll
 0005:00000288       __imp___fmode              00467288     MSVCRTD:MSVCR120D.dll
 0005:0000028c       __imp___commode            0046728c     MSVCRTD:MSVCR120D.dll
 0005:00000290       __imp___except_handler4_common 00467290     MSVCRTD:MSVCR120D.dll
 0005:00000294       __imp_?terminate@@YAXXZ    00467294     MSVCRTD:MSVCR120D.dll
 0005:00000298       __imp___amsg_exit          00467298     MSVCRTD:MSVCR120D.dll
 0005:0000029c       __imp____crtSetUnhandledExceptionFilter 0046729c     MSVCRTD:MSVCR120D.dll
 0005:000002a0       __imp__strcat              004672a0     MSVCRTD:MSVCR120D.dll
 0005:000002a4       __imp__strcmp              004672a4     MSVCRTD:MSVCR120D.dll
 0005:000002a8       __imp__strlen              004672a8     MSVCRTD:MSVCR120D.dll
 0005:000002ac       __imp__strncpy             004672ac     MSVCRTD:MSVCR120D.dll
 0005:000002b0       __imp__getenv              004672b0     MSVCRTD:MSVCR120D.dll
 0005:000002b4       __imp__sprintf             004672b4     MSVCRTD:MSVCR120D.dll
 0005:000002b8       __imp___hypot              004672b8     MSVCRTD:MSVCR120D.dll
 0005:000002bc       __imp__memset              004672bc     MSVCRTD:MSVCR120D.dll
 0005:000002c0       __imp__memcpy              004672c0     MSVCRTD:MSVCR120D.dll
 0005:000002c4       __imp__strcpy              004672c4     MSVCRTD:MSVCR120D.dll
 0005:000002c8       __imp__atoi                004672c8     MSVCRTD:MSVCR120D.dll
 0005:000002cc       __imp__sscanf              004672cc     MSVCRTD:MSVCR120D.dll
 0005:000002d0       __imp__strchr              004672d0     MSVCRTD:MSVCR120D.dll
 0005:000002d4       __imp___strlwr             004672d4     MSVCRTD:MSVCR120D.dll
 0005:000002d8       __imp__strncmp             004672d8     MSVCRTD:MSVCR120D.dll
 0005:000002dc       __imp__strstr              004672dc     MSVCRTD:MSVCR120D.dll
 0005:000002e0       __imp__strtok              004672e0     MSVCRTD:MSVCR120D.dll
 0005:000002e4       __imp___strupr             004672e4     MSVCRTD:MSVCR120D.dll
 0005:000002e8       __imp__abs                 004672e8     MSVCRTD:MSVCR120D.dll
 0005:000002ec       __imp__atol                004672ec     MSVCRTD:MSVCR120D.dll
 0005:000002f0       __imp__fclose              004672f0     MSVCRTD:MSVCR120D.dll
 0005:000002f4       __imp__feof                004672f4     MSVCRTD:MSVCR120D.dll
 0005:000002f8       __imp__fgets               004672f8     MSVCRTD:MSVCR120D.dll
 0005:000002fc       __imp__fopen               004672fc     MSVCRTD:MSVCR120D.dll
 0005:00000300       __imp__fprintf             00467300     MSVCRTD:MSVCR120D.dll
 0005:00000304       __imp__fputc               00467304     MSVCRTD:MSVCR120D.dll
 0005:00000308       __imp____CxxFrameHandler3  00467308     MSVCRTD:MSVCR120D.dll
 0005:0000030c       __imp__fgetc               0046730c     MSVCRTD:MSVCR120D.dll
 0005:00000310       __imp__fseek               00467310     MSVCRTD:MSVCR120D.dll
 0005:00000314       __imp__rewind              00467314     MSVCRTD:MSVCR120D.dll
 0005:00000318       __imp___purecall           00467318     MSVCRTD:MSVCR120D.dll
 0005:0000031c       __imp_??2@YAPAXI@Z         0046731c     MSVCRTD:MSVCR120D.dll
 0005:00000320       __imp_??3@YAXPAX@Z         00467320     MSVCRTD:MSVCR120D.dll
 0005:00000324       __imp___invalid_parameter  00467324     MSVCRTD:MSVCR120D.dll
 0005:00000328       __imp__memcmp              00467328     MSVCRTD:MSVCR120D.dll
 0005:0000032c       __imp__memmove             0046732c     MSVCRTD:MSVCR120D.dll
 0005:00000330       __imp___mkdir              00467330     MSVCRTD:MSVCR120D.dll
 0005:00000334       __imp___CrtDbgReportW      00467334     MSVCRTD:MSVCR120D.dll
 0005:00000338       __imp___CxxThrowException@8 00467338     MSVCRTD:MSVCR120D.dll
 0005:0000033c       __imp__tolower             0046733c     MSVCRTD:MSVCR120D.dll
 0005:00000340       __imp__memchr              00467340     MSVCRTD:MSVCR120D.dll
 0005:00000344       __imp___stricmp            00467344     MSVCRTD:MSVCR120D.dll
 0005:00000344       __imp__stricmp             00467344     MSVCRTD:MSVCR120D.dll
 0005:00000348       __imp__fputs               00467348     MSVCRTD:MSVCR120D.dll
 0005:0000034c       __imp__remove              0046734c     MSVCRTD:MSVCR120D.dll
 0005:00000350       __imp__rename              00467350     MSVCRTD:MSVCR120D.dll
 0005:00000354       __imp_??_V@YAXPAX@Z        00467354     MSVCRTD:MSVCR120D.dll
 0005:00000358       __imp_??_U@YAPAXI@Z        00467358     MSVCRTD:MSVCR120D.dll
 0005:0000035c       __imp__strpbrk             0046735c     MSVCRTD:MSVCR120D.dll
 0005:00000360       __imp__free                00467360     MSVCRTD:MSVCR120D.dll
 0005:00000364       __imp__malloc              00467364     MSVCRTD:MSVCR120D.dll
 0005:00000368       __imp__calloc              00467368     MSVCRTD:MSVCR120D.dll
 0005:0000036c       __imp___localtime64        0046736c     MSVCRTD:MSVCR120D.dll
 0005:00000370       __imp___time64             00467370     MSVCRTD:MSVCR120D.dll
 0005:00000374       __imp___CRT_RTC_INITW      00467374     MSVCRTD:MSVCR120D.dll
 0005:00000378       __imp___crt_debugger_hook  00467378     MSVCRTD:MSVCR120D.dll
 0005:0000037c       __imp____crtUnhandledException 0046737c     MSVCRTD:MSVCR120D.dll
 0005:00000380       __imp____crtTerminateProcess 00467380     MSVCRTD:MSVCR120D.dll
 0005:00000384       __imp___lock               00467384     MSVCRTD:MSVCR120D.dll
 0005:00000388       __imp___unlock             00467388     MSVCRTD:MSVCR120D.dll
 0005:0000038c       __imp___calloc_dbg         0046738c     MSVCRTD:MSVCR120D.dll
 0005:00000390       __imp____dllonexit         00467390     MSVCRTD:MSVCR120D.dll
 0005:00000394       __imp___onexit             00467394     MSVCRTD:MSVCR120D.dll
 0005:00000398       __imp_??1type_info@@UAE@XZ 00467398     MSVCRTD:MSVCR120D.dll
 0005:0000039c       __imp___XcptFilter         0046739c     MSVCRTD:MSVCR120D.dll
 0005:000003a0       __imp____crtGetShowWindowMode 004673a0     MSVCRTD:MSVCR120D.dll
 0005:000003a4       \177MSVCR120D_NULL_THUNK_DATA 004673a4     MSVCRTD:MSVCR120D.dll
 0005:00000414       __imp__Netbios@4           00467414     netapi32:NETAPI32.dll
 0005:00000418       \177NETAPI32_NULL_THUNK_DATA 00467418     netapi32:NETAPI32.dll
 0005:00000444       __imp__PostMessageA@16     00467444     user32:USER32.dll
 0005:00000448       __imp__wsprintfA           00467448     user32:USER32.dll
 0005:0000044c       __imp__EnableWindow@8      0046744c     user32:USER32.dll
 0005:00000450       __imp__GetDlgItemTextA@16  00467450     user32:USER32.dll
 0005:00000454       __imp__LoadIconA@8         00467454     user32:USER32.dll
 0005:00000458       __imp__LoadCursorA@8       00467458     user32:USER32.dll
 0005:0000045c       __imp__FillRect@12         0046745c     user32:USER32.dll
 0005:00000460       __imp__GetWindowRect@8     00467460     user32:USER32.dll
 0005:00000464       __imp__GetClientRect@8     00467464     user32:USER32.dll
 0005:00000468       __imp__SetWindowTextA@8    00467468     user32:USER32.dll
 0005:0000046c       __imp__SetScrollRange@20   0046746c     user32:USER32.dll
 0005:00000470       __imp__SetScrollPos@16     00467470     user32:USER32.dll
 0005:00000474       __imp__ScrollWindow@20     00467474     user32:USER32.dll
 0005:00000478       __imp__InvalidateRect@12   00467478     user32:USER32.dll
 0005:0000047c       __imp__EndPaint@8          0046747c     user32:USER32.dll
 0005:00000480       __imp__BeginPaint@8        00467480     user32:USER32.dll
 0005:00000484       __imp__ReleaseDC@8         00467484     user32:USER32.dll
 0005:00000488       __imp__LoadStringA@16      00467488     user32:USER32.dll
 0005:0000048c       __imp__UpdateWindow@4      0046748c     user32:USER32.dll
 0005:00000490       __imp__EnableMenuItem@12   00467490     user32:USER32.dll
 0005:00000494       __imp__CheckMenuItem@12    00467494     user32:USER32.dll
 0005:00000498       __imp__GetMenu@4           00467498     user32:USER32.dll
 0005:0000049c       __imp__GetSystemMetrics@4  0046749c     user32:USER32.dll
 0005:000004a0       __imp__EmptyClipboard@0    004674a0     user32:USER32.dll
 0005:000004a4       __imp__SetClipboardData@8  004674a4     user32:USER32.dll
 0005:000004a8       __imp__CloseClipboard@0    004674a8     user32:USER32.dll
 0005:000004ac       __imp__OpenClipboard@4     004674ac     user32:USER32.dll
 0005:000004b0       __imp__SetWindowPos@28     004674b0     user32:USER32.dll
 0005:000004b4       __imp__DestroyWindow@4     004674b4     user32:USER32.dll
 0005:000004b8       __imp__CreateWindowExA@48  004674b8     user32:USER32.dll
 0005:000004bc       __imp__RegisterClassA@4    004674bc     user32:USER32.dll
 0005:000004c0       __imp__PostQuitMessage@4   004674c0     user32:USER32.dll
 0005:000004c4       __imp__DefWindowProcA@16   004674c4     user32:USER32.dll
 0005:000004c8       __imp__DispatchMessageA@4  004674c8     user32:USER32.dll
 0005:000004cc       __imp__TranslateMessage@4  004674cc     user32:USER32.dll
 0005:000004d0       __imp__GetMessageA@16      004674d0     user32:USER32.dll
 0005:000004d4       __imp__GetDC@4             004674d4     user32:USER32.dll
 0005:000004d8       __imp__KillTimer@8         004674d8     user32:USER32.dll
 0005:000004dc       __imp__SetTimer@16         004674dc     user32:USER32.dll
 0005:000004e0       __imp__GetDlgItem@8        004674e0     user32:USER32.dll
 0005:000004e4       __imp__CreateDialogParamA@20 004674e4     user32:USER32.dll
 0005:000004e8       __imp__ShowWindow@8        004674e8     user32:USER32.dll
 0005:000004ec       __imp__SendMessageA@16     004674ec     user32:USER32.dll
 0005:000004f0       __imp__MessageBoxA@16      004674f0     user32:USER32.dll
 0005:000004f4       __imp__SetDlgItemTextA@12  004674f4     user32:USER32.dll
 0005:000004f8       __imp__EndDialog@8         004674f8     user32:USER32.dll
 0005:000004fc       __imp__DialogBoxParamA@20  004674fc     user32:USER32.dll
 0005:00000500       \177USER32_NULL_THUNK_DATA 00467500     user32:USER32.dll
 0005:00000550       __imp__GetFileVersionInfoA@16 00467550     version:VERSION.dll
 0005:00000554       __imp__VerQueryValueA@16   00467554     version:VERSION.dll
 0005:00000558       __imp__GetFileVersionInfoSizeA@8 00467558     version:VERSION.dll
 0005:0000055c       \177VERSION_NULL_THUNK_DATA 0046755c     version:VERSION.dll
 0005:00000588       __imp__ntohl@4             00467588     ws2_32:WS2_32.dll
 0005:0000058c       __imp__ntohs@4             0046758c     ws2_32:WS2_32.dll
 0005:00000590       \177WS2_32_NULL_THUNK_DATA 00467590     ws2_32:WS2_32.dll
 0005:000005bc       __IMPORT_DESCRIPTOR_VERSION 004675bc     version:VERSION.dll
 0005:000005d0       __IMPORT_DESCRIPTOR_WS2_32 004675d0     ws2_32:WS2_32.dll
 0005:000005e4       __IMPORT_DESCRIPTOR_KERNEL32 004675e4     kernel32:KERNEL32.dll
 0005:000005f8       __IMPORT_DESCRIPTOR_USER32 004675f8     user32:USER32.dll
 0005:0000060c       __IMPORT_DESCRIPTOR_GDI32  0046760c     gdi32:GDI32.dll
 0005:00000620       __IMPORT_DESCRIPTOR_COMDLG32 00467620     comdlg32:COMDLG32.dll
 0005:00000634       __IMPORT_DESCRIPTOR_ADVAPI32 00467634     advapi32:ADVAPI32.dll
 0005:00000648       __IMPORT_DESCRIPTOR_MSVCR120D 00467648     MSVCRTD:MSVCR120D.dll
 0005:0000065c       __IMPORT_DESCRIPTOR_MSVCP120D 0046765c     msvcprtd:MSVCP120D.dll
 0005:00000670       __IMPORT_DESCRIPTOR_NETAPI32 00467670     netapi32:NETAPI32.dll
 0005:00000684       __NULL_IMPORT_DESCRIPTOR   00467684     version:VERSION.dll
