 V4CSI

 Timestamp is 56ddfdc5 (Mon Mar 07 22:16:37 2016)

 Preferred load address is 00400000

 Start         Length     Name                   Class
 0001:00000000 00019f7aH .text                   CODE
 0001:00019f80 00001129H .text$x                 CODE
 0002:00000000 000009dcH .idata$5                DATA
 0002:000009e0 0000cd0cH .rdata                  DATA
 0002:0000d6f0 00000f98H .xdata$x                DATA
 0002:0000e688 0000008cH .idata$2                DATA
 0002:0000e714 00000014H .idata$3                DATA
 0002:0000e728 000009dcH .idata$4                DATA
 0002:0000f104 00005b1cH .idata$6                DATA
 0002:00014c20 00000000H .edata                  DATA
 0003:00000000 00000004H .CRT$XCA                DATA
 0003:00000004 00000014H .CRT$XCU                DATA
 0003:00000018 00000004H .CRT$XCZ                DATA
 0003:0000001c 00000004H .CRT$XIA                DATA
 0003:00000020 00000004H .CRT$XIZ                DATA
 0003:00000030 00002e34H .data                   DATA
 0003:00002e68 0010c890H .bss                    DATA
 0004:00000000 00000130H .rsrc$01                DATA
 0004:00000130 00000858H .rsrc$02                DATA

  Address         Publics by Value              Rva+Base     Lib:Object

 0001:00000000       ??0Cbncs_strtok@@QAE@XZ    00401000 f   b_strtok.obj
 0001:00000010       ?CSComDog_OpenComm@@YAXXZ  00401010 f   b_strtok.obj
 0001:00000010       ?CSNetSes_ShowSesInfo@@YAXH@Z 00401010 f   b_strtok.obj
 0001:00000010       ?destroy@CSIMainDlg@@MAEXXZ 00401010 f   b_strtok.obj
 0001:00000010       ?init@CSIMainDlg@@MAEXXZ   00401010 f   b_strtok.obj
 0001:00000010       ?CSComDog_Closedown@@YAXXZ 00401010 f   b_strtok.obj
 0001:00000010       ??1Cbncs_strtok@@QAE@XZ    00401010 f   b_strtok.obj
 0001:00000010       ?CSComDog_SendData@@YAXPADH@Z 00401010 f   b_strtok.obj
 0001:00000020       ?Initialise@Cbncs_strtok@@QAEXXZ 00401020 f   b_strtok.obj
 0001:00000040       ?Tokenise@Cbncs_strtok@@QAEXPADDH@Z 00401040 f   b_strtok.obj
 0001:000000d0       ?Read@Cbncs_strtok@@QAEXPADH@Z 004010d0 f   b_strtok.obj
 0001:00000130       ??0bncs_disklog@@QAE@PBDW4filetype@0@000000@Z 00401130 f   bncs_disklog.obj
 0001:00000180       ??_Ebncs_disklog@@UAEPAXI@Z 00401180 f i bncs_disklog.obj
 0001:00000180       ??_Gbncs_disklog@@UAEPAXI@Z 00401180 f i bncs_disklog.obj
 0001:000001a0       ?initVars@bncs_disklog@@AAEXXZ 004011a0 f   bncs_disklog.obj
 0001:000001b0       ?openLogFile@bncs_disklog@@AAEXPBDW4filetype@1@@Z 004011b0 f   bncs_disklog.obj
 0001:000003c0       ?cleanup@bncs_disklog@@AAEXXZ 004013c0 f   bncs_disklog.obj
 0001:000003e0       ??1bncs_disklog@@UAE@XZ    004013e0 f   bncs_disklog.obj
 0001:000003f0       ?write@bncs_disklog@@QAEXPBD00000@Z 004013f0 f   bncs_disklog.obj
 0001:00000620       ?createDirectory@bncs_disklog@@AAEXPBD@Z 00401620 f   bncs_disklog.obj
 0001:00000740       ?CSAbout_About@@YAXXZ      00401740 f   CSABOUT.obj
 0001:000008c0       ??_G?$QMemArray@D@@UAEPAXI@Z 004018c0 f i CSABOUT.obj
 0001:000008c0       ??_E?$QMemArray@D@@UAEPAXI@Z 004018c0 f i CSABOUT.obj
 0001:000008e0       ?CSCache_Init@@YAXXZ       004018e0 f   Cscache.obj
 0001:00000970       ?CSCache_Closedown@@YAXXZ  00401970 f   Cscache.obj
 0001:000009d0       ?CSCache_Alloc@@YAHHH@Z    004019d0 f   Cscache.obj
 0001:00000a60       ?CSCache_Test@@YAHHHH@Z    00401a60 f   Cscache.obj
 0001:00000ae0       ?CSCache_Check@@YAHPAD@Z   00401ae0 f   Cscache.obj
 0001:00000ba0       ?CSCache_Write@@YAXPADH@Z  00401ba0 f   Cscache.obj
 0001:00001530       ?CSCache_Validate@@YAXXZ   00402530 f   Cscache.obj
 0001:000015a0       ?CSCache_Clear@@YAXH@Z     004025a0 f   Cscache.obj
 0001:00001630       ?CSCache_PostedPoll@@YAXXZ 00402630 f   Cscache.obj
 0001:000016d0       ?CSCache_PostedRTRPoll@@YAXPAD@Z 004026d0 f   Cscache.obj
 0001:000017e0       ?CSCache_PostedGPIPoll@@YAXPAD@Z 004027e0 f   Cscache.obj
 0001:00001890       ?CSCache_PostedINFPoll@@YAXPAD@Z 00402890 f   Cscache.obj
 0001:00001950       ?CSCache_CalcPercent@@YAXXZ 00402950 f   Cscache.obj
 0001:000019e0       ?CSCache_CreateFile@@YAHHPAD@Z 004029e0 f   Cscache.obj
 0001:00001a80       ?CSCache_InfoWrite@@YAXHHPAD@Z 00402a80 f   Cscache.obj
 0001:00001ad0       ?CSCache_InfoRead@@YAXHHPAD@Z 00402ad0 f   Cscache.obj
 0001:00001b30       ?CSCache_GetFileHandle@@YAHH@Z 00402b30 f   Cscache.obj
 0001:00001ca0       ?CSCache_DeleteOldFiles@@YAXXZ 00402ca0 f   Cscache.obj
 0001:00001d90       ?CSCache_GetData@@YAXPAD@Z 00402d90 f   Cscache.obj
 0001:00001f00       ?CSCache_Index@@YAHPAD@Z   00402f00 f   Cscache.obj
 0001:00002040       ?CSCache_Profile@@YAHXZ    00403040 f   Cscache.obj
 0001:00002310       ?CSCmd_BkgRevertive@@YAXPAD@Z 00403310 f   Cscmd.obj
 0001:00002350       ?CSCmd_DeviceProfile@@YAXPAD@Z 00403350 f   Cscmd.obj
 0001:00002390       ?CSCmd_GPIRevertive@@YAXPAD@Z 00403390 f   Cscmd.obj
 0001:00002430       ?CSCmd_InfoRevertive@@YAXPAD@Z 00403430 f   Cscmd.obj
 0001:00002510       ?CSCmd_NetAttention@@YAXPAD@Z 00403510 f   Cscmd.obj
 0001:00002520       ?CSCmd_NetBroken@@YAXPAD@Z 00403520 f   Cscmd.obj
 0001:00002590       ?CSCmd_NetClose@@YAXPAD@Z  00403590 f   Cscmd.obj
 0001:000026d0       ?CSCmd_NetDisable@@YAXPAD@Z 004036d0 f   Cscmd.obj
 0001:00002780       ?CSCmd_NetEnable@@YAXPAD@Z 00403780 f   Cscmd.obj
 0001:00002810       ?CSCmd_NetInquire@@YAXPAD@Z 00403810 f   Cscmd.obj
 0001:00002970       ?CSCmd_NetLoopTest@@YAXPAD@Z 00403970 f   Cscmd.obj
 0001:000029a0       ?CSCmd_NetModify@@YAXPAD@Z 004039a0 f   Cscmd.obj
 0001:00002ae0       ?CSCmd_NetObject@@YAXPAD@Z 00403ae0 f   Cscmd.obj
 0001:00002ba0       ?CSCmd_NetPing@@YAXPAD@Z   00403ba0 f   Cscmd.obj
 0001:00002bd0       ?CSCmd_NetRestart@@YAXPAD@Z 00403bd0 f   Cscmd.obj
 0001:00002c10       ?CSCmd_NetStatus@@YAXPAD@Z 00403c10 f   Cscmd.obj
 0001:00002cb0       ?CSCmd_RtrDatabase@@YAXPAD@Z 00403cb0 f   Cscmd.obj
 0001:00002e40       ?CSCmd_RtrModify@@YAXPAD@Z 00403e40 f   Cscmd.obj
 0001:00002f50       ?CSCmd_RtrRevertive@@YAXPAD@Z 00403f50 f   Cscmd.obj
 0001:00003070       ?CSCmd_UniRevertive@@YAXPAD@Z 00404070 f   Cscmd.obj
 0001:000033e0       ?CSCmd_TimeService@@YAXPAD@Z 004043e0 f   Cscmd.obj
 0001:00003490       ?CSDbase_Init@@YAXXZ       00404490 f   Csdbase.obj
 0001:00003650       ?CSDbase_GetGRDDirectory@@YAXXZ 00404650 f   Csdbase.obj
 0001:00003720       ?CSDbase_GetGPIDDirectory@@YAXXZ 00404720 f   Csdbase.obj
 0001:00003800       ?CSDbase_GetIDDirectory@@YAXXZ 00404800 f   Csdbase.obj
 0001:000038e0       ?CSDbase_GetDEVDirectory@@YAXXZ 004048e0 f   Csdbase.obj
 0001:000039c0       ?CSDbase_GetDBList@@YAPADH@Z 004049c0 f   Csdbase.obj
 0001:000039d0       ?CSDbase_LoadGRDINI@@YAXH@Z 004049d0 f   Csdbase.obj
 0001:00003e60       ?CSDbase_LoadGPIDINI@@YAXH@Z 00404e60 f   Csdbase.obj
 0001:00003f30       ?CSDbase_LoadINFOINI@@YAXH@Z 00404f30 f   Csdbase.obj
 0001:00004070       ?CSDbase_LoadDEVINI@@YAXH@Z 00405070 f   Csdbase.obj
 0001:00004690       ?CSDbase_SaveCDF@@YAXH@Z   00405690 f   Csdbase.obj
 0001:00004780       ?CSDbase_Closedown@@YAXXZ  00405780 f   Csdbase.obj
 0001:000047c0       ?CSDbase_GetDatabaseName@@YAXJ@Z 004057c0 f   Csdbase.obj
 0001:00004870       ?CSDbase_GetDbaseName@@YAPADGHG@Z 00405870 f   Csdbase.obj
 0001:00004ba0       ?CSDbase_GetDatabaseIndex@@YAHIJ@Z 00405ba0 f   Csdbase.obj
 0001:00004c80       ?CSDbase_SaveGRDEntry@@YAXHHHPAD@Z 00405c80 f   Csdbase.obj
 0001:00004e80       ?CSDbase_SaveDEVEntry@@YAXHHHPAD@Z 00405e80 f   Csdbase.obj
 0001:00005120       ?CSDbase_GetMappedId@@YAHIJ@Z 00406120 f   Csdbase.obj
 0001:00005220       ?CSDbExt_Init@@YAXXZ       00406220 f   csdbext.obj
 0001:00005240       ?CSDbExt_CompileDBFiles@@YAXH@Z 00406240 f   csdbext.obj
 0001:000053c0       ?CSDbExt_SetName@@YAXHHHPAD@Z 004063c0 f   csdbext.obj
 0001:00005420       ?CSDbExt_GetName@@YAXJ@Z   00406420 f   csdbext.obj
 0001:000054e0       ?CSDbExt_GetIndex@@YAHJ@Z  004064e0 f   csdbext.obj
 0001:00005640       ?CSDbExt_CreateFile@@YAHPAD@Z 00406640 f   csdbext.obj
 0001:000056b0       ?CSDbExt_UpdateFile@@YAXHHPAD0@Z 004066b0 f   csdbext.obj
 0001:00005770       ?CSDbExt_AccessFile@@YAHHH@Z 00406770 f   csdbext.obj
 0001:00005850       ?CSDialog_Init@@YAXXZ      00406850 f   CSDIALOG.obj
 0001:00005860       ?CSDialog_InitDialog@@YAXXZ 00406860 f   CSDIALOG.obj
 0001:000058a0       ?CSDialog_Clear@@YAXXZ     004068a0 f   CSDIALOG.obj
 0001:00005920       ?CSDialog_SetStatics@@YAXXZ 00406920 f   CSDIALOG.obj
 0001:00005bc0       ?CSDialog_Status@@YAXXZ    00406bc0 f   CSDIALOG.obj
 0001:00006690       ?BNCS32SendMessage@@YAJPAUHWND__@@0IIJHH@Z 00407690 f   csi32sup.obj
 0001:00006780       ?BNCS32ReceiveMessage@@YAXPAUHWND__@@0PAUtagCOPYDATASTRUCT@@@Z 00407780 f   csi32sup.obj
 0001:000068a0       ?InitApplication@@YAHPAUHINSTANCE__@@@Z 004078a0 f   Csimain.obj
 0001:00006930       ?InitInstance@@YAHPAXH@Z   00407930 f   Csimain.obj
 0001:000069b0       ?MainWndProc@@YGJPAUHWND__@@IIJ@Z 004079b0 f   Csimain.obj
 0001:00007880       ?CSMain_Init@@YAXXZ        00408880 f   Csimain.obj
 0001:00007bf0       ?CSMain_Closedown@@YAXXZ   00408bf0 f   Csimain.obj
 0001:00007c60       ?CSMain_Closedown2@@YAXXZ  00408c60 f   Csimain.obj
 0001:00007cf0       ?CSMain_Closedown3@@YAXXZ  00408cf0 f   Csimain.obj
 0001:00007d20       ?CSMain_UpdateTitle@@YAXXZ 00408d20 f   Csimain.obj
 0001:00007e70       ?CSMain_Diag@@YAXXZ        00408e70 f   Csimain.obj
 0001:00008b20       ?CSMain_DiagExt@@YAXXZ     00409b20 f   Csimain.obj
 0001:00008c10       ?CSMain_Debug@@YAXXZ       00409c10 f   Csimain.obj
 0001:00008ca0       ?CSMain_Session@@YAXXZ     00409ca0 f   Csimain.obj
 0001:00008f00       ?CSMain_Client@@YAXXZ      00409f00 f   Csimain.obj
 0001:00009160       ?CSMain_Driver@@YAXXZ      0040a160 f   Csimain.obj
 0001:000093d0       ?CSMain_Cache@@YAXXZ       0040a3d0 f   Csimain.obj
 0001:00009530       ?CSMain_CacheToggle@@YAXG@Z 0040a530 f   Csimain.obj
 0001:00009560       ?CSMain_TxCmd@@YAXIPAD@Z   0040a560 f   Csimain.obj
 0001:00009830       ?CSMain_BuffDevCtlCmd@@YAXPADH@Z 0040a830 f   Csimain.obj
 0001:000098a0       ?CSMain_TxDevCtlBuff@@YAXXZ 0040a8a0 f   Csimain.obj
 0001:00009950       ?CSMain_TxTimeService@@YAXXZ 0040a950 f   Csimain.obj
 0001:00009a30       ?CSMain_GetDevProperties@@YAHIJ@Z 0040aa30 f   Csimain.obj
 0001:00009bb0       ?CSMain_StatusUpdate@@YAXXZ 0040abb0 f   Csimain.obj
 0001:00009d60       ?CSMain_IncrementUpTimer@@YAXXZ 0040ad60 f   Csimain.obj
 0001:00009db0       ?CSMain_TxRxRetry@@YAXXZ   0040adb0 f   Csimain.obj
 0001:00009e80       ?CSMain_GetDevTxRxMode@@YAHJ@Z 0040ae80 f   Csimain.obj
 0001:00009eb0       ?CSMain_SetDevTxRxMode@@YAXIJ@Z 0040aeb0 f   Csimain.obj
 0001:00009ff0       ?CSMain_TxPostDirectMessage@@YAXHPADH@Z 0040aff0 f   Csimain.obj
 0001:0000a060       ?CSMain_RxPostDirectMessage@@YAXIJ@Z 0040b060 f   Csimain.obj
 0001:0000a120       ?CSLicens_License@@YAXXZ   0040b120 f   CSLICENS.obj
 0001:0000a430       ?CSNDI_Init@@YAXXZ         0040b430 f   Csndi.obj
 0001:0000a500       ?CSNDI_SendToDriver@@YAXPAD@Z 0040b500 f   Csndi.obj
 0001:0000a990       ?CSNDI_RegDeviceId@@YAHIJHE@Z 0040b990 f   Csndi.obj
 0001:0000ab80       ?CSNDI_UnRegDeviceId@@YAHIJ@Z 0040bb80 f   Csndi.obj
 0001:0000ac90       ?CSNDI_RegAllDeviceIds@@YAXI@Z 0040bc90 f   Csndi.obj
 0001:0000acc0       ?CSNDI_UnRegAllDeviceIds@@YAHI@Z 0040bcc0 f   Csndi.obj
 0001:0000add0       ?CSNDI_IncDriver@@YAHPAUHWND__@@@Z 0040bdd0 f   Csndi.obj
 0001:0000ae30       ?CSNDI_DecDriver@@YAXPAUHWND__@@@Z 0040be30 f   Csndi.obj
 0001:0000ae80       ?CSNDI_Revertive@@YAXIJH@Z 0040be80 f   Csndi.obj
 0001:0000b370       ?CSNDI_UniChangeRevertive@@YAXHPADHH@Z 0040c370 f   Csndi.obj
 0001:0000b460       ?CSNDI_UniPollRevertive@@YAXHHPADHHH@Z 0040c460 f   Csndi.obj
 0001:0000b650       ?CSNDI_TxPacket@@YAXXZ     0040c650 f   Csndi.obj
 0001:0000b6d0       ?CSNDI_UniBuffReset@@YAXXZ 0040c6d0 f   Csndi.obj
 0001:0000b720       ?CSNDI_UniFileBuffReset@@YAXXZ 0040c720 f   Csndi.obj
 0001:0000b770       ?CSNDI_SendRevPacket@@YAXIJ@Z 0040c770 f   Csndi.obj
 0001:0000b820       ?CSNDI_SendSystemMsg@@YAXPAD@Z 0040c820 f   Csndi.obj
 0001:0000b870       ?CSNDI_SendVerbatimMsg@@YAXJ@Z 0040c870 f   Csndi.obj
 0001:0000b8d0       ?CSNDI_SendErrorMsg@@YAXPAD@Z 0040c8d0 f   Csndi.obj
 0001:0000b9a0       ?CSNetCli_SendPollFile@@YAXHHPAD@Z 0040c9a0 f   Csnetcli.obj
 0001:0000ba30       ?CSNetCli_TxSessionRequest@@YAXPAD@Z 0040ca30 f   Csnetcli.obj
 0001:0000bbc0       ?CSNetCli_SessionQHandler@@YAXXZ 0040cbc0 f   Csnetcli.obj
 0001:0000bd70       ?CSNetCli_Call@@YAHHH@Z    0040cd70 f   Csnetcli.obj
 0001:0000be10       ?CSNetCli_CallAccepted@@YAXHE@Z 0040ce10 f   Csnetcli.obj
 0001:0000bef0       ?CSNetCli_TxData@@YAXH@Z   0040cef0 f   Csnetcli.obj
 0001:0000bf40       ?CSNetCli_RxData@@YAXHPADH@Z 0040cf40 f   Csnetcli.obj
 0001:0000c0b0       ?CSNetCli_SendRequest@@YAXHPAD@Z 0040d0b0 f   Csnetcli.obj
 0001:0000c140       ?CSNetCli_NotifyResult@@YAXH@Z 0040d140 f   Csnetcli.obj
 0001:0000c180       ?CSNetCli_DevDisconnect@@YAXH@Z 0040d180 f   Csnetcli.obj
 0001:0000c1d0       ?CSNetCli_DevWrite@@YAXJ@Z 0040d1d0 f   Csnetcli.obj
 0001:0000c250       ?CSNetMsg_NetMsgRx@@YAXIJ@Z 0040d250 f   CSNETMSG.obj
 0001:0000c370       ?CSNetMsg_SendDG@@YAXPAU_NCB@@@Z 0040d370 f   CSNETMSG.obj
 0001:0000c3b0       ?CSNetMsg_ReceiveDG@@YAXPAU_NCB@@@Z 0040d3b0 f   CSNETMSG.obj
 0001:0000c4e0       ?CSNetMsg_Listen@@YAXPAU_NCB@@@Z 0040d4e0 f   CSNETMSG.obj
 0001:0000c5b0       ?CSNetMsg_Call@@YAXPAU_NCB@@@Z 0040d5b0 f   CSNETMSG.obj
 0001:0000c680       ?CSNetMsg_Send@@YAXPAU_NCB@@@Z 0040d680 f   CSNETMSG.obj
 0001:0000c750       ?CSNetMsg_Receive@@YAXPAU_NCB@@@Z 0040d750 f   CSNETMSG.obj
 0001:0000c840       ?CSNetSes_Init@@YAXXZ      0040d840 f   Csnetses.obj
 0001:0000c920       ?CSNetSes_Closedown@@YAXXZ 0040d920 f   Csnetses.obj
 0001:0000c9a0       ?CSNetSes_PostRx@@YAXH@Z   0040d9a0 f   Csnetses.obj
 0001:0000ca30       ?CSNetSes_Send@@YAHHPADH@Z 0040da30 f   Csnetses.obj
 0001:0000cae0       ?CSNetSes_RdyToTx@@YAXH@Z  0040dae0 f   Csnetses.obj
 0001:0000cb10       ?CSNetSes_Receive@@YAXHPADH@Z 0040db10 f   Csnetses.obj
 0001:0000cb70       ?CSNetSes_TimeoutChk@@YAXXZ 0040db70 f   Csnetses.obj
 0001:0000cbe0       ?CSNetSes_GetNextFreeSes@@YAHXZ 0040dbe0 f   Csnetses.obj
 0001:0000cc30       ?CSNetSes_GetSessionFromNCB@@YAHPAU_NCB@@@Z 0040dc30 f   Csnetses.obj
 0001:0000cc70       ?CSNetSes_HangUpAll@@YAXXZ 0040dc70 f   Csnetses.obj
 0001:0000cc90       ?CSNetSes_HangUp@@YAXH@Z   0040dc90 f   Csnetses.obj
 0001:0000ccf0       ?CSNetSes_SessionClosed@@YAXH@Z 0040dcf0 f   Csnetses.obj
 0001:0000cd50       ?CSNetSes_SessionClear@@YAXH@Z 0040dd50 f   Csnetses.obj
 0001:0000cdf0       ?CSNetSes_MakeDirFile@@YAHH@Z 0040ddf0 f   Csnetses.obj
 0001:0000ce00       ?CSNetSes_OpenReadFile@@YAXH@Z 0040de00 f   Csnetses.obj
 0001:0000ce70       ?CSNetSes_ReadFile@@YAXH@Z 0040de70 f   Csnetses.obj
 0001:0000cf80       ?CSNetSes_OpenWriteFile@@YAXH@Z 0040df80 f   Csnetses.obj
 0001:0000cff0       ?CSNetSes_WriteFile@@YAXHPADH@Z 0040dff0 f   Csnetses.obj
 0001:0000d0a0       ?CSNetSes_CloseFile@@YAXH@Z 0040e0a0 f   Csnetses.obj
 0001:0000d0f0       ?CSNetSes_ClientClosing@@YAXI@Z 0040e0f0 f   Csnetses.obj
 0001:0000d120       ?CSNetSes_DespatchPollFile@@YAXH@Z 0040e120 f   Csnetses.obj
 0001:0000d1c0       ?CSNetSes_FlushQ@@YAXXZ    0040e1c0 f   Csnetses.obj
 0001:0000d1f0       ?CSNetSrv_PostListen@@YAXXZ 0040e1f0 f   Csnetsrv.obj
 0001:0000d280       ?CSNetSrv_ListenAccepted@@YAXHE@Z 0040e280 f   Csnetsrv.obj
 0001:0000d2c0       ?CSNetSrv_TxData@@YAXH@Z   0040e2c0 f   Csnetsrv.obj
 0001:0000d300       ?CSNetSrv_RxData@@YAXHPADH@Z 0040e300 f   Csnetsrv.obj
 0001:0000d5e0       ?CSNetSup_Init@@YAHXZ      0040e5e0 f   Csnetsup.obj
 0001:0000d7a0       ?CSNetSup_InitClient@@YAXXZ 0040e7a0 f   Csnetsup.obj
 0001:0000d980       ?CSNetSup_InitDriver@@YAXXZ 0040e980 f   Csnetsup.obj
 0001:0000db10       ?CSNetSup_Closedown@@YAXXZ 0040eb10 f   Csnetsup.obj
 0001:0000db60       ?CSNetSup_CloseClient@@YAXXZ 0040eb60 f   Csnetsup.obj
 0001:0000dbd0       ?CSNetSup_CloseDriver@@YAXXZ 0040ebd0 f   Csnetsup.obj
 0001:0000dc40       ?CSNetSup_NetSendDG@@YAHPAD0H@Z 0040ec40 f   Csnetsup.obj
 0001:0000dcc0       ?CSNetSup_ReplaceNCB@@YAHPAU_NCB@@0@Z 0040ecc0 f   Csnetsup.obj
 0001:0000ddb0       ?CSNetSup_SendToClients@@YAXPADH@Z 0040edb0 f   Csnetsup.obj
 0001:0000de10       ?CSNetSup_NetReset@@YAXXZ  0040ee10 f   Csnetsup.obj
 0001:0000deb0       ?CSParser_ParseCmd@@YAXPAD@Z 0040eeb0 f   CSPARSER.obj
 0001:0000e150       ?CSProf_Init@@YAXXZ        0040f150 f   Csprof.obj
 0001:0000eec0       ?CSProf_WriteWinPos@@YAXJ@Z 0040fec0 f   Csprof.obj
 0001:0000ef70       ?CSProf_DevCreate@@YAXHHHH@Z 0040ff70 f   Csprof.obj
 0001:0000f450       ?CSReg_Init@@YAXXZ         00410450 f   Csreg.obj
 0001:0000f4a0       ?CSReg_Closedown@@YAXXZ    004104a0 f   Csreg.obj
 0001:0000f530       ?CSReg_RegClient@@YAHPAUHWND__@@E@Z 00410530 f   Csreg.obj
 0001:0000f690       ?CSReg_UnregClient@@YAXI@Z 00410690 f   Csreg.obj
 0001:0000f7d0       ?CSReg_AddClientDevReg@@YAXIJ@Z 004107d0 f   Csreg.obj
 0001:0000f9c0       ?CSReg_UnRegDevice@@YAXIJ@Z 004109c0 f   Csreg.obj
 0001:0000fa30       ?CSReg_RemClientDevReg@@YAXIJ@Z 00410a30 f   Csreg.obj
 0001:0000fb80       ?CSReg_ClrClientDevReg@@YAXPAUHWND__@@H@Z 00410b80 f   Csreg.obj
 0001:0000fc80       ?CSReg_ClrClientAllDevReg@@YAXPAUHWND__@@@Z 00410c80 f   Csreg.obj
 0001:0000fcd0       ?CSReg_GetClientRegIdx@@YAHPAUHWND__@@@Z 00410cd0 f   Csreg.obj
 0001:0000fd10       ?CSReg_GetClientDevIdx@@YAHHH@Z 00410d10 f   Csreg.obj
 0001:0000fd60       ?CSReg_UpdateClient@@YAXHGHPADHH@Z 00410d60 f   Csreg.obj
 0001:0000fe40       ?CSReg_IsClientRegForDevIdx@@YAHHGG@Z 00410e40 f   Csreg.obj
 0001:0000ff00       ?CSReg_RegNetMsgUpdate@@YAXPAD@Z 00410f00 f   Csreg.obj
 0001:0000ff90       ?CSReg_CheckForClientName@@YAHPAD@Z 00410f90 f   Csreg.obj
 0001:00010090       ?BNCSSendMessage@@YAJPAUHWND__@@0IIJHHHE@Z 00411090 f   CSSNDMSG.obj
 0001:00010110       ?ODS@@YAXPAD@Z             00411110 f   CSSUFU.obj
 0001:00010150       ?OSM@@YAXPAD@Z             00411150 f   CSSUFU.obj
 0001:00010160       ?GetArguments@@YAXPBDH@Z   00411160 f   CSSUFU.obj
 0001:00010270       ?FileExists@@YAHPAD@Z      00411270 f   CSSUFU.obj
 0001:000102a0       ?FileIsNewer@@YAHPAD0@Z    004112a0 f   CSSUFU.obj
 0001:00010340       ?GetPrivateINIString@@YAXPBD00PADKQAD@Z 00411340 f   PROFILE.obj
 0001:000103d0       ?WritePrivateINIString@@YAXPBD000@Z 004113d0 f   PROFILE.obj
 0001:00010450       ?GetEnvironmentType@@YAHXZ 00411450 f   PROFILE.obj
 0001:000104b0       ?GetSystemPath@@YAPADXZ    004114b0 f   PROFILE.obj
 0001:00010540       ?GetINIPath@@YAPADPAD@Z    00411540 f   PROFILE.obj
 0001:000105c0       ?GetTempPathA@@YAPADPAD@Z  004115c0 f   PROFILE.obj
 0001:000105e0       ??_GsizedBuffer@@UAEPAXI@Z 004115e0 f i sizedBuffer.obj
 0001:000105e0       ??_EsizedBuffer@@UAEPAXI@Z 004115e0 f i sizedBuffer.obj
 0001:00010600       ??1sizedBuffer@@UAE@XZ     00411600 f   sizedBuffer.obj
 0001:00010620       ?size@sizedBuffer@@QBEHXZ  00411620 f   sizedBuffer.obj
 0001:00010630       ?data@sizedBuffer@@QBEPBEXZ 00411630 f   sizedBuffer.obj
 0001:00010640       ?ref@sizedBuffer@@QBEHXZ   00411640 f   sizedBuffer.obj
 0001:00010650       _main                      00411650 f   v4_main.obj
 0001:00010b90       ??0CSI@@QAE@XZ             00411b90 f   v4_main.obj
 0001:00011c00       ?metaObject@CSI@@UBEPAVQMetaObject@@XZ 00412c00 f i v4_main.obj
 0001:00011c10       ??_GCSI@@UAEPAXI@Z         00412c10 f i v4_main.obj
 0001:00011c10       ??_ECSI@@UAEPAXI@Z         00412c10 f i v4_main.obj
 0001:00011c30       ??_EQPopupMenu@@UAEPAXI@Z  00412c30 f i v4_main.obj
 0001:00011c30       ??_GQPopupMenu@@UAEPAXI@Z  00412c30 f i v4_main.obj
 0001:00011c50       ??1CSI@@UAE@XZ             00412c50 f   v4_main.obj
 0001:00011c70       ?Closedown@CSI@@UAEXXZ     00412c70 f   v4_main.obj
 0001:00011c90       ?SessionToggle@CSI@@UAEXXZ 00412c90 f   v4_main.obj
 0001:00011ca0       ?HangUpAllSessions@CSI@@UAEXXZ 00412ca0 f   v4_main.obj
 0001:00011cb0       ?FlushSessionQ@CSI@@UAEXXZ 00412cb0 f   v4_main.obj
 0001:00011cc0       ?ClientToggle@CSI@@UAEXXZ  00412cc0 f   v4_main.obj
 0001:00011cd0       ?DriverToggle@CSI@@UAEXXZ  00412cd0 f   v4_main.obj
 0001:00011ce0       ?CacheToggle@CSI@@UAEXXZ   00412ce0 f   v4_main.obj
 0001:00011cf0       ?DiagnosticsToggle@CSI@@UAEXXZ 00412cf0 f   v4_main.obj
 0001:00011d00       ?DiagnosticsExtToggle@CSI@@UAEXXZ 00412d00 f   v4_main.obj
 0001:00011d10       ?DebugToggle@CSI@@UAEXXZ   00412d10 f   v4_main.obj
 0001:00011d20       ?WindowClear@CSI@@UAEXXZ   00412d20 f   v4_main.obj
 0001:00011d30       ?License@CSI@@UAEXXZ       00412d30 f   v4_main.obj
 0001:00011d40       ?About@CSI@@UAEXXZ         00412d40 f   v4_main.obj
 0001:00011d50       ?NetReset@CSI@@UAEXXZ      00412d50 f   v4_main.obj
 0001:00011d60       ?closeEvent@CSI@@MAEXPAVQCloseEvent@@@Z 00412d60 f   v4_main.obj
 0001:00011d80       ??1?$QDict@V?$QMemArray@D@@@@UAE@XZ 00412d80 f i v4_main.obj
 0001:00011de0       ?count@?$QDict@V?$QMemArray@D@@@@UBEIXZ 00412de0 f i v4_main.obj
 0001:00011df0       ?clear@?$QDict@V?$QMemArray@D@@@@UAEXXZ 00412df0 f i v4_main.obj
 0001:00011e00       ??_E?$QDict@V?$QMemArray@D@@@@UAEPAXI@Z 00412e00 f i v4_main.obj
 0001:00011e00       ??_G?$QDict@V?$QMemArray@D@@@@UAEPAXI@Z 00412e00 f i v4_main.obj
 0001:00011e20       ?deleteItem@?$QDict@V?$QMemArray@D@@@@EAEXPAX@Z 00412e20 f i v4_main.obj
 0001:00011e40       ??_EQPopupMenu@@WCI@AEPAXI@Z 00412e40 f i v4_main.obj
 0001:00011e50       ??_EQPopupMenu@@WIM@AEPAXI@Z 00412e50 f i v4_main.obj
 0001:00011e60       ??_ECSI@@WCI@AEPAXI@Z      00412e60 f i v4_main.obj
 0001:00011e70       ??0CSIAboutDlg@@QAE@PAVQWidget@@PBD_NI@Z 00412e70 f   csi_about.obj
 0001:00012510       ?metaObject@CSIAboutDlg@@UBEPAVQMetaObject@@XZ 00413510 f i csi_about.obj
 0001:00012520       ??_EQSpacerItem@@UAEPAXI@Z 00413520 f i csi_about.obj
 0001:00012520       ??_GQSpacerItem@@UAEPAXI@Z 00413520 f i csi_about.obj
 0001:00012540       ??_ECSIAboutDlg@@UAEPAXI@Z 00413540 f i csi_about.obj
 0001:00012540       ??_GCSIAboutDlg@@UAEPAXI@Z 00413540 f i csi_about.obj
 0001:00012560       ??_EQVBoxLayout@@UAEPAXI@Z 00413560 f i csi_about.obj
 0001:00012560       ??_GQVBoxLayout@@UAEPAXI@Z 00413560 f i csi_about.obj
 0001:00012580       ??_GQLabel@@UAEPAXI@Z      00413580 f i csi_about.obj
 0001:00012580       ??_EQLabel@@UAEPAXI@Z      00413580 f i csi_about.obj
 0001:000125a0       ??_EQHBoxLayout@@UAEPAXI@Z 004135a0 f i csi_about.obj
 0001:000125a0       ??_GQHBoxLayout@@UAEPAXI@Z 004135a0 f i csi_about.obj
 0001:000125c0       ??_GQPushButton@@UAEPAXI@Z 004135c0 f i csi_about.obj
 0001:000125c0       ??_EQPushButton@@UAEPAXI@Z 004135c0 f i csi_about.obj
 0001:000125e0       ??1CSIAboutDlg@@UAE@XZ     004135e0 f   csi_about.obj
 0001:00012600       ?languageChange@CSIAboutDlg@@MAEXXZ 00413600 f   csi_about.obj
 0001:00012800       ?Accepted@CSIAboutDlg@@UAEXXZ 00413800 f   csi_about.obj
 0001:00012810       ?pushButton1_released@CSIAboutDlg@@UAEXXZ 00413810 f   csi_about.obj
 0001:00012820       ?accepted@CSIAboutDlg@@UAEXXZ 00413820 f   csi_about.obj
 0001:00012830       ?accept@CSIAboutDlg@@UAEXXZ 00413830 f   csi_about.obj
 0001:00012840       ??_EQVBoxLayout@@WCI@AEPAXI@Z 00413840 f i csi_about.obj
 0001:00012850       ??_EQHBoxLayout@@WCI@AEPAXI@Z 00413850 f i csi_about.obj
 0001:00012860       ??_EQLabel@@WCI@AEPAXI@Z   00413860 f i csi_about.obj
 0001:00012870       ??_ECSIAboutDlg@@WCI@AEPAXI@Z 00413870 f i csi_about.obj
 0001:00012880       ??_EQPushButton@@WCI@AEPAXI@Z 00413880 f i csi_about.obj
 0001:00012890       ??0CSIDbLoadDlg@@QAE@PAVQWidget@@PBD_NI@Z 00413890 f   csi_dbload.obj
 0001:00012c20       ?metaObject@CSIDbLoadDlg@@UBEPAVQMetaObject@@XZ 00413c20 f i csi_dbload.obj
 0001:00012c30       ??_GCSIDbLoadDlg@@UAEPAXI@Z 00413c30 f i csi_dbload.obj
 0001:00012c30       ??_ECSIDbLoadDlg@@UAEPAXI@Z 00413c30 f i csi_dbload.obj
 0001:00012c50       ??1CSIDbLoadDlg@@UAE@XZ    00413c50 f   csi_dbload.obj
 0001:00012c70       ?languageChange@CSIDbLoadDlg@@MAEXXZ 00413c70 f   csi_dbload.obj
 0001:00012d50       ?Accepted@CSIDbLoadDlg@@UAEXXZ 00413d50 f   csi_dbload.obj
 0001:00012d60       ?pushButton1_released@CSIDbLoadDlg@@UAEXXZ 00413d60 f   csi_dbload.obj
 0001:00012d70       ?accepted@CSIDbLoadDlg@@UAEXXZ 00413d70 f   csi_dbload.obj
 0001:00012d80       ?accept@CSIDbLoadDlg@@UAEXXZ 00413d80 f   csi_dbload.obj
 0001:00012d90       ??_ECSIDbLoadDlg@@WCI@AEPAXI@Z 00413d90 f i csi_dbload.obj
 0001:00012da0       ??0CSILicenseDlg@@QAE@PAVQWidget@@PBD_NI@Z 00413da0 f   csi_license.obj
 0001:000138e0       ?metaObject@CSILicenseDlg@@UBEPAVQMetaObject@@XZ 004148e0 f i csi_license.obj
 0001:000138f0       ??_GCSILicenseDlg@@UAEPAXI@Z 004148f0 f i csi_license.obj
 0001:000138f0       ??_ECSILicenseDlg@@UAEPAXI@Z 004148f0 f i csi_license.obj
 0001:00013910       ??1CSILicenseDlg@@UAE@XZ   00414910 f   csi_license.obj
 0001:00013930       ?languageChange@CSILicenseDlg@@MAEXXZ 00414930 f   csi_license.obj
 0001:00013cb0       ??_ECSILicenseDlg@@WCI@AEPAXI@Z 00414cb0 f i csi_license.obj
 0001:00013cc0       ??0CSIMainDlg@@QAE@PAVQWidget@@PBDI@Z 00414cc0 f   csi_maindlg.obj
 0001:00016bf0       ?metaObject@CSIMainDlg@@UBEPAVQMetaObject@@XZ 00417bf0 f i csi_maindlg.obj
 0001:00016c00       ??_ECSIMainDlg@@UAEPAXI@Z  00417c00 f i csi_maindlg.obj
 0001:00016c00       ??_GCSIMainDlg@@UAEPAXI@Z  00417c00 f i csi_maindlg.obj
 0001:00016c20       ??_GQListBox@@UAEPAXI@Z    00417c20 f i csi_maindlg.obj
 0001:00016c20       ??_EQListBox@@UAEPAXI@Z    00417c20 f i csi_maindlg.obj
 0001:00016c40       ??1CSIMainDlg@@UAE@XZ      00417c40 f   csi_maindlg.obj
 0001:00016ca0       ?languageChange@CSIMainDlg@@MAEXXZ 00417ca0 f   csi_maindlg.obj
 0001:00018760       ?Menu_About@CSIMainDlg@@UAEXXZ 00419760 f   csi_maindlg.obj
 0001:00018770       ?Menu_Licence@CSIMainDlg@@UAEXXZ 00419770 f   csi_maindlg.obj
 0001:00018780       ??_EQListBox@@WCI@AEPAXI@Z 00419780 f i csi_maindlg.obj
 0001:00018790       ??_ECSIMainDlg@@WCI@AEPAXI@Z 00419790 f i csi_maindlg.obj
 0001:000187a0       ?className@CSIAboutDlg@@UBEPBDXZ 004197a0 f   moc_csi_about.obj
 0001:00018800       ?tr@CSIAboutDlg@@SA?AVQString@@PBD0@Z 00419800 f   moc_csi_about.obj
 0001:00018850       ?staticMetaObject@CSIAboutDlg@@SAPAVQMetaObject@@XZ 00419850 f   moc_csi_about.obj
 0001:000188a0       ?qt_cast@CSIAboutDlg@@UAEPAXPBD@Z 004198a0 f   moc_csi_about.obj
 0001:00018910       ?qt_invoke@CSIAboutDlg@@UAE_NHPAUQUObject@@@Z 00419910 f   moc_csi_about.obj
 0001:000189b0       ?qt_property@CSILicenseDlg@@UAE_NHHPAVQVariant@@@Z 004199b0 f   moc_csi_about.obj
 0001:000189b0       ?qt_property@CSIDbLoadDlg@@UAE_NHHPAVQVariant@@@Z 004199b0 f   moc_csi_about.obj
 0001:000189b0       ?qt_property@CSIAboutDlg@@UAE_NHHPAVQVariant@@@Z 004199b0 f   moc_csi_about.obj
 0001:000189d0       ?className@CSIDbLoadDlg@@UBEPBDXZ 004199d0 f   moc_csi_dbload.obj
 0001:00018a30       ?tr@CSIDbLoadDlg@@SA?AVQString@@PBD0@Z 00419a30 f   moc_csi_dbload.obj
 0001:00018a80       ?staticMetaObject@CSIDbLoadDlg@@SAPAVQMetaObject@@XZ 00419a80 f   moc_csi_dbload.obj
 0001:00018ad0       ?qt_cast@CSIDbLoadDlg@@UAEPAXPBD@Z 00419ad0 f   moc_csi_dbload.obj
 0001:00018b40       ?qt_invoke@CSIDbLoadDlg@@UAE_NHPAUQUObject@@@Z 00419b40 f   moc_csi_dbload.obj
 0001:00018be0       ?qt_emit@CSIDbLoadDlg@@UAE_NHPAUQUObject@@@Z 00419be0 f   moc_csi_dbload.obj
 0001:00018be0       ?qt_emit@CSILicenseDlg@@UAE_NHPAUQUObject@@@Z 00419be0 f   moc_csi_dbload.obj
 0001:00018be0       ?qt_emit@CSIAboutDlg@@UAE_NHPAUQUObject@@@Z 00419be0 f   moc_csi_dbload.obj
 0001:00018c00       ?className@CSILicenseDlg@@UBEPBDXZ 00419c00 f   moc_csi_license.obj
 0001:00018c60       ?tr@CSILicenseDlg@@SA?AVQString@@PBD0@Z 00419c60 f   moc_csi_license.obj
 0001:00018cb0       ?staticMetaObject@CSILicenseDlg@@SAPAVQMetaObject@@XZ 00419cb0 f   moc_csi_license.obj
 0001:00018d00       ?qt_cast@CSILicenseDlg@@UAEPAXPBD@Z 00419d00 f   moc_csi_license.obj
 0001:00018d70       ?qt_invoke@CSILicenseDlg@@UAE_NHPAUQUObject@@@Z 00419d70 f   moc_csi_license.obj
 0001:00018db0       ?className@CSIMainDlg@@UBEPBDXZ 00419db0 f   moc_csi_maindlg.obj
 0001:00018e10       ?tr@CSIMainDlg@@SA?AVQString@@PBD0@Z 00419e10 f   moc_csi_maindlg.obj
 0001:00018e60       ?staticMetaObject@CSIMainDlg@@SAPAVQMetaObject@@XZ 00419e60 f   moc_csi_maindlg.obj
 0001:00018eb0       ?qt_cast@CSIMainDlg@@UAEPAXPBD@Z 00419eb0 f   moc_csi_maindlg.obj
 0001:00018f20       ?qt_invoke@CSIMainDlg@@UAE_NHPAUQUObject@@@Z 00419f20 f   moc_csi_maindlg.obj
 0001:00018fc0       ?qt_emit@CSIMainDlg@@UAE_NHPAUQUObject@@@Z 00419fc0 f   moc_csi_maindlg.obj
 0001:00018fe0       ?qt_property@CSIMainDlg@@UAE_NHHPAVQVariant@@@Z 00419fe0 f   moc_csi_maindlg.obj
 0001:00019000       ?className@CSI@@UBEPBDXZ   0041a000 f   moc_V4_main.obj
 0001:00019060       ?staticMetaObject@CSI@@SAPAVQMetaObject@@XZ 0041a060 f   moc_V4_main.obj
 0001:000190b0       ?qt_cast@CSI@@UAEPAXPBD@Z  0041a0b0 f   moc_V4_main.obj
 0001:00019120       ?qt_invoke@CSI@@UAE_NHPAUQUObject@@@Z 0041a120 f   moc_V4_main.obj
 0001:00019280       ?qt_emit@CSI@@UAE_NHPAUQUObject@@@Z 0041a280 f   moc_V4_main.obj
 0001:000192a0       ?qt_property@CSI@@UAE_NHHPAVQVariant@@@Z 0041a2a0 f   moc_V4_main.obj
 0001:000192c0       ?dgMsgQueueSize@@YAHXZ     0041a2c0 f   bbcnb32m:bbcnb32m.dll
 0001:000192c6       ?dgMsgQueueNextItem@@YA?AVsizedBuffer@@XZ 0041a2c6 f   bbcnb32m:bbcnb32m.dll
 0001:000192cc       _NetCopyName@8             0041a2cc f   bbcnb32m:bbcnb32m.dll
 0001:000192d2       _NetNcbFree@4              0041a2d2 f   bbcnb32m:bbcnb32m.dll
 0001:000192d8       _NetRetCode@8              0041a2d8 f   bbcnb32m:bbcnb32m.dll
 0001:000192de       _NetCall@28                0041a2de f   bbcnb32m:bbcnb32m.dll
 0001:000192e4       _NetCmdCode@8              0041a2e4 f   bbcnb32m:bbcnb32m.dll
 0001:000192ea       _NetHangUp@8               0041a2ea f   bbcnb32m:bbcnb32m.dll
 0001:000192f0       _NetCancel@8               0041a2f0 f   bbcnb32m:bbcnb32m.dll
 0001:000192f6       _NetReceive@20             0041a2f6 f   bbcnb32m:bbcnb32m.dll
 0001:000192fc       _NetSend@24                0041a2fc f   bbcnb32m:bbcnb32m.dll
 0001:00019302       _NetListen@28              0041a302 f   bbcnb32m:bbcnb32m.dll
 0001:00019308       _NetAddGroupName@12        0041a308 f   bbcnb32m:bbcnb32m.dll
 0001:0001930e       _NetAddName@12             0041a30e f   bbcnb32m:bbcnb32m.dll
 0001:00019314       _NetDeleteName@12          0041a314 f   bbcnb32m:bbcnb32m.dll
 0001:0001931a       _NetReset@12               0041a31a f   bbcnb32m:bbcnb32m.dll
 0001:00019320       _NetReceiveDG@20           0041a320 f   bbcnb32m:bbcnb32m.dll
 0001:00019326       _NetSendDG@28              0041a326 f   bbcnb32m:bbcnb32m.dll
 0001:0001932c       ?showMinimized@QWidget@@UAEXXZ 0041a32c f   qt-mt323:qt-mt323.dll
 0001:00019332       ?deleteData@QGArray@@MAEXPAUarray_data@1@@Z 0041a332 f   qt-mt323:qt-mt323.dll
 0001:00019338       ?newData@QGArray@@MAEPAUarray_data@1@XZ 0041a338 f   qt-mt323:qt-mt323.dll
 0001:0001933e       ?detach@?$QMemArray@D@@UAEXXZ 0041a33e f   qt-mt323:qt-mt323.dll
 0001:00019344       ?write@QGDict@@MBEAAVQDataStream@@AAV2@PAX@Z 0041a344 f   qt-mt323:qt-mt323.dll
 0001:0001934a       ?read@QGDict@@MAEAAVQDataStream@@AAV2@AAPAX@Z 0041a34a f   qt-mt323:qt-mt323.dll
 0001:00019350       ?newItem@QPtrCollection@@MAEPAXPAX@Z 0041a350 f   qt-mt323:qt-mt323.dll
 0001:00019356       ?setToolTipGroup@QMainWindow@@EAEXPAVQToolTipGroup@@@Z 0041a356 f   qt-mt323:qt-mt323.dll
 0001:0001935c       ?setStatusBar@QMainWindow@@EAEXPAVQStatusBar@@@Z 0041a35c f   qt-mt323:qt-mt323.dll
 0001:00019362       ?setMenuBar@QMainWindow@@EAEXPAVQMenuBar@@@Z 0041a362 f   qt-mt323:qt-mt323.dll
 0001:00019368       ?showDockMenu@QMainWindow@@MAE_NABVQPoint@@@Z 0041a368 f   qt-mt323:qt-mt323.dll
 0001:0001936e       ?setUpLayout@QMainWindow@@MAEXXZ 0041a36e f   qt-mt323:qt-mt323.dll
 0001:00019374       ?customize@QMainWindow@@UAEXXZ 0041a374 f   qt-mt323:qt-mt323.dll
 0001:0001937a       ?setAppropriate@QMainWindow@@UAEXPAVQDockWindow@@_N@Z 0041a37a f   qt-mt323:qt-mt323.dll
 0001:00019380       ?whatsThis@QMainWindow@@UAEXXZ 0041a380 f   qt-mt323:qt-mt323.dll
 0001:00019386       ?setDockMenuEnabled@QMainWindow@@UAEX_N@Z 0041a386 f   qt-mt323:qt-mt323.dll
 0001:0001938c       ?setOpaqueMoving@QMainWindow@@UAEX_N@Z 0041a38c f   qt-mt323:qt-mt323.dll
 0001:00019392       ?setDockWindowsMovable@QMainWindow@@UAEX_N@Z 0041a392 f   qt-mt323:qt-mt323.dll
 0001:00019398       ?setUsesTextLabel@QMainWindow@@UAEX_N@Z 0041a398 f   qt-mt323:qt-mt323.dll
 0001:0001939e       ?setUsesBigPixmaps@QMainWindow@@UAEX_N@Z 0041a39e f   qt-mt323:qt-mt323.dll
 0001:000193a4       ?setRightJustification@QMainWindow@@UAEX_N@Z 0041a3a4 f   qt-mt323:qt-mt323.dll
 0001:000193aa       ?isCustomizable@QMainWindow@@UBE_NXZ 0041a3aa f   qt-mt323:qt-mt323.dll
 0001:000193b0       ?dockingArea@QMainWindow@@UAEPAVQDockArea@@ABVQPoint@@@Z 0041a3b0 f   qt-mt323:qt-mt323.dll
 0001:000193b6       ?removeDockWindow@QMainWindow@@UAEXPAVQDockWindow@@@Z 0041a3b6 f   qt-mt323:qt-mt323.dll
 0001:000193bc       ?moveDockWindow@QMainWindow@@UAEXPAVQDockWindow@@W4Dock@Qt@@@Z 0041a3bc f   qt-mt323:qt-mt323.dll
 0001:000193c2       ?moveDockWindow@QMainWindow@@UAEXPAVQDockWindow@@W4Dock@Qt@@_NHH@Z 0041a3c2 f   qt-mt323:qt-mt323.dll
 0001:000193c8       ?addDockWindow@QMainWindow@@UAEXPAVQDockWindow@@W4Dock@Qt@@_N@Z 0041a3c8 f   qt-mt323:qt-mt323.dll
 0001:000193ce       ?addDockWindow@QMainWindow@@UAEXPAVQDockWindow@@ABVQString@@W4Dock@Qt@@_N@Z 0041a3ce f   qt-mt323:qt-mt323.dll
 0001:000193d4       ?setDockEnabled@QMainWindow@@UAEXW4Dock@Qt@@_N@Z 0041a3d4 f   qt-mt323:qt-mt323.dll
 0001:000193da       ?setDockEnabled@QMainWindow@@UAEXPAVQDockWindow@@W4Dock@Qt@@_N@Z 0041a3da f   qt-mt323:qt-mt323.dll
 0001:000193e0       ?setCentralWidget@QMainWindow@@UAEXPAVQWidget@@@Z 0041a3e0 f   qt-mt323:qt-mt323.dll
 0001:000193e6       ?focusNextPrevChild@QWidget@@MAE_N_N@Z 0041a3e6 f   qt-mt323:qt-mt323.dll
 0001:000193ec       ?enabledChange@QWidget@@MAEX_N@Z 0041a3ec f   qt-mt323:qt-mt323.dll
 0001:000193f2       ?styleChange@QMainWindow@@MAEXAAVQStyle@@@Z 0041a3f2 f   qt-mt323:qt-mt323.dll
 0001:000193f8       ?resizeEvent@QWidget@@MAEXPAVQResizeEvent@@@Z 0041a3f8 f   qt-mt323:qt-mt323.dll
 0001:000193fe       ?paintEvent@QMainWindow@@MAEXPAVQPaintEvent@@@Z 0041a3fe f   qt-mt323:qt-mt323.dll
 0001:00019404       ?leaveEvent@QWidget@@MAEXPAVQEvent@@@Z 0041a404 f   qt-mt323:qt-mt323.dll
 0001:0001940a       ?focusOutEvent@QWidget@@MAEXPAVQFocusEvent@@@Z 0041a40a f   qt-mt323:qt-mt323.dll
 0001:00019410       ?focusInEvent@QWidget@@MAEXPAVQFocusEvent@@@Z 0041a410 f   qt-mt323:qt-mt323.dll
 0001:00019416       ?keyPressEvent@QWidget@@MAEXPAVQKeyEvent@@@Z 0041a416 f   qt-mt323:qt-mt323.dll
 0001:0001941c       ?mouseMoveEvent@QWidget@@MAEXPAVQMouseEvent@@@Z 0041a41c f   qt-mt323:qt-mt323.dll
 0001:00019422       ?mouseReleaseEvent@QWidget@@MAEXPAVQMouseEvent@@@Z 0041a422 f   qt-mt323:qt-mt323.dll
 0001:00019428       ?mousePressEvent@QWidget@@MAEXPAVQMouseEvent@@@Z 0041a428 f   qt-mt323:qt-mt323.dll
 0001:0001942e       ?customWhatsThis@QWidget@@UBE_NXZ 0041a42e f   qt-mt323:qt-mt323.dll
 0001:00019434       ?minimumSizeHint@QMainWindow@@UBE?AVQSize@@XZ 0041a434 f   qt-mt323:qt-mt323.dll
 0001:0001943a       ?sizeHint@QMainWindow@@UBE?AVQSize@@XZ 0041a43a f   qt-mt323:qt-mt323.dll
 0001:00019440       ?hide@QMainWindow@@UAEXXZ  0041a440 f   qt-mt323:qt-mt323.dll
 0001:00019446       ?show@QMainWindow@@UAEXXZ  0041a446 f   qt-mt323:qt-mt323.dll
 0001:0001944c       ?setFont@QWidget@@UAEXABVQFont@@@Z 0041a44c f   qt-mt323:qt-mt323.dll
 0001:00019452       ?childEvent@QMainWindow@@MAEXPAVQChildEvent@@@Z 0041a452 f   qt-mt323:qt-mt323.dll
 0001:00019458       ?timerEvent@QObject@@MAEXPAVQTimerEvent@@@Z 0041a458 f   qt-mt323:qt-mt323.dll
 0001:0001945e       ?eventFilter@QMainWindow@@UAE_NPAVQObject@@PAVQEvent@@@Z 0041a45e f   qt-mt323:qt-mt323.dll
 0001:00019464       ?event@QMainWindow@@MAE_NPAVQEvent@@@Z 0041a464 f   qt-mt323:qt-mt323.dll
 0001:0001946a       ?menuDelPopup@QPopupMenu@@EAEXPAV1@@Z 0041a46a f   qt-mt323:qt-mt323.dll
 0001:00019470       ?menuInsPopup@QPopupMenu@@EAEXPAV1@@Z 0041a470 f   qt-mt323:qt-mt323.dll
 0001:00019476       ?menuStateChanged@QPopupMenu@@EAEXXZ 0041a476 f   qt-mt323:qt-mt323.dll
 0001:0001947c       ?menuContentsChanged@QPopupMenu@@EAEXXZ 0041a47c f   qt-mt323:qt-mt323.dll
 0001:00019482       ?activateItemAt@QPopupMenu@@UAEXH@Z 0041a482 f   qt-mt323:qt-mt323.dll
 0001:00019488       ?setId@QMenuData@@UAEXHH@Z 0041a488 f   qt-mt323:qt-mt323.dll
 0001:0001948e       ?updateItem@QPopupMenu@@UAEXH@Z 0041a48e f   qt-mt323:qt-mt323.dll
 0001:00019494       ?fontInf@QPaintDevice@@MBEHPAVQFont@@H@Z 0041a494 f   qt-mt323:qt-mt323.dll
 0001:0001949a       ?fontMet@QPaintDevice@@MBEHPAVQFont@@HPBDH@Z 0041a49a f   qt-mt323:qt-mt323.dll
 0001:000194a0       ?metric@QWidget@@MBEHH@Z   0041a4a0 f   qt-mt323:qt-mt323.dll
 0001:000194a6       ?cmd@QPaintDevice@@MAE_NHPAVQPainter@@PATQPDevCmdParam@@@Z 0041a4a6 f   qt-mt323:qt-mt323.dll
 0001:000194ac       ?handle@QPaintDevice@@UBEPAUHDC__@@XZ 0041a4ac f   qt-mt323:qt-mt323.dll
 0001:000194b2       ?resolution@QPaintDevice@@UBEHXZ 0041a4b2 f   qt-mt323:qt-mt323.dll
 0001:000194b8       ?setResolution@QPaintDevice@@UAEXH@Z 0041a4b8 f   qt-mt323:qt-mt323.dll
 0001:000194be       ?setFirstItemActive@QPopupMenu@@EAEXXZ 0041a4be f   qt-mt323:qt-mt323.dll
 0001:000194c4       ?setActiveItem@QPopupMenu@@UAEXH@Z 0041a4c4 f   qt-mt323:qt-mt323.dll
 0001:000194ca       ?setCheckable@QPopupMenu@@UAEX_N@Z 0041a4ca f   qt-mt323:qt-mt323.dll
 0001:000194d0       ?frameChanged@QPopupMenu@@EAEXXZ 0041a4d0 f   qt-mt323:qt-mt323.dll
 0001:000194d6       ?drawContents@QPopupMenu@@MAEXPAVQPainter@@@Z 0041a4d6 f   qt-mt323:qt-mt323.dll
 0001:000194dc       ?drawFrame@QFrame@@MAEXPAVQPainter@@@Z 0041a4dc f   qt-mt323:qt-mt323.dll
 0001:000194e2       ?setFrameRect@QFrame@@UAEXABVQRect@@@Z 0041a4e2 f   qt-mt323:qt-mt323.dll
 0001:000194e8       ?setMidLineWidth@QFrame@@UAEXH@Z 0041a4e8 f   qt-mt323:qt-mt323.dll
 0001:000194ee       ?setMargin@QFrame@@UAEXH@Z 0041a4ee f   qt-mt323:qt-mt323.dll
 0001:000194f4       ?setLineWidth@QFrame@@UAEXH@Z 0041a4f4 f   qt-mt323:qt-mt323.dll
 0001:000194fa       ?setFrameStyle@QFrame@@UAEXH@Z 0041a4fa f   qt-mt323:qt-mt323.dll
 0001:00019500       ?setMicroFocusHint@QWidget@@MAEXHHHH_NPAVQFont@@@Z 0041a500 f   qt-mt323:qt-mt323.dll
 0001:00019506       ?setKeyCompression@QWidget@@MAEX_N@Z 0041a506 f   qt-mt323:qt-mt323.dll
 0001:0001950c       ?focusNextPrevChild@QPopupMenu@@MAE_N_N@Z 0041a50c f   qt-mt323:qt-mt323.dll
 0001:00019512       ?setWFlags@QWidget@@MAEXI@Z 0041a512 f   qt-mt323:qt-mt323.dll
 0001:00019518       ?setWState@QWidget@@MAEXI@Z 0041a518 f   qt-mt323:qt-mt323.dll
 0001:0001951e       ?destroy@QWidget@@MAEX_N0@Z 0041a51e f   qt-mt323:qt-mt323.dll
 0001:00019524       ?create@QWidget@@MAEXPAUHWND__@@_N1@Z 0041a524 f   qt-mt323:qt-mt323.dll
 0001:0001952a       ?windowActivationChange@QWidget@@MAEX_N@Z 0041a52a f   qt-mt323:qt-mt323.dll
 0001:00019530       ?fontChange@QWidget@@MAEXABVQFont@@@Z 0041a530 f   qt-mt323:qt-mt323.dll
 0001:00019536       ?paletteChange@QWidget@@MAEXABVQPalette@@@Z 0041a536 f   qt-mt323:qt-mt323.dll
 0001:0001953c       ?enabledChange@QPopupMenu@@MAEX_N@Z 0041a53c f   qt-mt323:qt-mt323.dll
 0001:00019542       ?styleChange@QPopupMenu@@MAEXAAVQStyle@@@Z 0041a542 f   qt-mt323:qt-mt323.dll
 0001:00019548       ?updateMask@QWidget@@MAEXXZ 0041a548 f   qt-mt323:qt-mt323.dll
 0001:0001954e       ?winEvent@QWidget@@MAE_NPAUtagMSG@@@Z 0041a54e f   qt-mt323:qt-mt323.dll
 0001:00019554       ?hideEvent@QWidget@@MAEXPAVQHideEvent@@@Z 0041a554 f   qt-mt323:qt-mt323.dll
 0001:0001955a       ?showEvent@QWidget@@MAEXPAVQShowEvent@@@Z 0041a55a f   qt-mt323:qt-mt323.dll
 0001:00019560       ?dropEvent@QWidget@@MAEXPAVQDropEvent@@@Z 0041a560 f   qt-mt323:qt-mt323.dll
 0001:00019566       ?dragLeaveEvent@QWidget@@MAEXPAVQDragLeaveEvent@@@Z 0041a566 f   qt-mt323:qt-mt323.dll
 0001:0001956c       ?dragMoveEvent@QWidget@@MAEXPAVQDragMoveEvent@@@Z 0041a56c f   qt-mt323:qt-mt323.dll
 0001:00019572       ?dragEnterEvent@QWidget@@MAEXPAVQDragEnterEvent@@@Z 0041a572 f   qt-mt323:qt-mt323.dll
 0001:00019578       ?tabletEvent@QWidget@@MAEXPAVQTabletEvent@@@Z 0041a578 f   qt-mt323:qt-mt323.dll
 0001:0001957e       ?imEndEvent@QWidget@@MAEXPAVQIMEvent@@@Z 0041a57e f   qt-mt323:qt-mt323.dll
 0001:00019584       ?imComposeEvent@QWidget@@MAEXPAVQIMEvent@@@Z 0041a584 f   qt-mt323:qt-mt323.dll
 0001:0001958a       ?imStartEvent@QWidget@@MAEXPAVQIMEvent@@@Z 0041a58a f   qt-mt323:qt-mt323.dll
 0001:00019590       ?contextMenuEvent@QWidget@@MAEXPAVQContextMenuEvent@@@Z 0041a590 f   qt-mt323:qt-mt323.dll
 0001:00019596       ?closeEvent@QPopupMenu@@MAEXPAVQCloseEvent@@@Z 0041a596 f   qt-mt323:qt-mt323.dll
 0001:0001959c       ?resizeEvent@QFrame@@MAEXPAVQResizeEvent@@@Z 0041a59c f   qt-mt323:qt-mt323.dll
 0001:000195a2       ?moveEvent@QWidget@@MAEXPAVQMoveEvent@@@Z 0041a5a2 f   qt-mt323:qt-mt323.dll
 0001:000195a8       ?paintEvent@QPopupMenu@@MAEXPAVQPaintEvent@@@Z 0041a5a8 f   qt-mt323:qt-mt323.dll
 0001:000195ae       ?leaveEvent@QPopupMenu@@MAEXPAVQEvent@@@Z 0041a5ae f   qt-mt323:qt-mt323.dll
 0001:000195b4       ?enterEvent@QWidget@@MAEXPAVQEvent@@@Z 0041a5b4 f   qt-mt323:qt-mt323.dll
 0001:000195ba       ?focusOutEvent@QPopupMenu@@MAEXPAVQFocusEvent@@@Z 0041a5ba f   qt-mt323:qt-mt323.dll
 0001:000195c0       ?focusInEvent@QPopupMenu@@MAEXPAVQFocusEvent@@@Z 0041a5c0 f   qt-mt323:qt-mt323.dll
 0001:000195c6       ?keyReleaseEvent@QWidget@@MAEXPAVQKeyEvent@@@Z 0041a5c6 f   qt-mt323:qt-mt323.dll
 0001:000195cc       ?keyPressEvent@QPopupMenu@@MAEXPAVQKeyEvent@@@Z 0041a5cc f   qt-mt323:qt-mt323.dll
 0001:000195d2       ?wheelEvent@QWidget@@MAEXPAVQWheelEvent@@@Z 0041a5d2 f   qt-mt323:qt-mt323.dll
 0001:000195d8       ?mouseMoveEvent@QPopupMenu@@MAEXPAVQMouseEvent@@@Z 0041a5d8 f   qt-mt323:qt-mt323.dll
 0001:000195de       ?mouseDoubleClickEvent@QWidget@@MAEXPAVQMouseEvent@@@Z 0041a5de f   qt-mt323:qt-mt323.dll
 0001:000195e4       ?mouseReleaseEvent@QPopupMenu@@MAEXPAVQMouseEvent@@@Z 0041a5e4 f   qt-mt323:qt-mt323.dll
 0001:000195ea       ?mousePressEvent@QPopupMenu@@MAEXPAVQMouseEvent@@@Z 0041a5ea f   qt-mt323:qt-mt323.dll
 0001:000195f0       ?customWhatsThis@QPopupMenu@@UBE_NXZ 0041a5f0 f   qt-mt323:qt-mt323.dll
 0001:000195f6       ?setBackgroundOrigin@QWidget@@UAEXW4BackgroundOrigin@1@@Z 0041a5f6 f   qt-mt323:qt-mt323.dll
 0001:000195fc       ?setAutoMask@QWidget@@UAEX_N@Z 0041a5fc f   qt-mt323:qt-mt323.dll
 0001:00019602       ?setAcceptDrops@QWidget@@UAEX_N@Z 0041a602 f   qt-mt323:qt-mt323.dll
 0001:00019608       ?reparent@QWidget@@UAEXPAV1@IABVQPoint@@_N@Z 0041a608 f   qt-mt323:qt-mt323.dll
 0001:0001960e       ?adjustSize@QWidget@@UAEXXZ 0041a60e f   qt-mt323:qt-mt323.dll
 0001:00019614       ?heightForWidth@QWidget@@UBEHH@Z 0041a614 f   qt-mt323:qt-mt323.dll
 0001:0001961a       ?setSizePolicy@QWidget@@UAEXVQSizePolicy@@@Z 0041a61a f   qt-mt323:qt-mt323.dll
 0001:00019620       ?sizePolicy@QWidget@@UBE?AVQSizePolicy@@XZ 0041a620 f   qt-mt323:qt-mt323.dll
 0001:00019626       ?minimumSizeHint@QWidget@@UBE?AVQSize@@XZ 0041a626 f   qt-mt323:qt-mt323.dll
 0001:0001962c       ?sizeHint@QPopupMenu@@UBE?AVQSize@@XZ 0041a62c f   qt-mt323:qt-mt323.dll
 0001:00019632       ?setGeometry@QWidget@@UAEXHHHH@Z 0041a632 f   qt-mt323:qt-mt323.dll
 0001:00019638       ?setGeometry@QWidget@@UAEXABVQRect@@@Z 0041a638 f   qt-mt323:qt-mt323.dll
 0001:0001963e       ?resize@QWidget@@UAEXHH@Z  0041a63e f   qt-mt323:qt-mt323.dll
 0001:00019644       ?move@QWidget@@UAEXHH@Z    0041a644 f   qt-mt323:qt-mt323.dll
 0001:0001964a       ?close@QWidget@@UAE_N_N@Z  0041a64a f   qt-mt323:qt-mt323.dll
 0001:00019650       ?polish@QWidget@@UAEXXZ    0041a650 f   qt-mt323:qt-mt323.dll
 0001:00019656       ?showNormal@QWidget@@UAEXXZ 0041a656 f   qt-mt323:qt-mt323.dll
 0001:0001965c       ?showMaximized@QWidget@@UAEXXZ 0041a65c f   qt-mt323:qt-mt323.dll
 0001:00019662       ?hide@QPopupMenu@@UAEXXZ   0041a662 f   qt-mt323:qt-mt323.dll
 0001:00019668       ?show@QPopupMenu@@UAEXXZ   0041a668 f   qt-mt323:qt-mt323.dll
 0001:0001966e       ?setUpdatesEnabled@QWidget@@UAEX_N@Z 0041a66e f   qt-mt323:qt-mt323.dll
 0001:00019674       ?setFocusProxy@QWidget@@UAEXPAV1@@Z 0041a674 f   qt-mt323:qt-mt323.dll
 0001:0001967a       ?setFocusPolicy@QWidget@@UAEXW4FocusPolicy@1@@Z 0041a67a f   qt-mt323:qt-mt323.dll
 0001:00019680       ?setActiveWindow@QWidget@@UAEXXZ 0041a680 f   qt-mt323:qt-mt323.dll
 0001:00019686       ?setFocus@QWidget@@UAEXXZ  0041a686 f   qt-mt323:qt-mt323.dll
 0001:0001968c       ?setMouseTracking@QWidget@@UAEX_N@Z 0041a68c f   qt-mt323:qt-mt323.dll
 0001:00019692       ?setIconText@QWidget@@UAEXABVQString@@@Z 0041a692 f   qt-mt323:qt-mt323.dll
 0001:00019698       ?setIcon@QWidget@@UAEXABVQPixmap@@@Z 0041a698 f   qt-mt323:qt-mt323.dll
 0001:0001969e       ?setCaption@QWidget@@UAEXABVQString@@@Z 0041a69e f   qt-mt323:qt-mt323.dll
 0001:000196a4       ?setBackgroundPixmap@QWidget@@UAEXABVQPixmap@@@Z 0041a6a4 f   qt-mt323:qt-mt323.dll
 0001:000196aa       ?setBackgroundColor@QWidget@@UAEXABVQColor@@@Z 0041a6aa f   qt-mt323:qt-mt323.dll
 0001:000196b0       ?setMask@QWidget@@UAEXABVQBitmap@@@Z 0041a6b0 f   qt-mt323:qt-mt323.dll
 0001:000196b6       ?setMask@QWidget@@UAEXABVQRegion@@@Z 0041a6b6 f   qt-mt323:qt-mt323.dll
 0001:000196bc       ?unsetCursor@QWidget@@UAEXXZ 0041a6bc f   qt-mt323:qt-mt323.dll
 0001:000196c2       ?setCursor@QWidget@@UAEXABVQCursor@@@Z 0041a6c2 f   qt-mt323:qt-mt323.dll
 0001:000196c8       ?setFont@QPopupMenu@@UAEXABVQFont@@@Z 0041a6c8 f   qt-mt323:qt-mt323.dll
 0001:000196ce       ?setPaletteBackgroundPixmap@QWidget@@UAEXABVQPixmap@@@Z 0041a6ce f   qt-mt323:qt-mt323.dll
 0001:000196d4       ?setPaletteBackgroundColor@QWidget@@UAEXABVQColor@@@Z 0041a6d4 f   qt-mt323:qt-mt323.dll
 0001:000196da       ?setPalette@QWidget@@UAEXABVQPalette@@@Z 0041a6da f   qt-mt323:qt-mt323.dll
 0001:000196e0       ?setErasePixmap@QWidget@@UAEXABVQPixmap@@@Z 0041a6e0 f   qt-mt323:qt-mt323.dll
 0001:000196e6       ?setEraseColor@QWidget@@UAEXABVQColor@@@Z 0041a6e6 f   qt-mt323:qt-mt323.dll
 0001:000196ec       ?setBackgroundMode@QWidget@@UAEXW4BackgroundMode@Qt@@@Z 0041a6ec f   qt-mt323:qt-mt323.dll
 0001:000196f2       ?setSizeIncrement@QWidget@@UAEXHH@Z 0041a6f2 f   qt-mt323:qt-mt323.dll
 0001:000196f8       ?setMaximumSize@QWidget@@UAEXHH@Z 0041a6f8 f   qt-mt323:qt-mt323.dll
 0001:000196fe       ?setMinimumSize@QWidget@@UAEXHH@Z 0041a6fe f   qt-mt323:qt-mt323.dll
 0001:00019704       ?setEnabled@QWidget@@UAEX_N@Z 0041a704 f   qt-mt323:qt-mt323.dll
 0001:0001970a       ?checkConnectArgs@QObject@@MAE_NPBDPBV1@0@Z 0041a70a f   qt-mt323:qt-mt323.dll
 0001:00019710       ?disconnectNotify@QObject@@MAEXPBD@Z 0041a710 f   qt-mt323:qt-mt323.dll
 0001:00019716       ?connectNotify@QObject@@MAEXPBD@Z 0041a716 f   qt-mt323:qt-mt323.dll
 0001:0001971c       ?customEvent@QObject@@MAEXPAVQCustomEvent@@@Z 0041a71c f   qt-mt323:qt-mt323.dll
 0001:00019722       ?childEvent@QObject@@MAEXPAVQChildEvent@@@Z 0041a722 f   qt-mt323:qt-mt323.dll
 0001:00019728       ?timerEvent@QPopupMenu@@MAEXPAVQTimerEvent@@@Z 0041a728 f   qt-mt323:qt-mt323.dll
 0001:0001972e       ?property@QObject@@UBE?AVQVariant@@PBD@Z 0041a72e f   qt-mt323:qt-mt323.dll
 0001:00019734       ?setProperty@QObject@@UAE_NPBDABVQVariant@@@Z 0041a734 f   qt-mt323:qt-mt323.dll
 0001:0001973a       ?removeChild@QObject@@UAEXPAV1@@Z 0041a73a f   qt-mt323:qt-mt323.dll
 0001:00019740       ?insertChild@QObject@@UAEXPAV1@@Z 0041a740 f   qt-mt323:qt-mt323.dll
 0001:00019746       ?setName@QWidget@@UAEXPBD@Z 0041a746 f   qt-mt323:qt-mt323.dll
 0001:0001974c       ?eventFilter@QObject@@UAE_NPAV1@PAVQEvent@@@Z 0041a74c f   qt-mt323:qt-mt323.dll
 0001:00019752       ?event@QWidget@@MAE_NPAVQEvent@@@Z 0041a752 f   qt-mt323:qt-mt323.dll
 0001:00019758       ?qt_property@QPopupMenu@@UAE_NHHPAVQVariant@@@Z 0041a758 f   qt-mt323:qt-mt323.dll
 0001:0001975e       ?qt_emit@QPopupMenu@@UAE_NHPAUQUObject@@@Z 0041a75e f   qt-mt323:qt-mt323.dll
 0001:00019764       ?qt_invoke@QPopupMenu@@UAE_NHPAUQUObject@@@Z 0041a764 f   qt-mt323:qt-mt323.dll
 0001:0001976a       ?qt_cast@QPopupMenu@@UAEPAXPBD@Z 0041a76a f   qt-mt323:qt-mt323.dll
 0001:00019770       ?className@QPopupMenu@@UBEPBDXZ 0041a770 f   qt-mt323:qt-mt323.dll
 0001:00019776       ?metaObject@QPopupMenu@@UBEPAVQMetaObject@@XZ 0041a776 f   qt-mt323:qt-mt323.dll
 0001:0001977c       ?setOn@QPushButton@@UAEX_N@Z 0041a77c f   qt-mt323:qt-mt323.dll
 0001:00019782       ?setIsMenuButton@QPushButton@@UAEX_N@Z 0041a782 f   qt-mt323:qt-mt323.dll
 0001:00019788       ?setDefault@QPushButton@@UAEX_N@Z 0041a788 f   qt-mt323:qt-mt323.dll
 0001:0001978e       ?setAutoDefault@QPushButton@@UAEX_N@Z 0041a78e f   qt-mt323:qt-mt323.dll
 0001:00019794       ?setGroup@QButton@@EAEXPAVQButtonGroup@@@Z 0041a794 f   qt-mt323:qt-mt323.dll
 0001:0001979a       ?drawButtonLabel@QPushButton@@MAEXPAVQPainter@@@Z 0041a79a f   qt-mt323:qt-mt323.dll
 0001:000197a0       ?drawButton@QPushButton@@MAEXPAVQPainter@@@Z 0041a7a0 f   qt-mt323:qt-mt323.dll
 0001:000197a6       ?hitButton@QButton@@MBE_NABVQPoint@@@Z 0041a7a6 f   qt-mt323:qt-mt323.dll
 0001:000197ac       ?setState@QButton@@MAEXW4ToggleState@1@@Z 0041a7ac f   qt-mt323:qt-mt323.dll
 0001:000197b2       ?setToggleType@QButton@@MAEXW4ToggleType@1@@Z 0041a7b2 f   qt-mt323:qt-mt323.dll
 0001:000197b8       ?setAutoRepeat@QButton@@UAEX_N@Z 0041a7b8 f   qt-mt323:qt-mt323.dll
 0001:000197be       ?setDown@QButton@@UAEX_N@Z 0041a7be f   qt-mt323:qt-mt323.dll
 0001:000197c4       ?setAccel@QButton@@UAEXABVQKeySequence@@@Z 0041a7c4 f   qt-mt323:qt-mt323.dll
 0001:000197ca       ?setPixmap@QButton@@UAEXABVQPixmap@@@Z 0041a7ca f   qt-mt323:qt-mt323.dll
 0001:000197d0       ?setText@QButton@@UAEXABVQString@@@Z 0041a7d0 f   qt-mt323:qt-mt323.dll
 0001:000197d6       ?enabledChange@QButton@@MAEX_N@Z 0041a7d6 f   qt-mt323:qt-mt323.dll
 0001:000197dc       ?updateMask@QPushButton@@MAEXXZ 0041a7dc f   qt-mt323:qt-mt323.dll
 0001:000197e2       ?resizeEvent@QPushButton@@MAEXPAVQResizeEvent@@@Z 0041a7e2 f   qt-mt323:qt-mt323.dll
 0001:000197e8       ?paintEvent@QButton@@MAEXPAVQPaintEvent@@@Z 0041a7e8 f   qt-mt323:qt-mt323.dll
 0001:000197ee       ?focusOutEvent@QPushButton@@MAEXPAVQFocusEvent@@@Z 0041a7ee f   qt-mt323:qt-mt323.dll
 0001:000197f4       ?focusInEvent@QPushButton@@MAEXPAVQFocusEvent@@@Z 0041a7f4 f   qt-mt323:qt-mt323.dll
 0001:000197fa       ?keyReleaseEvent@QButton@@MAEXPAVQKeyEvent@@@Z 0041a7fa f   qt-mt323:qt-mt323.dll
 0001:00019800       ?keyPressEvent@QButton@@MAEXPAVQKeyEvent@@@Z 0041a800 f   qt-mt323:qt-mt323.dll
 0001:00019806       ?mouseMoveEvent@QButton@@MAEXPAVQMouseEvent@@@Z 0041a806 f   qt-mt323:qt-mt323.dll
 0001:0001980c       ?mouseReleaseEvent@QButton@@MAEXPAVQMouseEvent@@@Z 0041a80c f   qt-mt323:qt-mt323.dll
 0001:00019812       ?mousePressEvent@QButton@@MAEXPAVQMouseEvent@@@Z 0041a812 f   qt-mt323:qt-mt323.dll
 0001:00019818       ?sizeHint@QPushButton@@UBE?AVQSize@@XZ 0041a818 f   qt-mt323:qt-mt323.dll
 0001:0001981e       ?setGeometry@QPushButton@@UAEXHHHH@Z 0041a81e f   qt-mt323:qt-mt323.dll
 0001:00019824       ?setGeometry@QPushButton@@UAEXABVQRect@@@Z 0041a824 f   qt-mt323:qt-mt323.dll
 0001:0001982a       ?resize@QPushButton@@UAEXHH@Z 0041a82a f   qt-mt323:qt-mt323.dll
 0001:00019830       ?move@QPushButton@@UAEXHH@Z 0041a830 f   qt-mt323:qt-mt323.dll
 0001:00019836       ?qt_property@QPushButton@@UAE_NHHPAVQVariant@@@Z 0041a836 f   qt-mt323:qt-mt323.dll
 0001:0001983c       ?qt_emit@QPushButton@@UAE_NHPAUQUObject@@@Z 0041a83c f   qt-mt323:qt-mt323.dll
 0001:00019842       ?qt_invoke@QPushButton@@UAE_NHPAUQUObject@@@Z 0041a842 f   qt-mt323:qt-mt323.dll
 0001:00019848       ?qt_cast@QPushButton@@UAEPAXPBD@Z 0041a848 f   qt-mt323:qt-mt323.dll
 0001:0001984e       ?className@QPushButton@@UBEPBDXZ 0041a84e f   qt-mt323:qt-mt323.dll
 0001:00019854       ?metaObject@QPushButton@@UBEPAVQMetaObject@@XZ 0041a854 f   qt-mt323:qt-mt323.dll
 0001:0001985a       ?spacerItem@QSpacerItem@@UAEPAV1@XZ 0041a85a f   qt-mt323:qt-mt323.dll
 0001:00019860       ?layout@QLayoutItem@@UAEPAVQLayout@@XZ 0041a860 f   qt-mt323:qt-mt323.dll
 0001:00019866       ?iterator@QLayoutItem@@UAE?AVQLayoutIterator@@XZ 0041a866 f   qt-mt323:qt-mt323.dll
 0001:0001986c       ?invalidate@QLayoutItem@@UAEXXZ 0041a86c f   qt-mt323:qt-mt323.dll
 0001:00019872       ?heightForWidth@QLayoutItem@@UBEHH@Z 0041a872 f   qt-mt323:qt-mt323.dll
 0001:00019878       ?hasHeightForWidth@QLayoutItem@@UBE_NXZ 0041a878 f   qt-mt323:qt-mt323.dll
 0001:0001987e       ?isEmpty@QSpacerItem@@UBE_NXZ 0041a87e f   qt-mt323:qt-mt323.dll
 0001:00019884       ?geometry@QSpacerItem@@UBE?AVQRect@@XZ 0041a884 f   qt-mt323:qt-mt323.dll
 0001:0001988a       ?setGeometry@QSpacerItem@@UAEXABVQRect@@@Z 0041a88a f   qt-mt323:qt-mt323.dll
 0001:00019890       ?expanding@QSpacerItem@@UBE?AW4ExpandData@QSizePolicy@@XZ 0041a890 f   qt-mt323:qt-mt323.dll
 0001:00019896       ?maximumSize@QSpacerItem@@UBE?AVQSize@@XZ 0041a896 f   qt-mt323:qt-mt323.dll
 0001:0001989c       ?minimumSize@QSpacerItem@@UBE?AVQSize@@XZ 0041a89c f   qt-mt323:qt-mt323.dll
 0001:000198a2       ?sizeHint@QSpacerItem@@UBE?AVQSize@@XZ 0041a8a2 f   qt-mt323:qt-mt323.dll
 0001:000198a8       ?reject@QDialog@@MAEXXZ    0041a8a8 f   qt-mt323:qt-mt323.dll
 0001:000198ae       ?done@QDialog@@MAEXH@Z     0041a8ae f   qt-mt323:qt-mt323.dll
 0001:000198b4       ?styleChange@QWidget@@MAEXAAVQStyle@@@Z 0041a8b4 f   qt-mt323:qt-mt323.dll
 0001:000198ba       ?contextMenuEvent@QDialog@@MAEXPAVQContextMenuEvent@@@Z 0041a8ba f   qt-mt323:qt-mt323.dll
 0001:000198c0       ?closeEvent@QDialog@@MAEXPAVQCloseEvent@@@Z 0041a8c0 f   qt-mt323:qt-mt323.dll
 0001:000198c6       ?resizeEvent@QDialog@@MAEXPAVQResizeEvent@@@Z 0041a8c6 f   qt-mt323:qt-mt323.dll
 0001:000198cc       ?paintEvent@QWidget@@MAEXPAVQPaintEvent@@@Z 0041a8cc f   qt-mt323:qt-mt323.dll
 0001:000198d2       ?keyPressEvent@QDialog@@MAEXPAVQKeyEvent@@@Z 0041a8d2 f   qt-mt323:qt-mt323.dll
 0001:000198d8       ?minimumSizeHint@QDialog@@UBE?AVQSize@@XZ 0041a8d8 f   qt-mt323:qt-mt323.dll
 0001:000198de       ?sizeHint@QDialog@@UBE?AVQSize@@XZ 0041a8de f   qt-mt323:qt-mt323.dll
 0001:000198e4       ?setGeometry@QDialog@@UAEXHHHH@Z 0041a8e4 f   qt-mt323:qt-mt323.dll
 0001:000198ea       ?setGeometry@QDialog@@UAEXABVQRect@@@Z 0041a8ea f   qt-mt323:qt-mt323.dll
 0001:000198f0       ?resize@QDialog@@UAEXHH@Z  0041a8f0 f   qt-mt323:qt-mt323.dll
 0001:000198f6       ?move@QDialog@@UAEXHH@Z    0041a8f6 f   qt-mt323:qt-mt323.dll
 0001:000198fc       ?hide@QDialog@@UAEXXZ      0041a8fc f   qt-mt323:qt-mt323.dll
 0001:00019902       ?show@QDialog@@UAEXXZ      0041a902 f   qt-mt323:qt-mt323.dll
 0001:00019908       ?eventFilter@QDialog@@MAE_NPAVQObject@@PAVQEvent@@@Z 0041a908 f   qt-mt323:qt-mt323.dll
 0001:0001990e       ?setNum@QLabel@@UAEXH@Z    0041a90e f   qt-mt323:qt-mt323.dll
 0001:00019914       ?setNum@QLabel@@UAEXN@Z    0041a914 f   qt-mt323:qt-mt323.dll
 0001:0001991a       ?setMovie@QLabel@@UAEXABVQMovie@@@Z 0041a91a f   qt-mt323:qt-mt323.dll
 0001:00019920       ?setPicture@QLabel@@UAEXABVQPicture@@@Z 0041a920 f   qt-mt323:qt-mt323.dll
 0001:00019926       ?setPixmap@QLabel@@UAEXABVQPixmap@@@Z 0041a926 f   qt-mt323:qt-mt323.dll
 0001:0001992c       ?setText@QLabel@@UAEXABVQString@@@Z 0041a92c f   qt-mt323:qt-mt323.dll
 0001:00019932       ?setBuddy@QLabel@@UAEXPAVQWidget@@@Z 0041a932 f   qt-mt323:qt-mt323.dll
 0001:00019938       ?setAutoResize@QLabel@@UAEX_N@Z 0041a938 f   qt-mt323:qt-mt323.dll
 0001:0001993e       ?setAlignment@QLabel@@UAEXH@Z 0041a93e f   qt-mt323:qt-mt323.dll
 0001:00019944       ?frameChanged@QFrame@@MAEXXZ 0041a944 f   qt-mt323:qt-mt323.dll
 0001:0001994a       ?drawContents@QLabel@@MAEXPAVQPainter@@@Z 0041a94a f   qt-mt323:qt-mt323.dll
 0001:00019950       ?fontChange@QLabel@@MAEXABVQFont@@@Z 0041a950 f   qt-mt323:qt-mt323.dll
 0001:00019956       ?styleChange@QFrame@@MAEXAAVQStyle@@@Z 0041a956 f   qt-mt323:qt-mt323.dll
 0001:0001995c       ?closeEvent@QWidget@@MAEXPAVQCloseEvent@@@Z 0041a95c f   qt-mt323:qt-mt323.dll
 0001:00019962       ?resizeEvent@QLabel@@MAEXPAVQResizeEvent@@@Z 0041a962 f   qt-mt323:qt-mt323.dll
 0001:00019968       ?paintEvent@QFrame@@MAEXPAVQPaintEvent@@@Z 0041a968 f   qt-mt323:qt-mt323.dll
 0001:0001996e       ?heightForWidth@QLabel@@UBEHH@Z 0041a96e f   qt-mt323:qt-mt323.dll
 0001:00019974       ?minimumSizeHint@QLabel@@UBE?AVQSize@@XZ 0041a974 f   qt-mt323:qt-mt323.dll
 0001:0001997a       ?sizeHint@QLabel@@UBE?AVQSize@@XZ 0041a97a f   qt-mt323:qt-mt323.dll
 0001:00019980       ?hide@QWidget@@UAEXXZ      0041a980 f   qt-mt323:qt-mt323.dll
 0001:00019986       ?show@QWidget@@UAEXXZ      0041a986 f   qt-mt323:qt-mt323.dll
 0001:0001998c       ?setFont@QLabel@@UAEXABVQFont@@@Z 0041a98c f   qt-mt323:qt-mt323.dll
 0001:00019992       ?qt_property@QLabel@@UAE_NHHPAVQVariant@@@Z 0041a992 f   qt-mt323:qt-mt323.dll
 0001:00019998       ?qt_emit@QLabel@@UAE_NHPAUQUObject@@@Z 0041a998 f   qt-mt323:qt-mt323.dll
 0001:0001999e       ?qt_invoke@QLabel@@UAE_NHPAUQUObject@@@Z 0041a99e f   qt-mt323:qt-mt323.dll
 0001:000199a4       ?qt_cast@QLabel@@UAEPAXPBD@Z 0041a9a4 f   qt-mt323:qt-mt323.dll
 0001:000199aa       ?className@QLabel@@UBEPBDXZ 0041a9aa f   qt-mt323:qt-mt323.dll
 0001:000199b0       ?metaObject@QLabel@@UBEPAVQMetaObject@@XZ 0041a9b0 f   qt-mt323:qt-mt323.dll
 0001:000199b6       ?qt_property@QHBoxLayout@@UAE_NHHPAVQVariant@@@Z 0041a9b6 f   qt-mt323:qt-mt323.dll
 0001:000199bc       ?qt_emit@QHBoxLayout@@UAE_NHPAUQUObject@@@Z 0041a9bc f   qt-mt323:qt-mt323.dll
 0001:000199c2       ?qt_invoke@QHBoxLayout@@UAE_NHPAUQUObject@@@Z 0041a9c2 f   qt-mt323:qt-mt323.dll
 0001:000199c8       ?qt_cast@QHBoxLayout@@UAEPAXPBD@Z 0041a9c8 f   qt-mt323:qt-mt323.dll
 0001:000199ce       ?className@QHBoxLayout@@UBEPBDXZ 0041a9ce f   qt-mt323:qt-mt323.dll
 0001:000199d4       ?metaObject@QHBoxLayout@@UBEPAVQMetaObject@@XZ 0041a9d4 f   qt-mt323:qt-mt323.dll
 0001:000199da       ?setAlignment@QLayoutItem@@UAEXH@Z 0041a9da f   qt-mt323:qt-mt323.dll
 0001:000199e0       ?spacerItem@QLayoutItem@@UAEPAVQSpacerItem@@XZ 0041a9e0 f   qt-mt323:qt-mt323.dll
 0001:000199e6       ?layout@QLayout@@UAEPAV1@XZ 0041a9e6 f   qt-mt323:qt-mt323.dll
 0001:000199ec       ?iterator@QBoxLayout@@UAE?AVQLayoutIterator@@XZ 0041a9ec f   qt-mt323:qt-mt323.dll
 0001:000199f2       ?widget@QLayoutItem@@UAEPAVQWidget@@XZ 0041a9f2 f   qt-mt323:qt-mt323.dll
 0001:000199f8       ?invalidate@QBoxLayout@@UAEXXZ 0041a9f8 f   qt-mt323:qt-mt323.dll
 0001:000199fe       ?heightForWidth@QBoxLayout@@UBEHH@Z 0041a9fe f   qt-mt323:qt-mt323.dll
 0001:00019a04       ?hasHeightForWidth@QBoxLayout@@UBE_NXZ 0041aa04 f   qt-mt323:qt-mt323.dll
 0001:00019a0a       ?isEmpty@QLayout@@UBE_NXZ  0041aa0a f   qt-mt323:qt-mt323.dll
 0001:00019a10       ?geometry@QLayout@@UBE?AVQRect@@XZ 0041aa10 f   qt-mt323:qt-mt323.dll
 0001:00019a16       ?setGeometry@QBoxLayout@@UAEXABVQRect@@@Z 0041aa16 f   qt-mt323:qt-mt323.dll
 0001:00019a1c       ?expanding@QBoxLayout@@UBE?AW4ExpandData@QSizePolicy@@XZ 0041aa1c f   qt-mt323:qt-mt323.dll
 0001:00019a22       ?maximumSize@QBoxLayout@@UBE?AVQSize@@XZ 0041aa22 f   qt-mt323:qt-mt323.dll
 0001:00019a28       ?minimumSize@QBoxLayout@@UBE?AVQSize@@XZ 0041aa28 f   qt-mt323:qt-mt323.dll
 0001:00019a2e       ?sizeHint@QBoxLayout@@UBE?AVQSize@@XZ 0041aa2e f   qt-mt323:qt-mt323.dll
 0001:00019a34       ?addItem@QBoxLayout@@UAEXPAVQLayoutItem@@@Z 0041aa34 f   qt-mt323:qt-mt323.dll
 0001:00019a3a       ?setAutoAdd@QLayout@@UAEX_N@Z 0041aa3a f   qt-mt323:qt-mt323.dll
 0001:00019a40       ?setMenuBar@QLayout@@UAEXPAVQMenuBar@@@Z 0041aa40 f   qt-mt323:qt-mt323.dll
 0001:00019a46       ?setSpacing@QLayout@@UAEXH@Z 0041aa46 f   qt-mt323:qt-mt323.dll
 0001:00019a4c       ?setMargin@QLayout@@UAEXH@Z 0041aa4c f   qt-mt323:qt-mt323.dll
 0001:00019a52       ?childEvent@QLayout@@MAEXPAVQChildEvent@@@Z 0041aa52 f   qt-mt323:qt-mt323.dll
 0001:00019a58       ?setName@QObject@@UAEXPBD@Z 0041aa58 f   qt-mt323:qt-mt323.dll
 0001:00019a5e       ?eventFilter@QLayout@@MAE_NPAVQObject@@PAVQEvent@@@Z 0041aa5e f   qt-mt323:qt-mt323.dll
 0001:00019a64       ?event@QObject@@UAE_NPAVQEvent@@@Z 0041aa64 f   qt-mt323:qt-mt323.dll
 0001:00019a6a       ?qt_property@QVBoxLayout@@UAE_NHHPAVQVariant@@@Z 0041aa6a f   qt-mt323:qt-mt323.dll
 0001:00019a70       ?qt_emit@QVBoxLayout@@UAE_NHPAUQUObject@@@Z 0041aa70 f   qt-mt323:qt-mt323.dll
 0001:00019a76       ?qt_invoke@QVBoxLayout@@UAE_NHPAUQUObject@@@Z 0041aa76 f   qt-mt323:qt-mt323.dll
 0001:00019a7c       ?qt_cast@QVBoxLayout@@UAEPAXPBD@Z 0041aa7c f   qt-mt323:qt-mt323.dll
 0001:00019a82       ?className@QVBoxLayout@@UBEPBDXZ 0041aa82 f   qt-mt323:qt-mt323.dll
 0001:00019a88       ?metaObject@QVBoxLayout@@UBEPAVQMetaObject@@XZ 0041aa88 f   qt-mt323:qt-mt323.dll
 0001:00019a8e       ?accept@QDialog@@MAEXXZ    0041aa8e f   qt-mt323:qt-mt323.dll
 0001:00019a94       ?sizeHint@QWidget@@UBE?AVQSize@@XZ 0041aa94 f   qt-mt323:qt-mt323.dll
 0001:00019a9a       ?paintCell@QListBox@@MAEXPAVQPainter@@HH@Z 0041aa9a f   qt-mt323:qt-mt323.dll
 0001:00019aa0       ?invertSelection@QListBox@@UAEXXZ 0041aaa0 f   qt-mt323:qt-mt323.dll
 0001:00019aa6       ?selectAll@QListBox@@UAEX_N@Z 0041aaa6 f   qt-mt323:qt-mt323.dll
 0001:00019aac       ?clearSelection@QListBox@@UAEXXZ 0041aaac f   qt-mt323:qt-mt323.dll
 0001:00019ab2       ?ensureCurrentVisible@QListBox@@UAEXXZ 0041aab2 f   qt-mt323:qt-mt323.dll
 0001:00019ab8       ?setVariableHeight@QListBox@@UAEX_N@Z 0041aab8 f   qt-mt323:qt-mt323.dll
 0001:00019abe       ?setVariableWidth@QListBox@@UAEX_N@Z 0041aabe f   qt-mt323:qt-mt323.dll
 0001:00019ac4       ?setRowMode@QListBox@@UAEXW4LayoutMode@1@@Z 0041aac4 f   qt-mt323:qt-mt323.dll
 0001:00019aca       ?setRowMode@QListBox@@UAEXH@Z 0041aaca f   qt-mt323:qt-mt323.dll
 0001:00019ad0       ?setColumnMode@QListBox@@UAEXW4LayoutMode@1@@Z 0041aad0 f   qt-mt323:qt-mt323.dll
 0001:00019ad6       ?setColumnMode@QListBox@@UAEXH@Z 0041aad6 f   qt-mt323:qt-mt323.dll
 0001:00019adc       ?setSelected@QListBox@@UAEXPAVQListBoxItem@@_N@Z 0041aadc f   qt-mt323:qt-mt323.dll
 0001:00019ae2       ?setSelectionMode@QListBox@@UAEXW4SelectionMode@1@@Z 0041aae2 f   qt-mt323:qt-mt323.dll
 0001:00019ae8       ?setBottomItem@QListBox@@UAEXH@Z 0041aae8 f   qt-mt323:qt-mt323.dll
 0001:00019aee       ?setTopItem@QListBox@@UAEXH@Z 0041aaee f   qt-mt323:qt-mt323.dll
 0001:00019af4       ?setCurrentItem@QListBox@@UAEXH@Z 0041aaf4 f   qt-mt323:qt-mt323.dll
 0001:00019afa       ?setCurrentItem@QListBox@@UAEXPAVQListBoxItem@@@Z 0041aafa f   qt-mt323:qt-mt323.dll
 0001:00019b00       ?setVBarGeometry@QScrollView@@MAEXAAVQScrollBar@@HHHH@Z 0041ab00 f   qt-mt323:qt-mt323.dll
 0001:00019b06       ?setHBarGeometry@QScrollView@@MAEXAAVQScrollBar@@HHHH@Z 0041ab06 f   qt-mt323:qt-mt323.dll
 0001:00019b0c       ?setMargins@QScrollView@@MAEXHHHH@Z 0041ab0c f   qt-mt323:qt-mt323.dll
 0001:00019b12       ?viewportContextMenuEvent@QScrollView@@MAEXPAVQContextMenuEvent@@@Z 0041ab12 f   qt-mt323:qt-mt323.dll
 0001:00019b18       ?viewportWheelEvent@QScrollView@@MAEXPAVQWheelEvent@@@Z 0041ab18 f   qt-mt323:qt-mt323.dll
 0001:00019b1e       ?viewportDropEvent@QScrollView@@MAEXPAVQDropEvent@@@Z 0041ab1e f   qt-mt323:qt-mt323.dll
 0001:00019b24       ?viewportDragLeaveEvent@QScrollView@@MAEXPAVQDragLeaveEvent@@@Z 0041ab24 f   qt-mt323:qt-mt323.dll
 0001:00019b2a       ?viewportDragMoveEvent@QScrollView@@MAEXPAVQDragMoveEvent@@@Z 0041ab2a f   qt-mt323:qt-mt323.dll
 0001:00019b30       ?viewportDragEnterEvent@QScrollView@@MAEXPAVQDragEnterEvent@@@Z 0041ab30 f   qt-mt323:qt-mt323.dll
 0001:00019b36       ?viewportMouseMoveEvent@QScrollView@@MAEXPAVQMouseEvent@@@Z 0041ab36 f   qt-mt323:qt-mt323.dll
 0001:00019b3c       ?viewportMouseDoubleClickEvent@QScrollView@@MAEXPAVQMouseEvent@@@Z 0041ab3c f   qt-mt323:qt-mt323.dll
 0001:00019b42       ?viewportMouseReleaseEvent@QScrollView@@MAEXPAVQMouseEvent@@@Z 0041ab42 f   qt-mt323:qt-mt323.dll
 0001:00019b48       ?viewportMousePressEvent@QScrollView@@MAEXPAVQMouseEvent@@@Z 0041ab48 f   qt-mt323:qt-mt323.dll
 0001:00019b4e       ?viewportResizeEvent@QScrollView@@MAEXPAVQResizeEvent@@@Z 0041ab4e f   qt-mt323:qt-mt323.dll
 0001:00019b54       ?viewportPaintEvent@QListBox@@UAEXPAVQPaintEvent@@@Z 0041ab54 f   qt-mt323:qt-mt323.dll
 0001:00019b5a       ?contentsContextMenuEvent@QListBox@@MAEXPAVQContextMenuEvent@@@Z 0041ab5a f   qt-mt323:qt-mt323.dll
 0001:00019b60       ?contentsWheelEvent@QScrollView@@MAEXPAVQWheelEvent@@@Z 0041ab60 f   qt-mt323:qt-mt323.dll
 0001:00019b66       ?contentsDropEvent@QScrollView@@MAEXPAVQDropEvent@@@Z 0041ab66 f   qt-mt323:qt-mt323.dll
 0001:00019b6c       ?contentsDragLeaveEvent@QScrollView@@MAEXPAVQDragLeaveEvent@@@Z 0041ab6c f   qt-mt323:qt-mt323.dll
 0001:00019b72       ?contentsDragMoveEvent@QScrollView@@MAEXPAVQDragMoveEvent@@@Z 0041ab72 f   qt-mt323:qt-mt323.dll
 0001:00019b78       ?contentsDragEnterEvent@QScrollView@@MAEXPAVQDragEnterEvent@@@Z 0041ab78 f   qt-mt323:qt-mt323.dll
 0001:00019b7e       ?contentsMouseMoveEvent@QScrollView@@MAEXPAVQMouseEvent@@@Z 0041ab7e f   qt-mt323:qt-mt323.dll
 0001:00019b84       ?contentsMouseDoubleClickEvent@QScrollView@@MAEXPAVQMouseEvent@@@Z 0041ab84 f   qt-mt323:qt-mt323.dll
 0001:00019b8a       ?contentsMouseReleaseEvent@QScrollView@@MAEXPAVQMouseEvent@@@Z 0041ab8a f   qt-mt323:qt-mt323.dll
 0001:00019b90       ?contentsMousePressEvent@QScrollView@@MAEXPAVQMouseEvent@@@Z 0041ab90 f   qt-mt323:qt-mt323.dll
 0001:00019b96       ?drawContentsOffset@QScrollView@@MAEXPAVQPainter@@HHHHHH@Z 0041ab96 f   qt-mt323:qt-mt323.dll
 0001:00019b9c       ?drawContents@QScrollView@@MAEXPAVQPainter@@HHHH@Z 0041ab9c f   qt-mt323:qt-mt323.dll
 0001:00019ba2       ?setContentsPos@QScrollView@@UAEXHH@Z 0041aba2 f   qt-mt323:qt-mt323.dll
 0001:00019ba8       ?resizeContents@QScrollView@@UAEXHH@Z 0041aba8 f   qt-mt323:qt-mt323.dll
 0001:00019bae       ?setDragAutoScroll@QScrollView@@UAEX_N@Z 0041abae f   qt-mt323:qt-mt323.dll
 0001:00019bb4       ?setCornerWidget@QScrollView@@UAEXPAVQWidget@@@Z 0041abb4 f   qt-mt323:qt-mt323.dll
 0001:00019bba       ?setHScrollBarMode@QScrollView@@UAEXW4ScrollBarMode@1@@Z 0041abba f   qt-mt323:qt-mt323.dll
 0001:00019bc0       ?setVScrollBarMode@QScrollView@@UAEXW4ScrollBarMode@1@@Z 0041abc0 f   qt-mt323:qt-mt323.dll
 0001:00019bc6       ?moveChild@QScrollView@@UAEXPAVQWidget@@HH@Z 0041abc6 f   qt-mt323:qt-mt323.dll
 0001:00019bcc       ?addChild@QScrollView@@UAEXPAVQWidget@@HH@Z 0041abcc f   qt-mt323:qt-mt323.dll
 0001:00019bd2       ?setResizePolicy@QScrollView@@UAEXW4ResizePolicy@1@@Z 0041abd2 f   qt-mt323:qt-mt323.dll
 0001:00019bd8       ?frameChanged@QScrollView@@MAEXXZ 0041abd8 f   qt-mt323:qt-mt323.dll
 0001:00019bde       ?drawContents@QScrollView@@EAEXPAVQPainter@@@Z 0041abde f   qt-mt323:qt-mt323.dll
 0001:00019be4       ?focusNextPrevChild@QScrollView@@MAE_N_N@Z 0041abe4 f   qt-mt323:qt-mt323.dll
 0001:00019bea       ?windowActivationChange@QListBox@@MAEX_N@Z 0041abea f   qt-mt323:qt-mt323.dll
 0001:00019bf0       ?fontChange@QScrollView@@MAEXABVQFont@@@Z 0041abf0 f   qt-mt323:qt-mt323.dll
 0001:00019bf6       ?styleChange@QScrollView@@UAEXAAVQStyle@@@Z 0041abf6 f   qt-mt323:qt-mt323.dll
 0001:00019bfc       ?showEvent@QListBox@@MAEXPAVQShowEvent@@@Z 0041abfc f   qt-mt323:qt-mt323.dll
 0001:00019c02       ?contextMenuEvent@QScrollView@@MAEXPAVQContextMenuEvent@@@Z 0041ac02 f   qt-mt323:qt-mt323.dll
 0001:00019c08       ?resizeEvent@QListBox@@MAEXPAVQResizeEvent@@@Z 0041ac08 f   qt-mt323:qt-mt323.dll
 0001:00019c0e       ?focusOutEvent@QListBox@@MAEXPAVQFocusEvent@@@Z 0041ac0e f   qt-mt323:qt-mt323.dll
 0001:00019c14       ?focusInEvent@QListBox@@MAEXPAVQFocusEvent@@@Z 0041ac14 f   qt-mt323:qt-mt323.dll
 0001:00019c1a       ?keyPressEvent@QListBox@@MAEXPAVQKeyEvent@@@Z 0041ac1a f   qt-mt323:qt-mt323.dll
 0001:00019c20       ?wheelEvent@QScrollView@@MAEXPAVQWheelEvent@@@Z 0041ac20 f   qt-mt323:qt-mt323.dll
 0001:00019c26       ?mouseMoveEvent@QListBox@@MAEXPAVQMouseEvent@@@Z 0041ac26 f   qt-mt323:qt-mt323.dll
 0001:00019c2c       ?mouseDoubleClickEvent@QListBox@@MAEXPAVQMouseEvent@@@Z 0041ac2c f   qt-mt323:qt-mt323.dll
 0001:00019c32       ?mouseReleaseEvent@QListBox@@MAEXPAVQMouseEvent@@@Z 0041ac32 f   qt-mt323:qt-mt323.dll
 0001:00019c38       ?mousePressEvent@QListBox@@MAEXPAVQMouseEvent@@@Z 0041ac38 f   qt-mt323:qt-mt323.dll
 0001:00019c3e       ?minimumSizeHint@QListBox@@UBE?AVQSize@@XZ 0041ac3e f   qt-mt323:qt-mt323.dll
 0001:00019c44       ?sizeHint@QListBox@@UBE?AVQSize@@XZ 0041ac44 f   qt-mt323:qt-mt323.dll
 0001:00019c4a       ?resize@QScrollView@@UAEXHH@Z 0041ac4a f   qt-mt323:qt-mt323.dll
 0001:00019c50       ?show@QScrollView@@UAEXXZ  0041ac50 f   qt-mt323:qt-mt323.dll
 0001:00019c56       ?setFont@QListBox@@UAEXABVQFont@@@Z 0041ac56 f   qt-mt323:qt-mt323.dll
 0001:00019c5c       ?setEnabled@QScrollView@@UAEX_N@Z 0041ac5c f   qt-mt323:qt-mt323.dll
 0001:00019c62       ?removeChild@QScrollView@@UAEXPAVQObject@@@Z 0041ac62 f   qt-mt323:qt-mt323.dll
 0001:00019c68       ?eventFilter@QListBox@@MAE_NPAVQObject@@PAVQEvent@@@Z 0041ac68 f   qt-mt323:qt-mt323.dll
 0001:00019c6e       ?qt_property@QListBox@@UAE_NHHPAVQVariant@@@Z 0041ac6e f   qt-mt323:qt-mt323.dll
 0001:00019c74       ?qt_emit@QListBox@@UAE_NHPAUQUObject@@@Z 0041ac74 f   qt-mt323:qt-mt323.dll
 0001:00019c7a       ?qt_invoke@QListBox@@UAE_NHPAUQUObject@@@Z 0041ac7a f   qt-mt323:qt-mt323.dll
 0001:00019c80       ?qt_cast@QListBox@@UAEPAXPBD@Z 0041ac80 f   qt-mt323:qt-mt323.dll
 0001:00019c86       ?className@QListBox@@UBEPBDXZ 0041ac86 f   qt-mt323:qt-mt323.dll
 0001:00019c8c       ?metaObject@QListBox@@UBEPAVQMetaObject@@XZ 0041ac8c f   qt-mt323:qt-mt323.dll
 0001:00019c92       ??3@YAXPAX@Z               0041ac92 f   MSVCRT:MSVCRT.dll
 0001:00019c98       ??2@YAPAXI@Z               0041ac98 f   MSVCRT:MSVCRT.dll
 0001:00019c9e       ___CxxFrameHandler         0041ac9e f   MSVCRT:MSVCRT.dll
 0001:00019cb0       __chkstk                   0041acb0 f   MSVCRT:chkstk.obj
 0001:00019cb0       __alloca_probe             0041acb0 f   MSVCRT:chkstk.obj
 0001:00019ce0       __except_handler3          0041ace0 f   MSVCRT:MSVCRT.dll
 0001:00019ce6       __onexit                   0041ace6 f   MSVCRT:atonexit.obj
 0001:00019d12       _atexit                    0041ad12 f   MSVCRT:atonexit.obj
 0001:00019d24       _WinMainCRTStartup         0041ad24 f   MSVCRT:crtexew.obj
 0001:00019e82       ___dllonexit               0041ae82 f   MSVCRT:MSVCRT.dll
 0001:00019e88       __XcptFilter               0041ae88 f   MSVCRT:MSVCRT.dll
 0001:00019e8e       __initterm                 0041ae8e f   MSVCRT:MSVCRT.dll
 0001:00019e94       __setdefaultprecision      0041ae94 f   MSVCRT:fp8.obj
 0001:00019ea6       __matherr                  0041aea6 f   MSVCRT:merr.obj
 0001:00019ea9       __setargv                  0041aea9 f   MSVCRT:dllargv.obj
 0001:00019eaa       __controlfp                0041aeaa f   MSVCRT:MSVCRT.dll
 0001:00019eb0       _WinMain@16                0041aeb0 f   qtmain:qtmain_win.obj
 0001:00019f3d       ?detach@?$QMemArray@PAD@@UAEXXZ 0041af3d f i qtmain:qtmain_win.obj
 0001:00019f45       ??_E?$QMemArray@PAD@@UAEPAXI@Z 0041af45 f i qtmain:qtmain_win.obj
 0001:00019f45       ??_G?$QMemArray@PAD@@UAEPAXI@Z 0041af45 f i qtmain:qtmain_win.obj
 0001:00019f68       _strcpy                    0041af68 f   MSVCRT:MSVCRT.dll
 0001:00019f6e       _strlen                    0041af6e f   MSVCRT:MSVCRT.dll
 0001:00019f74       ?qWinMain@@YAXPAUHINSTANCE__@@0PADHAAHAAV?$QMemArray@PAD@@@Z 0041af74 f   qt-mt323:qt-mt323.dll
 0002:00000000       __imp__BNCS32RxMessage     0041d000     bncsif32:BNCSIF32.dll
 0002:00000004       __imp__BNCS32TxMessage     0041d004     bncsif32:BNCSIF32.dll
 0002:00000008       \177BNCSIF32_NULL_THUNK_DATA 0041d008     bncsif32:BNCSIF32.dll
 0002:0000000c       __imp__GetStockObject@4    0041d00c     gdi32:GDI32.dll
 0002:00000010       \177GDI32_NULL_THUNK_DATA  0041d010     gdi32:GDI32.dll
 0002:00000014       __imp__CreateMutexA@12     0041d014     kernel32:KERNEL32.dll
 0002:00000018       __imp__GetWindowsDirectoryA@8 0041d018     kernel32:KERNEL32.dll
 0002:0000001c       __imp__GetPrivateProfileStringA@24 0041d01c     kernel32:KERNEL32.dll
 0002:00000020       __imp__lstrcatA@8          0041d020     kernel32:KERNEL32.dll
 0002:00000024       __imp__lstrlenA@4          0041d024     kernel32:KERNEL32.dll
 0002:00000028       __imp__FreeLibrary@4       0041d028     kernel32:KERNEL32.dll
 0002:0000002c       __imp__lstrcmpA@8          0041d02c     kernel32:KERNEL32.dll
 0002:00000030       __imp__IsBadReadPtr@8      0041d030     kernel32:KERNEL32.dll
 0002:00000034       __imp__GetPrivateProfileIntA@16 0041d034     kernel32:KERNEL32.dll
 0002:00000038       __imp__SetLocalTime@4      0041d038     kernel32:KERNEL32.dll
 0002:0000003c       __imp__WritePrivateProfileStringA@16 0041d03c     kernel32:KERNEL32.dll
 0002:00000040       __imp__FindFirstFileA@8    0041d040     kernel32:KERNEL32.dll
 0002:00000044       __imp__FindNextFileA@8     0041d044     kernel32:KERNEL32.dll
 0002:00000048       __imp__GetModuleHandleA@4  0041d048     kernel32:KERNEL32.dll
 0002:0000004c       __imp__GetStartupInfoA@4   0041d04c     kernel32:KERNEL32.dll
 0002:00000050       __imp__GetLocalTime@4      0041d050     kernel32:KERNEL32.dll
 0002:00000054       __imp__SetFilePointer@16   0041d054     kernel32:KERNEL32.dll
 0002:00000058       __imp__GetLastError@0      0041d058     kernel32:KERNEL32.dll
 0002:0000005c       __imp__CreateFileA@28      0041d05c     kernel32:KERNEL32.dll
 0002:00000060       __imp__OutputDebugStringA@4 0041d060     kernel32:KERNEL32.dll
 0002:00000064       __imp__CloseHandle@4       0041d064     kernel32:KERNEL32.dll
 0002:00000068       __imp__WriteFile@20        0041d068     kernel32:KERNEL32.dll
 0002:0000006c       __imp___lclose@4           0041d06c     kernel32:KERNEL32.dll
 0002:00000070       __imp__GlobalFree@4        0041d070     kernel32:KERNEL32.dll
 0002:00000074       __imp__GlobalUnlock@4      0041d074     kernel32:KERNEL32.dll
 0002:00000078       __imp__GlobalLock@4        0041d078     kernel32:KERNEL32.dll
 0002:0000007c       __imp__GlobalAlloc@8       0041d07c     kernel32:KERNEL32.dll
 0002:00000080       __imp__lstrcpynA@12        0041d080     kernel32:KERNEL32.dll
 0002:00000084       __imp__lstrcpyA@8          0041d084     kernel32:KERNEL32.dll
 0002:00000088       __imp___lwrite@12          0041d088     kernel32:KERNEL32.dll
 0002:0000008c       __imp___llseek@12          0041d08c     kernel32:KERNEL32.dll
 0002:00000090       __imp___lcreat@8           0041d090     kernel32:KERNEL32.dll
 0002:00000094       __imp___lread@12           0041d094     kernel32:KERNEL32.dll
 0002:00000098       __imp___lopen@8            0041d098     kernel32:KERNEL32.dll
 0002:0000009c       __imp__FindClose@4         0041d09c     kernel32:KERNEL32.dll
 0002:000000a0       \177KERNEL32_NULL_THUNK_DATA 0041d0a0     kernel32:KERNEL32.dll
 0002:000000a4       __imp__strstr              0041d0a4     MSVCRT:MSVCRT.dll
 0002:000000a8       __imp___errno              0041d0a8     MSVCRT:MSVCRT.dll
 0002:000000ac       __imp__fopen               0041d0ac     MSVCRT:MSVCRT.dll
 0002:000000b0       __imp__sscanf              0041d0b0     MSVCRT:MSVCRT.dll
 0002:000000b4       __imp__fgetc               0041d0b4     MSVCRT:MSVCRT.dll
 0002:000000b8       __imp__fputc               0041d0b8     MSVCRT:MSVCRT.dll
 0002:000000bc       __imp__fclose              0041d0bc     MSVCRT:MSVCRT.dll
 0002:000000c0       __imp__atoi                0041d0c0     MSVCRT:MSVCRT.dll
 0002:000000c4       __imp__remove              0041d0c4     MSVCRT:MSVCRT.dll
 0002:000000c8       __imp____CxxFrameHandler   0041d0c8     MSVCRT:MSVCRT.dll
 0002:000000cc       __imp_??2@YAPAXI@Z         0041d0cc     MSVCRT:MSVCRT.dll
 0002:000000d0       __imp__strtok              0041d0d0     MSVCRT:MSVCRT.dll
 0002:000000d4       __imp___mkdir              0041d0d4     MSVCRT:MSVCRT.dll
 0002:000000d4       __imp__mkdir               0041d0d4     MSVCRT:MSVCRT.dll
 0002:000000d8       __imp__strncpy             0041d0d8     MSVCRT:MSVCRT.dll
 0002:000000dc       __imp__getenv              0041d0dc     MSVCRT:MSVCRT.dll
 0002:000000e0       __imp___except_handler3    0041d0e0     MSVCRT:MSVCRT.dll
 0002:000000e4       __imp____dllonexit         0041d0e4     MSVCRT:MSVCRT.dll
 0002:000000e8       __imp___onexit             0041d0e8     MSVCRT:MSVCRT.dll
 0002:000000ec       __imp___exit               0041d0ec     MSVCRT:MSVCRT.dll
 0002:000000f0       __imp___XcptFilter         0041d0f0     MSVCRT:MSVCRT.dll
 0002:000000f4       __imp__exit                0041d0f4     MSVCRT:MSVCRT.dll
 0002:000000f8       __imp___acmdln             0041d0f8     MSVCRT:MSVCRT.dll
 0002:000000fc       __imp_??3@YAXPAX@Z         0041d0fc     MSVCRT:MSVCRT.dll
 0002:00000100       __imp____getmainargs       0041d100     MSVCRT:MSVCRT.dll
 0002:00000104       __imp___initterm           0041d104     MSVCRT:MSVCRT.dll
 0002:00000108       __imp____setusermatherr    0041d108     MSVCRT:MSVCRT.dll
 0002:0000010c       __imp___adjust_fdiv        0041d10c     MSVCRT:MSVCRT.dll
 0002:00000110       __imp____p__commode        0041d110     MSVCRT:MSVCRT.dll
 0002:00000114       __imp____p__fmode          0041d114     MSVCRT:MSVCRT.dll
 0002:00000118       __imp____set_app_type      0041d118     MSVCRT:MSVCRT.dll
 0002:0000011c       __imp___controlfp          0041d11c     MSVCRT:MSVCRT.dll
 0002:00000120       __imp__sprintf             0041d120     MSVCRT:MSVCRT.dll
 0002:00000124       __imp__time                0041d124     MSVCRT:MSVCRT.dll
 0002:00000128       __imp__rmdir               0041d128     MSVCRT:MSVCRT.dll
 0002:00000128       __imp___rmdir              0041d128     MSVCRT:MSVCRT.dll
 0002:0000012c       __imp__strlwr              0041d12c     MSVCRT:MSVCRT.dll
 0002:0000012c       __imp___strlwr             0041d12c     MSVCRT:MSVCRT.dll
 0002:00000130       __imp__stricmp             0041d130     MSVCRT:MSVCRT.dll
 0002:00000130       __imp___stricmp            0041d130     MSVCRT:MSVCRT.dll
 0002:00000134       __imp__strcpy              0041d134     MSVCRT:MSVCRT.dll
 0002:00000138       __imp__localtime           0041d138     MSVCRT:MSVCRT.dll
 0002:0000013c       __imp__strlen              0041d13c     MSVCRT:MSVCRT.dll
 0002:00000140       \177MSVCRT_NULL_THUNK_DATA 0041d140     MSVCRT:MSVCRT.dll
 0002:00000144       __imp__GetWindowLongA@8    0041d144     user32:USER32.dll
 0002:00000148       __imp__SetMessageQueue@4   0041d148     user32:USER32.dll
 0002:0000014c       __imp__FindWindowA@8       0041d14c     user32:USER32.dll
 0002:00000150       __imp__GetDesktopWindow@0  0041d150     user32:USER32.dll
 0002:00000154       __imp__GetWindowRect@8     0041d154     user32:USER32.dll
 0002:00000158       __imp__UpdateWindow@4      0041d158     user32:USER32.dll
 0002:0000015c       __imp__GetMenu@4           0041d15c     user32:USER32.dll
 0002:00000160       __imp__MessageBoxA@16      0041d160     user32:USER32.dll
 0002:00000164       __imp__PostQuitMessage@4   0041d164     user32:USER32.dll
 0002:00000168       __imp__ShowWindow@8        0041d168     user32:USER32.dll
 0002:0000016c       __imp__IsWindow@4          0041d16c     user32:USER32.dll
 0002:00000170       __imp__KillTimer@8         0041d170     user32:USER32.dll
 0002:00000174       __imp__MessageBeep@4       0041d174     user32:USER32.dll
[...]
 0003:00002ae4       ??_C@_02JLLC@Cx?$AA@       00434ae4     csi_maindlg.obj
 0003:00002ae8       ??_C@_02PBBL@Sx?$AA@       00434ae8     csi_maindlg.obj
 0003:00002aec       ??_C@_07JNDI@Devices?$AA@  00434aec     csi_maindlg.obj
 0003:00002af4       ??_C@_08LIJN@GPID?5INI?$AA@ 00434af4     csi_maindlg.obj
 0003:00002b00       ??_C@_06HMD@ID?5INI?$AA@   00434b00     csi_maindlg.obj
 0003:00002b08       ??_C@_07CCKA@GRD?5INI?$AA@ 00434b08     csi_maindlg.obj
 0003:00002b10       ??_C@_0BA@GKBC@Percentage?5Hits?$AA@ 00434b10     csi_maindlg.obj
 0003:00002b20       ??_C@_03CHNE@000?$AA@      00434b20     csi_maindlg.obj
 0003:00002b24       ??_C@_02PKOH@Dx?$AA@       00434b24     csi_maindlg.obj
 0003:00002b28       ??_C@_04PEHB@NCBs?$AA@     00434b28     csi_maindlg.obj
 0003:00002b30       ??_C@_02OMEN@Ex?$AA@       00434b30     csi_maindlg.obj
 0003:00002b34       ??_C@_02DLD@Ix?$AA@        00434b34     csi_maindlg.obj
 0003:00002b38       ??_C@_02HEEM@Ox?$AA@       00434b38     csi_maindlg.obj
 0003:00002b3c       ??_C@_02OHLB@Rx?$AA@       00434b3c     csi_maindlg.obj
 0003:00002b40       ??_C@_02JAEO@Tx?$AA@       00434b40     csi_maindlg.obj
 0003:00002b44       ??_C@_02FJBJ@Mx?$AA@       00434b44     csi_maindlg.obj
 0003:00002b48       ??_C@_06FBCH@In?5Use?$AA@  00434b48     csi_maindlg.obj
 0003:00002b50       ??_C@_02EEGL@00?$AA@       00434b50     csi_maindlg.obj
 0003:00002b54       ??_C@_08IMJL@00000000?$AA@ 00434b54     csi_maindlg.obj
 0003:00002b60       ??_C@_0M@ENJA@BNCS?5CSI?5V4?$AA@ 00434b60     csi_maindlg.obj
 0003:00002b6c       ??_C@_0CO@GMDM@CSIMainDlg?3?3Menu_About?$CI?$CJ?3?5Not?5im@ 00434b6c     csi_maindlg.obj
 0003:00002b9c       ??_C@_0DA@CJDK@CSIMainDlg?3?3Menu_Licence?$CI?$CJ?3?5Not?5@ 00434b9c     csi_maindlg.obj
 0003:00002bcc       ??_C@_0BB@MOGM@languageChange?$CI?$CJ?$AA@ 00434bcc     moc_csi_about.obj
 0003:00002be0       ??_C@_08MEPI@accept?$CI?$CJ?$AA@ 00434be0     moc_csi_about.obj
 0003:00002bec       ??_C@_0L@CLNE@accepted?$CI?$CJ?$AA@ 00434bec     moc_csi_about.obj
 0003:00002bf8       ??_C@_0BH@JCNB@pushButton1_released?$CI?$CJ?$AA@ 00434bf8     moc_csi_about.obj
 0003:00002c10       ??_C@_0L@NDJN@Accepted?$CI?$CJ?$AA@ 00434c10     moc_csi_about.obj
 0003:00002c1c       ??_C@_0P@COD@languageChange?$AA@ 00434c1c     moc_csi_about.obj
 0003:00002c2c       ??_C@_06JGM@accept?$AA@    00434c2c     moc_csi_about.obj
 0003:00002c34       ??_C@_08GGLK@accepted?$AA@ 00434c34     moc_csi_about.obj
 0003:00002c40       ??_C@_0BF@ECKE@pushButton1_released?$AA@ 00434c40     moc_csi_about.obj
 0003:00002c58       ??_C@_08GDGI@Accepted?$AA@ 00434c58     moc_csi_about.obj
 0003:00002c64       ??_C@_09N@destroy?$CI?$CJ?$AA@ 00434c64     moc_csi_maindlg.obj
 0003:00002c70       ??_C@_06LLCE@init?$CI?$CJ?$AA@ 00434c70     moc_csi_maindlg.obj
 0003:00002c78       ??_C@_0P@IPGH@Menu_Licence?$CI?$CJ?$AA@ 00434c78     moc_csi_maindlg.obj
 0003:00002c88       ??_C@_0N@EGLK@Menu_About?$CI?$CJ?$AA@ 00434c88     moc_csi_maindlg.obj
 0003:00002c98       ??_C@_07EKHM@destroy?$AA@  00434c98     moc_csi_maindlg.obj
 0003:00002ca0       ??_C@_04GCLN@init?$AA@     00434ca0     moc_csi_maindlg.obj
 0003:00002ca8       ??_C@_0N@LHD@Menu_Licence?$AA@ 00434ca8     moc_csi_maindlg.obj
 0003:00002cb8       ??_C@_0L@PFAN@Menu_About?$AA@ 00434cb8     moc_csi_maindlg.obj
 0003:00002cc4       ??_C@_07GJOE@About?$CI?$CJ?$AA@ 00434cc4     moc_V4_main.obj
 0003:00002ccc       ??_C@_09IMOJ@License?$CI?$CJ?$AA@ 00434ccc     moc_V4_main.obj
 0003:00002cd8       ??_C@_0O@KLPN@WindowClear?$CI?$CJ?$AA@ 00434cd8     moc_V4_main.obj
 0003:00002ce8       ??_C@_0L@NPOE@NetReset?$CI?$CJ?$AA@ 00434ce8     moc_V4_main.obj
 0003:00002cf4       ??_C@_0O@JOEJ@DebugToggle?$CI?$CJ?$AA@ 00434cf4     moc_V4_main.obj
 0003:00002d04       ??_C@_0BH@MCHJ@DiagnosticsExtToggle?$CI?$CJ?$AA@ 00434d04     moc_V4_main.obj
 0003:00002d1c       ??_C@_0BE@PADB@DiagnosticsToggle?$CI?$CJ?$AA@ 00434d1c     moc_V4_main.obj
 0003:00002d30       ??_C@_0O@MDAA@CacheToggle?$CI?$CJ?$AA@ 00434d30     moc_V4_main.obj
 0003:00002d40       ??_C@_0P@BOKL@DriverToggle?$CI?$CJ?$AA@ 00434d40     moc_V4_main.obj
 0003:00002d50       ??_C@_0P@PBEI@ClientToggle?$CI?$CJ?$AA@ 00434d50     moc_V4_main.obj
 0003:00002d60       ??_C@_0BA@ELNI@FlushSessionQ?$CI?$CJ?$AA@ 00434d60     moc_V4_main.obj
 0003:00002d70       ??_C@_0BE@DJAG@HangUpAllSessions?$CI?$CJ?$AA@ 00434d70     moc_V4_main.obj
 0003:00002d84       ??_C@_0BA@HNDK@SessionToggle?$CI?$CJ?$AA@ 00434d84     moc_V4_main.obj
 0003:00002d94       ??_C@_0M@CEGK@Closedown?$CI?$CJ?$AA@ 00434d94     moc_V4_main.obj
 0003:00002da0       ??_C@_0M@LOFI@WindowClear?$AA@ 00434da0     moc_V4_main.obj
 0003:00002dac       ??_C@_08BLOF@NetReset?$AA@ 00434dac     moc_V4_main.obj
 0003:00002db8       ??_C@_0M@KGFP@DebugToggle?$AA@ 00434db8     moc_V4_main.obj
 0003:00002dc4       ??_C@_0BF@BJOD@DiagnosticsExtToggle?$AA@ 00434dc4     moc_V4_main.obj
 0003:00002ddc       ??_C@_0BC@MBNM@DiagnosticsToggle?$AA@ 00434ddc     moc_V4_main.obj
 0003:00002df0       ??_C@_0M@DIJD@CacheToggle?$AA@ 00434df0     moc_V4_main.obj
 0003:00002dfc       ??_C@_0N@HOLL@DriverToggle?$AA@ 00434dfc     moc_V4_main.obj
 0003:00002e0c       ??_C@_0N@OAKM@ClientToggle?$AA@ 00434e0c     moc_V4_main.obj
 0003:00002e1c       ??_C@_0O@HCHG@FlushSessionQ?$AA@ 00434e1c     moc_V4_main.obj
 0003:00002e2c       ??_C@_0BC@DILJ@HangUpAllSessions?$AA@ 00434e2c     moc_V4_main.obj
 0003:00002e40       ??_C@_0O@OIJM@SessionToggle?$AA@ 00434e40     moc_V4_main.obj
 0003:00002e50       ??_C@_09MOJH@Closedown?$AA@ 00434e50     moc_V4_main.obj
 0003:00002e60       ___defaultmatherr          00434e60     MSVCRT:merr.obj
 0003:00002e68       ??_C@_00A@?$AA@            00434e68     b_strtok.obj
 0003:00002e6c       ?iPortId@@3HA              00434e6c     CSCOMDOG.obj
 0003:00002f94       ?hWndDBase@@3PAXA          00434f94     Csdbase.obj
 0003:00002fb8       ?hCSDbExt_File@@3HA        00434fb8     csdbext.obj
 0003:00002fbc       ?iCSDbExt_Database@@3HA    00434fbc     csdbext.obj
 0003:00002fc0       ?iCSDbExt_Device@@3HA      00434fc0     csdbext.obj
 0003:00003210       ?iClientRegHWM@@3HA        00435210     Csimain.obj
 0003:00003214       ?iBootYear@@3HA            00435214     Csimain.obj
 0003:00003218       ?iSesBuffers@@3HA          00435218     Csimain.obj
 0003:0000321c       ?iAdaptor@@3HA             0043521c     Csimain.obj
 0003:00003220       ?bDrvFlags@@3PAEA          00435220     Csimain.obj
 0003:00003608       ?iTotalINI@@3HA            00435608     Csimain.obj
 0003:0000360c       ?acU@@3PADA                0043560c     Csimain.obj
 0003:0000368c       ?acX@@3PADA                0043568c     Csimain.obj
 0003:00003698       ?iDEVINI@@3HA              00435698     Csimain.obj
 0003:0000369c       ?iTimeSrvDelay@@3HA        0043569c     Csimain.obj
 0003:000036a0       ?iSecCount@@3HA            004356a0     Csimain.obj
 0003:000036a4       ?lNetCx@@3JA               004356a4     Csimain.obj
 0003:000036a8       ?lNetEx@@3JA               004356a8     Csimain.obj
 0003:000036ac       ?iCSIEnable@@3HA           004356ac     Csimain.obj
 0003:000036b0       ?iDriverEnable@@3HA        004356b0     Csimain.obj
 0003:000036b8       ?asReg@@3PAUsRegistration@@A 004356b8     Csimain.obj
 0003:00103478       ?sData@@3PAUsDriver@@A     00535478     Csimain.obj
 0003:00108298       ?lNetMx@@3JA               0053a298     Csimain.obj
 0003:0010829c       ?acVar@@3PAY0CAB@DA        0053a29c     Csimain.obj
 0003:00108ea4       ?iNetworkChannel@@3HA      0053aea4     Csimain.obj
 0003:00108ea8       ?hWndMain@@3PAUHWND__@@A   0053aea8     Csimain.obj
 0003:00108eac       ?lNetRx@@3JA               0053aeac     Csimain.obj
 0003:00108eb0       ?lNetSx@@3JA               0053aeb0     Csimain.obj
 0003:00108eb4       ?lNetTx@@3JA               0053aeb4     Csimain.obj
 0003:00108eb8       ?bClosedown@@3HA           0053aeb8     Csimain.obj
 0003:00108ebc       ?bClosewarn@@3HA           0053aebc     Csimain.obj
 0003:00108ec0       ?iCacheHits@@3HA           0053aec0     Csimain.obj
 0003:00108ec4       ?ulRamCacheSizeMax@@3KA    0053aec4     Csimain.obj
 0003:00108ec8       ?iStatUpdateCount@@3HA     0053aec8     Csimain.obj
 0003:00108ecc       ?iMxDev@@3HA               0053aecc     Csimain.obj
 0003:00108ed0       ?iNetworkEnable@@3HA       0053aed0     Csimain.obj
 0003:00108ed4       ?iUpSecs@@3HA              0053aed4     Csimain.obj
 0003:00108ed8       ?iTxRxRetryCount@@3HA      0053aed8     Csimain.obj
 0003:00108ee0       ?sNS@@3PAUsNetSession@@A   0053aee0     Csimain.obj
 0003:00109590       ?lNDIDx@@3JA               0053b590     Csimain.obj
 0003:00109594       ?hWndDlg@@3PAUHWND__@@A    0053b594     Csimain.obj
 0003:00109598       ?lNDIEx@@3JA               0053b598     Csimain.obj
 0003:0010959c       ?hNetBuff@@3PAHA           0053b59c     Csimain.obj
 0003:0010a53c       ?hWndDrv@@3PAPAUHWND__@@A  0053c53c     Csimain.obj
 0003:0010b4dc       ?lNDIMx@@3JA               0053d4dc     Csimain.obj
 0003:0010b4e0       ?iMxDrv@@3HA               0053d4e0     Csimain.obj
 0003:0010b4e4       ?iClashINI@@3HA            0053d4e4     Csimain.obj
 0003:0010b4e8       ?iSessionQueue@@3HA        0053d4e8     Csimain.obj
 0003:0010b4ec       ?iUpDays@@3HA              0053d4ec     Csimain.obj
 0003:0010b4f0       ?iCacheLife@@3HA           0053d4f0     Csimain.obj
 0003:0010b4f4       ?lNDIRx@@3JA               0053d4f4     Csimain.obj
 0003:0010b4f8       ?acTempFilePath@@3PADA     0053d4f8     Csimain.obj
 0003:0010b518       ?lNDITx@@3JA               0053d518     Csimain.obj
 0003:0010b51c       ?acDebug@@3PADA            0053d51c     Csimain.obj
 0003:0010b720       ?iCacheProfile@@3HA        0053d720     Csimain.obj
 0003:0010b724       ?iCacheEnable@@3HA         0053d724     Csimain.obj
 0003:0010b728       ?iSessionsInUse@@3HA       0053d728     Csimain.obj
 0003:0010b72c       ?iPollHits@@3HA            0053d72c     Csimain.obj
 0003:0010b730       ?bNBCSI@@3EA               0053d730     Csimain.obj
 0003:0010b731       ?bStatus@@3EA              0053d731     Csimain.obj
 0003:0010b734       ?acWS@@3PADA               0053d734     Csimain.obj
 0003:0010b748       ?ulDiscCacheMemUsed@@3KA   0053d748     Csimain.obj
 0003:0010b74c       ?iWatchDog@@3PAHA          0053d74c     Csimain.obj
 0003:0010c6ec       ?acUniFileBuff@@3PAEA      0053e6ec     Csimain.obj
 0003:0010c8f0       ?iBootHour@@3HA            0053e8f0     Csimain.obj
 0003:0010c8f4       ?iDisableWatchdogOnExit@@3HA 0053e8f4     Csimain.obj
 0003:0010c8f8       ?avVar@@3PADA              0053e8f8     Csimain.obj
 0003:0010c900       ?ulRamCacheMemUsed@@3KA    0053e900     Csimain.obj
 0003:0010c904       ?bCLFlag@@3EA              0053e904     Csimain.obj
 0003:0010c908       ?bStartup@@3HA             0053e908     Csimain.obj
 0003:0010c90c       ?iPollStackPtr@@3HA        0053e90c     Csimain.obj
 0003:0010c910       ?iBootMonth@@3HA           0053e910     Csimain.obj
 0003:0010c914       ?bNBNDI@@3EA               0053e914     Csimain.obj
 0003:0010c918       ?iNDIErrors@@3HA           0053e918     Csimain.obj
 0003:0010c91c       ?iCSIBuffers@@3HA          0053e91c     Csimain.obj
 0003:0010c920       ?hCache@@3PAPAXA           0053e920     Csimain.obj
 0003:0010d8c0       ?iBootDay@@3HA             0053f8c0     Csimain.obj
 0003:0010d8c4       ?iDrivers@@3HA             0053f8c4     Csimain.obj
 0003:0010d8c8       ?iWatchDogComPort@@3HA     0053f8c8     Csimain.obj
 0003:0010d8cc       ?iMinCount@@3HA            0053f8cc     Csimain.obj
 0003:0010d8d0       ?iWorkstation@@3HA         0053f8d0     Csimain.obj
 0003:0010d8d4       ?iWinXpos@@3HA             0053f8d4     Csimain.obj
 0003:0010d8d8       ?hIcon@@3PAUHICON__@@A     0053f8d8     Csimain.obj
 0003:0010d8dc       ?fPeerPollRefresh@@3HA     0053f8dc     Csimain.obj
 0003:0010d8e0       ?iTxRxRetryPeriod@@3HA     0053f8e0     Csimain.obj
 0003:0010d8e4       ?iGPIDINI@@3HA             0053f8e4     Csimain.obj
 0003:0010d8e8       ?aiVar@@3PAHA              0053f8e8     Csimain.obj
 0003:0010d900       ?acUniBuff@@3PAEA          0053f900     Csimain.obj
 0003:0010db04       ?iLocalLoopBack@@3HA       0053fb04     Csimain.obj
 0003:0010db08       ?iClientEnable@@3HA        0053fb08     Csimain.obj
 0003:0010db0c       ?iWinYpos@@3HA             0053fb0c     Csimain.obj
 0003:0010db10       ?iMiU@@3HA                 0053fb10     Csimain.obj
 0003:0010db14       ?pncbListen@@3PAU_NCB@@A   0053fb14     Csimain.obj
 0003:0010db18       ?acStatus@@3PADA           0053fb18     Csimain.obj
 0003:0010db2c       ?iTxRxRetryPtr@@3HA        0053fb2c     Csimain.obj
 0003:0010db30       ?pncbCSI@@3PAPAU_NCB@@A    0053fb30     Csimain.obj
 0003:0010dbb0       ?bNBWS@@3EA                0053fbb0     Csimain.obj
 0003:0010dbb4       ?iBootMin@@3HA             0053fbb4     Csimain.obj
 0003:0010dbb8       ?iMxU@@3HA                 0053fbb8     Csimain.obj
 0003:0010dbbc       ?acCmdBuff@@3PADA          0053fbbc     Csimain.obj
 0003:0010ddc0       ?iResetingNetwork@@3HA     0053fdc0     Csimain.obj
 0003:0010ddc4       ?bDiagMode@@3HA            0053fdc4     Csimain.obj
 0003:0010ddc8       ?iIDINI@@3HA               0053fdc8     Csimain.obj
 0003:0010ddcc       ?iLoopbackEnable@@3HA      0053fdcc     Csimain.obj
 0003:0010ddd0       ?iBootSec@@3HA             0053fdd0     Csimain.obj
 0003:0010ddd4       ?hInst@@3PAXA              0053fdd4     Csimain.obj
 0003:0010ddd8       ?iClients@@3HA             0053fdd8     Csimain.obj
 0003:0010dddc       ?iCloseDelay@@3HA          0053fddc     Csimain.obj
 0003:0010dde0       ?iSessionEnable@@3HA       0053fde0     Csimain.obj
 0003:0010dde4       ?pncbNDI@@3PAPAU_NCB@@A    0053fde4     Csimain.obj
 0003:0010de64       ?acCSI@@3PADA              0053fe64     Csimain.obj
 0003:0010de78       ?hCacheFile@@3PAHA         0053fe78     Csimain.obj
 0003:0010de98       ?iChange@@3HA              0053fe98     Csimain.obj
 0003:0010de9c       ?iV1Compatibility@@3HA     0053fe9c     Csimain.obj
 0003:0010dea0       ?iUniMsgSize@@3HA          0053fea0     Csimain.obj
 0003:0010dea4       ?lSESEx@@3JA               0053fea4     Csimain.obj
 0003:0010dea8       ?hWndCSLink@@3PAUHWND__@@A 0053fea8     Csimain.obj
 0003:0010deac       ?hInstBWCCDLL@@3PAUHINSTANCE__@@A 0053feac     Csimain.obj
 0003:0010deb0       ?iCachePercent@@3HA        0053feb0     Csimain.obj
 0003:0010deb4       ?lSESIx@@3JA               0053feb4     Csimain.obj
 0003:0010deb8       ?iNDIBuffers@@3HA          0053feb8     Csimain.obj
 0003:0010debc       ?lSESMx@@3JA               0053febc     Csimain.obj
 0003:0010dec0       ?lSESOx@@3JA               0053fec0     Csimain.obj
 0003:0010dec4       ?lSESRx@@3JA               0053fec4     Csimain.obj
 0003:0010dec8       ?acKeyFilePath@@3PADA      0053fec8     Csimain.obj
 0003:0010dee8       ?lSESTx@@3JA               0053fee8     Csimain.obj
 0003:0010deec       ?iGRDINI@@3HA              0053feec     Csimain.obj
 0003:0010def0       ?hMenu@@3PAUHMENU__@@A     0053fef0     Csimain.obj
 0003:0010def4       ?hWndCSRemote@@3PAUHWND__@@A 0053fef4     Csimain.obj
 0003:0010def8       ?acNDI@@3PADA              0053fef8     Csimain.obj
 0003:0010df0c       ?iTimeSrvEnable@@3HA       0053ff0c     Csimain.obj
 0003:0010df10       ?dgMsgQueueHWM@@3HA        0053ff10     Csimain.obj
 0003:0010df14       ?lpDialog@@3P6GHXZA        0053ff14     Csimain.obj
 0003:0010df18       ?bDiagModeExt@@3HA         0053ff18     Csimain.obj
 0003:0010df1c       ?iCacheFile@@3PAHA         0053ff1c     Csimain.obj
 0003:0010df3c       ?iNetResets@@3HA           0053ff3c     Csimain.obj
 0003:0010df40       ?bDebugMode@@3HA           0053ff40     Csimain.obj
 0003:0010df44       ?iUpHours@@3HA             0053ff44     Csimain.obj
 0003:0010df48       ?bFBFlag@@3EA              0053ff48     Csimain.obj
 0003:0010df4c       ?iUpMins@@3HA              0053ff4c     Csimain.obj
 0003:0010df50       ?iDevices@@3HA             0053ff50     Csimain.obj
 0003:0010df54       ?acPollStack@@3PAY0BI@DA   0053ff54     Csimain.obj
 0003:0010e254       ?iUniFileMsgSize@@3HA      00540254     Csimain.obj
 0003:0010f658       ?iEnvType@@3HA             00541658     PROFILE.obj
 0003:0010f660       ?mode@@3PAVQPopupMenu@@A   00541660     v4_main.obj
 0003:0010f664       ?tools@@3PAVQPopupMenu@@A  00541664     v4_main.obj
 0003:0010f668       ?diagnostics@@3PAVQPopupMenu@@A 00541668     v4_main.obj
 0003:0010f678       ?pDbLoadDlg@@3PAVCSIDbLoadDlg@@A 00541678     v4_main.obj
 0003:0010f67c       ?pLicenseDlg@@3PAVCSILicenseDlg@@A 0054167c     v4_main.obj
 0003:0010f680       ?pMainDlg@@3PAVCSIMainDlg@@A 00541680     v4_main.obj
 0003:0010f684       ?cache@@3PAVQPopupMenu@@A  00541684     v4_main.obj
 0003:0010f688       ?pAboutDlg@@3PAVCSIAboutDlg@@A 00541688     v4_main.obj
 0003:0010f6ac       ?sessions@@3PAVQPopupMenu@@A 005416ac     v4_main.obj
 0003:0010f6b0       ?pApp@@3PAVQApplication@@A 005416b0     v4_main.obj
 0003:0010f6b8       ?metaObj@CSIAboutDlg@@0PAVQMetaObject@@A 005416b8     moc_csi_about.obj
 0003:0010f6c0       ?metaObj@CSIDbLoadDlg@@0PAVQMetaObject@@A 005416c0     moc_csi_dbload.obj
 0003:0010f6c8       ?metaObj@CSILicenseDlg@@0PAVQMetaObject@@A 005416c8     moc_csi_license.obj
 0003:0010f6d0       ?metaObj@CSIMainDlg@@0PAVQMetaObject@@A 005416d0     moc_csi_maindlg.obj
 0003:0010f6d8       ?metaObj@CSI@@0PAVQMetaObject@@A 005416d8     moc_V4_main.obj
 0003:0010f6dc       __dowildcard               005416dc     MSVCRT:wildcard.obj
 0003:0010f6e0       __newmode                  005416e0     MSVCRT:_newmode.obj
 0003:0010f6e4       __commode                  005416e4     MSVCRT:xncommod.obj
 0003:0010f6e8       __fmode                    005416e8     MSVCRT:xtxtmode.obj
 0003:0010f6ec       __adjust_fdiv              005416ec     <common>
 0003:0010f6f0       ___onexitend               005416f0     <common>
 0003:0010f6f4       ___onexitbegin             005416f4     <common>

 entry point at        0001:00019d24

 Static symbols

 0001:00019010       _$E128                     0041a010 f   moc_V4_main.obj
 0001:00019020       _$E125                     0041a020 f   moc_V4_main.obj
 0001:00019040       _$E127                     0041a040 f   moc_V4_main.obj
 0001:00019050       _$E126                     0041a050 f   moc_V4_main.obj
 0001:00018dc0       _$E101                     00419dc0 f   moc_csi_maindlg.obj
 0001:00018dd0       _$E98                      00419dd0 f   moc_csi_maindlg.obj
 0001:00018df0       _$E100                     00419df0 f   moc_csi_maindlg.obj
 0001:00018e00       _$E99                      00419e00 f   moc_csi_maindlg.obj
 0001:00018c10       _$E100                     00419c10 f   moc_csi_license.obj
 0001:00018c20       _$E97                      00419c20 f   moc_csi_license.obj
 0001:00018c40       _$E99                      00419c40 f   moc_csi_license.obj
 0001:00018c50       _$E98                      00419c50 f   moc_csi_license.obj
 0001:000189e0       _$E100                     004199e0 f   moc_csi_dbload.obj
 0001:000189f0       _$E97                      004199f0 f   moc_csi_dbload.obj
 0001:00018a10       _$E99                      00419a10 f   moc_csi_dbload.obj
 0001:00018a20       _$E98                      00419a20 f   moc_csi_dbload.obj
 0001:000187b0       _$E100                     004197b0 f   moc_csi_about.obj
 0001:000187c0       _$E97                      004197c0 f   moc_csi_about.obj
 0001:000187e0       _$E99                      004197e0 f   moc_csi_about.obj
 0001:000187f0       _$E98                      004197f0 f   moc_csi_about.obj
 0001:00010960       ?qembed_findData@@YAABV?$QMemArray@D@@PBD@Z 00411960 f   v4_main.obj
 0001:00010b70       _$E130                     00411b70 f   v4_main.obj
 0001:00010b80       _$E129                     00411b80 f   v4_main.obj

 224 bytes saved through ICF

