 WSTracker

 Timestamp is 56ddffb8 (Mon Mar 07 22:24:56 2016)

 Preferred load address is 00400000

 Start         Length     Name                   Class
 0001:00000000 0001620cH .text                   CODE
 0001:00016210 00002888H .text$x                 CODE
 0002:00000000 00002ec6H .rdata                  DATA
 0002:00002ec8 000018b0H .xdata$x                DATA
 0002:00004778 00000000H .edata                  DATA
 0003:00000000 00000104H .CRT$XCA                DATA
 0003:00000104 00000126H .CRT$XCU                DATA
 0003:0000022c 00000104H .CRT$XCZ                DATA
 0003:00000330 00000104H .CRT$XIA                DATA
 0003:00000434 00000104H .CRT$XIZ                DATA
 0003:00000540 00002ef6H .data                   DATA
 0003:00003438 000001e8H .bss                    DATA
 0004:00000000 000000a0H .idata$2                DATA
 0004:000000a0 00000014H .idata$3                DATA
 0004:000000b4 00001448H .idata$4                DATA
 0004:000014fc 00001448H .idata$5                DATA
 0004:00002944 0000adcbH .idata$6                DATA
 0005:00000000 00000289H .rsrc$01                DATA
 0005:00000290 00004d3cH .rsrc$02                DATA

  Address         Publics by Value              Rva+Base     Lib:Object

 0001:00000ab0       ??0infodriverIf@@QAE@II@Z  00401ab0 f   infodriverIf.obj
 0001:00000c20       ?metaObject@infodriverIf@@UBEPAVQMetaObject@@XZ 00401c20 f i infodriverIf.obj
 0001:00000c40       ??_EinfodriverIf@@UAEPAXI@Z 00401c40 f i infodriverIf.obj
 0001:00000c40       ??_GinfodriverIf@@UAEPAXI@Z 00401c40 f i infodriverIf.obj
 0001:00000c70       ??1infodriverIf@@UAE@XZ    00401c70 f   infodriverIf.obj
 0001:00000d40       ?notify@infodriverIf@@EAEHPAVcXInfo@@IPBD@Z 00401d40 f   infodriverIf.obj
 0001:00000f20       ?isConnected@infodriverIf@@QAE_NXZ 00401f20 f   infodriverIf.obj
 0001:00000f40       ?getTxMode@infodriverIf@@QAEHXZ 00401f40 f   infodriverIf.obj
 0001:00000f60       ?updateWorkstation@infodriverIf@@QAEXPAVworkStation@@@Z 00401f60 f   infodriverIf.obj
 0001:00001130       ?timerEvent@infodriverIf@@EAEXPAVQTimerEvent@@@Z 00402130 f   infodriverIf.obj
 0001:00001450       ?notify@infodriverIf@@EAEJPAVcPanel@@PBD@Z 00402450 f   infodriverIf.obj
 0001:00001470       ?logChange@infodriverIf@@AAEXPAVworkStation@@@Z 00402470 f   infodriverIf.obj
 0001:00001c10       ?getName@workStation@@QAE?AVQString@@XZ 00402c10 f i infodriverIf.obj
 0001:00001c50       ??_G?$QMemArray@H@@UAEPAXI@Z 00402c50 f i infodriverIf.obj
 0001:00001c80       ??_G?$QMemArray@_N@@UAEPAXI@Z 00402c80 f i infodriverIf.obj
 0001:00001cb0       ??_G?$QMemArray@D@@UAEPAXI@Z 00402cb0 f i infodriverIf.obj
 0001:00001ce0       ??_G?$QMemArray@VQPoint@@@@UAEPAXI@Z 00402ce0 f i infodriverIf.obj
 0001:00001d10       ??_G?$QPtrList@D@@UAEPAXI@Z 00402d10 f i infodriverIf.obj
 0001:00001d40       ??_G?$QPtrList@VQObject@@@@UAEPAXI@Z 00402d40 f i infodriverIf.obj
 0001:00001d70       ??_G?$QPtrList@VQWidget@@@@UAEPAXI@Z 00402d70 f i infodriverIf.obj
 0001:00001da0       ??_EinfodriverIf@@WGI@AEPAXI@Z 00402da0 f i infodriverIf.obj
 0001:00001db0       _main                      00402db0 f   main.obj
 0001:00002060       ??_G?$QPtrList@VQDockWindow@@@@UAEPAXI@Z 00403060 f i main.obj
 0001:00002090       ?className@restartAllBase@@UBEPBDXZ 00403090 f   moc_restartall.obj
 0001:00002140       ?tr@restartAllBase@@SA?AVQString@@PBD0@Z 00403140 f   moc_restartall.obj
 0001:000021b0       ?trUtf8@restartAllBase@@SA?AVQString@@PBD0@Z 004031b0 f   moc_restartall.obj
 0001:00002220       ?staticMetaObject@restartAllBase@@SAPAVQMetaObject@@XZ 00403220 f   moc_restartall.obj
 0001:00002290       ?qt_cast@restartAllBase@@UAEPAXPBD@Z 00403290 f   moc_restartall.obj
 0001:00002320       ?qt_invoke@restartAllBase@@UAE_NHPAUQUObject@@@Z 00403320 f   moc_restartall.obj
 0001:00002370       ?qt_emit@restartAllBase@@UAE_NHPAUQUObject@@@Z 00403370 f   moc_restartall.obj
 0001:000023a0       ?qt_property@restartAllBase@@UAE_NHHPAVQVariant@@@Z 004033a0 f   moc_restartall.obj
 0001:000023d0       ?qt_static_property@restartAllBase@@SA_NPAVQObject@@HHPAVQVariant@@@Z 004033d0 f   moc_restartall.obj
 0001:000023f0       ??_G?$QPtrList@VQConnection@@@@UAEPAXI@Z 004033f0 f i moc_restartall.obj
 0001:00002420       ?className@restartAll@@UBEPBDXZ 00403420 f   moc_restartallimpl.obj
 0001:000024d0       ?tr@restartAll@@SA?AVQString@@PBD0@Z 004034d0 f   moc_restartallimpl.obj
 0001:00002540       ?trUtf8@restartAll@@SA?AVQString@@PBD0@Z 00403540 f   moc_restartallimpl.obj
 0001:000025b0       ?staticMetaObject@restartAll@@SAPAVQMetaObject@@XZ 004035b0 f   moc_restartallimpl.obj
 0001:00002620       ?qt_cast@restartAll@@UAEPAXPBD@Z 00403620 f   moc_restartallimpl.obj
 0001:000026b0       ?qt_invoke@restartAll@@UAE_NHPAUQUObject@@@Z 004036b0 f   moc_restartallimpl.obj
 0001:000026e0       ?qt_emit@restartAll@@UAE_NHPAUQUObject@@@Z 004036e0 f   moc_restartallimpl.obj
 0001:00002710       ?qt_property@restartAll@@UAE_NHHPAVQVariant@@@Z 00403710 f   moc_restartallimpl.obj
 0001:00002740       ?qt_static_property@restartAll@@SA_NPAVQObject@@HHPAVQVariant@@@Z 00403740 f   moc_restartallimpl.obj
 0001:00002760       ??0netComms@@QAE@XZ        00403760 f   netComms.obj
 0001:000027a0       ?metaObject@netComms@@UBEPAVQMetaObject@@XZ 004037a0 f i netComms.obj
 0001:000027c0       ??_EnetComms@@UAEPAXI@Z    004037c0 f i netComms.obj
 0001:000027c0       ??_GnetComms@@UAEPAXI@Z    004037c0 f i netComms.obj
 0001:000027f0       ??1netComms@@UAE@XZ        004037f0 f   netComms.obj
 0001:00002880       ?connect@netComms@@AAE_NXZ 00403880 f   netComms.obj
 0001:00002cb0       ??_EQSocketDevice@@UAEPAXI@Z 00403cb0 f i netComms.obj
 0001:00002cb0       ??_GQSocketDevice@@UAEPAXI@Z 00403cb0 f i netComms.obj
 0001:00002ce0       ??_EQSocketNotifier@@UAEPAXI@Z 00403ce0 f i netComms.obj
 0001:00002ce0       ??_GQSocketNotifier@@UAEPAXI@Z 00403ce0 f i netComms.obj
 0001:00002d10       ?rxData@netComms@@QAEXH@Z  00403d10 f   netComms.obj
 0001:00003250       ??1statusUpdate@@QAE@XZ    00404250 f i netComms.obj
 0001:00003340       ?initComms@netComms@@QAE_NH@Z 00404340 f   netComms.obj
 0001:000033d0       ?sendMessage@netComms@@QAE_NVQString@@0@Z 004043d0 f   netComms.obj
 0001:000035a0       ?timerEvent@netComms@@MAEXPAVQTimerEvent@@@Z 004045a0 f   netComms.obj
 0001:000035c0       ?checkSocketValid@netComms@@AAE_NXZ 004045c0 f   netComms.obj
 0001:00003640       ?at@?$QValueListPrivate@VQString@@@@QBEPAV?$QValueListNode@VQString@@@@I@Z 00404640 f i netComms.obj
 0001:00003690       ??0restartAllBase@@QAE@PAVQWidget@@PBD_NI@Z 00404690 f   restartall.obj
 0001:00003c60       ?metaObject@restartAllBase@@UBEPAVQMetaObject@@XZ 00404c60 f i restartall.obj
 0001:00003c80       ??_GQSpacerItem@@UAEPAXI@Z 00404c80 f i restartall.obj
 0001:00003c80       ??_EQSpacerItem@@UAEPAXI@Z 00404c80 f i restartall.obj
 0001:00003cb0       ??_ErestartAllBase@@UAEPAXI@Z 00404cb0 f i restartall.obj
 0001:00003cb0       ??_GrestartAllBase@@UAEPAXI@Z 00404cb0 f i restartall.obj
 0001:00003ce0       ??_EQVBoxLayout@@UAEPAXI@Z 00404ce0 f i restartall.obj
 0001:00003ce0       ??_GQVBoxLayout@@UAEPAXI@Z 00404ce0 f i restartall.obj
 0001:00003d10       ??_EQHBoxLayout@@UAEPAXI@Z 00404d10 f i restartall.obj
 0001:00003d10       ??_GQHBoxLayout@@UAEPAXI@Z 00404d10 f i restartall.obj
 0001:00003d40       ??_GQLabel@@UAEPAXI@Z      00404d40 f i restartall.obj
 0001:00003d40       ??_EQLabel@@UAEPAXI@Z      00404d40 f i restartall.obj
 0001:00003d70       ??_GQSpinBox@@UAEPAXI@Z    00404d70 f i restartall.obj
 0001:00003d70       ??_EQSpinBox@@UAEPAXI@Z    00404d70 f i restartall.obj
 0001:00003da0       ??_EQCheckBox@@UAEPAXI@Z   00404da0 f i restartall.obj
 0001:00003da0       ??_GQCheckBox@@UAEPAXI@Z   00404da0 f i restartall.obj
 0001:00003dd0       ??_GQPushButton@@UAEPAXI@Z 00404dd0 f i restartall.obj
 0001:00003dd0       ??_EQPushButton@@UAEPAXI@Z 00404dd0 f i restartall.obj
 0001:00003e00       ??1restartAllBase@@UAE@XZ  00404e00 f   restartall.obj
 0001:00003e30       ?languageChange@restartAllBase@@MAEXXZ 00404e30 f   restartall.obj
 0001:00004260       ??_EQPushButton@@WCI@AEPAXI@Z 00405260 f i restartall.obj
 0001:00004270       ??_EQVBoxLayout@@WCI@AEPAXI@Z 00405270 f i restartall.obj
 0001:00004280       ??_EQHBoxLayout@@WCI@AEPAXI@Z 00405280 f i restartall.obj
 0001:00004290       ??_EQLabel@@WCI@AEPAXI@Z   00405290 f i restartall.obj
 0001:000042a0       ??_EQSpinBox@@WCI@AEPAXI@Z 004052a0 f i restartall.obj
 0001:000042b0       ??_EQSpinBox@@WGM@AEPAXI@Z 004052b0 f i restartall.obj
 0001:000042c0       ??_EQCheckBox@@WCI@AEPAXI@Z 004052c0 f i restartall.obj
 0001:000042d0       ??_ErestartAllBase@@WCI@AEPAXI@Z 004052d0 f i restartall.obj
 0001:000042e0       ??0restartAll@@QAE@PAVQWidget@@PBD_NI@Z 004052e0 f   restartallimpl.obj
 0001:00004330       ?metaObject@restartAll@@UBEPAVQMetaObject@@XZ 00405330 f i restartallimpl.obj
 0001:00004350       ??_GrestartAll@@UAEPAXI@Z  00405350 f i restartallimpl.obj
 0001:00004350       ??_ErestartAll@@UAEPAXI@Z  00405350 f i restartallimpl.obj
 0001:00004380       ??1restartAll@@UAE@XZ      00405380 f   restartallimpl.obj
 0001:000043b0       ??_ErestartAll@@WCI@AEPAXI@Z 004053b0 f i restartallimpl.obj
 0001:000043c0       ??0statusUpdate@@QAE@HHW4status@workstationStatus@@VQString@@VQDateTime@@111@Z 004053c0 f   statusUpdate.obj
 0001:000045e0       ??0workStation@@QAE@HVQString@@PAVQListView@@@Z 004055e0 f   workStation.obj
 0001:00004860       ?metaObject@workStation@@UBEPAVQMetaObject@@XZ 00405860 f i workStation.obj
 0001:00004880       ?rtti@workStation@@UBEHXZ  00405880 f i workStation.obj
 0001:000048a0       ??_GworkStation@@UAEPAXI@Z 004058a0 f i workStation.obj
 0001:000048a0       ??_EworkStation@@UAEPAXI@Z 004058a0 f i workStation.obj
 0001:000048d0       ??1workStation@@UAE@XZ     004058d0 f   workStation.obj
 0001:00004a30       ?setIpAddr@workStation@@AAEXVQString@@@Z 00405a30 f   workStation.obj
 0001:00004ad0       ?setOS@workStation@@AAEXVQString@@@Z 00405ad0 f   workStation.obj
 0001:00004b70       ?setUser@workStation@@AAEXVQString@@@Z 00405b70 f   workStation.obj
 0001:00004c10       ?setWsString@workStation@@AAEXVQString@@@Z 00405c10 f   workStation.obj
 0001:00004cb0       ?setStartTime@workStation@@AAEXVQDateTime@@@Z 00405cb0 f   workStation.obj
 0001:00004dc0       ?setLastTime@workStation@@AAEXVQDateTime@@@Z 00405dc0 f   workStation.obj
 0001:00004ed0       ?compare@workStation@@UBEHPAVQListViewItem@@H_N@Z 00405ed0 f   workStation.obj
 0001:000056d0       ??9@YA_NVQChar@@0@Z        004066d0 f i workStation.obj
 0001:000056f0       ??O@YA_NVQChar@@0@Z        004066f0 f i workStation.obj
 0001:00005730       ??P@YA_NVQChar@@0@Z        00406730 f i workStation.obj
 0001:00005770       ??N@YA_NVQChar@@0@Z        00406770 f i workStation.obj
 0001:00005790       ?getStatus@workStation@@QAE?AW4status@workstationStatus@@XZ 00406790 f   workStation.obj
 0001:000057b0       ?updateStatus@workStation@@AAEXW4status@workstationStatus@@@Z 004067b0 f   workStation.obj
 0001:00005920       ?paintCell@workStation@@UAEXPAVQPainter@@ABVQColorGroup@@HHH@Z 00406920 f   workStation.obj
 0001:00005a50       ?updateStatus@workStation@@QAEXPAVstatusUpdate@@@Z 00406a50 f   workStation.obj
 0001:00005b60       ?ipAddress@statusUpdate@@QAE?BVQString@@XZ 00406b60 f i workStation.obj
 0001:00005ba0       ?workstation_Text@statusUpdate@@QAE?BVQString@@XZ 00406ba0 f i workStation.obj
 0001:00005be0       ?user@statusUpdate@@QAE?BVQString@@XZ 00406be0 f i workStation.obj
 0001:00005c20       ?operatingSystem@statusUpdate@@QAE?BVQString@@XZ 00406c20 f i workStation.obj
 0001:00005c60       ?checkComms@workStation@@QAEXXZ 00406c60 f   workStation.obj
 0001:00005c90       ?wsUnknown@workStation@@QAE_NXZ 00406c90 f   workStation.obj
 0001:00005cd0       ?getStartTime@workStation@@QAE?AVQDateTime@@XZ 00406cd0 f   workStation.obj
 0001:00005d00       ?getSummary@workStation@@QAE?AVQString@@XZ 00406d00 f   workStation.obj
 0001:00006240       ??_EworkStation@@WCM@AEPAXI@Z 00407240 f i workStation.obj
 0001:00006250       ??0WSTrackerMainWindow@@QAE@PAVQWidget@@PBDI@Z 00407250 f   wstrackermainwindow.obj
 0001:00006b90       ?metaObject@WSTrackerMainWindow@@UBEPAVQMetaObject@@XZ 00407b90 f i wstrackermainwindow.obj
 0001:00006bb0       ??_EWSTrackerMainWindow@@UAEPAXI@Z 00407bb0 f i wstrackermainwindow.obj
 0001:00006bb0       ??_GWSTrackerMainWindow@@UAEPAXI@Z 00407bb0 f i wstrackermainwindow.obj
 0001:00006be0       ??_GQMenuBar@@UAEPAXI@Z    00407be0 f i wstrackermainwindow.obj
 0001:00006be0       ??_EQMenuBar@@UAEPAXI@Z    00407be0 f i wstrackermainwindow.obj
 0001:00006c10       ??_GQPopupMenu@@UAEPAXI@Z  00407c10 f i wstrackermainwindow.obj
 0001:00006c10       ??_EQPopupMenu@@UAEPAXI@Z  00407c10 f i wstrackermainwindow.obj
 0001:00006c40       ??1WSTrackerMainWindow@@UAE@XZ 00407c40 f   wstrackermainwindow.obj
 0001:00006d70       ?loadWorkstations@WSTrackerMainWindow@@AAE_NXZ 00407d70 f   wstrackermainwindow.obj
 0001:00007600       ??_GQDomElement@@UAEPAXI@Z 00408600 f i wstrackermainwindow.obj
 0001:00007600       ??_EQDomElement@@UAEPAXI@Z 00408600 f i wstrackermainwindow.obj
 0001:00007630       ?addWorkstation@WSTrackerMainWindow@@AAEPAVworkStation@@HVQString@@@Z 00408630 f   wstrackermainwindow.obj
 0001:000078d0       ?wsClicked@WSTrackerMainWindow@@QAEXPAVQListViewItem@@@Z 004088d0 f   wstrackermainwindow.obj
 0001:00007940       ?wsStatusChange@WSTrackerMainWindow@@QAEXQAVstatusUpdate@@@Z 00408940 f   wstrackermainwindow.obj
 0001:00007af0       ?workstation_number@statusUpdate@@QAE?BHXZ 00408af0 f i wstrackermainwindow.obj
 0001:00007b10       ?loadConfigInfo@WSTrackerMainWindow@@AAE_NXZ 00408b10 f   wstrackermainwindow.obj
 0001:00008c40       ?enableButtons@WSTrackerMainWindow@@AAEXXZ 00409c40 f   wstrackermainwindow.obj
 0001:00008dc0       ?getIpAddr@workStation@@QAE?AVQString@@XZ 00409dc0 f i wstrackermainwindow.obj
 0001:00008e00       ?wsStatusChanged@WSTrackerMainWindow@@QAEXPAVworkStation@@@Z 00409e00 f   wstrackermainwindow.obj
 0001:00008e30       ?goStart@WSTrackerMainWindow@@QAEXXZ 00409e30 f   wstrackermainwindow.obj
 0001:00008e70       ?goStop@WSTrackerMainWindow@@QAEXXZ 00409e70 f   wstrackermainwindow.obj
 0001:00008eb0       ?goRestart@WSTrackerMainWindow@@QAEXXZ 00409eb0 f   wstrackermainwindow.obj
 0001:00008ef0       ?goRestartAll@WSTrackerMainWindow@@QAEXXZ 00409ef0 f   wstrackermainwindow.obj
 0001:00009840       ?sendMessage@WSTrackerMainWindow@@AAEXVQString@@PAVworkStation@@@Z 0040a840 f   wstrackermainwindow.obj
 0001:00009e60       ?timerEvent@WSTrackerMainWindow@@EAEXPAVQTimerEvent@@@Z 0040ae60 f   wstrackermainwindow.obj
 0001:00009e90       ?checkWsComms@WSTrackerMainWindow@@AAEXXZ 0040ae90 f   wstrackermainwindow.obj
 0001:00009f60       ?about@WSTrackerMainWindow@@QAEXXZ 0040af60 f   wstrackermainwindow.obj
 0001:0000a300       ?updateCounters@WSTrackerMainWindow@@AAEXXZ 0040b300 f   wstrackermainwindow.obj
 0001:0000a7e0       ?restartWorkstation@WSTrackerMainWindow@@QAEXI@Z 0040b7e0 f   wstrackermainwindow.obj
 0001:0000a940       ?connectRemote@WSTrackerMainWindow@@QAEXXZ 0040b940 f   wstrackermainwindow.obj
 0001:0000ab50       ?copyStatus@WSTrackerMainWindow@@QAEXXZ 0040bb50 f   wstrackermainwindow.obj
 0001:0000ace0       ?setWsText@WSTrackerMainWindow@@QAEXXZ 0040bce0 f   wstrackermainwindow.obj
 0001:0000b620       ??1?$QMap@HPAVworkStation@@@@QAE@XZ 0040c620 f i wstrackermainwindow.obj
 0001:0000b6c0       ?detach@?$QMap@HPAVworkStation@@@@IAEXXZ 0040c6c0 f i wstrackermainwindow.obj
 0001:0000b6e0       ?begin@?$QMapPrivate@HPAVworkStation@@@@QAE?AV?$QMapIterator@HPAVworkStation@@@@XZ 0040c6e0 f i wstrackermainwindow.obj
 0001:0000b700       ?inc@?$QMapIterator@HPAVworkStation@@@@AAEHXZ 0040c700 f i wstrackermainwindow.obj
 0001:0000b750       ?detachInternal@?$QMap@HPAVworkStation@@@@AAEXXZ 0040c750 f i wstrackermainwindow.obj
 0001:0000b910       ??0?$QMapPrivate@HPAVworkStation@@@@QAE@PBV0@@Z 0040c910 f i wstrackermainwindow.obj
 0001:0000ba50       ?clear@?$QMapPrivate@HPAVworkStation@@@@QAEXPAU?$QMapNode@HPAVworkStation@@@@@Z 0040ca50 f i wstrackermainwindow.obj
 0001:0000ba90       ?insertSingle@?$QMapPrivate@HPAVworkStation@@@@QAE?AV?$QMapIterator@HPAVworkStation@@@@ABH@Z 0040ca90 f i wstrackermainwindow.obj
 0001:0000bb80       ?copy@?$QMapPrivate@HPAVworkStation@@@@QAEPAU?$QMapNode@HPAVworkStation@@@@PAU2@@Z 0040cb80 f i wstrackermainwindow.obj
 0001:0000bc40       ?insert@?$QMapPrivate@HPAVworkStation@@@@QAE?AV?$QMapIterator@HPAVworkStation@@@@PAUQMapNodeBase@@0ABH@Z 0040cc40 f i wstrackermainwindow.obj
 0001:0000bd10       ?dec@?$QMapIterator@HPAVworkStation@@@@AAEHXZ 0040cd10 f i wstrackermainwindow.obj
 0001:0000bd80       ??_EWSTrackerMainWindow@@WCI@AEPAXI@Z 0040cd80 f i wstrackermainwindow.obj
 0001:0000bd90       ??_EQMenuBar@@WCI@AEPAXI@Z 0040cd90 f i wstrackermainwindow.obj
 0001:0000bda0       ??_EQMenuBar@@WIM@AEPAXI@Z 0040cda0 f i wstrackermainwindow.obj
 0001:0000bdb0       ??_EQPopupMenu@@WCI@AEPAXI@Z 0040cdb0 f i wstrackermainwindow.obj
 0001:0000bdc0       ??_EQPopupMenu@@WIM@AEPAXI@Z 0040cdc0 f i wstrackermainwindow.obj
 0001:0000bdd0       ?className@infodriverIf@@UBEPBDXZ 0040cdd0 f   moc_infodriverIf.obj
 0001:0000be80       ?tr@infodriverIf@@SA?AVQString@@PBD0@Z 0040ce80 f   moc_infodriverIf.obj
 0001:0000bef0       ?trUtf8@infodriverIf@@SA?AVQString@@PBD0@Z 0040cef0 f   moc_infodriverIf.obj
 0001:0000bf60       ?staticMetaObject@infodriverIf@@SAPAVQMetaObject@@XZ 0040cf60 f   moc_infodriverIf.obj
 0001:0000c020       ?qt_cast@infodriverIf@@UAEPAXPBD@Z 0040d020 f   moc_infodriverIf.obj
 0001:0000c1a0       ?restartWorkstation@infodriverIf@@IAEXI@Z 0040d1a0 f   moc_infodriverIf.obj
 0001:0000c290       ?qt_invoke@infodriverIf@@UAE_NHPAUQUObject@@@Z 0040d290 f   moc_infodriverIf.obj
 0001:0000c2c0       ?qt_emit@infodriverIf@@UAE_NHPAUQUObject@@@Z 0040d2c0 f   moc_infodriverIf.obj
 0001:0000c330       ?qt_property@infodriverIf@@UAE_NHHPAVQVariant@@@Z 0040d330 f   moc_infodriverIf.obj
 0001:0000c360       ?qt_static_property@infodriverIf@@SA_NPAVQObject@@HHPAVQVariant@@@Z 0040d360 f   moc_infodriverIf.obj
 0001:0000c380       ??0?$QPtrVector@VQConnectionList@@@@QAE@XZ 0040d380 f i moc_infodriverIf.obj
 0001:0000c3b0       ??0?$QPtrVector@VQConnectionList@@@@QAE@I@Z 0040d3b0 f i moc_infodriverIf.obj
 0001:0000c3e0       ??0?$QPtrVector@VQConnectionList@@@@QAE@ABV0@@Z 0040d3e0 f i moc_infodriverIf.obj
 0001:0000c410       ??1?$QPtrVector@VQConnectionList@@@@UAE@XZ 0040d410 f i moc_infodriverIf.obj
 0001:0000c490       ??4?$QPtrVector@VQConnectionList@@@@QAEAAV0@ABV0@@Z 0040d490 f i moc_infodriverIf.obj
 0001:0000c4b0       ??8?$QPtrVector@VQConnectionList@@@@QBE_NABV0@@Z 0040d4b0 f i moc_infodriverIf.obj
 0001:0000c4d0       ?data@?$QPtrVector@VQConnectionList@@@@QBEPAPAVQConnectionList@@XZ 0040d4d0 f i moc_infodriverIf.obj
 0001:0000c4f0       ?size@?$QPtrVector@VQConnectionList@@@@QBEIXZ 0040d4f0 f i moc_infodriverIf.obj
 0001:0000c510       ?count@?$QPtrVector@VQConnectionList@@@@UBEIXZ 0040d510 f i moc_infodriverIf.obj
 0001:0000c530       ?isEmpty@?$QPtrVector@VQConnectionList@@@@QBE_NXZ 0040d530 f i moc_infodriverIf.obj
 0001:0000c550       ?isNull@?$QPtrVector@VQConnectionList@@@@QBE_NXZ 0040d550 f i moc_infodriverIf.obj
 0001:0000c570       ?resize@?$QPtrVector@VQConnectionList@@@@QAE_NI@Z 0040d570 f i moc_infodriverIf.obj
 0001:0000c590       ?insert@?$QPtrVector@VQConnectionList@@@@QAE_NIPBVQConnectionList@@@Z 0040d590 f i moc_infodriverIf.obj
 0001:0000c5c0       ?remove@?$QPtrVector@VQConnectionList@@@@QAE_NI@Z 0040d5c0 f i moc_infodriverIf.obj
 0001:0000c5e0       ?take@?$QPtrVector@VQConnectionList@@@@QAEPAVQConnectionList@@I@Z 0040d5e0 f i moc_infodriverIf.obj
 0001:0000c600       ?clear@?$QPtrVector@VQConnectionList@@@@UAEXXZ 0040d600 f i moc_infodriverIf.obj
 0001:0000c620       ?fill@?$QPtrVector@VQConnectionList@@@@QAE_NPBVQConnectionList@@H@Z 0040d620 f i moc_infodriverIf.obj
 0001:0000c650       ?sort@?$QPtrVector@VQConnectionList@@@@QAEXXZ 0040d650 f i moc_infodriverIf.obj
 0001:0000c670       ?bsearch@?$QPtrVector@VQConnectionList@@@@QBEHPBVQConnectionList@@@Z 0040d670 f i moc_infodriverIf.obj
 0001:0000c690       ?findRef@?$QPtrVector@VQConnectionList@@@@QBEHPBVQConnectionList@@I@Z 0040d690 f i moc_infodriverIf.obj
 0001:0000c6c0       ?find@?$QPtrVector@VQConnectionList@@@@QBEHPBVQConnectionList@@I@Z 0040d6c0 f i moc_infodriverIf.obj
 0001:0000c6f0       ?containsRef@?$QPtrVector@VQConnectionList@@@@QBEIPBVQConnectionList@@@Z 0040d6f0 f i moc_infodriverIf.obj
 0001:0000c710       ?contains@?$QPtrVector@VQConnectionList@@@@QBEIPBVQConnectionList@@@Z 0040d710 f i moc_infodriverIf.obj
 0001:0000c730       ??A?$QPtrVector@VQConnectionList@@@@QBEPAVQConnectionList@@H@Z 0040d730 f i moc_infodriverIf.obj
 0001:0000c770       ?at@?$QPtrVector@VQConnectionList@@@@QBEPAVQConnectionList@@I@Z 0040d770 f i moc_infodriverIf.obj
 0001:0000c7b0       ?toList@?$QPtrVector@VQConnectionList@@@@QBEXPAVQGList@@@Z 0040d7b0 f i moc_infodriverIf.obj
 0001:0000c7d0       ??_G?$QPtrVector@H@@UAEPAXI@Z 0040d7d0 f i moc_infodriverIf.obj
 0001:0000c800       ??_G?$QPtrVector@VQWidget@@@@UAEPAXI@Z 0040d800 f i moc_infodriverIf.obj
 0001:0000c830       ??_G?$QPtrVector@VQConnectionList@@@@UAEPAXI@Z 0040d830 f i moc_infodriverIf.obj
 0001:0000c830       ??_E?$QPtrVector@VQConnectionList@@@@UAEPAXI@Z 0040d830 f i moc_infodriverIf.obj
 0001:0000c860       ??_G?$QAsciiDict@VQConnectionList@@@@UAEPAXI@Z 0040d860 f i moc_infodriverIf.obj
 0001:0000c890       ?deleteItem@?$QPtrVector@VQConnectionList@@@@EAEXPAX@Z 0040d890 f i moc_infodriverIf.obj
 0001:0000c8c0       ?className@netComms@@UBEPBDXZ 0040d8c0 f   moc_netComms.obj
 0001:0000c970       ?tr@netComms@@SA?AVQString@@PBD0@Z 0040d970 f   moc_netComms.obj
 0001:0000c9e0       ?trUtf8@netComms@@SA?AVQString@@PBD0@Z 0040d9e0 f   moc_netComms.obj
 0001:0000ca50       ?staticMetaObject@netComms@@SAPAVQMetaObject@@XZ 0040da50 f   moc_netComms.obj
 0001:0000cb40       ?qt_cast@netComms@@UAEPAXPBD@Z 0040db40 f   moc_netComms.obj
 0001:0000cbd0       ?statusChange@netComms@@IAEXQAVstatusUpdate@@@Z 0040dbd0 f   moc_netComms.obj
 0001:0000ccc0       ?qt_invoke@netComms@@UAE_NHPAUQUObject@@@Z 0040dcc0 f   moc_netComms.obj
 0001:0000cd10       ?qt_emit@netComms@@UAE_NHPAUQUObject@@@Z 0040dd10 f   moc_netComms.obj
 0001:0000cd80       ?qt_property@netComms@@UAE_NHHPAVQVariant@@@Z 0040dd80 f   moc_netComms.obj
 0001:0000cdb0       ?qt_static_property@netComms@@SA_NPAVQObject@@HHPAVQVariant@@@Z 0040ddb0 f   moc_netComms.obj
 0001:0000cdd0       ?className@workStation@@UBEPBDXZ 0040ddd0 f   moc_workStation.obj
 0001:0000ce80       ?tr@workStation@@SA?AVQString@@PBD0@Z 0040de80 f   moc_workStation.obj
 0001:0000cef0       ?trUtf8@workStation@@SA?AVQString@@PBD0@Z 0040def0 f   moc_workStation.obj
 0001:0000cf60       ?staticMetaObject@workStation@@SAPAVQMetaObject@@XZ 0040df60 f   moc_workStation.obj
 0001:0000d020       ?qt_cast@workStation@@UAEPAXPBD@Z 0040e020 f   moc_workStation.obj
 0001:0000d140       ?wsStatusChanged@workStation@@IAEXPAV1@@Z 0040e140 f   moc_workStation.obj
 0001:0000d230       ?qt_invoke@workStation@@UAE_NHPAUQUObject@@@Z 0040e230 f   moc_workStation.obj
 0001:0000d260       ?qt_emit@workStation@@UAE_NHPAUQUObject@@@Z 0040e260 f   moc_workStation.obj
 0001:0000d2b0       ?qt_property@workStation@@UAE_NHHPAVQVariant@@@Z 0040e2b0 f   moc_workStation.obj
 0001:0000d2e0       ?qt_static_property@workStation@@SA_NPAVQObject@@HHPAVQVariant@@@Z 0040e2e0 f   moc_workStation.obj
 0001:0000d300       ?className@WSTrackerMainWindow@@UBEPBDXZ 0040e300 f   moc_wstrackermainwindow.obj
 0001:0000d3b0       ?tr@WSTrackerMainWindow@@SA?AVQString@@PBD0@Z 0040e3b0 f   moc_wstrackermainwindow.obj
 0001:0000d420       ?trUtf8@WSTrackerMainWindow@@SA?AVQString@@PBD0@Z 0040e420 f   moc_wstrackermainwindow.obj
 0001:0000d490       ?staticMetaObject@WSTrackerMainWindow@@SAPAVQMetaObject@@XZ 0040e490 f   moc_wstrackermainwindow.obj
 0001:0000d5d0       ?qt_cast@WSTrackerMainWindow@@UAEPAXPBD@Z 0040e5d0 f   moc_wstrackermainwindow.obj
 0001:0000d660       ?qt_invoke@WSTrackerMainWindow@@UAE_NHPAUQUObject@@@Z 0040e660 f   moc_wstrackermainwindow.obj
 0001:0000d7f0       ?qt_emit@WSTrackerMainWindow@@UAE_NHPAUQUObject@@@Z 0040e7f0 f   moc_wstrackermainwindow.obj
 0001:0000d820       ?qt_property@WSTrackerMainWindow@@UAE_NHHPAVQVariant@@@Z 0040e820 f   moc_wstrackermainwindow.obj
 0001:0000d850       ?qt_static_property@WSTrackerMainWindow@@SA_NPAVQObject@@HHPAVQVariant@@@Z 0040e850 f   moc_wstrackermainwindow.obj
 0001:0000d870       ?className@WSTrackerMainWindowBase@@UBEPBDXZ 0040e870 f   moc_wstrackermainwindowbase.obj
 0001:0000d920       ?tr@WSTrackerMainWindowBase@@SA?AVQString@@PBD0@Z 0040e920 f   moc_wstrackermainwindowbase.obj
 0001:0000d990       ?trUtf8@WSTrackerMainWindowBase@@SA?AVQString@@PBD0@Z 0040e990 f   moc_wstrackermainwindowbase.obj
 0001:0000da00       ?staticMetaObject@WSTrackerMainWindowBase@@SAPAVQMetaObject@@XZ 0040ea00 f   moc_wstrackermainwindowbase.obj
 0001:0000da70       ?qt_cast@WSTrackerMainWindowBase@@UAEPAXPBD@Z 0040ea70 f   moc_wstrackermainwindowbase.obj
 0001:0000db00       ?qt_invoke@WSTrackerMainWindowBase@@UAE_NHPAUQUObject@@@Z 0040eb00 f   moc_wstrackermainwindowbase.obj
 0001:0000db50       ?qt_emit@WSTrackerMainWindowBase@@UAE_NHPAUQUObject@@@Z 0040eb50 f   moc_wstrackermainwindowbase.obj
 0001:0000db80       ?qt_property@WSTrackerMainWindowBase@@UAE_NHHPAVQVariant@@@Z 0040eb80 f   moc_wstrackermainwindowbase.obj
 0001:0000dbb0       ?qt_static_property@WSTrackerMainWindowBase@@SA_NPAVQObject@@HHPAVQVariant@@@Z 0040ebb0 f   moc_wstrackermainwindowbase.obj
 0001:0000dbd0       ??0WSTrackerMainWindowBase@@QAE@PAVQWidget@@PBDI@Z 0040ebd0 f   wstrackermainwindowbase.obj
 0001:0000ed40       ?metaObject@WSTrackerMainWindowBase@@UBEPAVQMetaObject@@XZ 0040fd40 f i wstrackermainwindowbase.obj
 0001:0000ed60       ??_GWSTrackerMainWindowBase@@UAEPAXI@Z 0040fd60 f i wstrackermainwindowbase.obj
 0001:0000ed60       ??_EWSTrackerMainWindowBase@@UAEPAXI@Z 0040fd60 f i wstrackermainwindowbase.obj
 0001:0000ed90       ??_EQWidget@@UAEPAXI@Z     0040fd90 f i wstrackermainwindowbase.obj
 0001:0000ed90       ??_GQWidget@@UAEPAXI@Z     0040fd90 f i wstrackermainwindowbase.obj
 0001:0000edc0       ??_EQGroupBox@@UAEPAXI@Z   0040fdc0 f i wstrackermainwindowbase.obj
 0001:0000edc0       ??_GQGroupBox@@UAEPAXI@Z   0040fdc0 f i wstrackermainwindowbase.obj
 0001:0000edf0       ??_GQListView@@UAEPAXI@Z   0040fdf0 f i wstrackermainwindowbase.obj
 0001:0000edf0       ??_EQListView@@UAEPAXI@Z   0040fdf0 f i wstrackermainwindowbase.obj
 0001:0000ee20       ??_GQLineEdit@@UAEPAXI@Z   0040fe20 f i wstrackermainwindowbase.obj
 0001:0000ee20       ??_EQLineEdit@@UAEPAXI@Z   0040fe20 f i wstrackermainwindowbase.obj
 0001:0000ee50       ??1WSTrackerMainWindowBase@@UAE@XZ 0040fe50 f   wstrackermainwindowbase.obj
 0001:0000ee80       ?languageChange@WSTrackerMainWindowBase@@MAEXXZ 0040fe80 f   wstrackermainwindowbase.obj
 0001:0000f940       ??_EQWidget@@WCI@AEPAXI@Z  00410940 f i wstrackermainwindowbase.obj
 0001:0000f950       ??_EQGroupBox@@WCI@AEPAXI@Z 00410950 f i wstrackermainwindowbase.obj
 0001:0000f960       ??_EQListView@@WCI@AEPAXI@Z 00410960 f i wstrackermainwindowbase.obj
 0001:0000f970       ??_EQLineEdit@@WCI@AEPAXI@Z 00410970 f i wstrackermainwindowbase.obj
 0001:0000f980       ??_EWSTrackerMainWindowBase@@WCI@AEPAXI@Z 00410980 f i wstrackermainwindowbase.obj
 0001:0000f990       ??0cPanel@@QAE@XZ          00410990 f   panel:panelif.obj
 0001:0000f9f0       ??_GcPanel@@UAEPAXI@Z      004109f0 f i panel:panelif.obj
 0001:0000f9f0       ??_EcPanel@@UAEPAXI@Z      004109f0 f i panel:panelif.obj
 0001:0000fa10       ?connect@cPanel@@QAEIPBD@Z 00410a10 f   panel:panelif.obj
 0001:0000fb50       ??1cPanel@@UAE@XZ          00410b50 f   panel:panelif.obj
 0001:0000fba0       ?showError@cPanel@@AAEXKQBD@Z 00410ba0 f   panel:panelif.obj
 0001:0000fc20       ?getstate@cPanel@@QAEIXZ   00410c20 f   panel:panelif.obj
 0001:0000fc30       ?setstate@cPanel@@QAEII@Z  00410c30 f   panel:panelif.obj
 0001:0000fc40       ?incrx@cPanel@@AAEXXZ      00410c40 f   panel:panelif.obj
 0001:0000fc50       ?setcounters@cPanel@@QAEXPAK0@Z 00410c50 f   panel:panelif.obj
 0001:0000fc70       ?tokenize@cPanel@@AAEIXZ   00410c70 f   panel:panelif.obj
 0001:0000fd50       ?setcachestate@cPanel@@QAEXI@Z 00410d50 f   panel:panelif.obj
 0001:0000fd70       ?getcachestate@cPanel@@QAEIXZ 00410d70 f   panel:panelif.obj
 0001:0000fd90       ?cachetest@cPanel@@QAEHIII@Z 00410d90 f   panel:panelif.obj
 0001:0000fdd0       ?cacheflush@cPanel@@QAEXI@Z 00410dd0 f   panel:panelif.obj
 0001:0000fdf0       ?getdbname@cPanel@@QAEXGGGPADH@Z 00410df0 f   panel:panelif.obj
 0001:0000fe30       ?getdbindex@cPanel@@QAEHGGPBD@Z 00410e30 f   panel:panelif.obj
 0001:0000fe80       ?setdbname@cPanel@@QAEXGGGPBDH@Z 00410e80 f   panel:panelif.obj
 0001:0000ff20       ?regtallyrange@cPanel@@QAEJIIIH@Z 00410f20 f   panel:panelif.obj
 0001:0000ff80       ?unregtallyrange@cPanel@@QAEJIII@Z 00410f80 f   panel:panelif.obj
 0001:00010010       ?txrtrcmd@cPanel@@QAEJPBDH@Z 00411010 f   panel:panelif.obj
 0001:000100f0       ?txinfocmd@cPanel@@QAEJPBDH@Z 004110f0 f   panel:panelif.obj
 0001:000101b0       ?txgpicmd@cPanel@@QAEJPBDH@Z 004111b0 f   panel:panelif.obj
 0001:00010260       ?getparamcount@cPanel@@QAEIXZ 00411260 f   panel:panelif.obj
 0001:00010270       ?getparam@cPanel@@QAEPADI@Z 00411270 f   panel:panelif.obj
 0001:00010280       ?ClientWndProcInt@cPanel@@EAGJPAUHWND__@@IIJ@Z 00411280 f   panel:panelif.obj
 0001:000106d0       ?ClientWndProc@cPanel@@CGJPAUHWND__@@IIJ@Z 004116d0 f   panel:panelif.obj
 0001:00010730       ?getcachedata@cPanel@@QAEHIIPADI@Z 00411730 f   panel:panelif.obj
 0001:000107a0       ?getcacheindex@cPanel@@QAEHIIIPBD@Z 004117a0 f   panel:panelif.obj
 0001:00010810       ?txnetcmd@cPanel@@QAEJPBD@Z 00411810 f   panel:panelif.obj
 0001:00010880       _BNCS32TxMessage           00411880 f   bncsif32:BNCSIF32.dll
 0001:00010886       _BNCS32RxMessage           00411886 f   bncsif32:BNCSIF32.dll
 0001:00010890       ??0cXInfo@@QAE@I@Z         00411890 f   cxinfo:CXINFO.OBJ
 0001:000108f0       ?connect@cXInfo@@QAEHIIIII@Z 004118f0 f   cxinfo:CXINFO.OBJ
 0001:00010a00       ??1cXInfo@@QAE@XZ          00411a00 f   cxinfo:CXINFO.OBJ
 0001:00010a40       ?incrx@cXInfo@@QAEXXZ      00411a40 f   cxinfo:CXINFO.OBJ
 0001:00010a50       ?setcounters@cXInfo@@QAEXPAK0@Z 00411a50 f   cxinfo:CXINFO.OBJ
 0001:00010a70       ?updateslot@cXInfo@@QAA_NHPBDZZ 00411a70 f   cxinfo:CXINFO.OBJ
 0001:00010b30       ?setslot@cXInfo@@QAAXHPBDZZ 00411b30 f   cxinfo:CXINFO.OBJ
 0001:00010bb0       ?getslot@cXInfo@@QAEXHPAD@Z 00411bb0 f   cxinfo:CXINFO.OBJ
 0001:00010be0       ?sendslots@cXInfo@@QAEXHH@Z 00411be0 f   cxinfo:CXINFO.OBJ
 0001:00010c20       ?getmode@cXInfo@@QAEHXZ    00411c20 f   cxinfo:CXINFO.OBJ
 0001:00010c40       ?setmode@cXInfo@@QAEHH@Z   00411c40 f   cxinfo:CXINFO.OBJ
 0001:00010c60       ?InfoWndProc@cXInfo@@CGJPAUHWND__@@IIJ@Z 00411c60 f   cxinfo:CXINFO.OBJ
 0001:00010eb0       ?getdbname@cXInfo@@QAEXGGGPADH@Z 00411eb0 f   cxinfo:CXINFO.OBJ
 0001:00010ef0       ?getdbindex@cXInfo@@QAEHGGPBD@Z 00411ef0 f   cxinfo:CXINFO.OBJ
 0001:00010f50       ?setdbname@cXInfo@@QAEXGGGPBDH@Z 00411f50 f   cxinfo:CXINFO.OBJ
 0001:00010ff0       ??0bncs_disklog@@QAE@PBDW4filetype@0@000000@Z 00411ff0 f   bncs_disklog:bncs_disklog.obj
 0001:00011040       ??_Ebncs_disklog@@UAEPAXI@Z 00412040 f i bncs_disklog:bncs_disklog.obj
 0001:00011040       ??_Gbncs_disklog@@UAEPAXI@Z 00412040 f i bncs_disklog:bncs_disklog.obj
 0001:00011060       ??0bncs_disklog@@QAE@PBDW4filetype@0@@Z 00412060 f   bncs_disklog:bncs_disklog.obj
 0001:00011090       ?initVars@bncs_disklog@@AAEXXZ 00412090 f   bncs_disklog:bncs_disklog.obj
 0001:000110a0       ?openLogFile@bncs_disklog@@AAEXPBDW4filetype@1@@Z 004120a0 f   bncs_disklog:bncs_disklog.obj
 0001:000112b0       ?cleanup@bncs_disklog@@AAEXXZ 004122b0 f   bncs_disklog:bncs_disklog.obj
 0001:000112d0       ??1bncs_disklog@@UAE@XZ    004122d0 f   bncs_disklog:bncs_disklog.obj
 0001:000112e0       ?ref@bncs_disklog@@QAEPBDXZ 004122e0 f   bncs_disklog:bncs_disklog.obj
 0001:000112f0       ?write@bncs_disklog@@QAEXPBD00000@Z 004122f0 f   bncs_disklog:bncs_disklog.obj
 0001:00011520       ?createDirectory@bncs_disklog@@AAEXPBD@Z 00412520 f   bncs_disklog:bncs_disklog.obj
 0001:00011640       ?clear@bncs_disklog@@QAEXXZ 00412640 f   bncs_disklog:bncs_disklog.obj
 0001:00011670       ??0cBncsVersion@@QAE@PBD@Z 00412670 f   BncsVersionInfo:cBncsVersion.obj
 0001:00011b80       ??_EcBncsVersion@@UAEPAXI@Z 00412b80 f i BncsVersionInfo:cBncsVersion.obj
 0001:00011b80       ??_GcBncsVersion@@UAEPAXI@Z 00412b80 f i BncsVersionInfo:cBncsVersion.obj
 0001:00011ba0       ??1cBncsVersion@@UAE@XZ    00412ba0 f   BncsVersionInfo:cBncsVersion.obj
 0001:00011c80       _GetPrivateProfileStringA@24 00412c80 f   kernel32:KERNEL32.dll
 0001:00011c86       _WritePrivateProfileStringA@16 00412c86 f   kernel32:KERNEL32.dll
 0001:00011c8c       _GetPrivateProfileIntA@16  00412c8c f   kernel32:KERNEL32.dll
 0001:00011c92       _GetLastError@0            00412c92 f   kernel32:KERNEL32.dll
 0001:00011c98       _lstrcpynA@12              00412c98 f   kernel32:KERNEL32.dll
 0001:00011c9e       _LocalFree@4               00412c9e f   kernel32:KERNEL32.dll
 0001:00011ca4       _OutputDebugStringA@4      00412ca4 f   kernel32:KERNEL32.dll
 0001:00011caa       _FormatMessageA@28         00412caa f   kernel32:KERNEL32.dll
 0001:00011cb0       _lstrlenA@4                00412cb0 f   kernel32:KERNEL32.dll
 0001:00011cb6       _lstrcatA@8                00412cb6 f   kernel32:KERNEL32.dll
 0001:00011cbc       _lstrcpyA@8                00412cbc f   kernel32:KERNEL32.dll
 0001:00011cc2       _lstrcmpA@8                00412cc2 f   kernel32:KERNEL32.dll
 0001:00011cc8       _SetFilePointer@16         00412cc8 f   kernel32:KERNEL32.dll
 0001:00011cce       _CreateFileA@28            00412cce f   kernel32:KERNEL32.dll
 0001:00011cd4       _CloseHandle@4             00412cd4 f   kernel32:KERNEL32.dll
 0001:00011cda       _WriteFile@20              00412cda f   kernel32:KERNEL32.dll
 0001:00011ce0       _SetEndOfFile@4            00412ce0 f   kernel32:KERNEL32.dll
 0001:00011ce6       _CreateWindowExA@48        00412ce6 f   user32:USER32.dll
 0001:00011cec       _RegisterClassA@4          00412cec f   user32:USER32.dll
 0001:00011cf2       _DestroyWindow@4           00412cf2 f   user32:USER32.dll
 0001:00011cf8       _IsWindow@4                00412cf8 f   user32:USER32.dll
 0001:00011cfe       _SendMessageA@16           00412cfe f   user32:USER32.dll
 0001:00011d04       _wsprintfA                 00412d04 f   user32:USER32.dll
 0001:00011d0a       _DefWindowProcA@16         00412d0a f   user32:USER32.dll
 0001:00011d10       _PostMessageA@16           00412d10 f   user32:USER32.dll
 0001:00011d16       _FindWindowA@8             00412d16 f   user32:USER32.dll
 0001:00011d1c       _SetWindowLongA@12         00412d1c f   user32:USER32.dll
 0001:00011d22       _GetWindowLongA@8          00412d22 f   user32:USER32.dll
 0001:00011d28       _MessageBoxA@16            00412d28 f   user32:USER32.dll
 0001:00011d2e       _UnregisterClassA@8        00412d2e f   user32:USER32.dll
 0001:00011d34       _GetStockObject@4          00412d34 f   gdi32:GDI32.dll
 0001:00011d3a       _setsockopt@20             00412d3a f   wsock32:WSOCK32.dll
 0001:00011d40       ?checkConnectArgs@QObject@@MAE_NPBDPBV1@0@Z 00412d40 f   qt-mt323:qt-mt323.dll
 0001:00011d46       ?disconnectNotify@QObject@@MAEXPBD@Z 00412d46 f   qt-mt323:qt-mt323.dll
 0001:00011d4c       ?connectNotify@QObject@@MAEXPBD@Z 00412d4c f   qt-mt323:qt-mt323.dll
 0001:00011d52       ?customEvent@QObject@@MAEXPAVQCustomEvent@@@Z 00412d52 f   qt-mt323:qt-mt323.dll
 0001:00011d58       ?childEvent@QObject@@MAEXPAVQChildEvent@@@Z 00412d58 f   qt-mt323:qt-mt323.dll
 0001:00011d5e       ?property@QObject@@UBE?AVQVariant@@PBD@Z 00412d5e f   qt-mt323:qt-mt323.dll
 0001:00011d64       ?setProperty@QObject@@UAE_NPBDABVQVariant@@@Z 00412d64 f   qt-mt323:qt-mt323.dll
 0001:00011d6a       ?removeChild@QObject@@UAEXPAV1@@Z 00412d6a f   qt-mt323:qt-mt323.dll
 0001:00011d70       ?insertChild@QObject@@UAEXPAV1@@Z 00412d70 f   qt-mt323:qt-mt323.dll
 0001:00011d76       ?setName@QObject@@UAEXPBD@Z 00412d76 f   qt-mt323:qt-mt323.dll
 0001:00011d7c       ?eventFilter@QObject@@UAE_NPAV1@PAVQEvent@@@Z 00412d7c f   qt-mt323:qt-mt323.dll
 0001:00011d82       ?event@QObject@@UAE_NPAVQEvent@@@Z 00412d82 f   qt-mt323:qt-mt323.dll
 0001:00011d88       ??1QObject@@UAE@XZ         00412d88 f   qt-mt323:qt-mt323.dll
 0001:00011d8e       ?startTimer@QObject@@QAEHH@Z 00412d8e f   qt-mt323:qt-mt323.dll
 0001:00011d94       ??0QObject@@QAE@PAV0@PBD@Z 00412d94 f   qt-mt323:qt-mt323.dll
 0001:00011d9a       ?killTimer@QObject@@QAEXH@Z 00412d9a f   qt-mt323:qt-mt323.dll
 0001:00011da0       ??1QString@@QAE@XZ         00412da0 f   qt-mt323:qt-mt323.dll
 0001:00011da6       ?deleteSelf@QStringData@@QAEXXZ 00412da6 f   qt-mt323:qt-mt323.dll
 0001:00011dac       ?latin1@QString@@QBEPBDXZ  00412dac f   qt-mt323:qt-mt323.dll
 0001:00011db2       ?replace@QString@@QAEAAV1@VQChar@@0@Z 00412db2 f   qt-mt323:qt-mt323.dll
 0001:00011db8       ??0QChar@@QAE@D@Z          00412db8 f   qt-mt323:qt-mt323.dll
 0001:00011dbe       ?ascii@QString@@QBEPBDXZ   00412dbe f   qt-mt323:qt-mt323.dll
 0001:00011dc4       ?toString@QDateTime@@QBE?AVQString@@W4DateFormat@Qt@@@Z 00412dc4 f   qt-mt323:qt-mt323.dll
 0001:00011dca       ?arg@QString@@QBE?AV1@IHH@Z 00412dca f   qt-mt323:qt-mt323.dll
 0001:00011dd0       ?qDebug@@YAXPBDZZ          00412dd0 f   qt-mt323:qt-mt323.dll
 0001:00011dd6       ?arg@QString@@QBE?AV1@HHH@Z 00412dd6 f   qt-mt323:qt-mt323.dll
 0001:00011ddc       ??0QString@@QAE@PBD@Z      00412ddc f   qt-mt323:qt-mt323.dll
 0001:00011de2       ??H@YA?BVQString@@PBDABV0@@Z 00412de2 f   qt-mt323:qt-mt323.dll
 0001:00011de8       ??YQString@@QAEAAV0@PBD@Z  00412de8 f   qt-mt323:qt-mt323.dll
 0001:00011dee       ??YQString@@QAEAAV0@ABV0@@Z 00412dee f   qt-mt323:qt-mt323.dll
 0001:00011df4       ??H@YA?BVQString@@ABV0@0@Z 00412df4 f   qt-mt323:qt-mt323.dll
 0001:00011dfa       ??H@YA?BVQString@@ABV0@PBD@Z 00412dfa f   qt-mt323:qt-mt323.dll
 0001:00011e00       ?number@QString@@SA?AV1@IH@Z 00412e00 f   qt-mt323:qt-mt323.dll
 0001:00011e06       ?number@QString@@SA?AV1@HH@Z 00412e06 f   qt-mt323:qt-mt323.dll
 0001:00011e0c       ??4QString@@QAEAAV0@PBD@Z  00412e0c f   qt-mt323:qt-mt323.dll
 0001:00011e12       ?makeSharedNull@QString@@CAPAUQStringData@@XZ 00412e12 f   qt-mt323:qt-mt323.dll
 0001:00011e18       ??0QString@@QAE@ABV0@@Z    00412e18 f   qt-mt323:qt-mt323.dll
 0001:00011e1e       ??1?$QMemArray@H@@UAE@XZ   00412e1e f   qt-mt323:qt-mt323.dll
 0001:00011e24       ??1?$QMemArray@_N@@UAE@XZ  00412e24 f   qt-mt323:qt-mt323.dll
 0001:00011e2a       ??1?$QMemArray@D@@UAE@XZ   00412e2a f   qt-mt323:qt-mt323.dll
 0001:00011e30       ??1?$QMemArray@VQPoint@@@@UAE@XZ 00412e30 f   qt-mt323:qt-mt323.dll
 0001:00011e36       ??1?$QPtrList@D@@UAE@XZ    00412e36 f   qt-mt323:qt-mt323.dll
 0001:00011e3c       ??1?$QPtrList@VQObject@@@@UAE@XZ 00412e3c f   qt-mt323:qt-mt323.dll
 0001:00011e42       ??1?$QPtrList@VQWidget@@@@UAE@XZ 00412e42 f   qt-mt323:qt-mt323.dll
 0001:00011e48       ?exec@QApplication@@QAEHXZ 00412e48 f   qt-mt323:qt-mt323.dll
 0001:00011e4e       ?show@QMainWindow@@UAEXXZ  00412e4e f   qt-mt323:qt-mt323.dll
 0001:00011e54       ?setMainWidget@QApplication@@UAEXPAVQWidget@@@Z 00412e54 f   qt-mt323:qt-mt323.dll
 0001:00011e5a       ?information@QMessageBox@@SAHPAVQWidget@@ABVQString@@1HHH@Z 00412e5a f   qt-mt323:qt-mt323.dll
 0001:00011e60       ??1?$QPtrList@VQDockWindow@@@@UAE@XZ 00412e60 f   qt-mt323:qt-mt323.dll
 0001:00011e66       ??0QMetaObjectCleanUp@@QAE@PBDP6APAVQMetaObject@@XZ@Z 00412e66 f   qt-mt323:qt-mt323.dll
 0001:00011e6c       ??1QMetaObjectCleanUp@@QAE@XZ 00412e6c f   qt-mt323:qt-mt323.dll
 0001:00011e72       ?fromLatin1@QString@@SA?AV1@PBDH@Z 00412e72 f   qt-mt323:qt-mt323.dll
 0001:00011e78       ?translate@QApplication@@QBE?AVQString@@PBD00W4Encoding@1@@Z 00412e78 f   qt-mt323:qt-mt323.dll
 0001:00011e7e       ?fromUtf8@QString@@SA?AV1@PBDH@Z 00412e7e f   qt-mt323:qt-mt323.dll
 0001:00011e84       ?setMetaObject@QMetaObjectCleanUp@@QAEXAAPAVQMetaObject@@@Z 00412e84 f   qt-mt323:qt-mt323.dll
 0001:00011e8a       ?new_metaobject@QMetaObject@@SAPAV1@PBDPAV1@QBUQMetaData@@H2HQBVQMetaProperty@@HQBUQMetaEnum@@HQBUQClassInfo@@H@Z 00412e8a f   qt-mt323:qt-mt323.dll
 0001:00011e90       ?staticMetaObject@QDialog@@SAPAVQMetaObject@@XZ 00412e90 f   qt-mt323:qt-mt323.dll
 0001:00011e96       ?qt_cast@QDialog@@UAEPAXPBD@Z 00412e96 f   qt-mt323:qt-mt323.dll
 0001:00011e9c       ?qt_invoke@QDialog@@UAE_NHPAUQUObject@@@Z 00412e9c f   qt-mt323:qt-mt323.dll
 0001:00011ea2       ?qt_emit@QDialog@@UAE_NHPAUQUObject@@@Z 00412ea2 f   qt-mt323:qt-mt323.dll
 0001:00011ea8       ?qt_property@QDialog@@UAE_NHHPAVQVariant@@@Z 00412ea8 f   qt-mt323:qt-mt323.dll
 0001:00011eae       ??1?$QPtrList@VQConnection@@@@UAE@XZ 00412eae f   qt-mt323:qt-mt323.dll
 0001:00011eb4       ?setEnabled@QSocketNotifier@@UAEX_N@Z 00412eb4 f   qt-mt323:qt-mt323.dll
 0001:00011eba       ?timerEvent@QObject@@MAEXPAVQTimerEvent@@@Z 00412eba f   qt-mt323:qt-mt323.dll
 0001:00011ec0       ?event@QSocketNotifier@@MAE_NPAVQEvent@@@Z 00412ec0 f   qt-mt323:qt-mt323.dll
 0001:00011ec6       ?qt_property@QSocketNotifier@@UAE_NHHPAVQVariant@@@Z 00412ec6 f   qt-mt323:qt-mt323.dll
 0001:00011ecc       ?qt_emit@QSocketNotifier@@UAE_NHPAUQUObject@@@Z 00412ecc f   qt-mt323:qt-mt323.dll
 0001:00011ed2       ?qt_invoke@QSocketNotifier@@UAE_NHPAUQUObject@@@Z 00412ed2 f   qt-mt323:qt-mt323.dll
 0001:00011ed8       ?qt_cast@QSocketNotifier@@UAEPAXPBD@Z 00412ed8 f   qt-mt323:qt-mt323.dll
 0001:00011ede       ?className@QSocketNotifier@@UBEPBDXZ 00412ede f   qt-mt323:qt-mt323.dll
 0001:00011ee4       ?metaObject@QSocketNotifier@@UBEPAVQMetaObject@@XZ 00412ee4 f   qt-mt323:qt-mt323.dll
 0001:00011eea       ?setOption@QSocketDevice@@EAEXW4Option@1@H@Z 00412eea f   qt-mt323:qt-mt323.dll
 0001:00011ef0       ?writeBlock@QSocketDevice@@UAEJPBDKABVQHostAddress@@G@Z 00412ef0 f   qt-mt323:qt-mt323.dll
 0001:00011ef6       ?accept@QSocketDevice@@UAEHXZ 00412ef6 f   qt-mt323:qt-mt323.dll
 0001:00011efc       ?listen@QSocketDevice@@UAE_NH@Z 00412efc f   qt-mt323:qt-mt323.dll
 0001:00011f02       ?bind@QSocketDevice@@UAE_NABVQHostAddress@@G@Z 00412f02 f   qt-mt323:qt-mt323.dll
 0001:00011f08       ?connect@QSocketDevice@@UAE_NABVQHostAddress@@G@Z 00412f08 f   qt-mt323:qt-mt323.dll
 0001:00011f0e       ?setSendBufferSize@QSocketDevice@@UAEXI@Z 00412f0e f   qt-mt323:qt-mt323.dll
 0001:00011f14       ?setReceiveBufferSize@QSocketDevice@@UAEXI@Z 00412f14 f   qt-mt323:qt-mt323.dll
 0001:00011f1a       ?setAddressReusable@QSocketDevice@@UAEX_N@Z 00412f1a f   qt-mt323:qt-mt323.dll
 0001:00011f20       ?setBlocking@QSocketDevice@@UAEX_N@Z 00412f20 f   qt-mt323:qt-mt323.dll
 0001:00011f26       ?setSocket@QSocketDevice@@UAEXHW4Type@1@@Z 00412f26 f   qt-mt323:qt-mt323.dll
 0001:00011f2c       ?ungetch@QSocketDevice@@UAEHH@Z 00412f2c f   qt-mt323:qt-mt323.dll
 0001:00011f32       ?putch@QSocketDevice@@UAEHH@Z 00412f32 f   qt-mt323:qt-mt323.dll
 0001:00011f38       ?getch@QSocketDevice@@UAEHXZ 00412f38 f   qt-mt323:qt-mt323.dll
 0001:00011f3e       ?readAll@QIODevice@@UAE?AV?$QMemArray@D@@XZ 00412f3e f   qt-mt323:qt-mt323.dll
 0001:00011f44       ?readLine@QIODevice@@UAEJPADK@Z 00412f44 f   qt-mt323:qt-mt323.dll
 0001:00011f4a       ?writeBlock@QSocketDevice@@UAEJPBDK@Z 00412f4a f   qt-mt323:qt-mt323.dll
 0001:00011f50       ?readBlock@QSocketDevice@@UAEJPADK@Z 00412f50 f   qt-mt323:qt-mt323.dll
 0001:00011f56       ?atEnd@QSocketDevice@@UBE_NXZ 00412f56 f   qt-mt323:qt-mt323.dll
 0001:00011f5c       ?at@QSocketDevice@@UBEKXZ  00412f5c f   qt-mt323:qt-mt323.dll
 0001:00011f62       ?at@QSocketDevice@@UAE_NK@Z 00412f62 f   qt-mt323:qt-mt323.dll
 0001:00011f68       ?size@QSocketDevice@@UBEKXZ 00412f68 f   qt-mt323:qt-mt323.dll
 0001:00011f6e       ?flush@QSocketDevice@@UAEXXZ 00412f6e f   qt-mt323:qt-mt323.dll
 0001:00011f74       ?close@QSocketDevice@@UAEXXZ 00412f74 f   qt-mt323:qt-mt323.dll
 0001:00011f7a       ?open@QSocketDevice@@UAE_NH@Z 00412f7a f   qt-mt323:qt-mt323.dll
 0001:00011f80       ?connect@QObject@@SA_NPBV1@PBD01@Z 00412f80 f   qt-mt323:qt-mt323.dll
 0001:00011f86       ??0QSocketNotifier@@QAE@HW4Type@0@PAVQObject@@PBD@Z 00412f86 f   qt-mt323:qt-mt323.dll
 0001:00011f8c       ?socket@QSocketDevice@@QBEHXZ 00412f8c f   qt-mt323:qt-mt323.dll
 0001:00011f92       ??1QHostAddress@@UAE@XZ    00412f92 f   qt-mt323:qt-mt323.dll
 0001:00011f98       ??0QHostAddress@@QAE@I@Z   00412f98 f   qt-mt323:qt-mt323.dll
 0001:00011f9e       ?setAddress@QHostAddress@@QAE_NABVQString@@@Z 00412f9e f   qt-mt323:qt-mt323.dll
 0001:00011fa4       ??0QHostAddress@@QAE@XZ    00412fa4 f   qt-mt323:qt-mt323.dll
 0001:00011faa       ??0QSocketDevice@@QAE@W4Type@0@@Z 00412faa f   qt-mt323:qt-mt323.dll
 0001:00011fb0       ??1QSocketDevice@@UAE@XZ   00412fb0 f   qt-mt323:qt-mt323.dll
 0001:00011fb6       ??1QSocketNotifier@@UAE@XZ 00412fb6 f   qt-mt323:qt-mt323.dll
 0001:00011fbc       ??1QStringList@@QAE@XZ     00412fbc f   qt-mt323:qt-mt323.dll
 0001:00011fc2       ??A?$QValueList@VQString@@@@QAEAAVQString@@I@Z 00412fc2 f   qt-mt323:qt-mt323.dll
 0001:00011fc8       ?toString@QHostAddress@@QBE?AVQString@@XZ 00412fc8 f   qt-mt323:qt-mt323.dll
 0001:00011fce       ?peerAddress@QSocketDevice@@QBE?AVQHostAddress@@XZ 00412fce f   qt-mt323:qt-mt323.dll
 0001:00011fd4       ?setTime_t@QDateTime@@QAEXI@Z 00412fd4 f   qt-mt323:qt-mt323.dll
 0001:00011fda       ?toUInt@QString@@QBEIPA_NH@Z 00412fda f   qt-mt323:qt-mt323.dll
 0001:00011fe0       ?toInt@QString@@QBEHPA_NH@Z 00412fe0 f   qt-mt323:qt-mt323.dll
 0001:00011fe6       ?detachInternal@?$QValueList@VQString@@@@AAEXXZ 00412fe6 f   qt-mt323:qt-mt323.dll
 0001:00011fec       ?split@QStringList@@SA?AV1@ABVQString@@0_N@Z 00412fec f   qt-mt323:qt-mt323.dll
 0001:00011ff2       ?error@QSocketDevice@@QBE?AW4Error@1@XZ 00412ff2 f   qt-mt323:qt-mt323.dll
 0001:00011ff8       ?isValid@QSocketDevice@@QBE_NXZ 00412ff8 f   qt-mt323:qt-mt323.dll
 0001:00011ffe       ?qWarning@@YAXPBDZZ        00412ffe f   qt-mt323:qt-mt323.dll
 0001:00012004       ?reject@QDialog@@MAEXXZ    00413004 f   qt-mt323:qt-mt323.dll
 0001:0001200a       ?accept@QDialog@@MAEXXZ    0041300a f   qt-mt323:qt-mt323.dll
 0001:00012010       ?done@QDialog@@MAEXH@Z     00413010 f   qt-mt323:qt-mt323.dll
 0001:00012016       ?contextMenuEvent@QDialog@@MAEXPAVQContextMenuEvent@@@Z 00413016 f   qt-mt323:qt-mt323.dll
 0001:0001201c       ?closeEvent@QDialog@@MAEXPAVQCloseEvent@@@Z 0041301c f   qt-mt323:qt-mt323.dll
 0001:00012022       ?resizeEvent@QDialog@@MAEXPAVQResizeEvent@@@Z 00413022 f   qt-mt323:qt-mt323.dll
 0001:00012028       ?keyPressEvent@QDialog@@MAEXPAVQKeyEvent@@@Z 00413028 f   qt-mt323:qt-mt323.dll
 0001:0001202e       ?minimumSizeHint@QDialog@@UBE?AVQSize@@XZ 0041302e f   qt-mt323:qt-mt323.dll
 0001:00012034       ?sizeHint@QDialog@@UBE?AVQSize@@XZ 00413034 f   qt-mt323:qt-mt323.dll
 0001:0001203a       ?setGeometry@QDialog@@UAEXHHHH@Z 0041303a f   qt-mt323:qt-mt323.dll
 0001:00012040       ?setGeometry@QDialog@@UAEXABVQRect@@@Z 00413040 f   qt-mt323:qt-mt323.dll
 0001:00012046       ?resize@QDialog@@UAEXHH@Z  00413046 f   qt-mt323:qt-mt323.dll
 0001:0001204c       ?move@QDialog@@UAEXHH@Z    0041304c f   qt-mt323:qt-mt323.dll
 0001:00012052       ?hide@QDialog@@UAEXXZ      00413052 f   qt-mt323:qt-mt323.dll
 0001:00012058       ?show@QDialog@@UAEXXZ      00413058 f   qt-mt323:qt-mt323.dll
 0001:0001205e       ?eventFilter@QDialog@@MAE_NPAVQObject@@PAVQEvent@@@Z 0041305e f   qt-mt323:qt-mt323.dll
 0001:00012064       ?drawButtonLabel@QCheckBox@@MAEXPAVQPainter@@@Z 00413064 f   qt-mt323:qt-mt323.dll
 0001:0001206a       ?drawButton@QCheckBox@@MAEXPAVQPainter@@@Z 0041306a f   qt-mt323:qt-mt323.dll
 0001:00012070       ?hitButton@QCheckBox@@MBE_NABVQPoint@@@Z 00413070 f   qt-mt323:qt-mt323.dll
 0001:00012076       ?updateMask@QCheckBox@@MAEXXZ 00413076 f   qt-mt323:qt-mt323.dll
 0001:0001207c       ?resizeEvent@QCheckBox@@MAEXPAVQResizeEvent@@@Z 0041307c f   qt-mt323:qt-mt323.dll
 0001:00012082       ?focusOutEvent@QButton@@MAEXPAVQFocusEvent@@@Z 00413082 f   qt-mt323:qt-mt323.dll
 0001:00012088       ?focusInEvent@QButton@@MAEXPAVQFocusEvent@@@Z 00413088 f   qt-mt323:qt-mt323.dll
 0001:0001208e       ?sizeHint@QCheckBox@@UBE?AVQSize@@XZ 0041308e f   qt-mt323:qt-mt323.dll
 0001:00012094       ?qt_property@QCheckBox@@UAE_NHHPAVQVariant@@@Z 00413094 f   qt-mt323:qt-mt323.dll
 0001:0001209a       ?qt_emit@QCheckBox@@UAE_NHPAUQUObject@@@Z 0041309a f   qt-mt323:qt-mt323.dll
 0001:000120a0       ?qt_invoke@QCheckBox@@UAE_NHPAUQUObject@@@Z 004130a0 f   qt-mt323:qt-mt323.dll
 0001:000120a6       ?qt_cast@QCheckBox@@UAEPAXPBD@Z 004130a6 f   qt-mt323:qt-mt323.dll
 0001:000120ac       ?className@QCheckBox@@UBEPBDXZ 004130ac f   qt-mt323:qt-mt323.dll
 0001:000120b2       ?metaObject@QCheckBox@@UBEPAVQMetaObject@@XZ 004130b2 f   qt-mt323:qt-mt323.dll
 0001:000120b8       ?stepChange@QRangeControl@@MAEXXZ 004130b8 f   qt-mt323:qt-mt323.dll
 0001:000120be       ?rangeChange@QSpinBox@@MAEXXZ 004130be f   qt-mt323:qt-mt323.dll
 0001:000120c4       ?valueChange@QSpinBox@@MAEXXZ 004130c4 f   qt-mt323:qt-mt323.dll
 0001:000120ca       ?interpretText@QSpinBox@@MAEXXZ 004130ca f   qt-mt323:qt-mt323.dll
 0001:000120d0       ?updateDisplay@QSpinBox@@MAEXXZ 004130d0 f   qt-mt323:qt-mt323.dll
 0001:000120d6       ?mapTextToValue@QSpinBox@@MAEHPA_N@Z 004130d6 f   qt-mt323:qt-mt323.dll
 0001:000120dc       ?mapValueToText@QSpinBox@@MAE?AVQString@@H@Z 004130dc f   qt-mt323:qt-mt323.dll
 0001:000120e2       ?selectAll@QSpinBox@@UAEXXZ 004130e2 f   qt-mt323:qt-mt323.dll
 0001:000120e8       ?stepDown@QSpinBox@@UAEXXZ 004130e8 f   qt-mt323:qt-mt323.dll
 0001:000120ee       ?stepUp@QSpinBox@@UAEXXZ   004130ee f   qt-mt323:qt-mt323.dll
 0001:000120f4       ?setSuffix@QSpinBox@@UAEXABVQString@@@Z 004130f4 f   qt-mt323:qt-mt323.dll
 0001:000120fa       ?setPrefix@QSpinBox@@UAEXABVQString@@@Z 004130fa f   qt-mt323:qt-mt323.dll
 0001:00012100       ?setValue@QSpinBox@@UAEXH@Z 00413100 f   qt-mt323:qt-mt323.dll
 0001:00012106       ?setValidator@QSpinBox@@UAEXPBVQValidator@@@Z 00413106 f   qt-mt323:qt-mt323.dll
 0001:0001210c       ?setButtonSymbols@QSpinBox@@UAEXW4ButtonSymbols@1@@Z 0041310c f   qt-mt323:qt-mt323.dll
 0001:00012112       ?setWrapping@QSpinBox@@UAEX_N@Z 00413112 f   qt-mt323:qt-mt323.dll
 0001:00012118       ?setSpecialValueText@QSpinBox@@UAEXABVQString@@@Z 00413118 f   qt-mt323:qt-mt323.dll
 0001:0001211e       ?cleanText@QSpinBox@@UBE?AVQString@@XZ 0041311e f   qt-mt323:qt-mt323.dll
 0001:00012124       ?suffix@QSpinBox@@UBE?AVQString@@XZ 00413124 f   qt-mt323:qt-mt323.dll
 0001:0001212a       ?prefix@QSpinBox@@UBE?AVQString@@XZ 0041312a f   qt-mt323:qt-mt323.dll
 0001:00012130       ?styleChange@QSpinBox@@MAEXAAVQStyle@@@Z 00413130 f   qt-mt323:qt-mt323.dll
 0001:00012136       ?resizeEvent@QSpinBox@@MAEXPAVQResizeEvent@@@Z 00413136 f   qt-mt323:qt-mt323.dll
 0001:0001213c       ?paintEvent@QWidget@@MAEXPAVQPaintEvent@@@Z 0041313c f   qt-mt323:qt-mt323.dll
 0001:00012142       ?leaveEvent@QSpinBox@@MAEXPAVQEvent@@@Z 00413142 f   qt-mt323:qt-mt323.dll
 0001:00012148       ?wheelEvent@QSpinBox@@MAEXPAVQWheelEvent@@@Z 00413148 f   qt-mt323:qt-mt323.dll
 0001:0001214e       ?minimumSizeHint@QSpinBox@@UBE?AVQSize@@XZ 0041314e f   qt-mt323:qt-mt323.dll
 0001:00012154       ?sizeHint@QSpinBox@@UBE?AVQSize@@XZ 00413154 f   qt-mt323:qt-mt323.dll
 0001:0001215a       ?setEnabled@QSpinBox@@UAEX_N@Z 0041315a f   qt-mt323:qt-mt323.dll
 0001:00012160       ?eventFilter@QSpinBox@@MAE_NPAVQObject@@PAVQEvent@@@Z 00413160 f   qt-mt323:qt-mt323.dll
 0001:00012166       ?qt_property@QSpinBox@@UAE_NHHPAVQVariant@@@Z 00413166 f   qt-mt323:qt-mt323.dll
 0001:0001216c       ?qt_emit@QSpinBox@@UAE_NHPAUQUObject@@@Z 0041316c f   qt-mt323:qt-mt323.dll
 0001:00012172       ?qt_invoke@QSpinBox@@UAE_NHPAUQUObject@@@Z 00413172 f   qt-mt323:qt-mt323.dll
 0001:00012178       ?qt_cast@QSpinBox@@UAEPAXPBD@Z 00413178 f   qt-mt323:qt-mt323.dll
 0001:0001217e       ?className@QSpinBox@@UBEPBDXZ 0041317e f   qt-mt323:qt-mt323.dll
 0001:00012184       ?metaObject@QSpinBox@@UBEPAVQMetaObject@@XZ 00413184 f   qt-mt323:qt-mt323.dll
 0001:0001218a       ?setNum@QLabel@@UAEXH@Z    0041318a f   qt-mt323:qt-mt323.dll
 0001:00012190       ?setNum@QLabel@@UAEXN@Z    00413190 f   qt-mt323:qt-mt323.dll
 0001:00012196       ?setMovie@QLabel@@UAEXABVQMovie@@@Z 00413196 f   qt-mt323:qt-mt323.dll
 0001:0001219c       ?setPicture@QLabel@@UAEXABVQPicture@@@Z 0041319c f   qt-mt323:qt-mt323.dll
 0001:000121a2       ?setPixmap@QLabel@@UAEXABVQPixmap@@@Z 004131a2 f   qt-mt323:qt-mt323.dll
 0001:000121a8       ?setText@QLabel@@UAEXABVQString@@@Z 004131a8 f   qt-mt323:qt-mt323.dll
 0001:000121ae       ?setBuddy@QLabel@@UAEXPAVQWidget@@@Z 004131ae f   qt-mt323:qt-mt323.dll
 0001:000121b4       ?setAutoResize@QLabel@@UAEX_N@Z 004131b4 f   qt-mt323:qt-mt323.dll
 0001:000121ba       ?setAlignment@QLabel@@UAEXH@Z 004131ba f   qt-mt323:qt-mt323.dll
 0001:000121c0       ?frameChanged@QFrame@@MAEXXZ 004131c0 f   qt-mt323:qt-mt323.dll
 0001:000121c6       ?drawContents@QLabel@@MAEXPAVQPainter@@@Z 004131c6 f   qt-mt323:qt-mt323.dll
 0001:000121cc       ?drawFrame@QFrame@@MAEXPAVQPainter@@@Z 004131cc f   qt-mt323:qt-mt323.dll
 0001:000121d2       ?setFrameRect@QFrame@@UAEXABVQRect@@@Z 004131d2 f   qt-mt323:qt-mt323.dll
 0001:000121d8       ?setMidLineWidth@QFrame@@UAEXH@Z 004131d8 f   qt-mt323:qt-mt323.dll
 0001:000121de       ?setMargin@QFrame@@UAEXH@Z 004131de f   qt-mt323:qt-mt323.dll
 0001:000121e4       ?setLineWidth@QFrame@@UAEXH@Z 004131e4 f   qt-mt323:qt-mt323.dll
 0001:000121ea       ?setFrameStyle@QFrame@@UAEXH@Z 004131ea f   qt-mt323:qt-mt323.dll
 0001:000121f0       ?fontChange@QLabel@@MAEXABVQFont@@@Z 004131f0 f   qt-mt323:qt-mt323.dll
 0001:000121f6       ?enabledChange@QWidget@@MAEX_N@Z 004131f6 f   qt-mt323:qt-mt323.dll
 0001:000121fc       ?styleChange@QFrame@@MAEXAAVQStyle@@@Z 004131fc f   qt-mt323:qt-mt323.dll
 0001:00012202       ?updateMask@QWidget@@MAEXXZ 00413202 f   qt-mt323:qt-mt323.dll
 0001:00012208       ?resizeEvent@QLabel@@MAEXPAVQResizeEvent@@@Z 00413208 f   qt-mt323:qt-mt323.dll
 0001:0001220e       ?paintEvent@QFrame@@MAEXPAVQPaintEvent@@@Z 0041320e f   qt-mt323:qt-mt323.dll
 0001:00012214       ?focusOutEvent@QWidget@@MAEXPAVQFocusEvent@@@Z 00413214 f   qt-mt323:qt-mt323.dll
 0001:0001221a       ?focusInEvent@QWidget@@MAEXPAVQFocusEvent@@@Z 0041321a f   qt-mt323:qt-mt323.dll
 0001:00012220       ?keyReleaseEvent@QWidget@@MAEXPAVQKeyEvent@@@Z 00413220 f   qt-mt323:qt-mt323.dll
 0001:00012226       ?keyPressEvent@QWidget@@MAEXPAVQKeyEvent@@@Z 00413226 f   qt-mt323:qt-mt323.dll
 0001:0001222c       ?mouseMoveEvent@QWidget@@MAEXPAVQMouseEvent@@@Z 0041322c f   qt-mt323:qt-mt323.dll
 0001:00012232       ?mouseReleaseEvent@QWidget@@MAEXPAVQMouseEvent@@@Z 00413232 f   qt-mt323:qt-mt323.dll
 0001:00012238       ?mousePressEvent@QWidget@@MAEXPAVQMouseEvent@@@Z 00413238 f   qt-mt323:qt-mt323.dll
 0001:0001223e       ?heightForWidth@QLabel@@UBEHH@Z 0041323e f   qt-mt323:qt-mt323.dll
 0001:00012244       ?minimumSizeHint@QLabel@@UBE?AVQSize@@XZ 00413244 f   qt-mt323:qt-mt323.dll
 0001:0001224a       ?sizeHint@QLabel@@UBE?AVQSize@@XZ 0041324a f   qt-mt323:qt-mt323.dll
 0001:00012250       ?setGeometry@QWidget@@UAEXHHHH@Z 00413250 f   qt-mt323:qt-mt323.dll
 0001:00012256       ?setGeometry@QWidget@@UAEXABVQRect@@@Z 00413256 f   qt-mt323:qt-mt323.dll
 0001:0001225c       ?resize@QWidget@@UAEXHH@Z  0041325c f   qt-mt323:qt-mt323.dll
 0001:00012262       ?move@QWidget@@UAEXHH@Z    00413262 f   qt-mt323:qt-mt323.dll
 0001:00012268       ?setFont@QLabel@@UAEXABVQFont@@@Z 00413268 f   qt-mt323:qt-mt323.dll
 0001:0001226e       ?qt_property@QLabel@@UAE_NHHPAVQVariant@@@Z 0041326e f   qt-mt323:qt-mt323.dll
 0001:00012274       ?qt_emit@QLabel@@UAE_NHPAUQUObject@@@Z 00413274 f   qt-mt323:qt-mt323.dll
 0001:0001227a       ?qt_invoke@QLabel@@UAE_NHPAUQUObject@@@Z 0041327a f   qt-mt323:qt-mt323.dll
 0001:00012280       ?qt_cast@QLabel@@UAEPAXPBD@Z 00413280 f   qt-mt323:qt-mt323.dll
 0001:00012286       ?className@QLabel@@UBEPBDXZ 00413286 f   qt-mt323:qt-mt323.dll
 0001:0001228c       ?metaObject@QLabel@@UBEPAVQMetaObject@@XZ 0041328c f   qt-mt323:qt-mt323.dll
 0001:00012292       ?qt_property@QHBoxLayout@@UAE_NHHPAVQVariant@@@Z 00413292 f   qt-mt323:qt-mt323.dll
 0001:00012298       ?qt_emit@QHBoxLayout@@UAE_NHPAUQUObject@@@Z 00413298 f   qt-mt323:qt-mt323.dll
 0001:0001229e       ?qt_invoke@QHBoxLayout@@UAE_NHPAUQUObject@@@Z 0041329e f   qt-mt323:qt-mt323.dll
 0001:000122a4       ?qt_cast@QHBoxLayout@@UAEPAXPBD@Z 004132a4 f   qt-mt323:qt-mt323.dll
 0001:000122aa       ?className@QHBoxLayout@@UBEPBDXZ 004132aa f   qt-mt323:qt-mt323.dll
 0001:000122b0       ?metaObject@QHBoxLayout@@UBEPAVQMetaObject@@XZ 004132b0 f   qt-mt323:qt-mt323.dll
 0001:000122b6       ?spacerItem@QLayoutItem@@UAEPAVQSpacerItem@@XZ 004132b6 f   qt-mt323:qt-mt323.dll
 0001:000122bc       ?layout@QLayout@@UAEPAV1@XZ 004132bc f   qt-mt323:qt-mt323.dll
 0001:000122c2       ?iterator@QBoxLayout@@UAE?AVQLayoutIterator@@XZ 004132c2 f   qt-mt323:qt-mt323.dll
 0001:000122c8       ?invalidate@QBoxLayout@@UAEXXZ 004132c8 f   qt-mt323:qt-mt323.dll
 0001:000122ce       ?heightForWidth@QBoxLayout@@UBEHH@Z 004132ce f   qt-mt323:qt-mt323.dll
 0001:000122d4       ?hasHeightForWidth@QBoxLayout@@UBE_NXZ 004132d4 f   qt-mt323:qt-mt323.dll
 0001:000122da       ?isEmpty@QLayout@@UBE_NXZ  004132da f   qt-mt323:qt-mt323.dll
 0001:000122e0       ?geometry@QLayout@@UBE?AVQRect@@XZ 004132e0 f   qt-mt323:qt-mt323.dll
 0001:000122e6       ?setGeometry@QBoxLayout@@UAEXABVQRect@@@Z 004132e6 f   qt-mt323:qt-mt323.dll
 0001:000122ec       ?expanding@QBoxLayout@@UBE?AW4ExpandData@QSizePolicy@@XZ 004132ec f   qt-mt323:qt-mt323.dll
 0001:000122f2       ?maximumSize@QBoxLayout@@UBE?AVQSize@@XZ 004132f2 f   qt-mt323:qt-mt323.dll
 0001:000122f8       ?minimumSize@QBoxLayout@@UBE?AVQSize@@XZ 004132f8 f   qt-mt323:qt-mt323.dll
 0001:000122fe       ?sizeHint@QBoxLayout@@UBE?AVQSize@@XZ 004132fe f   qt-mt323:qt-mt323.dll
 0001:00012304       ?addItem@QBoxLayout@@UAEXPAVQLayoutItem@@@Z 00413304 f   qt-mt323:qt-mt323.dll
 0001:0001230a       ?setAutoAdd@QLayout@@UAEX_N@Z 0041330a f   qt-mt323:qt-mt323.dll
 0001:00012310       ?setMenuBar@QLayout@@UAEXPAVQMenuBar@@@Z 00413310 f   qt-mt323:qt-mt323.dll
 0001:00012316       ?setSpacing@QLayout@@UAEXH@Z 00413316 f   qt-mt323:qt-mt323.dll
 0001:0001231c       ?setMargin@QLayout@@UAEXH@Z 0041331c f   qt-mt323:qt-mt323.dll
 0001:00012322       ?childEvent@QLayout@@MAEXPAVQChildEvent@@@Z 00413322 f   qt-mt323:qt-mt323.dll
 0001:00012328       ?eventFilter@QLayout@@MAE_NPAVQObject@@PAVQEvent@@@Z 00413328 f   qt-mt323:qt-mt323.dll
 0001:0001232e       ?qt_property@QVBoxLayout@@UAE_NHHPAVQVariant@@@Z 0041332e f   qt-mt323:qt-mt323.dll
 0001:00012334       ?qt_emit@QVBoxLayout@@UAE_NHPAUQUObject@@@Z 00413334 f   qt-mt323:qt-mt323.dll
 0001:0001233a       ?qt_invoke@QVBoxLayout@@UAE_NHPAUQUObject@@@Z 0041333a f   qt-mt323:qt-mt323.dll
 0001:00012340       ?qt_cast@QVBoxLayout@@UAEPAXPBD@Z 00413340 f   qt-mt323:qt-mt323.dll
 0001:00012346       ?className@QVBoxLayout@@UBEPBDXZ 00413346 f   qt-mt323:qt-mt323.dll
 0001:0001234c       ?metaObject@QVBoxLayout@@UBEPAVQMetaObject@@XZ 0041334c f   qt-mt323:qt-mt323.dll
 0001:00012352       ?setAlignment@QLayoutItem@@UAEXH@Z 00413352 f   qt-mt323:qt-mt323.dll
 0001:00012358       ?spacerItem@QSpacerItem@@UAEPAV1@XZ 00413358 f   qt-mt323:qt-mt323.dll
 0001:0001235e       ?layout@QLayoutItem@@UAEPAVQLayout@@XZ 0041335e f   qt-mt323:qt-mt323.dll
 0001:00012364       ?iterator@QLayoutItem@@UAE?AVQLayoutIterator@@XZ 00413364 f   qt-mt323:qt-mt323.dll
 0001:0001236a       ?widget@QLayoutItem@@UAEPAVQWidget@@XZ 0041336a f   qt-mt323:qt-mt323.dll
 0001:00012370       ?invalidate@QLayoutItem@@UAEXXZ 00413370 f   qt-mt323:qt-mt323.dll
 0001:00012376       ?heightForWidth@QLayoutItem@@UBEHH@Z 00413376 f   qt-mt323:qt-mt323.dll
 0001:0001237c       ?hasHeightForWidth@QLayoutItem@@UBE_NXZ 0041337c f   qt-mt323:qt-mt323.dll
 0001:00012382       ?isEmpty@QSpacerItem@@UBE_NXZ 00413382 f   qt-mt323:qt-mt323.dll
 0001:00012388       ?geometry@QSpacerItem@@UBE?AVQRect@@XZ 00413388 f   qt-mt323:qt-mt323.dll
 0001:0001238e       ?setGeometry@QSpacerItem@@UAEXABVQRect@@@Z 0041338e f   qt-mt323:qt-mt323.dll
 0001:00012394       ?expanding@QSpacerItem@@UBE?AW4ExpandData@QSizePolicy@@XZ 00413394 f   qt-mt323:qt-mt323.dll
 0001:0001239a       ?maximumSize@QSpacerItem@@UBE?AVQSize@@XZ 0041339a f   qt-mt323:qt-mt323.dll
 0001:000123a0       ?minimumSize@QSpacerItem@@UBE?AVQSize@@XZ 004133a0 f   qt-mt323:qt-mt323.dll
 0001:000123a6       ?sizeHint@QSpacerItem@@UBE?AVQSize@@XZ 004133a6 f   qt-mt323:qt-mt323.dll
 0001:000123ac       ?fontInf@QPaintDevice@@MBEHPAVQFont@@H@Z 004133ac f   qt-mt323:qt-mt323.dll
 0001:000123b2       ?fontMet@QPaintDevice@@MBEHPAVQFont@@HPBDH@Z 004133b2 f   qt-mt323:qt-mt323.dll
 0001:000123b8       ?metric@QWidget@@MBEHH@Z   004133b8 f   qt-mt323:qt-mt323.dll
 0001:000123be       ?cmd@QPaintDevice@@MAE_NHPAVQPainter@@PATQPDevCmdParam@@@Z 004133be f   qt-mt323:qt-mt323.dll
 0001:000123c4       ?handle@QPaintDevice@@UBEPAUHDC__@@XZ 004133c4 f   qt-mt323:qt-mt323.dll
 0001:000123ca       ?resolution@QPaintDevice@@UBEHXZ 004133ca f   qt-mt323:qt-mt323.dll
 0001:000123d0       ?setResolution@QPaintDevice@@UAEXH@Z 004133d0 f   qt-mt323:qt-mt323.dll
 0001:000123d6       ?setOn@QPushButton@@UAEX_N@Z 004133d6 f   qt-mt323:qt-mt323.dll
 0001:000123dc       ?setIsMenuButton@QPushButton@@UAEX_N@Z 004133dc f   qt-mt323:qt-mt323.dll
 0001:000123e2       ?setDefault@QPushButton@@UAEX_N@Z 004133e2 f   qt-mt323:qt-mt323.dll
 0001:000123e8       ?setAutoDefault@QPushButton@@UAEX_N@Z 004133e8 f   qt-mt323:qt-mt323.dll
 0001:000123ee       ?setGroup@QButton@@EAEXPAVQButtonGroup@@@Z 004133ee f   qt-mt323:qt-mt323.dll
 0001:000123f4       ?drawButtonLabel@QPushButton@@MAEXPAVQPainter@@@Z 004133f4 f   qt-mt323:qt-mt323.dll
 0001:000123fa       ?drawButton@QPushButton@@MAEXPAVQPainter@@@Z 004133fa f   qt-mt323:qt-mt323.dll
 0001:00012400       ?hitButton@QButton@@MBE_NABVQPoint@@@Z 00413400 f   qt-mt323:qt-mt323.dll
 0001:00012406       ?setState@QButton@@MAEXW4ToggleState@1@@Z 00413406 f   qt-mt323:qt-mt323.dll
 0001:0001240c       ?setToggleType@QButton@@MAEXW4ToggleType@1@@Z 0041340c f   qt-mt323:qt-mt323.dll
 0001:00012412       ?setAutoRepeat@QButton@@UAEX_N@Z 00413412 f   qt-mt323:qt-mt323.dll
 0001:00012418       ?setDown@QButton@@UAEX_N@Z 00413418 f   qt-mt323:qt-mt323.dll
 0001:0001241e       ?setAccel@QButton@@UAEXABVQKeySequence@@@Z 0041341e f   qt-mt323:qt-mt323.dll
 0001:00012424       ?setPixmap@QButton@@UAEXABVQPixmap@@@Z 00413424 f   qt-mt323:qt-mt323.dll
 0001:0001242a       ?setText@QButton@@UAEXABVQString@@@Z 0041342a f   qt-mt323:qt-mt323.dll
 0001:00012430       ?setMicroFocusHint@QWidget@@MAEXHHHH_NPAVQFont@@@Z 00413430 f   qt-mt323:qt-mt323.dll
 0001:00012436       ?setKeyCompression@QWidget@@MAEX_N@Z 00413436 f   qt-mt323:qt-mt323.dll
 0001:0001243c       ?focusNextPrevChild@QWidget@@MAE_N_N@Z 0041343c f   qt-mt323:qt-mt323.dll
 0001:00012442       ?setWFlags@QWidget@@MAEXI@Z 00413442 f   qt-mt323:qt-mt323.dll
 0001:00012448       ?setWState@QWidget@@MAEXI@Z 00413448 f   qt-mt323:qt-mt323.dll
 0001:0001244e       ?destroy@QWidget@@MAEX_N0@Z 0041344e f   qt-mt323:qt-mt323.dll
 0001:00012454       ?create@QWidget@@MAEXPAUHWND__@@_N1@Z 00413454 f   qt-mt323:qt-mt323.dll
 0001:0001245a       ?windowActivationChange@QWidget@@MAEX_N@Z 0041345a f   qt-mt323:qt-mt323.dll
 0001:00012460       ?fontChange@QWidget@@MAEXABVQFont@@@Z 00413460 f   qt-mt323:qt-mt323.dll
 0001:00012466       ?paletteChange@QWidget@@MAEXABVQPalette@@@Z 00413466 f   qt-mt323:qt-mt323.dll
 0001:0001246c       ?enabledChange@QButton@@MAEX_N@Z 0041346c f   qt-mt323:qt-mt323.dll
 0001:00012472       ?styleChange@QWidget@@MAEXAAVQStyle@@@Z 00413472 f   qt-mt323:qt-mt323.dll
 0001:00012478       ?updateMask@QPushButton@@MAEXXZ 00413478 f   qt-mt323:qt-mt323.dll
 0001:0001247e       ?winEvent@QWidget@@MAE_NPAUtagMSG@@@Z 0041347e f   qt-mt323:qt-mt323.dll
 0001:00012484       ?hideEvent@QWidget@@MAEXPAVQHideEvent@@@Z 00413484 f   qt-mt323:qt-mt323.dll
 0001:0001248a       ?showEvent@QWidget@@MAEXPAVQShowEvent@@@Z 0041348a f   qt-mt323:qt-mt323.dll
 0001:00012490       ?dropEvent@QWidget@@MAEXPAVQDropEvent@@@Z 00413490 f   qt-mt323:qt-mt323.dll
 0001:00012496       ?dragLeaveEvent@QWidget@@MAEXPAVQDragLeaveEvent@@@Z 00413496 f   qt-mt323:qt-mt323.dll
 0001:0001249c       ?dragMoveEvent@QWidget@@MAEXPAVQDragMoveEvent@@@Z 0041349c f   qt-mt323:qt-mt323.dll
 0001:000124a2       ?dragEnterEvent@QWidget@@MAEXPAVQDragEnterEvent@@@Z 004134a2 f   qt-mt323:qt-mt323.dll
 0001:000124a8       ?tabletEvent@QWidget@@MAEXPAVQTabletEvent@@@Z 004134a8 f   qt-mt323:qt-mt323.dll
 0001:000124ae       ?imEndEvent@QWidget@@MAEXPAVQIMEvent@@@Z 004134ae f   qt-mt323:qt-mt323.dll
 0001:000124b4       ?imComposeEvent@QWidget@@MAEXPAVQIMEvent@@@Z 004134b4 f   qt-mt323:qt-mt323.dll
 0001:000124ba       ?imStartEvent@QWidget@@MAEXPAVQIMEvent@@@Z 004134ba f   qt-mt323:qt-mt323.dll
 0001:000124c0       ?contextMenuEvent@QWidget@@MAEXPAVQContextMenuEvent@@@Z 004134c0 f   qt-mt323:qt-mt323.dll
 0001:000124c6       ?closeEvent@QWidget@@MAEXPAVQCloseEvent@@@Z 004134c6 f   qt-mt323:qt-mt323.dll
 0001:000124cc       ?resizeEvent@QPushButton@@MAEXPAVQResizeEvent@@@Z 004134cc f   qt-mt323:qt-mt323.dll
 0001:000124d2       ?moveEvent@QWidget@@MAEXPAVQMoveEvent@@@Z 004134d2 f   qt-mt323:qt-mt323.dll
 0001:000124d8       ?paintEvent@QButton@@MAEXPAVQPaintEvent@@@Z 004134d8 f   qt-mt323:qt-mt323.dll
 0001:000124de       ?leaveEvent@QWidget@@MAEXPAVQEvent@@@Z 004134de f   qt-mt323:qt-mt323.dll
 0001:000124e4       ?enterEvent@QWidget@@MAEXPAVQEvent@@@Z 004134e4 f   qt-mt323:qt-mt323.dll
 0001:000124ea       ?focusOutEvent@QPushButton@@MAEXPAVQFocusEvent@@@Z 004134ea f   qt-mt323:qt-mt323.dll
 0001:000124f0       ?focusInEvent@QPushButton@@MAEXPAVQFocusEvent@@@Z 004134f0 f   qt-mt323:qt-mt323.dll
 0001:000124f6       ?keyReleaseEvent@QButton@@MAEXPAVQKeyEvent@@@Z 004134f6 f   qt-mt323:qt-mt323.dll
 0001:000124fc       ?keyPressEvent@QButton@@MAEXPAVQKeyEvent@@@Z 004134fc f   qt-mt323:qt-mt323.dll
 0001:00012502       ?wheelEvent@QWidget@@MAEXPAVQWheelEvent@@@Z 00413502 f   qt-mt323:qt-mt323.dll
 0001:00012508       ?mouseMoveEvent@QButton@@MAEXPAVQMouseEvent@@@Z 00413508 f   qt-mt323:qt-mt323.dll
 0001:0001250e       ?mouseDoubleClickEvent@QWidget@@MAEXPAVQMouseEvent@@@Z 0041350e f   qt-mt323:qt-mt323.dll
 0001:00012514       ?mouseReleaseEvent@QButton@@MAEXPAVQMouseEvent@@@Z 00413514 f   qt-mt323:qt-mt323.dll
 0001:0001251a       ?mousePressEvent@QButton@@MAEXPAVQMouseEvent@@@Z 0041351a f   qt-mt323:qt-mt323.dll
 0001:00012520       ?customWhatsThis@QWidget@@UBE_NXZ 00413520 f   qt-mt323:qt-mt323.dll
 0001:00012526       ?setBackgroundOrigin@QWidget@@UAEXW4BackgroundOrigin@1@@Z 00413526 f   qt-mt323:qt-mt323.dll
 0001:0001252c       ?setAutoMask@QWidget@@UAEX_N@Z 0041352c f   qt-mt323:qt-mt323.dll
 0001:00012532       ?setAcceptDrops@QWidget@@UAEX_N@Z 00413532 f   qt-mt323:qt-mt323.dll
 0001:00012538       ?reparent@QWidget@@UAEXPAV1@IABVQPoint@@_N@Z 00413538 f   qt-mt323:qt-mt323.dll
 0001:0001253e       ?adjustSize@QWidget@@UAEXXZ 0041353e f   qt-mt323:qt-mt323.dll
 0001:00012544       ?heightForWidth@QWidget@@UBEHH@Z 00413544 f   qt-mt323:qt-mt323.dll
 0001:0001254a       ?setSizePolicy@QWidget@@UAEXVQSizePolicy@@@Z 0041354a f   qt-mt323:qt-mt323.dll
 0001:00012550       ?sizePolicy@QWidget@@UBE?AVQSizePolicy@@XZ 00413550 f   qt-mt323:qt-mt323.dll
 0001:00012556       ?minimumSizeHint@QWidget@@UBE?AVQSize@@XZ 00413556 f   qt-mt323:qt-mt323.dll
 0001:0001255c       ?sizeHint@QPushButton@@UBE?AVQSize@@XZ 0041355c f   qt-mt323:qt-mt323.dll
 0001:00012562       ?setGeometry@QPushButton@@UAEXHHHH@Z 00413562 f   qt-mt323:qt-mt323.dll
 0001:00012568       ?setGeometry@QPushButton@@UAEXABVQRect@@@Z 00413568 f   qt-mt323:qt-mt323.dll
 0001:0001256e       ?resize@QPushButton@@UAEXHH@Z 0041356e f   qt-mt323:qt-mt323.dll
 0001:00012574       ?move@QPushButton@@UAEXHH@Z 00413574 f   qt-mt323:qt-mt323.dll
 0001:0001257a       ?close@QWidget@@UAE_N_N@Z  0041357a f   qt-mt323:qt-mt323.dll
 0001:00012580       ?polish@QWidget@@UAEXXZ    00413580 f   qt-mt323:qt-mt323.dll
 0001:00012586       ?showNormal@QWidget@@UAEXXZ 00413586 f   qt-mt323:qt-mt323.dll
 0001:0001258c       ?showMaximized@QWidget@@UAEXXZ 0041358c f   qt-mt323:qt-mt323.dll
 0001:00012592       ?showMinimized@QWidget@@UAEXXZ 00413592 f   qt-mt323:qt-mt323.dll
 0001:00012598       ?hide@QWidget@@UAEXXZ      00413598 f   qt-mt323:qt-mt323.dll
 0001:0001259e       ?show@QWidget@@UAEXXZ      0041359e f   qt-mt323:qt-mt323.dll
 0001:000125a4       ?setUpdatesEnabled@QWidget@@UAEX_N@Z 004135a4 f   qt-mt323:qt-mt323.dll
 0001:000125aa       ?setFocusProxy@QWidget@@UAEXPAV1@@Z 004135aa f   qt-mt323:qt-mt323.dll
 0001:000125b0       ?setFocusPolicy@QWidget@@UAEXW4FocusPolicy@1@@Z 004135b0 f   qt-mt323:qt-mt323.dll
 0001:000125b6       ?setActiveWindow@QWidget@@UAEXXZ 004135b6 f   qt-mt323:qt-mt323.dll
 0001:000125bc       ?setFocus@QWidget@@UAEXXZ  004135bc f   qt-mt323:qt-mt323.dll
 0001:000125c2       ?setMouseTracking@QWidget@@UAEX_N@Z 004135c2 f   qt-mt323:qt-mt323.dll
 0001:000125c8       ?setIconText@QWidget@@UAEXABVQString@@@Z 004135c8 f   qt-mt323:qt-mt323.dll
 0001:000125ce       ?setIcon@QWidget@@UAEXABVQPixmap@@@Z 004135ce f   qt-mt323:qt-mt323.dll
 0001:000125d4       ?setCaption@QWidget@@UAEXABVQString@@@Z 004135d4 f   qt-mt323:qt-mt323.dll
 0001:000125da       ?setBackgroundPixmap@QWidget@@UAEXABVQPixmap@@@Z 004135da f   qt-mt323:qt-mt323.dll
 0001:000125e0       ?setBackgroundColor@QWidget@@UAEXABVQColor@@@Z 004135e0 f   qt-mt323:qt-mt323.dll
 0001:000125e6       ?setMask@QWidget@@UAEXABVQBitmap@@@Z 004135e6 f   qt-mt323:qt-mt323.dll
 0001:000125ec       ?setMask@QWidget@@UAEXABVQRegion@@@Z 004135ec f   qt-mt323:qt-mt323.dll
 0001:000125f2       ?unsetCursor@QWidget@@UAEXXZ 004135f2 f   qt-mt323:qt-mt323.dll
 0001:000125f8       ?setCursor@QWidget@@UAEXABVQCursor@@@Z 004135f8 f   qt-mt323:qt-mt323.dll
 0001:000125fe       ?setFont@QWidget@@UAEXABVQFont@@@Z 004135fe f   qt-mt323:qt-mt323.dll
 0001:00012604       ?setPaletteBackgroundPixmap@QWidget@@UAEXABVQPixmap@@@Z 00413604 f   qt-mt323:qt-mt323.dll
 0001:0001260a       ?setPaletteBackgroundColor@QWidget@@UAEXABVQColor@@@Z 0041360a f   qt-mt323:qt-mt323.dll
 0001:00012610       ?setPalette@QWidget@@UAEXABVQPalette@@@Z 00413610 f   qt-mt323:qt-mt323.dll
 0001:00012616       ?setErasePixmap@QWidget@@UAEXABVQPixmap@@@Z 00413616 f   qt-mt323:qt-mt323.dll
 0001:0001261c       ?setEraseColor@QWidget@@UAEXABVQColor@@@Z 0041361c f   qt-mt323:qt-mt323.dll
 0001:00012622       ?setBackgroundMode@QWidget@@UAEXW4BackgroundMode@Qt@@@Z 00413622 f   qt-mt323:qt-mt323.dll
 0001:00012628       ?setSizeIncrement@QWidget@@UAEXHH@Z 00413628 f   qt-mt323:qt-mt323.dll
 0001:0001262e       ?setMaximumSize@QWidget@@UAEXHH@Z 0041362e f   qt-mt323:qt-mt323.dll
 0001:00012634       ?setMinimumSize@QWidget@@UAEXHH@Z 00413634 f   qt-mt323:qt-mt323.dll
 0001:0001263a       ?setEnabled@QWidget@@UAEX_N@Z 0041363a f   qt-mt323:qt-mt323.dll
 0001:00012640       ?setName@QWidget@@UAEXPBD@Z 00413640 f   qt-mt323:qt-mt323.dll
 0001:00012646       ?event@QWidget@@MAE_NPAVQEvent@@@Z 00413646 f   qt-mt323:qt-mt323.dll
 0001:0001264c       ?qt_property@QPushButton@@UAE_NHHPAVQVariant@@@Z 0041364c f   qt-mt323:qt-mt323.dll
 0001:00012652       ?qt_emit@QPushButton@@UAE_NHPAUQUObject@@@Z 00413652 f   qt-mt323:qt-mt323.dll
 0001:00012658       ?qt_invoke@QPushButton@@UAE_NHPAUQUObject@@@Z 00413658 f   qt-mt323:qt-mt323.dll
 0001:0001265e       ?qt_cast@QPushButton@@UAEPAXPBD@Z 0041365e f   qt-mt323:qt-mt323.dll
 0001:00012664       ?className@QPushButton@@UBEPBDXZ 00413664 f   qt-mt323:qt-mt323.dll
 0001:0001266a       ?metaObject@QPushButton@@UBEPAVQMetaObject@@XZ 0041366a f   qt-mt323:qt-mt323.dll
 0001:00012670       ??1QDialog@@UAE@XZ         00413670 f   qt-mt323:qt-mt323.dll
 0001:00012676       ?resize@QDialog@@QAEXABVQSize@@@Z 00413676 f   qt-mt323:qt-mt323.dll
 0001:0001267c       ??0QPushButton@@QAE@PAVQWidget@@PBD@Z 0041367c f   qt-mt323:qt-mt323.dll
 0001:00012682       ??0QCheckBox@@QAE@PAVQWidget@@PBD@Z 00413682 f   qt-mt323:qt-mt323.dll
 0001:00012688       ?addLayout@QBoxLayout@@QAEXPAVQLayout@@H@Z 00413688 f   qt-mt323:qt-mt323.dll
 0001:0001268e       ?setMinValue@QSpinBox@@QAEXH@Z 0041368e f   qt-mt323:qt-mt323.dll
 0001:00012694       ?setMaxValue@QSpinBox@@QAEXH@Z 00413694 f   qt-mt323:qt-mt323.dll
 0001:0001269a       ??0QSpinBox@@QAE@PAVQWidget@@PBD@Z 0041369a f   qt-mt323:qt-mt323.dll
 0001:000126a0       ?addWidget@QBoxLayout@@QAEXPAVQWidget@@HH@Z 004136a0 f   qt-mt323:qt-mt323.dll
 0001:000126a6       ??0QLabel@@QAE@PAVQWidget@@PBDI@Z 004136a6 f   qt-mt323:qt-mt323.dll
 0001:000126ac       ??0QHBoxLayout@@QAE@PAVQWidget@@HHPBD@Z 004136ac f   qt-mt323:qt-mt323.dll
 0001:000126b2       ?setResizeMode@QLayout@@QAEXW4ResizeMode@1@@Z 004136b2 f   qt-mt323:qt-mt323.dll
 0001:000126b8       ??0QVBoxLayout@@QAE@PAVQWidget@@HHPBD@Z 004136b8 f   qt-mt323:qt-mt323.dll
 0001:000126be       ?setModal@QDialog@@QAEX_N@Z 004136be f   qt-mt323:qt-mt323.dll
 0001:000126c4       ?setSizeGripEnabled@QDialog@@QAEX_N@Z 004136c4 f   qt-mt323:qt-mt323.dll
 0001:000126ca       ??0QDialog@@QAE@PAVQWidget@@PBD_NI@Z 004136ca f   qt-mt323:qt-mt323.dll
 0001:000126d0       ??1QSpacerItem@@UAE@XZ     004136d0 f   qt-mt323:qt-mt323.dll
 0001:000126d6       ??1QVBoxLayout@@UAE@XZ     004136d6 f   qt-mt323:qt-mt323.dll
 0001:000126dc       ??1QHBoxLayout@@UAE@XZ     004136dc f   qt-mt323:qt-mt323.dll
 0001:000126e2       ??1QLabel@@UAE@XZ          004136e2 f   qt-mt323:qt-mt323.dll
 0001:000126e8       ??1QSpinBox@@UAE@XZ        004136e8 f   qt-mt323:qt-mt323.dll
 0001:000126ee       ??1QCheckBox@@UAE@XZ       004136ee f   qt-mt323:qt-mt323.dll
 0001:000126f4       ??1QPushButton@@UAE@XZ     004136f4 f   qt-mt323:qt-mt323.dll
 0001:000126fa       ??1QKeySequence@@QAE@XZ    004136fa f   qt-mt323:qt-mt323.dll
 0001:00012700       ??0QKeySequence@@QAE@ABVQString@@@Z 00413700 f   qt-mt323:qt-mt323.dll
 0001:00012706       ?add@QWhatsThis@@SAXPAVQWidget@@ABVQString@@@Z 00413706 f   qt-mt323:qt-mt323.dll
 0001:0001270c       ??4QString@@QAEAAV0@ABV0@@Z 0041370c f   qt-mt323:qt-mt323.dll
 0001:00012712       ?cancelRename@QListViewItem@@MAEXH@Z 00413712 f   qt-mt323:qt-mt323.dll
 0001:00012718       ?okRename@QListViewItem@@MAEXH@Z 00413718 f   qt-mt323:qt-mt323.dll
 0001:0001271e       ?dragLeft@QListViewItem@@MAEXXZ 0041371e f   qt-mt323:qt-mt323.dll
 0001:00012724       ?dragEntered@QListViewItem@@MAEXXZ 00413724 f   qt-mt323:qt-mt323.dll
 0001:0001272a       ?dropped@QListViewItem@@MAEXPAVQDropEvent@@@Z 0041372a f   qt-mt323:qt-mt323.dll
 0001:00012730       ?activate@QListViewItem@@MAEXXZ 00413730 f   qt-mt323:qt-mt323.dll
 0001:00012736       ?setHeight@QListViewItem@@MAEXH@Z 00413736 f   qt-mt323:qt-mt323.dll
 0001:0001273c       ?enforceSortOrder@QListViewItem@@MBEXXZ 0041373c f   qt-mt323:qt-mt323.dll
 0001:00012742       ?setMultiLinesEnabled@QListViewItem@@UAEX_N@Z 00413742 f   qt-mt323:qt-mt323.dll
 0001:00012748       ?setEnabled@QListViewItem@@UAEX_N@Z 00413748 f   qt-mt323:qt-mt323.dll
 0001:0001274e       ?startRename@QListViewItem@@UAEXH@Z 0041374e f   qt-mt323:qt-mt323.dll
 0001:00012754       ?setRenameEnabled@QListViewItem@@UAEXH_N@Z 00413754 f   qt-mt323:qt-mt323.dll
 0001:0001275a       ?acceptDrop@QListViewItem@@UBE_NPBVQMimeSource@@@Z 0041375a f   qt-mt323:qt-mt323.dll
 0001:00012760       ?setDropEnabled@QListViewItem@@UAEX_N@Z 00413760 f   qt-mt323:qt-mt323.dll
 0001:00012766       ?setDragEnabled@QListViewItem@@UAEX_N@Z 00413766 f   qt-mt323:qt-mt323.dll
 0001:0001276c       ?sort@QListViewItem@@UAEXXZ 0041376c f   qt-mt323:qt-mt323.dll
 0001:00012772       ?setExpandable@QListViewItem@@UAEX_N@Z 00413772 f   qt-mt323:qt-mt323.dll
 0001:00012778       ?setSelectable@QListViewItem@@UAEX_N@Z 00413778 f   qt-mt323:qt-mt323.dll
 0001:0001277e       ?paintFocus@QListViewItem@@UAEXPAVQPainter@@ABVQColorGroup@@ABVQRect@@@Z 0041377e f   qt-mt323:qt-mt323.dll
 0001:00012784       ?paintBranches@QListViewItem@@UAEXPAVQPainter@@ABVQColorGroup@@HHH@Z 00413784 f   qt-mt323:qt-mt323.dll
 0001:0001278a       ?setSelected@QListViewItem@@UAEX_N@Z 0041378a f   qt-mt323:qt-mt323.dll
 0001:00012790       ?setup@QListViewItem@@UAEXXZ 00413790 f   qt-mt323:qt-mt323.dll
 0001:00012796       ?setOpen@QListViewItem@@UAEX_N@Z 00413796 f   qt-mt323:qt-mt323.dll
 0001:0001279c       ?sortChildItems@QListViewItem@@UAEXH_N@Z 0041379c f   qt-mt323:qt-mt323.dll
 0001:000127a2       ?key@QListViewItem@@UBE?AVQString@@H_N@Z 004137a2 f   qt-mt323:qt-mt323.dll
 0001:000127a8       ?pixmap@QListViewItem@@UBEPBVQPixmap@@H@Z 004137a8 f   qt-mt323:qt-mt323.dll
 0001:000127ae       ?setPixmap@QListViewItem@@UAEXHABVQPixmap@@@Z 004137ae f   qt-mt323:qt-mt323.dll
 0001:000127b4       ?text@QListViewItem@@UBE?AVQString@@H@Z 004137b4 f   qt-mt323:qt-mt323.dll
 0001:000127ba       ?setText@QListViewItem@@UAEXHABVQString@@@Z 004137ba f   qt-mt323:qt-mt323.dll
 0001:000127c0       ?width@QListViewItem@@UBEHABVQFontMetrics@@PBVQListView@@H@Z 004137c0 f   qt-mt323:qt-mt323.dll
 0001:000127c6       ?invalidateHeight@QListViewItem@@UAEXXZ 004137c6 f   qt-mt323:qt-mt323.dll
 0001:000127cc       ?removeItem@QListViewItem@@UAEXPAV1@@Z 004137cc f   qt-mt323:qt-mt323.dll
 0001:000127d2       ?takeItem@QListViewItem@@UAEXPAV1@@Z 004137d2 f   qt-mt323:qt-mt323.dll
 0001:000127d8       ?insertItem@QListViewItem@@UAEXPAV1@@Z 004137d8 f   qt-mt323:qt-mt323.dll
 0001:000127de       ??1QListViewItem@@UAE@XZ   004137de f   qt-mt323:qt-mt323.dll
 0001:000127e4       ??0QListViewItem@@QAE@PAVQListView@@@Z 004137e4 f   qt-mt323:qt-mt323.dll
 0001:000127ea       ?toString@QDateTime@@QBE?AVQString@@ABV2@@Z 004137ea f   qt-mt323:qt-mt323.dll
 0001:000127f0       ??OQDateTime@@QBE_NABV0@@Z 004137f0 f   qt-mt323:qt-mt323.dll
 0001:000127f6       ??MQDateTime@@QBE_NABV0@@Z 004137f6 f   qt-mt323:qt-mt323.dll
 0001:000127fc       ?fromString@QDateTime@@SA?AV1@ABVQString@@W4DateFormat@Qt@@@Z 004137fc f   qt-mt323:qt-mt323.dll
 0001:00012802       ?remove@QString@@QAEAAV1@II@Z 00413802 f   qt-mt323:qt-mt323.dll
 0001:00012808       ??0QChar@@QAE@ABV0@@Z      00413808 f   qt-mt323:qt-mt323.dll
 0001:0001280e       ?upper@QChar@@QBE?AV1@XZ   0041380e f   qt-mt323:qt-mt323.dll
 0001:00012814       ?at@QString@@QBE?AVQChar@@I@Z 00413814 f   qt-mt323:qt-mt323.dll
 0001:0001281a       ??1QColorGroup@@QAE@XZ     0041381a f   qt-mt323:qt-mt323.dll
 0001:00012820       ?paintCell@QListViewItem@@UAEXPAVQPainter@@ABVQColorGroup@@HHH@Z 00413820 f   qt-mt323:qt-mt323.dll
 0001:00012826       ?setColor@QColorGroup@@QAEXW4ColorRole@1@ABVQColor@@@Z 00413826 f   qt-mt323:qt-mt323.dll
 0001:0001282c       ??0QColor@@QAE@PBD@Z       0041382c f   qt-mt323:qt-mt323.dll
 0001:00012832       ??0QColorGroup@@QAE@ABV0@@Z 00413832 f   qt-mt323:qt-mt323.dll
 0001:00012838       ?currentDateTime@QDateTime@@SA?AV1@XZ 00413838 f   qt-mt323:qt-mt323.dll
 0001:0001283e       ?menuDelPopup@QPopupMenu@@EAEXPAV1@@Z 0041383e f   qt-mt323:qt-mt323.dll
[...]
 0004:00002328       __imp_?removeItem@QListView@@UAEXPAVQListViewItem@@@Z 00425328     qt-mt323:qt-mt323.dll
 0004:0000232c       __imp_?takeItem@QListView@@UAEXPAVQListViewItem@@@Z 0042532c     qt-mt323:qt-mt323.dll
 0004:00002330       __imp_?insertItem@QListView@@UAEXPAVQListViewItem@@@Z 00425330     qt-mt323:qt-mt323.dll
 0004:00002334       __imp_?setTreeStepSize@QListView@@UAEXH@Z 00425334     qt-mt323:qt-mt323.dll
 0004:00002338       __imp_?setVBarGeometry@QScrollView@@MAEXAAVQScrollBar@@HHHH@Z 00425338     qt-mt323:qt-mt323.dll
 0004:0000233c       __imp_?setHBarGeometry@QScrollView@@MAEXAAVQScrollBar@@HHHH@Z 0042533c     qt-mt323:qt-mt323.dll
 0004:00002340       __imp_?setMargins@QScrollView@@MAEXHHHH@Z 00425340     qt-mt323:qt-mt323.dll
 0004:00002344       __imp_?viewportContextMenuEvent@QScrollView@@MAEXPAVQContextMenuEvent@@@Z 00425344     qt-mt323:qt-mt323.dll
 0004:00002348       __imp_?viewportWheelEvent@QScrollView@@MAEXPAVQWheelEvent@@@Z 00425348     qt-mt323:qt-mt323.dll
 0004:0000234c       __imp_?viewportDropEvent@QScrollView@@MAEXPAVQDropEvent@@@Z 0042534c     qt-mt323:qt-mt323.dll
 0004:00002350       __imp_?viewportDragLeaveEvent@QScrollView@@MAEXPAVQDragLeaveEvent@@@Z 00425350     qt-mt323:qt-mt323.dll
 0004:00002354       __imp_?viewportDragMoveEvent@QScrollView@@MAEXPAVQDragMoveEvent@@@Z 00425354     qt-mt323:qt-mt323.dll
 0004:00002358       __imp_?viewportDragEnterEvent@QScrollView@@MAEXPAVQDragEnterEvent@@@Z 00425358     qt-mt323:qt-mt323.dll
 0004:0000235c       __imp_?viewportMouseMoveEvent@QScrollView@@MAEXPAVQMouseEvent@@@Z 0042535c     qt-mt323:qt-mt323.dll
 0004:00002360       __imp_?viewportMouseDoubleClickEvent@QScrollView@@MAEXPAVQMouseEvent@@@Z 00425360     qt-mt323:qt-mt323.dll
 0004:00002364       __imp_?viewportMouseReleaseEvent@QScrollView@@MAEXPAVQMouseEvent@@@Z 00425364     qt-mt323:qt-mt323.dll
 0004:00002368       __imp_?viewportMousePressEvent@QScrollView@@MAEXPAVQMouseEvent@@@Z 00425368     qt-mt323:qt-mt323.dll
 0004:0000236c       __imp_?viewportResizeEvent@QListView@@MAEXPAVQResizeEvent@@@Z 0042536c     qt-mt323:qt-mt323.dll
 0004:00002370       __imp_?viewportPaintEvent@QScrollView@@MAEXPAVQPaintEvent@@@Z 00425370     qt-mt323:qt-mt323.dll
 0004:00002374       __imp_?contentsContextMenuEvent@QListView@@MAEXPAVQContextMenuEvent@@@Z 00425374     qt-mt323:qt-mt323.dll
 0004:00002378       __imp_?contentsWheelEvent@QScrollView@@MAEXPAVQWheelEvent@@@Z 00425378     qt-mt323:qt-mt323.dll
 0004:0000237c       __imp_?contentsDropEvent@QListView@@MAEXPAVQDropEvent@@@Z 0042537c     qt-mt323:qt-mt323.dll
 0004:00002380       __imp_?contentsDragLeaveEvent@QListView@@MAEXPAVQDragLeaveEvent@@@Z 00425380     qt-mt323:qt-mt323.dll
 0004:00002384       __imp_?contentsDragMoveEvent@QListView@@MAEXPAVQDragMoveEvent@@@Z 00425384     qt-mt323:qt-mt323.dll
 0004:00002388       __imp_?contentsDragEnterEvent@QListView@@MAEXPAVQDragEnterEvent@@@Z 00425388     qt-mt323:qt-mt323.dll
 0004:0000238c       __imp_?contentsMouseMoveEvent@QListView@@MAEXPAVQMouseEvent@@@Z 0042538c     qt-mt323:qt-mt323.dll
 0004:00002390       __imp_?contentsMouseDoubleClickEvent@QListView@@MAEXPAVQMouseEvent@@@Z 00425390     qt-mt323:qt-mt323.dll
 0004:00002394       __imp_?contentsMouseReleaseEvent@QListView@@MAEXPAVQMouseEvent@@@Z 00425394     qt-mt323:qt-mt323.dll
 0004:00002398       __imp_?contentsMousePressEvent@QListView@@MAEXPAVQMouseEvent@@@Z 00425398     qt-mt323:qt-mt323.dll
 0004:0000239c       __imp_?drawContentsOffset@QListView@@MAEXPAVQPainter@@HHHHHH@Z 0042539c     qt-mt323:qt-mt323.dll
 0004:000023a0       __imp_?drawContents@QScrollView@@MAEXPAVQPainter@@HHHH@Z 004253a0     qt-mt323:qt-mt323.dll
 0004:000023a4       __imp_?setContentsPos@QListView@@UAEXHH@Z 004253a4     qt-mt323:qt-mt323.dll
 0004:000023a8       __imp_?resizeContents@QScrollView@@UAEXHH@Z 004253a8     qt-mt323:qt-mt323.dll
 0004:000023ac       __imp_?setDragAutoScroll@QScrollView@@UAEX_N@Z 004253ac     qt-mt323:qt-mt323.dll
 0004:000023b0       __imp_?setCornerWidget@QScrollView@@UAEXPAVQWidget@@@Z 004253b0     qt-mt323:qt-mt323.dll
 0004:000023b4       __imp_?setHScrollBarMode@QScrollView@@UAEXW4ScrollBarMode@1@@Z 004253b4     qt-mt323:qt-mt323.dll
 0004:000023b8       __imp_?setVScrollBarMode@QScrollView@@UAEXW4ScrollBarMode@1@@Z 004253b8     qt-mt323:qt-mt323.dll
 0004:000023bc       __imp_?moveChild@QScrollView@@UAEXPAVQWidget@@HH@Z 004253bc     qt-mt323:qt-mt323.dll
 0004:000023c0       __imp_?addChild@QScrollView@@UAEXPAVQWidget@@HH@Z 004253c0     qt-mt323:qt-mt323.dll
 0004:000023c4       __imp_?setResizePolicy@QScrollView@@UAEXW4ResizePolicy@1@@Z 004253c4     qt-mt323:qt-mt323.dll
 0004:000023c8       __imp_?frameChanged@QScrollView@@MAEXXZ 004253c8     qt-mt323:qt-mt323.dll
 0004:000023cc       __imp_?drawContents@QScrollView@@EAEXPAVQPainter@@@Z 004253cc     qt-mt323:qt-mt323.dll
 0004:000023d0       __imp_?focusNextPrevChild@QScrollView@@MAE_N_N@Z 004253d0     qt-mt323:qt-mt323.dll
 0004:000023d4       __imp_?windowActivationChange@QListView@@MAEX_N@Z 004253d4     qt-mt323:qt-mt323.dll
 0004:000023d8       __imp_?fontChange@QScrollView@@MAEXABVQFont@@@Z 004253d8     qt-mt323:qt-mt323.dll
 0004:000023dc       __imp_?styleChange@QListView@@MAEXAAVQStyle@@@Z 004253dc     qt-mt323:qt-mt323.dll
 0004:000023e0       __imp_?showEvent@QListView@@MAEXPAVQShowEvent@@@Z 004253e0     qt-mt323:qt-mt323.dll
 0004:000023e4       __imp_?contextMenuEvent@QScrollView@@MAEXPAVQContextMenuEvent@@@Z 004253e4     qt-mt323:qt-mt323.dll
 0004:000023e8       __imp_?resizeEvent@QListView@@MAEXPAVQResizeEvent@@@Z 004253e8     qt-mt323:qt-mt323.dll
 0004:000023ec       __imp_?focusOutEvent@QListView@@MAEXPAVQFocusEvent@@@Z 004253ec     qt-mt323:qt-mt323.dll
 0004:000023f0       __imp_?focusInEvent@QListView@@MAEXPAVQFocusEvent@@@Z 004253f0     qt-mt323:qt-mt323.dll
 0004:000023f4       __imp_?keyPressEvent@QListView@@MAEXPAVQKeyEvent@@@Z 004253f4     qt-mt323:qt-mt323.dll
 0004:000023f8       __imp_?wheelEvent@QScrollView@@MAEXPAVQWheelEvent@@@Z 004253f8     qt-mt323:qt-mt323.dll
 0004:000023fc       __imp_?mouseMoveEvent@QScrollView@@MAEXPAVQMouseEvent@@@Z 004253fc     qt-mt323:qt-mt323.dll
 0004:00002400       __imp_?mouseDoubleClickEvent@QScrollView@@MAEXPAVQMouseEvent@@@Z 00425400     qt-mt323:qt-mt323.dll
 0004:00002404       __imp_?mouseReleaseEvent@QScrollView@@MAEXPAVQMouseEvent@@@Z 00425404     qt-mt323:qt-mt323.dll
 0004:00002408       __imp_?mousePressEvent@QScrollView@@MAEXPAVQMouseEvent@@@Z 00425408     qt-mt323:qt-mt323.dll
 0004:0000240c       __imp_?minimumSizeHint@QListView@@UBE?AVQSize@@XZ 0042540c     qt-mt323:qt-mt323.dll
 0004:00002410       __imp_?sizeHint@QListView@@UBE?AVQSize@@XZ 00425410     qt-mt323:qt-mt323.dll
 0004:00002414       __imp_?resize@QScrollView@@UAEXHH@Z 00425414     qt-mt323:qt-mt323.dll
 0004:00002418       __imp_?show@QListView@@UAEXXZ 00425418     qt-mt323:qt-mt323.dll
 0004:0000241c       __imp_?setFont@QListView@@UAEXABVQFont@@@Z 0042541c     qt-mt323:qt-mt323.dll
 0004:00002420       __imp_?setPalette@QListView@@UAEXABVQPalette@@@Z 00425420     qt-mt323:qt-mt323.dll
 0004:00002424       __imp_?setEnabled@QScrollView@@UAEX_N@Z 00425424     qt-mt323:qt-mt323.dll
 0004:00002428       __imp_?removeChild@QScrollView@@UAEXPAVQObject@@@Z 00425428     qt-mt323:qt-mt323.dll
 0004:0000242c       __imp_?eventFilter@QListView@@UAE_NPAVQObject@@PAVQEvent@@@Z 0042542c     qt-mt323:qt-mt323.dll
 0004:00002430       __imp_?qt_property@QListView@@UAE_NHHPAVQVariant@@@Z 00425430     qt-mt323:qt-mt323.dll
 0004:00002434       __imp_?qt_emit@QListView@@UAE_NHPAUQUObject@@@Z 00425434     qt-mt323:qt-mt323.dll
 0004:00002438       __imp_?qt_invoke@QListView@@UAE_NHPAUQUObject@@@Z 00425438     qt-mt323:qt-mt323.dll
 0004:0000243c       __imp_?qt_cast@QListView@@UAEPAXPBD@Z 0042543c     qt-mt323:qt-mt323.dll
 0004:00002440       __imp_?className@QListView@@UBEPBDXZ 00425440     qt-mt323:qt-mt323.dll
 0004:00002444       __imp_?metaObject@QListView@@UBEPAVQMetaObject@@XZ 00425444     qt-mt323:qt-mt323.dll
 0004:00002448       __imp_?setAlignment@QGroupBox@@UAEXH@Z 00425448     qt-mt323:qt-mt323.dll
 0004:0000244c       __imp_?setTitle@QGroupBox@@UAEXABVQString@@@Z 0042544c     qt-mt323:qt-mt323.dll
 0004:00002450       __imp_?setColumnLayout@QGroupBox@@UAEXHW4Orientation@Qt@@@Z 00425450     qt-mt323:qt-mt323.dll
 0004:00002454       __imp_?drawContents@QFrame@@MAEXPAVQPainter@@@Z 00425454     qt-mt323:qt-mt323.dll
 0004:00002458       __imp_?fontChange@QGroupBox@@MAEXABVQFont@@@Z 00425458     qt-mt323:qt-mt323.dll
 0004:0000245c       __imp_?resizeEvent@QGroupBox@@MAEXPAVQResizeEvent@@@Z 0042545c     qt-mt323:qt-mt323.dll
 0004:00002460       __imp_?paintEvent@QGroupBox@@MAEXPAVQPaintEvent@@@Z 00425460     qt-mt323:qt-mt323.dll
 0004:00002464       __imp_?focusInEvent@QGroupBox@@MAEXPAVQFocusEvent@@@Z 00425464     qt-mt323:qt-mt323.dll
 0004:00002468       __imp_?sizeHint@QGroupBox@@UBE?AVQSize@@XZ 00425468     qt-mt323:qt-mt323.dll
 0004:0000246c       __imp_?setEnabled@QGroupBox@@UAEX_N@Z 0042546c     qt-mt323:qt-mt323.dll
 0004:00002470       __imp_?childEvent@QGroupBox@@MAEXPAVQChildEvent@@@Z 00425470     qt-mt323:qt-mt323.dll
 0004:00002474       __imp_?event@QGroupBox@@MAE_NPAVQEvent@@@Z 00425474     qt-mt323:qt-mt323.dll
 0004:00002478       __imp_?qt_property@QGroupBox@@UAE_NHHPAVQVariant@@@Z 00425478     qt-mt323:qt-mt323.dll
 0004:0000247c       __imp_?qt_emit@QGroupBox@@UAE_NHPAUQUObject@@@Z 0042547c     qt-mt323:qt-mt323.dll
 0004:00002480       __imp_?qt_invoke@QGroupBox@@UAE_NHPAUQUObject@@@Z 00425480     qt-mt323:qt-mt323.dll
 0004:00002484       __imp_?qt_cast@QGroupBox@@UAEPAXPBD@Z 00425484     qt-mt323:qt-mt323.dll
 0004:00002488       __imp_?className@QGroupBox@@UBEPBDXZ 00425488     qt-mt323:qt-mt323.dll
 0004:0000248c       __imp_?metaObject@QGroupBox@@UBEPAVQMetaObject@@XZ 0042548c     qt-mt323:qt-mt323.dll
 0004:00002490       __imp_?sizeHint@QWidget@@UBE?AVQSize@@XZ 00425490     qt-mt323:qt-mt323.dll
 0004:00002494       __imp_?qt_property@QWidget@@UAE_NHHPAVQVariant@@@Z 00425494     qt-mt323:qt-mt323.dll
 0004:00002498       __imp_?qt_emit@QWidget@@UAE_NHPAUQUObject@@@Z 00425498     qt-mt323:qt-mt323.dll
 0004:0000249c       __imp_?qt_invoke@QWidget@@UAE_NHPAUQUObject@@@Z 0042549c     qt-mt323:qt-mt323.dll
 0004:000024a0       __imp_?qt_cast@QWidget@@UAEPAXPBD@Z 004254a0     qt-mt323:qt-mt323.dll
 0004:000024a4       __imp_?className@QWidget@@UBEPBDXZ 004254a4     qt-mt323:qt-mt323.dll
 0004:000024a8       __imp_?metaObject@QWidget@@UBEPAVQMetaObject@@XZ 004254a8     qt-mt323:qt-mt323.dll
 0004:000024ac       __imp_??1QMainWindow@@UAE@XZ 004254ac     qt-mt323:qt-mt323.dll
 0004:000024b0       __imp_??0QLineEdit@@QAE@PAVQWidget@@PBD@Z 004254b0     qt-mt323:qt-mt323.dll
 0004:000024b4       __imp_??0QListView@@QAE@PAVQWidget@@PBDI@Z 004254b4     qt-mt323:qt-mt323.dll
 0004:000024b8       __imp_??0QHBoxLayout@@QAE@PAVQLayout@@HPBD@Z 004254b8     qt-mt323:qt-mt323.dll
 0004:000024bc       __imp_??0QGroupBox@@QAE@PAVQWidget@@PBD@Z 004254bc     qt-mt323:qt-mt323.dll
 0004:000024c0       __imp_?centralWidget@QMainWindow@@QBEPAVQWidget@@XZ 004254c0     qt-mt323:qt-mt323.dll
 0004:000024c4       __imp_??0QWidget@@QAE@PAV0@PBDI@Z 004254c4     qt-mt323:qt-mt323.dll
 0004:000024c8       __imp_?statusBar@QMainWindow@@QBEPAVQStatusBar@@XZ 004254c8     qt-mt323:qt-mt323.dll
 0004:000024cc       __imp_??0QMainWindow@@QAE@PAVQWidget@@PBDI@Z 004254cc     qt-mt323:qt-mt323.dll
 0004:000024d0       __imp_??1QWidget@@UAE@XZ   004254d0     qt-mt323:qt-mt323.dll
 0004:000024d4       __imp_??1QGroupBox@@UAE@XZ 004254d4     qt-mt323:qt-mt323.dll
 0004:000024d8       __imp_??1QListView@@UAE@XZ 004254d8     qt-mt323:qt-mt323.dll
 0004:000024dc       __imp_??1QLineEdit@@UAE@XZ 004254dc     qt-mt323:qt-mt323.dll
 0004:000024e0       __imp_?header@QListView@@QBEPAVQHeader@@XZ 004254e0     qt-mt323:qt-mt323.dll
 0004:000024e4       __imp_?replace@QString@@QAEAAV1@VQChar@@0@Z 004254e4     qt-mt323:qt-mt323.dll
 0004:000024e8       __imp_?latin1@QString@@QBEPBDXZ 004254e8     qt-mt323:qt-mt323.dll
 0004:000024ec       __imp_?shared_null@QString@@0PAUQStringData@@A 004254ec     qt-mt323:qt-mt323.dll
 0004:000024f0       __imp_?deleteSelf@QStringData@@QAEXXZ 004254f0     qt-mt323:qt-mt323.dll
 0004:000024f4       __imp_??1QString@@QAE@XZ   004254f4     qt-mt323:qt-mt323.dll
 0004:000024f8       __imp_?killTimer@QObject@@QAEXH@Z 004254f8     qt-mt323:qt-mt323.dll
 0004:000024fc       __imp_??0QObject@@QAE@PAV0@PBD@Z 004254fc     qt-mt323:qt-mt323.dll
 0004:00002500       __imp_?startTimer@QObject@@QAEHH@Z 00425500     qt-mt323:qt-mt323.dll
 0004:00002504       __imp_??1QObject@@UAE@XZ   00425504     qt-mt323:qt-mt323.dll
 0004:00002508       __imp_?event@QObject@@UAE_NPAVQEvent@@@Z 00425508     qt-mt323:qt-mt323.dll
 0004:0000250c       __imp_?eventFilter@QObject@@UAE_NPAV1@PAVQEvent@@@Z 0042550c     qt-mt323:qt-mt323.dll
 0004:00002510       __imp_?setName@QObject@@UAEXPBD@Z 00425510     qt-mt323:qt-mt323.dll
 0004:00002514       __imp_?insertChild@QObject@@UAEXPAV1@@Z 00425514     qt-mt323:qt-mt323.dll
 0004:00002518       __imp_?removeChild@QObject@@UAEXPAV1@@Z 00425518     qt-mt323:qt-mt323.dll
 0004:0000251c       __imp_?setProperty@QObject@@UAE_NPBDABVQVariant@@@Z 0042551c     qt-mt323:qt-mt323.dll
 0004:00002520       __imp_?property@QObject@@UBE?AVQVariant@@PBD@Z 00425520     qt-mt323:qt-mt323.dll
 0004:00002524       __imp_?childEvent@QObject@@MAEXPAVQChildEvent@@@Z 00425524     qt-mt323:qt-mt323.dll
 0004:00002528       __imp_?customEvent@QObject@@MAEXPAVQCustomEvent@@@Z 00425528     qt-mt323:qt-mt323.dll
 0004:0000252c       __imp_?connectNotify@QObject@@MAEXPBD@Z 0042552c     qt-mt323:qt-mt323.dll
 0004:00002530       __imp_?disconnectNotify@QObject@@MAEXPBD@Z 00425530     qt-mt323:qt-mt323.dll
 0004:00002534       __imp_?checkConnectArgs@QObject@@MAE_NPBDPBV1@0@Z 00425534     qt-mt323:qt-mt323.dll
 0004:00002538       __imp_?makeSharedNull@QString@@CAPAUQStringData@@XZ 00425538     qt-mt323:qt-mt323.dll
 0004:0000253c       __imp_??1?$QMemArray@VQPoint@@@@UAE@XZ 0042553c     qt-mt323:qt-mt323.dll
 0004:00002540       __imp_??4QString@@QAEAAV0@PBD@Z 00425540     qt-mt323:qt-mt323.dll
 0004:00002544       __imp_?number@QString@@SA?AV1@HH@Z 00425544     qt-mt323:qt-mt323.dll
 0004:00002548       __imp_?number@QString@@SA?AV1@IH@Z 00425548     qt-mt323:qt-mt323.dll
 0004:0000254c       __imp_??H@YA?BVQString@@ABV0@PBD@Z 0042554c     qt-mt323:qt-mt323.dll
 0004:00002550       __imp_??H@YA?BVQString@@ABV0@0@Z 00425550     qt-mt323:qt-mt323.dll
 0004:00002554       __imp_??YQString@@QAEAAV0@ABV0@@Z 00425554     qt-mt323:qt-mt323.dll
 0004:00002558       __imp_??YQString@@QAEAAV0@PBD@Z 00425558     qt-mt323:qt-mt323.dll
 0004:0000255c       __imp_??H@YA?BVQString@@PBDABV0@@Z 0042555c     qt-mt323:qt-mt323.dll
 0004:00002560       __imp_??0QString@@QAE@PBD@Z 00425560     qt-mt323:qt-mt323.dll
 0004:00002564       __imp_?arg@QString@@QBE?AV1@HHH@Z 00425564     qt-mt323:qt-mt323.dll
 0004:00002568       __imp_?qDebug@@YAXPBDZZ    00425568     qt-mt323:qt-mt323.dll
 0004:0000256c       __imp_??1?$QMemArray@_N@@UAE@XZ 0042556c     qt-mt323:qt-mt323.dll
 0004:00002570       __imp_??1?$QMemArray@H@@UAE@XZ 00425570     qt-mt323:qt-mt323.dll
 0004:00002574       __imp_?closeEvent@QPopupMenu@@MAEXPAVQCloseEvent@@@Z 00425574     qt-mt323:qt-mt323.dll
 0004:00002578       __imp_??0QString@@QAE@ABV0@@Z 00425578     qt-mt323:qt-mt323.dll
 0004:0000257c       __imp_?arg@QString@@QBE?AV1@IHH@Z 0042557c     qt-mt323:qt-mt323.dll
 0004:00002580       __imp_?toString@QDateTime@@QBE?AVQString@@W4DateFormat@Qt@@@Z 00425580     qt-mt323:qt-mt323.dll
 0004:00002584       __imp_?setCheckable@QPopupMenu@@UAEX_N@Z 00425584     qt-mt323:qt-mt323.dll
 0004:00002588       __imp_??1QCString@@UAE@XZ  00425588     qt-mt323:qt-mt323.dll
 0004:0000258c       __imp_?local8Bit@QString@@QBE?AVQCString@@XZ 0042558c     qt-mt323:qt-mt323.dll
 0004:00002590       __imp_?ucs2@QString@@QBEPBGXZ 00425590     qt-mt323:qt-mt323.dll
 0004:00002594       __imp_?winEventFilter@QApplication@@UAE_NPAUtagMSG@@@Z 00425594     qt-mt323:qt-mt323.dll
 0004:00002598       __imp_?fromUcs2@QString@@SA?AV1@PBG@Z 00425598     qt-mt323:qt-mt323.dll
 0004:0000259c       __imp_?saveState@QApplication@@UAEXAAVQSessionManager@@@Z 0042559c     qt-mt323:qt-mt323.dll
 0004:000025a0       __imp_?commitData@QApplication@@UAEXAAVQSessionManager@@@Z 004255a0     qt-mt323:qt-mt323.dll
 0004:000025a4       __imp_?notify@QApplication@@UAE_NPAVQObject@@PAVQEvent@@@Z 004255a4     qt-mt323:qt-mt323.dll
 0004:000025a8       __imp_?polish@QApplication@@UAEXPAVQWidget@@@Z 004255a8     qt-mt323:qt-mt323.dll
 0004:000025ac       __imp_?event@QApplication@@MAE_NPAVQEvent@@@Z 004255ac     qt-mt323:qt-mt323.dll
 0004:000025b0       __imp_??1QApplication@@UAE@XZ 004255b0     qt-mt323:qt-mt323.dll
 0004:000025b4       __imp_??0QApplication@@QAE@AAHPAPADW4Type@0@@Z 004255b4     qt-mt323:qt-mt323.dll
 0004:000025b8       __imp_?raise@QWidget@@QAEXXZ 004255b8     qt-mt323:qt-mt323.dll
 0004:000025bc       __imp_?main_widget@QApplication@@0PAVQWidget@@A 004255bc     qt-mt323:qt-mt323.dll
 0004:000025c0       __imp_?static_QUType_QString@@3UQUType_QString@@A 004255c0     qt-mt323:qt-mt323.dll
 0004:000025c4       __imp_?static_QUType_bool@@3UQUType_bool@@A 004255c4     qt-mt323:qt-mt323.dll
 0004:000025c8       __imp_?staticMetaObject@QApplication@@SAPAVQMetaObject@@XZ 004255c8     qt-mt323:qt-mt323.dll
 0004:000025cc       __imp_?qt_cast@QApplication@@UAEPAXPBD@Z 004255cc     qt-mt323:qt-mt323.dll
 0004:000025d0       __imp_?activate_signal@QObject@@IAEXHVQString@@@Z 004255d0     qt-mt323:qt-mt323.dll
 0004:000025d4       __imp_?signalOffset@QMetaObject@@QBEHXZ 004255d4     qt-mt323:qt-mt323.dll
 0004:000025d8       __imp_?set@QUType_bool@@QAEXPAUQUObject@@_N@Z 004255d8     qt-mt323:qt-mt323.dll
 0004:000025dc       __imp_?qt_invoke@QApplication@@UAE_NHPAUQUObject@@@Z 004255dc     qt-mt323:qt-mt323.dll
 0004:000025e0       __imp_?qt_emit@QApplication@@UAE_NHPAUQUObject@@@Z 004255e0     qt-mt323:qt-mt323.dll
 0004:000025e4       __imp_?qt_property@QApplication@@UAE_NHHPAVQVariant@@@Z 004255e4     qt-mt323:qt-mt323.dll
 0004:000025e8       __imp_?ascii@QString@@QBEPBDXZ 004255e8     qt-mt323:qt-mt323.dll
 0004:000025ec       __imp_??0QChar@@QAE@ABV0@@Z 004255ec     qt-mt323:qt-mt323.dll
 0004:000025f0       __imp_?deleteData@QGArray@@MAEXPAUarray_data@1@@Z 004255f0     qt-mt323:qt-mt323.dll
 0004:000025f4       __imp_?newData@QGArray@@MAEPAUarray_data@1@XZ 004255f4     qt-mt323:qt-mt323.dll
 0004:000025f8       __imp_??1QGArray@@MAE@XZ   004255f8     qt-mt323:qt-mt323.dll
 0004:000025fc       __imp_?qWinMain@@YAXPAUHINSTANCE__@@0PADHAAHAAV?$QMemArray@PAD@@@Z 004255fc     qt-mt323:qt-mt323.dll
 0004:00002600       __imp_??0QGArray@@IAE@H@Z  00425600     qt-mt323:qt-mt323.dll
 0004:00002604       __imp_?duplicate@QGArray@@IAEAAV1@ABV1@@Z 00425604     qt-mt323:qt-mt323.dll
 0004:00002608       __imp_??_7?$QMemArray@H@@6B@ 00425608     qt-mt323:qt-mt323.dll
 0004:0000260c       __imp_??_7?$QMemArray@_N@@6B@ 0042560c     qt-mt323:qt-mt323.dll
 0004:00002610       __imp_??_7?$QMemArray@D@@6B@ 00425610     qt-mt323:qt-mt323.dll
 0004:00002614       __imp_??_7?$QMemArray@VQPoint@@@@6B@ 00425614     qt-mt323:qt-mt323.dll
 0004:00002618       __imp_??1QGList@@MAE@XZ    00425618     qt-mt323:qt-mt323.dll
 0004:0000261c       __imp_?clear@QGList@@MAEXXZ 0042561c     qt-mt323:qt-mt323.dll
 0004:00002620       __imp_??_7?$QPtrList@D@@6B@ 00425620     qt-mt323:qt-mt323.dll
 0004:00002624       __imp_??_7?$QPtrList@VQObject@@@@6B@ 00425624     qt-mt323:qt-mt323.dll
 0004:00002628       __imp_??_7?$QPtrList@VQWidget@@@@6B@ 00425628     qt-mt323:qt-mt323.dll
 0004:0000262c       \177qt-mt323_NULL_THUNK_DATA 0042562c     qt-mt323:qt-mt323.dll

 entry point at        0001:00013d48

