 WSTracker

 Timestamp is 5e9dbb45 (Mon Apr 20 16:09:57 2020)

 Preferred load address is 00400000

 Start         Length     Name                   Class
 0001:00000000 000018a4H .text                   CODE
 0001:000018b0 00001187H .text$di                CODE
 0001:00002a40 0001311cH .text$mn                CODE
 0001:00015b60 00002defH .text$x                 CODE
 0001:00018950 00001088H .text$yd                CODE
 0002:00000000 00000104H .CRT$XCA                DATA
 0002:00000104 00000104H .CRT$XCAA               DATA
 0002:00000208 00000126H .CRT$XCU                DATA
 0002:00000330 00000104H .CRT$XCZ                DATA
 0002:00000434 00000104H .CRT$XIA                DATA
 0002:00000538 00000104H .CRT$XIAA               DATA
 0002:0000063c 00000104H .CRT$XIC                DATA
 0002:00000740 00000104H .CRT$XIY                DATA
 0002:00000844 00000104H .CRT$XIZ                DATA
 0002:00000950 00005cd4H .rdata                  DATA
 0002:00006624 000015dcH .rdata$r                DATA
 0002:00007c00 00000104H .rtc$IAA                DATA
 0002:00007d04 00000104H .rtc$IZZ                DATA
 0002:00007e08 00000104H .rtc$TAA                DATA
 0002:00007f0c 00000104H .rtc$TZZ                DATA
 0002:00008010 00001b79H .xdata$x                DATA
 0002:00009b89 00000000H .edata                  DATA
 0003:00000000 000004daH .data                   DATA
 0003:000004dc 000006d9H .data$r                 DATA
 0003:00000bb8 00000520H .bss                    DATA
 0004:00000000 00001414H .idata$5                DATA
 0004:00001414 000000a0H .idata$2                DATA
 0004:000014b4 00000014H .idata$3                DATA
 0004:000014c8 00001414H .idata$4                DATA
 0004:000028dc 0000aacbH .idata$6                DATA
 0005:00000000 000002e0H .rsrc$01                DATA
 0005:000002e0 00004e36H .rsrc$02                DATA

  Address         Publics by Value              Rva+Base       Lib:Object

 0000:00000000       ___guard_flags             00000000     <absolute>
 0000:00000000       ___safe_se_handler_count   00000000     <absolute>
 0000:00000000       ___guard_fids_table        00000000     <absolute>
 0000:00000000       ___guard_fids_count        00000000     <absolute>
 0000:00000000       ___safe_se_handler_table   00000000     <absolute>
 0000:00000000       __except_list              00000000     <absolute>
 0000:00009876       __ldused                   00009876     <absolute>
 0000:00009876       __fltused                  00009876     <absolute>
 0000:00000000       ___ImageBase               00400000     <linker-defined>
 0001:00000a37       _WinMain@16                00401a37 f   qtmain:qtmain_win.obj
 0001:00000ac4       ?detach@?$QMemArray@PAD@@UAEXXZ 00401ac4 f i qtmain:qtmain_win.obj
 0001:00000acc       ??_G?$QMemArray@H@@UAEPAXI@Z 00401acc f i qtmain:qtmain_win.obj
 0001:00000af0       ??_G?$QMemArray@_N@@UAEPAXI@Z 00401af0 f i qtmain:qtmain_win.obj
 0001:00000b14       ??_G?$QMemArray@D@@UAEPAXI@Z 00401b14 f i qtmain:qtmain_win.obj
 0001:00000b38       ??_G?$QMemArray@VQPoint@@@@UAEPAXI@Z 00401b38 f i qtmain:qtmain_win.obj
 0001:00000b5c       ??_G?$QPtrList@D@@UAEPAXI@Z 00401b5c f i qtmain:qtmain_win.obj
 0001:00000b88       ??_G?$QPtrList@VQObject@@@@UAEPAXI@Z 00401b88 f i qtmain:qtmain_win.obj
 0001:00000bb4       ??_G?$QPtrList@VQWidget@@@@UAEPAXI@Z 00401bb4 f i qtmain:qtmain_win.obj
 0001:00000be0       ??_G?$QMemArray@PAD@@UAEPAXI@Z 00401be0 f i qtmain:qtmain_win.obj
 0001:00000be0       ??_E?$QMemArray@PAD@@UAEPAXI@Z 00401be0 f i qtmain:qtmain_win.obj
 0001:00002a40       ??0infodriverIf@@QAE@II@Z  00403a40 f   infodriverIf.obj
 0001:00002bb0       ??1infodriverIf@@UAE@XZ    00403bb0 f   infodriverIf.obj
 0001:00002c67       ??_EinfodriverIf@@WGM@AEPAXI@Z 00403c67 f i infodriverIf.obj
 0001:00002c80       ??_EinfodriverIf@@UAEPAXI@Z 00403c80 f i infodriverIf.obj
 0001:00002c80       ??_GinfodriverIf@@UAEPAXI@Z 00403c80 f i infodriverIf.obj
 0001:00002cb0       ?getName@workStation@@QAE?AVQString@@XZ 00403cb0 f i infodriverIf.obj
 0001:00002ce0       ?getTxMode@infodriverIf@@QAEHXZ 00403ce0 f   infodriverIf.obj
 0001:00002cf0       ?getWsNumber@workStation@@QAEHXZ 00403cf0 f i infodriverIf.obj
 0001:00002d00       ?isConnected@infodriverIf@@QAE_NXZ 00403d00 f   infodriverIf.obj
 0001:00002d10       ?logChange@infodriverIf@@AAEXPAVworkStation@@@Z 00403d10 f   infodriverIf.obj
 0001:00003260       ?metaObject@infodriverIf@@UBEPAVQMetaObject@@XZ 00404260 f i infodriverIf.obj
 0001:00003270       ?notify@infodriverIf@@EAEHPAVcXInfo@@IPBD@Z 00404270 f   infodriverIf.obj
 0001:00003430       ?notify@infodriverIf@@EAEJPAVcPanel@@PBD@Z 00404430 f   infodriverIf.obj
 0001:00003440       ?timerEvent@infodriverIf@@EAEXPAVQTimerEvent@@@Z 00404440 f   infodriverIf.obj
 0001:00003690       ?updateWorkstation@infodriverIf@@QAEXPAVworkStation@@@Z 00404690 f   infodriverIf.obj
 0001:00003830       _main                      00404830 f   main.obj
 0001:000039f0       ?className@restartAllBase@@UBEPBDXZ 004049f0 f   moc_restartall.obj
 0001:00003a00       ?qt_cast@restartAllBase@@UAEPAXPBD@Z 00404a00 f   moc_restartall.obj
 0001:00003a70       ?qt_emit@restartAllBase@@UAE_NHPAUQUObject@@@Z 00404a70 f   moc_restartall.obj
 0001:00003a80       ?qt_invoke@restartAllBase@@UAE_NHPAUQUObject@@@Z 00404a80 f   moc_restartall.obj
 0001:00003b30       ?qt_property@restartAllBase@@UAE_NHHPAVQVariant@@@Z 00404b30 f   moc_restartall.obj
 0001:00003b40       ?qt_static_property@restartAllBase@@SA_NPAVQObject@@HHPAVQVariant@@@Z 00404b40 f   moc_restartall.obj
 0001:00003b50       ?staticMetaObject@restartAllBase@@SAPAVQMetaObject@@XZ 00404b50 f   moc_restartall.obj
 0001:00003bc0       ?tr@restartAllBase@@SA?AVQString@@PBD0@Z 00404bc0 f   moc_restartall.obj
 0001:00003c20       ?trUtf8@restartAllBase@@SA?AVQString@@PBD0@Z 00404c20 f   moc_restartall.obj
 0001:00003c80       ?className@restartAll@@UBEPBDXZ 00404c80 f   moc_restartallimpl.obj
 0001:00003c90       ?qt_cast@restartAll@@UAEPAXPBD@Z 00404c90 f   moc_restartallimpl.obj
 0001:00003d00       ?qt_emit@restartAll@@UAE_NHPAUQUObject@@@Z 00404d00 f   moc_restartallimpl.obj
 0001:00003d10       ?qt_invoke@restartAll@@UAE_NHPAUQUObject@@@Z 00404d10 f   moc_restartallimpl.obj
 0001:00003d20       ?qt_property@restartAll@@UAE_NHHPAVQVariant@@@Z 00404d20 f   moc_restartallimpl.obj
 0001:00003d30       ?qt_static_property@restartAll@@SA_NPAVQObject@@HHPAVQVariant@@@Z 00404d30 f   moc_restartallimpl.obj
 0001:00003d40       ?staticMetaObject@restartAll@@SAPAVQMetaObject@@XZ 00404d40 f   moc_restartallimpl.obj
 0001:00003da0       ?tr@restartAll@@SA?AVQString@@PBD0@Z 00404da0 f   moc_restartallimpl.obj
 0001:00003e00       ?trUtf8@restartAll@@SA?AVQString@@PBD0@Z 00404e00 f   moc_restartallimpl.obj
 0001:00003e60       ??0netComms@@QAE@XZ        00404e60 f   netComms.obj
 0001:00003ea0       ??1netComms@@UAE@XZ        00404ea0 f   netComms.obj
 0001:00003f30       ??1statusUpdate@@QAE@XZ    00404f30 f i netComms.obj
 0001:00003fc0       ??_GQSocketDevice@@UAEPAXI@Z 00404fc0 f i netComms.obj
 0001:00003fc0       ??_EQSocketDevice@@UAEPAXI@Z 00404fc0 f i netComms.obj
 0001:00003ff0       ??_GQSocketNotifier@@UAEPAXI@Z 00404ff0 f i netComms.obj
 0001:00003ff0       ??_EQSocketNotifier@@UAEPAXI@Z 00404ff0 f i netComms.obj
 0001:00004020       ??_EnetComms@@UAEPAXI@Z    00405020 f i netComms.obj
 0001:00004020       ??_GnetComms@@UAEPAXI@Z    00405020 f i netComms.obj
 0001:000040d0       ?checkSocketValid@netComms@@AAE_NXZ 004050d0 f   netComms.obj
 0001:00004140       ?connect@netComms@@AAE_NXZ 00405140 f   netComms.obj
 0001:000044f0       ?initComms@netComms@@QAE_NH@Z 004054f0 f   netComms.obj
 0001:000045f0       ?metaObject@netComms@@UBEPAVQMetaObject@@XZ 004055f0 f i netComms.obj
 0001:00004600       ?rxData@netComms@@QAEXH@Z  00405600 f   netComms.obj
 0001:000049d0       ?sendMessage@netComms@@QAE_NVQString@@0@Z 004059d0 f   netComms.obj
 0001:00004b40       ?timerEvent@netComms@@MAEXPAVQTimerEvent@@@Z 00405b40 f   netComms.obj
 0001:00004bb0       ??0restartAllBase@@QAE@PAVQWidget@@PBD_NI@Z 00405bb0 f   restartall.obj
 0001:00005190       ??1restartAllBase@@UAE@XZ  00406190 f   restartall.obj
 0001:000051a7       ??_EQCheckBox@@WCI@AEPAXI@Z 004061a7 f i restartall.obj
 0001:000051b1       ??_EQHBoxLayout@@WCI@AEPAXI@Z 004061b1 f i restartall.obj
 0001:000051bb       ??_EQLabel@@WCI@AEPAXI@Z   004061bb f i restartall.obj
 0001:000051c5       ??_EQPushButton@@WCI@AEPAXI@Z 004061c5 f i restartall.obj
 0001:000051cf       ??_EQSpinBox@@WCI@AEPAXI@Z 004061cf f i restartall.obj
 0001:000051d9       ??_EQSpinBox@@WGM@AEPAXI@Z 004061d9 f i restartall.obj
 0001:000051e3       ??_EQVBoxLayout@@WCI@AEPAXI@Z 004061e3 f i restartall.obj
 0001:000051ed       ??_ErestartAllBase@@WCI@AEPAXI@Z 004061ed f i restartall.obj
 0001:00005200       ??_GQCheckBox@@UAEPAXI@Z   00406200 f i restartall.obj
 0001:00005200       ??_EQCheckBox@@UAEPAXI@Z   00406200 f i restartall.obj
 0001:00005230       ??_GQHBoxLayout@@UAEPAXI@Z 00406230 f i restartall.obj
 0001:00005230       ??_EQHBoxLayout@@UAEPAXI@Z 00406230 f i restartall.obj
 0001:00005260       ??_EQLabel@@UAEPAXI@Z      00406260 f i restartall.obj
 0001:00005260       ??_GQLabel@@UAEPAXI@Z      00406260 f i restartall.obj
 0001:00005290       ??_GQPushButton@@UAEPAXI@Z 00406290 f i restartall.obj
 0001:00005290       ??_EQPushButton@@UAEPAXI@Z 00406290 f i restartall.obj
 0001:000052c0       ??_EQSpacerItem@@UAEPAXI@Z 004062c0 f i restartall.obj
 0001:000052c0       ??_GQSpacerItem@@UAEPAXI@Z 004062c0 f i restartall.obj
 0001:000052f0       ??_EQSpinBox@@UAEPAXI@Z    004062f0 f i restartall.obj
 0001:000052f0       ??_GQSpinBox@@UAEPAXI@Z    004062f0 f i restartall.obj
 0001:00005320       ??_EQVBoxLayout@@UAEPAXI@Z 00406320 f i restartall.obj
 0001:00005320       ??_GQVBoxLayout@@UAEPAXI@Z 00406320 f i restartall.obj
 0001:00005350       ??_GrestartAllBase@@UAEPAXI@Z 00406350 f i restartall.obj
 0001:00005350       ??_ErestartAllBase@@UAEPAXI@Z 00406350 f i restartall.obj
 0001:00005390       ?languageChange@restartAllBase@@MAEXXZ 00406390 f   restartall.obj
 0001:000056a0       ?metaObject@restartAllBase@@UBEPAVQMetaObject@@XZ 004066a0 f i restartall.obj
 0001:000056b0       ??0restartAll@@QAE@PAVQWidget@@PBD_NI@Z 004066b0 f   restartallimpl.obj
 0001:000056f0       ??1restartAll@@UAE@XZ      004066f0 f   restartallimpl.obj
 0001:00005706       ??_ErestartAll@@WCI@AEPAXI@Z 00406706 f i restartallimpl.obj
 0001:00005710       ??_ErestartAll@@UAEPAXI@Z  00406710 f i restartallimpl.obj
 0001:00005710       ??_GrestartAll@@UAEPAXI@Z  00406710 f i restartallimpl.obj
 0001:00005750       ?metaObject@restartAll@@UBEPAVQMetaObject@@XZ 00406750 f i restartallimpl.obj
 0001:00005760       ??0statusUpdate@@QAE@HHW4status@workstationStatus@@VQString@@VQDateTime@@111@Z 00406760 f   statusUpdate.obj
 0001:000058b0       ??0workStation@@QAE@HVQString@@PAVQListView@@@Z 004068b0 f   workStation.obj
 0001:00005aa0       ??1workStation@@UAE@XZ     00406aa0 f   workStation.obj
 0001:00005b80       ??9@YA_NVQChar@@0@Z        00406b80 f i workStation.obj
 0001:00005ba0       ??N@YA_NVQChar@@0@Z        00406ba0 f i workStation.obj
 0001:00005bc0       ??O@YA_NVQChar@@0@Z        00406bc0 f i workStation.obj
 0001:00005be0       ??P@YA_NVQChar@@0@Z        00406be0 f i workStation.obj
 0001:00005bf4       ??_EworkStation@@WCM@AEPAXI@Z 00406bf4 f i workStation.obj
 0001:00005c00       ??_GworkStation@@UAEPAXI@Z 00406c00 f i workStation.obj
 0001:00005c00       ??_EworkStation@@UAEPAXI@Z 00406c00 f i workStation.obj
 0001:00005c30       ?checkComms@workStation@@QAEXXZ 00406c30 f   workStation.obj
 0001:00005c50       ?compare@workStation@@UBEHPAVQListViewItem@@H_N@Z 00406c50 f   workStation.obj
 0001:00005f80       ?currentStatus@statusUpdate@@QAE?BW4status@workstationStatus@@XZ 00406f80 f i workStation.obj
 0001:00005f90       ?getStartTime@workStation@@QAE?AVQDateTime@@XZ 00406f90 f   workStation.obj
 0001:00005fb0       ?getStatus@workStation@@QAE?AW4status@workstationStatus@@XZ 00406fb0 f   workStation.obj
 0001:00005fc0       ?getSummary@workStation@@QAE?AVQString@@XZ 00406fc0 f   workStation.obj
 0001:00006360       ?ipAddress@statusUpdate@@QAE?BVQString@@XZ 00407360 f i workStation.obj
 0001:00006390       ?metaObject@workStation@@UBEPAVQMetaObject@@XZ 00407390 f i workStation.obj
 0001:000063a0       ?operatingSystem@statusUpdate@@QAE?BVQString@@XZ 004073a0 f i workStation.obj
 0001:000063d0       ?paintCell@workStation@@UAEXPAVQPainter@@ABVQColorGroup@@HHH@Z 004073d0 f   workStation.obj
 0001:000064f0       ?rtti@workStation@@UBEHXZ  004074f0 f i workStation.obj
 0001:00006500       ?setIpAddr@workStation@@AAEXVQString@@@Z 00407500 f   workStation.obj
 0001:00006590       ?setLastTime@workStation@@AAEXVQDateTime@@@Z 00407590 f   workStation.obj
 0001:00006660       ?setOS@workStation@@AAEXVQString@@@Z 00407660 f   workStation.obj
 0001:000066f0       ?setStartTime@workStation@@AAEXVQDateTime@@@Z 004076f0 f   workStation.obj
 0001:000067c0       ?setUser@workStation@@AAEXVQString@@@Z 004077c0 f   workStation.obj
 0001:00006850       ?setWsString@workStation@@AAEXVQString@@@Z 00407850 f   workStation.obj
 0001:000068e0       ?startTime@statusUpdate@@QAE?BVQDateTime@@XZ 004078e0 f i workStation.obj
 0001:00006900       ?updateStatus@workStation@@AAEXW4status@workstationStatus@@@Z 00407900 f   workStation.obj
 0001:00006a40       ?updateStatus@workStation@@QAEXPAVstatusUpdate@@@Z 00407a40 f   workStation.obj
 0001:00006c40       ?user@statusUpdate@@QAE?BVQString@@XZ 00407c40 f i workStation.obj
 0001:00006c70       ?workstation_Text@statusUpdate@@QAE?BVQString@@XZ 00407c70 f i workStation.obj
 0001:00006ca0       ?workstation_number@statusUpdate@@QAE?BHXZ 00407ca0 f i workStation.obj
 0001:00006cb0       ?wsUnknown@workStation@@QAE_NXZ 00407cb0 f   workStation.obj
 0001:00006ce0       ??0?$QMap@HPAVworkStation@@@@QAE@XZ 00407ce0 f i wstrackermainwindow.obj
 0001:00006dc0       ??0?$QMapConstIterator@HPAVworkStation@@@@QAE@PAU?$QMapNode@HPAVworkStation@@@@@Z 00407dc0 f i wstrackermainwindow.obj
 0001:00006de0       ??0?$QMapIterator@HPAVworkStation@@@@QAE@ABV0@@Z 00407de0 f i wstrackermainwindow.obj
 0001:00006e00       ??0?$QMapIterator@HPAVworkStation@@@@QAE@PAU?$QMapNode@HPAVworkStation@@@@@Z 00407e00 f i wstrackermainwindow.obj
 0001:00006e20       ??0?$QMapIterator@HPAVworkStation@@@@QAE@XZ 00407e20 f i wstrackermainwindow.obj
 0001:00006e30       ??0?$QMapNode@HPAVworkStation@@@@QAE@ABH@Z 00407e30 f i wstrackermainwindow.obj
 0001:00006e50       ??0?$QMapNode@HPAVworkStation@@@@QAE@ABU0@@Z 00407e50 f i wstrackermainwindow.obj
 0001:00006e70       ??0?$QMapNode@HPAVworkStation@@@@QAE@XZ 00407e70 f i wstrackermainwindow.obj
 0001:00006e80       ??0?$QMapPrivate@HPAVworkStation@@@@QAE@PBV0@@Z 00407e80 f i wstrackermainwindow.obj
 0001:00006f50       ??0?$QMapPrivate@HPAVworkStation@@@@QAE@XZ 00407f50 f i wstrackermainwindow.obj
 0001:00006fa0       ??0WSTrackerMainWindow@@QAE@PAVQWidget@@PBDI@Z 00407fa0 f   wstrackermainwindow.obj
 0001:000076c0       ??1?$QMap@HPAVworkStation@@@@QAE@XZ 004086c0 f i wstrackermainwindow.obj
 0001:000076f0       ??1?$QMapPrivate@HPAVworkStation@@@@QAE@XZ 004086f0 f i wstrackermainwindow.obj
 0001:00007710       ??1WSTrackerMainWindow@@UAE@XZ 00408710 f   wstrackermainwindow.obj
 0001:000077f0       ??8?$QMapIterator@HPAVworkStation@@@@QBE_NABV0@@Z 004087f0 f i wstrackermainwindow.obj
 0001:00007810       ??9?$QMapIterator@HPAVworkStation@@@@QBE_NABV0@@Z 00408810 f i wstrackermainwindow.obj
 0001:00007830       ??A?$QMap@HPAVworkStation@@@@QAEAAPAVworkStation@@ABH@Z 00408830 f i wstrackermainwindow.obj
 0001:00007990       ??E?$QMapIterator@HPAVworkStation@@@@QAE?AV0@H@Z 00408990 f i wstrackermainwindow.obj
 0001:00007a10       ??E?$QMapIterator@HPAVworkStation@@@@QAEAAV0@XZ 00408a10 f i wstrackermainwindow.obj
 0001:00007a60       ??F?$QMapIterator@HPAVworkStation@@@@QAEAAV0@XZ 00408a60 f i wstrackermainwindow.obj
 0001:00007a6f       ??_EQMenuBar@@WCI@AEPAXI@Z 00408a6f f i wstrackermainwindow.obj
 0001:00007a79       ??_EQMenuBar@@WIM@AEPAXI@Z 00408a79 f i wstrackermainwindow.obj
 0001:00007a86       ??_EQPopupMenu@@WCI@AEPAXI@Z 00408a86 f i wstrackermainwindow.obj
 0001:00007a90       ??_EQPopupMenu@@WIM@AEPAXI@Z 00408a90 f i wstrackermainwindow.obj
 0001:00007a9d       ??_EWSTrackerMainWindow@@WCI@AEPAXI@Z 00408a9d f i wstrackermainwindow.obj
 0001:00007ab0       ??_G?$QMapPrivate@HPAVworkStation@@@@QAEPAXI@Z 00408ab0 f i wstrackermainwindow.obj
 0001:00007af0       ??_EQDomElement@@UAEPAXI@Z 00408af0 f i wstrackermainwindow.obj
 0001:00007af0       ??_GQDomElement@@UAEPAXI@Z 00408af0 f i wstrackermainwindow.obj
 0001:00007b20       ??_EQMenuBar@@UAEPAXI@Z    00408b20 f i wstrackermainwindow.obj
 0001:00007b20       ??_GQMenuBar@@UAEPAXI@Z    00408b20 f i wstrackermainwindow.obj
 0001:00007b50       ??_GQPopupMenu@@UAEPAXI@Z  00408b50 f i wstrackermainwindow.obj
 0001:00007b50       ??_EQPopupMenu@@UAEPAXI@Z  00408b50 f i wstrackermainwindow.obj
 0001:00007b80       ??_EWSTrackerMainWindow@@UAEPAXI@Z 00408b80 f i wstrackermainwindow.obj
 0001:00007b80       ??_GWSTrackerMainWindow@@UAEPAXI@Z 00408b80 f i wstrackermainwindow.obj
 0001:00007bb0       ?about@WSTrackerMainWindow@@QAEXXZ 00408bb0 f   wstrackermainwindow.obj
 0001:00007e50       ?addWorkstation@WSTrackerMainWindow@@AAEPAVworkStation@@HVQString@@@Z 00408e50 f   wstrackermainwindow.obj
 0001:00007fb0       ?begin@?$QMap@HPAVworkStation@@@@QAE?AV?$QMapIterator@HPAVworkStation@@@@XZ 00408fb0 f i wstrackermainwindow.obj
 0001:00008050       ?begin@?$QMapPrivate@HPAVworkStation@@@@QAE?AV?$QMapIterator@HPAVworkStation@@@@XZ 00409050 f i wstrackermainwindow.obj
 0001:00008070       ?channel@statusUpdate@@QAE?BHXZ 00409070 f i wstrackermainwindow.obj
 0001:00008080       ?checkWsComms@WSTrackerMainWindow@@AAEXXZ 00409080 f   wstrackermainwindow.obj
 0001:00008220       ?clear@?$QMapPrivate@HPAVworkStation@@@@QAEXPAU?$QMapNode@HPAVworkStation@@@@@Z 00409220 f i wstrackermainwindow.obj
 0001:00008260       ?clear@?$QMapPrivate@HPAVworkStation@@@@QAEXXZ 00409260 f i wstrackermainwindow.obj
 0001:000082d0       ?connectRemote@WSTrackerMainWindow@@QAEXXZ 004092d0 f   wstrackermainwindow.obj
 0001:00008440       ?copy@?$QMapPrivate@HPAVworkStation@@@@QAEPAU?$QMapNode@HPAVworkStation@@@@PAU2@@Z 00409440 f i wstrackermainwindow.obj
 0001:000084f0       ?copyStatus@WSTrackerMainWindow@@QAEXXZ 004094f0 f   wstrackermainwindow.obj
 0001:000086f0       ?data@?$QMapIterator@HPAVworkStation@@@@QAEAAPAVworkStation@@XZ 004096f0 f i wstrackermainwindow.obj
 0001:00008700       ?dec@?$QMapIterator@HPAVworkStation@@@@AAEHXZ 00409700 f i wstrackermainwindow.obj
 0001:00008770       ?detach@?$QMap@HPAVworkStation@@@@IAEXXZ 00409770 f i wstrackermainwindow.obj
 0001:00008810       ?detachInternal@?$QMap@HPAVworkStation@@@@AAEXXZ 00409810 f i wstrackermainwindow.obj
 0001:000088a0       ?enableButtons@WSTrackerMainWindow@@AAEXXZ 004098a0 f   wstrackermainwindow.obj
 0001:00008a00       ?end@?$QMap@HPAVworkStation@@@@QAE?AV?$QMapIterator@HPAVworkStation@@@@XZ 00409a00 f i wstrackermainwindow.obj
 0001:00008a90       ?end@?$QMapPrivate@HPAVworkStation@@@@QAE?AV?$QMapIterator@HPAVworkStation@@@@XZ 00409a90 f i wstrackermainwindow.obj
 0001:00008ab0       ?find@?$QMapPrivate@HPAVworkStation@@@@QBE?AV?$QMapConstIterator@HPAVworkStation@@@@ABH@Z 00409ab0 f i wstrackermainwindow.obj
 0001:00008b10       ?getIpAddr@workStation@@QAE?AVQString@@XZ 00409b10 f i wstrackermainwindow.obj
 0001:00008b40       ?goRestart@WSTrackerMainWindow@@QAEXXZ 00409b40 f   wstrackermainwindow.obj
 0001:00008b70       ?goRestartAll@WSTrackerMainWindow@@QAEXXZ 00409b70 f   wstrackermainwindow.obj
 0001:00009270       ?goStart@WSTrackerMainWindow@@QAEXXZ 0040a270 f   wstrackermainwindow.obj
 0001:000092a0       ?goStop@WSTrackerMainWindow@@QAEXXZ 0040a2a0 f   wstrackermainwindow.obj
 0001:000092d0       ?inc@?$QMapIterator@HPAVworkStation@@@@AAEHXZ 0040a2d0 f i wstrackermainwindow.obj
 0001:00009330       ?insert@?$QMap@HPAVworkStation@@@@QAE?AV?$QMapIterator@HPAVworkStation@@@@ABHABQAVworkStation@@_N@Z 0040a330 f i wstrackermainwindow.obj
 0001:00009400       ?insert@?$QMapPrivate@HPAVworkStation@@@@QAE?AV?$QMapIterator@HPAVworkStation@@@@PAUQMapNodeBase@@0ABH@Z 0040a400 f i wstrackermainwindow.obj
 0001:000094c0       ?insertSingle@?$QMapPrivate@HPAVworkStation@@@@QAE?AV?$QMapIterator@HPAVworkStation@@@@ABH@Z 0040a4c0 f i wstrackermainwindow.obj
 0001:00009560       ?key@?$QMapPrivate@HPAVworkStation@@@@IBEABHPAUQMapNodeBase@@@Z 0040a560 f i wstrackermainwindow.obj
 0001:00009570       ?loadConfigInfo@WSTrackerMainWindow@@AAE_NXZ 0040a570 f   wstrackermainwindow.obj
 0001:0000a130       ?loadWorkstations@WSTrackerMainWindow@@AAE_NXZ 0040b130 f   wstrackermainwindow.obj
 0001:0000a5e0       ?metaObject@WSTrackerMainWindow@@UBEPAVQMetaObject@@XZ 0040b5e0 f i wstrackermainwindow.obj
 0001:0000a5f0       ?restartWorkstation@WSTrackerMainWindow@@QAEXI@Z 0040b5f0 f   wstrackermainwindow.obj
 0001:0000a640       ?sendMessage@WSTrackerMainWindow@@AAEXVQString@@PAVworkStation@@@Z 0040b640 f   wstrackermainwindow.obj
 0001:0000a9a0       ?setWsText@WSTrackerMainWindow@@QAEXXZ 0040b9a0 f   wstrackermainwindow.obj
 0001:0000af90       ?size@?$QMap@HPAVworkStation@@@@QBEIXZ 0040bf90 f i wstrackermainwindow.obj
 0001:0000afa0       ?timerEvent@WSTrackerMainWindow@@EAEXPAVQTimerEvent@@@Z 0040bfa0 f   wstrackermainwindow.obj
 0001:0000afc0       ?updateCounters@WSTrackerMainWindow@@AAEXXZ 0040bfc0 f   wstrackermainwindow.obj
 0001:0000b320       ?wsClicked@WSTrackerMainWindow@@QAEXPAVQListViewItem@@@Z 0040c320 f   wstrackermainwindow.obj
 0001:0000b370       ?wsStatusChange@WSTrackerMainWindow@@QAEXQAVstatusUpdate@@@Z 0040c370 f   wstrackermainwindow.obj
 0001:0000b400       ?wsStatusChanged@WSTrackerMainWindow@@QAEXPAVworkStation@@@Z 0040c400 f   wstrackermainwindow.obj
 0001:0000b420       ?className@infodriverIf@@UBEPBDXZ 0040c420 f   moc_infodriverIf.obj
 0001:0000b430       ?qt_cast@infodriverIf@@UAEPAXPBD@Z 0040c430 f   moc_infodriverIf.obj
 0001:0000b550       ?qt_emit@infodriverIf@@UAE_NHPAUQUObject@@@Z 0040c550 f   moc_infodriverIf.obj
 0001:0000b5a0       ?qt_invoke@infodriverIf@@UAE_NHPAUQUObject@@@Z 0040c5a0 f   moc_infodriverIf.obj
 0001:0000b5b0       ?qt_property@infodriverIf@@UAE_NHHPAVQVariant@@@Z 0040c5b0 f   moc_infodriverIf.obj
 0001:0000b5c0       ?qt_static_property@infodriverIf@@SA_NPAVQObject@@HHPAVQVariant@@@Z 0040c5c0 f   moc_infodriverIf.obj
 0001:0000b5d0       ?restartWorkstation@infodriverIf@@IAEXI@Z 0040c5d0 f   moc_infodriverIf.obj
 0001:0000b6d0       ?staticMetaObject@infodriverIf@@SAPAVQMetaObject@@XZ 0040c6d0 f   moc_infodriverIf.obj
 0001:0000b780       ?tr@infodriverIf@@SA?AVQString@@PBD0@Z 0040c780 f   moc_infodriverIf.obj
 0001:0000b7e0       ?trUtf8@infodriverIf@@SA?AVQString@@PBD0@Z 0040c7e0 f   moc_infodriverIf.obj
 0001:0000b840       ?className@netComms@@UBEPBDXZ 0040c840 f   moc_netComms.obj
 0001:0000b850       ?qt_cast@netComms@@UAEPAXPBD@Z 0040c850 f   moc_netComms.obj
 0001:0000b8c0       ?qt_emit@netComms@@UAE_NHPAUQUObject@@@Z 0040c8c0 f   moc_netComms.obj
 0001:0000b910       ?qt_invoke@netComms@@UAE_NHPAUQUObject@@@Z 0040c910 f   moc_netComms.obj
 0001:0000b960       ?qt_property@netComms@@UAE_NHHPAVQVariant@@@Z 0040c960 f   moc_netComms.obj
 0001:0000b970       ?qt_static_property@netComms@@SA_NPAVQObject@@HHPAVQVariant@@@Z 0040c970 f   moc_netComms.obj
 0001:0000b980       ?staticMetaObject@netComms@@SAPAVQMetaObject@@XZ 0040c980 f   moc_netComms.obj
 0001:0000ba70       ?statusChange@netComms@@IAEXQAVstatusUpdate@@@Z 0040ca70 f   moc_netComms.obj
 0001:0000bb70       ?tr@netComms@@SA?AVQString@@PBD0@Z 0040cb70 f   moc_netComms.obj
 0001:0000bbd0       ?trUtf8@netComms@@SA?AVQString@@PBD0@Z 0040cbd0 f   moc_netComms.obj
 0001:0000bc30       ?className@workStation@@UBEPBDXZ 0040cc30 f   moc_workStation.obj
 0001:0000bc40       ?qt_cast@workStation@@UAEPAXPBD@Z 0040cc40 f   moc_workStation.obj
 0001:0000bd10       ?qt_emit@workStation@@UAE_NHPAUQUObject@@@Z 0040cd10 f   moc_workStation.obj
 0001:0000bd60       ?qt_invoke@workStation@@UAE_NHPAUQUObject@@@Z 0040cd60 f   moc_workStation.obj
 0001:0000bd70       ?qt_property@workStation@@UAE_NHHPAVQVariant@@@Z 0040cd70 f   moc_workStation.obj
 0001:0000bd80       ?qt_static_property@workStation@@SA_NPAVQObject@@HHPAVQVariant@@@Z 0040cd80 f   moc_workStation.obj
 0001:0000bd90       ?staticMetaObject@workStation@@SAPAVQMetaObject@@XZ 0040cd90 f   moc_workStation.obj
 0001:0000be40       ?tr@workStation@@SA?AVQString@@PBD0@Z 0040ce40 f   moc_workStation.obj
 0001:0000bea0       ?trUtf8@workStation@@SA?AVQString@@PBD0@Z 0040cea0 f   moc_workStation.obj
 0001:0000bf00       ?wsStatusChanged@workStation@@IAEXPAV1@@Z 0040cf00 f   moc_workStation.obj
 0001:0000c000       ?className@WSTrackerMainWindow@@UBEPBDXZ 0040d000 f   moc_wstrackermainwindow.obj
 0001:0000c010       ?dummy@WSTrackerMainWindow@@QAEXXZ 0040d010 f i moc_wstrackermainwindow.obj
 0001:0000c020       ?qt_cast@WSTrackerMainWindow@@UAEPAXPBD@Z 0040d020 f   moc_wstrackermainwindow.obj
 0001:0000c090       ?qt_emit@WSTrackerMainWindow@@UAE_NHPAUQUObject@@@Z 0040d090 f   moc_wstrackermainwindow.obj
 0001:0000c0a0       ?qt_invoke@WSTrackerMainWindow@@UAE_NHPAUQUObject@@@Z 0040d0a0 f   moc_wstrackermainwindow.obj
 0001:0000c220       ?qt_property@WSTrackerMainWindow@@UAE_NHHPAVQVariant@@@Z 0040d220 f   moc_wstrackermainwindow.obj
 0001:0000c230       ?qt_static_property@WSTrackerMainWindow@@SA_NPAVQObject@@HHPAVQVariant@@@Z 0040d230 f   moc_wstrackermainwindow.obj
 0001:0000c240       ?staticMetaObject@WSTrackerMainWindow@@SAPAVQMetaObject@@XZ 0040d240 f   moc_wstrackermainwindow.obj
 0001:0000c390       ?tr@WSTrackerMainWindow@@SA?AVQString@@PBD0@Z 0040d390 f   moc_wstrackermainwindow.obj
 0001:0000c3f0       ?trUtf8@WSTrackerMainWindow@@SA?AVQString@@PBD0@Z 0040d3f0 f   moc_wstrackermainwindow.obj
 0001:0000c450       ?className@WSTrackerMainWindowBase@@UBEPBDXZ 0040d450 f   moc_wstrackermainwindowbase.obj
 0001:0000c460       ?qt_cast@WSTrackerMainWindowBase@@UAEPAXPBD@Z 0040d460 f   moc_wstrackermainwindowbase.obj
 0001:0000c4d0       ?qt_emit@WSTrackerMainWindowBase@@UAE_NHPAUQUObject@@@Z 0040d4d0 f   moc_wstrackermainwindowbase.obj
 0001:0000c4e0       ?qt_invoke@WSTrackerMainWindowBase@@UAE_NHPAUQUObject@@@Z 0040d4e0 f   moc_wstrackermainwindowbase.obj
 0001:0000c590       ?qt_property@WSTrackerMainWindowBase@@UAE_NHHPAVQVariant@@@Z 0040d590 f   moc_wstrackermainwindowbase.obj
 0001:0000c5a0       ?qt_static_property@WSTrackerMainWindowBase@@SA_NPAVQObject@@HHPAVQVariant@@@Z 0040d5a0 f   moc_wstrackermainwindowbase.obj
 0001:0000c5b0       ?staticMetaObject@WSTrackerMainWindowBase@@SAPAVQMetaObject@@XZ 0040d5b0 f   moc_wstrackermainwindowbase.obj
 0001:0000c620       ?tr@WSTrackerMainWindowBase@@SA?AVQString@@PBD0@Z 0040d620 f   moc_wstrackermainwindowbase.obj
 0001:0000c680       ?trUtf8@WSTrackerMainWindowBase@@SA?AVQString@@PBD0@Z 0040d680 f   moc_wstrackermainwindowbase.obj
 0001:0000c6e0       ??0WSTrackerMainWindowBase@@QAE@PAVQWidget@@PBDI@Z 0040d6e0 f   wstrackermainwindowbase.obj
 0001:0000d700       ??1WSTrackerMainWindowBase@@UAE@XZ 0040e700 f   wstrackermainwindowbase.obj
 0001:0000d717       ??_EQGroupBox@@WCI@AEPAXI@Z 0040e717 f i wstrackermainwindowbase.obj
 0001:0000d721       ??_EQLineEdit@@WCI@AEPAXI@Z 0040e721 f i wstrackermainwindowbase.obj
 0001:0000d72b       ??_EQListView@@WCI@AEPAXI@Z 0040e72b f i wstrackermainwindowbase.obj
 0001:0000d735       ??_EQWidget@@WCI@AEPAXI@Z  0040e735 f i wstrackermainwindowbase.obj
 0001:0000d73f       ??_EWSTrackerMainWindowBase@@WCI@AEPAXI@Z 0040e73f f i wstrackermainwindowbase.obj
 0001:0000d750       ??_EQGroupBox@@UAEPAXI@Z   0040e750 f i wstrackermainwindowbase.obj
 0001:0000d750       ??_GQGroupBox@@UAEPAXI@Z   0040e750 f i wstrackermainwindowbase.obj
 0001:0000d780       ??_GQLineEdit@@UAEPAXI@Z   0040e780 f i wstrackermainwindowbase.obj
 0001:0000d780       ??_EQLineEdit@@UAEPAXI@Z   0040e780 f i wstrackermainwindowbase.obj
 0001:0000d7b0       ??_EQListView@@UAEPAXI@Z   0040e7b0 f i wstrackermainwindowbase.obj
 0001:0000d7b0       ??_GQListView@@UAEPAXI@Z   0040e7b0 f i wstrackermainwindowbase.obj
 0001:0000d7e0       ??_GQWidget@@UAEPAXI@Z     0040e7e0 f i wstrackermainwindowbase.obj
 0001:0000d7e0       ??_EQWidget@@UAEPAXI@Z     0040e7e0 f i wstrackermainwindowbase.obj
 0001:0000d810       ??_GWSTrackerMainWindowBase@@UAEPAXI@Z 0040e810 f i wstrackermainwindowbase.obj
 0001:0000d810       ??_EWSTrackerMainWindowBase@@UAEPAXI@Z 0040e810 f i wstrackermainwindowbase.obj
 0001:0000d850       ?languageChange@WSTrackerMainWindowBase@@MAEXXZ 0040e850 f   wstrackermainwindowbase.obj
 0001:0000e040       ?metaObject@WSTrackerMainWindowBase@@UBEPAVQMetaObject@@XZ 0040f040 f i wstrackermainwindowbase.obj
 0001:0000e050       ??0cPanel@@QAE@XZ          0040f050 f   panel:panelif.obj
 0001:0000e0b0       ??1cPanel@@UAE@XZ          0040f0b0 f   panel:panelif.obj
 0001:0000e100       ??_GcPanel@@UAEPAXI@Z      0040f100 f i panel:panelif.obj
 0001:0000e100       ??_EcPanel@@UAEPAXI@Z      0040f100 f i panel:panelif.obj
 0001:0000e170       ?ClientWndProc@cPanel@@CGJPAUHWND__@@IIJ@Z 0040f170 f   panel:panelif.obj
 0001:0000e1e0       ?ClientWndProcInt@cPanel@@EAGJPAUHWND__@@IIJ@Z 0040f1e0 f   panel:panelif.obj
 0001:0000e6a0       ?cacheflush@cPanel@@QAEXI@Z 0040f6a0 f   panel:panelif.obj
 0001:0000e6c0       ?cachetest@cPanel@@QAEHIII@Z 0040f6c0 f   panel:panelif.obj
 0001:0000e6f0       ?connect@cPanel@@QAEIPBD@Z 0040f6f0 f   panel:panelif.obj
 0001:0000e820       ?getServerName@cPanel@@QAEPBDXZ 0040f820 f i panel:panelif.obj
 0001:0000e830       ?getcachedata@cPanel@@QAEHIIPADI@Z 0040f830 f   panel:panelif.obj
 0001:0000e890       ?getcacheindex@cPanel@@QAEHIIIPBD@Z 0040f890 f   panel:panelif.obj
 0001:0000e910       ?getcachestate@cPanel@@QAEIXZ 0040f910 f   panel:panelif.obj
 0001:0000e930       ?getdbindex@cPanel@@QAEHGGPBD@Z 0040f930 f   panel:panelif.obj
 0001:0000e980       ?getdbname@cPanel@@QAEXGGGPADH@Z 0040f980 f   panel:panelif.obj
 0001:0000e9c0       ?getparam@cPanel@@QAEPADI@Z 0040f9c0 f   panel:panelif.obj
 0001:0000e9d0       ?getparamcount@cPanel@@QAEIXZ 0040f9d0 f   panel:panelif.obj
 0001:0000e9e0       ?getstate@cPanel@@QAEIXZ   0040f9e0 f   panel:panelif.obj
 0001:0000e9f0       ?incrx@cPanel@@AAEXXZ      0040f9f0 f   panel:panelif.obj
 0001:0000ea00       ?regtallyrange@cPanel@@QAEJIIIH@Z 0040fa00 f   panel:panelif.obj
 0001:0000ea60       ?setDebug@cPanel@@QAEXPAVIBncsDebugPanel@@@Z 0040fa60 f   panel:panelif.obj
 0001:0000ea70       ?setcachestate@cPanel@@QAEXI@Z 0040fa70 f   panel:panelif.obj
 0001:0000ea90       ?setcounters@cPanel@@QAEXPAK0@Z 0040fa90 f   panel:panelif.obj
 0001:0000eab0       ?setdbname@cPanel@@QAEXGGGPBDH@Z 0040fab0 f   panel:panelif.obj
 0001:0000eb40       ?setstate@cPanel@@QAEII@Z  0040fb40 f   panel:panelif.obj
 0001:0000eb50       ?showError@cPanel@@AAEXKQBD@Z 0040fb50 f   panel:panelif.obj
 0001:0000ebe0       ?tokenize@cPanel@@AAEIXZ   0040fbe0 f   panel:panelif.obj
 0001:0000ecd0       ?txgpicmd@cPanel@@QAEJPBDH@Z 0040fcd0 f   panel:panelif.obj
 0001:0000ed90       ?txinfocmd@cPanel@@QAEJPBDH@Z 0040fd90 f   panel:panelif.obj
 0001:0000ee60       ?txnetcmd@cPanel@@QAEJPBD@Z 0040fe60 f   panel:panelif.obj
 0001:0000eec0       ?txrtrcmd@cPanel@@QAEJPBDH@Z 0040fec0 f   panel:panelif.obj
 0001:0000efb0       ?unregtallyrange@cPanel@@QAEJIII@Z 0040ffb0 f   panel:panelif.obj
 0001:0000f052       _BNCS32RxMessage           00410052 f   bncsif32:BNCSIF32.dll
 0001:0000f058       _BNCS32TxMessage           00410058 f   bncsif32:BNCSIF32.dll
 0001:0000f060       ??0cXInfo@@QAE@I@Z         00410060 f   cxinfo:CXINFO.obj
 0001:0000f0c0       ??1cXInfo@@QAE@XZ          004100c0 f   cxinfo:CXINFO.obj
 0001:0000f130       ?InfoWndProc@cXInfo@@CGJPAUHWND__@@IIJ@Z 00410130 f   cxinfo:CXINFO.obj
 0001:0000f4b0       ?connect@cXInfo@@QAEHIIIII@Z 004104b0 f   cxinfo:CXINFO.obj
 0001:0000f5d0       ?getdbindex@cXInfo@@QAEHGGPBD@Z 004105d0 f   cxinfo:CXINFO.obj
 0001:0000f630       ?getdbname@cXInfo@@QAEXGGGPADH@Z 00410630 f   cxinfo:CXINFO.obj
 0001:0000f670       ?getmode@cXInfo@@QAEHXZ    00410670 f   cxinfo:CXINFO.obj
 0001:0000f690       ?getslot@cXInfo@@QAEXHPAD@Z 00410690 f   cxinfo:CXINFO.obj
 0001:0000f6c0       ?incrx@cXInfo@@QAEXXZ      004106c0 f   cxinfo:CXINFO.obj
 0001:0000f6d0       ?sendslots@cXInfo@@QAEXHH@Z 004106d0 f   cxinfo:CXINFO.obj
 0001:0000f700       ?setDebug@cXInfo@@QAEXPAVIBncsDebugXInfo@@@Z 00410700 f   cxinfo:CXINFO.obj
 0001:0000f710       ?setcounters@cXInfo@@QAEXPAK0@Z 00410710 f   cxinfo:CXINFO.obj
 0001:0000f730       ?setdbname@cXInfo@@QAEXGGGPBDH@Z 00410730 f   cxinfo:CXINFO.obj
 0001:0000f7c0       ?setmode@cXInfo@@QAEHH@Z   004107c0 f   cxinfo:CXINFO.obj
 0001:0000f7e0       ?setslot@cXInfo@@QAAXHPBDZZ 004107e0 f   cxinfo:CXINFO.obj
 0001:0000f860       ?updateslot@cXInfo@@QAA_NHPBDZZ 00410860 f   cxinfo:CXINFO.obj
 0001:0000f930       ??0bncs_disklog@@QAE@PBDW4filetype@0@000000@Z 00410930 f   bncs_disklog:bncs_disklog.obj
 0001:0000f970       ??0bncs_disklog@@QAE@PBDW4filetype@0@@Z 00410970 f   bncs_disklog:bncs_disklog.obj
 0001:0000f9a0       ??1bncs_disklog@@UAE@XZ    004109a0 f   bncs_disklog:bncs_disklog.obj
 0001:0000f9b0       ??_Ebncs_disklog@@UAEPAXI@Z 004109b0 f i bncs_disklog:bncs_disklog.obj
 0001:0000f9b0       ??_Gbncs_disklog@@UAEPAXI@Z 004109b0 f i bncs_disklog:bncs_disklog.obj
 0001:0000f9e0       ?cleanup@bncs_disklog@@AAEXXZ 004109e0 f   bncs_disklog:bncs_disklog.obj
 0001:0000fa00       ?clear@bncs_disklog@@QAEXXZ 00410a00 f   bncs_disklog:bncs_disklog.obj
 0001:0000fa30       ?createDirectory@bncs_disklog@@AAEXPBD@Z 00410a30 f   bncs_disklog:bncs_disklog.obj
 0001:0000fb30       ?initVars@bncs_disklog@@AAEXXZ 00410b30 f   bncs_disklog:bncs_disklog.obj
 0001:0000fb50       ?openLogFile@bncs_disklog@@AAEXPBDW4filetype@1@@Z 00410b50 f   bncs_disklog:bncs_disklog.obj
 0001:0000fd80       ?ref@bncs_disklog@@QAEPBDXZ 00410d80 f   bncs_disklog:bncs_disklog.obj
 0001:0000fd90       ?write@bncs_disklog@@QAEXPBD00000@Z 00410d90 f   bncs_disklog:bncs_disklog.obj
 0001:0000ffe0       ??0cBncsVersion@@QAE@PBD@Z 00410fe0 f   BncsVersionInfo:cBncsVersion.obj
 0001:00010600       ??1cBncsVersion@@UAE@XZ    00411600 f   BncsVersionInfo:cBncsVersion.obj
 0001:000106e0       ??_GcBncsVersion@@UAEPAXI@Z 004116e0 f i BncsVersionInfo:cBncsVersion.obj
 0001:000106e0       ??_EcBncsVersion@@UAEPAXI@Z 004116e0 f i BncsVersionInfo:cBncsVersion.obj
 0001:00010710       ?strpbrk@@YAPADPADPBD@Z    00411710 f i BncsVersionInfo:cBncsVersion.obj
 0001:0001071a       _setsockopt@20             0041171a f   wsock32:WSOCK32.dll
 0001:00010720       ?qDebug@@YAXPBDZZ          00411720 f   qt-mt323:qt-mt323.dll
 0001:00010726       ??0QString@@QAE@XZ         00411726 f   qt-mt323:qt-mt323.dll
 0001:0001072c       ??0QString@@QAE@ABV0@@Z    0041172c f   qt-mt323:qt-mt323.dll
 0001:00010732       ??0QString@@QAE@PBD@Z      00411732 f   qt-mt323:qt-mt323.dll
 0001:00010738       ??1QString@@QAE@XZ         00411738 f   qt-mt323:qt-mt323.dll
 0001:0001073e       ??4QString@@QAEAAV0@PBD@Z  0041173e f   qt-mt323:qt-mt323.dll
 0001:00010744       ?arg@QString@@QBE?AV1@HHH@Z 00411744 f   qt-mt323:qt-mt323.dll
 0001:0001074a       ?arg@QString@@QBE?AV1@IHH@Z 0041174a f   qt-mt323:qt-mt323.dll
 0001:00010750       ?replace@QString@@QAEAAV1@VQChar@@0@Z 00411750 f   qt-mt323:qt-mt323.dll
 0001:00010756       ?number@QString@@SA?AV1@HH@Z 00411756 f   qt-mt323:qt-mt323.dll
 0001:0001075c       ?number@QString@@SA?AV1@IH@Z 0041175c f   qt-mt323:qt-mt323.dll
 0001:00010762       ??YQString@@QAEAAV0@ABV0@@Z 00411762 f   qt-mt323:qt-mt323.dll
 0001:00010768       ??YQString@@QAEAAV0@PBD@Z  00411768 f   qt-mt323:qt-mt323.dll
 0001:0001076e       ?ascii@QString@@QBEPBDXZ   0041176e f   qt-mt323:qt-mt323.dll
 0001:00010774       ?latin1@QString@@QBEPBDXZ  00411774 f   qt-mt323:qt-mt323.dll
 0001:0001077a       ??H@YA?BVQString@@ABV0@0@Z 0041177a f   qt-mt323:qt-mt323.dll
 0001:00010780       ??H@YA?BVQString@@ABV0@PBD@Z 00411780 f   qt-mt323:qt-mt323.dll
 0001:00010786       ??H@YA?BVQString@@PBDABV0@@Z 00411786 f   qt-mt323:qt-mt323.dll
 0001:0001078c       ??0QObject@@QAE@PAV0@PBD@Z 0041178c f   qt-mt323:qt-mt323.dll
 0001:00010792       ??1QObject@@UAE@XZ         00411792 f   qt-mt323:qt-mt323.dll
 0001:00010798       ?startTimer@QObject@@QAEHH@Z 00411798 f   qt-mt323:qt-mt323.dll
 0001:0001079e       ?killTimer@QObject@@QAEXH@Z 0041179e f   qt-mt323:qt-mt323.dll
 0001:000107a4       ?toString@QDateTime@@QBE?AVQString@@W4DateFormat@Qt@@@Z 004117a4 f   qt-mt323:qt-mt323.dll
 0001:000107aa       ?checkConnectArgs@QObject@@MAE_NPBDPBV1@0@Z 004117aa f   qt-mt323:qt-mt323.dll
 0001:000107b0       ?childEvent@QObject@@MAEXPAVQChildEvent@@@Z 004117b0 f   qt-mt323:qt-mt323.dll
 0001:000107b6       ?connectNotify@QObject@@MAEXPBD@Z 004117b6 f   qt-mt323:qt-mt323.dll
 0001:000107bc       ?customEvent@QObject@@MAEXPAVQCustomEvent@@@Z 004117bc f   qt-mt323:qt-mt323.dll
 0001:000107c2       ?disconnectNotify@QObject@@MAEXPBD@Z 004117c2 f   qt-mt323:qt-mt323.dll
 0001:000107c8       ?event@QObject@@UAE_NPAVQEvent@@@Z 004117c8 f   qt-mt323:qt-mt323.dll
 0001:000107ce       ?eventFilter@QObject@@UAE_NPAV1@PAVQEvent@@@Z 004117ce f   qt-mt323:qt-mt323.dll
 0001:000107d4       ?insertChild@QObject@@UAEXPAV1@@Z 004117d4 f   qt-mt323:qt-mt323.dll
 0001:000107da       ?property@QObject@@UBE?AVQVariant@@PBD@Z 004117da f   qt-mt323:qt-mt323.dll
 0001:000107e0       ?removeChild@QObject@@UAEXPAV1@@Z 004117e0 f   qt-mt323:qt-mt323.dll
 0001:000107e6       ?setName@QObject@@UAEXPBD@Z 004117e6 f   qt-mt323:qt-mt323.dll
 0001:000107ec       ?setProperty@QObject@@UAE_NPBDABVQVariant@@@Z 004117ec f   qt-mt323:qt-mt323.dll
 0001:000107f2       ?setMainWidget@QApplication@@UAEXPAVQWidget@@@Z 004117f2 f   qt-mt323:qt-mt323.dll
 0001:000107f8       ?exec@QApplication@@QAEHXZ 004117f8 f   qt-mt323:qt-mt323.dll
 0001:000107fe       ?information@QMessageBox@@SAHPAVQWidget@@ABVQString@@1HHH@Z 004117fe f   qt-mt323:qt-mt323.dll
 0001:00010804       ?show@QMainWindow@@UAEXXZ  00411804 f   qt-mt323:qt-mt323.dll
 0001:0001080a       ?fromLatin1@QString@@SA?AV1@PBDH@Z 0041180a f   qt-mt323:qt-mt323.dll
 0001:00010810       ?fromUtf8@QString@@SA?AV1@PBDH@Z 00411810 f   qt-mt323:qt-mt323.dll
 0001:00010816       ?qt_cast@QDialog@@UAEPAXPBD@Z 00411816 f   qt-mt323:qt-mt323.dll
 0001:0001081c       ?qt_invoke@QDialog@@UAE_NHPAUQUObject@@@Z 0041181c f   qt-mt323:qt-mt323.dll
 0001:00010822       ?qt_emit@QDialog@@UAE_NHPAUQUObject@@@Z 00411822 f   qt-mt323:qt-mt323.dll
 0001:00010828       ?qt_property@QDialog@@UAE_NHHPAVQVariant@@@Z 00411828 f   qt-mt323:qt-mt323.dll
 0001:0001082e       ?staticMetaObject@QDialog@@SAPAVQMetaObject@@XZ 0041182e f   qt-mt323:qt-mt323.dll
 0001:00010834       ?new_metaobject@QMetaObject@@SAPAV1@PBDPAV1@QBUQMetaData@@H2HQBVQMetaProperty@@HQBUQMetaEnum@@HQBUQClassInfo@@H@Z 00411834 f   qt-mt323:qt-mt323.dll
 0001:0001083a       ??0QMetaObjectCleanUp@@QAE@PBDP6APAVQMetaObject@@XZ@Z 0041183a f   qt-mt323:qt-mt323.dll
 0001:00010840       ??1QMetaObjectCleanUp@@QAE@XZ 00411840 f   qt-mt323:qt-mt323.dll
 0001:00010846       ?setMetaObject@QMetaObjectCleanUp@@QAEXAAPAVQMetaObject@@@Z 00411846 f   qt-mt323:qt-mt323.dll
 0001:0001084c       ?translate@QApplication@@QBE?AVQString@@PBD00W4Encoding@1@@Z 0041184c f   qt-mt323:qt-mt323.dll
 0001:00010852       ?toInt@QString@@QBEHPA_NH@Z 00411852 f   qt-mt323:qt-mt323.dll
 0001:00010858       ?toUInt@QString@@QBEIPA_NH@Z 00411858 f   qt-mt323:qt-mt323.dll
 0001:0001085e       ?reset@QIODevice@@QAE_NXZ  0041185e f   qt-mt323:qt-mt323.dll
 0001:00010864       ??A?$QValueList@VQString@@@@QAEAAVQString@@I@Z 00411864 f   qt-mt323:qt-mt323.dll
 0001:0001086a       ?connect@QObject@@SA_NPBV1@PBD01@Z 0041186a f   qt-mt323:qt-mt323.dll
 0001:00010870       ??0QHostAddress@@QAE@XZ    00411870 f   qt-mt323:qt-mt323.dll
 0001:00010876       ??0QHostAddress@@QAE@I@Z   00411876 f   qt-mt323:qt-mt323.dll
 0001:0001087c       ??1QHostAddress@@UAE@XZ    0041187c f   qt-mt323:qt-mt323.dll
 0001:00010882       ?setAddress@QHostAddress@@QAE_NABVQString@@@Z 00411882 f   qt-mt323:qt-mt323.dll
 0001:00010888       ?toString@QHostAddress@@QBE?AVQString@@XZ 00411888 f   qt-mt323:qt-mt323.dll
 0001:0001088e       ??0QSocketDevice@@QAE@W4Type@0@@Z 0041188e f   qt-mt323:qt-mt323.dll
 0001:00010894       ??1QSocketDevice@@UAE@XZ   00411894 f   qt-mt323:qt-mt323.dll
 0001:0001089a       ?isValid@QSocketDevice@@QBE_NXZ 0041189a f   qt-mt323:qt-mt323.dll
 0001:000108a0       ?socket@QSocketDevice@@QBEHXZ 004118a0 f   qt-mt323:qt-mt323.dll
 0001:000108a6       ?peerAddress@QSocketDevice@@QBE?AVQHostAddress@@XZ 004118a6 f   qt-mt323:qt-mt323.dll
 0001:000108ac       ?error@QSocketDevice@@QBE?AW4Error@1@XZ 004118ac f   qt-mt323:qt-mt323.dll
 0001:000108b2       ??0QSocketNotifier@@QAE@HW4Type@0@PAVQObject@@PBD@Z 004118b2 f   qt-mt323:qt-mt323.dll
 0001:000108b8       ??1QSocketNotifier@@UAE@XZ 004118b8 f   qt-mt323:qt-mt323.dll
 0001:000108be       ?split@QStringList@@SA?AV1@ABVQString@@0_N@Z 004118be f   qt-mt323:qt-mt323.dll
 0001:000108c4       ??1QStringList@@QAE@XZ     004118c4 f   qt-mt323:qt-mt323.dll
 0001:000108ca       ?setTime_t@QDateTime@@QAEXI@Z 004118ca f   qt-mt323:qt-mt323.dll
 0001:000108d0       ?accept@QSocketDevice@@UAEHXZ 004118d0 f   qt-mt323:qt-mt323.dll
 0001:000108d6       ?at@QSocketDevice@@UAE_NK@Z 004118d6 f   qt-mt323:qt-mt323.dll
 0001:000108dc       ?at@QSocketDevice@@UBEKXZ  004118dc f   qt-mt323:qt-mt323.dll
 0001:000108e2       ?atEnd@QSocketDevice@@UBE_NXZ 004118e2 f   qt-mt323:qt-mt323.dll
 0001:000108e8       ?bind@QSocketDevice@@UAE_NABVQHostAddress@@G@Z 004118e8 f   qt-mt323:qt-mt323.dll
 0001:000108ee       ?className@QSocketNotifier@@UBEPBDXZ 004118ee f   qt-mt323:qt-mt323.dll
 0001:000108f4       ?close@QSocketDevice@@UAEXXZ 004118f4 f   qt-mt323:qt-mt323.dll
 0001:000108fa       ?connect@QSocketDevice@@UAE_NABVQHostAddress@@G@Z 004118fa f   qt-mt323:qt-mt323.dll
 0001:00010900       ?event@QSocketNotifier@@MAE_NPAVQEvent@@@Z 00411900 f   qt-mt323:qt-mt323.dll
 0001:00010906       ?flush@QSocketDevice@@UAEXXZ 00411906 f   qt-mt323:qt-mt323.dll
 0001:0001090c       ?getch@QSocketDevice@@UAEHXZ 0041190c f   qt-mt323:qt-mt323.dll
 0001:00010912       ?listen@QSocketDevice@@UAE_NH@Z 00411912 f   qt-mt323:qt-mt323.dll
 0001:00010918       ?metaObject@QSocketNotifier@@UBEPAVQMetaObject@@XZ 00411918 f   qt-mt323:qt-mt323.dll
 0001:0001091e       ?open@QSocketDevice@@UAE_NH@Z 0041191e f   qt-mt323:qt-mt323.dll
 0001:00010924       ?putch@QSocketDevice@@UAEHH@Z 00411924 f   qt-mt323:qt-mt323.dll
 0001:0001092a       ?qt_cast@QSocketNotifier@@UAEPAXPBD@Z 0041192a f   qt-mt323:qt-mt323.dll
 0001:00010930       ?qt_emit@QSocketNotifier@@UAE_NHPAUQUObject@@@Z 00411930 f   qt-mt323:qt-mt323.dll
 0001:00010936       ?qt_invoke@QSocketNotifier@@UAE_NHPAUQUObject@@@Z 00411936 f   qt-mt323:qt-mt323.dll
 0001:0001093c       ?qt_property@QSocketNotifier@@UAE_NHHPAVQVariant@@@Z 0041193c f   qt-mt323:qt-mt323.dll
 0001:00010942       ?readAll@QIODevice@@UAE?AV?$QMemArray@D@@XZ 00411942 f   qt-mt323:qt-mt323.dll
 0001:00010948       ?readBlock@QSocketDevice@@UAEJPADK@Z 00411948 f   qt-mt323:qt-mt323.dll
 0001:0001094e       ?readLine@QIODevice@@UAEJPADK@Z 0041194e f   qt-mt323:qt-mt323.dll
 0001:00010954       ?setAddressReusable@QSocketDevice@@UAEX_N@Z 00411954 f   qt-mt323:qt-mt323.dll
 0001:0001095a       ?setBlocking@QSocketDevice@@UAEX_N@Z 0041195a f   qt-mt323:qt-mt323.dll
 0001:00010960       ?setEnabled@QSocketNotifier@@UAEX_N@Z 00411960 f   qt-mt323:qt-mt323.dll
 0001:00010966       ?setOption@QSocketDevice@@EAEXW4Option@1@H@Z 00411966 f   qt-mt323:qt-mt323.dll
 0001:0001096c       ?setReceiveBufferSize@QSocketDevice@@UAEXI@Z 0041196c f   qt-mt323:qt-mt323.dll
 0001:00010972       ?setSendBufferSize@QSocketDevice@@UAEXI@Z 00411972 f   qt-mt323:qt-mt323.dll
 0001:00010978       ?setSocket@QSocketDevice@@UAEXHW4Type@1@@Z 00411978 f   qt-mt323:qt-mt323.dll
 0001:0001097e       ?size@QSocketDevice@@UBEKXZ 0041197e f   qt-mt323:qt-mt323.dll
 0001:00010984       ?timerEvent@QObject@@MAEXPAVQTimerEvent@@@Z 00411984 f   qt-mt323:qt-mt323.dll
 0001:0001098a       ?ungetch@QSocketDevice@@UAEHH@Z 0041198a f   qt-mt323:qt-mt323.dll
 0001:00010990       ?writeBlock@QSocketDevice@@UAEJPBDK@Z 00411990 f   qt-mt323:qt-mt323.dll
 0001:00010996       ?writeBlock@QSocketDevice@@UAEJPBDKABVQHostAddress@@G@Z 00411996 f   qt-mt323:qt-mt323.dll
 0001:0001099c       ?setName@QWidget@@UAEXPBD@Z 0041199c f   qt-mt323:qt-mt323.dll
 0001:000109a2       ??0QDialog@@QAE@PAVQWidget@@PBD_NI@Z 004119a2 f   qt-mt323:qt-mt323.dll
 0001:000109a8       ??1QDialog@@UAE@XZ         004119a8 f   qt-mt323:qt-mt323.dll
 0001:000109ae       ?resize@QDialog@@QAEXABVQSize@@@Z 004119ae f   qt-mt323:qt-mt323.dll
 0001:000109b4       ?minimumSizeHint@QDialog@@UBE?AVQSize@@XZ 004119b4 f   qt-mt323:qt-mt323.dll
 0001:000109ba       ?setSizeGripEnabled@QDialog@@QAEX_N@Z 004119ba f   qt-mt323:qt-mt323.dll
 0001:000109c0       ?setModal@QDialog@@QAEX_N@Z 004119c0 f   qt-mt323:qt-mt323.dll
 0001:000109c6       ??0QKeySequence@@QAE@ABVQString@@@Z 004119c6 f   qt-mt323:qt-mt323.dll
 0001:000109cc       ??1QKeySequence@@QAE@XZ    004119cc f   qt-mt323:qt-mt323.dll
 0001:000109d2       ??1QButton@@UAE@XZ         004119d2 f   qt-mt323:qt-mt323.dll
 0001:000109d8       ??0QPushButton@@QAE@PAVQWidget@@PBD@Z 004119d8 f   qt-mt323:qt-mt323.dll
 0001:000109de       ??1QPushButton@@UAE@XZ     004119de f   qt-mt323:qt-mt323.dll
 0001:000109e4       ??0QLabel@@QAE@PAVQWidget@@PBDI@Z 004119e4 f   qt-mt323:qt-mt323.dll
 0001:000109ea       ??1QLabel@@UAE@XZ          004119ea f   qt-mt323:qt-mt323.dll
 0001:000109f0       ??0QSpinBox@@QAE@PAVQWidget@@PBD@Z 004119f0 f   qt-mt323:qt-mt323.dll
 0001:000109f6       ??1QSpinBox@@UAE@XZ        004119f6 f   qt-mt323:qt-mt323.dll
 0001:000109fc       ?setMinValue@QSpinBox@@QAEXH@Z 004119fc f   qt-mt323:qt-mt323.dll
 0001:00010a02       ?setMaxValue@QSpinBox@@QAEXH@Z 00411a02 f   qt-mt323:qt-mt323.dll
 0001:00010a08       ??0QCheckBox@@QAE@PAVQWidget@@PBD@Z 00411a08 f   qt-mt323:qt-mt323.dll
 0001:00010a0e       ??1QLayoutItem@@UAE@XZ     00411a0e f   qt-mt323:qt-mt323.dll
 0001:00010a14       ?setResizeMode@QLayout@@QAEXW4ResizeMode@1@@Z 00411a14 f   qt-mt323:qt-mt323.dll
 0001:00010a1a       ?addWidget@QBoxLayout@@QAEXPAVQWidget@@HH@Z 00411a1a f   qt-mt323:qt-mt323.dll
 0001:00010a20       ?addLayout@QBoxLayout@@QAEXPAVQLayout@@H@Z 00411a20 f   qt-mt323:qt-mt323.dll
 0001:00010a26       ??0QHBoxLayout@@QAE@PAVQWidget@@HHPBD@Z 00411a26 f   qt-mt323:qt-mt323.dll
 0001:00010a2c       ??1QHBoxLayout@@UAE@XZ     00411a2c f   qt-mt323:qt-mt323.dll
 0001:00010a32       ??0QVBoxLayout@@QAE@PAVQWidget@@HHPBD@Z 00411a32 f   qt-mt323:qt-mt323.dll
 0001:00010a38       ??1QVBoxLayout@@UAE@XZ     00411a38 f   qt-mt323:qt-mt323.dll
 0001:00010a3e       ?add@QWhatsThis@@SAXPAVQWidget@@ABVQString@@@Z 00411a3e f   qt-mt323:qt-mt323.dll
 0001:00010a44       ?accept@QDialog@@MAEXXZ    00411a44 f   qt-mt323:qt-mt323.dll
 0001:00010a4a       ?addItem@QBoxLayout@@UAEXPAVQLayoutItem@@@Z 00411a4a f   qt-mt323:qt-mt323.dll
 0001:00010a50       ?adjustSize@QWidget@@UAEXXZ 00411a50 f   qt-mt323:qt-mt323.dll
 0001:00010a56       ?childEvent@QLayout@@MAEXPAVQChildEvent@@@Z 00411a56 f   qt-mt323:qt-mt323.dll
 0001:00010a5c       ?className@QCheckBox@@UBEPBDXZ 00411a5c f   qt-mt323:qt-mt323.dll
 0001:00010a62       ?className@QHBoxLayout@@UBEPBDXZ 00411a62 f   qt-mt323:qt-mt323.dll
 0001:00010a68       ?className@QLabel@@UBEPBDXZ 00411a68 f   qt-mt323:qt-mt323.dll
 0001:00010a6e       ?className@QPushButton@@UBEPBDXZ 00411a6e f   qt-mt323:qt-mt323.dll
 0001:00010a74       ?className@QSpinBox@@UBEPBDXZ 00411a74 f   qt-mt323:qt-mt323.dll
 0001:00010a7a       ?className@QVBoxLayout@@UBEPBDXZ 00411a7a f   qt-mt323:qt-mt323.dll
 0001:00010a80       ?cleanText@QSpinBox@@UBE?AVQString@@XZ 00411a80 f   qt-mt323:qt-mt323.dll
 0001:00010a86       ?close@QWidget@@UAE_N_N@Z  00411a86 f   qt-mt323:qt-mt323.dll
 0001:00010a8c       ?closeEvent@QDialog@@MAEXPAVQCloseEvent@@@Z 00411a8c f   qt-mt323:qt-mt323.dll
 0001:00010a92       ?closeEvent@QWidget@@MAEXPAVQCloseEvent@@@Z 00411a92 f   qt-mt323:qt-mt323.dll
 0001:00010a98       ?cmd@QPaintDevice@@MAE_NHPAVQPainter@@PATQPDevCmdParam@@@Z 00411a98 f   qt-mt323:qt-mt323.dll
 0001:00010a9e       ?contextMenuEvent@QDialog@@MAEXPAVQContextMenuEvent@@@Z 00411a9e f   qt-mt323:qt-mt323.dll
 0001:00010aa4       ?contextMenuEvent@QWidget@@MAEXPAVQContextMenuEvent@@@Z 00411aa4 f   qt-mt323:qt-mt323.dll
 0001:00010aaa       ?create@QWidget@@MAEXPAUHWND__@@_N1@Z 00411aaa f   qt-mt323:qt-mt323.dll
 0001:00010ab0       ?customWhatsThis@QWidget@@UBE_NXZ 00411ab0 f   qt-mt323:qt-mt323.dll
 0001:00010ab6       ?destroy@QWidget@@MAEX_N0@Z 00411ab6 f   qt-mt323:qt-mt323.dll
 0001:00010abc       ?done@QDialog@@MAEXH@Z     00411abc f   qt-mt323:qt-mt323.dll
 0001:00010ac2       ?dragEnterEvent@QWidget@@MAEXPAVQDragEnterEvent@@@Z 00411ac2 f   qt-mt323:qt-mt323.dll
 0001:00010ac8       ?dragLeaveEvent@QWidget@@MAEXPAVQDragLeaveEvent@@@Z 00411ac8 f   qt-mt323:qt-mt323.dll
 0001:00010ace       ?dragMoveEvent@QWidget@@MAEXPAVQDragMoveEvent@@@Z 00411ace f   qt-mt323:qt-mt323.dll
 0001:00010ad4       ?drawButton@QCheckBox@@MAEXPAVQPainter@@@Z 00411ad4 f   qt-mt323:qt-mt323.dll
 0001:00010ada       ?drawButton@QPushButton@@MAEXPAVQPainter@@@Z 00411ada f   qt-mt323:qt-mt323.dll
 0001:00010ae0       ?drawButtonLabel@QCheckBox@@MAEXPAVQPainter@@@Z 00411ae0 f   qt-mt323:qt-mt323.dll
 0001:00010ae6       ?drawButtonLabel@QPushButton@@MAEXPAVQPainter@@@Z 00411ae6 f   qt-mt323:qt-mt323.dll
 0001:00010aec       ?drawContents@QLabel@@MAEXPAVQPainter@@@Z 00411aec f   qt-mt323:qt-mt323.dll
 0001:00010af2       ?drawFrame@QFrame@@MAEXPAVQPainter@@@Z 00411af2 f   qt-mt323:qt-mt323.dll
 0001:00010af8       ?dropEvent@QWidget@@MAEXPAVQDropEvent@@@Z 00411af8 f   qt-mt323:qt-mt323.dll
 0001:00010afe       ?enabledChange@QButton@@MAEX_N@Z 00411afe f   qt-mt323:qt-mt323.dll
 0001:00010b04       ?enabledChange@QWidget@@MAEX_N@Z 00411b04 f   qt-mt323:qt-mt323.dll
 0001:00010b0a       ?enterEvent@QWidget@@MAEXPAVQEvent@@@Z 00411b0a f   qt-mt323:qt-mt323.dll
 0001:00010b10       ?event@QWidget@@MAE_NPAVQEvent@@@Z 00411b10 f   qt-mt323:qt-mt323.dll
 0001:00010b16       ?eventFilter@QDialog@@MAE_NPAVQObject@@PAVQEvent@@@Z 00411b16 f   qt-mt323:qt-mt323.dll
 0001:00010b1c       ?eventFilter@QLayout@@MAE_NPAVQObject@@PAVQEvent@@@Z 00411b1c f   qt-mt323:qt-mt323.dll
 0001:00010b22       ?eventFilter@QSpinBox@@MAE_NPAVQObject@@PAVQEvent@@@Z 00411b22 f   qt-mt323:qt-mt323.dll
 0001:00010b28       ?expanding@QBoxLayout@@UBE?AW4ExpandData@QSizePolicy@@XZ 00411b28 f   qt-mt323:qt-mt323.dll
 0001:00010b2e       ?expanding@QSpacerItem@@UBE?AW4ExpandData@QSizePolicy@@XZ 00411b2e f   qt-mt323:qt-mt323.dll
 0001:00010b34       ?focusInEvent@QButton@@MAEXPAVQFocusEvent@@@Z 00411b34 f   qt-mt323:qt-mt323.dll
 0001:00010b3a       ?focusInEvent@QPushButton@@MAEXPAVQFocusEvent@@@Z 00411b3a f   qt-mt323:qt-mt323.dll
 0001:00010b40       ?focusInEvent@QWidget@@MAEXPAVQFocusEvent@@@Z 00411b40 f   qt-mt323:qt-mt323.dll
 0001:00010b46       ?focusNextPrevChild@QWidget@@MAE_N_N@Z 00411b46 f   qt-mt323:qt-mt323.dll
 0001:00010b4c       ?focusOutEvent@QButton@@MAEXPAVQFocusEvent@@@Z 00411b4c f   qt-mt323:qt-mt323.dll
 0001:00010b52       ?focusOutEvent@QPushButton@@MAEXPAVQFocusEvent@@@Z 00411b52 f   qt-mt323:qt-mt323.dll
 0001:00010b58       ?focusOutEvent@QWidget@@MAEXPAVQFocusEvent@@@Z 00411b58 f   qt-mt323:qt-mt323.dll
 0001:00010b5e       ?fontChange@QLabel@@MAEXABVQFont@@@Z 00411b5e f   qt-mt323:qt-mt323.dll
 0001:00010b64       ?fontChange@QWidget@@MAEXABVQFont@@@Z 00411b64 f   qt-mt323:qt-mt323.dll
 0001:00010b6a       ?fontInf@QPaintDevice@@MBEHPAVQFont@@H@Z 00411b6a f   qt-mt323:qt-mt323.dll
 0001:00010b70       ?fontMet@QPaintDevice@@MBEHPAVQFont@@HPBDH@Z 00411b70 f   qt-mt323:qt-mt323.dll
 0001:00010b76       ?frameChanged@QFrame@@MAEXXZ 00411b76 f   qt-mt323:qt-mt323.dll
 0001:00010b7c       ?geometry@QLayout@@UBE?AVQRect@@XZ 00411b7c f   qt-mt323:qt-mt323.dll
 0001:00010b82       ?geometry@QSpacerItem@@UBE?AVQRect@@XZ 00411b82 f   qt-mt323:qt-mt323.dll
 0001:00010b88       ?handle@QPaintDevice@@UBEPAUHDC__@@XZ 00411b88 f   qt-mt323:qt-mt323.dll
 0001:00010b8e       ?hasHeightForWidth@QBoxLayout@@UBE_NXZ 00411b8e f   qt-mt323:qt-mt323.dll
 0001:00010b94       ?hasHeightForWidth@QLayoutItem@@UBE_NXZ 00411b94 f   qt-mt323:qt-mt323.dll
 0001:00010b9a       ?heightForWidth@QBoxLayout@@UBEHH@Z 00411b9a f   qt-mt323:qt-mt323.dll
 0001:00010ba0       ?heightForWidth@QLabel@@UBEHH@Z 00411ba0 f   qt-mt323:qt-mt323.dll
 0001:00010ba6       ?heightForWidth@QLayoutItem@@UBEHH@Z 00411ba6 f   qt-mt323:qt-mt323.dll
 0001:00010bac       ?heightForWidth@QWidget@@UBEHH@Z 00411bac f   qt-mt323:qt-mt323.dll
 0001:00010bb2       ?hide@QDialog@@UAEXXZ      00411bb2 f   qt-mt323:qt-mt323.dll
 0001:00010bb8       ?hide@QWidget@@UAEXXZ      00411bb8 f   qt-mt323:qt-mt323.dll
 0001:00010bbe       ?hideEvent@QWidget@@MAEXPAVQHideEvent@@@Z 00411bbe f   qt-mt323:qt-mt323.dll
 0001:00010bc4       ?hitButton@QButton@@MBE_NABVQPoint@@@Z 00411bc4 f   qt-mt323:qt-mt323.dll
 0001:00010bca       ?hitButton@QCheckBox@@MBE_NABVQPoint@@@Z 00411bca f   qt-mt323:qt-mt323.dll
 0001:00010bd0       ?imComposeEvent@QWidget@@MAEXPAVQIMEvent@@@Z 00411bd0 f   qt-mt323:qt-mt323.dll
 0001:00010bd6       ?imEndEvent@QWidget@@MAEXPAVQIMEvent@@@Z 00411bd6 f   qt-mt323:qt-mt323.dll
 0001:00010bdc       ?imStartEvent@QWidget@@MAEXPAVQIMEvent@@@Z 00411bdc f   qt-mt323:qt-mt323.dll
 0001:00010be2       ?interpretText@QSpinBox@@MAEXXZ 00411be2 f   qt-mt323:qt-mt323.dll
 0001:00010be8       ?invalidate@QBoxLayout@@UAEXXZ 00411be8 f   qt-mt323:qt-mt323.dll
 0001:00010bee       ?invalidate@QLayoutItem@@UAEXXZ 00411bee f   qt-mt323:qt-mt323.dll
 0001:00010bf4       ?isEmpty@QLayout@@UBE_NXZ  00411bf4 f   qt-mt323:qt-mt323.dll
 0001:00010bfa       ?isEmpty@QSpacerItem@@UBE_NXZ 00411bfa f   qt-mt323:qt-mt323.dll
 0001:00010c00       ?iterator@QBoxLayout@@UAE?AVQLayoutIterator@@XZ 00411c00 f   qt-mt323:qt-mt323.dll
 0001:00010c06       ?iterator@QLayoutItem@@UAE?AVQLayoutIterator@@XZ 00411c06 f   qt-mt323:qt-mt323.dll
 0001:00010c0c       ?keyPressEvent@QButton@@MAEXPAVQKeyEvent@@@Z 00411c0c f   qt-mt323:qt-mt323.dll
 0001:00010c12       ?keyPressEvent@QDialog@@MAEXPAVQKeyEvent@@@Z 00411c12 f   qt-mt323:qt-mt323.dll
 0001:00010c18       ?keyPressEvent@QWidget@@MAEXPAVQKeyEvent@@@Z 00411c18 f   qt-mt323:qt-mt323.dll
 0001:00010c1e       ?keyReleaseEvent@QButton@@MAEXPAVQKeyEvent@@@Z 00411c1e f   qt-mt323:qt-mt323.dll
 0001:00010c24       ?keyReleaseEvent@QWidget@@MAEXPAVQKeyEvent@@@Z 00411c24 f   qt-mt323:qt-mt323.dll
 0001:00010c2a       ?layout@QLayout@@UAEPAV1@XZ 00411c2a f   qt-mt323:qt-mt323.dll
 0001:00010c30       ?layout@QLayoutItem@@UAEPAVQLayout@@XZ 00411c30 f   qt-mt323:qt-mt323.dll
 0001:00010c36       ?leaveEvent@QSpinBox@@MAEXPAVQEvent@@@Z 00411c36 f   qt-mt323:qt-mt323.dll
 0001:00010c3c       ?leaveEvent@QWidget@@MAEXPAVQEvent@@@Z 00411c3c f   qt-mt323:qt-mt323.dll
 0001:00010c42       ?mapTextToValue@QSpinBox@@MAEHPA_N@Z 00411c42 f   qt-mt323:qt-mt323.dll
 0001:00010c48       ?mapValueToText@QSpinBox@@MAE?AVQString@@H@Z 00411c48 f   qt-mt323:qt-mt323.dll
 0001:00010c4e       ?maximumSize@QBoxLayout@@UBE?AVQSize@@XZ 00411c4e f   qt-mt323:qt-mt323.dll
 0001:00010c54       ?maximumSize@QSpacerItem@@UBE?AVQSize@@XZ 00411c54 f   qt-mt323:qt-mt323.dll
 0001:00010c5a       ?metaObject@QCheckBox@@UBEPAVQMetaObject@@XZ 00411c5a f   qt-mt323:qt-mt323.dll
 0001:00010c60       ?metaObject@QHBoxLayout@@UBEPAVQMetaObject@@XZ 00411c60 f   qt-mt323:qt-mt323.dll
 0001:00010c66       ?metaObject@QLabel@@UBEPAVQMetaObject@@XZ 00411c66 f   qt-mt323:qt-mt323.dll
 0001:00010c6c       ?metaObject@QPushButton@@UBEPAVQMetaObject@@XZ 00411c6c f   qt-mt323:qt-mt323.dll
 0001:00010c72       ?metaObject@QSpinBox@@UBEPAVQMetaObject@@XZ 00411c72 f   qt-mt323:qt-mt323.dll
 0001:00010c78       ?metaObject@QVBoxLayout@@UBEPAVQMetaObject@@XZ 00411c78 f   qt-mt323:qt-mt323.dll
 0001:00010c7e       ?metric@QWidget@@MBEHH@Z   00411c7e f   qt-mt323:qt-mt323.dll
 0001:00010c84       ?minimumSize@QBoxLayout@@UBE?AVQSize@@XZ 00411c84 f   qt-mt323:qt-mt323.dll
 0001:00010c8a       ?minimumSize@QSpacerItem@@UBE?AVQSize@@XZ 00411c8a f   qt-mt323:qt-mt323.dll
 0001:00010c90       ?minimumSizeHint@QLabel@@UBE?AVQSize@@XZ 00411c90 f   qt-mt323:qt-mt323.dll
 0001:00010c96       ?minimumSizeHint@QSpinBox@@UBE?AVQSize@@XZ 00411c96 f   qt-mt323:qt-mt323.dll
 0001:00010c9c       ?minimumSizeHint@QWidget@@UBE?AVQSize@@XZ 00411c9c f   qt-mt323:qt-mt323.dll
 0001:00010ca2       ?mouseDoubleClickEvent@QWidget@@MAEXPAVQMouseEvent@@@Z 00411ca2 f   qt-mt323:qt-mt323.dll
 0001:00010ca8       ?mouseMoveEvent@QButton@@MAEXPAVQMouseEvent@@@Z 00411ca8 f   qt-mt323:qt-mt323.dll
 0001:00010cae       ?mouseMoveEvent@QWidget@@MAEXPAVQMouseEvent@@@Z 00411cae f   qt-mt323:qt-mt323.dll
 0001:00010cb4       ?mousePressEvent@QButton@@MAEXPAVQMouseEvent@@@Z 00411cb4 f   qt-mt323:qt-mt323.dll
 0001:00010cba       ?mousePressEvent@QWidget@@MAEXPAVQMouseEvent@@@Z 00411cba f   qt-mt323:qt-mt323.dll
 0001:00010cc0       ?mouseReleaseEvent@QButton@@MAEXPAVQMouseEvent@@@Z 00411cc0 f   qt-mt323:qt-mt323.dll
 0001:00010cc6       ?mouseReleaseEvent@QWidget@@MAEXPAVQMouseEvent@@@Z 00411cc6 f   qt-mt323:qt-mt323.dll
 0001:00010ccc       ?move@QDialog@@UAEXHH@Z    00411ccc f   qt-mt323:qt-mt323.dll
 0001:00010cd2       ?move@QPushButton@@UAEXHH@Z 00411cd2 f   qt-mt323:qt-mt323.dll
 0001:00010cd8       ?move@QWidget@@UAEXHH@Z    00411cd8 f   qt-mt323:qt-mt323.dll
 0001:00010cde       ?moveEvent@QWidget@@MAEXPAVQMoveEvent@@@Z 00411cde f   qt-mt323:qt-mt323.dll
 0001:00010ce4       ?paintEvent@QButton@@MAEXPAVQPaintEvent@@@Z 00411ce4 f   qt-mt323:qt-mt323.dll
 0001:00010cea       ?paintEvent@QFrame@@MAEXPAVQPaintEvent@@@Z 00411cea f   qt-mt323:qt-mt323.dll
 0001:00010cf0       ?paintEvent@QWidget@@MAEXPAVQPaintEvent@@@Z 00411cf0 f   qt-mt323:qt-mt323.dll
 0001:00010cf6       ?paletteChange@QWidget@@MAEXABVQPalette@@@Z 00411cf6 f   qt-mt323:qt-mt323.dll
 0001:00010cfc       ?polish@QWidget@@UAEXXZ    00411cfc f   qt-mt323:qt-mt323.dll
 0001:00010d02       ?prefix@QSpinBox@@UBE?AVQString@@XZ 00411d02 f   qt-mt323:qt-mt323.dll
 0001:00010d08       ?qt_cast@QCheckBox@@UAEPAXPBD@Z 00411d08 f   qt-mt323:qt-mt323.dll
 0001:00010d0e       ?qt_cast@QHBoxLayout@@UAEPAXPBD@Z 00411d0e f   qt-mt323:qt-mt323.dll
 0001:00010d14       ?qt_cast@QLabel@@UAEPAXPBD@Z 00411d14 f   qt-mt323:qt-mt323.dll
 0001:00010d1a       ?qt_cast@QPushButton@@UAEPAXPBD@Z 00411d1a f   qt-mt323:qt-mt323.dll
 0001:00010d20       ?qt_cast@QSpinBox@@UAEPAXPBD@Z 00411d20 f   qt-mt323:qt-mt323.dll
 0001:00010d26       ?qt_cast@QVBoxLayout@@UAEPAXPBD@Z 00411d26 f   qt-mt323:qt-mt323.dll
 0001:00010d2c       ?qt_emit@QCheckBox@@UAE_NHPAUQUObject@@@Z 00411d2c f   qt-mt323:qt-mt323.dll
 0001:00010d32       ?qt_emit@QHBoxLayout@@UAE_NHPAUQUObject@@@Z 00411d32 f   qt-mt323:qt-mt323.dll
 0001:00010d38       ?qt_emit@QLabel@@UAE_NHPAUQUObject@@@Z 00411d38 f   qt-mt323:qt-mt323.dll
 0001:00010d3e       ?qt_emit@QPushButton@@UAE_NHPAUQUObject@@@Z 00411d3e f   qt-mt323:qt-mt323.dll
 0001:00010d44       ?qt_emit@QSpinBox@@UAE_NHPAUQUObject@@@Z 00411d44 f   qt-mt323:qt-mt323.dll
 0001:00010d4a       ?qt_emit@QVBoxLayout@@UAE_NHPAUQUObject@@@Z 00411d4a f   qt-mt323:qt-mt323.dll
 0001:00010d50       ?qt_invoke@QCheckBox@@UAE_NHPAUQUObject@@@Z 00411d50 f   qt-mt323:qt-mt323.dll
 0001:00010d56       ?qt_invoke@QHBoxLayout@@UAE_NHPAUQUObject@@@Z 00411d56 f   qt-mt323:qt-mt323.dll
 0001:00010d5c       ?qt_invoke@QLabel@@UAE_NHPAUQUObject@@@Z 00411d5c f   qt-mt323:qt-mt323.dll
 0001:00010d62       ?qt_invoke@QPushButton@@UAE_NHPAUQUObject@@@Z 00411d62 f   qt-mt323:qt-mt323.dll
 0001:00010d68       ?qt_invoke@QSpinBox@@UAE_NHPAUQUObject@@@Z 00411d68 f   qt-mt323:qt-mt323.dll
 0001:00010d6e       ?qt_invoke@QVBoxLayout@@UAE_NHPAUQUObject@@@Z 00411d6e f   qt-mt323:qt-mt323.dll
 0001:00010d74       ?qt_property@QCheckBox@@UAE_NHHPAVQVariant@@@Z 00411d74 f   qt-mt323:qt-mt323.dll
 0001:00010d7a       ?qt_property@QHBoxLayout@@UAE_NHHPAVQVariant@@@Z 00411d7a f   qt-mt323:qt-mt323.dll
 0001:00010d80       ?qt_property@QLabel@@UAE_NHHPAVQVariant@@@Z 00411d80 f   qt-mt323:qt-mt323.dll
 0001:00010d86       ?qt_property@QPushButton@@UAE_NHHPAVQVariant@@@Z 00411d86 f   qt-mt323:qt-mt323.dll
 0001:00010d8c       ?qt_property@QSpinBox@@UAE_NHHPAVQVariant@@@Z 00411d8c f   qt-mt323:qt-mt323.dll
 0001:00010d92       ?qt_property@QVBoxLayout@@UAE_NHHPAVQVariant@@@Z 00411d92 f   qt-mt323:qt-mt323.dll
 0001:00010d98       ?rangeChange@QSpinBox@@MAEXXZ 00411d98 f   qt-mt323:qt-mt323.dll
 0001:00010d9e       ?reject@QDialog@@MAEXXZ    00411d9e f   qt-mt323:qt-mt323.dll
 0001:00010da4       ?reparent@QWidget@@UAEXPAV1@IABVQPoint@@_N@Z 00411da4 f   qt-mt323:qt-mt323.dll
 0001:00010daa       ?resize@QDialog@@UAEXHH@Z  00411daa f   qt-mt323:qt-mt323.dll
 0001:00010db0       ?resize@QPushButton@@UAEXHH@Z 00411db0 f   qt-mt323:qt-mt323.dll
 0001:00010db6       ?resize@QWidget@@UAEXHH@Z  00411db6 f   qt-mt323:qt-mt323.dll
 0001:00010dbc       ?resizeEvent@QCheckBox@@MAEXPAVQResizeEvent@@@Z 00411dbc f   qt-mt323:qt-mt323.dll
 0001:00010dc2       ?resizeEvent@QDialog@@MAEXPAVQResizeEvent@@@Z 00411dc2 f   qt-mt323:qt-mt323.dll
 0001:00010dc8       ?resizeEvent@QLabel@@MAEXPAVQResizeEvent@@@Z 00411dc8 f   qt-mt323:qt-mt323.dll
 0001:00010dce       ?resizeEvent@QPushButton@@MAEXPAVQResizeEvent@@@Z 00411dce f   qt-mt323:qt-mt323.dll
 0001:00010dd4       ?resizeEvent@QSpinBox@@MAEXPAVQResizeEvent@@@Z 00411dd4 f   qt-mt323:qt-mt323.dll
 0001:00010dda       ?resolution@QPaintDevice@@UBEHXZ 00411dda f   qt-mt323:qt-mt323.dll
 0001:00010de0       ?selectAll@QSpinBox@@UAEXXZ 00411de0 f   qt-mt323:qt-mt323.dll
 0001:00010de6       ?setAccel@QButton@@UAEXABVQKeySequence@@@Z 00411de6 f   qt-mt323:qt-mt323.dll
 0001:00010dec       ?setAcceptDrops@QWidget@@UAEX_N@Z 00411dec f   qt-mt323:qt-mt323.dll
 0001:00010df2       ?setActiveWindow@QWidget@@UAEXXZ 00411df2 f   qt-mt323:qt-mt323.dll
 0001:00010df8       ?setAlignment@QLabel@@UAEXH@Z 00411df8 f   qt-mt323:qt-mt323.dll
 0001:00010dfe       ?setAlignment@QLayoutItem@@UAEXH@Z 00411dfe f   qt-mt323:qt-mt323.dll
 0001:00010e04       ?setAutoAdd@QLayout@@UAEX_N@Z 00411e04 f   qt-mt323:qt-mt323.dll
 0001:00010e0a       ?setAutoDefault@QPushButton@@UAEX_N@Z 00411e0a f   qt-mt323:qt-mt323.dll
 0001:00010e10       ?setAutoMask@QWidget@@UAEX_N@Z 00411e10 f   qt-mt323:qt-mt323.dll
 0001:00010e16       ?setAutoRepeat@QButton@@UAEX_N@Z 00411e16 f   qt-mt323:qt-mt323.dll
 0001:00010e1c       ?setAutoResize@QLabel@@UAEX_N@Z 00411e1c f   qt-mt323:qt-mt323.dll
 0001:00010e22       ?setBackgroundColor@QWidget@@UAEXABVQColor@@@Z 00411e22 f   qt-mt323:qt-mt323.dll
 0001:00010e28       ?setBackgroundMode@QWidget@@UAEXW4BackgroundMode@Qt@@@Z 00411e28 f   qt-mt323:qt-mt323.dll
 0001:00010e2e       ?setBackgroundOrigin@QWidget@@UAEXW4BackgroundOrigin@1@@Z 00411e2e f   qt-mt323:qt-mt323.dll
 0001:00010e34       ?setBackgroundPixmap@QWidget@@UAEXABVQPixmap@@@Z 00411e34 f   qt-mt323:qt-mt323.dll
 0001:00010e3a       ?setBuddy@QLabel@@UAEXPAVQWidget@@@Z 00411e3a f   qt-mt323:qt-mt323.dll
 0001:00010e40       ?setButtonSymbols@QSpinBox@@UAEXW4ButtonSymbols@1@@Z 00411e40 f   qt-mt323:qt-mt323.dll
 0001:00010e46       ?setCaption@QWidget@@UAEXABVQString@@@Z 00411e46 f   qt-mt323:qt-mt323.dll
 0001:00010e4c       ?setCursor@QWidget@@UAEXABVQCursor@@@Z 00411e4c f   qt-mt323:qt-mt323.dll
 0001:00010e52       ?setDefault@QPushButton@@UAEX_N@Z 00411e52 f   qt-mt323:qt-mt323.dll
 0001:00010e58       ?setDown@QButton@@UAEX_N@Z 00411e58 f   qt-mt323:qt-mt323.dll
 0001:00010e5e       ?setEnabled@QSpinBox@@UAEX_N@Z 00411e5e f   qt-mt323:qt-mt323.dll
 0001:00010e64       ?setEnabled@QWidget@@UAEX_N@Z 00411e64 f   qt-mt323:qt-mt323.dll
 0001:00010e6a       ?setEraseColor@QWidget@@UAEXABVQColor@@@Z 00411e6a f   qt-mt323:qt-mt323.dll
 0001:00010e70       ?setErasePixmap@QWidget@@UAEXABVQPixmap@@@Z 00411e70 f   qt-mt323:qt-mt323.dll
 0001:00010e76       ?setFocus@QWidget@@UAEXXZ  00411e76 f   qt-mt323:qt-mt323.dll
 0001:00010e7c       ?setFocusPolicy@QWidget@@UAEXW4FocusPolicy@1@@Z 00411e7c f   qt-mt323:qt-mt323.dll
 0001:00010e82       ?setFocusProxy@QWidget@@UAEXPAV1@@Z 00411e82 f   qt-mt323:qt-mt323.dll
 0001:00010e88       ?setFont@QLabel@@UAEXABVQFont@@@Z 00411e88 f   qt-mt323:qt-mt323.dll
 0001:00010e8e       ?setFont@QWidget@@UAEXABVQFont@@@Z 00411e8e f   qt-mt323:qt-mt323.dll
 0001:00010e94       ?setFrameRect@QFrame@@UAEXABVQRect@@@Z 00411e94 f   qt-mt323:qt-mt323.dll
 0001:00010e9a       ?setFrameStyle@QFrame@@UAEXH@Z 00411e9a f   qt-mt323:qt-mt323.dll
 0001:00010ea0       ?setGeometry@QBoxLayout@@UAEXABVQRect@@@Z 00411ea0 f   qt-mt323:qt-mt323.dll
 0001:00010ea6       ?setGeometry@QDialog@@UAEXABVQRect@@@Z 00411ea6 f   qt-mt323:qt-mt323.dll
 0001:00010eac       ?setGeometry@QDialog@@UAEXHHHH@Z 00411eac f   qt-mt323:qt-mt323.dll
 0001:00010eb2       ?setGeometry@QPushButton@@UAEXABVQRect@@@Z 00411eb2 f   qt-mt323:qt-mt323.dll
 0001:00010eb8       ?setGeometry@QPushButton@@UAEXHHHH@Z 00411eb8 f   qt-mt323:qt-mt323.dll
 0001:00010ebe       ?setGeometry@QSpacerItem@@UAEXABVQRect@@@Z 00411ebe f   qt-mt323:qt-mt323.dll
 0001:00010ec4       ?setGeometry@QWidget@@UAEXABVQRect@@@Z 00411ec4 f   qt-mt323:qt-mt323.dll
 0001:00010eca       ?setGeometry@QWidget@@UAEXHHHH@Z 00411eca f   qt-mt323:qt-mt323.dll
 0001:00010ed0       ?setGroup@QButton@@EAEXPAVQButtonGroup@@@Z 00411ed0 f   qt-mt323:qt-mt323.dll
 0001:00010ed6       ?setIcon@QWidget@@UAEXABVQPixmap@@@Z 00411ed6 f   qt-mt323:qt-mt323.dll
 0001:00010edc       ?setIconText@QWidget@@UAEXABVQString@@@Z 00411edc f   qt-mt323:qt-mt323.dll
 0001:00010ee2       ?setIsMenuButton@QPushButton@@UAEX_N@Z 00411ee2 f   qt-mt323:qt-mt323.dll
 0001:00010ee8       ?setKeyCompression@QWidget@@MAEX_N@Z 00411ee8 f   qt-mt323:qt-mt323.dll
 0001:00010eee       ?setLineWidth@QFrame@@UAEXH@Z 00411eee f   qt-mt323:qt-mt323.dll
 0001:00010ef4       ?setMargin@QFrame@@UAEXH@Z 00411ef4 f   qt-mt323:qt-mt323.dll
 0001:00010efa       ?setMargin@QLayout@@UAEXH@Z 00411efa f   qt-mt323:qt-mt323.dll
 0001:00010f00       ?setMask@QWidget@@UAEXABVQBitmap@@@Z 00411f00 f   qt-mt323:qt-mt323.dll
 0001:00010f06       ?setMask@QWidget@@UAEXABVQRegion@@@Z 00411f06 f   qt-mt323:qt-mt323.dll
 0001:00010f0c       ?setMaximumSize@QWidget@@UAEXHH@Z 00411f0c f   qt-mt323:qt-mt323.dll
 0001:00010f12       ?setMenuBar@QLayout@@UAEXPAVQMenuBar@@@Z 00411f12 f   qt-mt323:qt-mt323.dll
 0001:00010f18       ?setMicroFocusHint@QWidget@@MAEXHHHH_NPAVQFont@@@Z 00411f18 f   qt-mt323:qt-mt323.dll
 0001:00010f1e       ?setMidLineWidth@QFrame@@UAEXH@Z 00411f1e f   qt-mt323:qt-mt323.dll
 0001:00010f24       ?setMinimumSize@QWidget@@UAEXHH@Z 00411f24 f   qt-mt323:qt-mt323.dll
 0001:00010f2a       ?setMouseTracking@QWidget@@UAEX_N@Z 00411f2a f   qt-mt323:qt-mt323.dll
 0001:00010f30       ?setMovie@QLabel@@UAEXABVQMovie@@@Z 00411f30 f   qt-mt323:qt-mt323.dll
 0001:00010f36       ?setNum@QLabel@@UAEXH@Z    00411f36 f   qt-mt323:qt-mt323.dll
 0001:00010f3c       ?setNum@QLabel@@UAEXN@Z    00411f3c f   qt-mt323:qt-mt323.dll
 0001:00010f42       ?setOn@QPushButton@@UAEX_N@Z 00411f42 f   qt-mt323:qt-mt323.dll
 0001:00010f48       ?setPalette@QWidget@@UAEXABVQPalette@@@Z 00411f48 f   qt-mt323:qt-mt323.dll
 0001:00010f4e       ?setPaletteBackgroundColor@QWidget@@UAEXABVQColor@@@Z 00411f4e f   qt-mt323:qt-mt323.dll
 0001:00010f54       ?setPaletteBackgroundPixmap@QWidget@@UAEXABVQPixmap@@@Z 00411f54 f   qt-mt323:qt-mt323.dll
 0001:00010f5a       ?setPicture@QLabel@@UAEXABVQPicture@@@Z 00411f5a f   qt-mt323:qt-mt323.dll
 0001:00010f60       ?setPixmap@QButton@@UAEXABVQPixmap@@@Z 00411f60 f   qt-mt323:qt-mt323.dll
 0001:00010f66       ?setPixmap@QLabel@@UAEXABVQPixmap@@@Z 00411f66 f   qt-mt323:qt-mt323.dll
 0001:00010f6c       ?setPrefix@QSpinBox@@UAEXABVQString@@@Z 00411f6c f   qt-mt323:qt-mt323.dll
 0001:00010f72       ?setResolution@QPaintDevice@@UAEXH@Z 00411f72 f   qt-mt323:qt-mt323.dll
 0001:00010f78       ?setSizeIncrement@QWidget@@UAEXHH@Z 00411f78 f   qt-mt323:qt-mt323.dll
 0001:00010f7e       ?setSizePolicy@QWidget@@UAEXVQSizePolicy@@@Z 00411f7e f   qt-mt323:qt-mt323.dll
 0001:00010f84       ?setSpacing@QLayout@@UAEXH@Z 00411f84 f   qt-mt323:qt-mt323.dll
 0001:00010f8a       ?setSpecialValueText@QSpinBox@@UAEXABVQString@@@Z 00411f8a f   qt-mt323:qt-mt323.dll
 0001:00010f90       ?setState@QButton@@MAEXW4ToggleState@1@@Z 00411f90 f   qt-mt323:qt-mt323.dll
 0001:00010f96       ?setSuffix@QSpinBox@@UAEXABVQString@@@Z 00411f96 f   qt-mt323:qt-mt323.dll
 0001:00010f9c       ?setText@QButton@@UAEXABVQString@@@Z 00411f9c f   qt-mt323:qt-mt323.dll
 0001:00010fa2       ?setText@QLabel@@UAEXABVQString@@@Z 00411fa2 f   qt-mt323:qt-mt323.dll
 0001:00010fa8       ?setToggleType@QButton@@MAEXW4ToggleType@1@@Z 00411fa8 f   qt-mt323:qt-mt323.dll
 0001:00010fae       ?setUpdatesEnabled@QWidget@@UAEX_N@Z 00411fae f   qt-mt323:qt-mt323.dll
 0001:00010fb4       ?setValidator@QSpinBox@@UAEXPBVQValidator@@@Z 00411fb4 f   qt-mt323:qt-mt323.dll
 0001:00010fba       ?setValue@QSpinBox@@UAEXH@Z 00411fba f   qt-mt323:qt-mt323.dll
 0001:00010fc0       ?setWFlags@QWidget@@MAEXI@Z 00411fc0 f   qt-mt323:qt-mt323.dll
 0001:00010fc6       ?setWState@QWidget@@MAEXI@Z 00411fc6 f   qt-mt323:qt-mt323.dll
 0001:00010fcc       ?setWrapping@QSpinBox@@UAEX_N@Z 00411fcc f   qt-mt323:qt-mt323.dll
 0001:00010fd2       ?show@QDialog@@UAEXXZ      00411fd2 f   qt-mt323:qt-mt323.dll
 0001:00010fd8       ?show@QWidget@@UAEXXZ      00411fd8 f   qt-mt323:qt-mt323.dll
 0001:00010fde       ?showEvent@QWidget@@MAEXPAVQShowEvent@@@Z 00411fde f   qt-mt323:qt-mt323.dll
 0001:00010fe4       ?showMaximized@QWidget@@UAEXXZ 00411fe4 f   qt-mt323:qt-mt323.dll
 0001:00010fea       ?showMinimized@QWidget@@UAEXXZ 00411fea f   qt-mt323:qt-mt323.dll
 0001:00010ff0       ?showNormal@QWidget@@UAEXXZ 00411ff0 f   qt-mt323:qt-mt323.dll
 0001:00010ff6       ?sizeHint@QBoxLayout@@UBE?AVQSize@@XZ 00411ff6 f   qt-mt323:qt-mt323.dll
 0001:00010ffc       ?sizeHint@QCheckBox@@UBE?AVQSize@@XZ 00411ffc f   qt-mt323:qt-mt323.dll
 0001:00011002       ?sizeHint@QDialog@@UBE?AVQSize@@XZ 00412002 f   qt-mt323:qt-mt323.dll
 0001:00011008       ?sizeHint@QLabel@@UBE?AVQSize@@XZ 00412008 f   qt-mt323:qt-mt323.dll
 0001:0001100e       ?sizeHint@QPushButton@@UBE?AVQSize@@XZ 0041200e f   qt-mt323:qt-mt323.dll
 0001:00011014       ?sizeHint@QSpacerItem@@UBE?AVQSize@@XZ 00412014 f   qt-mt323:qt-mt323.dll
 0001:0001101a       ?sizeHint@QSpinBox@@UBE?AVQSize@@XZ 0041201a f   qt-mt323:qt-mt323.dll
 0001:00011020       ?sizePolicy@QWidget@@UBE?AVQSizePolicy@@XZ 00412020 f   qt-mt323:qt-mt323.dll
 0001:00011026       ?spacerItem@QLayoutItem@@UAEPAVQSpacerItem@@XZ 00412026 f   qt-mt323:qt-mt323.dll
 0001:0001102c       ?spacerItem@QSpacerItem@@UAEPAV1@XZ 0041202c f   qt-mt323:qt-mt323.dll
 0001:00011032       ?stepChange@QRangeControl@@MAEXXZ 00412032 f   qt-mt323:qt-mt323.dll
 0001:00011038       ?stepDown@QSpinBox@@UAEXXZ 00412038 f   qt-mt323:qt-mt323.dll
 0001:0001103e       ?stepUp@QSpinBox@@UAEXXZ   0041203e f   qt-mt323:qt-mt323.dll
 0001:00011044       ?styleChange@QFrame@@MAEXAAVQStyle@@@Z 00412044 f   qt-mt323:qt-mt323.dll
 0001:0001104a       ?styleChange@QSpinBox@@MAEXAAVQStyle@@@Z 0041204a f   qt-mt323:qt-mt323.dll
 0001:00011050       ?styleChange@QWidget@@MAEXAAVQStyle@@@Z 00412050 f   qt-mt323:qt-mt323.dll
 0001:00011056       ?suffix@QSpinBox@@UBE?AVQString@@XZ 00412056 f   qt-mt323:qt-mt323.dll
 0001:0001105c       ?tabletEvent@QWidget@@MAEXPAVQTabletEvent@@@Z 0041205c f   qt-mt323:qt-mt323.dll
 0001:00011062       ?unsetCursor@QWidget@@UAEXXZ 00412062 f   qt-mt323:qt-mt323.dll
 0001:00011068       ?updateDisplay@QSpinBox@@MAEXXZ 00412068 f   qt-mt323:qt-mt323.dll
 0001:0001106e       ?updateMask@QCheckBox@@MAEXXZ 0041206e f   qt-mt323:qt-mt323.dll
 0001:00011074       ?updateMask@QPushButton@@MAEXXZ 00412074 f   qt-mt323:qt-mt323.dll
 0001:0001107a       ?updateMask@QWidget@@MAEXXZ 0041207a f   qt-mt323:qt-mt323.dll
 0001:00011080       ?valueChange@QSpinBox@@MAEXXZ 00412080 f   qt-mt323:qt-mt323.dll
 0001:00011086       ?wheelEvent@QSpinBox@@MAEXPAVQWheelEvent@@@Z 00412086 f   qt-mt323:qt-mt323.dll
 0001:0001108c       ?wheelEvent@QWidget@@MAEXPAVQWheelEvent@@@Z 0041208c f   qt-mt323:qt-mt323.dll
 0001:00011092       ?widget@QLayoutItem@@UAEPAVQWidget@@XZ 00412092 f   qt-mt323:qt-mt323.dll
 0001:00011098       ?winEvent@QWidget@@MAE_NPAUtagMSG@@@Z 00412098 f   qt-mt323:qt-mt323.dll
 0001:0001109e       ?windowActivationChange@QWidget@@MAEX_N@Z 0041209e f   qt-mt323:qt-mt323.dll
 0001:000110a4       ??4QString@@QAEAAV0@ABV0@@Z 004120a4 f   qt-mt323:qt-mt323.dll
 0001:000110aa       ?upper@QChar@@QBE?AV1@XZ   004120aa f   qt-mt323:qt-mt323.dll
 0001:000110b0       ?remove@QString@@QAEAAV1@II@Z 004120b0 f   qt-mt323:qt-mt323.dll
 0001:000110b6       ?at@QString@@QBE?AVQChar@@I@Z 004120b6 f   qt-mt323:qt-mt323.dll
 0001:000110bc       ??0QColor@@QAE@PBD@Z       004120bc f   qt-mt323:qt-mt323.dll
 0001:000110c2       ??0QColorGroup@@QAE@ABV0@@Z 004120c2 f   qt-mt323:qt-mt323.dll
 0001:000110c8       ??1QColorGroup@@QAE@XZ     004120c8 f   qt-mt323:qt-mt323.dll
 0001:000110ce       ?setColor@QColorGroup@@QAEXW4ColorRole@1@ABVQColor@@@Z 004120ce f   qt-mt323:qt-mt323.dll
 0001:000110d4       ??0QListViewItem@@QAE@PAVQListView@@@Z 004120d4 f   qt-mt323:qt-mt323.dll
 0001:000110da       ??1QListViewItem@@UAE@XZ   004120da f   qt-mt323:qt-mt323.dll
 0001:000110e0       ?setText@QListViewItem@@UAEXHABVQString@@@Z 004120e0 f   qt-mt323:qt-mt323.dll
 0001:000110e6       ?paintCell@QListViewItem@@UAEXPAVQPainter@@ABVQColorGroup@@HHH@Z 004120e6 f   qt-mt323:qt-mt323.dll
 0001:000110ec       ?toString@QDateTime@@QBE?AVQString@@ABV2@@Z 004120ec f   qt-mt323:qt-mt323.dll
 0001:000110f2       ??MQDateTime@@QBE_NABV0@@Z 004120f2 f   qt-mt323:qt-mt323.dll
 0001:000110f8       ??OQDateTime@@QBE_NABV0@@Z 004120f8 f   qt-mt323:qt-mt323.dll
 0001:000110fe       ?currentDateTime@QDateTime@@SA?AV1@XZ 004120fe f   qt-mt323:qt-mt323.dll
 0001:00011104       ?fromString@QDateTime@@SA?AV1@ABVQString@@W4DateFormat@Qt@@@Z 00412104 f   qt-mt323:qt-mt323.dll
 0001:0001110a       ?acceptDrop@QListViewItem@@UBE_NPBVQMimeSource@@@Z 0041210a f   qt-mt323:qt-mt323.dll
 0001:00011110       ?activate@QListViewItem@@MAEXXZ 00412110 f   qt-mt323:qt-mt323.dll
 0001:00011116       ?cancelRename@QListViewItem@@MAEXH@Z 00412116 f   qt-mt323:qt-mt323.dll
 0001:0001111c       ?dragEntered@QListViewItem@@MAEXXZ 0041211c f   qt-mt323:qt-mt323.dll
 0001:00011122       ?dragLeft@QListViewItem@@MAEXXZ 00412122 f   qt-mt323:qt-mt323.dll
 0001:00011128       ?dropped@QListViewItem@@MAEXPAVQDropEvent@@@Z 00412128 f   qt-mt323:qt-mt323.dll
 0001:0001112e       ?enforceSortOrder@QListViewItem@@MBEXXZ 0041212e f   qt-mt323:qt-mt323.dll
 0001:00011134       ?insertItem@QListViewItem@@UAEXPAV1@@Z 00412134 f   qt-mt323:qt-mt323.dll
 0001:0001113a       ?invalidateHeight@QListViewItem@@UAEXXZ 0041213a f   qt-mt323:qt-mt323.dll
 0001:00011140       ?key@QListViewItem@@UBE?AVQString@@H_N@Z 00412140 f   qt-mt323:qt-mt323.dll
 0001:00011146       ?okRename@QListViewItem@@MAEXH@Z 00412146 f   qt-mt323:qt-mt323.dll
 0001:0001114c       ?paintBranches@QListViewItem@@UAEXPAVQPainter@@ABVQColorGroup@@HHH@Z 0041214c f   qt-mt323:qt-mt323.dll
 0001:00011152       ?paintFocus@QListViewItem@@UAEXPAVQPainter@@ABVQColorGroup@@ABVQRect@@@Z 00412152 f   qt-mt323:qt-mt323.dll
 0001:00011158       ?pixmap@QListViewItem@@UBEPBVQPixmap@@H@Z 00412158 f   qt-mt323:qt-mt323.dll
 0001:0001115e       ?removeItem@QListViewItem@@UAEXPAV1@@Z 0041215e f   qt-mt323:qt-mt323.dll
 0001:00011164       ?setDragEnabled@QListViewItem@@UAEX_N@Z 00412164 f   qt-mt323:qt-mt323.dll
 0001:0001116a       ?setDropEnabled@QListViewItem@@UAEX_N@Z 0041216a f   qt-mt323:qt-mt323.dll
 0001:00011170       ?setEnabled@QListViewItem@@UAEX_N@Z 00412170 f   qt-mt323:qt-mt323.dll
 0001:00011176       ?setExpandable@QListViewItem@@UAEX_N@Z 00412176 f   qt-mt323:qt-mt323.dll
 0001:0001117c       ?setHeight@QListViewItem@@MAEXH@Z 0041217c f   qt-mt323:qt-mt323.dll
 0001:00011182       ?setMultiLinesEnabled@QListViewItem@@UAEX_N@Z 00412182 f   qt-mt323:qt-mt323.dll
 0001:00011188       ?setOpen@QListViewItem@@UAEX_N@Z 00412188 f   qt-mt323:qt-mt323.dll
 0001:0001118e       ?setPixmap@QListViewItem@@UAEXHABVQPixmap@@@Z 0041218e f   qt-mt323:qt-mt323.dll
 0001:00011194       ?setRenameEnabled@QListViewItem@@UAEXH_N@Z 00412194 f   qt-mt323:qt-mt323.dll
 0001:0001119a       ?setSelectable@QListViewItem@@UAEX_N@Z 0041219a f   qt-mt323:qt-mt323.dll
 0001:000111a0       ?setSelected@QListViewItem@@UAEX_N@Z 004121a0 f   qt-mt323:qt-mt323.dll
 0001:000111a6       ?setup@QListViewItem@@UAEXXZ 004121a6 f   qt-mt323:qt-mt323.dll
 0001:000111ac       ?sort@QListViewItem@@UAEXXZ 004121ac f   qt-mt323:qt-mt323.dll
 0001:000111b2       ?sortChildItems@QListViewItem@@UAEXH_N@Z 004121b2 f   qt-mt323:qt-mt323.dll
 0001:000111b8       ?startRename@QListViewItem@@UAEXH@Z 004121b8 f   qt-mt323:qt-mt323.dll
 0001:000111be       ?takeItem@QListViewItem@@UAEXPAV1@@Z 004121be f   qt-mt323:qt-mt323.dll
 0001:000111c4       ?text@QListViewItem@@UBE?AVQString@@H@Z 004121c4 f   qt-mt323:qt-mt323.dll
 0001:000111ca       ?width@QListViewItem@@UBEHABVQFontMetrics@@PBVQListView@@H@Z 004121ca f   qt-mt323:qt-mt323.dll
 0001:000111d0       ?sprintf@QString@@QAAAAV1@PBDZZ 004121d0 f   qt-mt323:qt-mt323.dll
 0001:000111d6       ?find@QString@@QBEHABV1@H_N@Z 004121d6 f   qt-mt323:qt-mt323.dll
 0001:000111dc       ?contains@QString@@QBEHPBD_N@Z 004121dc f   qt-mt323:qt-mt323.dll
 0001:000111e2       ?right@QString@@QBE?AV1@I@Z 004121e2 f   qt-mt323:qt-mt323.dll
 0001:000111e8       ?fromAscii@QString@@SA?AV1@PBDH@Z 004121e8 f   qt-mt323:qt-mt323.dll
 0001:000111ee       ??9@YA_NABVQString@@PBD@Z  004121ee f   qt-mt323:qt-mt323.dll
 0001:000111f4       ??8@YA_NABVQString@@PBD@Z  004121f4 f   qt-mt323:qt-mt323.dll
 0001:000111fa       ?rebalance@QMapPrivateBase@@QAEXPAUQMapNodeBase@@AAPAU2@@Z 004121fa f   qt-mt323:qt-mt323.dll
 0001:00011200       ?repaint@QWidget@@QAEX_N@Z 00412200 f   qt-mt323:qt-mt323.dll
 0001:00011206       ??4QDomNode@@QAEAAV0@ABV0@@Z 00412206 f   qt-mt323:qt-mt323.dll
 0001:0001120c       ??1QDomNode@@UAE@XZ        0041220c f   qt-mt323:qt-mt323.dll
 0001:00011212       ?nextSibling@QDomNode@@UBE?AV1@XZ 00412212 f   qt-mt323:qt-mt323.dll
 0001:00011218       ?isNull@QDomNode@@QBE_NXZ  00412218 f   qt-mt323:qt-mt323.dll
 0001:0001121e       ?toElement@QDomNode@@QAE?AVQDomElement@@XZ 0041221e f   qt-mt323:qt-mt323.dll
 0001:00011224       ??0QDomDocument@@QAE@XZ    00412224 f   qt-mt323:qt-mt323.dll
 0001:0001122a       ??1QDomDocument@@UAE@XZ    0041222a f   qt-mt323:qt-mt323.dll
 0001:00011230       ?documentElement@QDomDocument@@QBE?AVQDomElement@@XZ 00412230 f   qt-mt323:qt-mt323.dll
 0001:00011236       ?setContent@QDomDocument@@QAE_NPAVQIODevice@@PAVQString@@PAH2@Z 00412236 f   qt-mt323:qt-mt323.dll
 0001:0001123c       ??1QDomElement@@UAE@XZ     0041223c f   qt-mt323:qt-mt323.dll
 0001:00011242       ?attribute@QDomElement@@QBE?AVQString@@ABV2@0@Z 00412242 f   qt-mt323:qt-mt323.dll
 0001:00011248       ?tagName@QDomElement@@QBE?AVQString@@XZ 00412248 f   qt-mt323:qt-mt323.dll
 0001:0001124e       ??0QFile@@QAE@ABVQString@@@Z 0041224e f   qt-mt323:qt-mt323.dll
[...]
 0004:00000e24       __imp_?setHScrollBarMode@QScrollView@@UAEXW4ScrollBarMode@1@@Z 00427e24     qt-mt323:qt-mt323.dll
 0004:00000e28       __imp_?setItemMargin@QListView@@UAEXH@Z 00427e28     qt-mt323:qt-mt323.dll
 0004:00000e2c       __imp_?setMargins@QScrollView@@MAEXHHHH@Z 00427e2c     qt-mt323:qt-mt323.dll
 0004:00000e30       __imp_?setMaxLength@QLineEdit@@UAEXH@Z 00427e30     qt-mt323:qt-mt323.dll
 0004:00000e34       __imp_?setMultiSelection@QListView@@UAEX_N@Z 00427e34     qt-mt323:qt-mt323.dll
 0004:00000e38       __imp_?setOpen@QListView@@UAEXPAVQListViewItem@@_N@Z 00427e38     qt-mt323:qt-mt323.dll
 0004:00000e3c       __imp_?setPalette@QLineEdit@@UAEXABVQPalette@@@Z 00427e3c     qt-mt323:qt-mt323.dll
 0004:00000e40       __imp_?setPalette@QListView@@UAEXABVQPalette@@@Z 00427e40     qt-mt323:qt-mt323.dll
 0004:00000e44       __imp_?setReadOnly@QLineEdit@@UAEX_N@Z 00427e44     qt-mt323:qt-mt323.dll
 0004:00000e48       __imp_?setResizeMode@QListView@@UAEXW4ResizeMode@1@@Z 00427e48     qt-mt323:qt-mt323.dll
 0004:00000e4c       __imp_?setResizePolicy@QScrollView@@UAEXW4ResizePolicy@1@@Z 00427e4c     qt-mt323:qt-mt323.dll
 0004:00000e50       __imp_?setRootIsDecorated@QListView@@UAEX_N@Z 00427e50     qt-mt323:qt-mt323.dll
 0004:00000e54       __imp_?setSelected@QListView@@UAEXPAVQListViewItem@@_N@Z 00427e54     qt-mt323:qt-mt323.dll
 0004:00000e58       __imp_?setSelection@QLineEdit@@UAEXHH@Z 00427e58     qt-mt323:qt-mt323.dll
 0004:00000e5c       __imp_?setShowSortIndicator@QListView@@UAEX_N@Z 00427e5c     qt-mt323:qt-mt323.dll
 0004:00000e60       __imp_?setShowToolTips@QListView@@UAEX_N@Z 00427e60     qt-mt323:qt-mt323.dll
 0004:00000e64       __imp_?setSorting@QListView@@UAEXH_N@Z 00427e64     qt-mt323:qt-mt323.dll
 0004:00000e68       __imp_?setText@QLineEdit@@UAEXABVQString@@@Z 00427e68     qt-mt323:qt-mt323.dll
 0004:00000e6c       __imp_?setTitle@QGroupBox@@UAEXABVQString@@@Z 00427e6c     qt-mt323:qt-mt323.dll
 0004:00000e70       __imp_?setTreeStepSize@QListView@@UAEXH@Z 00427e70     qt-mt323:qt-mt323.dll
 0004:00000e74       __imp_?setVBarGeometry@QScrollView@@MAEXAAVQScrollBar@@HHHH@Z 00427e74     qt-mt323:qt-mt323.dll
 0004:00000e78       __imp_?setVScrollBarMode@QScrollView@@UAEXW4ScrollBarMode@1@@Z 00427e78     qt-mt323:qt-mt323.dll
 0004:00000e7c       __imp_?setValidator@QLineEdit@@UAEXPBVQValidator@@@Z 00427e7c     qt-mt323:qt-mt323.dll
 0004:00000e80       __imp_?show@QListView@@UAEXXZ 00427e80     qt-mt323:qt-mt323.dll
 0004:00000e84       __imp_?showEvent@QListView@@MAEXPAVQShowEvent@@@Z 00427e84     qt-mt323:qt-mt323.dll
 0004:00000e88       __imp_?sizeHint@QGroupBox@@UBE?AVQSize@@XZ 00427e88     qt-mt323:qt-mt323.dll
 0004:00000e8c       __imp_?sizeHint@QLineEdit@@UBE?AVQSize@@XZ 00427e8c     qt-mt323:qt-mt323.dll
 0004:00000e90       __imp_?sizeHint@QListView@@UBE?AVQSize@@XZ 00427e90     qt-mt323:qt-mt323.dll
 0004:00000e94       __imp_?sizeHint@QWidget@@UBE?AVQSize@@XZ 00427e94     qt-mt323:qt-mt323.dll
 0004:00000e98       __imp_?sort@QListView@@UAEXXZ 00427e98     qt-mt323:qt-mt323.dll
 0004:00000e9c       __imp_?startDrag@QListView@@MAEXXZ 00427e9c     qt-mt323:qt-mt323.dll
 0004:00000ea0       __imp_?styleChange@QListView@@MAEXAAVQStyle@@@Z 00427ea0     qt-mt323:qt-mt323.dll
 0004:00000ea4       __imp_?takeItem@QListView@@UAEXPAVQListViewItem@@@Z 00427ea4     qt-mt323:qt-mt323.dll
 0004:00000ea8       __imp_?undo@QLineEdit@@UAEXXZ 00427ea8     qt-mt323:qt-mt323.dll
 0004:00000eac       __imp_?viewportContextMenuEvent@QScrollView@@MAEXPAVQContextMenuEvent@@@Z 00427eac     qt-mt323:qt-mt323.dll
 0004:00000eb0       __imp_?viewportDragEnterEvent@QScrollView@@MAEXPAVQDragEnterEvent@@@Z 00427eb0     qt-mt323:qt-mt323.dll
 0004:00000eb4       __imp_?viewportDragLeaveEvent@QScrollView@@MAEXPAVQDragLeaveEvent@@@Z 00427eb4     qt-mt323:qt-mt323.dll
 0004:00000eb8       __imp_?viewportDragMoveEvent@QScrollView@@MAEXPAVQDragMoveEvent@@@Z 00427eb8     qt-mt323:qt-mt323.dll
 0004:00000ebc       __imp_?viewportDropEvent@QScrollView@@MAEXPAVQDropEvent@@@Z 00427ebc     qt-mt323:qt-mt323.dll
 0004:00000ec0       __imp_?viewportMouseDoubleClickEvent@QScrollView@@MAEXPAVQMouseEvent@@@Z 00427ec0     qt-mt323:qt-mt323.dll
 0004:00000ec4       __imp_?viewportMouseMoveEvent@QScrollView@@MAEXPAVQMouseEvent@@@Z 00427ec4     qt-mt323:qt-mt323.dll
 0004:00000ec8       __imp_?viewportMousePressEvent@QScrollView@@MAEXPAVQMouseEvent@@@Z 00427ec8     qt-mt323:qt-mt323.dll
 0004:00000ecc       __imp_?viewportMouseReleaseEvent@QScrollView@@MAEXPAVQMouseEvent@@@Z 00427ecc     qt-mt323:qt-mt323.dll
 0004:00000ed0       __imp_?viewportPaintEvent@QScrollView@@MAEXPAVQPaintEvent@@@Z 00427ed0     qt-mt323:qt-mt323.dll
 0004:00000ed4       __imp_?viewportResizeEvent@QListView@@MAEXPAVQResizeEvent@@@Z 00427ed4     qt-mt323:qt-mt323.dll
 0004:00000ed8       __imp_?viewportWheelEvent@QScrollView@@MAEXPAVQWheelEvent@@@Z 00427ed8     qt-mt323:qt-mt323.dll
 0004:00000edc       __imp_?wheelEvent@QScrollView@@MAEXPAVQWheelEvent@@@Z 00427edc     qt-mt323:qt-mt323.dll
 0004:00000ee0       __imp_?windowActivationChange@QLineEdit@@MAEX_N@Z 00427ee0     qt-mt323:qt-mt323.dll
 0004:00000ee4       __imp_?windowActivationChange@QListView@@MAEX_N@Z 00427ee4     qt-mt323:qt-mt323.dll
 0004:00000ee8       __imp_?connect@QSocketDevice@@UAE_NABVQHostAddress@@G@Z 00427ee8     qt-mt323:qt-mt323.dll
 0004:00000eec       __imp_?close@QSocketDevice@@UAEXXZ 00427eec     qt-mt323:qt-mt323.dll
 0004:00000ef0       __imp_?className@QSocketNotifier@@UBEPBDXZ 00427ef0     qt-mt323:qt-mt323.dll
 0004:00000ef4       __imp_?bind@QSocketDevice@@UAE_NABVQHostAddress@@G@Z 00427ef4     qt-mt323:qt-mt323.dll
 0004:00000ef8       __imp_?atEnd@QSocketDevice@@UBE_NXZ 00427ef8     qt-mt323:qt-mt323.dll
 0004:00000efc       __imp_?at@QSocketDevice@@UBEKXZ 00427efc     qt-mt323:qt-mt323.dll
 0004:00000f00       __imp_?at@QSocketDevice@@UAE_NK@Z 00427f00     qt-mt323:qt-mt323.dll
 0004:00000f04       __imp_?accept@QSocketDevice@@UAEHXZ 00427f04     qt-mt323:qt-mt323.dll
 0004:00000f08       __imp_?setTime_t@QDateTime@@QAEXI@Z 00427f08     qt-mt323:qt-mt323.dll
 0004:00000f0c       __imp_??1QStringList@@QAE@XZ 00427f0c     qt-mt323:qt-mt323.dll
 0004:00000f10       __imp_?split@QStringList@@SA?AV1@ABVQString@@0_N@Z 00427f10     qt-mt323:qt-mt323.dll
 0004:00000f14       __imp_??1QSocketNotifier@@UAE@XZ 00427f14     qt-mt323:qt-mt323.dll
 0004:00000f18       __imp_??0QSocketNotifier@@QAE@HW4Type@0@PAVQObject@@PBD@Z 00427f18     qt-mt323:qt-mt323.dll
 0004:00000f1c       __imp_?error@QSocketDevice@@QBE?AW4Error@1@XZ 00427f1c     qt-mt323:qt-mt323.dll
 0004:00000f20       __imp_?peerAddress@QSocketDevice@@QBE?AVQHostAddress@@XZ 00427f20     qt-mt323:qt-mt323.dll
 0004:00000f24       __imp_?socket@QSocketDevice@@QBEHXZ 00427f24     qt-mt323:qt-mt323.dll
 0004:00000f28       __imp_?isValid@QSocketDevice@@QBE_NXZ 00427f28     qt-mt323:qt-mt323.dll
 0004:00000f2c       __imp_??1QSocketDevice@@UAE@XZ 00427f2c     qt-mt323:qt-mt323.dll
 0004:00000f30       __imp_??0QSocketDevice@@QAE@W4Type@0@@Z 00427f30     qt-mt323:qt-mt323.dll
 0004:00000f34       __imp_?toString@QHostAddress@@QBE?AVQString@@XZ 00427f34     qt-mt323:qt-mt323.dll
 0004:00000f38       __imp_?setAddress@QHostAddress@@QAE_NABVQString@@@Z 00427f38     qt-mt323:qt-mt323.dll
 0004:00000f3c       __imp_??1QHostAddress@@UAE@XZ 00427f3c     qt-mt323:qt-mt323.dll
 0004:00000f40       __imp_??0QHostAddress@@QAE@I@Z 00427f40     qt-mt323:qt-mt323.dll
 0004:00000f44       __imp_?setSocket@QSocketDevice@@UAEXHW4Type@1@@Z 00427f44     qt-mt323:qt-mt323.dll
 0004:00000f48       __imp_?setSendBufferSize@QSocketDevice@@UAEXI@Z 00427f48     qt-mt323:qt-mt323.dll
 0004:00000f4c       __imp_?setReceiveBufferSize@QSocketDevice@@UAEXI@Z 00427f4c     qt-mt323:qt-mt323.dll
 0004:00000f50       __imp_?setOption@QSocketDevice@@EAEXW4Option@1@H@Z 00427f50     qt-mt323:qt-mt323.dll
 0004:00000f54       __imp_?setEnabled@QSocketNotifier@@UAEX_N@Z 00427f54     qt-mt323:qt-mt323.dll
 0004:00000f58       __imp_?setBlocking@QSocketDevice@@UAEX_N@Z 00427f58     qt-mt323:qt-mt323.dll
 0004:00000f5c       __imp_?setAddressReusable@QSocketDevice@@UAEX_N@Z 00427f5c     qt-mt323:qt-mt323.dll
 0004:00000f60       __imp_?readLine@QIODevice@@UAEJPADK@Z 00427f60     qt-mt323:qt-mt323.dll
 0004:00000f64       __imp_?readBlock@QSocketDevice@@UAEJPADK@Z 00427f64     qt-mt323:qt-mt323.dll
 0004:00000f68       __imp_?readAll@QIODevice@@UAE?AV?$QMemArray@D@@XZ 00427f68     qt-mt323:qt-mt323.dll
 0004:00000f6c       __imp_?qt_property@QSocketNotifier@@UAE_NHHPAVQVariant@@@Z 00427f6c     qt-mt323:qt-mt323.dll
 0004:00000f70       __imp_?qt_invoke@QSocketNotifier@@UAE_NHPAUQUObject@@@Z 00427f70     qt-mt323:qt-mt323.dll
 0004:00000f74       __imp_?qt_emit@QSocketNotifier@@UAE_NHPAUQUObject@@@Z 00427f74     qt-mt323:qt-mt323.dll
 0004:00000f78       __imp_?qt_cast@QSocketNotifier@@UAEPAXPBD@Z 00427f78     qt-mt323:qt-mt323.dll
 0004:00000f7c       __imp_?putch@QSocketDevice@@UAEHH@Z 00427f7c     qt-mt323:qt-mt323.dll
 0004:00000f80       __imp_??0QHostAddress@@QAE@XZ 00427f80     qt-mt323:qt-mt323.dll
 0004:00000f84       __imp_?connect@QObject@@SA_NPBV1@PBD01@Z 00427f84     qt-mt323:qt-mt323.dll
 0004:00000f88       __imp_??A?$QValueList@VQString@@@@QAEAAVQString@@I@Z 00427f88     qt-mt323:qt-mt323.dll
 0004:00000f8c       __imp_?reset@QIODevice@@QAE_NXZ 00427f8c     qt-mt323:qt-mt323.dll
 0004:00000f90       __imp_?toUInt@QString@@QBEIPA_NH@Z 00427f90     qt-mt323:qt-mt323.dll
 0004:00000f94       __imp_?toInt@QString@@QBEHPA_NH@Z 00427f94     qt-mt323:qt-mt323.dll
 0004:00000f98       __imp_?qApp@@3PAVQApplication@@A 00427f98     qt-mt323:qt-mt323.dll
 0004:00000f9c       __imp_?translate@QApplication@@QBE?AVQString@@PBD00W4Encoding@1@@Z 00427f9c     qt-mt323:qt-mt323.dll
 0004:00000fa0       __imp_?setMetaObject@QMetaObjectCleanUp@@QAEXAAPAVQMetaObject@@@Z 00427fa0     qt-mt323:qt-mt323.dll
 0004:00000fa4       __imp_??1QMetaObjectCleanUp@@QAE@XZ 00427fa4     qt-mt323:qt-mt323.dll
 0004:00000fa8       __imp_??0QMetaObjectCleanUp@@QAE@PBDP6APAVQMetaObject@@XZ@Z 00427fa8     qt-mt323:qt-mt323.dll
 0004:00000fac       __imp_?new_metaobject@QMetaObject@@SAPAV1@PBDPAV1@QBUQMetaData@@H2HQBVQMetaProperty@@HQBUQMetaEnum@@HQBUQClassInfo@@H@Z 00427fac     qt-mt323:qt-mt323.dll
 0004:00000fb0       __imp_?staticMetaObject@QDialog@@SAPAVQMetaObject@@XZ 00427fb0     qt-mt323:qt-mt323.dll
 0004:00000fb4       __imp_?qt_property@QDialog@@UAE_NHHPAVQVariant@@@Z 00427fb4     qt-mt323:qt-mt323.dll
 0004:00000fb8       __imp_?qt_emit@QDialog@@UAE_NHPAUQUObject@@@Z 00427fb8     qt-mt323:qt-mt323.dll
 0004:00000fbc       __imp_?qt_invoke@QDialog@@UAE_NHPAUQUObject@@@Z 00427fbc     qt-mt323:qt-mt323.dll
 0004:00000fc0       __imp_?qt_cast@QDialog@@UAEPAXPBD@Z 00427fc0     qt-mt323:qt-mt323.dll
 0004:00000fc4       __imp_?fromUtf8@QString@@SA?AV1@PBDH@Z 00427fc4     qt-mt323:qt-mt323.dll
 0004:00000fc8       __imp_?fromLatin1@QString@@SA?AV1@PBDH@Z 00427fc8     qt-mt323:qt-mt323.dll
 0004:00000fcc       __imp_?show@QMainWindow@@UAEXXZ 00427fcc     qt-mt323:qt-mt323.dll
 0004:00000fd0       __imp_?information@QMessageBox@@SAHPAVQWidget@@ABVQString@@1HHH@Z 00427fd0     qt-mt323:qt-mt323.dll
 0004:00000fd4       __imp_?exec@QApplication@@QAEHXZ 00427fd4     qt-mt323:qt-mt323.dll
 0004:00000fd8       __imp_?setMainWidget@QApplication@@UAEXPAVQWidget@@@Z 00427fd8     qt-mt323:qt-mt323.dll
 0004:00000fdc       __imp_?setProperty@QObject@@UAE_NPBDABVQVariant@@@Z 00427fdc     qt-mt323:qt-mt323.dll
 0004:00000fe0       __imp_?setName@QObject@@UAEXPBD@Z 00427fe0     qt-mt323:qt-mt323.dll
 0004:00000fe4       __imp_?removeChild@QObject@@UAEXPAV1@@Z 00427fe4     qt-mt323:qt-mt323.dll
 0004:00000fe8       __imp_?property@QObject@@UBE?AVQVariant@@PBD@Z 00427fe8     qt-mt323:qt-mt323.dll
 0004:00000fec       __imp_?insertChild@QObject@@UAEXPAV1@@Z 00427fec     qt-mt323:qt-mt323.dll
 0004:00000ff0       __imp_?eventFilter@QObject@@UAE_NPAV1@PAVQEvent@@@Z 00427ff0     qt-mt323:qt-mt323.dll
 0004:00000ff4       __imp_?event@QObject@@UAE_NPAVQEvent@@@Z 00427ff4     qt-mt323:qt-mt323.dll
 0004:00000ff8       __imp_?disconnectNotify@QObject@@MAEXPBD@Z 00427ff8     qt-mt323:qt-mt323.dll
 0004:00000ffc       __imp_?customEvent@QObject@@MAEXPAVQCustomEvent@@@Z 00427ffc     qt-mt323:qt-mt323.dll
 0004:00001000       __imp_?connectNotify@QObject@@MAEXPBD@Z 00428000     qt-mt323:qt-mt323.dll
 0004:00001004       __imp_?childEvent@QObject@@MAEXPAVQChildEvent@@@Z 00428004     qt-mt323:qt-mt323.dll
 0004:00001008       __imp_?checkConnectArgs@QObject@@MAE_NPBDPBV1@0@Z 00428008     qt-mt323:qt-mt323.dll
 0004:0000100c       __imp_?toString@QDateTime@@QBE?AVQString@@W4DateFormat@Qt@@@Z 0042800c     qt-mt323:qt-mt323.dll
 0004:00001010       __imp_?killTimer@QObject@@QAEXH@Z 00428010     qt-mt323:qt-mt323.dll
 0004:00001014       __imp_?startTimer@QObject@@QAEHH@Z 00428014     qt-mt323:qt-mt323.dll
 0004:00001018       __imp_??1QObject@@UAE@XZ   00428018     qt-mt323:qt-mt323.dll
 0004:0000101c       __imp_??0QObject@@QAE@PAV0@PBD@Z 0042801c     qt-mt323:qt-mt323.dll
 0004:00001020       __imp_??H@YA?BVQString@@PBDABV0@@Z 00428020     qt-mt323:qt-mt323.dll
 0004:00001024       __imp_??H@YA?BVQString@@ABV0@PBD@Z 00428024     qt-mt323:qt-mt323.dll
 0004:00001028       __imp_??H@YA?BVQString@@ABV0@0@Z 00428028     qt-mt323:qt-mt323.dll
 0004:0000102c       __imp_?latin1@QString@@QBEPBDXZ 0042802c     qt-mt323:qt-mt323.dll
 0004:00001030       __imp_?ascii@QString@@QBEPBDXZ 00428030     qt-mt323:qt-mt323.dll
 0004:00001034       __imp_??YQString@@QAEAAV0@PBD@Z 00428034     qt-mt323:qt-mt323.dll
 0004:00001038       __imp_??YQString@@QAEAAV0@ABV0@@Z 00428038     qt-mt323:qt-mt323.dll
 0004:0000103c       __imp_?number@QString@@SA?AV1@IH@Z 0042803c     qt-mt323:qt-mt323.dll
 0004:00001040       __imp_?number@QString@@SA?AV1@HH@Z 00428040     qt-mt323:qt-mt323.dll
 0004:00001044       __imp_?replace@QString@@QAEAAV1@VQChar@@0@Z 00428044     qt-mt323:qt-mt323.dll
 0004:00001048       __imp_?arg@QString@@QBE?AV1@IHH@Z 00428048     qt-mt323:qt-mt323.dll
 0004:0000104c       __imp_?open@QSocketDevice@@UAE_NH@Z 0042804c     qt-mt323:qt-mt323.dll
 0004:00001050       __imp_?metaObject@QSocketNotifier@@UBEPAVQMetaObject@@XZ 00428050     qt-mt323:qt-mt323.dll
 0004:00001054       __imp_?listen@QSocketDevice@@UAE_NH@Z 00428054     qt-mt323:qt-mt323.dll
 0004:00001058       __imp_?getch@QSocketDevice@@UAEHXZ 00428058     qt-mt323:qt-mt323.dll
 0004:0000105c       __imp_?raise@QWidget@@QAEXXZ 0042805c     qt-mt323:qt-mt323.dll
 0004:00001060       __imp_??0QApplication@@QAE@AAHPAPADW4Type@0@@Z 00428060     qt-mt323:qt-mt323.dll
 0004:00001064       __imp_??1QApplication@@UAE@XZ 00428064     qt-mt323:qt-mt323.dll
 0004:00001068       __imp_?commitData@QApplication@@UAEXAAVQSessionManager@@@Z 00428068     qt-mt323:qt-mt323.dll
 0004:0000106c       __imp_?event@QApplication@@MAE_NPAVQEvent@@@Z 0042806c     qt-mt323:qt-mt323.dll
 0004:00001070       __imp_?notify@QApplication@@UAE_NPAVQObject@@PAVQEvent@@@Z 00428070     qt-mt323:qt-mt323.dll
 0004:00001074       __imp_?polish@QApplication@@UAEXPAVQWidget@@@Z 00428074     qt-mt323:qt-mt323.dll
 0004:00001078       __imp_?saveState@QApplication@@UAEXAAVQSessionManager@@@Z 00428078     qt-mt323:qt-mt323.dll
 0004:0000107c       __imp_?main_widget@QApplication@@0PAVQWidget@@A 0042807c     qt-mt323:qt-mt323.dll
 0004:00001080       __imp_??1QCString@@UAE@XZ  00428080     qt-mt323:qt-mt323.dll
 0004:00001084       __imp_?local8Bit@QString@@QBE?AVQCString@@XZ 00428084     qt-mt323:qt-mt323.dll
 0004:00001088       __imp_?fromUcs2@QString@@SA?AV1@PBG@Z 00428088     qt-mt323:qt-mt323.dll
 0004:0000108c       __imp_?ucs2@QString@@QBEPBGXZ 0042808c     qt-mt323:qt-mt323.dll
 0004:00001090       __imp_?winEventFilter@QApplication@@UAE_NPAUtagMSG@@@Z 00428090     qt-mt323:qt-mt323.dll
 0004:00001094       __imp_?activate_signal@QObject@@IAEXHVQString@@@Z 00428094     qt-mt323:qt-mt323.dll
 0004:00001098       __imp_?qt_cast@QApplication@@UAEPAXPBD@Z 00428098     qt-mt323:qt-mt323.dll
 0004:0000109c       __imp_?qt_invoke@QApplication@@UAE_NHPAUQUObject@@@Z 0042809c     qt-mt323:qt-mt323.dll
 0004:000010a0       __imp_?qt_emit@QApplication@@UAE_NHPAUQUObject@@@Z 004280a0     qt-mt323:qt-mt323.dll
 0004:000010a4       __imp_?qt_property@QApplication@@UAE_NHHPAVQVariant@@@Z 004280a4     qt-mt323:qt-mt323.dll
 0004:000010a8       __imp_?staticMetaObject@QApplication@@SAPAVQMetaObject@@XZ 004280a8     qt-mt323:qt-mt323.dll
 0004:000010ac       __imp_?set@QUType_bool@@QAEXPAUQUObject@@_N@Z 004280ac     qt-mt323:qt-mt323.dll
 0004:000010b0       __imp_?static_QUType_bool@@3UQUType_bool@@A 004280b0     qt-mt323:qt-mt323.dll
 0004:000010b4       __imp_?static_QUType_QString@@3UQUType_QString@@A 004280b4     qt-mt323:qt-mt323.dll
 0004:000010b8       __imp_?arg@QString@@QBE?AV1@HHH@Z 004280b8     qt-mt323:qt-mt323.dll
 0004:000010bc       __imp_??4QString@@QAEAAV0@PBD@Z 004280bc     qt-mt323:qt-mt323.dll
 0004:000010c0       __imp_??1QString@@QAE@XZ   004280c0     qt-mt323:qt-mt323.dll
 0004:000010c4       __imp_??0QString@@QAE@PBD@Z 004280c4     qt-mt323:qt-mt323.dll
 0004:000010c8       __imp_??0QString@@QAE@ABV0@@Z 004280c8     qt-mt323:qt-mt323.dll
 0004:000010cc       __imp_??0QString@@QAE@XZ   004280cc     qt-mt323:qt-mt323.dll
 0004:000010d0       __imp_?qDebug@@YAXPBDZZ    004280d0     qt-mt323:qt-mt323.dll
 0004:000010d4       __imp_?focusOutEvent@QMenuBar@@MAEXPAVQFocusEvent@@@Z 004280d4     qt-mt323:qt-mt323.dll
 0004:000010d8       __imp_?flush@QSocketDevice@@UAEXXZ 004280d8     qt-mt323:qt-mt323.dll
 0004:000010dc       __imp_?about@QMessageBox@@SAXPAVQWidget@@ABVQString@@1@Z 004280dc     qt-mt323:qt-mt323.dll
 0004:000010e0       __imp_?deleteData@QGArray@@MAEXPAUarray_data@1@@Z 004280e0     qt-mt323:qt-mt323.dll
 0004:000010e4       __imp_?newData@QGArray@@MAEPAUarray_data@1@XZ 004280e4     qt-mt323:qt-mt323.dll
 0004:000010e8       __imp_??1QGArray@@MAE@XZ   004280e8     qt-mt323:qt-mt323.dll
 0004:000010ec       __imp_?qWinMain@@YAXPAUHINSTANCE__@@0PADHAAHAAV?$QMemArray@PAD@@@Z 004280ec     qt-mt323:qt-mt323.dll
 0004:000010f0       __imp_??0QGArray@@IAE@H@Z  004280f0     qt-mt323:qt-mt323.dll
 0004:000010f4       __imp_?duplicate@QGArray@@IAEAAV1@ABV1@@Z 004280f4     qt-mt323:qt-mt323.dll
 0004:000010f8       __imp_??_7?$QMemArray@H@@6B@ 004280f8     qt-mt323:qt-mt323.dll
 0004:000010fc       __imp_??_7?$QMemArray@_N@@6B@ 004280fc     qt-mt323:qt-mt323.dll
 0004:00001100       __imp_??_7?$QMemArray@D@@6B@ 00428100     qt-mt323:qt-mt323.dll
 0004:00001104       __imp_??_7?$QMemArray@VQPoint@@@@6B@ 00428104     qt-mt323:qt-mt323.dll
 0004:00001108       __imp_??1QGList@@MAE@XZ    00428108     qt-mt323:qt-mt323.dll
 0004:0000110c       __imp_?clear@QGList@@MAEXXZ 0042810c     qt-mt323:qt-mt323.dll
 0004:00001110       __imp_??_7?$QPtrList@D@@6B@ 00428110     qt-mt323:qt-mt323.dll
 0004:00001114       __imp_??_7?$QPtrList@VQObject@@@@6B@ 00428114     qt-mt323:qt-mt323.dll
 0004:00001118       __imp_??_7?$QPtrList@VQWidget@@@@6B@ 00428118     qt-mt323:qt-mt323.dll
 0004:0000111c       \177qt-mt323_NULL_THUNK_DATA 0042811c     qt-mt323:qt-mt323.dll
 0004:00001414       __IMPORT_DESCRIPTOR_BNCSIF32 00428414     bncsif32:BNCSIF32.dll
 0004:00001428       __IMPORT_DESCRIPTOR_WSOCK32 00428428     wsock32:WSOCK32.dll
 0004:0000143c       __IMPORT_DESCRIPTOR_qt-mt323 0042843c     qt-mt323:qt-mt323.dll
 0004:00001450       __IMPORT_DESCRIPTOR_KERNEL32 00428450     kernel32:KERNEL32.dll
 0004:00001464       __IMPORT_DESCRIPTOR_USER32 00428464     user32:USER32.dll
 0004:00001478       __IMPORT_DESCRIPTOR_GDI32  00428478     gdi32:GDI32.dll
 0004:0000148c       __IMPORT_DESCRIPTOR_MSVCR120 0042848c     MSVCRT:MSVCR120.dll
 0004:000014a0       __IMPORT_DESCRIPTOR_VERSION 004284a0     version:VERSION.dll
 0004:000014b4       __NULL_IMPORT_DESCRIPTOR   004284b4     bncsif32:BNCSIF32.dll
